a ag ae ah af ai = ah n i i k v ai g
b ag ah aj ai ae af = ag
c ag ae aj ai af ah = t
d ae ah af ag = ag
e ae ah ag af = m q l
f ah aj af ag ae ai = z g u y p ah n ac
g ae = z (x p ab)
h ah af ae ag = f o s t (ac ad (ab p)) ah v
i af ai ag ae ah = g w aa h
j af ai ae ag ah = y
k ag ae af = ag af a u
l ae af ag = ac t ab (j a)
m ag af ae = ae
n ah ae af ag = i v aa e a m w k h
o ae = g e q l
p ae af ai ag ah = e aa
q ae af ag = g (s ab (e j)) o
r ah af ag ai ae = z ah (ad z w) n h aa j
s ag af ah ae = aa (f v) r
t ae = a y n s r k (aa (v s ac))
u ae af = o (ae r (s i l w r af))
v af ae = f r z ab d
w ah ae ag af ai = q j m (g x e b)
x ae ag af ai ah = o f p d af o (ab g)
y af ae ag = ab (aa s f ae)
z af ah ag ai aj ae = j (j ah) (m (q q o a e))
aa af ae ah ag = af v ae p z c r
ab = o j b a aa a y
ac ah ae ag af = h u (y t)
ad ae = q (k (x j ae f) (z j y))
main = A i (B z c (z (w d x y h (q (s (C q m (D (j e) E u e ad j e (F G (H x k y q z ab) aa k k e (I J s o (x b (l b d t v aa f y) d a l l m z (r x b) K L ac u v (M c c) f q (N O (P f c o p (p b (Q (v s z ab ad m y e k p q) x u f u e))) R S d)))))))))))
------------------------------------------------------------
A i (B z c (z (w d x y h (q (s (C q m (D (j e) E u e ad j e (F G (H x k y q z ab) aa k k e (I J s o (x b (l b d t v aa f y) d a l l m z (r x b) K L ac u v (M c c) f q (N O (P f c o p (p b (Q (v s z ab ad m y e k p q) x u f u e))) R S d)))))))))))
A i (B z c (z (q j m (g x e b))))
A i (B z c (z (g (s ab (e j)) o)))
A i (B z c (z (z (x p ab) o)))


