a ag ah aj ai af ae = l
b ag ah af ae = ad n c m ae a
c af ag ae ah = o (e i ae)
d aj ai ah af ag ae = e u ac
e af ae = y p
f ae = aa j
g aj af ah ag ae ai = p af o c ag ac
h ah ae ag af = w ac v
i ae ag af ah = ab c ah ae (f b) k (y e)
j ae = a ab ae
k ae af = ae d m
l af ae = ab c u ac
m ae = ac
n ag ai aj ah af ae = v
o af ae = af y x c y ae ab (n l)
p ai ah aj ag af ae = ac ad af u z j k b z
q = s n b
r ae af = ae
s ah ag af ae ai = n o l r ad
t ae af = p j a a
u ae = n ae
v ai ah af ae ag = o ah t aa (q b w t)
w ae af = l s
x ag ah ae af = f
y = ad l (h (j ad i) j ac) aa
z af ae = b af u (aa m af ae)
aa ae = c
ab ae af = d (ae ae f ad) (t ae ae) r
ac = i j g x h ab
ad ag af ae ah = q
main = y p o A v B aa o (j f C (D i (a k ab)) E v (a a (F h m) w y w (G j H ac (q g k ac)) i b y (I (x q J (p (K L M N s) aa a r)) (s (O y) (u (b l (ab (P a Q y)) (t R S f n v) f x t e s) z r h n (T z (s i g i c y v U (q z aa) v m y aa) ac) b) g d b V b))))
------------------------------------------------------------
y p o A v B aa o (j f C (D i (a k ab)) E v (a a (F h m) w y w (G j H ac (q g k ac)) i b y (I (x q J (p (K L M N s) aa a r)) (s (O y) (u (b l (ab (P a Q y)) (t R S f n v) f x t e s) z r h n (T z (s i g i c y v U (q z aa) v m y aa) ac) b) g d b V b))))
ad l (h (j ad i) j ac) aa p o A v B aa o (j f C (D i (a k ab)) E v (a a (F h m) w y w (G j H ac (q g k ac)) i b y (I (x q J (p (K L M N s) aa a r)) (s (O y) (u (b l (ab (P a Q y)) (t R S f n v) f x t e s) z r h n (T z (s i g i c y v U (q z aa) v m y aa) ac) b) g d b V b))))
q o A v B aa o (j f C (D i (a k ab)) E v (a a (F h m) w y w (G j H ac (q g k ac)) i b y (I (x q J (p (K L M N s) aa a r)) (s (O y) (u (b l (ab (P a Q y)) (t R S f n v) f x t e s) z r h n (T z (s i g i c y v U (q z aa) v m y aa) ac) b) g d b V b))))
s n b o A v B aa o (j f C (D i (a k ab)) E v (a a (F h m) w y w (G j H ac (q g k ac)) i b y (I (x q J (p (K L M N s) aa a r)) (s (O y) (u (b l (ab (P a Q y)) (t R S f n v) f x t e s) z r h n (T z (s i g i c y v U (q z aa) v m y aa) ac) b) g d b V b))))
n o l r ad B aa o (j f C (D i (a k ab)) E v (a a (F h m) w y w (G j H ac (q g k ac)) i b y (I (x q J (p (K L M N s) aa a r)) (s (O y) (u (b l (ab (P a Q y)) (t R S f n v) f x t e s) z r h n (T z (s i g i c y v U (q z aa) v m y aa) ac) b) g d b V b))))
v o (j f C (D i (a k ab)) E v (a a (F h m) w y w (G j H ac (q g k ac)) i b y (I (x q J (p (K L M N s) aa a r)) (s (O y) (u (b l (ab (P a Q y)) (t R S f n v) f x t e s) z r h n (T z (s i g i c y v U (q z aa) v m y aa) ac) b) g d b V b))))
v o (a ab f C (D i (a k ab)) E v (a a (F h m) w y w (G j H ac (q g k ac)) i b y (I (x q J (p (K L M N s) aa a r)) (s (O y) (u (b l (ab (P a Q y)) (t R S f n v) f x t e s) z r h n (T z (s i g i c y v U (q z aa) v m y aa) ac) b) g d b V b))))
v o (l (a a (F h m) w y w (G j H ac (q g k ac)) i b y (I (x q J (p (K L M N s) aa a r)) (s (O y) (u (b l (ab (P a Q y)) (t R S f n v) f x t e s) z r h n (T z (s i g i c y v U (q z aa) v m y aa) ac) b) g d b V b))))
v o (l (l i b y (I (x q J (p (K L M N s) aa a r)) (s (O y) (u (b l (ab (P a Q y)) (t R S f n v) f x t e s) z r h n (T z (s i g i c y v U (q z aa) v m y aa) ac) b) g d b V b))))
v o (l (ab c u ac y (I (x q J (p (K L M N s) aa a r)) (s (O y) (u (b l (ab (P a Q y)) (t R S f n v) f x t e s) z r h n (T z (s i g i c y v U (q z aa) v m y aa) ac) b) g d b V b))))
v o (l (d (c c f ad) (t c c) r ac y (I (x q J (p (K L M N s) aa a r)) (s (O y) (u (b l (ab (P a Q y)) (t R S f n v) f x t e s) z r h n (T z (s i g i c y v U (q z aa) v m y aa) ac) b) g d b V b))))
v o (l (e u ac))
v o (l (y p))
v o (l (ad l (h (j ad i) j ac) aa p))
v o (l q)


