a ae = ac ae
b ae af ah ag = u ah t n p y u (g y k)
c af ah ae ag = ag
d ae af = af p k (af f)
e ae ah af ai ag = ag x t w c s (ai m a t)
f = g
g ah ae ag af = v aa h ae u k a n f
h ag ai af ah ae = ad (ah af v)
i ae af = r b d ac t k ab ac (t ae)
j ae = c y s ae (p ae)
k = l
l ae = f k v (ab p) (h c)
m ae af = af k ae g x g p (z ae ac)
n ah af ae ag = a
o af ag ah ae = ah
p af ag ae = z (ae ae (af ab ad))
q af ag ae ah = af (i af ah ag) ad m
r ae = p j j (ae q ae)
s af ai aj ah ae ag = ac p q aj z v p w
t af ag ae ah = ae ac ac (l m) v b (aa m) g
u ae = i ad (h o)
v ae = f m ae
w = u k
x = w
y af ae ag = ae
z ah ae ag af = x u m (ab o) p p (i j)
aa af ae ag = z af t ac m ac ac k
ab af ae ag ah = h d (p o d) n ae j s
ac ag af ah ae = ag (i g u)
ad af ai ah ag ae = ag ag w t r z l v d
main = i ad (r v aa) ad s f A g (r (x f (q k r B (C y (j z) a) (d q x (u (j p ac (s (r s (D l (E e (w u y) r (x a k ac c (p t r F a aa) l f (m c m G ab a (g x z (H aa) c u r (r ab (y a aa t (j I J c s) K b n q u L z e ac) e h t h M N i i) j a O)))) s) c))))))))
------------------------------------------------------------
i ad (r v aa) ad s f A g (r (x f (q k r B (C y (j z) a) (d q x (u (j p ac (s (r s (D l (E e (w u y) r (x a k ac c (p t r F a aa) l f (m c m G ab a (g x z (H aa) c u r (r ab (y a aa t (j I J c s) K b n q u L z e ac) e h t h M N i i) j a O)))) s) c))))))))
r b d ac t k ab ac (t ad) ad s f A g (r (x f (q k r B (C y (j z) a) (d q x (u (j p ac (s (r s (D l (E e (w u y) r (x a k ac c (p t r F a aa) l f (m c m G ab a (g x z (H aa) c u r (r ab (y a aa t (j I J c s) K b n q u L z e ac) e h t h M N i i) j a O)))) s) c))))))))
p j j (b q b) d ac t k ab ac (t ad) ad s f A g (r (x f (q k r B (C y (j z) a) (d q x (u (j p ac (s (r s (D l (E e (w u y) r (x a k ac c (p t r F a aa) l f (m c m G ab a (g x z (H aa) c u r (r ab (y a aa t (j I J c s) K b n q u L z e ac) e h t h M N i i) j a O)))) s) c))))))))
z (b q b (b q b) (j ab ad)) d ac t k ab ac (t ad) ad s f A g (r (x f (q k r B (C y (j z) a) (d q x (u (j p ac (s (r s (D l (E e (w u y) r (x a k ac c (p t r F a aa) l f (m c m G ab a (g x z (H aa) c u r (r ab (y a aa t (j I J c s) K b n q u L z e ac) e h t h M N i i) j a O)))) s) c))))))))
x u m (ab o) p p (i j) k ab ac (t ad) ad s f A g (r (x f (q k r B (C y (j z) a) (d q x (u (j p ac (s (r s (D l (E e (w u y) r (x a k ac c (p t r F a aa) l f (m c m G ab a (g x z (H aa) c u r (r ab (y a aa t (j I J c s) K b n q u L z e ac) e h t h M N i i) j a O)))) s) c))))))))
w u m (ab o) p p (i j) k ab ac (t ad) ad s f A g (r (x f (q k r B (C y (j z) a) (d q x (u (j p ac (s (r s (D l (E e (w u y) r (x a k ac c (p t r F a aa) l f (m c m G ab a (g x z (H aa) c u r (r ab (y a aa t (j I J c s) K b n q u L z e ac) e h t h M N i i) j a O)))) s) c))))))))
u k u m (ab o) p p (i j) k ab ac (t ad) ad s f A g (r (x f (q k r B (C y (j z) a) (d q x (u (j p ac (s (r s (D l (E e (w u y) r (x a k ac c (p t r F a aa) l f (m c m G ab a (g x z (H aa) c u r (r ab (y a aa t (j I J c s) K b n q u L z e ac) e h t h M N i i) j a O)))) s) c))))))))
i ad (h o) u m (ab o) p p (i j) k ab ac (t ad) ad s f A g (r (x f (q k r B (C y (j z) a) (d q x (u (j p ac (s (r s (D l (E e (w u y) r (x a k ac c (p t r F a aa) l f (m c m G ab a (g x z (H aa) c u r (r ab (y a aa t (j I J c s) K b n q u L z e ac) e h t h M N i i) j a O)))) s) c))))))))
r b d ac t k ab ac (t ad) u m (ab o) p p (i j) k ab ac (t ad) ad s f A g (r (x f (q k r B (C y (j z) a) (d q x (u (j p ac (s (r s (D l (E e (w u y) r (x a k ac c (p t r F a aa) l f (m c m G ab a (g x z (H aa) c u r (r ab (y a aa t (j I J c s) K b n q u L z e ac) e h t h M N i i) j a O)))) s) c))))))))
p j j (b q b) d ac t k ab ac (t ad) u m (ab o) p p (i j) k ab ac (t ad) ad s f A g (r (x f (q k r B (C y (j z) a) (d q x (u (j p ac (s (r s (D l (E e (w u y) r (x a k ac c (p t r F a aa) l f (m c m G ab a (g x z (H aa) c u r (r ab (y a aa t (j I J c s) K b n q u L z e ac) e h t h M N i i) j a O)))) s) c))))))))
z (b q b (b q b) (j ab ad)) d ac t k ab ac (t ad) u m (ab o) p p (i j) k ab ac (t ad) ad s f A g (r (x f (q k r B (C y (j z) a) (d q x (u (j p ac (s (r s (D l (E e (w u y) r (x a k ac c (p t r F a aa) l f (m c m G ab a (g x z (H aa) c u r (r ab (y a aa t (j I J c s) K b n q u L z e ac) e h t h M N i i) j a O)))) s) c))))))))
x u m (ab o) p p (i j) k ab ac (t ad) u m (ab o) p p (i j) k ab ac (t ad) ad s f A g (r (x f (q k r B (C y (j z) a) (d q x (u (j p ac (s (r s (D l (E e (w u y) r (x a k ac c (p t r F a aa) l f (m c m G ab a (g x z (H aa) c u r (r ab (y a aa t (j I J c s) K b n q u L z e ac) e h t h M N i i) j a O)))) s) c))))))))
w u m (ab o) p p (i j) k ab ac (t ad) u m (ab o) p p (i j) k ab ac (t ad) ad s f A g (r (x f (q k r B (C y (j z) a) (d q x (u (j p ac (s (r s (D l (E e (w u y) r (x a k ac c (p t r F a aa) l f (m c m G ab a (g x z (H aa) c u r (r ab (y a aa t (j I J c s) K b n q u L z e ac) e h t h M N i i) j a O)))) s) c))))))))
u k u m (ab o) p p (i j) k ab ac (t ad) u m (ab o) p p (i j) k ab ac (t ad) ad s f A g (r (x f (q k r B (C y (j z) a) (d q x (u (j p ac (s (r s (D l (E e (w u y) r (x a k ac c (p t r F a aa) l f (m c m G ab a (g x z (H aa) c u r (r ab (y a aa t (j I J c s) K b n q u L z e ac) e h t h M N i i) j a O)))) s) c))))))))
i ad (h o) u m (ab o) p p (i j) k ab ac (t ad) u m (ab o) p p (i j) k ab ac (t ad) ad s f A g (r (x f (q k r B (C y (j z) a) (d q x (u (j p ac (s (r s (D l (E e (w u y) r (x a k ac c (p t r F a aa) l f (m c m G ab a (g x z (H aa) c u r (r ab (y a aa t (j I J c s) K b n q u L z e ac) e h t h M N i i) j a O)))) s) c))))))))
r b d ac t k ab ac (t ad) u m (ab o) p p (i j) k ab ac (t ad) u m (ab o) p p (i j) k ab ac (t ad) ad s f A g (r (x f (q k r B (C y (j z) a) (d q x (u (j p ac (s (r s (D l (E e (w u y) r (x a k ac c (p t r F a aa) l f (m c m G ab a (g x z (H aa) c u r (r ab (y a aa t (j I J c s) K b n q u L z e ac) e h t h M N i i) j a O)))) s) c))))))))
p j j (b q b) d ac t k ab ac (t ad) u m (ab o) p p (i j) k ab ac (t ad) u m (ab o) p p (i j) k ab ac (t ad) ad s f A g (r (x f (q k r B (C y (j z) a) (d q x (u (j p ac (s (r s (D l (E e (w u y) r (x a k ac c (p t r F a aa) l f (m c m G ab a (g x z (H aa) c u r (r ab (y a aa t (j I J c s) K b n q u L z e ac) e h t h M N i i) j a O)))) s) c))))))))
z (b q b (b q b) (j ab ad)) d ac t k ab ac (t ad) u m (ab o) p p (i j) k ab ac (t ad) u m (ab o) p p (i j) k ab ac (t ad) ad s f A g (r (x f (q k r B (C y (j z) a) (d q x (u (j p ac (s (r s (D l (E e (w u y) r (x a k ac c (p t r F a aa) l f (m c m G ab a (g x z (H aa) c u r (r ab (y a aa t (j I J c s) K b n q u L z e ac) e h t h M N i i) j a O)))) s) c))))))))
x u m (ab o) p p (i j) k ab ac (t ad) u m (ab o) p p (i j) k ab ac (t ad) u m (ab o) p p (i j) k ab ac (t ad) ad s f A g (r (x f (q k r B (C y (j z) a) (d q x (u (j p ac (s (r s (D l (E e (w u y) r (x a k ac c (p t r F a aa) l f (m c m G ab a (g x z (H aa) c u r (r ab (y a aa t (j I J c s) K b n q u L z e ac) e h t h M N i i) j a O)))) s) c))))))))
w u m (ab o) p p (i j) k ab ac (t ad) u m (ab o) p p (i j) k ab ac (t ad) u m (ab o) p p (i j) k ab ac (t ad) ad s f A g (r (x f (q k r B (C y (j z) a) (d q x (u (j p ac (s (r s (D l (E e (w u y) r (x a k ac c (p t r F a aa) l f (m c m G ab a (g x z (H aa) c u r (r ab (y a aa t (j I J c s) K b n q u L z e ac) e h t h M N i i) j a O)))) s) c))))))))
u k u m (ab o) p p (i j) k ab ac (t ad) u m (ab o) p p (i j) k ab ac (t ad) u m (ab o) p p (i j) k ab ac (t ad) ad s f A g (r (x f (q k r B (C y (j z) a) (d q x (u (j p ac (s (r s (D l (E e (w u y) r (x a k ac c (p t r F a aa) l f (m c m G ab a (g x z (H aa) c u r (r ab (y a aa t (j I J c s) K b n q u L z e ac) e h t h M N i i) j a O)))) s) c))))))))
i ad (h o) u m (ab o) p p (i j) k ab ac (t ad) u m (ab o) p p (i j) k ab ac (t ad) u m (ab o) p p (i j) k ab ac (t ad) ad s f A g (r (x f (q k r B (C y (j z) a) (d q x (u (j p ac (s (r s (D l (E e (w u y) r (x a k ac c (p t r F a aa) l f (m c m G ab a (g x z (H aa) c u r (r ab (y a aa t (j I J c s) K b n q u L z e ac) e h t h M N i i) j a O)))) s) c))))))))
r b d ac t k ab ac (t ad) u m (ab o) p p (i j) k ab ac (t ad) u m (ab o) p p (i j) k ab ac (t ad) u m (ab o) p p (i j) k ab ac (t ad) ad s f A g (r (x f (q k r B (C y (j z) a) (d q x (u (j p ac (s (r s (D l (E e (w u y) r (x a k ac c (p t r F a aa) l f (m c m G ab a (g x z (H aa) c u r (r ab (y a aa t (j I J c s) K b n q u L z e ac) e h t h M N i i) j a O)))) s) c))))))))
p j j (b q b) d ac t k ab ac (t ad) u m (ab o) p p (i j) k ab ac (t ad) u m (ab o) p p (i j) k ab ac (t ad) u m (ab o) p p (i j) k ab ac (t ad) ad s f A g (r (x f (q k r B (C y (j z) a) (d q x (u (j p ac (s (r s (D l (E e (w u y) r (x a k ac c (p t r F a aa) l f (m c m G ab a (g x z (H aa) c u r (r ab (y a aa t (j I J c s) K b n q u L z e ac) e h t h M N i i) j a O)))) s) c))))))))
z (b q b (b q b) (j ab ad)) d ac t k ab ac (t ad) u m (ab o) p p (i j) k ab ac (t ad) u m (ab o) p p (i j) k ab ac (t ad) u m (ab o) p p (i j) k ab ac (t ad) ad s f A g (r (x f (q k r B (C y (j z) a) (d q x (u (j p ac (s (r s (D l (E e (w u y) r (x a k ac c (p t r F a aa) l f (m c m G ab a (g x z (H aa) c u r (r ab (y a aa t (j I J c s) K b n q u L z e ac) e h t h M N i i) j a O)))) s) c))))))))
x u m (ab o) p p (i j) k ab ac (t ad) u m (ab o) p p (i j) k ab ac (t ad) u m (ab o) p p (i j) k ab ac (t ad) u m (ab o) p p (i j) k ab ac (t ad) ad s f A g (r (x f (q k r B (C y (j z) a) (d q x (u (j p ac (s (r s (D l (E e (w u y) r (x a k ac c (p t r F a aa) l f (m c m G ab a (g x z (H aa) c u r (r ab (y a aa t (j I J c s) K b n q u L z e ac) e h t h M N i i) j a O)))) s) c))))))))
w u m (ab o) p p (i j) k ab ac (t ad) u m (ab o) p p (i j) k ab ac (t ad) u m (ab o) p p (i j) k ab ac (t ad) u m (ab o) p p (i j) k ab ac (t ad) ad s f A g (r (x f (q k r B (C y (j z) a) (d q x (u (j p ac (s (r s (D l (E e (w u y) r (x a k ac c (p t r F a aa) l f (m c m G ab a (g x z (H aa) c u r (r ab (y a aa t (j I J c s) K b n q u L z e ac) e h t h M N i i) j a O)))) s) c))))))))
u k u m (ab o) p p (i j) k ab ac (t ad) u m (ab o) p p (i j) k ab ac (t ad) u m (ab o) p p (i j) k ab ac (t ad) u m (ab o) p p (i j) k ab ac (t ad) ad s f A g (r (x f (q k r B (C y (j z) a) (d q x (u (j p ac (s (r s (D l (E e (w u y) r (x a k ac c (p t r F a aa) l f (m c m G ab a (g x z (H aa) c u r (r ab (y a aa t (j I J c s) K b n q u L z e ac) e h t h M N i i) j a O)))) s) c))))))))
i ad (h o) u m (ab o) p p (i j) k ab ac (t ad) u m (ab o) p p (i j) k ab ac (t ad) u m (ab o) p p (i j) k ab ac (t ad) u m (ab o) p p (i j) k ab ac (t ad) ad s f A g (r (x f (q k r B (C y (j z) a) (d q x (u (j p ac (s (r s (D l (E e (w u y) r (x a k ac c (p t r F a aa) l f (m c m G ab a (g x z (H aa) c u r (r ab (y a aa t (j I J c s) K b n q u L z e ac) e h t h M N i i) j a O)))) s) c))))))))
r b d ac t k ab ac (t ad) u m (ab o) p p (i j) k ab ac (t ad) u m (ab o) p p (i j) k ab ac (t ad) u m (ab o) p p (i j) k ab ac (t ad) u m (ab o) p p (i j) k ab ac (t ad) ad s f A g (r (x f (q k r B (C y (j z) a) (d q x (u (j p ac (s (r s (D l (E e (w u y) r (x a k ac c (p t r F a aa) l f (m c m G ab a (g x z (H aa) c u r (r ab (y a aa t (j I J c s) K b n q u L z e ac) e h t h M N i i) j a O)))) s) c))))))))


