a ae ai af ag ah aj = ag
b ae = h (k (ae u g h t w aa h))
c af ag ae = ad
d ae = z
e = y
f = t s (h g b)
g ae = ad (ad s ae) t
h ag af ae ah = e
i ag ae ai ah af = k
j ae = e i (a a n ae h)
k af ag ae = ae ag s q w ad (ag s f aa)
l aj ag ai ah af ae = u p g ai r
m ae ah ag af = ah (o j (l e y))
n ag ae af = g c g m ae r m k aa
o ae ah ai aj af ag = v
p ae af ag = g c
q ag af ae = z ag m w u h w ae
r = k (h z b n n f k x)
s ai ae ah ag af = b u ab
t ai aj ae ag af ah = h a k ah x n d ai y
u af ah ae ag = p ah ae o
v ae = y ae c
w ag af ae = d a o ac v
x ag ae af = k (h k o)
y ae af ag = u
z af ae = ae f (a (l m) g y s u) u
aa ag ae ah af = ag ag ad q d k
ab af ah ae ag ai aj = v v x
ac = q i f m l n h v j
ad ag aj ai ae ah af = v y ab (h ab) j
main = A n ab l (B n C a D r (E F G o i j c H) I (J K L x m)) M r m (t j z t) (a y) a y r j N (O P (Q R S f) T p ac U z b (V x) ab W t f a) n (h X Y (o b g Z i f p) AA j a (p g) AB z) o AC aa x ad e aa q (AD AE i (n j l) m) AF j AG n (AH d AI) ad AJ u
------------------------------------------------------------
A n ab l (B n C a D r (E F G o i j c H) I (J K L x m)) M r m (t j z t) (a y) a y r j N (O P (Q R S f) T p ac U z b (V x) ab W t f a) n (h X Y (o b g Z i f p) AA j a (p g) AB z) o AC aa x ad e aa q (AD AE i (n j l) m) AF j AG n (AH d AI) ad AJ u
A n ab l (B n C a D (k (h z b n n f k x)) (E F G o i j c H) I (J K L x m)) M r m (t j z t) (a y) a y r j N (O P (Q R S f) T p ac U z b (V x) ab W t f a) n (h X Y (o b g Z i f p) AA j a (p g) AB z) o AC aa x ad e aa q (AD AE i (n j l) m) AF j AG n (AH d AI) ad AJ u
A n ab l (B n C a D (k (e f k x)) (E F G o i j c H) I (J K L x m)) M r m (t j z t) (a y) a y r j N (O P (Q R S f) T p ac U z b (V x) ab W t f a) n (h X Y (o b g Z i f p) AA j a (p g) AB z) o AC aa x ad e aa q (AD AE i (n j l) m) AF j AG n (AH d AI) ad AJ u
A n ab l (B n C a D (k (y f k x)) (E F G o i j c H) I (J K L x m)) M r m (t j z t) (a y) a y r j N (O P (Q R S f) T p ac U z b (V x) ab W t f a) n (h X Y (o b g Z i f p) AA j a (p g) AB z) o AC aa x ad e aa q (AD AE i (n j l) m) AF j AG n (AH d AI) ad AJ u
A n ab l (B n C a D (k u) (E F G o i j c H) I (J K L x m)) M r m (t j z t) (a y) a y r j N (O P (Q R S f) T p ac U z b (V x) ab W t f a) n (h X Y (o b g Z i f p) AA j a (p g) AB z) o AC aa x ad e aa q (AD AE i (n j l) m) AF j AG n (AH d AI) ad AJ u
A n ab l (B n C a D (k u) (E F G o i j c H) I (J K L x m)) M (k (h z b n n f k x)) m (t j z t) (a y) a y r j N (O P (Q R S f) T p ac U z b (V x) ab W t f a) n (h X Y (o b g Z i f p) AA j a (p g) AB z) o AC aa x ad e aa q (AD AE i (n j l) m) AF j AG n (AH d AI) ad AJ u
A n ab l (B n C a D (k u) (E F G o i j c H) I (J K L x m)) M (k (e f k x)) m (t j z t) (a y) a y r j N (O P (Q R S f) T p ac U z b (V x) ab W t f a) n (h X Y (o b g Z i f p) AA j a (p g) AB z) o AC aa x ad e aa q (AD AE i (n j l) m) AF j AG n (AH d AI) ad AJ u
A n ab l (B n C a D (k u) (E F G o i j c H) I (J K L x m)) M (k (y f k x)) m (t j z t) (a y) a y r j N (O P (Q R S f) T p ac U z b (V x) ab W t f a) n (h X Y (o b g Z i f p) AA j a (p g) AB z) o AC aa x ad e aa q (AD AE i (n j l) m) AF j AG n (AH d AI) ad AJ u
A n ab l (B n C a D (k u) (E F G o i j c H) I (J K L x m)) M (k u) m (t j z t) (a y) a y r j N (O P (Q R S f) T p ac U z b (V x) ab W t f a) n (h X Y (o b g Z i f p) AA j a (p g) AB z) o AC aa x ad e aa q (AD AE i (n j l) m) AF j AG n (AH d AI) ad AJ u
A n ab l (B n C a D (k u) (E F G o i j c H) I (J K L x m)) M (k u) m (t j z t) (a y) a y (k (h z b n n f k x)) j N (O P (Q R S f) T p ac U z b (V x) ab W t f a) n (h X Y (o b g Z i f p) AA j a (p g) AB z) o AC aa x ad e aa q (AD AE i (n j l) m) AF j AG n (AH d AI) ad AJ u
A n ab l (B n C a D (k u) (E F G o i j c H) I (J K L x m)) M (k u) m (t j z t) (a y) a y (k (e f k x)) j N (O P (Q R S f) T p ac U z b (V x) ab W t f a) n (h X Y (o b g Z i f p) AA j a (p g) AB z) o AC aa x ad e aa q (AD AE i (n j l) m) AF j AG n (AH d AI) ad AJ u
A n ab l (B n C a D (k u) (E F G o i j c H) I (J K L x m)) M (k u) m (t j z t) (a y) a y (k (y f k x)) j N (O P (Q R S f) T p ac U z b (V x) ab W t f a) n (h X Y (o b g Z i f p) AA j a (p g) AB z) o AC aa x ad e aa q (AD AE i (n j l) m) AF j AG n (AH d AI) ad AJ u
A n ab l (B n C a D (k u) (E F G o i j c H) I (J K L x m)) M (k u) m (t j z t) (a y) a y (k u) j N (O P (Q R S f) T p ac U z b (V x) ab W t f a) n (h X Y (o b g Z i f p) AA j a (p g) AB z) o AC aa x ad e aa q (AD AE i (n j l) m) AF j AG n (AH d AI) ad AJ u
A n ab l (B n C a D (k u) (E F G o i j c H) I (J K L x m)) M (k u) m (t j z t) (a y) a y (k u) j N (O P (Q R S (t s (h g b))) T p ac U z b (V x) ab W t f a) n (h X Y (o b g Z i f p) AA j a (p g) AB z) o AC aa x ad e aa q (AD AE i (n j l) m) AF j AG n (AH d AI) ad AJ u
A n ab l (B n C a D (k u) (E F G o i j c H) I (J K L x m)) M (k u) m (t j z t) (a y) a y (k u) j N (O P (Q R S (t s (h g b))) T p (q i f m l n h v j) U z b (V x) ab W t f a) n (h X Y (o b g Z i f p) AA j a (p g) AB z) o AC aa x ad e aa q (AD AE i (n j l) m) AF j AG n (AH d AI) ad AJ u
A n ab l (B n C a D (k u) (E F G o i j c H) I (J K L x m)) M (k u) m (t j z t) (a y) a y (k u) j N (O P (Q R S (t s (h g b))) T p (z i m w u h w m l n h v j) U z b (V x) ab W t f a) n (h X Y (o b g Z i f p) AA j a (p g) AB z) o AC aa x ad e aa q (AD AE i (n j l) m) AF j AG n (AH d AI) ad AJ u
A n ab l (B n C a D (k u) (E F G o i j c H) I (J K L x m)) M (k u) m (t j z t) (a y) a y (k u) j N (O P (Q R S (t s (h g b))) T p (m f (a (l m) g y s u) u w u h w m l n h v j) U z b (V x) ab W t f a) n (h X Y (o b g Z i f p) AA j a (p g) AB z) o AC aa x ad e aa q (AD AE i (n j l) m) AF j AG n (AH d AI) ad AJ u
A n ab l (B n C a D (k u) (E F G o i j c H) I (J K L x m)) M (k u) m (t j z t) (a y) a y (k u) j N (O P (Q R S (t s (h g b))) T p (a (l m) g y s u (o j (l e y)) u h w m l n h v j) U z b (V x) ab W t f a) n (h X Y (o b g Z i f p) AA j a (p g) AB z) o AC aa x ad e aa q (AD AE i (n j l) m) AF j AG n (AH d AI) ad AJ u
A n ab l (B n C a D (k u) (E F G o i j c H) I (J K L x m)) M (k u) m (t j z t) (a y) a y (k u) j N (O P (Q R S (t s (h g b))) T p (s u h w m l n h v j) U z b (V x) ab W t f a) n (h X Y (o b g Z i f p) AA j a (p g) AB z) o AC aa x ad e aa q (AD AE i (n j l) m) AF j AG n (AH d AI) ad AJ u
A n ab l (B n C a D (k u) (E F G o i j c H) I (J K L x m)) M (k u) m (t j z t) (a y) a y (k u) j N (O P (Q R S (t s (h g b))) T p (b u ab n h v j) U z b (V x) ab W t f a) n (h X Y (o b g Z i f p) AA j a (p g) AB z) o AC aa x ad e aa q (AD AE i (n j l) m) AF j AG n (AH d AI) ad AJ u
A n ab l (B n C a D (k u) (E F G o i j c H) I (J K L x m)) M (k u) m (t j z t) (a y) a y (k u) j N (O P (Q R S (t s (h g b))) T p (h (k (u u g h t w aa h)) ab n h v j) U z b (V x) ab W t f a) n (h X Y (o b g Z i f p) AA j a (p g) AB z) o AC aa x ad e aa q (AD AE i (n j l) m) AF j AG n (AH d AI) ad AJ u
A n ab l (B n C a D (k u) (E F G o i j c H) I (J K L x m)) M (k u) m (t j z t) (a y) a y (k u) j N (O P (Q R S (t s (h g b))) T p (e v j) U z b (V x) ab W t f a) n (h X Y (o b g Z i f p) AA j a (p g) AB z) o AC aa x ad e aa q (AD AE i (n j l) m) AF j AG n (AH d AI) ad AJ u
A n ab l (B n C a D (k u) (E F G o i j c H) I (J K L x m)) M (k u) m (t j z t) (a y) a y (k u) j N (O P (Q R S (t s (h g b))) T p (y v j) U z b (V x) ab W t f a) n (h X Y (o b g Z i f p) AA j a (p g) AB z) o AC aa x ad e aa q (AD AE i (n j l) m) AF j AG n (AH d AI) ad AJ u
A n ab l (B n C a D (k u) (E F G o i j c H) I (J K L x m)) M (k u) m (t j z t) (a y) a y (k u) j N (O P (Q R S (t s (h g b))) T p (y v j) U z b (V x) ab W t (t s (h g b)) a) n (h X Y (o b g Z i f p) AA j a (p g) AB z) o AC aa x ad e aa q (AD AE i (n j l) m) AF j AG n (AH d AI) ad AJ u
A n ab l (B n C a D (k u) (E F G o i j c H) I (J K L x m)) M (k u) m (t j z t) (a y) a y (k u) j N (O P (Q R S (t s (h g b))) T p (y v j) U z b (V x) ab W t (t s (h g b)) a) n (e j a (p g) AB z) o AC aa x ad e aa q (AD AE i (n j l) m) AF j AG n (AH d AI) ad AJ u
A n ab l (B n C a D (k u) (E F G o i j c H) I (J K L x m)) M (k u) m (t j z t) (a y) a y (k u) j N (O P (Q R S (t s (h g b))) T p (y v j) U z b (V x) ab W t (t s (h g b)) a) n (y j a (p g) AB z) o AC aa x ad e aa q (AD AE i (n j l) m) AF j AG n (AH d AI) ad AJ u
A n ab l (B n C a D (k u) (E F G o i j c H) I (J K L x m)) M (k u) m (t j z t) (a y) a y (k u) j N (O P (Q R S (t s (h g b))) T p (y v j) U z b (V x) ab W t (t s (h g b)) a) n (u AB z) o AC aa x ad e aa q (AD AE i (n j l) m) AF j AG n (AH d AI) ad AJ u
A n ab l (B n C a D (k u) (E F G o i j c H) I (J K L x m)) M (k u) m (t j z t) (a y) a y (k u) j N (O P (Q R S (t s (h g b))) T p (y v j) U z b (V x) ab W t (t s (h g b)) a) n (u AB z) o AC aa x ad y aa q (AD AE i (n j l) m) AF j AG n (AH d AI) ad AJ u


