a ae = g k h
b ae af = i k af (o af (p r n m)) l
c ae = s l
d ag ae af = y ag x
e ae af ag = ae s ab ab ag (ag c) ac g
f ah ae af ag = ah x h (ag ab l) k n
g af ae ag = aa m ae af t aa
h ae = u n l l (g m) w r a
i aj ae ag ai af ah = u
j ae = c
k af ae = e aa w (r ae) ad r ae
l = o g ac (e f r) q
m = ac z j g
n ae af = z
o ae ah ag af = ad (u ab l) aa
p ag aj af ae ah ai = h ah
q = t r a k n x z c
r ae = o v s (x ac (x (e m) q t))
s af ae ag = k v ag ag aa af
t ae af = i
u ag ah ai ae af aj = af
v ae af = i ad ab
w ah ag af ae = h
x = o m (aa ac g)
y ag ae ai af ah = a u ah (ac ab ae v h)
z af ae = l (v u o b) c (af (n af) n)
aa ae af = s
ab af ae = d (u t ac ae)
ac ae ai af ah ag = af l s ab
ad ag ae af = r
main = A x ab ad (B (i C) D p (E v n) (t F b x t x (G H s (I aa ad ac) v l q (J ab (o w c aa) a w K i) ad w k ab x l x w v k ac (ad a (L (M (N t O P f n q s w (Q c w R (S T (ac q U v (m a e)) (q q (n r aa p ad) ac (V (W m y w h) f X Y) j ad n ab l)) Z ac ac))))))))
------------------------------------------------------------
A x ab ad (B (i C) D p (E v n) (t F b x t x (G H s (I aa ad ac) v l q (J ab (o w c aa) a w K i) ad w k ab x l x w v k ac (ad a (L (M (N t O P f n q s w (Q c w R (S T (ac q U v (m a e)) (q q (n r aa p ad) ac (V (W m y w h) f X Y) j ad n ab l)) Z ac ac))))))))
A (o m (aa ac g)) ab ad (B (i C) D p (E v n) (t F b x t x (G H s (I aa ad ac) v l q (J ab (o w c aa) a w K i) ad w k ab x l x w v k ac (ad a (L (M (N t O P f n q s w (Q c w R (S T (ac q U v (m a e)) (q q (n r aa p ad) ac (V (W m y w h) f X Y) j ad n ab l)) Z ac ac))))))))
A (o (ac z j g) (aa ac g)) ab ad (B (i C) D p (E v n) (t F b x t x (G H s (I aa ad ac) v l q (J ab (o w c aa) a w K i) ad w k ab x l x w v k ac (ad a (L (M (N t O P f n q s w (Q c w R (S T (ac q U v (m a e)) (q q (n r aa p ad) ac (V (W m y w h) f X Y) j ad n ab l)) Z ac ac))))))))
A (o (ac z j g) s) ab ad (B (i C) D p (E v n) (t F b x t x (G H s (I aa ad ac) v l q (J ab (o w c aa) a w K i) ad w k ab x l x w v k ac (ad a (L (M (N t O P f n q s w (Q c w R (S T (ac q U v (m a e)) (q q (n r aa p ad) ac (V (W m y w h) f X Y) j ad n ab l)) Z ac ac))))))))
A (o (ac z j g) s) ab ad (B (i C) D p (E v n) (i x t x (G H s (I aa ad ac) v l q (J ab (o w c aa) a w K i) ad w k ab x l x w v k ac (ad a (L (M (N t O P f n q s w (Q c w R (S T (ac q U v (m a e)) (q q (n r aa p ad) ac (V (W m y w h) f X Y) j ad n ab l)) Z ac ac))))))))
A (o (ac z j g) s) ab ad (B (i C) D p (E v n) (i (o m (aa ac g)) t x (G H s (I aa ad ac) v l q (J ab (o w c aa) a w K i) ad w k ab x l x w v k ac (ad a (L (M (N t O P f n q s w (Q c w R (S T (ac q U v (m a e)) (q q (n r aa p ad) ac (V (W m y w h) f X Y) j ad n ab l)) Z ac ac))))))))
A (o (ac z j g) s) ab ad (B (i C) D p (E v n) (i (o (ac z j g) (aa ac g)) t x (G H s (I aa ad ac) v l q (J ab (o w c aa) a w K i) ad w k ab x l x w v k ac (ad a (L (M (N t O P f n q s w (Q c w R (S T (ac q U v (m a e)) (q q (n r aa p ad) ac (V (W m y w h) f X Y) j ad n ab l)) Z ac ac))))))))
A (o (ac z j g) s) ab ad (B (i C) D p (E v n) (i (o (ac z j g) s) t x (G H s (I aa ad ac) v l q (J ab (o w c aa) a w K i) ad w k ab x l x w v k ac (ad a (L (M (N t O P f n q s w (Q c w R (S T (ac q U v (m a e)) (q q (n r aa p ad) ac (V (W m y w h) f X Y) j ad n ab l)) Z ac ac))))))))
A (o (ac z j g) s) ab ad (B (i C) D p (E v n) (i (o (ac z j g) s) t (o m (aa ac g)) (G H s (I aa ad ac) v l q (J ab (o w c aa) a w K i) ad w k ab x l x w v k ac (ad a (L (M (N t O P f n q s w (Q c w R (S T (ac q U v (m a e)) (q q (n r aa p ad) ac (V (W m y w h) f X Y) j ad n ab l)) Z ac ac))))))))
A (o (ac z j g) s) ab ad (B (i C) D p (E v n) (i (o (ac z j g) s) t (o (ac z j g) (aa ac g)) (G H s (I aa ad ac) v l q (J ab (o w c aa) a w K i) ad w k ab x l x w v k ac (ad a (L (M (N t O P f n q s w (Q c w R (S T (ac q U v (m a e)) (q q (n r aa p ad) ac (V (W m y w h) f X Y) j ad n ab l)) Z ac ac))))))))
A (o (ac z j g) s) ab ad (B (i C) D p (E v n) (i (o (ac z j g) s) t (o (ac z j g) s) (G H s (I aa ad ac) v l q (J ab (o w c aa) a w K i) ad w k ab x l x w v k ac (ad a (L (M (N t O P f n q s w (Q c w R (S T (ac q U v (m a e)) (q q (n r aa p ad) ac (V (W m y w h) f X Y) j ad n ab l)) Z ac ac))))))))
A (o (ac z j g) s) ab ad (B (i C) D p (E v n) (i (o (ac z j g) s) t (o (ac z j g) s) (G H s (I aa ad ac) v (o g ac (e f r) q) q (J ab (o w c aa) a w K i) ad w k ab x l x w v k ac (ad a (L (M (N t O P f n q s w (Q c w R (S T (ac q U v (m a e)) (q q (n r aa p ad) ac (V (W m y w h) f X Y) j ad n ab l)) Z ac ac))))))))
A (o (ac z j g) s) ab ad (B (i C) D p (E v n) (i (o (ac z j g) s) t (o (ac z j g) s) (G H s (I aa ad ac) v (ad (u ab l) aa) q (J ab (o w c aa) a w K i) ad w k ab x l x w v k ac (ad a (L (M (N t O P f n q s w (Q c w R (S T (ac q U v (m a e)) (q q (n r aa p ad) ac (V (W m y w h) f X Y) j ad n ab l)) Z ac ac))))))))
A (o (ac z j g) s) ab ad (B (i C) D p (E v n) (i (o (ac z j g) s) t (o (ac z j g) s) (G H s (I aa ad ac) v (ad (u ab (o g ac (e f r) q)) aa) q (J ab (o w c aa) a w K i) ad w k ab x l x w v k ac (ad a (L (M (N t O P f n q s w (Q c w R (S T (ac q U v (m a e)) (q q (n r aa p ad) ac (V (W m y w h) f X Y) j ad n ab l)) Z ac ac))))))))
A (o (ac z j g) s) ab ad (B (i C) D p (E v n) (i (o (ac z j g) s) t (o (ac z j g) s) (G H s (I aa ad ac) v (ad (u ab (ad (u ab l) aa)) aa) q (J ab (o w c aa) a w K i) ad w k ab x l x w v k ac (ad a (L (M (N t O P f n q s w (Q c w R (S T (ac q U v (m a e)) (q q (n r aa p ad) ac (V (W m y w h) f X Y) j ad n ab l)) Z ac ac))))))))
A (o (ac z j g) s) ab ad (B (i C) D p (E v n) (i (o (ac z j g) s) t (o (ac z j g) s) (G H s (I aa ad ac) v (ad (u ab (ad (u ab (o g ac (e f r) q)) aa)) aa) q (J ab (o w c aa) a w K i) ad w k ab x l x w v k ac (ad a (L (M (N t O P f n q s w (Q c w R (S T (ac q U v (m a e)) (q q (n r aa p ad) ac (V (W m y w h) f X Y) j ad n ab l)) Z ac ac))))))))
A (o (ac z j g) s) ab ad (B (i C) D p (E v n) (i (o (ac z j g) s) t (o (ac z j g) s) (G H s (I aa ad ac) v (ad (u ab (ad (u ab (ad (u ab l) aa)) aa)) aa) q (J ab (o w c aa) a w K i) ad w k ab x l x w v k ac (ad a (L (M (N t O P f n q s w (Q c w R (S T (ac q U v (m a e)) (q q (n r aa p ad) ac (V (W m y w h) f X Y) j ad n ab l)) Z ac ac))))))))
A (o (ac z j g) s) ab ad (B (i C) D p (E v n) (i (o (ac z j g) s) t (o (ac z j g) s) (G H s (I aa ad ac) v (ad (u ab (ad (u ab (ad (u ab (o g ac (e f r) q)) aa)) aa)) aa) q (J ab (o w c aa) a w K i) ad w k ab x l x w v k ac (ad a (L (M (N t O P f n q s w (Q c w R (S T (ac q U v (m a e)) (q q (n r aa p ad) ac (V (W m y w h) f X Y) j ad n ab l)) Z ac ac))))))))
A (o (ac z j g) s) ab ad (B (i C) D p (E v n) (i (o (ac z j g) s) t (o (ac z j g) s) (G H s (I aa ad ac) v (ad (u ab (ad (u ab (ad (u ab (ad (u ab l) aa)) aa)) aa)) aa) q (J ab (o w c aa) a w K i) ad w k ab x l x w v k ac (ad a (L (M (N t O P f n q s w (Q c w R (S T (ac q U v (m a e)) (q q (n r aa p ad) ac (V (W m y w h) f X Y) j ad n ab l)) Z ac ac))))))))
A (o (ac z j g) s) ab ad (B (i C) D p (E v n) (i (o (ac z j g) s) t (o (ac z j g) s) (G H s (I aa ad ac) v (ad (u ab (ad (u ab (ad (u ab (ad (u ab (o g ac (e f r) q)) aa)) aa)) aa)) aa) q (J ab (o w c aa) a w K i) ad w k ab x l x w v k ac (ad a (L (M (N t O P f n q s w (Q c w R (S T (ac q U v (m a e)) (q q (n r aa p ad) ac (V (W m y w h) f X Y) j ad n ab l)) Z ac ac))))))))
A (o (ac z j g) s) ab ad (B (i C) D p (E v n) (i (o (ac z j g) s) t (o (ac z j g) s) (G H s (I aa ad ac) v (ad (u ab (ad (u ab (ad (u ab (ad (u ab (ad (u ab l) aa)) aa)) aa)) aa)) aa) q (J ab (o w c aa) a w K i) ad w k ab x l x w v k ac (ad a (L (M (N t O P f n q s w (Q c w R (S T (ac q U v (m a e)) (q q (n r aa p ad) ac (V (W m y w h) f X Y) j ad n ab l)) Z ac ac))))))))
A (o (ac z j g) s) ab ad (B (i C) D p (E v n) (i (o (ac z j g) s) t (o (ac z j g) s) (G H s (I aa ad ac) v (ad (u ab (ad (u ab (ad (u ab (ad (u ab (ad (u ab (o g ac (e f r) q)) aa)) aa)) aa)) aa)) aa) q (J ab (o w c aa) a w K i) ad w k ab x l x w v k ac (ad a (L (M (N t O P f n q s w (Q c w R (S T (ac q U v (m a e)) (q q (n r aa p ad) ac (V (W m y w h) f X Y) j ad n ab l)) Z ac ac))))))))
A (o (ac z j g) s) ab ad (B (i C) D p (E v n) (i (o (ac z j g) s) t (o (ac z j g) s) (G H s (I aa ad ac) v (ad (u ab (ad (u ab (ad (u ab (ad (u ab (ad (u ab (ad (u ab l) aa)) aa)) aa)) aa)) aa)) aa) q (J ab (o w c aa) a w K i) ad w k ab x l x w v k ac (ad a (L (M (N t O P f n q s w (Q c w R (S T (ac q U v (m a e)) (q q (n r aa p ad) ac (V (W m y w h) f X Y) j ad n ab l)) Z ac ac))))))))
A (o (ac z j g) s) ab ad (B (i C) D p (E v n) (i (o (ac z j g) s) t (o (ac z j g) s) (G H s (I aa ad ac) v (ad (u ab (ad (u ab (ad (u ab (ad (u ab (ad (u ab (ad (u ab (o g ac (e f r) q)) aa)) aa)) aa)) aa)) aa)) aa) q (J ab (o w c aa) a w K i) ad w k ab x l x w v k ac (ad a (L (M (N t O P f n q s w (Q c w R (S T (ac q U v (m a e)) (q q (n r aa p ad) ac (V (W m y w h) f X Y) j ad n ab l)) Z ac ac))))))))
A (o (ac z j g) s) ab ad (B (i C) D p (E v n) (i (o (ac z j g) s) t (o (ac z j g) s) (G H s (I aa ad ac) v (ad (u ab (ad (u ab (ad (u ab (ad (u ab (ad (u ab (ad (u ab (ad (u ab l) aa)) aa)) aa)) aa)) aa)) aa)) aa) q (J ab (o w c aa) a w K i) ad w k ab x l x w v k ac (ad a (L (M (N t O P f n q s w (Q c w R (S T (ac q U v (m a e)) (q q (n r aa p ad) ac (V (W m y w h) f X Y) j ad n ab l)) Z ac ac))))))))
A (o (ac z j g) s) ab ad (B (i C) D p (E v n) (i (o (ac z j g) s) t (o (ac z j g) s) (G H s (I aa ad ac) v (ad (u ab (ad (u ab (ad (u ab (ad (u ab (ad (u ab (ad (u ab (ad (u ab (o g ac (e f r) q)) aa)) aa)) aa)) aa)) aa)) aa)) aa) q (J ab (o w c aa) a w K i) ad w k ab x l x w v k ac (ad a (L (M (N t O P f n q s w (Q c w R (S T (ac q U v (m a e)) (q q (n r aa p ad) ac (V (W m y w h) f X Y) j ad n ab l)) Z ac ac))))))))
A (o (ac z j g) s) ab ad (B (i C) D p (E v n) (i (o (ac z j g) s) t (o (ac z j g) s) (G H s (I aa ad ac) v (ad (u ab (ad (u ab (ad (u ab (ad (u ab (ad (u ab (ad (u ab (ad (u ab (ad (u ab l) aa)) aa)) aa)) aa)) aa)) aa)) aa)) aa) q (J ab (o w c aa) a w K i) ad w k ab x l x w v k ac (ad a (L (M (N t O P f n q s w (Q c w R (S T (ac q U v (m a e)) (q q (n r aa p ad) ac (V (W m y w h) f X Y) j ad n ab l)) Z ac ac))))))))
A (o (ac z j g) s) ab ad (B (i C) D p (E v n) (i (o (ac z j g) s) t (o (ac z j g) s) (G H s (I aa ad ac) v (ad (u ab (ad (u ab (ad (u ab (ad (u ab (ad (u ab (ad (u ab (ad (u ab (ad (u ab (o g ac (e f r) q)) aa)) aa)) aa)) aa)) aa)) aa)) aa)) aa) q (J ab (o w c aa) a w K i) ad w k ab x l x w v k ac (ad a (L (M (N t O P f n q s w (Q c w R (S T (ac q U v (m a e)) (q q (n r aa p ad) ac (V (W m y w h) f X Y) j ad n ab l)) Z ac ac))))))))
A (o (ac z j g) s) ab ad (B (i C) D p (E v n) (i (o (ac z j g) s) t (o (ac z j g) s) (G H s (I aa ad ac) v (ad (u ab (ad (u ab (ad (u ab (ad (u ab (ad (u ab (ad (u ab (ad (u ab (ad (u ab (ad (u ab l) aa)) aa)) aa)) aa)) aa)) aa)) aa)) aa)) aa) q (J ab (o w c aa) a w K i) ad w k ab x l x w v k ac (ad a (L (M (N t O P f n q s w (Q c w R (S T (ac q U v (m a e)) (q q (n r aa p ad) ac (V (W m y w h) f X Y) j ad n ab l)) Z ac ac))))))))
A (o (ac z j g) s) ab ad (B (i C) D p (E v n) (i (o (ac z j g) s) t (o (ac z j g) s) (G H s (I aa ad ac) v (ad (u ab (ad (u ab (ad (u ab (ad (u ab (ad (u ab (ad (u ab (ad (u ab (ad (u ab (ad (u ab (o g ac (e f r) q)) aa)) aa)) aa)) aa)) aa)) aa)) aa)) aa)) aa) q (J ab (o w c aa) a w K i) ad w k ab x l x w v k ac (ad a (L (M (N t O P f n q s w (Q c w R (S T (ac q U v (m a e)) (q q (n r aa p ad) ac (V (W m y w h) f X Y) j ad n ab l)) Z ac ac))))))))


