a ae y ae ae i p ae ae
b m g h t t y c l
c ae ag af y af af ac ad n e (r p j)
d af ae l w (y f (af k z)) ac
e ai aj af ah ae ag p n w y a
f aa n
g ae ae
h ae ag af ah p t b v u ag
i af aj ae ag ai ah f z u f w u w
j ag ae aj ai ah af b
k ae af z (ac n) t
l ai ah af ag ae ab z k a b z v af
m ag ae af z y af q ae ae
n aj ag af ai ah ae x g aj m
o ah ag aj af ae ai a
p aj ag ah ai af ae k (ad u aj w (d s k))
q ae ae
r ae u o m d w (ae a w) (c u)
s ae af ag h h aa r k af ac
t ag ae ai af ah d (f p m g h ai d)
u aj ae af ai ah ag m
v af ae z ae j ae h w f ae l i
w ag ah af ae a f ae r f ae aa s n
x ag af aj ah ai ae g ag (z g (aj s) ac) w ab
y ae af ag ab m v n (ae b)
z s ab ad g s s k n
aa ae af y ae j af r af d q (a w)
ab l ac i (h y) v x u
ac af ae aa u z o y v a ae
ad ae af y (r z o o d) h ab
main l (o s A t (m f t) l (B i v ab) j ad a i l) C D i aa h (k n z E (l F (G H y I J (x (e m r b u (K L o g (j u M N a s x n)) (O P Q (R S d k s (h w (ab (T i v)) U r (v (V W X aa)) q) j n aa (r u) Y v) (Z w) b j AA ad) y AB) n e u (AC AD aa c e) u)) r x))
------------------------------------------------------------
l (o s A t (m f t) l (B i v ab) j ad a i l) C D i aa h (k n z E (l F (G H y I J (x (e m r b u (K L o g (j u M N a s x n)) (O P Q (R S d k s (h w (ab (T i v)) U r (v (V W X aa)) q) j n aa (r u) Y v) (Z w) b j AA ad) y AB) n e u (AC AD aa c e) u)) r x))
ab z k a b z v D h (k n z E (l F (G H y I J (x (e m r b u (K L o g (j u M N a s x n)) (O P Q (R S d k s (h w (ab (T i v)) U r (v (V W X aa)) q) j n aa (r u) Y v) (Z w) b j AA ad) y AB) n e u (AC AD aa c e) u)) r x))
l ac i (h y) v x u z k a b z v D h (k n z E (l F (G H y I J (x (e m r b u (K L o g (j u M N a s x n)) (O P Q (R S d k s (h w (ab (T i v)) U r (v (V W X aa)) q) j n aa (r u) Y v) (Z w) b j AA ad) y AB) n e u (AC AD aa c e) u)) r x))
ab z k a b z v (h y) u z k a b z v D h (k n z E (l F (G H y I J (x (e m r b u (K L o g (j u M N a s x n)) (O P Q (R S d k s (h w (ab (T i v)) U r (v (V W X aa)) q) j n aa (r u) Y v) (Z w) b j AA ad) y AB) n e u (AC AD aa c e) u)) r x))
l ac i (h y) v x u z k a b z v (h y) u z k a b z v D h (k n z E (l F (G H y I J (x (e m r b u (K L o g (j u M N a s x n)) (O P Q (R S d k s (h w (ab (T i v)) U r (v (V W X aa)) q) j n aa (r u) Y v) (Z w) b j AA ad) y AB) n e u (AC AD aa c e) u)) r x))
ab z k a b z v (h y) u z k a b z v (h y) u z k a b z v D h (k n z E (l F (G H y I J (x (e m r b u (K L o g (j u M N a s x n)) (O P Q (R S d k s (h w (ab (T i v)) U r (v (V W X aa)) q) j n aa (r u) Y v) (Z w) b j AA ad) y AB) n e u (AC AD aa c e) u)) r x))
l ac i (h y) v x u z k a b z v (h y) u z k a b z v (h y) u z k a b z v D h (k n z E (l F (G H y I J (x (e m r b u (K L o g (j u M N a s x n)) (O P Q (R S d k s (h w (ab (T i v)) U r (v (V W X aa)) q) j n aa (r u) Y v) (Z w) b j AA ad) y AB) n e u (AC AD aa c e) u)) r x))
ab z k a b z v (h y) u z k a b z v (h y) u z k a b z v (h y) u z k a b z v D h (k n z E (l F (G H y I J (x (e m r b u (K L o g (j u M N a s x n)) (O P Q (R S d k s (h w (ab (T i v)) U r (v (V W X aa)) q) j n aa (r u) Y v) (Z w) b j AA ad) y AB) n e u (AC AD aa c e) u)) r x))
l ac i (h y) v x u z k a b z v (h y) u z k a b z v (h y) u z k a b z v (h y) u z k a b z v D h (k n z E (l F (G H y I J (x (e m r b u (K L o g (j u M N a s x n)) (O P Q (R S d k s (h w (ab (T i v)) U r (v (V W X aa)) q) j n aa (r u) Y v) (Z w) b j AA ad) y AB) n e u (AC AD aa c e) u)) r x))
ab z k a b z v (h y) u z k a b z v (h y) u z k a b z v (h y) u z k a b z v (h y) u z k a b z v D h (k n z E (l F (G H y I J (x (e m r b u (K L o g (j u M N a s x n)) (O P Q (R S d k s (h w (ab (T i v)) U r (v (V W X aa)) q) j n aa (r u) Y v) (Z w) b j AA ad) y AB) n e u (AC AD aa c e) u)) r x))
l ac i (h y) v x u z k a b z v (h y) u z k a b z v (h y) u z k a b z v (h y) u z k a b z v (h y) u z k a b z v D h (k n z E (l F (G H y I J (x (e m r b u (K L o g (j u M N a s x n)) (O P Q (R S d k s (h w (ab (T i v)) U r (v (V W X aa)) q) j n aa (r u) Y v) (Z w) b j AA ad) y AB) n e u (AC AD aa c e) u)) r x))
ab z k a b z v (h y) u z k a b z v (h y) u z k a b z v (h y) u z k a b z v (h y) u z k a b z v (h y) u z k a b z v D h (k n z E (l F (G H y I J (x (e m r b u (K L o g (j u M N a s x n)) (O P Q (R S d k s (h w (ab (T i v)) U r (v (V W X aa)) q) j n aa (r u) Y v) (Z w) b j AA ad) y AB) n e u (AC AD aa c e) u)) r x))
l ac i (h y) v x u z k a b z v (h y) u z k a b z v (h y) u z k a b z v (h y) u z k a b z v (h y) u z k a b z v (h y) u z k a b z v D h (k n z E (l F (G H y I J (x (e m r b u (K L o g (j u M N a s x n)) (O P Q (R S d k s (h w (ab (T i v)) U r (v (V W X aa)) q) j n aa (r u) Y v) (Z w) b j AA ad) y AB) n e u (AC AD aa c e) u)) r x))
ab z k a b z v (h y) u z k a b z v (h y) u z k a b z v (h y) u z k a b z v (h y) u z k a b z v (h y) u z k a b z v (h y) u z k a b z v D h (k n z E (l F (G H y I J (x (e m r b u (K L o g (j u M N a s x n)) (O P Q (R S d k s (h w (ab (T i v)) U r (v (V W X aa)) q) j n aa (r u) Y v) (Z w) b j AA ad) y AB) n e u (AC AD aa c e) u)) r x))
l ac i (h y) v x u z k a b z v (h y) u z k a b z v (h y) u z k a b z v (h y) u z k a b z v (h y) u z k a b z v (h y) u z k a b z v (h y) u z k a b z v D h (k n z E (l F (G H y I J (x (e m r b u (K L o g (j u M N a s x n)) (O P Q (R S d k s (h w (ab (T i v)) U r (v (V W X aa)) q) j n aa (r u) Y v) (Z w) b j AA ad) y AB) n e u (AC AD aa c e) u)) r x))
ab z k a b z v (h y) u z k a b z v (h y) u z k a b z v (h y) u z k a b z v (h y) u z k a b z v (h y) u z k a b z v (h y) u z k a b z v (h y) u z k a b z v D h (k n z E (l F (G H y I J (x (e m r b u (K L o g (j u M N a s x n)) (O P Q (R S d k s (h w (ab (T i v)) U r (v (V W X aa)) q) j n aa (r u) Y v) (Z w) b j AA ad) y AB) n e u (AC AD aa c e) u)) r x))
l ac i (h y) v x u z k a b z v (h y) u z k a b z v (h y) u z k a b z v (h y) u z k a b z v (h y) u z k a b z v (h y) u z k a b z v (h y) u z k a b z v (h y) u z k a b z v D h (k n z E (l F (G H y I J (x (e m r b u (K L o g (j u M N a s x n)) (O P Q (R S d k s (h w (ab (T i v)) U r (v (V W X aa)) q) j n aa (r u) Y v) (Z w) b j AA ad) y AB) n e u (AC AD aa c e) u)) r x))
ab z k a b z v (h y) u z k a b z v (h y) u z k a b z v (h y) u z k a b z v (h y) u z k a b z v (h y) u z k a b z v (h y) u z k a b z v (h y) u z k a b z v (h y) u z k a b z v D h (k n z E (l F (G H y I J (x (e m r b u (K L o g (j u M N a s x n)) (O P Q (R S d k s (h w (ab (T i v)) U r (v (V W X aa)) q) j n aa (r u) Y v) (Z w) b j AA ad) y AB) n e u (AC AD aa c e) u)) r x))
l ac i (h y) v x u z k a b z v (h y) u z k a b z v (h y) u z k a b z v (h y) u z k a b z v (h y) u z k a b z v (h y) u z k a b z v (h y) u z k a b z v (h y) u z k a b z v (h y) u z k a b z v D h (k n z E (l F (G H y I J (x (e m r b u (K L o g (j u M N a s x n)) (O P Q (R S d k s (h w (ab (T i v)) U r (v (V W X aa)) q) j n aa (r u) Y v) (Z w) b j AA ad) y AB) n e u (AC AD aa c e) u)) r x))
ab z k a b z v (h y) u z k a b z v (h y) u z k a b z v (h y) u z k a b z v (h y) u z k a b z v (h y) u z k a b z v (h y) u z k a b z v (h y) u z k a b z v (h y) u z k a b z v (h y) u z k a b z v D h (k n z E (l F (G H y I J (x (e m r b u (K L o g (j u M N a s x n)) (O P Q (R S d k s (h w (ab (T i v)) U r (v (V W X aa)) q) j n aa (r u) Y v) (Z w) b j AA ad) y AB) n e u (AC AD aa c e) u)) r x))
l ac i (h y) v x u z k a b z v (h y) u z k a b z v (h y) u z k a b z v (h y) u z k a b z v (h y) u z k a b z v (h y) u z k a b z v (h y) u z k a b z v (h y) u z k a b z v (h y) u z k a b z v (h y) u z k a b z v D h (k n z E (l F (G H y I J (x (e m r b u (K L o g (j u M N a s x n)) (O P Q (R S d k s (h w (ab (T i v)) U r (v (V W X aa)) q) j n aa (r u) Y v) (Z w) b j AA ad) y AB) n e u (AC AD aa c e) u)) r x))
ab z k a b z v (h y) u z k a b z v (h y) u z k a b z v (h y) u z k a b z v (h y) u z k a b z v (h y) u z k a b z v (h y) u z k a b z v (h y) u z k a b z v (h y) u z k a b z v (h y) u z k a b z v (h y) u z k a b z v D h (k n z E (l F (G H y I J (x (e m r b u (K L o g (j u M N a s x n)) (O P Q (R S d k s (h w (ab (T i v)) U r (v (V W X aa)) q) j n aa (r u) Y v) (Z w) b j AA ad) y AB) n e u (AC AD aa c e) u)) r x))
l ac i (h y) v x u z k a b z v (h y) u z k a b z v (h y) u z k a b z v (h y) u z k a b z v (h y) u z k a b z v (h y) u z k a b z v (h y) u z k a b z v (h y) u z k a b z v (h y) u z k a b z v (h y) u z k a b z v (h y) u z k a b z v D h (k n z E (l F (G H y I J (x (e m r b u (K L o g (j u M N a s x n)) (O P Q (R S d k s (h w (ab (T i v)) U r (v (V W X aa)) q) j n aa (r u) Y v) (Z w) b j AA ad) y AB) n e u (AC AD aa c e) u)) r x))
ab z k a b z v (h y) u z k a b z v (h y) u z k a b z v (h y) u z k a b z v (h y) u z k a b z v (h y) u z k a b z v (h y) u z k a b z v (h y) u z k a b z v (h y) u z k a b z v (h y) u z k a b z v (h y) u z k a b z v (h y) u z k a b z v D h (k n z E (l F (G H y I J (x (e m r b u (K L o g (j u M N a s x n)) (O P Q (R S d k s (h w (ab (T i v)) U r (v (V W X aa)) q) j n aa (r u) Y v) (Z w) b j AA ad) y AB) n e u (AC AD aa c e) u)) r x))
l ac i (h y) v x u z k a b z v (h y) u z k a b z v (h y) u z k a b z v (h y) u z k a b z v (h y) u z k a b z v (h y) u z k a b z v (h y) u z k a b z v (h y) u z k a b z v (h y) u z k a b z v (h y) u z k a b z v (h y) u z k a b z v (h y) u z k a b z v D h (k n z E (l F (G H y I J (x (e m r b u (K L o g (j u M N a s x n)) (O P Q (R S d k s (h w (ab (T i v)) U r (v (V W X aa)) q) j n aa (r u) Y v) (Z w) b j AA ad) y AB) n e u (AC AD aa c e) u)) r x))
ab z k a b z v (h y) u z k a b z v (h y) u z k a b z v (h y) u z k a b z v (h y) u z k a b z v (h y) u z k a b z v (h y) u z k a b z v (h y) u z k a b z v (h y) u z k a b z v (h y) u z k a b z v (h y) u z k a b z v (h y) u z k a b z v (h y) u z k a b z v D h (k n z E (l F (G H y I J (x (e m r b u (K L o g (j u M N a s x n)) (O P Q (R S d k s (h w (ab (T i v)) U r (v (V W X aa)) q) j n aa (r u) Y v) (Z w) b j AA ad) y AB) n e u (AC AD aa c e) u)) r x))
l ac i (h y) v x u z k a b z v (h y) u z k a b z v (h y) u z k a b z v (h y) u z k a b z v (h y) u z k a b z v (h y) u z k a b z v (h y) u z k a b z v (h y) u z k a b z v (h y) u z k a b z v (h y) u z k a b z v (h y) u z k a b z v (h y) u z k a b z v (h y) u z k a b z v D h (k n z E (l F (G H y I J (x (e m r b u (K L o g (j u M N a s x n)) (O P Q (R S d k s (h w (ab (T i v)) U r (v (V W X aa)) q) j n aa (r u) Y v) (Z w) b j AA ad) y AB) n e u (AC AD aa c e) u)) r x))
ab z k a b z v (h y) u z k a b z v (h y) u z k a b z v (h y) u z k a b z v (h y) u z k a b z v (h y) u z k a b z v (h y) u z k a b z v (h y) u z k a b z v (h y) u z k a b z v (h y) u z k a b z v (h y) u z k a b z v (h y) u z k a b z v (h y) u z k a b z v (h y) u z k a b z v D h (k n z E (l F (G H y I J (x (e m r b u (K L o g (j u M N a s x n)) (O P Q (R S d k s (h w (ab (T i v)) U r (v (V W X aa)) q) j n aa (r u) Y v) (Z w) b j AA ad) y AB) n e u (AC AD aa c e) u)) r x))
l ac i (h y) v x u z k a b z v (h y) u z k a b z v (h y) u z k a b z v (h y) u z k a b z v (h y) u z k a b z v (h y) u z k a b z v (h y) u z k a b z v (h y) u z k a b z v (h y) u z k a b z v (h y) u z k a b z v (h y) u z k a b z v (h y) u z k a b z v (h y) u z k a b z v (h y) u z k a b z v D h (k n z E (l F (G H y I J (x (e m r b u (K L o g (j u M N a s x n)) (O P Q (R S d k s (h w (ab (T i v)) U r (v (V W X aa)) q) j n aa (r u) Y v) (Z w) b j AA ad) y AB) n e u (AC AD aa c e) u)) r x))
ab z k a b z v (h y) u z k a b z v (h y) u z k a b z v (h y) u z k a b z v (h y) u z k a b z v (h y) u z k a b z v (h y) u z k a b z v (h y) u z k a b z v (h y) u z k a b z v (h y) u z k a b z v (h y) u z k a b z v (h y) u z k a b z v (h y) u z k a b z v (h y) u z k a b z v (h y) u z k a b z v D h (k n z E (l F (G H y I J (x (e m r b u (K L o g (j u M N a s x n)) (O P Q (R S d k s (h w (ab (T i v)) U r (v (V W X aa)) q) j n aa (r u) Y v) (Z w) b j AA ad) y AB) n e u (AC AD aa c e) u)) r x))


