a aj ah af ai ae ag aa n
b ag ah ae ai af aj af ac s (x i)
c ag aj ah ae ai af u
d ae af e
e ag af ae c (t af q aa)
f ae af af s (h e) o
g af ag ae y m d b (ae f)
h af ag ae ah r
i ae ac ae a l (b ae d)
j ae ag af w f z
k ag af ae h
l ae ah af ai ag o ae ac p af ab ah q ae t
m a n t n r j ad i h
n o a g aa u
o aa n ac
p ae f
q af ae ag b k m
r ah ag ae af ai s (l l j) ac
s ae ah af ag ac
t ae ag ah ai af m z
u t m
v f
w ae ah ag af ai aj p b n h c
x ag ah ae af ab ae
y ae af ag k
z af ah ai ae ag j (f u d) aa p ac
aa ai ae ah aj af ag d w y n
ab af ag ae l y g (c d j (ae m)) u
ac ae ae (j ae ae r) u j r u
ad af ae ag g ae ag j e p i q
main A B C i n y p a y a D (E l (F G (g e c z) ab) H w m x q g d ad x t (v I ac a ac l y)) (J K L u q d M (N O P l n (Q R n w)) p t (d (m (S s (b d) g a c) a j (T a) l (U d ab)) m) V q) p a a ab i a (W X x (aa (l (p a m) ac j (q Y) j)) Z) AA (AB r w v)
------------------------------------------------------------
A B C i n y p a y a D (E l (F G (g e c z) ab) H w m x q g d ad x t (v I ac a ac l y)) (J K L u q d M (N O P l n (Q R n w)) p t (d (m (S s (b d) g a c) a j (T a) l (U d ab)) m) V q) p a a ab i a (W X x (aa (l (p a m) ac j (q Y) j)) Z) AA (AB r w v)
A B C i n y p a y a D (E l (F G (y m d b (z f)) ab) H w m x q g d ad x t (v I ac a ac l y)) (J K L u q d M (N O P l n (Q R n w)) p t (d (m (S s (b d) g a c) a j (T a) l (U d ab)) m) V q) p a a ab i a (W X x (aa (l (p a m) ac j (q Y) j)) Z) AA (AB r w v)
A B C i n y p a y a D (E l (F G (k (z f)) ab) H w m x q g d ad x t (v I ac a ac l y)) (J K L u q d M (N O P l n (Q R n w)) p t (d (m (S s (b d) g a c) a j (T a) l (U d ab)) m) V q) p a a ab i a (W X x (aa (l (p a m) ac j (q Y) j)) Z) AA (AB r w v)
A B C i n y p a y a D (E l (F G (k (z f)) ab) H w m x q g d ad x t (f I ac a ac l y)) (J K L u q d M (N O P l n (Q R n w)) p t (d (m (S s (b d) g a c) a j (T a) l (U d ab)) m) V q) p a a ab i a (W X x (aa (l (p a m) ac j (q Y) j)) Z) AA (AB r w v)
A B C i n y p a y a D (E l (F G (k (z f)) ab) H w m x q g d ad x t (ac s (h e) o a ac l y)) (J K L u q d M (N O P l n (Q R n w)) p t (d (m (S s (b d) g a c) a j (T a) l (U d ab)) m) V q) p a a ab i a (W X x (aa (l (p a m) ac j (q Y) j)) Z) AA (AB r w v)
A B C i n y p a y a D (E l (F G (k (z f)) ab) H w m x q g d ad x t (s (j s s r) u j r u (h e) o a ac l y)) (J K L u q d M (N O P l n (Q R n w)) p t (d (m (S s (b d) g a c) a j (T a) l (U d ab)) m) V q) p a a ab i a (W X x (aa (l (p a m) ac j (q Y) j)) Z) AA (AB r w v)
A B C i n y p a y a D (E l (F G (k (z f)) ab) H w m x q g d ad x t (ac u (h e) o a ac l y)) (J K L u q d M (N O P l n (Q R n w)) p t (d (m (S s (b d) g a c) a j (T a) l (U d ab)) m) V q) p a a ab i a (W X x (aa (l (p a m) ac j (q Y) j)) Z) AA (AB r w v)
A B C i n y p a y a D (E l (F G (k (z f)) ab) H w m x q g d ad x t (u (j u u r) u j r u (h e) o a ac l y)) (J K L u q d M (N O P l n (Q R n w)) p t (d (m (S s (b d) g a c) a j (T a) l (U d ab)) m) V q) p a a ab i a (W X x (aa (l (p a m) ac j (q Y) j)) Z) AA (AB r w v)
A B C i n y p a y a D (E l (F G (k (z f)) ab) H w m x q g d ad x t (t m (j u u r) u j r u (h e) o a ac l y)) (J K L u q d M (N O P l n (Q R n w)) p t (d (m (S s (b d) g a c) a j (T a) l (U d ab)) m) V q) p a a ab i a (W X x (aa (l (p a m) ac j (q Y) j)) Z) AA (AB r w v)
A B C i n y p a y a D (E l (F G (k (z f)) ab) H w m x q g d ad x t (m z u (h e) o a ac l y)) (J K L u q d M (N O P l n (Q R n w)) p t (d (m (S s (b d) g a c) a j (T a) l (U d ab)) m) V q) p a a ab i a (W X x (aa (l (p a m) ac j (q Y) j)) Z) AA (AB r w v)
A B C i n y p a y a D (E l (F G (k (z f)) ab) H w m x q g d ad x t (a n t n r j ad i h z u (h e) o a ac l y)) (J K L u q d M (N O P l n (Q R n w)) p t (d (m (S s (b d) g a c) a j (T a) l (U d ab)) m) V q) p a a ab i a (W X x (aa (l (p a m) ac j (q Y) j)) Z) AA (AB r w v)
A B C i n y p a y a D (E l (F G (k (z f)) ab) H w m x q g d ad x t (aa n i h z u (h e) o a ac l y)) (J K L u q d M (N O P l n (Q R n w)) p t (d (m (S s (b d) g a c) a j (T a) l (U d ab)) m) V q) p a a ab i a (W X x (aa (l (p a m) ac j (q Y) j)) Z) AA (AB r w v)
A B C i n y p a y a D (E l (F G (k (z f)) ab) H w m x q g d ad x t (d w y n o a ac l y)) (J K L u q d M (N O P l n (Q R n w)) p t (d (m (S s (b d) g a c) a j (T a) l (U d ab)) m) V q) p a a ab i a (W X x (aa (l (p a m) ac j (q Y) j)) Z) AA (AB r w v)
A B C i n y p a y a D (E l (F G (k (z f)) ab) H w m x q g d ad x t (e n o a ac l y)) (J K L u q d M (N O P l n (Q R n w)) p t (d (m (S s (b d) g a c) a j (T a) l (U d ab)) m) V q) p a a ab i a (W X x (aa (l (p a m) ac j (q Y) j)) Z) AA (AB r w v)
A B C i n y p a y a D (E l (F G (k (z f)) ab) H w m x q g d ad x t (c (t o q aa) ac l y)) (J K L u q d M (N O P l n (Q R n w)) p t (d (m (S s (b d) g a c) a j (T a) l (U d ab)) m) V q) p a a ab i a (W X x (aa (l (p a m) ac j (q Y) j)) Z) AA (AB r w v)
A B C i n y p a y a D (E l (F G (k (z f)) ab) H w m x q g d ad x t (c (t o q aa) ac l y)) (J K L u q d M (N O P l n (Q R n w)) p t e V q) p a a ab i a (W X x (aa (l (p a m) ac j (q Y) j)) Z) AA (AB r w v)
A B C i n y p a y a D (E l (F G (k (z f)) ab) H w m x q g d ad x t (c (t o q aa) ac l y)) (J K L u q d M (N O P l n (Q R n w)) p t e V q) p a a ab i a (W X x (aa (o (p a m) ac p j ab ac q (p a m) t)) Z) AA (AB r w v)
A B C i n y p a y a D (E l (F G (k (z f)) ab) H w m x q g d ad x t (c (t o q aa) ac l y)) (J K L u q d M (N O P l n (Q R n w)) p t e V q) p a a ab i a (W X x (aa (aa n ac (p a m) ac p j ab ac q (p a m) t)) Z) AA (AB r w v)
A B C i n y p a y a D (E l (F G (k (z f)) ab) H w m x q g d ad x t (c (t o q aa) ac l y)) (J K L u q d M (N O P l n (Q R n w)) p t e V q) p a a ab i a (W X x (aa (d w y n ab ac q (p a m) t)) Z) AA (AB r w v)
A B C i n y p a y a D (E l (F G (k (z f)) ab) H w m x q g d ad x t (c (t o q aa) ac l y)) (J K L u q d M (N O P l n (Q R n w)) p t e V q) p a a ab i a (W X x (aa (e n ab ac q (p a m) t)) Z) AA (AB r w v)
A B C i n y p a y a D (E l (F G (k (z f)) ab) H w m x q g d ad x t (c (t o q aa) ac l y)) (J K L u q d M (N O P l n (Q R n w)) p t e V q) p a a ab i a (W X x (aa (c (t ab q aa) q (p a m) t)) Z) AA (AB r w v)
A B C i n y p a y a D (E l (F G (k (z f)) ab) H w m x q g d ad x t (c (t o q aa) ac l y)) (J K L u q d M (N O P l n (Q R n w)) p t e V q) p a a ab i a (W X x (aa (c (t ab q aa) q (f m) t)) Z) AA (AB r w v)


