a ah ai ag af ae b
b ae ah af ai aj ag aj g
c ag ae ai af aj ah j
d ag af ah ae t (i v r) l i
e ae af z x v n r c ab
f ae h z (m ae) h ab
g af ae n c af
h ae af ag ah p
i s
j ae ag ah af ae t z w
k ae ag af ah m (y m j) w r w
l af ae ae h n
m ae ag af ag s z
n af ae af (ad (c ae af) af) ae af aa t
o ah ae af ai ag s
p ae ah af ai ag ae ag aa ae ab t ac x e
q af ag ae k i (h i ac t)
r af ag ah ae f (w af j b t t o) b o
s af ag ae ah j ag ah e p (ah w)
t ae af ag g
u ae p ae ac v c
v af ae ae x a (b o)
w e z
x ae w m p t q
y ag af ae ah h t ac v p e o (t h ah)
z ag ae af aa w
aa d ab q o s r v n (x t)
ab af ae e s
ac ae af ag j g ab ag f
ad af ag ae z
main k (f ad) w A (B o g) x ac C D E F i ab b G H h aa I J p (K L M q (d v g t h)) f N O v P Q b (R S T g (d ad ac t r (a ad aa e m l m i (U V t ad ac p k o W r z (l h (aa (X Y k) i q)) ab y w c) q (Z o j (AA b p (x u (AB AC ac AD z)) z ab))) AE AF m q))
------------------------------------------------------------
k (f ad) w A (B o g) x ac C D E F i ab b G H h aa I J p (K L M q (d v g t h)) f N O v P Q b (R S T g (d ad ac t r (a ad aa e m l m i (U V t ad ac p k o W r z (l h (aa (X Y k) i q)) ab y w c) q (Z o j (AA b p (x u (AB AC ac AD z)) z ab))) AE AF m q))
m (y m j) w r w x ac C D E F i ab b G H h aa I J p (K L M q (d v g t h)) f N O v P Q b (R S T g (d ad ac t r (a ad aa e m l m i (U V t ad ac p k o W r z (l h (aa (X Y k) i q)) ab y w c) q (Z o j (AA b p (x u (AB AC ac AD z)) z ab))) AE AF m q))
w s z w x ac C D E F i ab b G H h aa I J p (K L M q (d v g t h)) f N O v P Q b (R S T g (d ad ac t r (a ad aa e m l m i (U V t ad ac p k o W r z (l h (aa (X Y k) i q)) ab y w c) q (Z o j (AA b p (x u (AB AC ac AD z)) z ab))) AE AF m q))
e z s z w x ac C D E F i ab b G H h aa I J p (K L M q (d v g t h)) f N O v P Q b (R S T g (d ad ac t r (a ad aa e m l m i (U V t ad ac p k o W r z (l h (aa (X Y k) i q)) ab y w c) q (Z o j (AA b p (x u (AB AC ac AD z)) z ab))) AE AF m q))
z x v n r c ab z w x ac C D E F i ab b G H h aa I J p (K L M q (d v g t h)) f N O v P Q b (R S T g (d ad ac t r (a ad aa e m l m i (U V t ad ac p k o W r z (l h (aa (X Y k) i q)) ab y w c) q (Z o j (AA b p (x u (AB AC ac AD z)) z ab))) AE AF m q))
aa w r c ab z w x ac C D E F i ab b G H h aa I J p (K L M q (d v g t h)) f N O v P Q b (R S T g (d ad ac t r (a ad aa e m l m i (U V t ad ac p k o W r z (l h (aa (X Y k) i q)) ab y w c) q (Z o j (AA b p (x u (AB AC ac AD z)) z ab))) AE AF m q))
d ab q o s r v n (x t) w r c ab z w x ac C D E F i ab b G H h aa I J p (K L M q (d v g t h)) f N O v P Q b (R S T g (d ad ac t r (a ad aa e m l m i (U V t ad ac p k o W r z (l h (aa (X Y k) i q)) ab y w c) q (Z o j (AA b p (x u (AB AC ac AD z)) z ab))) AE AF m q))
t (i v r) l i r v n (x t) w r c ab z w x ac C D E F i ab b G H h aa I J p (K L M q (d v g t h)) f N O v P Q b (R S T g (d ad ac t r (a ad aa e m l m i (U V t ad ac p k o W r z (l h (aa (X Y k) i q)) ab y w c) q (Z o j (AA b p (x u (AB AC ac AD z)) z ab))) AE AF m q))
g r v n (x t) w r c ab z w x ac C D E F i ab b G H h aa I J p (K L M q (d v g t h)) f N O v P Q b (R S T g (d ad ac t r (a ad aa e m l m i (U V t ad ac p k o W r z (l h (aa (X Y k) i q)) ab y w c) q (Z o j (AA b p (x u (AB AC ac AD z)) z ab))) AE AF m q))
n c r n (x t) w r c ab z w x ac C D E F i ab b G H h aa I J p (K L M q (d v g t h)) f N O v P Q b (R S T g (d ad ac t r (a ad aa e m l m i (U V t ad ac p k o W r z (l h (aa (X Y k) i q)) ab y w c) q (Z o j (AA b p (x u (AB AC ac AD z)) z ab))) AE AF m q))
c (ad (c r c) c) r c aa t n (x t) w r c ab z w x ac C D E F i ab b G H h aa I J p (K L M q (d v g t h)) f N O v P Q b (R S T g (d ad ac t r (a ad aa e m l m i (U V t ad ac p k o W r z (l h (aa (X Y k) i q)) ab y w c) q (Z o j (AA b p (x u (AB AC ac AD z)) z ab))) AE AF m q))
j (x t) w r c ab z w x ac C D E F i ab b G H h aa I J p (K L M q (d v g t h)) f N O v P Q b (R S T g (d ad ac t r (a ad aa e m l m i (U V t ad ac p k o W r z (l h (aa (X Y k) i q)) ab y w c) q (Z o j (AA b p (x u (AB AC ac AD z)) z ab))) AE AF m q))
x t t z w ab z w x ac C D E F i ab b G H h aa I J p (K L M q (d v g t h)) f N O v P Q b (R S T g (d ad ac t r (a ad aa e m l m i (U V t ad ac p k o W r z (l h (aa (X Y k) i q)) ab y w c) q (Z o j (AA b p (x u (AB AC ac AD z)) z ab))) AE AF m q))
w m p t q t z w ab z w x ac C D E F i ab b G H h aa I J p (K L M q (d v g t h)) f N O v P Q b (R S T g (d ad ac t r (a ad aa e m l m i (U V t ad ac p k o W r z (l h (aa (X Y k) i q)) ab y w c) q (Z o j (AA b p (x u (AB AC ac AD z)) z ab))) AE AF m q))
e z m p t q t z w ab z w x ac C D E F i ab b G H h aa I J p (K L M q (d v g t h)) f N O v P Q b (R S T g (d ad ac t r (a ad aa e m l m i (U V t ad ac p k o W r z (l h (aa (X Y k) i q)) ab y w c) q (Z o j (AA b p (x u (AB AC ac AD z)) z ab))) AE AF m q))
z x v n r c ab p t q t z w ab z w x ac C D E F i ab b G H h aa I J p (K L M q (d v g t h)) f N O v P Q b (R S T g (d ad ac t r (a ad aa e m l m i (U V t ad ac p k o W r z (l h (aa (X Y k) i q)) ab y w c) q (Z o j (AA b p (x u (AB AC ac AD z)) z ab))) AE AF m q))
aa w r c ab p t q t z w ab z w x ac C D E F i ab b G H h aa I J p (K L M q (d v g t h)) f N O v P Q b (R S T g (d ad ac t r (a ad aa e m l m i (U V t ad ac p k o W r z (l h (aa (X Y k) i q)) ab y w c) q (Z o j (AA b p (x u (AB AC ac AD z)) z ab))) AE AF m q))
d ab q o s r v n (x t) w r c ab p t q t z w ab z w x ac C D E F i ab b G H h aa I J p (K L M q (d v g t h)) f N O v P Q b (R S T g (d ad ac t r (a ad aa e m l m i (U V t ad ac p k o W r z (l h (aa (X Y k) i q)) ab y w c) q (Z o j (AA b p (x u (AB AC ac AD z)) z ab))) AE AF m q))
t (i v r) l i r v n (x t) w r c ab p t q t z w ab z w x ac C D E F i ab b G H h aa I J p (K L M q (d v g t h)) f N O v P Q b (R S T g (d ad ac t r (a ad aa e m l m i (U V t ad ac p k o W r z (l h (aa (X Y k) i q)) ab y w c) q (Z o j (AA b p (x u (AB AC ac AD z)) z ab))) AE AF m q))
g r v n (x t) w r c ab p t q t z w ab z w x ac C D E F i ab b G H h aa I J p (K L M q (d v g t h)) f N O v P Q b (R S T g (d ad ac t r (a ad aa e m l m i (U V t ad ac p k o W r z (l h (aa (X Y k) i q)) ab y w c) q (Z o j (AA b p (x u (AB AC ac AD z)) z ab))) AE AF m q))
n c r n (x t) w r c ab p t q t z w ab z w x ac C D E F i ab b G H h aa I J p (K L M q (d v g t h)) f N O v P Q b (R S T g (d ad ac t r (a ad aa e m l m i (U V t ad ac p k o W r z (l h (aa (X Y k) i q)) ab y w c) q (Z o j (AA b p (x u (AB AC ac AD z)) z ab))) AE AF m q))
c (ad (c r c) c) r c aa t n (x t) w r c ab p t q t z w ab z w x ac C D E F i ab b G H h aa I J p (K L M q (d v g t h)) f N O v P Q b (R S T g (d ad ac t r (a ad aa e m l m i (U V t ad ac p k o W r z (l h (aa (X Y k) i q)) ab y w c) q (Z o j (AA b p (x u (AB AC ac AD z)) z ab))) AE AF m q))
j (x t) w r c ab p t q t z w ab z w x ac C D E F i ab b G H h aa I J p (K L M q (d v g t h)) f N O v P Q b (R S T g (d ad ac t r (a ad aa e m l m i (U V t ad ac p k o W r z (l h (aa (X Y k) i q)) ab y w c) q (Z o j (AA b p (x u (AB AC ac AD z)) z ab))) AE AF m q))
x t t z w ab p t q t z w ab z w x ac C D E F i ab b G H h aa I J p (K L M q (d v g t h)) f N O v P Q b (R S T g (d ad ac t r (a ad aa e m l m i (U V t ad ac p k o W r z (l h (aa (X Y k) i q)) ab y w c) q (Z o j (AA b p (x u (AB AC ac AD z)) z ab))) AE AF m q))
w m p t q t z w ab p t q t z w ab z w x ac C D E F i ab b G H h aa I J p (K L M q (d v g t h)) f N O v P Q b (R S T g (d ad ac t r (a ad aa e m l m i (U V t ad ac p k o W r z (l h (aa (X Y k) i q)) ab y w c) q (Z o j (AA b p (x u (AB AC ac AD z)) z ab))) AE AF m q))
e z m p t q t z w ab p t q t z w ab z w x ac C D E F i ab b G H h aa I J p (K L M q (d v g t h)) f N O v P Q b (R S T g (d ad ac t r (a ad aa e m l m i (U V t ad ac p k o W r z (l h (aa (X Y k) i q)) ab y w c) q (Z o j (AA b p (x u (AB AC ac AD z)) z ab))) AE AF m q))
z x v n r c ab p t q t z w ab p t q t z w ab z w x ac C D E F i ab b G H h aa I J p (K L M q (d v g t h)) f N O v P Q b (R S T g (d ad ac t r (a ad aa e m l m i (U V t ad ac p k o W r z (l h (aa (X Y k) i q)) ab y w c) q (Z o j (AA b p (x u (AB AC ac AD z)) z ab))) AE AF m q))
aa w r c ab p t q t z w ab p t q t z w ab z w x ac C D E F i ab b G H h aa I J p (K L M q (d v g t h)) f N O v P Q b (R S T g (d ad ac t r (a ad aa e m l m i (U V t ad ac p k o W r z (l h (aa (X Y k) i q)) ab y w c) q (Z o j (AA b p (x u (AB AC ac AD z)) z ab))) AE AF m q))
d ab q o s r v n (x t) w r c ab p t q t z w ab p t q t z w ab z w x ac C D E F i ab b G H h aa I J p (K L M q (d v g t h)) f N O v P Q b (R S T g (d ad ac t r (a ad aa e m l m i (U V t ad ac p k o W r z (l h (aa (X Y k) i q)) ab y w c) q (Z o j (AA b p (x u (AB AC ac AD z)) z ab))) AE AF m q))
t (i v r) l i r v n (x t) w r c ab p t q t z w ab p t q t z w ab z w x ac C D E F i ab b G H h aa I J p (K L M q (d v g t h)) f N O v P Q b (R S T g (d ad ac t r (a ad aa e m l m i (U V t ad ac p k o W r z (l h (aa (X Y k) i q)) ab y w c) q (Z o j (AA b p (x u (AB AC ac AD z)) z ab))) AE AF m q))


