a ae ag ah af = y r (r w e) f h ae l
b aj ag ae ah af ai = q af (n q)
c ag af ae ah = r t
d ag ae af = ag f ae f ae
e af ae = p
f ai ae ag af ah aj = z (t n i i w w)
g ae af = q u n af l d m u h n
h ag af ai aj ah ae = l x v x f f
i ae = y l (b a r)
j = i
k ag ae ah aj af ai = ag b
l ah ag ai ae af = u a g i v ai
m ae = l aa ae
n ah ai af ag ae = s (r f o)
o ae ai ag af ah aj = w (t p) c i v
p ae af = t c b (aa q i)
q ae = ae
r af ae ag ai ah = u k y
s af ag ae = l ag (ae af) (g l y)
t ah ae aj ai ag af = y x p q n (ae s ae)
u = h (ac q) z
v af ae = ae ae f
w ai ah ae ag af aj = b af l e h ab (ai a)
x = t c
y ai ae ah af ag = aa (l ae af af s) i g z
z ae af = ab c (ab e (af i a))
aa af ae aj ah ai ag = r k g p (ai ah) r v ad
ab aj ai ae ag af ah = q ac ad a ac
ac af ag ae = n
ad af ae = n x p k ac (k af)
main = l A g B C D E F t x ad (G o z v (a u t) z) (m f r b (c v (H (a y r g f) I J x q x s) (K L ac) ad M u t N r) b g) O o P l d (a (Q d s) (R z)) S o (T (U V W (y f l (X aa t (c (h n d Y) Z j) a j c t) (ad o) (n r AA l g y x) ad (w AB AC m)) h) AD x z)
------------------------------------------------------------
l A g B C D E F t x ad (G o z v (a u t) z) (m f r b (c v (H (a y r g f) I J x q x s) (K L ac) ad M u t N r) b g) O o P l d (a (Q d s) (R z)) S o (T (U V W (y f l (X aa t (c (h n d Y) Z j) a j c t) (ad o) (n r AA l g y x) ad (w AB AC m)) h) AD x z)
u a g i v B E F t x ad (G o z v (a u t) z) (m f r b (c v (H (a y r g f) I J x q x s) (K L ac) ad M u t N r) b g) O o P l d (a (Q d s) (R z)) S o (T (U V W (y f l (X aa t (c (h n d Y) Z j) a j c t) (ad o) (n r AA l g y x) ad (w AB AC m)) h) AD x z)
h (ac q) z a g i v B E F t x ad (G o z v (a u t) z) (m f r b (c v (H (a y r g f) I J x q x s) (K L ac) ad M u t N r) b g) O o P l d (a (Q d s) (R z)) S o (T (U V W (y f l (X aa t (c (h n d Y) Z j) a j c t) (ad o) (n r AA l g y x) ad (w AB AC m)) h) AD x z)
l x v x f f B E F t x ad (G o z v (a u t) z) (m f r b (c v (H (a y r g f) I J x q x s) (K L ac) ad M u t N r) b g) O o P l d (a (Q d s) (R z)) S o (T (U V W (y f l (X aa t (c (h n d Y) Z j) a j c t) (ad o) (n r AA l g y x) ad (w AB AC m)) h) AD x z)
u a g i v x B E F t x ad (G o z v (a u t) z) (m f r b (c v (H (a y r g f) I J x q x s) (K L ac) ad M u t N r) b g) O o P l d (a (Q d s) (R z)) S o (T (U V W (y f l (X aa t (c (h n d Y) Z j) a j c t) (ad o) (n r AA l g y x) ad (w AB AC m)) h) AD x z)
h (ac q) z a g i v x B E F t x ad (G o z v (a u t) z) (m f r b (c v (H (a y r g f) I J x q x s) (K L ac) ad M u t N r) b g) O o P l d (a (Q d s) (R z)) S o (T (U V W (y f l (X aa t (c (h n d Y) Z j) a j c t) (ad o) (n r AA l g y x) ad (w AB AC m)) h) AD x z)
l x v x f f x B E F t x ad (G o z v (a u t) z) (m f r b (c v (H (a y r g f) I J x q x s) (K L ac) ad M u t N r) b g) O o P l d (a (Q d s) (R z)) S o (T (U V W (y f l (X aa t (c (h n d Y) Z j) a j c t) (ad o) (n r AA l g y x) ad (w AB AC m)) h) AD x z)
u a g i v x x B E F t x ad (G o z v (a u t) z) (m f r b (c v (H (a y r g f) I J x q x s) (K L ac) ad M u t N r) b g) O o P l d (a (Q d s) (R z)) S o (T (U V W (y f l (X aa t (c (h n d Y) Z j) a j c t) (ad o) (n r AA l g y x) ad (w AB AC m)) h) AD x z)
h (ac q) z a g i v x x B E F t x ad (G o z v (a u t) z) (m f r b (c v (H (a y r g f) I J x q x s) (K L ac) ad M u t N r) b g) O o P l d (a (Q d s) (R z)) S o (T (U V W (y f l (X aa t (c (h n d Y) Z j) a j c t) (ad o) (n r AA l g y x) ad (w AB AC m)) h) AD x z)
l x v x f f x x B E F t x ad (G o z v (a u t) z) (m f r b (c v (H (a y r g f) I J x q x s) (K L ac) ad M u t N r) b g) O o P l d (a (Q d s) (R z)) S o (T (U V W (y f l (X aa t (c (h n d Y) Z j) a j c t) (ad o) (n r AA l g y x) ad (w AB AC m)) h) AD x z)
u a g i v x x x B E F t x ad (G o z v (a u t) z) (m f r b (c v (H (a y r g f) I J x q x s) (K L ac) ad M u t N r) b g) O o P l d (a (Q d s) (R z)) S o (T (U V W (y f l (X aa t (c (h n d Y) Z j) a j c t) (ad o) (n r AA l g y x) ad (w AB AC m)) h) AD x z)
h (ac q) z a g i v x x x B E F t x ad (G o z v (a u t) z) (m f r b (c v (H (a y r g f) I J x q x s) (K L ac) ad M u t N r) b g) O o P l d (a (Q d s) (R z)) S o (T (U V W (y f l (X aa t (c (h n d Y) Z j) a j c t) (ad o) (n r AA l g y x) ad (w AB AC m)) h) AD x z)
l x v x f f x x x B E F t x ad (G o z v (a u t) z) (m f r b (c v (H (a y r g f) I J x q x s) (K L ac) ad M u t N r) b g) O o P l d (a (Q d s) (R z)) S o (T (U V W (y f l (X aa t (c (h n d Y) Z j) a j c t) (ad o) (n r AA l g y x) ad (w AB AC m)) h) AD x z)
u a g i v x x x x B E F t x ad (G o z v (a u t) z) (m f r b (c v (H (a y r g f) I J x q x s) (K L ac) ad M u t N r) b g) O o P l d (a (Q d s) (R z)) S o (T (U V W (y f l (X aa t (c (h n d Y) Z j) a j c t) (ad o) (n r AA l g y x) ad (w AB AC m)) h) AD x z)
h (ac q) z a g i v x x x x B E F t x ad (G o z v (a u t) z) (m f r b (c v (H (a y r g f) I J x q x s) (K L ac) ad M u t N r) b g) O o P l d (a (Q d s) (R z)) S o (T (U V W (y f l (X aa t (c (h n d Y) Z j) a j c t) (ad o) (n r AA l g y x) ad (w AB AC m)) h) AD x z)
l x v x f f x x x x B E F t x ad (G o z v (a u t) z) (m f r b (c v (H (a y r g f) I J x q x s) (K L ac) ad M u t N r) b g) O o P l d (a (Q d s) (R z)) S o (T (U V W (y f l (X aa t (c (h n d Y) Z j) a j c t) (ad o) (n r AA l g y x) ad (w AB AC m)) h) AD x z)
u a g i v x x x x x B E F t x ad (G o z v (a u t) z) (m f r b (c v (H (a y r g f) I J x q x s) (K L ac) ad M u t N r) b g) O o P l d (a (Q d s) (R z)) S o (T (U V W (y f l (X aa t (c (h n d Y) Z j) a j c t) (ad o) (n r AA l g y x) ad (w AB AC m)) h) AD x z)
h (ac q) z a g i v x x x x x B E F t x ad (G o z v (a u t) z) (m f r b (c v (H (a y r g f) I J x q x s) (K L ac) ad M u t N r) b g) O o P l d (a (Q d s) (R z)) S o (T (U V W (y f l (X aa t (c (h n d Y) Z j) a j c t) (ad o) (n r AA l g y x) ad (w AB AC m)) h) AD x z)
l x v x f f x x x x x B E F t x ad (G o z v (a u t) z) (m f r b (c v (H (a y r g f) I J x q x s) (K L ac) ad M u t N r) b g) O o P l d (a (Q d s) (R z)) S o (T (U V W (y f l (X aa t (c (h n d Y) Z j) a j c t) (ad o) (n r AA l g y x) ad (w AB AC m)) h) AD x z)
u a g i v x x x x x x B E F t x ad (G o z v (a u t) z) (m f r b (c v (H (a y r g f) I J x q x s) (K L ac) ad M u t N r) b g) O o P l d (a (Q d s) (R z)) S o (T (U V W (y f l (X aa t (c (h n d Y) Z j) a j c t) (ad o) (n r AA l g y x) ad (w AB AC m)) h) AD x z)
h (ac q) z a g i v x x x x x x B E F t x ad (G o z v (a u t) z) (m f r b (c v (H (a y r g f) I J x q x s) (K L ac) ad M u t N r) b g) O o P l d (a (Q d s) (R z)) S o (T (U V W (y f l (X aa t (c (h n d Y) Z j) a j c t) (ad o) (n r AA l g y x) ad (w AB AC m)) h) AD x z)
l x v x f f x x x x x x B E F t x ad (G o z v (a u t) z) (m f r b (c v (H (a y r g f) I J x q x s) (K L ac) ad M u t N r) b g) O o P l d (a (Q d s) (R z)) S o (T (U V W (y f l (X aa t (c (h n d Y) Z j) a j c t) (ad o) (n r AA l g y x) ad (w AB AC m)) h) AD x z)
u a g i v x x x x x x x B E F t x ad (G o z v (a u t) z) (m f r b (c v (H (a y r g f) I J x q x s) (K L ac) ad M u t N r) b g) O o P l d (a (Q d s) (R z)) S o (T (U V W (y f l (X aa t (c (h n d Y) Z j) a j c t) (ad o) (n r AA l g y x) ad (w AB AC m)) h) AD x z)
h (ac q) z a g i v x x x x x x x B E F t x ad (G o z v (a u t) z) (m f r b (c v (H (a y r g f) I J x q x s) (K L ac) ad M u t N r) b g) O o P l d (a (Q d s) (R z)) S o (T (U V W (y f l (X aa t (c (h n d Y) Z j) a j c t) (ad o) (n r AA l g y x) ad (w AB AC m)) h) AD x z)
l x v x f f x x x x x x x B E F t x ad (G o z v (a u t) z) (m f r b (c v (H (a y r g f) I J x q x s) (K L ac) ad M u t N r) b g) O o P l d (a (Q d s) (R z)) S o (T (U V W (y f l (X aa t (c (h n d Y) Z j) a j c t) (ad o) (n r AA l g y x) ad (w AB AC m)) h) AD x z)
u a g i v x x x x x x x x B E F t x ad (G o z v (a u t) z) (m f r b (c v (H (a y r g f) I J x q x s) (K L ac) ad M u t N r) b g) O o P l d (a (Q d s) (R z)) S o (T (U V W (y f l (X aa t (c (h n d Y) Z j) a j c t) (ad o) (n r AA l g y x) ad (w AB AC m)) h) AD x z)
h (ac q) z a g i v x x x x x x x x B E F t x ad (G o z v (a u t) z) (m f r b (c v (H (a y r g f) I J x q x s) (K L ac) ad M u t N r) b g) O o P l d (a (Q d s) (R z)) S o (T (U V W (y f l (X aa t (c (h n d Y) Z j) a j c t) (ad o) (n r AA l g y x) ad (w AB AC m)) h) AD x z)
l x v x f f x x x x x x x x B E F t x ad (G o z v (a u t) z) (m f r b (c v (H (a y r g f) I J x q x s) (K L ac) ad M u t N r) b g) O o P l d (a (Q d s) (R z)) S o (T (U V W (y f l (X aa t (c (h n d Y) Z j) a j c t) (ad o) (n r AA l g y x) ad (w AB AC m)) h) AD x z)
u a g i v x x x x x x x x x B E F t x ad (G o z v (a u t) z) (m f r b (c v (H (a y r g f) I J x q x s) (K L ac) ad M u t N r) b g) O o P l d (a (Q d s) (R z)) S o (T (U V W (y f l (X aa t (c (h n d Y) Z j) a j c t) (ad o) (n r AA l g y x) ad (w AB AC m)) h) AD x z)
h (ac q) z a g i v x x x x x x x x x B E F t x ad (G o z v (a u t) z) (m f r b (c v (H (a y r g f) I J x q x s) (K L ac) ad M u t N r) b g) O o P l d (a (Q d s) (R z)) S o (T (U V W (y f l (X aa t (c (h n d Y) Z j) a j c t) (ad o) (n r AA l g y x) ad (w AB AC m)) h) AD x z)


