a ae = v r e s t c
b ag ah af ae = u aa t q d (p ae) t
c ah ag af ae = p t ah (ac n) n ab t
d af ag ai ae ah aj = q k
e af ae ag = ae (b i) (k af (ag z) g) x b
f ae af = ae ae i x ae
g af ae = p
h ag ae af ah = ag l v (r (t (ag y) d t ag))
i ae = w o z (ac w t)
j af ae = y ae
k ah ag ae ai af = e r u (x ab m aa f)
l ae af = af n x ac ae z f af ad ae
m ae af = aa
n ae af = ac f o i r u p af ae
o ae af = b b z x k q af
p ae ah ag ai af = ah e w
q ae = ae
r ag ae ai aj ah af = m ad
s ah ai ae ag af = o w t
t = ac (ac q g a ad)
u ae ag af = ab m ae m af s c
v ae = r r (ad j j) f (s z e)
w ae af = ae (f z x h u r f) u d
x ae ah ag af = af k o
y ag ae af ah = l (t j ag)
z ae ah af ai ag = ah ai g ai ab
aa ag ah ai ae af aj = z (h (ac n x e)) l ag ai
ab ae af = a aa b z r
ac ae = f ad ae b
ad = a o (y s (a s k) a) v
main = l A (B (y i p (C b v)) d b ad aa p l u n o c (b b D) (i (E F (ab ab y G e u aa (f v t ac (H g I ad g o z (J v y r) v (K u) y aa (c f) h ab (m w) ad h k b (L aa u l M (N (o ab w e (O g P r z Q R S (f f) f n) e i) ad) q y x c q b j d r T U V W)))))))
------------------------------------------------------------
l A (B (y i p (C b v)) d b ad aa p l u n o c (b b D) (i (E F (ab ab y G e u aa (f v t ac (H g I ad g o z (J v y r) v (K u) y aa (c f) h ab (m w) ad h k b (L aa u l M (N (o ab w e (O g P r z Q R S (f f) f n) e i) ad) q y x c q b j d r T U V W)))))))
B (y i p (C b v)) d b ad aa p l u n o c (b b D) (i (E F (ab ab y G e u aa (f v t ac (H g I ad g o z (J v y r) v (K u) y aa (c f) h ab (m w) ad h k b (L aa u l M (N (o ab w e (O g P r z Q R S (f f) f n) e i) ad) q y x c q b j d r T U V W)))))) n x ac A z f (B (y i p (C b v)) d b ad aa p l u n o c (b b D) (i (E F (ab ab y G e u aa (f v t ac (H g I ad g o z (J v y r) v (K u) y aa (c f) h ab (m w) ad h k b (L aa u l M (N (o ab w e (O g P r z Q R S (f f) f n) e i) ad) q y x c q b j d r T U V W))))))) ad A
B (y i p (C b v)) d b (a o (y s (a s k) a) v) aa p l u n o c (b b D) (i (E F (ab ab y G e u aa (f v t ac (H g I ad g o z (J v y r) v (K u) y aa (c f) h ab (m w) ad h k b (L aa u l M (N (o ab w e (O g P r z Q R S (f f) f n) e i) ad) q y x c q b j d r T U V W)))))) n x ac A z f (B (y i p (C b v)) d b ad aa p l u n o c (b b D) (i (E F (ab ab y G e u aa (f v t ac (H g I ad g o z (J v y r) v (K u) y aa (c f) h ab (m w) ad h k b (L aa u l M (N (o ab w e (O g P r z Q R S (f f) f n) e i) ad) q y x c q b j d r T U V W))))))) ad A
B (y i p (C b v)) d b (v r e s t c (y s (a s k) a) v) aa p l u n o c (b b D) (i (E F (ab ab y G e u aa (f v t ac (H g I ad g o z (J v y r) v (K u) y aa (c f) h ab (m w) ad h k b (L aa u l M (N (o ab w e (O g P r z Q R S (f f) f n) e i) ad) q y x c q b j d r T U V W)))))) n x ac A z f (B (y i p (C b v)) d b ad aa p l u n o c (b b D) (i (E F (ab ab y G e u aa (f v t ac (H g I ad g o z (J v y r) v (K u) y aa (c f) h ab (m w) ad h k b (L aa u l M (N (o ab w e (O g P r z Q R S (f f) f n) e i) ad) q y x c q b j d r T U V W))))))) ad A
B (y i p (C b v)) d b (r r (ad j j) f (s z e) e s t c (y s (a s k) a) v) aa p l u n o c (b b D) (i (E F (ab ab y G e u aa (f v t ac (H g I ad g o z (J v y r) v (K u) y aa (c f) h ab (m w) ad h k b (L aa u l M (N (o ab w e (O g P r z Q R S (f f) f n) e i) ad) q y x c q b j d r T U V W)))))) n x ac A z f (B (y i p (C b v)) d b ad aa p l u n o c (b b D) (i (E F (ab ab y G e u aa (f v t ac (H g I ad g o z (J v y r) v (K u) y aa (c f) h ab (m w) ad h k b (L aa u l M (N (o ab w e (O g P r z Q R S (f f) f n) e i) ad) q y x c q b j d r T U V W))))))) ad A
B (y i p (C b v)) d b (m ad t c (y s (a s k) a) v) aa p l u n o c (b b D) (i (E F (ab ab y G e u aa (f v t ac (H g I ad g o z (J v y r) v (K u) y aa (c f) h ab (m w) ad h k b (L aa u l M (N (o ab w e (O g P r z Q R S (f f) f n) e i) ad) q y x c q b j d r T U V W)))))) n x ac A z f (B (y i p (C b v)) d b ad aa p l u n o c (b b D) (i (E F (ab ab y G e u aa (f v t ac (H g I ad g o z (J v y r) v (K u) y aa (c f) h ab (m w) ad h k b (L aa u l M (N (o ab w e (O g P r z Q R S (f f) f n) e i) ad) q y x c q b j d r T U V W))))))) ad A
B (y i p (C b v)) d b (aa c (y s (a s k) a) v) aa p l u n o c (b b D) (i (E F (ab ab y G e u aa (f v t ac (H g I ad g o z (J v y r) v (K u) y aa (c f) h ab (m w) ad h k b (L aa u l M (N (o ab w e (O g P r z Q R S (f f) f n) e i) ad) q y x c q b j d r T U V W)))))) n x ac A z f (B (y i p (C b v)) d b ad aa p l u n o c (b b D) (i (E F (ab ab y G e u aa (f v t ac (H g I ad g o z (J v y r) v (K u) y aa (c f) h ab (m w) ad h k b (L aa u l M (N (o ab w e (O g P r z Q R S (f f) f n) e i) ad) q y x c q b j d r T U V W))))))) ad A
B (y i p (C b v)) d b (aa c (y s (v r e s t c k) a) v) aa p l u n o c (b b D) (i (E F (ab ab y G e u aa (f v t ac (H g I ad g o z (J v y r) v (K u) y aa (c f) h ab (m w) ad h k b (L aa u l M (N (o ab w e (O g P r z Q R S (f f) f n) e i) ad) q y x c q b j d r T U V W)))))) n x ac A z f (B (y i p (C b v)) d b ad aa p l u n o c (b b D) (i (E F (ab ab y G e u aa (f v t ac (H g I ad g o z (J v y r) v (K u) y aa (c f) h ab (m w) ad h k b (L aa u l M (N (o ab w e (O g P r z Q R S (f f) f n) e i) ad) q y x c q b j d r T U V W))))))) ad A
B (y i p (C b v)) d b (aa c (y s (r r (ad j j) f (s z e) e s t c k) a) v) aa p l u n o c (b b D) (i (E F (ab ab y G e u aa (f v t ac (H g I ad g o z (J v y r) v (K u) y aa (c f) h ab (m w) ad h k b (L aa u l M (N (o ab w e (O g P r z Q R S (f f) f n) e i) ad) q y x c q b j d r T U V W)))))) n x ac A z f (B (y i p (C b v)) d b ad aa p l u n o c (b b D) (i (E F (ab ab y G e u aa (f v t ac (H g I ad g o z (J v y r) v (K u) y aa (c f) h ab (m w) ad h k b (L aa u l M (N (o ab w e (O g P r z Q R S (f f) f n) e i) ad) q y x c q b j d r T U V W))))))) ad A
B (y i p (C b v)) d b (aa c (y s (m ad t c k) a) v) aa p l u n o c (b b D) (i (E F (ab ab y G e u aa (f v t ac (H g I ad g o z (J v y r) v (K u) y aa (c f) h ab (m w) ad h k b (L aa u l M (N (o ab w e (O g P r z Q R S (f f) f n) e i) ad) q y x c q b j d r T U V W)))))) n x ac A z f (B (y i p (C b v)) d b ad aa p l u n o c (b b D) (i (E F (ab ab y G e u aa (f v t ac (H g I ad g o z (J v y r) v (K u) y aa (c f) h ab (m w) ad h k b (L aa u l M (N (o ab w e (O g P r z Q R S (f f) f n) e i) ad) q y x c q b j d r T U V W))))))) ad A
B (y i p (C b v)) d b (aa c (y s (aa c k) a) v) aa p l u n o c (b b D) (i (E F (ab ab y G e u aa (f v t ac (H g I ad g o z (J v y r) v (K u) y aa (c f) h ab (m w) ad h k b (L aa u l M (N (o ab w e (O g P r z Q R S (f f) f n) e i) ad) q y x c q b j d r T U V W)))))) n x ac A z f (B (y i p (C b v)) d b ad aa p l u n o c (b b D) (i (E F (ab ab y G e u aa (f v t ac (H g I ad g o z (J v y r) v (K u) y aa (c f) h ab (m w) ad h k b (L aa u l M (N (o ab w e (O g P r z Q R S (f f) f n) e i) ad) q y x c q b j d r T U V W))))))) ad A
B (y i p (C b v)) d b (aa c (y s (aa c k) a) v) aa p l u n o c (b b D) (w o z (ac w t)) n x ac A z f (B (y i p (C b v)) d b ad aa p l u n o c (b b D) (i (E F (ab ab y G e u aa (f v t ac (H g I ad g o z (J v y r) v (K u) y aa (c f) h ab (m w) ad h k b (L aa u l M (N (o ab w e (O g P r z Q R S (f f) f n) e i) ad) q y x c q b j d r T U V W))))))) ad A
B (y i p (C b v)) d b (aa c (y s (aa c k) a) v) aa p l u n o c (b b D) (o (f z x h u r f) u d (ac w t)) n x ac A z f (B (y i p (C b v)) d b ad aa p l u n o c (b b D) (i (E F (ab ab y G e u aa (f v t ac (H g I ad g o z (J v y r) v (K u) y aa (c f) h ab (m w) ad h k b (L aa u l M (N (o ab w e (O g P r z Q R S (f f) f n) e i) ad) q y x c q b j d r T U V W))))))) ad A
B (y i p (C b v)) d b (aa c (y s (aa c k) a) v) aa p l u n o c (b b D) (b b z x k q u d (ac w t)) n x ac A z f (B (y i p (C b v)) d b ad aa p l u n o c (b b D) (i (E F (ab ab y G e u aa (f v t ac (H g I ad g o z (J v y r) v (K u) y aa (c f) h ab (m w) ad h k b (L aa u l M (N (o ab w e (O g P r z Q R S (f f) f n) e i) ad) q y x c q b j d r T U V W))))))) ad A
B (y i p (C b v)) d b (aa c (y s (aa c k) a) v) aa p l u n o c (b b D) (u aa t q d (p k) t q u d (ac w t)) n x ac A z f (B (y i p (C b v)) d b ad aa p l u n o c (b b D) (i (E F (ab ab y G e u aa (f v t ac (H g I ad g o z (J v y r) v (K u) y aa (c f) h ab (m w) ad h k b (L aa u l M (N (o ab w e (O g P r z Q R S (f f) f n) e i) ad) q y x c q b j d r T U V W))))))) ad A
B (y i p (C b v)) d b (aa c (y s (aa c k) a) v) aa p l u n o c (b b D) (ab m aa m q s c d (p k) t q u d (ac w t)) n x ac A z f (B (y i p (C b v)) d b ad aa p l u n o c (b b D) (i (E F (ab ab y G e u aa (f v t ac (H g I ad g o z (J v y r) v (K u) y aa (c f) h ab (m w) ad h k b (L aa u l M (N (o ab w e (O g P r z Q R S (f f) f n) e i) ad) q y x c q b j d r T U V W))))))) ad A
B (y i p (C b v)) d b (aa c (y s (aa c k) a) v) aa p l u n o c (b b D) (a aa b z r m q s c d (p k) t q u d (ac w t)) n x ac A z f (B (y i p (C b v)) d b ad aa p l u n o c (b b D) (i (E F (ab ab y G e u aa (f v t ac (H g I ad g o z (J v y r) v (K u) y aa (c f) h ab (m w) ad h k b (L aa u l M (N (o ab w e (O g P r z Q R S (f f) f n) e i) ad) q y x c q b j d r T U V W))))))) ad A
B (y i p (C b v)) d b (aa c (y s (aa c k) a) v) aa p l u n o c (b b D) (v r e s t c b z r m q s c d (p k) t q u d (ac w t)) n x ac A z f (B (y i p (C b v)) d b ad aa p l u n o c (b b D) (i (E F (ab ab y G e u aa (f v t ac (H g I ad g o z (J v y r) v (K u) y aa (c f) h ab (m w) ad h k b (L aa u l M (N (o ab w e (O g P r z Q R S (f f) f n) e i) ad) q y x c q b j d r T U V W))))))) ad A
B (y i p (C b v)) d b (aa c (y s (aa c k) a) v) aa p l u n o c (b b D) (r r (ad j j) f (s z e) e s t c b z r m q s c d (p k) t q u d (ac w t)) n x ac A z f (B (y i p (C b v)) d b ad aa p l u n o c (b b D) (i (E F (ab ab y G e u aa (f v t ac (H g I ad g o z (J v y r) v (K u) y aa (c f) h ab (m w) ad h k b (L aa u l M (N (o ab w e (O g P r z Q R S (f f) f n) e i) ad) q y x c q b j d r T U V W))))))) ad A
B (y i p (C b v)) d b (aa c (y s (aa c k) a) v) aa p l u n o c (b b D) (m ad t c b z r m q s c d (p k) t q u d (ac w t)) n x ac A z f (B (y i p (C b v)) d b ad aa p l u n o c (b b D) (i (E F (ab ab y G e u aa (f v t ac (H g I ad g o z (J v y r) v (K u) y aa (c f) h ab (m w) ad h k b (L aa u l M (N (o ab w e (O g P r z Q R S (f f) f n) e i) ad) q y x c q b j d r T U V W))))))) ad A
B (y i p (C b v)) d b (aa c (y s (aa c k) a) v) aa p l u n o c (b b D) (aa c b z r m q s c d (p k) t q u d (ac w t)) n x ac A z f (B (y i p (C b v)) d b ad aa p l u n o c (b b D) (i (E F (ab ab y G e u aa (f v t ac (H g I ad g o z (J v y r) v (K u) y aa (c f) h ab (m w) ad h k b (L aa u l M (N (o ab w e (O g P r z Q R S (f f) f n) e i) ad) q y x c q b j d r T U V W))))))) ad A
B (y i p (C b v)) d b (aa c (y s (aa c k) a) v) aa p l u n o c (b b D) (z (h (ac n x e)) l c z s c d (p k) t q u d (ac w t)) n x ac A z f (B (y i p (C b v)) d b ad aa p l u n o c (b b D) (i (E F (ab ab y G e u aa (f v t ac (H g I ad g o z (J v y r) v (K u) y aa (c f) h ab (m w) ad h k b (L aa u l M (N (o ab w e (O g P r z Q R S (f f) f n) e i) ad) q y x c q b j d r T U V W))))))) ad A
B (y i p (C b v)) d b (aa c (y s (aa c k) a) v) aa p l u n o c (b b D) (l z g z ab c d (p k) t q u d (ac w t)) n x ac A z f (B (y i p (C b v)) d b ad aa p l u n o c (b b D) (i (E F (ab ab y G e u aa (f v t ac (H g I ad g o z (J v y r) v (K u) y aa (c f) h ab (m w) ad h k b (L aa u l M (N (o ab w e (O g P r z Q R S (f f) f n) e i) ad) q y x c q b j d r T U V W))))))) ad A
B (y i p (C b v)) d b (aa c (y s (aa c k) a) v) aa p l u n o c (b b D) (g n x ac z z f g ad z z ab c d (p k) t q u d (ac w t)) n x ac A z f (B (y i p (C b v)) d b ad aa p l u n o c (b b D) (i (E F (ab ab y G e u aa (f v t ac (H g I ad g o z (J v y r) v (K u) y aa (c f) h ab (m w) ad h k b (L aa u l M (N (o ab w e (O g P r z Q R S (f f) f n) e i) ad) q y x c q b j d r T U V W))))))) ad A
B (y i p (C b v)) d b (aa c (y s (aa c k) a) v) aa p l u n o c (b b D) (p ac z z f g ad z z ab c d (p k) t q u d (ac w t)) n x ac A z f (B (y i p (C b v)) d b ad aa p l u n o c (b b D) (i (E F (ab ab y G e u aa (f v t ac (H g I ad g o z (J v y r) v (K u) y aa (c f) h ab (m w) ad h k b (L aa u l M (N (o ab w e (O g P r z Q R S (f f) f n) e i) ad) q y x c q b j d r T U V W))))))) ad A
B (y i p (C b v)) d b (aa c (y s (aa c k) a) v) aa p l u n o c (b b D) (z e w ad z z ab c d (p k) t q u d (ac w t)) n x ac A z f (B (y i p (C b v)) d b ad aa p l u n o c (b b D) (i (E F (ab ab y G e u aa (f v t ac (H g I ad g o z (J v y r) v (K u) y aa (c f) h ab (m w) ad h k b (L aa u l M (N (o ab w e (O g P r z Q R S (f f) f n) e i) ad) q y x c q b j d r T U V W))))))) ad A
B (y i p (C b v)) d b (aa c (y s (aa c k) a) v) aa p l u n o c (b b D) (w z g z ab ab c d (p k) t q u d (ac w t)) n x ac A z f (B (y i p (C b v)) d b ad aa p l u n o c (b b D) (i (E F (ab ab y G e u aa (f v t ac (H g I ad g o z (J v y r) v (K u) y aa (c f) h ab (m w) ad h k b (L aa u l M (N (o ab w e (O g P r z Q R S (f f) f n) e i) ad) q y x c q b j d r T U V W))))))) ad A
B (y i p (C b v)) d b (aa c (y s (aa c k) a) v) aa p l u n o c (b b D) (z (f z x h u r f) u d z ab ab c d (p k) t q u d (ac w t)) n x ac A z f (B (y i p (C b v)) d b ad aa p l u n o c (b b D) (i (E F (ab ab y G e u aa (f v t ac (H g I ad g o z (J v y r) v (K u) y aa (c f) h ab (m w) ad h k b (L aa u l M (N (o ab w e (O g P r z Q R S (f f) f n) e i) ad) q y x c q b j d r T U V W))))))) ad A
B (y i p (C b v)) d b (aa c (y s (aa c k) a) v) aa p l u n o c (b b D) (u z g z ab ab c d (p k) t q u d (ac w t)) n x ac A z f (B (y i p (C b v)) d b ad aa p l u n o c (b b D) (i (E F (ab ab y G e u aa (f v t ac (H g I ad g o z (J v y r) v (K u) y aa (c f) h ab (m w) ad h k b (L aa u l M (N (o ab w e (O g P r z Q R S (f f) f n) e i) ad) q y x c q b j d r T U V W))))))) ad A
B (y i p (C b v)) d b (aa c (y s (aa c k) a) v) aa p l u n o c (b b D) (ab m z m z s c ab ab c d (p k) t q u d (ac w t)) n x ac A z f (B (y i p (C b v)) d b ad aa p l u n o c (b b D) (i (E F (ab ab y G e u aa (f v t ac (H g I ad g o z (J v y r) v (K u) y aa (c f) h ab (m w) ad h k b (L aa u l M (N (o ab w e (O g P r z Q R S (f f) f n) e i) ad) q y x c q b j d r T U V W))))))) ad A


