a ae af aj ah ag ai = ai
b ae = ac n j (p d)
c ag ae af ai ah = h i ac r f d i
d ae = m aa u l
e ae = d q ac ad a w (m y)
f = m ad s d
g ah af ag ai ae = h m d ag
h af ae = l
i ae = l m w ae a c r q (m b)
j af ae = s af d p c (n aa ae)
k ae = l g (n s) (g ac ae ad) ad
l ae ag ai ah af = i (g d aa o w t) ac
m af ag ae = f n ac
n = b x w z w
o ag ae ah af = n p ad n
p af ae ag = f (ag z s g)
q ae ag af = k e g n b x
r = ab aa u (u t (v a i))
s af ae ag = ac j aa
t ae af ag = p (u ag u a ag)
u ai ah af aj ag ae = x k aa aj q w ac
v ae af = g (ad ac h j a n)
w ae af ag = ab ag r o e e
x ah af ae ag = l (af l f (t w n z))
y af ag ae = a o w aa (w l t q)
z af ae = af ac ae y k w b
aa ah ag af aj ai ae = n d t l aj aj t
ab ae ag ai ah af = v q o y p m r x g
ac ae = m i
ad aj ai af ah ae ag = q v v
main = e aa g q A k s w (c l (s i k s (w B (C n k) m (D x) (ab g d) c (ac (E i g) u) (F (y q (p j G H)) aa w c a (I J a p v)) u p (s f q (f h aa y s y K L z p M j z i) N) c O d (P Q R a h aa i S m m) d) T a a ad) s g f c y (u (U V (b (ac a)) W X Y u)))
------------------------------------------------------------
e aa g q A k s w (c l (s i k s (w B (C n k) m (D x) (ab g d) c (ac (E i g) u) (F (y q (p j G H)) aa w c a (I J a p v)) u p (s f q (f h aa y s y K L z p M j z i) N) c O d (P Q R a h aa i S m m) d) T a a ad) s g f c y (u (U V (b (ac a)) W X Y u)))
d q ac ad a w (m y) g q A k s w (c l (s i k s (w B (C n k) m (D x) (ab g d) c (ac (E i g) u) (F (y q (p j G H)) aa w c a (I J a p v)) u p (s f q (f h aa y s y K L z p M j z i) N) c O d (P Q R a h aa i S m m) d) T a a ad) s g f c y (u (U V (b (ac a)) W X Y u)))
m aa u l ac ad a w (m y) g q A k s w (c l (s i k s (w B (C n k) m (D x) (ab g d) c (ac (E i g) u) (F (y q (p j G H)) aa w c a (I J a p v)) u p (s f q (f h aa y s y K L z p M j z i) N) c O d (P Q R a h aa i S m m) d) T a a ad) s g f c y (u (U V (b (ac a)) W X Y u)))
f n ac ac ad a w (m y) g q A k s w (c l (s i k s (w B (C n k) m (D x) (ab g d) c (ac (E i g) u) (F (y q (p j G H)) aa w c a (I J a p v)) u p (s f q (f h aa y s y K L z p M j z i) N) c O d (P Q R a h aa i S m m) d) T a a ad) s g f c y (u (U V (b (ac a)) W X Y u)))
m ad s d n ac ac ad a w (m y) g q A k s w (c l (s i k s (w B (C n k) m (D x) (ab g d) c (ac (E i g) u) (F (y q (p j G H)) aa w c a (I J a p v)) u p (s f q (f h aa y s y K L z p M j z i) N) c O d (P Q R a h aa i S m m) d) T a a ad) s g f c y (u (U V (b (ac a)) W X Y u)))
f n ac n ac ac ad a w (m y) g q A k s w (c l (s i k s (w B (C n k) m (D x) (ab g d) c (ac (E i g) u) (F (y q (p j G H)) aa w c a (I J a p v)) u p (s f q (f h aa y s y K L z p M j z i) N) c O d (P Q R a h aa i S m m) d) T a a ad) s g f c y (u (U V (b (ac a)) W X Y u)))
m ad s d n ac n ac ac ad a w (m y) g q A k s w (c l (s i k s (w B (C n k) m (D x) (ab g d) c (ac (E i g) u) (F (y q (p j G H)) aa w c a (I J a p v)) u p (s f q (f h aa y s y K L z p M j z i) N) c O d (P Q R a h aa i S m m) d) T a a ad) s g f c y (u (U V (b (ac a)) W X Y u)))
f n ac n ac n ac ac ad a w (m y) g q A k s w (c l (s i k s (w B (C n k) m (D x) (ab g d) c (ac (E i g) u) (F (y q (p j G H)) aa w c a (I J a p v)) u p (s f q (f h aa y s y K L z p M j z i) N) c O d (P Q R a h aa i S m m) d) T a a ad) s g f c y (u (U V (b (ac a)) W X Y u)))
m ad s d n ac n ac n ac ac ad a w (m y) g q A k s w (c l (s i k s (w B (C n k) m (D x) (ab g d) c (ac (E i g) u) (F (y q (p j G H)) aa w c a (I J a p v)) u p (s f q (f h aa y s y K L z p M j z i) N) c O d (P Q R a h aa i S m m) d) T a a ad) s g f c y (u (U V (b (ac a)) W X Y u)))
f n ac n ac n ac n ac ac ad a w (m y) g q A k s w (c l (s i k s (w B (C n k) m (D x) (ab g d) c (ac (E i g) u) (F (y q (p j G H)) aa w c a (I J a p v)) u p (s f q (f h aa y s y K L z p M j z i) N) c O d (P Q R a h aa i S m m) d) T a a ad) s g f c y (u (U V (b (ac a)) W X Y u)))
m ad s d n ac n ac n ac n ac ac ad a w (m y) g q A k s w (c l (s i k s (w B (C n k) m (D x) (ab g d) c (ac (E i g) u) (F (y q (p j G H)) aa w c a (I J a p v)) u p (s f q (f h aa y s y K L z p M j z i) N) c O d (P Q R a h aa i S m m) d) T a a ad) s g f c y (u (U V (b (ac a)) W X Y u)))
f n ac n ac n ac n ac n ac ac ad a w (m y) g q A k s w (c l (s i k s (w B (C n k) m (D x) (ab g d) c (ac (E i g) u) (F (y q (p j G H)) aa w c a (I J a p v)) u p (s f q (f h aa y s y K L z p M j z i) N) c O d (P Q R a h aa i S m m) d) T a a ad) s g f c y (u (U V (b (ac a)) W X Y u)))
m ad s d n ac n ac n ac n ac n ac ac ad a w (m y) g q A k s w (c l (s i k s (w B (C n k) m (D x) (ab g d) c (ac (E i g) u) (F (y q (p j G H)) aa w c a (I J a p v)) u p (s f q (f h aa y s y K L z p M j z i) N) c O d (P Q R a h aa i S m m) d) T a a ad) s g f c y (u (U V (b (ac a)) W X Y u)))
f n ac n ac n ac n ac n ac n ac ac ad a w (m y) g q A k s w (c l (s i k s (w B (C n k) m (D x) (ab g d) c (ac (E i g) u) (F (y q (p j G H)) aa w c a (I J a p v)) u p (s f q (f h aa y s y K L z p M j z i) N) c O d (P Q R a h aa i S m m) d) T a a ad) s g f c y (u (U V (b (ac a)) W X Y u)))
m ad s d n ac n ac n ac n ac n ac n ac ac ad a w (m y) g q A k s w (c l (s i k s (w B (C n k) m (D x) (ab g d) c (ac (E i g) u) (F (y q (p j G H)) aa w c a (I J a p v)) u p (s f q (f h aa y s y K L z p M j z i) N) c O d (P Q R a h aa i S m m) d) T a a ad) s g f c y (u (U V (b (ac a)) W X Y u)))
f n ac n ac n ac n ac n ac n ac n ac ac ad a w (m y) g q A k s w (c l (s i k s (w B (C n k) m (D x) (ab g d) c (ac (E i g) u) (F (y q (p j G H)) aa w c a (I J a p v)) u p (s f q (f h aa y s y K L z p M j z i) N) c O d (P Q R a h aa i S m m) d) T a a ad) s g f c y (u (U V (b (ac a)) W X Y u)))
m ad s d n ac n ac n ac n ac n ac n ac n ac ac ad a w (m y) g q A k s w (c l (s i k s (w B (C n k) m (D x) (ab g d) c (ac (E i g) u) (F (y q (p j G H)) aa w c a (I J a p v)) u p (s f q (f h aa y s y K L z p M j z i) N) c O d (P Q R a h aa i S m m) d) T a a ad) s g f c y (u (U V (b (ac a)) W X Y u)))
f n ac n ac n ac n ac n ac n ac n ac n ac ac ad a w (m y) g q A k s w (c l (s i k s (w B (C n k) m (D x) (ab g d) c (ac (E i g) u) (F (y q (p j G H)) aa w c a (I J a p v)) u p (s f q (f h aa y s y K L z p M j z i) N) c O d (P Q R a h aa i S m m) d) T a a ad) s g f c y (u (U V (b (ac a)) W X Y u)))
m ad s d n ac n ac n ac n ac n ac n ac n ac n ac ac ad a w (m y) g q A k s w (c l (s i k s (w B (C n k) m (D x) (ab g d) c (ac (E i g) u) (F (y q (p j G H)) aa w c a (I J a p v)) u p (s f q (f h aa y s y K L z p M j z i) N) c O d (P Q R a h aa i S m m) d) T a a ad) s g f c y (u (U V (b (ac a)) W X Y u)))
f n ac n ac n ac n ac n ac n ac n ac n ac n ac ac ad a w (m y) g q A k s w (c l (s i k s (w B (C n k) m (D x) (ab g d) c (ac (E i g) u) (F (y q (p j G H)) aa w c a (I J a p v)) u p (s f q (f h aa y s y K L z p M j z i) N) c O d (P Q R a h aa i S m m) d) T a a ad) s g f c y (u (U V (b (ac a)) W X Y u)))
m ad s d n ac n ac n ac n ac n ac n ac n ac n ac n ac ac ad a w (m y) g q A k s w (c l (s i k s (w B (C n k) m (D x) (ab g d) c (ac (E i g) u) (F (y q (p j G H)) aa w c a (I J a p v)) u p (s f q (f h aa y s y K L z p M j z i) N) c O d (P Q R a h aa i S m m) d) T a a ad) s g f c y (u (U V (b (ac a)) W X Y u)))
f n ac n ac n ac n ac n ac n ac n ac n ac n ac n ac ac ad a w (m y) g q A k s w (c l (s i k s (w B (C n k) m (D x) (ab g d) c (ac (E i g) u) (F (y q (p j G H)) aa w c a (I J a p v)) u p (s f q (f h aa y s y K L z p M j z i) N) c O d (P Q R a h aa i S m m) d) T a a ad) s g f c y (u (U V (b (ac a)) W X Y u)))
m ad s d n ac n ac n ac n ac n ac n ac n ac n ac n ac n ac ac ad a w (m y) g q A k s w (c l (s i k s (w B (C n k) m (D x) (ab g d) c (ac (E i g) u) (F (y q (p j G H)) aa w c a (I J a p v)) u p (s f q (f h aa y s y K L z p M j z i) N) c O d (P Q R a h aa i S m m) d) T a a ad) s g f c y (u (U V (b (ac a)) W X Y u)))
f n ac n ac n ac n ac n ac n ac n ac n ac n ac n ac n ac ac ad a w (m y) g q A k s w (c l (s i k s (w B (C n k) m (D x) (ab g d) c (ac (E i g) u) (F (y q (p j G H)) aa w c a (I J a p v)) u p (s f q (f h aa y s y K L z p M j z i) N) c O d (P Q R a h aa i S m m) d) T a a ad) s g f c y (u (U V (b (ac a)) W X Y u)))
m ad s d n ac n ac n ac n ac n ac n ac n ac n ac n ac n ac n ac ac ad a w (m y) g q A k s w (c l (s i k s (w B (C n k) m (D x) (ab g d) c (ac (E i g) u) (F (y q (p j G H)) aa w c a (I J a p v)) u p (s f q (f h aa y s y K L z p M j z i) N) c O d (P Q R a h aa i S m m) d) T a a ad) s g f c y (u (U V (b (ac a)) W X Y u)))
f n ac n ac n ac n ac n ac n ac n ac n ac n ac n ac n ac n ac ac ad a w (m y) g q A k s w (c l (s i k s (w B (C n k) m (D x) (ab g d) c (ac (E i g) u) (F (y q (p j G H)) aa w c a (I J a p v)) u p (s f q (f h aa y s y K L z p M j z i) N) c O d (P Q R a h aa i S m m) d) T a a ad) s g f c y (u (U V (b (ac a)) W X Y u)))
m ad s d n ac n ac n ac n ac n ac n ac n ac n ac n ac n ac n ac n ac ac ad a w (m y) g q A k s w (c l (s i k s (w B (C n k) m (D x) (ab g d) c (ac (E i g) u) (F (y q (p j G H)) aa w c a (I J a p v)) u p (s f q (f h aa y s y K L z p M j z i) N) c O d (P Q R a h aa i S m m) d) T a a ad) s g f c y (u (U V (b (ac a)) W X Y u)))
f n ac n ac n ac n ac n ac n ac n ac n ac n ac n ac n ac n ac n ac ac ad a w (m y) g q A k s w (c l (s i k s (w B (C n k) m (D x) (ab g d) c (ac (E i g) u) (F (y q (p j G H)) aa w c a (I J a p v)) u p (s f q (f h aa y s y K L z p M j z i) N) c O d (P Q R a h aa i S m m) d) T a a ad) s g f c y (u (U V (b (ac a)) W X Y u)))
m ad s d n ac n ac n ac n ac n ac n ac n ac n ac n ac n ac n ac n ac n ac ac ad a w (m y) g q A k s w (c l (s i k s (w B (C n k) m (D x) (ab g d) c (ac (E i g) u) (F (y q (p j G H)) aa w c a (I J a p v)) u p (s f q (f h aa y s y K L z p M j z i) N) c O d (P Q R a h aa i S m m) d) T a a ad) s g f c y (u (U V (b (ac a)) W X Y u)))
f n ac n ac n ac n ac n ac n ac n ac n ac n ac n ac n ac n ac n ac n ac ac ad a w (m y) g q A k s w (c l (s i k s (w B (C n k) m (D x) (ab g d) c (ac (E i g) u) (F (y q (p j G H)) aa w c a (I J a p v)) u p (s f q (f h aa y s y K L z p M j z i) N) c O d (P Q R a h aa i S m m) d) T a a ad) s g f c y (u (U V (b (ac a)) W X Y u)))


