a af ae = u z u s
b ae ah af ag = h
c ag af ae ah = y d j a d ab
d ai ag ah aj af ae = u
e af ae = i
f ae = d
g = ac
h af ah aj ai ag ae = i b x l x i ah
i ae ah af ag = ah b (ah f) e ac k s b k
j ah ae af ag = r ab
k ah ag ae af = s ah e ad (ag t) af u
l ae af = af w
m ag ai ae ah af aj = o c (e ah)
n af ae = i u w ae a
o ag af ae = v ag (i g) c af v ad
p = z z (c ad j aa n t)
q aj ah ae ai ag af = ad aj a s w f
r ae = j ad h (z t y i)
s af ae = z v ac y w ae ab n z
t ah ag af ae = r a
u ag ai ah af ae = i ad ad ac ad
v ag ai af ae ah = l t
w ae af = r i z h k t ac x
x ag ae ah af = af ae
y ah ae ag af = c a
z af ae ah ag aj ai = b d b v e o
aa ae af = ac b ae
ab af ag ah ai ae = r c ac u f ah (ah ad j)
ac ae = h (u aa r l m b x)
ad af ai aj ah ag ae = e c ai z v l z r m
main = A (f j) m B (ac (l (C (D k (u u k aa a b n b)) w ab (g u a (E u l g) r (a (F c w (G o d b H m x u w a s) ad (I J g v v (K u p) d r q) g l L d (M N d b (O (P b) d (Q (R g u) t) b (g q (S c r) (T u a U) (V W p b) c o m) (z ac) e f q) s X u q c s)))))))
------------------------------------------------------------
A (f j) m B (ac (l (C (D k (u u k aa a b n b)) w ab (g u a (E u l g) r (a (F c w (G o d b H m x u w a s) ad (I J g v v (K u p) d r q) g l L d (M N d b (O (P b) d (Q (R g u) t) b (g q (S c r) (T u a U) (V W p b) c o m) (z ac) e f q) s X u q c s)))))))
A d m B (ac (l (C (D k (u u k aa a b n b)) w ab (g u a (E u l g) r (a (F c w (G o d b H m x u w a s) ad (I J g v v (K u p) d r q) g l L d (M N d b (O (P b) d (Q (R g u) t) b (g q (S c r) (T u a U) (V W p b) c o m) (z ac) e f q) s X u q c s)))))))
A d m B (h (u aa r l m b x))
A d m B (h (i ad ad ac ad x))
A d m B (h (ad b (ad f) e ac k s b k x))
A d m B (h (e c (ad f) z v l z r m b k x))
A d m B (h (i z v l z r m b k x))
A d m B (h (v b (v f) e ac k s b k r m b k x))
A d m B (h (l t s b k r m b k x))
A d m B (h (s w b k r m b k x))
A d m B (h (z v ac y w b ab n z k r m b k x))
A d m B (h (b d b v e o n z k r m b k x))
A d m B (h (h o n z k r m b k x))
A d m B (h (i b x l x i n b k x))
A d m B (h (x b (x f) e ac k s b k i n b k x))
A d m B (h (ac (x f) k s b k i n b k x))
A d m B (h (h (u aa r l m b x) k s b k i n b k x))
A d m B (h (i b x l x i k n b k x))
A d m B (h (x b (x f) e ac k s b k i k n b k x))
A d m B (h (ac (x f) k s b k i k n b k x))
A d m B (h (h (u aa r l m b x) k s b k i k n b k x))
A d m B (h (i b x l x i k k n b k x))
A d m B (h (x b (x f) e ac k s b k i k k n b k x))
A d m B (h (ac (x f) k s b k i k k n b k x))
A d m B (h (h (u aa r l m b x) k s b k i k k n b k x))
A d m B (h (i b x l x i k k k n b k x))
A d m B (h (x b (x f) e ac k s b k i k k k n b k x))
A d m B (h (ac (x f) k s b k i k k k n b k x))
A d m B (h (h (u aa r l m b x) k s b k i k k k n b k x))
A d m B (h (i b x l x i k k k k n b k x))


