a af ae = w
b = ab t g
c ae = ae k l b ae p
d ae ag af = c (t t) s o ad ag ab aa
e af ae = c (u t af q k x o)
f ae af ag = d k ad i ae n
g ah af ae ag = ag l n (x b)
h af ai ag ae ah = ah ag ab
i ae af ag = l s v w p aa d
j ag ae ai af ah = x u m (w (b o v))
k af ag ai ae ah = ae ah n af n w n r x
l af ae = a
m ah ag ae af = r s
n ae = ae l q
o ae = t w
p ae af = af n q d
q ag ae ah af ai = y
r af ag ae = k (ae h)
s ai ag ae af aj ah = u i aa ad ad ac u d
t ae = i k a g
u = h l ac e r r e z
v af ag ae ah = e b
w ah af ae ag = s
x ag af ah ae ai = h o ag (aa t k m r)
y ag ae af = m i v t af (m g) g q a
z ag af ae = f (ad b ag a) m
aa af ai ae ag ah = ad a u g
ab ag ae af ah = m e
ac ae ag aj ai af ah = ah l x z ae g w v ad
ad = l
main = A w m x (v v B C D i aa (y l o k aa)) (t d ab E t q F) q v G H I z x (ac j) ab (J (a o z K b) L M N o O v ad) P Q (c q f h r d R n (j (aa m) v c i i j (S e r (T v j U j (V q W X n (Y h ad Z r (y l) o c (p s) v AA e (a o n w AB q v) k) p)))))
------------------------------------------------------------
A w m x (v v B C D i aa (y l o k aa)) (t d ab E t q F) q v G H I z x (ac j) ab (J (a o z K b) L M N o O v ad) P Q (c q f h r d R n (j (aa m) v c i i j (S e r (T v j U j (V q W X n (Y h ad Z r (y l) o c (p s) v AA e (a o n w AB q v) k) p)))))
A w m x (e b i aa (y l o k aa)) (t d ab E t q F) q v G H I z x (ac j) ab (J (a o z K b) L M N o O v ad) P Q (c q f h r d R n (j (aa m) v c i i j (S e r (T v j U j (V q W X n (Y h ad Z r (y l) o c (p s) v AA e (a o n w AB q v) k) p)))))
A w m x (c (u t b q k x o) aa (y l o k aa)) (t d ab E t q F) q v G H I z x (ac j) ab (J (a o z K b) L M N o O v ad) P Q (c q f h r d R n (j (aa m) v c i i j (S e r (T v j U j (V q W X n (Y h ad Z r (y l) o c (p s) v AA e (a o n w AB q v) k) p)))))
A w m x (u t b q k x o k l b (u t b q k x o) p aa (y l o k aa)) (t d ab E t q F) q v G H I z x (ac j) ab (J (a o z K b) L M N o O v ad) P Q (c q f h r d R n (j (aa m) v c i i j (S e r (T v j U j (V q W X n (Y h ad Z r (y l) o c (p s) v AA e (a o n w AB q v) k) p)))))
A w m x (h l ac e r r e z t b q k x o k l b (u t b q k x o) p aa (y l o k aa)) (t d ab E t q F) q v G H I z x (ac j) ab (J (a o z K b) L M N o O v ad) P Q (c q f h r d R n (j (aa m) v c i i j (S e r (T v j U j (V q W X n (Y h ad Z r (y l) o c (p s) v AA e (a o n w AB q v) k) p)))))
A w m x (r e ab e z t b q k x o k l b (u t b q k x o) p aa (y l o k aa)) (t d ab E t q F) q v G H I z x (ac j) ab (J (a o z K b) L M N o O v ad) P Q (c q f h r d R n (j (aa m) v c i i j (S e r (T v j U j (V q W X n (Y h ad Z r (y l) o c (p s) v AA e (a o n w AB q v) k) p)))))
A w m x (k (e h) z t b q k x o k l b (u t b q k x o) p aa (y l o k aa)) (t d ab E t q F) q v G H I z x (ac j) ab (J (a o z K b) L M N o O v ad) P Q (c q f h r d R n (j (aa m) v c i i j (S e r (T v j U j (V q W X n (Y h ad Z r (y l) o c (p s) v AA e (a o n w AB q v) k) p)))))
A w m x (b q n (e h) n w n r x k x o k l b (u t b q k x o) p aa (y l o k aa)) (t d ab E t q F) q v G H I z x (ac j) ab (J (a o z K b) L M N o O v ad) P Q (c q f h r d R n (j (aa m) v c i i j (S e r (T v j U j (V q W X n (Y h ad Z r (y l) o c (p s) v AA e (a o n w AB q v) k) p)))))
A w m x (ab t g q n (e h) n w n r x k x o k l b (u t b q k x o) p aa (y l o k aa)) (t d ab E t q F) q v G H I z x (ac j) ab (J (a o z K b) L M N o O v ad) P Q (c q f h r d R n (j (aa m) v c i i j (S e r (T v j U j (V q W X n (Y h ad Z r (y l) o c (p s) v AA e (a o n w AB q v) k) p)))))
A w m x (m e (e h) n w n r x k x o k l b (u t b q k x o) p aa (y l o k aa)) (t d ab E t q F) q v G H I z x (ac j) ab (J (a o z K b) L M N o O v ad) P Q (c q f h r d R n (j (aa m) v c i i j (S e r (T v j U j (V q W X n (Y h ad Z r (y l) o c (p s) v AA e (a o n w AB q v) k) p)))))
A w m x (r s n r x k x o k l b (u t b q k x o) p aa (y l o k aa)) (t d ab E t q F) q v G H I z x (ac j) ab (J (a o z K b) L M N o O v ad) P Q (c q f h r d R n (j (aa m) v c i i j (S e r (T v j U j (V q W X n (Y h ad Z r (y l) o c (p s) v AA e (a o n w AB q v) k) p)))))
A w m x (k (r h) x k x o k l b (u t b q k x o) p aa (y l o k aa)) (t d ab E t q F) q v G H I z x (ac j) ab (J (a o z K b) L M N o O v ad) P Q (c q f h r d R n (j (aa m) v c i i j (S e r (T v j U j (V q W X n (Y h ad Z r (y l) o c (p s) v AA e (a o n w AB q v) k) p)))))
A w m x (x o n (r h) n w n r x k l b (u t b q k x o) p aa (y l o k aa)) (t d ab E t q F) q v G H I z x (ac j) ab (J (a o z K b) L M N o O v ad) P Q (c q f h r d R n (j (aa m) v c i i j (S e r (T v j U j (V q W X n (Y h ad Z r (y l) o c (p s) v AA e (a o n w AB q v) k) p)))))
A w m x (h o o (aa t k m r) n r x k l b (u t b q k x o) p aa (y l o k aa)) (t d ab E t q F) q v G H I z x (ac j) ab (J (a o z K b) L M N o O v ad) P Q (c q f h r d R n (j (aa m) v c i i j (S e r (T v j U j (V q W X n (Y h ad Z r (y l) o c (p s) v AA e (a o n w AB q v) k) p)))))
A w m x (r (aa t k m r) ab x k l b (u t b q k x o) p aa (y l o k aa)) (t d ab E t q F) q v G H I z x (ac j) ab (J (a o z K b) L M N o O v ad) P Q (c q f h r d R n (j (aa m) v c i i j (S e r (T v j U j (V q W X n (Y h ad Z r (y l) o c (p s) v AA e (a o n w AB q v) k) p)))))
A w m x (k (x h) k l b (u t b q k x o) p aa (y l o k aa)) (t d ab E t q F) q v G H I z x (ac j) ab (J (a o z K b) L M N o O v ad) P Q (c q f h r d R n (j (aa m) v c i i j (S e r (T v j U j (V q W X n (Y h ad Z r (y l) o c (p s) v AA e (a o n w AB q v) k) p)))))
A w m x (b (u t b q k x o) n (x h) n w n r x p aa (y l o k aa)) (t d ab E t q F) q v G H I z x (ac j) ab (J (a o z K b) L M N o O v ad) P Q (c q f h r d R n (j (aa m) v c i i j (S e r (T v j U j (V q W X n (Y h ad Z r (y l) o c (p s) v AA e (a o n w AB q v) k) p)))))
A w m x (ab t g (u t b q k x o) n (x h) n w n r x p aa (y l o k aa)) (t d ab E t q F) q v G H I z x (ac j) ab (J (a o z K b) L M N o O v ad) P Q (c q f h r d R n (j (aa m) v c i i j (S e r (T v j U j (V q W X n (Y h ad Z r (y l) o c (p s) v AA e (a o n w AB q v) k) p)))))
A w m x (m e (x h) n w n r x p aa (y l o k aa)) (t d ab E t q F) q v G H I z x (ac j) ab (J (a o z K b) L M N o O v ad) P Q (c q f h r d R n (j (aa m) v c i i j (S e r (T v j U j (V q W X n (Y h ad Z r (y l) o c (p s) v AA e (a o n w AB q v) k) p)))))
A w m x (r s n r x p aa (y l o k aa)) (t d ab E t q F) q v G H I z x (ac j) ab (J (a o z K b) L M N o O v ad) P Q (c q f h r d R n (j (aa m) v c i i j (S e r (T v j U j (V q W X n (Y h ad Z r (y l) o c (p s) v AA e (a o n w AB q v) k) p)))))
A w m x (k (r h) x p aa (y l o k aa)) (t d ab E t q F) q v G H I z x (ac j) ab (J (a o z K b) L M N o O v ad) P Q (c q f h r d R n (j (aa m) v c i i j (S e r (T v j U j (V q W X n (Y h ad Z r (y l) o c (p s) v AA e (a o n w AB q v) k) p)))))
A w m x (aa (y l o k aa) n (r h) n w n r x) (t d ab E t q F) q v G H I z x (ac j) ab (J (a o z K b) L M N o O v ad) P Q (c q f h r d R n (j (aa m) v c i i j (S e r (T v j U j (V q W X n (Y h ad Z r (y l) o c (p s) v AA e (a o n w AB q v) k) p)))))
A w m x (ad a u g n r x) (t d ab E t q F) q v G H I z x (ac j) ab (J (a o z K b) L M N o O v ad) P Q (c q f h r d R n (j (aa m) v c i i j (S e r (T v j U j (V q W X n (Y h ad Z r (y l) o c (p s) v AA e (a o n w AB q v) k) p)))))
A w m x (l a u g n r x) (t d ab E t q F) q v G H I z x (ac j) ab (J (a o z K b) L M N o O v ad) P Q (c q f h r d R n (j (aa m) v c i i j (S e r (T v j U j (V q W X n (Y h ad Z r (y l) o c (p s) v AA e (a o n w AB q v) k) p)))))
A w m x (a g n r x) (t d ab E t q F) q v G H I z x (ac j) ab (J (a o z K b) L M N o O v ad) P Q (c q f h r d R n (j (aa m) v c i i j (S e r (T v j U j (V q W X n (Y h ad Z r (y l) o c (p s) v AA e (a o n w AB q v) k) p)))))
A w m x (w r x) (t d ab E t q F) q v G H I z x (ac j) ab (J (a o z K b) L M N o O v ad) P Q (c q f h r d R n (j (aa m) v c i i j (S e r (T v j U j (V q W X n (Y h ad Z r (y l) o c (p s) v AA e (a o n w AB q v) k) p)))))
A w m x (w r x) (i k a g ab E t q F) q v G H I z x (ac j) ab (J (a o z K b) L M N o O v ad) P Q (c q f h r d R n (j (aa m) v c i i j (S e r (T v j U j (V q W X n (Y h ad Z r (y l) o c (p s) v AA e (a o n w AB q v) k) p)))))
A w m x (w r x) (l s v w p aa d ab E t q F) q v G H I z x (ac j) ab (J (a o z K b) L M N o O v ad) P Q (c q f h r d R n (j (aa m) v c i i j (S e r (T v j U j (V q W X n (Y h ad Z r (y l) o c (p s) v AA e (a o n w AB q v) k) p)))))
A w m x (w r x) (a w p aa d ab E t q F) q v G H I z x (ac j) ab (J (a o z K b) L M N o O v ad) P Q (c q f h r d R n (j (aa m) v c i i j (S e r (T v j U j (V q W X n (Y h ad Z r (y l) o c (p s) v AA e (a o n w AB q v) k) p)))))
A w m x (w r x) (w aa d ab E t q F) q v G H I z x (ac j) ab (J (a o z K b) L M N o O v ad) P Q (c q f h r d R n (j (aa m) v c i i j (S e r (T v j U j (V q W X n (Y h ad Z r (y l) o c (p s) v AA e (a o n w AB q v) k) p)))))


