a af ae = aa v
b ag ai ae aj af ah = o (n z) o ac o l q ad
c ah ag af ae = aa
d ah ag af aj ae ai = ah w x f o
e ag af ae ah = f ad r
f ah ai aj ag af ae = ab a (s aj ai) ac ad e
g = r z c n e
h = u l k c z b ad aa
i aj af ah ai ae ag = x ae af (e l w)
j = q q m f k g s t
k af ag ai ah ae = z ah m
l ae af ag = b w n r m
m ag ae af = t (d ac g ag g ac)
n af ae = d
o ah ag ai aj af ae = w (r i) n p
p ah ag ai af ae = b r
q ae = z
r = b ad
s af ai ah ag aj ae = l aj (f af) r h ai ac
t ag af ae = b u
u af ag ae = af (r j)
v = p
w af ai ah ag ae = t (af g (m a) ai q f)
x af ag ae = ae
y ag ah ae af = ac
z ae = l
aa = k p v (p ab q l t s)
ab af ae = d l a e
ac ae = k (y f)
ad ag ai ae af ah = z j s d
main = A w B m f C D p g (E (F c aa t G ad d (H I J a (K d h ad) h (g (ab (g (l c (t r u f ab i j (ab v f t m h (t j z (z b x v) (s x) (L M d d p n)) ab) ac c (N p z k i l (O P (z p Q ac r (b h w (R (u v f) S z h g n aa ad) m z)) d) n T ab g) o e) ab h)))))))
------------------------------------------------------------
A w B m f C D p g (E (F c aa t G ad d (H I J a (K d h ad) h (g (ab (g (l c (t r u f ab i j (ab v f t m h (t j z (z b x v) (s x) (L M d d p n)) ab) ac c (N p z k i l (O P (z p Q ac r (b h w (R (u v f) S z h g n aa ad) m z)) d) n T ab g) o e) ab h)))))))
A w B m f C D p (r z c n e) (E (F c aa t G ad d (H I J a (K d h ad) h (g (ab (g (l c (t r u f ab i j (ab v f t m h (t j z (z b x v) (s x) (L M d d p n)) ab) ac c (N p z k i l (O P (z p Q ac r (b h w (R (u v f) S z h g n aa ad) m z)) d) n T ab g) o e) ab h)))))))
A w B m f C D p (b ad z c n e) (E (F c aa t G ad d (H I J a (K d h ad) h (g (ab (g (l c (t r u f ab i j (ab v f t m h (t j z (z b x v) (s x) (L M d d p n)) ab) ac c (N p z k i l (O P (z p Q ac r (b h w (R (u v f) S z h g n aa ad) m z)) d) n T ab g) o e) ab h)))))))
A w B m f C D p (b ad z c n e) (E (F c (k p v (p ab q l t s)) t G ad d (H I J a (K d h ad) h (g (ab (g (l c (t r u f ab i j (ab v f t m h (t j z (z b x v) (s x) (L M d d p n)) ab) ac c (N p z k i l (O P (z p Q ac r (b h w (R (u v f) S z h g n aa ad) m z)) d) n T ab g) o e) ab h)))))))
A w B m f C D p (b ad z c n e) (E (F c (k p p (p ab q l t s)) t G ad d (H I J a (K d h ad) h (g (ab (g (l c (t r u f ab i j (ab v f t m h (t j z (z b x v) (s x) (L M d d p n)) ab) ac c (N p z k i l (O P (z p Q ac r (b h w (R (u v f) S z h g n aa ad) m z)) d) n T ab g) o e) ab h)))))))
A w B m f C D p (b ad z c n e) (E (F c (k p p (b r)) t G ad d (H I J a (K d h ad) h (g (ab (g (l c (t r u f ab i j (ab v f t m h (t j z (z b x v) (s x) (L M d d p n)) ab) ac c (N p z k i l (O P (z p Q ac r (b h w (R (u v f) S z h g n aa ad) m z)) d) n T ab g) o e) ab h)))))))
A w B m f C D p (b ad z c n e) (E (F c (k p p (b (b ad))) t G ad d (H I J a (K d h ad) h (g (ab (g (l c (t r u f ab i j (ab v f t m h (t j z (z b x v) (s x) (L M d d p n)) ab) ac c (N p z k i l (O P (z p Q ac r (b h w (R (u v f) S z h g n aa ad) m z)) d) n T ab g) o e) ab h)))))))
A w B m f C D p (b ad z c n e) (E (F c (k p p (b (b ad))) t G ad d (H I J a (K d (u l k c z b ad aa) ad) h (g (ab (g (l c (t r u f ab i j (ab v f t m h (t j z (z b x v) (s x) (L M d d p n)) ab) ac c (N p z k i l (O P (z p Q ac r (b h w (R (u v f) S z h g n aa ad) m z)) d) n T ab g) o e) ab h)))))))
A w B m f C D p (b ad z c n e) (E (F c (k p p (b (b ad))) t G ad d (H I J a (K d (l (r j) z b ad aa) ad) h (g (ab (g (l c (t r u f ab i j (ab v f t m h (t j z (z b x v) (s x) (L M d d p n)) ab) ac c (N p z k i l (O P (z p Q ac r (b h w (R (u v f) S z h g n aa ad) m z)) d) n T ab g) o e) ab h)))))))
A w B m f C D p (b ad z c n e) (E (F c (k p p (b (b ad))) t G ad d (H I J a (K d (b w n r m ad aa) ad) h (g (ab (g (l c (t r u f ab i j (ab v f t m h (t j z (z b x v) (s x) (L M d d p n)) ab) ac c (N p z k i l (O P (z p Q ac r (b h w (R (u v f) S z h g n aa ad) m z)) d) n T ab g) o e) ab h)))))))
A w B m f C D p (b ad z c n e) (E (F c (k p p (b (b ad))) t G ad d (H I J a (K d (o (n z) o ac o l q ad) ad) h (g (ab (g (l c (t r u f ab i j (ab v f t m h (t j z (z b x v) (s x) (L M d d p n)) ab) ac c (N p z k i l (O P (z p Q ac r (b h w (R (u v f) S z h g n aa ad) m z)) d) n T ab g) o e) ab h)))))))
A w B m f C D p (b ad z c n e) (E (F c (k p p (b (b ad))) t G ad d (H I J a (K d (w (r i) n p ad) ad) h (g (ab (g (l c (t r u f ab i j (ab v f t m h (t j z (z b x v) (s x) (L M d d p n)) ab) ac c (N p z k i l (O P (z p Q ac r (b h w (R (u v f) S z h g n aa ad) m z)) d) n T ab g) o e) ab h)))))))
A w B m f C D p (b ad z c n e) (E (F c (k p p (b (b ad))) t G ad d (H I J a (K d (w (b ad i) n p ad) ad) h (g (ab (g (l c (t r u f ab i j (ab v f t m h (t j z (z b x v) (s x) (L M d d p n)) ab) ac c (N p z k i l (O P (z p Q ac r (b h w (R (u v f) S z h g n aa ad) m z)) d) n T ab g) o e) ab h)))))))
A w B m f C D p (b ad z c n e) (E (F c (k p p (b (b ad))) t G ad d (H I J a (K d (w (b ad i) n p ad) ad) (u l k c z b ad aa) (g (ab (g (l c (t r u f ab i j (ab v f t m h (t j z (z b x v) (s x) (L M d d p n)) ab) ac c (N p z k i l (O P (z p Q ac r (b h w (R (u v f) S z h g n aa ad) m z)) d) n T ab g) o e) ab h)))))))
A w B m f C D p (b ad z c n e) (E (F c (k p p (b (b ad))) t G ad d (H I J a (K d (w (b ad i) n p ad) ad) (l (r j) z b ad aa) (g (ab (g (l c (t r u f ab i j (ab v f t m h (t j z (z b x v) (s x) (L M d d p n)) ab) ac c (N p z k i l (O P (z p Q ac r (b h w (R (u v f) S z h g n aa ad) m z)) d) n T ab g) o e) ab h)))))))
A w B m f C D p (b ad z c n e) (E (F c (k p p (b (b ad))) t G ad d (H I J a (K d (w (b ad i) n p ad) ad) (b w n r m ad aa) (g (ab (g (l c (t r u f ab i j (ab v f t m h (t j z (z b x v) (s x) (L M d d p n)) ab) ac c (N p z k i l (O P (z p Q ac r (b h w (R (u v f) S z h g n aa ad) m z)) d) n T ab g) o e) ab h)))))))
A w B m f C D p (b ad z c n e) (E (F c (k p p (b (b ad))) t G ad d (H I J a (K d (w (b ad i) n p ad) ad) (o (n z) o ac o l q ad) (g (ab (g (l c (t r u f ab i j (ab v f t m h (t j z (z b x v) (s x) (L M d d p n)) ab) ac c (N p z k i l (O P (z p Q ac r (b h w (R (u v f) S z h g n aa ad) m z)) d) n T ab g) o e) ab h)))))))
A w B m f C D p (b ad z c n e) (E (F c (k p p (b (b ad))) t G ad d (H I J a (K d (w (b ad i) n p ad) ad) (w (r i) n p ad) (g (ab (g (l c (t r u f ab i j (ab v f t m h (t j z (z b x v) (s x) (L M d d p n)) ab) ac c (N p z k i l (O P (z p Q ac r (b h w (R (u v f) S z h g n aa ad) m z)) d) n T ab g) o e) ab h)))))))
A w B m f C D p (b ad z c n e) (E (F c (k p p (b (b ad))) t G ad d (H I J a (K d (w (b ad i) n p ad) ad) (w (b ad i) n p ad) (g (ab (g (l c (t r u f ab i j (ab v f t m h (t j z (z b x v) (s x) (L M d d p n)) ab) ac c (N p z k i l (O P (z p Q ac r (b h w (R (u v f) S z h g n aa ad) m z)) d) n T ab g) o e) ab h)))))))
A w B m f C D p (b ad z c n e) (E (F c (k p p (b (b ad))) t G ad d (H I J a (K d (w (b ad i) n p ad) ad) (w (b ad i) n p ad) (r z c n e (ab (g (l c (t r u f ab i j (ab v f t m h (t j z (z b x v) (s x) (L M d d p n)) ab) ac c (N p z k i l (O P (z p Q ac r (b h w (R (u v f) S z h g n aa ad) m z)) d) n T ab g) o e) ab h)))))))
A w B m f C D p (b ad z c n e) (E (F c (k p p (b (b ad))) t G ad d (H I J a (K d (w (b ad i) n p ad) ad) (w (b ad i) n p ad) (b ad z c n e (ab (g (l c (t r u f ab i j (ab v f t m h (t j z (z b x v) (s x) (L M d d p n)) ab) ac c (N p z k i l (O P (z p Q ac r (b h w (R (u v f) S z h g n aa ad) m z)) d) n T ab g) o e) ab h)))))))
A w B m f C D p (b ad z c n e) (E (F c (k p p (b (b ad))) t G ad d (H I J a (K d (w (b ad i) n p ad) ad) (w (b ad i) n p ad) (o (n z) o ac o l q ad))))
A w B m f C D p (b ad z c n e) (E (F c (k p p (b (b ad))) t G ad d (H I J a (K d (w (b ad i) n p ad) ad) (w (b ad i) n p ad) (w (r i) n p ad))))
A w B m f C D p (b ad z c n e) (E (F c (k p p (b (b ad))) t G ad d (H I J a (K d (w (b ad i) n p ad) ad) (w (b ad i) n p ad) (w (b ad i) n p ad))))


