a ae af = y
b ae af ag = j ad w aa aa s g
c ah ae af ag = ah u (k o)
d ae aj af ai ag ah = y ah k e (t e)
e ae ai ag af ah = ai b
f ah af ag ae = p ah z k ab ab r
g ae = ae
h ae = u l z (k ae b) b
i af ah ag ae ai = t (s ac m x) (z h ai ab)
j ae ag af = ac ac (af (k y c b b))
k ae af = w aa
l ag ai ae ah af = t ag e q p x ah ab
m = y l u l e p r x
n ag ae af ah = y ag (af x j h)
o ae = b j
p ae = b (h (h l ab) ae j z)
q ae ai ah ag af = p a
r ae af ag ah = g i e
s ag ae af ah = y f b k i
t ae af = w l w g af d d a
u ah af ag aj ai ae = b
v ae ah ai af ag = z j o af m c
w af ah ae ag = ah ae l v n aa (ag e) s
x ai af ag ae ah aj = aa i ab d s l q
y aj ai ah ag af ae = ah w
z af ae ah aj ai ag = af (aj o)
aa ae = b
ab ae af ag ai aj ah = k v j f s (p a)
ac ae ah af ag = z x g (o ad)
ad = g
main = e A (h B (p d p x (g r c) g C m b (w l s l (h z (D (E d) F a G m r (H (I J (K (z (k (L ac (v (i g e y) w (j (M N (O P a) ab) y o) ab (m l k v) m))) q t e (c u z Q (q v p))) f) R (f (k S ab p (c d y) (T (U V W a o) X Y e c) t l n e a t) f m v u Z n))))))))
------------------------------------------------------------
e A (h B (p d p x (g r c) g C m b (w l s l (h z (D (E d) F a G m r (H (I J (K (z (k (L ac (v (i g e y) w (j (M N (O P a) ab) y o) ab (m l k v) m))) q t e (c u z Q (q v p))) f) R (f (k S ab p (c d y) (T (U V W a o) X Y e c) t l n e a t) f m v u Z n))))))))
e A (u l z (k B b) b (p d p x (g r c) g C m b (w l s l (h z (D (E d) F a G m r (H (I J (K (z (k (L ac (v (i g e y) w (j (M N (O P a) ab) y o) ab (m l k v) m))) q t e (c u z Q (q v p))) f) R (f (k S ab p (c d y) (T (U V W a o) X Y e c) t l n e a t) f m v u Z n))))))))
e A (u l z (w aa) b (p d p x (g r c) g C m b (w l s l (h z (D (E d) F a G m r (H (I J (K (z (k (L ac (v (i g e y) w (j (M N (O P a) ab) y o) ab (m l k v) m))) q t e (c u z Q (q v p))) f) R (f (k S ab p (c d y) (T (U V W a o) X Y e c) t l n e a t) f m v u Z n))))))))
e A (u l z (w aa) b (b (h (h l ab) d j z) p x (g r c) g C m b (w l s l (h z (D (E d) F a G m r (H (I J (K (z (k (L ac (v (i g e y) w (j (M N (O P a) ab) y o) ab (m l k v) m))) q t e (c u z Q (q v p))) f) R (f (k S ab p (c d y) (T (U V W a o) X Y e c) t l n e a t) f m v u Z n))))))))
e A (u l z (w aa) b (j ad w aa aa s g (g r c) g C m b (w l s l (h z (D (E d) F a G m r (H (I J (K (z (k (L ac (v (i g e y) w (j (M N (O P a) ab) y o) ab (m l k v) m))) q t e (c u z Q (q v p))) f) R (f (k S ab p (c d y) (T (U V W a o) X Y e c) t l n e a t) f m v u Z n))))))))
e A (u l z (w aa) b (ac ac (aa (k y c b b)) aa s g (g r c) g C m b (w l s l (h z (D (E d) F a G m r (H (I J (K (z (k (L ac (v (i g e y) w (j (M N (O P a) ab) y o) ab (m l k v) m))) q t e (c u z Q (q v p))) f) R (f (k S ab p (c d y) (T (U V W a o) X Y e c) t l n e a t) f m v u Z n))))))))
e A (u l z (w aa) b (z x g (o ad) g (g r c) g C m b (w l s l (h z (D (E d) F a G m r (H (I J (K (z (k (L ac (v (i g e y) w (j (M N (O P a) ab) y o) ab (m l k v) m))) q t e (c u z Q (q v p))) f) R (f (k S ab p (c d y) (T (U V W a o) X Y e c) t l n e a t) f m v u Z n))))))))
e A (u l z (w aa) b (x (g o) C m b (w l s l (h z (D (E d) F a G m r (H (I J (K (z (k (L ac (v (i g e y) w (j (M N (O P a) ab) y o) ab (m l k v) m))) q t e (c u z Q (q v p))) f) R (f (k S ab p (c d y) (T (U V W a o) X Y e c) t l n e a t) f m v u Z n))))))))
e A (u l z (w aa) b (x o C m b (w l s l (h z (D (E d) F a G m r (H (I J (K (z (k (L ac (v (i g e y) w (j (M N (O P a) ab) y o) ab (m l k v) m))) q t e (c u z Q (q v p))) f) R (f (k S ab p (c d y) (T (U V W a o) X Y e c) t l n e a t) f m v u Z n))))))))
e A (u l z (w aa) b (x o C m b (s l l v n aa (h z (D (E d) F a G m r (H (I J (K (z (k (L ac (v (i g e y) w (j (M N (O P a) ab) y o) ab (m l k v) m))) q t e (c u z Q (q v p))) f) R (f (k S ab p (c d y) (T (U V W a o) X Y e c) t l n e a t) f m v u Z n)))) e) s)))
e A (u l z (w aa) b (x o C m b (y f b k i aa (h z (D (E d) F a G m r (H (I J (K (z (k (L ac (v (i g e y) w (j (M N (O P a) ab) y o) ab (m l k v) m))) q t e (c u z Q (q v p))) f) R (f (k S ab p (c d y) (T (U V W a o) X Y e c) t l n e a t) f m v u Z n)))) e) s)))
e A (u l z (w aa) b (x o C m b (k w s)))
e A (u l z (w aa) b (x o C m b (w aa)))


