a ae af ah ag = ab c (n x) w m (j k k)
b af ah ae ai ag = s
c = d e aa o a (o aa a i) v
d ae af ag = ad s a
e ah ai af ag ae = d h s q
f ag af ae = w
g ag ae af ah = ag (i (a x e h) f x)
h af ae = ae f aa b ae (l u af)
i ag ae ai af ah = h a
j ae ai ah ag af = o h ad
k ae = x p ae x ab f t u w n
l ah ae ai aj ag af = s f (o (ab af) m c j w)
m af ae = ae k g g (b (ae q) g d)
n aj ae ah af ai ag = d
o ah ai ag ae aj af = q a w l u p q v
p = v
q af ae ah ag = m h z f m m ad
r af ag ae ah = y t
s ag ai af ah ae = ab
t = m d g z u (aa n ac)
u ag ah af ae = ab l ac
v ag af ae ai ah = z
w ag af ae = h (r ag y) (n k)
x ae af = af (ac a c ae ad l) e h n
y af ae = x ad
z af ae = n k ae ae (ae ad u ae)
aa ai aj af ah ae ag = aj j e l ah r w ah
ab ae af ah ag = z
ac ae = v (q l z z d) u
ad af ae = ae h q
main = A k B (e f n n k) C s D ad q r E F ab b G (H k w) g (aa ab w (I (x ab c J v ab) j z i z e q ab ac k ab r o)) ac o t K p (L h (M N O j (t r) (P e v a (Q k s ad)) s c)) R (j S e) (t m f (u T k) ac) k h b e o (U (g w t (a (f (V t (e W p b) y r u) b))))
------------------------------------------------------------
A k B (e f n n k) C s D ad q r E F ab b G (H k w) g (aa ab w (I (x ab c J v ab) j z i z e q ab ac k ab r o)) ac o t K p (L h (M N O j (t r) (P e v a (Q k s ad)) s c)) R (j S e) (t m f (u T k) ac) k h b e o (U (g w t (a (f (V t (e W p b) y r u) b))))
A k B (e f n n k) C s D ad q r E F ab b G (H k w) g (aa ab w (I (c (ac a c ab ad l) e h n J v ab) j z i z e q ab ac k ab r o)) ac o t K p (L h (M N O j (t r) (P e v a (Q k s ad)) s c)) R (j S e) (t m f (u T k) ac) k h b e o (U (g w t (a (f (V t (e W p b) y r u) b))))
A k B (e f n n k) C s D ad q r E F ab b G (H k w) g (aa ab w (I (d e aa o a (o aa a i) v (ac a c ab ad l) e h n J v ab) j z i z e q ab ac k ab r o)) ac o t K p (L h (M N O j (t r) (P e v a (Q k s ad)) s c)) R (j S e) (t m f (u T k) ac) k h b e o (U (g w t (a (f (V t (e W p b) y r u) b))))
A k B (e f n n k) C s D ad q r E F ab b G (H k w) g (aa ab w (I (ad s a a (o aa a i) v (ac a c ab ad l) e h n J v ab) j z i z e q ab ac k ab r o)) ac o t K p (L h (M N O j (t r) (P e v a (Q k s ad)) s c)) R (j S e) (t m f (u T k) ac) k h b e o (U (g w t (a (f (V t (e W p b) y r u) b))))
A k B (e f n n k) C s D ad q r E F ab b G (H k w) g (aa ab w (I (a h q a (o aa a i) v (ac a c ab ad l) e h n J v ab) j z i z e q ab ac k ab r o)) ac o t K p (L h (M N O j (t r) (P e v a (Q k s ad)) s c)) R (j S e) (t m f (u T k) ac) k h b e o (U (g w t (a (f (V t (e W p b) y r u) b))))
A k B (e f n n k) C s D ad q r E F ab b G (H k w) g (aa ab w (I (ab c (n x) w m (j k k) v (ac a c ab ad l) e h n J v ab) j z i z e q ab ac k ab r o)) ac o t K p (L h (M N O j (t r) (P e v a (Q k s ad)) s c)) R (j S e) (t m f (u T k) ac) k h b e o (U (g w t (a (f (V t (e W p b) y r u) b))))
A k B (e f n n k) C s D ad q r E F ab b G (H k w) g (aa ab w (I (z (j k k) v (ac a c ab ad l) e h n J v ab) j z i z e q ab ac k ab r o)) ac o t K p (L h (M N O j (t r) (P e v a (Q k s ad)) s c)) R (j S e) (t m f (u T k) ac) k h b e o (U (g w t (a (f (V t (e W p b) y r u) b))))
A k B (e f n n k) C s D ad q r E F ab b G (H k w) g (aa ab w (I (n k v v (v ad u v) (ac a c ab ad l) e h n J v ab) j z i z e q ab ac k ab r o)) ac o t K p (L h (M N O j (t r) (P e v a (Q k s ad)) s c)) R (j S e) (t m f (u T k) ac) k h b e o (U (g w t (a (f (V t (e W p b) y r u) b))))
A k B (e f n n k) C s D ad q r E F ab b G (H k w) g (aa ab w (I (d h n J v ab) j z i z e q ab ac k ab r o)) ac o t K p (L h (M N O j (t r) (P e v a (Q k s ad)) s c)) R (j S e) (t m f (u T k) ac) k h b e o (U (g w t (a (f (V t (e W p b) y r u) b))))
A k B (e f n n k) C s D ad q r E F ab b G (H k w) g (aa ab w (I (ad s a v ab) j z i z e q ab ac k ab r o)) ac o t K p (L h (M N O j (t r) (P e v a (Q k s ad)) s c)) R (j S e) (t m f (u T k) ac) k h b e o (U (g w t (a (f (V t (e W p b) y r u) b))))
A k B (e f n n k) C s D ad q r E F ab b G (H k w) g (aa ab w (I (a h q v ab) j z i z e q ab ac k ab r o)) ac o t K p (L h (M N O j (t r) (P e v a (Q k s ad)) s c)) R (j S e) (t m f (u T k) ac) k h b e o (U (g w t (a (f (V t (e W p b) y r u) b))))
A k B (e f n n k) C s D ad q r E F ab b G (H k w) g (aa ab w (I (ab c (n x) w m (j k k)) j z i z e q ab ac k ab r o)) ac o t K p (L h (M N O j (t r) (P e v a (Q k s ad)) s c)) R (j S e) (t m f (u T k) ac) k h b e o (U (g w t (a (f (V t (e W p b) y r u) b))))
A k B (e f n n k) C s D ad q r E F ab b G (H k w) g (aa ab w (I (z (j k k)) j z i z e q ab ac k ab r o)) ac o t K p (L h (M N O j (t r) (P e v a (Q k s ad)) s c)) R (j S e) (t m f (u T k) ac) k h b e o (U (g w t (a (f (V t (e W p b) y r u) b))))
A k B (e f n n k) C s D ad q r E F ab b G (H k w) g (aa ab w (I (z (j k k)) j z i z e q ab ac k ab r o)) ac o t K p (L h (M N O j (m d g z u (aa n ac) r) (P e v a (Q k s ad)) s c)) R (j S e) (t m f (u T k) ac) k h b e o (U (g w t (a (f (V t (e W p b) y r u) b))))
A k B (e f n n k) C s D ad q r E F ab b G (H k w) g (aa ab w (I (z (j k k)) j z i z e q ab ac k ab r o)) ac o t K p (L h (M N O j (g k g g (b (g q) g d) z u (aa n ac) r) (P e v a (Q k s ad)) s c)) R (j S e) (t m f (u T k) ac) k h b e o (U (g w t (a (f (V t (e W p b) y r u) b))))
A k B (e f n n k) C s D ad q r E F ab b G (H k w) g (aa ab w (I (z (j k k)) j z i z e q ab ac k ab r o)) ac o t K p (L h (M N O j (k (i (a x e h) f x) z u (aa n ac) r) (P e v a (Q k s ad)) s c)) R (j S e) (t m f (u T k) ac) k h b e o (U (g w t (a (f (V t (e W p b) y r u) b))))
A k B (e f n n k) C s D ad q r E F ab b G (H k w) g (aa ab w (I (z (j k k)) j z i z e q ab ac k ab r o)) ac o t K p (L h (M N O j (x p (i (a x e h) f x) x ab f t u w n z u (aa n ac) r) (P e v a (Q k s ad)) s c)) R (j S e) (t m f (u T k) ac) k h b e o (U (g w t (a (f (V t (e W p b) y r u) b))))
A k B (e f n n k) C s D ad q r E F ab b G (H k w) g (aa ab w (I (z (j k k)) j z i z e q ab ac k ab r o)) ac o t K p (L h (M N O j (i (a x e h) f x (ac a c p ad l) e h n x ab f t u w n z u (aa n ac) r) (P e v a (Q k s ad)) s c)) R (j S e) (t m f (u T k) ac) k h b e o (U (g w t (a (f (V t (e W p b) y r u) b))))
A k B (e f n n k) C s D ad q r E F ab b G (H k w) g (aa ab w (I (z (j k k)) j z i z e q ab ac k ab r o)) ac o t K p (L h (M N O j (h a h n x ab f t u w n z u (aa n ac) r) (P e v a (Q k s ad)) s c)) R (j S e) (t m f (u T k) ac) k h b e o (U (g w t (a (f (V t (e W p b) y r u) b))))
A k B (e f n n k) C s D ad q r E F ab b G (H k w) g (aa ab w (I (z (j k k)) j z i z e q ab ac k ab r o)) ac o t K p (L h (M N O j (h f aa b h (l u a) n x ab f t u w n z u (aa n ac) r) (P e v a (Q k s ad)) s c)) R (j S e) (t m f (u T k) ac) k h b e o (U (g w t (a (f (V t (e W p b) y r u) b))))
A k B (e f n n k) C s D ad q r E F ab b G (H k w) g (aa ab w (I (z (j k k)) j z i z e q ab ac k ab r o)) ac o t K p (L h (M N O j (aa f aa b aa (l u f) b h (l u a) n x ab f t u w n z u (aa n ac) r) (P e v a (Q k s ad)) s c)) R (j S e) (t m f (u T k) ac) k h b e o (U (g w t (a (f (V t (e W p b) y r u) b))))
A k B (e f n n k) C s D ad q r E F ab b G (H k w) g (aa ab w (I (z (j k k)) j z i z e q ab ac k ab r o)) ac o t K p (L h (M N O j (aa j e l aa r w aa h (l u a) n x ab f t u w n z u (aa n ac) r) (P e v a (Q k s ad)) s c)) R (j S e) (t m f (u T k) ac) k h b e o (U (g w t (a (f (V t (e W p b) y r u) b))))
A k B (e f n n k) C s D ad q r E F ab b G (H k w) g (aa ab w (I (z (j k k)) j z i z e q ab ac k ab r o)) ac o t K p (L h (M N O j (e j e l aa r w aa aa h (l u a) n x ab f t u w n z u (aa n ac) r) (P e v a (Q k s ad)) s c)) R (j S e) (t m f (u T k) ac) k h b e o (U (g w t (a (f (V t (e W p b) y r u) b))))
A k B (e f n n k) C s D ad q r E F ab b G (H k w) g (aa ab w (I (z (j k k)) j z i z e q ab ac k ab r o)) ac o t K p (L h (M N O j (d h s q w aa aa h (l u a) n x ab f t u w n z u (aa n ac) r) (P e v a (Q k s ad)) s c)) R (j S e) (t m f (u T k) ac) k h b e o (U (g w t (a (f (V t (e W p b) y r u) b))))
A k B (e f n n k) C s D ad q r E F ab b G (H k w) g (aa ab w (I (z (j k k)) j z i z e q ab ac k ab r o)) ac o t K p (L h (M N O j (ad s a w aa aa h (l u a) n x ab f t u w n z u (aa n ac) r) (P e v a (Q k s ad)) s c)) R (j S e) (t m f (u T k) ac) k h b e o (U (g w t (a (f (V t (e W p b) y r u) b))))
A k B (e f n n k) C s D ad q r E F ab b G (H k w) g (aa ab w (I (z (j k k)) j z i z e q ab ac k ab r o)) ac o t K p (L h (M N O j (a h q w aa aa h (l u a) n x ab f t u w n z u (aa n ac) r) (P e v a (Q k s ad)) s c)) R (j S e) (t m f (u T k) ac) k h b e o (U (g w t (a (f (V t (e W p b) y r u) b))))
A k B (e f n n k) C s D ad q r E F ab b G (H k w) g (aa ab w (I (z (j k k)) j z i z e q ab ac k ab r o)) ac o t K p (L h (M N O j (ab c (n x) w m (j k k) aa h (l u a) n x ab f t u w n z u (aa n ac) r) (P e v a (Q k s ad)) s c)) R (j S e) (t m f (u T k) ac) k h b e o (U (g w t (a (f (V t (e W p b) y r u) b))))
A k B (e f n n k) C s D ad q r E F ab b G (H k w) g (aa ab w (I (z (j k k)) j z i z e q ab ac k ab r o)) ac o t K p (L h (M N O j (z (j k k) aa h (l u a) n x ab f t u w n z u (aa n ac) r) (P e v a (Q k s ad)) s c)) R (j S e) (t m f (u T k) ac) k h b e o (U (g w t (a (f (V t (e W p b) y r u) b))))
A k B (e f n n k) C s D ad q r E F ab b G (H k w) g (aa ab w (I (z (j k k)) j z i z e q ab ac k ab r o)) ac o t K p (L h (M N O j (n k aa aa (aa ad u aa) h (l u a) n x ab f t u w n z u (aa n ac) r) (P e v a (Q k s ad)) s c)) R (j S e) (t m f (u T k) ac) k h b e o (U (g w t (a (f (V t (e W p b) y r u) b))))
A k B (e f n n k) C s D ad q r E F ab b G (H k w) g (aa ab w (I (z (j k k)) j z i z e q ab ac k ab r o)) ac o t K p (L h (M N O j (d n x ab f t u w n z u (aa n ac) r) (P e v a (Q k s ad)) s c)) R (j S e) (t m f (u T k) ac) k h b e o (U (g w t (a (f (V t (e W p b) y r u) b))))


