a ah ae af ag z
b ae i
c ag ae af ag q x
d ae af ag ai ah z n ad q k h aa (e u)
e ah af ag ae ai x aa
f ae af n (y (h af) q x af ad t)
g ae aj ag ah ai af ag aj ag r m j j
h ae ae
i ah ag ai ae aj af ac ai v ah
j ag af ah ai ae ag ai k t ae
k af ae ag f i af af (z q v b ac)
l g
m ae ad s y (g q) y
n ae af af aa u p ab
o ah ai af ag aj ae s (h ag (w d i p) aa ag) h
p ag af ae ah ai w m l ai
q ag ae af ah j b o ad r ag ah i d af
r ae q ac t v
s ag af ah ae ai aj c aa d i
t ah af ae ag n c ac r g k k i
u ae af ai ag ah f p h ac q t l p
v af ai ah ag ae z f
w ah af ag ai ae e (u ac ae x e l c z)
x ai ag af ae aj ah ae (ad o g) b r
y ag ai ah af ae h x c ac q x j
z ae ag af p
aa ae af ag g
ab af ae ah ag ai u
ac ai af ag ah ae aj aj l b
ad k u ac d (x c g) aa
main y (A k k j ab g (B (C (q f D (E q f (x f u) ad) (g (n g aa) ac t) n aa) (q l a n) n v) F r (G H h I f i s (g k) r w (g d (J n u y (K p h (v p ad) c) h k) l c s) (L j M N o ad ad) t)) O w P k k b x) Q (R (S t ac l (f u) r r T) p y g ad w p) U (w t) V
------------------------------------------------------------
y (A k k j ab g (B (C (q f D (E q f (x f u) ad) (g (n g aa) ac t) n aa) (q l a n) n v) F r (G H h I f i s (g k) r w (g d (J n u y (K p h (v p ad) c) h k) l c s) (L j M N o ad ad) t)) O w P k k b x) Q (R (S t ac l (f u) r r T) p y g ad w p) U (w t) V
h x c ac q x j V
x c ac q x j V
x (ad o g) b r
x (k u ac d (x c g) aa o g) b r
x (f i u u (z q v b ac) (x c g) aa o g) b r
x (n (y (h u) q x u ad t) u (z q v b ac) (x c g) aa o g) b r
x (u aa u p ab (z q v b ac) (x c g) aa o g) b r
x (f p h ac q t l p (x c g) aa o g) b r
x (n (y (h h) q x h ad t) ac q t l p (x c g) aa o g) b r
x (ac aa u p ab q t l p (x c g) aa o g) b r
x (t l b l p (x c g) aa o g) b r
x (n c ac r g k k i (x c g) aa o g) b r
x (ac aa u p ab r g k k i (x c g) aa o g) b r
x (g l b k k i (x c g) aa o g) b r
x (k b k r m j j aa o g) b r
x (f i b b (z q v b ac) m j j aa o g) b r
x (n (y (h b) q x b ad t) b (z q v b ac) m j j aa o g) b r
x (b aa u p ab (z q v b ac) m j j aa o g) b r
x (i u p ab (z q v b ac) m j j aa o g) b r
x (ac ab v u j aa o g) b r
x (o l b g) b r


