a = l (g (v r e))
b ah ag ae af = q i a (q z u t r ab)
c ah ag ae af = b ac
d ae ai af ag ah aj = ad (ad u p j o j)
e ag ah ae af = l
f = e ac
g ae = c e q z ae
h af ae ag = ac ae (ab ac w) r ab o
i ae af = c c ac w (af l) af
j = c u ad w
k af ai ag ae ah = x m ad u ah
l af ag ah ae = s
m ag ae af ah = h (ad l ah (t t af))
n ae af ag = t v aa k
o af ag ae = h (ae m ad (ae m b) j)
p ag ae ah af = g a ah c r y ab b n
q af ae = ad i
r af ae = l
s ae af ag = ae ag m e i a k
t af ae = a (e ae u e p)
u ag ae af ah = e ag ae e ad h
v = n
w ae af = i a c
x = v (k aa ad f)
y ah ae af ag = o e (w r)
z ae = ac
aa ah ae af ag = b
ab ah ae af ag = ah af e v (d (ae c d) p)
ac ag af ae = f
ad ag ae ah af = f c x
main = a ad ad i f p A c B C (D E F G (H b) I J t ab k f K L ad (M (N (O (t f z (d (P l Q (k p k o d (R S s (T z (b q (r r p d) (U l s h) s q (V y W (X Y (z n Z) q b i b e (p (c (m n (AA AB v d o AC u ab))) m f t z) d) u u) p v l)))) m u a) ad) e z z AD)))))
------------------------------------------------------------
a ad ad i f p A c B C (D E F G (H b) I J t ab k f K L ad (M (N (O (t f z (d (P l Q (k p k o d (R S s (T z (b q (r r p d) (U l s h) s q (V y W (X Y (z n Z) q b i b e (p (c (m n (AA AB v d o AC u ab))) m f t z) d) u u) p v l)))) m u a) ad) e z z AD)))))
l (g (v r e)) ad ad i f p A c B C (D E F G (H b) I J t ab k f K L ad (M (N (O (t f z (d (P l Q (k p k o d (R S s (T z (b q (r r p d) (U l s h) s q (V y W (X Y (z n Z) q b i b e (p (c (m n (AA AB v d o AC u ab))) m f t z) d) u u) p v l)))) m u a) ad) e z z AD)))))
s f p A c B C (D E F G (H b) I J t ab k f K L ad (M (N (O (t f z (d (P l Q (k p k o d (R S s (T z (b q (r r p d) (U l s h) s q (V y W (X Y (z n Z) q b i b e (p (c (m n (AA AB v d o AC u ab))) m f t z) d) u u) p v l)))) m u a) ad) e z z AD)))))
f A m e i a k c B C (D E F G (H b) I J t ab k f K L ad (M (N (O (t f z (d (P l Q (k p k o d (R S s (T z (b q (r r p d) (U l s h) s q (V y W (X Y (z n Z) q b i b e (p (c (m n (AA AB v d o AC u ab))) m f t z) d) u u) p v l)))) m u a) ad) e z z AD)))))
e ac A m e i a k c B C (D E F G (H b) I J t ab k f K L ad (M (N (O (t f z (d (P l Q (k p k o d (R S s (T z (b q (r r p d) (U l s h) s q (V y W (X Y (z n Z) q b i b e (p (c (m n (AA AB v d o AC u ab))) m f t z) d) u u) p v l)))) m u a) ad) e z z AD)))))
l i a k c B C (D E F G (H b) I J t ab k f K L ad (M (N (O (t f z (d (P l Q (k p k o d (R S s (T z (b q (r r p d) (U l s h) s q (V y W (X Y (z n Z) q b i b e (p (c (m n (AA AB v d o AC u ab))) m f t z) d) u u) p v l)))) m u a) ad) e z z AD)))))
s B C (D E F G (H b) I J t ab k f K L ad (M (N (O (t f z (d (P l Q (k p k o d (R S s (T z (b q (r r p d) (U l s h) s q (V y W (X Y (z n Z) q b i b e (p (c (m n (AA AB v d o AC u ab))) m f t z) d) u u) p v l)))) m u a) ad) e z z AD)))))
B (D E F G (H b) I J t ab k f K L ad (M (N (O (t f z (d (P l Q (k p k o d (R S s (T z (b q (r r p d) (U l s h) s q (V y W (X Y (z n Z) q b i b e (p (c (m n (AA AB v d o AC u ab))) m f t z) d) u u) p v l)))) m u a) ad) e z z AD))))) m e i a k
B (D E F G (H b) I J t ab k (e ac) K L ad (M (N (O (t f z (d (P l Q (k p k o d (R S s (T z (b q (r r p d) (U l s h) s q (V y W (X Y (z n Z) q b i b e (p (c (m n (AA AB v d o AC u ab))) m f t z) d) u u) p v l)))) m u a) ad) e z z AD))))) m e i a k
B (D E F G (H b) I J t ab k (e ac) K L ad (M (N (O (a (e z u e p) (d (P l Q (k p k o d (R S s (T z (b q (r r p d) (U l s h) s q (V y W (X Y (z n Z) q b i b e (p (c (m n (AA AB v d o AC u ab))) m f t z) d) u u) p v l)))) m u a) ad) e z z AD))))) m e i a k
B (D E F G (H b) I J t ab k (e ac) K L ad (M (N (O (l (g (v r e)) (e z u e p) (d (P l Q (k p k o d (R S s (T z (b q (r r p d) (U l s h) s q (V y W (X Y (z n Z) q b i b e (p (c (m n (AA AB v d o AC u ab))) m f t z) d) u u) p v l)))) m u a) ad) e z z AD))))) m e i a k
B (D E F G (H b) I J t ab k (e ac) K L ad (M (N (O (s z z AD))))) m e i a k
B (D E F G (H b) I J t ab k (e ac) K L ad (M (N (O (z AD m e i a k))))) m e i a k
B (D E F G (H b) I J t ab k (e ac) K L ad (M (N (O (ac m e i a k))))) m e i a k
B (D E F G (H b) I J t ab k (e ac) K L ad (M (N (O (f a k))))) m e i a k
B (D E F G (H b) I J t ab k (e ac) K L ad (M (N (O (e ac a k))))) m e i a k
B (D E F G (H b) I J t ab k (e ac) K L ad (M (N (O (e ac (l (g (v r e))) k))))) m e i a k
B (D E F G (H b) I J t ab k (e ac) K L ad (M (N (O (e ac (l (c e q z (v r e))) k))))) m e i a k
B (D E F G (H b) I J t ab k (e ac) K L ad (M (N (O (e ac (l (b ac)) k))))) m e i a k
B (D E F G (H b) I J t ab k (e ac) K L ad (M (N (O (e ac (l (b ac)) k))))) m e i (l (g (v r e))) k
B (D E F G (H b) I J t ab k (e ac) K L ad (M (N (O (e ac (l (b ac)) k))))) m e i (l (c e q z (v r e))) k
B (D E F G (H b) I J t ab k (e ac) K L ad (M (N (O (e ac (l (b ac)) k))))) m e i (l (b ac)) k


