a ah ag ai af ae aj = aj q
b ae aj ah af ai ag = f ai z u ah w a
c ag af ae = u (j (aa aa) i ag (ag p b))
d ae af = l ab (ad m)
e af ae = b v ae w
f ae af = t
g ae = o
h ae = u w ae b ae j (q p w)
i ag ae ah af = t h ag (ah (ac ae k h q))
j ae ag af ai ah = ag x a ah u e
k aj ag ae af ai ah = z
l = f (r ac (y j i o g ad))
m = y
n ae = d i ae
o = aa p (v (r h w ad s w))
p ae = ad aa t r (e ab x q)
q ae ah ai af ag = b ag k x (y h a m) p u
r = p
s ae af ag ah = q i t a (u ad i p ad)
t ag ai ah ae af = m e a ag i
u = ab r x (d x) c
v = k a i (f t)
w ag ae ai aj ah af = ai
x ae aj ah ai ag af = e
y ah ai ae af ag = ac m (ah e ab q) o o
z ae = ac ae
aa af ah ag ae = l a p (ah t h i b ae)
ab ah ag ae af = o t (ag af) o (b aa o)
ac af ae ag = x h
ad ae af ai ah ag = c d a (q z b ai)
main = A s B C (e e z aa u D s) E z h o F f (g r b m d) u G n b m (H I J (b K v n aa k h) L t z (M t f ab) s) l N (O d m) i P Q ad (R S T (q U i p s k (z m l x m) n ab (V g W y (X t i (Y k) aa a aa f) p) Z j) y AA ac aa (AB x) n) AC u (x (d ab ac b))
------------------------------------------------------------
A s B C (e e z aa u D s) E z h o F f (g r b m d) u G n b m (H I J (b K v n aa k h) L t z (M t f ab) s) l N (O d m) i P Q ad (R S T (q U i p s k (z m l x m) n ab (V g W y (X t i (Y k) aa a aa f) p) Z j) y AA ac aa (AB x) n) AC u (x (d ab ac b))
A s B C (b v z w aa u D s) E z h o F f (g r b m d) u G n b m (H I J (b K v n aa k h) L t z (M t f ab) s) l N (O d m) i P Q ad (R S T (q U i p s k (z m l x m) n ab (V g W y (X t i (Y k) aa a aa f) p) Z j) y AA ac aa (AB x) n) AC u (x (d ab ac b))
A s B C (f u z u w w a s) E z h o F f (g r b m d) u G n b m (H I J (b K v n aa k h) L t z (M t f ab) s) l N (O d m) i P Q ad (R S T (q U i p s k (z m l x m) n ab (V g W y (X t i (Y k) aa a aa f) p) Z j) y AA ac aa (AB x) n) AC u (x (d ab ac b))
A s B C (t u w w a s) E z h o F f (g r b m d) u G n b m (H I J (b K v n aa k h) L t z (M t f ab) s) l N (O d m) i P Q ad (R S T (q U i p s k (z m l x m) n ab (V g W y (X t i (Y k) aa a aa f) p) Z j) y AA ac aa (AB x) n) AC u (x (d ab ac b))
A s B C (m e a u i) E z h o F f (g r b m d) u G n b m (H I J (b K v n aa k h) L t z (M t f ab) s) l N (O d m) i P Q ad (R S T (q U i p s k (z m l x m) n ab (V g W y (X t i (Y k) aa a aa f) p) Z j) y AA ac aa (AB x) n) AC u (x (d ab ac b))
A s B C (y e a u i) E z h o F f (g r b m d) u G n b m (H I J (b K v n aa k h) L t z (M t f ab) s) l N (O d m) i P Q ad (R S T (q U i p s k (z m l x m) n ab (V g W y (X t i (Y k) aa a aa f) p) Z j) y AA ac aa (AB x) n) AC u (x (d ab ac b))
A s B C (y e a (ab r x (d x) c) i) E z h o F f (g r b m d) u G n b m (H I J (b K v n aa k h) L t z (M t f ab) s) l N (O d m) i P Q ad (R S T (q U i p s k (z m l x m) n ab (V g W y (X t i (Y k) aa a aa f) p) Z j) y AA ac aa (AB x) n) AC u (x (d ab ac b))
A s B C (y e a (o t (x c) o (b aa o)) i) E z h o F f (g r b m d) u G n b m (H I J (b K v n aa k h) L t z (M t f ab) s) l N (O d m) i P Q ad (R S T (q U i p s k (z m l x m) n ab (V g W y (X t i (Y k) aa a aa f) p) Z j) y AA ac aa (AB x) n) AC u (x (d ab ac b))
A s B C (y e a (aa p (v (r h w ad s w)) t (x c) o (b aa o)) i) E z h o F f (g r b m d) u G n b m (H I J (b K v n aa k h) L t z (M t f ab) s) l N (O d m) i P Q ad (R S T (q U i p s k (z m l x m) n ab (V g W y (X t i (Y k) aa a aa f) p) Z j) y AA ac aa (AB x) n) AC u (x (d ab ac b))
A s B C (y e a (l a p (v (r h w ad s w) t h i b (x c)) o (b aa o)) i) E z h o F f (g r b m d) u G n b m (H I J (b K v n aa k h) L t z (M t f ab) s) l N (O d m) i P Q ad (R S T (q U i p s k (z m l x m) n ab (V g W y (X t i (Y k) aa a aa f) p) Z j) y AA ac aa (AB x) n) AC u (x (d ab ac b))
A s B C (y e a (f (r ac (y j i o g ad)) a p (v (r h w ad s w) t h i b (x c)) o (b aa o)) i) E z h o F f (g r b m d) u G n b m (H I J (b K v n aa k h) L t z (M t f ab) s) l N (O d m) i P Q ad (R S T (q U i p s k (z m l x m) n ab (V g W y (X t i (Y k) aa a aa f) p) Z j) y AA ac aa (AB x) n) AC u (x (d ab ac b))
A s B C (y e a (t p (v (r h w ad s w) t h i b (x c)) o (b aa o)) i) E z h o F f (g r b m d) u G n b m (H I J (b K v n aa k h) L t z (M t f ab) s) l N (O d m) i P Q ad (R S T (q U i p s k (z m l x m) n ab (V g W y (X t i (Y k) aa a aa f) p) Z j) y AA ac aa (AB x) n) AC u (x (d ab ac b))
A s B C (y e a (t p (k a i (f t) (r h w ad s w) t h i b (x c)) o (b aa o)) i) E z h o F f (g r b m d) u G n b m (H I J (b K v n aa k h) L t z (M t f ab) s) l N (O d m) i P Q ad (R S T (q U i p s k (z m l x m) n ab (V g W y (X t i (Y k) aa a aa f) p) Z j) y AA ac aa (AB x) n) AC u (x (d ab ac b))
A s B C (y e a (t p (z i b (x c)) o (b aa o)) i) E z h o F f (g r b m d) u G n b m (H I J (b K v n aa k h) L t z (M t f ab) s) l N (O d m) i P Q ad (R S T (q U i p s k (z m l x m) n ab (V g W y (X t i (Y k) aa a aa f) p) Z j) y AA ac aa (AB x) n) AC u (x (d ab ac b))
A s B C (y e a (t p (ac i b (x c)) o (b aa o)) i) E z h o F f (g r b m d) u G n b m (H I J (b K v n aa k h) L t z (M t f ab) s) l N (O d m) i P Q ad (R S T (q U i p s k (z m l x m) n ab (V g W y (X t i (Y k) aa a aa f) p) Z j) y AA ac aa (AB x) n) AC u (x (d ab ac b))
A s B C (y e a (t p (x h) o (b aa o)) i) E z h o F f (g r b m d) u G n b m (H I J (b K v n aa k h) L t z (M t f ab) s) l N (O d m) i P Q ad (R S T (q U i p s k (z m l x m) n ab (V g W y (X t i (Y k) aa a aa f) p) Z j) y AA ac aa (AB x) n) AC u (x (d ab ac b))
A s B C (y e a (t p (x h) (aa p (v (r h w ad s w))) (b aa o)) i) E z h o F f (g r b m d) u G n b m (H I J (b K v n aa k h) L t z (M t f ab) s) l N (O d m) i P Q ad (R S T (q U i p s k (z m l x m) n ab (V g W y (X t i (Y k) aa a aa f) p) Z j) y AA ac aa (AB x) n) AC u (x (d ab ac b))
A s B C (y e a (t p (x h) (aa p (k a i (f t) (r h w ad s w))) (b aa o)) i) E z h o F f (g r b m d) u G n b m (H I J (b K v n aa k h) L t z (M t f ab) s) l N (O d m) i P Q ad (R S T (q U i p s k (z m l x m) n ab (V g W y (X t i (Y k) aa a aa f) p) Z j) y AA ac aa (AB x) n) AC u (x (d ab ac b))
A s B C (y e a (t p (x h) (aa p (k a i (f t) (p h w ad s w))) (b aa o)) i) E z h o F f (g r b m d) u G n b m (H I J (b K v n aa k h) L t z (M t f ab) s) l N (O d m) i P Q ad (R S T (q U i p s k (z m l x m) n ab (V g W y (X t i (Y k) aa a aa f) p) Z j) y AA ac aa (AB x) n) AC u (x (d ab ac b))
A s B C (y e a (t p (x h) (aa p (k a i (f t) (ad aa t r (e ab x q) w ad s w))) (b aa o)) i) E z h o F f (g r b m d) u G n b m (H I J (b K v n aa k h) L t z (M t f ab) s) l N (O d m) i P Q ad (R S T (q U i p s k (z m l x m) n ab (V g W y (X t i (Y k) aa a aa f) p) Z j) y AA ac aa (AB x) n) AC u (x (d ab ac b))
A s B C (y e a (t p (x h) (aa p (k a i (f t) (c d a (q z b r) ad s w))) (b aa o)) i) E z h o F f (g r b m d) u G n b m (H I J (b K v n aa k h) L t z (M t f ab) s) l N (O d m) i P Q ad (R S T (q U i p s k (z m l x m) n ab (V g W y (X t i (Y k) aa a aa f) p) Z j) y AA ac aa (AB x) n) AC u (x (d ab ac b))
A s B C (y e a (t p (x h) (aa p (k a i (f t) (u (j (aa aa) i d (d p b)) ad s w))) (b aa o)) i) E z h o F f (g r b m d) u G n b m (H I J (b K v n aa k h) L t z (M t f ab) s) l N (O d m) i P Q ad (R S T (q U i p s k (z m l x m) n ab (V g W y (X t i (Y k) aa a aa f) p) Z j) y AA ac aa (AB x) n) AC u (x (d ab ac b))
A s B C (y e a (t p (x h) (aa p (k a i (f t) (ab r x (d x) c (j (aa aa) i d (d p b)) ad s w))) (b aa o)) i) E z h o F f (g r b m d) u G n b m (H I J (b K v n aa k h) L t z (M t f ab) s) l N (O d m) i P Q ad (R S T (q U i p s k (z m l x m) n ab (V g W y (X t i (Y k) aa a aa f) p) Z j) y AA ac aa (AB x) n) AC u (x (d ab ac b))
A s B C (y e a (t p (x h) (aa p (k a i (f t) (o t (x c) o (b aa o) (j (aa aa) i d (d p b)) ad s w))) (b aa o)) i) E z h o F f (g r b m d) u G n b m (H I J (b K v n aa k h) L t z (M t f ab) s) l N (O d m) i P Q ad (R S T (q U i p s k (z m l x m) n ab (V g W y (X t i (Y k) aa a aa f) p) Z j) y AA ac aa (AB x) n) AC u (x (d ab ac b))
A s B C (y e a (t p (x h) (aa p (k a i (f t) (aa p (v (r h w ad s w)) t (x c) o (b aa o) (j (aa aa) i d (d p b)) ad s w))) (b aa o)) i) E z h o F f (g r b m d) u G n b m (H I J (b K v n aa k h) L t z (M t f ab) s) l N (O d m) i P Q ad (R S T (q U i p s k (z m l x m) n ab (V g W y (X t i (Y k) aa a aa f) p) Z j) y AA ac aa (AB x) n) AC u (x (d ab ac b))
A s B C (y e a (t p (x h) (aa p (k a i (f t) (l a p (v (r h w ad s w) t h i b (x c)) o (b aa o) (j (aa aa) i d (d p b)) ad s w))) (b aa o)) i) E z h o F f (g r b m d) u G n b m (H I J (b K v n aa k h) L t z (M t f ab) s) l N (O d m) i P Q ad (R S T (q U i p s k (z m l x m) n ab (V g W y (X t i (Y k) aa a aa f) p) Z j) y AA ac aa (AB x) n) AC u (x (d ab ac b))
A s B C (y e a (t p (x h) (aa p (k a i (f t) (f (r ac (y j i o g ad)) a p (v (r h w ad s w) t h i b (x c)) o (b aa o) (j (aa aa) i d (d p b)) ad s w))) (b aa o)) i) E z h o F f (g r b m d) u G n b m (H I J (b K v n aa k h) L t z (M t f ab) s) l N (O d m) i P Q ad (R S T (q U i p s k (z m l x m) n ab (V g W y (X t i (Y k) aa a aa f) p) Z j) y AA ac aa (AB x) n) AC u (x (d ab ac b))
A s B C (y e a (t p (x h) (aa p (k a i (f t) (t p (v (r h w ad s w) t h i b (x c)) o (b aa o) (j (aa aa) i d (d p b)) ad s w))) (b aa o)) i) E z h o F f (g r b m d) u G n b m (H I J (b K v n aa k h) L t z (M t f ab) s) l N (O d m) i P Q ad (R S T (q U i p s k (z m l x m) n ab (V g W y (X t i (Y k) aa a aa f) p) Z j) y AA ac aa (AB x) n) AC u (x (d ab ac b))
A s B C (y e a (t p (x h) (aa p (k a i (f t) (m e a p i ad s w))) (b aa o)) i) E z h o F f (g r b m d) u G n b m (H I J (b K v n aa k h) L t z (M t f ab) s) l N (O d m) i P Q ad (R S T (q U i p s k (z m l x m) n ab (V g W y (X t i (Y k) aa a aa f) p) Z j) y AA ac aa (AB x) n) AC u (x (d ab ac b))
A s B C (y e a (t p (x h) (aa p (k a i (f t) (y e a p i ad s w))) (b aa o)) i) E z h o F f (g r b m d) u G n b m (H I J (b K v n aa k h) L t z (M t f ab) s) l N (O d m) i P Q ad (R S T (q U i p s k (z m l x m) n ab (V g W y (X t i (Y k) aa a aa f) p) Z j) y AA ac aa (AB x) n) AC u (x (d ab ac b))


