a af ag ae x n
b ae af v s y
c ag ae ah af aa
d ae af ag ah aa c (z e a af)
e af ag ae ah z p ae d x l ae
f ah ag af ae k
g ah ae ag af ad (v n s)
h ah ag af ae y (f i d)
i af ae ag u n n l m
j ae ag af o s (g ac e i l a) d
k ae af q w w ad o y
l j
m ae af ag y aa k ab (l o e) z i t
n af ae ag u (aa (h (x x) k e) m)
o ag ae af r s k
p ae af af i n ae (ac (g h) q)
q ae af m o
r ag ae ai ah af aj m (c ai ac k)
s ae af af
t j s
u af ae ah ag t ae ag r
v ah ae af ag ah z
w b n x m e r a
x ag ae ah aj af ai q p v (p z) g
y ae ag ah af m a ac n g g f s f ad
z ag ah ae af ai ag
aa f (d b (ab e u))
ab ae ah af aj ai ag c b v (y p) ae v h h i
ac ag ae af r
ad ag ae ai aj ah af e u ab c ab
main A f x (B (b r) C f (m f r i ab y u (D m (E l p g r z p (i (w g (F aa m u e)) r m n) G m h m) (H (I J (K m) ad (L v o k z aa ad h d M (N O v) P Q d a n R) w i S T U u p (V W q) g f X e ab (i (q v c q v (b f v (Y Z AA AB q v w ad) c) w d z)))))))
------------------------------------------------------------
A f x (B (b r) C f (m f r i ab y u (D m (E l p g r z p (i (w g (F aa m u e)) r m n) G m h m) (H (I J (K m) ad (L v o k z aa ad h d M (N O v) P Q d a n R) w i S T U u p (V W q) g f X e ab (i (q v c q v (b f v (Y Z AA AB q v w ad) c) w d z)))))))
A f x (B (b r) C f (y aa k ab (l o e) z i t ab y u (D m (E l p g r z p (i (w g (F aa m u e)) r m n) G m h m) (H (I J (K m) ad (L v o k z aa ad h d M (N O v) P Q d a n R) w i S T U u p (V W q) g f X e ab (i (q v c q v (b f v (Y Z AA AB q v w ad) c) w d z)))))))
A f x (B (b r) C f (m a ac n g g f s f ad z i t ab y u (D m (E l p g r z p (i (w g (F aa m u e)) r m n) G m h m) (H (I J (K m) ad (L v o k z aa ad h d M (N O v) P Q d a n R) w i S T U u p (V W q) g f X e ab (i (q v c q v (b f v (Y Z AA AB q v w ad) c) w d z)))))))
A f x (B (b r) C f (y aa k ab (l o e) z i t g g f s f ad z i t ab y u (D m (E l p g r z p (i (w g (F aa m u e)) r m n) G m h m) (H (I J (K m) ad (L v o k z aa ad h d M (N O v) P Q d a n R) w i S T U u p (V W q) g f X e ab (i (q v c q v (b f v (Y Z AA AB q v w ad) c) w d z)))))))
A f x (B (b r) C f (m a ac n g g f s f ad z i t g g f s f ad z i t ab y u (D m (E l p g r z p (i (w g (F aa m u e)) r m n) G m h m) (H (I J (K m) ad (L v o k z aa ad h d M (N O v) P Q d a n R) w i S T U u p (V W q) g f X e ab (i (q v c q v (b f v (Y Z AA AB q v w ad) c) w d z)))))))
A f x (B (b r) C f (y aa k ab (l o e) z i t g g f s f ad z i t g g f s f ad z i t ab y u (D m (E l p g r z p (i (w g (F aa m u e)) r m n) G m h m) (H (I J (K m) ad (L v o k z aa ad h d M (N O v) P Q d a n R) w i S T U u p (V W q) g f X e ab (i (q v c q v (b f v (Y Z AA AB q v w ad) c) w d z)))))))
A f x (B (b r) C f (m a ac n g g f s f ad z i t g g f s f ad z i t g g f s f ad z i t ab y u (D m (E l p g r z p (i (w g (F aa m u e)) r m n) G m h m) (H (I J (K m) ad (L v o k z aa ad h d M (N O v) P Q d a n R) w i S T U u p (V W q) g f X e ab (i (q v c q v (b f v (Y Z AA AB q v w ad) c) w d z)))))))
A f x (B (b r) C f (y aa k ab (l o e) z i t g g f s f ad z i t g g f s f ad z i t g g f s f ad z i t ab y u (D m (E l p g r z p (i (w g (F aa m u e)) r m n) G m h m) (H (I J (K m) ad (L v o k z aa ad h d M (N O v) P Q d a n R) w i S T U u p (V W q) g f X e ab (i (q v c q v (b f v (Y Z AA AB q v w ad) c) w d z)))))))
A f x (B (b r) C f (m a ac n g g f s f ad z i t g g f s f ad z i t g g f s f ad z i t g g f s f ad z i t ab y u (D m (E l p g r z p (i (w g (F aa m u e)) r m n) G m h m) (H (I J (K m) ad (L v o k z aa ad h d M (N O v) P Q d a n R) w i S T U u p (V W q) g f X e ab (i (q v c q v (b f v (Y Z AA AB q v w ad) c) w d z)))))))
A f x (B (b r) C f (y aa k ab (l o e) z i t g g f s f ad z i t g g f s f ad z i t g g f s f ad z i t g g f s f ad z i t ab y u (D m (E l p g r z p (i (w g (F aa m u e)) r m n) G m h m) (H (I J (K m) ad (L v o k z aa ad h d M (N O v) P Q d a n R) w i S T U u p (V W q) g f X e ab (i (q v c q v (b f v (Y Z AA AB q v w ad) c) w d z)))))))
A f x (B (b r) C f (m a ac n g g f s f ad z i t g g f s f ad z i t g g f s f ad z i t g g f s f ad z i t g g f s f ad z i t ab y u (D m (E l p g r z p (i (w g (F aa m u e)) r m n) G m h m) (H (I J (K m) ad (L v o k z aa ad h d M (N O v) P Q d a n R) w i S T U u p (V W q) g f X e ab (i (q v c q v (b f v (Y Z AA AB q v w ad) c) w d z)))))))
A f x (B (b r) C f (y aa k ab (l o e) z i t g g f s f ad z i t g g f s f ad z i t g g f s f ad z i t g g f s f ad z i t g g f s f ad z i t ab y u (D m (E l p g r z p (i (w g (F aa m u e)) r m n) G m h m) (H (I J (K m) ad (L v o k z aa ad h d M (N O v) P Q d a n R) w i S T U u p (V W q) g f X e ab (i (q v c q v (b f v (Y Z AA AB q v w ad) c) w d z)))))))
A f x (B (b r) C f (m a ac n g g f s f ad z i t g g f s f ad z i t g g f s f ad z i t g g f s f ad z i t g g f s f ad z i t g g f s f ad z i t ab y u (D m (E l p g r z p (i (w g (F aa m u e)) r m n) G m h m) (H (I J (K m) ad (L v o k z aa ad h d M (N O v) P Q d a n R) w i S T U u p (V W q) g f X e ab (i (q v c q v (b f v (Y Z AA AB q v w ad) c) w d z)))))))
A f x (B (b r) C f (y aa k ab (l o e) z i t g g f s f ad z i t g g f s f ad z i t g g f s f ad z i t g g f s f ad z i t g g f s f ad z i t g g f s f ad z i t ab y u (D m (E l p g r z p (i (w g (F aa m u e)) r m n) G m h m) (H (I J (K m) ad (L v o k z aa ad h d M (N O v) P Q d a n R) w i S T U u p (V W q) g f X e ab (i (q v c q v (b f v (Y Z AA AB q v w ad) c) w d z)))))))
A f x (B (b r) C f (m a ac n g g f s f ad z i t g g f s f ad z i t g g f s f ad z i t g g f s f ad z i t g g f s f ad z i t g g f s f ad z i t g g f s f ad z i t ab y u (D m (E l p g r z p (i (w g (F aa m u e)) r m n) G m h m) (H (I J (K m) ad (L v o k z aa ad h d M (N O v) P Q d a n R) w i S T U u p (V W q) g f X e ab (i (q v c q v (b f v (Y Z AA AB q v w ad) c) w d z)))))))
A f x (B (b r) C f (y aa k ab (l o e) z i t g g f s f ad z i t g g f s f ad z i t g g f s f ad z i t g g f s f ad z i t g g f s f ad z i t g g f s f ad z i t g g f s f ad z i t ab y u (D m (E l p g r z p (i (w g (F aa m u e)) r m n) G m h m) (H (I J (K m) ad (L v o k z aa ad h d M (N O v) P Q d a n R) w i S T U u p (V W q) g f X e ab (i (q v c q v (b f v (Y Z AA AB q v w ad) c) w d z)))))))
A f x (B (b r) C f (m a ac n g g f s f ad z i t g g f s f ad z i t g g f s f ad z i t g g f s f ad z i t g g f s f ad z i t g g f s f ad z i t g g f s f ad z i t g g f s f ad z i t ab y u (D m (E l p g r z p (i (w g (F aa m u e)) r m n) G m h m) (H (I J (K m) ad (L v o k z aa ad h d M (N O v) P Q d a n R) w i S T U u p (V W q) g f X e ab (i (q v c q v (b f v (Y Z AA AB q v w ad) c) w d z)))))))
A f x (B (b r) C f (y aa k ab (l o e) z i t g g f s f ad z i t g g f s f ad z i t g g f s f ad z i t g g f s f ad z i t g g f s f ad z i t g g f s f ad z i t g g f s f ad z i t g g f s f ad z i t ab y u (D m (E l p g r z p (i (w g (F aa m u e)) r m n) G m h m) (H (I J (K m) ad (L v o k z aa ad h d M (N O v) P Q d a n R) w i S T U u p (V W q) g f X e ab (i (q v c q v (b f v (Y Z AA AB q v w ad) c) w d z)))))))
A f x (B (b r) C f (m a ac n g g f s f ad z i t g g f s f ad z i t g g f s f ad z i t g g f s f ad z i t g g f s f ad z i t g g f s f ad z i t g g f s f ad z i t g g f s f ad z i t g g f s f ad z i t ab y u (D m (E l p g r z p (i (w g (F aa m u e)) r m n) G m h m) (H (I J (K m) ad (L v o k z aa ad h d M (N O v) P Q d a n R) w i S T U u p (V W q) g f X e ab (i (q v c q v (b f v (Y Z AA AB q v w ad) c) w d z)))))))
A f x (B (b r) C f (y aa k ab (l o e) z i t g g f s f ad z i t g g f s f ad z i t g g f s f ad z i t g g f s f ad z i t g g f s f ad z i t g g f s f ad z i t g g f s f ad z i t g g f s f ad z i t g g f s f ad z i t ab y u (D m (E l p g r z p (i (w g (F aa m u e)) r m n) G m h m) (H (I J (K m) ad (L v o k z aa ad h d M (N O v) P Q d a n R) w i S T U u p (V W q) g f X e ab (i (q v c q v (b f v (Y Z AA AB q v w ad) c) w d z)))))))
A f x (B (b r) C f (m a ac n g g f s f ad z i t g g f s f ad z i t g g f s f ad z i t g g f s f ad z i t g g f s f ad z i t g g f s f ad z i t g g f s f ad z i t g g f s f ad z i t g g f s f ad z i t g g f s f ad z i t ab y u (D m (E l p g r z p (i (w g (F aa m u e)) r m n) G m h m) (H (I J (K m) ad (L v o k z aa ad h d M (N O v) P Q d a n R) w i S T U u p (V W q) g f X e ab (i (q v c q v (b f v (Y Z AA AB q v w ad) c) w d z)))))))
A f x (B (b r) C f (y aa k ab (l o e) z i t g g f s f ad z i t g g f s f ad z i t g g f s f ad z i t g g f s f ad z i t g g f s f ad z i t g g f s f ad z i t g g f s f ad z i t g g f s f ad z i t g g f s f ad z i t g g f s f ad z i t ab y u (D m (E l p g r z p (i (w g (F aa m u e)) r m n) G m h m) (H (I J (K m) ad (L v o k z aa ad h d M (N O v) P Q d a n R) w i S T U u p (V W q) g f X e ab (i (q v c q v (b f v (Y Z AA AB q v w ad) c) w d z)))))))
A f x (B (b r) C f (m a ac n g g f s f ad z i t g g f s f ad z i t g g f s f ad z i t g g f s f ad z i t g g f s f ad z i t g g f s f ad z i t g g f s f ad z i t g g f s f ad z i t g g f s f ad z i t g g f s f ad z i t g g f s f ad z i t ab y u (D m (E l p g r z p (i (w g (F aa m u e)) r m n) G m h m) (H (I J (K m) ad (L v o k z aa ad h d M (N O v) P Q d a n R) w i S T U u p (V W q) g f X e ab (i (q v c q v (b f v (Y Z AA AB q v w ad) c) w d z)))))))
A f x (B (b r) C f (y aa k ab (l o e) z i t g g f s f ad z i t g g f s f ad z i t g g f s f ad z i t g g f s f ad z i t g g f s f ad z i t g g f s f ad z i t g g f s f ad z i t g g f s f ad z i t g g f s f ad z i t g g f s f ad z i t g g f s f ad z i t ab y u (D m (E l p g r z p (i (w g (F aa m u e)) r m n) G m h m) (H (I J (K m) ad (L v o k z aa ad h d M (N O v) P Q d a n R) w i S T U u p (V W q) g f X e ab (i (q v c q v (b f v (Y Z AA AB q v w ad) c) w d z)))))))
A f x (B (b r) C f (m a ac n g g f s f ad z i t g g f s f ad z i t g g f s f ad z i t g g f s f ad z i t g g f s f ad z i t g g f s f ad z i t g g f s f ad z i t g g f s f ad z i t g g f s f ad z i t g g f s f ad z i t g g f s f ad z i t g g f s f ad z i t ab y u (D m (E l p g r z p (i (w g (F aa m u e)) r m n) G m h m) (H (I J (K m) ad (L v o k z aa ad h d M (N O v) P Q d a n R) w i S T U u p (V W q) g f X e ab (i (q v c q v (b f v (Y Z AA AB q v w ad) c) w d z)))))))
A f x (B (b r) C f (y aa k ab (l o e) z i t g g f s f ad z i t g g f s f ad z i t g g f s f ad z i t g g f s f ad z i t g g f s f ad z i t g g f s f ad z i t g g f s f ad z i t g g f s f ad z i t g g f s f ad z i t g g f s f ad z i t g g f s f ad z i t g g f s f ad z i t ab y u (D m (E l p g r z p (i (w g (F aa m u e)) r m n) G m h m) (H (I J (K m) ad (L v o k z aa ad h d M (N O v) P Q d a n R) w i S T U u p (V W q) g f X e ab (i (q v c q v (b f v (Y Z AA AB q v w ad) c) w d z)))))))
A f x (B (b r) C f (m a ac n g g f s f ad z i t g g f s f ad z i t g g f s f ad z i t g g f s f ad z i t g g f s f ad z i t g g f s f ad z i t g g f s f ad z i t g g f s f ad z i t g g f s f ad z i t g g f s f ad z i t g g f s f ad z i t g g f s f ad z i t g g f s f ad z i t ab y u (D m (E l p g r z p (i (w g (F aa m u e)) r m n) G m h m) (H (I J (K m) ad (L v o k z aa ad h d M (N O v) P Q d a n R) w i S T U u p (V W q) g f X e ab (i (q v c q v (b f v (Y Z AA AB q v w ad) c) w d z)))))))
A f x (B (b r) C f (y aa k ab (l o e) z i t g g f s f ad z i t g g f s f ad z i t g g f s f ad z i t g g f s f ad z i t g g f s f ad z i t g g f s f ad z i t g g f s f ad z i t g g f s f ad z i t g g f s f ad z i t g g f s f ad z i t g g f s f ad z i t g g f s f ad z i t g g f s f ad z i t ab y u (D m (E l p g r z p (i (w g (F aa m u e)) r m n) G m h m) (H (I J (K m) ad (L v o k z aa ad h d M (N O v) P Q d a n R) w i S T U u p (V W q) g f X e ab (i (q v c q v (b f v (Y Z AA AB q v w ad) c) w d z)))))))
A f x (B (b r) C f (m a ac n g g f s f ad z i t g g f s f ad z i t g g f s f ad z i t g g f s f ad z i t g g f s f ad z i t g g f s f ad z i t g g f s f ad z i t g g f s f ad z i t g g f s f ad z i t g g f s f ad z i t g g f s f ad z i t g g f s f ad z i t g g f s f ad z i t g g f s f ad z i t ab y u (D m (E l p g r z p (i (w g (F aa m u e)) r m n) G m h m) (H (I J (K m) ad (L v o k z aa ad h d M (N O v) P Q d a n R) w i S T U u p (V W q) g f X e ab (i (q v c q v (b f v (Y Z AA AB q v w ad) c) w d z)))))))
A f x (B (b r) C f (y aa k ab (l o e) z i t g g f s f ad z i t g g f s f ad z i t g g f s f ad z i t g g f s f ad z i t g g f s f ad z i t g g f s f ad z i t g g f s f ad z i t g g f s f ad z i t g g f s f ad z i t g g f s f ad z i t g g f s f ad z i t g g f s f ad z i t g g f s f ad z i t g g f s f ad z i t ab y u (D m (E l p g r z p (i (w g (F aa m u e)) r m n) G m h m) (H (I J (K m) ad (L v o k z aa ad h d M (N O v) P Q d a n R) w i S T U u p (V W q) g f X e ab (i (q v c q v (b f v (Y Z AA AB q v w ad) c) w d z)))))))


