a g r x m y (j w)
b af ae ag ah m
c ah ag ae af ag (w k) e k m ac
d ae af ah ag b (ad g ag w b)
e ah af ae ag f ae i a (c (z c)) af y m
f ag af ae t a x o
g ae af ae
h o l k
i ai aj ag ah af ae g
j af ae d i (l (z q i ab) r) ae h
k ae y r q d ae m
l ae ag af k m w f t g j
m af ah ag aj ae ai w a j g v k x (p u w)
n ag ae ah ai aj af ac (j f a ag)
o af ae ai ag ah y i s s ad
p ae ag af ah ai ag r ae ad f ab aa (v w)
q ae af f g af r y (ab (n l) af m)
r ae af t a
s ah ai af ae ag b p f ac b
t af ag ah ai ae ah q (ah x l f n y ag)
u ag ae af l b h (ac af)
v af ah ae ag l ah a y ag ae u ah
w ah af ae ag ai f
x ai ah ae af ag h c aa (y ae y)
y ae ag af ag ab h v ac o s
z ae af af g t s ae ae
aa ah ag ae af c (z h (d b) t z o ah p)
ab ae aj af ah ai ag z o r (i x w)
ac af ah ag ae ae
ad af aj ag ai ah ae u z y y ai ab ag ah c j
main y (v ab) p z p A B q (i (ac ab (v C ad) a D E t o ad F t a aa y) ac e G H c I x d J K L M j v) (N t O aa) v i u e (P (Q R S (T m (s f k w h ad) U) f l e v g ab p aa V (W (o h (X (z Y (aa (p (u Z AA (f l ac (AB AC m aa u)) c)) ac l AD ac AE e i) o l v))))))
------------------------------------------------------------
y (v ab) p z p A B q (i (ac ab (v C ad) a D E t o ad F t a aa y) ac e G H c I x d J K L M j v) (N t O aa) v i u e (P (Q R S (T m (s f k w h ad) U) f l e v g ab p aa V (W (o h (X (z Y (aa (p (u Z AA (f l ac (AB AC m aa u)) c)) ac l AD ac AE e i) o l v))))))
p ab h v ac o s p A B q (i (ac ab (v C ad) a D E t o ad F t a aa y) ac e G H c I x d J K L M j v) (N t O aa) v i u e (P (Q R S (T m (s f k w h ad) U) f l e v g ab p aa V (W (o h (X (z Y (aa (p (u Z AA (f l ac (AB AC m aa u)) c)) ac l AD ac AE e i) o l v))))))
h r ab ad f ab aa (v w) s p A B q (i (ac ab (v C ad) a D E t o ad F t a aa y) ac e G H c I x d J K L M j v) (N t O aa) v i u e (P (Q R S (T m (s f k w h ad) U) f l e v g ab p aa V (W (o h (X (z Y (aa (p (u Z AA (f l ac (AB AC m aa u)) c)) ac l AD ac AE e i) o l v))))))
o l k r ab ad f ab aa (v w) s p A B q (i (ac ab (v C ad) a D E t o ad F t a aa y) ac e G H c I x d J K L M j v) (N t O aa) v i u e (P (Q R S (T m (s f k w h ad) U) f l e v g ab p aa V (W (o h (X (z Y (aa (p (u Z AA (f l ac (AB AC m aa u)) c)) ac l AD ac AE e i) o l v))))))
y i s s ad f ab aa (v w) s p A B q (i (ac ab (v C ad) a D E t o ad F t a aa y) ac e G H c I x d J K L M j v) (N t O aa) v i u e (P (Q R S (T m (s f k w h ad) U) f l e v g ab p aa V (W (o h (X (z Y (aa (p (u Z AA (f l ac (AB AC m aa u)) c)) ac l AD ac AE e i) o l v))))))
s ab h v ac o s ad f ab aa (v w) s p A B q (i (ac ab (v C ad) a D E t o ad F t a aa y) ac e G H c I x d J K L M j v) (N t O aa) v i u e (P (Q R S (T m (s f k w h ad) U) f l e v g ab p aa V (W (o h (X (z Y (aa (p (u Z AA (f l ac (AB AC m aa u)) c)) ac l AD ac AE e i) o l v))))))
b p f ac b s ad f ab aa (v w) s p A B q (i (ac ab (v C ad) a D E t o ad F t a aa y) ac e G H c I x d J K L M j v) (N t O aa) v i u e (P (Q R S (T m (s f k w h ad) U) f l e v g ab p aa V (W (o h (X (z Y (aa (p (u Z AA (f l ac (AB AC m aa u)) c)) ac l AD ac AE e i) o l v))))))
m s ad f ab aa (v w) s p A B q (i (ac ab (v C ad) a D E t o ad F t a aa y) ac e G H c I x d J K L M j v) (N t O aa) v i u e (P (Q R S (T m (s f k w h ad) U) f l e v g ab p aa V (W (o h (X (z Y (aa (p (u Z AA (f l ac (AB AC m aa u)) c)) ac l AD ac AE e i) o l v))))))
w a j g v k x (p u w) s p A B q (i (ac ab (v C ad) a D E t o ad F t a aa y) ac e G H c I x d J K L M j v) (N t O aa) v i u e (P (Q R S (T m (s f k w h ad) U) f l e v g ab p aa V (W (o h (X (z Y (aa (p (u Z AA (f l ac (AB AC m aa u)) c)) ac l AD ac AE e i) o l v))))))
f x (p u w) s p A B q (i (ac ab (v C ad) a D E t o ad F t a aa y) ac e G H c I x d J K L M j v) (N t O aa) v i u e (P (Q R S (T m (s f k w h ad) U) f l e v g ab p aa V (W (o h (X (z Y (aa (p (u Z AA (f l ac (AB AC m aa u)) c)) ac l AD ac AE e i) o l v))))))
t a x o p A B q (i (ac ab (v C ad) a D E t o ad F t a aa y) ac e G H c I x d J K L M j v) (N t O aa) v i u e (P (Q R S (T m (s f k w h ad) U) f l e v g ab p aa V (W (o h (X (z Y (aa (p (u Z AA (f l ac (AB AC m aa u)) c)) ac l AD ac AE e i) o l v))))))
o q (o x l f n y x) B q (i (ac ab (v C ad) a D E t o ad F t a aa y) ac e G H c I x d J K L M j v) (N t O aa) v i u e (P (Q R S (T m (s f k w h ad) U) f l e v g ab p aa V (W (o h (X (z Y (aa (p (u Z AA (f l ac (AB AC m aa u)) c)) ac l AD ac AE e i) o l v))))))
y i s s ad (N t O aa) v i u e (P (Q R S (T m (s f k w h ad) U) f l e v g ab p aa V (W (o h (X (z Y (aa (p (u Z AA (f l ac (AB AC m aa u)) c)) ac l AD ac AE e i) o l v))))))
s ab h v ac o s ad (N t O aa) v i u e (P (Q R S (T m (s f k w h ad) U) f l e v g ab p aa V (W (o h (X (z Y (aa (p (u Z AA (f l ac (AB AC m aa u)) c)) ac l AD ac AE e i) o l v))))))
b p f ac b s ad (N t O aa) v i u e (P (Q R S (T m (s f k w h ad) U) f l e v g ab p aa V (W (o h (X (z Y (aa (p (u Z AA (f l ac (AB AC m aa u)) c)) ac l AD ac AE e i) o l v))))))
m s ad (N t O aa) v i u e (P (Q R S (T m (s f k w h ad) U) f l e v g ab p aa V (W (o h (X (z Y (aa (p (u Z AA (f l ac (AB AC m aa u)) c)) ac l AD ac AE e i) o l v))))))
w a j g v k x (p u w) e (P (Q R S (T m (s f k w h ad) U) f l e v g ab p aa V (W (o h (X (z Y (aa (p (u Z AA (f l ac (AB AC m aa u)) c)) ac l AD ac AE e i) o l v))))))
f x (p u w) e (P (Q R S (T m (s f k w h ad) U) f l e v g ab p aa V (W (o h (X (z Y (aa (p (u Z AA (f l ac (AB AC m aa u)) c)) ac l AD ac AE e i) o l v))))))
t a x o (P (Q R S (T m (s f k w h ad) U) f l e v g ab p aa V (W (o h (X (z Y (aa (p (u Z AA (f l ac (AB AC m aa u)) c)) ac l AD ac AE e i) o l v))))))
t a x o (P (Q R S (T m (b p f ac b) U) f l e v g ab p aa V (W (o h (X (z Y (aa (p (u Z AA (f l ac (AB AC m aa u)) c)) ac l AD ac AE e i) o l v))))))
t a x o (P (Q R S (T m m U) f l e v g ab p aa V (W (o h (X (z Y (aa (p (u Z AA (f l ac (AB AC m aa u)) c)) ac l AD ac AE e i) o l v))))))
t a x o (P (Q R S (T m m U) f l e v g ab p aa V (W (o h (X (aa (p (u Z AA (f l ac (AB AC m aa u)) c)) ac l AD ac AE e i g t s Y Y o l v))))))
t a x o (P (Q R S (T m m U) f l e v g ab p aa V (W (o h (X (c (z h (d b) t z o (p (u Z AA (f l ac (AB AC m aa u)) c)) p) ac AE e i g t s Y Y o l v))))))
t a x o (P (Q R S (T m m U) f l e v g ab p aa V (W (o h (X (ac (w k) e k m ac i g t s Y Y o l v))))))
t a x o (P (Q R S (T m m U) f l e v g ab p aa V (W (o h (X (m ac i g t s Y Y o l v))))))
t a x o (P (Q R S (T m m U) f l e v g ab p aa V (W (o h (X (w a j g v k x (p u w) Y o l v))))))
t a x o (P (Q R S (T m m U) f l e v g ab p aa V (W (o h (X (f x (p u w) Y o l v))))))
t a x o (P (Q R S (T m m U) f l e v g ab p aa V (W (o h (X (t a x o o l v))))))
t a x o (P (Q R S (T m m U) f l e v g ab p aa V (W (o h (X (o q (o x l f n y x) v))))))
t a x o (P (Q R S (T m m U) f l e v g ab p aa V (W (o h (X (o q (y i s s ad x) v))))))


