a ae ah ag af = x ag
b ag ai ae af ah = n
c ae af = a (w ad y) z s w y g z
d af ai ae ag ah = u s
e ae = p ad ae (n s)
f = j b
g af ae ag = y e l x z
h ai ah ag aj ae af = ab (ae ae o w (n y ai z))
i af ae ah ag = b (o (ac o y w))
j ag ae af ah ai = k ag af (p ac t ab)
k ag ae af = r q j e p w c
l ai af ag ah aj ae = aj d ae h o u ag p
m = i aa h (j l) ad d j v ab
n ah af ai aj ag ae = p
o ag ah af ae ai = n y (w d) aa b
p ag af ah ae ai = l
q ae ag af = z
r af ag ae = p (ad k) t
s ai af ae ah ag aj = q r n
t ae af ag ai aj ah = f a
u af ai ah ag ae = w q o z r x
v aj af ag ae ah ai = k aa n b
w ai ag ae ah af aj = e ad s g m y ag ag
x ah ag ae af = q af b ae
y ag af ae = r e af f k p
z ae = r (i y p v t c)
aa ae ag ah af ai = b w ae (e k i)
ab = aa x (u ad q j a)
ac ae af = e j
ad ai af ag ae ah aj = i s i o i ab m
main = p (d (z d n v (A r x)) q ac j (B C D w) (w x) y a E) (r d p c F ad) (G ac) (H l o) I q (s J n r (n K L (M y t (c ab f n j q)) (N (m x z) c k (O (P Q q aa R (ac (p x r t o) g f) z) (j g S (T q) q (z (s U (t y (V W p (X n p) o Y g) v) p) m t Z u d)) o) r)))
------------------------------------------------------------
p (d (z d n v (A r x)) q ac j (B C D w) (w x) y a E) (r d p c F ad) (G ac) (H l o) I q (s J n r (n K L (M y t (c ab f n j q)) (N (m x z) c k (O (P Q q aa R (ac (p x r t o) g f) z) (j g S (T q) q (z (s U (t y (V W p (X n p) o Y g) v) p) m t Z u d)) o) r)))
l q (s J n r (n K L (M y t (c ab f n j q)) (N (m x z) c k (O (P Q q aa R (ac (p x r t o) g f) z) (j g S (T q) q (z (s U (t y (V W p (X n p) o Y g) v) p) m t Z u d)) o) r)))
l q (s J n r (n K L (M y t (a (w ad y) z s w y g z n j q)) (N (m x z) c k (O (P Q q aa R (ac (p x r t o) g f) z) (j g S (T q) q (z (s U (t y (V W p (X n p) o Y g) v) p) m t Z u d)) o) r)))
l q (s J n r (n K L (M y t (x s y g z n j q)) (N (m x z) c k (O (P Q q aa R (ac (p x r t o) g f) z) (j g S (T q) q (z (s U (t y (V W p (X n p) o Y g) v) p) m t Z u d)) o) r)))
l q (s J n r (n K L (M y t (q z b g n j q)) (N (m x z) c k (O (P Q q aa R (ac (p x r t o) g f) z) (j g S (T q) q (z (s U (t y (V W p (X n p) o Y g) v) p) m t Z u d)) o) r)))
l q (s J n r (n K L (M y t (z n j q)) (N (m x z) c k (O (P Q q aa R (ac (p x r t o) g f) z) (j g S (T q) q (z (s U (t y (V W p (X n p) o Y g) v) p) m t Z u d)) o) r)))
l q (s J n r (n K L (M y t (r (i y p v t c) j q)) (N (m x z) c k (O (P Q q aa R (ac (p x r t o) g f) z) (j g S (T q) q (z (s U (t y (V W p (X n p) o Y g) v) p) m t Z u d)) o) r)))
l q (s J n r (n K L (M y t (p (ad k) t)) (N (m x z) c k (O (P Q q aa R (ac (p x r t o) g f) z) (j g S (T q) q (z (s U (t y (V W p (X n p) o Y g) v) p) m t Z u d)) o) r)))
l q (s J n r (n K L (M y t (p (ad k) t)) (N (i aa h (j l) ad d j v ab x z) c k (O (P Q q aa R (ac (p x r t o) g f) z) (j g S (T q) q (z (s U (t y (V W p (X n p) o Y g) v) p) m t Z u d)) o) r)))
l q (s J n r (n K L (M y t (p (ad k) t)) (N (b (o (ac o y w)) d j v ab x z) c k (O (P Q q aa R (ac (p x r t o) g f) z) (j g S (T q) q (z (s U (t y (V W p (X n p) o Y g) v) p) m t Z u d)) o) r)))
l q (s J n r (n K L (M y t (p (ad k) t)) (N (n x z) c k (O (P Q q aa R (ac (p x r t o) g f) z) (j g S (T q) q (z (s U (t y (V W p (X n p) o Y g) v) p) m t Z u d)) o) r)))
l q (s J n r (n K L (M y t (p (ad k) t)) (N (n x z) c k (O (P Q q aa R (e j f) z) (j g S (T q) q (z (s U (t y (V W p (X n p) o Y g) v) p) m t Z u d)) o) r)))
l q (s J n r (n K L (M y t (p (ad k) t)) (N (n x z) c k (O (P Q q aa R (p ad j (n s) f) z) (j g S (T q) q (z (s U (t y (V W p (X n p) o Y g) v) p) m t Z u d)) o) r)))
l q (s J n r (n K L (M y t (p (ad k) t)) (N (n x z) c k (O (P Q q aa R (p ad j (n s) f) z) (k g (T q) (p ac t ab)) o) r)))
l q (s J n r (n K L (M y t (p (ad k) t)) (N (n x z) c k (O (P Q q aa R (p ad j (n s) f) z) (r q j e p w c) o) r)))
l q (s J n r (n K L (M y t (p (ad k) t)) (N (n x z) c k (O (P Q q aa R (p ad j (n s) f) z) (p (ad k) t p w c) o) r)))
l q (s J n r (n K L (M y t (p (ad k) t)) (N (n x z) c k (O (P Q q aa R (p ad j (n s) f) z) l o) r)))


