a af ae = p o
b ae ag af = aa n v ac i g
c ae = b w f q
d = f
e af ah ai ag ae = z h af (ag q) h ag z ag g
f ae ah ag ai af = d
g ae ah ag af = u
h = j v y (o k k f)
i af ag ae = a aa e z
j = k
k ag ah ae af = ab e t z af v ad j a e
l af ae ag = p
m ae ag ah af = v h x k l
n ae = o (s x) d
o = z (h (s g)) h
p ah ag af ae = b (ag (ab h q t))
q ae af = t n v k c y
r ag ah af ae = aa l aa q j u
s ah ag af ae = g a ah g
t ae = o v k ac d ae
u ah ag ai ae af = ab x
v af ae ai ag ah = a
w ag ae af = b (ac af d j af af q) n
x ag af ae = ag (c d p)
y ah ae ai af ag = ah z ag g (d c (af d) ae ac)
z ag ai ae af ah = u n j i p o
aa af ah ag ae = r ag s i m w
ab ag ae ah af = x aa (af a) y
ac = u e (g (e ab (x e))) ab j u
ad ae af ag = l ag af aa l o (v d ae ae)
main = ab l w (A ad d (B m f b y (y y f) j o ad i (d t (C D d E aa i w w) (l ad F G q a n H aa) f r d x I aa l y (J t) (K (b p L ad k x (M (x (N t O v g)) t t g) (P Q R (n v c) w) (S T s (aa b) q (d (i r w (U g V a ac W w) r z t j u X a c o q a ab))))))))
------------------------------------------------------------
ab l w (A ad d (B m f b y (y y f) j o ad i (d t (C D d E aa i w w) (l ad F G q a n H aa) f r d x I aa l y (J t) (K (b p L ad k x (M (x (N t O v g)) t t g) (P Q R (n v c) w) (S T s (aa b) q (d (i r w (U g V a ac W w) r z t j u X a c o q a ab))))))))
ab l w (A ad f (B m f b y (y y f) j o ad i (d t (C D d E aa i w w) (l ad F G q a n H aa) f r d x I aa l y (J t) (K (b p L ad k x (M (x (N t O v g)) t t g) (P Q R (n v c) w) (S T s (aa b) q (d (i r w (U g V a ac W w) r z t j u X a c o q a ab))))))))
ab l w (A ad f (B m f b y (y y f) k o ad i (d t (C D d E aa i w w) (l ad F G q a n H aa) f r d x I aa l y (J t) (K (b p L ad k x (M (x (N t O v g)) t t g) (P Q R (n v c) w) (S T s (aa b) q (d (i r w (U g V a ac W w) r z t j u X a c o q a ab))))))))
ab l w (A ad f (B m f b y (y y f) k (z (h (s g)) h) ad i (d t (C D d E aa i w w) (l ad F G q a n H aa) f r d x I aa l y (J t) (K (b p L ad k x (M (x (N t O v g)) t t g) (P Q R (n v c) w) (S T s (aa b) q (d (i r w (U g V a ac W w) r z t j u X a c o q a ab))))))))
ab l w (A ad f (B m f b y (y y f) k (z (j v y (o k k f) (s g)) h) ad i (d t (C D d E aa i w w) (l ad F G q a n H aa) f r d x I aa l y (J t) (K (b p L ad k x (M (x (N t O v g)) t t g) (P Q R (n v c) w) (S T s (aa b) q (d (i r w (U g V a ac W w) r z t j u X a c o q a ab))))))))
ab l w (A ad f (B m f b y (y y f) k (z (k v y (o k k f) (s g)) h) ad i (d t (C D d E aa i w w) (l ad F G q a n H aa) f r d x I aa l y (J t) (K (b p L ad k x (M (x (N t O v g)) t t g) (P Q R (n v c) w) (S T s (aa b) q (d (i r w (U g V a ac W w) r z t j u X a c o q a ab))))))))
ab l w (A ad f (B m f b y (y y f) k (z (ab e t z (s g) v ad j a e) h) ad i (d t (C D d E aa i w w) (l ad F G q a n H aa) f r d x I aa l y (J t) (K (b p L ad k x (M (x (N t O v g)) t t g) (P Q R (n v c) w) (S T s (aa b) q (d (i r w (U g V a ac W w) r z t j u X a c o q a ab))))))))
ab l w (A ad f (B m f b y (y y f) k (z (x aa (s g a) y v ad j a e) h) ad i (d t (C D d E aa i w w) (l ad F G q a n H aa) f r d x I aa l y (J t) (K (b p L ad k x (M (x (N t O v g)) t t g) (P Q R (n v c) w) (S T s (aa b) q (d (i r w (U g V a ac W w) r z t j u X a c o q a ab))))))))
ab l w (A ad f (B m f b y (y y f) k (z (aa (c d p) v ad j a e) h) ad i (d t (C D d E aa i w w) (l ad F G q a n H aa) f r d x I aa l y (J t) (K (b p L ad k x (M (x (N t O v g)) t t g) (P Q R (n v c) w) (S T s (aa b) q (d (i r w (U g V a ac W w) r z t j u X a c o q a ab))))))))
ab l w (A ad f (B m f b y (y y f) k (z (r ad s i m w a e) h) ad i (d t (C D d E aa i w w) (l ad F G q a n H aa) f r d x I aa l y (J t) (K (b p L ad k x (M (x (N t O v g)) t t g) (P Q R (n v c) w) (S T s (aa b) q (d (i r w (U g V a ac W w) r z t j u X a c o q a ab))))))))
ab l w (A ad f (B m f b y (y y f) k (z (aa l aa q j u w a e) h) ad i (d t (C D d E aa i w w) (l ad F G q a n H aa) f r d x I aa l y (J t) (K (b p L ad k x (M (x (N t O v g)) t t g) (P Q R (n v c) w) (S T s (aa b) q (d (i r w (U g V a ac W w) r z t j u X a c o q a ab))))))))
ab l w (A ad f (B m f b y (y y f) k (z (r q s i m w u w a e) h) ad i (d t (C D d E aa i w w) (l ad F G q a n H aa) f r d x I aa l y (J t) (K (b p L ad k x (M (x (N t O v g)) t t g) (P Q R (n v c) w) (S T s (aa b) q (d (i r w (U g V a ac W w) r z t j u X a c o q a ab))))))))
ab l w (A ad f (B m f b y (y y f) k (z (aa l aa q j u w u w a e) h) ad i (d t (C D d E aa i w w) (l ad F G q a n H aa) f r d x I aa l y (J t) (K (b p L ad k x (M (x (N t O v g)) t t g) (P Q R (n v c) w) (S T s (aa b) q (d (i r w (U g V a ac W w) r z t j u X a c o q a ab))))))))
ab l w (A ad f (B m f b y (y y f) k (z (r q s i m w u w u w a e) h) ad i (d t (C D d E aa i w w) (l ad F G q a n H aa) f r d x I aa l y (J t) (K (b p L ad k x (M (x (N t O v g)) t t g) (P Q R (n v c) w) (S T s (aa b) q (d (i r w (U g V a ac W w) r z t j u X a c o q a ab))))))))
ab l w (A ad f (B m f b y (y y f) k (z (aa l aa q j u w u w u w a e) h) ad i (d t (C D d E aa i w w) (l ad F G q a n H aa) f r d x I aa l y (J t) (K (b p L ad k x (M (x (N t O v g)) t t g) (P Q R (n v c) w) (S T s (aa b) q (d (i r w (U g V a ac W w) r z t j u X a c o q a ab))))))))
ab l w (A ad f (B m f b y (y y f) k (z (r q s i m w u w u w u w a e) h) ad i (d t (C D d E aa i w w) (l ad F G q a n H aa) f r d x I aa l y (J t) (K (b p L ad k x (M (x (N t O v g)) t t g) (P Q R (n v c) w) (S T s (aa b) q (d (i r w (U g V a ac W w) r z t j u X a c o q a ab))))))))
ab l w (A ad f (B m f b y (y y f) k (z (aa l aa q j u w u w u w u w a e) h) ad i (d t (C D d E aa i w w) (l ad F G q a n H aa) f r d x I aa l y (J t) (K (b p L ad k x (M (x (N t O v g)) t t g) (P Q R (n v c) w) (S T s (aa b) q (d (i r w (U g V a ac W w) r z t j u X a c o q a ab))))))))
ab l w (A ad f (B m f b y (y y f) k (z (r q s i m w u w u w u w u w a e) h) ad i (d t (C D d E aa i w w) (l ad F G q a n H aa) f r d x I aa l y (J t) (K (b p L ad k x (M (x (N t O v g)) t t g) (P Q R (n v c) w) (S T s (aa b) q (d (i r w (U g V a ac W w) r z t j u X a c o q a ab))))))))
ab l w (A ad f (B m f b y (y y f) k (z (aa l aa q j u w u w u w u w u w a e) h) ad i (d t (C D d E aa i w w) (l ad F G q a n H aa) f r d x I aa l y (J t) (K (b p L ad k x (M (x (N t O v g)) t t g) (P Q R (n v c) w) (S T s (aa b) q (d (i r w (U g V a ac W w) r z t j u X a c o q a ab))))))))
ab l w (A ad f (B m f b y (y y f) k (z (r q s i m w u w u w u w u w u w a e) h) ad i (d t (C D d E aa i w w) (l ad F G q a n H aa) f r d x I aa l y (J t) (K (b p L ad k x (M (x (N t O v g)) t t g) (P Q R (n v c) w) (S T s (aa b) q (d (i r w (U g V a ac W w) r z t j u X a c o q a ab))))))))
ab l w (A ad f (B m f b y (y y f) k (z (aa l aa q j u w u w u w u w u w u w a e) h) ad i (d t (C D d E aa i w w) (l ad F G q a n H aa) f r d x I aa l y (J t) (K (b p L ad k x (M (x (N t O v g)) t t g) (P Q R (n v c) w) (S T s (aa b) q (d (i r w (U g V a ac W w) r z t j u X a c o q a ab))))))))
ab l w (A ad f (B m f b y (y y f) k (z (r q s i m w u w u w u w u w u w u w a e) h) ad i (d t (C D d E aa i w w) (l ad F G q a n H aa) f r d x I aa l y (J t) (K (b p L ad k x (M (x (N t O v g)) t t g) (P Q R (n v c) w) (S T s (aa b) q (d (i r w (U g V a ac W w) r z t j u X a c o q a ab))))))))
ab l w (A ad f (B m f b y (y y f) k (z (aa l aa q j u w u w u w u w u w u w u w a e) h) ad i (d t (C D d E aa i w w) (l ad F G q a n H aa) f r d x I aa l y (J t) (K (b p L ad k x (M (x (N t O v g)) t t g) (P Q R (n v c) w) (S T s (aa b) q (d (i r w (U g V a ac W w) r z t j u X a c o q a ab))))))))
ab l w (A ad f (B m f b y (y y f) k (z (r q s i m w u w u w u w u w u w u w u w a e) h) ad i (d t (C D d E aa i w w) (l ad F G q a n H aa) f r d x I aa l y (J t) (K (b p L ad k x (M (x (N t O v g)) t t g) (P Q R (n v c) w) (S T s (aa b) q (d (i r w (U g V a ac W w) r z t j u X a c o q a ab))))))))
ab l w (A ad f (B m f b y (y y f) k (z (aa l aa q j u w u w u w u w u w u w u w u w a e) h) ad i (d t (C D d E aa i w w) (l ad F G q a n H aa) f r d x I aa l y (J t) (K (b p L ad k x (M (x (N t O v g)) t t g) (P Q R (n v c) w) (S T s (aa b) q (d (i r w (U g V a ac W w) r z t j u X a c o q a ab))))))))
ab l w (A ad f (B m f b y (y y f) k (z (r q s i m w u w u w u w u w u w u w u w u w a e) h) ad i (d t (C D d E aa i w w) (l ad F G q a n H aa) f r d x I aa l y (J t) (K (b p L ad k x (M (x (N t O v g)) t t g) (P Q R (n v c) w) (S T s (aa b) q (d (i r w (U g V a ac W w) r z t j u X a c o q a ab))))))))
ab l w (A ad f (B m f b y (y y f) k (z (aa l aa q j u w u w u w u w u w u w u w u w u w a e) h) ad i (d t (C D d E aa i w w) (l ad F G q a n H aa) f r d x I aa l y (J t) (K (b p L ad k x (M (x (N t O v g)) t t g) (P Q R (n v c) w) (S T s (aa b) q (d (i r w (U g V a ac W w) r z t j u X a c o q a ab))))))))
ab l w (A ad f (B m f b y (y y f) k (z (r q s i m w u w u w u w u w u w u w u w u w u w a e) h) ad i (d t (C D d E aa i w w) (l ad F G q a n H aa) f r d x I aa l y (J t) (K (b p L ad k x (M (x (N t O v g)) t t g) (P Q R (n v c) w) (S T s (aa b) q (d (i r w (U g V a ac W w) r z t j u X a c o q a ab))))))))
ab l w (A ad f (B m f b y (y y f) k (z (aa l aa q j u w u w u w u w u w u w u w u w u w u w a e) h) ad i (d t (C D d E aa i w w) (l ad F G q a n H aa) f r d x I aa l y (J t) (K (b p L ad k x (M (x (N t O v g)) t t g) (P Q R (n v c) w) (S T s (aa b) q (d (i r w (U g V a ac W w) r z t j u X a c o q a ab))))))))
ab l w (A ad f (B m f b y (y y f) k (z (r q s i m w u w u w u w u w u w u w u w u w u w u w a e) h) ad i (d t (C D d E aa i w w) (l ad F G q a n H aa) f r d x I aa l y (J t) (K (b p L ad k x (M (x (N t O v g)) t t g) (P Q R (n v c) w) (S T s (aa b) q (d (i r w (U g V a ac W w) r z t j u X a c o q a ab))))))))


