a ag ae af ah ai e m v af aa aa s (t n z)
b z (f n ac d) h (e m w) z
c ae af ac af ae
d ae aa s ae s ae aa (ae z ad i)
e ae af ae
f af ae ag r i x
g ae af ag k ac m i n a r ae d
h ae af a
i ae aa
j af ae ai ag ah ad v b y u l d af
k af ah ae ai ag x
l ae af v d w v
m ag ae af j ab d (ae (ae r)) ab l
n aj ai ae ag ah af f ah j
o af ae ag ah a
p ae ag af e m x
q ah aj ag ai ae af e x b s r f d ac
r ae b
s ah ae ai af ag q g
t ae c (ac u v c) q n
u r j ac z a e
v aj af ae ai ah ag k ad (f b) e (af x s)
w ag af ae t ag
x af ae ac c n a c
y a g ad v
z ah ag ae af i aa
aa ai ah af ae ag ae (f (ah c)) i l s ad ae
ab ah ai af aj ag ae f h g x r g b v u
ac ag ae af ah ai i y a r d t y a
ad ae s
main A g g aa (y y g h) f q o b f t B ad j C D (E n) aa (F G (H y t l p I (J K z e ac ad) L v (M x c n o (N h k (aa m u g) O y k a (P Q R (S T U x V j (W X i s Y y (Z o e (AA AB AC (s l) (AD p a e v) m b u (AE (AF ac o) z AG))) g u u p ad v c AH c)))))))
------------------------------------------------------------
A g g aa (y y g h) f q o b f t B ad j C D (E n) aa (F G (H y t l p I (J K z e ac ad) L v (M x c n o (N h k (aa m u g) O y k a (P Q R (S T U x V j (W X i s Y y (Z o e (AA AB AC (s l) (AD p a e v) m b u (AE (AF ac o) z AG))) g u u p ad v c AH c)))))))
A g g aa (a g ad v y g h) f q o b f t B ad j C D (E n) aa (F G (H y t l p I (J K z e ac ad) L v (M x c n o (N h k (aa m u g) O y k a (P Q R (S T U x V j (W X i s Y y (Z o e (AA AB AC (s l) (AD p a e v) m b u (AE (AF ac o) z AG))) g u u p ad v c AH c)))))))
A g g aa (e m v v aa aa s (t n z) h) f q o b f t B ad j C D (E n) aa (F G (H y t l p I (J K z e ac ad) L v (M x c n o (N h k (aa m u g) O y k a (P Q R (S T U x V j (W X i s Y y (Z o e (AA AB AC (s l) (AD p a e v) m b u (AE (AF ac o) z AG))) g u u p ad v c AH c)))))))
A g g aa (m v aa aa s (t n z) h) f q o b f t B ad j C D (E n) aa (F G (H y t l p I (J K z e ac ad) L v (M x c n o (N h k (aa m u g) O y k a (P Q R (S T U x V j (W X i s Y y (Z o e (AA AB AC (s l) (AD p a e v) m b u (AE (AF ac o) z AG))) g u u p ad v c AH c)))))))
A g g aa (j ab d (aa (aa r)) ab l s (t n z) h) f q o b f t B ad j C D (E n) aa (F G (H y t l p I (J K z e ac ad) L v (M x c n o (N h k (aa m u g) O y k a (P Q R (S T U x V j (W X i s Y y (Z o e (AA AB AC (s l) (AD p a e v) m b u (AE (AF ac o) z AG))) g u u p ad v c AH c)))))))
A g g aa (ad v b y u l d ab s (t n z) h) f q o b f t B ad j C D (E n) aa (F G (H y t l p I (J K z e ac ad) L v (M x c n o (N h k (aa m u g) O y k a (P Q R (S T U x V j (W X i s Y y (Z o e (AA AB AC (s l) (AD p a e v) m b u (AE (AF ac o) z AG))) g u u p ad v c AH c)))))))
A g g aa (s b y u l d ab s (t n z) h) f q o b f t B ad j C D (E n) aa (F G (H y t l p I (J K z e ac ad) L v (M x c n o (N h k (aa m u g) O y k a (P Q R (S T U x V j (W X i s Y y (Z o e (AA AB AC (s l) (AD p a e v) m b u (AE (AF ac o) z AG))) g u u p ad v c AH c)))))))
A g g aa (q g ab s (t n z) h) f q o b f t B ad j C D (E n) aa (F G (H y t l p I (J K z e ac ad) L v (M x c n o (N h k (aa m u g) O y k a (P Q R (S T U x V j (W X i s Y y (Z o e (AA AB AC (s l) (AD p a e v) m b u (AE (AF ac o) z AG))) g u u p ad v c AH c)))))))
A g g aa (q g ab s (c (ac u v c) q n z) h) f q o b f t B ad j C D (E n) aa (F G (H y t l p I (J K z e ac ad) L v (M x c n o (N h k (aa m u g) O y k a (P Q R (S T U x V j (W X i s Y y (Z o e (AA AB AC (s l) (AD p a e v) m b u (AE (AF ac o) z AG))) g u u p ad v c AH c)))))))
A g g aa (q g ab s (ac q (ac u v c) n z) h) f q o b f t B ad j C D (E n) aa (F G (H y t l p I (J K z e ac ad) L v (M x c n o (N h k (aa m u g) O y k a (P Q R (S T U x V j (W X i s Y y (Z o e (AA AB AC (s l) (AD p a e v) m b u (AE (AF ac o) z AG))) g u u p ad v c AH c)))))))


