a ae = p o
b af ae = a j s ae ad ab (ad s z w)
c af ae ah aj ai ag = a u e j y m i q i
d ag ae af ah = aa (f ae)
e = j o d ac (o z (y t) ac c)
f af ae = t l ae k r e u y
g = u
h ae af ag = ag ae n
i aj ai ah ae ag af = ai
j ag ae af = h x (v d af af l g)
k ae ai af ah ag = g
l ae = ae j b (s q (r s j) p n)
m af ai ae ag ah = q z h d h n
n ae af = x (l ac (ac ac) c) ad c ac
o ae = q h m s (ae w) ac
p ae af = ae af
q ag af ae = e m u e (ag g) y p
r af ai ag ae ah = v l y t h t af
s af aj ai ah ag ae = w
t ae ah af ai ag aj = s u n w y m aj (k m)
u ae = p p (e (m (s j ab t)))
v af ag ae = aa l l e m n w
w ah ag ae af = l c g (q u) i z ab
x ae = r
y ag af ae = b t p d g k
z ah ai ae ag af aj = k
aa ae ah ai ag aj af = h
ab ag ai ae ah af = af v y l k
ac af ae = m
ad ai af ah ag ae = h
main = A (aa r (u ad (B (d C i z D (E F i G b (a e) a H (j z) (o I (J K c (L j w l o x p) M a (N ab) (e c) u) O aa w (o (x v ab (P e) (q h (Q ac (e (R S u ad) e (T c y e U V e o d s a) t p b) (b z (W ad (c ac j b o f r w e) ab) t z b) X ab ac ab h) x n)) ab j)))))))
------------------------------------------------------------
A (aa r (u ad (B (d C i z D (E F i G b (a e) a H (j z) (o I (J K c (L j w l o x p) M a (N ab) (e c) u) O aa w (o (x v ab (P e) (q h (Q ac (e (R S u ad) e (T c y e U V e o d s a) t p b) (b z (W ad (c ac j b o f r w e) ab) t z b) X ab ac ab h) x n)) ab j)))))))
A (aa r (p p (e (m (s j ab t))) (B (d C i z D (E F i G b (a e) a H (j z) (o I (J K c (L j w l o x p) M a (N ab) (e c) u) O aa w (o (x v ab (P e) (q h (Q ac (e (R S u ad) e (T c y e U V e o d s a) t p b) (b z (W ad (c ac j b o f r w e) ab) t z b) X ab ac ab h) x n)) ab j)))))))
A (aa r (p (e (m (s j ab t))) (B (d C i z D (E F i G b (a e) a H (j z) (o I (J K c (L j w l o x p) M a (N ab) (e c) u) O aa w (o (x v ab (P e) (q h (Q ac (e (R S u ad) e (T c y e U V e o d s a) t p b) (b z (W ad (c ac j b o f r w e) ab) t z b) X ab ac ab h) x n)) ab j)))))))
A (aa r (e (m (s j ab t)) (B (d C i z D (E F i G b (a e) a H (j z) (o I (J K c (L j w l o x p) M a (N ab) (e c) u) O aa w (o (x v ab (P e) (q h (Q ac (e (R S u ad) e (T c y e U V e o d s a) t p b) (b z (W ad (c ac j b o f r w e) ab) t z b) X ab ac ab h) x n)) ab j)))))))
A (aa r (j o d ac (o z (y t) ac c) (m (s j ab t)) (B (d C i z D (E F i G b (a e) a H (j z) (o I (J K c (L j w l o x p) M a (N ab) (e c) u) O aa w (o (x v ab (P e) (q h (Q ac (e (R S u ad) e (T c y e U V e o d s a) t p b) (b z (W ad (c ac j b o f r w e) ab) t z b) X ab ac ab h) x n)) ab j)))))))
A (aa r (h x (v d ac ac l g) (o z (y t) ac c) (m (s j ab t)) (B (d C i z D (E F i G b (a e) a H (j z) (o I (J K c (L j w l o x p) M a (N ab) (e c) u) O aa w (o (x v ab (P e) (q h (Q ac (e (R S u ad) e (T c y e U V e o d s a) t p b) (b z (W ad (c ac j b o f r w e) ab) t z b) X ab ac ab h) x n)) ab j)))))))
A (aa r (o z (y t) ac c x n (m (s j ab t)) (B (d C i z D (E F i G b (a e) a H (j z) (o I (J K c (L j w l o x p) M a (N ab) (e c) u) O aa w (o (x v ab (P e) (q h (Q ac (e (R S u ad) e (T c y e U V e o d s a) t p b) (b z (W ad (c ac j b o f r w e) ab) t z b) X ab ac ab h) x n)) ab j)))))))
A (aa r (q h m s (z w) ac (y t) ac c x n (m (s j ab t)) (B (d C i z D (E F i G b (a e) a H (j z) (o I (J K c (L j w l o x p) M a (N ab) (e c) u) O aa w (o (x v ab (P e) (q h (Q ac (e (R S u ad) e (T c y e U V e o d s a) t p b) (b z (W ad (c ac j b o f r w e) ab) t z b) X ab ac ab h) x n)) ab j)))))))
A (aa r (e m u e (h g) y p (z w) ac (y t) ac c x n (m (s j ab t)) (B (d C i z D (E F i G b (a e) a H (j z) (o I (J K c (L j w l o x p) M a (N ab) (e c) u) O aa w (o (x v ab (P e) (q h (Q ac (e (R S u ad) e (T c y e U V e o d s a) t p b) (b z (W ad (c ac j b o f r w e) ab) t z b) X ab ac ab h) x n)) ab j)))))))
A (aa r (j o d ac (o z (y t) ac c) m u e (h g) y p (z w) ac (y t) ac c x n (m (s j ab t)) (B (d C i z D (E F i G b (a e) a H (j z) (o I (J K c (L j w l o x p) M a (N ab) (e c) u) O aa w (o (x v ab (P e) (q h (Q ac (e (R S u ad) e (T c y e U V e o d s a) t p b) (b z (W ad (c ac j b o f r w e) ab) t z b) X ab ac ab h) x n)) ab j)))))))
A (aa r (h x (v d ac ac l g) (o z (y t) ac c) m u e (h g) y p (z w) ac (y t) ac c x n (m (s j ab t)) (B (d C i z D (E F i G b (a e) a H (j z) (o I (J K c (L j w l o x p) M a (N ab) (e c) u) O aa w (o (x v ab (P e) (q h (Q ac (e (R S u ad) e (T c y e U V e o d s a) t p b) (b z (W ad (c ac j b o f r w e) ab) t z b) X ab ac ab h) x n)) ab j)))))))
A (aa r (o z (y t) ac c x n m u e (h g) y p (z w) ac (y t) ac c x n (m (s j ab t)) (B (d C i z D (E F i G b (a e) a H (j z) (o I (J K c (L j w l o x p) M a (N ab) (e c) u) O aa w (o (x v ab (P e) (q h (Q ac (e (R S u ad) e (T c y e U V e o d s a) t p b) (b z (W ad (c ac j b o f r w e) ab) t z b) X ab ac ab h) x n)) ab j)))))))
A (aa r (q h m s (z w) ac (y t) ac c x n m u e (h g) y p (z w) ac (y t) ac c x n (m (s j ab t)) (B (d C i z D (E F i G b (a e) a H (j z) (o I (J K c (L j w l o x p) M a (N ab) (e c) u) O aa w (o (x v ab (P e) (q h (Q ac (e (R S u ad) e (T c y e U V e o d s a) t p b) (b z (W ad (c ac j b o f r w e) ab) t z b) X ab ac ab h) x n)) ab j)))))))
A (aa r (e m u e (h g) y p (z w) ac (y t) ac c x n m u e (h g) y p (z w) ac (y t) ac c x n (m (s j ab t)) (B (d C i z D (E F i G b (a e) a H (j z) (o I (J K c (L j w l o x p) M a (N ab) (e c) u) O aa w (o (x v ab (P e) (q h (Q ac (e (R S u ad) e (T c y e U V e o d s a) t p b) (b z (W ad (c ac j b o f r w e) ab) t z b) X ab ac ab h) x n)) ab j)))))))
A (aa r (j o d ac (o z (y t) ac c) m u e (h g) y p (z w) ac (y t) ac c x n m u e (h g) y p (z w) ac (y t) ac c x n (m (s j ab t)) (B (d C i z D (E F i G b (a e) a H (j z) (o I (J K c (L j w l o x p) M a (N ab) (e c) u) O aa w (o (x v ab (P e) (q h (Q ac (e (R S u ad) e (T c y e U V e o d s a) t p b) (b z (W ad (c ac j b o f r w e) ab) t z b) X ab ac ab h) x n)) ab j)))))))
A (aa r (h x (v d ac ac l g) (o z (y t) ac c) m u e (h g) y p (z w) ac (y t) ac c x n m u e (h g) y p (z w) ac (y t) ac c x n (m (s j ab t)) (B (d C i z D (E F i G b (a e) a H (j z) (o I (J K c (L j w l o x p) M a (N ab) (e c) u) O aa w (o (x v ab (P e) (q h (Q ac (e (R S u ad) e (T c y e U V e o d s a) t p b) (b z (W ad (c ac j b o f r w e) ab) t z b) X ab ac ab h) x n)) ab j)))))))
A (aa r (o z (y t) ac c x n m u e (h g) y p (z w) ac (y t) ac c x n m u e (h g) y p (z w) ac (y t) ac c x n (m (s j ab t)) (B (d C i z D (E F i G b (a e) a H (j z) (o I (J K c (L j w l o x p) M a (N ab) (e c) u) O aa w (o (x v ab (P e) (q h (Q ac (e (R S u ad) e (T c y e U V e o d s a) t p b) (b z (W ad (c ac j b o f r w e) ab) t z b) X ab ac ab h) x n)) ab j)))))))
A (aa r (q h m s (z w) ac (y t) ac c x n m u e (h g) y p (z w) ac (y t) ac c x n m u e (h g) y p (z w) ac (y t) ac c x n (m (s j ab t)) (B (d C i z D (E F i G b (a e) a H (j z) (o I (J K c (L j w l o x p) M a (N ab) (e c) u) O aa w (o (x v ab (P e) (q h (Q ac (e (R S u ad) e (T c y e U V e o d s a) t p b) (b z (W ad (c ac j b o f r w e) ab) t z b) X ab ac ab h) x n)) ab j)))))))
A (aa r (e m u e (h g) y p (z w) ac (y t) ac c x n m u e (h g) y p (z w) ac (y t) ac c x n m u e (h g) y p (z w) ac (y t) ac c x n (m (s j ab t)) (B (d C i z D (E F i G b (a e) a H (j z) (o I (J K c (L j w l o x p) M a (N ab) (e c) u) O aa w (o (x v ab (P e) (q h (Q ac (e (R S u ad) e (T c y e U V e o d s a) t p b) (b z (W ad (c ac j b o f r w e) ab) t z b) X ab ac ab h) x n)) ab j)))))))
A (aa r (j o d ac (o z (y t) ac c) m u e (h g) y p (z w) ac (y t) ac c x n m u e (h g) y p (z w) ac (y t) ac c x n m u e (h g) y p (z w) ac (y t) ac c x n (m (s j ab t)) (B (d C i z D (E F i G b (a e) a H (j z) (o I (J K c (L j w l o x p) M a (N ab) (e c) u) O aa w (o (x v ab (P e) (q h (Q ac (e (R S u ad) e (T c y e U V e o d s a) t p b) (b z (W ad (c ac j b o f r w e) ab) t z b) X ab ac ab h) x n)) ab j)))))))
A (aa r (h x (v d ac ac l g) (o z (y t) ac c) m u e (h g) y p (z w) ac (y t) ac c x n m u e (h g) y p (z w) ac (y t) ac c x n m u e (h g) y p (z w) ac (y t) ac c x n (m (s j ab t)) (B (d C i z D (E F i G b (a e) a H (j z) (o I (J K c (L j w l o x p) M a (N ab) (e c) u) O aa w (o (x v ab (P e) (q h (Q ac (e (R S u ad) e (T c y e U V e o d s a) t p b) (b z (W ad (c ac j b o f r w e) ab) t z b) X ab ac ab h) x n)) ab j)))))))
A (aa r (o z (y t) ac c x n m u e (h g) y p (z w) ac (y t) ac c x n m u e (h g) y p (z w) ac (y t) ac c x n m u e (h g) y p (z w) ac (y t) ac c x n (m (s j ab t)) (B (d C i z D (E F i G b (a e) a H (j z) (o I (J K c (L j w l o x p) M a (N ab) (e c) u) O aa w (o (x v ab (P e) (q h (Q ac (e (R S u ad) e (T c y e U V e o d s a) t p b) (b z (W ad (c ac j b o f r w e) ab) t z b) X ab ac ab h) x n)) ab j)))))))
A (aa r (q h m s (z w) ac (y t) ac c x n m u e (h g) y p (z w) ac (y t) ac c x n m u e (h g) y p (z w) ac (y t) ac c x n m u e (h g) y p (z w) ac (y t) ac c x n (m (s j ab t)) (B (d C i z D (E F i G b (a e) a H (j z) (o I (J K c (L j w l o x p) M a (N ab) (e c) u) O aa w (o (x v ab (P e) (q h (Q ac (e (R S u ad) e (T c y e U V e o d s a) t p b) (b z (W ad (c ac j b o f r w e) ab) t z b) X ab ac ab h) x n)) ab j)))))))
A (aa r (e m u e (h g) y p (z w) ac (y t) ac c x n m u e (h g) y p (z w) ac (y t) ac c x n m u e (h g) y p (z w) ac (y t) ac c x n m u e (h g) y p (z w) ac (y t) ac c x n (m (s j ab t)) (B (d C i z D (E F i G b (a e) a H (j z) (o I (J K c (L j w l o x p) M a (N ab) (e c) u) O aa w (o (x v ab (P e) (q h (Q ac (e (R S u ad) e (T c y e U V e o d s a) t p b) (b z (W ad (c ac j b o f r w e) ab) t z b) X ab ac ab h) x n)) ab j)))))))
A (aa r (j o d ac (o z (y t) ac c) m u e (h g) y p (z w) ac (y t) ac c x n m u e (h g) y p (z w) ac (y t) ac c x n m u e (h g) y p (z w) ac (y t) ac c x n m u e (h g) y p (z w) ac (y t) ac c x n (m (s j ab t)) (B (d C i z D (E F i G b (a e) a H (j z) (o I (J K c (L j w l o x p) M a (N ab) (e c) u) O aa w (o (x v ab (P e) (q h (Q ac (e (R S u ad) e (T c y e U V e o d s a) t p b) (b z (W ad (c ac j b o f r w e) ab) t z b) X ab ac ab h) x n)) ab j)))))))
A (aa r (h x (v d ac ac l g) (o z (y t) ac c) m u e (h g) y p (z w) ac (y t) ac c x n m u e (h g) y p (z w) ac (y t) ac c x n m u e (h g) y p (z w) ac (y t) ac c x n m u e (h g) y p (z w) ac (y t) ac c x n (m (s j ab t)) (B (d C i z D (E F i G b (a e) a H (j z) (o I (J K c (L j w l o x p) M a (N ab) (e c) u) O aa w (o (x v ab (P e) (q h (Q ac (e (R S u ad) e (T c y e U V e o d s a) t p b) (b z (W ad (c ac j b o f r w e) ab) t z b) X ab ac ab h) x n)) ab j)))))))
A (aa r (o z (y t) ac c x n m u e (h g) y p (z w) ac (y t) ac c x n m u e (h g) y p (z w) ac (y t) ac c x n m u e (h g) y p (z w) ac (y t) ac c x n m u e (h g) y p (z w) ac (y t) ac c x n (m (s j ab t)) (B (d C i z D (E F i G b (a e) a H (j z) (o I (J K c (L j w l o x p) M a (N ab) (e c) u) O aa w (o (x v ab (P e) (q h (Q ac (e (R S u ad) e (T c y e U V e o d s a) t p b) (b z (W ad (c ac j b o f r w e) ab) t z b) X ab ac ab h) x n)) ab j)))))))
A (aa r (q h m s (z w) ac (y t) ac c x n m u e (h g) y p (z w) ac (y t) ac c x n m u e (h g) y p (z w) ac (y t) ac c x n m u e (h g) y p (z w) ac (y t) ac c x n m u e (h g) y p (z w) ac (y t) ac c x n (m (s j ab t)) (B (d C i z D (E F i G b (a e) a H (j z) (o I (J K c (L j w l o x p) M a (N ab) (e c) u) O aa w (o (x v ab (P e) (q h (Q ac (e (R S u ad) e (T c y e U V e o d s a) t p b) (b z (W ad (c ac j b o f r w e) ab) t z b) X ab ac ab h) x n)) ab j)))))))
A (aa r (e m u e (h g) y p (z w) ac (y t) ac c x n m u e (h g) y p (z w) ac (y t) ac c x n m u e (h g) y p (z w) ac (y t) ac c x n m u e (h g) y p (z w) ac (y t) ac c x n m u e (h g) y p (z w) ac (y t) ac c x n (m (s j ab t)) (B (d C i z D (E F i G b (a e) a H (j z) (o I (J K c (L j w l o x p) M a (N ab) (e c) u) O aa w (o (x v ab (P e) (q h (Q ac (e (R S u ad) e (T c y e U V e o d s a) t p b) (b z (W ad (c ac j b o f r w e) ab) t z b) X ab ac ab h) x n)) ab j)))))))
A (aa r (j o d ac (o z (y t) ac c) m u e (h g) y p (z w) ac (y t) ac c x n m u e (h g) y p (z w) ac (y t) ac c x n m u e (h g) y p (z w) ac (y t) ac c x n m u e (h g) y p (z w) ac (y t) ac c x n m u e (h g) y p (z w) ac (y t) ac c x n (m (s j ab t)) (B (d C i z D (E F i G b (a e) a H (j z) (o I (J K c (L j w l o x p) M a (N ab) (e c) u) O aa w (o (x v ab (P e) (q h (Q ac (e (R S u ad) e (T c y e U V e o d s a) t p b) (b z (W ad (c ac j b o f r w e) ab) t z b) X ab ac ab h) x n)) ab j)))))))


