a ag ae ah af = ah ad l x (aa t d t v) q
b ae af ag ah = d j p (q o y x)
c ae af = af x p n
d = r
e ae af = x m u w (n o ac s)
f ah af ae ag = ae (o t r j)
g ah ae af ag = p z
h ah ag af aj ai ae = ab
i ag af ah ae = af e ah a g (g a y)
j ai ah af ae ag = z c g ab af u o af ad
k ae af ag = e
l af ag ae = ab t f b
m ae = t o ae h r ae r s ae
n ah ag ai af aj ae = r
o = s
p af ae ag = q
q af ae = ab h
r af ah ae ag = af
s ae = ae x
t af ae ag ah = x ab m (u n (m o ae))
u ai ah ag ae af = b y w p q o ai
v ag ai af ae ah = ai x ai
w ag ae ah af = aa ag ah
x ae af = t ae s ab i
y ae af ag = ae (ag a k ab u i)
z ah af ag ae = af l ad u x r
aa = a (l (u l) m) v b
ab = v l b ad l
ac ag af ae ai ah = j q aa ae d x
ad ae ag af = y b t e j e t y b
main = A (r (x (B e) u)) C (D (j ad) u u n (ac E F b (l h d G (H (n I h ac) s j (J x (K L t (M (t t m b (N O P (Q R (S e) (T (h o c) (U (V (W (X Y (Z q p) f) AA a i) AB AC (AD AE a AF aa) b k m v (g v (m f o z aa v AG y) x n z e)) e z a ad AH) q)) v o y r AI aa) AJ r))))))))
------------------------------------------------------------
A (r (x (B e) u)) C (D (j ad) u u n (ac E F b (l h d G (H (n I h ac) s j (J x (K L t (M (t t m b (N O P (Q R (S e) (T (h o c) (U (V (W (X Y (Z q p) f) AA a i) AB AC (AD AE a AF aa) b k m v (g v (m f o z aa v AG y) x n z e)) e z a ad AH) q)) v o y r AI aa) AJ r))))))))
A (r (t (B e) s ab i)) C (D (j ad) u u n (ac E F b (l h d G (H (n I h ac) s j (J x (K L t (M (t t m b (N O P (Q R (S e) (T (h o c) (U (V (W (X Y (Z q p) f) AA a i) AB AC (AD AE a AF aa) b k m v (g v (m f o z aa v AG y) x n z e)) e z a ad AH) q)) v o y r AI aa) AJ r))))))))
A (r (x ab m (u n (m o s)))) C (D (j ad) u u n (ac E F b (l h d G (H (n I h ac) s j (J x (K L t (M (t t m b (N O P (Q R (S e) (T (h o c) (U (V (W (X Y (Z q p) f) AA a i) AB AC (AD AE a AF aa) b k m v (g v (m f o z aa v AG y) x n z e)) e z a ad AH) q)) v o y r AI aa) AJ r))))))))
A (r (t ab s ab i (u n (m o s)))) C (D (j ad) u u n (ac E F b (l h d G (H (n I h ac) s j (J x (K L t (M (t t m b (N O P (Q R (S e) (T (h o c) (U (V (W (X Y (Z q p) f) AA a i) AB AC (AD AE a AF aa) b k m v (g v (m f o z aa v AG y) x n z e)) e z a ad AH) q)) v o y r AI aa) AJ r))))))))
A (r (x ab m (u n (m o s)) (u n (m o s)))) C (D (j ad) u u n (ac E F b (l h d G (H (n I h ac) s j (J x (K L t (M (t t m b (N O P (Q R (S e) (T (h o c) (U (V (W (X Y (Z q p) f) AA a i) AB AC (AD AE a AF aa) b k m v (g v (m f o z aa v AG y) x n z e)) e z a ad AH) q)) v o y r AI aa) AJ r))))))))
A (r (t ab s ab i (u n (m o s)) (u n (m o s)))) C (D (j ad) u u n (ac E F b (l h d G (H (n I h ac) s j (J x (K L t (M (t t m b (N O P (Q R (S e) (T (h o c) (U (V (W (X Y (Z q p) f) AA a i) AB AC (AD AE a AF aa) b k m v (g v (m f o z aa v AG y) x n z e)) e z a ad AH) q)) v o y r AI aa) AJ r))))))))
A (r (x ab m (u n (m o s)) (u n (m o s)) (u n (m o s)))) C (D (j ad) u u n (ac E F b (l h d G (H (n I h ac) s j (J x (K L t (M (t t m b (N O P (Q R (S e) (T (h o c) (U (V (W (X Y (Z q p) f) AA a i) AB AC (AD AE a AF aa) b k m v (g v (m f o z aa v AG y) x n z e)) e z a ad AH) q)) v o y r AI aa) AJ r))))))))
A (r (t ab s ab i (u n (m o s)) (u n (m o s)) (u n (m o s)))) C (D (j ad) u u n (ac E F b (l h d G (H (n I h ac) s j (J x (K L t (M (t t m b (N O P (Q R (S e) (T (h o c) (U (V (W (X Y (Z q p) f) AA a i) AB AC (AD AE a AF aa) b k m v (g v (m f o z aa v AG y) x n z e)) e z a ad AH) q)) v o y r AI aa) AJ r))))))))
A (r (x ab m (u n (m o s)) (u n (m o s)) (u n (m o s)) (u n (m o s)))) C (D (j ad) u u n (ac E F b (l h d G (H (n I h ac) s j (J x (K L t (M (t t m b (N O P (Q R (S e) (T (h o c) (U (V (W (X Y (Z q p) f) AA a i) AB AC (AD AE a AF aa) b k m v (g v (m f o z aa v AG y) x n z e)) e z a ad AH) q)) v o y r AI aa) AJ r))))))))
A (r (t ab s ab i (u n (m o s)) (u n (m o s)) (u n (m o s)) (u n (m o s)))) C (D (j ad) u u n (ac E F b (l h d G (H (n I h ac) s j (J x (K L t (M (t t m b (N O P (Q R (S e) (T (h o c) (U (V (W (X Y (Z q p) f) AA a i) AB AC (AD AE a AF aa) b k m v (g v (m f o z aa v AG y) x n z e)) e z a ad AH) q)) v o y r AI aa) AJ r))))))))
A (r (x ab m (u n (m o s)) (u n (m o s)) (u n (m o s)) (u n (m o s)) (u n (m o s)))) C (D (j ad) u u n (ac E F b (l h d G (H (n I h ac) s j (J x (K L t (M (t t m b (N O P (Q R (S e) (T (h o c) (U (V (W (X Y (Z q p) f) AA a i) AB AC (AD AE a AF aa) b k m v (g v (m f o z aa v AG y) x n z e)) e z a ad AH) q)) v o y r AI aa) AJ r))))))))
A (r (t ab s ab i (u n (m o s)) (u n (m o s)) (u n (m o s)) (u n (m o s)) (u n (m o s)))) C (D (j ad) u u n (ac E F b (l h d G (H (n I h ac) s j (J x (K L t (M (t t m b (N O P (Q R (S e) (T (h o c) (U (V (W (X Y (Z q p) f) AA a i) AB AC (AD AE a AF aa) b k m v (g v (m f o z aa v AG y) x n z e)) e z a ad AH) q)) v o y r AI aa) AJ r))))))))
A (r (x ab m (u n (m o s)) (u n (m o s)) (u n (m o s)) (u n (m o s)) (u n (m o s)) (u n (m o s)))) C (D (j ad) u u n (ac E F b (l h d G (H (n I h ac) s j (J x (K L t (M (t t m b (N O P (Q R (S e) (T (h o c) (U (V (W (X Y (Z q p) f) AA a i) AB AC (AD AE a AF aa) b k m v (g v (m f o z aa v AG y) x n z e)) e z a ad AH) q)) v o y r AI aa) AJ r))))))))
A (r (t ab s ab i (u n (m o s)) (u n (m o s)) (u n (m o s)) (u n (m o s)) (u n (m o s)) (u n (m o s)))) C (D (j ad) u u n (ac E F b (l h d G (H (n I h ac) s j (J x (K L t (M (t t m b (N O P (Q R (S e) (T (h o c) (U (V (W (X Y (Z q p) f) AA a i) AB AC (AD AE a AF aa) b k m v (g v (m f o z aa v AG y) x n z e)) e z a ad AH) q)) v o y r AI aa) AJ r))))))))
A (r (x ab m (u n (m o s)) (u n (m o s)) (u n (m o s)) (u n (m o s)) (u n (m o s)) (u n (m o s)) (u n (m o s)))) C (D (j ad) u u n (ac E F b (l h d G (H (n I h ac) s j (J x (K L t (M (t t m b (N O P (Q R (S e) (T (h o c) (U (V (W (X Y (Z q p) f) AA a i) AB AC (AD AE a AF aa) b k m v (g v (m f o z aa v AG y) x n z e)) e z a ad AH) q)) v o y r AI aa) AJ r))))))))
A (r (t ab s ab i (u n (m o s)) (u n (m o s)) (u n (m o s)) (u n (m o s)) (u n (m o s)) (u n (m o s)) (u n (m o s)))) C (D (j ad) u u n (ac E F b (l h d G (H (n I h ac) s j (J x (K L t (M (t t m b (N O P (Q R (S e) (T (h o c) (U (V (W (X Y (Z q p) f) AA a i) AB AC (AD AE a AF aa) b k m v (g v (m f o z aa v AG y) x n z e)) e z a ad AH) q)) v o y r AI aa) AJ r))))))))
A (r (x ab m (u n (m o s)) (u n (m o s)) (u n (m o s)) (u n (m o s)) (u n (m o s)) (u n (m o s)) (u n (m o s)) (u n (m o s)))) C (D (j ad) u u n (ac E F b (l h d G (H (n I h ac) s j (J x (K L t (M (t t m b (N O P (Q R (S e) (T (h o c) (U (V (W (X Y (Z q p) f) AA a i) AB AC (AD AE a AF aa) b k m v (g v (m f o z aa v AG y) x n z e)) e z a ad AH) q)) v o y r AI aa) AJ r))))))))
A (r (t ab s ab i (u n (m o s)) (u n (m o s)) (u n (m o s)) (u n (m o s)) (u n (m o s)) (u n (m o s)) (u n (m o s)) (u n (m o s)))) C (D (j ad) u u n (ac E F b (l h d G (H (n I h ac) s j (J x (K L t (M (t t m b (N O P (Q R (S e) (T (h o c) (U (V (W (X Y (Z q p) f) AA a i) AB AC (AD AE a AF aa) b k m v (g v (m f o z aa v AG y) x n z e)) e z a ad AH) q)) v o y r AI aa) AJ r))))))))
A (r (x ab m (u n (m o s)) (u n (m o s)) (u n (m o s)) (u n (m o s)) (u n (m o s)) (u n (m o s)) (u n (m o s)) (u n (m o s)) (u n (m o s)))) C (D (j ad) u u n (ac E F b (l h d G (H (n I h ac) s j (J x (K L t (M (t t m b (N O P (Q R (S e) (T (h o c) (U (V (W (X Y (Z q p) f) AA a i) AB AC (AD AE a AF aa) b k m v (g v (m f o z aa v AG y) x n z e)) e z a ad AH) q)) v o y r AI aa) AJ r))))))))
A (r (t ab s ab i (u n (m o s)) (u n (m o s)) (u n (m o s)) (u n (m o s)) (u n (m o s)) (u n (m o s)) (u n (m o s)) (u n (m o s)) (u n (m o s)))) C (D (j ad) u u n (ac E F b (l h d G (H (n I h ac) s j (J x (K L t (M (t t m b (N O P (Q R (S e) (T (h o c) (U (V (W (X Y (Z q p) f) AA a i) AB AC (AD AE a AF aa) b k m v (g v (m f o z aa v AG y) x n z e)) e z a ad AH) q)) v o y r AI aa) AJ r))))))))
A (r (x ab m (u n (m o s)) (u n (m o s)) (u n (m o s)) (u n (m o s)) (u n (m o s)) (u n (m o s)) (u n (m o s)) (u n (m o s)) (u n (m o s)) (u n (m o s)))) C (D (j ad) u u n (ac E F b (l h d G (H (n I h ac) s j (J x (K L t (M (t t m b (N O P (Q R (S e) (T (h o c) (U (V (W (X Y (Z q p) f) AA a i) AB AC (AD AE a AF aa) b k m v (g v (m f o z aa v AG y) x n z e)) e z a ad AH) q)) v o y r AI aa) AJ r))))))))
A (r (t ab s ab i (u n (m o s)) (u n (m o s)) (u n (m o s)) (u n (m o s)) (u n (m o s)) (u n (m o s)) (u n (m o s)) (u n (m o s)) (u n (m o s)) (u n (m o s)))) C (D (j ad) u u n (ac E F b (l h d G (H (n I h ac) s j (J x (K L t (M (t t m b (N O P (Q R (S e) (T (h o c) (U (V (W (X Y (Z q p) f) AA a i) AB AC (AD AE a AF aa) b k m v (g v (m f o z aa v AG y) x n z e)) e z a ad AH) q)) v o y r AI aa) AJ r))))))))
A (r (x ab m (u n (m o s)) (u n (m o s)) (u n (m o s)) (u n (m o s)) (u n (m o s)) (u n (m o s)) (u n (m o s)) (u n (m o s)) (u n (m o s)) (u n (m o s)) (u n (m o s)))) C (D (j ad) u u n (ac E F b (l h d G (H (n I h ac) s j (J x (K L t (M (t t m b (N O P (Q R (S e) (T (h o c) (U (V (W (X Y (Z q p) f) AA a i) AB AC (AD AE a AF aa) b k m v (g v (m f o z aa v AG y) x n z e)) e z a ad AH) q)) v o y r AI aa) AJ r))))))))
A (r (t ab s ab i (u n (m o s)) (u n (m o s)) (u n (m o s)) (u n (m o s)) (u n (m o s)) (u n (m o s)) (u n (m o s)) (u n (m o s)) (u n (m o s)) (u n (m o s)) (u n (m o s)))) C (D (j ad) u u n (ac E F b (l h d G (H (n I h ac) s j (J x (K L t (M (t t m b (N O P (Q R (S e) (T (h o c) (U (V (W (X Y (Z q p) f) AA a i) AB AC (AD AE a AF aa) b k m v (g v (m f o z aa v AG y) x n z e)) e z a ad AH) q)) v o y r AI aa) AJ r))))))))
A (r (x ab m (u n (m o s)) (u n (m o s)) (u n (m o s)) (u n (m o s)) (u n (m o s)) (u n (m o s)) (u n (m o s)) (u n (m o s)) (u n (m o s)) (u n (m o s)) (u n (m o s)) (u n (m o s)))) C (D (j ad) u u n (ac E F b (l h d G (H (n I h ac) s j (J x (K L t (M (t t m b (N O P (Q R (S e) (T (h o c) (U (V (W (X Y (Z q p) f) AA a i) AB AC (AD AE a AF aa) b k m v (g v (m f o z aa v AG y) x n z e)) e z a ad AH) q)) v o y r AI aa) AJ r))))))))
A (r (t ab s ab i (u n (m o s)) (u n (m o s)) (u n (m o s)) (u n (m o s)) (u n (m o s)) (u n (m o s)) (u n (m o s)) (u n (m o s)) (u n (m o s)) (u n (m o s)) (u n (m o s)) (u n (m o s)))) C (D (j ad) u u n (ac E F b (l h d G (H (n I h ac) s j (J x (K L t (M (t t m b (N O P (Q R (S e) (T (h o c) (U (V (W (X Y (Z q p) f) AA a i) AB AC (AD AE a AF aa) b k m v (g v (m f o z aa v AG y) x n z e)) e z a ad AH) q)) v o y r AI aa) AJ r))))))))
A (r (x ab m (u n (m o s)) (u n (m o s)) (u n (m o s)) (u n (m o s)) (u n (m o s)) (u n (m o s)) (u n (m o s)) (u n (m o s)) (u n (m o s)) (u n (m o s)) (u n (m o s)) (u n (m o s)) (u n (m o s)))) C (D (j ad) u u n (ac E F b (l h d G (H (n I h ac) s j (J x (K L t (M (t t m b (N O P (Q R (S e) (T (h o c) (U (V (W (X Y (Z q p) f) AA a i) AB AC (AD AE a AF aa) b k m v (g v (m f o z aa v AG y) x n z e)) e z a ad AH) q)) v o y r AI aa) AJ r))))))))
A (r (t ab s ab i (u n (m o s)) (u n (m o s)) (u n (m o s)) (u n (m o s)) (u n (m o s)) (u n (m o s)) (u n (m o s)) (u n (m o s)) (u n (m o s)) (u n (m o s)) (u n (m o s)) (u n (m o s)) (u n (m o s)))) C (D (j ad) u u n (ac E F b (l h d G (H (n I h ac) s j (J x (K L t (M (t t m b (N O P (Q R (S e) (T (h o c) (U (V (W (X Y (Z q p) f) AA a i) AB AC (AD AE a AF aa) b k m v (g v (m f o z aa v AG y) x n z e)) e z a ad AH) q)) v o y r AI aa) AJ r))))))))
A (r (x ab m (u n (m o s)) (u n (m o s)) (u n (m o s)) (u n (m o s)) (u n (m o s)) (u n (m o s)) (u n (m o s)) (u n (m o s)) (u n (m o s)) (u n (m o s)) (u n (m o s)) (u n (m o s)) (u n (m o s)) (u n (m o s)))) C (D (j ad) u u n (ac E F b (l h d G (H (n I h ac) s j (J x (K L t (M (t t m b (N O P (Q R (S e) (T (h o c) (U (V (W (X Y (Z q p) f) AA a i) AB AC (AD AE a AF aa) b k m v (g v (m f o z aa v AG y) x n z e)) e z a ad AH) q)) v o y r AI aa) AJ r))))))))
A (r (t ab s ab i (u n (m o s)) (u n (m o s)) (u n (m o s)) (u n (m o s)) (u n (m o s)) (u n (m o s)) (u n (m o s)) (u n (m o s)) (u n (m o s)) (u n (m o s)) (u n (m o s)) (u n (m o s)) (u n (m o s)) (u n (m o s)))) C (D (j ad) u u n (ac E F b (l h d G (H (n I h ac) s j (J x (K L t (M (t t m b (N O P (Q R (S e) (T (h o c) (U (V (W (X Y (Z q p) f) AA a i) AB AC (AD AE a AF aa) b k m v (g v (m f o z aa v AG y) x n z e)) e z a ad AH) q)) v o y r AI aa) AJ r))))))))


