a af ae p (e (af c) n p u t k ad)
b aj ae ag af ai ah ab ad
c ag ai ae ah af ad h z e t (aa h)
d j s f c l b z f w f
e w s q t c g z g o z
f ae l c a (i ae s k ae ae)
g ag ah af ae aa x aa ae h c (i ah)
h af ae ag aa ac ab v a ae b
i ae af y n
j af ag ae ai aj ah i o
k af ai ah ag ae z w t (c d i) x
l ae ag af ah ai b f
m ae ae c j b
n ae p ae p g
o ag ae ah af af ah y d p g
p y
q aj ae ag af ah ai y i n ai g b ae f x
r ag ae ai af ah x (k k d p ad) ai af aa
s ae ah af aj ag ai aj r l n (d b h q d w)
t ae j n ac m h d
u ae y l z ad r ae t (m j o)
v ai ae ag af aj ah g (h af ad j)
w af ae a d ae q y af n f k af
x af ag ah ae ae v e ae (l a (w c) f s)
y ae ah aj ai ag af v t w m m r z
z j k e q l x
aa af ah ae ag ah (i l)
ab ae ah af ag ai q o v q
ac ag ah ae af ai k n aa u i ae b l ae ai
ad b (m x) p (v k) d z
main t o A B C i e n u ac q D E (F G H r (t f) q o u (r I aa q c h v) J i (K (L e (e b) ad g) (M (N O u h b) x P b g) w (n ab Q p) R) f x (S (m (T U i i d)) k h m q r t h t x x t k u ab (u b) t f (V z c a m l W ab X i f y d ad j y) w) j m)
------------------------------------------------------------
t o A B C i e n u ac q D E (F G H r (t f) q o u (r I aa q c h v) J i (K (L e (e b) ad g) (M (N O u h b) x P b g) w (n ab Q p) R) f x (S (m (T U i i d)) k h m q r t h t x x t k u ab (u b) t f (V z c a m l W ab X i f y d ad j y) w) j m)
j n ac m h d A B C i e n u ac q D E (F G H r (t f) q o u (r I aa q c h v) J i (K (L e (e b) ad g) (M (N O u h b) x P b g) w (n ab Q p) R) f x (S (m (T U i i d)) k h m q r t h t x x t k u ab (u b) t f (V z c a m l W ab X i f y d ad j y) w) j m)
i o B C i e n u ac q D E (F G H r (t f) q o u (r I aa q c h v) J i (K (L e (e b) ad g) (M (N O u h b) x P b g) w (n ab Q p) R) f x (S (m (T U i i d)) k h m q r t h t x x t k u ab (u b) t f (V z c a m l W ab X i f y d ad j y) w) j m)
y n C i e n u ac q D E (F G H r (t f) q o u (r I aa q c h v) J i (K (L e (e b) ad g) (M (N O u h b) x P b g) w (n ab Q p) R) f x (S (m (T U i i d)) k h m q r t h t x x t k u ab (u b) t f (V z c a m l W ab X i f y d ad j y) w) j m)
v t w m m r z ac q D E (F G H r (t f) q o u (r I aa q c h v) J i (K (L e (e b) ad g) (M (N O u h b) x P b g) w (n ab Q p) R) f x (S (m (T U i i d)) k h m q r t h t x x t k u ab (u b) t f (V z c a m l W ab X i f y d ad j y) w) j m)
g (h m ad j) ac q D E (F G H r (t f) q o u (r I aa q c h v) J i (K (L e (e b) ad g) (M (N O u h b) x P b g) w (n ab Q p) R) f x (S (m (T U i i d)) k h m q r t h t x x t k u ab (u b) t f (V z c a m l W ab X i f y d ad j y) w) j m)
aa x aa D h c (i ac) E (F G H r (t f) q o u (r I aa q c h v) J i (K (L e (e b) ad g) (M (N O u h b) x P b g) w (n ab Q p) R) f x (S (m (T U i i d)) k h m q r t h t x x t k u ab (u b) t f (V z c a m l W ab X i f y d ad j y) w) j m)
aa (i l) c (i ac) E (F G H r (t f) q o u (r I aa q c h v) J i (K (L e (e b) ad g) (M (N O u h b) x P b g) w (n ab Q p) R) f x (S (m (T U i i d)) k h m q r t h t x x t k u ab (u b) t f (V z c a m l W ab X i f y d ad j y) w) j m)
c (i l) (F G H r (t f) q o u (r I aa q c h v) J i (K (L e (e b) ad g) (M (N O u h b) x P b g) w (n ab Q p) R) f x (S (m (T U i i d)) k h m q r t h t x x t k u ab (u b) t f (V z c a m l W ab X i f y d ad j y) w) j m)
c (i l) (F G H r (j n ac m h d) q o u (r I aa q c h v) J i (K (L e (e b) ad g) (M (N O u h b) x P b g) w (n ab Q p) R) f x (S (m (T U i i d)) k h m q r t h t x x t k u ab (u b) t f (V z c a m l W ab X i f y d ad j y) w) j m)
c (i l) (F G H r (j n ac m h d) q o u (x (k k d p ad) q c aa v) J i (K (L e (e b) ad g) (M (N O u h b) x P b g) w (n ab Q p) R) f x (S (m (T U i i d)) k h m q r t h t x x t k u ab (u b) t f (V z c a m l W ab X i f y d ad j y) w) j m)
c (i l) (F G H r (j n ac m h d) q o u (aa v e aa (l a (w c) f s) v) J i (K (L e (e b) ad g) (M (N O u h b) x P b g) w (n ab Q p) R) f x (S (m (T U i i d)) k h m q r t h t x x t k u ab (u b) t f (V z c a m l W ab X i f y d ad j y) w) j m)
c (i l) (F G H r (j n ac m h d) q o u (e (i l) v) J i (K (L e (e b) ad g) (M (N O u h b) x P b g) w (n ab Q p) R) f x (S (m (T U i i d)) k h m q r t h t x x t k u ab (u b) t f (V z c a m l W ab X i f y d ad j y) w) j m)
c (i l) (F G H r (j n ac m h d) q o u (w s q t c g z g o z (i l) v) J i (K (L e (e b) ad g) (M (N O u h b) x P b g) w (n ab Q p) R) f x (S (m (T U i i d)) k h m q r t h t x x t k u ab (u b) t f (V z c a m l W ab X i f y d ad j y) w) j m)
c (i l) (F G H r (j n ac m h d) q o u (a d q q y s n f k s t c g z g o z (i l) v) J i (K (L e (e b) ad g) (M (N O u h b) x P b g) w (n ab Q p) R) f x (S (m (T U i i d)) k h m q r t h t x x t k u ab (u b) t f (V z c a m l W ab X i f y d ad j y) w) j m)
c (i l) (F G H r (j n ac m h d) q o u (p (e (d c) n p u t k ad) q y s n f k s t c g z g o z (i l) v) J i (K (L e (e b) ad g) (M (N O u h b) x P b g) w (n ab Q p) R) f x (S (m (T U i i d)) k h m q r t h t x x t k u ab (u b) t f (V z c a m l W ab X i f y d ad j y) w) j m)
c (i l) (F G H r (j n ac m h d) q o u (y (e (d c) n p u t k ad) q y s n f k s t c g z g o z (i l) v) J i (K (L e (e b) ad g) (M (N O u h b) x P b g) w (n ab Q p) R) f x (S (m (T U i i d)) k h m q r t h t x x t k u ab (u b) t f (V z c a m l W ab X i f y d ad j y) w) j m)
c (i l) (F G H r (j n ac m h d) q o u (v t w m m r z k s t c g z g o z (i l) v) J i (K (L e (e b) ad g) (M (N O u h b) x P b g) w (n ab Q p) R) f x (S (m (T U i i d)) k h m q r t h t x x t k u ab (u b) t f (V z c a m l W ab X i f y d ad j y) w) j m)
c (i l) (F G H r (j n ac m h d) q o u (g (h m ad j) k s t c g z g o z (i l) v) J i (K (L e (e b) ad g) (M (N O u h b) x P b g) w (n ab Q p) R) f x (S (m (T U i i d)) k h m q r t h t x x t k u ab (u b) t f (V z c a m l W ab X i f y d ad j y) w) j m)
c (i l) (F G H r (j n ac m h d) q o u (aa x aa t h c (i k) c g z g o z (i l) v) J i (K (L e (e b) ad g) (M (N O u h b) x P b g) w (n ab Q p) R) f x (S (m (T U i i d)) k h m q r t h t x x t k u ab (u b) t f (V z c a m l W ab X i f y d ad j y) w) j m)
c (i l) (F G H r (j n ac m h d) q o u (aa (i l) c (i k) c g z g o z (i l) v) J i (K (L e (e b) ad g) (M (N O u h b) x P b g) w (n ab Q p) R) f x (S (m (T U i i d)) k h m q r t h t x x t k u ab (u b) t f (V z c a m l W ab X i f y d ad j y) w) j m)
c (i l) (F G H r (j n ac m h d) q o u (c (i l) g z g o z (i l) v) J i (K (L e (e b) ad g) (M (N O u h b) x P b g) w (n ab Q p) R) f x (S (m (T U i i d)) k h m q r t h t x x t k u ab (u b) t f (V z c a m l W ab X i f y d ad j y) w) j m)
c (i l) (F G H r (j n ac m h d) q o u (ad h z e t (aa h) z (i l) v) J i (K (L e (e b) ad g) (M (N O u h b) x P b g) w (n ab Q p) R) f x (S (m (T U i i d)) k h m q r t h t x x t k u ab (u b) t f (V z c a m l W ab X i f y d ad j y) w) j m)
c (i l) (F G H r (j n ac m h d) q o u (b (m x) p (v k) d z h z e t (aa h) z (i l) v) J i (K (L e (e b) ad g) (M (N O u h b) x P b g) w (n ab Q p) R) f x (S (m (T U i i d)) k h m q r t h t x x t k u ab (u b) t f (V z c a m l W ab X i f y d ad j y) w) j m)
c (i l) (F G H r (j n ac m h d) q o u (ab ad z e t (aa h) z (i l) v) J i (K (L e (e b) ad g) (M (N O u h b) x P b g) w (n ab Q p) R) f x (S (m (T U i i d)) k h m q r t h t x x t k u ab (u b) t f (V z c a m l W ab X i f y d ad j y) w) j m)
c (i l) (F G H r (j n ac m h d) q o u (q o v q z (i l) v) J i (K (L e (e b) ad g) (M (N O u h b) x P b g) w (n ab Q p) R) f x (S (m (T U i i d)) k h m q r t h t x x t k u ab (u b) t f (V z c a m l W ab X i f y d ad j y) w) j m)
c (i l) (F G H r (j n ac m h d) q o u (y i n v g b v f x) J i (K (L e (e b) ad g) (M (N O u h b) x P b g) w (n ab Q p) R) f x (S (m (T U i i d)) k h m q r t h t x x t k u ab (u b) t f (V z c a m l W ab X i f y d ad j y) w) j m)
c (i l) (F G H r (j n ac m h d) q o u (v t w m m r z f x) J i (K (L e (e b) ad g) (M (N O u h b) x P b g) w (n ab Q p) R) f x (S (m (T U i i d)) k h m q r t h t x x t k u ab (u b) t f (V z c a m l W ab X i f y d ad j y) w) j m)
c (i l) (F G H r (j n ac m h d) q o u (g (h m ad j) f x) J i (K (L e (e b) ad g) (M (N O u h b) x P b g) w (n ab Q p) R) f x (S (m (T U i i d)) k h m q r t h t x x t k u ab (u b) t f (V z c a m l W ab X i f y d ad j y) w) j m)
c (i l) (F G H r (j n ac m h d) q o u (g (aa ac ab v a ad b) f x) J i (K (L e (e b) ad g) (M (N O u h b) x P b g) w (n ab Q p) R) f x (S (m (T U i i d)) k h m q r t h t x x t k u ab (u b) t f (V z c a m l W ab X i f y d ad j y) w) j m)


