a ae c (d (v (ac m f) l y))
b af ae z
c q d s ad m ad r i s n
d af ae n w c af
e ae ah af ag q
f ae ae n (q aa) ae ae (l t h l)
g af ae ag a u k k v ac
h b y j g t n (ad i z)
i af ae ag m w x j ad z
j af ae x c ad k a (k r t)
k ae c y o (w w ab ab)
l ae a v d (ae e)
m ag ae af aa ab (c o)
n ae af s m g r o
o c (b k)
p ae ah ag af k i d y ag b (x f q)
q ae y
r ae j n p t
s af ae ag ag v
t af ae ae z i i
u ae x v (ad ab)
v ae af ae
w ai ae ag af aj ah y y c s r
x r d
y ai ag ae ah aj af q a ag ah aj c a aj m x
z ae af ah ag y u v (h f f)
aa af ae l w p af
ab ah ag ae ai af z l l ah e t
ac ag af ae w m
ad ae ae k
main q (A B C D (E l F l ac a ab w (c k h z) m (G (H (I aa k (J (K p o m) u aa x L q d x M)) N (aa g) h (O q d (P e (Q t R k (S w k (T U V W z (X h (Y Z b j ac ad y d (ad (ab k p q o AA) AB v)) f u r (j (t p e AC f AD h) ad g e y AE z)) h y aa j q j x)))))))))
------------------------------------------------------------
q (A B C D (E l F l ac a ab w (c k h z) m (G (H (I aa k (J (K p o m) u aa x L q d x M)) N (aa g) h (O q d (P e (Q t R k (S w k (T U V W z (X h (Y Z b j ac ad y d (ad (ab k p q o AA) AB v)) f u r (j (t p e AC f AD h) ad g e y AE z)) h y aa j q j x)))))))))
y


