a ae af = q
b af ag ae = ae ad g (ae ae)
c ag ae af = k z f q
d ae af ah ag = i
e af ae ag = aa j (aa af) m w j c aa
f ae af = ab (n (t ab r)) n e q y d
g ae = ad ae ab
h = j
i ae af = ae af y ab k g aa x l
j aj ag af ai ae ah = af t
k ai ah af ag ae aj = r f
l ae = r n
m ae = a ae aa (j ae) k
n af ai ah ag ae = o b ac (d g j e b p)
o af ae = af b q y ac g
p ae ag af = ac ac (r x af) j
q ai af ag aj ae ah = m c c (d (ag g r)) b
r ah ai af ae ag aj = a
s ag ae af = ac (ae t v h)
t = n k ac x i p
u af ae = ab l y
v ah ae ai ag aj af = a q
w af ah ag ae = z t v f ab
x = s j u h h (k y o)
y ai af ae ag ah = ah j g r g a
z ae aj ah ag ai af = aa d a d
aa = ac
ab ae ah aj af ag ai = q g v ag p
ac af ae ai ah ag = g (c w d (e o aa) ad r)
ad af ag ai ah ae = r
main = c g (A B x s) (o t (C D aa q m q i p (E t h) F (G y (H v I x J) aa) aa d K y (h g e v o f) m l w (L (M e r w (N s s) (u k f) (O t k ad l e) c m ad b q (e ad m y z (P j j Q (R S (T (ab t l) U l u m (V W X b v) t q t) j d w Y d b ad m)) s t)))))
------------------------------------------------------------
c g (A B x s) (o t (C D aa q m q i p (E t h) F (G y (H v I x J) aa) aa d K y (h g e v o f) m l w (L (M e r w (N s s) (u k f) (O t k ad l e) c m ad b q (e ad m y z (P j j Q (R S (T (ab t l) U l u m (V W X b v) t q t) j d w Y d b ad m)) s t)))))
k z f q


