a ai af aj ah ae ag = af
b ag ai ae ah af aj = v d f t u
c = u
d ai aj ah ag af ae = m k t g ae ae r k
e ae = s
f ae ag af = q h y ad x i
g ah ag aj ai ae af = ae
h ae = n z ae ae r e j n y i
i aj ag ae ai af ah = g h
j ae af = ae i l f v
k ah ai ae af ag = y x a i v
l ae ag af = c v (u (n r aa y)) f r s
m ag ae af = o af z
n aj ae af ai ag ah = ag r (ac o) t
o ae af = u n ad ae ae b (k d) n
p = a h l (r j) d r (y s o)
q ai af ae ag ah = o n t
r ah ag ae af = ac h (ag ae v x (w d ac) h)
s ag ae aj ai ah af = c v n af
t = w (aa (o p d) k)
u af ag ae = r y ac
v ae ag ah aj af ai = c
w af ae ag = b c r g b g t c v
x ae af ag ai ah = p a af t d
y ae = v b z ae r
z ae ah ai af ag = d x
aa af ae ag = ag (ab ad) ag s x
ab ah af ae ag ai = l e (s aa)
ac ag af ae = f c
ad af ae = h ab x (t z (l y) y m)
main = A (ab l ab) B C D E F G (H I J (K (q (ad L aa aa q y g M o N)) O P (Q t e (f d) a R S w T U l V m) w r (W t)) X f) ab m Y Z y AA a AB w g (AC i l j) AD k AE e z h ab g AF e AG (a z w l) AH AI aa p p AJ AK aa a ad i j AL s AM d j AN r u k z q AO
------------------------------------------------------------
A (ab l ab) B C D E F G (H I J (K (q (ad L aa aa q y g M o N)) O P (Q t e (f d) a R S w T U l V m) w r (W t)) X f) ab m Y Z y AA a AB w g (AC i l j) AD k AE e z h ab g AF e AG (a z w l) AH AI aa p p AJ AK aa a ad i j AL s AM d j AN r u k z q AO
A (ab l ab) B C D E F G (H I J (K (q (h ab x (t z (l y) y m) aa q y g M o N)) O P (Q t e (f d) a R S w T U l V m) w r (W t)) X f) ab m Y Z y AA a AB w g (AC i l j) AD k AE e z h ab g AF e AG (a z w l) AH AI aa p p AJ AK aa a ad i j AL s AM d j AN r u k z q AO
A (ab l ab) B C D E F G (H I J (K (q (n z ab ab r e j n y i x (t z (l y) y m) aa q y g M o N)) O P (Q t e (f d) a R S w T U l V m) w r (W t)) X f) ab m Y Z y AA a AB w g (AC i l j) AD k AE e z h ab g AF e AG (a z w l) AH AI aa p p AJ AK aa a ad i j AL s AM d j AN r u k z q AO
A (ab l ab) B C D E F G (H I J (K (q (e r (ac o) t n y i x (t z (l y) y m) aa q y g M o N)) O P (Q t e (f d) a R S w T U l V m) w r (W t)) X f) ab m Y Z y AA a AB w g (AC i l j) AD k AE e z h ab g AF e AG (a z w l) AH AI aa p p AJ AK aa a ad i j AL s AM d j AN r u k z q AO
A (ab l ab) B C D E F G (H I J (K (q (s (ac o) t n y i x (t z (l y) y m) aa q y g M o N)) O P (Q t e (f d) a R S w T U l V m) w r (W t)) X f) ab m Y Z y AA a AB w g (AC i l j) AD k AE e z h ab g AF e AG (a z w l) AH AI aa p p AJ AK aa a ad i j AL s AM d j AN r u k z q AO
A (ab l ab) B C D E F G (H I J (K (q (c v n x (t z (l y) y m) aa q y g M o N)) O P (Q t e (f d) a R S w T U l V m) w r (W t)) X f) ab m Y Z y AA a AB w g (AC i l j) AD k AE e z h ab g AF e AG (a z w l) AH AI aa p p AJ AK aa a ad i j AL s AM d j AN r u k z q AO
A (ab l ab) B C D E F G (H I J (K (q (u v n x (t z (l y) y m) aa q y g M o N)) O P (Q t e (f d) a R S w T U l V m) w r (W t)) X f) ab m Y Z y AA a AB w g (AC i l j) AD k AE e z h ab g AF e AG (a z w l) AH AI aa p p AJ AK aa a ad i j AL s AM d j AN r u k z q AO
A (ab l ab) B C D E F G (H I J (K (q (r y ac (t z (l y) y m) aa q y g M o N)) O P (Q t e (f d) a R S w T U l V m) w r (W t)) X f) ab m Y Z y AA a AB w g (AC i l j) AD k AE e z h ab g AF e AG (a z w l) AH AI aa p p AJ AK aa a ad i j AL s AM d j AN r u k z q AO
A (ab l ab) B C D E F G (H I J (K (q (ac h (ac (t z (l y) y m) v x (w d ac) h) q y g M o N)) O P (Q t e (f d) a R S w T U l V m) w r (W t)) X f) ab m Y Z y AA a AB w g (AC i l j) AD k AE e z h ab g AF e AG (a z w l) AH AI aa p p AJ AK aa a ad i j AL s AM d j AN r u k z q AO
A (ab l ab) B C D E F G (H I J (K (q (f c y g M o N)) O P (Q t e (f d) a R S w T U l V m) w r (W t)) X f) ab m Y Z y AA a AB w g (AC i l j) AD k AE e z h ab g AF e AG (a z w l) AH AI aa p p AJ AK aa a ad i j AL s AM d j AN r u k z q AO
A (ab l ab) B C D E F G (H I J (K (q (q h y ad x i M o N)) O P (Q t e (f d) a R S w T U l V m) w r (W t)) X f) ab m Y Z y AA a AB w g (AC i l j) AD k AE e z h ab g AF e AG (a z w l) AH AI aa p p AJ AK aa a ad i j AL s AM d j AN r u k z q AO
A (ab l ab) B C D E F G (H I J (K (q (o n t M o N)) O P (Q t e (f d) a R S w T U l V m) w r (W t)) X f) ab m Y Z y AA a AB w g (AC i l j) AD k AE e z h ab g AF e AG (a z w l) AH AI aa p p AJ AK aa a ad i j AL s AM d j AN r u k z q AO
A (ab l ab) B C D E F G (H I J (K (q (u n ad n n b (k d) n M o N)) O P (Q t e (f d) a R S w T U l V m) w r (W t)) X f) ab m Y Z y AA a AB w g (AC i l j) AD k AE e z h ab g AF e AG (a z w l) AH AI aa p p AJ AK aa a ad i j AL s AM d j AN r u k z q AO
A (ab l ab) B C D E F G (H I J (K (q (r y ac n b (k d) n M o N)) O P (Q t e (f d) a R S w T U l V m) w r (W t)) X f) ab m Y Z y AA a AB w g (AC i l j) AD k AE e z h ab g AF e AG (a z w l) AH AI aa p p AJ AK aa a ad i j AL s AM d j AN r u k z q AO
A (ab l ab) B C D E F G (H I J (K (q (ac h (ac n v x (w d ac) h) (k d) n M o N)) O P (Q t e (f d) a R S w T U l V m) w r (W t)) X f) ab m Y Z y AA a AB w g (AC i l j) AD k AE e z h ab g AF e AG (a z w l) AH AI aa p p AJ AK aa a ad i j AL s AM d j AN r u k z q AO
A (ab l ab) B C D E F G (H I J (K (q (f c n M o N)) O P (Q t e (f d) a R S w T U l V m) w r (W t)) X f) ab m Y Z y AA a AB w g (AC i l j) AD k AE e z h ab g AF e AG (a z w l) AH AI aa p p AJ AK aa a ad i j AL s AM d j AN r u k z q AO
A (ab l ab) B C D E F G (H I J (K (q (q h y ad x i o N)) O P (Q t e (f d) a R S w T U l V m) w r (W t)) X f) ab m Y Z y AA a AB w g (AC i l j) AD k AE e z h ab g AF e AG (a z w l) AH AI aa p p AJ AK aa a ad i j AL s AM d j AN r u k z q AO
A (ab l ab) B C D E F G (H I J (K (q (o n t o N)) O P (Q t e (f d) a R S w T U l V m) w r (W t)) X f) ab m Y Z y AA a AB w g (AC i l j) AD k AE e z h ab g AF e AG (a z w l) AH AI aa p p AJ AK aa a ad i j AL s AM d j AN r u k z q AO
A (ab l ab) B C D E F G (H I J (K (q (u n ad n n b (k d) n o N)) O P (Q t e (f d) a R S w T U l V m) w r (W t)) X f) ab m Y Z y AA a AB w g (AC i l j) AD k AE e z h ab g AF e AG (a z w l) AH AI aa p p AJ AK aa a ad i j AL s AM d j AN r u k z q AO
A (ab l ab) B C D E F G (H I J (K (q (r y ac n b (k d) n o N)) O P (Q t e (f d) a R S w T U l V m) w r (W t)) X f) ab m Y Z y AA a AB w g (AC i l j) AD k AE e z h ab g AF e AG (a z w l) AH AI aa p p AJ AK aa a ad i j AL s AM d j AN r u k z q AO
A (ab l ab) B C D E F G (H I J (K (q (ac h (ac n v x (w d ac) h) (k d) n o N)) O P (Q t e (f d) a R S w T U l V m) w r (W t)) X f) ab m Y Z y AA a AB w g (AC i l j) AD k AE e z h ab g AF e AG (a z w l) AH AI aa p p AJ AK aa a ad i j AL s AM d j AN r u k z q AO
A (ab l ab) B C D E F G (H I J (K (q (f c n o N)) O P (Q t e (f d) a R S w T U l V m) w r (W t)) X f) ab m Y Z y AA a AB w g (AC i l j) AD k AE e z h ab g AF e AG (a z w l) AH AI aa p p AJ AK aa a ad i j AL s AM d j AN r u k z q AO
A (ab l ab) B C D E F G (H I J (K (q (q h y ad x i N)) O P (Q t e (f d) a R S w T U l V m) w r (W t)) X f) ab m Y Z y AA a AB w g (AC i l j) AD k AE e z h ab g AF e AG (a z w l) AH AI aa p p AJ AK aa a ad i j AL s AM d j AN r u k z q AO
A (ab l ab) B C D E F G (H I J (K (q (o n t N)) O P (Q t e (f d) a R S w T U l V m) w r (W t)) X f) ab m Y Z y AA a AB w g (AC i l j) AD k AE e z h ab g AF e AG (a z w l) AH AI aa p p AJ AK aa a ad i j AL s AM d j AN r u k z q AO
A (ab l ab) B C D E F G (H I J (K (q (u n ad n n b (k d) n N)) O P (Q t e (f d) a R S w T U l V m) w r (W t)) X f) ab m Y Z y AA a AB w g (AC i l j) AD k AE e z h ab g AF e AG (a z w l) AH AI aa p p AJ AK aa a ad i j AL s AM d j AN r u k z q AO
A (ab l ab) B C D E F G (H I J (K (q (r y ac n b (k d) n N)) O P (Q t e (f d) a R S w T U l V m) w r (W t)) X f) ab m Y Z y AA a AB w g (AC i l j) AD k AE e z h ab g AF e AG (a z w l) AH AI aa p p AJ AK aa a ad i j AL s AM d j AN r u k z q AO
A (ab l ab) B C D E F G (H I J (K (q (ac h (ac n v x (w d ac) h) (k d) n N)) O P (Q t e (f d) a R S w T U l V m) w r (W t)) X f) ab m Y Z y AA a AB w g (AC i l j) AD k AE e z h ab g AF e AG (a z w l) AH AI aa p p AJ AK aa a ad i j AL s AM d j AN r u k z q AO
A (ab l ab) B C D E F G (H I J (K (q (f c n N)) O P (Q t e (f d) a R S w T U l V m) w r (W t)) X f) ab m Y Z y AA a AB w g (AC i l j) AD k AE e z h ab g AF e AG (a z w l) AH AI aa p p AJ AK aa a ad i j AL s AM d j AN r u k z q AO
A (ab l ab) B C D E F G (H I J (K (q (q h y ad x i)) O P (Q t e (f d) a R S w T U l V m) w r (W t)) X f) ab m Y Z y AA a AB w g (AC i l j) AD k AE e z h ab g AF e AG (a z w l) AH AI aa p p AJ AK aa a ad i j AL s AM d j AN r u k z q AO
A (ab l ab) B C D E F G (H I J (K (q (o n t)) O P (Q t e (f d) a R S w T U l V m) w r (W t)) X f) ab m Y Z y AA a AB w g (AC i l j) AD k AE e z h ab g AF e AG (a z w l) AH AI aa p p AJ AK aa a ad i j AL s AM d j AN r u k z q AO


