a ae af q ab u q ac t z x
b ae ag af t ae x y h (c (a u)) af
c ae h
d v c g
e ae ai ah af ag aj n ac x t r ac ah b j g
f ae ah ai af aj ag s x l d
g ae af ah ag k ah
h p z
i af ae p f d d
j ae ah aj af ai ag b (y y i i) k (m w)
k af ae af aa ae (q aa) ad af u
l ag af ah ae j (ac s ac ae) d k d
m ag ae ai af ah w j e
n ag ah af ai ae b
o af ag ah ae ai a (x f (f h u))
p af ae g
q ae ag af b s w b (p x) e x
r ae w ab l (z (g x) ae) q
s ae ae l ae ab k f e z
t af ai ag ah aj ae s l d d v aa
u ae ai ag aj ah af y (q l)
v ag ae ai af ah ah y b ag
w ag ae af e p z ac p ac (c ag a)
x ag af ae c af f ag b v
y af ae m l x ad h af f p ae
z ae af ag w ac a (b (af u e))
aa ae af h c ae ad s n
ab ae ag ai af ah af ac (d w c) aa
ac af ag ah ae y
ad ah ai af ae ag aa p q ah (g s ac o ai) ab
main v A (j (o (r B w (v s p) (g (w C (i o b D E a q c u (F G y ad n) b k b g ad) g (H I d h (ad t t (i q) J h (z p (K L b (M j n) N) n (t s i O y (i (a n d (q b g aa w a n f) c v (i (P Q a r R (S r (z n a t T) k p U))) i ab h o l h n h z) s p))))))))))
------------------------------------------------------------
v A (j (o (r B w (v s p) (g (w C (i o b D E a q c u (F G y ad n) b k b g ad) g (H I d h (ad t t (i q) J h (z p (K L b (M j n) N) n (t s i O y (i (a n d (q b g aa w a n f) c v (i (P Q a r R (S r (z n a t T) k p U))) i ab h o l h n h z) s p))))))))))
v A (j (o (w ab l (z (g x) B) q w (v s p) (g (w C (i o b D E a q c u (F G y ad n) b k b g ad) g (H I d h (ad t t (i q) J h (z p (K L b (M j n) N) n (t s i O y (i (a n d (q b g aa w a n f) c v (i (P Q a r R (S r (z n a t T) k p U))) i ab h o l h n h z) s p))))))))))
v A (j (o (e p z ac p ac (c ab a) q w (v s p) (g (w C (i o b D E a q c u (F G y ad n) b k b g ad) g (H I d h (ad t t (i q) J h (z p (K L b (M j n) N) n (t s i O y (i (a n d (q b g aa w a n f) c v (i (P Q a r R (S r (z n a t T) k p U))) i ab h o l h n h z) s p))))))))))
v A (j (o (n ac x t r ac ac b j g q w (v s p) (g (w C (i o b D E a q c u (F G y ad n) b k b g ad) g (H I d h (ad t t (i q) J h (z p (K L b (M j n) N) n (t s i O y (i (a n d (q b g aa w a n f) c v (i (P Q a r R (S r (z n a t T) k p U))) i ab h o l h n h z) s p))))))))))
v A (j (o (b ac b j g q w (v s p) (g (w C (i o b D E a q c u (F G y ad n) b k b g ad) g (H I d h (ad t t (i q) J h (z p (K L b (M j n) N) n (t s i O y (i (a n d (q b g aa w a n f) c v (i (P Q a r R (S r (z n a t T) k p U))) i ab h o l h n h z) s p))))))))))
v A (j (o (t ac x y h (c (a u)) j g q w (v s p) (g (w C (i o b D E a q c u (F G y ad n) b k b g ad) g (H I d h (ad t t (i q) J h (z p (K L b (M j n) N) n (t s i O y (i (a n d (q b g aa w a n f) c v (i (P Q a r R (S r (z n a t T) k p U))) i ab h o l h n h z) s p))))))))))
v A (j (o (s l d d v aa g q w (v s p) (g (w C (i o b D E a q c u (F G y ad n) b k b g ad) g (H I d h (ad t t (i q) J h (z p (K L b (M j n) N) n (t s i O y (i (a n d (q b g aa w a n f) c v (i (P Q a r R (S r (z n a t T) k p U))) i ab h o l h n h z) s p))))))))))
v A (j (o (l l l ab k f e z d d v aa g q w (v s p) (g (w C (i o b D E a q c u (F G y ad n) b k b g ad) g (H I d h (ad t t (i q) J h (z p (K L b (M j n) N) n (t s i O y (i (a n d (q b g aa w a n f) c v (i (P Q a r R (S r (z n a t T) k p U))) i ab h o l h n h z) s p))))))))))
v A (j (o (j (ac s ac k) d k d f e z d d v aa g q w (v s p) (g (w C (i o b D E a q c u (F G y ad n) b k b g ad) g (H I d h (ad t t (i q) J h (z p (K L b (M j n) N) n (t s i O y (i (a n d (q b g aa w a n f) c v (i (P Q a r R (S r (z n a t T) k p U))) i ab h o l h n h z) s p))))))))))
v A (j (o (b (y y i i) k (m w) z d d v aa g q w (v s p) (g (w C (i o b D E a q c u (F G y ad n) b k b g ad) g (H I d h (ad t t (i q) J h (z p (K L b (M j n) N) n (t s i O y (i (a n d (q b g aa w a n f) c v (i (P Q a r R (S r (z n a t T) k p U))) i ab h o l h n h z) s p))))))))))
v A (j (o (t (y y i i) x y h (c (a u)) (m w) z d d v aa g q w (v s p) (g (w C (i o b D E a q c u (F G y ad n) b k b g ad) g (H I d h (ad t t (i q) J h (z p (K L b (M j n) N) n (t s i O y (i (a n d (q b g aa w a n f) c v (i (P Q a r R (S r (z n a t T) k p U))) i ab h o l h n h z) s p))))))))))
v A (j (o (s l d d v aa z d d v aa g q w (v s p) (g (w C (i o b D E a q c u (F G y ad n) b k b g ad) g (H I d h (ad t t (i q) J h (z p (K L b (M j n) N) n (t s i O y (i (a n d (q b g aa w a n f) c v (i (P Q a r R (S r (z n a t T) k p U))) i ab h o l h n h z) s p))))))))))
v A (j (o (l l l ab k f e z d d v aa z d d v aa g q w (v s p) (g (w C (i o b D E a q c u (F G y ad n) b k b g ad) g (H I d h (ad t t (i q) J h (z p (K L b (M j n) N) n (t s i O y (i (a n d (q b g aa w a n f) c v (i (P Q a r R (S r (z n a t T) k p U))) i ab h o l h n h z) s p))))))))))
v A (j (o (j (ac s ac k) d k d f e z d d v aa z d d v aa g q w (v s p) (g (w C (i o b D E a q c u (F G y ad n) b k b g ad) g (H I d h (ad t t (i q) J h (z p (K L b (M j n) N) n (t s i O y (i (a n d (q b g aa w a n f) c v (i (P Q a r R (S r (z n a t T) k p U))) i ab h o l h n h z) s p))))))))))
v A (j (o (b (y y i i) k (m w) z d d v aa z d d v aa g q w (v s p) (g (w C (i o b D E a q c u (F G y ad n) b k b g ad) g (H I d h (ad t t (i q) J h (z p (K L b (M j n) N) n (t s i O y (i (a n d (q b g aa w a n f) c v (i (P Q a r R (S r (z n a t T) k p U))) i ab h o l h n h z) s p))))))))))
v A (j (o (t (y y i i) x y h (c (a u)) (m w) z d d v aa z d d v aa g q w (v s p) (g (w C (i o b D E a q c u (F G y ad n) b k b g ad) g (H I d h (ad t t (i q) J h (z p (K L b (M j n) N) n (t s i O y (i (a n d (q b g aa w a n f) c v (i (P Q a r R (S r (z n a t T) k p U))) i ab h o l h n h z) s p))))))))))
v A (j (o (s l d d v aa z d d v aa z d d v aa g q w (v s p) (g (w C (i o b D E a q c u (F G y ad n) b k b g ad) g (H I d h (ad t t (i q) J h (z p (K L b (M j n) N) n (t s i O y (i (a n d (q b g aa w a n f) c v (i (P Q a r R (S r (z n a t T) k p U))) i ab h o l h n h z) s p))))))))))
v A (j (o (l l l ab k f e z d d v aa z d d v aa z d d v aa g q w (v s p) (g (w C (i o b D E a q c u (F G y ad n) b k b g ad) g (H I d h (ad t t (i q) J h (z p (K L b (M j n) N) n (t s i O y (i (a n d (q b g aa w a n f) c v (i (P Q a r R (S r (z n a t T) k p U))) i ab h o l h n h z) s p))))))))))
v A (j (o (j (ac s ac k) d k d f e z d d v aa z d d v aa z d d v aa g q w (v s p) (g (w C (i o b D E a q c u (F G y ad n) b k b g ad) g (H I d h (ad t t (i q) J h (z p (K L b (M j n) N) n (t s i O y (i (a n d (q b g aa w a n f) c v (i (P Q a r R (S r (z n a t T) k p U))) i ab h o l h n h z) s p))))))))))
v A (j (o (b (y y i i) k (m w) z d d v aa z d d v aa z d d v aa g q w (v s p) (g (w C (i o b D E a q c u (F G y ad n) b k b g ad) g (H I d h (ad t t (i q) J h (z p (K L b (M j n) N) n (t s i O y (i (a n d (q b g aa w a n f) c v (i (P Q a r R (S r (z n a t T) k p U))) i ab h o l h n h z) s p))))))))))
v A (j (o (t (y y i i) x y h (c (a u)) (m w) z d d v aa z d d v aa z d d v aa g q w (v s p) (g (w C (i o b D E a q c u (F G y ad n) b k b g ad) g (H I d h (ad t t (i q) J h (z p (K L b (M j n) N) n (t s i O y (i (a n d (q b g aa w a n f) c v (i (P Q a r R (S r (z n a t T) k p U))) i ab h o l h n h z) s p))))))))))
v A (j (o (s l d d v aa z d d v aa z d d v aa z d d v aa g q w (v s p) (g (w C (i o b D E a q c u (F G y ad n) b k b g ad) g (H I d h (ad t t (i q) J h (z p (K L b (M j n) N) n (t s i O y (i (a n d (q b g aa w a n f) c v (i (P Q a r R (S r (z n a t T) k p U))) i ab h o l h n h z) s p))))))))))
v A (j (o (l l l ab k f e z d d v aa z d d v aa z d d v aa z d d v aa g q w (v s p) (g (w C (i o b D E a q c u (F G y ad n) b k b g ad) g (H I d h (ad t t (i q) J h (z p (K L b (M j n) N) n (t s i O y (i (a n d (q b g aa w a n f) c v (i (P Q a r R (S r (z n a t T) k p U))) i ab h o l h n h z) s p))))))))))
v A (j (o (j (ac s ac k) d k d f e z d d v aa z d d v aa z d d v aa z d d v aa g q w (v s p) (g (w C (i o b D E a q c u (F G y ad n) b k b g ad) g (H I d h (ad t t (i q) J h (z p (K L b (M j n) N) n (t s i O y (i (a n d (q b g aa w a n f) c v (i (P Q a r R (S r (z n a t T) k p U))) i ab h o l h n h z) s p))))))))))
v A (j (o (b (y y i i) k (m w) z d d v aa z d d v aa z d d v aa z d d v aa g q w (v s p) (g (w C (i o b D E a q c u (F G y ad n) b k b g ad) g (H I d h (ad t t (i q) J h (z p (K L b (M j n) N) n (t s i O y (i (a n d (q b g aa w a n f) c v (i (P Q a r R (S r (z n a t T) k p U))) i ab h o l h n h z) s p))))))))))
v A (j (o (t (y y i i) x y h (c (a u)) (m w) z d d v aa z d d v aa z d d v aa z d d v aa g q w (v s p) (g (w C (i o b D E a q c u (F G y ad n) b k b g ad) g (H I d h (ad t t (i q) J h (z p (K L b (M j n) N) n (t s i O y (i (a n d (q b g aa w a n f) c v (i (P Q a r R (S r (z n a t T) k p U))) i ab h o l h n h z) s p))))))))))
v A (j (o (s l d d v aa z d d v aa z d d v aa z d d v aa z d d v aa g q w (v s p) (g (w C (i o b D E a q c u (F G y ad n) b k b g ad) g (H I d h (ad t t (i q) J h (z p (K L b (M j n) N) n (t s i O y (i (a n d (q b g aa w a n f) c v (i (P Q a r R (S r (z n a t T) k p U))) i ab h o l h n h z) s p))))))))))
v A (j (o (l l l ab k f e z d d v aa z d d v aa z d d v aa z d d v aa z d d v aa g q w (v s p) (g (w C (i o b D E a q c u (F G y ad n) b k b g ad) g (H I d h (ad t t (i q) J h (z p (K L b (M j n) N) n (t s i O y (i (a n d (q b g aa w a n f) c v (i (P Q a r R (S r (z n a t T) k p U))) i ab h o l h n h z) s p))))))))))
v A (j (o (j (ac s ac k) d k d f e z d d v aa z d d v aa z d d v aa z d d v aa z d d v aa g q w (v s p) (g (w C (i o b D E a q c u (F G y ad n) b k b g ad) g (H I d h (ad t t (i q) J h (z p (K L b (M j n) N) n (t s i O y (i (a n d (q b g aa w a n f) c v (i (P Q a r R (S r (z n a t T) k p U))) i ab h o l h n h z) s p))))))))))
v A (j (o (b (y y i i) k (m w) z d d v aa z d d v aa z d d v aa z d d v aa z d d v aa g q w (v s p) (g (w C (i o b D E a q c u (F G y ad n) b k b g ad) g (H I d h (ad t t (i q) J h (z p (K L b (M j n) N) n (t s i O y (i (a n d (q b g aa w a n f) c v (i (P Q a r R (S r (z n a t T) k p U))) i ab h o l h n h z) s p))))))))))


