a ai ah ag ae af t s c aa af
b ae af ai aj ah ag c
c ah af ag ae l s h x p (x l ah q ag)
d ae o k c (m k b)
e ae g ae w
f af ae l af i
g ae ag af ah ah
h ag ae ah ai af ah
i af ah ae ag ai t s
j ae ag af ae
k ae u c l o w f w z
l x
m ae k z h aa z ae ac c
n aj af ah ae ag ai k z v aa af y aa a
o af ah ae ag v af m af ah d h d m
p af ae ag ah q x s r
q ag ae af o n d b d ac
r f k n x q aa j
s ae ag af i x (af p (aa l m))
t af ag aj ah ai ae o
u ag ah ae ai af g ai y d d p ac i m b
v w (w (f j m r q))
w ae ag ai af ah ad (ad v (a r) u j)
x af ag ae w f ad v ac n
y ag ae af f af e r o (k p ae)
z ae ag ah ai af ab aa (a (d j ad a) t u)
aa af ai ag ae ah ae (j m p w o) ag
ab ae x e
ac ae af ag ah ae e n (ah e g n v) a
ad af ai ag ah ae aj ae
main A n n k w (n ad g (B C D v n e f t f (E F c x (G H (I h) (w ac b (J c p v))) (c v w k) (w s ad s n e k x r (K L (e M aa ab (l ab j) h y (b z z) d o ad t j (h ac) h (d f l aa f e z v a p x p) (N l ad (ab y t O l) (c y) P o s j) Q y R aa) S T ab)))))
------------------------------------------------------------
A n n k w (n ad g (B C D v n e f t f (E F c x (G H (I h) (w ac b (J c p v))) (c v w k) (w s ad s n e k x r (K L (e M aa ab (l ab j) h y (b z z) d o ad t j (h ac) h (d f l aa f e z v a p x p) (N l ad (ab y t O l) (c y) P o s j) Q y R aa) S T ab)))))
A n n k w (n ad g (B C D v n e f t f (E F c x (G H (I h) (w ac b (J c p v))) (c v w k) (ad (ad v (a r) u j) k x r (K L (e M aa ab (l ab j) h y (b z z) d o ad t j (h ac) h (d f l aa f e z v a p x p) (N l ad (ab y t O l) (c y) P o s j) Q y R aa) S T ab)))))
A n n k w (n ad g (B C D v n e f t f (E F c x (G H (I h) (w ac b (J c p v))) (c v w k) (ad (ad v (a r) u j) k x r (K L (g M w aa ab (l ab j) h y (b z z) d o ad t j (h ac) h (d f l aa f e z v a p x p) (N l ad (ab y t O l) (c y) P o s j) Q y R aa) S T ab)))))
A n n k w (n ad g (B C D v n e f t f (E F c x (G H (I h) (w ac b (J c p v))) (c v w k) (ad (ad v (a r) u j) k x r (K L (ab (l ab j) h y (b z z) d o ad t j (h ac) h (d f l aa f e z v a p x p) (N l ad (ab y t O l) (c y) P o s j) Q y R aa) S T ab)))))
A n n k w (n ad g (B C D v n e f t f (E F c x (G H (I h) (w ac b (J c p v))) (c v w k) (ad (ad v (a r) u j) k x r (K L (x e h y (b z z) d o ad t j (h ac) h (d f l aa f e z v a p x p) (N l ad (ab y t O l) (c y) P o s j) Q y R aa) S T ab)))))
A n n k w (n ad g (B C D v n e f t f (E F c x (G H (I h) (w ac b (J c p v))) (c v w k) (ad (ad v (a r) u j) k x r (K L (w f ad v ac n (b z z) d o ad t j (h ac) h (d f l aa f e z v a p x p) (N l ad (ab y t O l) (c y) P o s j) Q y R aa) S T ab)))))
A n n k w (n ad g (B C D v n e f t f (E F c x (G H (I h) (w ac b (J c p v))) (c v w k) (ad (ad v (a r) u j) k x r (K L (ad (ad v (a r) u j) (b z z) d o ad t j (h ac) h (d f l aa f e z v a p x p) (N l ad (ab y t O l) (c y) P o s j) Q y R aa) S T ab)))))
A n n k w (n ad g (B C D v n e f t f (E F c x (G H (I h) (w ac b (J c p v))) (c v w k) (ad (ad v (a r) u j) k x r (K L (ad j (h ac) h (d f l aa f e z v a p x p) (N l ad (ab y t O l) (c y) P o s j) Q y R aa) S T ab)))))
A n n k w (n ad g (B C D v n e f t f (E F c x (G H (I h) (w ac b (J c p v))) (c v w k) (ad (ad v (a r) u j) k x r (K L (N l ad (ab y t O l) (c y) P o s j y R aa) S T ab)))))
A n n k w (n ad g (B C D v n e f t f (E F c x (G H (I h) (w ac b (J c p v))) (c v w k) (ad (ad v (a r) u j) k x r (K L (N l ad (x e t O l) (c y) P o s j y R aa) S T ab)))))
A n n k w (n ad g (B C D v n e f t f (E F c x (G H (I h) (w ac b (J c p v))) (c v w k) (ad (ad v (a r) u j) k x r (K L (N l ad (w f ad v ac n l) (c y) P o s j y R aa) S T ab)))))
A n n k w (n ad g (B C D v n e f t f (E F c x (G H (I h) (w ac b (J c p v))) (c v w k) (ad (ad v (a r) u j) k x r (K L (N l ad (ad (ad v (a r) u j) l) (c y) P o s j y R aa) S T ab)))))


