a ae f y v ac e (ae y) r aa z
b ae af ag ah v
c f aa a (k z)
d af ae ai ag ah b b p p (ag ab) (af ag z)
e aj ag ai af ae ah aa t (l v q ai m) p aj
f ah ae af ag ai aj q
g ae af ag ah k f
h ae af p t f l af n n m
i ae ag af ah f
j g w i ac e i o a ad i
k ah ai ae af ag w j j i aa
l ae af x u b af y ae (n k)
m ae r h ae
n h a e c m (q j)
o af ae ab u x a r f
p ai ag ah af ae s (t q d (d a z ab) j)
q ag ae af d
r aj ah ag af ai ae ad ad (ad h z)
s ag ah ae af v aa ad (y aa) m g k h k
t ag ae ah af q n q k
u ah ag ai af aj ae f e ac p ac
v af ag ae ah c (u p) e ab ad a w
w ae af ag m v o k
x h ab
y r
z ae o (m t c w j) ab
aa l h p
ab af ae aa
ac ah ai ae ag af z (ad aa ah i n)
ad af ag ae aj ai ah x h e a h
main A (g r (B b) q) C D (E F G o b ac) (H v v c (I J p s aa) ab u t (n v b (z r (ac i aa i u) l p (K r b d n w k u))) ad L ad) n (M u l (z d y k) (N x) (ab g) ab o O (t (P Q w (d R v (S T d w U) d) y i (V (s l (y (ab b (W q v s x X g aa u) ac) o k t e c))))))
------------------------------------------------------------
A (g r (B b) q) C D (E F G o b ac) (H v v c (I J p s aa) ab u t (n v b (z r (ac i aa i u) l p (K r b d n w k u))) ad L ad) n (M u l (z d y k) (N x) (ab g) ab o O (t (P Q w (d R v (S T d w U) d) y i (V (s l (y (ab b (W q v s x X g aa u) ac) o k t e c))))))
A (g r (B b) q) C D (E F G o b ac) (H v v c (I J p s aa) ab u t (h a e c m (q j) v b (z r (ac i aa i u) l p (K r b d n w k u))) ad L ad) n (M u l (z d y k) (N x) (ab g) ab o O (t (P Q w (d R v (S T d w U) d) y i (V (s l (y (ab b (W q v s x X g aa u) ac) o k t e c))))))
A (g r (B b) q) C D (E F G o b ac) (H v v c (I J p s aa) ab u t (p t f l e n n m c m (q j) v b (z r (ac i aa i u) l p (K r b d n w k u))) ad L ad) n (M u l (z d y k) (N x) (ab g) ab o O (t (P Q w (d R v (S T d w U) d) y i (V (s l (y (ab b (W q v s x X g aa u) ac) o k t e c))))))
A (g r (B b) q) C D (E F G o b ac) (H v v c (I J p s aa) ab u t (s (t q d (d a z ab) j) n m c m (q j) v b (z r (ac i aa i u) l p (K r b d n w k u))) ad L ad) n (M u l (z d y k) (N x) (ab g) ab o O (t (P Q w (d R v (S T d w U) d) y i (V (s l (y (ab b (W q v s x X g aa u) ac) o k t e c))))))
A (g r (B b) q) C D (E F G o b ac) (H v v c (I J p s aa) ab u t (v aa ad (y aa) m g k h k m (q j) v b (z r (ac i aa i u) l p (K r b d n w k u))) ad L ad) n (M u l (z d y k) (N x) (ab g) ab o O (t (P Q w (d R v (S T d w U) d) y i (V (s l (y (ab b (W q v s x X g aa u) ac) o k t e c))))))
A (g r (B b) q) C D (E F G o b ac) (H v v c (I J p s aa) ab u t (c (u p) e ab ad a w g k h k m (q j) v b (z r (ac i aa i u) l p (K r b d n w k u))) ad L ad) n (M u l (z d y k) (N x) (ab g) ab o O (t (P Q w (d R v (S T d w U) d) y i (V (s l (y (ab b (W q v s x X g aa u) ac) o k t e c))))))
A (g r (B b) q) C D (E F G o b ac) (H v v c (I J p s aa) ab u t (f aa a (k z) (u p) e ab ad a w g k h k m (q j) v b (z r (ac i aa i u) l p (K r b d n w k u))) ad L ad) n (M u l (z d y k) (N x) (ab g) ab o O (t (P Q w (d R v (S T d w U) d) y i (V (s l (y (ab b (W q v s x X g aa u) ac) o k t e c))))))
A (g r (B b) q) C D (E F G o b ac) (H v v c (I J p s aa) ab u t (q ad a w g k h k m (q j) v b (z r (ac i aa i u) l p (K r b d n w k u))) ad L ad) n (M u l (z d y k) (N x) (ab g) ab o O (t (P Q w (d R v (S T d w U) d) y i (V (s l (y (ab b (W q v s x X g aa u) ac) o k t e c))))))
A (g r (B b) q) C D (E F G o b ac) (H v v c (I J p s aa) ab u t (d g k h k m (q j) v b (z r (ac i aa i u) l p (K r b d n w k u))) ad L ad) n (M u l (z d y k) (N x) (ab g) ab o O (t (P Q w (d R v (S T d w U) d) y i (V (s l (y (ab b (W q v s x X g aa u) ac) o k t e c))))))
A (g r (B b) q) C D (E F G o b ac) (H v v c (I J p s aa) ab u t (b b p p (k ab) (g k z) (q j) v b (z r (ac i aa i u) l p (K r b d n w k u))) ad L ad) n (M u l (z d y k) (N x) (ab g) ab o O (t (P Q w (d R v (S T d w U) d) y i (V (s l (y (ab b (W q v s x X g aa u) ac) o k t e c))))))
A (g r (B b) q) C D (E F G o b ac) (H v v c (I J p s aa) ab u t (v (g k z) (q j) v b (z r (ac i aa i u) l p (K r b d n w k u))) ad L ad) n (M u l (z d y k) (N x) (ab g) ab o O (t (P Q w (d R v (S T d w U) d) y i (V (s l (y (ab b (W q v s x X g aa u) ac) o k t e c))))))
A (g r (B b) q) C D (E F G o b ac) (H v v c (I J p s aa) ab u t (c (u p) e ab ad a w (z r (ac i aa i u) l p (K r b d n w k u))) ad L ad) n (M u l (z d y k) (N x) (ab g) ab o O (t (P Q w (d R v (S T d w U) d) y i (V (s l (y (ab b (W q v s x X g aa u) ac) o k t e c))))))
A (g r (B b) q) C D (E F G o b ac) (H v v c (I J p s aa) ab u t (f aa a (k z) (u p) e ab ad a w (z r (ac i aa i u) l p (K r b d n w k u))) ad L ad) n (M u l (z d y k) (N x) (ab g) ab o O (t (P Q w (d R v (S T d w U) d) y i (V (s l (y (ab b (W q v s x X g aa u) ac) o k t e c))))))
A (g r (B b) q) C D (E F G o b ac) (H v v c (I J p s aa) ab u t (q ad a w (z r (ac i aa i u) l p (K r b d n w k u))) ad L ad) n (M u l (z d y k) (N x) (ab g) ab o O (t (P Q w (d R v (S T d w U) d) y i (V (s l (y (ab b (W q v s x X g aa u) ac) o k t e c))))))
A (g r (B b) q) C D (E F G o b ac) (H v v c (I J p s aa) ab u t (d (z r (ac i aa i u) l p (K r b d n w k u))) ad L ad) n (M u l (z d y k) (N x) (ab g) ab o O (t (P Q w (d R v (S T d w U) d) y i (V (s l (y (ab b (W q v s x X g aa u) ac) o k t e c))))))
A (g r (B b) q) C D (E F G o b ac) (H v v c (I J p s aa) ab u t (d (o (m t c w j) ab (ac i aa i u) l p (K r b d n w k u))) ad L ad) n (M u l (z d y k) (N x) (ab g) ab o O (t (P Q w (d R v (S T d w U) d) y i (V (s l (y (ab b (W q v s x X g aa u) ac) o k t e c))))))
A (g r (B b) q) C D (E F G o b ac) (H v v c (I J p s aa) ab u t (d (ab u x a r f (ac i aa i u) l p (K r b d n w k u))) ad L ad) n (M u l (z d y k) (N x) (ab g) ab o O (t (P Q w (d R v (S T d w U) d) y i (V (s l (y (ab b (W q v s x X g aa u) ac) o k t e c))))))
A (g r (B b) q) C D (E F G o b ac) (H v v c (I J p s aa) ab u t (d (aa a r f (ac i aa i u) l p (K r b d n w k u))) ad L ad) n (M u l (z d y k) (N x) (ab g) ab o O (t (P Q w (d R v (S T d w U) d) y i (V (s l (y (ab b (W q v s x X g aa u) ac) o k t e c))))))
A (g r (B b) q) C D (E F G o b ac) (H v v c (I J p s aa) ab u t (d (l h p a r f (ac i aa i u) l p (K r b d n w k u))) ad L ad) n (M u l (z d y k) (N x) (ab g) ab o O (t (P Q w (d R v (S T d w U) d) y i (V (s l (y (ab b (W q v s x X g aa u) ac) o k t e c))))))
A (g r (B b) q) C D (E F G o b ac) (H v v c (I J p s aa) ab u t (d (x u b p y h (n k) a r f (ac i aa i u) l p (K r b d n w k u))) ad L ad) n (M u l (z d y k) (N x) (ab g) ab o O (t (P Q w (d R v (S T d w U) d) y i (V (s l (y (ab b (W q v s x X g aa u) ac) o k t e c))))))
A (g r (B b) q) C D (E F G o b ac) (H v v c (I J p s aa) ab u t (d (h ab u b p y h (n k) a r f (ac i aa i u) l p (K r b d n w k u))) ad L ad) n (M u l (z d y k) (N x) (ab g) ab o O (t (P Q w (d R v (S T d w U) d) y i (V (s l (y (ab b (W q v s x X g aa u) ac) o k t e c))))))
A (g r (B b) q) C D (E F G o b ac) (H v v c (I J p s aa) ab u t (d (p t f l u n n m b p y h (n k) a r f (ac i aa i u) l p (K r b d n w k u))) ad L ad) n (M u l (z d y k) (N x) (ab g) ab o O (t (P Q w (d R v (S T d w U) d) y i (V (s l (y (ab b (W q v s x X g aa u) ac) o k t e c))))))
A (g r (B b) q) C D (E F G o b ac) (H v v c (I J p s aa) ab u t (d (s (t q d (d a z ab) j) n m b p y h (n k) a r f (ac i aa i u) l p (K r b d n w k u))) ad L ad) n (M u l (z d y k) (N x) (ab g) ab o O (t (P Q w (d R v (S T d w U) d) y i (V (s l (y (ab b (W q v s x X g aa u) ac) o k t e c))))))
A (g r (B b) q) C D (E F G o b ac) (H v v c (I J p s aa) ab u t (d (v aa ad (y aa) m g k h k p y h (n k) a r f (ac i aa i u) l p (K r b d n w k u))) ad L ad) n (M u l (z d y k) (N x) (ab g) ab o O (t (P Q w (d R v (S T d w U) d) y i (V (s l (y (ab b (W q v s x X g aa u) ac) o k t e c))))))
A (g r (B b) q) C D (E F G o b ac) (H v v c (I J p s aa) ab u t (d (c (u p) e ab ad a w g k h k p y h (n k) a r f (ac i aa i u) l p (K r b d n w k u))) ad L ad) n (M u l (z d y k) (N x) (ab g) ab o O (t (P Q w (d R v (S T d w U) d) y i (V (s l (y (ab b (W q v s x X g aa u) ac) o k t e c))))))
A (g r (B b) q) C D (E F G o b ac) (H v v c (I J p s aa) ab u t (d (f aa a (k z) (u p) e ab ad a w g k h k p y h (n k) a r f (ac i aa i u) l p (K r b d n w k u))) ad L ad) n (M u l (z d y k) (N x) (ab g) ab o O (t (P Q w (d R v (S T d w U) d) y i (V (s l (y (ab b (W q v s x X g aa u) ac) o k t e c))))))
A (g r (B b) q) C D (E F G o b ac) (H v v c (I J p s aa) ab u t (d (q ad a w g k h k p y h (n k) a r f (ac i aa i u) l p (K r b d n w k u))) ad L ad) n (M u l (z d y k) (N x) (ab g) ab o O (t (P Q w (d R v (S T d w U) d) y i (V (s l (y (ab b (W q v s x X g aa u) ac) o k t e c))))))
A (g r (B b) q) C D (E F G o b ac) (H v v c (I J p s aa) ab u t (d (d g k h k p y h (n k) a r f (ac i aa i u) l p (K r b d n w k u))) ad L ad) n (M u l (z d y k) (N x) (ab g) ab o O (t (P Q w (d R v (S T d w U) d) y i (V (s l (y (ab b (W q v s x X g aa u) ac) o k t e c))))))
A (g r (B b) q) C D (E F G o b ac) (H v v c (I J p s aa) ab u t (d (b b p p (k ab) (g k z) y h (n k) a r f (ac i aa i u) l p (K r b d n w k u))) ad L ad) n (M u l (z d y k) (N x) (ab g) ab o O (t (P Q w (d R v (S T d w U) d) y i (V (s l (y (ab b (W q v s x X g aa u) ac) o k t e c))))))
A (g r (B b) q) C D (E F G o b ac) (H v v c (I J p s aa) ab u t (d (v (g k z) y h (n k) a r f (ac i aa i u) l p (K r b d n w k u))) ad L ad) n (M u l (z d y k) (N x) (ab g) ab o O (t (P Q w (d R v (S T d w U) d) y i (V (s l (y (ab b (W q v s x X g aa u) ac) o k t e c))))))


