a = f t
b af ag ae aj ai ah = w v aa t ab c
c af ae ag ai aj ah = w f aj z
d ae af = i af (h r y c af af)
e = ab s s ad
f ae af = k g t x (x v)
g ae = s ae j j ae y ae c
h ai ag af ah ae = ae (p m) ag o aa
i = ad t u p a y (c (b r g))
j ag aj ae ai ah af = w ac z ae x (k u ad q)
k af ae = ab q
l af ag ae ah = g u (af ah t (p p) k) af
m ae = p
n = e k c e
o ae af = q af ae ae r q r (v ae) k
p ah af ae ag = n j x n
q af ae = k
r = b v v m s g f j
s ag aj ae af ai ah = h ah w aj y u n ae i n
t ae = r a h ae n ad (v j a m)
u ah ag af ae = p ab l g n (l (aa h p e))
v ae = aa
w ae af = ac af r o ac e i (c z) o
x ah ae ag af ai = n aa i ah ad k
y ag ai ah af aj ae = ad ad w q s w
z ag ae af = ab (ac ae ag t af)
aa af ah ae ai ag = ah (i e v e (w d) e) af ah
ab af ae = aa z j n u v w
ac ag ae af ah = g (l ab f)
ad ah ae af ag = c l a ae
main = m n A g (aa aa B) C o t d D x w n e E f e F G l l (H I J K ab) L M N r O P Q z i ad h h R (f (z k) q (c (c (S aa w m) (T w u U aa t p k) (q o ab z (d x (V d d z b b W h n (X q Y i) k (Z AA n AB ac e y e) x) (w e o b AC)) z p ab AD z) z) AE))
------------------------------------------------------------
m n A g (aa aa B) C o t d D x w n e E f e F G l l (H I J K ab) L M N r O P Q z i ad h h R (f (z k) q (c (c (S aa w m) (T w u U aa t p k) (q o ab z (d x (V d d z b b W h n (X q Y i) k (Z AA n AB ac e y e) x) (w e o b AC)) z p ab AD z) z) AE))
p A g (aa aa B) C o t d D x w n e E f e F G l l (H I J K ab) L M N r O P Q z i ad h h R (f (z k) q (c (c (S aa w m) (T w u U aa t p k) (q o ab z (d x (V d d z b b W h n (X q Y i) k (Z AA n AB ac e y e) x) (w e o b AC)) z p ab AD z) z) AE))
n j x n o t d D x w n e E f e F G l l (H I J K ab) L M N r O P Q z i ad h h R (f (z k) q (c (c (S aa w m) (T w u U aa t p k) (q o ab z (d x (V d d z b b W h n (X q Y i) k (Z AA n AB ac e y e) x) (w e o b AC)) z p ab AD z) z) AE))
e k c e j x n o t d D x w n e E f e F G l l (H I J K ab) L M N r O P Q z i ad h h R (f (z k) q (c (c (S aa w m) (T w u U aa t p k) (q o ab z (d x (V d d z b b W h n (X q Y i) k (Z AA n AB ac e y e) x) (w e o b AC)) z p ab AD z) z) AE))
ab s s ad k c e j x n o t d D x w n e E f e F G l l (H I J K ab) L M N r O P Q z i ad h h R (f (z k) q (c (c (S aa w m) (T w u U aa t p k) (q o ab z (d x (V d d z b b W h n (X q Y i) k (Z AA n AB ac e y e) x) (w e o b AC)) z p ab AD z) z) AE))
aa z j n u v w ad k c e j x n o t d D x w n e E f e F G l l (H I J K ab) L M N r O P Q z i ad h h R (f (z k) q (c (c (S aa w m) (T w u U aa t p k) (q o ab z (d x (V d d z b b W h n (X q Y i) k (Z AA n AB ac e y e) x) (w e o b AC)) z p ab AD z) z) AE))
j (i e v e (w d) e) z j w ad k c e j x n o t d D x w n e E f e F G l l (H I J K ab) L M N r O P Q z i ad h h R (f (z k) q (c (c (S aa w m) (T w u U aa t p k) (q o ab z (d x (V d d z b b W h n (X q Y i) k (Z AA n AB ac e y e) x) (w e o b AC)) z p ab AD z) z) AE))
w ac z j x (k u ad q) c e j x n o t d D x w n e E f e F G l l (H I J K ab) L M N r O P Q z i ad h h R (f (z k) q (c (c (S aa w m) (T w u U aa t p k) (q o ab z (d x (V d d z b b W h n (X q Y i) k (Z AA n AB ac e y e) x) (w e o b AC)) z p ab AD z) z) AE))
ac z r o ac e i (c z) o j x (k u ad q) c e j x n o t d D x w n e E f e F G l l (H I J K ab) L M N r O P Q z i ad h h R (f (z k) q (c (c (S aa w m) (T w u U aa t p k) (q o ab z (d x (V d d z b b W h n (X q Y i) k (Z AA n AB ac e y e) x) (w e o b AC)) z p ab AD z) z) AE))
g (l ab f) e i (c z) o j x (k u ad q) c e j x n o t d D x w n e E f e F G l l (H I J K ab) L M N r O P Q z i ad h h R (f (z k) q (c (c (S aa w m) (T w u U aa t p k) (q o ab z (d x (V d d z b b W h n (X q Y i) k (Z AA n AB ac e y e) x) (w e o b AC)) z p ab AD z) z) AE))
s (l ab f) j j (l ab f) y (l ab f) c e i (c z) o j x (k u ad q) c e j x n o t d D x w n e E f e F G l l (H I J K ab) L M N r O P Q z i ad h h R (f (z k) q (c (c (S aa w m) (T w u U aa t p k) (q o ab z (d x (V d d z b b W h n (X q Y i) k (Z AA n AB ac e y e) x) (w e o b AC)) z p ab AD z) z) AE))
h (l ab f) w j y u n j i n c e i (c z) o j x (k u ad q) c e j x n o t d D x w n e E f e F G l l (H I J K ab) L M N r O P Q z i ad h h R (f (z k) q (c (c (S aa w m) (T w u U aa t p k) (q o ab z (d x (V d d z b b W h n (X q Y i) k (Z AA n AB ac e y e) x) (w e o b AC)) z p ab AD z) z) AE))
u (p m) w o aa n j i n c e i (c z) o j x (k u ad q) c e j x n o t d D x w n e E f e F G l l (H I J K ab) L M N r O P Q z i ad h h R (f (z k) q (c (c (S aa w m) (T w u U aa t p k) (q o ab z (d x (V d d z b b W h n (X q Y i) k (Z AA n AB ac e y e) x) (w e o b AC)) z p ab AD z) z) AE))
p ab l g n (l (aa h p e)) n j i n c e i (c z) o j x (k u ad q) c e j x n o t d D x w n e E f e F G l l (H I J K ab) L M N r O P Q z i ad h h R (f (z k) q (c (c (S aa w m) (T w u U aa t p k) (q o ab z (d x (V d d z b b W h n (X q Y i) k (Z AA n AB ac e y e) x) (w e o b AC)) z p ab AD z) z) AE))
n j x n (l (aa h p e)) n j i n c e i (c z) o j x (k u ad q) c e j x n o t d D x w n e E f e F G l l (H I J K ab) L M N r O P Q z i ad h h R (f (z k) q (c (c (S aa w m) (T w u U aa t p k) (q o ab z (d x (V d d z b b W h n (X q Y i) k (Z AA n AB ac e y e) x) (w e o b AC)) z p ab AD z) z) AE))
e k c e j x n (l (aa h p e)) n j i n c e i (c z) o j x (k u ad q) c e j x n o t d D x w n e E f e F G l l (H I J K ab) L M N r O P Q z i ad h h R (f (z k) q (c (c (S aa w m) (T w u U aa t p k) (q o ab z (d x (V d d z b b W h n (X q Y i) k (Z AA n AB ac e y e) x) (w e o b AC)) z p ab AD z) z) AE))
ab s s ad k c e j x n (l (aa h p e)) n j i n c e i (c z) o j x (k u ad q) c e j x n o t d D x w n e E f e F G l l (H I J K ab) L M N r O P Q z i ad h h R (f (z k) q (c (c (S aa w m) (T w u U aa t p k) (q o ab z (d x (V d d z b b W h n (X q Y i) k (Z AA n AB ac e y e) x) (w e o b AC)) z p ab AD z) z) AE))
aa z j n u v w ad k c e j x n (l (aa h p e)) n j i n c e i (c z) o j x (k u ad q) c e j x n o t d D x w n e E f e F G l l (H I J K ab) L M N r O P Q z i ad h h R (f (z k) q (c (c (S aa w m) (T w u U aa t p k) (q o ab z (d x (V d d z b b W h n (X q Y i) k (Z AA n AB ac e y e) x) (w e o b AC)) z p ab AD z) z) AE))
j (i e v e (w d) e) z j w ad k c e j x n (l (aa h p e)) n j i n c e i (c z) o j x (k u ad q) c e j x n o t d D x w n e E f e F G l l (H I J K ab) L M N r O P Q z i ad h h R (f (z k) q (c (c (S aa w m) (T w u U aa t p k) (q o ab z (d x (V d d z b b W h n (X q Y i) k (Z AA n AB ac e y e) x) (w e o b AC)) z p ab AD z) z) AE))
w ac z j x (k u ad q) c e j x n (l (aa h p e)) n j i n c e i (c z) o j x (k u ad q) c e j x n o t d D x w n e E f e F G l l (H I J K ab) L M N r O P Q z i ad h h R (f (z k) q (c (c (S aa w m) (T w u U aa t p k) (q o ab z (d x (V d d z b b W h n (X q Y i) k (Z AA n AB ac e y e) x) (w e o b AC)) z p ab AD z) z) AE))
ac z r o ac e i (c z) o j x (k u ad q) c e j x n (l (aa h p e)) n j i n c e i (c z) o j x (k u ad q) c e j x n o t d D x w n e E f e F G l l (H I J K ab) L M N r O P Q z i ad h h R (f (z k) q (c (c (S aa w m) (T w u U aa t p k) (q o ab z (d x (V d d z b b W h n (X q Y i) k (Z AA n AB ac e y e) x) (w e o b AC)) z p ab AD z) z) AE))
g (l ab f) e i (c z) o j x (k u ad q) c e j x n (l (aa h p e)) n j i n c e i (c z) o j x (k u ad q) c e j x n o t d D x w n e E f e F G l l (H I J K ab) L M N r O P Q z i ad h h R (f (z k) q (c (c (S aa w m) (T w u U aa t p k) (q o ab z (d x (V d d z b b W h n (X q Y i) k (Z AA n AB ac e y e) x) (w e o b AC)) z p ab AD z) z) AE))
s (l ab f) j j (l ab f) y (l ab f) c e i (c z) o j x (k u ad q) c e j x n (l (aa h p e)) n j i n c e i (c z) o j x (k u ad q) c e j x n o t d D x w n e E f e F G l l (H I J K ab) L M N r O P Q z i ad h h R (f (z k) q (c (c (S aa w m) (T w u U aa t p k) (q o ab z (d x (V d d z b b W h n (X q Y i) k (Z AA n AB ac e y e) x) (w e o b AC)) z p ab AD z) z) AE))
h (l ab f) w j y u n j i n c e i (c z) o j x (k u ad q) c e j x n (l (aa h p e)) n j i n c e i (c z) o j x (k u ad q) c e j x n o t d D x w n e E f e F G l l (H I J K ab) L M N r O P Q z i ad h h R (f (z k) q (c (c (S aa w m) (T w u U aa t p k) (q o ab z (d x (V d d z b b W h n (X q Y i) k (Z AA n AB ac e y e) x) (w e o b AC)) z p ab AD z) z) AE))
u (p m) w o aa n j i n c e i (c z) o j x (k u ad q) c e j x n (l (aa h p e)) n j i n c e i (c z) o j x (k u ad q) c e j x n o t d D x w n e E f e F G l l (H I J K ab) L M N r O P Q z i ad h h R (f (z k) q (c (c (S aa w m) (T w u U aa t p k) (q o ab z (d x (V d d z b b W h n (X q Y i) k (Z AA n AB ac e y e) x) (w e o b AC)) z p ab AD z) z) AE))
p ab l g n (l (aa h p e)) n j i n c e i (c z) o j x (k u ad q) c e j x n (l (aa h p e)) n j i n c e i (c z) o j x (k u ad q) c e j x n o t d D x w n e E f e F G l l (H I J K ab) L M N r O P Q z i ad h h R (f (z k) q (c (c (S aa w m) (T w u U aa t p k) (q o ab z (d x (V d d z b b W h n (X q Y i) k (Z AA n AB ac e y e) x) (w e o b AC)) z p ab AD z) z) AE))
n j x n (l (aa h p e)) n j i n c e i (c z) o j x (k u ad q) c e j x n (l (aa h p e)) n j i n c e i (c z) o j x (k u ad q) c e j x n o t d D x w n e E f e F G l l (H I J K ab) L M N r O P Q z i ad h h R (f (z k) q (c (c (S aa w m) (T w u U aa t p k) (q o ab z (d x (V d d z b b W h n (X q Y i) k (Z AA n AB ac e y e) x) (w e o b AC)) z p ab AD z) z) AE))
e k c e j x n (l (aa h p e)) n j i n c e i (c z) o j x (k u ad q) c e j x n (l (aa h p e)) n j i n c e i (c z) o j x (k u ad q) c e j x n o t d D x w n e E f e F G l l (H I J K ab) L M N r O P Q z i ad h h R (f (z k) q (c (c (S aa w m) (T w u U aa t p k) (q o ab z (d x (V d d z b b W h n (X q Y i) k (Z AA n AB ac e y e) x) (w e o b AC)) z p ab AD z) z) AE))
ab s s ad k c e j x n (l (aa h p e)) n j i n c e i (c z) o j x (k u ad q) c e j x n (l (aa h p e)) n j i n c e i (c z) o j x (k u ad q) c e j x n o t d D x w n e E f e F G l l (H I J K ab) L M N r O P Q z i ad h h R (f (z k) q (c (c (S aa w m) (T w u U aa t p k) (q o ab z (d x (V d d z b b W h n (X q Y i) k (Z AA n AB ac e y e) x) (w e o b AC)) z p ab AD z) z) AE))
aa z j n u v w ad k c e j x n (l (aa h p e)) n j i n c e i (c z) o j x (k u ad q) c e j x n (l (aa h p e)) n j i n c e i (c z) o j x (k u ad q) c e j x n o t d D x w n e E f e F G l l (H I J K ab) L M N r O P Q z i ad h h R (f (z k) q (c (c (S aa w m) (T w u U aa t p k) (q o ab z (d x (V d d z b b W h n (X q Y i) k (Z AA n AB ac e y e) x) (w e o b AC)) z p ab AD z) z) AE))


