a j
b ae af ag a m d
c q
d ah ag ai af ae w (o w)
e ae z
f af ae ag b w o
g af ae b n
h af ag ah ae aa z (d (ad ae u g) j)
i c
j ae t r (w ae (p m ae c r))
k n y t n
l h w (u d t) (u (u w ac) x)
m ae aa q ad n (v ac ae) d
n ae v x
o ae af z
p ae af af j x aa y aa
q ae a d r k g
r ae af ag aj ah ai i i (ac s (ai a f y) d)
s ag af aj ah ai ae x q d ac
t ae u r (q j h ae) ad
u ad q n d c y f
v h ad w w
w af ae ae ac r ab
x ae l v h n
y ag ae af i g z (l ac aa n (n p) ag)
z ah af ae ag ai h t h v h p aa f ac e
aa ah ag af ae ai n w x
ab af ae ag k j h (ae af af ac q) i v
ac ah ae ag af ai f m t (h l d i)
ad ai ah ag af ae o k w ac k g d
main m A B i C (D ac) z aa e a (E F (r ab z (j (m v t g h c x s g (G (H r v I k) k z) k j g)) (J z (c m K L d) M m w (t e d i) (u n) x (l (N h b r (O z b ad) q aa f (P (ad w Q i) (z m j c ac R p)) h g l i S T y ad s c ac ab c n q x) l i o) f t) U))
------------------------------------------------------------
m A B i C (D ac) z aa e a (E F (r ab z (j (m v t g h c x s g (G (H r v I k) k z) k j g)) (J z (c m K L d) M m w (t e d i) (u n) x (l (N h b r (O z b ad) q aa f (P (ad w Q i) (z m j c ac R p)) h g l i S T y ad s c ac ab c n q x) l i o) f t) U))
aa q ad n (v ac A) d B i C (D ac) z aa e a (E F (r ab z (j (m v t g h c x s g (G (H r v I k) k z) k j g)) (J z (c m K L d) M m w (t e d i) (u n) x (l (N h b r (O z b ad) q aa f (P (ad w Q i) (z m j c ac R p)) h g l i S T y ad s c ac ab c n q x) l i o) f t) U))
n w x B i C (D ac) z aa e a (E F (r ab z (j (m v t g h c x s g (G (H r v I k) k z) k j g)) (J z (c m K L d) M m w (t e d i) (u n) x (l (N h b r (O z b ad) q aa f (P (ad w Q i) (z m j c ac R p)) h g l i S T y ad s c ac ab c n q x) l i o) f t) U))
v x x B i C (D ac) z aa e a (E F (r ab z (j (m v t g h c x s g (G (H r v I k) k z) k j g)) (J z (c m K L d) M m w (t e d i) (u n) x (l (N h b r (O z b ad) q aa f (P (ad w Q i) (z m j c ac R p)) h g l i S T y ad s c ac ab c n q x) l i o) f t) U))
h ad w w x x B i C (D ac) z aa e a (E F (r ab z (j (m v t g h c x s g (G (H r v I k) k z) k j g)) (J z (c m K L d) M m w (t e d i) (u n) x (l (N h b r (O z b ad) q aa f (P (ad w Q i) (z m j c ac R p)) h g l i S T y ad s c ac ab c n q x) l i o) f t) U))
aa z (d (ad x u g) j) x B i C (D ac) z aa e a (E F (r ab z (j (m v t g h c x s g (G (H r v I k) k z) k j g)) (J z (c m K L d) M m w (t e d i) (u n) x (l (N h b r (O z b ad) q aa f (P (ad w Q i) (z m j c ac R p)) h g l i S T y ad s c ac ab c n q x) l i o) f t) U))
n w x C (D ac) z aa e a (E F (r ab z (j (m v t g h c x s g (G (H r v I k) k z) k j g)) (J z (c m K L d) M m w (t e d i) (u n) x (l (N h b r (O z b ad) q aa f (P (ad w Q i) (z m j c ac R p)) h g l i S T y ad s c ac ab c n q x) l i o) f t) U))
v x x C (D ac) z aa e a (E F (r ab z (j (m v t g h c x s g (G (H r v I k) k z) k j g)) (J z (c m K L d) M m w (t e d i) (u n) x (l (N h b r (O z b ad) q aa f (P (ad w Q i) (z m j c ac R p)) h g l i S T y ad s c ac ab c n q x) l i o) f t) U))
h ad w w x x C (D ac) z aa e a (E F (r ab z (j (m v t g h c x s g (G (H r v I k) k z) k j g)) (J z (c m K L d) M m w (t e d i) (u n) x (l (N h b r (O z b ad) q aa f (P (ad w Q i) (z m j c ac R p)) h g l i S T y ad s c ac ab c n q x) l i o) f t) U))
aa z (d (ad x u g) j) x C (D ac) z aa e a (E F (r ab z (j (m v t g h c x s g (G (H r v I k) k z) k j g)) (J z (c m K L d) M m w (t e d i) (u n) x (l (N h b r (O z b ad) q aa f (P (ad w Q i) (z m j c ac R p)) h g l i S T y ad s c ac ab c n q x) l i o) f t) U))
n w x z aa e a (E F (r ab z (j (m v t g h c x s g (G (H r v I k) k z) k j g)) (J z (c m K L d) M m w (t e d i) (u n) x (l (N h b r (O z b ad) q aa f (P (ad w Q i) (z m j c ac R p)) h g l i S T y ad s c ac ab c n q x) l i o) f t) U))
v x x z aa e a (E F (r ab z (j (m v t g h c x s g (G (H r v I k) k z) k j g)) (J z (c m K L d) M m w (t e d i) (u n) x (l (N h b r (O z b ad) q aa f (P (ad w Q i) (z m j c ac R p)) h g l i S T y ad s c ac ab c n q x) l i o) f t) U))
h ad w w x x z aa e a (E F (r ab z (j (m v t g h c x s g (G (H r v I k) k z) k j g)) (J z (c m K L d) M m w (t e d i) (u n) x (l (N h b r (O z b ad) q aa f (P (ad w Q i) (z m j c ac R p)) h g l i S T y ad s c ac ab c n q x) l i o) f t) U))
aa z (d (ad x u g) j) x z aa e a (E F (r ab z (j (m v t g h c x s g (G (H r v I k) k z) k j g)) (J z (c m K L d) M m w (t e d i) (u n) x (l (N h b r (O z b ad) q aa f (P (ad w Q i) (z m j c ac R p)) h g l i S T y ad s c ac ab c n q x) l i o) f t) U))
n w x e a (E F (r ab z (j (m v t g h c x s g (G (H r v I k) k z) k j g)) (J z (c m K L d) M m w (t e d i) (u n) x (l (N h b r (O z b ad) q aa f (P (ad w Q i) (z m j c ac R p)) h g l i S T y ad s c ac ab c n q x) l i o) f t) U))
v x x e a (E F (r ab z (j (m v t g h c x s g (G (H r v I k) k z) k j g)) (J z (c m K L d) M m w (t e d i) (u n) x (l (N h b r (O z b ad) q aa f (P (ad w Q i) (z m j c ac R p)) h g l i S T y ad s c ac ab c n q x) l i o) f t) U))
h ad w w x x e a (E F (r ab z (j (m v t g h c x s g (G (H r v I k) k z) k j g)) (J z (c m K L d) M m w (t e d i) (u n) x (l (N h b r (O z b ad) q aa f (P (ad w Q i) (z m j c ac R p)) h g l i S T y ad s c ac ab c n q x) l i o) f t) U))
aa z (d (ad x u g) j) x e a (E F (r ab z (j (m v t g h c x s g (G (H r v I k) k z) k j g)) (J z (c m K L d) M m w (t e d i) (u n) x (l (N h b r (O z b ad) q aa f (P (ad w Q i) (z m j c ac R p)) h g l i S T y ad s c ac ab c n q x) l i o) f t) U))
n w x (E F (r ab z (j (m v t g h c x s g (G (H r v I k) k z) k j g)) (J z (c m K L d) M m w (t e d i) (u n) x (l (N h b r (O z b ad) q aa f (P (ad w Q i) (z m j c ac R p)) h g l i S T y ad s c ac ab c n q x) l i o) f t) U))
v x x (E F (r ab z (j (m v t g h c x s g (G (H r v I k) k z) k j g)) (J z (c m K L d) M m w (t e d i) (u n) x (l (N h b r (O z b ad) q aa f (P (ad w Q i) (z m j c ac R p)) h g l i S T y ad s c ac ab c n q x) l i o) f t) U))
h ad w w x x (E F (r ab z (j (m v t g h c x s g (G (H r v I k) k z) k j g)) (J z (c m K L d) M m w (t e d i) (u n) x (l (N h b r (O z b ad) q aa f (P (ad w Q i) (z m j c ac R p)) h g l i S T y ad s c ac ab c n q x) l i o) f t) U))
aa z (d (ad x u g) j) x (E F (r ab z (j (m v t g h c x s g (G (H r v I k) k z) k j g)) (J z (c m K L d) M m w (t e d i) (u n) x (l (N h b r (O z b ad) q aa f (P (ad w Q i) (z m j c ac R p)) h g l i S T y ad s c ac ab c n q x) l i o) f t) U))
aa z (d (ad x u g) j) x (E F (r ab z (t r (w (m v t g h c x s g (G (H r v I k) k z) k j g) (p m (m v t g h c x s g (G (H r v I k) k z) k j g) c r))) (J z (c m K L d) M m w (t e d i) (u n) x (l (N h b r (O z b ad) q aa f (P (ad w Q i) (z m j c ac R p)) h g l i S T y ad s c ac ab c n q x) l i o) f t) U))
aa z (d (ad x u g) j) x (E F (r ab z (u r (q j h r) ad (w (m v t g h c x s g (G (H r v I k) k z) k j g) (p m (m v t g h c x s g (G (H r v I k) k z) k j g) c r))) (J z (c m K L d) M m w (t e d i) (u n) x (l (N h b r (O z b ad) q aa f (P (ad w Q i) (z m j c ac R p)) h g l i S T y ad s c ac ab c n q x) l i o) f t) U))
aa z (d (ad x u g) j) x (E F (r ab z (ad q n d c y f r (q j h r) ad (w (m v t g h c x s g (G (H r v I k) k z) k j g) (p m (m v t g h c x s g (G (H r v I k) k z) k j g) c r))) (J z (c m K L d) M m w (t e d i) (u n) x (l (N h b r (O z b ad) q aa f (P (ad w Q i) (z m j c ac R p)) h g l i S T y ad s c ac ab c n q x) l i o) f t) U))
aa z (d (ad x u g) j) x (E F (r ab z (o k w ac k g d f r (q j h r) ad (w (m v t g h c x s g (G (H r v I k) k z) k j g) (p m (m v t g h c x s g (G (H r v I k) k z) k j g) c r))) (J z (c m K L d) M m w (t e d i) (u n) x (l (N h b r (O z b ad) q aa f (P (ad w Q i) (z m j c ac R p)) h g l i S T y ad s c ac ab c n q x) l i o) f t) U))
aa z (d (ad x u g) j) x (E F (r ab z (z ac k g d f r (q j h r) ad (w (m v t g h c x s g (G (H r v I k) k z) k j g) (p m (m v t g h c x s g (G (H r v I k) k z) k j g) c r))) (J z (c m K L d) M m w (t e d i) (u n) x (l (N h b r (O z b ad) q aa f (P (ad w Q i) (z m j c ac R p)) h g l i S T y ad s c ac ab c n q x) l i o) f t) U))
aa z (d (ad x u g) j) x (E F (r ab z (h t h v h p aa f ac e r (q j h r) ad (w (m v t g h c x s g (G (H r v I k) k z) k j g) (p m (m v t g h c x s g (G (H r v I k) k z) k j g) c r))) (J z (c m K L d) M m w (t e d i) (u n) x (l (N h b r (O z b ad) q aa f (P (ad w Q i) (z m j c ac R p)) h g l i S T y ad s c ac ab c n q x) l i o) f t) U))
aa z (d (ad x u g) j) x (E F (r ab z (aa z (d (ad h u g) j) p aa f ac e r (q j h r) ad (w (m v t g h c x s g (G (H r v I k) k z) k j g) (p m (m v t g h c x s g (G (H r v I k) k z) k j g) c r))) (J z (c m K L d) M m w (t e d i) (u n) x (l (N h b r (O z b ad) q aa f (P (ad w Q i) (z m j c ac R p)) h g l i S T y ad s c ac ab c n q x) l i o) f t) U))
aa z (d (ad x u g) j) x (E F (r ab z (n w x ac e r (q j h r) ad (w (m v t g h c x s g (G (H r v I k) k z) k j g) (p m (m v t g h c x s g (G (H r v I k) k z) k j g) c r))) (J z (c m K L d) M m w (t e d i) (u n) x (l (N h b r (O z b ad) q aa f (P (ad w Q i) (z m j c ac R p)) h g l i S T y ad s c ac ab c n q x) l i o) f t) U))


