a af ae ag aj ai ah = f aj y x i
b ag af ah ae = j
c ae = k ad g s l d (m ae o) t
d af ae = q (ac q ac ae)
e = q t p u g m (y f u)
f ag af ah ae ai = ab p
g ae af = m u j v i m aa af
h af ag ah ae ai = k g f ah
i aj af ah ae ai ag = s
j ae = m
k ag aj ah af ae ai = d j h s z
l ah ag ae af = x s (g z ag) p
m af ae ai ah ag = ad k o ad
n af ag ae = p (q (d f r t))
o ae ah ag af = x k i (f r e i) (n h)
p ae = y h e q x ae
q ae af = a
r ae = ae f
s af ae = z y
t af ae = af
u ag ae ah af = x (s a i v m ag r s)
v = y d
w ai ag ae af ah = m q v l
x ae ag ah af = y g f af o (ag u ab ah)
y ah ag ae af = ag g (q z z ae ac)
z ag af ae ah = j (ad e ah) w e c h d g
aa ag ah ae ai af = ab v l s d (m n z v q)
ab ae = ae
ac aj ah af ag ae ai = m
ad ag ae aj ai af ah = h
main = i h A v B z (C ad m (D y j)) E F (G o H (w m (I o J k) ab u) y K ac r L) i M z v N h (O P (p o t (i ab aa n (r s p Q) v i t)) g ac R m ab g (h aa (S T r (U j) aa ab w (V (W n p X (f (Y o aa l Z a e AA) q (AB AC b v o d c p p l aa) c) e j ab b x)))))
------------------------------------------------------------
i h A v B z (C ad m (D y j)) E F (G o H (w m (I o J k) ab u) y K ac r L) i M z v N h (O P (p o t (i ab aa n (r s p Q) v i t)) g ac R m ab g (h aa (S T r (U j) aa ab w (V (W n p X (f (Y o aa l Z a e AA) q (AB AC b v o d c p p l aa) c) e j ab b x)))))
s E F (G o H (w m (I o J k) ab u) y K ac r L) i M z v N h (O P (p o t (i ab aa n (r s p Q) v i t)) g ac R m ab g (h aa (S T r (U j) aa ab w (V (W n p X (f (Y o aa l Z a e AA) q (AB AC b v o d c p p l aa) c) e j ab b x)))))
z y (G o H (w m (I o J k) ab u) y K ac r L) i M z v N h (O P (p o t (i ab aa n (r s p Q) v i t)) g ac R m ab g (h aa (S T r (U j) aa ab w (V (W n p X (f (Y o aa l Z a e AA) q (AB AC b v o d c p p l aa) c) e j ab b x)))))
j (ad e M) w e c h d g z v N h (O P (p o t (i ab aa n (r s p Q) v i t)) g ac R m ab g (h aa (S T r (U j) aa ab w (V (W n p X (f (Y o aa l Z a e AA) q (AB AC b v o d c p p l aa) c) e j ab b x)))))
m w e c h d g z v N h (O P (p o t (i ab aa n (r s p Q) v i t)) g ac R m ab g (h aa (S T r (U j) aa ab w (V (W n p X (f (Y o aa l Z a e AA) q (AB AC b v o d c p p l aa) c) e j ab b x)))))
ad k o ad g z v N h (O P (p o t (i ab aa n (r s p Q) v i t)) g ac R m ab g (h aa (S T r (U j) aa ab w (V (W n p X (f (Y o aa l Z a e AA) q (AB AC b v o d c p p l aa) c) e j ab b x)))))
h N h (O P (p o t (i ab aa n (r s p Q) v i t)) g ac R m ab g (h aa (S T r (U j) aa ab w (V (W n p X (f (Y o aa l Z a e AA) q (AB AC b v o d c p p l aa) c) e j ab b x)))))
h N h (O P (y h e q x o t (i ab aa n (r s p Q) v i t)) g ac R m ab g (h aa (S T r (U j) aa ab w (V (W n p X (f (Y o aa l Z a e AA) q (AB AC b v o d c p p l aa) c) e j ab b x)))))
h N h (O P (e g (q z z q ac) o t (i ab aa n (r s p Q) v i t)) g ac R m ab g (h aa (S T r (U j) aa ab w (V (W n p X (f (Y o aa l Z a e AA) q (AB AC b v o d c p p l aa) c) e j ab b x)))))
h N h (O P (q t p u g m (y f u) g (q z z q ac) o t (i ab aa n (r s p Q) v i t)) g ac R m ab g (h aa (S T r (U j) aa ab w (V (W n p X (f (Y o aa l Z a e AA) q (AB AC b v o d c p p l aa) c) e j ab b x)))))
h N h (O P (a u g m (y f u) g (q z z q ac) o t (i ab aa n (r s p Q) v i t)) g ac R m ab g (h aa (S T r (U j) aa ab w (V (W n p X (f (Y o aa l Z a e AA) q (AB AC b v o d c p p l aa) c) e j ab b x)))))
h N h (O P (f (y f u) y x i o t (i ab aa n (r s p Q) v i t)) g ac R m ab g (h aa (S T r (U j) aa ab w (V (W n p X (f (Y o aa l Z a e AA) q (AB AC b v o d c p p l aa) c) e j ab b x)))))
h N h (O P (ab p t (i ab aa n (r s p Q) v i t)) g ac R m ab g (h aa (S T r (U j) aa ab w (V (W n p X (f (Y o aa l Z a e AA) q (AB AC b v o d c p p l aa) c) e j ab b x)))))
h N h (O P (p t (i ab aa n (r s p Q) v i t)) g ac R m ab g (h aa (S T r (U j) aa ab w (V (W n p X (f (Y o aa l Z a e AA) q (AB AC b v o d c p p l aa) c) e j ab b x)))))
h N h (O P (y h e q x t (i ab aa n (r s p Q) v i t)) g ac R m ab g (h aa (S T r (U j) aa ab w (V (W n p X (f (Y o aa l Z a e AA) q (AB AC b v o d c p p l aa) c) e j ab b x)))))
h N h (O P (e g (q z z q ac) t (i ab aa n (r s p Q) v i t)) g ac R m ab g (h aa (S T r (U j) aa ab w (V (W n p X (f (Y o aa l Z a e AA) q (AB AC b v o d c p p l aa) c) e j ab b x)))))
h N h (O P (q t p u g m (y f u) g (q z z q ac) t (i ab aa n (r s p Q) v i t)) g ac R m ab g (h aa (S T r (U j) aa ab w (V (W n p X (f (Y o aa l Z a e AA) q (AB AC b v o d c p p l aa) c) e j ab b x)))))
h N h (O P (a u g m (y f u) g (q z z q ac) t (i ab aa n (r s p Q) v i t)) g ac R m ab g (h aa (S T r (U j) aa ab w (V (W n p X (f (Y o aa l Z a e AA) q (AB AC b v o d c p p l aa) c) e j ab b x)))))
h N h (O P (f (y f u) y x i t (i ab aa n (r s p Q) v i t)) g ac R m ab g (h aa (S T r (U j) aa ab w (V (W n p X (f (Y o aa l Z a e AA) q (AB AC b v o d c p p l aa) c) e j ab b x)))))
h N h (O P (ab p (i ab aa n (r s p Q) v i t)) g ac R m ab g (h aa (S T r (U j) aa ab w (V (W n p X (f (Y o aa l Z a e AA) q (AB AC b v o d c p p l aa) c) e j ab b x)))))
h N h (O P (p (i ab aa n (r s p Q) v i t)) g ac R m ab g (h aa (S T r (U j) aa ab w (V (W n p X (f (Y o aa l Z a e AA) q (AB AC b v o d c p p l aa) c) e j ab b x)))))
h N h (O P (y h e q x (i ab aa n (r s p Q) v i t)) g ac R m ab g (h aa (S T r (U j) aa ab w (V (W n p X (f (Y o aa l Z a e AA) q (AB AC b v o d c p p l aa) c) e j ab b x)))))
h N h (O P (e g (q z z q ac) (i ab aa n (r s p Q) v i t)) g ac R m ab g (h aa (S T r (U j) aa ab w (V (W n p X (f (Y o aa l Z a e AA) q (AB AC b v o d c p p l aa) c) e j ab b x)))))
h N h (O P (q t p u g m (y f u) g (q z z q ac) (i ab aa n (r s p Q) v i t)) g ac R m ab g (h aa (S T r (U j) aa ab w (V (W n p X (f (Y o aa l Z a e AA) q (AB AC b v o d c p p l aa) c) e j ab b x)))))
h N h (O P (a u g m (y f u) g (q z z q ac) (i ab aa n (r s p Q) v i t)) g ac R m ab g (h aa (S T r (U j) aa ab w (V (W n p X (f (Y o aa l Z a e AA) q (AB AC b v o d c p p l aa) c) e j ab b x)))))
h N h (O P (f (y f u) y x i (i ab aa n (r s p Q) v i t)) g ac R m ab g (h aa (S T r (U j) aa ab w (V (W n p X (f (Y o aa l Z a e AA) q (AB AC b v o d c p p l aa) c) e j ab b x)))))
h N h (O P (ab p) g ac R m ab g (h aa (S T r (U j) aa ab w (V (W n p X (f (Y o aa l Z a e AA) q (AB AC b v o d c p p l aa) c) e j ab b x)))))
h N h (O P p g ac R m ab g (h aa (S T r (U j) aa ab w (V (W n p X (f (Y o aa l Z a e AA) q (AB AC b v o d c p p l aa) c) e j ab b x)))))


