a aj ah af ag ai ae = ai
b af ae ai ah aj ag = aa ae m (c p) c e s ah
c ae = aa v ae l q t e
d ag aj ah ai af ae = ac ah q u m k af f ab
e ah ae ag af ai aj = s w c aj (v m w)
f af ae ag ah = ag (ad t ac k) c (ac c) b aa
g ae = u
h ae = ae x t w u m (o w) p y
i = n t s (y g l a t g w)
j ag af ae = ac (v ad (q o) n) ae
k = l m ab
l ae af ah ag aj ai = e (g aa (w v g) ab) i o
m ae af ah ag = t c d u l (j ab)
n ae ag af = e
o aj ag ae af ah ai = ae (n q ab x) ah aj i
p = g q (e z b m t)
q ae af = r ae j ac
r af ae = ab z p t q p w
s ag ai ah af ae = e k (g v) x ac i z
t ae af = g
u ah ae ai af ag = z
v ai ag aj ae af ah = z ad u d
w ai ae ah af aj ag = a f aa k g (t ac)
x ah ae ag af = af y c o ae y ah g u s
y ae af ag ah = ah s k
z af ah ae ag ai = af n ad i j c ag
aa = g v r
ab ai ah af ae ag = p af ae (q d) b m
ac af ae = ae
ad ae af = h (ac (f g) p u g t)
main = o u p w z l d n A n B (x (aa u h e y aa)) p C ad v o t D (E u F w (G (H I q u) r p l w (x u h) ab c (J K aa L aa) (j l ab)) l) M g N k (h ab t w r) O x P s Q (R S f) p T r U V aa j p l W ad X Y o v b Z n AA b x m ab AB h (t m h u s r)
------------------------------------------------------------
o u p w z l d n A n B (x (aa u h e y aa)) p C ad v o t D (E u F w (G (H I q u) r p l w (x u h) ab c (J K aa L aa) (j l ab)) l) M g N k (h ab t w r) O x P s Q (R S f) p T r U V aa j p l W ad X Y o v b Z n AA b x m ab AB h (t m h u s r)
w (n q ab x) l u i n A n B (x (aa u h e y aa)) p C ad v o t D (E u F w (G (H I q u) r p l w (x u h) ab c (J K aa L aa) (j l ab)) l) M g N k (h ab t w r) O x P s Q (R S f) p T r U V aa j p l W ad X Y o v b Z n AA b x m ab AB h (t m h u s r)
a f aa k g (t ac) n B (x (aa u h e y aa)) p C ad v o t D (E u F w (G (H I q u) r p l w (x u h) ab c (J K aa L aa) (j l ab)) l) M g N k (h ab t w r) O x P s Q (R S f) p T r U V aa j p l W ad X Y o v b Z n AA b x m ab AB h (t m h u s r)
t ac B (x (aa u h e y aa)) p C ad v o t D (E u F w (G (H I q u) r p l w (x u h) ab c (J K aa L aa) (j l ab)) l) M g N k (h ab t w r) O x P s Q (R S f) p T r U V aa j p l W ad X Y o v b Z n AA b x m ab AB h (t m h u s r)
g (x (aa u h e y aa)) p C ad v o t D (E u F w (G (H I q u) r p l w (x u h) ab c (J K aa L aa) (j l ab)) l) M g N k (h ab t w r) O x P s Q (R S f) p T r U V aa j p l W ad X Y o v b Z n AA b x m ab AB h (t m h u s r)
u p C ad v o t D (E u F w (G (H I q u) r p l w (x u h) ab c (J K aa L aa) (j l ab)) l) M g N k (h ab t w r) O x P s Q (R S f) p T r U V aa j p l W ad X Y o v b Z n AA b x m ab AB h (t m h u s r)
z t D (E u F w (G (H I q u) r p l w (x u h) ab c (J K aa L aa) (j l ab)) l) M g N k (h ab t w r) O x P s Q (R S f) p T r U V aa j p l W ad X Y o v b Z n AA b x m ab AB h (t m h u s r)
t n ad i j c M N k (h ab t w r) O x P s Q (R S f) p T r U V aa j p l W ad X Y o v b Z n AA b x m ab AB h (t m h u s r)
g i j c M N k (h ab t w r) O x P s Q (R S f) p T r U V aa j p l W ad X Y o v b Z n AA b x m ab AB h (t m h u s r)
u j c M N k (h ab t w r) O x P s Q (R S f) p T r U V aa j p l W ad X Y o v b Z n AA b x m ab AB h (t m h u s r)
z (h ab t w r) O x P s Q (R S f) p T r U V aa j p l W ad X Y o v b Z n AA b x m ab AB h (t m h u s r)
h ab t w r n ad i j c P Q (R S f) p T r U V aa j p l W ad X Y o v b Z n AA b x m ab AB h (t m h u s r)
ab x t w u m (o w) p y t w r n ad i j c P Q (R S f) p T r U V aa j p l W ad X Y o v b Z n AA b x m ab AB h (t m h u s r)
p w u (q d) b m (o w) p y t w r n ad i j c P Q (R S f) p T r U V aa j p l W ad X Y o v b Z n AA b x m ab AB h (t m h u s r)
g q (e z b m t) w u (q d) b m (o w) p y t w r n ad i j c P Q (R S f) p T r U V aa j p l W ad X Y o v b Z n AA b x m ab AB h (t m h u s r)
u (e z b m t) w u (q d) b m (o w) p y t w r n ad i j c P Q (R S f) p T r U V aa j p l W ad X Y o v b Z n AA b x m ab AB h (t m h u s r)
z m (o w) p y t w r n ad i j c P Q (R S f) p T r U V aa j p l W ad X Y o v b Z n AA b x m ab AB h (t m h u s r)
m n ad i j c y w r n ad i j c P Q (R S f) p T r U V aa j p l W ad X Y o v b Z n AA b x m ab AB h (t m h u s r)
t c d u l (j ab) c y w r n ad i j c P Q (R S f) p T r U V aa j p l W ad X Y o v b Z n AA b x m ab AB h (t m h u s r)
g u l (j ab) c y w r n ad i j c P Q (R S f) p T r U V aa j p l W ad X Y o v b Z n AA b x m ab AB h (t m h u s r)
u l (j ab) c y w r n ad i j c P Q (R S f) p T r U V aa j p l W ad X Y o v b Z n AA b x m ab AB h (t m h u s r)
z r n ad i j c P Q (R S f) p T r U V aa j p l W ad X Y o v b Z n AA b x m ab AB h (t m h u s r)
r n ad i j c i c P Q (R S f) p T r U V aa j p l W ad X Y o v b Z n AA b x m ab AB h (t m h u s r)
ab z p t q p w i j c i c P Q (R S f) p T r U V aa j p l W ad X Y o v b Z n AA b x m ab AB h (t m h u s r)
p t q (q d) b m w i j c i c P Q (R S f) p T r U V aa j p l W ad X Y o v b Z n AA b x m ab AB h (t m h u s r)
g q (e z b m t) t q (q d) b m w i j c i c P Q (R S f) p T r U V aa j p l W ad X Y o v b Z n AA b x m ab AB h (t m h u s r)
u (e z b m t) t q (q d) b m w i j c i c P Q (R S f) p T r U V aa j p l W ad X Y o v b Z n AA b x m ab AB h (t m h u s r)
z m w i j c i c P Q (R S f) p T r U V aa j p l W ad X Y o v b Z n AA b x m ab AB h (t m h u s r)
m n ad i j c j i c P Q (R S f) p T r U V aa j p l W ad X Y o v b Z n AA b x m ab AB h (t m h u s r)
t c d u l (j ab) c j i c P Q (R S f) p T r U V aa j p l W ad X Y o v b Z n AA b x m ab AB h (t m h u s r)


