a ae ag af ah = aa
b ae = ae
c ae ag af ah = i
d ae af = p
e af ae = q ad aa i
f ae aj af ah ai ag = a p z a r j m ad s k
g af ae ag = z (f (d f ae))
h = v a r
i ag af ah ae = k h ah g k e q t y
j ae ag af ah = g ac l (f d) z f ae
k ae af = h h v (d c m)
l af ae = c c (b af) i c x
m af ae = aa p (q z af)
n = c h c h ab i y
o = i aa c u
p ae af = aa af q e ae m ae ac ae
q af ae = v v af af (ab ad) h
r ah af ae ag = af (ad i x (g y q b) j) ac
s ae = ad
t ag ae ai ah af = l n (z ab)
u af ae = c p (t r s t)
v af ae = ac u a w y
w ah ae af ag ai = b k (y x) i (x v) (h t)
x ae af ah ag = k i q v e ac
y ae af = z s (u ab z b) q j u af
z ag ai ah ae af = x b x m ab ah ac l p ag
aa af ae = ac q e q
ab ah af ae ag = k
ac af ae = ae s w y r v l p l a
ad ag af ah ae = aa (x aa)
main = l k i a (t n) A c v B o (n d) (C s r t p (D p) ab E ac F G aa i) p H (a s I (J (m ab) q (K p w v e c L x d c) d (c (u t k (q M l u) l l m m (N O ac (P i j a) t (o j) Q m R) (S aa) q m w) (T (v U V q) a u y k) W k (X s s x ab (Y i) m Z g v ab))))
------------------------------------------------------------
l k i a (t n) A c v B o (n d) (C s r t p (D p) ab E ac F G aa i) p H (a s I (J (m ab) q (K p w v e c L x d c) d (c (u t k (q M l u) l l m m (N O ac (P i j a) t (o j) Q m R) (S aa) q m w) (T (v U V q) a u y k) W k (X s s x ab (Y i) m Z g v ab))))
c c (b k) i c x a (t n) A c v B o (n d) (C s r t p (D p) ab E ac F G aa i) p H (a s I (J (m ab) q (K p w v e c L x d c) d (c (u t k (q M l u) l l m m (N O ac (P i j a) t (o j) Q m R) (S aa) q m w) (T (v U V q) a u y k) W k (X s s x ab (Y i) m Z g v ab))))
i x a (t n) A c v B o (n d) (C s r t p (D p) ab E ac F G aa i) p H (a s I (J (m ab) q (K p w v e c L x d c) d (c (u t k (q M l u) l l m m (N O ac (P i j a) t (o j) Q m R) (S aa) q m w) (T (v U V q) a u y k) W k (X s s x ab (Y i) m Z g v ab))))
k h (t n) g k e q t y c v B o (n d) (C s r t p (D p) ab E ac F G aa i) p H (a s I (J (m ab) q (K p w v e c L x d c) d (c (u t k (q M l u) l l m m (N O ac (P i j a) t (o j) Q m R) (S aa) q m w) (T (v U V q) a u y k) W k (X s s x ab (Y i) m Z g v ab))))
h h v (d c m) g k e q t y c v B o (n d) (C s r t p (D p) ab E ac F G aa i) p H (a s I (J (m ab) q (K p w v e c L x d c) d (c (u t k (q M l u) l l m m (N O ac (P i j a) t (o j) Q m R) (S aa) q m w) (T (v U V q) a u y k) W k (X s s x ab (Y i) m Z g v ab))))
v a r h v (d c m) g k e q t y c v B o (n d) (C s r t p (D p) ab E ac F G aa i) p H (a s I (J (m ab) q (K p w v e c L x d c) d (c (u t k (q M l u) l l m m (N O ac (P i j a) t (o j) Q m R) (S aa) q m w) (T (v U V q) a u y k) W k (X s s x ab (Y i) m Z g v ab))))
ac u a w y h v (d c m) g k e q t y c v B o (n d) (C s r t p (D p) ab E ac F G aa i) p H (a s I (J (m ab) q (K p w v e c L x d c) d (c (u t k (q M l u) l l m m (N O ac (P i j a) t (o j) Q m R) (S aa) q m w) (T (v U V q) a u y k) W k (X s s x ab (Y i) m Z g v ab))))
a s w y r v l p l a w y h v (d c m) g k e q t y c v B o (n d) (C s r t p (D p) ab E ac F G aa i) p H (a s I (J (m ab) q (K p w v e c L x d c) d (c (u t k (q M l u) l l m m (N O ac (P i j a) t (o j) Q m R) (S aa) q m w) (T (v U V q) a u y k) W k (X s s x ab (Y i) m Z g v ab))))
aa v l p l a w y h v (d c m) g k e q t y c v B o (n d) (C s r t p (D p) ab E ac F G aa i) p H (a s I (J (m ab) q (K p w v e c L x d c) d (c (u t k (q M l u) l l m m (N O ac (P i j a) t (o j) Q m R) (S aa) q m w) (T (v U V q) a u y k) W k (X s s x ab (Y i) m Z g v ab))))
ac q e q p l a w y h v (d c m) g k e q t y c v B o (n d) (C s r t p (D p) ab E ac F G aa i) p H (a s I (J (m ab) q (K p w v e c L x d c) d (c (u t k (q M l u) l l m m (N O ac (P i j a) t (o j) Q m R) (S aa) q m w) (T (v U V q) a u y k) W k (X s s x ab (Y i) m Z g v ab))))
e s w y r v l p l a q p l a w y h v (d c m) g k e q t y c v B o (n d) (C s r t p (D p) ab E ac F G aa i) p H (a s I (J (m ab) q (K p w v e c L x d c) d (c (u t k (q M l u) l l m m (N O ac (P i j a) t (o j) Q m R) (S aa) q m w) (T (v U V q) a u y k) W k (X s s x ab (Y i) m Z g v ab))))
q ad aa i y r v l p l a q p l a w y h v (d c m) g k e q t y c v B o (n d) (C s r t p (D p) ab E ac F G aa i) p H (a s I (J (m ab) q (K p w v e c L x d c) d (c (u t k (q M l u) l l m m (N O ac (P i j a) t (o j) Q m R) (S aa) q m w) (T (v U V q) a u y k) W k (X s s x ab (Y i) m Z g v ab))))
v v ad ad (ab ad) h i y r v l p l a q p l a w y h v (d c m) g k e q t y c v B o (n d) (C s r t p (D p) ab E ac F G aa i) p H (a s I (J (m ab) q (K p w v e c L x d c) d (c (u t k (q M l u) l l m m (N O ac (P i j a) t (o j) Q m R) (S aa) q m w) (T (v U V q) a u y k) W k (X s s x ab (Y i) m Z g v ab))))
ac u a w y ad (ab ad) h i y r v l p l a q p l a w y h v (d c m) g k e q t y c v B o (n d) (C s r t p (D p) ab E ac F G aa i) p H (a s I (J (m ab) q (K p w v e c L x d c) d (c (u t k (q M l u) l l m m (N O ac (P i j a) t (o j) Q m R) (S aa) q m w) (T (v U V q) a u y k) W k (X s s x ab (Y i) m Z g v ab))))
a s w y r v l p l a w y ad (ab ad) h i y r v l p l a q p l a w y h v (d c m) g k e q t y c v B o (n d) (C s r t p (D p) ab E ac F G aa i) p H (a s I (J (m ab) q (K p w v e c L x d c) d (c (u t k (q M l u) l l m m (N O ac (P i j a) t (o j) Q m R) (S aa) q m w) (T (v U V q) a u y k) W k (X s s x ab (Y i) m Z g v ab))))
aa v l p l a w y ad (ab ad) h i y r v l p l a q p l a w y h v (d c m) g k e q t y c v B o (n d) (C s r t p (D p) ab E ac F G aa i) p H (a s I (J (m ab) q (K p w v e c L x d c) d (c (u t k (q M l u) l l m m (N O ac (P i j a) t (o j) Q m R) (S aa) q m w) (T (v U V q) a u y k) W k (X s s x ab (Y i) m Z g v ab))))
ac q e q p l a w y ad (ab ad) h i y r v l p l a q p l a w y h v (d c m) g k e q t y c v B o (n d) (C s r t p (D p) ab E ac F G aa i) p H (a s I (J (m ab) q (K p w v e c L x d c) d (c (u t k (q M l u) l l m m (N O ac (P i j a) t (o j) Q m R) (S aa) q m w) (T (v U V q) a u y k) W k (X s s x ab (Y i) m Z g v ab))))
e s w y r v l p l a q p l a w y ad (ab ad) h i y r v l p l a q p l a w y h v (d c m) g k e q t y c v B o (n d) (C s r t p (D p) ab E ac F G aa i) p H (a s I (J (m ab) q (K p w v e c L x d c) d (c (u t k (q M l u) l l m m (N O ac (P i j a) t (o j) Q m R) (S aa) q m w) (T (v U V q) a u y k) W k (X s s x ab (Y i) m Z g v ab))))
q ad aa i y r v l p l a q p l a w y ad (ab ad) h i y r v l p l a q p l a w y h v (d c m) g k e q t y c v B o (n d) (C s r t p (D p) ab E ac F G aa i) p H (a s I (J (m ab) q (K p w v e c L x d c) d (c (u t k (q M l u) l l m m (N O ac (P i j a) t (o j) Q m R) (S aa) q m w) (T (v U V q) a u y k) W k (X s s x ab (Y i) m Z g v ab))))
v v ad ad (ab ad) h i y r v l p l a q p l a w y ad (ab ad) h i y r v l p l a q p l a w y h v (d c m) g k e q t y c v B o (n d) (C s r t p (D p) ab E ac F G aa i) p H (a s I (J (m ab) q (K p w v e c L x d c) d (c (u t k (q M l u) l l m m (N O ac (P i j a) t (o j) Q m R) (S aa) q m w) (T (v U V q) a u y k) W k (X s s x ab (Y i) m Z g v ab))))
ac u a w y ad (ab ad) h i y r v l p l a q p l a w y ad (ab ad) h i y r v l p l a q p l a w y h v (d c m) g k e q t y c v B o (n d) (C s r t p (D p) ab E ac F G aa i) p H (a s I (J (m ab) q (K p w v e c L x d c) d (c (u t k (q M l u) l l m m (N O ac (P i j a) t (o j) Q m R) (S aa) q m w) (T (v U V q) a u y k) W k (X s s x ab (Y i) m Z g v ab))))
a s w y r v l p l a w y ad (ab ad) h i y r v l p l a q p l a w y ad (ab ad) h i y r v l p l a q p l a w y h v (d c m) g k e q t y c v B o (n d) (C s r t p (D p) ab E ac F G aa i) p H (a s I (J (m ab) q (K p w v e c L x d c) d (c (u t k (q M l u) l l m m (N O ac (P i j a) t (o j) Q m R) (S aa) q m w) (T (v U V q) a u y k) W k (X s s x ab (Y i) m Z g v ab))))
aa v l p l a w y ad (ab ad) h i y r v l p l a q p l a w y ad (ab ad) h i y r v l p l a q p l a w y h v (d c m) g k e q t y c v B o (n d) (C s r t p (D p) ab E ac F G aa i) p H (a s I (J (m ab) q (K p w v e c L x d c) d (c (u t k (q M l u) l l m m (N O ac (P i j a) t (o j) Q m R) (S aa) q m w) (T (v U V q) a u y k) W k (X s s x ab (Y i) m Z g v ab))))
ac q e q p l a w y ad (ab ad) h i y r v l p l a q p l a w y ad (ab ad) h i y r v l p l a q p l a w y h v (d c m) g k e q t y c v B o (n d) (C s r t p (D p) ab E ac F G aa i) p H (a s I (J (m ab) q (K p w v e c L x d c) d (c (u t k (q M l u) l l m m (N O ac (P i j a) t (o j) Q m R) (S aa) q m w) (T (v U V q) a u y k) W k (X s s x ab (Y i) m Z g v ab))))
e s w y r v l p l a q p l a w y ad (ab ad) h i y r v l p l a q p l a w y ad (ab ad) h i y r v l p l a q p l a w y h v (d c m) g k e q t y c v B o (n d) (C s r t p (D p) ab E ac F G aa i) p H (a s I (J (m ab) q (K p w v e c L x d c) d (c (u t k (q M l u) l l m m (N O ac (P i j a) t (o j) Q m R) (S aa) q m w) (T (v U V q) a u y k) W k (X s s x ab (Y i) m Z g v ab))))
q ad aa i y r v l p l a q p l a w y ad (ab ad) h i y r v l p l a q p l a w y ad (ab ad) h i y r v l p l a q p l a w y h v (d c m) g k e q t y c v B o (n d) (C s r t p (D p) ab E ac F G aa i) p H (a s I (J (m ab) q (K p w v e c L x d c) d (c (u t k (q M l u) l l m m (N O ac (P i j a) t (o j) Q m R) (S aa) q m w) (T (v U V q) a u y k) W k (X s s x ab (Y i) m Z g v ab))))
v v ad ad (ab ad) h i y r v l p l a q p l a w y ad (ab ad) h i y r v l p l a q p l a w y ad (ab ad) h i y r v l p l a q p l a w y h v (d c m) g k e q t y c v B o (n d) (C s r t p (D p) ab E ac F G aa i) p H (a s I (J (m ab) q (K p w v e c L x d c) d (c (u t k (q M l u) l l m m (N O ac (P i j a) t (o j) Q m R) (S aa) q m w) (T (v U V q) a u y k) W k (X s s x ab (Y i) m Z g v ab))))
ac u a w y ad (ab ad) h i y r v l p l a q p l a w y ad (ab ad) h i y r v l p l a q p l a w y ad (ab ad) h i y r v l p l a q p l a w y h v (d c m) g k e q t y c v B o (n d) (C s r t p (D p) ab E ac F G aa i) p H (a s I (J (m ab) q (K p w v e c L x d c) d (c (u t k (q M l u) l l m m (N O ac (P i j a) t (o j) Q m R) (S aa) q m w) (T (v U V q) a u y k) W k (X s s x ab (Y i) m Z g v ab))))
a s w y r v l p l a w y ad (ab ad) h i y r v l p l a q p l a w y ad (ab ad) h i y r v l p l a q p l a w y ad (ab ad) h i y r v l p l a q p l a w y h v (d c m) g k e q t y c v B o (n d) (C s r t p (D p) ab E ac F G aa i) p H (a s I (J (m ab) q (K p w v e c L x d c) d (c (u t k (q M l u) l l m m (N O ac (P i j a) t (o j) Q m R) (S aa) q m w) (T (v U V q) a u y k) W k (X s s x ab (Y i) m Z g v ab))))
aa v l p l a w y ad (ab ad) h i y r v l p l a q p l a w y ad (ab ad) h i y r v l p l a q p l a w y ad (ab ad) h i y r v l p l a q p l a w y h v (d c m) g k e q t y c v B o (n d) (C s r t p (D p) ab E ac F G aa i) p H (a s I (J (m ab) q (K p w v e c L x d c) d (c (u t k (q M l u) l l m m (N O ac (P i j a) t (o j) Q m R) (S aa) q m w) (T (v U V q) a u y k) W k (X s s x ab (Y i) m Z g v ab))))


