a ae c ae n ae y j
b ab
c ag ae af h (s aa ag) ac
d ae af ai ah ag e
e k m p
f ae q e v ae (l y) r
g ae f c ae ae
h ae ae
i ag ae af ah ai y d ad b t af g
j aj ae ag af ah ai a (n (e v e))
k af ae t r a f ae ab
l aj ai ah af ag ae z z s z ag ah y ai u
m ac t n (k (a t e))
n q z ad w ab ad o a ad z
o ah aj ai ag af ae l q (m y) s z (ad aj ae)
p ah ae af ag j
q ag ae af g
r af ag ae ae
s af ae ag ah v g z ab k
t af ae aa ae c h n (k ab ad)
u ae af v
v ae aa d b (e b w) (i p n)
w i
x ad
y ai ae aj ag af ah d ag p ag b v ad m
z a j
aa h (e (d h) b) (ac u b)
ab ae ag af ah q o af g j e t
ac af ae z
ad af ag ae ah z ah b r f d q n
main z aa A (o m (x ad B C t u e p aa (x aa D w aa (d s (w ad E f (c F v s ac (G H l n) (I d J t l f aa K n w e) ab L (M y) (d (N o f u) ac O d q c (P n) v (u s i) j) k e c (aa q v d p g ad) aa (p (Q d (R (aa c ac s) (S r ad T o x s k j k i p t) k q)))))))))
------------------------------------------------------------
z aa A (o m (x ad B C t u e p aa (x aa D w aa (d s (w ad E f (c F v s ac (G H l n) (I d J t l f aa K n w e) ab L (M y) (d (N o f u) ac O d q c (P n) v (u s i) j) k e c (aa q v d p g ad) aa (p (Q d (R (aa c ac s) (S r ad T o x s k j k i p t) k q)))))))))
a j aa A (o m (x ad B C t u e p aa (x aa D w aa (d s (w ad E f (c F v s ac (G H l n) (I d J t l f aa K n w e) ab L (M y) (d (N o f u) ac O d q c (P n) v (u s i) j) k e c (aa q v d p g ad) aa (p (Q d (R (aa c ac s) (S r ad T o x s k j k i p t) k q)))))))))
c j n j y j aa A (o m (x ad B C t u e p aa (x aa D w aa (d s (w ad E f (c F v s ac (G H l n) (I d J t l f aa K n w e) ab L (M y) (d (N o f u) ac O d q c (P n) v (u s i) j) k e c (aa q v d p g ad) aa (p (Q d (R (aa c ac s) (S r ad T o x s k j k i p t) k q)))))))))
h (s aa j) ac y j aa A (o m (x ad B C t u e p aa (x aa D w aa (d s (w ad E f (c F v s ac (G H l n) (I d J t l f aa K n w e) ab L (M y) (d (N o f u) ac O d q c (P n) v (u s i) j) k e c (aa q v d p g ad) aa (p (Q d (R (aa c ac s) (S r ad T o x s k j k i p t) k q)))))))))
s aa j ac y j aa A (o m (x ad B C t u e p aa (x aa D w aa (d s (w ad E f (c F v s ac (G H l n) (I d J t l f aa K n w e) ab L (M y) (d (N o f u) ac O d q c (P n) v (u s i) j) k e c (aa q v d p g ad) aa (p (Q d (R (aa c ac s) (S r ad T o x s k j k i p t) k q)))))))))
v g z ab k j aa A (o m (x ad B C t u e p aa (x aa D w aa (d s (w ad E f (c F v s ac (G H l n) (I d J t l f aa K n w e) ab L (M y) (d (N o f u) ac O d q c (P n) v (u s i) j) k e c (aa q v d p g ad) aa (p (Q d (R (aa c ac s) (S r ad T o x s k j k i p t) k q)))))))))
aa d b (e b w) (i p n) z ab k j aa A (o m (x ad B C t u e p aa (x aa D w aa (d s (w ad E f (c F v s ac (G H l n) (I d J t l f aa K n w e) ab L (M y) (d (N o f u) ac O d q c (P n) v (u s i) j) k e c (aa q v d p g ad) aa (p (Q d (R (aa c ac s) (S r ad T o x s k j k i p t) k q)))))))))
h (e (d h) b) (ac u b) d b (e b w) (i p n) z ab k j aa A (o m (x ad B C t u e p aa (x aa D w aa (d s (w ad E f (c F v s ac (G H l n) (I d J t l f aa K n w e) ab L (M y) (d (N o f u) ac O d q c (P n) v (u s i) j) k e c (aa q v d p g ad) aa (p (Q d (R (aa c ac s) (S r ad T o x s k j k i p t) k q)))))))))
e (d h) b (ac u b) d b (e b w) (i p n) z ab k j aa A (o m (x ad B C t u e p aa (x aa D w aa (d s (w ad E f (c F v s ac (G H l n) (I d J t l f aa K n w e) ab L (M y) (d (N o f u) ac O d q c (P n) v (u s i) j) k e c (aa q v d p g ad) aa (p (Q d (R (aa c ac s) (S r ad T o x s k j k i p t) k q)))))))))
k m p (d h) b (ac u b) d b (e b w) (i p n) z ab k j aa A (o m (x ad B C t u e p aa (x aa D w aa (d s (w ad E f (c F v s ac (G H l n) (I d J t l f aa K n w e) ab L (M y) (d (N o f u) ac O d q c (P n) v (u s i) j) k e c (aa q v d p g ad) aa (p (Q d (R (aa c ac s) (S r ad T o x s k j k i p t) k q)))))))))
t r a f p ab (d h) b (ac u b) d b (e b w) (i p n) z ab k j aa A (o m (x ad B C t u e p aa (x aa D w aa (d s (w ad E f (c F v s ac (G H l n) (I d J t l f aa K n w e) ab L (M y) (d (N o f u) ac O d q c (P n) v (u s i) j) k e c (aa q v d p g ad) aa (p (Q d (R (aa c ac s) (S r ad T o x s k j k i p t) k q)))))))))
aa a c h n (k ab ad) f p ab (d h) b (ac u b) d b (e b w) (i p n) z ab k j aa A (o m (x ad B C t u e p aa (x aa D w aa (d s (w ad E f (c F v s ac (G H l n) (I d J t l f aa K n w e) ab L (M y) (d (N o f u) ac O d q c (P n) v (u s i) j) k e c (aa q v d p g ad) aa (p (Q d (R (aa c ac s) (S r ad T o x s k j k i p t) k q)))))))))
h (e (d h) b) (ac u b) a c h n (k ab ad) f p ab (d h) b (ac u b) d b (e b w) (i p n) z ab k j aa A (o m (x ad B C t u e p aa (x aa D w aa (d s (w ad E f (c F v s ac (G H l n) (I d J t l f aa K n w e) ab L (M y) (d (N o f u) ac O d q c (P n) v (u s i) j) k e c (aa q v d p g ad) aa (p (Q d (R (aa c ac s) (S r ad T o x s k j k i p t) k q)))))))))
e (d h) b (ac u b) a c h n (k ab ad) f p ab (d h) b (ac u b) d b (e b w) (i p n) z ab k j aa A (o m (x ad B C t u e p aa (x aa D w aa (d s (w ad E f (c F v s ac (G H l n) (I d J t l f aa K n w e) ab L (M y) (d (N o f u) ac O d q c (P n) v (u s i) j) k e c (aa q v d p g ad) aa (p (Q d (R (aa c ac s) (S r ad T o x s k j k i p t) k q)))))))))
k m p (d h) b (ac u b) a c h n (k ab ad) f p ab (d h) b (ac u b) d b (e b w) (i p n) z ab k j aa A (o m (x ad B C t u e p aa (x aa D w aa (d s (w ad E f (c F v s ac (G H l n) (I d J t l f aa K n w e) ab L (M y) (d (N o f u) ac O d q c (P n) v (u s i) j) k e c (aa q v d p g ad) aa (p (Q d (R (aa c ac s) (S r ad T o x s k j k i p t) k q)))))))))
t r a f p ab (d h) b (ac u b) a c h n (k ab ad) f p ab (d h) b (ac u b) d b (e b w) (i p n) z ab k j aa A (o m (x ad B C t u e p aa (x aa D w aa (d s (w ad E f (c F v s ac (G H l n) (I d J t l f aa K n w e) ab L (M y) (d (N o f u) ac O d q c (P n) v (u s i) j) k e c (aa q v d p g ad) aa (p (Q d (R (aa c ac s) (S r ad T o x s k j k i p t) k q)))))))))
aa a c h n (k ab ad) f p ab (d h) b (ac u b) a c h n (k ab ad) f p ab (d h) b (ac u b) d b (e b w) (i p n) z ab k j aa A (o m (x ad B C t u e p aa (x aa D w aa (d s (w ad E f (c F v s ac (G H l n) (I d J t l f aa K n w e) ab L (M y) (d (N o f u) ac O d q c (P n) v (u s i) j) k e c (aa q v d p g ad) aa (p (Q d (R (aa c ac s) (S r ad T o x s k j k i p t) k q)))))))))
h (e (d h) b) (ac u b) a c h n (k ab ad) f p ab (d h) b (ac u b) a c h n (k ab ad) f p ab (d h) b (ac u b) d b (e b w) (i p n) z ab k j aa A (o m (x ad B C t u e p aa (x aa D w aa (d s (w ad E f (c F v s ac (G H l n) (I d J t l f aa K n w e) ab L (M y) (d (N o f u) ac O d q c (P n) v (u s i) j) k e c (aa q v d p g ad) aa (p (Q d (R (aa c ac s) (S r ad T o x s k j k i p t) k q)))))))))
e (d h) b (ac u b) a c h n (k ab ad) f p ab (d h) b (ac u b) a c h n (k ab ad) f p ab (d h) b (ac u b) d b (e b w) (i p n) z ab k j aa A (o m (x ad B C t u e p aa (x aa D w aa (d s (w ad E f (c F v s ac (G H l n) (I d J t l f aa K n w e) ab L (M y) (d (N o f u) ac O d q c (P n) v (u s i) j) k e c (aa q v d p g ad) aa (p (Q d (R (aa c ac s) (S r ad T o x s k j k i p t) k q)))))))))
k m p (d h) b (ac u b) a c h n (k ab ad) f p ab (d h) b (ac u b) a c h n (k ab ad) f p ab (d h) b (ac u b) d b (e b w) (i p n) z ab k j aa A (o m (x ad B C t u e p aa (x aa D w aa (d s (w ad E f (c F v s ac (G H l n) (I d J t l f aa K n w e) ab L (M y) (d (N o f u) ac O d q c (P n) v (u s i) j) k e c (aa q v d p g ad) aa (p (Q d (R (aa c ac s) (S r ad T o x s k j k i p t) k q)))))))))
t r a f p ab (d h) b (ac u b) a c h n (k ab ad) f p ab (d h) b (ac u b) a c h n (k ab ad) f p ab (d h) b (ac u b) d b (e b w) (i p n) z ab k j aa A (o m (x ad B C t u e p aa (x aa D w aa (d s (w ad E f (c F v s ac (G H l n) (I d J t l f aa K n w e) ab L (M y) (d (N o f u) ac O d q c (P n) v (u s i) j) k e c (aa q v d p g ad) aa (p (Q d (R (aa c ac s) (S r ad T o x s k j k i p t) k q)))))))))
aa a c h n (k ab ad) f p ab (d h) b (ac u b) a c h n (k ab ad) f p ab (d h) b (ac u b) a c h n (k ab ad) f p ab (d h) b (ac u b) d b (e b w) (i p n) z ab k j aa A (o m (x ad B C t u e p aa (x aa D w aa (d s (w ad E f (c F v s ac (G H l n) (I d J t l f aa K n w e) ab L (M y) (d (N o f u) ac O d q c (P n) v (u s i) j) k e c (aa q v d p g ad) aa (p (Q d (R (aa c ac s) (S r ad T o x s k j k i p t) k q)))))))))
h (e (d h) b) (ac u b) a c h n (k ab ad) f p ab (d h) b (ac u b) a c h n (k ab ad) f p ab (d h) b (ac u b) a c h n (k ab ad) f p ab (d h) b (ac u b) d b (e b w) (i p n) z ab k j aa A (o m (x ad B C t u e p aa (x aa D w aa (d s (w ad E f (c F v s ac (G H l n) (I d J t l f aa K n w e) ab L (M y) (d (N o f u) ac O d q c (P n) v (u s i) j) k e c (aa q v d p g ad) aa (p (Q d (R (aa c ac s) (S r ad T o x s k j k i p t) k q)))))))))
e (d h) b (ac u b) a c h n (k ab ad) f p ab (d h) b (ac u b) a c h n (k ab ad) f p ab (d h) b (ac u b) a c h n (k ab ad) f p ab (d h) b (ac u b) d b (e b w) (i p n) z ab k j aa A (o m (x ad B C t u e p aa (x aa D w aa (d s (w ad E f (c F v s ac (G H l n) (I d J t l f aa K n w e) ab L (M y) (d (N o f u) ac O d q c (P n) v (u s i) j) k e c (aa q v d p g ad) aa (p (Q d (R (aa c ac s) (S r ad T o x s k j k i p t) k q)))))))))
k m p (d h) b (ac u b) a c h n (k ab ad) f p ab (d h) b (ac u b) a c h n (k ab ad) f p ab (d h) b (ac u b) a c h n (k ab ad) f p ab (d h) b (ac u b) d b (e b w) (i p n) z ab k j aa A (o m (x ad B C t u e p aa (x aa D w aa (d s (w ad E f (c F v s ac (G H l n) (I d J t l f aa K n w e) ab L (M y) (d (N o f u) ac O d q c (P n) v (u s i) j) k e c (aa q v d p g ad) aa (p (Q d (R (aa c ac s) (S r ad T o x s k j k i p t) k q)))))))))
t r a f p ab (d h) b (ac u b) a c h n (k ab ad) f p ab (d h) b (ac u b) a c h n (k ab ad) f p ab (d h) b (ac u b) a c h n (k ab ad) f p ab (d h) b (ac u b) d b (e b w) (i p n) z ab k j aa A (o m (x ad B C t u e p aa (x aa D w aa (d s (w ad E f (c F v s ac (G H l n) (I d J t l f aa K n w e) ab L (M y) (d (N o f u) ac O d q c (P n) v (u s i) j) k e c (aa q v d p g ad) aa (p (Q d (R (aa c ac s) (S r ad T o x s k j k i p t) k q)))))))))
aa a c h n (k ab ad) f p ab (d h) b (ac u b) a c h n (k ab ad) f p ab (d h) b (ac u b) a c h n (k ab ad) f p ab (d h) b (ac u b) a c h n (k ab ad) f p ab (d h) b (ac u b) d b (e b w) (i p n) z ab k j aa A (o m (x ad B C t u e p aa (x aa D w aa (d s (w ad E f (c F v s ac (G H l n) (I d J t l f aa K n w e) ab L (M y) (d (N o f u) ac O d q c (P n) v (u s i) j) k e c (aa q v d p g ad) aa (p (Q d (R (aa c ac s) (S r ad T o x s k j k i p t) k q)))))))))
h (e (d h) b) (ac u b) a c h n (k ab ad) f p ab (d h) b (ac u b) a c h n (k ab ad) f p ab (d h) b (ac u b) a c h n (k ab ad) f p ab (d h) b (ac u b) a c h n (k ab ad) f p ab (d h) b (ac u b) d b (e b w) (i p n) z ab k j aa A (o m (x ad B C t u e p aa (x aa D w aa (d s (w ad E f (c F v s ac (G H l n) (I d J t l f aa K n w e) ab L (M y) (d (N o f u) ac O d q c (P n) v (u s i) j) k e c (aa q v d p g ad) aa (p (Q d (R (aa c ac s) (S r ad T o x s k j k i p t) k q)))))))))
e (d h) b (ac u b) a c h n (k ab ad) f p ab (d h) b (ac u b) a c h n (k ab ad) f p ab (d h) b (ac u b) a c h n (k ab ad) f p ab (d h) b (ac u b) a c h n (k ab ad) f p ab (d h) b (ac u b) d b (e b w) (i p n) z ab k j aa A (o m (x ad B C t u e p aa (x aa D w aa (d s (w ad E f (c F v s ac (G H l n) (I d J t l f aa K n w e) ab L (M y) (d (N o f u) ac O d q c (P n) v (u s i) j) k e c (aa q v d p g ad) aa (p (Q d (R (aa c ac s) (S r ad T o x s k j k i p t) k q)))))))))
k m p (d h) b (ac u b) a c h n (k ab ad) f p ab (d h) b (ac u b) a c h n (k ab ad) f p ab (d h) b (ac u b) a c h n (k ab ad) f p ab (d h) b (ac u b) a c h n (k ab ad) f p ab (d h) b (ac u b) d b (e b w) (i p n) z ab k j aa A (o m (x ad B C t u e p aa (x aa D w aa (d s (w ad E f (c F v s ac (G H l n) (I d J t l f aa K n w e) ab L (M y) (d (N o f u) ac O d q c (P n) v (u s i) j) k e c (aa q v d p g ad) aa (p (Q d (R (aa c ac s) (S r ad T o x s k j k i p t) k q)))))))))


