a = n j p f d (z k q)
b ae = g (ae s h v ae z e f)
c af ae ag = i ab x d k
d ae = k t
e = q (k u r v aa)
f ah ai ag af ae = j x af v a
g ae = q k ad
h ai af ah ae ag = w
i ae = o b d f
j = t ad
k ae af ah ag = ab g
l ag ae af ai ah = a k f d w ad d i i
m = o z l s
n ae = d
o af ae = q af ae ab l (v q (a e z))
p ag ah ae ai aj af = q ai
q ag ai ah ae af = ad ae s (af f h) i
r ae = d ae b ae ae y
s af ag ae ah = ad d v ab
t ah af ag ae = j (o ae)
u ah ag ae af = c af d (a aa z) b ad
v ah ae ag ai af = ae
w ae ah ag aj ai af = aj d
x ae = ad
y aj af ai ah ag ae = b ac
z = o i a
aa ai aj ae ah ag af = h o
ab ag ah ae af = h v u g j ae
ac ae af ag ah ai = q
ad = q v g (z r) r y f (h v)
main = w b m A ad ad g B q (g C (D f)) E F c q G (H ac (I a d f J z (K L M e g ad (N (O f) o b) P r (z a (Q c) (R S u s u ad k v) (n T d) ab U o)) V i (W d) f) ab q) w X (d q ac) Y Z k AA aa (l (AB (AC u u w AD (AE ab n)) u) j i w AF AG d (j (AH l m (AI s y AJ)) v))
------------------------------------------------------------
w b m A ad ad g B q (g C (D f)) E F c q G (H ac (I a d f J z (K L M e g ad (N (O f) o b) P r (z a (Q c) (R S u s u ad k v) (n T d) ab U o)) V i (W d) f) ab q) w X (d q ac) Y Z k AA aa (l (AB (AC u u w AD (AE ab n)) u) j i w AF AG d (j (AH l m (AI s y AJ)) v))
ad d B q (g C (D f)) E F c q G (H ac (I a d f J z (K L M e g ad (N (O f) o b) P r (z a (Q c) (R S u s u ad k v) (n T d) ab U o)) V i (W d) f) ab q) w X (d q ac) Y Z k AA aa (l (AB (AC u u w AD (AE ab n)) u) j i w AF AG d (j (AH l m (AI s y AJ)) v))
q v g (z r) r y f (h v) d B q (g C (D f)) E F c q G (H ac (I a d f J z (K L M e g ad (N (O f) o b) P r (z a (Q c) (R S u s u ad k v) (n T d) ab U o)) V i (W d) f) ab q) w X (d q ac) Y Z k AA aa (l (AB (AC u u w AD (AE ab n)) u) j i w AF AG d (j (AH l m (AI s y AJ)) v))
ad r s (y f h) i f (h v) d B q (g C (D f)) E F c q G (H ac (I a d f J z (K L M e g ad (N (O f) o b) P r (z a (Q c) (R S u s u ad k v) (n T d) ab U o)) V i (W d) f) ab q) w X (d q ac) Y Z k AA aa (l (AB (AC u u w AD (AE ab n)) u) j i w AF AG d (j (AH l m (AI s y AJ)) v))
q v g (z r) r y f (h v) r s (y f h) i f (h v) d B q (g C (D f)) E F c q G (H ac (I a d f J z (K L M e g ad (N (O f) o b) P r (z a (Q c) (R S u s u ad k v) (n T d) ab U o)) V i (W d) f) ab q) w X (d q ac) Y Z k AA aa (l (AB (AC u u w AD (AE ab n)) u) j i w AF AG d (j (AH l m (AI s y AJ)) v))
ad r s (y f h) i f (h v) r s (y f h) i f (h v) d B q (g C (D f)) E F c q G (H ac (I a d f J z (K L M e g ad (N (O f) o b) P r (z a (Q c) (R S u s u ad k v) (n T d) ab U o)) V i (W d) f) ab q) w X (d q ac) Y Z k AA aa (l (AB (AC u u w AD (AE ab n)) u) j i w AF AG d (j (AH l m (AI s y AJ)) v))
q v g (z r) r y f (h v) r s (y f h) i f (h v) r s (y f h) i f (h v) d B q (g C (D f)) E F c q G (H ac (I a d f J z (K L M e g ad (N (O f) o b) P r (z a (Q c) (R S u s u ad k v) (n T d) ab U o)) V i (W d) f) ab q) w X (d q ac) Y Z k AA aa (l (AB (AC u u w AD (AE ab n)) u) j i w AF AG d (j (AH l m (AI s y AJ)) v))
ad r s (y f h) i f (h v) r s (y f h) i f (h v) r s (y f h) i f (h v) d B q (g C (D f)) E F c q G (H ac (I a d f J z (K L M e g ad (N (O f) o b) P r (z a (Q c) (R S u s u ad k v) (n T d) ab U o)) V i (W d) f) ab q) w X (d q ac) Y Z k AA aa (l (AB (AC u u w AD (AE ab n)) u) j i w AF AG d (j (AH l m (AI s y AJ)) v))
q v g (z r) r y f (h v) r s (y f h) i f (h v) r s (y f h) i f (h v) r s (y f h) i f (h v) d B q (g C (D f)) E F c q G (H ac (I a d f J z (K L M e g ad (N (O f) o b) P r (z a (Q c) (R S u s u ad k v) (n T d) ab U o)) V i (W d) f) ab q) w X (d q ac) Y Z k AA aa (l (AB (AC u u w AD (AE ab n)) u) j i w AF AG d (j (AH l m (AI s y AJ)) v))
ad r s (y f h) i f (h v) r s (y f h) i f (h v) r s (y f h) i f (h v) r s (y f h) i f (h v) d B q (g C (D f)) E F c q G (H ac (I a d f J z (K L M e g ad (N (O f) o b) P r (z a (Q c) (R S u s u ad k v) (n T d) ab U o)) V i (W d) f) ab q) w X (d q ac) Y Z k AA aa (l (AB (AC u u w AD (AE ab n)) u) j i w AF AG d (j (AH l m (AI s y AJ)) v))
q v g (z r) r y f (h v) r s (y f h) i f (h v) r s (y f h) i f (h v) r s (y f h) i f (h v) r s (y f h) i f (h v) d B q (g C (D f)) E F c q G (H ac (I a d f J z (K L M e g ad (N (O f) o b) P r (z a (Q c) (R S u s u ad k v) (n T d) ab U o)) V i (W d) f) ab q) w X (d q ac) Y Z k AA aa (l (AB (AC u u w AD (AE ab n)) u) j i w AF AG d (j (AH l m (AI s y AJ)) v))
ad r s (y f h) i f (h v) r s (y f h) i f (h v) r s (y f h) i f (h v) r s (y f h) i f (h v) r s (y f h) i f (h v) d B q (g C (D f)) E F c q G (H ac (I a d f J z (K L M e g ad (N (O f) o b) P r (z a (Q c) (R S u s u ad k v) (n T d) ab U o)) V i (W d) f) ab q) w X (d q ac) Y Z k AA aa (l (AB (AC u u w AD (AE ab n)) u) j i w AF AG d (j (AH l m (AI s y AJ)) v))
q v g (z r) r y f (h v) r s (y f h) i f (h v) r s (y f h) i f (h v) r s (y f h) i f (h v) r s (y f h) i f (h v) r s (y f h) i f (h v) d B q (g C (D f)) E F c q G (H ac (I a d f J z (K L M e g ad (N (O f) o b) P r (z a (Q c) (R S u s u ad k v) (n T d) ab U o)) V i (W d) f) ab q) w X (d q ac) Y Z k AA aa (l (AB (AC u u w AD (AE ab n)) u) j i w AF AG d (j (AH l m (AI s y AJ)) v))
ad r s (y f h) i f (h v) r s (y f h) i f (h v) r s (y f h) i f (h v) r s (y f h) i f (h v) r s (y f h) i f (h v) r s (y f h) i f (h v) d B q (g C (D f)) E F c q G (H ac (I a d f J z (K L M e g ad (N (O f) o b) P r (z a (Q c) (R S u s u ad k v) (n T d) ab U o)) V i (W d) f) ab q) w X (d q ac) Y Z k AA aa (l (AB (AC u u w AD (AE ab n)) u) j i w AF AG d (j (AH l m (AI s y AJ)) v))
q v g (z r) r y f (h v) r s (y f h) i f (h v) r s (y f h) i f (h v) r s (y f h) i f (h v) r s (y f h) i f (h v) r s (y f h) i f (h v) r s (y f h) i f (h v) d B q (g C (D f)) E F c q G (H ac (I a d f J z (K L M e g ad (N (O f) o b) P r (z a (Q c) (R S u s u ad k v) (n T d) ab U o)) V i (W d) f) ab q) w X (d q ac) Y Z k AA aa (l (AB (AC u u w AD (AE ab n)) u) j i w AF AG d (j (AH l m (AI s y AJ)) v))
ad r s (y f h) i f (h v) r s (y f h) i f (h v) r s (y f h) i f (h v) r s (y f h) i f (h v) r s (y f h) i f (h v) r s (y f h) i f (h v) r s (y f h) i f (h v) d B q (g C (D f)) E F c q G (H ac (I a d f J z (K L M e g ad (N (O f) o b) P r (z a (Q c) (R S u s u ad k v) (n T d) ab U o)) V i (W d) f) ab q) w X (d q ac) Y Z k AA aa (l (AB (AC u u w AD (AE ab n)) u) j i w AF AG d (j (AH l m (AI s y AJ)) v))
q v g (z r) r y f (h v) r s (y f h) i f (h v) r s (y f h) i f (h v) r s (y f h) i f (h v) r s (y f h) i f (h v) r s (y f h) i f (h v) r s (y f h) i f (h v) r s (y f h) i f (h v) d B q (g C (D f)) E F c q G (H ac (I a d f J z (K L M e g ad (N (O f) o b) P r (z a (Q c) (R S u s u ad k v) (n T d) ab U o)) V i (W d) f) ab q) w X (d q ac) Y Z k AA aa (l (AB (AC u u w AD (AE ab n)) u) j i w AF AG d (j (AH l m (AI s y AJ)) v))
ad r s (y f h) i f (h v) r s (y f h) i f (h v) r s (y f h) i f (h v) r s (y f h) i f (h v) r s (y f h) i f (h v) r s (y f h) i f (h v) r s (y f h) i f (h v) r s (y f h) i f (h v) d B q (g C (D f)) E F c q G (H ac (I a d f J z (K L M e g ad (N (O f) o b) P r (z a (Q c) (R S u s u ad k v) (n T d) ab U o)) V i (W d) f) ab q) w X (d q ac) Y Z k AA aa (l (AB (AC u u w AD (AE ab n)) u) j i w AF AG d (j (AH l m (AI s y AJ)) v))
q v g (z r) r y f (h v) r s (y f h) i f (h v) r s (y f h) i f (h v) r s (y f h) i f (h v) r s (y f h) i f (h v) r s (y f h) i f (h v) r s (y f h) i f (h v) r s (y f h) i f (h v) r s (y f h) i f (h v) d B q (g C (D f)) E F c q G (H ac (I a d f J z (K L M e g ad (N (O f) o b) P r (z a (Q c) (R S u s u ad k v) (n T d) ab U o)) V i (W d) f) ab q) w X (d q ac) Y Z k AA aa (l (AB (AC u u w AD (AE ab n)) u) j i w AF AG d (j (AH l m (AI s y AJ)) v))
ad r s (y f h) i f (h v) r s (y f h) i f (h v) r s (y f h) i f (h v) r s (y f h) i f (h v) r s (y f h) i f (h v) r s (y f h) i f (h v) r s (y f h) i f (h v) r s (y f h) i f (h v) r s (y f h) i f (h v) d B q (g C (D f)) E F c q G (H ac (I a d f J z (K L M e g ad (N (O f) o b) P r (z a (Q c) (R S u s u ad k v) (n T d) ab U o)) V i (W d) f) ab q) w X (d q ac) Y Z k AA aa (l (AB (AC u u w AD (AE ab n)) u) j i w AF AG d (j (AH l m (AI s y AJ)) v))
q v g (z r) r y f (h v) r s (y f h) i f (h v) r s (y f h) i f (h v) r s (y f h) i f (h v) r s (y f h) i f (h v) r s (y f h) i f (h v) r s (y f h) i f (h v) r s (y f h) i f (h v) r s (y f h) i f (h v) r s (y f h) i f (h v) d B q (g C (D f)) E F c q G (H ac (I a d f J z (K L M e g ad (N (O f) o b) P r (z a (Q c) (R S u s u ad k v) (n T d) ab U o)) V i (W d) f) ab q) w X (d q ac) Y Z k AA aa (l (AB (AC u u w AD (AE ab n)) u) j i w AF AG d (j (AH l m (AI s y AJ)) v))
ad r s (y f h) i f (h v) r s (y f h) i f (h v) r s (y f h) i f (h v) r s (y f h) i f (h v) r s (y f h) i f (h v) r s (y f h) i f (h v) r s (y f h) i f (h v) r s (y f h) i f (h v) r s (y f h) i f (h v) r s (y f h) i f (h v) d B q (g C (D f)) E F c q G (H ac (I a d f J z (K L M e g ad (N (O f) o b) P r (z a (Q c) (R S u s u ad k v) (n T d) ab U o)) V i (W d) f) ab q) w X (d q ac) Y Z k AA aa (l (AB (AC u u w AD (AE ab n)) u) j i w AF AG d (j (AH l m (AI s y AJ)) v))
q v g (z r) r y f (h v) r s (y f h) i f (h v) r s (y f h) i f (h v) r s (y f h) i f (h v) r s (y f h) i f (h v) r s (y f h) i f (h v) r s (y f h) i f (h v) r s (y f h) i f (h v) r s (y f h) i f (h v) r s (y f h) i f (h v) r s (y f h) i f (h v) d B q (g C (D f)) E F c q G (H ac (I a d f J z (K L M e g ad (N (O f) o b) P r (z a (Q c) (R S u s u ad k v) (n T d) ab U o)) V i (W d) f) ab q) w X (d q ac) Y Z k AA aa (l (AB (AC u u w AD (AE ab n)) u) j i w AF AG d (j (AH l m (AI s y AJ)) v))
ad r s (y f h) i f (h v) r s (y f h) i f (h v) r s (y f h) i f (h v) r s (y f h) i f (h v) r s (y f h) i f (h v) r s (y f h) i f (h v) r s (y f h) i f (h v) r s (y f h) i f (h v) r s (y f h) i f (h v) r s (y f h) i f (h v) r s (y f h) i f (h v) d B q (g C (D f)) E F c q G (H ac (I a d f J z (K L M e g ad (N (O f) o b) P r (z a (Q c) (R S u s u ad k v) (n T d) ab U o)) V i (W d) f) ab q) w X (d q ac) Y Z k AA aa (l (AB (AC u u w AD (AE ab n)) u) j i w AF AG d (j (AH l m (AI s y AJ)) v))
q v g (z r) r y f (h v) r s (y f h) i f (h v) r s (y f h) i f (h v) r s (y f h) i f (h v) r s (y f h) i f (h v) r s (y f h) i f (h v) r s (y f h) i f (h v) r s (y f h) i f (h v) r s (y f h) i f (h v) r s (y f h) i f (h v) r s (y f h) i f (h v) r s (y f h) i f (h v) d B q (g C (D f)) E F c q G (H ac (I a d f J z (K L M e g ad (N (O f) o b) P r (z a (Q c) (R S u s u ad k v) (n T d) ab U o)) V i (W d) f) ab q) w X (d q ac) Y Z k AA aa (l (AB (AC u u w AD (AE ab n)) u) j i w AF AG d (j (AH l m (AI s y AJ)) v))
ad r s (y f h) i f (h v) r s (y f h) i f (h v) r s (y f h) i f (h v) r s (y f h) i f (h v) r s (y f h) i f (h v) r s (y f h) i f (h v) r s (y f h) i f (h v) r s (y f h) i f (h v) r s (y f h) i f (h v) r s (y f h) i f (h v) r s (y f h) i f (h v) r s (y f h) i f (h v) d B q (g C (D f)) E F c q G (H ac (I a d f J z (K L M e g ad (N (O f) o b) P r (z a (Q c) (R S u s u ad k v) (n T d) ab U o)) V i (W d) f) ab q) w X (d q ac) Y Z k AA aa (l (AB (AC u u w AD (AE ab n)) u) j i w AF AG d (j (AH l m (AI s y AJ)) v))
q v g (z r) r y f (h v) r s (y f h) i f (h v) r s (y f h) i f (h v) r s (y f h) i f (h v) r s (y f h) i f (h v) r s (y f h) i f (h v) r s (y f h) i f (h v) r s (y f h) i f (h v) r s (y f h) i f (h v) r s (y f h) i f (h v) r s (y f h) i f (h v) r s (y f h) i f (h v) r s (y f h) i f (h v) d B q (g C (D f)) E F c q G (H ac (I a d f J z (K L M e g ad (N (O f) o b) P r (z a (Q c) (R S u s u ad k v) (n T d) ab U o)) V i (W d) f) ab q) w X (d q ac) Y Z k AA aa (l (AB (AC u u w AD (AE ab n)) u) j i w AF AG d (j (AH l m (AI s y AJ)) v))
ad r s (y f h) i f (h v) r s (y f h) i f (h v) r s (y f h) i f (h v) r s (y f h) i f (h v) r s (y f h) i f (h v) r s (y f h) i f (h v) r s (y f h) i f (h v) r s (y f h) i f (h v) r s (y f h) i f (h v) r s (y f h) i f (h v) r s (y f h) i f (h v) r s (y f h) i f (h v) r s (y f h) i f (h v) d B q (g C (D f)) E F c q G (H ac (I a d f J z (K L M e g ad (N (O f) o b) P r (z a (Q c) (R S u s u ad k v) (n T d) ab U o)) V i (W d) f) ab q) w X (d q ac) Y Z k AA aa (l (AB (AC u u w AD (AE ab n)) u) j i w AF AG d (j (AH l m (AI s y AJ)) v))
q v g (z r) r y f (h v) r s (y f h) i f (h v) r s (y f h) i f (h v) r s (y f h) i f (h v) r s (y f h) i f (h v) r s (y f h) i f (h v) r s (y f h) i f (h v) r s (y f h) i f (h v) r s (y f h) i f (h v) r s (y f h) i f (h v) r s (y f h) i f (h v) r s (y f h) i f (h v) r s (y f h) i f (h v) r s (y f h) i f (h v) d B q (g C (D f)) E F c q G (H ac (I a d f J z (K L M e g ad (N (O f) o b) P r (z a (Q c) (R S u s u ad k v) (n T d) ab U o)) V i (W d) f) ab q) w X (d q ac) Y Z k AA aa (l (AB (AC u u w AD (AE ab n)) u) j i w AF AG d (j (AH l m (AI s y AJ)) v))
ad r s (y f h) i f (h v) r s (y f h) i f (h v) r s (y f h) i f (h v) r s (y f h) i f (h v) r s (y f h) i f (h v) r s (y f h) i f (h v) r s (y f h) i f (h v) r s (y f h) i f (h v) r s (y f h) i f (h v) r s (y f h) i f (h v) r s (y f h) i f (h v) r s (y f h) i f (h v) r s (y f h) i f (h v) r s (y f h) i f (h v) d B q (g C (D f)) E F c q G (H ac (I a d f J z (K L M e g ad (N (O f) o b) P r (z a (Q c) (R S u s u ad k v) (n T d) ab U o)) V i (W d) f) ab q) w X (d q ac) Y Z k AA aa (l (AB (AC u u w AD (AE ab n)) u) j i w AF AG d (j (AH l m (AI s y AJ)) v))


