a ae i ad m j r ae h aa l
b af ae g i
c z ab z a x ad
d aj ae ah af ag ai b
e x h y k j w
f ai af ae ag ah v
g ae af ag ah ai ab b aa t h ab h (ah ai)
h ag af ah ai aj ae j v z s
i ae m t j
j ah ae ag af a b ae k ac a n b
k af ae x h l j
l af ae y ab a j ac
m ai af ah ae ag aj ac t (y h)
n ah ag ae ai af aj ac y af j
o ah ag af ae ag ae m b
p ah ae ag af ai i (a s)
q e ac aa ac s g o
r af ae q d w m g x d ae
s af ae ag p af u
t ae d ae (v ac j)
u ag af ae ah p b (r n h ag)
v ae d
w af ae c d z z e g (l (k af)) v
x ah ai af ae aj ag a j
y ag ah ae af d j o
z ae ag aj af ah ai ae o k v e ag q
aa r y b i k
ab ae af h l
ac af ah ae ag k v n l c
ad aj ah ae ai ag af s e t
main l A n aa a B C (D E l) F G f (h b u (y (m (H (I e) q (n (q J t t n K ad h u L ab) k l (M N (O ab) P (Q d n m) (R c (ac ab r (S (l e i) T p w y l) (h U x e)) V W m u X n y) (w (ab v l h) i ac) Y (f i) z m) x t b Z j c ab) d aa AA AB (AC AD AE AF AG e q)))))
------------------------------------------------------------
l A n aa a B C (D E l) F G f (h b u (y (m (H (I e) q (n (q J t t n K ad h u L ab) k l (M N (O ab) P (Q d n m) (R c (ac ab r (S (l e i) T p w y l) (h U x e)) V W m u X n y) (w (ab v l h) i ac) Y (f i) z m) x t b Z j c ab) d aa AA AB (AC AD AE AF AG e q)))))
y ab a j ac aa a B C (D E l) F G f (h b u (y (m (H (I e) q (n (q J t t n K ad h u L ab) k l (M N (O ab) P (Q d n m) (R c (ac ab r (S (l e i) T p w y l) (h U x e)) V W m u X n y) (w (ab v l h) i ac) Y (f i) z m) x t b Z j c ab) d aa AA AB (AC AD AE AF AG e q)))))
d j o aa a B C (D E l) F G f (h b u (y (m (H (I e) q (n (q J t t n K ad h u L ab) k l (M N (O ab) P (Q d n m) (R c (ac ab r (S (l e i) T p w y l) (h U x e)) V W m u X n y) (w (ab v l h) i ac) Y (f i) z m) x t b Z j c ab) d aa AA AB (AC AD AE AF AG e q)))))
b (D E l) F G f (h b u (y (m (H (I e) q (n (q J t t n K ad h u L ab) k l (M N (O ab) P (Q d n m) (R c (ac ab r (S (l e i) T p w y l) (h U x e)) V W m u X n y) (w (ab v l h) i ac) Y (f i) z m) x t b Z j c ab) d aa AA AB (AC AD AE AF AG e q)))))
g i G f (h b u (y (m (H (I e) q (n (q J t t n K ad h u L ab) k l (M N (O ab) P (Q d n m) (R c (ac ab r (S (l e i) T p w y l) (h U x e)) V W m u X n y) (w (ab v l h) i ac) Y (f i) z m) x t b Z j c ab) d aa AA AB (AC AD AE AF AG e q)))))
g i G f (h b u (y (m (H (I e) q (ac y x j b Z j c ab) d aa AA AB (AC AD AE AF AG e q)))))
g i G f (h b u (y (m (H (I e) q (k v n l c Z j c ab) d aa AA AB (AC AD AE AF AG e q)))))
g i G f (h b u (y (m (H (I e) q (x h l j l c Z j c ab) d aa AA AB (AC AD AE AF AG e q)))))
g i G f (h b u (y (m (H (I e) q (a j j c ab) d aa AA AB (AC AD AE AF AG e q)))))
g i G f (h b u (y (m (H (I e) q (i ad m j r j h aa l j c ab) d aa AA AB (AC AD AE AF AG e q)))))
g i G f (h b u (y (m (H (I e) q (m t j m j r j h aa l j c ab) d aa AA AB (AC AD AE AF AG e q)))))
g i G f (h b u (y (m (H (I e) q (ac t (y h) h aa l j c ab) d aa AA AB (AC AD AE AF AG e q)))))
g i G f (h b u (y (m (H (I e) q (k v n l c l j c ab) d aa AA AB (AC AD AE AF AG e q)))))
g i G f (h b u (y (m (H (I e) q (x h l j l c l j c ab) d aa AA AB (AC AD AE AF AG e q)))))
g i G f (h b u (y (m (H (I e) q (a j j c ab) d aa AA AB (AC AD AE AF AG e q)))))
g i G f (h b u (y (m (H (I e) q (i ad m j r j h aa l j c ab) d aa AA AB (AC AD AE AF AG e q)))))
g i G f (h b u (y (m (H (I e) q (m t j m j r j h aa l j c ab) d aa AA AB (AC AD AE AF AG e q)))))
g i G f (h b u (y (m (H (I e) q (ac t (y h) h aa l j c ab) d aa AA AB (AC AD AE AF AG e q)))))
g i G f (h b u (y (m (H (I e) q (k v n l c l j c ab) d aa AA AB (AC AD AE AF AG e q)))))
g i G f (h b u (y (m (H (I e) q (x h l j l c l j c ab) d aa AA AB (AC AD AE AF AG e q)))))
g i G f (h b u (y (m (H (I e) q (a j j c ab) d aa AA AB (AC AD AE AF AG e q)))))
g i G f (h b u (y (m (H (I e) q (i ad m j r j h aa l j c ab) d aa AA AB (AC AD AE AF AG e q)))))
g i G f (h b u (y (m (H (I e) q (m t j m j r j h aa l j c ab) d aa AA AB (AC AD AE AF AG e q)))))
g i G f (h b u (y (m (H (I e) q (ac t (y h) h aa l j c ab) d aa AA AB (AC AD AE AF AG e q)))))
g i G f (h b u (y (m (H (I e) q (k v n l c l j c ab) d aa AA AB (AC AD AE AF AG e q)))))
g i G f (h b u (y (m (H (I e) q (x h l j l c l j c ab) d aa AA AB (AC AD AE AF AG e q)))))
g i G f (h b u (y (m (H (I e) q (a j j c ab) d aa AA AB (AC AD AE AF AG e q)))))
g i G f (h b u (y (m (H (I e) q (i ad m j r j h aa l j c ab) d aa AA AB (AC AD AE AF AG e q)))))
g i G f (h b u (y (m (H (I e) q (m t j m j r j h aa l j c ab) d aa AA AB (AC AD AE AF AG e q)))))
g i G f (h b u (y (m (H (I e) q (ac t (y h) h aa l j c ab) d aa AA AB (AC AD AE AF AG e q)))))


