a ae af ae
b d s k g
c ae b ae z k (x g g)
d c ab t m
e af ae ac
f af ae q
g ae j w
h ae ac (a b w)
i af ae ad
j af ae ad d af ad (q ac g) d
k g z x r (l m) ad o i
l ai aj ag ah af ae v c c t m a h (af x)
m l u w c k (x h g u)
n ae af z z w
o ae af m ae ae
p af ae g ae s ae q ae d
q ae ah ag af r
r ae z i s (m p) y t j
s ah af ae ag i aa w x
t ae ag af m
u f j (q (s v) w t k) ac c
v ae ae l u w ae ae x
w aj af ai ag ah ae q ah (ae af) (t aj)
x af ah ae ai ag m w a (l h) ac j g s aa
y ag af ae g
z af ah ag ae m
aa ae p b
ab ah ag ae af e ac
ac ae ah ag af u m b w
ad o m
main A B C (aa (aa v i t ad (D E F w r t x) (i (G H I v i y) (z (J K L (ac p m) M i))) (N t) d (u O j q (P e Q g R) d s S i (T U V k (z h d j (W b X h (Y i i b j) (y x Z e (AA ab d x ac AB i a) c u AC ac v (AD e a)) AE v) AF) d (AG h e v u s) m) f a AH u)))
------------------------------------------------------------
A B C (aa (aa v i t ad (D E F w r t x) (i (G H I v i y) (z (J K L (ac p m) M i))) (N t) d (u O j q (P e Q g R) d s S i (T U V k (z h d j (W b X h (Y i i b j) (y x Z e (AA ab d x ac AB i a) c u AC ac v (AD e a)) AE v) AF) d (AG h e v u s) m) f a AH u)))
A B C (p b)


