a = f (h n (q e) e t)
b ae = r (e ae z)
c ae = h aa ae ae (u b)
d ae af = f
e af ag ae = ac (h x)
f = q ab q x
g ae af ag = t r j ag a z j r aa
h ae af ag = t p n i
i ai af ag ah ae = z w g h m
j ag ah af ae = a
k = z v l
l ag ah ai ae af = y ag w d e (p w ai)
m ag ae ai af ah = b z b d q
n ae ah af ag ai = k d (m ah p)
o = z
p ag ai af ae ah = o ah k t af
q ag af ah ae ai = p b
r ag af ah ae ai = m s e
s ai ae ah af aj ag = a p j h (y b z p)
t ae = ae f
u ag ae ah af ai = j s i (o m s n aa)
v ai ae ag af ah aj = u
w = u y ad a ab y a
x ae = p
y = l x p
z ae ah ag af = t
aa ag af aj ai ah ae = a
ab = k (g k) x m
ac ae = h
ad af ah ae ag = x s k m
main = A ab B y (z m C (D z o) w) n b E F G (H (i I) ab J v) (K L M N O (z y z) P p ad r) (Q ab R S i f) (g (q (T y) m g g h l v (p j t e) r) (r e) (w ac k f) U p s g (V (W (X Y Z n a s c (b AA e (f (AB (AC f o) ab r) AD) h a (v (AE (AF x) t j a) ad) u q ad n q)))))
------------------------------------------------------------
A ab B y (z m C (D z o) w) n b E F G (H (i I) ab J v) (K L M N O (z y z) P p ad r) (Q ab R S i f) (g (q (T y) m g g h l v (p j t e) r) (r e) (w ac k f) U p s g (V (W (X Y Z n a s c (b AA e (f (AB (AC f o) ab r) AD) h a (v (AE (AF x) t j a) ad) u q ad n q)))))
A (k (g k) x m) B y (z m C (D z o) w) n b E F G (H (i I) ab J v) (K L M N O (z y z) P p ad r) (Q ab R S i f) (g (q (T y) m g g h l v (p j t e) r) (r e) (w ac k f) U p s g (V (W (X Y Z n a s c (b AA e (f (AB (AC f o) ab r) AD) h a (v (AE (AF x) t j a) ad) u q ad n q)))))
A (z v l (g k) x m) B y (z m C (D z o) w) n b E F G (H (i I) ab J v) (K L M N O (z y z) P p ad r) (Q ab R S i f) (g (q (T y) m g g h l v (p j t e) r) (r e) (w ac k f) U p s g (V (W (X Y Z n a s c (b AA e (f (AB (AC f o) ab r) AD) h a (v (AE (AF x) t j a) ad) u q ad n q)))))
A (t m) B y (z m C (D z o) w) n b E F G (H (i I) ab J v) (K L M N O (z y z) P p ad r) (Q ab R S i f) (g (q (T y) m g g h l v (p j t e) r) (r e) (w ac k f) U p s g (V (W (X Y Z n a s c (b AA e (f (AB (AC f o) ab r) AD) h a (v (AE (AF x) t j a) ad) u q ad n q)))))
A (m f) B y (z m C (D z o) w) n b E F G (H (i I) ab J v) (K L M N O (z y z) P p ad r) (Q ab R S i f) (g (q (T y) m g g h l v (p j t e) r) (r e) (w ac k f) U p s g (V (W (X Y Z n a s c (b AA e (f (AB (AC f o) ab r) AD) h a (v (AE (AF x) t j a) ad) u q ad n q)))))
A (m (q ab q x)) B y (z m C (D z o) w) n b E F G (H (i I) ab J v) (K L M N O (z y z) P p ad r) (Q ab R S i f) (g (q (T y) m g g h l v (p j t e) r) (r e) (w ac k f) U p s g (V (W (X Y Z n a s c (b AA e (f (AB (AC f o) ab r) AD) h a (v (AE (AF x) t j a) ad) u q ad n q)))))
A (m (q (k (g k) x m) q x)) B y (z m C (D z o) w) n b E F G (H (i I) ab J v) (K L M N O (z y z) P p ad r) (Q ab R S i f) (g (q (T y) m g g h l v (p j t e) r) (r e) (w ac k f) U p s g (V (W (X Y Z n a s c (b AA e (f (AB (AC f o) ab r) AD) h a (v (AE (AF x) t j a) ad) u q ad n q)))))
A (m (q (z v l (g k) x m) q x)) B y (z m C (D z o) w) n b E F G (H (i I) ab J v) (K L M N O (z y z) P p ad r) (Q ab R S i f) (g (q (T y) m g g h l v (p j t e) r) (r e) (w ac k f) U p s g (V (W (X Y Z n a s c (b AA e (f (AB (AC f o) ab r) AD) h a (v (AE (AF x) t j a) ad) u q ad n q)))))
A (m (q (t m) q x)) B y (z m C (D z o) w) n b E F G (H (i I) ab J v) (K L M N O (z y z) P p ad r) (Q ab R S i f) (g (q (T y) m g g h l v (p j t e) r) (r e) (w ac k f) U p s g (V (W (X Y Z n a s c (b AA e (f (AB (AC f o) ab r) AD) h a (v (AE (AF x) t j a) ad) u q ad n q)))))
A (m (q (m f) q x)) B y (z m C (D z o) w) n b E F G (H (i I) ab J v) (K L M N O (z y z) P p ad r) (Q ab R S i f) (g (q (T y) m g g h l v (p j t e) r) (r e) (w ac k f) U p s g (V (W (X Y Z n a s c (b AA e (f (AB (AC f o) ab r) AD) h a (v (AE (AF x) t j a) ad) u q ad n q)))))
A (m (q (m (q ab q x)) q x)) B y (z m C (D z o) w) n b E F G (H (i I) ab J v) (K L M N O (z y z) P p ad r) (Q ab R S i f) (g (q (T y) m g g h l v (p j t e) r) (r e) (w ac k f) U p s g (V (W (X Y Z n a s c (b AA e (f (AB (AC f o) ab r) AD) h a (v (AE (AF x) t j a) ad) u q ad n q)))))
A (m (q (m (q (k (g k) x m) q x)) q x)) B y (z m C (D z o) w) n b E F G (H (i I) ab J v) (K L M N O (z y z) P p ad r) (Q ab R S i f) (g (q (T y) m g g h l v (p j t e) r) (r e) (w ac k f) U p s g (V (W (X Y Z n a s c (b AA e (f (AB (AC f o) ab r) AD) h a (v (AE (AF x) t j a) ad) u q ad n q)))))
A (m (q (m (q (z v l (g k) x m) q x)) q x)) B y (z m C (D z o) w) n b E F G (H (i I) ab J v) (K L M N O (z y z) P p ad r) (Q ab R S i f) (g (q (T y) m g g h l v (p j t e) r) (r e) (w ac k f) U p s g (V (W (X Y Z n a s c (b AA e (f (AB (AC f o) ab r) AD) h a (v (AE (AF x) t j a) ad) u q ad n q)))))
A (m (q (m (q (t m) q x)) q x)) B y (z m C (D z o) w) n b E F G (H (i I) ab J v) (K L M N O (z y z) P p ad r) (Q ab R S i f) (g (q (T y) m g g h l v (p j t e) r) (r e) (w ac k f) U p s g (V (W (X Y Z n a s c (b AA e (f (AB (AC f o) ab r) AD) h a (v (AE (AF x) t j a) ad) u q ad n q)))))
A (m (q (m (q (m f) q x)) q x)) B y (z m C (D z o) w) n b E F G (H (i I) ab J v) (K L M N O (z y z) P p ad r) (Q ab R S i f) (g (q (T y) m g g h l v (p j t e) r) (r e) (w ac k f) U p s g (V (W (X Y Z n a s c (b AA e (f (AB (AC f o) ab r) AD) h a (v (AE (AF x) t j a) ad) u q ad n q)))))
A (m (q (m (q (m (q ab q x)) q x)) q x)) B y (z m C (D z o) w) n b E F G (H (i I) ab J v) (K L M N O (z y z) P p ad r) (Q ab R S i f) (g (q (T y) m g g h l v (p j t e) r) (r e) (w ac k f) U p s g (V (W (X Y Z n a s c (b AA e (f (AB (AC f o) ab r) AD) h a (v (AE (AF x) t j a) ad) u q ad n q)))))
A (m (q (m (q (m (q (k (g k) x m) q x)) q x)) q x)) B y (z m C (D z o) w) n b E F G (H (i I) ab J v) (K L M N O (z y z) P p ad r) (Q ab R S i f) (g (q (T y) m g g h l v (p j t e) r) (r e) (w ac k f) U p s g (V (W (X Y Z n a s c (b AA e (f (AB (AC f o) ab r) AD) h a (v (AE (AF x) t j a) ad) u q ad n q)))))
A (m (q (m (q (m (q (z v l (g k) x m) q x)) q x)) q x)) B y (z m C (D z o) w) n b E F G (H (i I) ab J v) (K L M N O (z y z) P p ad r) (Q ab R S i f) (g (q (T y) m g g h l v (p j t e) r) (r e) (w ac k f) U p s g (V (W (X Y Z n a s c (b AA e (f (AB (AC f o) ab r) AD) h a (v (AE (AF x) t j a) ad) u q ad n q)))))
A (m (q (m (q (m (q (t m) q x)) q x)) q x)) B y (z m C (D z o) w) n b E F G (H (i I) ab J v) (K L M N O (z y z) P p ad r) (Q ab R S i f) (g (q (T y) m g g h l v (p j t e) r) (r e) (w ac k f) U p s g (V (W (X Y Z n a s c (b AA e (f (AB (AC f o) ab r) AD) h a (v (AE (AF x) t j a) ad) u q ad n q)))))
A (m (q (m (q (m (q (m f) q x)) q x)) q x)) B y (z m C (D z o) w) n b E F G (H (i I) ab J v) (K L M N O (z y z) P p ad r) (Q ab R S i f) (g (q (T y) m g g h l v (p j t e) r) (r e) (w ac k f) U p s g (V (W (X Y Z n a s c (b AA e (f (AB (AC f o) ab r) AD) h a (v (AE (AF x) t j a) ad) u q ad n q)))))
A (m (q (m (q (m (q (m (q ab q x)) q x)) q x)) q x)) B y (z m C (D z o) w) n b E F G (H (i I) ab J v) (K L M N O (z y z) P p ad r) (Q ab R S i f) (g (q (T y) m g g h l v (p j t e) r) (r e) (w ac k f) U p s g (V (W (X Y Z n a s c (b AA e (f (AB (AC f o) ab r) AD) h a (v (AE (AF x) t j a) ad) u q ad n q)))))
A (m (q (m (q (m (q (m (q (k (g k) x m) q x)) q x)) q x)) q x)) B y (z m C (D z o) w) n b E F G (H (i I) ab J v) (K L M N O (z y z) P p ad r) (Q ab R S i f) (g (q (T y) m g g h l v (p j t e) r) (r e) (w ac k f) U p s g (V (W (X Y Z n a s c (b AA e (f (AB (AC f o) ab r) AD) h a (v (AE (AF x) t j a) ad) u q ad n q)))))
A (m (q (m (q (m (q (m (q (z v l (g k) x m) q x)) q x)) q x)) q x)) B y (z m C (D z o) w) n b E F G (H (i I) ab J v) (K L M N O (z y z) P p ad r) (Q ab R S i f) (g (q (T y) m g g h l v (p j t e) r) (r e) (w ac k f) U p s g (V (W (X Y Z n a s c (b AA e (f (AB (AC f o) ab r) AD) h a (v (AE (AF x) t j a) ad) u q ad n q)))))
A (m (q (m (q (m (q (m (q (t m) q x)) q x)) q x)) q x)) B y (z m C (D z o) w) n b E F G (H (i I) ab J v) (K L M N O (z y z) P p ad r) (Q ab R S i f) (g (q (T y) m g g h l v (p j t e) r) (r e) (w ac k f) U p s g (V (W (X Y Z n a s c (b AA e (f (AB (AC f o) ab r) AD) h a (v (AE (AF x) t j a) ad) u q ad n q)))))
A (m (q (m (q (m (q (m (q (m f) q x)) q x)) q x)) q x)) B y (z m C (D z o) w) n b E F G (H (i I) ab J v) (K L M N O (z y z) P p ad r) (Q ab R S i f) (g (q (T y) m g g h l v (p j t e) r) (r e) (w ac k f) U p s g (V (W (X Y Z n a s c (b AA e (f (AB (AC f o) ab r) AD) h a (v (AE (AF x) t j a) ad) u q ad n q)))))
A (m (q (m (q (m (q (m (q (m (q ab q x)) q x)) q x)) q x)) q x)) B y (z m C (D z o) w) n b E F G (H (i I) ab J v) (K L M N O (z y z) P p ad r) (Q ab R S i f) (g (q (T y) m g g h l v (p j t e) r) (r e) (w ac k f) U p s g (V (W (X Y Z n a s c (b AA e (f (AB (AC f o) ab r) AD) h a (v (AE (AF x) t j a) ad) u q ad n q)))))
A (m (q (m (q (m (q (m (q (m (q (k (g k) x m) q x)) q x)) q x)) q x)) q x)) B y (z m C (D z o) w) n b E F G (H (i I) ab J v) (K L M N O (z y z) P p ad r) (Q ab R S i f) (g (q (T y) m g g h l v (p j t e) r) (r e) (w ac k f) U p s g (V (W (X Y Z n a s c (b AA e (f (AB (AC f o) ab r) AD) h a (v (AE (AF x) t j a) ad) u q ad n q)))))
A (m (q (m (q (m (q (m (q (m (q (z v l (g k) x m) q x)) q x)) q x)) q x)) q x)) B y (z m C (D z o) w) n b E F G (H (i I) ab J v) (K L M N O (z y z) P p ad r) (Q ab R S i f) (g (q (T y) m g g h l v (p j t e) r) (r e) (w ac k f) U p s g (V (W (X Y Z n a s c (b AA e (f (AB (AC f o) ab r) AD) h a (v (AE (AF x) t j a) ad) u q ad n q)))))
A (m (q (m (q (m (q (m (q (m (q (t m) q x)) q x)) q x)) q x)) q x)) B y (z m C (D z o) w) n b E F G (H (i I) ab J v) (K L M N O (z y z) P p ad r) (Q ab R S i f) (g (q (T y) m g g h l v (p j t e) r) (r e) (w ac k f) U p s g (V (W (X Y Z n a s c (b AA e (f (AB (AC f o) ab r) AD) h a (v (AE (AF x) t j a) ad) u q ad n q)))))
A (m (q (m (q (m (q (m (q (m (q (m f) q x)) q x)) q x)) q x)) q x)) B y (z m C (D z o) w) n b E F G (H (i I) ab J v) (K L M N O (z y z) P p ad r) (Q ab R S i f) (g (q (T y) m g g h l v (p j t e) r) (r e) (w ac k f) U p s g (V (W (X Y Z n a s c (b AA e (f (AB (AC f o) ab r) AD) h a (v (AE (AF x) t j a) ad) u q ad n q)))))


