a af ae = r h
b ae ai af ag ah = ai aa af (ai (v t n))
c ah af ae ag ai = l
d ag af ae = w
e ah ae ai af ag = ae (y ae s k z)
f = y h
g = k u n o i z d
h ae = z q r u ae
i ag ai ah ae af = ab (k aa u)
j ag ah ae af = f
k ag ae af ah = e (d (i j (ag p) ad q m))
l ae = q aa (ae h)
m ae = k aa ae y
n ae af = ab ad f q ae t e v t
o ae = v
p af ae = v af ae af f w (ac x y)
q ae af ag ah = b j (p v g y) k
r ae af = ad b c m c v h
s af ag ae = p f
t ag af ae = m w l y u (ae (v v y))
u = q k y (aa (p ad k) ab aa) j
v ag af ah ae = i x ag ab
w = d e j e o
x ag af ae = q ad z e w b (q z) k c
y = u w p c u r
z ae = ae l n
aa ag ai aj af ah ae = b w c r e
ab ai aj ae ag af ah = o
ac ah af ag ae = j a
ad ae = y p k a m i ae l y
main = A v v ad v u (B w g r ac u) C e D x ab ac k E F a G (H I ad e d) (n x (J K u a L (aa f M o (N e (ab r g (w l y i) O (P Q R d i q aa i (q S s) (T (U q s h) g V) W t) ad X d ad s q q Y Z r u v (c c AA (AB AC (u b s) r g n t w k AD AE m))) g y))))
------------------------------------------------------------
A v v ad v u (B w g r ac u) C e D x ab ac k E F a G (H I ad e d) (n x (J K u a L (aa f M o (N e (ab r g (w l y i) O (P Q R d i q aa i (q S s) (T (U q s h) g V) W t) ad X d ad s q q Y Z r u v (c c AA (AB AC (u b s) r g n t w k AD AE m))) g y))))
A v v ad v u (B w g r ac u) C e D x ab ac k E F a G (H I ad e d) (ab ad f q x t e v t)
A v v ad v u (B w g r ac u) C e D x ab ac k E F a G (H I ad e d) (o v t)
A v v ad v u (B w g r ac u) C e D x ab ac k E F a G (H I ad e d) (v t)


