a = ac
b af ah ag ai ae = h ah
c = t
d = g c t s w (ab h ac n)
e = q x m (r ad) f ad j w ad
f ai ah af ag ae = v w n
g ae af ag ah = h o c ab ae p e v k
h ai aj ag ae ah af = e af i z z p m
i ae ai ah af ag aj = r ad r w
j ag ae af ah ai = r (ac o l (x n ai))
k ae ag af = m aa n
l ae = u ac d e w x v g j o
m af ae = af af l ae
n af ah ae ag = af (j t ad ah a b) (s z)
o ae af = r ab
p = k (g d)
q = k c i i x r (o y)
r ae = ac z
s ah ag af ae = o (e h f i) z i f
t ae af = a h j
u af ag ae = q p f
v = n (b y d) m h
w af ag ae = j ae c n o aa y ad b
x ag ai af ah ae = ac y ad af ah ah
y ae = ae
z ae af ag = y ab h g (j l (ac i y ag))
aa ae = o
ab = k
ac ag af ae = c n g
ad ae = e k ab ae g y
main = A t B w e (ad aa) C D E (t n (F G H u d) q (u (I ab i J y) K (L M N O e) (P Q (R v ab z (m (l (ac d) y p j k))) (S x) p x) m x w p d t u ab) c x a) T U q V (b (W w) (X b) (s ab (Y k t n g (q k (aa j) (Z (z w (AA AB AC z n (AD ab m k l z AE g s))) AF u))))) t AG
------------------------------------------------------------
A t B w e (ad aa) C D E (t n (F G H u d) q (u (I ab i J y) K (L M N O e) (P Q (R v ab z (m (l (ac d) y p j k))) (S x) p x) m x w p d t u ab) c x a) T U q V (b (W w) (X b) (s ab (Y k t n g (q k (aa j) (Z (z w (AA AB AC z n (AD ab m k l z AE g s))) AF u))))) t AG
A t B w (q x m (r ad) f ad j w ad) (ad aa) C D E (t n (F G H u d) q (u (I ab i J y) K (L M N O e) (P Q (R v ab z (m (l (ac d) y p j k))) (S x) p x) m x w p d t u ab) c x a) T U q V (b (W w) (X b) (s ab (Y k t n g (q k (aa j) (Z (z w (AA AB AC z n (AD ab m k l z AE g s))) AF u))))) t AG
A t B w (k c i i x r (o y) x m (r ad) f ad j w ad) (ad aa) C D E (t n (F G H u d) q (u (I ab i J y) K (L M N O e) (P Q (R v ab z (m (l (ac d) y p j k))) (S x) p x) m x w p d t u ab) c x a) T U q V (b (W w) (X b) (s ab (Y k t n g (q k (aa j) (Z (z w (AA AB AC z n (AD ab m k l z AE g s))) AF u))))) t AG
A t B w (m aa n x r (o y) x m (r ad) f ad j w ad) (ad aa) C D E (t n (F G H u d) q (u (I ab i J y) K (L M N O e) (P Q (R v ab z (m (l (ac d) y p j k))) (S x) p x) m x w p d t u ab) c x a) T U q V (b (W w) (X b) (s ab (Y k t n g (q k (aa j) (Z (z w (AA AB AC z n (AD ab m k l z AE g s))) AF u))))) t AG
A t B w (aa aa l n x r (o y) x m (r ad) f ad j w ad) (ad aa) C D E (t n (F G H u d) q (u (I ab i J y) K (L M N O e) (P Q (R v ab z (m (l (ac d) y p j k))) (S x) p x) m x w p d t u ab) c x a) T U q V (b (W w) (X b) (s ab (Y k t n g (q k (aa j) (Z (z w (AA AB AC z n (AD ab m k l z AE g s))) AF u))))) t AG
A t B w (o l n x r (o y) x m (r ad) f ad j w ad) (ad aa) C D E (t n (F G H u d) q (u (I ab i J y) K (L M N O e) (P Q (R v ab z (m (l (ac d) y p j k))) (S x) p x) m x w p d t u ab) c x a) T U q V (b (W w) (X b) (s ab (Y k t n g (q k (aa j) (Z (z w (AA AB AC z n (AD ab m k l z AE g s))) AF u))))) t AG
A t B w (r ab x r (o y) x m (r ad) f ad j w ad) (ad aa) C D E (t n (F G H u d) q (u (I ab i J y) K (L M N O e) (P Q (R v ab z (m (l (ac d) y p j k))) (S x) p x) m x w p d t u ab) c x a) T U q V (b (W w) (X b) (s ab (Y k t n g (q k (aa j) (Z (z w (AA AB AC z n (AD ab m k l z AE g s))) AF u))))) t AG
A t B w (ac z x r (o y) x m (r ad) f ad j w ad) (ad aa) C D E (t n (F G H u d) q (u (I ab i J y) K (L M N O e) (P Q (R v ab z (m (l (ac d) y p j k))) (S x) p x) m x w p d t u ab) c x a) T U q V (b (W w) (X b) (s ab (Y k t n g (q k (aa j) (Z (z w (AA AB AC z n (AD ab m k l z AE g s))) AF u))))) t AG
A t B w (c n g (o y) x m (r ad) f ad j w ad) (ad aa) C D E (t n (F G H u d) q (u (I ab i J y) K (L M N O e) (P Q (R v ab z (m (l (ac d) y p j k))) (S x) p x) m x w p d t u ab) c x a) T U q V (b (W w) (X b) (s ab (Y k t n g (q k (aa j) (Z (z w (AA AB AC z n (AD ab m k l z AE g s))) AF u))))) t AG
A t B w (t n g (o y) x m (r ad) f ad j w ad) (ad aa) C D E (t n (F G H u d) q (u (I ab i J y) K (L M N O e) (P Q (R v ab z (m (l (ac d) y p j k))) (S x) p x) m x w p d t u ab) c x a) T U q V (b (W w) (X b) (s ab (Y k t n g (q k (aa j) (Z (z w (AA AB AC z n (AD ab m k l z AE g s))) AF u))))) t AG
A t B w (a h j (o y) x m (r ad) f ad j w ad) (ad aa) C D E (t n (F G H u d) q (u (I ab i J y) K (L M N O e) (P Q (R v ab z (m (l (ac d) y p j k))) (S x) p x) m x w p d t u ab) c x a) T U q V (b (W w) (X b) (s ab (Y k t n g (q k (aa j) (Z (z w (AA AB AC z n (AD ab m k l z AE g s))) AF u))))) t AG
A t B w (ac h j (o y) x m (r ad) f ad j w ad) (ad aa) C D E (t n (F G H u d) q (u (I ab i J y) K (L M N O e) (P Q (R v ab z (m (l (ac d) y p j k))) (S x) p x) m x w p d t u ab) c x a) T U q V (b (W w) (X b) (s ab (Y k t n g (q k (aa j) (Z (z w (AA AB AC z n (AD ab m k l z AE g s))) AF u))))) t AG
A t B w (c n g x m (r ad) f ad j w ad) (ad aa) C D E (t n (F G H u d) q (u (I ab i J y) K (L M N O e) (P Q (R v ab z (m (l (ac d) y p j k))) (S x) p x) m x w p d t u ab) c x a) T U q V (b (W w) (X b) (s ab (Y k t n g (q k (aa j) (Z (z w (AA AB AC z n (AD ab m k l z AE g s))) AF u))))) t AG
A t B w (t n g x m (r ad) f ad j w ad) (ad aa) C D E (t n (F G H u d) q (u (I ab i J y) K (L M N O e) (P Q (R v ab z (m (l (ac d) y p j k))) (S x) p x) m x w p d t u ab) c x a) T U q V (b (W w) (X b) (s ab (Y k t n g (q k (aa j) (Z (z w (AA AB AC z n (AD ab m k l z AE g s))) AF u))))) t AG
A t B w (a h j x m (r ad) f ad j w ad) (ad aa) C D E (t n (F G H u d) q (u (I ab i J y) K (L M N O e) (P Q (R v ab z (m (l (ac d) y p j k))) (S x) p x) m x w p d t u ab) c x a) T U q V (b (W w) (X b) (s ab (Y k t n g (q k (aa j) (Z (z w (AA AB AC z n (AD ab m k l z AE g s))) AF u))))) t AG
A t B w (ac h j x m (r ad) f ad j w ad) (ad aa) C D E (t n (F G H u d) q (u (I ab i J y) K (L M N O e) (P Q (R v ab z (m (l (ac d) y p j k))) (S x) p x) m x w p d t u ab) c x a) T U q V (b (W w) (X b) (s ab (Y k t n g (q k (aa j) (Z (z w (AA AB AC z n (AD ab m k l z AE g s))) AF u))))) t AG
A t B w (c n g m (r ad) f ad j w ad) (ad aa) C D E (t n (F G H u d) q (u (I ab i J y) K (L M N O e) (P Q (R v ab z (m (l (ac d) y p j k))) (S x) p x) m x w p d t u ab) c x a) T U q V (b (W w) (X b) (s ab (Y k t n g (q k (aa j) (Z (z w (AA AB AC z n (AD ab m k l z AE g s))) AF u))))) t AG
A t B w (t n g m (r ad) f ad j w ad) (ad aa) C D E (t n (F G H u d) q (u (I ab i J y) K (L M N O e) (P Q (R v ab z (m (l (ac d) y p j k))) (S x) p x) m x w p d t u ab) c x a) T U q V (b (W w) (X b) (s ab (Y k t n g (q k (aa j) (Z (z w (AA AB AC z n (AD ab m k l z AE g s))) AF u))))) t AG
A t B w (a h j m (r ad) f ad j w ad) (ad aa) C D E (t n (F G H u d) q (u (I ab i J y) K (L M N O e) (P Q (R v ab z (m (l (ac d) y p j k))) (S x) p x) m x w p d t u ab) c x a) T U q V (b (W w) (X b) (s ab (Y k t n g (q k (aa j) (Z (z w (AA AB AC z n (AD ab m k l z AE g s))) AF u))))) t AG
A t B w (ac h j m (r ad) f ad j w ad) (ad aa) C D E (t n (F G H u d) q (u (I ab i J y) K (L M N O e) (P Q (R v ab z (m (l (ac d) y p j k))) (S x) p x) m x w p d t u ab) c x a) T U q V (b (W w) (X b) (s ab (Y k t n g (q k (aa j) (Z (z w (AA AB AC z n (AD ab m k l z AE g s))) AF u))))) t AG
A t B w (c n g (r ad) f ad j w ad) (ad aa) C D E (t n (F G H u d) q (u (I ab i J y) K (L M N O e) (P Q (R v ab z (m (l (ac d) y p j k))) (S x) p x) m x w p d t u ab) c x a) T U q V (b (W w) (X b) (s ab (Y k t n g (q k (aa j) (Z (z w (AA AB AC z n (AD ab m k l z AE g s))) AF u))))) t AG
A t B w (t n g (r ad) f ad j w ad) (ad aa) C D E (t n (F G H u d) q (u (I ab i J y) K (L M N O e) (P Q (R v ab z (m (l (ac d) y p j k))) (S x) p x) m x w p d t u ab) c x a) T U q V (b (W w) (X b) (s ab (Y k t n g (q k (aa j) (Z (z w (AA AB AC z n (AD ab m k l z AE g s))) AF u))))) t AG
A t B w (a h j (r ad) f ad j w ad) (ad aa) C D E (t n (F G H u d) q (u (I ab i J y) K (L M N O e) (P Q (R v ab z (m (l (ac d) y p j k))) (S x) p x) m x w p d t u ab) c x a) T U q V (b (W w) (X b) (s ab (Y k t n g (q k (aa j) (Z (z w (AA AB AC z n (AD ab m k l z AE g s))) AF u))))) t AG
A t B w (ac h j (r ad) f ad j w ad) (ad aa) C D E (t n (F G H u d) q (u (I ab i J y) K (L M N O e) (P Q (R v ab z (m (l (ac d) y p j k))) (S x) p x) m x w p d t u ab) c x a) T U q V (b (W w) (X b) (s ab (Y k t n g (q k (aa j) (Z (z w (AA AB AC z n (AD ab m k l z AE g s))) AF u))))) t AG
A t B w (c n g f ad j w ad) (ad aa) C D E (t n (F G H u d) q (u (I ab i J y) K (L M N O e) (P Q (R v ab z (m (l (ac d) y p j k))) (S x) p x) m x w p d t u ab) c x a) T U q V (b (W w) (X b) (s ab (Y k t n g (q k (aa j) (Z (z w (AA AB AC z n (AD ab m k l z AE g s))) AF u))))) t AG
A t B w (t n g f ad j w ad) (ad aa) C D E (t n (F G H u d) q (u (I ab i J y) K (L M N O e) (P Q (R v ab z (m (l (ac d) y p j k))) (S x) p x) m x w p d t u ab) c x a) T U q V (b (W w) (X b) (s ab (Y k t n g (q k (aa j) (Z (z w (AA AB AC z n (AD ab m k l z AE g s))) AF u))))) t AG
A t B w (a h j f ad j w ad) (ad aa) C D E (t n (F G H u d) q (u (I ab i J y) K (L M N O e) (P Q (R v ab z (m (l (ac d) y p j k))) (S x) p x) m x w p d t u ab) c x a) T U q V (b (W w) (X b) (s ab (Y k t n g (q k (aa j) (Z (z w (AA AB AC z n (AD ab m k l z AE g s))) AF u))))) t AG
A t B w (ac h j f ad j w ad) (ad aa) C D E (t n (F G H u d) q (u (I ab i J y) K (L M N O e) (P Q (R v ab z (m (l (ac d) y p j k))) (S x) p x) m x w p d t u ab) c x a) T U q V (b (W w) (X b) (s ab (Y k t n g (q k (aa j) (Z (z w (AA AB AC z n (AD ab m k l z AE g s))) AF u))))) t AG
A t B w (c n g ad j w ad) (ad aa) C D E (t n (F G H u d) q (u (I ab i J y) K (L M N O e) (P Q (R v ab z (m (l (ac d) y p j k))) (S x) p x) m x w p d t u ab) c x a) T U q V (b (W w) (X b) (s ab (Y k t n g (q k (aa j) (Z (z w (AA AB AC z n (AD ab m k l z AE g s))) AF u))))) t AG
A t B w (t n g ad j w ad) (ad aa) C D E (t n (F G H u d) q (u (I ab i J y) K (L M N O e) (P Q (R v ab z (m (l (ac d) y p j k))) (S x) p x) m x w p d t u ab) c x a) T U q V (b (W w) (X b) (s ab (Y k t n g (q k (aa j) (Z (z w (AA AB AC z n (AD ab m k l z AE g s))) AF u))))) t AG


