al ao = a v d e c ab x aj (s ao) w (u q)
w ao aq ar ap = u (ak ao d aa ar s z n x)
b ao = p
h = aj c an
ah at ar aq ao au ap = k y au j am e l am
o aq ap ao = an ap ai ap e ae q ae x ab j
u ao ap = ab ak (z (f ai) (af c al q) ao)
s ao = ai al (b o ag j g b r an)
main = m A B al C w (D aa (E F y w)) aa t j u G H I ae v r k am J z K ag L o ae M af j r (N ag af) (O v u) ah aj P b Q (ac (R v n aj o aa p (l p ae) ai S T y r aj) t (U m am (V s g W (X z e v g d (Y s t ae g r) h af c j) n z (Z r al) t) w aj m al)) AA m ak
ae au ar at av aq ao ap = m au w i d (at i z)
ai aq ao ap ar = u w ao e ak (e aa ar ap (w b t)) v
t ap ao aq = ae y
aa ao aq ar ap = c (p (j i af ae) n z)
an av at au ar ao ap aq = ae (j ah al o) e f d e k c am ak
ab ao aq ap at ar = a v (b ag ak)
m aq ap ao = ap (ao d) ai g k g y ag
f ao = u ad ah ao ao u b (ak ad) (a m)
ad ap av au at ao ar aq = z v s ac (al ac y ab t) aa
ak ar aq ao ap = ad i aj i u e ab (c ai (s ag aj v))
x ap at aq au av ar ao = ah k (r q s s) w
aj au aq ao ar av at ap = ad s ag p ac am ab i
ac at ap ar ao aq = u (d at) (h at r af f aa (o af ab h))
d ao = c i ao (n u aj) ah g ad ai al
y ao = j (t p) ao (o ao d)
am ap ao = e ao q ah aa ah ap ao g
r ap ao = ap af l ag s ab ab (aj (am aj) j)
q = v d d m b s aj u n j i
l au at ao ap aq ar = i aj a ai aa m
e = ag l q aa g aj ah al w (am aj)
a ao = k (z ao aj ae (ak ao l af ao am) j)
af ap aq ao ar = n (ai (aa (aa b o))) ac c
n ao ap at au ar aq = r v (a af z (aj z h) r) l
p aq ap ao = l (aj (ao u (ap b ai q) u))
j ap ao aq ar = ap v
g ao = ag t
c av at aq ao ar au ap = o (k ah a ab (ao av i z))
v av ao au ar ap at aq = af z m af f aa j (al (l t aj ab))
ag at ao aq ap ar = x (at c) v ad ai u a (x e)
i au ap aq ar ao av at = aa (j al (al ad) f) q
z = ah o (l c ai u i (a ak ac))
k ao ap = ae af ap (ae ap al ac) i
------------------------------------------------------------
m A B al C w (D aa (E F y w)) aa t j u G H I ae v r k am J z K ag L o ae M af j r (N ag af) (O v u) ah aj P b Q (ac (R v n aj o aa p (l p ae) ai S T y r aj) t (U m am (V s g W (X z e v g d (Y s t ae g r) h af c j) n z (Z r al) t) w aj m al)) AA m ak
B (al d) ai g k g y ag C w (D aa (E F y w)) aa t j u G H I ae v r k am J z K ag L o ae M af j r (N ag af) (O v u) ah aj P b Q (ac (R v n aj o aa p (l p ae) ai S T y r aj) t (U m am (V s g W (X z e v g d (Y s t ae g r) h af c j) n z (Z r al) t) w aj m al)) AA m ak
B (a v d e c ab x aj (s d) w (u q)) ai g k g y ag C w (D aa (E F y w)) aa t j u G H I ae v r k am J z K ag L o ae M af j r (N ag af) (O v u) ah aj P b Q (ac (R v n aj o aa p (l p ae) ai S T y r aj) t (U m am (V s g W (X z e v g d (Y s t ae g r) h af c j) n z (Z r al) t) w aj m al)) AA m ak
B (k (z v aj ae (ak v l af v am) j) d e c ab x aj (s d) w (u q)) ai g k g y ag C w (D aa (E F y w)) aa t j u G H I ae v r k am J z K ag L o ae M af j r (N ag af) (O v u) ah aj P b Q (ac (R v n aj o aa p (l p ae) ai S T y r aj) t (U m am (V s g W (X z e v g d (Y s t ae g r) h af c j) n z (Z r al) t) w aj m al)) AA m ak
B (ae af d (ae d al ac) i e c ab x aj (s d) w (u q)) ai g k g y ag C w (D aa (E F y w)) aa t j u G H I ae v r k am J z K ag L o ae M af j r (N ag af) (O v u) ah aj P b Q (ac (R v n aj o aa p (l p ae) ai S T y r aj) t (U m am (V s g W (X z e v g d (Y s t ae g r) h af c j) n z (Z r al) t) w aj m al)) AA m ak
B (m af w i d (ae d al ac i z) x aj (s d) w (u q)) ai g k g y ag C w (D aa (E F y w)) aa t j u G H I ae v r k am J z K ag L o ae M af j r (N ag af) (O v u) ah aj P b Q (ac (R v n aj o aa p (l p ae) ai S T y r aj) t (U m am (V s g W (X z e v g d (Y s t ae g r) h af c j) n z (Z r al) t) w aj m al)) AA m ak
B (w (i d) ai g k g y ag d (ae d al ac i z) x aj (s d) w (u q)) ai g k g y ag C w (D aa (E F y w)) aa t j u G H I ae v r k am J z K ag L o ae M af j r (N ag af) (O v u) ah aj P b Q (ac (R v n aj o aa p (l p ae) ai S T y r aj) t (U m am (V s g W (X z e v g d (Y s t ae g r) h af c j) n z (Z r al) t) w aj m al)) AA m ak
B (u (ak (i d) d aa g s z n x) g y ag d (ae d al ac i z) x aj (s d) w (u q)) ai g k g y ag C w (D aa (E F y w)) aa t j u G H I ae v r k am J z K ag L o ae M af j r (N ag af) (O v u) ah aj P b Q (ac (R v n aj o aa p (l p ae) ai S T y r aj) t (U m am (V s g W (X z e v g d (Y s t ae g r) h af c j) n z (Z r al) t) w aj m al)) AA m ak
B (ab ak (z (f ai) (af c al q) (ak (i d) d aa g s z n x)) y ag d (ae d al ac i z) x aj (s d) w (u q)) ai g k g y ag C w (D aa (E F y w)) aa t j u G H I ae v r k am J z K ag L o ae M af j r (N ag af) (O v u) ah aj P b Q (ac (R v n aj o aa p (l p ae) ai S T y r aj) t (U m am (V s g W (X z e v g d (Y s t ae g r) h af c j) n z (Z r al) t) w aj m al)) AA m ak
B (a v (b ag ak) (ae d al ac i z) x aj (s d) w (u q)) ai g k g y ag C w (D aa (E F y w)) aa t j u G H I ae v r k am J z K ag L o ae M af j r (N ag af) (O v u) ah aj P b Q (ac (R v n aj o aa p (l p ae) ai S T y r aj) t (U m am (V s g W (X z e v g d (Y s t ae g r) h af c j) n z (Z r al) t) w aj m al)) AA m ak
B (k (z v aj ae (ak v l af v am) j) (b ag ak) (ae d al ac i z) x aj (s d) w (u q)) ai g k g y ag C w (D aa (E F y w)) aa t j u G H I ae v r k am J z K ag L o ae M af j r (N ag af) (O v u) ah aj P b Q (ac (R v n aj o aa p (l p ae) ai S T y r aj) t (U m am (V s g W (X z e v g d (Y s t ae g r) h af c j) n z (Z r al) t) w aj m al)) AA m ak
B (ae af (b ag ak) (ae (b ag ak) al ac) i (ae d al ac i z) x aj (s d) w (u q)) ai g k g y ag C w (D aa (E F y w)) aa t j u G H I ae v r k am J z K ag L o ae M af j r (N ag af) (O v u) ah aj P b Q (ac (R v n aj o aa p (l p ae) ai S T y r aj) t (U m am (V s g W (X z e v g d (Y s t ae g r) h af c j) n z (Z r al) t) w aj m al)) AA m ak
B (m af w i d (ae (b ag ak) al ac i z) (s d) w (u q)) ai g k g y ag C w (D aa (E F y w)) aa t j u G H I ae v r k am J z K ag L o ae M af j r (N ag af) (O v u) ah aj P b Q (ac (R v n aj o aa p (l p ae) ai S T y r aj) t (U m am (V s g W (X z e v g d (Y s t ae g r) h af c j) n z (Z r al) t) w aj m al)) AA m ak
B (w (i d) ai g k g y ag d (ae (b ag ak) al ac i z) (s d) w (u q)) ai g k g y ag C w (D aa (E F y w)) aa t j u G H I ae v r k am J z K ag L o ae M af j r (N ag af) (O v u) ah aj P b Q (ac (R v n aj o aa p (l p ae) ai S T y r aj) t (U m am (V s g W (X z e v g d (Y s t ae g r) h af c j) n z (Z r al) t) w aj m al)) AA m ak
B (u (ak (i d) d aa g s z n x) g y ag d (ae (b ag ak) al ac i z) (s d) w (u q)) ai g k g y ag C w (D aa (E F y w)) aa t j u G H I ae v r k am J z K ag L o ae M af j r (N ag af) (O v u) ah aj P b Q (ac (R v n aj o aa p (l p ae) ai S T y r aj) t (U m am (V s g W (X z e v g d (Y s t ae g r) h af c j) n z (Z r al) t) w aj m al)) AA m ak
B (ab ak (z (f ai) (af c al q) (ak (i d) d aa g s z n x)) y ag d (ae (b ag ak) al ac i z) (s d) w (u q)) ai g k g y ag C w (D aa (E F y w)) aa t j u G H I ae v r k am J z K ag L o ae M af j r (N ag af) (O v u) ah aj P b Q (ac (R v n aj o aa p (l p ae) ai S T y r aj) t (U m am (V s g W (X z e v g d (Y s t ae g r) h af c j) n z (Z r al) t) w aj m al)) AA m ak
B (a v (b ag ak) (ae (b ag ak) al ac i z) (s d) w (u q)) ai g k g y ag C w (D aa (E F y w)) aa t j u G H I ae v r k am J z K ag L o ae M af j r (N ag af) (O v u) ah aj P b Q (ac (R v n aj o aa p (l p ae) ai S T y r aj) t (U m am (V s g W (X z e v g d (Y s t ae g r) h af c j) n z (Z r al) t) w aj m al)) AA m ak
B (k (z v aj ae (ak v l af v am) j) (b ag ak) (ae (b ag ak) al ac i z) (s d) w (u q)) ai g k g y ag C w (D aa (E F y w)) aa t j u G H I ae v r k am J z K ag L o ae M af j r (N ag af) (O v u) ah aj P b Q (ac (R v n aj o aa p (l p ae) ai S T y r aj) t (U m am (V s g W (X z e v g d (Y s t ae g r) h af c j) n z (Z r al) t) w aj m al)) AA m ak
B (ae af (b ag ak) (ae (b ag ak) al ac) i (ae (b ag ak) al ac i z) (s d) w (u q)) ai g k g y ag C w (D aa (E F y w)) aa t j u G H I ae v r k am J z K ag L o ae M af j r (N ag af) (O v u) ah aj P b Q (ac (R v n aj o aa p (l p ae) ai S T y r aj) t (U m am (V s g W (X z e v g d (Y s t ae g r) h af c j) n z (Z r al) t) w aj m al)) AA m ak
B (m af w i d (ae (b ag ak) al ac i z) (u q)) ai g k g y ag C w (D aa (E F y w)) aa t j u G H I ae v r k am J z K ag L o ae M af j r (N ag af) (O v u) ah aj P b Q (ac (R v n aj o aa p (l p ae) ai S T y r aj) t (U m am (V s g W (X z e v g d (Y s t ae g r) h af c j) n z (Z r al) t) w aj m al)) AA m ak
B (w (i d) ai g k g y ag d (ae (b ag ak) al ac i z) (u q)) ai g k g y ag C w (D aa (E F y w)) aa t j u G H I ae v r k am J z K ag L o ae M af j r (N ag af) (O v u) ah aj P b Q (ac (R v n aj o aa p (l p ae) ai S T y r aj) t (U m am (V s g W (X z e v g d (Y s t ae g r) h af c j) n z (Z r al) t) w aj m al)) AA m ak
B (u (ak (i d) d aa g s z n x) g y ag d (ae (b ag ak) al ac i z) (u q)) ai g k g y ag C w (D aa (E F y w)) aa t j u G H I ae v r k am J z K ag L o ae M af j r (N ag af) (O v u) ah aj P b Q (ac (R v n aj o aa p (l p ae) ai S T y r aj) t (U m am (V s g W (X z e v g d (Y s t ae g r) h af c j) n z (Z r al) t) w aj m al)) AA m ak
B (ab ak (z (f ai) (af c al q) (ak (i d) d aa g s z n x)) y ag d (ae (b ag ak) al ac i z) (u q)) ai g k g y ag C w (D aa (E F y w)) aa t j u G H I ae v r k am J z K ag L o ae M af j r (N ag af) (O v u) ah aj P b Q (ac (R v n aj o aa p (l p ae) ai S T y r aj) t (U m am (V s g W (X z e v g d (Y s t ae g r) h af c j) n z (Z r al) t) w aj m al)) AA m ak
B (a v (b ag ak) (ae (b ag ak) al ac i z) (u q)) ai g k g y ag C w (D aa (E F y w)) aa t j u G H I ae v r k am J z K ag L o ae M af j r (N ag af) (O v u) ah aj P b Q (ac (R v n aj o aa p (l p ae) ai S T y r aj) t (U m am (V s g W (X z e v g d (Y s t ae g r) h af c j) n z (Z r al) t) w aj m al)) AA m ak
B (k (z v aj ae (ak v l af v am) j) (b ag ak) (ae (b ag ak) al ac i z) (u q)) ai g k g y ag C w (D aa (E F y w)) aa t j u G H I ae v r k am J z K ag L o ae M af j r (N ag af) (O v u) ah aj P b Q (ac (R v n aj o aa p (l p ae) ai S T y r aj) t (U m am (V s g W (X z e v g d (Y s t ae g r) h af c j) n z (Z r al) t) w aj m al)) AA m ak
B (ae af (b ag ak) (ae (b ag ak) al ac) i (ae (b ag ak) al ac i z) (u q)) ai g k g y ag C w (D aa (E F y w)) aa t j u G H I ae v r k am J z K ag L o ae M af j r (N ag af) (O v u) ah aj P b Q (ac (R v n aj o aa p (l p ae) ai S T y r aj) t (U m am (V s g W (X z e v g d (Y s t ae g r) h af c j) n z (Z r al) t) w aj m al)) AA m ak
B (ae af (p ak) (ae (b ag ak) al ac) i (ae (b ag ak) al ac i z) (u q)) ai g k g y ag C w (D aa (E F y w)) aa t j u G H I ae v r k am J z K ag L o ae M af j r (N ag af) (O v u) ah aj P b Q (ac (R v n aj o aa p (l p ae) ai S T y r aj) t (U m am (V s g W (X z e v g d (Y s t ae g r) h af c j) n z (Z r al) t) w aj m al)) AA m ak
B (ae af (p ak) (ae (p ak) al ac) i (ae (b ag ak) al ac i z) (u q)) ai g k g y ag C w (D aa (E F y w)) aa t j u G H I ae v r k am J z K ag L o ae M af j r (N ag af) (O v u) ah aj P b Q (ac (R v n aj o aa p (l p ae) ai S T y r aj) t (U m am (V s g W (X z e v g d (Y s t ae g r) h af c j) n z (Z r al) t) w aj m al)) AA m ak
B (ae af (p ak) (ae (p ak) al ac) i (ae (p ak) al ac i z) (u q)) ai g k g y ag C w (D aa (E F y w)) aa t j u G H I ae v r k am J z K ag L o ae M af j r (N ag af) (O v u) ah aj P b Q (ac (R v n aj o aa p (l p ae) ai S T y r aj) t (U m am (V s g W (X z e v g d (Y s t ae g r) h af c j) n z (Z r al) t) w aj m al)) AA m ak


