c ao = x ah b ah
ac = t r al al ah (ak a) h c w ai a t
w at ap aq ao av ar au = ak o (y ap ac i al ai) ai
b av aq ap ao ar au at = aa (at ak i n (j o al) ah s ao av)
i = ag m t (ae aj ae u n u) g
u = af (l y) (m p) ag p (z am n) aj
ad ao ap aq ar = f n t t ac l am aa (b g s) w
y aq ar ao ap = v (r z al i i q) j
h ao ar aq ap = z p g ac (z w al) ap (c f l al)
j ap ao = d (f d x am q (z aa b)) q e
al ao aq ap ar = w an s an an
g av ap at ao aq au ar = k i ah e z v q x u p ab ab al
ak ar ap aq au ao at = aj s u (ac (af at s) m k)
d ap au ao at aq ar = ai u (i h p af) g k r ao
n ao at aq ar ap av au = ao m ac a x
l ao ap = ap v ad
x = c al n (b ab ak ad an y) g ag af p
am ao aq ap = h ac g u i z
a ap ao ar aq = aj g an ai l e ab ae aj j ao p
ag ao = ao an v (ao ab c o p y) w p
ae ao = ao n ak ao af z (y ac) an an ag f
ab ar ao ap aq = g (q (ah aq g b z) h q an aj)
k ar ap ao aq = af ar n ak j ai ac m (aj ae ar)
p ar ap ao aq = al am aj j ab ag w ab ac aq h g
af aq ar ap ao = c al ae e j (u q ag g)
q ap ao = r aj m al m x ac
f ap ao ar aq at = ac am s y af an
v ao = r d z p ag (ab ad al y r c a)
s ao ar aq au at ap = am (f ab d h i a ak (g c ah d))
ai aq at av au ap ao ar = v a l
r ao ap = ap q ap ag ao h n x c ao ah am
m ar at au aq ao ap = aj ak ae j n ah
ah ao aq ap = h i an
aa av ap ao aq ar au at = w ai t af ao ab n av
o ar ao av aq au at ap = b g (ar d am an) av w q af
main = m A p r f B f e w q (C D E F i w an) G H I J aa an (m (af x s l (t w w) c w)) w w (d y (K c)) L ag ag (m (f m (am ag ae an) a z (M N al) f p)) u ag d O l P Q (R am) S T (U o al (u o) p c V p (W (am (q ag (X Y z (j f ai) d) a p m (o m c)) Z aj n AA a) AB l))
aj ao = q z ah aa p ab u
e ap au aq ao at ar av = w aj g l x a (aq aq)
an aq ao ap = aj f t (p ah y (k c f ai)) ak ad
t ao = f (e x) o
z aq ap ar ao = ah aa af c s x g o (l i) ag m f
------------------------------------------------------------
m A p r f B f e w q (C D E F i w an) G H I J aa an (m (af x s l (t w w) c w)) w w (d y (K c)) L ag ag (m (f m (am ag ae an) a z (M N al) f p)) u ag d O l P Q (R am) S T (U o al (u o) p c V p (W (am (q ag (X Y z (j f ai) d) a p m (o m c)) Z aj n AA a) AB l))
aj ak ae j n ah e w q (C D E F i w an) G H I J aa an (m (af x s l (t w w) c w)) w w (d y (K c)) L ag ag (m (f m (am ag ae an) a z (M N al) f p)) u ag d O l P Q (R am) S T (U o al (u o) p c V p (W (am (q ag (X Y z (j f ai) d) a p m (o m c)) Z aj n AA a) AB l))
q z ah aa p ab u ae j n ah e w q (C D E F i w an) G H I J aa an (m (af x s l (t w w) c w)) w w (d y (K c)) L ag ag (m (f m (am ag ae an) a z (M N al) f p)) u ag d O l P Q (R am) S T (U o al (u o) p c V p (W (am (q ag (X Y z (j f ai) d) a p m (o m c)) Z aj n AA a) AB l))
r aj m al m x ac aa p ab u ae j n ah e w q (C D E F i w an) G H I J aa an (m (af x s l (t w w) c w)) w w (d y (K c)) L ag ag (m (f m (am ag ae an) a z (M N al) f p)) u ag d O l P Q (R am) S T (U o al (u o) p c V p (W (am (q ag (X Y z (j f ai) d) a p m (o m c)) Z aj n AA a) AB l))
m q m ag aj h n x c aj ah am al m x ac aa p ab u ae j n ah e w q (C D E F i w an) G H I J aa an (m (af x s l (t w w) c w)) w w (d y (K c)) L ag ag (m (f m (am ag ae an) a z (M N al) f p)) u ag d O l P Q (R am) S T (U o al (u o) p c V p (W (am (q ag (X Y z (j f ai) d) a p m (o m c)) Z aj n AA a) AB l))
aj ak ae j n ah x c aj ah am al m x ac aa p ab u ae j n ah e w q (C D E F i w an) G H I J aa an (m (af x s l (t w w) c w)) w w (d y (K c)) L ag ag (m (f m (am ag ae an) a z (M N al) f p)) u ag d O l P Q (R am) S T (U o al (u o) p c V p (W (am (q ag (X Y z (j f ai) d) a p m (o m c)) Z aj n AA a) AB l))
q z ah aa p ab u ae j n ah x c aj ah am al m x ac aa p ab u ae j n ah e w q (C D E F i w an) G H I J aa an (m (af x s l (t w w) c w)) w w (d y (K c)) L ag ag (m (f m (am ag ae an) a z (M N al) f p)) u ag d O l P Q (R am) S T (U o al (u o) p c V p (W (am (q ag (X Y z (j f ai) d) a p m (o m c)) Z aj n AA a) AB l))
r aj m al m x ac aa p ab u ae j n ah x c aj ah am al m x ac aa p ab u ae j n ah e w q (C D E F i w an) G H I J aa an (m (af x s l (t w w) c w)) w w (d y (K c)) L ag ag (m (f m (am ag ae an) a z (M N al) f p)) u ag d O l P Q (R am) S T (U o al (u o) p c V p (W (am (q ag (X Y z (j f ai) d) a p m (o m c)) Z aj n AA a) AB l))
m q m ag aj h n x c aj ah am al m x ac aa p ab u ae j n ah x c aj ah am al m x ac aa p ab u ae j n ah e w q (C D E F i w an) G H I J aa an (m (af x s l (t w w) c w)) w w (d y (K c)) L ag ag (m (f m (am ag ae an) a z (M N al) f p)) u ag d O l P Q (R am) S T (U o al (u o) p c V p (W (am (q ag (X Y z (j f ai) d) a p m (o m c)) Z aj n AA a) AB l))
aj ak ae j n ah x c aj ah am al m x ac aa p ab u ae j n ah x c aj ah am al m x ac aa p ab u ae j n ah e w q (C D E F i w an) G H I J aa an (m (af x s l (t w w) c w)) w w (d y (K c)) L ag ag (m (f m (am ag ae an) a z (M N al) f p)) u ag d O l P Q (R am) S T (U o al (u o) p c V p (W (am (q ag (X Y z (j f ai) d) a p m (o m c)) Z aj n AA a) AB l))
q z ah aa p ab u ae j n ah x c aj ah am al m x ac aa p ab u ae j n ah x c aj ah am al m x ac aa p ab u ae j n ah e w q (C D E F i w an) G H I J aa an (m (af x s l (t w w) c w)) w w (d y (K c)) L ag ag (m (f m (am ag ae an) a z (M N al) f p)) u ag d O l P Q (R am) S T (U o al (u o) p c V p (W (am (q ag (X Y z (j f ai) d) a p m (o m c)) Z aj n AA a) AB l))
r aj m al m x ac aa p ab u ae j n ah x c aj ah am al m x ac aa p ab u ae j n ah x c aj ah am al m x ac aa p ab u ae j n ah e w q (C D E F i w an) G H I J aa an (m (af x s l (t w w) c w)) w w (d y (K c)) L ag ag (m (f m (am ag ae an) a z (M N al) f p)) u ag d O l P Q (R am) S T (U o al (u o) p c V p (W (am (q ag (X Y z (j f ai) d) a p m (o m c)) Z aj n AA a) AB l))
m q m ag aj h n x c aj ah am al m x ac aa p ab u ae j n ah x c aj ah am al m x ac aa p ab u ae j n ah x c aj ah am al m x ac aa p ab u ae j n ah e w q (C D E F i w an) G H I J aa an (m (af x s l (t w w) c w)) w w (d y (K c)) L ag ag (m (f m (am ag ae an) a z (M N al) f p)) u ag d O l P Q (R am) S T (U o al (u o) p c V p (W (am (q ag (X Y z (j f ai) d) a p m (o m c)) Z aj n AA a) AB l))
aj ak ae j n ah x c aj ah am al m x ac aa p ab u ae j n ah x c aj ah am al m x ac aa p ab u ae j n ah x c aj ah am al m x ac aa p ab u ae j n ah e w q (C D E F i w an) G H I J aa an (m (af x s l (t w w) c w)) w w (d y (K c)) L ag ag (m (f m (am ag ae an) a z (M N al) f p)) u ag d O l P Q (R am) S T (U o al (u o) p c V p (W (am (q ag (X Y z (j f ai) d) a p m (o m c)) Z aj n AA a) AB l))
q z ah aa p ab u ae j n ah x c aj ah am al m x ac aa p ab u ae j n ah x c aj ah am al m x ac aa p ab u ae j n ah x c aj ah am al m x ac aa p ab u ae j n ah e w q (C D E F i w an) G H I J aa an (m (af x s l (t w w) c w)) w w (d y (K c)) L ag ag (m (f m (am ag ae an) a z (M N al) f p)) u ag d O l P Q (R am) S T (U o al (u o) p c V p (W (am (q ag (X Y z (j f ai) d) a p m (o m c)) Z aj n AA a) AB l))
r aj m al m x ac aa p ab u ae j n ah x c aj ah am al m x ac aa p ab u ae j n ah x c aj ah am al m x ac aa p ab u ae j n ah x c aj ah am al m x ac aa p ab u ae j n ah e w q (C D E F i w an) G H I J aa an (m (af x s l (t w w) c w)) w w (d y (K c)) L ag ag (m (f m (am ag ae an) a z (M N al) f p)) u ag d O l P Q (R am) S T (U o al (u o) p c V p (W (am (q ag (X Y z (j f ai) d) a p m (o m c)) Z aj n AA a) AB l))
m q m ag aj h n x c aj ah am al m x ac aa p ab u ae j n ah x c aj ah am al m x ac aa p ab u ae j n ah x c aj ah am al m x ac aa p ab u ae j n ah x c aj ah am al m x ac aa p ab u ae j n ah e w q (C D E F i w an) G H I J aa an (m (af x s l (t w w) c w)) w w (d y (K c)) L ag ag (m (f m (am ag ae an) a z (M N al) f p)) u ag d O l P Q (R am) S T (U o al (u o) p c V p (W (am (q ag (X Y z (j f ai) d) a p m (o m c)) Z aj n AA a) AB l))
aj ak ae j n ah x c aj ah am al m x ac aa p ab u ae j n ah x c aj ah am al m x ac aa p ab u ae j n ah x c aj ah am al m x ac aa p ab u ae j n ah x c aj ah am al m x ac aa p ab u ae j n ah e w q (C D E F i w an) G H I J aa an (m (af x s l (t w w) c w)) w w (d y (K c)) L ag ag (m (f m (am ag ae an) a z (M N al) f p)) u ag d O l P Q (R am) S T (U o al (u o) p c V p (W (am (q ag (X Y z (j f ai) d) a p m (o m c)) Z aj n AA a) AB l))
q z ah aa p ab u ae j n ah x c aj ah am al m x ac aa p ab u ae j n ah x c aj ah am al m x ac aa p ab u ae j n ah x c aj ah am al m x ac aa p ab u ae j n ah x c aj ah am al m x ac aa p ab u ae j n ah e w q (C D E F i w an) G H I J aa an (m (af x s l (t w w) c w)) w w (d y (K c)) L ag ag (m (f m (am ag ae an) a z (M N al) f p)) u ag d O l P Q (R am) S T (U o al (u o) p c V p (W (am (q ag (X Y z (j f ai) d) a p m (o m c)) Z aj n AA a) AB l))
r aj m al m x ac aa p ab u ae j n ah x c aj ah am al m x ac aa p ab u ae j n ah x c aj ah am al m x ac aa p ab u ae j n ah x c aj ah am al m x ac aa p ab u ae j n ah x c aj ah am al m x ac aa p ab u ae j n ah e w q (C D E F i w an) G H I J aa an (m (af x s l (t w w) c w)) w w (d y (K c)) L ag ag (m (f m (am ag ae an) a z (M N al) f p)) u ag d O l P Q (R am) S T (U o al (u o) p c V p (W (am (q ag (X Y z (j f ai) d) a p m (o m c)) Z aj n AA a) AB l))
m q m ag aj h n x c aj ah am al m x ac aa p ab u ae j n ah x c aj ah am al m x ac aa p ab u ae j n ah x c aj ah am al m x ac aa p ab u ae j n ah x c aj ah am al m x ac aa p ab u ae j n ah x c aj ah am al m x ac aa p ab u ae j n ah e w q (C D E F i w an) G H I J aa an (m (af x s l (t w w) c w)) w w (d y (K c)) L ag ag (m (f m (am ag ae an) a z (M N al) f p)) u ag d O l P Q (R am) S T (U o al (u o) p c V p (W (am (q ag (X Y z (j f ai) d) a p m (o m c)) Z aj n AA a) AB l))
aj ak ae j n ah x c aj ah am al m x ac aa p ab u ae j n ah x c aj ah am al m x ac aa p ab u ae j n ah x c aj ah am al m x ac aa p ab u ae j n ah x c aj ah am al m x ac aa p ab u ae j n ah x c aj ah am al m x ac aa p ab u ae j n ah e w q (C D E F i w an) G H I J aa an (m (af x s l (t w w) c w)) w w (d y (K c)) L ag ag (m (f m (am ag ae an) a z (M N al) f p)) u ag d O l P Q (R am) S T (U o al (u o) p c V p (W (am (q ag (X Y z (j f ai) d) a p m (o m c)) Z aj n AA a) AB l))
q z ah aa p ab u ae j n ah x c aj ah am al m x ac aa p ab u ae j n ah x c aj ah am al m x ac aa p ab u ae j n ah x c aj ah am al m x ac aa p ab u ae j n ah x c aj ah am al m x ac aa p ab u ae j n ah x c aj ah am al m x ac aa p ab u ae j n ah e w q (C D E F i w an) G H I J aa an (m (af x s l (t w w) c w)) w w (d y (K c)) L ag ag (m (f m (am ag ae an) a z (M N al) f p)) u ag d O l P Q (R am) S T (U o al (u o) p c V p (W (am (q ag (X Y z (j f ai) d) a p m (o m c)) Z aj n AA a) AB l))
r aj m al m x ac aa p ab u ae j n ah x c aj ah am al m x ac aa p ab u ae j n ah x c aj ah am al m x ac aa p ab u ae j n ah x c aj ah am al m x ac aa p ab u ae j n ah x c aj ah am al m x ac aa p ab u ae j n ah x c aj ah am al m x ac aa p ab u ae j n ah e w q (C D E F i w an) G H I J aa an (m (af x s l (t w w) c w)) w w (d y (K c)) L ag ag (m (f m (am ag ae an) a z (M N al) f p)) u ag d O l P Q (R am) S T (U o al (u o) p c V p (W (am (q ag (X Y z (j f ai) d) a p m (o m c)) Z aj n AA a) AB l))
m q m ag aj h n x c aj ah am al m x ac aa p ab u ae j n ah x c aj ah am al m x ac aa p ab u ae j n ah x c aj ah am al m x ac aa p ab u ae j n ah x c aj ah am al m x ac aa p ab u ae j n ah x c aj ah am al m x ac aa p ab u ae j n ah x c aj ah am al m x ac aa p ab u ae j n ah e w q (C D E F i w an) G H I J aa an (m (af x s l (t w w) c w)) w w (d y (K c)) L ag ag (m (f m (am ag ae an) a z (M N al) f p)) u ag d O l P Q (R am) S T (U o al (u o) p c V p (W (am (q ag (X Y z (j f ai) d) a p m (o m c)) Z aj n AA a) AB l))
aj ak ae j n ah x c aj ah am al m x ac aa p ab u ae j n ah x c aj ah am al m x ac aa p ab u ae j n ah x c aj ah am al m x ac aa p ab u ae j n ah x c aj ah am al m x ac aa p ab u ae j n ah x c aj ah am al m x ac aa p ab u ae j n ah x c aj ah am al m x ac aa p ab u ae j n ah e w q (C D E F i w an) G H I J aa an (m (af x s l (t w w) c w)) w w (d y (K c)) L ag ag (m (f m (am ag ae an) a z (M N al) f p)) u ag d O l P Q (R am) S T (U o al (u o) p c V p (W (am (q ag (X Y z (j f ai) d) a p m (o m c)) Z aj n AA a) AB l))
q z ah aa p ab u ae j n ah x c aj ah am al m x ac aa p ab u ae j n ah x c aj ah am al m x ac aa p ab u ae j n ah x c aj ah am al m x ac aa p ab u ae j n ah x c aj ah am al m x ac aa p ab u ae j n ah x c aj ah am al m x ac aa p ab u ae j n ah x c aj ah am al m x ac aa p ab u ae j n ah e w q (C D E F i w an) G H I J aa an (m (af x s l (t w w) c w)) w w (d y (K c)) L ag ag (m (f m (am ag ae an) a z (M N al) f p)) u ag d O l P Q (R am) S T (U o al (u o) p c V p (W (am (q ag (X Y z (j f ai) d) a p m (o m c)) Z aj n AA a) AB l))
r aj m al m x ac aa p ab u ae j n ah x c aj ah am al m x ac aa p ab u ae j n ah x c aj ah am al m x ac aa p ab u ae j n ah x c aj ah am al m x ac aa p ab u ae j n ah x c aj ah am al m x ac aa p ab u ae j n ah x c aj ah am al m x ac aa p ab u ae j n ah x c aj ah am al m x ac aa p ab u ae j n ah e w q (C D E F i w an) G H I J aa an (m (af x s l (t w w) c w)) w w (d y (K c)) L ag ag (m (f m (am ag ae an) a z (M N al) f p)) u ag d O l P Q (R am) S T (U o al (u o) p c V p (W (am (q ag (X Y z (j f ai) d) a p m (o m c)) Z aj n AA a) AB l))
m q m ag aj h n x c aj ah am al m x ac aa p ab u ae j n ah x c aj ah am al m x ac aa p ab u ae j n ah x c aj ah am al m x ac aa p ab u ae j n ah x c aj ah am al m x ac aa p ab u ae j n ah x c aj ah am al m x ac aa p ab u ae j n ah x c aj ah am al m x ac aa p ab u ae j n ah x c aj ah am al m x ac aa p ab u ae j n ah e w q (C D E F i w an) G H I J aa an (m (af x s l (t w w) c w)) w w (d y (K c)) L ag ag (m (f m (am ag ae an) a z (M N al) f p)) u ag d O l P Q (R am) S T (U o al (u o) p c V p (W (am (q ag (X Y z (j f ai) d) a p m (o m c)) Z aj n AA a) AB l))
aj ak ae j n ah x c aj ah am al m x ac aa p ab u ae j n ah x c aj ah am al m x ac aa p ab u ae j n ah x c aj ah am al m x ac aa p ab u ae j n ah x c aj ah am al m x ac aa p ab u ae j n ah x c aj ah am al m x ac aa p ab u ae j n ah x c aj ah am al m x ac aa p ab u ae j n ah x c aj ah am al m x ac aa p ab u ae j n ah e w q (C D E F i w an) G H I J aa an (m (af x s l (t w w) c w)) w w (d y (K c)) L ag ag (m (f m (am ag ae an) a z (M N al) f p)) u ag d O l P Q (R am) S T (U o al (u o) p c V p (W (am (q ag (X Y z (j f ai) d) a p m (o m c)) Z aj n AA a) AB l))


