a ae c (ad (u f m d s q))
b i p (e (t c d l) j ac)
c ad
d h s s f k t l p
e ae ag ah ai af aj d z z b ag f
f ae g m (r v a ae)
g r
h af ae y
i ag ae af ad
j ah af ag ae h u i v u
k ag ae af c n e y ae (ac n ae aa) b
l af aj ah ae ag ai v w (t d k ad) b r ab h
m x x a t w p h x l n
n ae aj ah ai ag af i r c j (k (j m p) b aj)
o ac u z m w u
p af ai ae ah ag aj n q z g
q af ae ab u (ab y r) ae ae w a
r ae ag af ai ah a (a j) ad q
s ae ac c
t ah ag ae af ai aj f y (l d aj ag b m ah) z
u af ai ag ae ah ac b z
v ae af ag k f
w ae ab l u ae y l u (f g)
x ae af aa p f q ac aa af (ac l)
y ae af ag n v z m e
z aj ah ai af ag ae s a
aa af ag ae c
ab ae ah af ai ag w
ac v (d d) v
ad ae k
main m v A d B (o f t k u C v d aa p) a (D f ac x) E c f F x u G H I x y v J t (K p) l h b p y u (b L ad d M v) N v r w j o O n P x (Q v (R S h ab (T w) v a f (U m (x V k W d)) (X h b Y) b k (Z t t ac f (AA AB (AC r) (y m w aa) k) z o) v) a)
------------------------------------------------------------
m v A d B (o f t k u C v d aa p) a (D f ac x) E c f F x u G H I x y v J t (K p) l h b p y u (b L ad d M v) N v r w j o O n P x (Q v (R S h ab (T w) v a f (U m (x V k W d)) (X h b Y) b k (Z t t ac f (AA AB (AC r) (y m w aa) k) z o) v) a)
x x a t w p h x l n v A d B (o f t k u C v d aa p) a (D f ac x) E c f F x u G H I x y v J t (K p) l h b p y u (b L ad d M v) N v r w j o O n P x (Q v (R S h ab (T w) v a f (U m (x V k W d)) (X h b Y) b k (Z t t ac f (AA AB (AC r) (y m w aa) k) z o) v) a)
aa p f q ac aa a (ac l) t w p h x l n v A d B (o f t k u C v d aa p) a (D f ac x) E c f F x u G H I x y v J t (K p) l h b p y u (b L ad d M v) N v r w j o O n P x (Q v (R S h ab (T w) v a f (U m (x V k W d)) (X h b Y) b k (Z t t ac f (AA AB (AC r) (y m w aa) k) z o) v) a)
c ac aa a (ac l) t w p h x l n v A d B (o f t k u C v d aa p) a (D f ac x) E c f F x u G H I x y v J t (K p) l h b p y u (b L ad d M v) N v r w j o O n P x (Q v (R S h ab (T w) v a f (U m (x V k W d)) (X h b Y) b k (Z t t ac f (AA AB (AC r) (y m w aa) k) z o) v) a)
ad ac aa a (ac l) t w p h x l n v A d B (o f t k u C v d aa p) a (D f ac x) E c f F x u G H I x y v J t (K p) l h b p y u (b L ad d M v) N v r w j o O n P x (Q v (R S h ab (T w) v a f (U m (x V k W d)) (X h b Y) b k (Z t t ac f (AA AB (AC r) (y m w aa) k) z o) v) a)
k aa a (ac l) t w p h x l n v A d B (o f t k u C v d aa p) a (D f ac x) E c f F x u G H I x y v J t (K p) l h b p y u (b L ad d M v) N v r w j o O n P x (Q v (R S h ab (T w) v a f (U m (x V k W d)) (X h b Y) b k (Z t t ac f (AA AB (AC r) (y m w aa) k) z o) v) a)
c n e y a (ac n a aa) b t w p h x l n v A d B (o f t k u C v d aa p) a (D f ac x) E c f F x u G H I x y v J t (K p) l h b p y u (b L ad d M v) N v r w j o O n P x (Q v (R S h ab (T w) v a f (U m (x V k W d)) (X h b Y) b k (Z t t ac f (AA AB (AC r) (y m w aa) k) z o) v) a)
ad n e y a (ac n a aa) b t w p h x l n v A d B (o f t k u C v d aa p) a (D f ac x) E c f F x u G H I x y v J t (K p) l h b p y u (b L ad d M v) N v r w j o O n P x (Q v (R S h ab (T w) v a f (U m (x V k W d)) (X h b Y) b k (Z t t ac f (AA AB (AC r) (y m w aa) k) z o) v) a)
k e y a (ac n a aa) b t w p h x l n v A d B (o f t k u C v d aa p) a (D f ac x) E c f F x u G H I x y v J t (K p) l h b p y u (b L ad d M v) N v r w j o O n P x (Q v (R S h ab (T w) v a f (U m (x V k W d)) (X h b Y) b k (Z t t ac f (AA AB (AC r) (y m w aa) k) z o) v) a)
c n e y y (ac n y aa) b (ac n a aa) b t w p h x l n v A d B (o f t k u C v d aa p) a (D f ac x) E c f F x u G H I x y v J t (K p) l h b p y u (b L ad d M v) N v r w j o O n P x (Q v (R S h ab (T w) v a f (U m (x V k W d)) (X h b Y) b k (Z t t ac f (AA AB (AC r) (y m w aa) k) z o) v) a)
ad n e y y (ac n y aa) b (ac n a aa) b t w p h x l n v A d B (o f t k u C v d aa p) a (D f ac x) E c f F x u G H I x y v J t (K p) l h b p y u (b L ad d M v) N v r w j o O n P x (Q v (R S h ab (T w) v a f (U m (x V k W d)) (X h b Y) b k (Z t t ac f (AA AB (AC r) (y m w aa) k) z o) v) a)
k e y y (ac n y aa) b (ac n a aa) b t w p h x l n v A d B (o f t k u C v d aa p) a (D f ac x) E c f F x u G H I x y v J t (K p) l h b p y u (b L ad d M v) N v r w j o O n P x (Q v (R S h ab (T w) v a f (U m (x V k W d)) (X h b Y) b k (Z t t ac f (AA AB (AC r) (y m w aa) k) z o) v) a)
c n e y y (ac n y aa) b (ac n y aa) b (ac n a aa) b t w p h x l n v A d B (o f t k u C v d aa p) a (D f ac x) E c f F x u G H I x y v J t (K p) l h b p y u (b L ad d M v) N v r w j o O n P x (Q v (R S h ab (T w) v a f (U m (x V k W d)) (X h b Y) b k (Z t t ac f (AA AB (AC r) (y m w aa) k) z o) v) a)
ad n e y y (ac n y aa) b (ac n y aa) b (ac n a aa) b t w p h x l n v A d B (o f t k u C v d aa p) a (D f ac x) E c f F x u G H I x y v J t (K p) l h b p y u (b L ad d M v) N v r w j o O n P x (Q v (R S h ab (T w) v a f (U m (x V k W d)) (X h b Y) b k (Z t t ac f (AA AB (AC r) (y m w aa) k) z o) v) a)
k e y y (ac n y aa) b (ac n y aa) b (ac n a aa) b t w p h x l n v A d B (o f t k u C v d aa p) a (D f ac x) E c f F x u G H I x y v J t (K p) l h b p y u (b L ad d M v) N v r w j o O n P x (Q v (R S h ab (T w) v a f (U m (x V k W d)) (X h b Y) b k (Z t t ac f (AA AB (AC r) (y m w aa) k) z o) v) a)
c n e y y (ac n y aa) b (ac n y aa) b (ac n y aa) b (ac n a aa) b t w p h x l n v A d B (o f t k u C v d aa p) a (D f ac x) E c f F x u G H I x y v J t (K p) l h b p y u (b L ad d M v) N v r w j o O n P x (Q v (R S h ab (T w) v a f (U m (x V k W d)) (X h b Y) b k (Z t t ac f (AA AB (AC r) (y m w aa) k) z o) v) a)
ad n e y y (ac n y aa) b (ac n y aa) b (ac n y aa) b (ac n a aa) b t w p h x l n v A d B (o f t k u C v d aa p) a (D f ac x) E c f F x u G H I x y v J t (K p) l h b p y u (b L ad d M v) N v r w j o O n P x (Q v (R S h ab (T w) v a f (U m (x V k W d)) (X h b Y) b k (Z t t ac f (AA AB (AC r) (y m w aa) k) z o) v) a)
k e y y (ac n y aa) b (ac n y aa) b (ac n y aa) b (ac n a aa) b t w p h x l n v A d B (o f t k u C v d aa p) a (D f ac x) E c f F x u G H I x y v J t (K p) l h b p y u (b L ad d M v) N v r w j o O n P x (Q v (R S h ab (T w) v a f (U m (x V k W d)) (X h b Y) b k (Z t t ac f (AA AB (AC r) (y m w aa) k) z o) v) a)
c n e y y (ac n y aa) b (ac n y aa) b (ac n y aa) b (ac n y aa) b (ac n a aa) b t w p h x l n v A d B (o f t k u C v d aa p) a (D f ac x) E c f F x u G H I x y v J t (K p) l h b p y u (b L ad d M v) N v r w j o O n P x (Q v (R S h ab (T w) v a f (U m (x V k W d)) (X h b Y) b k (Z t t ac f (AA AB (AC r) (y m w aa) k) z o) v) a)
ad n e y y (ac n y aa) b (ac n y aa) b (ac n y aa) b (ac n y aa) b (ac n a aa) b t w p h x l n v A d B (o f t k u C v d aa p) a (D f ac x) E c f F x u G H I x y v J t (K p) l h b p y u (b L ad d M v) N v r w j o O n P x (Q v (R S h ab (T w) v a f (U m (x V k W d)) (X h b Y) b k (Z t t ac f (AA AB (AC r) (y m w aa) k) z o) v) a)
k e y y (ac n y aa) b (ac n y aa) b (ac n y aa) b (ac n y aa) b (ac n a aa) b t w p h x l n v A d B (o f t k u C v d aa p) a (D f ac x) E c f F x u G H I x y v J t (K p) l h b p y u (b L ad d M v) N v r w j o O n P x (Q v (R S h ab (T w) v a f (U m (x V k W d)) (X h b Y) b k (Z t t ac f (AA AB (AC r) (y m w aa) k) z o) v) a)
c n e y y (ac n y aa) b (ac n y aa) b (ac n y aa) b (ac n y aa) b (ac n y aa) b (ac n a aa) b t w p h x l n v A d B (o f t k u C v d aa p) a (D f ac x) E c f F x u G H I x y v J t (K p) l h b p y u (b L ad d M v) N v r w j o O n P x (Q v (R S h ab (T w) v a f (U m (x V k W d)) (X h b Y) b k (Z t t ac f (AA AB (AC r) (y m w aa) k) z o) v) a)
ad n e y y (ac n y aa) b (ac n y aa) b (ac n y aa) b (ac n y aa) b (ac n y aa) b (ac n a aa) b t w p h x l n v A d B (o f t k u C v d aa p) a (D f ac x) E c f F x u G H I x y v J t (K p) l h b p y u (b L ad d M v) N v r w j o O n P x (Q v (R S h ab (T w) v a f (U m (x V k W d)) (X h b Y) b k (Z t t ac f (AA AB (AC r) (y m w aa) k) z o) v) a)
k e y y (ac n y aa) b (ac n y aa) b (ac n y aa) b (ac n y aa) b (ac n y aa) b (ac n a aa) b t w p h x l n v A d B (o f t k u C v d aa p) a (D f ac x) E c f F x u G H I x y v J t (K p) l h b p y u (b L ad d M v) N v r w j o O n P x (Q v (R S h ab (T w) v a f (U m (x V k W d)) (X h b Y) b k (Z t t ac f (AA AB (AC r) (y m w aa) k) z o) v) a)
c n e y y (ac n y aa) b (ac n y aa) b (ac n y aa) b (ac n y aa) b (ac n y aa) b (ac n y aa) b (ac n a aa) b t w p h x l n v A d B (o f t k u C v d aa p) a (D f ac x) E c f F x u G H I x y v J t (K p) l h b p y u (b L ad d M v) N v r w j o O n P x (Q v (R S h ab (T w) v a f (U m (x V k W d)) (X h b Y) b k (Z t t ac f (AA AB (AC r) (y m w aa) k) z o) v) a)
ad n e y y (ac n y aa) b (ac n y aa) b (ac n y aa) b (ac n y aa) b (ac n y aa) b (ac n y aa) b (ac n a aa) b t w p h x l n v A d B (o f t k u C v d aa p) a (D f ac x) E c f F x u G H I x y v J t (K p) l h b p y u (b L ad d M v) N v r w j o O n P x (Q v (R S h ab (T w) v a f (U m (x V k W d)) (X h b Y) b k (Z t t ac f (AA AB (AC r) (y m w aa) k) z o) v) a)
k e y y (ac n y aa) b (ac n y aa) b (ac n y aa) b (ac n y aa) b (ac n y aa) b (ac n y aa) b (ac n a aa) b t w p h x l n v A d B (o f t k u C v d aa p) a (D f ac x) E c f F x u G H I x y v J t (K p) l h b p y u (b L ad d M v) N v r w j o O n P x (Q v (R S h ab (T w) v a f (U m (x V k W d)) (X h b Y) b k (Z t t ac f (AA AB (AC r) (y m w aa) k) z o) v) a)
c n e y y (ac n y aa) b (ac n y aa) b (ac n y aa) b (ac n y aa) b (ac n y aa) b (ac n y aa) b (ac n y aa) b (ac n a aa) b t w p h x l n v A d B (o f t k u C v d aa p) a (D f ac x) E c f F x u G H I x y v J t (K p) l h b p y u (b L ad d M v) N v r w j o O n P x (Q v (R S h ab (T w) v a f (U m (x V k W d)) (X h b Y) b k (Z t t ac f (AA AB (AC r) (y m w aa) k) z o) v) a)
ad n e y y (ac n y aa) b (ac n y aa) b (ac n y aa) b (ac n y aa) b (ac n y aa) b (ac n y aa) b (ac n y aa) b (ac n a aa) b t w p h x l n v A d B (o f t k u C v d aa p) a (D f ac x) E c f F x u G H I x y v J t (K p) l h b p y u (b L ad d M v) N v r w j o O n P x (Q v (R S h ab (T w) v a f (U m (x V k W d)) (X h b Y) b k (Z t t ac f (AA AB (AC r) (y m w aa) k) z o) v) a)
k e y y (ac n y aa) b (ac n y aa) b (ac n y aa) b (ac n y aa) b (ac n y aa) b (ac n y aa) b (ac n y aa) b (ac n a aa) b t w p h x l n v A d B (o f t k u C v d aa p) a (D f ac x) E c f F x u G H I x y v J t (K p) l h b p y u (b L ad d M v) N v r w j o O n P x (Q v (R S h ab (T w) v a f (U m (x V k W d)) (X h b Y) b k (Z t t ac f (AA AB (AC r) (y m w aa) k) z o) v) a)


