s ap ao d n y al ao p (ab ab al ac x ao)
g aq ao ar ap j k o y (ar an a z)
f at av ar aq ap au ao d ag a ae ad ap ab (g (b z) ac u)
q ap ao f r (x n ap (a al) a)
af ao f ak ao q (an j ao)
t ao i (n a n l (m h al x))
k ap ao h ao r (ac (ao x ad h) ap (m u ac l))
ac ao at ap aq ar av au z g f at e v a (d b) ag
y at ar av au ao aq ap l (u c m) e c t d (t (aa w x))
e aq ao au at ar ap av at (k v ae (ab ah c n)) ae j
ad ao ap f ak k r ak ap (a ag l f k)
l at aq ap ao ar i m (aa y ab r)
v ao ad h f a ao (a ag ao ai (k am s h))
r ar aq ap ao at ai ae c (w aj h af y (af ap)) ab
m ao ap l y aj n p y aj
p ao ap o i (a e ad g) v f af
ag aq ap ao i ak s b (r x (an r k)) h ap
ai au aq ap ao ar at c af ae c (ag au)
a au av ap aq ar ao at ag t f al m n aj (ag am g h f ac)
n ap aq ao p c (aj ag) h ag ad t (w af) r
al m
d ao ar at ap av aq au r av af ab ap i ac
w aq ap au at ao ar l ap (k (aa al y))
b ao ap e (o aj) ak ag x
main ae p A a h t g (B C y ai t D p (q aa E n u (F (g t (b v ab a e) (G H I k) c (J (l (K af o w)) L z s o) an) am an) h (M N O i t aj w ab i P y l (r z Q (R (S ah) r p z t aa ai (T j ai k (u af (U V v ad) u ai (W X Y Z ag c (AA u t g)))) f am AB) ac l u ae j))))
ak ar aq ap ao av au at e b d b i z al av (ab (ai s)) m am
c ap aq ao p ap ae r j ai h g ak (h (ah r q))
z aq ao ap ad ah (u ab) h ab t a
ab ao ap af aj (ai a al (g ag x s) s r l)
am t ad v ab b w
o aq ar ap ao r aq n ad ac j (e f c z)
ae aq at ap ar ao v q h e al (d n (t aj z u) af)
h aq ar ap ao y ab (ae (i d v))
u ap ao k ap d am ag
i au at ap aq ao ar s o m (ae ae aq (ac m ah g o ab))
an ao at ar aq ap v (i ak ai) (s ae) (ao (v ae) h ae) p b
ah ao aq ap q an e aa d ap ao x h x s aa
aa ao ao l y w j ab b ao d a z
j ao aq ap e ac (ac ab h) (an t (ag am ag)) h p
x o (aj c ah (ae q h m ai s))
aj ao i m
------------------------------------------------------------
ae p A a h t g (B C y ai t D p (q aa E n u (F (g t (b v ab a e) (G H I k) c (J (l (K af o w)) L z s o) an) am an) h (M N O i t aj w ab i P y l (r z Q (R (S ah) r p z t aa ai (T j ai k (u af (U V v ad) u ai (W X Y Z ag c (AA u t g)))) f am AB) ac l u ae j))))
v q h e al (d n (t aj z u) af) g (B C y ai t D p (q aa E n u (F (g t (b v ab a e) (G H I k) c (J (l (K af o w)) L z s o) an) am an) h (M N O i t aj w ab i P y l (r z Q (R (S ah) r p z t aa ai (T j ai k (u af (U V v ad) u ai (W X Y Z ag c (AA u t g)))) f am AB) ac l u ae j))))
ad h f a q (a ag q ai (k am s h)) h e al (d n (t aj z u) af) g (B C y ai t D p (q aa E n u (F (g t (b v ab a e) (G H I k) c (J (l (K af o w)) L z s o) an) am an) h (M N O i t aj w ab i P y l (r z Q (R (S ah) r p z t aa ai (T j ai k (u af (U V v ad) u ai (W X Y Z ag c (AA u t g)))) f am AB) ac l u ae j))))
f ak k r ak f (a ag l f k) a q (a ag q ai (k am s h)) h e al (d n (t aj z u) af) g (B C y ai t D p (q aa E n u (F (g t (b v ab a e) (G H I k) c (J (l (K af o w)) L z s o) an) am an) h (M N O i t aj w ab i P y l (r z Q (R (S ah) r p z t aa ai (T j ai k (u af (U V v ad) u ai (W X Y Z ag c (AA u t g)))) f am AB) ac l u ae j))))
d ag a ae ad f ab (g (b z) ac u) q (a ag q ai (k am s h)) h e al (d n (t aj z u) af) g (B C y ai t D p (q aa E n u (F (g t (b v ab a e) (G H I k) c (J (l (K af o w)) L z s o) an) am an) h (M N O i t aj w ab i P y l (r z Q (R (S ah) r p z t aa ai (T j ai k (u af (U V v ad) u ai (W X Y Z ag c (AA u t g)))) f am AB) ac l u ae j))))
r f af ab ad i ac q (a ag q ai (k am s h)) h e al (d n (t aj z u) af) g (B C y ai t D p (q aa E n u (F (g t (b v ab a e) (G H I k) c (J (l (K af o w)) L z s o) an) am an) h (M N O i t aj w ab i P y l (r z Q (R (S ah) r p z t aa ai (T j ai k (u af (U V v ad) u ai (W X Y Z ag c (AA u t g)))) f am AB) ac l u ae j))))
ai ae c (w aj h af y (af ab)) ab ac q (a ag q ai (k am s h)) h e al (d n (t aj z u) af) g (B C y ai t D p (q aa E n u (F (g t (b v ab a e) (G H I k) c (J (l (K af o w)) L z s o) an) am an) h (M N O i t aj w ab i P y l (r z Q (R (S ah) r p z t aa ai (T j ai k (u af (U V v ad) u ai (W X Y Z ag c (AA u t g)))) f am AB) ac l u ae j))))
c af ae c (ag ae) (a ag q ai (k am s h)) h e al (d n (t aj z u) af) g (B C y ai t D p (q aa E n u (F (g t (b v ab a e) (G H I k) c (J (l (K af o w)) L z s o) an) am an) h (M N O i t aj w ab i P y l (r z Q (R (S ah) r p z t aa ai (T j ai k (u af (U V v ad) u ai (W X Y Z ag c (AA u t g)))) f am AB) ac l u ae j))))
p af ae r j ai h g ak (h (ah r q)) (ag ae) (a ag q ai (k am s h)) h e al (d n (t aj z u) af) g (B C y ai t D p (q aa E n u (F (g t (b v ab a e) (G H I k) c (J (l (K af o w)) L z s o) an) am an) h (M N O i t aj w ab i P y l (r z Q (R (S ah) r p z t aa ai (T j ai k (u af (U V v ad) u ai (W X Y Z ag c (AA u t g)))) f am AB) ac l u ae j))))
o i (a e ad g) v f af r j ai h g ak (h (ah r q)) (ag ae) (a ag q ai (k am s h)) h e al (d n (t aj z u) af) g (B C y ai t D p (q aa E n u (F (g t (b v ab a e) (G H I k) c (J (l (K af o w)) L z s o) an) am an) h (M N O i t aj w ab i P y l (r z Q (R (S ah) r p z t aa ai (T j ai k (u af (U V v ad) u ai (W X Y Z ag c (AA u t g)))) f am AB) ac l u ae j))))
r i n ad ac j (e f c z) af r j ai h g ak (h (ah r q)) (ag ae) (a ag q ai (k am s h)) h e al (d n (t aj z u) af) g (B C y ai t D p (q aa E n u (F (g t (b v ab a e) (G H I k) c (J (l (K af o w)) L z s o) an) am an) h (M N O i t aj w ab i P y l (r z Q (R (S ah) r p z t aa ai (T j ai k (u af (U V v ad) u ai (W X Y Z ag c (AA u t g)))) f am AB) ac l u ae j))))
ai ae c (w aj h af y (af ad)) ab (e f c z) af r j ai h g ak (h (ah r q)) (ag ae) (a ag q ai (k am s h)) h e al (d n (t aj z u) af) g (B C y ai t D p (q aa E n u (F (g t (b v ab a e) (G H I k) c (J (l (K af o w)) L z s o) an) am an) h (M N O i t aj w ab i P y l (r z Q (R (S ah) r p z t aa ai (T j ai k (u af (U V v ad) u ai (W X Y Z ag c (AA u t g)))) f am AB) ac l u ae j))))
c af ae c (ag ae) r j ai h g ak (h (ah r q)) (ag ae) (a ag q ai (k am s h)) h e al (d n (t aj z u) af) g (B C y ai t D p (q aa E n u (F (g t (b v ab a e) (G H I k) c (J (l (K af o w)) L z s o) an) am an) h (M N O i t aj w ab i P y l (r z Q (R (S ah) r p z t aa ai (T j ai k (u af (U V v ad) u ai (W X Y Z ag c (AA u t g)))) f am AB) ac l u ae j))))
p af ae r j ai h g ak (h (ah r q)) (ag ae) r j ai h g ak (h (ah r q)) (ag ae) (a ag q ai (k am s h)) h e al (d n (t aj z u) af) g (B C y ai t D p (q aa E n u (F (g t (b v ab a e) (G H I k) c (J (l (K af o w)) L z s o) an) am an) h (M N O i t aj w ab i P y l (r z Q (R (S ah) r p z t aa ai (T j ai k (u af (U V v ad) u ai (W X Y Z ag c (AA u t g)))) f am AB) ac l u ae j))))
o i (a e ad g) v f af r j ai h g ak (h (ah r q)) (ag ae) r j ai h g ak (h (ah r q)) (ag ae) (a ag q ai (k am s h)) h e al (d n (t aj z u) af) g (B C y ai t D p (q aa E n u (F (g t (b v ab a e) (G H I k) c (J (l (K af o w)) L z s o) an) am an) h (M N O i t aj w ab i P y l (r z Q (R (S ah) r p z t aa ai (T j ai k (u af (U V v ad) u ai (W X Y Z ag c (AA u t g)))) f am AB) ac l u ae j))))
r i n ad ac j (e f c z) af r j ai h g ak (h (ah r q)) (ag ae) r j ai h g ak (h (ah r q)) (ag ae) (a ag q ai (k am s h)) h e al (d n (t aj z u) af) g (B C y ai t D p (q aa E n u (F (g t (b v ab a e) (G H I k) c (J (l (K af o w)) L z s o) an) am an) h (M N O i t aj w ab i P y l (r z Q (R (S ah) r p z t aa ai (T j ai k (u af (U V v ad) u ai (W X Y Z ag c (AA u t g)))) f am AB) ac l u ae j))))
ai ae c (w aj h af y (af ad)) ab (e f c z) af r j ai h g ak (h (ah r q)) (ag ae) r j ai h g ak (h (ah r q)) (ag ae) (a ag q ai (k am s h)) h e al (d n (t aj z u) af) g (B C y ai t D p (q aa E n u (F (g t (b v ab a e) (G H I k) c (J (l (K af o w)) L z s o) an) am an) h (M N O i t aj w ab i P y l (r z Q (R (S ah) r p z t aa ai (T j ai k (u af (U V v ad) u ai (W X Y Z ag c (AA u t g)))) f am AB) ac l u ae j))))
c af ae c (ag ae) r j ai h g ak (h (ah r q)) (ag ae) r j ai h g ak (h (ah r q)) (ag ae) (a ag q ai (k am s h)) h e al (d n (t aj z u) af) g (B C y ai t D p (q aa E n u (F (g t (b v ab a e) (G H I k) c (J (l (K af o w)) L z s o) an) am an) h (M N O i t aj w ab i P y l (r z Q (R (S ah) r p z t aa ai (T j ai k (u af (U V v ad) u ai (W X Y Z ag c (AA u t g)))) f am AB) ac l u ae j))))
p af ae r j ai h g ak (h (ah r q)) (ag ae) r j ai h g ak (h (ah r q)) (ag ae) r j ai h g ak (h (ah r q)) (ag ae) (a ag q ai (k am s h)) h e al (d n (t aj z u) af) g (B C y ai t D p (q aa E n u (F (g t (b v ab a e) (G H I k) c (J (l (K af o w)) L z s o) an) am an) h (M N O i t aj w ab i P y l (r z Q (R (S ah) r p z t aa ai (T j ai k (u af (U V v ad) u ai (W X Y Z ag c (AA u t g)))) f am AB) ac l u ae j))))
o i (a e ad g) v f af r j ai h g ak (h (ah r q)) (ag ae) r j ai h g ak (h (ah r q)) (ag ae) r j ai h g ak (h (ah r q)) (ag ae) (a ag q ai (k am s h)) h e al (d n (t aj z u) af) g (B C y ai t D p (q aa E n u (F (g t (b v ab a e) (G H I k) c (J (l (K af o w)) L z s o) an) am an) h (M N O i t aj w ab i P y l (r z Q (R (S ah) r p z t aa ai (T j ai k (u af (U V v ad) u ai (W X Y Z ag c (AA u t g)))) f am AB) ac l u ae j))))
r i n ad ac j (e f c z) af r j ai h g ak (h (ah r q)) (ag ae) r j ai h g ak (h (ah r q)) (ag ae) r j ai h g ak (h (ah r q)) (ag ae) (a ag q ai (k am s h)) h e al (d n (t aj z u) af) g (B C y ai t D p (q aa E n u (F (g t (b v ab a e) (G H I k) c (J (l (K af o w)) L z s o) an) am an) h (M N O i t aj w ab i P y l (r z Q (R (S ah) r p z t aa ai (T j ai k (u af (U V v ad) u ai (W X Y Z ag c (AA u t g)))) f am AB) ac l u ae j))))
ai ae c (w aj h af y (af ad)) ab (e f c z) af r j ai h g ak (h (ah r q)) (ag ae) r j ai h g ak (h (ah r q)) (ag ae) r j ai h g ak (h (ah r q)) (ag ae) (a ag q ai (k am s h)) h e al (d n (t aj z u) af) g (B C y ai t D p (q aa E n u (F (g t (b v ab a e) (G H I k) c (J (l (K af o w)) L z s o) an) am an) h (M N O i t aj w ab i P y l (r z Q (R (S ah) r p z t aa ai (T j ai k (u af (U V v ad) u ai (W X Y Z ag c (AA u t g)))) f am AB) ac l u ae j))))
c af ae c (ag ae) r j ai h g ak (h (ah r q)) (ag ae) r j ai h g ak (h (ah r q)) (ag ae) r j ai h g ak (h (ah r q)) (ag ae) (a ag q ai (k am s h)) h e al (d n (t aj z u) af) g (B C y ai t D p (q aa E n u (F (g t (b v ab a e) (G H I k) c (J (l (K af o w)) L z s o) an) am an) h (M N O i t aj w ab i P y l (r z Q (R (S ah) r p z t aa ai (T j ai k (u af (U V v ad) u ai (W X Y Z ag c (AA u t g)))) f am AB) ac l u ae j))))
p af ae r j ai h g ak (h (ah r q)) (ag ae) r j ai h g ak (h (ah r q)) (ag ae) r j ai h g ak (h (ah r q)) (ag ae) r j ai h g ak (h (ah r q)) (ag ae) (a ag q ai (k am s h)) h e al (d n (t aj z u) af) g (B C y ai t D p (q aa E n u (F (g t (b v ab a e) (G H I k) c (J (l (K af o w)) L z s o) an) am an) h (M N O i t aj w ab i P y l (r z Q (R (S ah) r p z t aa ai (T j ai k (u af (U V v ad) u ai (W X Y Z ag c (AA u t g)))) f am AB) ac l u ae j))))
o i (a e ad g) v f af r j ai h g ak (h (ah r q)) (ag ae) r j ai h g ak (h (ah r q)) (ag ae) r j ai h g ak (h (ah r q)) (ag ae) r j ai h g ak (h (ah r q)) (ag ae) (a ag q ai (k am s h)) h e al (d n (t aj z u) af) g (B C y ai t D p (q aa E n u (F (g t (b v ab a e) (G H I k) c (J (l (K af o w)) L z s o) an) am an) h (M N O i t aj w ab i P y l (r z Q (R (S ah) r p z t aa ai (T j ai k (u af (U V v ad) u ai (W X Y Z ag c (AA u t g)))) f am AB) ac l u ae j))))
r i n ad ac j (e f c z) af r j ai h g ak (h (ah r q)) (ag ae) r j ai h g ak (h (ah r q)) (ag ae) r j ai h g ak (h (ah r q)) (ag ae) r j ai h g ak (h (ah r q)) (ag ae) (a ag q ai (k am s h)) h e al (d n (t aj z u) af) g (B C y ai t D p (q aa E n u (F (g t (b v ab a e) (G H I k) c (J (l (K af o w)) L z s o) an) am an) h (M N O i t aj w ab i P y l (r z Q (R (S ah) r p z t aa ai (T j ai k (u af (U V v ad) u ai (W X Y Z ag c (AA u t g)))) f am AB) ac l u ae j))))
ai ae c (w aj h af y (af ad)) ab (e f c z) af r j ai h g ak (h (ah r q)) (ag ae) r j ai h g ak (h (ah r q)) (ag ae) r j ai h g ak (h (ah r q)) (ag ae) r j ai h g ak (h (ah r q)) (ag ae) (a ag q ai (k am s h)) h e al (d n (t aj z u) af) g (B C y ai t D p (q aa E n u (F (g t (b v ab a e) (G H I k) c (J (l (K af o w)) L z s o) an) am an) h (M N O i t aj w ab i P y l (r z Q (R (S ah) r p z t aa ai (T j ai k (u af (U V v ad) u ai (W X Y Z ag c (AA u t g)))) f am AB) ac l u ae j))))
c af ae c (ag ae) r j ai h g ak (h (ah r q)) (ag ae) r j ai h g ak (h (ah r q)) (ag ae) r j ai h g ak (h (ah r q)) (ag ae) r j ai h g ak (h (ah r q)) (ag ae) (a ag q ai (k am s h)) h e al (d n (t aj z u) af) g (B C y ai t D p (q aa E n u (F (g t (b v ab a e) (G H I k) c (J (l (K af o w)) L z s o) an) am an) h (M N O i t aj w ab i P y l (r z Q (R (S ah) r p z t aa ai (T j ai k (u af (U V v ad) u ai (W X Y Z ag c (AA u t g)))) f am AB) ac l u ae j))))
p af ae r j ai h g ak (h (ah r q)) (ag ae) r j ai h g ak (h (ah r q)) (ag ae) r j ai h g ak (h (ah r q)) (ag ae) r j ai h g ak (h (ah r q)) (ag ae) r j ai h g ak (h (ah r q)) (ag ae) (a ag q ai (k am s h)) h e al (d n (t aj z u) af) g (B C y ai t D p (q aa E n u (F (g t (b v ab a e) (G H I k) c (J (l (K af o w)) L z s o) an) am an) h (M N O i t aj w ab i P y l (r z Q (R (S ah) r p z t aa ai (T j ai k (u af (U V v ad) u ai (W X Y Z ag c (AA u t g)))) f am AB) ac l u ae j))))
o i (a e ad g) v f af r j ai h g ak (h (ah r q)) (ag ae) r j ai h g ak (h (ah r q)) (ag ae) r j ai h g ak (h (ah r q)) (ag ae) r j ai h g ak (h (ah r q)) (ag ae) r j ai h g ak (h (ah r q)) (ag ae) (a ag q ai (k am s h)) h e al (d n (t aj z u) af) g (B C y ai t D p (q aa E n u (F (g t (b v ab a e) (G H I k) c (J (l (K af o w)) L z s o) an) am an) h (M N O i t aj w ab i P y l (r z Q (R (S ah) r p z t aa ai (T j ai k (u af (U V v ad) u ai (W X Y Z ag c (AA u t g)))) f am AB) ac l u ae j))))


