ab au aq av at ap ao ar = l al ai x ai (ai n v)
d aq ap ao = f (c ah k p t p af)
j ap at aq ao au ar = f t t b aa
x = am (v w aj) p b l k g (ai af) h ai
main = am g (A ak) B ak ab y ad (aa ai ak C D k al (E an l F ag (G H (ab q al an ad am) (I ae r i) u) h d J c) ah K g) af L al M h (d p (aa h) y u) N O P Q R ak y f S T U V W y (X Y Z (AA AB AC (x h AD h f AE r l h) a (AF AG i c aj w g) ad) AH AI AJ AK af (ak ae ak o al))
am aq ao ar ap = ak aj (ap al z (a s n x r k))
t ao = s af i (ao an) m (al (f (y aa) o) b) aa
e ap ao aq = aq (ap ae v k) t (u x ai)
u aq au ao ar ap at = at i ac r (h ai (au v ak l) j) ak o
i ap aq ao at ar = q v ap ad am v aj
m ao ap = an ai x (am s ao ao) ao a ap ap af
q ao ap = ao ah e ap j ai f (a af an) (h z)
h ap ao aq at ar = b am (al ae an m w z)
n = ah al p (p aj (al p a w ai i o))
ah ap aq ao = ap al (ao ae z)
y au ao ar at aq ap = ac n p ai n au m
o ar ao av ap at aq au = g (x av) (e y)
b = c f ac z am p i ag ad (aj z)
p ap aq ao ar = l ae
a ap ao ar aq au at = n (z p am) ag (s r z m)
ae ao aq ar ap = b j o (an an ar c p)
an at ao aq ar au ap = o r n t ai u q al n k s b
z ap aq at au ao ar = n (c b (s i ad (p ab) al l) n ap f)
ad ao ap = e n l al r ae ap
l ar au ao at aq ap = m (v (w ad) (t ag w c) d) f ah ah
g ap ao aq = c ad w v aq
v = y z ak (z aj a)
al = ae ai t (q (r n (q x a af) an u j))
f aq ao ap ar at = o e s (aa s (ai ad ai d e ai b))
c = t i ak ai f y (i r ak x ab) o v
s ao ar at ap aq av au = al z ab x ap al aq r x
ak au ar av aq at ap ao = g v a d v av y am (l t) ad j ae
af aq ao ar at ap au = k t a (ap m v) (aq q am) (ai c)
k ap aq ao ar = n m (b s u) v
ac = z aj c aa (ad x am)
r ao = ai q i aj
aa ap ao = ak r (m (r g) (ao (an ad h z)) w)
aj ap ao = j g af t m aa aa
ai ap at ar ao av au aq = i q o (g n) (ak v)
w ao = ad (g x) q p aa (g m) ao f
ag ao ap = ae
------------------------------------------------------------
am g (A ak) B ak ab y ad (aa ai ak C D k al (E an l F ag (G H (ab q al an ad am) (I ae r i) u) h d J c) ah K g) af L al M h (d p (aa h) y u) N O P Q R ak y f S T U V W y (X Y Z (AA AB AC (x h AD h f AE r l h) a (AF AG i c aj w g) ad) AH AI AJ AK af (ak ae ak o al))
ak aj (ak al z (a s n x r k)) ab y ad (aa ai ak C D k al (E an l F ag (G H (ab q al an ad am) (I ae r i) u) h d J c) ah K g) af L al M h (d p (aa h) y u) N O P Q R ak y f S T U V W y (X Y Z (AA AB AC (x h AD h f AE r l h) a (AF AG i c aj w g) ad) AH AI AJ AK af (ak ae ak o al))
g v a d v ab y am (l t) ad j ae L al M h (d p (aa h) y u) N O P Q R ak y f S T U V W y (X Y Z (AA AB AC (x h AD h f AE r l h) a (AF AG i c aj w g) ad) AH AI AJ AK af (ak ae ak o al))
c ad w v d v ab y am (l t) ad j ae L al M h (d p (aa h) y u) N O P Q R ak y f S T U V W y (X Y Z (AA AB AC (x h AD h f AE r l h) a (AF AG i c aj w g) ad) AH AI AJ AK af (ak ae ak o al))
t i ak ai f y (i r ak x ab) o v ad w v d v ab y am (l t) ad j ae L al M h (d p (aa h) y u) N O P Q R ak y f S T U V W y (X Y Z (AA AB AC (x h AD h f AE r l h) a (AF AG i c aj w g) ad) AH AI AJ AK af (ak ae ak o al))
s af i (i an) m (al (f (y aa) o) b) aa ak ai f y (i r ak x ab) o v ad w v d v ab y am (l t) ad j ae L al M h (d p (aa h) y u) N O P Q R ak y f S T U V W y (X Y Z (AA AB AC (x h AD h f AE r l h) a (AF AG i c aj w g) ad) AH AI AJ AK af (ak ae ak o al))
al z ab x m al (al (f (y aa) o) b) r x ai f y (i r ak x ab) o v ad w v d v ab y am (l t) ad j ae L al M h (d p (aa h) y u) N O P Q R ak y f S T U V W y (X Y Z (AA AB AC (x h AD h f AE r l h) a (AF AG i c aj w g) ad) AH AI AJ AK af (ak ae ak o al))
ae ai t (q (r n (q x a af) an u j)) z ab x m al (al (f (y aa) o) b) r x ai f y (i r ak x ab) o v ad w v d v ab y am (l t) ad j ae L al M h (d p (aa h) y u) N O P Q R ak y f S T U V W y (X Y Z (AA AB AC (x h AD h f AE r l h) a (AF AG i c aj w g) ad) AH AI AJ AK af (ak ae ak o al))
b j o (an an (q (r n (q x a af) an u j)) c p) ab x m al (al (f (y aa) o) b) r x ai f y (i r ak x ab) o v ad w v d v ab y am (l t) ad j ae L al M h (d p (aa h) y u) N O P Q R ak y f S T U V W y (X Y Z (AA AB AC (x h AD h f AE r l h) a (AF AG i c aj w g) ad) AH AI AJ AK af (ak ae ak o al))
c f ac z am p i ag ad (aj z) j o (an an (q (r n (q x a af) an u j)) c p) ab x m al (al (f (y aa) o) b) r x ai f y (i r ak x ab) o v ad w v d v ab y am (l t) ad j ae L al M h (d p (aa h) y u) N O P Q R ak y f S T U V W y (X Y Z (AA AB AC (x h AD h f AE r l h) a (AF AG i c aj w g) ad) AH AI AJ AK af (ak ae ak o al))
t i ak ai f y (i r ak x ab) o v f ac z am p i ag ad (aj z) j o (an an (q (r n (q x a af) an u j)) c p) ab x m al (al (f (y aa) o) b) r x ai f y (i r ak x ab) o v ad w v d v ab y am (l t) ad j ae L al M h (d p (aa h) y u) N O P Q R ak y f S T U V W y (X Y Z (AA AB AC (x h AD h f AE r l h) a (AF AG i c aj w g) ad) AH AI AJ AK af (ak ae ak o al))
s af i (i an) m (al (f (y aa) o) b) aa ak ai f y (i r ak x ab) o v f ac z am p i ag ad (aj z) j o (an an (q (r n (q x a af) an u j)) c p) ab x m al (al (f (y aa) o) b) r x ai f y (i r ak x ab) o v ad w v d v ab y am (l t) ad j ae L al M h (d p (aa h) y u) N O P Q R ak y f S T U V W y (X Y Z (AA AB AC (x h AD h f AE r l h) a (AF AG i c aj w g) ad) AH AI AJ AK af (ak ae ak o al))
al z ab x m al (al (f (y aa) o) b) r x ai f y (i r ak x ab) o v f ac z am p i ag ad (aj z) j o (an an (q (r n (q x a af) an u j)) c p) ab x m al (al (f (y aa) o) b) r x ai f y (i r ak x ab) o v ad w v d v ab y am (l t) ad j ae L al M h (d p (aa h) y u) N O P Q R ak y f S T U V W y (X Y Z (AA AB AC (x h AD h f AE r l h) a (AF AG i c aj w g) ad) AH AI AJ AK af (ak ae ak o al))
ae ai t (q (r n (q x a af) an u j)) z ab x m al (al (f (y aa) o) b) r x ai f y (i r ak x ab) o v f ac z am p i ag ad (aj z) j o (an an (q (r n (q x a af) an u j)) c p) ab x m al (al (f (y aa) o) b) r x ai f y (i r ak x ab) o v ad w v d v ab y am (l t) ad j ae L al M h (d p (aa h) y u) N O P Q R ak y f S T U V W y (X Y Z (AA AB AC (x h AD h f AE r l h) a (AF AG i c aj w g) ad) AH AI AJ AK af (ak ae ak o al))
b j o (an an (q (r n (q x a af) an u j)) c p) ab x m al (al (f (y aa) o) b) r x ai f y (i r ak x ab) o v f ac z am p i ag ad (aj z) j o (an an (q (r n (q x a af) an u j)) c p) ab x m al (al (f (y aa) o) b) r x ai f y (i r ak x ab) o v ad w v d v ab y am (l t) ad j ae L al M h (d p (aa h) y u) N O P Q R ak y f S T U V W y (X Y Z (AA AB AC (x h AD h f AE r l h) a (AF AG i c aj w g) ad) AH AI AJ AK af (ak ae ak o al))
c f ac z am p i ag ad (aj z) j o (an an (q (r n (q x a af) an u j)) c p) ab x m al (al (f (y aa) o) b) r x ai f y (i r ak x ab) o v f ac z am p i ag ad (aj z) j o (an an (q (r n (q x a af) an u j)) c p) ab x m al (al (f (y aa) o) b) r x ai f y (i r ak x ab) o v ad w v d v ab y am (l t) ad j ae L al M h (d p (aa h) y u) N O P Q R ak y f S T U V W y (X Y Z (AA AB AC (x h AD h f AE r l h) a (AF AG i c aj w g) ad) AH AI AJ AK af (ak ae ak o al))
t i ak ai f y (i r ak x ab) o v f ac z am p i ag ad (aj z) j o (an an (q (r n (q x a af) an u j)) c p) ab x m al (al (f (y aa) o) b) r x ai f y (i r ak x ab) o v f ac z am p i ag ad (aj z) j o (an an (q (r n (q x a af) an u j)) c p) ab x m al (al (f (y aa) o) b) r x ai f y (i r ak x ab) o v ad w v d v ab y am (l t) ad j ae L al M h (d p (aa h) y u) N O P Q R ak y f S T U V W y (X Y Z (AA AB AC (x h AD h f AE r l h) a (AF AG i c aj w g) ad) AH AI AJ AK af (ak ae ak o al))
s af i (i an) m (al (f (y aa) o) b) aa ak ai f y (i r ak x ab) o v f ac z am p i ag ad (aj z) j o (an an (q (r n (q x a af) an u j)) c p) ab x m al (al (f (y aa) o) b) r x ai f y (i r ak x ab) o v f ac z am p i ag ad (aj z) j o (an an (q (r n (q x a af) an u j)) c p) ab x m al (al (f (y aa) o) b) r x ai f y (i r ak x ab) o v ad w v d v ab y am (l t) ad j ae L al M h (d p (aa h) y u) N O P Q R ak y f S T U V W y (X Y Z (AA AB AC (x h AD h f AE r l h) a (AF AG i c aj w g) ad) AH AI AJ AK af (ak ae ak o al))
al z ab x m al (al (f (y aa) o) b) r x ai f y (i r ak x ab) o v f ac z am p i ag ad (aj z) j o (an an (q (r n (q x a af) an u j)) c p) ab x m al (al (f (y aa) o) b) r x ai f y (i r ak x ab) o v f ac z am p i ag ad (aj z) j o (an an (q (r n (q x a af) an u j)) c p) ab x m al (al (f (y aa) o) b) r x ai f y (i r ak x ab) o v ad w v d v ab y am (l t) ad j ae L al M h (d p (aa h) y u) N O P Q R ak y f S T U V W y (X Y Z (AA AB AC (x h AD h f AE r l h) a (AF AG i c aj w g) ad) AH AI AJ AK af (ak ae ak o al))
ae ai t (q (r n (q x a af) an u j)) z ab x m al (al (f (y aa) o) b) r x ai f y (i r ak x ab) o v f ac z am p i ag ad (aj z) j o (an an (q (r n (q x a af) an u j)) c p) ab x m al (al (f (y aa) o) b) r x ai f y (i r ak x ab) o v f ac z am p i ag ad (aj z) j o (an an (q (r n (q x a af) an u j)) c p) ab x m al (al (f (y aa) o) b) r x ai f y (i r ak x ab) o v ad w v d v ab y am (l t) ad j ae L al M h (d p (aa h) y u) N O P Q R ak y f S T U V W y (X Y Z (AA AB AC (x h AD h f AE r l h) a (AF AG i c aj w g) ad) AH AI AJ AK af (ak ae ak o al))
b j o (an an (q (r n (q x a af) an u j)) c p) ab x m al (al (f (y aa) o) b) r x ai f y (i r ak x ab) o v f ac z am p i ag ad (aj z) j o (an an (q (r n (q x a af) an u j)) c p) ab x m al (al (f (y aa) o) b) r x ai f y (i r ak x ab) o v f ac z am p i ag ad (aj z) j o (an an (q (r n (q x a af) an u j)) c p) ab x m al (al (f (y aa) o) b) r x ai f y (i r ak x ab) o v ad w v d v ab y am (l t) ad j ae L al M h (d p (aa h) y u) N O P Q R ak y f S T U V W y (X Y Z (AA AB AC (x h AD h f AE r l h) a (AF AG i c aj w g) ad) AH AI AJ AK af (ak ae ak o al))
c f ac z am p i ag ad (aj z) j o (an an (q (r n (q x a af) an u j)) c p) ab x m al (al (f (y aa) o) b) r x ai f y (i r ak x ab) o v f ac z am p i ag ad (aj z) j o (an an (q (r n (q x a af) an u j)) c p) ab x m al (al (f (y aa) o) b) r x ai f y (i r ak x ab) o v f ac z am p i ag ad (aj z) j o (an an (q (r n (q x a af) an u j)) c p) ab x m al (al (f (y aa) o) b) r x ai f y (i r ak x ab) o v ad w v d v ab y am (l t) ad j ae L al M h (d p (aa h) y u) N O P Q R ak y f S T U V W y (X Y Z (AA AB AC (x h AD h f AE r l h) a (AF AG i c aj w g) ad) AH AI AJ AK af (ak ae ak o al))
t i ak ai f y (i r ak x ab) o v f ac z am p i ag ad (aj z) j o (an an (q (r n (q x a af) an u j)) c p) ab x m al (al (f (y aa) o) b) r x ai f y (i r ak x ab) o v f ac z am p i ag ad (aj z) j o (an an (q (r n (q x a af) an u j)) c p) ab x m al (al (f (y aa) o) b) r x ai f y (i r ak x ab) o v f ac z am p i ag ad (aj z) j o (an an (q (r n (q x a af) an u j)) c p) ab x m al (al (f (y aa) o) b) r x ai f y (i r ak x ab) o v ad w v d v ab y am (l t) ad j ae L al M h (d p (aa h) y u) N O P Q R ak y f S T U V W y (X Y Z (AA AB AC (x h AD h f AE r l h) a (AF AG i c aj w g) ad) AH AI AJ AK af (ak ae ak o al))
s af i (i an) m (al (f (y aa) o) b) aa ak ai f y (i r ak x ab) o v f ac z am p i ag ad (aj z) j o (an an (q (r n (q x a af) an u j)) c p) ab x m al (al (f (y aa) o) b) r x ai f y (i r ak x ab) o v f ac z am p i ag ad (aj z) j o (an an (q (r n (q x a af) an u j)) c p) ab x m al (al (f (y aa) o) b) r x ai f y (i r ak x ab) o v f ac z am p i ag ad (aj z) j o (an an (q (r n (q x a af) an u j)) c p) ab x m al (al (f (y aa) o) b) r x ai f y (i r ak x ab) o v ad w v d v ab y am (l t) ad j ae L al M h (d p (aa h) y u) N O P Q R ak y f S T U V W y (X Y Z (AA AB AC (x h AD h f AE r l h) a (AF AG i c aj w g) ad) AH AI AJ AK af (ak ae ak o al))
al z ab x m al (al (f (y aa) o) b) r x ai f y (i r ak x ab) o v f ac z am p i ag ad (aj z) j o (an an (q (r n (q x a af) an u j)) c p) ab x m al (al (f (y aa) o) b) r x ai f y (i r ak x ab) o v f ac z am p i ag ad (aj z) j o (an an (q (r n (q x a af) an u j)) c p) ab x m al (al (f (y aa) o) b) r x ai f y (i r ak x ab) o v f ac z am p i ag ad (aj z) j o (an an (q (r n (q x a af) an u j)) c p) ab x m al (al (f (y aa) o) b) r x ai f y (i r ak x ab) o v ad w v d v ab y am (l t) ad j ae L al M h (d p (aa h) y u) N O P Q R ak y f S T U V W y (X Y Z (AA AB AC (x h AD h f AE r l h) a (AF AG i c aj w g) ad) AH AI AJ AK af (ak ae ak o al))
ae ai t (q (r n (q x a af) an u j)) z ab x m al (al (f (y aa) o) b) r x ai f y (i r ak x ab) o v f ac z am p i ag ad (aj z) j o (an an (q (r n (q x a af) an u j)) c p) ab x m al (al (f (y aa) o) b) r x ai f y (i r ak x ab) o v f ac z am p i ag ad (aj z) j o (an an (q (r n (q x a af) an u j)) c p) ab x m al (al (f (y aa) o) b) r x ai f y (i r ak x ab) o v f ac z am p i ag ad (aj z) j o (an an (q (r n (q x a af) an u j)) c p) ab x m al (al (f (y aa) o) b) r x ai f y (i r ak x ab) o v ad w v d v ab y am (l t) ad j ae L al M h (d p (aa h) y u) N O P Q R ak y f S T U V W y (X Y Z (AA AB AC (x h AD h f AE r l h) a (AF AG i c aj w g) ad) AH AI AJ AK af (ak ae ak o al))
b j o (an an (q (r n (q x a af) an u j)) c p) ab x m al (al (f (y aa) o) b) r x ai f y (i r ak x ab) o v f ac z am p i ag ad (aj z) j o (an an (q (r n (q x a af) an u j)) c p) ab x m al (al (f (y aa) o) b) r x ai f y (i r ak x ab) o v f ac z am p i ag ad (aj z) j o (an an (q (r n (q x a af) an u j)) c p) ab x m al (al (f (y aa) o) b) r x ai f y (i r ak x ab) o v f ac z am p i ag ad (aj z) j o (an an (q (r n (q x a af) an u j)) c p) ab x m al (al (f (y aa) o) b) r x ai f y (i r ak x ab) o v ad w v d v ab y am (l t) ad j ae L al M h (d p (aa h) y u) N O P Q R ak y f S T U V W y (X Y Z (AA AB AC (x h AD h f AE r l h) a (AF AG i c aj w g) ad) AH AI AJ AK af (ak ae ak o al))
c f ac z am p i ag ad (aj z) j o (an an (q (r n (q x a af) an u j)) c p) ab x m al (al (f (y aa) o) b) r x ai f y (i r ak x ab) o v f ac z am p i ag ad (aj z) j o (an an (q (r n (q x a af) an u j)) c p) ab x m al (al (f (y aa) o) b) r x ai f y (i r ak x ab) o v f ac z am p i ag ad (aj z) j o (an an (q (r n (q x a af) an u j)) c p) ab x m al (al (f (y aa) o) b) r x ai f y (i r ak x ab) o v f ac z am p i ag ad (aj z) j o (an an (q (r n (q x a af) an u j)) c p) ab x m al (al (f (y aa) o) b) r x ai f y (i r ak x ab) o v ad w v d v ab y am (l t) ad j ae L al M h (d p (aa h) y u) N O P Q R ak y f S T U V W y (X Y Z (AA AB AC (x h AD h f AE r l h) a (AF AG i c aj w g) ad) AH AI AJ AK af (ak ae ak o al))
t i ak ai f y (i r ak x ab) o v f ac z am p i ag ad (aj z) j o (an an (q (r n (q x a af) an u j)) c p) ab x m al (al (f (y aa) o) b) r x ai f y (i r ak x ab) o v f ac z am p i ag ad (aj z) j o (an an (q (r n (q x a af) an u j)) c p) ab x m al (al (f (y aa) o) b) r x ai f y (i r ak x ab) o v f ac z am p i ag ad (aj z) j o (an an (q (r n (q x a af) an u j)) c p) ab x m al (al (f (y aa) o) b) r x ai f y (i r ak x ab) o v f ac z am p i ag ad (aj z) j o (an an (q (r n (q x a af) an u j)) c p) ab x m al (al (f (y aa) o) b) r x ai f y (i r ak x ab) o v ad w v d v ab y am (l t) ad j ae L al M h (d p (aa h) y u) N O P Q R ak y f S T U V W y (X Y Z (AA AB AC (x h AD h f AE r l h) a (AF AG i c aj w g) ad) AH AI AJ AK af (ak ae ak o al))
s af i (i an) m (al (f (y aa) o) b) aa ak ai f y (i r ak x ab) o v f ac z am p i ag ad (aj z) j o (an an (q (r n (q x a af) an u j)) c p) ab x m al (al (f (y aa) o) b) r x ai f y (i r ak x ab) o v f ac z am p i ag ad (aj z) j o (an an (q (r n (q x a af) an u j)) c p) ab x m al (al (f (y aa) o) b) r x ai f y (i r ak x ab) o v f ac z am p i ag ad (aj z) j o (an an (q (r n (q x a af) an u j)) c p) ab x m al (al (f (y aa) o) b) r x ai f y (i r ak x ab) o v f ac z am p i ag ad (aj z) j o (an an (q (r n (q x a af) an u j)) c p) ab x m al (al (f (y aa) o) b) r x ai f y (i r ak x ab) o v ad w v d v ab y am (l t) ad j ae L al M h (d p (aa h) y u) N O P Q R ak y f S T U V W y (X Y Z (AA AB AC (x h AD h f AE r l h) a (AF AG i c aj w g) ad) AH AI AJ AK af (ak ae ak o al))


