al ao y ag q f ae c x a af b r
ab ao ap ar aq ac z d d e (o m a n) ae o
e ao ap q al n o al ao ap q x w ao c
b ap ao aq aj i ae v h s ab (t a)
ag ap ar ao aq x w (al ap (ai (aq al ap aa am)))
p ag l v u q a s c (ad v n ad m)
an ao at av aq au ap ar g (af p)
l ap ao y ai g (s g k ac q al g ad ag)
ak at ar ap aq ao d am s m b
d ap ao g s (r (g (ah m y ag ai j) ab l aa))
z aq ao at au ar av ap ah af j aa m al
ac aq ap ar ao ad af an a c ak m n u v ak ab ab
t ao aq ap x k ah aq ak (p b y) (l h ab d)
aa aq ap ao c (j o b ag aq)
v ao s n aa (m x n (am aj) aa p y g)
g au ao ar aq av at ap f ad s (x u ab al (f y) ai) o
r ap ao af (ab p ap) h
u ao ap al p al
aj ap ao aq p ah e r v d ad
c aq at ar au av ap ao ae (p (k (ak ad an h) q s) au)
h ar au ao aq av at ap ag o l aa aq am an
x at au ar aq ap ao ap aq at t af g q k
y ao w s (i ao ae) c g i x f m
n q m e r k k
k ao ap au ar av aq at ab (ad (r w (aa an)) y ab) i
i ao ao ac b an ae j
ah ao ap d k (ao (y l aj an) t l)
main ah ae am i A B ac C r D x h ak p aj f E a b F s G an f y g (H I u ak y q ak ag ad m (ag (k v ad (e J (K L ah) (M v)) h h k (aa (N O an (P Q R p S w (f am (T i) d ag ac x U n V (W (am c p (X af (Y ac (Z AA AB (AC p) (AD AE AF AG k al ad af al v)) ad ah) p ah d x))))))))))
j ao aq ap w s aq (f v q) u o f (al aj)
a ao ab ag (ao ao m r ag)
q ap aq ao e l ao
ad ao ap aq ar at h ah m af al g m (d ac) m f v
o aq ap ao ar at au q p (y (ag f ap t y) aa) ab (c j)
af aq ap ao e n j ap t l
m ao s u (y ak (ag aa a))
s ao ao n k v (ad (ae ab)) af ao (f aj) o x
w ae i (ah (ad h f))
ae ap ar aq at ao h (ac ar p) ad ac x (t w af) at ag
ai ap ao d (d aj ab) d m d
am aq av at ar au ap ao ah ad ae i au ad aa w af l
f at ar ao ap aq l r o ae ad q
------------------------------------------------------------
ah ae am i A B ac C r D x h ak p aj f E a b F s G an f y g (H I u ak y q ak ag ad m (ag (k v ad (e J (K L ah) (M v)) h h k (aa (N O an (P Q R p S w (f am (T i) d ag ac x U n V (W (am c p (X af (Y ac (Z AA AB (AC p) (AD AE AF AG k al ad af al v)) ad ah) p ah d x))))))))))
d k (ae (y l aj an) t l) i A B ac C r D x h ak p aj f E a b F s G an f y g (H I u ak y q ak ag ad m (ag (k v ad (e J (K L ah) (M v)) h h k (aa (N O an (P Q R p S w (f am (T i) d ag ac x U n V (W (am c p (X af (Y ac (Z AA AB (AC p) (AD AE AF AG k al ad af al v)) ad ah) p ah d x))))))))))
g s (r (g (ah m y ag ai j) ab l aa)) i A B ac C r D x h ak p aj f E a b F s G an f y g (H I u ak y q ak ag ad m (ag (k v ad (e J (K L ah) (M v)) h h k (aa (N O an (P Q R p S w (f am (T i) d ag ac x U n V (W (am c p (X af (Y ac (Z AA AB (AC p) (AD AE AF AG k al ad af al v)) ad ah) p ah d x))))))))))
f ad s (x u ab al (f y) ai) o r D x h ak p aj f E a b F s G an f y g (H I u ak y q ak ag ad m (ag (k v ad (e J (K L ah) (M v)) h h k (aa (N O an (P Q R p S w (f am (T i) d ag ac x U n V (W (am c p (X af (Y ac (Z AA AB (AC p) (AD AE AF AG k al ad af al v)) ad ah) p ah d x))))))))))
l r o ae ad q D x h ak p aj f E a b F s G an f y g (H I u ak y q ak ag ad m (ag (k v ad (e J (K L ah) (M v)) h h k (aa (N O an (P Q R p S w (f am (T i) d ag ac x U n V (W (am c p (X af (Y ac (Z AA AB (AC p) (AD AE AF AG k al ad af al v)) ad ah) p ah d x))))))))))
y ai g (s g k ac q al g ad ag) ae ad q D x h ak p aj f E a b F s G an f y g (H I u ak y q ak ag ad m (ag (k v ad (e J (K L ah) (M v)) h h k (aa (N O an (P Q R p S w (f am (T i) d ag ac x U n V (W (am c p (X af (Y ac (Z AA AB (AC p) (AD AE AF AG k al ad af al v)) ad ah) p ah d x))))))))))
w s (i ai ae) c g i x f m g (s g k ac q al g ad ag) ae ad q D x h ak p aj f E a b F s G an f y g (H I u ak y q ak ag ad m (ag (k v ad (e J (K L ah) (M v)) h h k (aa (N O an (P Q R p S w (f am (T i) d ag ac x U n V (W (am c p (X af (Y ac (Z AA AB (AC p) (AD AE AF AG k al ad af al v)) ad ah) p ah d x))))))))))
ae i (ah (ad h f)) s (i ai ae) c g i x f m g (s g k ac q al g ad ag) ae ad q D x h ak p aj f E a b F s G an f y g (H I u ak y q ak ag ad m (ag (k v ad (e J (K L ah) (M v)) h h k (aa (N O an (P Q R p S w (f am (T i) d ag ac x U n V (W (am c p (X af (Y ac (Z AA AB (AC p) (AD AE AF AG k al ad af al v)) ad ah) p ah d x))))))))))
h (ac (ah (ad h f)) p) ad ac x (t w af) (i ai ae) ag g i x f m g (s g k ac q al g ad ag) ae ad q D x h ak p aj f E a b F s G an f y g (H I u ak y q ak ag ad m (ag (k v ad (e J (K L ah) (M v)) h h k (aa (N O an (P Q R p S w (f am (T i) d ag ac x U n V (W (am c p (X af (Y ac (Z AA AB (AC p) (AD AE AF AG k al ad af al v)) ad ah) p ah d x))))))))))
ag o l aa x am an g i x f m g (s g k ac q al g ad ag) ae ad q D x h ak p aj f E a b F s G an f y g (H I u ak y q ak ag ad m (ag (k v ad (e J (K L ah) (M v)) h h k (aa (N O an (P Q R p S w (f am (T i) d ag ac x U n V (W (am c p (X af (Y ac (Z AA AB (AC p) (AD AE AF AG k al ad af al v)) ad ah) p ah d x))))))))))
x w (al o (ai (x al o aa am))) am an g i x f m g (s g k ac q al g ad ag) ae ad q D x h ak p aj f E a b F s G an f y g (H I u ak y q ak ag ad m (ag (k v ad (e J (K L ah) (M v)) h h k (aa (N O an (P Q R p S w (f am (T i) d ag ac x U n V (W (am c p (X af (Y ac (Z AA AB (AC p) (AD AE AF AG k al ad af al v)) ad ah) p ah d x))))))))))
g an w t af g q k x f m g (s g k ac q al g ad ag) ae ad q D x h ak p aj f E a b F s G an f y g (H I u ak y q ak ag ad m (ag (k v ad (e J (K L ah) (M v)) h h k (aa (N O an (P Q R p S w (f am (T i) d ag ac x U n V (W (am c p (X af (Y ac (Z AA AB (AC p) (AD AE AF AG k al ad af al v)) ad ah) p ah d x))))))))))
f ad s (x u ab al (f y) ai) o x f m g (s g k ac q al g ad ag) ae ad q D x h ak p aj f E a b F s G an f y g (H I u ak y q ak ag ad m (ag (k v ad (e J (K L ah) (M v)) h h k (aa (N O an (P Q R p S w (f am (T i) d ag ac x U n V (W (am c p (X af (Y ac (Z AA AB (AC p) (AD AE AF AG k al ad af al v)) ad ah) p ah d x))))))))))
l r o ae ad q f m g (s g k ac q al g ad ag) ae ad q D x h ak p aj f E a b F s G an f y g (H I u ak y q ak ag ad m (ag (k v ad (e J (K L ah) (M v)) h h k (aa (N O an (P Q R p S w (f am (T i) d ag ac x U n V (W (am c p (X af (Y ac (Z AA AB (AC p) (AD AE AF AG k al ad af al v)) ad ah) p ah d x))))))))))
y ai g (s g k ac q al g ad ag) ae ad q f m g (s g k ac q al g ad ag) ae ad q D x h ak p aj f E a b F s G an f y g (H I u ak y q ak ag ad m (ag (k v ad (e J (K L ah) (M v)) h h k (aa (N O an (P Q R p S w (f am (T i) d ag ac x U n V (W (am c p (X af (Y ac (Z AA AB (AC p) (AD AE AF AG k al ad af al v)) ad ah) p ah d x))))))))))
w s (i ai ae) c g i x f m g (s g k ac q al g ad ag) ae ad q f m g (s g k ac q al g ad ag) ae ad q D x h ak p aj f E a b F s G an f y g (H I u ak y q ak ag ad m (ag (k v ad (e J (K L ah) (M v)) h h k (aa (N O an (P Q R p S w (f am (T i) d ag ac x U n V (W (am c p (X af (Y ac (Z AA AB (AC p) (AD AE AF AG k al ad af al v)) ad ah) p ah d x))))))))))
ae i (ah (ad h f)) s (i ai ae) c g i x f m g (s g k ac q al g ad ag) ae ad q f m g (s g k ac q al g ad ag) ae ad q D x h ak p aj f E a b F s G an f y g (H I u ak y q ak ag ad m (ag (k v ad (e J (K L ah) (M v)) h h k (aa (N O an (P Q R p S w (f am (T i) d ag ac x U n V (W (am c p (X af (Y ac (Z AA AB (AC p) (AD AE AF AG k al ad af al v)) ad ah) p ah d x))))))))))
h (ac (ah (ad h f)) p) ad ac x (t w af) (i ai ae) ag g i x f m g (s g k ac q al g ad ag) ae ad q f m g (s g k ac q al g ad ag) ae ad q D x h ak p aj f E a b F s G an f y g (H I u ak y q ak ag ad m (ag (k v ad (e J (K L ah) (M v)) h h k (aa (N O an (P Q R p S w (f am (T i) d ag ac x U n V (W (am c p (X af (Y ac (Z AA AB (AC p) (AD AE AF AG k al ad af al v)) ad ah) p ah d x))))))))))
ag o l aa x am an g i x f m g (s g k ac q al g ad ag) ae ad q f m g (s g k ac q al g ad ag) ae ad q D x h ak p aj f E a b F s G an f y g (H I u ak y q ak ag ad m (ag (k v ad (e J (K L ah) (M v)) h h k (aa (N O an (P Q R p S w (f am (T i) d ag ac x U n V (W (am c p (X af (Y ac (Z AA AB (AC p) (AD AE AF AG k al ad af al v)) ad ah) p ah d x))))))))))
x w (al o (ai (x al o aa am))) am an g i x f m g (s g k ac q al g ad ag) ae ad q f m g (s g k ac q al g ad ag) ae ad q D x h ak p aj f E a b F s G an f y g (H I u ak y q ak ag ad m (ag (k v ad (e J (K L ah) (M v)) h h k (aa (N O an (P Q R p S w (f am (T i) d ag ac x U n V (W (am c p (X af (Y ac (Z AA AB (AC p) (AD AE AF AG k al ad af al v)) ad ah) p ah d x))))))))))
g an w t af g q k x f m g (s g k ac q al g ad ag) ae ad q f m g (s g k ac q al g ad ag) ae ad q D x h ak p aj f E a b F s G an f y g (H I u ak y q ak ag ad m (ag (k v ad (e J (K L ah) (M v)) h h k (aa (N O an (P Q R p S w (f am (T i) d ag ac x U n V (W (am c p (X af (Y ac (Z AA AB (AC p) (AD AE AF AG k al ad af al v)) ad ah) p ah d x))))))))))
f ad s (x u ab al (f y) ai) o x f m g (s g k ac q al g ad ag) ae ad q f m g (s g k ac q al g ad ag) ae ad q D x h ak p aj f E a b F s G an f y g (H I u ak y q ak ag ad m (ag (k v ad (e J (K L ah) (M v)) h h k (aa (N O an (P Q R p S w (f am (T i) d ag ac x U n V (W (am c p (X af (Y ac (Z AA AB (AC p) (AD AE AF AG k al ad af al v)) ad ah) p ah d x))))))))))
l r o ae ad q f m g (s g k ac q al g ad ag) ae ad q f m g (s g k ac q al g ad ag) ae ad q D x h ak p aj f E a b F s G an f y g (H I u ak y q ak ag ad m (ag (k v ad (e J (K L ah) (M v)) h h k (aa (N O an (P Q R p S w (f am (T i) d ag ac x U n V (W (am c p (X af (Y ac (Z AA AB (AC p) (AD AE AF AG k al ad af al v)) ad ah) p ah d x))))))))))
y ai g (s g k ac q al g ad ag) ae ad q f m g (s g k ac q al g ad ag) ae ad q f m g (s g k ac q al g ad ag) ae ad q D x h ak p aj f E a b F s G an f y g (H I u ak y q ak ag ad m (ag (k v ad (e J (K L ah) (M v)) h h k (aa (N O an (P Q R p S w (f am (T i) d ag ac x U n V (W (am c p (X af (Y ac (Z AA AB (AC p) (AD AE AF AG k al ad af al v)) ad ah) p ah d x))))))))))
w s (i ai ae) c g i x f m g (s g k ac q al g ad ag) ae ad q f m g (s g k ac q al g ad ag) ae ad q f m g (s g k ac q al g ad ag) ae ad q D x h ak p aj f E a b F s G an f y g (H I u ak y q ak ag ad m (ag (k v ad (e J (K L ah) (M v)) h h k (aa (N O an (P Q R p S w (f am (T i) d ag ac x U n V (W (am c p (X af (Y ac (Z AA AB (AC p) (AD AE AF AG k al ad af al v)) ad ah) p ah d x))))))))))
ae i (ah (ad h f)) s (i ai ae) c g i x f m g (s g k ac q al g ad ag) ae ad q f m g (s g k ac q al g ad ag) ae ad q f m g (s g k ac q al g ad ag) ae ad q D x h ak p aj f E a b F s G an f y g (H I u ak y q ak ag ad m (ag (k v ad (e J (K L ah) (M v)) h h k (aa (N O an (P Q R p S w (f am (T i) d ag ac x U n V (W (am c p (X af (Y ac (Z AA AB (AC p) (AD AE AF AG k al ad af al v)) ad ah) p ah d x))))))))))
h (ac (ah (ad h f)) p) ad ac x (t w af) (i ai ae) ag g i x f m g (s g k ac q al g ad ag) ae ad q f m g (s g k ac q al g ad ag) ae ad q f m g (s g k ac q al g ad ag) ae ad q D x h ak p aj f E a b F s G an f y g (H I u ak y q ak ag ad m (ag (k v ad (e J (K L ah) (M v)) h h k (aa (N O an (P Q R p S w (f am (T i) d ag ac x U n V (W (am c p (X af (Y ac (Z AA AB (AC p) (AD AE AF AG k al ad af al v)) ad ah) p ah d x))))))))))
ag o l aa x am an g i x f m g (s g k ac q al g ad ag) ae ad q f m g (s g k ac q al g ad ag) ae ad q f m g (s g k ac q al g ad ag) ae ad q D x h ak p aj f E a b F s G an f y g (H I u ak y q ak ag ad m (ag (k v ad (e J (K L ah) (M v)) h h k (aa (N O an (P Q R p S w (f am (T i) d ag ac x U n V (W (am c p (X af (Y ac (Z AA AB (AC p) (AD AE AF AG k al ad af al v)) ad ah) p ah d x))))))))))
x w (al o (ai (x al o aa am))) am an g i x f m g (s g k ac q al g ad ag) ae ad q f m g (s g k ac q al g ad ag) ae ad q f m g (s g k ac q al g ad ag) ae ad q D x h ak p aj f E a b F s G an f y g (H I u ak y q ak ag ad m (ag (k v ad (e J (K L ah) (M v)) h h k (aa (N O an (P Q R p S w (f am (T i) d ag ac x U n V (W (am c p (X af (Y ac (Z AA AB (AC p) (AD AE AF AG k al ad af al v)) ad ah) p ah d x))))))))))
g an w t af g q k x f m g (s g k ac q al g ad ag) ae ad q f m g (s g k ac q al g ad ag) ae ad q f m g (s g k ac q al g ad ag) ae ad q D x h ak p aj f E a b F s G an f y g (H I u ak y q ak ag ad m (ag (k v ad (e J (K L ah) (M v)) h h k (aa (N O an (P Q R p S w (f am (T i) d ag ac x U n V (W (am c p (X af (Y ac (Z AA AB (AC p) (AD AE AF AG k al ad af al v)) ad ah) p ah d x))))))))))


