v aq ap ao ad aq e al ae d x (r (ac am z r ac))
main q o A b B (ad v a) (w (C D d (an l v (E l v k (F an a aa aj e z (u (G i aj h) i i (H (g (i f I v J) (K L c M (N (g af ag (O ah) d m al (P o al (Q ac) i l (an R (x j) ag (S m (T c aj g an)) o s ag) U i h) v (V (m ac f q ag ai c) u v k w g y)) j ad j f) r af t)))))))))
f ap ao aa c q ak ae p p ag ai y o m j
t ao d aa y
al ap ao aa (am (z i i)) aa k p (i ac ae) ap b
h am c ai ad ah l (r p u)
aa ao ar at aq av au ap m q q am q (ah ai ak k ai p c an)
q aq ar ao ap at ab o ah ar p
s ao ar aq ap r ad (j aa) p h o (al (ab o j))
b ao ar ap aq ae ao aj g n o t (l q)
g ar ao ap aq ah k y ak w ar ar i ai w
k ap ao f v (b g j ap) x o
z aq ao ar ap at k ac m aa af ap j m
o ap aq ar at ao au aq (ag ah (aa an v aa y b al ad k))
ac at ao aq ap au ar al u
p ap ao b (ab e d j)
j ao w w t (w (ao q d e t p q l am))
u aq ap at au ao ar aj z ap w
m aq ap ao p (ac v) ab g ai e (ac v v) am
a at ao ap aq ar au d g o aa c ah (au ab ad s g h r)
ah ap ao av at aq ar au o (z (ap i ar (ac i) ak y l aq))
x ah (e (ad s t) (o ag ai u)) u ai
ak ao aq ap ac s u an (k c al) h g (t k) (ah o)
am ao ap ap ad ap (a i (al s ao ao s h))
an ao ap aq l
n h aa ai (y k)
ai m (ab w u (u v b an ag))
i ap aq ao ah s u
d aq ap ao v k u k m (a i x x m t)
e aq ap ar ao n ad q ae u ab j g (ar j b ah aj)
r aq ar ap ao ak (q z) g
aj ao aq ap q aa ac s
w ap ao ar at av aq au z z (ab av at (f t g p aa) l) t c
ab ar ao ap aq af ag h e n ae (n x)
ag ao ap z l i p b (b k) n e w
ae ao ac i ak l ac t s ak ag aa (e x)
l ao ap ar aq q h aq ap ac ag
af ap ao aq ab x e (ak n f aj aj ag q) ad (a w)
y ar aq ap au ao av at e g w ah (ar g ah af j ab aa)
c at ao ar aq au av ap y (g d) af l (u q b o am (q af) o)
ad ar at ao aq ap j k e o ak q al m
------------------------------------------------------------
q o A b B (ad v a) (w (C D d (an l v (E l v k (F an a aa aj e z (u (G i aj h) i i (H (g (i f I v J) (K L c M (N (g af ag (O ah) d m al (P o al (Q ac) i l (an R (x j) ag (S m (T c aj g an)) o s ag) U i h) v (V (m ac f q ag ai c) u v k w g y)) j ad j f) r af t)))))))))
ab o ah A p (w (C D d (an l v (E l v k (F an a aa aj e z (u (G i aj h) i i (H (g (i f I v J) (K L c M (N (g af ag (O ah) d m al (P o al (Q ac) i l (an R (x j) ag (S m (T c aj g an)) o s ag) U i h) v (V (m ac f q ag ai c) u v k w g y)) j ad j f) r af t)))))))))
af ag h e n ae (n x) (w (C D d (an l v (E l v k (F an a aa aj e z (u (G i aj h) i i (H (g (i f I v J) (K L c M (N (g af ag (O ah) d m al (P o al (Q ac) i l (an R (x j) ag (S m (T c aj g an)) o s ag) U i h) v (V (m ac f q ag ai c) u v k w g y)) j ad j f) r af t)))))))))
ab x e (ak n f aj aj ag q) ad (a w) n ae (n x) (w (C D d (an l v (E l v k (F an a aa aj e z (u (G i aj h) i i (H (g (i f I v J) (K L c M (N (g af ag (O ah) d m al (P o al (Q ac) i l (an R (x j) ag (S m (T c aj g an)) o s ag) U i h) v (V (m ac f q ag ai c) u v k w g y)) j ad j f) r af t)))))))))
af ag h e n ae (n x) (a w) n ae (n x) (w (C D d (an l v (E l v k (F an a aa aj e z (u (G i aj h) i i (H (g (i f I v J) (K L c M (N (g af ag (O ah) d m al (P o al (Q ac) i l (an R (x j) ag (S m (T c aj g an)) o s ag) U i h) v (V (m ac f q ag ai c) u v k w g y)) j ad j f) r af t)))))))))
ab x e (ak n f aj aj ag q) ad (a w) n ae (n x) (a w) n ae (n x) (w (C D d (an l v (E l v k (F an a aa aj e z (u (G i aj h) i i (H (g (i f I v J) (K L c M (N (g af ag (O ah) d m al (P o al (Q ac) i l (an R (x j) ag (S m (T c aj g an)) o s ag) U i h) v (V (m ac f q ag ai c) u v k w g y)) j ad j f) r af t)))))))))
af ag h e n ae (n x) (a w) n ae (n x) (a w) n ae (n x) (w (C D d (an l v (E l v k (F an a aa aj e z (u (G i aj h) i i (H (g (i f I v J) (K L c M (N (g af ag (O ah) d m al (P o al (Q ac) i l (an R (x j) ag (S m (T c aj g an)) o s ag) U i h) v (V (m ac f q ag ai c) u v k w g y)) j ad j f) r af t)))))))))
ab x e (ak n f aj aj ag q) ad (a w) n ae (n x) (a w) n ae (n x) (a w) n ae (n x) (w (C D d (an l v (E l v k (F an a aa aj e z (u (G i aj h) i i (H (g (i f I v J) (K L c M (N (g af ag (O ah) d m al (P o al (Q ac) i l (an R (x j) ag (S m (T c aj g an)) o s ag) U i h) v (V (m ac f q ag ai c) u v k w g y)) j ad j f) r af t)))))))))
af ag h e n ae (n x) (a w) n ae (n x) (a w) n ae (n x) (a w) n ae (n x) (w (C D d (an l v (E l v k (F an a aa aj e z (u (G i aj h) i i (H (g (i f I v J) (K L c M (N (g af ag (O ah) d m al (P o al (Q ac) i l (an R (x j) ag (S m (T c aj g an)) o s ag) U i h) v (V (m ac f q ag ai c) u v k w g y)) j ad j f) r af t)))))))))
ab x e (ak n f aj aj ag q) ad (a w) n ae (n x) (a w) n ae (n x) (a w) n ae (n x) (a w) n ae (n x) (w (C D d (an l v (E l v k (F an a aa aj e z (u (G i aj h) i i (H (g (i f I v J) (K L c M (N (g af ag (O ah) d m al (P o al (Q ac) i l (an R (x j) ag (S m (T c aj g an)) o s ag) U i h) v (V (m ac f q ag ai c) u v k w g y)) j ad j f) r af t)))))))))
af ag h e n ae (n x) (a w) n ae (n x) (a w) n ae (n x) (a w) n ae (n x) (a w) n ae (n x) (w (C D d (an l v (E l v k (F an a aa aj e z (u (G i aj h) i i (H (g (i f I v J) (K L c M (N (g af ag (O ah) d m al (P o al (Q ac) i l (an R (x j) ag (S m (T c aj g an)) o s ag) U i h) v (V (m ac f q ag ai c) u v k w g y)) j ad j f) r af t)))))))))
ab x e (ak n f aj aj ag q) ad (a w) n ae (n x) (a w) n ae (n x) (a w) n ae (n x) (a w) n ae (n x) (a w) n ae (n x) (w (C D d (an l v (E l v k (F an a aa aj e z (u (G i aj h) i i (H (g (i f I v J) (K L c M (N (g af ag (O ah) d m al (P o al (Q ac) i l (an R (x j) ag (S m (T c aj g an)) o s ag) U i h) v (V (m ac f q ag ai c) u v k w g y)) j ad j f) r af t)))))))))
af ag h e n ae (n x) (a w) n ae (n x) (a w) n ae (n x) (a w) n ae (n x) (a w) n ae (n x) (a w) n ae (n x) (w (C D d (an l v (E l v k (F an a aa aj e z (u (G i aj h) i i (H (g (i f I v J) (K L c M (N (g af ag (O ah) d m al (P o al (Q ac) i l (an R (x j) ag (S m (T c aj g an)) o s ag) U i h) v (V (m ac f q ag ai c) u v k w g y)) j ad j f) r af t)))))))))
ab x e (ak n f aj aj ag q) ad (a w) n ae (n x) (a w) n ae (n x) (a w) n ae (n x) (a w) n ae (n x) (a w) n ae (n x) (a w) n ae (n x) (w (C D d (an l v (E l v k (F an a aa aj e z (u (G i aj h) i i (H (g (i f I v J) (K L c M (N (g af ag (O ah) d m al (P o al (Q ac) i l (an R (x j) ag (S m (T c aj g an)) o s ag) U i h) v (V (m ac f q ag ai c) u v k w g y)) j ad j f) r af t)))))))))
af ag h e n ae (n x) (a w) n ae (n x) (a w) n ae (n x) (a w) n ae (n x) (a w) n ae (n x) (a w) n ae (n x) (a w) n ae (n x) (w (C D d (an l v (E l v k (F an a aa aj e z (u (G i aj h) i i (H (g (i f I v J) (K L c M (N (g af ag (O ah) d m al (P o al (Q ac) i l (an R (x j) ag (S m (T c aj g an)) o s ag) U i h) v (V (m ac f q ag ai c) u v k w g y)) j ad j f) r af t)))))))))
ab x e (ak n f aj aj ag q) ad (a w) n ae (n x) (a w) n ae (n x) (a w) n ae (n x) (a w) n ae (n x) (a w) n ae (n x) (a w) n ae (n x) (a w) n ae (n x) (w (C D d (an l v (E l v k (F an a aa aj e z (u (G i aj h) i i (H (g (i f I v J) (K L c M (N (g af ag (O ah) d m al (P o al (Q ac) i l (an R (x j) ag (S m (T c aj g an)) o s ag) U i h) v (V (m ac f q ag ai c) u v k w g y)) j ad j f) r af t)))))))))
af ag h e n ae (n x) (a w) n ae (n x) (a w) n ae (n x) (a w) n ae (n x) (a w) n ae (n x) (a w) n ae (n x) (a w) n ae (n x) (a w) n ae (n x) (w (C D d (an l v (E l v k (F an a aa aj e z (u (G i aj h) i i (H (g (i f I v J) (K L c M (N (g af ag (O ah) d m al (P o al (Q ac) i l (an R (x j) ag (S m (T c aj g an)) o s ag) U i h) v (V (m ac f q ag ai c) u v k w g y)) j ad j f) r af t)))))))))
ab x e (ak n f aj aj ag q) ad (a w) n ae (n x) (a w) n ae (n x) (a w) n ae (n x) (a w) n ae (n x) (a w) n ae (n x) (a w) n ae (n x) (a w) n ae (n x) (a w) n ae (n x) (w (C D d (an l v (E l v k (F an a aa aj e z (u (G i aj h) i i (H (g (i f I v J) (K L c M (N (g af ag (O ah) d m al (P o al (Q ac) i l (an R (x j) ag (S m (T c aj g an)) o s ag) U i h) v (V (m ac f q ag ai c) u v k w g y)) j ad j f) r af t)))))))))
af ag h e n ae (n x) (a w) n ae (n x) (a w) n ae (n x) (a w) n ae (n x) (a w) n ae (n x) (a w) n ae (n x) (a w) n ae (n x) (a w) n ae (n x) (a w) n ae (n x) (w (C D d (an l v (E l v k (F an a aa aj e z (u (G i aj h) i i (H (g (i f I v J) (K L c M (N (g af ag (O ah) d m al (P o al (Q ac) i l (an R (x j) ag (S m (T c aj g an)) o s ag) U i h) v (V (m ac f q ag ai c) u v k w g y)) j ad j f) r af t)))))))))
ab x e (ak n f aj aj ag q) ad (a w) n ae (n x) (a w) n ae (n x) (a w) n ae (n x) (a w) n ae (n x) (a w) n ae (n x) (a w) n ae (n x) (a w) n ae (n x) (a w) n ae (n x) (a w) n ae (n x) (w (C D d (an l v (E l v k (F an a aa aj e z (u (G i aj h) i i (H (g (i f I v J) (K L c M (N (g af ag (O ah) d m al (P o al (Q ac) i l (an R (x j) ag (S m (T c aj g an)) o s ag) U i h) v (V (m ac f q ag ai c) u v k w g y)) j ad j f) r af t)))))))))
af ag h e n ae (n x) (a w) n ae (n x) (a w) n ae (n x) (a w) n ae (n x) (a w) n ae (n x) (a w) n ae (n x) (a w) n ae (n x) (a w) n ae (n x) (a w) n ae (n x) (a w) n ae (n x) (w (C D d (an l v (E l v k (F an a aa aj e z (u (G i aj h) i i (H (g (i f I v J) (K L c M (N (g af ag (O ah) d m al (P o al (Q ac) i l (an R (x j) ag (S m (T c aj g an)) o s ag) U i h) v (V (m ac f q ag ai c) u v k w g y)) j ad j f) r af t)))))))))
ab x e (ak n f aj aj ag q) ad (a w) n ae (n x) (a w) n ae (n x) (a w) n ae (n x) (a w) n ae (n x) (a w) n ae (n x) (a w) n ae (n x) (a w) n ae (n x) (a w) n ae (n x) (a w) n ae (n x) (a w) n ae (n x) (w (C D d (an l v (E l v k (F an a aa aj e z (u (G i aj h) i i (H (g (i f I v J) (K L c M (N (g af ag (O ah) d m al (P o al (Q ac) i l (an R (x j) ag (S m (T c aj g an)) o s ag) U i h) v (V (m ac f q ag ai c) u v k w g y)) j ad j f) r af t)))))))))
af ag h e n ae (n x) (a w) n ae (n x) (a w) n ae (n x) (a w) n ae (n x) (a w) n ae (n x) (a w) n ae (n x) (a w) n ae (n x) (a w) n ae (n x) (a w) n ae (n x) (a w) n ae (n x) (a w) n ae (n x) (w (C D d (an l v (E l v k (F an a aa aj e z (u (G i aj h) i i (H (g (i f I v J) (K L c M (N (g af ag (O ah) d m al (P o al (Q ac) i l (an R (x j) ag (S m (T c aj g an)) o s ag) U i h) v (V (m ac f q ag ai c) u v k w g y)) j ad j f) r af t)))))))))
ab x e (ak n f aj aj ag q) ad (a w) n ae (n x) (a w) n ae (n x) (a w) n ae (n x) (a w) n ae (n x) (a w) n ae (n x) (a w) n ae (n x) (a w) n ae (n x) (a w) n ae (n x) (a w) n ae (n x) (a w) n ae (n x) (a w) n ae (n x) (w (C D d (an l v (E l v k (F an a aa aj e z (u (G i aj h) i i (H (g (i f I v J) (K L c M (N (g af ag (O ah) d m al (P o al (Q ac) i l (an R (x j) ag (S m (T c aj g an)) o s ag) U i h) v (V (m ac f q ag ai c) u v k w g y)) j ad j f) r af t)))))))))
af ag h e n ae (n x) (a w) n ae (n x) (a w) n ae (n x) (a w) n ae (n x) (a w) n ae (n x) (a w) n ae (n x) (a w) n ae (n x) (a w) n ae (n x) (a w) n ae (n x) (a w) n ae (n x) (a w) n ae (n x) (a w) n ae (n x) (w (C D d (an l v (E l v k (F an a aa aj e z (u (G i aj h) i i (H (g (i f I v J) (K L c M (N (g af ag (O ah) d m al (P o al (Q ac) i l (an R (x j) ag (S m (T c aj g an)) o s ag) U i h) v (V (m ac f q ag ai c) u v k w g y)) j ad j f) r af t)))))))))
ab x e (ak n f aj aj ag q) ad (a w) n ae (n x) (a w) n ae (n x) (a w) n ae (n x) (a w) n ae (n x) (a w) n ae (n x) (a w) n ae (n x) (a w) n ae (n x) (a w) n ae (n x) (a w) n ae (n x) (a w) n ae (n x) (a w) n ae (n x) (a w) n ae (n x) (w (C D d (an l v (E l v k (F an a aa aj e z (u (G i aj h) i i (H (g (i f I v J) (K L c M (N (g af ag (O ah) d m al (P o al (Q ac) i l (an R (x j) ag (S m (T c aj g an)) o s ag) U i h) v (V (m ac f q ag ai c) u v k w g y)) j ad j f) r af t)))))))))
af ag h e n ae (n x) (a w) n ae (n x) (a w) n ae (n x) (a w) n ae (n x) (a w) n ae (n x) (a w) n ae (n x) (a w) n ae (n x) (a w) n ae (n x) (a w) n ae (n x) (a w) n ae (n x) (a w) n ae (n x) (a w) n ae (n x) (a w) n ae (n x) (w (C D d (an l v (E l v k (F an a aa aj e z (u (G i aj h) i i (H (g (i f I v J) (K L c M (N (g af ag (O ah) d m al (P o al (Q ac) i l (an R (x j) ag (S m (T c aj g an)) o s ag) U i h) v (V (m ac f q ag ai c) u v k w g y)) j ad j f) r af t)))))))))
ab x e (ak n f aj aj ag q) ad (a w) n ae (n x) (a w) n ae (n x) (a w) n ae (n x) (a w) n ae (n x) (a w) n ae (n x) (a w) n ae (n x) (a w) n ae (n x) (a w) n ae (n x) (a w) n ae (n x) (a w) n ae (n x) (a w) n ae (n x) (a w) n ae (n x) (a w) n ae (n x) (w (C D d (an l v (E l v k (F an a aa aj e z (u (G i aj h) i i (H (g (i f I v J) (K L c M (N (g af ag (O ah) d m al (P o al (Q ac) i l (an R (x j) ag (S m (T c aj g an)) o s ag) U i h) v (V (m ac f q ag ai c) u v k w g y)) j ad j f) r af t)))))))))
af ag h e n ae (n x) (a w) n ae (n x) (a w) n ae (n x) (a w) n ae (n x) (a w) n ae (n x) (a w) n ae (n x) (a w) n ae (n x) (a w) n ae (n x) (a w) n ae (n x) (a w) n ae (n x) (a w) n ae (n x) (a w) n ae (n x) (a w) n ae (n x) (a w) n ae (n x) (w (C D d (an l v (E l v k (F an a aa aj e z (u (G i aj h) i i (H (g (i f I v J) (K L c M (N (g af ag (O ah) d m al (P o al (Q ac) i l (an R (x j) ag (S m (T c aj g an)) o s ag) U i h) v (V (m ac f q ag ai c) u v k w g y)) j ad j f) r af t)))))))))
ab x e (ak n f aj aj ag q) ad (a w) n ae (n x) (a w) n ae (n x) (a w) n ae (n x) (a w) n ae (n x) (a w) n ae (n x) (a w) n ae (n x) (a w) n ae (n x) (a w) n ae (n x) (a w) n ae (n x) (a w) n ae (n x) (a w) n ae (n x) (a w) n ae (n x) (a w) n ae (n x) (a w) n ae (n x) (w (C D d (an l v (E l v k (F an a aa aj e z (u (G i aj h) i i (H (g (i f I v J) (K L c M (N (g af ag (O ah) d m al (P o al (Q ac) i l (an R (x j) ag (S m (T c aj g an)) o s ag) U i h) v (V (m ac f q ag ai c) u v k w g y)) j ad j f) r af t)))))))))


