o aq ap at ar au ao m am (ai c ar c an aj b (z z a))
an au ao ar av aq at ap ad f z w t
u ap aq ao ag n ad z ap
ac ao v ab n aa m a g al h an ao
c ap ao al l w w ap k w (ap aa) (l d) ao b
v ar au av ao ap aq at ao y l ah aj l g k a
ai aq ap ao x v ao q n aj ah a j
b ao ap aq at ar o ad
z at au ao ap ar aq av af (m ap f ag) aa
j g g q ah r
r ap ao q ao s aa ao o t (h ao e)
t ao l ak ah a q o
m ap ao aq ar j p n ah l ae
ak ao am q (ao (ag ah n ab) af k)
p aq ao ap q (u (s t e (w b aq) al a m al))
aj ap ao q ak al t
k ao af p aj ao af ag ae v
n aq ar ap ao p ab j am (ab (u (b b v ab ao o ae)))
y aq ao ar ap h s ao g am w (g b z (ar p c))
ab a k ac m u y ai ac al ai
h ap ar au ao at aq f aj ak ai ar aj ar ao an e
g ap ao at ar aq f ac c ab a ad ag (aq ac) ag n j ag
af ao aq at au ap ar j am i k o v aa e b (i ac am) aa
e at ap ao au aq ar n (ab al al h p) c
f aq ap ar ao am ap q aj q r ao ah h s
ae ao ap au ar aq at j aq (f ah m y) k g ac
al at ap ar ao au aq ah ad (s v (aa (z y) b i ag) h y)
l ap ao d (v r ap al) s ak (ap b)
x ap ar ao aq ai ae l c
a at aq ar ao au ap an (q ag) aq
ah ao h (aj p) ak al ao v c z (d p ae)
q au ar aq ao ap at ai ah (w ao an (au af) ag af x)
aa ar ap at aq au ao ac (af m ag (c w y (h m l s)))
ad ap aq ar ao y am ar al al
am x b k o (o (l c (ae h ak l ae)))
ag ao ar at aq ap w af aq p s a aj q
w ap ao g (j n ad am ab x) q
i d (f af ag) (q (t af u ak)) aj
main A B C D am al v E F ag G i H I J (K (ak an ac (ac (h l L d ad d)) ae (af k (i ae ah e M h N (t (O q r (P Q (t ad (t l (R am an) o S T (U V n ah (W X Y (Z c) g n) m AA (q a) AB (AC AD al aj ah (AE p AF p) d) d)) c) ai r)) ac ai x s (n (i ae ai ai (AG c am y t)) am AH ag x))))))
s ao v (ah ah aj (m j x) ae x ak)
d ap ao ao ad w b o ah n ai
------------------------------------------------------------
A B C D am al v E F ag G i H I J (K (ak an ac (ac (h l L d ad d)) ae (af k (i ae ah e M h N (t (O q r (P Q (t ad (t l (R am an) o S T (U V n ah (W X Y (Z c) g n) m AA (q a) AB (AC AD al aj ah (AE p AF p) d) d)) c) ai r)) ac ai x s (n (i ae ai ai (AG c am y t)) am AH ag x))))))
A B C D am al v E F ag G i H I J (K (am q (an (ag ah n ab) af k) ac (ac (h l L d ad d)) ae (af k (i ae ah e M h N (t (O q r (P Q (t ad (t l (R am an) o S T (U V n ah (W X Y (Z c) g n) m AA (q a) AB (AC AD al aj ah (AE p AF p) d) d)) c) ai r)) ac ai x s (n (i ae ai ai (AG c am y t)) am AH ag x))))))
A B C D am al v E F ag G i H I J (K (x b k o (o (l c (ae h ak l ae))) q (an (ag ah n ab) af k) ac (ac (h l L d ad d)) ae (af k (i ae ah e M h N (t (O q r (P Q (t ad (t l (R am an) o S T (U V n ah (W X Y (Z c) g n) m AA (q a) AB (AC AD al aj ah (AE p AF p) d) d)) c) ai r)) ac ai x s (n (i ae ai ai (AG c am y t)) am AH ag x))))))
A B C D am al v E F ag G i H I J (K (ai ae l c q (an (ag ah n ab) af k) ac (ac (h l L d ad d)) ae (af k (i ae ah e M h N (t (O q r (P Q (t ad (t l (R am an) o S T (U V n ah (W X Y (Z c) g n) m AA (q a) AB (AC AD al aj ah (AE p AF p) d) d)) c) ai r)) ac ai x s (n (i ae ai ai (AG c am y t)) am AH ag x))))))
A B C D am al v E F ag G i H I J (K (x v c q n aj ah a j q (an (ag ah n ab) af k) ac (ac (h l L d ad d)) ae (af k (i ae ah e M h N (t (O q r (P Q (t ad (t l (R am an) o S T (U V n ah (W X Y (Z c) g n) m AA (q a) AB (AC AD al aj ah (AE p AF p) d) d)) c) ai r)) ac ai x s (n (i ae ai ai (AG c am y t)) am AH ag x))))))
A B C D am al v E F ag G i H I J (K (ai ae l c aj ah a j q (an (ag ah n ab) af k) ac (ac (h l L d ad d)) ae (af k (i ae ah e M h N (t (O q r (P Q (t ad (t l (R am an) o S T (U V n ah (W X Y (Z c) g n) m AA (q a) AB (AC AD al aj ah (AE p AF p) d) d)) c) ai r)) ac ai x s (n (i ae ai ai (AG c am y t)) am AH ag x))))))
A B C D am al v E F ag G i H I J (K (x v c q n aj ah a j aj ah a j q (an (ag ah n ab) af k) ac (ac (h l L d ad d)) ae (af k (i ae ah e M h N (t (O q r (P Q (t ad (t l (R am an) o S T (U V n ah (W X Y (Z c) g n) m AA (q a) AB (AC AD al aj ah (AE p AF p) d) d)) c) ai r)) ac ai x s (n (i ae ai ai (AG c am y t)) am AH ag x))))))
A B C D am al v E F ag G i H I J (K (ai ae l c aj ah a j aj ah a j q (an (ag ah n ab) af k) ac (ac (h l L d ad d)) ae (af k (i ae ah e M h N (t (O q r (P Q (t ad (t l (R am an) o S T (U V n ah (W X Y (Z c) g n) m AA (q a) AB (AC AD al aj ah (AE p AF p) d) d)) c) ai r)) ac ai x s (n (i ae ai ai (AG c am y t)) am AH ag x))))))
A B C D am al v E F ag G i H I J (K (x v c q n aj ah a j aj ah a j aj ah a j q (an (ag ah n ab) af k) ac (ac (h l L d ad d)) ae (af k (i ae ah e M h N (t (O q r (P Q (t ad (t l (R am an) o S T (U V n ah (W X Y (Z c) g n) m AA (q a) AB (AC AD al aj ah (AE p AF p) d) d)) c) ai r)) ac ai x s (n (i ae ai ai (AG c am y t)) am AH ag x))))))
A B C D am al v E F ag G i H I J (K (ai ae l c aj ah a j aj ah a j aj ah a j q (an (ag ah n ab) af k) ac (ac (h l L d ad d)) ae (af k (i ae ah e M h N (t (O q r (P Q (t ad (t l (R am an) o S T (U V n ah (W X Y (Z c) g n) m AA (q a) AB (AC AD al aj ah (AE p AF p) d) d)) c) ai r)) ac ai x s (n (i ae ai ai (AG c am y t)) am AH ag x))))))
A B C D am al v E F ag G i H I J (K (x v c q n aj ah a j aj ah a j aj ah a j aj ah a j q (an (ag ah n ab) af k) ac (ac (h l L d ad d)) ae (af k (i ae ah e M h N (t (O q r (P Q (t ad (t l (R am an) o S T (U V n ah (W X Y (Z c) g n) m AA (q a) AB (AC AD al aj ah (AE p AF p) d) d)) c) ai r)) ac ai x s (n (i ae ai ai (AG c am y t)) am AH ag x))))))
A B C D am al v E F ag G i H I J (K (ai ae l c aj ah a j aj ah a j aj ah a j aj ah a j q (an (ag ah n ab) af k) ac (ac (h l L d ad d)) ae (af k (i ae ah e M h N (t (O q r (P Q (t ad (t l (R am an) o S T (U V n ah (W X Y (Z c) g n) m AA (q a) AB (AC AD al aj ah (AE p AF p) d) d)) c) ai r)) ac ai x s (n (i ae ai ai (AG c am y t)) am AH ag x))))))
A B C D am al v E F ag G i H I J (K (x v c q n aj ah a j aj ah a j aj ah a j aj ah a j aj ah a j q (an (ag ah n ab) af k) ac (ac (h l L d ad d)) ae (af k (i ae ah e M h N (t (O q r (P Q (t ad (t l (R am an) o S T (U V n ah (W X Y (Z c) g n) m AA (q a) AB (AC AD al aj ah (AE p AF p) d) d)) c) ai r)) ac ai x s (n (i ae ai ai (AG c am y t)) am AH ag x))))))
A B C D am al v E F ag G i H I J (K (ai ae l c aj ah a j aj ah a j aj ah a j aj ah a j aj ah a j q (an (ag ah n ab) af k) ac (ac (h l L d ad d)) ae (af k (i ae ah e M h N (t (O q r (P Q (t ad (t l (R am an) o S T (U V n ah (W X Y (Z c) g n) m AA (q a) AB (AC AD al aj ah (AE p AF p) d) d)) c) ai r)) ac ai x s (n (i ae ai ai (AG c am y t)) am AH ag x))))))
A B C D am al v E F ag G i H I J (K (x v c q n aj ah a j aj ah a j aj ah a j aj ah a j aj ah a j aj ah a j q (an (ag ah n ab) af k) ac (ac (h l L d ad d)) ae (af k (i ae ah e M h N (t (O q r (P Q (t ad (t l (R am an) o S T (U V n ah (W X Y (Z c) g n) m AA (q a) AB (AC AD al aj ah (AE p AF p) d) d)) c) ai r)) ac ai x s (n (i ae ai ai (AG c am y t)) am AH ag x))))))
A B C D am al v E F ag G i H I J (K (ai ae l c aj ah a j aj ah a j aj ah a j aj ah a j aj ah a j aj ah a j q (an (ag ah n ab) af k) ac (ac (h l L d ad d)) ae (af k (i ae ah e M h N (t (O q r (P Q (t ad (t l (R am an) o S T (U V n ah (W X Y (Z c) g n) m AA (q a) AB (AC AD al aj ah (AE p AF p) d) d)) c) ai r)) ac ai x s (n (i ae ai ai (AG c am y t)) am AH ag x))))))
A B C D am al v E F ag G i H I J (K (x v c q n aj ah a j aj ah a j aj ah a j aj ah a j aj ah a j aj ah a j aj ah a j q (an (ag ah n ab) af k) ac (ac (h l L d ad d)) ae (af k (i ae ah e M h N (t (O q r (P Q (t ad (t l (R am an) o S T (U V n ah (W X Y (Z c) g n) m AA (q a) AB (AC AD al aj ah (AE p AF p) d) d)) c) ai r)) ac ai x s (n (i ae ai ai (AG c am y t)) am AH ag x))))))
A B C D am al v E F ag G i H I J (K (ai ae l c aj ah a j aj ah a j aj ah a j aj ah a j aj ah a j aj ah a j aj ah a j q (an (ag ah n ab) af k) ac (ac (h l L d ad d)) ae (af k (i ae ah e M h N (t (O q r (P Q (t ad (t l (R am an) o S T (U V n ah (W X Y (Z c) g n) m AA (q a) AB (AC AD al aj ah (AE p AF p) d) d)) c) ai r)) ac ai x s (n (i ae ai ai (AG c am y t)) am AH ag x))))))
A B C D am al v E F ag G i H I J (K (x v c q n aj ah a j aj ah a j aj ah a j aj ah a j aj ah a j aj ah a j aj ah a j aj ah a j q (an (ag ah n ab) af k) ac (ac (h l L d ad d)) ae (af k (i ae ah e M h N (t (O q r (P Q (t ad (t l (R am an) o S T (U V n ah (W X Y (Z c) g n) m AA (q a) AB (AC AD al aj ah (AE p AF p) d) d)) c) ai r)) ac ai x s (n (i ae ai ai (AG c am y t)) am AH ag x))))))
A B C D am al v E F ag G i H I J (K (ai ae l c aj ah a j aj ah a j aj ah a j aj ah a j aj ah a j aj ah a j aj ah a j aj ah a j q (an (ag ah n ab) af k) ac (ac (h l L d ad d)) ae (af k (i ae ah e M h N (t (O q r (P Q (t ad (t l (R am an) o S T (U V n ah (W X Y (Z c) g n) m AA (q a) AB (AC AD al aj ah (AE p AF p) d) d)) c) ai r)) ac ai x s (n (i ae ai ai (AG c am y t)) am AH ag x))))))
A B C D am al v E F ag G i H I J (K (x v c q n aj ah a j aj ah a j aj ah a j aj ah a j aj ah a j aj ah a j aj ah a j aj ah a j aj ah a j q (an (ag ah n ab) af k) ac (ac (h l L d ad d)) ae (af k (i ae ah e M h N (t (O q r (P Q (t ad (t l (R am an) o S T (U V n ah (W X Y (Z c) g n) m AA (q a) AB (AC AD al aj ah (AE p AF p) d) d)) c) ai r)) ac ai x s (n (i ae ai ai (AG c am y t)) am AH ag x))))))
A B C D am al v E F ag G i H I J (K (ai ae l c aj ah a j aj ah a j aj ah a j aj ah a j aj ah a j aj ah a j aj ah a j aj ah a j aj ah a j q (an (ag ah n ab) af k) ac (ac (h l L d ad d)) ae (af k (i ae ah e M h N (t (O q r (P Q (t ad (t l (R am an) o S T (U V n ah (W X Y (Z c) g n) m AA (q a) AB (AC AD al aj ah (AE p AF p) d) d)) c) ai r)) ac ai x s (n (i ae ai ai (AG c am y t)) am AH ag x))))))
A B C D am al v E F ag G i H I J (K (x v c q n aj ah a j aj ah a j aj ah a j aj ah a j aj ah a j aj ah a j aj ah a j aj ah a j aj ah a j aj ah a j q (an (ag ah n ab) af k) ac (ac (h l L d ad d)) ae (af k (i ae ah e M h N (t (O q r (P Q (t ad (t l (R am an) o S T (U V n ah (W X Y (Z c) g n) m AA (q a) AB (AC AD al aj ah (AE p AF p) d) d)) c) ai r)) ac ai x s (n (i ae ai ai (AG c am y t)) am AH ag x))))))
A B C D am al v E F ag G i H I J (K (ai ae l c aj ah a j aj ah a j aj ah a j aj ah a j aj ah a j aj ah a j aj ah a j aj ah a j aj ah a j aj ah a j q (an (ag ah n ab) af k) ac (ac (h l L d ad d)) ae (af k (i ae ah e M h N (t (O q r (P Q (t ad (t l (R am an) o S T (U V n ah (W X Y (Z c) g n) m AA (q a) AB (AC AD al aj ah (AE p AF p) d) d)) c) ai r)) ac ai x s (n (i ae ai ai (AG c am y t)) am AH ag x))))))
A B C D am al v E F ag G i H I J (K (x v c q n aj ah a j aj ah a j aj ah a j aj ah a j aj ah a j aj ah a j aj ah a j aj ah a j aj ah a j aj ah a j aj ah a j q (an (ag ah n ab) af k) ac (ac (h l L d ad d)) ae (af k (i ae ah e M h N (t (O q r (P Q (t ad (t l (R am an) o S T (U V n ah (W X Y (Z c) g n) m AA (q a) AB (AC AD al aj ah (AE p AF p) d) d)) c) ai r)) ac ai x s (n (i ae ai ai (AG c am y t)) am AH ag x))))))
A B C D am al v E F ag G i H I J (K (ai ae l c aj ah a j aj ah a j aj ah a j aj ah a j aj ah a j aj ah a j aj ah a j aj ah a j aj ah a j aj ah a j aj ah a j q (an (ag ah n ab) af k) ac (ac (h l L d ad d)) ae (af k (i ae ah e M h N (t (O q r (P Q (t ad (t l (R am an) o S T (U V n ah (W X Y (Z c) g n) m AA (q a) AB (AC AD al aj ah (AE p AF p) d) d)) c) ai r)) ac ai x s (n (i ae ai ai (AG c am y t)) am AH ag x))))))
A B C D am al v E F ag G i H I J (K (x v c q n aj ah a j aj ah a j aj ah a j aj ah a j aj ah a j aj ah a j aj ah a j aj ah a j aj ah a j aj ah a j aj ah a j aj ah a j q (an (ag ah n ab) af k) ac (ac (h l L d ad d)) ae (af k (i ae ah e M h N (t (O q r (P Q (t ad (t l (R am an) o S T (U V n ah (W X Y (Z c) g n) m AA (q a) AB (AC AD al aj ah (AE p AF p) d) d)) c) ai r)) ac ai x s (n (i ae ai ai (AG c am y t)) am AH ag x))))))
A B C D am al v E F ag G i H I J (K (ai ae l c aj ah a j aj ah a j aj ah a j aj ah a j aj ah a j aj ah a j aj ah a j aj ah a j aj ah a j aj ah a j aj ah a j aj ah a j q (an (ag ah n ab) af k) ac (ac (h l L d ad d)) ae (af k (i ae ah e M h N (t (O q r (P Q (t ad (t l (R am an) o S T (U V n ah (W X Y (Z c) g n) m AA (q a) AB (AC AD al aj ah (AE p AF p) d) d)) c) ai r)) ac ai x s (n (i ae ai ai (AG c am y t)) am AH ag x))))))
A B C D am al v E F ag G i H I J (K (x v c q n aj ah a j aj ah a j aj ah a j aj ah a j aj ah a j aj ah a j aj ah a j aj ah a j aj ah a j aj ah a j aj ah a j aj ah a j aj ah a j q (an (ag ah n ab) af k) ac (ac (h l L d ad d)) ae (af k (i ae ah e M h N (t (O q r (P Q (t ad (t l (R am an) o S T (U V n ah (W X Y (Z c) g n) m AA (q a) AB (AC AD al aj ah (AE p AF p) d) d)) c) ai r)) ac ai x s (n (i ae ai ai (AG c am y t)) am AH ag x))))))
A B C D am al v E F ag G i H I J (K (ai ae l c aj ah a j aj ah a j aj ah a j aj ah a j aj ah a j aj ah a j aj ah a j aj ah a j aj ah a j aj ah a j aj ah a j aj ah a j aj ah a j q (an (ag ah n ab) af k) ac (ac (h l L d ad d)) ae (af k (i ae ah e M h N (t (O q r (P Q (t ad (t l (R am an) o S T (U V n ah (W X Y (Z c) g n) m AA (q a) AB (AC AD al aj ah (AE p AF p) d) d)) c) ai r)) ac ai x s (n (i ae ai ai (AG c am y t)) am AH ag x))))))


