ak ao ap aq aj k n an ao g
ag ao ap aq z m (ai w ac (l (aq d q l i)))
ab ao r t
aj t (v (y c) am t) ag h f
m l e ab e
main A af ah (ah v B) (C y) D p b (E F ac (e G (H j (ab (d q e I J (ae g j r (K (k ag) z m (L s M N) d ab y O h P l) af r) (y k g) g) Q) R)) y an t ak) t am S m (T U ad k ag) ah u V W p b X Y al Z (w k) AA AB ah AC af aj (AD ah AE (s (x z i) af v (c an d w ai AF ab n)))
f aq ao ap at ar al s w ao (af h i d l)
ah ao ap c
g au at ar aq ao ap j q (p l (ab ai r t y ai))
u ao ap an ak ak an j (ap ac e)
aa au at ao av ap ar aq p ag k h t a j av (v r p) (n ag)
j av ao aq au ar ap at am s r (ad (w s o s l aq) a)
am ap ar au av aq ao at f ak g e ak ab ai ap c ai g o
b at ao aq ar ap ak aj m t r (ac a) ad ab r (ac q)
q ao v ac n ao k n e ah (h h) (a ab)
x ap ao ag ap (q (l ai al (m al s w ao an)))
ai av ap ao ar au aq at y ah a a t am at an f ac
k ao ap aa ak ae ap ab o w s (x al ac) o
e ap ao i ak f g ad r u i ao (ai n ap)
s ao ap x ah aa al ad y a b o ap k ae v
d ao ap af g
w ao ap x j n g ab aj u n u
l aq ar ap ao g i ao ar ad al
ad aj (f am f)
af aa k g (z ah b (w ae ak))
h ao at aq ap ar aa an y al b (o am ao (ak s v r d))
o ar aq au ap ao at z am af ab f aj
ac ao ao s an am ao (am m ai l)
an ap aq ao p aj d g (z c ab b aq) o
y av ao au ar ap at aq ae m
c ar aq ao ap ak ap am m aq z af j
z ac (p ab) (aa t af ae) o an ab b t g
al ap ar aq at ao ao a q c e t f at r ab d (m ag)
r ar aq ao ap ab ab
v ao ac t x r ah aa s a z an k
i ao aq ap u f l (af (ab ac g w ak))
n ao ao r u ad u ac ao
a aq at ao ap ar d f (ar h m (b ag s c u))
ae ak aa z
t an j (am (a (i v j q z)))
p ap ao an (ad r k aa (f b ad r) (n ad) af aj)
------------------------------------------------------------
A af ah (ah v B) (C y) D p b (E F ac (e G (H j (ab (d q e I J (ae g j r (K (k ag) z m (L s M N) d ab y O h P l) af r) (y k g) g) Q) R)) y an t ak) t am S m (T U ad k ag) ah u V W p b X Y al Z (w k) AA AB ah AC af aj (AD ah AE (s (x z i) af v (c an d w ai AF ab n)))
A af ah c (C y) D p b (E F ac (e G (H j (ab (d q e I J (ae g j r (K (k ag) z m (L s M N) d ab y O h P l) af r) (y k g) g) Q) R)) y an t ak) t am S m (T U ad k ag) ah u V W p b X Y al Z (w k) AA AB ah AC af aj (AD ah AE (s (x z i) af v (c an d w ai AF ab n)))
A af ah c (C y) D p b (E F ac (i ak f g ad r u i (H j (ab (d q e I J (ae g j r (K (k ag) z m (L s M N) d ab y O h P l) af r) (y k g) g) Q) R) (ai n G)) y an t ak) t am S m (T U ad k ag) ah u V W p b X Y al Z (w k) AA AB ah AC af aj (AD ah AE (s (x z i) af v (c an d w ai AF ab n)))
A af ah c (C y) D p b (E F ac (u f l (af (ab ac g w ak)) ad r u i (H j (ab (d q e I J (ae g j r (K (k ag) z m (L s M N) d ab y O h P l) af r) (y k g) g) Q) R) (ai n G)) y an t ak) t am S m (T U ad k ag) ah u V W p b X Y al Z (w k) AA AB ah AC af aj (AD ah AE (s (x z i) af v (c an d w ai AF ab n)))
A af ah c (C y) D p b (E F ac (an ak ak an j (l ac e) (af (ab ac g w ak)) ad r u i (H j (ab (d q e I J (ae g j r (K (k ag) z m (L s M N) d ab y O h P l) af r) (y k g) g) Q) R) (ai n G)) y an t ak) t am S m (T U ad k ag) ah u V W p b X Y al Z (w k) AA AB ah AC af aj (AD ah AE (s (x z i) af v (c an d w ai AF ab n)))
A af ah c (C y) D p b (E F ac (p aj d g (z c ab b ak) o j (l ac e) (af (ab ac g w ak)) ad r u i (H j (ab (d q e I J (ae g j r (K (k ag) z m (L s M N) d ab y O h P l) af r) (y k g) g) Q) R) (ai n G)) y an t ak) t am S m (T U ad k ag) ah u V W p b X Y al Z (w k) AA AB ah AC af aj (AD ah AE (s (x z i) af v (c an d w ai AF ab n)))
A af ah c (C y) D p b (E F ac (an (ad r k aa (f b ad r) (n ad) af aj) g (z c ab b ak) o j (l ac e) (af (ab ac g w ak)) ad r u i (H j (ab (d q e I J (ae g j r (K (k ag) z m (L s M N) d ab y O h P l) af r) (y k g) g) Q) R) (ai n G)) y an t ak) t am S m (T U ad k ag) ah u V W p b X Y al Z (w k) AA AB ah AC af aj (AD ah AE (s (x z i) af v (c an d w ai AF ab n)))
A af ah c (C y) D p b (E F ac (p aj d g (z c ab b g) o o j (l ac e) (af (ab ac g w ak)) ad r u i (H j (ab (d q e I J (ae g j r (K (k ag) z m (L s M N) d ab y O h P l) af r) (y k g) g) Q) R) (ai n G)) y an t ak) t am S m (T U ad k ag) ah u V W p b X Y al Z (w k) AA AB ah AC af aj (AD ah AE (s (x z i) af v (c an d w ai AF ab n)))
A af ah c (C y) D p b (E F ac (an (ad r k aa (f b ad r) (n ad) af aj) g (z c ab b g) o o j (l ac e) (af (ab ac g w ak)) ad r u i (H j (ab (d q e I J (ae g j r (K (k ag) z m (L s M N) d ab y O h P l) af r) (y k g) g) Q) R) (ai n G)) y an t ak) t am S m (T U ad k ag) ah u V W p b X Y al Z (w k) AA AB ah AC af aj (AD ah AE (s (x z i) af v (c an d w ai AF ab n)))
A af ah c (C y) D p b (E F ac (p aj d g (z c ab b g) o o o j (l ac e) (af (ab ac g w ak)) ad r u i (H j (ab (d q e I J (ae g j r (K (k ag) z m (L s M N) d ab y O h P l) af r) (y k g) g) Q) R) (ai n G)) y an t ak) t am S m (T U ad k ag) ah u V W p b X Y al Z (w k) AA AB ah AC af aj (AD ah AE (s (x z i) af v (c an d w ai AF ab n)))
A af ah c (C y) D p b (E F ac (an (ad r k aa (f b ad r) (n ad) af aj) g (z c ab b g) o o o j (l ac e) (af (ab ac g w ak)) ad r u i (H j (ab (d q e I J (ae g j r (K (k ag) z m (L s M N) d ab y O h P l) af r) (y k g) g) Q) R) (ai n G)) y an t ak) t am S m (T U ad k ag) ah u V W p b X Y al Z (w k) AA AB ah AC af aj (AD ah AE (s (x z i) af v (c an d w ai AF ab n)))
A af ah c (C y) D p b (E F ac (p aj d g (z c ab b g) o o o o j (l ac e) (af (ab ac g w ak)) ad r u i (H j (ab (d q e I J (ae g j r (K (k ag) z m (L s M N) d ab y O h P l) af r) (y k g) g) Q) R) (ai n G)) y an t ak) t am S m (T U ad k ag) ah u V W p b X Y al Z (w k) AA AB ah AC af aj (AD ah AE (s (x z i) af v (c an d w ai AF ab n)))
A af ah c (C y) D p b (E F ac (an (ad r k aa (f b ad r) (n ad) af aj) g (z c ab b g) o o o o j (l ac e) (af (ab ac g w ak)) ad r u i (H j (ab (d q e I J (ae g j r (K (k ag) z m (L s M N) d ab y O h P l) af r) (y k g) g) Q) R) (ai n G)) y an t ak) t am S m (T U ad k ag) ah u V W p b X Y al Z (w k) AA AB ah AC af aj (AD ah AE (s (x z i) af v (c an d w ai AF ab n)))
A af ah c (C y) D p b (E F ac (p aj d g (z c ab b g) o o o o o j (l ac e) (af (ab ac g w ak)) ad r u i (H j (ab (d q e I J (ae g j r (K (k ag) z m (L s M N) d ab y O h P l) af r) (y k g) g) Q) R) (ai n G)) y an t ak) t am S m (T U ad k ag) ah u V W p b X Y al Z (w k) AA AB ah AC af aj (AD ah AE (s (x z i) af v (c an d w ai AF ab n)))
A af ah c (C y) D p b (E F ac (an (ad r k aa (f b ad r) (n ad) af aj) g (z c ab b g) o o o o o j (l ac e) (af (ab ac g w ak)) ad r u i (H j (ab (d q e I J (ae g j r (K (k ag) z m (L s M N) d ab y O h P l) af r) (y k g) g) Q) R) (ai n G)) y an t ak) t am S m (T U ad k ag) ah u V W p b X Y al Z (w k) AA AB ah AC af aj (AD ah AE (s (x z i) af v (c an d w ai AF ab n)))
A af ah c (C y) D p b (E F ac (p aj d g (z c ab b g) o o o o o o j (l ac e) (af (ab ac g w ak)) ad r u i (H j (ab (d q e I J (ae g j r (K (k ag) z m (L s M N) d ab y O h P l) af r) (y k g) g) Q) R) (ai n G)) y an t ak) t am S m (T U ad k ag) ah u V W p b X Y al Z (w k) AA AB ah AC af aj (AD ah AE (s (x z i) af v (c an d w ai AF ab n)))
A af ah c (C y) D p b (E F ac (an (ad r k aa (f b ad r) (n ad) af aj) g (z c ab b g) o o o o o o j (l ac e) (af (ab ac g w ak)) ad r u i (H j (ab (d q e I J (ae g j r (K (k ag) z m (L s M N) d ab y O h P l) af r) (y k g) g) Q) R) (ai n G)) y an t ak) t am S m (T U ad k ag) ah u V W p b X Y al Z (w k) AA AB ah AC af aj (AD ah AE (s (x z i) af v (c an d w ai AF ab n)))
A af ah c (C y) D p b (E F ac (p aj d g (z c ab b g) o o o o o o o j (l ac e) (af (ab ac g w ak)) ad r u i (H j (ab (d q e I J (ae g j r (K (k ag) z m (L s M N) d ab y O h P l) af r) (y k g) g) Q) R) (ai n G)) y an t ak) t am S m (T U ad k ag) ah u V W p b X Y al Z (w k) AA AB ah AC af aj (AD ah AE (s (x z i) af v (c an d w ai AF ab n)))
A af ah c (C y) D p b (E F ac (an (ad r k aa (f b ad r) (n ad) af aj) g (z c ab b g) o o o o o o o j (l ac e) (af (ab ac g w ak)) ad r u i (H j (ab (d q e I J (ae g j r (K (k ag) z m (L s M N) d ab y O h P l) af r) (y k g) g) Q) R) (ai n G)) y an t ak) t am S m (T U ad k ag) ah u V W p b X Y al Z (w k) AA AB ah AC af aj (AD ah AE (s (x z i) af v (c an d w ai AF ab n)))
A af ah c (C y) D p b (E F ac (p aj d g (z c ab b g) o o o o o o o o j (l ac e) (af (ab ac g w ak)) ad r u i (H j (ab (d q e I J (ae g j r (K (k ag) z m (L s M N) d ab y O h P l) af r) (y k g) g) Q) R) (ai n G)) y an t ak) t am S m (T U ad k ag) ah u V W p b X Y al Z (w k) AA AB ah AC af aj (AD ah AE (s (x z i) af v (c an d w ai AF ab n)))
A af ah c (C y) D p b (E F ac (an (ad r k aa (f b ad r) (n ad) af aj) g (z c ab b g) o o o o o o o o j (l ac e) (af (ab ac g w ak)) ad r u i (H j (ab (d q e I J (ae g j r (K (k ag) z m (L s M N) d ab y O h P l) af r) (y k g) g) Q) R) (ai n G)) y an t ak) t am S m (T U ad k ag) ah u V W p b X Y al Z (w k) AA AB ah AC af aj (AD ah AE (s (x z i) af v (c an d w ai AF ab n)))
A af ah c (C y) D p b (E F ac (p aj d g (z c ab b g) o o o o o o o o o j (l ac e) (af (ab ac g w ak)) ad r u i (H j (ab (d q e I J (ae g j r (K (k ag) z m (L s M N) d ab y O h P l) af r) (y k g) g) Q) R) (ai n G)) y an t ak) t am S m (T U ad k ag) ah u V W p b X Y al Z (w k) AA AB ah AC af aj (AD ah AE (s (x z i) af v (c an d w ai AF ab n)))
A af ah c (C y) D p b (E F ac (an (ad r k aa (f b ad r) (n ad) af aj) g (z c ab b g) o o o o o o o o o j (l ac e) (af (ab ac g w ak)) ad r u i (H j (ab (d q e I J (ae g j r (K (k ag) z m (L s M N) d ab y O h P l) af r) (y k g) g) Q) R) (ai n G)) y an t ak) t am S m (T U ad k ag) ah u V W p b X Y al Z (w k) AA AB ah AC af aj (AD ah AE (s (x z i) af v (c an d w ai AF ab n)))
A af ah c (C y) D p b (E F ac (p aj d g (z c ab b g) o o o o o o o o o o j (l ac e) (af (ab ac g w ak)) ad r u i (H j (ab (d q e I J (ae g j r (K (k ag) z m (L s M N) d ab y O h P l) af r) (y k g) g) Q) R) (ai n G)) y an t ak) t am S m (T U ad k ag) ah u V W p b X Y al Z (w k) AA AB ah AC af aj (AD ah AE (s (x z i) af v (c an d w ai AF ab n)))
A af ah c (C y) D p b (E F ac (an (ad r k aa (f b ad r) (n ad) af aj) g (z c ab b g) o o o o o o o o o o j (l ac e) (af (ab ac g w ak)) ad r u i (H j (ab (d q e I J (ae g j r (K (k ag) z m (L s M N) d ab y O h P l) af r) (y k g) g) Q) R) (ai n G)) y an t ak) t am S m (T U ad k ag) ah u V W p b X Y al Z (w k) AA AB ah AC af aj (AD ah AE (s (x z i) af v (c an d w ai AF ab n)))
A af ah c (C y) D p b (E F ac (p aj d g (z c ab b g) o o o o o o o o o o o j (l ac e) (af (ab ac g w ak)) ad r u i (H j (ab (d q e I J (ae g j r (K (k ag) z m (L s M N) d ab y O h P l) af r) (y k g) g) Q) R) (ai n G)) y an t ak) t am S m (T U ad k ag) ah u V W p b X Y al Z (w k) AA AB ah AC af aj (AD ah AE (s (x z i) af v (c an d w ai AF ab n)))
A af ah c (C y) D p b (E F ac (an (ad r k aa (f b ad r) (n ad) af aj) g (z c ab b g) o o o o o o o o o o o j (l ac e) (af (ab ac g w ak)) ad r u i (H j (ab (d q e I J (ae g j r (K (k ag) z m (L s M N) d ab y O h P l) af r) (y k g) g) Q) R) (ai n G)) y an t ak) t am S m (T U ad k ag) ah u V W p b X Y al Z (w k) AA AB ah AC af aj (AD ah AE (s (x z i) af v (c an d w ai AF ab n)))
A af ah c (C y) D p b (E F ac (p aj d g (z c ab b g) o o o o o o o o o o o o j (l ac e) (af (ab ac g w ak)) ad r u i (H j (ab (d q e I J (ae g j r (K (k ag) z m (L s M N) d ab y O h P l) af r) (y k g) g) Q) R) (ai n G)) y an t ak) t am S m (T U ad k ag) ah u V W p b X Y al Z (w k) AA AB ah AC af aj (AD ah AE (s (x z i) af v (c an d w ai AF ab n)))
A af ah c (C y) D p b (E F ac (an (ad r k aa (f b ad r) (n ad) af aj) g (z c ab b g) o o o o o o o o o o o o j (l ac e) (af (ab ac g w ak)) ad r u i (H j (ab (d q e I J (ae g j r (K (k ag) z m (L s M N) d ab y O h P l) af r) (y k g) g) Q) R) (ai n G)) y an t ak) t am S m (T U ad k ag) ah u V W p b X Y al Z (w k) AA AB ah AC af aj (AD ah AE (s (x z i) af v (c an d w ai AF ab n)))
A af ah c (C y) D p b (E F ac (p aj d g (z c ab b g) o o o o o o o o o o o o o j (l ac e) (af (ab ac g w ak)) ad r u i (H j (ab (d q e I J (ae g j r (K (k ag) z m (L s M N) d ab y O h P l) af r) (y k g) g) Q) R) (ai n G)) y an t ak) t am S m (T U ad k ag) ah u V W p b X Y al Z (w k) AA AB ah AC af aj (AD ah AE (s (x z i) af v (c an d w ai AF ab n)))


