an ap ao = ap
af ao ap aq = al p ap ac t n ap ad aa j (i s s)
h ao = u al e n q j ak t o ao (x s)
am aq ao ap au at av ar = an x p r f u n j
m ar au aq ap ao at = aa k
b ap ao = u ae aa am ae w (am k ae)
u ao = ac (ao s s (d w ao))
v ar aq ao ap = w ag aq al (am y) af
g ao aq ar ap = an ai t ap (c b b p q) ag q u al
p ao ap = ad z (am i q z (y h ab i)) z
d au aq ao at ar ap = f n aq (r w (r ak q r ag c i) v)
c ar aq ao au ap at av = ag
f ao ar aq ap = ad ac aj r (am af e)
k aq ap ao = aq an r g q y h
t ao = al d an af ai ag n am
ag ap au aq ar ao at = aq d ai f o (aq b (am ai am p l an))
a ap ao at aq ar = aq y (j b y) af m (k (j g) y q v)
o ar ao aq ap = ao ab ap aa aa ad s c
x ap aq ao = ab ap y am ae p ab s n aq
ad aq ao ap = aa i (b (am ag) m y)
ab au ar av at ao aq ap = m ag
e ao ap = an p ag (c h (a (l (ao al b d ac ae))))
n ap ao aq = aj ag ah aj q d r s aq
ah aq ao ap = s aq z ag an l aj
w av at aq au ao ar ap = l i ak
q ar aq at au ao av ap = af (an h v c o z f aa i)
ai ao ap aq ar = p r r ar (t w h q z an)
z = v ag q h f (l ae d ag e an)
main = f n (r m) A B t C (D E aj) F G H I l J c m (aj K L l l M) (N v v y o z O e ab) g i an t g (m f) P Q R af o S (T v m o g (U (aj s p) (V an (r af al e (W s f (a ab X Y g j Z h l ab (AA AB am s (AC al al ag (n (am (AD AE AF m l am AG ab w d ah) t AH)) k z))))))))
ak at aq ao ar ap = am h (ap z f) ag aa
ac ar av ao au ap aq at = t av aq y a (aq aa d) ak ah
ae au ap at ar aq ao = m p aa o
r ap ar ao aq = p q k z b u e m ar
y ao = x ah w x p w ab ah ao ai
al ap ao = t ao o a ab (ag ak b) ap ae n m
aa ao = q a (ac am an) i y
i ar aq ao at ap = ac ae ae k ar x u al ap
aj ar aq ap au at ao = y y z ap t v an w
l at ap aq ao ar = ad o c ae at a
s ao ap = o h u y
j ao = h t al (u q) ag f v am n ai
------------------------------------------------------------
f n (r m) A B t C (D E aj) F G H I l J c m (aj K L l l M) (N v v y o z O e ab) g i an t g (m f) P Q R af o S (T v m o g (U (aj s p) (V an (r af al e (W s f (a ab X Y g j Z h l ab (AA AB am s (AC al al ag (n (am (AD AE AF m l am AG ab w d ah) t AH)) k z))))))))
ad ac aj r (am af e) t C (D E aj) F G H I l J c m (aj K L l l M) (N v v y o z O e ab) g i an t g (m f) P Q R af o S (T v m o g (U (aj s p) (V an (r af al e (W s f (a ab X Y g j Z h l ab (AA AB am s (AC al al ag (n (am (AD AE AF m l am AG ab w d ah) t AH)) k z))))))))
aa i (b (am ag) m y) (am af e) t C (D E aj) F G H I l J c m (aj K L l l M) (N v v y o z O e ab) g i an t g (m f) P Q R af o S (T v m o g (U (aj s p) (V an (r af al e (W s f (a ab X Y g j Z h l ab (AA AB am s (AC al al ag (n (am (AD AE AF m l am AG ab w d ah) t AH)) k z))))))))
q a (ac am an) i y (b (am ag) m y) (am af e) t C (D E aj) F G H I l J c m (aj K L l l M) (N v v y o z O e ab) g i an t g (m f) P Q R af o S (T v m o g (U (aj s p) (V an (r af al e (W s f (a ab X Y g j Z h l ab (AA AB am s (AC al al ag (n (am (AD AE AF m l am AG ab w d ah) t AH)) k z))))))))
af (an h v c o z f aa i) C (D E aj) F G H I l J c m (aj K L l l M) (N v v y o z O e ab) g i an t g (m f) P Q R af o S (T v m o g (U (aj s p) (V an (r af al e (W s f (a ab X Y g j Z h l ab (AA AB am s (AC al al ag (n (am (AD AE AF m l am AG ab w d ah) t AH)) k z))))))))
al p C ac t n C ad aa j (i s s) F G H I l J c m (aj K L l l M) (N v v y o z O e ab) g i an t g (m f) P Q R af o S (T v m o g (U (aj s p) (V an (r af al e (W s f (a ab X Y g j Z h l ab (AA AB am s (AC al al ag (n (am (AD AE AF m l am AG ab w d ah) t AH)) k z))))))))
t C o a ab (ag ak b) p ae n m ac t n C ad aa j (i s s) F G H I l J c m (aj K L l l M) (N v v y o z O e ab) g i an t g (m f) P Q R af o S (T v m o g (U (aj s p) (V an (r af al e (W s f (a ab X Y g j Z h l ab (AA AB am s (AC al al ag (n (am (AD AE AF m l am AG ab w d ah) t AH)) k z))))))))
al d an af ai ag n am o a ab (ag ak b) p ae n m ac t n C ad aa j (i s s) F G H I l J c m (aj K L l l M) (N v v y o z O e ab) g i an t g (m f) P Q R af o S (T v m o g (U (aj s p) (V an (r af al e (W s f (a ab X Y g j Z h l ab (AA AB am s (AC al al ag (n (am (AD AE AF m l am AG ab w d ah) t AH)) k z))))))))
t an o a ab (ag ak b) d ae n m af ai ag n am o a ab (ag ak b) p ae n m ac t n C ad aa j (i s s) F G H I l J c m (aj K L l l M) (N v v y o z O e ab) g i an t g (m f) P Q R af o S (T v m o g (U (aj s p) (V an (r af al e (W s f (a ab X Y g j Z h l ab (AA AB am s (AC al al ag (n (am (AD AE AF m l am AG ab w d ah) t AH)) k z))))))))
al d an af ai ag n am o a ab (ag ak b) d ae n m af ai ag n am o a ab (ag ak b) p ae n m ac t n C ad aa j (i s s) F G H I l J c m (aj K L l l M) (N v v y o z O e ab) g i an t g (m f) P Q R af o S (T v m o g (U (aj s p) (V an (r af al e (W s f (a ab X Y g j Z h l ab (AA AB am s (AC al al ag (n (am (AD AE AF m l am AG ab w d ah) t AH)) k z))))))))
t an o a ab (ag ak b) d ae n m af ai ag n am o a ab (ag ak b) d ae n m af ai ag n am o a ab (ag ak b) p ae n m ac t n C ad aa j (i s s) F G H I l J c m (aj K L l l M) (N v v y o z O e ab) g i an t g (m f) P Q R af o S (T v m o g (U (aj s p) (V an (r af al e (W s f (a ab X Y g j Z h l ab (AA AB am s (AC al al ag (n (am (AD AE AF m l am AG ab w d ah) t AH)) k z))))))))
al d an af ai ag n am o a ab (ag ak b) d ae n m af ai ag n am o a ab (ag ak b) d ae n m af ai ag n am o a ab (ag ak b) p ae n m ac t n C ad aa j (i s s) F G H I l J c m (aj K L l l M) (N v v y o z O e ab) g i an t g (m f) P Q R af o S (T v m o g (U (aj s p) (V an (r af al e (W s f (a ab X Y g j Z h l ab (AA AB am s (AC al al ag (n (am (AD AE AF m l am AG ab w d ah) t AH)) k z))))))))
t an o a ab (ag ak b) d ae n m af ai ag n am o a ab (ag ak b) d ae n m af ai ag n am o a ab (ag ak b) d ae n m af ai ag n am o a ab (ag ak b) p ae n m ac t n C ad aa j (i s s) F G H I l J c m (aj K L l l M) (N v v y o z O e ab) g i an t g (m f) P Q R af o S (T v m o g (U (aj s p) (V an (r af al e (W s f (a ab X Y g j Z h l ab (AA AB am s (AC al al ag (n (am (AD AE AF m l am AG ab w d ah) t AH)) k z))))))))
al d an af ai ag n am o a ab (ag ak b) d ae n m af ai ag n am o a ab (ag ak b) d ae n m af ai ag n am o a ab (ag ak b) d ae n m af ai ag n am o a ab (ag ak b) p ae n m ac t n C ad aa j (i s s) F G H I l J c m (aj K L l l M) (N v v y o z O e ab) g i an t g (m f) P Q R af o S (T v m o g (U (aj s p) (V an (r af al e (W s f (a ab X Y g j Z h l ab (AA AB am s (AC al al ag (n (am (AD AE AF m l am AG ab w d ah) t AH)) k z))))))))
t an o a ab (ag ak b) d ae n m af ai ag n am o a ab (ag ak b) d ae n m af ai ag n am o a ab (ag ak b) d ae n m af ai ag n am o a ab (ag ak b) d ae n m af ai ag n am o a ab (ag ak b) p ae n m ac t n C ad aa j (i s s) F G H I l J c m (aj K L l l M) (N v v y o z O e ab) g i an t g (m f) P Q R af o S (T v m o g (U (aj s p) (V an (r af al e (W s f (a ab X Y g j Z h l ab (AA AB am s (AC al al ag (n (am (AD AE AF m l am AG ab w d ah) t AH)) k z))))))))
al d an af ai ag n am o a ab (ag ak b) d ae n m af ai ag n am o a ab (ag ak b) d ae n m af ai ag n am o a ab (ag ak b) d ae n m af ai ag n am o a ab (ag ak b) d ae n m af ai ag n am o a ab (ag ak b) p ae n m ac t n C ad aa j (i s s) F G H I l J c m (aj K L l l M) (N v v y o z O e ab) g i an t g (m f) P Q R af o S (T v m o g (U (aj s p) (V an (r af al e (W s f (a ab X Y g j Z h l ab (AA AB am s (AC al al ag (n (am (AD AE AF m l am AG ab w d ah) t AH)) k z))))))))
t an o a ab (ag ak b) d ae n m af ai ag n am o a ab (ag ak b) d ae n m af ai ag n am o a ab (ag ak b) d ae n m af ai ag n am o a ab (ag ak b) d ae n m af ai ag n am o a ab (ag ak b) d ae n m af ai ag n am o a ab (ag ak b) p ae n m ac t n C ad aa j (i s s) F G H I l J c m (aj K L l l M) (N v v y o z O e ab) g i an t g (m f) P Q R af o S (T v m o g (U (aj s p) (V an (r af al e (W s f (a ab X Y g j Z h l ab (AA AB am s (AC al al ag (n (am (AD AE AF m l am AG ab w d ah) t AH)) k z))))))))
al d an af ai ag n am o a ab (ag ak b) d ae n m af ai ag n am o a ab (ag ak b) d ae n m af ai ag n am o a ab (ag ak b) d ae n m af ai ag n am o a ab (ag ak b) d ae n m af ai ag n am o a ab (ag ak b) d ae n m af ai ag n am o a ab (ag ak b) p ae n m ac t n C ad aa j (i s s) F G H I l J c m (aj K L l l M) (N v v y o z O e ab) g i an t g (m f) P Q R af o S (T v m o g (U (aj s p) (V an (r af al e (W s f (a ab X Y g j Z h l ab (AA AB am s (AC al al ag (n (am (AD AE AF m l am AG ab w d ah) t AH)) k z))))))))
t an o a ab (ag ak b) d ae n m af ai ag n am o a ab (ag ak b) d ae n m af ai ag n am o a ab (ag ak b) d ae n m af ai ag n am o a ab (ag ak b) d ae n m af ai ag n am o a ab (ag ak b) d ae n m af ai ag n am o a ab (ag ak b) d ae n m af ai ag n am o a ab (ag ak b) p ae n m ac t n C ad aa j (i s s) F G H I l J c m (aj K L l l M) (N v v y o z O e ab) g i an t g (m f) P Q R af o S (T v m o g (U (aj s p) (V an (r af al e (W s f (a ab X Y g j Z h l ab (AA AB am s (AC al al ag (n (am (AD AE AF m l am AG ab w d ah) t AH)) k z))))))))
al d an af ai ag n am o a ab (ag ak b) d ae n m af ai ag n am o a ab (ag ak b) d ae n m af ai ag n am o a ab (ag ak b) d ae n m af ai ag n am o a ab (ag ak b) d ae n m af ai ag n am o a ab (ag ak b) d ae n m af ai ag n am o a ab (ag ak b) d ae n m af ai ag n am o a ab (ag ak b) p ae n m ac t n C ad aa j (i s s) F G H I l J c m (aj K L l l M) (N v v y o z O e ab) g i an t g (m f) P Q R af o S (T v m o g (U (aj s p) (V an (r af al e (W s f (a ab X Y g j Z h l ab (AA AB am s (AC al al ag (n (am (AD AE AF m l am AG ab w d ah) t AH)) k z))))))))
t an o a ab (ag ak b) d ae n m af ai ag n am o a ab (ag ak b) d ae n m af ai ag n am o a ab (ag ak b) d ae n m af ai ag n am o a ab (ag ak b) d ae n m af ai ag n am o a ab (ag ak b) d ae n m af ai ag n am o a ab (ag ak b) d ae n m af ai ag n am o a ab (ag ak b) d ae n m af ai ag n am o a ab (ag ak b) p ae n m ac t n C ad aa j (i s s) F G H I l J c m (aj K L l l M) (N v v y o z O e ab) g i an t g (m f) P Q R af o S (T v m o g (U (aj s p) (V an (r af al e (W s f (a ab X Y g j Z h l ab (AA AB am s (AC al al ag (n (am (AD AE AF m l am AG ab w d ah) t AH)) k z))))))))
al d an af ai ag n am o a ab (ag ak b) d ae n m af ai ag n am o a ab (ag ak b) d ae n m af ai ag n am o a ab (ag ak b) d ae n m af ai ag n am o a ab (ag ak b) d ae n m af ai ag n am o a ab (ag ak b) d ae n m af ai ag n am o a ab (ag ak b) d ae n m af ai ag n am o a ab (ag ak b) d ae n m af ai ag n am o a ab (ag ak b) p ae n m ac t n C ad aa j (i s s) F G H I l J c m (aj K L l l M) (N v v y o z O e ab) g i an t g (m f) P Q R af o S (T v m o g (U (aj s p) (V an (r af al e (W s f (a ab X Y g j Z h l ab (AA AB am s (AC al al ag (n (am (AD AE AF m l am AG ab w d ah) t AH)) k z))))))))
t an o a ab (ag ak b) d ae n m af ai ag n am o a ab (ag ak b) d ae n m af ai ag n am o a ab (ag ak b) d ae n m af ai ag n am o a ab (ag ak b) d ae n m af ai ag n am o a ab (ag ak b) d ae n m af ai ag n am o a ab (ag ak b) d ae n m af ai ag n am o a ab (ag ak b) d ae n m af ai ag n am o a ab (ag ak b) d ae n m af ai ag n am o a ab (ag ak b) p ae n m ac t n C ad aa j (i s s) F G H I l J c m (aj K L l l M) (N v v y o z O e ab) g i an t g (m f) P Q R af o S (T v m o g (U (aj s p) (V an (r af al e (W s f (a ab X Y g j Z h l ab (AA AB am s (AC al al ag (n (am (AD AE AF m l am AG ab w d ah) t AH)) k z))))))))
al d an af ai ag n am o a ab (ag ak b) d ae n m af ai ag n am o a ab (ag ak b) d ae n m af ai ag n am o a ab (ag ak b) d ae n m af ai ag n am o a ab (ag ak b) d ae n m af ai ag n am o a ab (ag ak b) d ae n m af ai ag n am o a ab (ag ak b) d ae n m af ai ag n am o a ab (ag ak b) d ae n m af ai ag n am o a ab (ag ak b) d ae n m af ai ag n am o a ab (ag ak b) p ae n m ac t n C ad aa j (i s s) F G H I l J c m (aj K L l l M) (N v v y o z O e ab) g i an t g (m f) P Q R af o S (T v m o g (U (aj s p) (V an (r af al e (W s f (a ab X Y g j Z h l ab (AA AB am s (AC al al ag (n (am (AD AE AF m l am AG ab w d ah) t AH)) k z))))))))
t an o a ab (ag ak b) d ae n m af ai ag n am o a ab (ag ak b) d ae n m af ai ag n am o a ab (ag ak b) d ae n m af ai ag n am o a ab (ag ak b) d ae n m af ai ag n am o a ab (ag ak b) d ae n m af ai ag n am o a ab (ag ak b) d ae n m af ai ag n am o a ab (ag ak b) d ae n m af ai ag n am o a ab (ag ak b) d ae n m af ai ag n am o a ab (ag ak b) d ae n m af ai ag n am o a ab (ag ak b) p ae n m ac t n C ad aa j (i s s) F G H I l J c m (aj K L l l M) (N v v y o z O e ab) g i an t g (m f) P Q R af o S (T v m o g (U (aj s p) (V an (r af al e (W s f (a ab X Y g j Z h l ab (AA AB am s (AC al al ag (n (am (AD AE AF m l am AG ab w d ah) t AH)) k z))))))))
al d an af ai ag n am o a ab (ag ak b) d ae n m af ai ag n am o a ab (ag ak b) d ae n m af ai ag n am o a ab (ag ak b) d ae n m af ai ag n am o a ab (ag ak b) d ae n m af ai ag n am o a ab (ag ak b) d ae n m af ai ag n am o a ab (ag ak b) d ae n m af ai ag n am o a ab (ag ak b) d ae n m af ai ag n am o a ab (ag ak b) d ae n m af ai ag n am o a ab (ag ak b) d ae n m af ai ag n am o a ab (ag ak b) p ae n m ac t n C ad aa j (i s s) F G H I l J c m (aj K L l l M) (N v v y o z O e ab) g i an t g (m f) P Q R af o S (T v m o g (U (aj s p) (V an (r af al e (W s f (a ab X Y g j Z h l ab (AA AB am s (AC al al ag (n (am (AD AE AF m l am AG ab w d ah) t AH)) k z))))))))
t an o a ab (ag ak b) d ae n m af ai ag n am o a ab (ag ak b) d ae n m af ai ag n am o a ab (ag ak b) d ae n m af ai ag n am o a ab (ag ak b) d ae n m af ai ag n am o a ab (ag ak b) d ae n m af ai ag n am o a ab (ag ak b) d ae n m af ai ag n am o a ab (ag ak b) d ae n m af ai ag n am o a ab (ag ak b) d ae n m af ai ag n am o a ab (ag ak b) d ae n m af ai ag n am o a ab (ag ak b) d ae n m af ai ag n am o a ab (ag ak b) p ae n m ac t n C ad aa j (i s s) F G H I l J c m (aj K L l l M) (N v v y o z O e ab) g i an t g (m f) P Q R af o S (T v m o g (U (aj s p) (V an (r af al e (W s f (a ab X Y g j Z h l ab (AA AB am s (AC al al ag (n (am (AD AE AF m l am AG ab w d ah) t AH)) k z))))))))
al d an af ai ag n am o a ab (ag ak b) d ae n m af ai ag n am o a ab (ag ak b) d ae n m af ai ag n am o a ab (ag ak b) d ae n m af ai ag n am o a ab (ag ak b) d ae n m af ai ag n am o a ab (ag ak b) d ae n m af ai ag n am o a ab (ag ak b) d ae n m af ai ag n am o a ab (ag ak b) d ae n m af ai ag n am o a ab (ag ak b) d ae n m af ai ag n am o a ab (ag ak b) d ae n m af ai ag n am o a ab (ag ak b) d ae n m af ai ag n am o a ab (ag ak b) p ae n m ac t n C ad aa j (i s s) F G H I l J c m (aj K L l l M) (N v v y o z O e ab) g i an t g (m f) P Q R af o S (T v m o g (U (aj s p) (V an (r af al e (W s f (a ab X Y g j Z h l ab (AA AB am s (AC al al ag (n (am (AD AE AF m l am AG ab w d ah) t AH)) k z))))))))
t an o a ab (ag ak b) d ae n m af ai ag n am o a ab (ag ak b) d ae n m af ai ag n am o a ab (ag ak b) d ae n m af ai ag n am o a ab (ag ak b) d ae n m af ai ag n am o a ab (ag ak b) d ae n m af ai ag n am o a ab (ag ak b) d ae n m af ai ag n am o a ab (ag ak b) d ae n m af ai ag n am o a ab (ag ak b) d ae n m af ai ag n am o a ab (ag ak b) d ae n m af ai ag n am o a ab (ag ak b) d ae n m af ai ag n am o a ab (ag ak b) d ae n m af ai ag n am o a ab (ag ak b) p ae n m ac t n C ad aa j (i s s) F G H I l J c m (aj K L l l M) (N v v y o z O e ab) g i an t g (m f) P Q R af o S (T v m o g (U (aj s p) (V an (r af al e (W s f (a ab X Y g j Z h l ab (AA AB am s (AC al al ag (n (am (AD AE AF m l am AG ab w d ah) t AH)) k z))))))))
al d an af ai ag n am o a ab (ag ak b) d ae n m af ai ag n am o a ab (ag ak b) d ae n m af ai ag n am o a ab (ag ak b) d ae n m af ai ag n am o a ab (ag ak b) d ae n m af ai ag n am o a ab (ag ak b) d ae n m af ai ag n am o a ab (ag ak b) d ae n m af ai ag n am o a ab (ag ak b) d ae n m af ai ag n am o a ab (ag ak b) d ae n m af ai ag n am o a ab (ag ak b) d ae n m af ai ag n am o a ab (ag ak b) d ae n m af ai ag n am o a ab (ag ak b) d ae n m af ai ag n am o a ab (ag ak b) p ae n m ac t n C ad aa j (i s s) F G H I l J c m (aj K L l l M) (N v v y o z O e ab) g i an t g (m f) P Q R af o S (T v m o g (U (aj s p) (V an (r af al e (W s f (a ab X Y g j Z h l ab (AA AB am s (AC al al ag (n (am (AD AE AF m l am AG ab w d ah) t AH)) k z))))))))


