ae ar at aq ap ao = aa (ap aq n) (ab d j o n)
ak ao aq ap = j z al w ai i j p
an ap ar ao aq = ad r ah u ao k (ap a v b) q
r ao aq ap = g s ag ah b ah aq ai (aj s) ab ab ac
j ap av aq ar at ao au = o z (an z z) m b av
aj = g w a af
d ar ap aq ao = y ar h k (r (ae h (k e))) ag u
v ap ar aq ao at = a (i j (o ar) o i) aj an y ai ai am
l ao ap = t (e ad z b) u
ah ap ao = h aa ag am i v o (h n ao)
x ap ao = ap ag j s ai
q ap aq ao = v m c am w (af r w ae (n k z aj))
f ap at ao aq ar au = ar ab an ao ah m ag i k al a
ac ar aq ao ap = ab f ag (am ab ao ah ad)
z ao ap aq = ag (ao t s al m) n ab
a av at au ar ap aq ao = b u y at aj ab an u h c
u ao = o aa k d
h aq ap ao ar = u ah n d (f y n ar ab e)
w = ac af (af (n j i ai ak q) y) u
b ao = aa z ao c h aj ab g aj ac
m aq av au ao at ap ar = d ad
t at au ao ap aq ar = m n x g aa s s w f aj g f
c ap ao = y (e o) al ak (j h g (w k am y))
ai aq at ap ao ar = g aj m ac ae q at m
ad ap aq ao = h i l ak k al
y ao aq ap = ad g d h x
main = ab A B v f ah k (i ag (C f t ah y r)) D E (r ah F n p t (ai (k (ai (G (m s) ab) u p (af (ab f v (u v (ab (a g k H h ai v i (I (n ad ac e v) (J m n (j (d (z am)) ak l ag) n)) s z) x z u K L am ai u) p)) i j d (r p ak (M al) (N g v ab ak l O aa P aj) Q ah) j) x an y q))))
g ap aq ao = aq ap
p ap at aq ao au av ar = k e am w z r (w y)
af = n an n n ak aj
i aq au av ar at ap ao = g f ah (w e p m t)
n ao = al p (a (x ai) c) c ao
s ap ao aq ar = n ap ac (an aq x) i ak
al = w (t ag) e r b
aa ar aq ap at ao = ao w ag al (ao ac (an q s o u))
e aq ao ap = x aq r b am u
ab ap aq ao = g af (aq aa t g m c) ak a ap s g
am aq ap ar ao = m ah ab f
o au ar ao ap aq at = i ab ai at ae (d t w d)
ag = p t z q f an w ah r n an r
k ao aq ap ar = ak am ah al x
------------------------------------------------------------
ab A B v f ah k (i ag (C f t ah y r)) D E (r ah F n p t (ai (k (ai (G (m s) ab) u p (af (ab f v (u v (ab (a g k H h ai v i (I (n ad ac e v) (J m n (j (d (z am)) ak l ag) n)) s z) x z u K L am ai u) p)) i j d (r p ak (M al) (N g v ab ak l O aa P aj) Q ah) j) x an y q))))
g af (B aa t g m c) ak a A s g f ah k (i ag (C f t ah y r)) D E (r ah F n p t (ai (k (ai (G (m s) ab) u p (af (ab f v (u v (ab (a g k H h ai v i (I (n ad ac e v) (J m n (j (d (z am)) ak l ag) n)) s z) x z u K L am ai u) p)) i j d (r p ak (M al) (N g v ab ak l O aa P aj) Q ah) j) x an y q))))
B aa t g m c af a A s g f ah k (i ag (C f t ah y r)) D E (r ah F n p t (ai (k (ai (G (m s) ab) u p (af (ab f v (u v (ab (a g k H h ai v i (I (n ad ac e v) (J m n (j (d (z am)) ak l ag) n)) s z) x z u K L am ai u) p)) i j d (r p ak (M al) (N g v ab ak l O aa P aj) Q ah) j) x an y q))))
B aa t g m c (n an n n ak aj) a A s g f ah k (i ag (C f t ah y r)) D E (r ah F n p t (ai (k (ai (G (m s) ab) u p (af (ab f v (u v (ab (a g k H h ai v i (I (n ad ac e v) (J m n (j (d (z am)) ak l ag) n)) s z) x z u K L am ai u) p)) i j d (r p ak (M al) (N g v ab ak l O aa P aj) Q ah) j) x an y q))))
B aa t g m c (al p (a (x ai) c) c an n n ak aj) a A s g f ah k (i ag (C f t ah y r)) D E (r ah F n p t (ai (k (ai (G (m s) ab) u p (af (ab f v (u v (ab (a g k H h ai v i (I (n ad ac e v) (J m n (j (d (z am)) ak l ag) n)) s z) x z u K L am ai u) p)) i j d (r p ak (M al) (N g v ab ak l O aa P aj) Q ah) j) x an y q))))
B aa t g m c (w (t ag) e r b p (a (x ai) c) c an n n ak aj) a A s g f ah k (i ag (C f t ah y r)) D E (r ah F n p t (ai (k (ai (G (m s) ab) u p (af (ab f v (u v (ab (a g k H h ai v i (I (n ad ac e v) (J m n (j (d (z am)) ak l ag) n)) s z) x z u K L am ai u) p)) i j d (r p ak (M al) (N g v ab ak l O aa P aj) Q ah) j) x an y q))))
B aa t g m c (ac af (af (n j i ai ak q) y) u (t ag) e r b p (a (x ai) c) c an n n ak aj) a A s g f ah k (i ag (C f t ah y r)) D E (r ah F n p t (ai (k (ai (G (m s) ab) u p (af (ab f v (u v (ab (a g k H h ai v i (I (n ad ac e v) (J m n (j (d (z am)) ak l ag) n)) s z) x z u K L am ai u) p)) i j d (r p ak (M al) (N g v ab ak l O aa P aj) Q ah) j) x an y q))))
B aa t g m c (ab f ag (am ab u ah ad) e r b p (a (x ai) c) c an n n ak aj) a A s g f ah k (i ag (C f t ah y r)) D E (r ah F n p t (ai (k (ai (G (m s) ab) u p (af (ab f v (u v (ab (a g k H h ai v i (I (n ad ac e v) (J m n (j (d (z am)) ak l ag) n)) s z) x z u K L am ai u) p)) i j d (r p ak (M al) (N g v ab ak l O aa P aj) Q ah) j) x an y q))))
B aa t g m c (g af (ag aa t g m c) ak a f s g e r b p (a (x ai) c) c an n n ak aj) a A s g f ah k (i ag (C f t ah y r)) D E (r ah F n p t (ai (k (ai (G (m s) ab) u p (af (ab f v (u v (ab (a g k H h ai v i (I (n ad ac e v) (J m n (j (d (z am)) ak l ag) n)) s z) x z u K L am ai u) p)) i j d (r p ak (M al) (N g v ab ak l O aa P aj) Q ah) j) x an y q))))
B aa t g m c (ag aa t g m c af a f s g e r b p (a (x ai) c) c an n n ak aj) a A s g f ah k (i ag (C f t ah y r)) D E (r ah F n p t (ai (k (ai (G (m s) ab) u p (af (ab f v (u v (ab (a g k H h ai v i (I (n ad ac e v) (J m n (j (d (z am)) ak l ag) n)) s z) x z u K L am ai u) p)) i j d (r p ak (M al) (N g v ab ak l O aa P aj) Q ah) j) x an y q))))
B aa t g m c (p t z q f an w ah r n an r aa t g m c af a f s g e r b p (a (x ai) c) c an n n ak aj) a A s g f ah k (i ag (C f t ah y r)) D E (r ah F n p t (ai (k (ai (G (m s) ab) u p (af (ab f v (u v (ab (a g k H h ai v i (I (n ad ac e v) (J m n (j (d (z am)) ak l ag) n)) s z) x z u K L am ai u) p)) i j d (r p ak (M al) (N g v ab ak l O aa P aj) Q ah) j) x an y q))))
B aa t g m c (k e am w z r (w y) r n an r aa t g m c af a f s g e r b p (a (x ai) c) c an n n ak aj) a A s g f ah k (i ag (C f t ah y r)) D E (r ah F n p t (ai (k (ai (G (m s) ab) u p (af (ab f v (u v (ab (a g k H h ai v i (I (n ad ac e v) (J m n (j (d (z am)) ak l ag) n)) s z) x z u K L am ai u) p)) i j d (r p ak (M al) (N g v ab ak l O aa P aj) Q ah) j) x an y q))))
B aa t g m c (ak am ah al x r (w y) r n an r aa t g m c af a f s g e r b p (a (x ai) c) c an n n ak aj) a A s g f ah k (i ag (C f t ah y r)) D E (r ah F n p t (ai (k (ai (G (m s) ab) u p (af (ab f v (u v (ab (a g k H h ai v i (I (n ad ac e v) (J m n (j (d (z am)) ak l ag) n)) s z) x z u K L am ai u) p)) i j d (r p ak (M al) (N g v ab ak l O aa P aj) Q ah) j) x an y q))))
B aa t g m c (j z al w ai i j p x r (w y) r n an r aa t g m c af a f s g e r b p (a (x ai) c) c an n n ak aj) a A s g f ah k (i ag (C f t ah y r)) D E (r ah F n p t (ai (k (ai (G (m s) ab) u p (af (ab f v (u v (ab (a g k H h ai v i (I (n ad ac e v) (J m n (j (d (z am)) ak l ag) n)) s z) x z u K L am ai u) p)) i j d (r p ak (M al) (N g v ab ak l O aa P aj) Q ah) j) x an y q))))
B aa t g m c (o z (an z z) m b al x r (w y) r n an r aa t g m c af a f s g e r b p (a (x ai) c) c an n n ak aj) a A s g f ah k (i ag (C f t ah y r)) D E (r ah F n p t (ai (k (ai (G (m s) ab) u p (af (ab f v (u v (ab (a g k H h ai v i (I (n ad ac e v) (J m n (j (d (z am)) ak l ag) n)) s z) x z u K L am ai u) p)) i j d (r p ak (M al) (N g v ab ak l O aa P aj) Q ah) j) x an y q))))
B aa t g m c (i ab ai x ae (d t w d) r (w y) r n an r aa t g m c af a f s g e r b p (a (x ai) c) c an n n ak aj) a A s g f ah k (i ag (C f t ah y r)) D E (r ah F n p t (ai (k (ai (G (m s) ab) u p (af (ab f v (u v (ab (a g k H h ai v i (I (n ad ac e v) (J m n (j (d (z am)) ak l ag) n)) s z) x z u K L am ai u) p)) i j d (r p ak (M al) (N g v ab ak l O aa P aj) Q ah) j) x an y q))))
B aa t g m c (g f ah (w e p m t) r n an r aa t g m c af a f s g e r b p (a (x ai) c) c an n n ak aj) a A s g f ah k (i ag (C f t ah y r)) D E (r ah F n p t (ai (k (ai (G (m s) ab) u p (af (ab f v (u v (ab (a g k H h ai v i (I (n ad ac e v) (J m n (j (d (z am)) ak l ag) n)) s z) x z u K L am ai u) p)) i j d (r p ak (M al) (N g v ab ak l O aa P aj) Q ah) j) x an y q))))
B aa t g m c (ah f r n an r aa t g m c af a f s g e r b p (a (x ai) c) c an n n ak aj) a A s g f ah k (i ag (C f t ah y r)) D E (r ah F n p t (ai (k (ai (G (m s) ab) u p (af (ab f v (u v (ab (a g k H h ai v i (I (n ad ac e v) (J m n (j (d (z am)) ak l ag) n)) s z) x z u K L am ai u) p)) i j d (r p ak (M al) (N g v ab ak l O aa P aj) Q ah) j) x an y q))))
B aa t g m c (h aa ag am i v o (h n r) n an r aa t g m c af a f s g e r b p (a (x ai) c) c an n n ak aj) a A s g f ah k (i ag (C f t ah y r)) D E (r ah F n p t (ai (k (ai (G (m s) ab) u p (af (ab f v (u v (ab (a g k H h ai v i (I (n ad ac e v) (J m n (j (d (z am)) ak l ag) n)) s z) x z u K L am ai u) p)) i j d (r p ak (M al) (N g v ab ak l O aa P aj) Q ah) j) x an y q))))
B aa t g m c (u ah n d (f y n i ab e) v o (h n r) n an r aa t g m c af a f s g e r b p (a (x ai) c) c an n n ak aj) a A s g f ah k (i ag (C f t ah y r)) D E (r ah F n p t (ai (k (ai (G (m s) ab) u p (af (ab f v (u v (ab (a g k H h ai v i (I (n ad ac e v) (J m n (j (d (z am)) ak l ag) n)) s z) x z u K L am ai u) p)) i j d (r p ak (M al) (N g v ab ak l O aa P aj) Q ah) j) x an y q))))
B aa t g m c (o aa k d n d (f y n i ab e) v o (h n r) n an r aa t g m c af a f s g e r b p (a (x ai) c) c an n n ak aj) a A s g f ah k (i ag (C f t ah y r)) D E (r ah F n p t (ai (k (ai (G (m s) ab) u p (af (ab f v (u v (ab (a g k H h ai v i (I (n ad ac e v) (J m n (j (d (z am)) ak l ag) n)) s z) x z u K L am ai u) p)) i j d (r p ak (M al) (N g v ab ak l O aa P aj) Q ah) j) x an y q))))
B aa t g m c (i ab ai (f y n i ab e) ae (d t w d) v o (h n r) n an r aa t g m c af a f s g e r b p (a (x ai) c) c an n n ak aj) a A s g f ah k (i ag (C f t ah y r)) D E (r ah F n p t (ai (k (ai (G (m s) ab) u p (af (ab f v (u v (ab (a g k H h ai v i (I (n ad ac e v) (J m n (j (d (z am)) ak l ag) n)) s z) x z u K L am ai u) p)) i j d (r p ak (M al) (N g v ab ak l O aa P aj) Q ah) j) x an y q))))
B aa t g m c (g f ah (w e p m t) (h n r) n an r aa t g m c af a f s g e r b p (a (x ai) c) c an n n ak aj) a A s g f ah k (i ag (C f t ah y r)) D E (r ah F n p t (ai (k (ai (G (m s) ab) u p (af (ab f v (u v (ab (a g k H h ai v i (I (n ad ac e v) (J m n (j (d (z am)) ak l ag) n)) s z) x z u K L am ai u) p)) i j d (r p ak (M al) (N g v ab ak l O aa P aj) Q ah) j) x an y q))))
B aa t g m c (ah f (h n r) n an r aa t g m c af a f s g e r b p (a (x ai) c) c an n n ak aj) a A s g f ah k (i ag (C f t ah y r)) D E (r ah F n p t (ai (k (ai (G (m s) ab) u p (af (ab f v (u v (ab (a g k H h ai v i (I (n ad ac e v) (J m n (j (d (z am)) ak l ag) n)) s z) x z u K L am ai u) p)) i j d (r p ak (M al) (N g v ab ak l O aa P aj) Q ah) j) x an y q))))
B aa t g m c (h aa ag am i v o (h n (h n r)) n an r aa t g m c af a f s g e r b p (a (x ai) c) c an n n ak aj) a A s g f ah k (i ag (C f t ah y r)) D E (r ah F n p t (ai (k (ai (G (m s) ab) u p (af (ab f v (u v (ab (a g k H h ai v i (I (n ad ac e v) (J m n (j (d (z am)) ak l ag) n)) s z) x z u K L am ai u) p)) i j d (r p ak (M al) (N g v ab ak l O aa P aj) Q ah) j) x an y q))))
B aa t g m c (u ah n d (f y n i ab e) v o (h n (h n r)) n an r aa t g m c af a f s g e r b p (a (x ai) c) c an n n ak aj) a A s g f ah k (i ag (C f t ah y r)) D E (r ah F n p t (ai (k (ai (G (m s) ab) u p (af (ab f v (u v (ab (a g k H h ai v i (I (n ad ac e v) (J m n (j (d (z am)) ak l ag) n)) s z) x z u K L am ai u) p)) i j d (r p ak (M al) (N g v ab ak l O aa P aj) Q ah) j) x an y q))))
B aa t g m c (o aa k d n d (f y n i ab e) v o (h n (h n r)) n an r aa t g m c af a f s g e r b p (a (x ai) c) c an n n ak aj) a A s g f ah k (i ag (C f t ah y r)) D E (r ah F n p t (ai (k (ai (G (m s) ab) u p (af (ab f v (u v (ab (a g k H h ai v i (I (n ad ac e v) (J m n (j (d (z am)) ak l ag) n)) s z) x z u K L am ai u) p)) i j d (r p ak (M al) (N g v ab ak l O aa P aj) Q ah) j) x an y q))))
B aa t g m c (i ab ai (f y n i ab e) ae (d t w d) v o (h n (h n r)) n an r aa t g m c af a f s g e r b p (a (x ai) c) c an n n ak aj) a A s g f ah k (i ag (C f t ah y r)) D E (r ah F n p t (ai (k (ai (G (m s) ab) u p (af (ab f v (u v (ab (a g k H h ai v i (I (n ad ac e v) (J m n (j (d (z am)) ak l ag) n)) s z) x z u K L am ai u) p)) i j d (r p ak (M al) (N g v ab ak l O aa P aj) Q ah) j) x an y q))))
B aa t g m c (g f ah (w e p m t) (h n (h n r)) n an r aa t g m c af a f s g e r b p (a (x ai) c) c an n n ak aj) a A s g f ah k (i ag (C f t ah y r)) D E (r ah F n p t (ai (k (ai (G (m s) ab) u p (af (ab f v (u v (ab (a g k H h ai v i (I (n ad ac e v) (J m n (j (d (z am)) ak l ag) n)) s z) x z u K L am ai u) p)) i j d (r p ak (M al) (N g v ab ak l O aa P aj) Q ah) j) x an y q))))
B aa t g m c (ah f (h n (h n r)) n an r aa t g m c af a f s g e r b p (a (x ai) c) c an n n ak aj) a A s g f ah k (i ag (C f t ah y r)) D E (r ah F n p t (ai (k (ai (G (m s) ab) u p (af (ab f v (u v (ab (a g k H h ai v i (I (n ad ac e v) (J m n (j (d (z am)) ak l ag) n)) s z) x z u K L am ai u) p)) i j d (r p ak (M al) (N g v ab ak l O aa P aj) Q ah) j) x an y q))))


