y ao au ap at aq av ar = at av l o ag
ai aq ao ar at ap = ah y p t k
w ap aq ao = p z n am (h (f ao f) c p)
aa ao = m m ai i i ac (al a (x ae ao ak ac))
a at au av ao aq ap ar = at au s w ai k v af am al m w
r ap ao = k d (ai o am (n c)) ab ab ao (p ac) ao
ad ao ap ar aq = p h
v = l (q ag (j ak) (ak e) (m aa u b))
i ao ap ar aq = ab b q f al aj n y
ae au ar aq ap av ao at = t q a l q c j
f ap ar aq at au ao = al (ai k)
an ap ar at ao aq au = aq w ai x (aj v (y n aj ad))
h ao aq ar ap = ao x aj n v (f aq g)
d ar aq au av ap ao at = ar k at (ak al ai) ai am
k ap ao aq = b t an s ae u y t ap
o ap ao aq au at ar = s z e r b ab s g m am
c aq ar ap at au ao = o ab d h (r r k t u s)
u aq ap ao = f ak q aj
ac ao = h ao l ai
b = s w a p m
am ao = b (aa (f aj af)) m
s ap ar aq ao = al (k ae p t af) al f ae
ab av ap ao ar au at aq = ad a av ah ao d k (l o ai av ah)
p au ao ar at av aq ap = n ad z (c at)
al ap ao aq = an z y l e aa am i k aq i b
e = ab v x (c c y) ac
af ao ap = ai h i ap ak o
g aq ao ap ar = w f af j x
l = b c z ab a
main = al o (ab t) al d (A B l af ad ah b ae (C x (D v b)) q ah (E ad (z k aa h y (ac al p al (u t)) t F aj) G H I J a d)) n an n t i k K L o ad o w M am q s N x i i (ag e j (O P Q R aj (w (x m ak)) am y (ae aj (S ah i o o T x c m (e (U ak q z) ae v V q W X))) e))
m ar ao ap aq = y k t e ac aq g (af aa) q ac
q ao ap = f af am (p y) k f al i ah ag x ac
j ap aq ao = w am ad (c ao) ao a am ad ac ae al
x aq ap ao = ap d ap ap ae (ap ai l m e z z h)
n ao = aa (y ao ao) s q (t g)
z ao = p
ag ap ao = q ak ak v af (x t a)
t ar at ap au ao aq = ag r l c au i
ah ao ap = ad b ao
aj ao = ab z (af ao n ao) af o k ah z ae
ak ar aq ap ao at = ao l ao y ad w am r u v
------------------------------------------------------------
al o (ab t) al d (A B l af ad ah b ae (C x (D v b)) q ah (E ad (z k aa h y (ac al p al (u t)) t F aj) G H I J a d)) n an n t i k K L o ad o w M am q s N x i i (ag e j (O P Q R aj (w (x m ak)) am y (ae aj (S ah i o o T x c m (e (U ak q z) ae v V q W X))) e))
an z y l e aa am i k al i b d (A B l af ad ah b ae (C x (D v b)) q ah (E ad (z k aa h y (ac al p al (u t)) t F aj) G H I J a d)) n an n t i k K L o ad o w M am q s N x i i (ag e j (O P Q R aj (w (x m ak)) am y (ae aj (S ah i o o T x c m (e (U ak q z) ae v V q W X))) e))
aa w ai x (aj v (y n aj ad)) i k al i b d (A B l af ad ah b ae (C x (D v b)) q ah (E ad (z k aa h y (ac al p al (u t)) t F aj) G H I J a d)) n an n t i k K L o ad o w M am q s N x i i (ag e j (O P Q R aj (w (x m ak)) am y (ae aj (S ah i o o T x c m (e (U ak q z) ae v V q W X))) e))
m m ai i i ac (al a (x ae w ak ac)) ai x (aj v (y n aj ad)) i k al i b d (A B l af ad ah b ae (C x (D v b)) q ah (E ad (z k aa h y (ac al p al (u t)) t F aj) G H I J a d)) n an n t i k K L o ad o w M am q s N x i i (ag e j (O P Q R aj (w (x m ak)) am y (ae aj (S ah i o o T x c m (e (U ak q z) ae v V q W X))) e))
y k t e ac i g (af aa) q ac ac (al a (x ae w ak ac)) ai x (aj v (y n aj ad)) i k al i b d (A B l af ad ah b ae (C x (D v b)) q ah (E ad (z k aa h y (ac al p al (u t)) t F aj) G H I J a d)) n an n t i k K L o ad o w M am q s N x i i (ag e j (O P Q R aj (w (x m ak)) am y (ae aj (S ah i o o T x c m (e (U ak q z) ae v V q W X))) e))
ac g l o ag q ac ac (al a (x ae w ak ac)) ai x (aj v (y n aj ad)) i k al i b d (A B l af ad ah b ae (C x (D v b)) q ah (E ad (z k aa h y (ac al p al (u t)) t F aj) G H I J a d)) n an n t i k K L o ad o w M am q s N x i i (ag e j (O P Q R aj (w (x m ak)) am y (ae aj (S ah i o o T x c m (e (U ak q z) ae v V q W X))) e))
h g l ai l o ag q ac ac (al a (x ae w ak ac)) ai x (aj v (y n aj ad)) i k al i b d (A B l af ad ah b ae (C x (D v b)) q ah (E ad (z k aa h y (ac al p al (u t)) t F aj) G H I J a d)) n an n t i k K L o ad o w M am q s N x i i (ag e j (O P Q R aj (w (x m ak)) am y (ae aj (S ah i o o T x c m (e (U ak q z) ae v V q W X))) e))
g x aj n v (f l g) o ag q ac ac (al a (x ae w ak ac)) ai x (aj v (y n aj ad)) i k al i b d (A B l af ad ah b ae (C x (D v b)) q ah (E ad (z k aa h y (ac al p al (u t)) t F aj) G H I J a d)) n an n t i k K L o ad o w M am q s N x i i (ag e j (O P Q R aj (w (x m ak)) am y (ae aj (S ah i o o T x c m (e (U ak q z) ae v V q W X))) e))
w f af j x (f l g) o ag q ac ac (al a (x ae w ak ac)) ai x (aj v (y n aj ad)) i k al i b d (A B l af ad ah b ae (C x (D v b)) q ah (E ad (z k aa h y (ac al p al (u t)) t F aj) G H I J a d)) n an n t i k K L o ad o w M am q s N x i i (ag e j (O P Q R aj (w (x m ak)) am y (ae aj (S ah i o o T x c m (e (U ak q z) ae v V q W X))) e))
p z n am (h (f j f) c p) x (f l g) o ag q ac ac (al a (x ae w ak ac)) ai x (aj v (y n aj ad)) i k al i b d (A B l af ad ah b ae (C x (D v b)) q ah (E ad (z k aa h y (ac al p al (u t)) t F aj) G H I J a d)) n an n t i k K L o ad o w M am q s N x i i (ag e j (O P Q R aj (w (x m ak)) am y (ae aj (S ah i o o T x c m (e (U ak q z) ae v V q W X))) e))
n ad z (c (h (f j f) c p)) ag q ac ac (al a (x ae w ak ac)) ai x (aj v (y n aj ad)) i k al i b d (A B l af ad ah b ae (C x (D v b)) q ah (E ad (z k aa h y (ac al p al (u t)) t F aj) G H I J a d)) n an n t i k K L o ad o w M am q s N x i i (ag e j (O P Q R aj (w (x m ak)) am y (ae aj (S ah i o o T x c m (e (U ak q z) ae v V q W X))) e))
aa (y ad ad) s q (t g) z (c (h (f j f) c p)) ag q ac ac (al a (x ae w ak ac)) ai x (aj v (y n aj ad)) i k al i b d (A B l af ad ah b ae (C x (D v b)) q ah (E ad (z k aa h y (ac al p al (u t)) t F aj) G H I J a d)) n an n t i k K L o ad o w M am q s N x i i (ag e j (O P Q R aj (w (x m ak)) am y (ae aj (S ah i o o T x c m (e (U ak q z) ae v V q W X))) e))
m m ai i i ac (al a (x ae (y ad ad) ak ac)) s q (t g) z (c (h (f j f) c p)) ag q ac ac (al a (x ae w ak ac)) ai x (aj v (y n aj ad)) i k al i b d (A B l af ad ah b ae (C x (D v b)) q ah (E ad (z k aa h y (ac al p al (u t)) t F aj) G H I J a d)) n an n t i k K L o ad o w M am q s N x i i (ag e j (O P Q R aj (w (x m ak)) am y (ae aj (S ah i o o T x c m (e (U ak q z) ae v V q W X))) e))
y k t e ac i g (af aa) q ac ac (al a (x ae (y ad ad) ak ac)) s q (t g) z (c (h (f j f) c p)) ag q ac ac (al a (x ae w ak ac)) ai x (aj v (y n aj ad)) i k al i b d (A B l af ad ah b ae (C x (D v b)) q ah (E ad (z k aa h y (ac al p al (u t)) t F aj) G H I J a d)) n an n t i k K L o ad o w M am q s N x i i (ag e j (O P Q R aj (w (x m ak)) am y (ae aj (S ah i o o T x c m (e (U ak q z) ae v V q W X))) e))
ac g l o ag q ac ac (al a (x ae (y ad ad) ak ac)) s q (t g) z (c (h (f j f) c p)) ag q ac ac (al a (x ae w ak ac)) ai x (aj v (y n aj ad)) i k al i b d (A B l af ad ah b ae (C x (D v b)) q ah (E ad (z k aa h y (ac al p al (u t)) t F aj) G H I J a d)) n an n t i k K L o ad o w M am q s N x i i (ag e j (O P Q R aj (w (x m ak)) am y (ae aj (S ah i o o T x c m (e (U ak q z) ae v V q W X))) e))
h g l ai l o ag q ac ac (al a (x ae (y ad ad) ak ac)) s q (t g) z (c (h (f j f) c p)) ag q ac ac (al a (x ae w ak ac)) ai x (aj v (y n aj ad)) i k al i b d (A B l af ad ah b ae (C x (D v b)) q ah (E ad (z k aa h y (ac al p al (u t)) t F aj) G H I J a d)) n an n t i k K L o ad o w M am q s N x i i (ag e j (O P Q R aj (w (x m ak)) am y (ae aj (S ah i o o T x c m (e (U ak q z) ae v V q W X))) e))
g x aj n v (f l g) o ag q ac ac (al a (x ae (y ad ad) ak ac)) s q (t g) z (c (h (f j f) c p)) ag q ac ac (al a (x ae w ak ac)) ai x (aj v (y n aj ad)) i k al i b d (A B l af ad ah b ae (C x (D v b)) q ah (E ad (z k aa h y (ac al p al (u t)) t F aj) G H I J a d)) n an n t i k K L o ad o w M am q s N x i i (ag e j (O P Q R aj (w (x m ak)) am y (ae aj (S ah i o o T x c m (e (U ak q z) ae v V q W X))) e))
w f af j x (f l g) o ag q ac ac (al a (x ae (y ad ad) ak ac)) s q (t g) z (c (h (f j f) c p)) ag q ac ac (al a (x ae w ak ac)) ai x (aj v (y n aj ad)) i k al i b d (A B l af ad ah b ae (C x (D v b)) q ah (E ad (z k aa h y (ac al p al (u t)) t F aj) G H I J a d)) n an n t i k K L o ad o w M am q s N x i i (ag e j (O P Q R aj (w (x m ak)) am y (ae aj (S ah i o o T x c m (e (U ak q z) ae v V q W X))) e))
p z n am (h (f j f) c p) x (f l g) o ag q ac ac (al a (x ae (y ad ad) ak ac)) s q (t g) z (c (h (f j f) c p)) ag q ac ac (al a (x ae w ak ac)) ai x (aj v (y n aj ad)) i k al i b d (A B l af ad ah b ae (C x (D v b)) q ah (E ad (z k aa h y (ac al p al (u t)) t F aj) G H I J a d)) n an n t i k K L o ad o w M am q s N x i i (ag e j (O P Q R aj (w (x m ak)) am y (ae aj (S ah i o o T x c m (e (U ak q z) ae v V q W X))) e))
n ad z (c (h (f j f) c p)) ag q ac ac (al a (x ae (y ad ad) ak ac)) s q (t g) z (c (h (f j f) c p)) ag q ac ac (al a (x ae w ak ac)) ai x (aj v (y n aj ad)) i k al i b d (A B l af ad ah b ae (C x (D v b)) q ah (E ad (z k aa h y (ac al p al (u t)) t F aj) G H I J a d)) n an n t i k K L o ad o w M am q s N x i i (ag e j (O P Q R aj (w (x m ak)) am y (ae aj (S ah i o o T x c m (e (U ak q z) ae v V q W X))) e))
aa (y ad ad) s q (t g) z (c (h (f j f) c p)) ag q ac ac (al a (x ae (y ad ad) ak ac)) s q (t g) z (c (h (f j f) c p)) ag q ac ac (al a (x ae w ak ac)) ai x (aj v (y n aj ad)) i k al i b d (A B l af ad ah b ae (C x (D v b)) q ah (E ad (z k aa h y (ac al p al (u t)) t F aj) G H I J a d)) n an n t i k K L o ad o w M am q s N x i i (ag e j (O P Q R aj (w (x m ak)) am y (ae aj (S ah i o o T x c m (e (U ak q z) ae v V q W X))) e))
m m ai i i ac (al a (x ae (y ad ad) ak ac)) s q (t g) z (c (h (f j f) c p)) ag q ac ac (al a (x ae (y ad ad) ak ac)) s q (t g) z (c (h (f j f) c p)) ag q ac ac (al a (x ae w ak ac)) ai x (aj v (y n aj ad)) i k al i b d (A B l af ad ah b ae (C x (D v b)) q ah (E ad (z k aa h y (ac al p al (u t)) t F aj) G H I J a d)) n an n t i k K L o ad o w M am q s N x i i (ag e j (O P Q R aj (w (x m ak)) am y (ae aj (S ah i o o T x c m (e (U ak q z) ae v V q W X))) e))
y k t e ac i g (af aa) q ac ac (al a (x ae (y ad ad) ak ac)) s q (t g) z (c (h (f j f) c p)) ag q ac ac (al a (x ae (y ad ad) ak ac)) s q (t g) z (c (h (f j f) c p)) ag q ac ac (al a (x ae w ak ac)) ai x (aj v (y n aj ad)) i k al i b d (A B l af ad ah b ae (C x (D v b)) q ah (E ad (z k aa h y (ac al p al (u t)) t F aj) G H I J a d)) n an n t i k K L o ad o w M am q s N x i i (ag e j (O P Q R aj (w (x m ak)) am y (ae aj (S ah i o o T x c m (e (U ak q z) ae v V q W X))) e))
ac g l o ag q ac ac (al a (x ae (y ad ad) ak ac)) s q (t g) z (c (h (f j f) c p)) ag q ac ac (al a (x ae (y ad ad) ak ac)) s q (t g) z (c (h (f j f) c p)) ag q ac ac (al a (x ae w ak ac)) ai x (aj v (y n aj ad)) i k al i b d (A B l af ad ah b ae (C x (D v b)) q ah (E ad (z k aa h y (ac al p al (u t)) t F aj) G H I J a d)) n an n t i k K L o ad o w M am q s N x i i (ag e j (O P Q R aj (w (x m ak)) am y (ae aj (S ah i o o T x c m (e (U ak q z) ae v V q W X))) e))
h g l ai l o ag q ac ac (al a (x ae (y ad ad) ak ac)) s q (t g) z (c (h (f j f) c p)) ag q ac ac (al a (x ae (y ad ad) ak ac)) s q (t g) z (c (h (f j f) c p)) ag q ac ac (al a (x ae w ak ac)) ai x (aj v (y n aj ad)) i k al i b d (A B l af ad ah b ae (C x (D v b)) q ah (E ad (z k aa h y (ac al p al (u t)) t F aj) G H I J a d)) n an n t i k K L o ad o w M am q s N x i i (ag e j (O P Q R aj (w (x m ak)) am y (ae aj (S ah i o o T x c m (e (U ak q z) ae v V q W X))) e))
g x aj n v (f l g) o ag q ac ac (al a (x ae (y ad ad) ak ac)) s q (t g) z (c (h (f j f) c p)) ag q ac ac (al a (x ae (y ad ad) ak ac)) s q (t g) z (c (h (f j f) c p)) ag q ac ac (al a (x ae w ak ac)) ai x (aj v (y n aj ad)) i k al i b d (A B l af ad ah b ae (C x (D v b)) q ah (E ad (z k aa h y (ac al p al (u t)) t F aj) G H I J a d)) n an n t i k K L o ad o w M am q s N x i i (ag e j (O P Q R aj (w (x m ak)) am y (ae aj (S ah i o o T x c m (e (U ak q z) ae v V q W X))) e))
w f af j x (f l g) o ag q ac ac (al a (x ae (y ad ad) ak ac)) s q (t g) z (c (h (f j f) c p)) ag q ac ac (al a (x ae (y ad ad) ak ac)) s q (t g) z (c (h (f j f) c p)) ag q ac ac (al a (x ae w ak ac)) ai x (aj v (y n aj ad)) i k al i b d (A B l af ad ah b ae (C x (D v b)) q ah (E ad (z k aa h y (ac al p al (u t)) t F aj) G H I J a d)) n an n t i k K L o ad o w M am q s N x i i (ag e j (O P Q R aj (w (x m ak)) am y (ae aj (S ah i o o T x c m (e (U ak q z) ae v V q W X))) e))
p z n am (h (f j f) c p) x (f l g) o ag q ac ac (al a (x ae (y ad ad) ak ac)) s q (t g) z (c (h (f j f) c p)) ag q ac ac (al a (x ae (y ad ad) ak ac)) s q (t g) z (c (h (f j f) c p)) ag q ac ac (al a (x ae w ak ac)) ai x (aj v (y n aj ad)) i k al i b d (A B l af ad ah b ae (C x (D v b)) q ah (E ad (z k aa h y (ac al p al (u t)) t F aj) G H I J a d)) n an n t i k K L o ad o w M am q s N x i i (ag e j (O P Q R aj (w (x m ak)) am y (ae aj (S ah i o o T x c m (e (U ak q z) ae v V q W X))) e))
n ad z (c (h (f j f) c p)) ag q ac ac (al a (x ae (y ad ad) ak ac)) s q (t g) z (c (h (f j f) c p)) ag q ac ac (al a (x ae (y ad ad) ak ac)) s q (t g) z (c (h (f j f) c p)) ag q ac ac (al a (x ae w ak ac)) ai x (aj v (y n aj ad)) i k al i b d (A B l af ad ah b ae (C x (D v b)) q ah (E ad (z k aa h y (ac al p al (u t)) t F aj) G H I J a d)) n an n t i k K L o ad o w M am q s N x i i (ag e j (O P Q R aj (w (x m ak)) am y (ae aj (S ah i o o T x c m (e (U ak q z) ae v V q W X))) e))
aa (y ad ad) s q (t g) z (c (h (f j f) c p)) ag q ac ac (al a (x ae (y ad ad) ak ac)) s q (t g) z (c (h (f j f) c p)) ag q ac ac (al a (x ae (y ad ad) ak ac)) s q (t g) z (c (h (f j f) c p)) ag q ac ac (al a (x ae w ak ac)) ai x (aj v (y n aj ad)) i k al i b d (A B l af ad ah b ae (C x (D v b)) q ah (E ad (z k aa h y (ac al p al (u t)) t F aj) G H I J a d)) n an n t i k K L o ad o w M am q s N x i i (ag e j (O P Q R aj (w (x m ak)) am y (ae aj (S ah i o o T x c m (e (U ak q z) ae v V q W X))) e))


