o ao ap g ae ac m ai i af ad s
s aq ao ap ar at ae ah ao ap a (f ao) p aj k
ai av at au aq ao ap ar q aa ar (p w) k (r i w z am) j
ad ap at ar ao aq an ab (o d)
x ao au aq at av ar ap af aa (w ai l) b an y (a (af t)) ak p
l ar ao at ap aq d (al ae r (y q ak) q a)
h ar ao au av ap at aq i k aj x aa u u
af at ap ar aq ao au aq m (g x (v ah am (ab h w)) n at)
p aq ap ao ar n am u an u ab t an an s
f ap ao n al l h x al y (x n ak)
aa ar ap ao aq aj c p ai k a ad e q
g ac w y (u ai) d x am d ag ae n l
an ao aq at av au ar ap al x i n p ag
w ao ap aq ak z g (aj al) ac
d ao ap ah ac n i (af g i o x) ao ai q z
ag ao ao ak m ak q al y h c
ac ap ao m ad ao ak aa q c am v
r aq ap ao ao j ag aa ah l n aa ao g aq f
j ao am ac y ao r (ah a)
e ao g g
ah ao ap aq s p (r ao am ae ai)
a al y w aj l ai b (e f)
ab ao i (al t ae z) ao af an c n m
t ao ar ap aq af (y d (u q) x am) ai am v h
ae aq au ar ap av ao at f k aj d ad
q ao aq at ap ar ag (v (u k c))
al ar aq ap at ao h ak at
u ap at av au aq ar ao ac (al r) o am
m ar ap at aq ao au p ah
v ao ab i (d ak k (r f)) g ao af
aj ar at av au aq ao ap q i r t ap (v ar n ap)
c aq ap ao am (i u al t) aj aq
main A B h y ad a C am (k ag (D E F ak)) G (i j p (H c x g u) (I h am i a w e) am) (m h ac ai (k am j e q J ab d (K u (L ai ad n ab M ah u (a (N ac) c ah ae (O am)) aj d) v P Q d ah (ad ak (R S am) g w r) T U)) d) (c t) h V W j (X Y Z n r AA ai AB (AC AD AE AF AG AH y))
y ap at aq ao ar o s an ak am at am h m u l x
ak k ad ag ab (ae ab (ai al)) aj
am a e e aa y c (k t o p) t ai
i ao ap o b af e ao ac (y ai) an af
b ao aa ai r x ao af k ao ao z
z at ar ao au ap aq d ar a r ai ai j q al d g l
n ao l a aj am (i b b (ao o an ak))
k j z ak (ab (s e an) (al z z a q m))
------------------------------------------------------------
A B h y ad a C am (k ag (D E F ak)) G (i j p (H c x g u) (I h am i a w e) am) (m h ac ai (k am j e q J ab d (K u (L ai ad n ab M ah u (a (N ac) c ah ae (O am)) aj d) v P Q d ah (ad ak (R S am) g w r) T U)) d) (c t) h V W j (X Y Z n r AA ai AB (AC AD AE AF AG AH y))
A B h y ad a C am (j z ak (ab (s e an) (al z z a q m)) ag (D E F ak)) G (i j p (H c x g u) (I h am i a w e) am) (m h ac ai (k am j e q J ab d (K u (L ai ad n ab M ah u (a (N ac) c ah ae (O am)) aj d) v P Q d ah (ad ak (R S am) g w r) T U)) d) (c t) h V W j (X Y Z n r AA ai AB (AC AD AE AF AG AH y))
A B h y ad a C am (am ac y z r (ah a) ak (ab (s e an) (al z z a q m)) ag (D E F ak)) G (i j p (H c x g u) (I h am i a w e) am) (m h ac ai (k am j e q J ab d (K u (L ai ad n ab M ah u (a (N ac) c ah ae (O am)) aj d) v P Q d ah (ad ak (R S am) g w r) T U)) d) (c t) h V W j (X Y Z n r AA ai AB (AC AD AE AF AG AH y))
A B h y ad a C am (a e e aa y c (k t o p) t ai ac y z r (ah a) ak (ab (s e an) (al z z a q m)) ag (D E F ak)) G (i j p (H c x g u) (I h am i a w e) am) (m h ac ai (k am j e q J ab d (K u (L ai ad n ab M ah u (a (N ac) c ah ae (O am)) aj d) v P Q d ah (ad ak (R S am) g w r) T U)) d) (c t) h V W j (X Y Z n r AA ai AB (AC AD AE AF AG AH y))
A B h y ad a C am (al y w aj l ai b (e f) e e aa y c (k t o p) t ai ac y z r (ah a) ak (ab (s e an) (al z z a q m)) ag (D E F ak)) G (i j p (H c x g u) (I h am i a w e) am) (m h ac ai (k am j e q J ab d (K u (L ai ad n ab M ah u (a (N ac) c ah ae (O am)) aj d) v P Q d ah (ad ak (R S am) g w r) T U)) d) (c t) h V W j (X Y Z n r AA ai AB (AC AD AE AF AG AH y))
A B h y ad a C am (h ak l b (e f) e e aa y c (k t o p) t ai ac y z r (ah a) ak (ab (s e an) (al z z a q m)) ag (D E F ak)) G (i j p (H c x g u) (I h am i a w e) am) (m h ac ai (k am j e q J ab d (K u (L ai ad n ab M ah u (a (N ac) c ah ae (O am)) aj d) v P Q d ah (ad ak (R S am) g w r) T U)) d) (c t) h V W j (X Y Z n r AA ai AB (AC AD AE AF AG AH y))
A B h y ad a C am (i k aj x aa u u y c (k t o p) t ai ac y z r (ah a) ak (ab (s e an) (al z z a q m)) ag (D E F ak)) G (i j p (H c x g u) (I h am i a w e) am) (m h ac ai (k am j e q J ab d (K u (L ai ad n ab M ah u (a (N ac) c ah ae (O am)) aj d) v P Q d ah (ad ak (R S am) g w r) T U)) d) (c t) h V W j (X Y Z n r AA ai AB (AC AD AE AF AG AH y))
A B h y ad a C am (o b af e k ac (y ai) an af x aa u u y c (k t o p) t ai ac y z r (ah a) ak (ab (s e an) (al z z a q m)) ag (D E F ak)) G (i j p (H c x g u) (I h am i a w e) am) (m h ac ai (k am j e q J ab d (K u (L ai ad n ab M ah u (a (N ac) c ah ae (O am)) aj d) v P Q d ah (ad ak (R S am) g w r) T U)) d) (c t) h V W j (X Y Z n r AA ai AB (AC AD AE AF AG AH y))
A B h y ad a C am (g ae ac m ai i af ad s e k ac (y ai) an af x aa u u y c (k t o p) t ai ac y z r (ah a) ak (ab (s e an) (al z z a q m)) ag (D E F ak)) G (i j p (H c x g u) (I h am i a w e) am) (m h ac ai (k am j e q J ab d (K u (L ai ad n ab M ah u (a (N ac) c ah ae (O am)) aj d) v P Q d ah (ad ak (R S am) g w r) T U)) d) (c t) h V W j (X Y Z n r AA ai AB (AC AD AE AF AG AH y))
A B h y ad a C am (ac w y (u ai) d x am d ag ae n l ae ac m ai i af ad s e k ac (y ai) an af x aa u u y c (k t o p) t ai ac y z r (ah a) ak (ab (s e an) (al z z a q m)) ag (D E F ak)) G (i j p (H c x g u) (I h am i a w e) am) (m h ac ai (k am j e q J ab d (K u (L ai ad n ab M ah u (a (N ac) c ah ae (O am)) aj d) v P Q d ah (ad ak (R S am) g w r) T U)) d) (c t) h V W j (X Y Z n r AA ai AB (AC AD AE AF AG AH y))
A B h y ad a C am (m ad y ak aa q c am v (u ai) d x am d ag ae n l ae ac m ai i af ad s e k ac (y ai) an af x aa u u y c (k t o p) t ai ac y z r (ah a) ak (ab (s e an) (al z z a q m)) ag (D E F ak)) G (i j p (H c x g u) (I h am i a w e) am) (m h ac ai (k am j e q J ab d (K u (L ai ad n ab M ah u (a (N ac) c ah ae (O am)) aj d) v P Q d ah (ad ak (R S am) g w r) T U)) d) (c t) h V W j (X Y Z n r AA ai AB (AC AD AE AF AG AH y))
A B h y ad a C am (p ah am v (u ai) d x am d ag ae n l ae ac m ai i af ad s e k ac (y ai) an af x aa u u y c (k t o p) t ai ac y z r (ah a) ak (ab (s e an) (al z z a q m)) ag (D E F ak)) G (i j p (H c x g u) (I h am i a w e) am) (m h ac ai (k am j e q J ab d (K u (L ai ad n ab M ah u (a (N ac) c ah ae (O am)) aj d) v P Q d ah (ad ak (R S am) g w r) T U)) d) (c t) h V W j (X Y Z n r AA ai AB (AC AD AE AF AG AH y))
A B h y ad a C am (n am u an u ab t an an s d x am d ag ae n l ae ac m ai i af ad s e k ac (y ai) an af x aa u u y c (k t o p) t ai ac y z r (ah a) ak (ab (s e an) (al z z a q m)) ag (D E F ak)) G (i j p (H c x g u) (I h am i a w e) am) (m h ac ai (k am j e q J ab d (K u (L ai ad n ab M ah u (a (N ac) c ah ae (O am)) aj d) v P Q d ah (ad ak (R S am) g w r) T U)) d) (c t) h V W j (X Y Z n r AA ai AB (AC AD AE AF AG AH y))
A B h y ad a C am (l a aj am (i b b (am o an ak)) u an u ab t an an s d x am d ag ae n l ae ac m ai i af ad s e k ac (y ai) an af x aa u u y c (k t o p) t ai ac y z r (ah a) ak (ab (s e an) (al z z a q m)) ag (D E F ak)) G (i j p (H c x g u) (I h am i a w e) am) (m h ac ai (k am j e q J ab d (K u (L ai ad n ab M ah u (a (N ac) c ah ae (O am)) aj d) v P Q d ah (ad ak (R S am) g w r) T U)) d) (c t) h V W j (X Y Z n r AA ai AB (AC AD AE AF AG AH y))
A B h y ad a C am (d (al ae r (y q ak) q a) an u ab t an an s d x am d ag ae n l ae ac m ai i af ad s e k ac (y ai) an af x aa u u y c (k t o p) t ai ac y z r (ah a) ak (ab (s e an) (al z z a q m)) ag (D E F ak)) G (i j p (H c x g u) (I h am i a w e) am) (m h ac ai (k am j e q J ab d (K u (L ai ad n ab M ah u (a (N ac) c ah ae (O am)) aj d) v P Q d ah (ad ak (R S am) g w r) T U)) d) (c t) h V W j (X Y Z n r AA ai AB (AC AD AE AF AG AH y))
A B h y ad a C am (ah ac n i (af g i o x) (al ae r (y q ak) q a) ai q z u ab t an an s d x am d ag ae n l ae ac m ai i af ad s e k ac (y ai) an af x aa u u y c (k t o p) t ai ac y z r (ah a) ak (ab (s e an) (al z z a q m)) ag (D E F ak)) G (i j p (H c x g u) (I h am i a w e) am) (m h ac ai (k am j e q J ab d (K u (L ai ad n ab M ah u (a (N ac) c ah ae (O am)) aj d) v P Q d ah (ad ak (R S am) g w r) T U)) d) (c t) h V W j (X Y Z n r AA ai AB (AC AD AE AF AG AH y))
A B h y ad a C am (s p (r ac am ae ai) (af g i o x) (al ae r (y q ak) q a) ai q z u ab t an an s d x am d ag ae n l ae ac m ai i af ad s e k ac (y ai) an af x aa u u y c (k t o p) t ai ac y z r (ah a) ak (ab (s e an) (al z z a q m)) ag (D E F ak)) G (i j p (H c x g u) (I h am i a w e) am) (m h ac ai (k am j e q J ab d (K u (L ai ad n ab M ah u (a (N ac) c ah ae (O am)) aj d) v P Q d ah (ad ak (R S am) g w r) T U)) d) (c t) h V W j (X Y Z n r AA ai AB (AC AD AE AF AG AH y))
A B h y ad a C am (ae ah (r ac am ae ai) (af g i o x) a (f (r ac am ae ai)) p aj k q z u ab t an an s d x am d ag ae n l ae ac m ai i af ad s e k ac (y ai) an af x aa u u y c (k t o p) t ai ac y z r (ah a) ak (ab (s e an) (al z z a q m)) ag (D E F ak)) G (i j p (H c x g u) (I h am i a w e) am) (m h ac ai (k am j e q J ab d (K u (L ai ad n ab M ah u (a (N ac) c ah ae (O am)) aj d) v P Q d ah (ad ak (R S am) g w r) T U)) d) (c t) h V W j (X Y Z n r AA ai AB (AC AD AE AF AG AH y))
A B h y ad a C am (f k aj d ad k q z u ab t an an s d x am d ag ae n l ae ac m ai i af ad s e k ac (y ai) an af x aa u u y c (k t o p) t ai ac y z r (ah a) ak (ab (s e an) (al z z a q m)) ag (D E F ak)) G (i j p (H c x g u) (I h am i a w e) am) (m h ac ai (k am j e q J ab d (K u (L ai ad n ab M ah u (a (N ac) c ah ae (O am)) aj d) v P Q d ah (ad ak (R S am) g w r) T U)) d) (c t) h V W j (X Y Z n r AA ai AB (AC AD AE AF AG AH y))
A B h y ad a C am (n al l h x al y (x n ak) d ad k q z u ab t an an s d x am d ag ae n l ae ac m ai i af ad s e k ac (y ai) an af x aa u u y c (k t o p) t ai ac y z r (ah a) ak (ab (s e an) (al z z a q m)) ag (D E F ak)) G (i j p (H c x g u) (I h am i a w e) am) (m h ac ai (k am j e q J ab d (K u (L ai ad n ab M ah u (a (N ac) c ah ae (O am)) aj d) v P Q d ah (ad ak (R S am) g w r) T U)) d) (c t) h V W j (X Y Z n r AA ai AB (AC AD AE AF AG AH y))
A B h y ad a C am (l a aj am (i b b (al o an ak)) l h x al y (x n ak) d ad k q z u ab t an an s d x am d ag ae n l ae ac m ai i af ad s e k ac (y ai) an af x aa u u y c (k t o p) t ai ac y z r (ah a) ak (ab (s e an) (al z z a q m)) ag (D E F ak)) G (i j p (H c x g u) (I h am i a w e) am) (m h ac ai (k am j e q J ab d (K u (L ai ad n ab M ah u (a (N ac) c ah ae (O am)) aj d) v P Q d ah (ad ak (R S am) g w r) T U)) d) (c t) h V W j (X Y Z n r AA ai AB (AC AD AE AF AG AH y))
A B h y ad a C am (d (al ae r (y q ak) q a) h x al y (x n ak) d ad k q z u ab t an an s d x am d ag ae n l ae ac m ai i af ad s e k ac (y ai) an af x aa u u y c (k t o p) t ai ac y z r (ah a) ak (ab (s e an) (al z z a q m)) ag (D E F ak)) G (i j p (H c x g u) (I h am i a w e) am) (m h ac ai (k am j e q J ab d (K u (L ai ad n ab M ah u (a (N ac) c ah ae (O am)) aj d) v P Q d ah (ad ak (R S am) g w r) T U)) d) (c t) h V W j (X Y Z n r AA ai AB (AC AD AE AF AG AH y))
A B h y ad a C am (ah ac n i (af g i o x) (al ae r (y q ak) q a) ai q z x al y (x n ak) d ad k q z u ab t an an s d x am d ag ae n l ae ac m ai i af ad s e k ac (y ai) an af x aa u u y c (k t o p) t ai ac y z r (ah a) ak (ab (s e an) (al z z a q m)) ag (D E F ak)) G (i j p (H c x g u) (I h am i a w e) am) (m h ac ai (k am j e q J ab d (K u (L ai ad n ab M ah u (a (N ac) c ah ae (O am)) aj d) v P Q d ah (ad ak (R S am) g w r) T U)) d) (c t) h V W j (X Y Z n r AA ai AB (AC AD AE AF AG AH y))
A B h y ad a C am (s p (r ac am ae ai) (af g i o x) (al ae r (y q ak) q a) ai q z x al y (x n ak) d ad k q z u ab t an an s d x am d ag ae n l ae ac m ai i af ad s e k ac (y ai) an af x aa u u y c (k t o p) t ai ac y z r (ah a) ak (ab (s e an) (al z z a q m)) ag (D E F ak)) G (i j p (H c x g u) (I h am i a w e) am) (m h ac ai (k am j e q J ab d (K u (L ai ad n ab M ah u (a (N ac) c ah ae (O am)) aj d) v P Q d ah (ad ak (R S am) g w r) T U)) d) (c t) h V W j (X Y Z n r AA ai AB (AC AD AE AF AG AH y))
A B h y ad a C am (ae ah (r ac am ae ai) (af g i o x) a (f (r ac am ae ai)) p aj k q z x al y (x n ak) d ad k q z u ab t an an s d x am d ag ae n l ae ac m ai i af ad s e k ac (y ai) an af x aa u u y c (k t o p) t ai ac y z r (ah a) ak (ab (s e an) (al z z a q m)) ag (D E F ak)) G (i j p (H c x g u) (I h am i a w e) am) (m h ac ai (k am j e q J ab d (K u (L ai ad n ab M ah u (a (N ac) c ah ae (O am)) aj d) v P Q d ah (ad ak (R S am) g w r) T U)) d) (c t) h V W j (X Y Z n r AA ai AB (AC AD AE AF AG AH y))
A B h y ad a C am (f k aj d ad k q z x al y (x n ak) d ad k q z u ab t an an s d x am d ag ae n l ae ac m ai i af ad s e k ac (y ai) an af x aa u u y c (k t o p) t ai ac y z r (ah a) ak (ab (s e an) (al z z a q m)) ag (D E F ak)) G (i j p (H c x g u) (I h am i a w e) am) (m h ac ai (k am j e q J ab d (K u (L ai ad n ab M ah u (a (N ac) c ah ae (O am)) aj d) v P Q d ah (ad ak (R S am) g w r) T U)) d) (c t) h V W j (X Y Z n r AA ai AB (AC AD AE AF AG AH y))
A B h y ad a C am (n al l h x al y (x n ak) d ad k q z x al y (x n ak) d ad k q z u ab t an an s d x am d ag ae n l ae ac m ai i af ad s e k ac (y ai) an af x aa u u y c (k t o p) t ai ac y z r (ah a) ak (ab (s e an) (al z z a q m)) ag (D E F ak)) G (i j p (H c x g u) (I h am i a w e) am) (m h ac ai (k am j e q J ab d (K u (L ai ad n ab M ah u (a (N ac) c ah ae (O am)) aj d) v P Q d ah (ad ak (R S am) g w r) T U)) d) (c t) h V W j (X Y Z n r AA ai AB (AC AD AE AF AG AH y))
A B h y ad a C am (l a aj am (i b b (al o an ak)) l h x al y (x n ak) d ad k q z x al y (x n ak) d ad k q z u ab t an an s d x am d ag ae n l ae ac m ai i af ad s e k ac (y ai) an af x aa u u y c (k t o p) t ai ac y z r (ah a) ak (ab (s e an) (al z z a q m)) ag (D E F ak)) G (i j p (H c x g u) (I h am i a w e) am) (m h ac ai (k am j e q J ab d (K u (L ai ad n ab M ah u (a (N ac) c ah ae (O am)) aj d) v P Q d ah (ad ak (R S am) g w r) T U)) d) (c t) h V W j (X Y Z n r AA ai AB (AC AD AE AF AG AH y))
A B h y ad a C am (d (al ae r (y q ak) q a) h x al y (x n ak) d ad k q z x al y (x n ak) d ad k q z u ab t an an s d x am d ag ae n l ae ac m ai i af ad s e k ac (y ai) an af x aa u u y c (k t o p) t ai ac y z r (ah a) ak (ab (s e an) (al z z a q m)) ag (D E F ak)) G (i j p (H c x g u) (I h am i a w e) am) (m h ac ai (k am j e q J ab d (K u (L ai ad n ab M ah u (a (N ac) c ah ae (O am)) aj d) v P Q d ah (ad ak (R S am) g w r) T U)) d) (c t) h V W j (X Y Z n r AA ai AB (AC AD AE AF AG AH y))
A B h y ad a C am (ah ac n i (af g i o x) (al ae r (y q ak) q a) ai q z x al y (x n ak) d ad k q z x al y (x n ak) d ad k q z u ab t an an s d x am d ag ae n l ae ac m ai i af ad s e k ac (y ai) an af x aa u u y c (k t o p) t ai ac y z r (ah a) ak (ab (s e an) (al z z a q m)) ag (D E F ak)) G (i j p (H c x g u) (I h am i a w e) am) (m h ac ai (k am j e q J ab d (K u (L ai ad n ab M ah u (a (N ac) c ah ae (O am)) aj d) v P Q d ah (ad ak (R S am) g w r) T U)) d) (c t) h V W j (X Y Z n r AA ai AB (AC AD AE AF AG AH y))


