u at ar ap au ao av aq = ad ak w g e x d h
i ao av at aq ap ar au = l v ad ab (p (j a (aj am) ah) c l)
w = an m b (o (f x)) g
al ap ar aq ao at = aj r (f m u g h x b p ag)
am ar av ap ao aq at au = p o ae ai ag k at v p
ab ao ar aq ap = b ae m w aq l (c ar ah)
x ap aq at ar ao au = m (v ah ak u ab ai) r
ae ap ao aq = h ap s d j an (am ao q)
e ao ap = t ao z
y av ar aq ao at ap au = af (al ai (ac q b ag p) r ai f)
k aq ap au at av ao ar = au (aa a ah z ar aj)
v ao ap ar aq = b g k aa ar t (af ap ac q g)
aa ar at ap aq ao = e at (an ag a)
l ap aq ao = u y ap ao ag al v e ab an f (b f)
t ap ar ao at au aq = an ae (ap an ad s)
d aq ap ar ao = l v q l al (k am)
ag ap ar at ao aq = af ak an ao an (ao j ah) a l z m an
ak ap ar at aq au ao = ai z d m y (ab (w ae d r af))
ac aq ao ar ap = ar x (r ah s (ar e f p (ag ah)) ao y)
n aq ap at ao ar = al ad af
ad aq ao ap = m (y t)
g ap ao = ad ai (x (d aj (w o d aj v v ai)))
o = ac r (i an z z) w
z ap aq ao = i q e
a ao ap aq = ac aa (l (ai aa) r) ad
b at au ar aq ap ao = t z ae a (a aj r)
p ap ao ar av aq au at = b (r c ad (ar x aj aa)) an (v ah o m)
an at ar aq ao ap au = ao e i (g af (y f) b p)
aj = j (g aa af ac ag r)
ai au ar at ao aq ap = i (ac y aa g ap)
h = r r c ac (i an)
main = ai e c h A m (ac (d af z) (B C D E ae r m j d) (F z i (a f q s s j s x am (G H aj ad) (h ak ac d (I x ac aa r (aa (J am j) (K p) z l) a) ah) f t) ag t v o) L ag u) (M j) N ac an (e O (l (P y an y) af (Q z R i o ag i i) ai) n) (S T ah (k w)) U (V W u af X n k a)
s at ao aq ar av au ap = m ar b l al (aa aq) aj (j (aa y h n))
j ao ap = o q ab ai ae
f = m ac ag v w (e (n l i aj ac u)) t
ah = b m al ak o af (i e e) (ag aj)
m ao av aq at ap ar au = ak aq al i (r (ac ak y at r))
r = ab (l w d b) am e af f af
af ap ao = o c s ab w q d (ad h x)
q ao = k (v c x f ad)
c aq ar ap av au at ao = ae u
------------------------------------------------------------
ai e c h A m (ac (d af z) (B C D E ae r m j d) (F z i (a f q s s j s x am (G H aj ad) (h ak ac d (I x ac aa r (aa (J am j) (K p) z l) a) ah) f t) ag t v o) L ag u) (M j) N ac an (e O (l (P y an y) af (Q z R i o ag i i) ai) n) (S T ah (k w)) U (V W u af X n k a)
i (ac y aa g (ac (d af z) (B C D E ae r m j d) (F z i (a f q s s j s x am (G H aj ad) (h ak ac d (I x ac aa r (aa (J am j) (K p) z l) a) ah) f t) ag t v o) L ag u)) (M j) N ac an (e O (l (P y an y) af (Q z R i o ag i i) ai) n) (S T ah (k w)) U (V W u af X n k a)
l v ad ab (p (j a (aj am) ah) c l) U (V W u af X n k a)
u y v ab ag al v e ab an f (b f) (p (j a (aj am) ah) c l) U (V W u af X n k a)
ad ak w g e x d h ab an f (b f) (p (j a (aj am) ah) c l) U (V W u af X n k a)
m (y t) e x d h ab an f (b f) (p (j a (aj am) ah) c l) U (V W u af X n k a)
ak x al i (r (ac ak y d r)) f (b f) (p (j a (aj am) ah) c l) U (V W u af X n k a)
ai z d m y (ab (w ae d r af)) (p (j a (aj am) ah) c l) U (V W u af X n k a)
i (ac y aa g (p (j a (aj am) ah) c l)) U (V W u af X n k a)
i (g x (r ah s (g e f p (ag ah)) aa y)) U (V W u af X n k a)
i (ad ai (x (d aj (w o d aj v v ai)))) U (V W u af X n k a)
i (ad ai (x (d (j (g aa af ac ag r)) (w o d aj v v ai)))) U (V W u af X n k a)
i (ad ai (x (d (j (ad ai (x (d aj (w o d aj v v ai))) ac ag r)) (w o d aj v v ai)))) U (V W u af X n k a)
i (ad ai (x (d (j (m (y t) ag r)) (w o d aj v v ai)))) U (V W u af X n k a)
i (ad ai (x (d (j (m (y t) ag (ab (l w d b) am e af f af))) (w o d aj v v ai)))) U (V W u af X n k a)
i (ad ai (x (d (j (m (y t) ag (b ae m w e l (c am ah) f af))) (w o d aj v v ai)))) U (V W u af X n k a)
i (ad ai (x (d (j (m (y t) ag (t z ae a (a aj r) f af))) (w o d aj v v ai)))) U (V W u af X n k a)
i (ad ai (x (d (j (m (y t) ag (an ae (z an ad s)))) (w o d aj v v ai)))) U (V W u af X n k a)
i (ad ai (x (d (j (m (y t) ag (an ae (i q e)))) (w o d aj v v ai)))) U (V W u af X n k a)
i (ad ai (x (d (j (m (y t) ag (an ae (i q e)))) (an m b (o (f x)) g o d aj v v ai)))) U (V W u af X n k a)
i (ad ai (x (d (j (m (y t) ag (an ae (i q e)))) (g e i (g af (y f) b p) aj v v ai)))) U (V W u af X n k a)
i (ad ai (x (d (j (m (y t) ag (an ae (i q e)))) (ad ai (x (d aj (w o d aj v v ai))) (g af (y f) b p) aj v v ai)))) U (V W u af X n k a)
i (ad ai (x (d (j (m (y t) ag (an ae (i q e)))) (m (y t) aj v v ai)))) U (V W u af X n k a)
i (ad ai (x (d (j (m (y t) ag (an ae (i q e)))) (m (y t) (j (g aa af ac ag r)) v v ai)))) U (V W u af X n k a)
i (ad ai (x (d (j (m (y t) ag (an ae (i q e)))) (m (y t) (j (ad ai (x (d aj (w o d aj v v ai))) ac ag r)) v v ai)))) U (V W u af X n k a)
i (ad ai (x (d (j (m (y t) ag (an ae (i q e)))) (m (y t) (j (m (y t) ag r)) v v ai)))) U (V W u af X n k a)
i (ad ai (x (d (j (m (y t) ag (an ae (i q e)))) (m (y t) (j (m (y t) ag (ab (l w d b) am e af f af))) v v ai)))) U (V W u af X n k a)
i (ad ai (x (d (j (m (y t) ag (an ae (i q e)))) (m (y t) (j (m (y t) ag (b ae m w e l (c am ah) f af))) v v ai)))) U (V W u af X n k a)
i (ad ai (x (d (j (m (y t) ag (an ae (i q e)))) (m (y t) (j (m (y t) ag (t z ae a (a aj r) f af))) v v ai)))) U (V W u af X n k a)
i (ad ai (x (d (j (m (y t) ag (an ae (i q e)))) (m (y t) (j (m (y t) ag (an ae (z an ad s)))) v v ai)))) U (V W u af X n k a)


