e ao aq ap = am y ab v ai aq
v ao ap = w b h o o r k ac c
y ao at ap av ar aq au = r m b c ar ad n ak z at
u = t d e d i af s z h r
s ao = ao aj b
x ap au ar ao av at aq = l (z aj aq s i aa q c m) i f ah
aa ao ap aq = r d ag ak h aq c
ag = h (aj (aa r (e n)) h m (u v b))
ad ao ap aq = j aq o (k ab)
aj at ao aq ap ar = ai n ai (h (k m r w e) an at m)
f ao ar at ap av aq au = ai ak d
af ao = c o ao y s al (ao r (m u) aa)
ae ao at ar ap au aq = am p t h i af i t am (s ab ad)
m au ao ar aq ap av at = r x ad aj aj h ap z j ag ac (y q)
z ar at au ao aq ap av = ak p ah an o ar (au d) (q q v ap)
am ap au aq ar ao at = ap l d r d l (an ad (aa v d h) ac)
an = o z u u o (o k b p am k al)
o at ap aq ao ar = an (ar (s i)) (b g n an ad (ar ah s ar))
p ap ao aq = j h t ak i (ao ao a z ah m ab)
main = e (A ab (B C D w (ae (s h) E (n ae aj) b o F aj v (v r af G H I j l (J (K h g y ah L) y (M (N (O al ae P aa (Q f b) (R o p w) i S x w) l p T (v U) (n n ai a an ad o) ai ae) V af (W (ad u (X x) u ad f ah) Y (h v) k p) am) p ah) (ak af i (m t) g e) j) Z v z n AA an)))
h = m ah i am k (f ai (e r ag))
g = r al v c ak ai i ag y w q r
al at ar ao ap aq = at aq ar (b k) (ak ar) o
b ao ap aq au at ar = ao p ac (n al v r aa x s)
r av ao aq ap at au ar = f x w (aq j (x y at g ah))
a = w aa l f (ai ak z)
q ap ao = an ac (c (b an ah))
w ao au ar aq ap at = m ai af x l p g am
j ao aq ar ap = v g p x h m o (ai r aq) f h aj
n ao ap = a (h i ak) o c o p d af v g m
d ao au ar at aq av ap = m ac (al (y (w ad b))) a ab ac q aa
ab ap ao aq ar = d ao (w ag (an p y c aj))
ac ao = g
ah ap ao = s h ag j r
t ar aq ao ap au av at = af (av c) b al j
c aq ap ao = ai l h al ao r o b y
l av aq ar au ao ap at = k g z
k ao = o n ai g (g q (u (t an l n) a ao))
ai ao = x am al am d aj
ak ao = w (w ao (d e e o ad u ao))
i at au ao ap aq ar = h ae w at ar g x ae al (an t)
------------------------------------------------------------
e (A ab (B C D w (ae (s h) E (n ae aj) b o F aj v (v r af G H I j l (J (K h g y ah L) y (M (N (O al ae P aa (Q f b) (R o p w) i S x w) l p T (v U) (n n ai a an ad o) ai ae) V af (W (ad u (X x) u ad f ah) Y (h v) k p) am) p ah) (ak af i (m t) g e) j) Z v z n AA an)))
e (A ab (B C D w (am p t h i af i t am (s ab ad) aj v (v r af G H I j l (J (K h g y ah L) y (M (N (O al ae P aa (Q f b) (R o p w) i S x w) l p T (v U) (n n ai a an ad o) ai ae) V af (W (ad u (X x) u ad f ah) Y (h v) k p) am) p ah) (ak af i (m t) g e) j) Z v z n AA an)))
e (A ab (B C D w (p l d r d l (an ad (aa v d h) ac) t am (s ab ad) aj v (v r af G H I j l (J (K h g y ah L) y (M (N (O al ae P aa (Q f b) (R o p w) i S x w) l p T (v U) (n n ai a an ad o) ai ae) V af (W (ad u (X x) u ad f ah) Y (h v) k p) am) p ah) (ak af i (m t) g e) j) Z v z n AA an)))
e (A ab (B C D w (j h t ak i (d d a z ah m ab) d l (an ad (aa v d h) ac) t am (s ab ad) aj v (v r af G H I j l (J (K h g y ah L) y (M (N (O al ae P aa (Q f b) (R o p w) i S x w) l p T (v U) (n n ai a an ad o) ai ae) V af (W (ad u (X x) u ad f ah) Y (h v) k p) am) p ah) (ak af i (m t) g e) j) Z v z n AA an)))
e (A ab (B C D w (v g p x h m o (ai r t) f h aj (d d a z ah m ab) d l (an ad (aa v d h) ac) t am (s ab ad) aj v (v r af G H I j l (J (K h g y ah L) y (M (N (O al ae P aa (Q f b) (R o p w) i S x w) l p T (v U) (n n ai a an ad o) ai ae) V af (W (ad u (X x) u ad f ah) Y (h v) k p) am) p ah) (ak af i (m t) g e) j) Z v z n AA an)))
e (A ab (B C D w (w b h o o r k ac c x h m o (ai r t) f h aj (d d a z ah m ab) d l (an ad (aa v d h) ac) t am (s ab ad) aj v (v r af G H I j l (J (K h g y ah L) y (M (N (O al ae P aa (Q f b) (R o p w) i S x w) l p T (v U) (n n ai a an ad o) ai ae) V af (W (ad u (X x) u ad f ah) Y (h v) k p) am) p ah) (ak af i (m t) g e) j) Z v z n AA an)))
e (A ab (B C D w (m ai af x l p g am ac c x h m o (ai r t) f h aj (d d a z ah m ab) d l (an ad (aa v d h) ac) t am (s ab ad) aj v (v r af G H I j l (J (K h g y ah L) y (M (N (O al ae P aa (Q f b) (R o p w) i S x w) l p T (v U) (n n ai a an ad o) ai ae) V af (W (ad u (X x) u ad f ah) Y (h v) k p) am) p ah) (ak af i (m t) g e) j) Z v z n AA an)))
e (A ab (B C D w (r x ad aj aj h p z j ag ac (y q) ac c x h m o (ai r t) f h aj (d d a z ah m ab) d l (an ad (aa v d h) ac) t am (s ab ad) aj v (v r af G H I j l (J (K h g y ah L) y (M (N (O al ae P aa (Q f b) (R o p w) i S x w) l p T (v U) (n n ai a an ad o) ai ae) V af (W (ad u (X x) u ad f ah) Y (h v) k p) am) p ah) (ak af i (m t) g e) j) Z v z n AA an)))
e (A ab (B C D w (f x w (aj j (x y h g ah)) j ag ac (y q) ac c x h m o (ai r t) f h aj (d d a z ah m ab) d l (an ad (aa v d h) ac) t am (s ab ad) aj v (v r af G H I j l (J (K h g y ah L) y (M (N (O al ae P aa (Q f b) (R o p w) i S x w) l p T (v U) (n n ai a an ad o) ai ae) V af (W (ad u (X x) u ad f ah) Y (h v) k p) am) p ah) (ak af i (m t) g e) j) Z v z n AA an)))
e (A ab (B C D w (ai ak d ac c x h m o (ai r t) f h aj (d d a z ah m ab) d l (an ad (aa v d h) ac) t am (s ab ad) aj v (v r af G H I j l (J (K h g y ah L) y (M (N (O al ae P aa (Q f b) (R o p w) i S x w) l p T (v U) (n n ai a an ad o) ai ae) V af (W (ad u (X x) u ad f ah) Y (h v) k p) am) p ah) (ak af i (m t) g e) j) Z v z n AA an)))
e (A ab (B C D w (x am al am d aj d ac c x h m o (ai r t) f h aj (d d a z ah m ab) d l (an ad (aa v d h) ac) t am (s ab ad) aj v (v r af G H I j l (J (K h g y ah L) y (M (N (O al ae P aa (Q f b) (R o p w) i S x w) l p T (v U) (n n ai a an ad o) ai ae) V af (W (ad u (X x) u ad f ah) Y (h v) k p) am) p ah) (ak af i (m t) g e) j) Z v z n AA an)))
e (A ab (B C D w (l (z aj ac s i aa q c m) i f ah c x h m o (ai r t) f h aj (d d a z ah m ab) d l (an ad (aa v d h) ac) t am (s ab ad) aj v (v r af G H I j l (J (K h g y ah L) y (M (N (O al ae P aa (Q f b) (R o p w) i S x w) l p T (v U) (n n ai a an ad o) ai ae) V af (W (ad u (X x) u ad f ah) Y (h v) k p) am) p ah) (ak af i (m t) g e) j) Z v z n AA an)))
e (A ab (B C D w (k g z m o (ai r t) f h aj (d d a z ah m ab) d l (an ad (aa v d h) ac) t am (s ab ad) aj v (v r af G H I j l (J (K h g y ah L) y (M (N (O al ae P aa (Q f b) (R o p w) i S x w) l p T (v U) (n n ai a an ad o) ai ae) V af (W (ad u (X x) u ad f ah) Y (h v) k p) am) p ah) (ak af i (m t) g e) j) Z v z n AA an)))
e (A ab (B C D w (o n ai g (g q (u (t an l n) a g)) z m o (ai r t) f h aj (d d a z ah m ab) d l (an ad (aa v d h) ac) t am (s ab ad) aj v (v r af G H I j l (J (K h g y ah L) y (M (N (O al ae P aa (Q f b) (R o p w) i S x w) l p T (v U) (n n ai a an ad o) ai ae) V af (W (ad u (X x) u ad f ah) Y (h v) k p) am) p ah) (ak af i (m t) g e) j) Z v z n AA an)))
e (A ab (B C D w (an (z (s i)) (b g n an ad (z ah s z)) m o (ai r t) f h aj (d d a z ah m ab) d l (an ad (aa v d h) ac) t am (s ab ad) aj v (v r af G H I j l (J (K h g y ah L) y (M (N (O al ae P aa (Q f b) (R o p w) i S x w) l p T (v U) (n n ai a an ad o) ai ae) V af (W (ad u (X x) u ad f ah) Y (h v) k p) am) p ah) (ak af i (m t) g e) j) Z v z n AA an)))
e (A ab (B C D w (o z u u o (o k b p am k al) (z (s i)) (b g n an ad (z ah s z)) m o (ai r t) f h aj (d d a z ah m ab) d l (an ad (aa v d h) ac) t am (s ab ad) aj v (v r af G H I j l (J (K h g y ah L) y (M (N (O al ae P aa (Q f b) (R o p w) i S x w) l p T (v U) (n n ai a an ad o) ai ae) V af (W (ad u (X x) u ad f ah) Y (h v) k p) am) p ah) (ak af i (m t) g e) j) Z v z n AA an)))
e (A ab (B C D w (an (o k b p am k al (s i)) (b g n an ad (o k b p am k al ah s (o k b p am k al))) (z (s i)) (b g n an ad (z ah s z)) m o (ai r t) f h aj (d d a z ah m ab) d l (an ad (aa v d h) ac) t am (s ab ad) aj v (v r af G H I j l (J (K h g y ah L) y (M (N (O al ae P aa (Q f b) (R o p w) i S x w) l p T (v U) (n n ai a an ad o) ai ae) V af (W (ad u (X x) u ad f ah) Y (h v) k p) am) p ah) (ak af i (m t) g e) j) Z v z n AA an)))
e (A ab (B C D w (o z u u o (o k b p am k al) (o k b p am k al (s i)) (b g n an ad (o k b p am k al ah s (o k b p am k al))) (z (s i)) (b g n an ad (z ah s z)) m o (ai r t) f h aj (d d a z ah m ab) d l (an ad (aa v d h) ac) t am (s ab ad) aj v (v r af G H I j l (J (K h g y ah L) y (M (N (O al ae P aa (Q f b) (R o p w) i S x w) l p T (v U) (n n ai a an ad o) ai ae) V af (W (ad u (X x) u ad f ah) Y (h v) k p) am) p ah) (ak af i (m t) g e) j) Z v z n AA an)))
e (A ab (B C D w (an (o k b p am k al (s i)) (b g n an ad (o k b p am k al ah s (o k b p am k al))) (o k b p am k al (s i)) (b g n an ad (o k b p am k al ah s (o k b p am k al))) (z (s i)) (b g n an ad (z ah s z)) m o (ai r t) f h aj (d d a z ah m ab) d l (an ad (aa v d h) ac) t am (s ab ad) aj v (v r af G H I j l (J (K h g y ah L) y (M (N (O al ae P aa (Q f b) (R o p w) i S x w) l p T (v U) (n n ai a an ad o) ai ae) V af (W (ad u (X x) u ad f ah) Y (h v) k p) am) p ah) (ak af i (m t) g e) j) Z v z n AA an)))
e (A ab (B C D w (o z u u o (o k b p am k al) (o k b p am k al (s i)) (b g n an ad (o k b p am k al ah s (o k b p am k al))) (o k b p am k al (s i)) (b g n an ad (o k b p am k al ah s (o k b p am k al))) (z (s i)) (b g n an ad (z ah s z)) m o (ai r t) f h aj (d d a z ah m ab) d l (an ad (aa v d h) ac) t am (s ab ad) aj v (v r af G H I j l (J (K h g y ah L) y (M (N (O al ae P aa (Q f b) (R o p w) i S x w) l p T (v U) (n n ai a an ad o) ai ae) V af (W (ad u (X x) u ad f ah) Y (h v) k p) am) p ah) (ak af i (m t) g e) j) Z v z n AA an)))
e (A ab (B C D w (an (o k b p am k al (s i)) (b g n an ad (o k b p am k al ah s (o k b p am k al))) (o k b p am k al (s i)) (b g n an ad (o k b p am k al ah s (o k b p am k al))) (o k b p am k al (s i)) (b g n an ad (o k b p am k al ah s (o k b p am k al))) (z (s i)) (b g n an ad (z ah s z)) m o (ai r t) f h aj (d d a z ah m ab) d l (an ad (aa v d h) ac) t am (s ab ad) aj v (v r af G H I j l (J (K h g y ah L) y (M (N (O al ae P aa (Q f b) (R o p w) i S x w) l p T (v U) (n n ai a an ad o) ai ae) V af (W (ad u (X x) u ad f ah) Y (h v) k p) am) p ah) (ak af i (m t) g e) j) Z v z n AA an)))
e (A ab (B C D w (o z u u o (o k b p am k al) (o k b p am k al (s i)) (b g n an ad (o k b p am k al ah s (o k b p am k al))) (o k b p am k al (s i)) (b g n an ad (o k b p am k al ah s (o k b p am k al))) (o k b p am k al (s i)) (b g n an ad (o k b p am k al ah s (o k b p am k al))) (z (s i)) (b g n an ad (z ah s z)) m o (ai r t) f h aj (d d a z ah m ab) d l (an ad (aa v d h) ac) t am (s ab ad) aj v (v r af G H I j l (J (K h g y ah L) y (M (N (O al ae P aa (Q f b) (R o p w) i S x w) l p T (v U) (n n ai a an ad o) ai ae) V af (W (ad u (X x) u ad f ah) Y (h v) k p) am) p ah) (ak af i (m t) g e) j) Z v z n AA an)))
e (A ab (B C D w (an (o k b p am k al (s i)) (b g n an ad (o k b p am k al ah s (o k b p am k al))) (o k b p am k al (s i)) (b g n an ad (o k b p am k al ah s (o k b p am k al))) (o k b p am k al (s i)) (b g n an ad (o k b p am k al ah s (o k b p am k al))) (o k b p am k al (s i)) (b g n an ad (o k b p am k al ah s (o k b p am k al))) (z (s i)) (b g n an ad (z ah s z)) m o (ai r t) f h aj (d d a z ah m ab) d l (an ad (aa v d h) ac) t am (s ab ad) aj v (v r af G H I j l (J (K h g y ah L) y (M (N (O al ae P aa (Q f b) (R o p w) i S x w) l p T (v U) (n n ai a an ad o) ai ae) V af (W (ad u (X x) u ad f ah) Y (h v) k p) am) p ah) (ak af i (m t) g e) j) Z v z n AA an)))
e (A ab (B C D w (o z u u o (o k b p am k al) (o k b p am k al (s i)) (b g n an ad (o k b p am k al ah s (o k b p am k al))) (o k b p am k al (s i)) (b g n an ad (o k b p am k al ah s (o k b p am k al))) (o k b p am k al (s i)) (b g n an ad (o k b p am k al ah s (o k b p am k al))) (o k b p am k al (s i)) (b g n an ad (o k b p am k al ah s (o k b p am k al))) (z (s i)) (b g n an ad (z ah s z)) m o (ai r t) f h aj (d d a z ah m ab) d l (an ad (aa v d h) ac) t am (s ab ad) aj v (v r af G H I j l (J (K h g y ah L) y (M (N (O al ae P aa (Q f b) (R o p w) i S x w) l p T (v U) (n n ai a an ad o) ai ae) V af (W (ad u (X x) u ad f ah) Y (h v) k p) am) p ah) (ak af i (m t) g e) j) Z v z n AA an)))
e (A ab (B C D w (an (o k b p am k al (s i)) (b g n an ad (o k b p am k al ah s (o k b p am k al))) (o k b p am k al (s i)) (b g n an ad (o k b p am k al ah s (o k b p am k al))) (o k b p am k al (s i)) (b g n an ad (o k b p am k al ah s (o k b p am k al))) (o k b p am k al (s i)) (b g n an ad (o k b p am k al ah s (o k b p am k al))) (o k b p am k al (s i)) (b g n an ad (o k b p am k al ah s (o k b p am k al))) (z (s i)) (b g n an ad (z ah s z)) m o (ai r t) f h aj (d d a z ah m ab) d l (an ad (aa v d h) ac) t am (s ab ad) aj v (v r af G H I j l (J (K h g y ah L) y (M (N (O al ae P aa (Q f b) (R o p w) i S x w) l p T (v U) (n n ai a an ad o) ai ae) V af (W (ad u (X x) u ad f ah) Y (h v) k p) am) p ah) (ak af i (m t) g e) j) Z v z n AA an)))
e (A ab (B C D w (o z u u o (o k b p am k al) (o k b p am k al (s i)) (b g n an ad (o k b p am k al ah s (o k b p am k al))) (o k b p am k al (s i)) (b g n an ad (o k b p am k al ah s (o k b p am k al))) (o k b p am k al (s i)) (b g n an ad (o k b p am k al ah s (o k b p am k al))) (o k b p am k al (s i)) (b g n an ad (o k b p am k al ah s (o k b p am k al))) (o k b p am k al (s i)) (b g n an ad (o k b p am k al ah s (o k b p am k al))) (z (s i)) (b g n an ad (z ah s z)) m o (ai r t) f h aj (d d a z ah m ab) d l (an ad (aa v d h) ac) t am (s ab ad) aj v (v r af G H I j l (J (K h g y ah L) y (M (N (O al ae P aa (Q f b) (R o p w) i S x w) l p T (v U) (n n ai a an ad o) ai ae) V af (W (ad u (X x) u ad f ah) Y (h v) k p) am) p ah) (ak af i (m t) g e) j) Z v z n AA an)))
e (A ab (B C D w (an (o k b p am k al (s i)) (b g n an ad (o k b p am k al ah s (o k b p am k al))) (o k b p am k al (s i)) (b g n an ad (o k b p am k al ah s (o k b p am k al))) (o k b p am k al (s i)) (b g n an ad (o k b p am k al ah s (o k b p am k al))) (o k b p am k al (s i)) (b g n an ad (o k b p am k al ah s (o k b p am k al))) (o k b p am k al (s i)) (b g n an ad (o k b p am k al ah s (o k b p am k al))) (o k b p am k al (s i)) (b g n an ad (o k b p am k al ah s (o k b p am k al))) (z (s i)) (b g n an ad (z ah s z)) m o (ai r t) f h aj (d d a z ah m ab) d l (an ad (aa v d h) ac) t am (s ab ad) aj v (v r af G H I j l (J (K h g y ah L) y (M (N (O al ae P aa (Q f b) (R o p w) i S x w) l p T (v U) (n n ai a an ad o) ai ae) V af (W (ad u (X x) u ad f ah) Y (h v) k p) am) p ah) (ak af i (m t) g e) j) Z v z n AA an)))
e (A ab (B C D w (o z u u o (o k b p am k al) (o k b p am k al (s i)) (b g n an ad (o k b p am k al ah s (o k b p am k al))) (o k b p am k al (s i)) (b g n an ad (o k b p am k al ah s (o k b p am k al))) (o k b p am k al (s i)) (b g n an ad (o k b p am k al ah s (o k b p am k al))) (o k b p am k al (s i)) (b g n an ad (o k b p am k al ah s (o k b p am k al))) (o k b p am k al (s i)) (b g n an ad (o k b p am k al ah s (o k b p am k al))) (o k b p am k al (s i)) (b g n an ad (o k b p am k al ah s (o k b p am k al))) (z (s i)) (b g n an ad (z ah s z)) m o (ai r t) f h aj (d d a z ah m ab) d l (an ad (aa v d h) ac) t am (s ab ad) aj v (v r af G H I j l (J (K h g y ah L) y (M (N (O al ae P aa (Q f b) (R o p w) i S x w) l p T (v U) (n n ai a an ad o) ai ae) V af (W (ad u (X x) u ad f ah) Y (h v) k p) am) p ah) (ak af i (m t) g e) j) Z v z n AA an)))
e (A ab (B C D w (an (o k b p am k al (s i)) (b g n an ad (o k b p am k al ah s (o k b p am k al))) (o k b p am k al (s i)) (b g n an ad (o k b p am k al ah s (o k b p am k al))) (o k b p am k al (s i)) (b g n an ad (o k b p am k al ah s (o k b p am k al))) (o k b p am k al (s i)) (b g n an ad (o k b p am k al ah s (o k b p am k al))) (o k b p am k al (s i)) (b g n an ad (o k b p am k al ah s (o k b p am k al))) (o k b p am k al (s i)) (b g n an ad (o k b p am k al ah s (o k b p am k al))) (o k b p am k al (s i)) (b g n an ad (o k b p am k al ah s (o k b p am k al))) (z (s i)) (b g n an ad (z ah s z)) m o (ai r t) f h aj (d d a z ah m ab) d l (an ad (aa v d h) ac) t am (s ab ad) aj v (v r af G H I j l (J (K h g y ah L) y (M (N (O al ae P aa (Q f b) (R o p w) i S x w) l p T (v U) (n n ai a an ad o) ai ae) V af (W (ad u (X x) u ad f ah) Y (h v) k p) am) p ah) (ak af i (m t) g e) j) Z v z n AA an)))
e (A ab (B C D w (o z u u o (o k b p am k al) (o k b p am k al (s i)) (b g n an ad (o k b p am k al ah s (o k b p am k al))) (o k b p am k al (s i)) (b g n an ad (o k b p am k al ah s (o k b p am k al))) (o k b p am k al (s i)) (b g n an ad (o k b p am k al ah s (o k b p am k al))) (o k b p am k al (s i)) (b g n an ad (o k b p am k al ah s (o k b p am k al))) (o k b p am k al (s i)) (b g n an ad (o k b p am k al ah s (o k b p am k al))) (o k b p am k al (s i)) (b g n an ad (o k b p am k al ah s (o k b p am k al))) (o k b p am k al (s i)) (b g n an ad (o k b p am k al ah s (o k b p am k al))) (z (s i)) (b g n an ad (z ah s z)) m o (ai r t) f h aj (d d a z ah m ab) d l (an ad (aa v d h) ac) t am (s ab ad) aj v (v r af G H I j l (J (K h g y ah L) y (M (N (O al ae P aa (Q f b) (R o p w) i S x w) l p T (v U) (n n ai a an ad o) ai ae) V af (W (ad u (X x) u ad f ah) Y (h v) k p) am) p ah) (ak af i (m t) g e) j) Z v z n AA an)))


