a = c i v p x (u (d m g f))
b = t p (x m r (o (h y d x)))
c ae af ah ag = m h q (k e s) r ab
d af ae ag ah = l
e ae af = v ad af (af a af) n l u x
f ae ah ag af = x (b p)
g = o ad (o ac)
h ae = u
i ag ae af ai ah = z m j v z m ac h ag
j ae = k
k ai af ae ah ag = e
l af ae ag = q af k ab w x s (w ae ae)
m ae = f
n ae af ag = k o j b m e g
o ag ah ae af = r (s i af)
p ae = e ab k ae
q = p ad i
r ae = v w m h ae ac e ae (ab d)
s ag af ae = z d aa
t ai ae af ag ah aj = ah (p (j r j) e ai)
u ae ag af = y p c t e
v ae ah af ag = d n q (af w m) f j
w ae ai ag ah aj af = ad z ai (p (ac f a) aa)
x af ae ag ah = m ad d m i (s ad aa)
y aj ae ag ah ai af = ag
z ae ah ag af aj ai = o u g ai c aj
aa af ae = b p af
ab = l v
ac ah ai ae af ag = d p s ai h (a f n)
ad af ag ae = j q a l
main = ad A B g C (x (D (E F G H s) p I (m (f (n (z c t (h q k) (J c n (K L n n f) M (v z) r n w (aa a) N (p a b (e (O y P)) d) Q x) q R) s (s q (S (r (w T v r e (U (s (s aa) d (V W X Y e f)) Z AA d z p i (r AB b e AC (u f) o AD) m p))) y ab AE AF w) f n w y a))))))
------------------------------------------------------------
ad A B g C (x (D (E F G H s) p I (m (f (n (z c t (h q k) (J c n (K L n n f) M (v z) r n w (aa a) N (p a b (e (O y P)) d) Q x) q R) s (s q (S (r (w T v r e (U (s (s aa) d (V W X Y e f)) Z AA d z p i (r AB b e AC (u f) o AD) m p))) y ab AE AF w) f n w y a))))))
j q a l C (x (D (E F G H s) p I (m (f (n (z c t (h q k) (J c n (K L n n f) M (v z) r n w (aa a) N (p a b (e (O y P)) d) Q x) q R) s (s q (S (r (w T v r e (U (s (s aa) d (V W X Y e f)) Z AA d z p i (r AB b e AC (u f) o AD) m p))) y ab AE AF w) f n w y a))))))
k a l C (x (D (E F G H s) p I (m (f (n (z c t (h q k) (J c n (K L n n f) M (v z) r n w (aa a) N (p a b (e (O y P)) d) Q x) q R) s (s q (S (r (w T v r e (U (s (s aa) d (V W X Y e f)) Z AA d z p i (r AB b e AC (u f) o AD) m p))) y ab AE AF w) f n w y a))))))
k (c i v p x (u (d m g f))) l C (x (D (E F G H s) p I (m (f (n (z c t (h q k) (J c n (K L n n f) M (v z) r n w (aa a) N (p a b (e (O y P)) d) Q x) q R) s (s q (S (r (w T v r e (U (s (s aa) d (V W X Y e f)) Z AA d z p i (r AB b e AC (u f) o AD) m p))) y ab AE AF w) f n w y a))))))
k (m h q (k e s) r ab (u (d m g f))) l C (x (D (E F G H s) p I (m (f (n (z c t (h q k) (J c n (K L n n f) M (v z) r n w (aa a) N (p a b (e (O y P)) d) Q x) q R) s (s q (S (r (w T v r e (U (s (s aa) d (V W X Y e f)) Z AA d z p i (r AB b e AC (u f) o AD) m p))) y ab AE AF w) f n w y a))))))
k (f q (k e s) r ab (u (d m g f))) l C (x (D (E F G H s) p I (m (f (n (z c t (h q k) (J c n (K L n n f) M (v z) r n w (aa a) N (p a b (e (O y P)) d) Q x) q R) s (s q (S (r (w T v r e (U (s (s aa) d (V W X Y e f)) Z AA d z p i (r AB b e AC (u f) o AD) m p))) y ab AE AF w) f n w y a))))))
k (x (b p) (u (d m g f))) l C (x (D (E F G H s) p I (m (f (n (z c t (h q k) (J c n (K L n n f) M (v z) r n w (aa a) N (p a b (e (O y P)) d) Q x) q R) s (s q (S (r (w T v r e (U (s (s aa) d (V W X Y e f)) Z AA d z p i (r AB b e AC (u f) o AD) m p))) y ab AE AF w) f n w y a))))))
k (x (t p (x m r (o (h y d x))) p) (u (d m g f))) l C (x (D (E F G H s) p I (m (f (n (z c t (h q k) (J c n (K L n n f) M (v z) r n w (aa a) N (p a b (e (O y P)) d) Q x) q R) s (s q (S (r (w T v r e (U (s (s aa) d (V W X Y e f)) Z AA d z p i (r AB b e AC (u f) o AD) m p))) y ab AE AF w) f n w y a))))))
k (x (t p (x m r (o (u d x))) p) (u (d m g f))) l C (x (D (E F G H s) p I (m (f (n (z c t (h q k) (J c n (K L n n f) M (v z) r n w (aa a) N (p a b (e (O y P)) d) Q x) q R) s (s q (S (r (w T v r e (U (s (s aa) d (V W X Y e f)) Z AA d z p i (r AB b e AC (u f) o AD) m p))) y ab AE AF w) f n w y a))))))
k (x (t p (x m r (o (u d x))) p) (u (d m (o ad (o ac)) f))) l C (x (D (E F G H s) p I (m (f (n (z c t (h q k) (J c n (K L n n f) M (v z) r n w (aa a) N (p a b (e (O y P)) d) Q x) q R) s (s q (S (r (w T v r e (U (s (s aa) d (V W X Y e f)) Z AA d z p i (r AB b e AC (u f) o AD) m p))) y ab AE AF w) f n w y a))))))
k (x (t p (x m r (o (u d x))) p) (u (d m (o ad (o ac)) f))) l C (x (D (E F G H s) p I f))


