ab ar aq ao ap u k ao b y ar c (u ac (ai y ar))
p ap ao aq aa ab
al ao ar aq ap u j e h ae (ap o ao) n b x x ap
ak ar at ap aq ao al b q m
k ap aq ao w ac x ak (w u (ae al m am))
af ap ao aq ai ag ap aq o ap
z aq ao ap al
q aq ao au ap ar at h y ae al (af (b ao s at))
an ar at ap ao aq v aa aj ab (x c a)
l ao ap aa (ah s ac) ab m (ap v)
i ap ao ad z m r ao
x ao aq ar ap at aa (w ap a) (g v (v aj ar ad o))
h ao k k ae
ah ap ao aq l af n j p l d af aa am
a g n d (o x aa) al ak
n ar ao ap aq ac h w ad al z aq ar ap ac
v ao l (x q al n s ah) ac (ae am am) b s
s au at av aq ar ap ao q ah aj y k v a ab q
aj ap aq ao at ar ap h aa ad z ak h l am
t aq ao at ar ap au b r p q z (am (q at) (ao e ap o) al)
u ao at aq ap ar al ac am aa z b d m (am aj m ar)
ae ap aq ao at ar aa (q r af al f ao e ai) ab r f
g aq ap ao ar at av au u ai a y q al (aq (u m r))
main A B x ad C j b (D h aa (E ai b F (G n z d) am f h a v (H I k (s ak (p J (K ab t y L (aj aj h x (M aj s s) n (N aj p i am) r i ac O u (P am p aj)) (g t u (af ac c h ak (Q aj) ae (v f) j f ak) am ak R) o) d al) al d l) a S u p (aj h ac aj) f T) (U V ac ah) c aa s))
m v o am q l an am ae (w e aa) e
e ae (g k (ai al) s) i
b ao af i ao ad t
aa ar ap ao aq ab (m (y (am (an j) c e p ad w m af)))
ag al h an e an (p ac aa)
d ap ao ap am
f i ah ai (q ac ae v)
ai ap aq ao ar al o p d e al al k f c (u b aj)
ac aq av ap ar at ao au j
c ap ao t ag (al af i v u (y b)) af an
o au ap aq ao at av ar u r s al (i l n) ah
am ao ai ah an i l
w l v c c ab p l (o x k ai e) c
ad at au ar av ao aq ap s (af am ah h c k w)
r ar ap ao aq t q a af aq ap an aq a aa ag
y ar at ao ap aq i l
j aq ap ao f h
------------------------------------------------------------
A B x ad C j b (D h aa (E ai b F (G n z d) am f h a v (H I k (s ak (p J (K ab t y L (aj aj h x (M aj s s) n (N aj p i am) r i ac O u (P am p aj)) (g t u (af ac c h ak (Q aj) ae (v f) j f ak) am ak R) o) d al) al d l) a S u p (aj h ac aj) f T) (U V ac ah) c aa s))
A B x ad C j b (D h aa (E ai b F (G n z d) am f h a v (H I k (s ak (aa ab al) al d l) a S u p (aj h ac aj) f T) (U V ac ah) c aa s))


