s ar ao ap aq at = ap (af ac ao (ac ab (an h p x h ah)))
u ao ap aq at ar = ab (r w c (f y z) c (af o ac))
n = ae d ak t k an
j ap ao = a z w b k l ai ae ao aj
c aq ao ap = ac w t af l y d ag w (ag t e n)
p ap ar aq ao = ac aq j y o ag w ad ak (ae z t)
g ap aq ao = c s b (aa aj) f t (f d ac ao k)
al au aq ao ar av ap at = am (ag (n am) u q ad)
i ao av ar aq ap au at = ak af v f (x a) (f m ag)
y aq ap ao = f f e j aa af (q h ad)
ae ao ar at au ap aq = au an m (x an f w)
ab = h (q ad r ae l)
ai aq ar ap ao = ae q j aq aq d o (i (u i o) ag)
t ap ao = w am h (z (i ap al) am m ab)
main = A B ai (ad (ad c j (q b (z i) C ac m)) (h o r am k (D E o (F G aa af (H I (J K L M (aa v v) u o aj (N O P af (Q (c ag) (R d af u a ak aj ac w a u y S z k T) (U V f f q r am ai W (ad r)) b))) a) (t e (aj r q i (X m k j) y) (y x a h Y am Z h ac b x AA ak AB AC))))))
am ap ao = ap o ai (al v r)
ac = y s q y q v ah n (o (w am s u))
h ar at ap aq ao av au = t ab f u ah
l = i s aj p r i j ae aa t p ag t
m ao = al l f a g ao j (ag am) y w
k ap ar ao au av at aq = a b ah n (t ab af y)
af ao = aa t (am c s am ai)
an at aq ar ap au ao = k u ah ar v (l aa w al ad n ai)
z = f c (h s (ad s (u o r af c)))
aa at ar aq au ap ao = u r r p y b (aj (d v b ao) aj)
ag ap ao = w c l x (m (ad ao b ai i))
ad ap ar ao aq = aa (c ar s h (y (j w p ao f ar) p))
f ao ar ap aq at = at o aj an aj af
r ao = z (an ab) aa (ab v ae o) t ao
ah ao ar at au aq ap = n (s x)
e aq at ap ao ar = u
d ar aq ap at ao = e ac n u l ab a ar
a ar ao au at aq ap = ap (h g (am ar af) an) (x ab af r ac ah)
v ar aq ap ao at = ap ag s aq d ad al
b ap ao = al am k (c d ac (f f) ag)
x ao = k y al ag ah d q q u
w au ar ao ap at aq = al ai x (t af) z (h f g) af ar af
ak ao ap = w m q i e g al f
aj = j ac y (p y)
o ap aq ao ar = p (x i ah t e) ac t
q ap ar ao aq = j af aq ak n ae (am b af d)
------------------------------------------------------------
A B ai (ad (ad c j (q b (z i) C ac m)) (h o r am k (D E o (F G aa af (H I (J K L M (aa v v) u o aj (N O P af (Q (c ag) (R d af u a ak aj ac w a u y S z k T) (U V f f q r am ai W (ad r)) b))) a) (t e (aj r q i (X m k j) y) (y x a h Y am Z h ac b x AA ak AB AC))))))
A B ai (ad (ad c j (j af ac ak n ae (am b af d) m)) (h o r am k (D E o (F G aa af (H I (J K L M (aa v v) u o aj (N O P af (Q (c ag) (R d af u a ak aj ac w a u y S z k T) (U V f f q r am ai W (ad r)) b))) a) (t e (aj r q i (X m k j) y) (y x a h Y am Z h ac b x AA ak AB AC))))))
A B ai (ad (ad c j (a z w b k l ai ae ac aj ak n ae (am b af d) m)) (h o r am k (D E o (F G aa af (H I (J K L M (aa v v) u o aj (N O P af (Q (c ag) (R d af u a ak aj ac w a u y S z k T) (U V f f q r am ai W (ad r)) b))) a) (t e (aj r q i (X m k j) y) (y x a h Y am Z h ac b x AA ak AB AC))))))
A B ai (ad (ad c j (ai (h g (am z af) an) (x ab af r ac ah) ae ac aj ak n ae (am b af d) m)) (h o r am k (D E o (F G aa af (H I (J K L M (aa v v) u o aj (N O P af (Q (c ag) (R d af u a ak aj ac w a u y S z k T) (U V f f q r am ai W (ad r)) b))) a) (t e (aj r q i (X m k j) y) (y x a h Y am Z h ac b x AA ak AB AC))))))
A B ai (ad (ad c j (ae q j (h g (am z af) an) (h g (am z af) an) d o (i (u i o) ag) aj ak n ae (am b af d) m)) (h o r am k (D E o (F G aa af (H I (J K L M (aa v v) u o aj (N O P af (Q (c ag) (R d af u a ak aj ac w a u y S z k T) (U V f f q r am ai W (ad r)) b))) a) (t e (aj r q i (X m k j) y) (y x a h Y am Z h ac b x AA ak AB AC))))))
A B ai (ad (ad c j (h g (am z af) an an m (x an f w) (i (u i o) ag) aj ak n ae (am b af d) m)) (h o r am k (D E o (F G aa af (H I (J K L M (aa v v) u o aj (N O P af (Q (c ag) (R d af u a ak aj ac w a u y S z k T) (U V f f q r am ai W (ad r)) b))) a) (t e (aj r q i (X m k j) y) (y x a h Y am Z h ac b x AA ak AB AC))))))
A B ai (ad (ad c j (t ab f u ah aj ak n ae (am b af d) m)) (h o r am k (D E o (F G aa af (H I (J K L M (aa v v) u o aj (N O P af (Q (c ag) (R d af u a ak aj ac w a u y S z k T) (U V f f q r am ai W (ad r)) b))) a) (t e (aj r q i (X m k j) y) (y x a h Y am Z h ac b x AA ak AB AC))))))
A B ai (ad (ad c j (w am h (z (i ab al) am m ab) u ah aj ak n ae (am b af d) m)) (h o r am k (D E o (F G aa af (H I (J K L M (aa v v) u o aj (N O P af (Q (c ag) (R d af u a ak aj ac w a u y S z k T) (U V f f q r am ai W (ad r)) b))) a) (t e (aj r q i (X m k j) y) (y x a h Y am Z h ac b x AA ak AB AC))))))
A B ai (ad (ad c j (al ai x (t af) z (h f g) af h af ak n ae (am b af d) m)) (h o r am k (D E o (F G aa af (H I (J K L M (aa v v) u o aj (N O P af (Q (c ag) (R d af u a ak aj ac w a u y S z k T) (U V f f q r am ai W (ad r)) b))) a) (t e (aj r q i (X m k j) y) (y x a h Y am Z h ac b x AA ak AB AC))))))
A B ai (ad (ad c j (am (ag (n am) u q ad) af ak n ae (am b af d) m)) (h o r am k (D E o (F G aa af (H I (J K L M (aa v v) u o aj (N O P af (Q (c ag) (R d af u a ak aj ac w a u y S z k T) (U V f f q r am ai W (ad r)) b))) a) (t e (aj r q i (X m k j) y) (y x a h Y am Z h ac b x AA ak AB AC))))))
A B ai (ad (ad c j (ag (n am) u q ad o ai (al v r) ak n ae (am b af d) m)) (h o r am k (D E o (F G aa af (H I (J K L M (aa v v) u o aj (N O P af (Q (c ag) (R d af u a ak aj ac w a u y S z k T) (U V f f q r am ai W (ad r)) b))) a) (t e (aj r q i (X m k j) y) (y x a h Y am Z h ac b x AA ak AB AC))))))
A B ai (ad (ad c j (w c l x (m (ad u b ai i)) q ad o ai (al v r) ak n ae (am b af d) m)) (h o r am k (D E o (F G aa af (H I (J K L M (aa v v) u o aj (N O P af (Q (c ag) (R d af u a ak aj ac w a u y S z k T) (U V f f q r am ai W (ad r)) b))) a) (t e (aj r q i (X m k j) y) (y x a h Y am Z h ac b x AA ak AB AC))))))
A B ai (ad (ad c j (al ai x (t af) z (h f g) af l af o ai (al v r) ak n ae (am b af d) m)) (h o r am k (D E o (F G aa af (H I (J K L M (aa v v) u o aj (N O P af (Q (c ag) (R d af u a ak aj ac w a u y S z k T) (U V f f q r am ai W (ad r)) b))) a) (t e (aj r q i (X m k j) y) (y x a h Y am Z h ac b x AA ak AB AC))))))
A B ai (ad (ad c j (am (ag (n am) u q ad) af o ai (al v r) ak n ae (am b af d) m)) (h o r am k (D E o (F G aa af (H I (J K L M (aa v v) u o aj (N O P af (Q (c ag) (R d af u a ak aj ac w a u y S z k T) (U V f f q r am ai W (ad r)) b))) a) (t e (aj r q i (X m k j) y) (y x a h Y am Z h ac b x AA ak AB AC))))))
A B ai (ad (ad c j (ag (n am) u q ad o ai (al v r) o ai (al v r) ak n ae (am b af d) m)) (h o r am k (D E o (F G aa af (H I (J K L M (aa v v) u o aj (N O P af (Q (c ag) (R d af u a ak aj ac w a u y S z k T) (U V f f q r am ai W (ad r)) b))) a) (t e (aj r q i (X m k j) y) (y x a h Y am Z h ac b x AA ak AB AC))))))
A B ai (ad (ad c j (w c l x (m (ad u b ai i)) q ad o ai (al v r) o ai (al v r) ak n ae (am b af d) m)) (h o r am k (D E o (F G aa af (H I (J K L M (aa v v) u o aj (N O P af (Q (c ag) (R d af u a ak aj ac w a u y S z k T) (U V f f q r am ai W (ad r)) b))) a) (t e (aj r q i (X m k j) y) (y x a h Y am Z h ac b x AA ak AB AC))))))
A B ai (ad (ad c j (al ai x (t af) z (h f g) af l af o ai (al v r) o ai (al v r) ak n ae (am b af d) m)) (h o r am k (D E o (F G aa af (H I (J K L M (aa v v) u o aj (N O P af (Q (c ag) (R d af u a ak aj ac w a u y S z k T) (U V f f q r am ai W (ad r)) b))) a) (t e (aj r q i (X m k j) y) (y x a h Y am Z h ac b x AA ak AB AC))))))
A B ai (ad (ad c j (am (ag (n am) u q ad) af o ai (al v r) o ai (al v r) ak n ae (am b af d) m)) (h o r am k (D E o (F G aa af (H I (J K L M (aa v v) u o aj (N O P af (Q (c ag) (R d af u a ak aj ac w a u y S z k T) (U V f f q r am ai W (ad r)) b))) a) (t e (aj r q i (X m k j) y) (y x a h Y am Z h ac b x AA ak AB AC))))))
A B ai (ad (ad c j (ag (n am) u q ad o ai (al v r) o ai (al v r) o ai (al v r) ak n ae (am b af d) m)) (h o r am k (D E o (F G aa af (H I (J K L M (aa v v) u o aj (N O P af (Q (c ag) (R d af u a ak aj ac w a u y S z k T) (U V f f q r am ai W (ad r)) b))) a) (t e (aj r q i (X m k j) y) (y x a h Y am Z h ac b x AA ak AB AC))))))
A B ai (ad (ad c j (w c l x (m (ad u b ai i)) q ad o ai (al v r) o ai (al v r) o ai (al v r) ak n ae (am b af d) m)) (h o r am k (D E o (F G aa af (H I (J K L M (aa v v) u o aj (N O P af (Q (c ag) (R d af u a ak aj ac w a u y S z k T) (U V f f q r am ai W (ad r)) b))) a) (t e (aj r q i (X m k j) y) (y x a h Y am Z h ac b x AA ak AB AC))))))
A B ai (ad (ad c j (al ai x (t af) z (h f g) af l af o ai (al v r) o ai (al v r) o ai (al v r) ak n ae (am b af d) m)) (h o r am k (D E o (F G aa af (H I (J K L M (aa v v) u o aj (N O P af (Q (c ag) (R d af u a ak aj ac w a u y S z k T) (U V f f q r am ai W (ad r)) b))) a) (t e (aj r q i (X m k j) y) (y x a h Y am Z h ac b x AA ak AB AC))))))
A B ai (ad (ad c j (am (ag (n am) u q ad) af o ai (al v r) o ai (al v r) o ai (al v r) ak n ae (am b af d) m)) (h o r am k (D E o (F G aa af (H I (J K L M (aa v v) u o aj (N O P af (Q (c ag) (R d af u a ak aj ac w a u y S z k T) (U V f f q r am ai W (ad r)) b))) a) (t e (aj r q i (X m k j) y) (y x a h Y am Z h ac b x AA ak AB AC))))))
A B ai (ad (ad c j (ag (n am) u q ad o ai (al v r) o ai (al v r) o ai (al v r) o ai (al v r) ak n ae (am b af d) m)) (h o r am k (D E o (F G aa af (H I (J K L M (aa v v) u o aj (N O P af (Q (c ag) (R d af u a ak aj ac w a u y S z k T) (U V f f q r am ai W (ad r)) b))) a) (t e (aj r q i (X m k j) y) (y x a h Y am Z h ac b x AA ak AB AC))))))
A B ai (ad (ad c j (w c l x (m (ad u b ai i)) q ad o ai (al v r) o ai (al v r) o ai (al v r) o ai (al v r) ak n ae (am b af d) m)) (h o r am k (D E o (F G aa af (H I (J K L M (aa v v) u o aj (N O P af (Q (c ag) (R d af u a ak aj ac w a u y S z k T) (U V f f q r am ai W (ad r)) b))) a) (t e (aj r q i (X m k j) y) (y x a h Y am Z h ac b x AA ak AB AC))))))
A B ai (ad (ad c j (al ai x (t af) z (h f g) af l af o ai (al v r) o ai (al v r) o ai (al v r) o ai (al v r) ak n ae (am b af d) m)) (h o r am k (D E o (F G aa af (H I (J K L M (aa v v) u o aj (N O P af (Q (c ag) (R d af u a ak aj ac w a u y S z k T) (U V f f q r am ai W (ad r)) b))) a) (t e (aj r q i (X m k j) y) (y x a h Y am Z h ac b x AA ak AB AC))))))
A B ai (ad (ad c j (am (ag (n am) u q ad) af o ai (al v r) o ai (al v r) o ai (al v r) o ai (al v r) ak n ae (am b af d) m)) (h o r am k (D E o (F G aa af (H I (J K L M (aa v v) u o aj (N O P af (Q (c ag) (R d af u a ak aj ac w a u y S z k T) (U V f f q r am ai W (ad r)) b))) a) (t e (aj r q i (X m k j) y) (y x a h Y am Z h ac b x AA ak AB AC))))))
A B ai (ad (ad c j (ag (n am) u q ad o ai (al v r) o ai (al v r) o ai (al v r) o ai (al v r) o ai (al v r) ak n ae (am b af d) m)) (h o r am k (D E o (F G aa af (H I (J K L M (aa v v) u o aj (N O P af (Q (c ag) (R d af u a ak aj ac w a u y S z k T) (U V f f q r am ai W (ad r)) b))) a) (t e (aj r q i (X m k j) y) (y x a h Y am Z h ac b x AA ak AB AC))))))
A B ai (ad (ad c j (w c l x (m (ad u b ai i)) q ad o ai (al v r) o ai (al v r) o ai (al v r) o ai (al v r) o ai (al v r) ak n ae (am b af d) m)) (h o r am k (D E o (F G aa af (H I (J K L M (aa v v) u o aj (N O P af (Q (c ag) (R d af u a ak aj ac w a u y S z k T) (U V f f q r am ai W (ad r)) b))) a) (t e (aj r q i (X m k j) y) (y x a h Y am Z h ac b x AA ak AB AC))))))
A B ai (ad (ad c j (al ai x (t af) z (h f g) af l af o ai (al v r) o ai (al v r) o ai (al v r) o ai (al v r) o ai (al v r) ak n ae (am b af d) m)) (h o r am k (D E o (F G aa af (H I (J K L M (aa v v) u o aj (N O P af (Q (c ag) (R d af u a ak aj ac w a u y S z k T) (U V f f q r am ai W (ad r)) b))) a) (t e (aj r q i (X m k j) y) (y x a h Y am Z h ac b x AA ak AB AC))))))
A B ai (ad (ad c j (am (ag (n am) u q ad) af o ai (al v r) o ai (al v r) o ai (al v r) o ai (al v r) o ai (al v r) ak n ae (am b af d) m)) (h o r am k (D E o (F G aa af (H I (J K L M (aa v v) u o aj (N O P af (Q (c ag) (R d af u a ak aj ac w a u y S z k T) (U V f f q r am ai W (ad r)) b))) a) (t e (aj r q i (X m k j) y) (y x a h Y am Z h ac b x AA ak AB AC))))))


