a ae = v l h
b ag af ae = d
c ag af ah ae = e u ag
d ag ae af ah = y v r y p q r ag
e ah ae ai af aj ag = l ae y
f ae af = d ad y af ae (z m af)
g ae = t h l ab l c ab
h af ag ae = o ag k t e
i ag af ai ae ah = b f j b s ae
j ae af = c
k ae af = g (p ac h p af ad)
l ai ah ag ae af = ah d s
m af ae = ae l n
n = u a z u o o k b
o ag ae af ah = w (l u s) m
p = ac (w (t h x)) v
q ae af ai aj ag ah = aj
r ae af = a
s ag ae aj ai ah af = y l x d n r (r a ai)
t af ae = ae w w x
u ae = h z f v ae f ae t (b m)
v af ag ae = af ad p g
w ae af ag = ae af
x ae ag af = h o b e
y ae af = o
z ae = x k (c ae a) i (u w)
aa ag ah af ae = w d q ab o ad i z
ab af ag ae = e
ac ae af = af af t ae af
ad ai ag ae aj ah af = g z k x (s g d)
main = d aa A b B o e b r C g D w i E F y d G H c z h I J s g K o e (L M (N a u) ac) (w u) z ab (j (g w k (O ab g ab ab (P Q h) r) (R k q (f b (t g q h l aa S o (T k (e (g t (U m t h (x t (V d) n W c (X o x)) s a Y q d Z x w o) e) ac f p y ad)))))))
------------------------------------------------------------
d aa A b B o e b r C g D w i E F y d G H c z h I J s g K o e (L M (N a u) ac) (w u) z ab (j (g w k (O ab g ab ab (P Q h) r) (R k q (f b (t g q h l aa S o (T k (e (g t (U m t h (x t (V d) n W c (X o x)) s a Y q d Z x w o) e) ac f p y ad)))))))
y v r y p q r aa o e b r C g D w i E F y d G H c z h I J s g K o e (L M (N a u) ac) (w u) z ab (j (g w k (O ab g ab ab (P Q h) r) (R k q (f b (t g q h l aa S o (T k (e (g t (U m t h (x t (V d) n W c (X o x)) s a Y q d Z x w o) e) ac f p y ad)))))))
o y p q r aa o e b r C g D w i E F y d G H c z h I J s g K o e (L M (N a u) ac) (w u) z ab (j (g w k (O ab g ab ab (P Q h) r) (R k q (f b (t g q h l aa S o (T k (e (g t (U m t h (x t (V d) n W c (X o x)) s a Y q d Z x w o) e) ac f p y ad)))))))
w (l u s) m aa o e b r C g D w i E F y d G H c z h I J s g K o e (L M (N a u) ac) (w u) z ab (j (g w k (O ab g ab ab (P Q h) r) (R k q (f b (t g q h l aa S o (T k (e (g t (U m t h (x t (V d) n W c (X o x)) s a Y q d Z x w o) e) ac f p y ad)))))))
l u s m o e b r C g D w i E F y d G H c z h I J s g K o e (L M (N a u) ac) (w u) z ab (j (g w k (O ab g ab ab (P Q h) r) (R k q (f b (t g q h l aa S o (T k (e (g t (U m t h (x t (V d) n W c (X o x)) s a Y q d Z x w o) e) ac f p y ad)))))))
s d s b r C g D w i E F y d G H c z h I J s g K o e (L M (N a u) ac) (w u) z ab (j (g w k (O ab g ab ab (P Q h) r) (R k q (f b (t g q h l aa S o (T k (e (g t (U m t h (x t (V d) n W c (X o x)) s a Y q d Z x w o) e) ac f p y ad)))))))
y l x d n r (r a r) D w i E F y d G H c z h I J s g K o e (L M (N a u) ac) (w u) z ab (j (g w k (O ab g ab ab (P Q h) r) (R k q (f b (t g q h l aa S o (T k (e (g t (U m t h (x t (V d) n W c (X o x)) s a Y q d Z x w o) e) ac f p y ad)))))))
o d n r (r a r) D w i E F y d G H c z h I J s g K o e (L M (N a u) ac) (w u) z ab (j (g w k (O ab g ab ab (P Q h) r) (R k q (f b (t g q h l aa S o (T k (e (g t (U m t h (x t (V d) n W c (X o x)) s a Y q d Z x w o) e) ac f p y ad)))))))
w (l u s) m D w i E F y d G H c z h I J s g K o e (L M (N a u) ac) (w u) z ab (j (g w k (O ab g ab ab (P Q h) r) (R k q (f b (t g q h l aa S o (T k (e (g t (U m t h (x t (V d) n W c (X o x)) s a Y q d Z x w o) e) ac f p y ad)))))))
l u s m w i E F y d G H c z h I J s g K o e (L M (N a u) ac) (w u) z ab (j (g w k (O ab g ab ab (P Q h) r) (R k q (f b (t g q h l aa S o (T k (e (g t (U m t h (x t (V d) n W c (X o x)) s a Y q d Z x w o) e) ac f p y ad)))))))
s d s E F y d G H c z h I J s g K o e (L M (N a u) ac) (w u) z ab (j (g w k (O ab g ab ab (P Q h) r) (R k q (f b (t g q h l aa S o (T k (e (g t (U m t h (x t (V d) n W c (X o x)) s a Y q d Z x w o) e) ac f p y ad)))))))
y l x d n r (r a F) G H c z h I J s g K o e (L M (N a u) ac) (w u) z ab (j (g w k (O ab g ab ab (P Q h) r) (R k q (f b (t g q h l aa S o (T k (e (g t (U m t h (x t (V d) n W c (X o x)) s a Y q d Z x w o) e) ac f p y ad)))))))
o d n r (r a F) G H c z h I J s g K o e (L M (N a u) ac) (w u) z ab (j (g w k (O ab g ab ab (P Q h) r) (R k q (f b (t g q h l aa S o (T k (e (g t (U m t h (x t (V d) n W c (X o x)) s a Y q d Z x w o) e) ac f p y ad)))))))
w (l u s) m G H c z h I J s g K o e (L M (N a u) ac) (w u) z ab (j (g w k (O ab g ab ab (P Q h) r) (R k q (f b (t g q h l aa S o (T k (e (g t (U m t h (x t (V d) n W c (X o x)) s a Y q d Z x w o) e) ac f p y ad)))))))
l u s m H c z h I J s g K o e (L M (N a u) ac) (w u) z ab (j (g w k (O ab g ab ab (P Q h) r) (R k q (f b (t g q h l aa S o (T k (e (g t (U m t h (x t (V d) n W c (X o x)) s a Y q d Z x w o) e) ac f p y ad)))))))
s d s z h I J s g K o e (L M (N a u) ac) (w u) z ab (j (g w k (O ab g ab ab (P Q h) r) (R k q (f b (t g q h l aa S o (T k (e (g t (U m t h (x t (V d) n W c (X o x)) s a Y q d Z x w o) e) ac f p y ad)))))))
y l x d n r (r a h) s g K o e (L M (N a u) ac) (w u) z ab (j (g w k (O ab g ab ab (P Q h) r) (R k q (f b (t g q h l aa S o (T k (e (g t (U m t h (x t (V d) n W c (X o x)) s a Y q d Z x w o) e) ac f p y ad)))))))
o d n r (r a h) s g K o e (L M (N a u) ac) (w u) z ab (j (g w k (O ab g ab ab (P Q h) r) (R k q (f b (t g q h l aa S o (T k (e (g t (U m t h (x t (V d) n W c (X o x)) s a Y q d Z x w o) e) ac f p y ad)))))))
w (l u s) m s g K o e (L M (N a u) ac) (w u) z ab (j (g w k (O ab g ab ab (P Q h) r) (R k q (f b (t g q h l aa S o (T k (e (g t (U m t h (x t (V d) n W c (X o x)) s a Y q d Z x w o) e) ac f p y ad)))))))
l u s m g K o e (L M (N a u) ac) (w u) z ab (j (g w k (O ab g ab ab (P Q h) r) (R k q (f b (t g q h l aa S o (T k (e (g t (U m t h (x t (V d) n W c (X o x)) s a Y q d Z x w o) e) ac f p y ad)))))))
s d s o e (L M (N a u) ac) (w u) z ab (j (g w k (O ab g ab ab (P Q h) r) (R k q (f b (t g q h l aa S o (T k (e (g t (U m t h (x t (V d) n W c (X o x)) s a Y q d Z x w o) e) ac f p y ad)))))))
y l x d n r (r a e) z ab (j (g w k (O ab g ab ab (P Q h) r) (R k q (f b (t g q h l aa S o (T k (e (g t (U m t h (x t (V d) n W c (X o x)) s a Y q d Z x w o) e) ac f p y ad)))))))
o d n r (r a e) z ab (j (g w k (O ab g ab ab (P Q h) r) (R k q (f b (t g q h l aa S o (T k (e (g t (U m t h (x t (V d) n W c (X o x)) s a Y q d Z x w o) e) ac f p y ad)))))))
w (l u s) m z ab (j (g w k (O ab g ab ab (P Q h) r) (R k q (f b (t g q h l aa S o (T k (e (g t (U m t h (x t (V d) n W c (X o x)) s a Y q d Z x w o) e) ac f p y ad)))))))
l u s m ab (j (g w k (O ab g ab ab (P Q h) r) (R k q (f b (t g q h l aa S o (T k (e (g t (U m t h (x t (V d) n W c (X o x)) s a Y q d Z x w o) e) ac f p y ad)))))))
s d s


