f ao d n (v (ah v) e u ak y ac)
ac aq ap ao u ap z n aq ap
ak ar aq ap ao ai al ai h
ah aq at ar ao ap n b ar (m (aj x ac (b am at) k))
aa ar ap aq ao ar m aj n y
x ap aq ao ar e (j al t ak) (w u an) j ae ae
main ak b (m (r an l) am ak (ag af) A an (B (C (D ag u c m b E f (p v y l (n aa ab k) i a i af) (n (F G ac) m (z g H b (I J K w) aa) z (y n v o) l ad (u al z) (L M N v h g) ae O) (P Q d w) ah i (R ac) ai (k b (S g c h i (aa aa x f r)) y g h am af n)) T U V W ab X Y)))
ai ap aq ar ao b c t g aq o aa ak am u x (b w)
af ar aq ap ao ac ar aq v b ao a ao
am ar at au ao ap aq e f r aa (ac aj (an i) af o) ah
v n (af y) t an
a ao ap ac (am (ah (x d) al ab g)) e an y w
u ao k ac f e ae an a t al
j ao ap ap (ae b af) ap ak y a ad
d ao ap ar aq ac ae al (x (ab ag ao u q))
al aq ao ap ar i ar
o ar ap ao aq al i ab ai y g d am q an (a u c)
ad ao b a al ae ao x b (q h ao)
r au ao aq ap at ar p aj b ab x al
g ar aq ao ap ah ad ag z o r ak m n a
c ar at ao au ap aq z (f af (i (k ag m z ak m j)))
w aq ao ap m (af aj b s) ab o h b ae aj ah x
p ap at ao ar aq d ao f a ad al u c ai d f
y ao u a s j w (ao ao)
s ao ap ad t c ai af ac r
z ao ac y t k f ak o (af ac) ao u
ae ao z am (am (ah ag b ak f al e))
e ao ao (am aj af) (f ak) x aa ao an (ac h)
an ao ar ap at aq au am ab aa c (t ak at ac r (v ag ao))
q aq ao ar ap k
k ap ao o am g o (ac an h ao ak (ap an a ai))
n ao ap ah (v t (aa aj ak aj) r) (ao ak) ao
b ap at ar ao aq g aj ak m f (aa (ao n p n d af u))
l ap aq ao ar u b ak m v x aa s a q u
ag ao ap aq q aa ae d a (al ab)
t an d i j a v r aa ab aj an q
aj aq ar av ap at ao au g ap af b v q h
h ao ap ar aq au av at an p ae k y a ad i (m o y) b
ab ao s (ai ag) ad t j y ao n
m au ap ar aq at av ao f l
i ao aq ap am (x (p ai ap al l aq t ak)) g b
------------------------------------------------------------
ak b (m (r an l) am ak (ag af) A an (B (C (D ag u c m b E f (p v y l (n aa ab k) i a i af) (n (F G ac) m (z g H b (I J K w) aa) z (y n v o) l ad (u al z) (L M N v h g) ae O) (P Q d w) ah i (R ac) ai (k b (S g c h i (aa aa x f r)) y g h am af n)) T U V W ab X Y)))
ak b (f l)
ak b (d n (v (ah v) e u ak y ac))
ak b (d n (n (af y) t an (ah v) e u ak y ac))
ak b (d n (ah (v t (aa aj ak aj) r) (af y ak) (af y) an (ah v) e u ak y ac))
ak b (d n (n b (af y) (m (aj x ac (b am (af y ak)) k)) e u ak y ac))
ak b (d n (ah (v t (aa aj ak aj) r) (b ak) b (m (aj x ac (b am (af y ak)) k)) e u ak y ac))
ak b (d n (n b b (m (aj x ac (b am (b ak)) k)) u ak y ac))
ak b (d n (ah (v t (aa aj ak aj) r) (b ak) b (m (aj x ac (b am (b ak)) k)) u ak y ac))
ak b (d n (n b b (m (aj x ac (b am (b ak)) k)) ak y ac))
ak b (d n (ah (v t (aa aj ak aj) r) (b ak) b (m (aj x ac (b am (b ak)) k)) ak y ac))
ak b (d n (n b b (m (aj x ac (b am (b ak)) k)) y ac))
ak b (d n (ah (v t (aa aj ak aj) r) (b ak) b (m (aj x ac (b am (b ak)) k)) y ac))
ak b (d n (n b b (m (aj x ac (b am (b ak)) k)) ac))
ak b (d n (ah (v t (aa aj ak aj) r) (b ak) b (m (aj x ac (b am (b ak)) k)) ac))
ak b (d n (n b b (m (aj x ac (b am (b ak)) k))))
ak b (d n (ah (v t (aa aj ak aj) r) (b ak) b (m (aj x ac (b am (b ak)) k))))
ak b (d n (ah (n (af y) t an t (aa aj ak aj) r) (b ak) b (m (aj x ac (b am (b ak)) k))))
ak b (d n (ah (ah (v t (aa aj ak aj) r) (af y ak) (af y) an t (aa aj ak aj) r) (b ak) b (m (aj x ac (b am (b ak)) k))))
ak b (d n (ah (n b (af y) (m (aj x ac (b am (af y ak)) k)) (aa aj ak aj) r) (b ak) b (m (aj x ac (b am (b ak)) k))))
ak b (d n (ah (ah (v t (aa aj ak aj) r) (b ak) b (m (aj x ac (b am (af y ak)) k)) (aa aj ak aj) r) (b ak) b (m (aj x ac (b am (b ak)) k))))
ak b (d n (ah (n b b (m (aj x ac (b am (b ak)) k)) r) (b ak) b (m (aj x ac (b am (b ak)) k))))
ak b (d n (ah (ah (v t (aa aj ak aj) r) (b ak) b (m (aj x ac (b am (b ak)) k)) r) (b ak) b (m (aj x ac (b am (b ak)) k))))
ak b (d n (ah (n b b (m (aj x ac (b am (b ak)) k))) (b ak) b (m (aj x ac (b am (b ak)) k))))
ak b (d n (ah (ah (v t (aa aj ak aj) r) (b ak) b (m (aj x ac (b am (b ak)) k))) (b ak) b (m (aj x ac (b am (b ak)) k))))
ak b (d n (ah (ah (n (af y) t an t (aa aj ak aj) r) (b ak) b (m (aj x ac (b am (b ak)) k))) (b ak) b (m (aj x ac (b am (b ak)) k))))
ak b (d n (ah (ah (ah (v t (aa aj ak aj) r) (af y ak) (af y) an t (aa aj ak aj) r) (b ak) b (m (aj x ac (b am (b ak)) k))) (b ak) b (m (aj x ac (b am (b ak)) k))))
ak b (d n (ah (ah (n b (af y) (m (aj x ac (b am (af y ak)) k)) (aa aj ak aj) r) (b ak) b (m (aj x ac (b am (b ak)) k))) (b ak) b (m (aj x ac (b am (b ak)) k))))
ak b (d n (ah (ah (ah (v t (aa aj ak aj) r) (b ak) b (m (aj x ac (b am (af y ak)) k)) (aa aj ak aj) r) (b ak) b (m (aj x ac (b am (b ak)) k))) (b ak) b (m (aj x ac (b am (b ak)) k))))
ak b (d n (ah (ah (n b b (m (aj x ac (b am (b ak)) k)) r) (b ak) b (m (aj x ac (b am (b ak)) k))) (b ak) b (m (aj x ac (b am (b ak)) k))))


