ab ap ao aq ar ah ae k af m c q af z
k ar ao ap aq at ai ap ag q m g ai w h ae al p
j ao ap s e q (ae b (k (z al h an)) e r)
g ar ao au at aq ap v ag an at m x ac aj aa
i ar aq ao ap a af t ae a am a m q (k r l)
ac ao ap ah t u v
af ap at au av ao ar aq aq ah ag l am ah a s f ah y t
m au at ao ar aq ap c aj (v x) aq
e aq ao ar ap k p j p i
o ao ap ao af (a p af ad w (k ae) ad q w)
n au ao ar aq at ap an (i al au ag k (r aa y i h q) aa)
am ao av at au ar aq ap au (ae s) ag n an (ad s u c ai ai)
w ao a r u y ao af x
t ao ap n ao aa (aj (a (r h ac) h)) ai ap
ae ah (ac (ad al ah (al d k am)))
aa aq ap ao at ar f c d c w (ae ah) s
main ak (A q B) C ai D j (ag f ai v ac) E ac t h (t F x d) G aj H ab t t I ae J K L M N O P a Q R i w aj p S h n r T i r U V ac l W ag X Y Z al (ab x m) AA d AB b (AC l af) g (AD v c (p (d d y j l f z g aj t v y b a) ab al u (AE AF (g aa s r AG e))))
z al w (l al ac) x
x ap ao y af i ao aj z q b b ap
q ag z (m n) t v d ak s ab p x j
p ao ap aj l w h (al j w)
ad ar ap at ao aq t al d m ac (k a q (x h) al k y)
an aq au ar av at ao ap f s (y a g) c x a d ah
ak ap at ao ar aq r ar aj e j d p ac q
f ar au ao ap aq at s ah (ap ad r ae t) (x ab al z c k)
s ao aq ar ap e ae ai ae aa
c aq ar ao at ap at (ar af (j ae n p af l) ag) v ac
ai ao ap ah ab am b
ah ao ae m f ao k p (u (ag w n ao))
r at ap ar au ao aq m n f w h e ad ag (aq s aa i)
u ar aq ap ao v (ah ag (z (i b) q t q) c) ae af
d at aq ar au ap ao o b (i (ar r x ag ag at ab n s t))
ag ao z w aj (d d) ah l ae s
aj ao ap t (ah o g (ah (ao al ag) m u) w)
a at ap au ar aq ao av t (k ai x t)
b ap ao j af s i u z k x (j ag af p ap)
al ao ap q h an (z ab an (c ao b))
y ap ao g (i ae p) d k w l (ah j)
v at ap ao aq ar an i k ao u k s p t (p ar ag) aj
l ao c t aa ai f (p z (aj n c) ad al)
h ao aq ap r k u r k ap ao al (ap (aa al s) aj)
------------------------------------------------------------
ak (A q B) C ai D j (ag f ai v ac) E ac t h (t F x d) G aj H ab t t I ae J K L M N O P a Q R i w aj p S h n r T i r U V ac l W ag X Y Z al (ab x m) AA d AB b (AC l af) g (AD v c (p (d d y j l f z g aj t v y b a) ab al u (AE AF (g aa s r AG e))))
r D aj e j d p ac q (ag f ai v ac) E ac t h (t F x d) G aj H ab t t I ae J K L M N O P a Q R i w aj p S h n r T i r U V ac l W ag X Y Z al (ab x m) AA d AB b (AC l af) g (AD v c (p (d d y j l f z g aj t v y b a) ab al u (AE AF (g aa s r AG e))))
m n f w h e ad ag (p s aa i) ac q (ag f ai v ac) E ac t h (t F x d) G aj H ab t t I ae J K L M N O P a Q R i w aj p S h n r T i r U V ac l W ag X Y Z al (ab x m) AA d AB b (AC l af) g (AD v c (p (d d y j l f z g aj t v y b a) ab al u (AE AF (g aa s r AG e))))
c aj (v x) e ag (p s aa i) ac q (ag f ai v ac) E ac t h (t F x d) G aj H ab t t I ae J K L M N O P a Q R i w aj p S h n r T i r U V ac l W ag X Y Z al (ab x m) AA d AB b (AC l af) g (AD v c (p (d d y j l f z g aj t v y b a) ab al u (AE AF (g aa s r AG e))))
ag (v x af (j ae n p af l) ag) v ac ac q (ag f ai v ac) E ac t h (t F x d) G aj H ab t t I ae J K L M N O P a Q R i w aj p S h n r T i r U V ac l W ag X Y Z al (ab x m) AA d AB b (AC l af) g (AD v c (p (d d y j l f z g aj t v y b a) ab al u (AE AF (g aa s r AG e))))
z w aj (d d) ah l ae s v ac ac q (ag f ai v ac) E ac t h (t F x d) G aj H ab t t I ae J K L M N O P a Q R i w aj p S h n r T i r U V ac l W ag X Y Z al (ab x m) AA d AB b (AC l af) g (AD v c (p (d d y j l f z g aj t v y b a) ab al u (AE AF (g aa s r AG e))))
al w (l al ac) x w aj (d d) ah l ae s v ac ac q (ag f ai v ac) E ac t h (t F x d) G aj H ab t t I ae J K L M N O P a Q R i w aj p S h n r T i r U V ac l W ag X Y Z al (ab x m) AA d AB b (AC l af) g (AD v c (p (d d y j l f z g aj t v y b a) ab al u (AE AF (g aa s r AG e))))
q h an (z ab an (c w b)) x w aj (d d) ah l ae s v ac ac q (ag f ai v ac) E ac t h (t F x d) G aj H ab t t I ae J K L M N O P a Q R i w aj p S h n r T i r U V ac l W ag X Y Z al (ab x m) AA d AB b (AC l af) g (AD v c (p (d d y j l f z g aj t v y b a) ab al u (AE AF (g aa s r AG e))))
ag z (m n) t v d ak s ab p x j h an (z ab an (c w b)) x w aj (d d) ah l ae s v ac ac q (ag f ai v ac) E ac t h (t F x d) G aj H ab t t I ae J K L M N O P a Q R i w aj p S h n r T i r U V ac l W ag X Y Z al (ab x m) AA d AB b (AC l af) g (AD v c (p (d d y j l f z g aj t v y b a) ab al u (AE AF (g aa s r AG e))))
z w aj (d d) ah l ae s (m n) t v d ak s ab p x j h an (z ab an (c w b)) x w aj (d d) ah l ae s v ac ac q (ag f ai v ac) E ac t h (t F x d) G aj H ab t t I ae J K L M N O P a Q R i w aj p S h n r T i r U V ac l W ag X Y Z al (ab x m) AA d AB b (AC l af) g (AD v c (p (d d y j l f z g aj t v y b a) ab al u (AE AF (g aa s r AG e))))
al w (l al ac) x w aj (d d) ah l ae s (m n) t v d ak s ab p x j h an (z ab an (c w b)) x w aj (d d) ah l ae s v ac ac q (ag f ai v ac) E ac t h (t F x d) G aj H ab t t I ae J K L M N O P a Q R i w aj p S h n r T i r U V ac l W ag X Y Z al (ab x m) AA d AB b (AC l af) g (AD v c (p (d d y j l f z g aj t v y b a) ab al u (AE AF (g aa s r AG e))))
q h an (z ab an (c w b)) x w aj (d d) ah l ae s (m n) t v d ak s ab p x j h an (z ab an (c w b)) x w aj (d d) ah l ae s v ac ac q (ag f ai v ac) E ac t h (t F x d) G aj H ab t t I ae J K L M N O P a Q R i w aj p S h n r T i r U V ac l W ag X Y Z al (ab x m) AA d AB b (AC l af) g (AD v c (p (d d y j l f z g aj t v y b a) ab al u (AE AF (g aa s r AG e))))
ag z (m n) t v d ak s ab p x j h an (z ab an (c w b)) x w aj (d d) ah l ae s (m n) t v d ak s ab p x j h an (z ab an (c w b)) x w aj (d d) ah l ae s v ac ac q (ag f ai v ac) E ac t h (t F x d) G aj H ab t t I ae J K L M N O P a Q R i w aj p S h n r T i r U V ac l W ag X Y Z al (ab x m) AA d AB b (AC l af) g (AD v c (p (d d y j l f z g aj t v y b a) ab al u (AE AF (g aa s r AG e))))
z w aj (d d) ah l ae s (m n) t v d ak s ab p x j h an (z ab an (c w b)) x w aj (d d) ah l ae s (m n) t v d ak s ab p x j h an (z ab an (c w b)) x w aj (d d) ah l ae s v ac ac q (ag f ai v ac) E ac t h (t F x d) G aj H ab t t I ae J K L M N O P a Q R i w aj p S h n r T i r U V ac l W ag X Y Z al (ab x m) AA d AB b (AC l af) g (AD v c (p (d d y j l f z g aj t v y b a) ab al u (AE AF (g aa s r AG e))))
al w (l al ac) x w aj (d d) ah l ae s (m n) t v d ak s ab p x j h an (z ab an (c w b)) x w aj (d d) ah l ae s (m n) t v d ak s ab p x j h an (z ab an (c w b)) x w aj (d d) ah l ae s v ac ac q (ag f ai v ac) E ac t h (t F x d) G aj H ab t t I ae J K L M N O P a Q R i w aj p S h n r T i r U V ac l W ag X Y Z al (ab x m) AA d AB b (AC l af) g (AD v c (p (d d y j l f z g aj t v y b a) ab al u (AE AF (g aa s r AG e))))
q h an (z ab an (c w b)) x w aj (d d) ah l ae s (m n) t v d ak s ab p x j h an (z ab an (c w b)) x w aj (d d) ah l ae s (m n) t v d ak s ab p x j h an (z ab an (c w b)) x w aj (d d) ah l ae s v ac ac q (ag f ai v ac) E ac t h (t F x d) G aj H ab t t I ae J K L M N O P a Q R i w aj p S h n r T i r U V ac l W ag X Y Z al (ab x m) AA d AB b (AC l af) g (AD v c (p (d d y j l f z g aj t v y b a) ab al u (AE AF (g aa s r AG e))))
ag z (m n) t v d ak s ab p x j h an (z ab an (c w b)) x w aj (d d) ah l ae s (m n) t v d ak s ab p x j h an (z ab an (c w b)) x w aj (d d) ah l ae s (m n) t v d ak s ab p x j h an (z ab an (c w b)) x w aj (d d) ah l ae s v ac ac q (ag f ai v ac) E ac t h (t F x d) G aj H ab t t I ae J K L M N O P a Q R i w aj p S h n r T i r U V ac l W ag X Y Z al (ab x m) AA d AB b (AC l af) g (AD v c (p (d d y j l f z g aj t v y b a) ab al u (AE AF (g aa s r AG e))))
z w aj (d d) ah l ae s (m n) t v d ak s ab p x j h an (z ab an (c w b)) x w aj (d d) ah l ae s (m n) t v d ak s ab p x j h an (z ab an (c w b)) x w aj (d d) ah l ae s (m n) t v d ak s ab p x j h an (z ab an (c w b)) x w aj (d d) ah l ae s v ac ac q (ag f ai v ac) E ac t h (t F x d) G aj H ab t t I ae J K L M N O P a Q R i w aj p S h n r T i r U V ac l W ag X Y Z al (ab x m) AA d AB b (AC l af) g (AD v c (p (d d y j l f z g aj t v y b a) ab al u (AE AF (g aa s r AG e))))
al w (l al ac) x w aj (d d) ah l ae s (m n) t v d ak s ab p x j h an (z ab an (c w b)) x w aj (d d) ah l ae s (m n) t v d ak s ab p x j h an (z ab an (c w b)) x w aj (d d) ah l ae s (m n) t v d ak s ab p x j h an (z ab an (c w b)) x w aj (d d) ah l ae s v ac ac q (ag f ai v ac) E ac t h (t F x d) G aj H ab t t I ae J K L M N O P a Q R i w aj p S h n r T i r U V ac l W ag X Y Z al (ab x m) AA d AB b (AC l af) g (AD v c (p (d d y j l f z g aj t v y b a) ab al u (AE AF (g aa s r AG e))))
q h an (z ab an (c w b)) x w aj (d d) ah l ae s (m n) t v d ak s ab p x j h an (z ab an (c w b)) x w aj (d d) ah l ae s (m n) t v d ak s ab p x j h an (z ab an (c w b)) x w aj (d d) ah l ae s (m n) t v d ak s ab p x j h an (z ab an (c w b)) x w aj (d d) ah l ae s v ac ac q (ag f ai v ac) E ac t h (t F x d) G aj H ab t t I ae J K L M N O P a Q R i w aj p S h n r T i r U V ac l W ag X Y Z al (ab x m) AA d AB b (AC l af) g (AD v c (p (d d y j l f z g aj t v y b a) ab al u (AE AF (g aa s r AG e))))
ag z (m n) t v d ak s ab p x j h an (z ab an (c w b)) x w aj (d d) ah l ae s (m n) t v d ak s ab p x j h an (z ab an (c w b)) x w aj (d d) ah l ae s (m n) t v d ak s ab p x j h an (z ab an (c w b)) x w aj (d d) ah l ae s (m n) t v d ak s ab p x j h an (z ab an (c w b)) x w aj (d d) ah l ae s v ac ac q (ag f ai v ac) E ac t h (t F x d) G aj H ab t t I ae J K L M N O P a Q R i w aj p S h n r T i r U V ac l W ag X Y Z al (ab x m) AA d AB b (AC l af) g (AD v c (p (d d y j l f z g aj t v y b a) ab al u (AE AF (g aa s r AG e))))
z w aj (d d) ah l ae s (m n) t v d ak s ab p x j h an (z ab an (c w b)) x w aj (d d) ah l ae s (m n) t v d ak s ab p x j h an (z ab an (c w b)) x w aj (d d) ah l ae s (m n) t v d ak s ab p x j h an (z ab an (c w b)) x w aj (d d) ah l ae s (m n) t v d ak s ab p x j h an (z ab an (c w b)) x w aj (d d) ah l ae s v ac ac q (ag f ai v ac) E ac t h (t F x d) G aj H ab t t I ae J K L M N O P a Q R i w aj p S h n r T i r U V ac l W ag X Y Z al (ab x m) AA d AB b (AC l af) g (AD v c (p (d d y j l f z g aj t v y b a) ab al u (AE AF (g aa s r AG e))))
al w (l al ac) x w aj (d d) ah l ae s (m n) t v d ak s ab p x j h an (z ab an (c w b)) x w aj (d d) ah l ae s (m n) t v d ak s ab p x j h an (z ab an (c w b)) x w aj (d d) ah l ae s (m n) t v d ak s ab p x j h an (z ab an (c w b)) x w aj (d d) ah l ae s (m n) t v d ak s ab p x j h an (z ab an (c w b)) x w aj (d d) ah l ae s v ac ac q (ag f ai v ac) E ac t h (t F x d) G aj H ab t t I ae J K L M N O P a Q R i w aj p S h n r T i r U V ac l W ag X Y Z al (ab x m) AA d AB b (AC l af) g (AD v c (p (d d y j l f z g aj t v y b a) ab al u (AE AF (g aa s r AG e))))
q h an (z ab an (c w b)) x w aj (d d) ah l ae s (m n) t v d ak s ab p x j h an (z ab an (c w b)) x w aj (d d) ah l ae s (m n) t v d ak s ab p x j h an (z ab an (c w b)) x w aj (d d) ah l ae s (m n) t v d ak s ab p x j h an (z ab an (c w b)) x w aj (d d) ah l ae s (m n) t v d ak s ab p x j h an (z ab an (c w b)) x w aj (d d) ah l ae s v ac ac q (ag f ai v ac) E ac t h (t F x d) G aj H ab t t I ae J K L M N O P a Q R i w aj p S h n r T i r U V ac l W ag X Y Z al (ab x m) AA d AB b (AC l af) g (AD v c (p (d d y j l f z g aj t v y b a) ab al u (AE AF (g aa s r AG e))))
ag z (m n) t v d ak s ab p x j h an (z ab an (c w b)) x w aj (d d) ah l ae s (m n) t v d ak s ab p x j h an (z ab an (c w b)) x w aj (d d) ah l ae s (m n) t v d ak s ab p x j h an (z ab an (c w b)) x w aj (d d) ah l ae s (m n) t v d ak s ab p x j h an (z ab an (c w b)) x w aj (d d) ah l ae s (m n) t v d ak s ab p x j h an (z ab an (c w b)) x w aj (d d) ah l ae s v ac ac q (ag f ai v ac) E ac t h (t F x d) G aj H ab t t I ae J K L M N O P a Q R i w aj p S h n r T i r U V ac l W ag X Y Z al (ab x m) AA d AB b (AC l af) g (AD v c (p (d d y j l f z g aj t v y b a) ab al u (AE AF (g aa s r AG e))))
z w aj (d d) ah l ae s (m n) t v d ak s ab p x j h an (z ab an (c w b)) x w aj (d d) ah l ae s (m n) t v d ak s ab p x j h an (z ab an (c w b)) x w aj (d d) ah l ae s (m n) t v d ak s ab p x j h an (z ab an (c w b)) x w aj (d d) ah l ae s (m n) t v d ak s ab p x j h an (z ab an (c w b)) x w aj (d d) ah l ae s (m n) t v d ak s ab p x j h an (z ab an (c w b)) x w aj (d d) ah l ae s v ac ac q (ag f ai v ac) E ac t h (t F x d) G aj H ab t t I ae J K L M N O P a Q R i w aj p S h n r T i r U V ac l W ag X Y Z al (ab x m) AA d AB b (AC l af) g (AD v c (p (d d y j l f z g aj t v y b a) ab al u (AE AF (g aa s r AG e))))
al w (l al ac) x w aj (d d) ah l ae s (m n) t v d ak s ab p x j h an (z ab an (c w b)) x w aj (d d) ah l ae s (m n) t v d ak s ab p x j h an (z ab an (c w b)) x w aj (d d) ah l ae s (m n) t v d ak s ab p x j h an (z ab an (c w b)) x w aj (d d) ah l ae s (m n) t v d ak s ab p x j h an (z ab an (c w b)) x w aj (d d) ah l ae s (m n) t v d ak s ab p x j h an (z ab an (c w b)) x w aj (d d) ah l ae s v ac ac q (ag f ai v ac) E ac t h (t F x d) G aj H ab t t I ae J K L M N O P a Q R i w aj p S h n r T i r U V ac l W ag X Y Z al (ab x m) AA d AB b (AC l af) g (AD v c (p (d d y j l f z g aj t v y b a) ab al u (AE AF (g aa s r AG e))))
q h an (z ab an (c w b)) x w aj (d d) ah l ae s (m n) t v d ak s ab p x j h an (z ab an (c w b)) x w aj (d d) ah l ae s (m n) t v d ak s ab p x j h an (z ab an (c w b)) x w aj (d d) ah l ae s (m n) t v d ak s ab p x j h an (z ab an (c w b)) x w aj (d d) ah l ae s (m n) t v d ak s ab p x j h an (z ab an (c w b)) x w aj (d d) ah l ae s (m n) t v d ak s ab p x j h an (z ab an (c w b)) x w aj (d d) ah l ae s v ac ac q (ag f ai v ac) E ac t h (t F x d) G aj H ab t t I ae J K L M N O P a Q R i w aj p S h n r T i r U V ac l W ag X Y Z al (ab x m) AA d AB b (AC l af) g (AD v c (p (d d y j l f z g aj t v y b a) ab al u (AE AF (g aa s r AG e))))
ag z (m n) t v d ak s ab p x j h an (z ab an (c w b)) x w aj (d d) ah l ae s (m n) t v d ak s ab p x j h an (z ab an (c w b)) x w aj (d d) ah l ae s (m n) t v d ak s ab p x j h an (z ab an (c w b)) x w aj (d d) ah l ae s (m n) t v d ak s ab p x j h an (z ab an (c w b)) x w aj (d d) ah l ae s (m n) t v d ak s ab p x j h an (z ab an (c w b)) x w aj (d d) ah l ae s (m n) t v d ak s ab p x j h an (z ab an (c w b)) x w aj (d d) ah l ae s v ac ac q (ag f ai v ac) E ac t h (t F x d) G aj H ab t t I ae J K L M N O P a Q R i w aj p S h n r T i r U V ac l W ag X Y Z al (ab x m) AA d AB b (AC l af) g (AD v c (p (d d y j l f z g aj t v y b a) ab al u (AE AF (g aa s r AG e))))
z w aj (d d) ah l ae s (m n) t v d ak s ab p x j h an (z ab an (c w b)) x w aj (d d) ah l ae s (m n) t v d ak s ab p x j h an (z ab an (c w b)) x w aj (d d) ah l ae s (m n) t v d ak s ab p x j h an (z ab an (c w b)) x w aj (d d) ah l ae s (m n) t v d ak s ab p x j h an (z ab an (c w b)) x w aj (d d) ah l ae s (m n) t v d ak s ab p x j h an (z ab an (c w b)) x w aj (d d) ah l ae s (m n) t v d ak s ab p x j h an (z ab an (c w b)) x w aj (d d) ah l ae s v ac ac q (ag f ai v ac) E ac t h (t F x d) G aj H ab t t I ae J K L M N O P a Q R i w aj p S h n r T i r U V ac l W ag X Y Z al (ab x m) AA d AB b (AC l af) g (AD v c (p (d d y j l f z g aj t v y b a) ab al u (AE AF (g aa s r AG e))))


