a af ag ae = b t g e
b ah af ag ae = aa ab
c af ah ag ae = t ag ae r z (j r e) j
d = t w z t
e af ae = m u
f ai af ah ag ae = b u r b aa w h ag s h
g = p (aa t) l j
h = l
i ah ag ae af = q m l t n o z
j af ah ae ag = s ae b (d s z s)
k ai af ag ah ae aj = r
l af ae = d h af af e
m ah aj ae af ag ai = a (w q) w ai z p ac v c
n = aa f t b y
o aj ah ag af ai ae = ai ah ag p c
p af ae = af f d ac ae
q ae = p h o (ae ae) (ae w)
r ai af ah ag ae = a u ah o af
s af ae ag ah = n m y (ab m)
t = b ac q (q r) g
u af ae ag = a
v = z (n h j ab f b o)
w ai af ah ae ag aj = ag ae
x = ab s
y ae = o
z af aj ai ah ae ag = v y (j l q (g n ah))
aa af ae = h
ab = q f h q e e c l
ac ag ah af ae = ab h ae f ae
ad af ah ae ag ai = p r (o y v) t
main = A r (a c B) (k z q (C D r) h b e l E (F m (G (y p H y l p) r w t)) I u (ab aa)) ac p i (J e K (p (L q M j ac h g x x (N (t e q l j c O (y (P (Q R (t c l (d ac) b p (p S y T c f h ad (d l aa)) m U w) b ac) (x ac b V w (W u) e p)) u ab) t y) X ab l d))))
------------------------------------------------------------
A r (a c B) (k z q (C D r) h b e l E (F m (G (y p H y l p) r w t)) I u (ab aa)) ac p i (J e K (p (L q M j ac h g x x (N (t e q l j c O (y (P (Q R (t c l (d ac) b p (p S y T c f h ad (d l aa)) m U w) b ac) (x ac b V w (W u) e p)) u ab) t y) X ab l d))))
A r (a c B) (r l E (F m (G (y p H y l p) r w t)) I u (ab aa)) ac p i (J e K (p (L q M j ac h g x x (N (t e q l j c O (y (P (Q R (t c l (d ac) b p (p S y T c f h ad (d l aa)) m U w) b ac) (x ac b V w (W u) e p)) u ab) t y) X ab l d))))
A r (a c B) (a u (F m (G (y p H y l p) r w t)) o E (ab aa)) ac p i (J e K (p (L q M j ac h g x x (N (t e q l j c O (y (P (Q R (t c l (d ac) b p (p S y T c f h ad (d l aa)) m U w) b ac) (x ac b V w (W u) e p)) u ab) t y) X ab l d))))
A r (a c B) (b t g e E (ab aa)) ac p i (J e K (p (L q M j ac h g x x (N (t e q l j c O (y (P (Q R (t c l (d ac) b p (p S y T c f h ad (d l aa)) m U w) b ac) (x ac b V w (W u) e p)) u ab) t y) X ab l d))))
A r (a c B) (aa ab (ab aa)) ac p i (J e K (p (L q M j ac h g x x (N (t e q l j c O (y (P (Q R (t c l (d ac) b p (p S y T c f h ad (d l aa)) m U w) b ac) (x ac b V w (W u) e p)) u ab) t y) X ab l d))))
A r (a c B) h ac p i (J e K (p (L q M j ac h g x x (N (t e q l j c O (y (P (Q R (t c l (d ac) b p (p S y T c f h ad (d l aa)) m U w) b ac) (x ac b V w (W u) e p)) u ab) t y) X ab l d))))
A r (a c B) l ac p i (J e K (p (L q M j ac h g x x (N (t e q l j c O (y (P (Q R (t c l (d ac) b p (p S y T c f h ad (d l aa)) m U w) b ac) (x ac b V w (W u) e p)) u ab) t y) X ab l d))))
A r (a c B) l ac p i (J e K (p (L q M j ac l g x x (N (t e q l j c O (y (P (Q R (t c l (d ac) b p (p S y T c f h ad (d l aa)) m U w) b ac) (x ac b V w (W u) e p)) u ab) t y) X ab l d))))
A r (a c B) l ac p i (J e K (p (L q M j ac l (p (aa t) l j) x x (N (t e q l j c O (y (P (Q R (t c l (d ac) b p (p S y T c f h ad (d l aa)) m U w) b ac) (x ac b V w (W u) e p)) u ab) t y) X ab l d))))
A r (a c B) l ac p i (J e K (p (L q M j ac l (aa t f d ac l j) x x (N (t e q l j c O (y (P (Q R (t c l (d ac) b p (p S y T c f h ad (d l aa)) m U w) b ac) (x ac b V w (W u) e p)) u ab) t y) X ab l d))))
A r (a c B) l ac p i (J e K (p (L q M j ac l (h d ac l j) x x (N (t e q l j c O (y (P (Q R (t c l (d ac) b p (p S y T c f h ad (d l aa)) m U w) b ac) (x ac b V w (W u) e p)) u ab) t y) X ab l d))))
A r (a c B) l ac p i (J e K (p (L q M j ac l (l d ac l j) x x (N (t e q l j c O (y (P (Q R (t c l (d ac) b p (p S y T c f h ad (d l aa)) m U w) b ac) (x ac b V w (W u) e p)) u ab) t y) X ab l d))))
A r (a c B) l ac p i (J e K (p (L q M j ac l (d h d d e l j) x x (N (t e q l j c O (y (P (Q R (t c l (d ac) b p (p S y T c f h ad (d l aa)) m U w) b ac) (x ac b V w (W u) e p)) u ab) t y) X ab l d))))
A r (a c B) l ac p i (J e K (p (L q M j ac l (t w z t h d d e l j) x x (N (t e q l j c O (y (P (Q R (t c l (d ac) b p (p S y T c f h ad (d l aa)) m U w) b ac) (x ac b V w (W u) e p)) u ab) t y) X ab l d))))
A r (a c B) l ac p i (J e K (p (L q M j ac l (b ac q (q r) g w z t h d d e l j) x x (N (t e q l j c O (y (P (Q R (t c l (d ac) b p (p S y T c f h ad (d l aa)) m U w) b ac) (x ac b V w (W u) e p)) u ab) t y) X ab l d))))
A r (a c B) l ac p i (J e K (p (L q M j ac l (aa ab w z t h d d e l j) x x (N (t e q l j c O (y (P (Q R (t c l (d ac) b p (p S y T c f h ad (d l aa)) m U w) b ac) (x ac b V w (W u) e p)) u ab) t y) X ab l d))))
A r (a c B) l ac p i (J e K (p (L q M j ac l (h z t h d d e l j) x x (N (t e q l j c O (y (P (Q R (t c l (d ac) b p (p S y T c f h ad (d l aa)) m U w) b ac) (x ac b V w (W u) e p)) u ab) t y) X ab l d))))
A r (a c B) l ac p i (J e K (p (L q M j ac l (l z t h d d e l j) x x (N (t e q l j c O (y (P (Q R (t c l (d ac) b p (p S y T c f h ad (d l aa)) m U w) b ac) (x ac b V w (W u) e p)) u ab) t y) X ab l d))))
A r (a c B) l ac p i (J e K (p (L q M j ac l (d h z z e h d d e l j) x x (N (t e q l j c O (y (P (Q R (t c l (d ac) b p (p S y T c f h ad (d l aa)) m U w) b ac) (x ac b V w (W u) e p)) u ab) t y) X ab l d))))
A r (a c B) l ac p i (J e K (p (L q M j ac l (t w z t h z z e h d d e l j) x x (N (t e q l j c O (y (P (Q R (t c l (d ac) b p (p S y T c f h ad (d l aa)) m U w) b ac) (x ac b V w (W u) e p)) u ab) t y) X ab l d))))
A r (a c B) l ac p i (J e K (p (L q M j ac l (b ac q (q r) g w z t h z z e h d d e l j) x x (N (t e q l j c O (y (P (Q R (t c l (d ac) b p (p S y T c f h ad (d l aa)) m U w) b ac) (x ac b V w (W u) e p)) u ab) t y) X ab l d))))
A r (a c B) l ac p i (J e K (p (L q M j ac l (aa ab w z t h z z e h d d e l j) x x (N (t e q l j c O (y (P (Q R (t c l (d ac) b p (p S y T c f h ad (d l aa)) m U w) b ac) (x ac b V w (W u) e p)) u ab) t y) X ab l d))))
A r (a c B) l ac p i (J e K (p (L q M j ac l (h z t h z z e h d d e l j) x x (N (t e q l j c O (y (P (Q R (t c l (d ac) b p (p S y T c f h ad (d l aa)) m U w) b ac) (x ac b V w (W u) e p)) u ab) t y) X ab l d))))
A r (a c B) l ac p i (J e K (p (L q M j ac l (l z t h z z e h d d e l j) x x (N (t e q l j c O (y (P (Q R (t c l (d ac) b p (p S y T c f h ad (d l aa)) m U w) b ac) (x ac b V w (W u) e p)) u ab) t y) X ab l d))))
A r (a c B) l ac p i (J e K (p (L q M j ac l (d h z z e h z z e h d d e l j) x x (N (t e q l j c O (y (P (Q R (t c l (d ac) b p (p S y T c f h ad (d l aa)) m U w) b ac) (x ac b V w (W u) e p)) u ab) t y) X ab l d))))
A r (a c B) l ac p i (J e K (p (L q M j ac l (t w z t h z z e h z z e h d d e l j) x x (N (t e q l j c O (y (P (Q R (t c l (d ac) b p (p S y T c f h ad (d l aa)) m U w) b ac) (x ac b V w (W u) e p)) u ab) t y) X ab l d))))
A r (a c B) l ac p i (J e K (p (L q M j ac l (b ac q (q r) g w z t h z z e h z z e h d d e l j) x x (N (t e q l j c O (y (P (Q R (t c l (d ac) b p (p S y T c f h ad (d l aa)) m U w) b ac) (x ac b V w (W u) e p)) u ab) t y) X ab l d))))
A r (a c B) l ac p i (J e K (p (L q M j ac l (aa ab w z t h z z e h z z e h d d e l j) x x (N (t e q l j c O (y (P (Q R (t c l (d ac) b p (p S y T c f h ad (d l aa)) m U w) b ac) (x ac b V w (W u) e p)) u ab) t y) X ab l d))))
A r (a c B) l ac p i (J e K (p (L q M j ac l (h z t h z z e h z z e h d d e l j) x x (N (t e q l j c O (y (P (Q R (t c l (d ac) b p (p S y T c f h ad (d l aa)) m U w) b ac) (x ac b V w (W u) e p)) u ab) t y) X ab l d))))
A r (a c B) l ac p i (J e K (p (L q M j ac l (l z t h z z e h z z e h d d e l j) x x (N (t e q l j c O (y (P (Q R (t c l (d ac) b p (p S y T c f h ad (d l aa)) m U w) b ac) (x ac b V w (W u) e p)) u ab) t y) X ab l d))))


