a af ae = p
b ae = ac ac
c ae = d ae j e l l x k a m
d ai ae ag af ah = ah g (p r) c ah ac ab
e af ai ae ah ag = h j
f ae af ai ag ah = ah
g ae = ac
h ah ag ae ai af = v ab w x w
i aj ai ag ah ae af = af b
j ah af ag ae = d b ag s n h d ag (ab ac)
k ae af = i ae ac af r z
l ae af = aa v
m ae ai ag ah af = l ab af ae
n ae ai aj ag ah af = r f u s w
o ag ae af = h k (l n ad t p)
p ae ag ah af = k ab z l
q ae af = p ae
r ai aj ah ag ae af = j ah (a ab) i o n af b i
s ae ag af = g y af
t ae af = aa k (ae s)
u = x d ac q z x
v = ab i s t u a b
w ag af ah ai ae = p (u v t (v e e))
x ae = ae
y ah ag af aj ai ae = ai ad ah s g e aj g
z ah af ae ai aj ag = af s ad i ai k g
aa ag af ai ae ah = l ab t (v af m (i a d k))
ab ae = n v u o a ae v f
ac af ag ae = y ae j ab (s af ag o ae r)
ad ae = ae o n ac j (ae o ae) a
main = A B s (y (k ab (h (r y s q (C ac q w (D o) b e l p (k a l d m ad s) u) g) ab j (E F G H I r ad aa)) y J (r K l) (r m)) y (n ab u h) e) L (M N O P (ad (Q R g S x) (v i T q (v (p w p r) n s b f (U i aa ab b) (i e V w i e h (v ad) ab u W aa k x d y ab)))))
------------------------------------------------------------
A B s (y (k ab (h (r y s q (C ac q w (D o) b e l p (k a l d m ad s) u) g) ab j (E F G H I r ad aa)) y J (r K l) (r m)) y (n ab u h) e) L (M N O P (ad (Q R g S x) (v i T q (v (p w p r) n s b f (U i aa ab b) (i e V w i e h (v ad) ab u W aa k x d y ab)))))
A B s (y (i ab ac (h (r y s q (C ac q w (D o) b e l p (k a l d m ad s) u) g) ab j (E F G H I r ad aa)) r z y J (r K l) (r m)) y (n ab u h) e) L (M N O P (ad (Q R g S x) (v i T q (v (p w p r) n s b f (U i aa ab b) (i e V w i e h (v ad) ab u W aa k x d y ab)))))
A B s (y (y b J (r K l) (r m)) y (n ab u h) e) L (M N O P (ad (Q R g S x) (v i T q (v (p w p r) n s b f (U i aa ab b) (i e V w i e h (v ad) ab u W aa k x d y ab)))))
A B s (y (y b J (r K l) (r m)) y (n ab (x d ac q z x) h) e) L (M N O P (ad (Q R g S x) (v i T q (v (p w p r) n s b f (U i aa ab b) (i e V w i e h (v ad) ab u W aa k x d y ab)))))
A B s (y (y b J (r K l) (r m)) y (n ab (d ac q z x) h) e) L (M N O P (ad (Q R g S x) (v i T q (v (p w p r) n s b f (U i aa ab b) (i e V w i e h (v ad) ab u W aa k x d y ab)))))
A B s (y (y b J (r K l) (r m)) y (n ab (d ac q z x) h) e) L (M N O P (Q R g S x o n ac j (Q R g S x o (Q R g S x)) a (v i T q (v (p w p r) n s b f (U i aa ab b) (i e V w i e h (v ad) ab u W aa k x d y ab)))))
A B s (y (y b J (r K l) (r m)) y (n ab (d ac q z x) h) e) L (M N O P (Q R g S x o n ac j (Q R g S x o (Q R g S x)) a (ab i s t u a b i T q (v (p w p r) n s b f (U i aa ab b) (i e V w i e h (v ad) ab u W aa k x d y ab)))))
A B s (y (y b J (r K l) (r m)) y (n ab (d ac q z x) h) e) L (M N O P (Q R g S x o n ac j (Q R g S x o (Q R g S x)) a (n v u o a i v f s t u a b i T q (v (p w p r) n s b f (U i aa ab b) (i e V w i e h (v ad) ab u W aa k x d y ab)))))
A B s (y (y b J (r K l) (r m)) y (n ab (d ac q z x) h) e) L (M N O P (Q R g S x o n ac j (Q R g S x o (Q R g S x)) a (r f u s w f s t u a b i T q (v (p w p r) n s b f (U i aa ab b) (i e V w i e h (v ad) ab u W aa k x d y ab)))))
A B s (y (y b J (r K l) (r m)) y (n ab (d ac q z x) h) e) L (M N O P (Q R g S x o n ac j (Q R g S x o (Q R g S x)) a (j s (a ab) i o n s b i t u a b i T q (v (p w p r) n s b f (U i aa ab b) (i e V w i e h (v ad) ab u W aa k x d y ab)))))
A B s (y (y b J (r K l) (r m)) y (n ab (d ac q z x) h) e) L (M N O P (Q R g S x o n ac j (Q R g S x o (Q R g S x)) a (d b i s n h d i (ab ac) n s b i t u a b i T q (v (p w p r) n s b f (U i aa ab b) (i e V w i e h (v ad) ab u W aa k x d y ab)))))
A B s (y (y b J (r K l) (r m)) y (n ab (d ac q z x) h) e) L (M N O P (Q R g S x o n ac j (Q R g S x o (Q R g S x)) a (h g (p r) c h ac ab d i (ab ac) n s b i t u a b i T q (v (p w p r) n s b f (U i aa ab b) (i e V w i e h (v ad) ab u W aa k x d y ab)))))
A B s (y (y b J (r K l) (r m)) y (n ab (d ac q z x) h) e) L (M N O P (Q R g S x o n ac j (Q R g S x o (Q R g S x)) a (v ab w x w ab d i (ab ac) n s b i t u a b i T q (v (p w p r) n s b f (U i aa ab b) (i e V w i e h (v ad) ab u W aa k x d y ab)))))
A B s (y (y b J (r K l) (r m)) y (n ab (d ac q z x) h) e) L (M N O P (Q R g S x o n ac j (Q R g S x o (Q R g S x)) a (ab i s t u a b ab w x w ab d i (ab ac) n s b i t u a b i T q (v (p w p r) n s b f (U i aa ab b) (i e V w i e h (v ad) ab u W aa k x d y ab)))))
A B s (y (y b J (r K l) (r m)) y (n ab (d ac q z x) h) e) L (M N O P (Q R g S x o n ac j (Q R g S x o (Q R g S x)) a (n v u o a i v f s t u a b ab w x w ab d i (ab ac) n s b i t u a b i T q (v (p w p r) n s b f (U i aa ab b) (i e V w i e h (v ad) ab u W aa k x d y ab)))))
A B s (y (y b J (r K l) (r m)) y (n ab (d ac q z x) h) e) L (M N O P (Q R g S x o n ac j (Q R g S x o (Q R g S x)) a (r f u s w f s t u a b ab w x w ab d i (ab ac) n s b i t u a b i T q (v (p w p r) n s b f (U i aa ab b) (i e V w i e h (v ad) ab u W aa k x d y ab)))))
A B s (y (y b J (r K l) (r m)) y (n ab (d ac q z x) h) e) L (M N O P (Q R g S x o n ac j (Q R g S x o (Q R g S x)) a (j s (a ab) i o n s b i t u a b ab w x w ab d i (ab ac) n s b i t u a b i T q (v (p w p r) n s b f (U i aa ab b) (i e V w i e h (v ad) ab u W aa k x d y ab)))))
A B s (y (y b J (r K l) (r m)) y (n ab (d ac q z x) h) e) L (M N O P (Q R g S x o n ac j (Q R g S x o (Q R g S x)) a (d b i s n h d i (ab ac) n s b i t u a b ab w x w ab d i (ab ac) n s b i t u a b i T q (v (p w p r) n s b f (U i aa ab b) (i e V w i e h (v ad) ab u W aa k x d y ab)))))
A B s (y (y b J (r K l) (r m)) y (n ab (d ac q z x) h) e) L (M N O P (Q R g S x o n ac j (Q R g S x o (Q R g S x)) a (h g (p r) c h ac ab d i (ab ac) n s b i t u a b ab w x w ab d i (ab ac) n s b i t u a b i T q (v (p w p r) n s b f (U i aa ab b) (i e V w i e h (v ad) ab u W aa k x d y ab)))))
A B s (y (y b J (r K l) (r m)) y (n ab (d ac q z x) h) e) L (M N O P (Q R g S x o n ac j (Q R g S x o (Q R g S x)) a (v ab w x w ab d i (ab ac) n s b i t u a b ab w x w ab d i (ab ac) n s b i t u a b i T q (v (p w p r) n s b f (U i aa ab b) (i e V w i e h (v ad) ab u W aa k x d y ab)))))
A B s (y (y b J (r K l) (r m)) y (n ab (d ac q z x) h) e) L (M N O P (Q R g S x o n ac j (Q R g S x o (Q R g S x)) a (ab i s t u a b ab w x w ab d i (ab ac) n s b i t u a b ab w x w ab d i (ab ac) n s b i t u a b i T q (v (p w p r) n s b f (U i aa ab b) (i e V w i e h (v ad) ab u W aa k x d y ab)))))
A B s (y (y b J (r K l) (r m)) y (n ab (d ac q z x) h) e) L (M N O P (Q R g S x o n ac j (Q R g S x o (Q R g S x)) a (n v u o a i v f s t u a b ab w x w ab d i (ab ac) n s b i t u a b ab w x w ab d i (ab ac) n s b i t u a b i T q (v (p w p r) n s b f (U i aa ab b) (i e V w i e h (v ad) ab u W aa k x d y ab)))))
A B s (y (y b J (r K l) (r m)) y (n ab (d ac q z x) h) e) L (M N O P (Q R g S x o n ac j (Q R g S x o (Q R g S x)) a (r f u s w f s t u a b ab w x w ab d i (ab ac) n s b i t u a b ab w x w ab d i (ab ac) n s b i t u a b i T q (v (p w p r) n s b f (U i aa ab b) (i e V w i e h (v ad) ab u W aa k x d y ab)))))
A B s (y (y b J (r K l) (r m)) y (n ab (d ac q z x) h) e) L (M N O P (Q R g S x o n ac j (Q R g S x o (Q R g S x)) a (j s (a ab) i o n s b i t u a b ab w x w ab d i (ab ac) n s b i t u a b ab w x w ab d i (ab ac) n s b i t u a b i T q (v (p w p r) n s b f (U i aa ab b) (i e V w i e h (v ad) ab u W aa k x d y ab)))))
A B s (y (y b J (r K l) (r m)) y (n ab (d ac q z x) h) e) L (M N O P (Q R g S x o n ac j (Q R g S x o (Q R g S x)) a (d b i s n h d i (ab ac) n s b i t u a b ab w x w ab d i (ab ac) n s b i t u a b ab w x w ab d i (ab ac) n s b i t u a b i T q (v (p w p r) n s b f (U i aa ab b) (i e V w i e h (v ad) ab u W aa k x d y ab)))))
A B s (y (y b J (r K l) (r m)) y (n ab (d ac q z x) h) e) L (M N O P (Q R g S x o n ac j (Q R g S x o (Q R g S x)) a (h g (p r) c h ac ab d i (ab ac) n s b i t u a b ab w x w ab d i (ab ac) n s b i t u a b ab w x w ab d i (ab ac) n s b i t u a b i T q (v (p w p r) n s b f (U i aa ab b) (i e V w i e h (v ad) ab u W aa k x d y ab)))))
A B s (y (y b J (r K l) (r m)) y (n ab (d ac q z x) h) e) L (M N O P (Q R g S x o n ac j (Q R g S x o (Q R g S x)) a (v ab w x w ab d i (ab ac) n s b i t u a b ab w x w ab d i (ab ac) n s b i t u a b ab w x w ab d i (ab ac) n s b i t u a b i T q (v (p w p r) n s b f (U i aa ab b) (i e V w i e h (v ad) ab u W aa k x d y ab)))))
A B s (y (y b J (r K l) (r m)) y (n ab (d ac q z x) h) e) L (M N O P (Q R g S x o n ac j (Q R g S x o (Q R g S x)) a (ab i s t u a b ab w x w ab d i (ab ac) n s b i t u a b ab w x w ab d i (ab ac) n s b i t u a b ab w x w ab d i (ab ac) n s b i t u a b i T q (v (p w p r) n s b f (U i aa ab b) (i e V w i e h (v ad) ab u W aa k x d y ab)))))
A B s (y (y b J (r K l) (r m)) y (n ab (d ac q z x) h) e) L (M N O P (Q R g S x o n ac j (Q R g S x o (Q R g S x)) a (n v u o a i v f s t u a b ab w x w ab d i (ab ac) n s b i t u a b ab w x w ab d i (ab ac) n s b i t u a b ab w x w ab d i (ab ac) n s b i t u a b i T q (v (p w p r) n s b f (U i aa ab b) (i e V w i e h (v ad) ab u W aa k x d y ab)))))
A B s (y (y b J (r K l) (r m)) y (n ab (d ac q z x) h) e) L (M N O P (Q R g S x o n ac j (Q R g S x o (Q R g S x)) a (r f u s w f s t u a b ab w x w ab d i (ab ac) n s b i t u a b ab w x w ab d i (ab ac) n s b i t u a b ab w x w ab d i (ab ac) n s b i t u a b i T q (v (p w p r) n s b f (U i aa ab b) (i e V w i e h (v ad) ab u W aa k x d y ab)))))


