aj au aq ao ar at ap = k h al p am
z ao = x q (ab i ai aa af) e
m = p s (x c) y ah (ac e) r ae
o ao at aq ar ap = b i w r i aq (h x (a g r) b c)
w ap ao = c p i v am ag ap
g ao ap = a w s e
i ap ar at au aq ao av = f y l an m ag
f = ah n g b u t v d p ai ag c m
e av ap at ao ar au aq = m g (z ai z t q h am b c d) y
ab ao = ao j
an ao = d (e z aj v x v q q k) t
t ar ap aq at ao = am (af (d ai (am i) g ar x p))
r ar ap aq au ao at = c ah n (aq v q q) b ai p ai
l ap ar ao au aq at = h ae aj s am q an p ac (al ao)
k ao aq ap = ak aa g q d x (l am aa x)
j at aq ap ar au ao av = ab ai (o r an (z (aa w) ac o) y o)
s ao ap = m ao ap ai
ad ao aq ap = ae r
am au ao ap ar aq at = o h g a ak w n g
c ap aq ao ar = e k x ab
a = g ab ai am c c y i
v ap aq ar ao = m t h (g ad m r ab aj aj ar z)
af ap ao au at ar aq = v
ak au aq ap ao ar at av = y o ae b s ap x (ar g t)
y ao = q r (ao ac ao)
al ao = a (j h (h w c n k am am))
d ao = ae s m
b ao at aq ar ap = am j (h o o q) ak c
ae ao aq ap au at ar av = al t g a
ah ao ar aq ap = m e aq ak
h aq ao ap = ad ah aq ak d (q m aq e y af)
ag = d j p z
ai ar aq at av ap au ao = y w k ac
x ao = ae u k ao
n ao = ao d k a ac ah l (ab (s ad ac g))
main = A B p u g C D (g af aa q) (ak q an aa u i ak (E y ag F c) ai (i G n ae) al (H n j ab) u) k v I t c (e s c t ad ae o ah aa (ai q) J q f) (ai (K r L t aa) j) M v c (d ah (g ai (N o O) P al (Q f R aj (S ai T f) af i)) v) (s (q U V (am am ab))) j (aa W) (j af (X a x)) Y ac
aa ao = o d d ao b ac d w ao m ak an d
q au aq ap ao ar at = au r ab (ap m au ad (v ae ak) x) v
ac = l af
p = r r am h (i z ag c) e
u aq av at ao au ar ap = y ac ac a r y
------------------------------------------------------------
A B p u g C D (g af aa q) (ak q an aa u i ak (E y ag F c) ai (i G n ae) al (H n j ab) u) k v I t c (e s c t ad ae o ah aa (ai q) J q f) (ai (K r L t aa) j) M v c (d ah (g ai (N o O) P al (Q f R aj (S ai T f) af i)) v) (s (q U V (am am ab))) j (aa W) (j af (X a x)) Y ac
A B p u g C D (a w s e q) (ak q an aa u i ak (E y ag F c) ai (i G n ae) al (H n j ab) u) k v I t c (e s c t ad ae o ah aa (ai q) J q f) (ai (K r L t aa) j) M v c (d ah (g ai (N o O) P al (Q f R aj (S ai T f) af i)) v) (s (q U V (am am ab))) j (aa W) (j af (X a x)) Y ac
A B p u g C D (g ab ai am c c y i w s e q) (ak q an aa u i ak (E y ag F c) ai (i G n ae) al (H n j ab) u) k v I t c (e s c t ad ae o ah aa (ai q) J q f) (ai (K r L t aa) j) M v c (d ah (g ai (N o O) P al (Q f R aj (S ai T f) af i)) v) (s (q U V (am am ab))) j (aa W) (j af (X a x)) Y ac
A B p u g C D (a w s e am c c y i w s e q) (ak q an aa u i ak (E y ag F c) ai (i G n ae) al (H n j ab) u) k v I t c (e s c t ad ae o ah aa (ai q) J q f) (ai (K r L t aa) j) M v c (d ah (g ai (N o O) P al (Q f R aj (S ai T f) af i)) v) (s (q U V (am am ab))) j (aa W) (j af (X a x)) Y ac
A B p u g C D (g ab ai am c c y i w s e am c c y i w s e q) (ak q an aa u i ak (E y ag F c) ai (i G n ae) al (H n j ab) u) k v I t c (e s c t ad ae o ah aa (ai q) J q f) (ai (K r L t aa) j) M v c (d ah (g ai (N o O) P al (Q f R aj (S ai T f) af i)) v) (s (q U V (am am ab))) j (aa W) (j af (X a x)) Y ac
A B p u g C D (a w s e am c c y i w s e am c c y i w s e q) (ak q an aa u i ak (E y ag F c) ai (i G n ae) al (H n j ab) u) k v I t c (e s c t ad ae o ah aa (ai q) J q f) (ai (K r L t aa) j) M v c (d ah (g ai (N o O) P al (Q f R aj (S ai T f) af i)) v) (s (q U V (am am ab))) j (aa W) (j af (X a x)) Y ac
A B p u g C D (g ab ai am c c y i w s e am c c y i w s e am c c y i w s e q) (ak q an aa u i ak (E y ag F c) ai (i G n ae) al (H n j ab) u) k v I t c (e s c t ad ae o ah aa (ai q) J q f) (ai (K r L t aa) j) M v c (d ah (g ai (N o O) P al (Q f R aj (S ai T f) af i)) v) (s (q U V (am am ab))) j (aa W) (j af (X a x)) Y ac
A B p u g C D (a w s e am c c y i w s e am c c y i w s e am c c y i w s e q) (ak q an aa u i ak (E y ag F c) ai (i G n ae) al (H n j ab) u) k v I t c (e s c t ad ae o ah aa (ai q) J q f) (ai (K r L t aa) j) M v c (d ah (g ai (N o O) P al (Q f R aj (S ai T f) af i)) v) (s (q U V (am am ab))) j (aa W) (j af (X a x)) Y ac
A B p u g C D (g ab ai am c c y i w s e am c c y i w s e am c c y i w s e am c c y i w s e q) (ak q an aa u i ak (E y ag F c) ai (i G n ae) al (H n j ab) u) k v I t c (e s c t ad ae o ah aa (ai q) J q f) (ai (K r L t aa) j) M v c (d ah (g ai (N o O) P al (Q f R aj (S ai T f) af i)) v) (s (q U V (am am ab))) j (aa W) (j af (X a x)) Y ac
A B p u g C D (a w s e am c c y i w s e am c c y i w s e am c c y i w s e am c c y i w s e q) (ak q an aa u i ak (E y ag F c) ai (i G n ae) al (H n j ab) u) k v I t c (e s c t ad ae o ah aa (ai q) J q f) (ai (K r L t aa) j) M v c (d ah (g ai (N o O) P al (Q f R aj (S ai T f) af i)) v) (s (q U V (am am ab))) j (aa W) (j af (X a x)) Y ac
A B p u g C D (g ab ai am c c y i w s e am c c y i w s e am c c y i w s e am c c y i w s e am c c y i w s e q) (ak q an aa u i ak (E y ag F c) ai (i G n ae) al (H n j ab) u) k v I t c (e s c t ad ae o ah aa (ai q) J q f) (ai (K r L t aa) j) M v c (d ah (g ai (N o O) P al (Q f R aj (S ai T f) af i)) v) (s (q U V (am am ab))) j (aa W) (j af (X a x)) Y ac
A B p u g C D (a w s e am c c y i w s e am c c y i w s e am c c y i w s e am c c y i w s e am c c y i w s e q) (ak q an aa u i ak (E y ag F c) ai (i G n ae) al (H n j ab) u) k v I t c (e s c t ad ae o ah aa (ai q) J q f) (ai (K r L t aa) j) M v c (d ah (g ai (N o O) P al (Q f R aj (S ai T f) af i)) v) (s (q U V (am am ab))) j (aa W) (j af (X a x)) Y ac
A B p u g C D (g ab ai am c c y i w s e am c c y i w s e am c c y i w s e am c c y i w s e am c c y i w s e am c c y i w s e q) (ak q an aa u i ak (E y ag F c) ai (i G n ae) al (H n j ab) u) k v I t c (e s c t ad ae o ah aa (ai q) J q f) (ai (K r L t aa) j) M v c (d ah (g ai (N o O) P al (Q f R aj (S ai T f) af i)) v) (s (q U V (am am ab))) j (aa W) (j af (X a x)) Y ac
A B p u g C D (a w s e am c c y i w s e am c c y i w s e am c c y i w s e am c c y i w s e am c c y i w s e am c c y i w s e q) (ak q an aa u i ak (E y ag F c) ai (i G n ae) al (H n j ab) u) k v I t c (e s c t ad ae o ah aa (ai q) J q f) (ai (K r L t aa) j) M v c (d ah (g ai (N o O) P al (Q f R aj (S ai T f) af i)) v) (s (q U V (am am ab))) j (aa W) (j af (X a x)) Y ac
A B p u g C D (g ab ai am c c y i w s e am c c y i w s e am c c y i w s e am c c y i w s e am c c y i w s e am c c y i w s e am c c y i w s e q) (ak q an aa u i ak (E y ag F c) ai (i G n ae) al (H n j ab) u) k v I t c (e s c t ad ae o ah aa (ai q) J q f) (ai (K r L t aa) j) M v c (d ah (g ai (N o O) P al (Q f R aj (S ai T f) af i)) v) (s (q U V (am am ab))) j (aa W) (j af (X a x)) Y ac
A B p u g C D (a w s e am c c y i w s e am c c y i w s e am c c y i w s e am c c y i w s e am c c y i w s e am c c y i w s e am c c y i w s e q) (ak q an aa u i ak (E y ag F c) ai (i G n ae) al (H n j ab) u) k v I t c (e s c t ad ae o ah aa (ai q) J q f) (ai (K r L t aa) j) M v c (d ah (g ai (N o O) P al (Q f R aj (S ai T f) af i)) v) (s (q U V (am am ab))) j (aa W) (j af (X a x)) Y ac
A B p u g C D (g ab ai am c c y i w s e am c c y i w s e am c c y i w s e am c c y i w s e am c c y i w s e am c c y i w s e am c c y i w s e am c c y i w s e q) (ak q an aa u i ak (E y ag F c) ai (i G n ae) al (H n j ab) u) k v I t c (e s c t ad ae o ah aa (ai q) J q f) (ai (K r L t aa) j) M v c (d ah (g ai (N o O) P al (Q f R aj (S ai T f) af i)) v) (s (q U V (am am ab))) j (aa W) (j af (X a x)) Y ac
A B p u g C D (a w s e am c c y i w s e am c c y i w s e am c c y i w s e am c c y i w s e am c c y i w s e am c c y i w s e am c c y i w s e am c c y i w s e q) (ak q an aa u i ak (E y ag F c) ai (i G n ae) al (H n j ab) u) k v I t c (e s c t ad ae o ah aa (ai q) J q f) (ai (K r L t aa) j) M v c (d ah (g ai (N o O) P al (Q f R aj (S ai T f) af i)) v) (s (q U V (am am ab))) j (aa W) (j af (X a x)) Y ac
A B p u g C D (g ab ai am c c y i w s e am c c y i w s e am c c y i w s e am c c y i w s e am c c y i w s e am c c y i w s e am c c y i w s e am c c y i w s e am c c y i w s e q) (ak q an aa u i ak (E y ag F c) ai (i G n ae) al (H n j ab) u) k v I t c (e s c t ad ae o ah aa (ai q) J q f) (ai (K r L t aa) j) M v c (d ah (g ai (N o O) P al (Q f R aj (S ai T f) af i)) v) (s (q U V (am am ab))) j (aa W) (j af (X a x)) Y ac
A B p u g C D (a w s e am c c y i w s e am c c y i w s e am c c y i w s e am c c y i w s e am c c y i w s e am c c y i w s e am c c y i w s e am c c y i w s e am c c y i w s e q) (ak q an aa u i ak (E y ag F c) ai (i G n ae) al (H n j ab) u) k v I t c (e s c t ad ae o ah aa (ai q) J q f) (ai (K r L t aa) j) M v c (d ah (g ai (N o O) P al (Q f R aj (S ai T f) af i)) v) (s (q U V (am am ab))) j (aa W) (j af (X a x)) Y ac
A B p u g C D (g ab ai am c c y i w s e am c c y i w s e am c c y i w s e am c c y i w s e am c c y i w s e am c c y i w s e am c c y i w s e am c c y i w s e am c c y i w s e am c c y i w s e q) (ak q an aa u i ak (E y ag F c) ai (i G n ae) al (H n j ab) u) k v I t c (e s c t ad ae o ah aa (ai q) J q f) (ai (K r L t aa) j) M v c (d ah (g ai (N o O) P al (Q f R aj (S ai T f) af i)) v) (s (q U V (am am ab))) j (aa W) (j af (X a x)) Y ac
A B p u g C D (a w s e am c c y i w s e am c c y i w s e am c c y i w s e am c c y i w s e am c c y i w s e am c c y i w s e am c c y i w s e am c c y i w s e am c c y i w s e am c c y i w s e q) (ak q an aa u i ak (E y ag F c) ai (i G n ae) al (H n j ab) u) k v I t c (e s c t ad ae o ah aa (ai q) J q f) (ai (K r L t aa) j) M v c (d ah (g ai (N o O) P al (Q f R aj (S ai T f) af i)) v) (s (q U V (am am ab))) j (aa W) (j af (X a x)) Y ac
A B p u g C D (g ab ai am c c y i w s e am c c y i w s e am c c y i w s e am c c y i w s e am c c y i w s e am c c y i w s e am c c y i w s e am c c y i w s e am c c y i w s e am c c y i w s e am c c y i w s e q) (ak q an aa u i ak (E y ag F c) ai (i G n ae) al (H n j ab) u) k v I t c (e s c t ad ae o ah aa (ai q) J q f) (ai (K r L t aa) j) M v c (d ah (g ai (N o O) P al (Q f R aj (S ai T f) af i)) v) (s (q U V (am am ab))) j (aa W) (j af (X a x)) Y ac
A B p u g C D (a w s e am c c y i w s e am c c y i w s e am c c y i w s e am c c y i w s e am c c y i w s e am c c y i w s e am c c y i w s e am c c y i w s e am c c y i w s e am c c y i w s e am c c y i w s e q) (ak q an aa u i ak (E y ag F c) ai (i G n ae) al (H n j ab) u) k v I t c (e s c t ad ae o ah aa (ai q) J q f) (ai (K r L t aa) j) M v c (d ah (g ai (N o O) P al (Q f R aj (S ai T f) af i)) v) (s (q U V (am am ab))) j (aa W) (j af (X a x)) Y ac
A B p u g C D (g ab ai am c c y i w s e am c c y i w s e am c c y i w s e am c c y i w s e am c c y i w s e am c c y i w s e am c c y i w s e am c c y i w s e am c c y i w s e am c c y i w s e am c c y i w s e am c c y i w s e q) (ak q an aa u i ak (E y ag F c) ai (i G n ae) al (H n j ab) u) k v I t c (e s c t ad ae o ah aa (ai q) J q f) (ai (K r L t aa) j) M v c (d ah (g ai (N o O) P al (Q f R aj (S ai T f) af i)) v) (s (q U V (am am ab))) j (aa W) (j af (X a x)) Y ac
A B p u g C D (a w s e am c c y i w s e am c c y i w s e am c c y i w s e am c c y i w s e am c c y i w s e am c c y i w s e am c c y i w s e am c c y i w s e am c c y i w s e am c c y i w s e am c c y i w s e am c c y i w s e q) (ak q an aa u i ak (E y ag F c) ai (i G n ae) al (H n j ab) u) k v I t c (e s c t ad ae o ah aa (ai q) J q f) (ai (K r L t aa) j) M v c (d ah (g ai (N o O) P al (Q f R aj (S ai T f) af i)) v) (s (q U V (am am ab))) j (aa W) (j af (X a x)) Y ac
A B p u g C D (g ab ai am c c y i w s e am c c y i w s e am c c y i w s e am c c y i w s e am c c y i w s e am c c y i w s e am c c y i w s e am c c y i w s e am c c y i w s e am c c y i w s e am c c y i w s e am c c y i w s e am c c y i w s e q) (ak q an aa u i ak (E y ag F c) ai (i G n ae) al (H n j ab) u) k v I t c (e s c t ad ae o ah aa (ai q) J q f) (ai (K r L t aa) j) M v c (d ah (g ai (N o O) P al (Q f R aj (S ai T f) af i)) v) (s (q U V (am am ab))) j (aa W) (j af (X a x)) Y ac
A B p u g C D (a w s e am c c y i w s e am c c y i w s e am c c y i w s e am c c y i w s e am c c y i w s e am c c y i w s e am c c y i w s e am c c y i w s e am c c y i w s e am c c y i w s e am c c y i w s e am c c y i w s e am c c y i w s e q) (ak q an aa u i ak (E y ag F c) ai (i G n ae) al (H n j ab) u) k v I t c (e s c t ad ae o ah aa (ai q) J q f) (ai (K r L t aa) j) M v c (d ah (g ai (N o O) P al (Q f R aj (S ai T f) af i)) v) (s (q U V (am am ab))) j (aa W) (j af (X a x)) Y ac
A B p u g C D (g ab ai am c c y i w s e am c c y i w s e am c c y i w s e am c c y i w s e am c c y i w s e am c c y i w s e am c c y i w s e am c c y i w s e am c c y i w s e am c c y i w s e am c c y i w s e am c c y i w s e am c c y i w s e am c c y i w s e q) (ak q an aa u i ak (E y ag F c) ai (i G n ae) al (H n j ab) u) k v I t c (e s c t ad ae o ah aa (ai q) J q f) (ai (K r L t aa) j) M v c (d ah (g ai (N o O) P al (Q f R aj (S ai T f) af i)) v) (s (q U V (am am ab))) j (aa W) (j af (X a x)) Y ac
A B p u g C D (a w s e am c c y i w s e am c c y i w s e am c c y i w s e am c c y i w s e am c c y i w s e am c c y i w s e am c c y i w s e am c c y i w s e am c c y i w s e am c c y i w s e am c c y i w s e am c c y i w s e am c c y i w s e am c c y i w s e q) (ak q an aa u i ak (E y ag F c) ai (i G n ae) al (H n j ab) u) k v I t c (e s c t ad ae o ah aa (ai q) J q f) (ai (K r L t aa) j) M v c (d ah (g ai (N o O) P al (Q f R aj (S ai T f) af i)) v) (s (q U V (am am ab))) j (aa W) (j af (X a x)) Y ac


