p ar au ao ap at aq t (ap ag m au (an ah g au (am ar ab q)))
d aq ar au ao ap at o ak r ap u j w k ag g f au e
ak ap ao x x
ab ap ao aq i t i c i l aj x al a
t ao ap a af (ao q (w n o))
af ao ag o x (am (c p) (s p) z u aj)
f aq at av ap ar au ao n aq j ah at x ak d (an d ag ap)
c at ap ao aq ar au ac at (ak r ae al aj) ag k (l aj o)
o ap ao w ae (ap z ak ad al e ap v h ab s)
u i ak j f (q i p d (ah ad)) (al ae ad)
r ap at au ao ar aq ap ar o f z y s n e q u
ai ao aq ar ap p af aq (d (ah (i ad) i)) n r (ap q ac)
b ao ao
e ao af (x a ah aa g q g (am ao)) af h
al aq ap av ao ar at au o (t am ah) c o ac
g ao ap aq s (s ap) q i n
ac ap au ao ar aq at o r aa x j
ae au ar aq at ap ao ah ag s h
a ao ar ap aq ah ac m e w q y l q y ah ao
l ao ap aq k z w i
z aq ao ap r ad (ao ap) i ai af ae (t l p) i ae
x ao au aq ap at ar q ak ao (s (i c al)) (v i aa j)
ah ao aq ap ae e m ao ai
m j e (u (ag (aj an (ai ad ab ah t a o))))
h ar ao aq ap b f
k aq ao at au ar ap af aj v a aq (aj g u) m al x v
main ah q k (f j (A a) (af (B c (j ad (i am u m ai g a (f g) (f x) (C D am (f (f E (t k an x x am F n y v (q (o ad)) (al (an ak (ak ac (f p y b l ae) v j G) an q) m (g w q a x l ae H aa p (ae j x) (g g c ae)) b h y) aj) I ai (p c J (K k l aa af) k am) ah ab l) f) af) u L z)))))
y u d (ab ah c ah) ab l al t
ad k g af ai ae y
aj q ab ah ak (ak e (ag p f))
s ap ao ad (x g) ap an ab am k (am aj ag)
n at aq au av ar ap ao y r (ad ao c) au an at
aa aq av ap ao at au ar ae z v j (y a)
w aq ap ao v g ac y
j ao at aq ap ar i c ad a
ag ao ap ap af k y ao m an (aj g b) t
q ap ao aq d ag h v y (am m ac ah) af ad c
i ao at ar aq ap m d p u (j ao)
an av au aq at ao ap ar ae au y ak ap o (t (a aj)) ah au a
am au ao aq ap at ar t x o (ar (ad au y ab j) aj d) h
v ar ao aq ap j d m ab ac k ac ah
------------------------------------------------------------
ah q k (f j (A a) (af (B c (j ad (i am u m ai g a (f g) (f x) (C D am (f (f E (t k an x x am F n y v (q (o ad)) (al (an ak (ak ac (f p y b l ae) v j G) an q) m (g w q a x l ae H aa p (ae j x) (g g c ae)) b h y) aj) I ai (p c J (K k l aa af) k am) ah ab l) f) af) u L z)))))
ae e m q ai


