a ae af = f z b w ae q r
b = m s
c af ae ai ah ag = d v k s
d = e
e ag ai ae af ah = s q r (ae f c)
f ae ah ag af = m ab u aa r
g af ae ag = i v aa j (i (ag x)) ag y e
h ae af ag ai ah = g k r
i ae ag af ah = v ag (a ab e) g
j ae = k g m l m w r n z
k af ae ag ah = z ag l
l ae ah af ag = ab
m ae = t c r y ae
n af ae = a
o ae ah af ag ai = ai
p ai ag af ah ae = aa aa k m m ae e ae d aa
q ae af ag = a
r af ae ag ah = ag af ad v b
s ai af ag ah ae = ac u w a v k aa c
t ae = n
u af ag ae = ac (af m q w o h) x ae
v ai ae ah af ag = w i j
w ag ai ae ah af = g (p e d) (z k)
x af ah ai ag ae = t af (ac v) ai ad
y ae af = x af
z af ae = ae e o (y w k) e g af w
aa ae = m j (n i)
ab ae = v b p d r
ac = n i
ad = a (n m) (k t z)
main = A w v w (j (p (f B (v e q)) C) (D (E F p (G q p (H r m I J ac b) h c c s c)) n ac (t K i L M N q) x ad (O P e)) ab (Q R o)) t ad S e T b U w (V W X Y d Z ac) e i AA j v p n h AB k AC k AD y (AE AF AG e AH m) (AI a j (x q g v) p AJ v AK j) a (AL p) AM
------------------------------------------------------------
A w v w (j (p (f B (v e q)) C) (D (E F p (G q p (H r m I J ac b) h c c s c)) n ac (t K i L M N q) x ad (O P e)) ab (Q R o)) t ad S e T b U w (V W X Y d Z ac) e i AA j v p n h AB k AC k AD y (AE AF AG e AH m) (AI a j (x q g v) p AJ v AK j) a (AL p) AM
A w v w (k g m l m w r n z (D (E F p (G q p (H r m I J ac b) h c c s c)) n ac (t K i L M N q) x ad (O P e)) ab (Q R o)) t ad S e T b U w (V W X Y d Z ac) e i AA j v p n h AB k AC k AD y (AE AF AG e AH m) (AI a j (x q g v) p AJ v AK j) a (AL p) AM
A w v w (z l l w r n z (D (E F p (G q p (H r m I J ac b) h c c s c)) n ac (t K i L M N q) x ad (O P e)) ab (Q R o)) t ad S e T b U w (V W X Y d Z ac) e i AA j v p n h AB k AC k AD y (AE AF AG e AH m) (AI a j (x q g v) p AJ v AK j) a (AL p) AM
A w v w (l e o (y w k) e g l w w r n z (D (E F p (G q p (H r m I J ac b) h c c s c)) n ac (t K i L M N q) x ad (O P e)) ab (Q R o)) t ad S e T b U w (V W X Y d Z ac) e i AA j v p n h AB k AC k AD y (AE AF AG e AH m) (AI a j (x q g v) p AJ v AK j) a (AL p) AM
A w v w (ab g l w w r n z (D (E F p (G q p (H r m I J ac b) h c c s c)) n ac (t K i L M N q) x ad (O P e)) ab (Q R o)) t ad S e T b U w (V W X Y d Z ac) e i AA j v p n h AB k AC k AD y (AE AF AG e AH m) (AI a j (x q g v) p AJ v AK j) a (AL p) AM
A w v w (v b p d r l w w r n z (D (E F p (G q p (H r m I J ac b) h c c s c)) n ac (t K i L M N q) x ad (O P e)) ab (Q R o)) t ad S e T b U w (V W X Y d Z ac) e i AA j v p n h AB k AC k AD y (AE AF AG e AH m) (AI a j (x q g v) p AJ v AK j) a (AL p) AM
A w v w (w i j w w r n z (D (E F p (G q p (H r m I J ac b) h c c s c)) n ac (t K i L M N q) x ad (O P e)) ab (Q R o)) t ad S e T b U w (V W X Y d Z ac) e i AA j v p n h AB k AC k AD y (AE AF AG e AH m) (AI a j (x q g v) p AJ v AK j) a (AL p) AM
A w v w (g (p e d) (z k) n z (D (E F p (G q p (H r m I J ac b) h c c s c)) n ac (t K i L M N q) x ad (O P e)) ab (Q R o)) t ad S e T b U w (V W X Y d Z ac) e i AA j v p n h AB k AC k AD y (AE AF AG e AH m) (AI a j (x q g v) p AJ v AK j) a (AL p) AM
A w v w (i v aa j (i (n x)) n y e z (D (E F p (G q p (H r m I J ac b) h c c s c)) n ac (t K i L M N q) x ad (O P e)) ab (Q R o)) t ad S e T b U w (V W X Y d Z ac) e i AA j v p n h AB k AC k AD y (AE AF AG e AH m) (AI a j (x q g v) p AJ v AK j) a (AL p) AM
A w v w (v aa (a ab e) g n y e z (D (E F p (G q p (H r m I J ac b) h c c s c)) n ac (t K i L M N q) x ad (O P e)) ab (Q R o)) t ad S e T b U w (V W X Y d Z ac) e i AA j v p n h AB k AC k AD y (AE AF AG e AH m) (AI a j (x q g v) p AJ v AK j) a (AL p) AM
A w v w (w i j e z (D (E F p (G q p (H r m I J ac b) h c c s c)) n ac (t K i L M N q) x ad (O P e)) ab (Q R o)) t ad S e T b U w (V W X Y d Z ac) e i AA j v p n h AB k AC k AD y (AE AF AG e AH m) (AI a j (x q g v) p AJ v AK j) a (AL p) AM
A w v w (g (p e d) (z k) ab (Q R o)) t ad S e T b U w (V W X Y d Z ac) e i AA j v p n h AB k AC k AD y (AE AF AG e AH m) (AI a j (x q g v) p AJ v AK j) a (AL p) AM
A w v w (i v aa j (i (ab x)) ab y e (Q R o)) t ad S e T b U w (V W X Y d Z ac) e i AA j v p n h AB k AC k AD y (AE AF AG e AH m) (AI a j (x q g v) p AJ v AK j) a (AL p) AM
A w v w (v aa (a ab e) g ab y e (Q R o)) t ad S e T b U w (V W X Y d Z ac) e i AA j v p n h AB k AC k AD y (AE AF AG e AH m) (AI a j (x q g v) p AJ v AK j) a (AL p) AM
A w v w (w i j e (Q R o)) t ad S e T b U w (V W X Y d Z ac) e i AA j v p n h AB k AC k AD y (AE AF AG e AH m) (AI a j (x q g v) p AJ v AK j) a (AL p) AM
A w v w (w i j e (Q R o)) t (a (n m) (k t z)) S e T b U w (V W X Y d Z ac) e i AA j v p n h AB k AC k AD y (AE AF AG e AH m) (AI a j (x q g v) p AJ v AK j) a (AL p) AM
A w v w (w i j e (Q R o)) t (f z b w (n m) q r) S e T b U w (V W X Y d Z ac) e i AA j v p n h AB k AC k AD y (AE AF AG e AH m) (AI a j (x q g v) p AJ v AK j) a (AL p) AM
A w v w (w i j e (Q R o)) t (m ab u aa r q r) S e T b U w (V W X Y d Z ac) e i AA j v p n h AB k AC k AD y (AE AF AG e AH m) (AI a j (x q g v) p AJ v AK j) a (AL p) AM
A w v w (w i j e (Q R o)) t (t c r y ab u aa r q r) S e T b U w (V W X Y d Z ac) e i AA j v p n h AB k AC k AD y (AE AF AG e AH m) (AI a j (x q g v) p AJ v AK j) a (AL p) AM
A w v w (w i j e (Q R o)) t (n r y ab u aa r q r) S e T b U w (V W X Y d Z ac) e i AA j v p n h AB k AC k AD y (AE AF AG e AH m) (AI a j (x q g v) p AJ v AK j) a (AL p) AM
A w v w (w i j e (Q R o)) t (a ab u aa r q r) S e T b U w (V W X Y d Z ac) e i AA j v p n h AB k AC k AD y (AE AF AG e AH m) (AI a j (x q g v) p AJ v AK j) a (AL p) AM
A w v w (w i j e (Q R o)) t (f z b w ab q r aa r q r) S e T b U w (V W X Y d Z ac) e i AA j v p n h AB k AC k AD y (AE AF AG e AH m) (AI a j (x q g v) p AJ v AK j) a (AL p) AM
A w v w (w i j e (Q R o)) t (m ab u aa r q r aa r q r) S e T b U w (V W X Y d Z ac) e i AA j v p n h AB k AC k AD y (AE AF AG e AH m) (AI a j (x q g v) p AJ v AK j) a (AL p) AM
A w v w (w i j e (Q R o)) t (t c r y ab u aa r q r aa r q r) S e T b U w (V W X Y d Z ac) e i AA j v p n h AB k AC k AD y (AE AF AG e AH m) (AI a j (x q g v) p AJ v AK j) a (AL p) AM
A w v w (w i j e (Q R o)) t (n r y ab u aa r q r aa r q r) S e T b U w (V W X Y d Z ac) e i AA j v p n h AB k AC k AD y (AE AF AG e AH m) (AI a j (x q g v) p AJ v AK j) a (AL p) AM
A w v w (w i j e (Q R o)) t (a ab u aa r q r aa r q r) S e T b U w (V W X Y d Z ac) e i AA j v p n h AB k AC k AD y (AE AF AG e AH m) (AI a j (x q g v) p AJ v AK j) a (AL p) AM
A w v w (w i j e (Q R o)) t (f z b w ab q r aa r q r aa r q r) S e T b U w (V W X Y d Z ac) e i AA j v p n h AB k AC k AD y (AE AF AG e AH m) (AI a j (x q g v) p AJ v AK j) a (AL p) AM
A w v w (w i j e (Q R o)) t (m ab u aa r q r aa r q r aa r q r) S e T b U w (V W X Y d Z ac) e i AA j v p n h AB k AC k AD y (AE AF AG e AH m) (AI a j (x q g v) p AJ v AK j) a (AL p) AM
A w v w (w i j e (Q R o)) t (t c r y ab u aa r q r aa r q r aa r q r) S e T b U w (V W X Y d Z ac) e i AA j v p n h AB k AC k AD y (AE AF AG e AH m) (AI a j (x q g v) p AJ v AK j) a (AL p) AM
A w v w (w i j e (Q R o)) t (n r y ab u aa r q r aa r q r aa r q r) S e T b U w (V W X Y d Z ac) e i AA j v p n h AB k AC k AD y (AE AF AG e AH m) (AI a j (x q g v) p AJ v AK j) a (AL p) AM


