aj ao ap d ad p y c c ap an ac ah
c ao aq ap a d (ab ae) i (q af aa ak f) (t y ap)
b y ag ag h n ac ah ai c m c ab aa
ag au ap ar ao at av aq ae am d c s h af w aq
af ar ao ap at aq q t b l o aq
g ap ao ak j am
k ap ao aq p q a d p (t x)
a ao al al aa ak p i c v d o ab e
l ap ao aq ar q g u (af j) ak ae ac j aa af ar b
x aq ao ar ap at au y u an o v
ak ar aq at ao ap w j ah (s ao y ac)
am ao z ak (ah y) ae j
y ao ad k al ah g ao k al ao ah ab ao u
f ap ao d l aj p (a g am n s)
o ap ao aq z j (t z f am w)
main ae ac ag (y p A g) B C aj y a g ak f D t u ak b aj E F (ak (t (c h al G f z (H aa ah n) z c) an c) s t ah i ae z l (I am al (ak l) J (i ah r b (K ad aj y aa x an e c) (ag k) L l (M ad N) h (O al (k an t ab y l) (P al Q (b ae ak w) R d (x af S x) T) p s i m)) f))
ai ao ae b q t ak m o n j
d ap ao aq n h w h i z c ai (ap ae ae)
w ao ap aq l e m ai f aq b d
ae ap at av ao aq ar au k o p o j (d n (m w n) h o q)
ac ap ao x u
r ao ap ad q d (z i ao l z i a ak)
an ao t (c h) q (m i aa n) d
i ar ap aq ao ak (af ac ap) g c am ak aj
ah ap at aq ao au ar aq t f v ar
ad ar ap aq ao r x (o r aq u) x j
n ap aq ar ao g ad ae al p d (am ao aa)
aa ao am ak an ao c c u d ao
m aq ap ao ar af c (am ah l y) an ag
al ao p h z y aj (w ao) ab (c ao v) m
h aq ap ao at ar aj
t aq ao ap ai d (y p (ao f) o)
p ap aq ao d ak f t v aj
ab aq av at ar au ao ap ai ad e s c aa b ac
u ap at ao ar aq au aq (au aj w l) g t (am at ae ag)
v at au ao aq ar ap au p o e t ar ap am
e aq ao at ap au ar ar t u a ap ah u v h aj p j ar
z aq ao ap ar an aj ak ad f ab n m
j ao l ah (i aj) (z ae (p ai ao) k i ao)
q d n (af ah ae h n)
s ao ap ah w t (k t ao f (e p l p))
------------------------------------------------------------
ae ac ag (y p A g) B C aj y a g ak f D t u ak b aj E F (ak (t (c h al G f z (H aa ah n) z c) an c) s t ah i ae z l (I am al (ak l) J (i ah r b (K ad aj y aa x an e c) (ag k) L l (M ad N) h (O al (k an t ab y l) (P al Q (b ae ak w) R d (x af S x) T) p s i m)) f))
k o p o j (d n (m w n) h o q) a g ak f D t u ak b aj E F (ak (t (c h al G f z (H aa ah n) z c) an c) s t ah i ae z l (I am al (ak l) J (i ah r b (K ad aj y aa x an e c) (ag k) L l (M ad N) h (O al (k an t ab y l) (P al Q (b ae ak w) R d (x af S x) T) p s i m)) f))
p q a d p (t x) j (d n (m w n) h o q) a g ak f D t u ak b aj E F (ak (t (c h al G f z (H aa ah n) z c) an c) s t ah i ae z l (I am al (ak l) J (i ah r b (K ad aj y aa x an e c) (ag k) L l (M ad N) h (O al (k an t ab y l) (P al Q (b ae ak w) R d (x af S x) T) p s i m)) f))
d ak f t v aj p (t x) j (d n (m w n) h o q) a g ak f D t u ak b aj E F (ak (t (c h al G f z (H aa ah n) z c) an c) s t ah i ae z l (I am al (ak l) J (i ah r b (K ad aj y aa x an e c) (ag k) L l (M ad N) h (O al (k an t ab y l) (P al Q (b ae ak w) R d (x af S x) T) p s i m)) f))
n h w h i z c ai (ak ae ae) v aj p (t x) j (d n (m w n) h o q) a g ak f D t u ak b aj E F (ak (t (c h al G f z (H aa ah n) z c) an c) s t ah i ae z l (I am al (ak l) J (i ah r b (K ad aj y aa x an e c) (ag k) L l (M ad N) h (O al (k an t ab y l) (P al Q (b ae ak w) R d (x af S x) T) p s i m)) f))
g ad ae al p d (am i aa) z c ai (ak ae ae) v aj p (t x) j (d n (m w n) h o q) a g ak f D t u ak b aj E F (ak (t (c h al G f z (H aa ah n) z c) an c) s t ah i ae z l (I am al (ak l) J (i ah r b (K ad aj y aa x an e c) (ag k) L l (M ad N) h (O al (k an t ab y l) (P al Q (b ae ak w) R d (x af S x) T) p s i m)) f))
ak j am al p d (am i aa) z c ai (ak ae ae) v aj p (t x) j (d n (m w n) h o q) a g ak f D t u ak b aj E F (ak (t (c h al G f z (H aa ah n) z c) an c) s t ah i ae z l (I am al (ak l) J (i ah r b (K ad aj y aa x an e c) (ag k) L l (M ad N) h (O al (k an t ab y l) (P al Q (b ae ak w) R d (x af S x) T) p s i m)) f))
w j ah (s p y ac) (am i aa) z c ai (ak ae ae) v aj p (t x) j (d n (m w n) h o q) a g ak f D t u ak b aj E F (ak (t (c h al G f z (H aa ah n) z c) an c) s t ah i ae z l (I am al (ak l) J (i ah r b (K ad aj y aa x an e c) (ag k) L l (M ad N) h (O al (k an t ab y l) (P al Q (b ae ak w) R d (x af S x) T) p s i m)) f))
l e m ai f (s p y ac) b d (am i aa) z c ai (ak ae ae) v aj p (t x) j (d n (m w n) h o q) a g ak f D t u ak b aj E F (ak (t (c h al G f z (H aa ah n) z c) an c) s t ah i ae z l (I am al (ak l) J (i ah r b (K ad aj y aa x an e c) (ag k) L l (M ad N) h (O al (k an t ab y l) (P al Q (b ae ak w) R d (x af S x) T) p s i m)) f))
q g u (af j) ak ae ac j aa af f b (s p y ac) b d (am i aa) z c ai (ak ae ae) v aj p (t x) j (d n (m w n) h o q) a g ak f D t u ak b aj E F (ak (t (c h al G f z (H aa ah n) z c) an c) s t ah i ae z l (I am al (ak l) J (i ah r b (K ad aj y aa x an e c) (ag k) L l (M ad N) h (O al (k an t ab y l) (P al Q (b ae ak w) R d (x af S x) T) p s i m)) f))
d n (af ah ae h n) g u (af j) ak ae ac j aa af f b (s p y ac) b d (am i aa) z c ai (ak ae ae) v aj p (t x) j (d n (m w n) h o q) a g ak f D t u ak b aj E F (ak (t (c h al G f z (H aa ah n) z c) an c) s t ah i ae z l (I am al (ak l) J (i ah r b (K ad aj y aa x an e c) (ag k) L l (M ad N) h (O al (k an t ab y l) (P al Q (b ae ak w) R d (x af S x) T) p s i m)) f))
n h w h i z c ai (n ae ae) u (af j) ak ae ac j aa af f b (s p y ac) b d (am i aa) z c ai (ak ae ae) v aj p (t x) j (d n (m w n) h o q) a g ak f D t u ak b aj E F (ak (t (c h al G f z (H aa ah n) z c) an c) s t ah i ae z l (I am al (ak l) J (i ah r b (K ad aj y aa x an e c) (ag k) L l (M ad N) h (O al (k an t ab y l) (P al Q (b ae ak w) R d (x af S x) T) p s i m)) f))
g ad ae al p d (am i aa) z c ai (n ae ae) u (af j) ak ae ac j aa af f b (s p y ac) b d (am i aa) z c ai (ak ae ae) v aj p (t x) j (d n (m w n) h o q) a g ak f D t u ak b aj E F (ak (t (c h al G f z (H aa ah n) z c) an c) s t ah i ae z l (I am al (ak l) J (i ah r b (K ad aj y aa x an e c) (ag k) L l (M ad N) h (O al (k an t ab y l) (P al Q (b ae ak w) R d (x af S x) T) p s i m)) f))
ak j am al p d (am i aa) z c ai (n ae ae) u (af j) ak ae ac j aa af f b (s p y ac) b d (am i aa) z c ai (ak ae ae) v aj p (t x) j (d n (m w n) h o q) a g ak f D t u ak b aj E F (ak (t (c h al G f z (H aa ah n) z c) an c) s t ah i ae z l (I am al (ak l) J (i ah r b (K ad aj y aa x an e c) (ag k) L l (M ad N) h (O al (k an t ab y l) (P al Q (b ae ak w) R d (x af S x) T) p s i m)) f))
w j ah (s p y ac) (am i aa) z c ai (n ae ae) u (af j) ak ae ac j aa af f b (s p y ac) b d (am i aa) z c ai (ak ae ae) v aj p (t x) j (d n (m w n) h o q) a g ak f D t u ak b aj E F (ak (t (c h al G f z (H aa ah n) z c) an c) s t ah i ae z l (I am al (ak l) J (i ah r b (K ad aj y aa x an e c) (ag k) L l (M ad N) h (O al (k an t ab y l) (P al Q (b ae ak w) R d (x af S x) T) p s i m)) f))
l e m ai f (s p y ac) b d (am i aa) z c ai (n ae ae) u (af j) ak ae ac j aa af f b (s p y ac) b d (am i aa) z c ai (ak ae ae) v aj p (t x) j (d n (m w n) h o q) a g ak f D t u ak b aj E F (ak (t (c h al G f z (H aa ah n) z c) an c) s t ah i ae z l (I am al (ak l) J (i ah r b (K ad aj y aa x an e c) (ag k) L l (M ad N) h (O al (k an t ab y l) (P al Q (b ae ak w) R d (x af S x) T) p s i m)) f))
q g u (af j) ak ae ac j aa af f b (s p y ac) b d (am i aa) z c ai (n ae ae) u (af j) ak ae ac j aa af f b (s p y ac) b d (am i aa) z c ai (ak ae ae) v aj p (t x) j (d n (m w n) h o q) a g ak f D t u ak b aj E F (ak (t (c h al G f z (H aa ah n) z c) an c) s t ah i ae z l (I am al (ak l) J (i ah r b (K ad aj y aa x an e c) (ag k) L l (M ad N) h (O al (k an t ab y l) (P al Q (b ae ak w) R d (x af S x) T) p s i m)) f))
d n (af ah ae h n) g u (af j) ak ae ac j aa af f b (s p y ac) b d (am i aa) z c ai (n ae ae) u (af j) ak ae ac j aa af f b (s p y ac) b d (am i aa) z c ai (ak ae ae) v aj p (t x) j (d n (m w n) h o q) a g ak f D t u ak b aj E F (ak (t (c h al G f z (H aa ah n) z c) an c) s t ah i ae z l (I am al (ak l) J (i ah r b (K ad aj y aa x an e c) (ag k) L l (M ad N) h (O al (k an t ab y l) (P al Q (b ae ak w) R d (x af S x) T) p s i m)) f))
n h w h i z c ai (n ae ae) u (af j) ak ae ac j aa af f b (s p y ac) b d (am i aa) z c ai (n ae ae) u (af j) ak ae ac j aa af f b (s p y ac) b d (am i aa) z c ai (ak ae ae) v aj p (t x) j (d n (m w n) h o q) a g ak f D t u ak b aj E F (ak (t (c h al G f z (H aa ah n) z c) an c) s t ah i ae z l (I am al (ak l) J (i ah r b (K ad aj y aa x an e c) (ag k) L l (M ad N) h (O al (k an t ab y l) (P al Q (b ae ak w) R d (x af S x) T) p s i m)) f))
g ad ae al p d (am i aa) z c ai (n ae ae) u (af j) ak ae ac j aa af f b (s p y ac) b d (am i aa) z c ai (n ae ae) u (af j) ak ae ac j aa af f b (s p y ac) b d (am i aa) z c ai (ak ae ae) v aj p (t x) j (d n (m w n) h o q) a g ak f D t u ak b aj E F (ak (t (c h al G f z (H aa ah n) z c) an c) s t ah i ae z l (I am al (ak l) J (i ah r b (K ad aj y aa x an e c) (ag k) L l (M ad N) h (O al (k an t ab y l) (P al Q (b ae ak w) R d (x af S x) T) p s i m)) f))
ak j am al p d (am i aa) z c ai (n ae ae) u (af j) ak ae ac j aa af f b (s p y ac) b d (am i aa) z c ai (n ae ae) u (af j) ak ae ac j aa af f b (s p y ac) b d (am i aa) z c ai (ak ae ae) v aj p (t x) j (d n (m w n) h o q) a g ak f D t u ak b aj E F (ak (t (c h al G f z (H aa ah n) z c) an c) s t ah i ae z l (I am al (ak l) J (i ah r b (K ad aj y aa x an e c) (ag k) L l (M ad N) h (O al (k an t ab y l) (P al Q (b ae ak w) R d (x af S x) T) p s i m)) f))
w j ah (s p y ac) (am i aa) z c ai (n ae ae) u (af j) ak ae ac j aa af f b (s p y ac) b d (am i aa) z c ai (n ae ae) u (af j) ak ae ac j aa af f b (s p y ac) b d (am i aa) z c ai (ak ae ae) v aj p (t x) j (d n (m w n) h o q) a g ak f D t u ak b aj E F (ak (t (c h al G f z (H aa ah n) z c) an c) s t ah i ae z l (I am al (ak l) J (i ah r b (K ad aj y aa x an e c) (ag k) L l (M ad N) h (O al (k an t ab y l) (P al Q (b ae ak w) R d (x af S x) T) p s i m)) f))
l e m ai f (s p y ac) b d (am i aa) z c ai (n ae ae) u (af j) ak ae ac j aa af f b (s p y ac) b d (am i aa) z c ai (n ae ae) u (af j) ak ae ac j aa af f b (s p y ac) b d (am i aa) z c ai (ak ae ae) v aj p (t x) j (d n (m w n) h o q) a g ak f D t u ak b aj E F (ak (t (c h al G f z (H aa ah n) z c) an c) s t ah i ae z l (I am al (ak l) J (i ah r b (K ad aj y aa x an e c) (ag k) L l (M ad N) h (O al (k an t ab y l) (P al Q (b ae ak w) R d (x af S x) T) p s i m)) f))
q g u (af j) ak ae ac j aa af f b (s p y ac) b d (am i aa) z c ai (n ae ae) u (af j) ak ae ac j aa af f b (s p y ac) b d (am i aa) z c ai (n ae ae) u (af j) ak ae ac j aa af f b (s p y ac) b d (am i aa) z c ai (ak ae ae) v aj p (t x) j (d n (m w n) h o q) a g ak f D t u ak b aj E F (ak (t (c h al G f z (H aa ah n) z c) an c) s t ah i ae z l (I am al (ak l) J (i ah r b (K ad aj y aa x an e c) (ag k) L l (M ad N) h (O al (k an t ab y l) (P al Q (b ae ak w) R d (x af S x) T) p s i m)) f))
d n (af ah ae h n) g u (af j) ak ae ac j aa af f b (s p y ac) b d (am i aa) z c ai (n ae ae) u (af j) ak ae ac j aa af f b (s p y ac) b d (am i aa) z c ai (n ae ae) u (af j) ak ae ac j aa af f b (s p y ac) b d (am i aa) z c ai (ak ae ae) v aj p (t x) j (d n (m w n) h o q) a g ak f D t u ak b aj E F (ak (t (c h al G f z (H aa ah n) z c) an c) s t ah i ae z l (I am al (ak l) J (i ah r b (K ad aj y aa x an e c) (ag k) L l (M ad N) h (O al (k an t ab y l) (P al Q (b ae ak w) R d (x af S x) T) p s i m)) f))
n h w h i z c ai (n ae ae) u (af j) ak ae ac j aa af f b (s p y ac) b d (am i aa) z c ai (n ae ae) u (af j) ak ae ac j aa af f b (s p y ac) b d (am i aa) z c ai (n ae ae) u (af j) ak ae ac j aa af f b (s p y ac) b d (am i aa) z c ai (ak ae ae) v aj p (t x) j (d n (m w n) h o q) a g ak f D t u ak b aj E F (ak (t (c h al G f z (H aa ah n) z c) an c) s t ah i ae z l (I am al (ak l) J (i ah r b (K ad aj y aa x an e c) (ag k) L l (M ad N) h (O al (k an t ab y l) (P al Q (b ae ak w) R d (x af S x) T) p s i m)) f))
g ad ae al p d (am i aa) z c ai (n ae ae) u (af j) ak ae ac j aa af f b (s p y ac) b d (am i aa) z c ai (n ae ae) u (af j) ak ae ac j aa af f b (s p y ac) b d (am i aa) z c ai (n ae ae) u (af j) ak ae ac j aa af f b (s p y ac) b d (am i aa) z c ai (ak ae ae) v aj p (t x) j (d n (m w n) h o q) a g ak f D t u ak b aj E F (ak (t (c h al G f z (H aa ah n) z c) an c) s t ah i ae z l (I am al (ak l) J (i ah r b (K ad aj y aa x an e c) (ag k) L l (M ad N) h (O al (k an t ab y l) (P al Q (b ae ak w) R d (x af S x) T) p s i m)) f))
ak j am al p d (am i aa) z c ai (n ae ae) u (af j) ak ae ac j aa af f b (s p y ac) b d (am i aa) z c ai (n ae ae) u (af j) ak ae ac j aa af f b (s p y ac) b d (am i aa) z c ai (n ae ae) u (af j) ak ae ac j aa af f b (s p y ac) b d (am i aa) z c ai (ak ae ae) v aj p (t x) j (d n (m w n) h o q) a g ak f D t u ak b aj E F (ak (t (c h al G f z (H aa ah n) z c) an c) s t ah i ae z l (I am al (ak l) J (i ah r b (K ad aj y aa x an e c) (ag k) L l (M ad N) h (O al (k an t ab y l) (P al Q (b ae ak w) R d (x af S x) T) p s i m)) f))
w j ah (s p y ac) (am i aa) z c ai (n ae ae) u (af j) ak ae ac j aa af f b (s p y ac) b d (am i aa) z c ai (n ae ae) u (af j) ak ae ac j aa af f b (s p y ac) b d (am i aa) z c ai (n ae ae) u (af j) ak ae ac j aa af f b (s p y ac) b d (am i aa) z c ai (ak ae ae) v aj p (t x) j (d n (m w n) h o q) a g ak f D t u ak b aj E F (ak (t (c h al G f z (H aa ah n) z c) an c) s t ah i ae z l (I am al (ak l) J (i ah r b (K ad aj y aa x an e c) (ag k) L l (M ad N) h (O al (k an t ab y l) (P al Q (b ae ak w) R d (x af S x) T) p s i m)) f))
l e m ai f (s p y ac) b d (am i aa) z c ai (n ae ae) u (af j) ak ae ac j aa af f b (s p y ac) b d (am i aa) z c ai (n ae ae) u (af j) ak ae ac j aa af f b (s p y ac) b d (am i aa) z c ai (n ae ae) u (af j) ak ae ac j aa af f b (s p y ac) b d (am i aa) z c ai (ak ae ae) v aj p (t x) j (d n (m w n) h o q) a g ak f D t u ak b aj E F (ak (t (c h al G f z (H aa ah n) z c) an c) s t ah i ae z l (I am al (ak l) J (i ah r b (K ad aj y aa x an e c) (ag k) L l (M ad N) h (O al (k an t ab y l) (P al Q (b ae ak w) R d (x af S x) T) p s i m)) f))


