aa = j c y af g
aj aq ar av at ap ao au = av m (an x e c)
an aq at ap ao ar = p (z p (j l ao v b) (a k) ab)
q ar aq ao au ap av at = al z (ao (au (ac z s o)))
o ap aq ao = ag a z ao
l = f o f a m j t aj a o ak
k ar ap aq ao = ah (m (af i ar ab) g aq u ag)
ad aq ap ao = ap ai ao ao u d e f f ab
r aq ap ar ao = af ai j aj ap aq af
n ao = ah an k b b ai
f ar ao aq ap = al o af ao x af s an
am ap ar ao aq = s (p v g) ab m a ah h l a
w aq ap ao ar = q af c (g ar y) al (m d e d ae ao)
ah at ao ar ap aq av au = aa ab (t m)
al = p s i
h ap ao ar aq at = aj p ab (b z ap an a ag aq (o b m))
e ap ar at aq ao = b o (i j)
a ap ao = y aj u (h z ai ao an m) s (ah ab ae)
j = ac u
z aq ar ao ap = y k f ab (u b ac u) aq
ai ao at aq ar ap = y ak (s ar l (al o g) a d)
m ap av at ao au ar aq = ai (an n) (b ag r aj)
ae = s i (aa ah am ag) al (x q y) y
ac ar aq ao ap au at = i o r an (r i t ae aq)
v ap ao = d t (e ak w (c aa q ac) j z) (ai an)
i ao ap = c b ap f (z u u v)
u aq ao ap = v ag r v x ao (ab ah (q ap s ap))
x at au ar av aq ao ap = t ai ac h a ag y n f m k j
c = v a (z ak) b i ai
g ar ao ap av aq at au = w y ai k aq c i an x
ak = ag l (am j q w)
y = c d (ab o s) z ac (ak e) p b
s ao = j (y e x) o ai p (b a af b o ac)
t ap ao = r (l ad (u ak y al (ai g z s) h))
d aq ar ap ao at = ai p aq (i ad ak) (j af an at z)
ag = ac ah ak al z (ak j i b ab) k
main = j b A w ae B C (z (o z (ak (an ad) D ad c (k g (E ae al (ak F l (b G H h) a e I a y)) w d u v l) ab ad ai g af) m J h (K b ai (am ag) w (L i) s) M) x ae) z N w e (O P (af w (z m d (Q f s l s t) (l (R an) g y S) x) am z T) U af i c) (a aa z) V ae v W r X Y Z
af at aq au av ao ar ap = m ab (an y au (u aa aj z) at l ar) n
b aq ar ap at ao = am w aa (ai f (ah ae k))
ab aq ap at ao ar = ac z v s ak
p ao = q s n
------------------------------------------------------------
j b A w ae B C (z (o z (ak (an ad) D ad c (k g (E ae al (ak F l (b G H h) a e I a y)) w d u v l) ab ad ai g af) m J h (K b ai (am ag) w (L i) s) M) x ae) z N w e (O P (af w (z m d (Q f s l s t) (l (R an) g y S) x) am z T) U af i c) (a aa z) V ae v W r X Y Z
ac u b A w ae B C (z (o z (ak (an ad) D ad c (k g (E ae al (ak F l (b G H h) a e I a y)) w d u v l) ab ad ai g af) m J h (K b ai (am ag) w (L i) s) M) x ae) z N w e (O P (af w (z m d (Q f s l s t) (l (R an) g y S) x) am z T) U af i c) (a aa z) V ae v W r X Y Z
i o r an (r i t ae b) C (z (o z (ak (an ad) D ad c (k g (E ae al (ak F l (b G H h) a e I a y)) w d u v l) ab ad ai g af) m J h (K b ai (am ag) w (L i) s) M) x ae) z N w e (O P (af w (z m d (Q f s l s t) (l (R an) g y S) x) am z T) U af i c) (a aa z) V ae v W r X Y Z
c b r f (z u u v) an (r i t ae b) C (z (o z (ak (an ad) D ad c (k g (E ae al (ak F l (b G H h) a e I a y)) w d u v l) ab ad ai g af) m J h (K b ai (am ag) w (L i) s) M) x ae) z N w e (O P (af w (z m d (Q f s l s t) (l (R an) g y S) x) am z T) U af i c) (a aa z) V ae v W r X Y Z
v a (z ak) b i ai b r f (z u u v) an (r i t ae b) C (z (o z (ak (an ad) D ad c (k g (E ae al (ak F l (b G H h) a e I a y)) w d u v l) ab ad ai g af) m J h (K b ai (am ag) w (L i) s) M) x ae) z N w e (O P (af w (z m d (Q f s l s t) (l (R an) g y S) x) am z T) U af i c) (a aa z) V ae v W r X Y Z
d t (e ak w (c aa q ac) j z) (ai an) b i ai b r f (z u u v) an (r i t ae b) C (z (o z (ak (an ad) D ad c (k g (E ae al (ak F l (b G H h) a e I a y)) w d u v l) ab ad ai g af) m J h (K b ai (am ag) w (L i) s) M) x ae) z N w e (O P (af w (z m d (Q f s l s t) (l (R an) g y S) x) am z T) U af i c) (a aa z) V ae v W r X Y Z
ai p t (i ad ak) (j af an i z) ai b r f (z u u v) an (r i t ae b) C (z (o z (ak (an ad) D ad c (k g (E ae al (ak F l (b G H h) a e I a y)) w d u v l) ab ad ai g af) m J h (K b ai (am ag) w (L i) s) M) x ae) z N w e (O P (af w (z m d (Q f s l s t) (l (R an) g y S) x) am z T) U af i c) (a aa z) V ae v W r X Y Z
y ak (s (j af an i z) l (al o g) a d) b r f (z u u v) an (r i t ae b) C (z (o z (ak (an ad) D ad c (k g (E ae al (ak F l (b G H h) a e I a y)) w d u v l) ab ad ai g af) m J h (K b ai (am ag) w (L i) s) M) x ae) z N w e (O P (af w (z m d (Q f s l s t) (l (R an) g y S) x) am z T) U af i c) (a aa z) V ae v W r X Y Z
c d (ab o s) z ac (ak e) p b ak (s (j af an i z) l (al o g) a d) b r f (z u u v) an (r i t ae b) C (z (o z (ak (an ad) D ad c (k g (E ae al (ak F l (b G H h) a e I a y)) w d u v l) ab ad ai g af) m J h (K b ai (am ag) w (L i) s) M) x ae) z N w e (O P (af w (z m d (Q f s l s t) (l (R an) g y S) x) am z T) U af i c) (a aa z) V ae v W r X Y Z
v a (z ak) b i ai d (ab o s) z ac (ak e) p b ak (s (j af an i z) l (al o g) a d) b r f (z u u v) an (r i t ae b) C (z (o z (ak (an ad) D ad c (k g (E ae al (ak F l (b G H h) a e I a y)) w d u v l) ab ad ai g af) m J h (K b ai (am ag) w (L i) s) M) x ae) z N w e (O P (af w (z m d (Q f s l s t) (l (R an) g y S) x) am z T) U af i c) (a aa z) V ae v W r X Y Z
d t (e ak w (c aa q ac) j z) (ai an) b i ai d (ab o s) z ac (ak e) p b ak (s (j af an i z) l (al o g) a d) b r f (z u u v) an (r i t ae b) C (z (o z (ak (an ad) D ad c (k g (E ae al (ak F l (b G H h) a e I a y)) w d u v l) ab ad ai g af) m J h (K b ai (am ag) w (L i) s) M) x ae) z N w e (O P (af w (z m d (Q f s l s t) (l (R an) g y S) x) am z T) U af i c) (a aa z) V ae v W r X Y Z
ai p t (i ad ak) (j af an i z) ai d (ab o s) z ac (ak e) p b ak (s (j af an i z) l (al o g) a d) b r f (z u u v) an (r i t ae b) C (z (o z (ak (an ad) D ad c (k g (E ae al (ak F l (b G H h) a e I a y)) w d u v l) ab ad ai g af) m J h (K b ai (am ag) w (L i) s) M) x ae) z N w e (O P (af w (z m d (Q f s l s t) (l (R an) g y S) x) am z T) U af i c) (a aa z) V ae v W r X Y Z
y ak (s (j af an i z) l (al o g) a d) d (ab o s) z ac (ak e) p b ak (s (j af an i z) l (al o g) a d) b r f (z u u v) an (r i t ae b) C (z (o z (ak (an ad) D ad c (k g (E ae al (ak F l (b G H h) a e I a y)) w d u v l) ab ad ai g af) m J h (K b ai (am ag) w (L i) s) M) x ae) z N w e (O P (af w (z m d (Q f s l s t) (l (R an) g y S) x) am z T) U af i c) (a aa z) V ae v W r X Y Z
c d (ab o s) z ac (ak e) p b ak (s (j af an i z) l (al o g) a d) d (ab o s) z ac (ak e) p b ak (s (j af an i z) l (al o g) a d) b r f (z u u v) an (r i t ae b) C (z (o z (ak (an ad) D ad c (k g (E ae al (ak F l (b G H h) a e I a y)) w d u v l) ab ad ai g af) m J h (K b ai (am ag) w (L i) s) M) x ae) z N w e (O P (af w (z m d (Q f s l s t) (l (R an) g y S) x) am z T) U af i c) (a aa z) V ae v W r X Y Z
v a (z ak) b i ai d (ab o s) z ac (ak e) p b ak (s (j af an i z) l (al o g) a d) d (ab o s) z ac (ak e) p b ak (s (j af an i z) l (al o g) a d) b r f (z u u v) an (r i t ae b) C (z (o z (ak (an ad) D ad c (k g (E ae al (ak F l (b G H h) a e I a y)) w d u v l) ab ad ai g af) m J h (K b ai (am ag) w (L i) s) M) x ae) z N w e (O P (af w (z m d (Q f s l s t) (l (R an) g y S) x) am z T) U af i c) (a aa z) V ae v W r X Y Z
d t (e ak w (c aa q ac) j z) (ai an) b i ai d (ab o s) z ac (ak e) p b ak (s (j af an i z) l (al o g) a d) d (ab o s) z ac (ak e) p b ak (s (j af an i z) l (al o g) a d) b r f (z u u v) an (r i t ae b) C (z (o z (ak (an ad) D ad c (k g (E ae al (ak F l (b G H h) a e I a y)) w d u v l) ab ad ai g af) m J h (K b ai (am ag) w (L i) s) M) x ae) z N w e (O P (af w (z m d (Q f s l s t) (l (R an) g y S) x) am z T) U af i c) (a aa z) V ae v W r X Y Z
ai p t (i ad ak) (j af an i z) ai d (ab o s) z ac (ak e) p b ak (s (j af an i z) l (al o g) a d) d (ab o s) z ac (ak e) p b ak (s (j af an i z) l (al o g) a d) b r f (z u u v) an (r i t ae b) C (z (o z (ak (an ad) D ad c (k g (E ae al (ak F l (b G H h) a e I a y)) w d u v l) ab ad ai g af) m J h (K b ai (am ag) w (L i) s) M) x ae) z N w e (O P (af w (z m d (Q f s l s t) (l (R an) g y S) x) am z T) U af i c) (a aa z) V ae v W r X Y Z
y ak (s (j af an i z) l (al o g) a d) d (ab o s) z ac (ak e) p b ak (s (j af an i z) l (al o g) a d) d (ab o s) z ac (ak e) p b ak (s (j af an i z) l (al o g) a d) b r f (z u u v) an (r i t ae b) C (z (o z (ak (an ad) D ad c (k g (E ae al (ak F l (b G H h) a e I a y)) w d u v l) ab ad ai g af) m J h (K b ai (am ag) w (L i) s) M) x ae) z N w e (O P (af w (z m d (Q f s l s t) (l (R an) g y S) x) am z T) U af i c) (a aa z) V ae v W r X Y Z
c d (ab o s) z ac (ak e) p b ak (s (j af an i z) l (al o g) a d) d (ab o s) z ac (ak e) p b ak (s (j af an i z) l (al o g) a d) d (ab o s) z ac (ak e) p b ak (s (j af an i z) l (al o g) a d) b r f (z u u v) an (r i t ae b) C (z (o z (ak (an ad) D ad c (k g (E ae al (ak F l (b G H h) a e I a y)) w d u v l) ab ad ai g af) m J h (K b ai (am ag) w (L i) s) M) x ae) z N w e (O P (af w (z m d (Q f s l s t) (l (R an) g y S) x) am z T) U af i c) (a aa z) V ae v W r X Y Z
v a (z ak) b i ai d (ab o s) z ac (ak e) p b ak (s (j af an i z) l (al o g) a d) d (ab o s) z ac (ak e) p b ak (s (j af an i z) l (al o g) a d) d (ab o s) z ac (ak e) p b ak (s (j af an i z) l (al o g) a d) b r f (z u u v) an (r i t ae b) C (z (o z (ak (an ad) D ad c (k g (E ae al (ak F l (b G H h) a e I a y)) w d u v l) ab ad ai g af) m J h (K b ai (am ag) w (L i) s) M) x ae) z N w e (O P (af w (z m d (Q f s l s t) (l (R an) g y S) x) am z T) U af i c) (a aa z) V ae v W r X Y Z
d t (e ak w (c aa q ac) j z) (ai an) b i ai d (ab o s) z ac (ak e) p b ak (s (j af an i z) l (al o g) a d) d (ab o s) z ac (ak e) p b ak (s (j af an i z) l (al o g) a d) d (ab o s) z ac (ak e) p b ak (s (j af an i z) l (al o g) a d) b r f (z u u v) an (r i t ae b) C (z (o z (ak (an ad) D ad c (k g (E ae al (ak F l (b G H h) a e I a y)) w d u v l) ab ad ai g af) m J h (K b ai (am ag) w (L i) s) M) x ae) z N w e (O P (af w (z m d (Q f s l s t) (l (R an) g y S) x) am z T) U af i c) (a aa z) V ae v W r X Y Z
ai p t (i ad ak) (j af an i z) ai d (ab o s) z ac (ak e) p b ak (s (j af an i z) l (al o g) a d) d (ab o s) z ac (ak e) p b ak (s (j af an i z) l (al o g) a d) d (ab o s) z ac (ak e) p b ak (s (j af an i z) l (al o g) a d) b r f (z u u v) an (r i t ae b) C (z (o z (ak (an ad) D ad c (k g (E ae al (ak F l (b G H h) a e I a y)) w d u v l) ab ad ai g af) m J h (K b ai (am ag) w (L i) s) M) x ae) z N w e (O P (af w (z m d (Q f s l s t) (l (R an) g y S) x) am z T) U af i c) (a aa z) V ae v W r X Y Z
y ak (s (j af an i z) l (al o g) a d) d (ab o s) z ac (ak e) p b ak (s (j af an i z) l (al o g) a d) d (ab o s) z ac (ak e) p b ak (s (j af an i z) l (al o g) a d) d (ab o s) z ac (ak e) p b ak (s (j af an i z) l (al o g) a d) b r f (z u u v) an (r i t ae b) C (z (o z (ak (an ad) D ad c (k g (E ae al (ak F l (b G H h) a e I a y)) w d u v l) ab ad ai g af) m J h (K b ai (am ag) w (L i) s) M) x ae) z N w e (O P (af w (z m d (Q f s l s t) (l (R an) g y S) x) am z T) U af i c) (a aa z) V ae v W r X Y Z
c d (ab o s) z ac (ak e) p b ak (s (j af an i z) l (al o g) a d) d (ab o s) z ac (ak e) p b ak (s (j af an i z) l (al o g) a d) d (ab o s) z ac (ak e) p b ak (s (j af an i z) l (al o g) a d) d (ab o s) z ac (ak e) p b ak (s (j af an i z) l (al o g) a d) b r f (z u u v) an (r i t ae b) C (z (o z (ak (an ad) D ad c (k g (E ae al (ak F l (b G H h) a e I a y)) w d u v l) ab ad ai g af) m J h (K b ai (am ag) w (L i) s) M) x ae) z N w e (O P (af w (z m d (Q f s l s t) (l (R an) g y S) x) am z T) U af i c) (a aa z) V ae v W r X Y Z
v a (z ak) b i ai d (ab o s) z ac (ak e) p b ak (s (j af an i z) l (al o g) a d) d (ab o s) z ac (ak e) p b ak (s (j af an i z) l (al o g) a d) d (ab o s) z ac (ak e) p b ak (s (j af an i z) l (al o g) a d) d (ab o s) z ac (ak e) p b ak (s (j af an i z) l (al o g) a d) b r f (z u u v) an (r i t ae b) C (z (o z (ak (an ad) D ad c (k g (E ae al (ak F l (b G H h) a e I a y)) w d u v l) ab ad ai g af) m J h (K b ai (am ag) w (L i) s) M) x ae) z N w e (O P (af w (z m d (Q f s l s t) (l (R an) g y S) x) am z T) U af i c) (a aa z) V ae v W r X Y Z
d t (e ak w (c aa q ac) j z) (ai an) b i ai d (ab o s) z ac (ak e) p b ak (s (j af an i z) l (al o g) a d) d (ab o s) z ac (ak e) p b ak (s (j af an i z) l (al o g) a d) d (ab o s) z ac (ak e) p b ak (s (j af an i z) l (al o g) a d) d (ab o s) z ac (ak e) p b ak (s (j af an i z) l (al o g) a d) b r f (z u u v) an (r i t ae b) C (z (o z (ak (an ad) D ad c (k g (E ae al (ak F l (b G H h) a e I a y)) w d u v l) ab ad ai g af) m J h (K b ai (am ag) w (L i) s) M) x ae) z N w e (O P (af w (z m d (Q f s l s t) (l (R an) g y S) x) am z T) U af i c) (a aa z) V ae v W r X Y Z
ai p t (i ad ak) (j af an i z) ai d (ab o s) z ac (ak e) p b ak (s (j af an i z) l (al o g) a d) d (ab o s) z ac (ak e) p b ak (s (j af an i z) l (al o g) a d) d (ab o s) z ac (ak e) p b ak (s (j af an i z) l (al o g) a d) d (ab o s) z ac (ak e) p b ak (s (j af an i z) l (al o g) a d) b r f (z u u v) an (r i t ae b) C (z (o z (ak (an ad) D ad c (k g (E ae al (ak F l (b G H h) a e I a y)) w d u v l) ab ad ai g af) m J h (K b ai (am ag) w (L i) s) M) x ae) z N w e (O P (af w (z m d (Q f s l s t) (l (R an) g y S) x) am z T) U af i c) (a aa z) V ae v W r X Y Z
y ak (s (j af an i z) l (al o g) a d) d (ab o s) z ac (ak e) p b ak (s (j af an i z) l (al o g) a d) d (ab o s) z ac (ak e) p b ak (s (j af an i z) l (al o g) a d) d (ab o s) z ac (ak e) p b ak (s (j af an i z) l (al o g) a d) d (ab o s) z ac (ak e) p b ak (s (j af an i z) l (al o g) a d) b r f (z u u v) an (r i t ae b) C (z (o z (ak (an ad) D ad c (k g (E ae al (ak F l (b G H h) a e I a y)) w d u v l) ab ad ai g af) m J h (K b ai (am ag) w (L i) s) M) x ae) z N w e (O P (af w (z m d (Q f s l s t) (l (R an) g y S) x) am z T) U af i c) (a aa z) V ae v W r X Y Z
c d (ab o s) z ac (ak e) p b ak (s (j af an i z) l (al o g) a d) d (ab o s) z ac (ak e) p b ak (s (j af an i z) l (al o g) a d) d (ab o s) z ac (ak e) p b ak (s (j af an i z) l (al o g) a d) d (ab o s) z ac (ak e) p b ak (s (j af an i z) l (al o g) a d) d (ab o s) z ac (ak e) p b ak (s (j af an i z) l (al o g) a d) b r f (z u u v) an (r i t ae b) C (z (o z (ak (an ad) D ad c (k g (E ae al (ak F l (b G H h) a e I a y)) w d u v l) ab ad ai g af) m J h (K b ai (am ag) w (L i) s) M) x ae) z N w e (O P (af w (z m d (Q f s l s t) (l (R an) g y S) x) am z T) U af i c) (a aa z) V ae v W r X Y Z
v a (z ak) b i ai d (ab o s) z ac (ak e) p b ak (s (j af an i z) l (al o g) a d) d (ab o s) z ac (ak e) p b ak (s (j af an i z) l (al o g) a d) d (ab o s) z ac (ak e) p b ak (s (j af an i z) l (al o g) a d) d (ab o s) z ac (ak e) p b ak (s (j af an i z) l (al o g) a d) d (ab o s) z ac (ak e) p b ak (s (j af an i z) l (al o g) a d) b r f (z u u v) an (r i t ae b) C (z (o z (ak (an ad) D ad c (k g (E ae al (ak F l (b G H h) a e I a y)) w d u v l) ab ad ai g af) m J h (K b ai (am ag) w (L i) s) M) x ae) z N w e (O P (af w (z m d (Q f s l s t) (l (R an) g y S) x) am z T) U af i c) (a aa z) V ae v W r X Y Z


