i ao aq ap f ab y ac (f (am g aa) ab m ab) w a
b aq ap ao au at av ar al u (aa (aj u) y y) (ad t ai i x) m
aj au ao ap ar aq at al k (d l (ak d am al n ab ap ac))
w ap au aq ao at ar ad af i g (i ah m)
t ao e an x
m ao au at aq ar ap l
an e b b f (j w i y ai)
q aq at ar ap ao j aq ad h l (ap k ae y) e
al ap ao b (am y i u j aa b)
c ao x s ad q ao ao
am ap ao aj x f v ai
g at ap aq ar ao au ak r x l j m
ac ao aq ap v s v (j y)
ai e b (s k (e (ag k k) al v al))
main p A B ak y C g D E F (G (H (o h ad) ae (p k ak ak) x ac (I an p aa f ai (w m (q (a aj J (K L l (c M ak) d) v u (N O (o (t (aa ak h z)) (m n) P s) am (Q R S T af) (U ac) aj V o (ac i W h) X x Y h v g m (p ad (Z AA AB an z d) (AC AD s k aj l m f AE b AF t u AG a)))))))))
ad ap ao aq ar s c m
af ap ao an am l t w ak p (ae am) ao
aa at aq ar au ap av ao ah d am u ac
j ao at ap aq ar aa x u h (c ao u an) w ao
p ap at ao ar aq au au c an al (x am g ad at ad an) n
a ap aq ao ar aa u am (ad am aj ad (i am ah))
v ap aq ar au ao at g au p ag
h ap ao aq ao ap p ad ak b ah am ap
s ap at aq ao ar h (h a aa an c) y o ag
l ao ap au at aq ar i aq x x (ai af u)
e r (s (s an k a)) ah n u
x ap ao e am ao s j l q c ab ai
o ao ae
z ar ap aq ao ap al
y ao ap an f (w ac h) (z ao n ap k)
f ao ab h ad z s g w ac v (y v al)
ab ap at au ar ao aq av ak z u j (al q) an
n ao ap aq ar i ag o ag f
ak av at ao ar au aq ap ah ah i a h (au x m)
d ao ap aq ag (ae aj) j ab ag e k ak ak
ae aq ap av ar au at ao o a y j (ab y g)
r ap at ar av ao aq au aj q b ae ab am k
u ao q o ao ad ag ao v d ad s x a
k ap ao al y ao aa
ag ap av ar au ao at aq j au k ah af u q q af g
ah ap ar ao aq h ad ai (i g c c ai af aj z)
------------------------------------------------------------
p A B ak y C g D E F (G (H (o h ad) ae (p k ak ak) x ac (I an p aa f ai (w m (q (a aj J (K L l (c M ak) d) v u (N O (o (t (aa ak h z)) (m n) P s) am (Q R S T af) (U ac) aj V o (ac i W h) X x Y h v g m (p ad (Z AA AB an z d) (AC AD s k aj l m f AE b AF t u AG a)))))))))
g c an al (x am g ad B ad an) n D E F (G (H (o h ad) ae (p k ak ak) x ac (I an p aa f ai (w m (q (a aj J (K L l (c M ak) d) v u (N O (o (t (aa ak h z)) (m n) P s) am (Q R S T af) (U ac) aj V o (ac i W h) X x Y h v g m (p ad (Z AA AB an z d) (AC AD s k aj l m f AE b AF t u AG a)))))))))
ak r x l j m E F (G (H (o h ad) ae (p k ak ak) x ac (I an p aa f ai (w m (q (a aj J (K L l (c M ak) d) v u (N O (o (t (aa ak h z)) (m n) P s) am (Q R S T af) (U ac) aj V o (ac i W h) X x Y h v g m (p ad (Z AA AB an z d) (AC AD s k aj l m f AE b AF t u AG a)))))))))
ah ah i a h (m x m) (G (H (o h ad) ae (p k ak ak) x ac (I an p aa f ai (w m (q (a aj J (K L l (c M ak) d) v u (N O (o (t (aa ak h z)) (m n) P s) am (Q R S T af) (U ac) aj V o (ac i W h) X x Y h v g m (p ad (Z AA AB an z d) (AC AD s k aj l m f AE b AF t u AG a)))))))))
h ad ai (i g c c ai af aj z) (m x m) (G (H (o h ad) ae (p k ak ak) x ac (I an p aa f ai (w m (q (a aj J (K L l (c M ak) d) v u (N O (o (t (aa ak h z)) (m n) P s) am (Q R S T af) (U ac) aj V o (ac i W h) X x Y h v g m (p ad (Z AA AB an z d) (AC AD s k aj l m f AE b AF t u AG a)))))))))
ai ad p ad ak b ah am ad (m x m) (G (H (o h ad) ae (p k ak ak) x ac (I an p aa f ai (w m (q (a aj J (K L l (c M ak) d) v u (N O (o (t (aa ak h z)) (m n) P s) am (Q R S T af) (U ac) aj V o (ac i W h) X x Y h v g m (p ad (Z AA AB an z d) (AC AD s k aj l m f AE b AF t u AG a)))))))))
e b (s k (e (ag k k) al v al)) ad p ad ak b ah am ad (m x m) (G (H (o h ad) ae (p k ak ak) x ac (I an p aa f ai (w m (q (a aj J (K L l (c M ak) d) v u (N O (o (t (aa ak h z)) (m n) P s) am (Q R S T af) (U ac) aj V o (ac i W h) X x Y h v g m (p ad (Z AA AB an z d) (AC AD s k aj l m f AE b AF t u AG a)))))))))
r (s (s an k a)) ah n u b (s k (e (ag k k) al v al)) ad p ad ak b ah am ad (m x m) (G (H (o h ad) ae (p k ak ak) x ac (I an p aa f ai (w m (q (a aj J (K L l (c M ak) d) v u (N O (o (t (aa ak h z)) (m n) P s) am (Q R S T af) (U ac) aj V o (ac i W h) X x Y h v g m (p ad (Z AA AB an z d) (AC AD s k aj l m f AE b AF t u AG a)))))))))
aj q b ae ab am k p ad ak b ah am ad (m x m) (G (H (o h ad) ae (p k ak ak) x ac (I an p aa f ai (w m (q (a aj J (K L l (c M ak) d) v u (N O (o (t (aa ak h z)) (m n) P s) am (Q R S T af) (U ac) aj V o (ac i W h) X x Y h v g m (p ad (Z AA AB an z d) (AC AD s k aj l m f AE b AF t u AG a)))))))))
al k (d l (ak d am al n ab ae ac)) p ad ak b ah am ad (m x m) (G (H (o h ad) ae (p k ak ak) x ac (I an p aa f ai (w m (q (a aj J (K L l (c M ak) d) v u (N O (o (t (aa ak h z)) (m n) P s) am (Q R S T af) (U ac) aj V o (ac i W h) X x Y h v g m (p ad (Z AA AB an z d) (AC AD s k aj l m f AE b AF t u AG a)))))))))
b (am y i u j aa b) p ad ak b ah am ad (m x m) (G (H (o h ad) ae (p k ak ak) x ac (I an p aa f ai (w m (q (a aj J (K L l (c M ak) d) v u (N O (o (t (aa ak h z)) (m n) P s) am (Q R S T af) (U ac) aj V o (ac i W h) X x Y h v g m (p ad (Z AA AB an z d) (AC AD s k aj l m f AE b AF t u AG a)))))))))
al u (aa (aj u) y y) (ad t ai i x) m ad (m x m) (G (H (o h ad) ae (p k ak ak) x ac (I an p aa f ai (w m (q (a aj J (K L l (c M ak) d) v u (N O (o (t (aa ak h z)) (m n) P s) am (Q R S T af) (U ac) aj V o (ac i W h) X x Y h v g m (p ad (Z AA AB an z d) (AC AD s k aj l m f AE b AF t u AG a)))))))))
b (am y i u j aa b) (ad t ai i x) m ad (m x m) (G (H (o h ad) ae (p k ak ak) x ac (I an p aa f ai (w m (q (a aj J (K L l (c M ak) d) v u (N O (o (t (aa ak h z)) (m n) P s) am (Q R S T af) (U ac) aj V o (ac i W h) X x Y h v g m (p ad (Z AA AB an z d) (AC AD s k aj l m f AE b AF t u AG a)))))))))
b (aj x f v ai u j aa b) (ad t ai i x) m ad (m x m) (G (H (o h ad) ae (p k ak ak) x ac (I an p aa f ai (w m (q (a aj J (K L l (c M ak) d) v u (N O (o (t (aa ak h z)) (m n) P s) am (Q R S T af) (U ac) aj V o (ac i W h) X x Y h v g m (p ad (Z AA AB an z d) (AC AD s k aj l m f AE b AF t u AG a)))))))))
b (al k (d l (ak d am al n ab v ac)) aa b) (ad t ai i x) m ad (m x m) (G (H (o h ad) ae (p k ak ak) x ac (I an p aa f ai (w m (q (a aj J (K L l (c M ak) d) v u (N O (o (t (aa ak h z)) (m n) P s) am (Q R S T af) (U ac) aj V o (ac i W h) X x Y h v g m (p ad (Z AA AB an z d) (AC AD s k aj l m f AE b AF t u AG a)))))))))
b (b (am y i u j aa b) aa b) (ad t ai i x) m ad (m x m) (G (H (o h ad) ae (p k ak ak) x ac (I an p aa f ai (w m (q (a aj J (K L l (c M ak) d) v u (N O (o (t (aa ak h z)) (m n) P s) am (Q R S T af) (U ac) aj V o (ac i W h) X x Y h v g m (p ad (Z AA AB an z d) (AC AD s k aj l m f AE b AF t u AG a)))))))))
b (b (aj x f v ai u j aa b) aa b) (ad t ai i x) m ad (m x m) (G (H (o h ad) ae (p k ak ak) x ac (I an p aa f ai (w m (q (a aj J (K L l (c M ak) d) v u (N O (o (t (aa ak h z)) (m n) P s) am (Q R S T af) (U ac) aj V o (ac i W h) X x Y h v g m (p ad (Z AA AB an z d) (AC AD s k aj l m f AE b AF t u AG a)))))))))
b (b (al k (d l (ak d am al n ab v ac)) aa b) aa b) (ad t ai i x) m ad (m x m) (G (H (o h ad) ae (p k ak ak) x ac (I an p aa f ai (w m (q (a aj J (K L l (c M ak) d) v u (N O (o (t (aa ak h z)) (m n) P s) am (Q R S T af) (U ac) aj V o (ac i W h) X x Y h v g m (p ad (Z AA AB an z d) (AC AD s k aj l m f AE b AF t u AG a)))))))))
b (b (b (am y i u j aa b) aa b) aa b) (ad t ai i x) m ad (m x m) (G (H (o h ad) ae (p k ak ak) x ac (I an p aa f ai (w m (q (a aj J (K L l (c M ak) d) v u (N O (o (t (aa ak h z)) (m n) P s) am (Q R S T af) (U ac) aj V o (ac i W h) X x Y h v g m (p ad (Z AA AB an z d) (AC AD s k aj l m f AE b AF t u AG a)))))))))
b (b (b (aj x f v ai u j aa b) aa b) aa b) (ad t ai i x) m ad (m x m) (G (H (o h ad) ae (p k ak ak) x ac (I an p aa f ai (w m (q (a aj J (K L l (c M ak) d) v u (N O (o (t (aa ak h z)) (m n) P s) am (Q R S T af) (U ac) aj V o (ac i W h) X x Y h v g m (p ad (Z AA AB an z d) (AC AD s k aj l m f AE b AF t u AG a)))))))))
b (b (b (al k (d l (ak d am al n ab v ac)) aa b) aa b) aa b) (ad t ai i x) m ad (m x m) (G (H (o h ad) ae (p k ak ak) x ac (I an p aa f ai (w m (q (a aj J (K L l (c M ak) d) v u (N O (o (t (aa ak h z)) (m n) P s) am (Q R S T af) (U ac) aj V o (ac i W h) X x Y h v g m (p ad (Z AA AB an z d) (AC AD s k aj l m f AE b AF t u AG a)))))))))
b (b (b (b (am y i u j aa b) aa b) aa b) aa b) (ad t ai i x) m ad (m x m) (G (H (o h ad) ae (p k ak ak) x ac (I an p aa f ai (w m (q (a aj J (K L l (c M ak) d) v u (N O (o (t (aa ak h z)) (m n) P s) am (Q R S T af) (U ac) aj V o (ac i W h) X x Y h v g m (p ad (Z AA AB an z d) (AC AD s k aj l m f AE b AF t u AG a)))))))))
b (b (b (b (aj x f v ai u j aa b) aa b) aa b) aa b) (ad t ai i x) m ad (m x m) (G (H (o h ad) ae (p k ak ak) x ac (I an p aa f ai (w m (q (a aj J (K L l (c M ak) d) v u (N O (o (t (aa ak h z)) (m n) P s) am (Q R S T af) (U ac) aj V o (ac i W h) X x Y h v g m (p ad (Z AA AB an z d) (AC AD s k aj l m f AE b AF t u AG a)))))))))
b (b (b (b (al k (d l (ak d am al n ab v ac)) aa b) aa b) aa b) aa b) (ad t ai i x) m ad (m x m) (G (H (o h ad) ae (p k ak ak) x ac (I an p aa f ai (w m (q (a aj J (K L l (c M ak) d) v u (N O (o (t (aa ak h z)) (m n) P s) am (Q R S T af) (U ac) aj V o (ac i W h) X x Y h v g m (p ad (Z AA AB an z d) (AC AD s k aj l m f AE b AF t u AG a)))))))))
b (b (b (b (b (am y i u j aa b) aa b) aa b) aa b) aa b) (ad t ai i x) m ad (m x m) (G (H (o h ad) ae (p k ak ak) x ac (I an p aa f ai (w m (q (a aj J (K L l (c M ak) d) v u (N O (o (t (aa ak h z)) (m n) P s) am (Q R S T af) (U ac) aj V o (ac i W h) X x Y h v g m (p ad (Z AA AB an z d) (AC AD s k aj l m f AE b AF t u AG a)))))))))
b (b (b (b (b (aj x f v ai u j aa b) aa b) aa b) aa b) aa b) (ad t ai i x) m ad (m x m) (G (H (o h ad) ae (p k ak ak) x ac (I an p aa f ai (w m (q (a aj J (K L l (c M ak) d) v u (N O (o (t (aa ak h z)) (m n) P s) am (Q R S T af) (U ac) aj V o (ac i W h) X x Y h v g m (p ad (Z AA AB an z d) (AC AD s k aj l m f AE b AF t u AG a)))))))))
b (b (b (b (b (al k (d l (ak d am al n ab v ac)) aa b) aa b) aa b) aa b) aa b) (ad t ai i x) m ad (m x m) (G (H (o h ad) ae (p k ak ak) x ac (I an p aa f ai (w m (q (a aj J (K L l (c M ak) d) v u (N O (o (t (aa ak h z)) (m n) P s) am (Q R S T af) (U ac) aj V o (ac i W h) X x Y h v g m (p ad (Z AA AB an z d) (AC AD s k aj l m f AE b AF t u AG a)))))))))
b (b (b (b (b (b (am y i u j aa b) aa b) aa b) aa b) aa b) aa b) (ad t ai i x) m ad (m x m) (G (H (o h ad) ae (p k ak ak) x ac (I an p aa f ai (w m (q (a aj J (K L l (c M ak) d) v u (N O (o (t (aa ak h z)) (m n) P s) am (Q R S T af) (U ac) aj V o (ac i W h) X x Y h v g m (p ad (Z AA AB an z d) (AC AD s k aj l m f AE b AF t u AG a)))))))))
b (b (b (b (b (b (aj x f v ai u j aa b) aa b) aa b) aa b) aa b) aa b) (ad t ai i x) m ad (m x m) (G (H (o h ad) ae (p k ak ak) x ac (I an p aa f ai (w m (q (a aj J (K L l (c M ak) d) v u (N O (o (t (aa ak h z)) (m n) P s) am (Q R S T af) (U ac) aj V o (ac i W h) X x Y h v g m (p ad (Z AA AB an z d) (AC AD s k aj l m f AE b AF t u AG a)))))))))
b (b (b (b (b (b (al k (d l (ak d am al n ab v ac)) aa b) aa b) aa b) aa b) aa b) aa b) (ad t ai i x) m ad (m x m) (G (H (o h ad) ae (p k ak ak) x ac (I an p aa f ai (w m (q (a aj J (K L l (c M ak) d) v u (N O (o (t (aa ak h z)) (m n) P s) am (Q R S T af) (U ac) aj V o (ac i W h) X x Y h v g m (p ad (Z AA AB an z d) (AC AD s k aj l m f AE b AF t u AG a)))))))))


