r aq ap ao = ad ap
q = aa o l (ai r) d m e j (j (af u ah))
d at ao aq ap ar = al af m b ar an
main = A (d B r g) aj (am (C D (c (am (c (E F G (y y af (H (v (I J ak e (s y K) ac j) L) v)) al aj (M N (O P (aa am l g) q a n (x aa o g an ag) q) i x h ae z q) d s) i ae q y) Q R (o (p x ak i y k (l al y s c) an)) af an am) e ag) S (x af al g al l) m) ag z a) (T (ad (aa aa a) ai))
ab = r (t ak w z k l)
b ao aq ap = ag d v x ap ao an aa (u ap v)
am ao av ap au aq ar at = s an i s m v (m ac l o y b d)
al ao = aj ao ai e w ag b (f d ai)
an av ap ar au at ao aq = u am t (j ad)
ae ao aq ap = c m o a ao (an ai)
ac ao = m s ai l (r ao)
m ao aq ap = p ak l y l l ak (ac aq ao)
ak ao = l ao m m x ai
g ao = k ai q t v aj v ao ac am
s ao ap = u aj i h (f r)
af ar ao ap aq = aj (ao aq ar w (ai w) m) w i o t
aj aq ap ao = y (w h ac y j) (a w am af r al n)
o at ao ap aq au ar = q y (at j ab) p au
z ap ao aq = aa l e an r t d (ao an (b ak u))
l ao ap aq = e (a t u e e an)
a = y al h af f ad r l i (n s) e
j ar aq at au ao ap = q v ab au (al aj u ad q e ad ac au)
i ao = w s af p p y aj
y ap ao ar at aq = g h o p l at h v ap o q k
p aq ao ap = n ak am d ae (ai ak ao) ap k v
k ao = i j an (ai ab)
x ap ar aq ao at = i ab u a ae y (o al af ak at ad l)
ag at ar ap aq ao = ad (d ao) ac k aj d af ai f
f ar aq ap ao at = o q z v b aj ab h i t p
e = u k ai ac c d aj f aj an q
h ar au ap ao av aq at = ao (e u t at (au ab aj o e ak))
t at ar au ao ap av aq = g p am n e c av (a p)
w ap ao = ai (s ad ai r) h
ah aq ar ap ao = am c ag ak o j al ab (af r (p m w))
u ao = ah (i k) t p am (aa x t e)
c ao ap = y (u ao (ag v (ap r d i d aa ah)))
ad ao ar aq ap at = n y w ap an t
ai = x (k (al x g) (x r (p h q)) j am) c
aa ap aq ao ar at = y
n ao ap aq = i s al ap y
v = an aj t f an f n
------------------------------------------------------------
A (d B r g) aj (am (C D (c (am (c (E F G (y y af (H (v (I J ak e (s y K) ac j) L) v)) al aj (M N (O P (aa am l g) q a n (x aa o g an ag) q) i x h ae z q) d s) i ae q y) Q R (o (p x ak i y k (l al y s c) an)) af an am) e ag) S (x af al g al l) m) ag z a) (T (ad (aa aa a) ai))
A (d B r g) aj (am (C D (y (u (am (c (E F G (y y af (H (v (I J ak e (s y K) ac j) L) v)) al aj (M N (O P (aa am l g) q a n (x aa o g an ag) q) i x h ae z q) d s) i ae q y) Q R (o (p x ak i y k (l al y s c) an)) af an am) (ag v (e r d i d aa ah))) ag) S (x af al g al l) m) ag z a) (T (ad (aa aa a) ai))
A (d B r g) aj (am (C D (y (ah (i k) t p am (aa x t e) (ag v (e r d i d aa ah))) ag) S (x af al g al l) m) ag z a) (T (ad (aa aa a) ai))
A (d B r g) aj (am (C D (y (am c ag ak o j al ab (af r (p m w)) (aa x t e) (ag v (e r d i d aa ah))) ag) S (x af al g al l) m) ag z a) (T (ad (aa aa a) ai))
A (d B r g) aj (am (C D (y (s an i s m v (m ac l o y b d) (af r (p m w)) (aa x t e) (ag v (e r d i d aa ah))) ag) S (x af al g al l) m) ag z a) (T (ad (aa aa a) ai))
A (d B r g) aj (am (C D (y (u aj i h (f r) s m v (m ac l o y b d) (af r (p m w)) (aa x t e) (ag v (e r d i d aa ah))) ag) S (x af al g al l) m) ag z a) (T (ad (aa aa a) ai))
A (d B r g) aj (am (C D (y (ah (i k) t p am (aa x t e) i h (f r) s m v (m ac l o y b d) (af r (p m w)) (aa x t e) (ag v (e r d i d aa ah))) ag) S (x af al g al l) m) ag z a) (T (ad (aa aa a) ai))
A (d B r g) aj (am (C D (y (am c ag ak o j al ab (af r (p m w)) (aa x t e) i h (f r) s m v (m ac l o y b d) (af r (p m w)) (aa x t e) (ag v (e r d i d aa ah))) ag) S (x af al g al l) m) ag z a) (T (ad (aa aa a) ai))
A (d B r g) aj (am (C D (y (s an i s m v (m ac l o y b d) (af r (p m w)) (aa x t e) i h (f r) s m v (m ac l o y b d) (af r (p m w)) (aa x t e) (ag v (e r d i d aa ah))) ag) S (x af al g al l) m) ag z a) (T (ad (aa aa a) ai))
A (d B r g) aj (am (C D (y (u aj i h (f r) s m v (m ac l o y b d) (af r (p m w)) (aa x t e) i h (f r) s m v (m ac l o y b d) (af r (p m w)) (aa x t e) (ag v (e r d i d aa ah))) ag) S (x af al g al l) m) ag z a) (T (ad (aa aa a) ai))
A (d B r g) aj (am (C D (y (ah (i k) t p am (aa x t e) i h (f r) s m v (m ac l o y b d) (af r (p m w)) (aa x t e) i h (f r) s m v (m ac l o y b d) (af r (p m w)) (aa x t e) (ag v (e r d i d aa ah))) ag) S (x af al g al l) m) ag z a) (T (ad (aa aa a) ai))
A (d B r g) aj (am (C D (y (am c ag ak o j al ab (af r (p m w)) (aa x t e) i h (f r) s m v (m ac l o y b d) (af r (p m w)) (aa x t e) i h (f r) s m v (m ac l o y b d) (af r (p m w)) (aa x t e) (ag v (e r d i d aa ah))) ag) S (x af al g al l) m) ag z a) (T (ad (aa aa a) ai))
A (d B r g) aj (am (C D (y (s an i s m v (m ac l o y b d) (af r (p m w)) (aa x t e) i h (f r) s m v (m ac l o y b d) (af r (p m w)) (aa x t e) i h (f r) s m v (m ac l o y b d) (af r (p m w)) (aa x t e) (ag v (e r d i d aa ah))) ag) S (x af al g al l) m) ag z a) (T (ad (aa aa a) ai))
A (d B r g) aj (am (C D (y (u aj i h (f r) s m v (m ac l o y b d) (af r (p m w)) (aa x t e) i h (f r) s m v (m ac l o y b d) (af r (p m w)) (aa x t e) i h (f r) s m v (m ac l o y b d) (af r (p m w)) (aa x t e) (ag v (e r d i d aa ah))) ag) S (x af al g al l) m) ag z a) (T (ad (aa aa a) ai))
A (d B r g) aj (am (C D (y (ah (i k) t p am (aa x t e) i h (f r) s m v (m ac l o y b d) (af r (p m w)) (aa x t e) i h (f r) s m v (m ac l o y b d) (af r (p m w)) (aa x t e) i h (f r) s m v (m ac l o y b d) (af r (p m w)) (aa x t e) (ag v (e r d i d aa ah))) ag) S (x af al g al l) m) ag z a) (T (ad (aa aa a) ai))
A (d B r g) aj (am (C D (y (am c ag ak o j al ab (af r (p m w)) (aa x t e) i h (f r) s m v (m ac l o y b d) (af r (p m w)) (aa x t e) i h (f r) s m v (m ac l o y b d) (af r (p m w)) (aa x t e) i h (f r) s m v (m ac l o y b d) (af r (p m w)) (aa x t e) (ag v (e r d i d aa ah))) ag) S (x af al g al l) m) ag z a) (T (ad (aa aa a) ai))
A (d B r g) aj (am (C D (y (s an i s m v (m ac l o y b d) (af r (p m w)) (aa x t e) i h (f r) s m v (m ac l o y b d) (af r (p m w)) (aa x t e) i h (f r) s m v (m ac l o y b d) (af r (p m w)) (aa x t e) i h (f r) s m v (m ac l o y b d) (af r (p m w)) (aa x t e) (ag v (e r d i d aa ah))) ag) S (x af al g al l) m) ag z a) (T (ad (aa aa a) ai))
A (d B r g) aj (am (C D (y (u aj i h (f r) s m v (m ac l o y b d) (af r (p m w)) (aa x t e) i h (f r) s m v (m ac l o y b d) (af r (p m w)) (aa x t e) i h (f r) s m v (m ac l o y b d) (af r (p m w)) (aa x t e) i h (f r) s m v (m ac l o y b d) (af r (p m w)) (aa x t e) (ag v (e r d i d aa ah))) ag) S (x af al g al l) m) ag z a) (T (ad (aa aa a) ai))
A (d B r g) aj (am (C D (y (ah (i k) t p am (aa x t e) i h (f r) s m v (m ac l o y b d) (af r (p m w)) (aa x t e) i h (f r) s m v (m ac l o y b d) (af r (p m w)) (aa x t e) i h (f r) s m v (m ac l o y b d) (af r (p m w)) (aa x t e) i h (f r) s m v (m ac l o y b d) (af r (p m w)) (aa x t e) (ag v (e r d i d aa ah))) ag) S (x af al g al l) m) ag z a) (T (ad (aa aa a) ai))
A (d B r g) aj (am (C D (y (am c ag ak o j al ab (af r (p m w)) (aa x t e) i h (f r) s m v (m ac l o y b d) (af r (p m w)) (aa x t e) i h (f r) s m v (m ac l o y b d) (af r (p m w)) (aa x t e) i h (f r) s m v (m ac l o y b d) (af r (p m w)) (aa x t e) i h (f r) s m v (m ac l o y b d) (af r (p m w)) (aa x t e) (ag v (e r d i d aa ah))) ag) S (x af al g al l) m) ag z a) (T (ad (aa aa a) ai))
A (d B r g) aj (am (C D (y (s an i s m v (m ac l o y b d) (af r (p m w)) (aa x t e) i h (f r) s m v (m ac l o y b d) (af r (p m w)) (aa x t e) i h (f r) s m v (m ac l o y b d) (af r (p m w)) (aa x t e) i h (f r) s m v (m ac l o y b d) (af r (p m w)) (aa x t e) i h (f r) s m v (m ac l o y b d) (af r (p m w)) (aa x t e) (ag v (e r d i d aa ah))) ag) S (x af al g al l) m) ag z a) (T (ad (aa aa a) ai))
A (d B r g) aj (am (C D (y (u aj i h (f r) s m v (m ac l o y b d) (af r (p m w)) (aa x t e) i h (f r) s m v (m ac l o y b d) (af r (p m w)) (aa x t e) i h (f r) s m v (m ac l o y b d) (af r (p m w)) (aa x t e) i h (f r) s m v (m ac l o y b d) (af r (p m w)) (aa x t e) i h (f r) s m v (m ac l o y b d) (af r (p m w)) (aa x t e) (ag v (e r d i d aa ah))) ag) S (x af al g al l) m) ag z a) (T (ad (aa aa a) ai))
A (d B r g) aj (am (C D (y (ah (i k) t p am (aa x t e) i h (f r) s m v (m ac l o y b d) (af r (p m w)) (aa x t e) i h (f r) s m v (m ac l o y b d) (af r (p m w)) (aa x t e) i h (f r) s m v (m ac l o y b d) (af r (p m w)) (aa x t e) i h (f r) s m v (m ac l o y b d) (af r (p m w)) (aa x t e) i h (f r) s m v (m ac l o y b d) (af r (p m w)) (aa x t e) (ag v (e r d i d aa ah))) ag) S (x af al g al l) m) ag z a) (T (ad (aa aa a) ai))
A (d B r g) aj (am (C D (y (am c ag ak o j al ab (af r (p m w)) (aa x t e) i h (f r) s m v (m ac l o y b d) (af r (p m w)) (aa x t e) i h (f r) s m v (m ac l o y b d) (af r (p m w)) (aa x t e) i h (f r) s m v (m ac l o y b d) (af r (p m w)) (aa x t e) i h (f r) s m v (m ac l o y b d) (af r (p m w)) (aa x t e) i h (f r) s m v (m ac l o y b d) (af r (p m w)) (aa x t e) (ag v (e r d i d aa ah))) ag) S (x af al g al l) m) ag z a) (T (ad (aa aa a) ai))
A (d B r g) aj (am (C D (y (s an i s m v (m ac l o y b d) (af r (p m w)) (aa x t e) i h (f r) s m v (m ac l o y b d) (af r (p m w)) (aa x t e) i h (f r) s m v (m ac l o y b d) (af r (p m w)) (aa x t e) i h (f r) s m v (m ac l o y b d) (af r (p m w)) (aa x t e) i h (f r) s m v (m ac l o y b d) (af r (p m w)) (aa x t e) i h (f r) s m v (m ac l o y b d) (af r (p m w)) (aa x t e) (ag v (e r d i d aa ah))) ag) S (x af al g al l) m) ag z a) (T (ad (aa aa a) ai))
A (d B r g) aj (am (C D (y (u aj i h (f r) s m v (m ac l o y b d) (af r (p m w)) (aa x t e) i h (f r) s m v (m ac l o y b d) (af r (p m w)) (aa x t e) i h (f r) s m v (m ac l o y b d) (af r (p m w)) (aa x t e) i h (f r) s m v (m ac l o y b d) (af r (p m w)) (aa x t e) i h (f r) s m v (m ac l o y b d) (af r (p m w)) (aa x t e) i h (f r) s m v (m ac l o y b d) (af r (p m w)) (aa x t e) (ag v (e r d i d aa ah))) ag) S (x af al g al l) m) ag z a) (T (ad (aa aa a) ai))
A (d B r g) aj (am (C D (y (ah (i k) t p am (aa x t e) i h (f r) s m v (m ac l o y b d) (af r (p m w)) (aa x t e) i h (f r) s m v (m ac l o y b d) (af r (p m w)) (aa x t e) i h (f r) s m v (m ac l o y b d) (af r (p m w)) (aa x t e) i h (f r) s m v (m ac l o y b d) (af r (p m w)) (aa x t e) i h (f r) s m v (m ac l o y b d) (af r (p m w)) (aa x t e) i h (f r) s m v (m ac l o y b d) (af r (p m w)) (aa x t e) (ag v (e r d i d aa ah))) ag) S (x af al g al l) m) ag z a) (T (ad (aa aa a) ai))
A (d B r g) aj (am (C D (y (am c ag ak o j al ab (af r (p m w)) (aa x t e) i h (f r) s m v (m ac l o y b d) (af r (p m w)) (aa x t e) i h (f r) s m v (m ac l o y b d) (af r (p m w)) (aa x t e) i h (f r) s m v (m ac l o y b d) (af r (p m w)) (aa x t e) i h (f r) s m v (m ac l o y b d) (af r (p m w)) (aa x t e) i h (f r) s m v (m ac l o y b d) (af r (p m w)) (aa x t e) i h (f r) s m v (m ac l o y b d) (af r (p m w)) (aa x t e) (ag v (e r d i d aa ah))) ag) S (x af al g al l) m) ag z a) (T (ad (aa aa a) ai))
A (d B r g) aj (am (C D (y (s an i s m v (m ac l o y b d) (af r (p m w)) (aa x t e) i h (f r) s m v (m ac l o y b d) (af r (p m w)) (aa x t e) i h (f r) s m v (m ac l o y b d) (af r (p m w)) (aa x t e) i h (f r) s m v (m ac l o y b d) (af r (p m w)) (aa x t e) i h (f r) s m v (m ac l o y b d) (af r (p m w)) (aa x t e) i h (f r) s m v (m ac l o y b d) (af r (p m w)) (aa x t e) i h (f r) s m v (m ac l o y b d) (af r (p m w)) (aa x t e) (ag v (e r d i d aa ah))) ag) S (x af al g al l) m) ag z a) (T (ad (aa aa a) ai))
A (d B r g) aj (am (C D (y (u aj i h (f r) s m v (m ac l o y b d) (af r (p m w)) (aa x t e) i h (f r) s m v (m ac l o y b d) (af r (p m w)) (aa x t e) i h (f r) s m v (m ac l o y b d) (af r (p m w)) (aa x t e) i h (f r) s m v (m ac l o y b d) (af r (p m w)) (aa x t e) i h (f r) s m v (m ac l o y b d) (af r (p m w)) (aa x t e) i h (f r) s m v (m ac l o y b d) (af r (p m w)) (aa x t e) i h (f r) s m v (m ac l o y b d) (af r (p m w)) (aa x t e) (ag v (e r d i d aa ah))) ag) S (x af al g al l) m) ag z a) (T (ad (aa aa a) ai))


