ac aq ap ao ar ao al ai ae g m an y o
t ao ap h aa (h y q g ae (h (r s x)) l)
v ap ao av at aq au ar y k n ac ab s f am an (x aj g) p
an ap ao aq aj al a v ap p n aq t l
w ap ao s (aa ag ao z y x ao ad)
p ao at ar aq av au ap e x c (j ab v aa g ah)
c ad o z m ac al l (aj d d ak)
j ap aq au at ar ao av l
aa af b ak t am al ak f am ae s
i ar au at ap ao aq r al h (y e) ae au
u ar at au ao ap aq at ao ag s aa au x (i ar) (ag ak)
b x ag u an am g ak
m aq ar at ao au ap aj (t ac b t i)
af ao ap ap ah ao (ah ag ab l) ap v c ah ao
f ao ap an g r j al (j aj s)
r ap ao aq af p aa ag n ap a ac o o ai (i l)
q ap aq ao ar at c v ag
z ar aq ao ap a c (ad m t f v (ab j g))
n at aq ao ap ar c aq ad f x i m
y ao ap aj ak ac (u (aj v h an) (aa t)) ap
g ao ar ap aq at ac an ab s (ai i k) m v
ag ao ai r x am f
l ap ao o o ag t n a af ap o t ai v z
ad ao e i y (i m ao ah aj)
ab ae w t k l
ae ao ak b ab j n s i r ao
x af r ak y an (m u) aj
ak ao d i n ao al (ag aa u)
s ao ar aq ap e l ai g k al y x h l
h aq ap ar ao at c m (ak i) an
am ao at aq ap ar ad (aa d f y (y ad ah r g af at))
d ap aq ao ar aq (q (aa (o l o n t)) ag) m
e aq av au ap at ar ao r q o u av w c ao r t (w w) q
aj ar ao ap aq ag n i p aq ak
k av ap ar au ao at aq i s l (aq y c s z an i t)
ai ap ao w am f k (x ae x) y an t t
ah ao ap at ar aq ao (h (s (m s)) v ao u al ai) (aj an)
al ao n p ai m n t k t
o aq ao ap ad (ap p u) an v e ao aa ac v am q
a ai (ai (o v (ai e k y v am ak)))
main A B C ad am z ae D (E F u (ae j ag G (o H b j h af I o am f (J t al) (ah o (K L ah ab q)) p z) (ak ag al ag (M (f N af g (an ad O P (s an (Q ac (ad m e w af R ab (w ac s ai v s x ab (S z w q g (T l y ak ae (h (s t U ac al o s) V k f x k))) W) X h) a Y q d x))))))))
------------------------------------------------------------
A B C ad am z ae D (E F u (ae j ag G (o H b j h af I o am f (J t al) (ah o (K L ah ab q)) p z) (ak ag al ag (M (f N af g (an ad O P (s an (Q ac (ad m e w af R ab (w ac s ai v s x ab (S z w q g (T l y ak ae (h (s t U ac al o s) V k f x k))) W) X h) a Y q d x))))))))
A B C ad am z ae D (E F u (ak b ab j n s i r j ag G (o H b j h af I o am f (J t al) (ah o (K L ah ab q)) p z) (ak ag al ag (M (f N af g (an ad O P (s an (Q ac (ad m e w af R ab (w ac s ai v s x ab (S z w q g (T l y ak ae (h (s t U ac al o s) V k f x k))) W) X h) a Y q d x))))))))
A B C ad am z ae D (E F u (d i n b al (ag aa u) ab j n s i r j ag G (o H b j h af I o am f (J t al) (ah o (K L ah ab q)) p z) (ak ag al ag (M (f N af g (an ad O P (s an (Q ac (ad m e w af R ab (w ac s ai v s x ab (S z w q g (T l y ak ae (h (s t U ac al o s) V k f x k))) W) X h) a Y q d x))))))))
A B C ad am z ae D (E F u (n (q (aa (o l o n t)) ag) m (ag aa u) ab j n s i r j ag G (o H b j h af I o am f (J t al) (ah o (K L ah ab q)) p z) (ak ag al ag (M (f N af g (an ad O P (s an (Q ac (ad m e w af R ab (w ac s ai v s x ab (S z w q g (T l y ak ae (h (s t U ac al o s) V k f x k))) W) X h) a Y q d x))))))))
A B C ad am z ae D (E F u (c m ad f x i m n s i r j ag G (o H b j h af I o am f (J t al) (ah o (K L ah ab q)) p z) (ak ag al ag (M (f N af g (an ad O P (s an (Q ac (ad m e w af R ab (w ac s ai v s x ab (S z w q g (T l y ak ae (h (s t U ac al o s) V k f x k))) W) X h) a Y q d x))))))))
A B C ad am z ae D (E F u (ad o z m ac al l (aj d d ak) m ad f x i m n s i r j ag G (o H b j h af I o am f (J t al) (ah o (K L ah ab q)) p z) (ak ag al ag (M (f N af g (an ad O P (s an (Q ac (ad m e w af R ab (w ac s ai v s x ab (S z w q g (T l y ak ae (h (s t U ac al o s) V k f x k))) W) X h) a Y q d x))))))))
A B C ad am z ae D (E F u (e i y (i m o ah aj) z m ac al l (aj d d ak) m ad f x i m n s i r j ag G (o H b j h af I o am f (J t al) (ah o (K L ah ab q)) p z) (ak ag al ag (M (f N af g (an ad O P (s an (Q ac (ad m e w af R ab (w ac s ai v s x ab (S z w q g (T l y ak ae (h (s t U ac al o s) V k f x k))) W) X h) a Y q d x))))))))
A B C ad am z ae D (E F u (r q o u y w c al r t (w w) q l (aj d d ak) m ad f x i m n s i r j ag G (o H b j h af I o am f (J t al) (ah o (K L ah ab q)) p z) (ak ag al ag (M (f N af g (an ad O P (s an (Q ac (ad m e w af R ab (w ac s ai v s x ab (S z w q g (T l y ak ae (h (s t U ac al o s) V k f x k))) W) X h) a Y q d x))))))))
A B C ad am z ae D (E F u (af p aa ag n q a ac o o ai (i l) y w c al r t (w w) q l (aj d d ak) m ad f x i m n s i r j ag G (o H b j h af I o am f (J t al) (ah o (K L ah ab q)) p z) (ak ag al ag (M (f N af g (an ad O P (s an (Q ac (ad m e w af R ab (w ac s ai v s x ab (S z w q g (T l y ak ae (h (s t U ac al o s) V k f x k))) W) X h) a Y q d x))))))))
A B C ad am z ae D (E F u (aa ah p (ah ag ab l) aa v c ah p ag n q a ac o o ai (i l) y w c al r t (w w) q l (aj d d ak) m ad f x i m n s i r j ag G (o H b j h af I o am f (J t al) (ah o (K L ah ab q)) p z) (ak ag al ag (M (f N af g (an ad O P (s an (Q ac (ad m e w af R ab (w ac s ai v s x ab (S z w q g (T l y ak ae (h (s t U ac al o s) V k f x k))) W) X h) a Y q d x))))))))
A B C ad am z ae D (E F u (af b ak t am al ak f am ae s ah p (ah ag ab l) aa v c ah p ag n q a ac o o ai (i l) y w c al r t (w w) q l (aj d d ak) m ad f x i m n s i r j ag G (o H b j h af I o am f (J t al) (ah o (K L ah ab q)) p z) (ak ag al ag (M (f N af g (an ad O P (s an (Q ac (ad m e w af R ab (w ac s ai v s x ab (S z w q g (T l y ak ae (h (s t U ac al o s) V k f x k))) W) X h) a Y q d x))))))))
A B C ad am z ae D (E F u (ak ah b (ah ag ab l) ak v c ah b t am al ak f am ae s ah p (ah ag ab l) aa v c ah p ag n q a ac o o ai (i l) y w c al r t (w w) q l (aj d d ak) m ad f x i m n s i r j ag G (o H b j h af I o am f (J t al) (ah o (K L ah ab q)) p z) (ak ag al ag (M (f N af g (an ad O P (s an (Q ac (ad m e w af R ab (w ac s ai v s x ab (S z w q g (T l y ak ae (h (s t U ac al o s) V k f x k))) W) X h) a Y q d x))))))))
A B C ad am z ae D (E F u (d i n ah al (ag aa u) b (ah ag ab l) ak v c ah b t am al ak f am ae s ah p (ah ag ab l) aa v c ah p ag n q a ac o o ai (i l) y w c al r t (w w) q l (aj d d ak) m ad f x i m n s i r j ag G (o H b j h af I o am f (J t al) (ah o (K L ah ab q)) p z) (ak ag al ag (M (f N af g (an ad O P (s an (Q ac (ad m e w af R ab (w ac s ai v s x ab (S z w q g (T l y ak ae (h (s t U ac al o s) V k f x k))) W) X h) a Y q d x))))))))
A B C ad am z ae D (E F u (n (q (aa (o l o n t)) ag) m (ag aa u) b (ah ag ab l) ak v c ah b t am al ak f am ae s ah p (ah ag ab l) aa v c ah p ag n q a ac o o ai (i l) y w c al r t (w w) q l (aj d d ak) m ad f x i m n s i r j ag G (o H b j h af I o am f (J t al) (ah o (K L ah ab q)) p z) (ak ag al ag (M (f N af g (an ad O P (s an (Q ac (ad m e w af R ab (w ac s ai v s x ab (S z w q g (T l y ak ae (h (s t U ac al o s) V k f x k))) W) X h) a Y q d x))))))))
A B C ad am z ae D (E F u (c m ad f x i m ak v c ah b t am al ak f am ae s ah p (ah ag ab l) aa v c ah p ag n q a ac o o ai (i l) y w c al r t (w w) q l (aj d d ak) m ad f x i m n s i r j ag G (o H b j h af I o am f (J t al) (ah o (K L ah ab q)) p z) (ak ag al ag (M (f N af g (an ad O P (s an (Q ac (ad m e w af R ab (w ac s ai v s x ab (S z w q g (T l y ak ae (h (s t U ac al o s) V k f x k))) W) X h) a Y q d x))))))))
A B C ad am z ae D (E F u (ad o z m ac al l (aj d d ak) m ad f x i m ak v c ah b t am al ak f am ae s ah p (ah ag ab l) aa v c ah p ag n q a ac o o ai (i l) y w c al r t (w w) q l (aj d d ak) m ad f x i m n s i r j ag G (o H b j h af I o am f (J t al) (ah o (K L ah ab q)) p z) (ak ag al ag (M (f N af g (an ad O P (s an (Q ac (ad m e w af R ab (w ac s ai v s x ab (S z w q g (T l y ak ae (h (s t U ac al o s) V k f x k))) W) X h) a Y q d x))))))))
A B C ad am z ae D (E F u (e i y (i m o ah aj) z m ac al l (aj d d ak) m ad f x i m ak v c ah b t am al ak f am ae s ah p (ah ag ab l) aa v c ah p ag n q a ac o o ai (i l) y w c al r t (w w) q l (aj d d ak) m ad f x i m n s i r j ag G (o H b j h af I o am f (J t al) (ah o (K L ah ab q)) p z) (ak ag al ag (M (f N af g (an ad O P (s an (Q ac (ad m e w af R ab (w ac s ai v s x ab (S z w q g (T l y ak ae (h (s t U ac al o s) V k f x k))) W) X h) a Y q d x))))))))
A B C ad am z ae D (E F u (r q o u y w c al r t (w w) q l (aj d d ak) m ad f x i m ak v c ah b t am al ak f am ae s ah p (ah ag ab l) aa v c ah p ag n q a ac o o ai (i l) y w c al r t (w w) q l (aj d d ak) m ad f x i m n s i r j ag G (o H b j h af I o am f (J t al) (ah o (K L ah ab q)) p z) (ak ag al ag (M (f N af g (an ad O P (s an (Q ac (ad m e w af R ab (w ac s ai v s x ab (S z w q g (T l y ak ae (h (s t U ac al o s) V k f x k))) W) X h) a Y q d x))))))))
A B C ad am z ae D (E F u (af p aa ag n q a ac o o ai (i l) y w c al r t (w w) q l (aj d d ak) m ad f x i m ak v c ah b t am al ak f am ae s ah p (ah ag ab l) aa v c ah p ag n q a ac o o ai (i l) y w c al r t (w w) q l (aj d d ak) m ad f x i m n s i r j ag G (o H b j h af I o am f (J t al) (ah o (K L ah ab q)) p z) (ak ag al ag (M (f N af g (an ad O P (s an (Q ac (ad m e w af R ab (w ac s ai v s x ab (S z w q g (T l y ak ae (h (s t U ac al o s) V k f x k))) W) X h) a Y q d x))))))))
A B C ad am z ae D (E F u (aa ah p (ah ag ab l) aa v c ah p ag n q a ac o o ai (i l) y w c al r t (w w) q l (aj d d ak) m ad f x i m ak v c ah b t am al ak f am ae s ah p (ah ag ab l) aa v c ah p ag n q a ac o o ai (i l) y w c al r t (w w) q l (aj d d ak) m ad f x i m n s i r j ag G (o H b j h af I o am f (J t al) (ah o (K L ah ab q)) p z) (ak ag al ag (M (f N af g (an ad O P (s an (Q ac (ad m e w af R ab (w ac s ai v s x ab (S z w q g (T l y ak ae (h (s t U ac al o s) V k f x k))) W) X h) a Y q d x))))))))
A B C ad am z ae D (E F u (af b ak t am al ak f am ae s ah p (ah ag ab l) aa v c ah p ag n q a ac o o ai (i l) y w c al r t (w w) q l (aj d d ak) m ad f x i m ak v c ah b t am al ak f am ae s ah p (ah ag ab l) aa v c ah p ag n q a ac o o ai (i l) y w c al r t (w w) q l (aj d d ak) m ad f x i m n s i r j ag G (o H b j h af I o am f (J t al) (ah o (K L ah ab q)) p z) (ak ag al ag (M (f N af g (an ad O P (s an (Q ac (ad m e w af R ab (w ac s ai v s x ab (S z w q g (T l y ak ae (h (s t U ac al o s) V k f x k))) W) X h) a Y q d x))))))))
A B C ad am z ae D (E F u (ak ah b (ah ag ab l) ak v c ah b t am al ak f am ae s ah p (ah ag ab l) aa v c ah p ag n q a ac o o ai (i l) y w c al r t (w w) q l (aj d d ak) m ad f x i m ak v c ah b t am al ak f am ae s ah p (ah ag ab l) aa v c ah p ag n q a ac o o ai (i l) y w c al r t (w w) q l (aj d d ak) m ad f x i m n s i r j ag G (o H b j h af I o am f (J t al) (ah o (K L ah ab q)) p z) (ak ag al ag (M (f N af g (an ad O P (s an (Q ac (ad m e w af R ab (w ac s ai v s x ab (S z w q g (T l y ak ae (h (s t U ac al o s) V k f x k))) W) X h) a Y q d x))))))))
A B C ad am z ae D (E F u (d i n ah al (ag aa u) b (ah ag ab l) ak v c ah b t am al ak f am ae s ah p (ah ag ab l) aa v c ah p ag n q a ac o o ai (i l) y w c al r t (w w) q l (aj d d ak) m ad f x i m ak v c ah b t am al ak f am ae s ah p (ah ag ab l) aa v c ah p ag n q a ac o o ai (i l) y w c al r t (w w) q l (aj d d ak) m ad f x i m n s i r j ag G (o H b j h af I o am f (J t al) (ah o (K L ah ab q)) p z) (ak ag al ag (M (f N af g (an ad O P (s an (Q ac (ad m e w af R ab (w ac s ai v s x ab (S z w q g (T l y ak ae (h (s t U ac al o s) V k f x k))) W) X h) a Y q d x))))))))
A B C ad am z ae D (E F u (n (q (aa (o l o n t)) ag) m (ag aa u) b (ah ag ab l) ak v c ah b t am al ak f am ae s ah p (ah ag ab l) aa v c ah p ag n q a ac o o ai (i l) y w c al r t (w w) q l (aj d d ak) m ad f x i m ak v c ah b t am al ak f am ae s ah p (ah ag ab l) aa v c ah p ag n q a ac o o ai (i l) y w c al r t (w w) q l (aj d d ak) m ad f x i m n s i r j ag G (o H b j h af I o am f (J t al) (ah o (K L ah ab q)) p z) (ak ag al ag (M (f N af g (an ad O P (s an (Q ac (ad m e w af R ab (w ac s ai v s x ab (S z w q g (T l y ak ae (h (s t U ac al o s) V k f x k))) W) X h) a Y q d x))))))))
A B C ad am z ae D (E F u (c m ad f x i m ak v c ah b t am al ak f am ae s ah p (ah ag ab l) aa v c ah p ag n q a ac o o ai (i l) y w c al r t (w w) q l (aj d d ak) m ad f x i m ak v c ah b t am al ak f am ae s ah p (ah ag ab l) aa v c ah p ag n q a ac o o ai (i l) y w c al r t (w w) q l (aj d d ak) m ad f x i m n s i r j ag G (o H b j h af I o am f (J t al) (ah o (K L ah ab q)) p z) (ak ag al ag (M (f N af g (an ad O P (s an (Q ac (ad m e w af R ab (w ac s ai v s x ab (S z w q g (T l y ak ae (h (s t U ac al o s) V k f x k))) W) X h) a Y q d x))))))))
A B C ad am z ae D (E F u (ad o z m ac al l (aj d d ak) m ad f x i m ak v c ah b t am al ak f am ae s ah p (ah ag ab l) aa v c ah p ag n q a ac o o ai (i l) y w c al r t (w w) q l (aj d d ak) m ad f x i m ak v c ah b t am al ak f am ae s ah p (ah ag ab l) aa v c ah p ag n q a ac o o ai (i l) y w c al r t (w w) q l (aj d d ak) m ad f x i m n s i r j ag G (o H b j h af I o am f (J t al) (ah o (K L ah ab q)) p z) (ak ag al ag (M (f N af g (an ad O P (s an (Q ac (ad m e w af R ab (w ac s ai v s x ab (S z w q g (T l y ak ae (h (s t U ac al o s) V k f x k))) W) X h) a Y q d x))))))))
A B C ad am z ae D (E F u (e i y (i m o ah aj) z m ac al l (aj d d ak) m ad f x i m ak v c ah b t am al ak f am ae s ah p (ah ag ab l) aa v c ah p ag n q a ac o o ai (i l) y w c al r t (w w) q l (aj d d ak) m ad f x i m ak v c ah b t am al ak f am ae s ah p (ah ag ab l) aa v c ah p ag n q a ac o o ai (i l) y w c al r t (w w) q l (aj d d ak) m ad f x i m n s i r j ag G (o H b j h af I o am f (J t al) (ah o (K L ah ab q)) p z) (ak ag al ag (M (f N af g (an ad O P (s an (Q ac (ad m e w af R ab (w ac s ai v s x ab (S z w q g (T l y ak ae (h (s t U ac al o s) V k f x k))) W) X h) a Y q d x))))))))
A B C ad am z ae D (E F u (r q o u y w c al r t (w w) q l (aj d d ak) m ad f x i m ak v c ah b t am al ak f am ae s ah p (ah ag ab l) aa v c ah p ag n q a ac o o ai (i l) y w c al r t (w w) q l (aj d d ak) m ad f x i m ak v c ah b t am al ak f am ae s ah p (ah ag ab l) aa v c ah p ag n q a ac o o ai (i l) y w c al r t (w w) q l (aj d d ak) m ad f x i m n s i r j ag G (o H b j h af I o am f (J t al) (ah o (K L ah ab q)) p z) (ak ag al ag (M (f N af g (an ad O P (s an (Q ac (ad m e w af R ab (w ac s ai v s x ab (S z w q g (T l y ak ae (h (s t U ac al o s) V k f x k))) W) X h) a Y q d x))))))))
A B C ad am z ae D (E F u (af p aa ag n q a ac o o ai (i l) y w c al r t (w w) q l (aj d d ak) m ad f x i m ak v c ah b t am al ak f am ae s ah p (ah ag ab l) aa v c ah p ag n q a ac o o ai (i l) y w c al r t (w w) q l (aj d d ak) m ad f x i m ak v c ah b t am al ak f am ae s ah p (ah ag ab l) aa v c ah p ag n q a ac o o ai (i l) y w c al r t (w w) q l (aj d d ak) m ad f x i m n s i r j ag G (o H b j h af I o am f (J t al) (ah o (K L ah ab q)) p z) (ak ag al ag (M (f N af g (an ad O P (s an (Q ac (ad m e w af R ab (w ac s ai v s x ab (S z w q g (T l y ak ae (h (s t U ac al o s) V k f x k))) W) X h) a Y q d x))))))))
A B C ad am z ae D (E F u (aa ah p (ah ag ab l) aa v c ah p ag n q a ac o o ai (i l) y w c al r t (w w) q l (aj d d ak) m ad f x i m ak v c ah b t am al ak f am ae s ah p (ah ag ab l) aa v c ah p ag n q a ac o o ai (i l) y w c al r t (w w) q l (aj d d ak) m ad f x i m ak v c ah b t am al ak f am ae s ah p (ah ag ab l) aa v c ah p ag n q a ac o o ai (i l) y w c al r t (w w) q l (aj d d ak) m ad f x i m n s i r j ag G (o H b j h af I o am f (J t al) (ah o (K L ah ab q)) p z) (ak ag al ag (M (f N af g (an ad O P (s an (Q ac (ad m e w af R ab (w ac s ai v s x ab (S z w q g (T l y ak ae (h (s t U ac al o s) V k f x k))) W) X h) a Y q d x))))))))


