aa ap aq ao = am af (k f ac) aj af a
ai ar aq ao ap at au = j b l n ag (an ag al a ae u g)
o ao ap = al aa h g ao ap ao q y ad (ab al) w
d ao = q l ah t (h ao o e q)
aj ao at aq ar ap = h (j h ap p (s ae j p) ab ad)
ak ao ap = g q w aa g aj ab i (x ac) a (ab ah)
ad au ap aq at ar av ao = aq ae am ag (al aq)
f ar ap at aq ao au = ao
h at aq ar ao ap = w g aa u f r j s am
g at ao ap aq au ar = o aj i r ab
ag = p
am ap aq ao = x z c b ap aa af ah g j z aq k
ae ao = an aa (q u aa w aa x) af (ac k)
m aq ap av at ar au ao = ab (ac ae ao aj n (ao ah p n))
r ar at aq au ao ap = s (w c ae b ae au)
x ao = k t h ag f r m s al ao (h ao af)
ac ao = y an j h al ao n (v z) (h y w)
al ap ao = k ad e s s c af ae x
y aq ao ap = ab ap ai z d f ag af (b h x)
q ao at ar ap aq = i (t i (am l c) j h) z (j e)
e aq ao ap = t ap m
p ar ao av ap at au aq = a y ah o
s ap ao = ab ao x t g k i (e (o f)) an af ap
main = ah p A B ae an C ag d D E e (g p am F f b t G H n ah m al ah) I j (J p ah r K (u al ak b aa (L M an) (i r aj z t (ad g)) N (O P x Q ae R (c S v v c (T ae (U (V (x an (x (b aa (p (p b (z z (W t X aa (p n (Y (j z l e v k) ag aa f) w r s l ah ac) aj Z) e ac)))))))))))))
an ao ap = l ap aa ap ae m y (ao ao) v aj (ap t)
l ar aq ap ao = s af ar ai m b (s (i r ao))
ah ao ar ap at aq = ab q w j ae aa al o o
af aq ap au at ao ar = i (n l ao)
w ap ar at ao aq = af ap i aq ah j ad x ak s ab ap d
i ao aq ap = w t p ah ag h aq e ag
j = ac f am x aj u m c ab k
t au ar ap aq at ao = a ad g (ac h x) ag (n al x j ae)
k ao ar at aq ap = aj ae a n m ah ab ar u m c n t
ab ao ap = c ag ah h (f al an) (i l) ak a l
u ao = b (ao aj m q e (y ao) ah ab ao)
a ar ao ap aq = f (ag aq (ab ab) f (ar aa k (r i m) w))
c ar aq ap ao = af aa (n (aj t aq n aq a) w)
v ao au aq ap at ar = ad ao w ah al
n = p m h p al o ah (ab t)
z ao = w aj e h (o (r o)) a q ad k ao
b ao ap = af (ap g ap) (p t) p a aa q u
------------------------------------------------------------
ah p A B ae an C ag d D E e (g p am F f b t G H n ah m al ah) I j (J p ah r K (u al ak b aa (L M an) (i r aj z t (ad g)) N (O P x Q ae R (c S v v c (T ae (U (V (x an (x (b aa (p (p b (z z (W t X aa (p n (Y (j z l e v k) ag aa f) w r s l ah ac) aj Z) e ac)))))))))))))
ab q w j ae aa al o o C ag d D E e (g p am F f b t G H n ah m al ah) I j (J p ah r K (u al ak b aa (L M an) (i r aj z t (ad g)) N (O P x Q ae R (c S v v c (T ae (U (V (x an (x (b aa (p (p b (z z (W t X aa (p n (Y (j z l e v k) ag aa f) w r s l ah ac) aj Z) e ac)))))))))))))
c ag ah h (f al an) (i l) ak a l j ae aa al o o C ag d D E e (g p am F f b t G H n ah m al ah) I j (J p ah r K (u al ak b aa (L M an) (i r aj z t (ad g)) N (O P x Q ae R (c S v v c (T ae (U (V (x an (x (b aa (p (p b (z z (W t X aa (p n (Y (j z l e v k) ag aa f) w r s l ah ac) aj Z) e ac)))))))))))))
af aa (n (aj t ah n ah a) w) (i l) ak a l j ae aa al o o C ag d D E e (g p am F f b t G H n ah m al ah) I j (J p ah r K (u al ak b aa (L M an) (i r aj z t (ad g)) N (O P x Q ae R (c S v v c (T ae (U (V (x an (x (b aa (p (p b (z z (W t X aa (p n (Y (j z l e v k) ag aa f) w r s l ah ac) aj Z) e ac)))))))))))))
i (n l a) j ae aa al o o C ag d D E e (g p am F f b t G H n ah m al ah) I j (J p ah r K (u al ak b aa (L M an) (i r aj z t (ad g)) N (O P x Q ae R (c S v v c (T ae (U (V (x an (x (b aa (p (p b (z z (W t X aa (p n (Y (j z l e v k) ag aa f) w r s l ah ac) aj Z) e ac)))))))))))))
w t p ah ag h j e ag aa al o o C ag d D E e (g p am F f b t G H n ah m al ah) I j (J p ah r K (u al ak b aa (L M an) (i r aj z t (ad g)) N (O P x Q ae R (c S v v c (T ae (U (V (x an (x (b aa (p (p b (z z (W t X aa (p n (Y (j z l e v k) ag aa f) w r s l ah ac) aj Z) e ac)))))))))))))
af t i h ah j ad x ak s ab t d j e ag aa al o o C ag d D E e (g p am F f b t G H n ah m al ah) I j (J p ah r K (u al ak b aa (L M an) (i r aj z t (ad g)) N (O P x Q ae R (c S v v c (T ae (U (V (x an (x (b aa (p (p b (z z (W t X aa (p n (Y (j z l e v k) ag aa f) w r s l ah ac) aj Z) e ac)))))))))))))
i (n l j) x ak s ab t d j e ag aa al o o C ag d D E e (g p am F f b t G H n ah m al ah) I j (J p ah r K (u al ak b aa (L M an) (i r aj z t (ad g)) N (O P x Q ae R (c S v v c (T ae (U (V (x an (x (b aa (p (p b (z z (W t X aa (p n (Y (j z l e v k) ag aa f) w r s l ah ac) aj Z) e ac)))))))))))))
w t p ah ag h x e ag s ab t d j e ag aa al o o C ag d D E e (g p am F f b t G H n ah m al ah) I j (J p ah r K (u al ak b aa (L M an) (i r aj z t (ad g)) N (O P x Q ae R (c S v v c (T ae (U (V (x an (x (b aa (p (p b (z z (W t X aa (p n (Y (j z l e v k) ag aa f) w r s l ah ac) aj Z) e ac)))))))))))))
af t i h ah j ad x ak s ab t d x e ag s ab t d j e ag aa al o o C ag d D E e (g p am F f b t G H n ah m al ah) I j (J p ah r K (u al ak b aa (L M an) (i r aj z t (ad g)) N (O P x Q ae R (c S v v c (T ae (U (V (x an (x (b aa (p (p b (z z (W t X aa (p n (Y (j z l e v k) ag aa f) w r s l ah ac) aj Z) e ac)))))))))))))
i (n l j) x ak s ab t d x e ag s ab t d j e ag aa al o o C ag d D E e (g p am F f b t G H n ah m al ah) I j (J p ah r K (u al ak b aa (L M an) (i r aj z t (ad g)) N (O P x Q ae R (c S v v c (T ae (U (V (x an (x (b aa (p (p b (z z (W t X aa (p n (Y (j z l e v k) ag aa f) w r s l ah ac) aj Z) e ac)))))))))))))
w t p ah ag h x e ag s ab t d x e ag s ab t d j e ag aa al o o C ag d D E e (g p am F f b t G H n ah m al ah) I j (J p ah r K (u al ak b aa (L M an) (i r aj z t (ad g)) N (O P x Q ae R (c S v v c (T ae (U (V (x an (x (b aa (p (p b (z z (W t X aa (p n (Y (j z l e v k) ag aa f) w r s l ah ac) aj Z) e ac)))))))))))))
af t i h ah j ad x ak s ab t d x e ag s ab t d x e ag s ab t d j e ag aa al o o C ag d D E e (g p am F f b t G H n ah m al ah) I j (J p ah r K (u al ak b aa (L M an) (i r aj z t (ad g)) N (O P x Q ae R (c S v v c (T ae (U (V (x an (x (b aa (p (p b (z z (W t X aa (p n (Y (j z l e v k) ag aa f) w r s l ah ac) aj Z) e ac)))))))))))))
i (n l j) x ak s ab t d x e ag s ab t d x e ag s ab t d j e ag aa al o o C ag d D E e (g p am F f b t G H n ah m al ah) I j (J p ah r K (u al ak b aa (L M an) (i r aj z t (ad g)) N (O P x Q ae R (c S v v c (T ae (U (V (x an (x (b aa (p (p b (z z (W t X aa (p n (Y (j z l e v k) ag aa f) w r s l ah ac) aj Z) e ac)))))))))))))
w t p ah ag h x e ag s ab t d x e ag s ab t d x e ag s ab t d j e ag aa al o o C ag d D E e (g p am F f b t G H n ah m al ah) I j (J p ah r K (u al ak b aa (L M an) (i r aj z t (ad g)) N (O P x Q ae R (c S v v c (T ae (U (V (x an (x (b aa (p (p b (z z (W t X aa (p n (Y (j z l e v k) ag aa f) w r s l ah ac) aj Z) e ac)))))))))))))
af t i h ah j ad x ak s ab t d x e ag s ab t d x e ag s ab t d x e ag s ab t d j e ag aa al o o C ag d D E e (g p am F f b t G H n ah m al ah) I j (J p ah r K (u al ak b aa (L M an) (i r aj z t (ad g)) N (O P x Q ae R (c S v v c (T ae (U (V (x an (x (b aa (p (p b (z z (W t X aa (p n (Y (j z l e v k) ag aa f) w r s l ah ac) aj Z) e ac)))))))))))))
i (n l j) x ak s ab t d x e ag s ab t d x e ag s ab t d x e ag s ab t d j e ag aa al o o C ag d D E e (g p am F f b t G H n ah m al ah) I j (J p ah r K (u al ak b aa (L M an) (i r aj z t (ad g)) N (O P x Q ae R (c S v v c (T ae (U (V (x an (x (b aa (p (p b (z z (W t X aa (p n (Y (j z l e v k) ag aa f) w r s l ah ac) aj Z) e ac)))))))))))))
w t p ah ag h x e ag s ab t d x e ag s ab t d x e ag s ab t d x e ag s ab t d j e ag aa al o o C ag d D E e (g p am F f b t G H n ah m al ah) I j (J p ah r K (u al ak b aa (L M an) (i r aj z t (ad g)) N (O P x Q ae R (c S v v c (T ae (U (V (x an (x (b aa (p (p b (z z (W t X aa (p n (Y (j z l e v k) ag aa f) w r s l ah ac) aj Z) e ac)))))))))))))
af t i h ah j ad x ak s ab t d x e ag s ab t d x e ag s ab t d x e ag s ab t d x e ag s ab t d j e ag aa al o o C ag d D E e (g p am F f b t G H n ah m al ah) I j (J p ah r K (u al ak b aa (L M an) (i r aj z t (ad g)) N (O P x Q ae R (c S v v c (T ae (U (V (x an (x (b aa (p (p b (z z (W t X aa (p n (Y (j z l e v k) ag aa f) w r s l ah ac) aj Z) e ac)))))))))))))
i (n l j) x ak s ab t d x e ag s ab t d x e ag s ab t d x e ag s ab t d x e ag s ab t d j e ag aa al o o C ag d D E e (g p am F f b t G H n ah m al ah) I j (J p ah r K (u al ak b aa (L M an) (i r aj z t (ad g)) N (O P x Q ae R (c S v v c (T ae (U (V (x an (x (b aa (p (p b (z z (W t X aa (p n (Y (j z l e v k) ag aa f) w r s l ah ac) aj Z) e ac)))))))))))))
w t p ah ag h x e ag s ab t d x e ag s ab t d x e ag s ab t d x e ag s ab t d x e ag s ab t d j e ag aa al o o C ag d D E e (g p am F f b t G H n ah m al ah) I j (J p ah r K (u al ak b aa (L M an) (i r aj z t (ad g)) N (O P x Q ae R (c S v v c (T ae (U (V (x an (x (b aa (p (p b (z z (W t X aa (p n (Y (j z l e v k) ag aa f) w r s l ah ac) aj Z) e ac)))))))))))))
af t i h ah j ad x ak s ab t d x e ag s ab t d x e ag s ab t d x e ag s ab t d x e ag s ab t d x e ag s ab t d j e ag aa al o o C ag d D E e (g p am F f b t G H n ah m al ah) I j (J p ah r K (u al ak b aa (L M an) (i r aj z t (ad g)) N (O P x Q ae R (c S v v c (T ae (U (V (x an (x (b aa (p (p b (z z (W t X aa (p n (Y (j z l e v k) ag aa f) w r s l ah ac) aj Z) e ac)))))))))))))
i (n l j) x ak s ab t d x e ag s ab t d x e ag s ab t d x e ag s ab t d x e ag s ab t d x e ag s ab t d j e ag aa al o o C ag d D E e (g p am F f b t G H n ah m al ah) I j (J p ah r K (u al ak b aa (L M an) (i r aj z t (ad g)) N (O P x Q ae R (c S v v c (T ae (U (V (x an (x (b aa (p (p b (z z (W t X aa (p n (Y (j z l e v k) ag aa f) w r s l ah ac) aj Z) e ac)))))))))))))
w t p ah ag h x e ag s ab t d x e ag s ab t d x e ag s ab t d x e ag s ab t d x e ag s ab t d x e ag s ab t d j e ag aa al o o C ag d D E e (g p am F f b t G H n ah m al ah) I j (J p ah r K (u al ak b aa (L M an) (i r aj z t (ad g)) N (O P x Q ae R (c S v v c (T ae (U (V (x an (x (b aa (p (p b (z z (W t X aa (p n (Y (j z l e v k) ag aa f) w r s l ah ac) aj Z) e ac)))))))))))))
af t i h ah j ad x ak s ab t d x e ag s ab t d x e ag s ab t d x e ag s ab t d x e ag s ab t d x e ag s ab t d x e ag s ab t d j e ag aa al o o C ag d D E e (g p am F f b t G H n ah m al ah) I j (J p ah r K (u al ak b aa (L M an) (i r aj z t (ad g)) N (O P x Q ae R (c S v v c (T ae (U (V (x an (x (b aa (p (p b (z z (W t X aa (p n (Y (j z l e v k) ag aa f) w r s l ah ac) aj Z) e ac)))))))))))))
i (n l j) x ak s ab t d x e ag s ab t d x e ag s ab t d x e ag s ab t d x e ag s ab t d x e ag s ab t d x e ag s ab t d j e ag aa al o o C ag d D E e (g p am F f b t G H n ah m al ah) I j (J p ah r K (u al ak b aa (L M an) (i r aj z t (ad g)) N (O P x Q ae R (c S v v c (T ae (U (V (x an (x (b aa (p (p b (z z (W t X aa (p n (Y (j z l e v k) ag aa f) w r s l ah ac) aj Z) e ac)))))))))))))
w t p ah ag h x e ag s ab t d x e ag s ab t d x e ag s ab t d x e ag s ab t d x e ag s ab t d x e ag s ab t d x e ag s ab t d j e ag aa al o o C ag d D E e (g p am F f b t G H n ah m al ah) I j (J p ah r K (u al ak b aa (L M an) (i r aj z t (ad g)) N (O P x Q ae R (c S v v c (T ae (U (V (x an (x (b aa (p (p b (z z (W t X aa (p n (Y (j z l e v k) ag aa f) w r s l ah ac) aj Z) e ac)))))))))))))
af t i h ah j ad x ak s ab t d x e ag s ab t d x e ag s ab t d x e ag s ab t d x e ag s ab t d x e ag s ab t d x e ag s ab t d x e ag s ab t d j e ag aa al o o C ag d D E e (g p am F f b t G H n ah m al ah) I j (J p ah r K (u al ak b aa (L M an) (i r aj z t (ad g)) N (O P x Q ae R (c S v v c (T ae (U (V (x an (x (b aa (p (p b (z z (W t X aa (p n (Y (j z l e v k) ag aa f) w r s l ah ac) aj Z) e ac)))))))))))))
i (n l j) x ak s ab t d x e ag s ab t d x e ag s ab t d x e ag s ab t d x e ag s ab t d x e ag s ab t d x e ag s ab t d x e ag s ab t d j e ag aa al o o C ag d D E e (g p am F f b t G H n ah m al ah) I j (J p ah r K (u al ak b aa (L M an) (i r aj z t (ad g)) N (O P x Q ae R (c S v v c (T ae (U (V (x an (x (b aa (p (p b (z z (W t X aa (p n (Y (j z l e v k) ag aa f) w r s l ah ac) aj Z) e ac)))))))))))))
w t p ah ag h x e ag s ab t d x e ag s ab t d x e ag s ab t d x e ag s ab t d x e ag s ab t d x e ag s ab t d x e ag s ab t d x e ag s ab t d j e ag aa al o o C ag d D E e (g p am F f b t G H n ah m al ah) I j (J p ah r K (u al ak b aa (L M an) (i r aj z t (ad g)) N (O P x Q ae R (c S v v c (T ae (U (V (x an (x (b aa (p (p b (z z (W t X aa (p n (Y (j z l e v k) ag aa f) w r s l ah ac) aj Z) e ac)))))))))))))


