c aq ao ap ag r f y am ao m v ad
main A (f (b af B ai) ag c n q (o k (C D r i) v q (k (ad ad w) aa b aj z ae p) z ae c ab) e ab an) E q t e aa F (G H I J (r y K L M w) (i af (N O k (P (Q t ad an (R al)) p u) h ah g e)) al S ac v) s (T (aa ad ab v ab n j (h k) (ad t (w am h m) y n k al f an) aj ag b U))
af y (f g n j n)
ab f s e w al b am z x s k c f
w ao ah ao ai e (c o (ad s n ag)) ag aj
an ap ao ah c
f ar at ap aq ao n n ai b (l af) (ac h e)
b j ac af
aa ao k x h l ao (aj (ad k i b) p p ag)
ag ao aq ap af ak (ad g (o d) am) q al al ak ap q
s au aq ap ar at ao l d r al (ai ad f)
m ap aq ar ao i l (an k) ah o a b
ae ao ap at aq ar s at ai g ab aq u at m af e j
k ao aq ap ar au at w n af h m an ai (aj ad)
ah ao w (ao n w) an q m ai (i v)
am ar ao aq ap u al ar q ak p b
ad ap ao aq r h (j m r b n) f p (e ab n)
ai ao at ar aq au ap k o k w g (l (p (n ah m aq q)))
al x (k p r z i ai b h ah z ae)
a ao aq ap aa (an aj y ag l) (b ah)
g ao ap aq q j u (b an c l) x
v ap ao aq p ad (aa am) y g e
i aq ap ao p (f y f)
d at ap ao aq ar ae al aq ag at ae (ai m al)
z ap aq ao ar at ab
p ao k (ao aa al aj r (s z) ag) ac af
q ao ap aq ao (w ap l c)
o ar ap ao aq a ag ak u ak aj (l ae) (f ah u) m
y q an f c ai ae
x ao aq ap o al ao t an (c m (f (ak aj) f ag))
j ao ai d ab ai k r ak ac x h aa ad
u aq ap au at ao av ar d e am b an
e h k n (d b v) (k j)
t ap ao v j e (ap ap) ag ao am ac
ak i z m (ai (e an l ae ad d))
aj at aq ap ar ao ah r ac ac a (s u) (p w)
h ap ao p aj (f e) ai
n aq at ap ar ao v (r m (x y ac ag ao))
ac at ar ao au aq ap z (ad h b) z p i d o n aj e
r ao ar ap aq e a ao ao h ae ak e
l aq ao au av at ar ap u h z am o (am i)
------------------------------------------------------------
A (f (b af B ai) ag c n q (o k (C D r i) v q (k (ad ad w) aa b aj z ae p) z ae c ab) e ab an) E q t e aa F (G H I J (r y K L M w) (i af (N O k (P (Q t ad an (R al)) p u) h ah g e)) al S ac v) s (T (aa ad ab v ab n j (h k) (ad t (w am h m) y n k al f an) aj ag b U))
A (n n ai b (l af) (ac h e) (o k (C D r i) v q (k (ad ad w) aa b aj z ae p) z ae c ab) e ab an) E q t e aa F (G H I J (r y K L M w) (i af (N O k (P (Q t ad an (R al)) p u) h ah g e)) al S ac v) s (T (aa ad ab v ab n j (h k) (ad t (w am h m) y n k al f an) aj ag b U))
A (v (r m (x y ac ag (ac h e))) (o k (C D r i) v q (k (ad ad w) aa b aj z ae p) z ae c ab) e ab an) E q t e aa F (G H I J (r y K L M w) (i af (N O k (P (Q t ad an (R al)) p u) h ah g e)) al S ac v) s (T (aa ad ab v ab n j (h k) (ad t (w am h m) y n k al f an) aj ag b U))
A (p ad (aa am) y g e ab an) E q t e aa F (G H I J (r y K L M w) (i af (N O k (P (Q t ad an (R al)) p u) h ah g e)) al S ac v) s (T (aa ad ab v ab n j (h k) (ad t (w am h m) y n k al f an) aj ag b U))
A (k (ad aa al aj r (s z) ag) ac af (aa am) y g e ab an) E q t e aa F (G H I J (r y K L M w) (i af (N O k (P (Q t ad an (R al)) p u) h ah g e)) al S ac v) s (T (aa ad ab v ab n j (h k) (ad t (w am h m) y n k al f an) aj ag b U))
A (w n af h m an ai (aj ad) e ab an) E q t e aa F (G H I J (r y K L M w) (i af (N O k (P (Q t ad an (R al)) p u) h ah g e)) al S ac v) s (T (aa ad ab v ab n j (h k) (ad t (w am h m) y n k al f an) aj ag b U))
A (ah n ai e (c o (ad s n ag)) ag aj af h m an ai (aj ad) e ab an) E q t e aa F (G H I J (r y K L M w) (i af (N O k (P (Q t ad an (R al)) p u) h ah g e)) al S ac v) s (T (aa ad ab v ab n j (h k) (ad t (w am h m) y n k al f an) aj ag b U))
A (w (n n w) an q m ai (i v) ai e (c o (ad s n ag)) ag aj af h m an ai (aj ad) e ab an) E q t e aa F (G H I J (r y K L M w) (i af (N O k (P (Q t ad an (R al)) p u) h ah g e)) al S ac v) s (T (aa ad ab v ab n j (h k) (ad t (w am h m) y n k al f an) aj ag b U))
A (ah (n n w) ai e (c o (ad s n ag)) ag aj an q m ai (i v) ai e (c o (ad s n ag)) ag aj af h m an ai (aj ad) e ab an) E q t e aa F (G H I J (r y K L M w) (i af (N O k (P (Q t ad an (R al)) p u) h ah g e)) al S ac v) s (T (aa ad ab v ab n j (h k) (ad t (w am h m) y n k al f an) aj ag b U))
A (w (n n w n w) an q m ai (i v) ai e (c o (ad s n ag)) ag aj an q m ai (i v) ai e (c o (ad s n ag)) ag aj af h m an ai (aj ad) e ab an) E q t e aa F (G H I J (r y K L M w) (i af (N O k (P (Q t ad an (R al)) p u) h ah g e)) al S ac v) s (T (aa ad ab v ab n j (h k) (ad t (w am h m) y n k al f an) aj ag b U))
A (ah (n n w n w) ai e (c o (ad s n ag)) ag aj an q m ai (i v) ai e (c o (ad s n ag)) ag aj an q m ai (i v) ai e (c o (ad s n ag)) ag aj af h m an ai (aj ad) e ab an) E q t e aa F (G H I J (r y K L M w) (i af (N O k (P (Q t ad an (R al)) p u) h ah g e)) al S ac v) s (T (aa ad ab v ab n j (h k) (ad t (w am h m) y n k al f an) aj ag b U))
A (w (n n w n w n w) an q m ai (i v) ai e (c o (ad s n ag)) ag aj an q m ai (i v) ai e (c o (ad s n ag)) ag aj an q m ai (i v) ai e (c o (ad s n ag)) ag aj af h m an ai (aj ad) e ab an) E q t e aa F (G H I J (r y K L M w) (i af (N O k (P (Q t ad an (R al)) p u) h ah g e)) al S ac v) s (T (aa ad ab v ab n j (h k) (ad t (w am h m) y n k al f an) aj ag b U))
A (ah (n n w n w n w) ai e (c o (ad s n ag)) ag aj an q m ai (i v) ai e (c o (ad s n ag)) ag aj an q m ai (i v) ai e (c o (ad s n ag)) ag aj an q m ai (i v) ai e (c o (ad s n ag)) ag aj af h m an ai (aj ad) e ab an) E q t e aa F (G H I J (r y K L M w) (i af (N O k (P (Q t ad an (R al)) p u) h ah g e)) al S ac v) s (T (aa ad ab v ab n j (h k) (ad t (w am h m) y n k al f an) aj ag b U))
A (w (n n w n w n w n w) an q m ai (i v) ai e (c o (ad s n ag)) ag aj an q m ai (i v) ai e (c o (ad s n ag)) ag aj an q m ai (i v) ai e (c o (ad s n ag)) ag aj an q m ai (i v) ai e (c o (ad s n ag)) ag aj af h m an ai (aj ad) e ab an) E q t e aa F (G H I J (r y K L M w) (i af (N O k (P (Q t ad an (R al)) p u) h ah g e)) al S ac v) s (T (aa ad ab v ab n j (h k) (ad t (w am h m) y n k al f an) aj ag b U))
A (ah (n n w n w n w n w) ai e (c o (ad s n ag)) ag aj an q m ai (i v) ai e (c o (ad s n ag)) ag aj an q m ai (i v) ai e (c o (ad s n ag)) ag aj an q m ai (i v) ai e (c o (ad s n ag)) ag aj an q m ai (i v) ai e (c o (ad s n ag)) ag aj af h m an ai (aj ad) e ab an) E q t e aa F (G H I J (r y K L M w) (i af (N O k (P (Q t ad an (R al)) p u) h ah g e)) al S ac v) s (T (aa ad ab v ab n j (h k) (ad t (w am h m) y n k al f an) aj ag b U))
A (w (n n w n w n w n w n w) an q m ai (i v) ai e (c o (ad s n ag)) ag aj an q m ai (i v) ai e (c o (ad s n ag)) ag aj an q m ai (i v) ai e (c o (ad s n ag)) ag aj an q m ai (i v) ai e (c o (ad s n ag)) ag aj an q m ai (i v) ai e (c o (ad s n ag)) ag aj af h m an ai (aj ad) e ab an) E q t e aa F (G H I J (r y K L M w) (i af (N O k (P (Q t ad an (R al)) p u) h ah g e)) al S ac v) s (T (aa ad ab v ab n j (h k) (ad t (w am h m) y n k al f an) aj ag b U))
A (ah (n n w n w n w n w n w) ai e (c o (ad s n ag)) ag aj an q m ai (i v) ai e (c o (ad s n ag)) ag aj an q m ai (i v) ai e (c o (ad s n ag)) ag aj an q m ai (i v) ai e (c o (ad s n ag)) ag aj an q m ai (i v) ai e (c o (ad s n ag)) ag aj an q m ai (i v) ai e (c o (ad s n ag)) ag aj af h m an ai (aj ad) e ab an) E q t e aa F (G H I J (r y K L M w) (i af (N O k (P (Q t ad an (R al)) p u) h ah g e)) al S ac v) s (T (aa ad ab v ab n j (h k) (ad t (w am h m) y n k al f an) aj ag b U))
A (w (n n w n w n w n w n w n w) an q m ai (i v) ai e (c o (ad s n ag)) ag aj an q m ai (i v) ai e (c o (ad s n ag)) ag aj an q m ai (i v) ai e (c o (ad s n ag)) ag aj an q m ai (i v) ai e (c o (ad s n ag)) ag aj an q m ai (i v) ai e (c o (ad s n ag)) ag aj an q m ai (i v) ai e (c o (ad s n ag)) ag aj af h m an ai (aj ad) e ab an) E q t e aa F (G H I J (r y K L M w) (i af (N O k (P (Q t ad an (R al)) p u) h ah g e)) al S ac v) s (T (aa ad ab v ab n j (h k) (ad t (w am h m) y n k al f an) aj ag b U))
A (ah (n n w n w n w n w n w n w) ai e (c o (ad s n ag)) ag aj an q m ai (i v) ai e (c o (ad s n ag)) ag aj an q m ai (i v) ai e (c o (ad s n ag)) ag aj an q m ai (i v) ai e (c o (ad s n ag)) ag aj an q m ai (i v) ai e (c o (ad s n ag)) ag aj an q m ai (i v) ai e (c o (ad s n ag)) ag aj an q m ai (i v) ai e (c o (ad s n ag)) ag aj af h m an ai (aj ad) e ab an) E q t e aa F (G H I J (r y K L M w) (i af (N O k (P (Q t ad an (R al)) p u) h ah g e)) al S ac v) s (T (aa ad ab v ab n j (h k) (ad t (w am h m) y n k al f an) aj ag b U))
A (w (n n w n w n w n w n w n w n w) an q m ai (i v) ai e (c o (ad s n ag)) ag aj an q m ai (i v) ai e (c o (ad s n ag)) ag aj an q m ai (i v) ai e (c o (ad s n ag)) ag aj an q m ai (i v) ai e (c o (ad s n ag)) ag aj an q m ai (i v) ai e (c o (ad s n ag)) ag aj an q m ai (i v) ai e (c o (ad s n ag)) ag aj an q m ai (i v) ai e (c o (ad s n ag)) ag aj af h m an ai (aj ad) e ab an) E q t e aa F (G H I J (r y K L M w) (i af (N O k (P (Q t ad an (R al)) p u) h ah g e)) al S ac v) s (T (aa ad ab v ab n j (h k) (ad t (w am h m) y n k al f an) aj ag b U))
A (ah (n n w n w n w n w n w n w n w) ai e (c o (ad s n ag)) ag aj an q m ai (i v) ai e (c o (ad s n ag)) ag aj an q m ai (i v) ai e (c o (ad s n ag)) ag aj an q m ai (i v) ai e (c o (ad s n ag)) ag aj an q m ai (i v) ai e (c o (ad s n ag)) ag aj an q m ai (i v) ai e (c o (ad s n ag)) ag aj an q m ai (i v) ai e (c o (ad s n ag)) ag aj an q m ai (i v) ai e (c o (ad s n ag)) ag aj af h m an ai (aj ad) e ab an) E q t e aa F (G H I J (r y K L M w) (i af (N O k (P (Q t ad an (R al)) p u) h ah g e)) al S ac v) s (T (aa ad ab v ab n j (h k) (ad t (w am h m) y n k al f an) aj ag b U))
A (w (n n w n w n w n w n w n w n w n w) an q m ai (i v) ai e (c o (ad s n ag)) ag aj an q m ai (i v) ai e (c o (ad s n ag)) ag aj an q m ai (i v) ai e (c o (ad s n ag)) ag aj an q m ai (i v) ai e (c o (ad s n ag)) ag aj an q m ai (i v) ai e (c o (ad s n ag)) ag aj an q m ai (i v) ai e (c o (ad s n ag)) ag aj an q m ai (i v) ai e (c o (ad s n ag)) ag aj an q m ai (i v) ai e (c o (ad s n ag)) ag aj af h m an ai (aj ad) e ab an) E q t e aa F (G H I J (r y K L M w) (i af (N O k (P (Q t ad an (R al)) p u) h ah g e)) al S ac v) s (T (aa ad ab v ab n j (h k) (ad t (w am h m) y n k al f an) aj ag b U))
A (ah (n n w n w n w n w n w n w n w n w) ai e (c o (ad s n ag)) ag aj an q m ai (i v) ai e (c o (ad s n ag)) ag aj an q m ai (i v) ai e (c o (ad s n ag)) ag aj an q m ai (i v) ai e (c o (ad s n ag)) ag aj an q m ai (i v) ai e (c o (ad s n ag)) ag aj an q m ai (i v) ai e (c o (ad s n ag)) ag aj an q m ai (i v) ai e (c o (ad s n ag)) ag aj an q m ai (i v) ai e (c o (ad s n ag)) ag aj an q m ai (i v) ai e (c o (ad s n ag)) ag aj af h m an ai (aj ad) e ab an) E q t e aa F (G H I J (r y K L M w) (i af (N O k (P (Q t ad an (R al)) p u) h ah g e)) al S ac v) s (T (aa ad ab v ab n j (h k) (ad t (w am h m) y n k al f an) aj ag b U))
A (w (n n w n w n w n w n w n w n w n w n w) an q m ai (i v) ai e (c o (ad s n ag)) ag aj an q m ai (i v) ai e (c o (ad s n ag)) ag aj an q m ai (i v) ai e (c o (ad s n ag)) ag aj an q m ai (i v) ai e (c o (ad s n ag)) ag aj an q m ai (i v) ai e (c o (ad s n ag)) ag aj an q m ai (i v) ai e (c o (ad s n ag)) ag aj an q m ai (i v) ai e (c o (ad s n ag)) ag aj an q m ai (i v) ai e (c o (ad s n ag)) ag aj an q m ai (i v) ai e (c o (ad s n ag)) ag aj af h m an ai (aj ad) e ab an) E q t e aa F (G H I J (r y K L M w) (i af (N O k (P (Q t ad an (R al)) p u) h ah g e)) al S ac v) s (T (aa ad ab v ab n j (h k) (ad t (w am h m) y n k al f an) aj ag b U))
A (ah (n n w n w n w n w n w n w n w n w n w) ai e (c o (ad s n ag)) ag aj an q m ai (i v) ai e (c o (ad s n ag)) ag aj an q m ai (i v) ai e (c o (ad s n ag)) ag aj an q m ai (i v) ai e (c o (ad s n ag)) ag aj an q m ai (i v) ai e (c o (ad s n ag)) ag aj an q m ai (i v) ai e (c o (ad s n ag)) ag aj an q m ai (i v) ai e (c o (ad s n ag)) ag aj an q m ai (i v) ai e (c o (ad s n ag)) ag aj an q m ai (i v) ai e (c o (ad s n ag)) ag aj an q m ai (i v) ai e (c o (ad s n ag)) ag aj af h m an ai (aj ad) e ab an) E q t e aa F (G H I J (r y K L M w) (i af (N O k (P (Q t ad an (R al)) p u) h ah g e)) al S ac v) s (T (aa ad ab v ab n j (h k) (ad t (w am h m) y n k al f an) aj ag b U))
A (w (n n w n w n w n w n w n w n w n w n w n w) an q m ai (i v) ai e (c o (ad s n ag)) ag aj an q m ai (i v) ai e (c o (ad s n ag)) ag aj an q m ai (i v) ai e (c o (ad s n ag)) ag aj an q m ai (i v) ai e (c o (ad s n ag)) ag aj an q m ai (i v) ai e (c o (ad s n ag)) ag aj an q m ai (i v) ai e (c o (ad s n ag)) ag aj an q m ai (i v) ai e (c o (ad s n ag)) ag aj an q m ai (i v) ai e (c o (ad s n ag)) ag aj an q m ai (i v) ai e (c o (ad s n ag)) ag aj an q m ai (i v) ai e (c o (ad s n ag)) ag aj af h m an ai (aj ad) e ab an) E q t e aa F (G H I J (r y K L M w) (i af (N O k (P (Q t ad an (R al)) p u) h ah g e)) al S ac v) s (T (aa ad ab v ab n j (h k) (ad t (w am h m) y n k al f an) aj ag b U))
A (ah (n n w n w n w n w n w n w n w n w n w n w) ai e (c o (ad s n ag)) ag aj an q m ai (i v) ai e (c o (ad s n ag)) ag aj an q m ai (i v) ai e (c o (ad s n ag)) ag aj an q m ai (i v) ai e (c o (ad s n ag)) ag aj an q m ai (i v) ai e (c o (ad s n ag)) ag aj an q m ai (i v) ai e (c o (ad s n ag)) ag aj an q m ai (i v) ai e (c o (ad s n ag)) ag aj an q m ai (i v) ai e (c o (ad s n ag)) ag aj an q m ai (i v) ai e (c o (ad s n ag)) ag aj an q m ai (i v) ai e (c o (ad s n ag)) ag aj an q m ai (i v) ai e (c o (ad s n ag)) ag aj af h m an ai (aj ad) e ab an) E q t e aa F (G H I J (r y K L M w) (i af (N O k (P (Q t ad an (R al)) p u) h ah g e)) al S ac v) s (T (aa ad ab v ab n j (h k) (ad t (w am h m) y n k al f an) aj ag b U))
A (w (n n w n w n w n w n w n w n w n w n w n w n w) an q m ai (i v) ai e (c o (ad s n ag)) ag aj an q m ai (i v) ai e (c o (ad s n ag)) ag aj an q m ai (i v) ai e (c o (ad s n ag)) ag aj an q m ai (i v) ai e (c o (ad s n ag)) ag aj an q m ai (i v) ai e (c o (ad s n ag)) ag aj an q m ai (i v) ai e (c o (ad s n ag)) ag aj an q m ai (i v) ai e (c o (ad s n ag)) ag aj an q m ai (i v) ai e (c o (ad s n ag)) ag aj an q m ai (i v) ai e (c o (ad s n ag)) ag aj an q m ai (i v) ai e (c o (ad s n ag)) ag aj an q m ai (i v) ai e (c o (ad s n ag)) ag aj af h m an ai (aj ad) e ab an) E q t e aa F (G H I J (r y K L M w) (i af (N O k (P (Q t ad an (R al)) p u) h ah g e)) al S ac v) s (T (aa ad ab v ab n j (h k) (ad t (w am h m) y n k al f an) aj ag b U))
A (ah (n n w n w n w n w n w n w n w n w n w n w n w) ai e (c o (ad s n ag)) ag aj an q m ai (i v) ai e (c o (ad s n ag)) ag aj an q m ai (i v) ai e (c o (ad s n ag)) ag aj an q m ai (i v) ai e (c o (ad s n ag)) ag aj an q m ai (i v) ai e (c o (ad s n ag)) ag aj an q m ai (i v) ai e (c o (ad s n ag)) ag aj an q m ai (i v) ai e (c o (ad s n ag)) ag aj an q m ai (i v) ai e (c o (ad s n ag)) ag aj an q m ai (i v) ai e (c o (ad s n ag)) ag aj an q m ai (i v) ai e (c o (ad s n ag)) ag aj an q m ai (i v) ai e (c o (ad s n ag)) ag aj an q m ai (i v) ai e (c o (ad s n ag)) ag aj af h m an ai (aj ad) e ab an) E q t e aa F (G H I J (r y K L M w) (i af (N O k (P (Q t ad an (R al)) p u) h ah g e)) al S ac v) s (T (aa ad ab v ab n j (h k) (ad t (w am h m) y n k al f an) aj ag b U))
A (w (n n w n w n w n w n w n w n w n w n w n w n w n w) an q m ai (i v) ai e (c o (ad s n ag)) ag aj an q m ai (i v) ai e (c o (ad s n ag)) ag aj an q m ai (i v) ai e (c o (ad s n ag)) ag aj an q m ai (i v) ai e (c o (ad s n ag)) ag aj an q m ai (i v) ai e (c o (ad s n ag)) ag aj an q m ai (i v) ai e (c o (ad s n ag)) ag aj an q m ai (i v) ai e (c o (ad s n ag)) ag aj an q m ai (i v) ai e (c o (ad s n ag)) ag aj an q m ai (i v) ai e (c o (ad s n ag)) ag aj an q m ai (i v) ai e (c o (ad s n ag)) ag aj an q m ai (i v) ai e (c o (ad s n ag)) ag aj an q m ai (i v) ai e (c o (ad s n ag)) ag aj af h m an ai (aj ad) e ab an) E q t e aa F (G H I J (r y K L M w) (i af (N O k (P (Q t ad an (R al)) p u) h ah g e)) al S ac v) s (T (aa ad ab v ab n j (h k) (ad t (w am h m) y n k al f an) aj ag b U))


