am ap at ao au aq ar = i u k aj q h o aj al
r ap at au aq ao ar = m am v aa
m = z (p (z ad v ai c aj))
ad ap ao = am y (ak an) (an ap i o) ab ac x ai ap
f ap ar ao aq = v (af (z m z w) c ar m q t) aa a
y ap ar ao aq = u ap (m i h m ae am)
s = e (m aa e) f l g r (z (ac ag c p))
j ar at aq av ao ap au = b (b t al) f r p m ag y (q af c)
an = g ah l (ab v ac) w
q ap ao = aa ae (y ap (e (ab b ad) ap) n aj)
aj ap aq ao at ar = g (l ab y m ac b f an) ag ad
h aq ao ap ar at = o z (e t p ai (v j t n af ao c))
t ao ap = af c ad v aj ai f u d ac al
c ao ap = ao h (j ao) ag af (z n)
x ao = am ai ao am (af ag af) j ab ab (w e)
k ao ap = aa l (af x) (al d ac) g ao ac
ae ar aq at av au ao ap = b (s t (g ad w av f aa f) aq ac)
i ap aq at ao ar = n (ac h (k ao)) at (ag ap)
p ao ap aq = d an t ab aq ai (af aj i ag aq b ah)
b ar at ao aq ap au = j s (aa (v p t (ad z ae) k)) am
ac aq ap ao = a e ad i c ap v aa (e ak y)
ah ao ap = al am k ae z j
e ap ao = ap s g g g af h i ap aa ak aa ah
l at aq ar ap ao = ah g aa q at q
aa au ar av at ao ap aq = ac
z ao = l ac n j (af ac) (p ah d)
main = A B C i D E (F (q (t (v (G H w (t I am an) e h) ag u z) w e t f J p m a i) x s p K) L g r (ah ah (M aj g N aj i n (O ab w P Q c m)) r) R w (S ak) ae e) an l (T y ab) x (c U w) ac a (v v) l (V r ab g ai ac W j af) (X Y Z r h ac p e i i t (AA AB x ad am))
d ap ao = al z f t (k v ai (ad p i l x))
v ao ap = u z ac am
o ar ap at aq ao = v u b aq c e (ag y at (d p)) a
ag ao = ad ao ad b an y m d (e aj (ad ae q))
g au aq ao at av ap ar = aa ap v ai z ad ai (y k ap)
al ao = ah q m h af (af ac) d l ad s ai
ak ao aq ap = b q q aj (o (am i) h c)
n ar ao aq ap = o l ap m al ah k
af = al (y ak e) i
ab ar ap aq at ao = ap e j an (ai m ar al (m j z af))
ai aq at ao ap ar au = h (ah ae)
w = a b ab an (am (ah z ai j)) aj
a ao aq ap = ai ap g ap (t ah ad) af f k (an t)
u ar ap aq ao at = ae al (ad e) e j ar b k aq am
------------------------------------------------------------
A B C i D E (F (q (t (v (G H w (t I am an) e h) ag u z) w e t f J p m a i) x s p K) L g r (ah ah (M aj g N aj i n (O ab w P Q c m)) r) R w (S ak) ae e) an l (T y ab) x (c U w) ac a (v v) l (V r ab g ai ac W j af) (X Y Z r h ac p e i i t (AA AB x ad am))
A B C i D E (F (aa ae (y (t (v (G H w (t I am an) e h) ag u z) w e t f J p m a i) (e (ab b ad) (t (v (G H w (t I am an) e h) ag u z) w e t f J p m a i)) n aj) s p K) L g r (ah ah (M aj g N aj i n (O ab w P Q c m)) r) R w (S ak) ae e) an l (T y ab) x (c U w) ac a (v v) l (V r ab g ai ac W j af) (X Y Z r h ac p e i i t (AA AB x ad am))
A B C i D E (F (aa ae (u (t (v (G H w (t I am an) e h) ag u z) w e t f J p m a i) (m i h m ae am)) s p K) L g r (ah ah (M aj g N aj i n (O ab w P Q c m)) r) R w (S ak) ae e) an l (T y ab) x (c U w) ac a (v v) l (V r ab g ai ac W j af) (X Y Z r h ac p e i i t (AA AB x ad am))
A B C i D E (F (aa ae (u (af c ad v aj ai f u d ac al e t f J p m a i) (m i h m ae am)) s p K) L g r (ah ah (M aj g N aj i n (O ab w P Q c m)) r) R w (S ak) ae e) an l (T y ab) x (c U w) ac a (v v) l (V r ab g ai ac W j af) (X Y Z r h ac p e i i t (AA AB x ad am))
A B C i D E (F (aa ae (u (al (y ak e) i c ad v aj ai f u d ac al e t f J p m a i) (m i h m ae am)) s p K) L g r (ah ah (M aj g N aj i n (O ab w P Q c m)) r) R w (S ak) ae e) an l (T y ab) x (c U w) ac a (v v) l (V r ab g ai ac W j af) (X Y Z r h ac p e i i t (AA AB x ad am))
A B C i D E (F (aa ae (u (ah q m h af (af ac) d l ad s ai i c ad v aj ai f u d ac al e t f J p m a i) (m i h m ae am)) s p K) L g r (ah ah (M aj g N aj i n (O ab w P Q c m)) r) R w (S ak) ae e) an l (T y ab) x (c U w) ac a (v v) l (V r ab g ai ac W j af) (X Y Z r h ac p e i i t (AA AB x ad am))
A B C i D E (F (aa ae (u (al am k ae z j h af (af ac) d l ad s ai i c ad v aj ai f u d ac al e t f J p m a i) (m i h m ae am)) s p K) L g r (ah ah (M aj g N aj i n (O ab w P Q c m)) r) R w (S ak) ae e) an l (T y ab) x (c U w) ac a (v v) l (V r ab g ai ac W j af) (X Y Z r h ac p e i i t (AA AB x ad am))
A B C i D E (F (aa ae (u (ah q m h af (af ac) d l ad s ai k ae z j h af (af ac) d l ad s ai i c ad v aj ai f u d ac al e t f J p m a i) (m i h m ae am)) s p K) L g r (ah ah (M aj g N aj i n (O ab w P Q c m)) r) R w (S ak) ae e) an l (T y ab) x (c U w) ac a (v v) l (V r ab g ai ac W j af) (X Y Z r h ac p e i i t (AA AB x ad am))
A B C i D E (F (aa ae (u (al am k ae z j h af (af ac) d l ad s ai k ae z j h af (af ac) d l ad s ai i c ad v aj ai f u d ac al e t f J p m a i) (m i h m ae am)) s p K) L g r (ah ah (M aj g N aj i n (O ab w P Q c m)) r) R w (S ak) ae e) an l (T y ab) x (c U w) ac a (v v) l (V r ab g ai ac W j af) (X Y Z r h ac p e i i t (AA AB x ad am))
A B C i D E (F (aa ae (u (ah q m h af (af ac) d l ad s ai k ae z j h af (af ac) d l ad s ai k ae z j h af (af ac) d l ad s ai i c ad v aj ai f u d ac al e t f J p m a i) (m i h m ae am)) s p K) L g r (ah ah (M aj g N aj i n (O ab w P Q c m)) r) R w (S ak) ae e) an l (T y ab) x (c U w) ac a (v v) l (V r ab g ai ac W j af) (X Y Z r h ac p e i i t (AA AB x ad am))
A B C i D E (F (aa ae (u (al am k ae z j h af (af ac) d l ad s ai k ae z j h af (af ac) d l ad s ai k ae z j h af (af ac) d l ad s ai i c ad v aj ai f u d ac al e t f J p m a i) (m i h m ae am)) s p K) L g r (ah ah (M aj g N aj i n (O ab w P Q c m)) r) R w (S ak) ae e) an l (T y ab) x (c U w) ac a (v v) l (V r ab g ai ac W j af) (X Y Z r h ac p e i i t (AA AB x ad am))
A B C i D E (F (aa ae (u (ah q m h af (af ac) d l ad s ai k ae z j h af (af ac) d l ad s ai k ae z j h af (af ac) d l ad s ai k ae z j h af (af ac) d l ad s ai i c ad v aj ai f u d ac al e t f J p m a i) (m i h m ae am)) s p K) L g r (ah ah (M aj g N aj i n (O ab w P Q c m)) r) R w (S ak) ae e) an l (T y ab) x (c U w) ac a (v v) l (V r ab g ai ac W j af) (X Y Z r h ac p e i i t (AA AB x ad am))
A B C i D E (F (aa ae (u (al am k ae z j h af (af ac) d l ad s ai k ae z j h af (af ac) d l ad s ai k ae z j h af (af ac) d l ad s ai k ae z j h af (af ac) d l ad s ai i c ad v aj ai f u d ac al e t f J p m a i) (m i h m ae am)) s p K) L g r (ah ah (M aj g N aj i n (O ab w P Q c m)) r) R w (S ak) ae e) an l (T y ab) x (c U w) ac a (v v) l (V r ab g ai ac W j af) (X Y Z r h ac p e i i t (AA AB x ad am))
A B C i D E (F (aa ae (u (ah q m h af (af ac) d l ad s ai k ae z j h af (af ac) d l ad s ai k ae z j h af (af ac) d l ad s ai k ae z j h af (af ac) d l ad s ai k ae z j h af (af ac) d l ad s ai i c ad v aj ai f u d ac al e t f J p m a i) (m i h m ae am)) s p K) L g r (ah ah (M aj g N aj i n (O ab w P Q c m)) r) R w (S ak) ae e) an l (T y ab) x (c U w) ac a (v v) l (V r ab g ai ac W j af) (X Y Z r h ac p e i i t (AA AB x ad am))
A B C i D E (F (aa ae (u (al am k ae z j h af (af ac) d l ad s ai k ae z j h af (af ac) d l ad s ai k ae z j h af (af ac) d l ad s ai k ae z j h af (af ac) d l ad s ai k ae z j h af (af ac) d l ad s ai i c ad v aj ai f u d ac al e t f J p m a i) (m i h m ae am)) s p K) L g r (ah ah (M aj g N aj i n (O ab w P Q c m)) r) R w (S ak) ae e) an l (T y ab) x (c U w) ac a (v v) l (V r ab g ai ac W j af) (X Y Z r h ac p e i i t (AA AB x ad am))
A B C i D E (F (aa ae (u (ah q m h af (af ac) d l ad s ai k ae z j h af (af ac) d l ad s ai k ae z j h af (af ac) d l ad s ai k ae z j h af (af ac) d l ad s ai k ae z j h af (af ac) d l ad s ai k ae z j h af (af ac) d l ad s ai i c ad v aj ai f u d ac al e t f J p m a i) (m i h m ae am)) s p K) L g r (ah ah (M aj g N aj i n (O ab w P Q c m)) r) R w (S ak) ae e) an l (T y ab) x (c U w) ac a (v v) l (V r ab g ai ac W j af) (X Y Z r h ac p e i i t (AA AB x ad am))
A B C i D E (F (aa ae (u (al am k ae z j h af (af ac) d l ad s ai k ae z j h af (af ac) d l ad s ai k ae z j h af (af ac) d l ad s ai k ae z j h af (af ac) d l ad s ai k ae z j h af (af ac) d l ad s ai k ae z j h af (af ac) d l ad s ai i c ad v aj ai f u d ac al e t f J p m a i) (m i h m ae am)) s p K) L g r (ah ah (M aj g N aj i n (O ab w P Q c m)) r) R w (S ak) ae e) an l (T y ab) x (c U w) ac a (v v) l (V r ab g ai ac W j af) (X Y Z r h ac p e i i t (AA AB x ad am))
A B C i D E (F (aa ae (u (ah q m h af (af ac) d l ad s ai k ae z j h af (af ac) d l ad s ai k ae z j h af (af ac) d l ad s ai k ae z j h af (af ac) d l ad s ai k ae z j h af (af ac) d l ad s ai k ae z j h af (af ac) d l ad s ai k ae z j h af (af ac) d l ad s ai i c ad v aj ai f u d ac al e t f J p m a i) (m i h m ae am)) s p K) L g r (ah ah (M aj g N aj i n (O ab w P Q c m)) r) R w (S ak) ae e) an l (T y ab) x (c U w) ac a (v v) l (V r ab g ai ac W j af) (X Y Z r h ac p e i i t (AA AB x ad am))
A B C i D E (F (aa ae (u (al am k ae z j h af (af ac) d l ad s ai k ae z j h af (af ac) d l ad s ai k ae z j h af (af ac) d l ad s ai k ae z j h af (af ac) d l ad s ai k ae z j h af (af ac) d l ad s ai k ae z j h af (af ac) d l ad s ai k ae z j h af (af ac) d l ad s ai i c ad v aj ai f u d ac al e t f J p m a i) (m i h m ae am)) s p K) L g r (ah ah (M aj g N aj i n (O ab w P Q c m)) r) R w (S ak) ae e) an l (T y ab) x (c U w) ac a (v v) l (V r ab g ai ac W j af) (X Y Z r h ac p e i i t (AA AB x ad am))
A B C i D E (F (aa ae (u (ah q m h af (af ac) d l ad s ai k ae z j h af (af ac) d l ad s ai k ae z j h af (af ac) d l ad s ai k ae z j h af (af ac) d l ad s ai k ae z j h af (af ac) d l ad s ai k ae z j h af (af ac) d l ad s ai k ae z j h af (af ac) d l ad s ai k ae z j h af (af ac) d l ad s ai i c ad v aj ai f u d ac al e t f J p m a i) (m i h m ae am)) s p K) L g r (ah ah (M aj g N aj i n (O ab w P Q c m)) r) R w (S ak) ae e) an l (T y ab) x (c U w) ac a (v v) l (V r ab g ai ac W j af) (X Y Z r h ac p e i i t (AA AB x ad am))
A B C i D E (F (aa ae (u (al am k ae z j h af (af ac) d l ad s ai k ae z j h af (af ac) d l ad s ai k ae z j h af (af ac) d l ad s ai k ae z j h af (af ac) d l ad s ai k ae z j h af (af ac) d l ad s ai k ae z j h af (af ac) d l ad s ai k ae z j h af (af ac) d l ad s ai k ae z j h af (af ac) d l ad s ai i c ad v aj ai f u d ac al e t f J p m a i) (m i h m ae am)) s p K) L g r (ah ah (M aj g N aj i n (O ab w P Q c m)) r) R w (S ak) ae e) an l (T y ab) x (c U w) ac a (v v) l (V r ab g ai ac W j af) (X Y Z r h ac p e i i t (AA AB x ad am))
A B C i D E (F (aa ae (u (ah q m h af (af ac) d l ad s ai k ae z j h af (af ac) d l ad s ai k ae z j h af (af ac) d l ad s ai k ae z j h af (af ac) d l ad s ai k ae z j h af (af ac) d l ad s ai k ae z j h af (af ac) d l ad s ai k ae z j h af (af ac) d l ad s ai k ae z j h af (af ac) d l ad s ai k ae z j h af (af ac) d l ad s ai i c ad v aj ai f u d ac al e t f J p m a i) (m i h m ae am)) s p K) L g r (ah ah (M aj g N aj i n (O ab w P Q c m)) r) R w (S ak) ae e) an l (T y ab) x (c U w) ac a (v v) l (V r ab g ai ac W j af) (X Y Z r h ac p e i i t (AA AB x ad am))
A B C i D E (F (aa ae (u (al am k ae z j h af (af ac) d l ad s ai k ae z j h af (af ac) d l ad s ai k ae z j h af (af ac) d l ad s ai k ae z j h af (af ac) d l ad s ai k ae z j h af (af ac) d l ad s ai k ae z j h af (af ac) d l ad s ai k ae z j h af (af ac) d l ad s ai k ae z j h af (af ac) d l ad s ai k ae z j h af (af ac) d l ad s ai i c ad v aj ai f u d ac al e t f J p m a i) (m i h m ae am)) s p K) L g r (ah ah (M aj g N aj i n (O ab w P Q c m)) r) R w (S ak) ae e) an l (T y ab) x (c U w) ac a (v v) l (V r ab g ai ac W j af) (X Y Z r h ac p e i i t (AA AB x ad am))
A B C i D E (F (aa ae (u (ah q m h af (af ac) d l ad s ai k ae z j h af (af ac) d l ad s ai k ae z j h af (af ac) d l ad s ai k ae z j h af (af ac) d l ad s ai k ae z j h af (af ac) d l ad s ai k ae z j h af (af ac) d l ad s ai k ae z j h af (af ac) d l ad s ai k ae z j h af (af ac) d l ad s ai k ae z j h af (af ac) d l ad s ai k ae z j h af (af ac) d l ad s ai i c ad v aj ai f u d ac al e t f J p m a i) (m i h m ae am)) s p K) L g r (ah ah (M aj g N aj i n (O ab w P Q c m)) r) R w (S ak) ae e) an l (T y ab) x (c U w) ac a (v v) l (V r ab g ai ac W j af) (X Y Z r h ac p e i i t (AA AB x ad am))
A B C i D E (F (aa ae (u (al am k ae z j h af (af ac) d l ad s ai k ae z j h af (af ac) d l ad s ai k ae z j h af (af ac) d l ad s ai k ae z j h af (af ac) d l ad s ai k ae z j h af (af ac) d l ad s ai k ae z j h af (af ac) d l ad s ai k ae z j h af (af ac) d l ad s ai k ae z j h af (af ac) d l ad s ai k ae z j h af (af ac) d l ad s ai k ae z j h af (af ac) d l ad s ai i c ad v aj ai f u d ac al e t f J p m a i) (m i h m ae am)) s p K) L g r (ah ah (M aj g N aj i n (O ab w P Q c m)) r) R w (S ak) ae e) an l (T y ab) x (c U w) ac a (v v) l (V r ab g ai ac W j af) (X Y Z r h ac p e i i t (AA AB x ad am))
A B C i D E (F (aa ae (u (ah q m h af (af ac) d l ad s ai k ae z j h af (af ac) d l ad s ai k ae z j h af (af ac) d l ad s ai k ae z j h af (af ac) d l ad s ai k ae z j h af (af ac) d l ad s ai k ae z j h af (af ac) d l ad s ai k ae z j h af (af ac) d l ad s ai k ae z j h af (af ac) d l ad s ai k ae z j h af (af ac) d l ad s ai k ae z j h af (af ac) d l ad s ai k ae z j h af (af ac) d l ad s ai i c ad v aj ai f u d ac al e t f J p m a i) (m i h m ae am)) s p K) L g r (ah ah (M aj g N aj i n (O ab w P Q c m)) r) R w (S ak) ae e) an l (T y ab) x (c U w) ac a (v v) l (V r ab g ai ac W j af) (X Y Z r h ac p e i i t (AA AB x ad am))
A B C i D E (F (aa ae (u (al am k ae z j h af (af ac) d l ad s ai k ae z j h af (af ac) d l ad s ai k ae z j h af (af ac) d l ad s ai k ae z j h af (af ac) d l ad s ai k ae z j h af (af ac) d l ad s ai k ae z j h af (af ac) d l ad s ai k ae z j h af (af ac) d l ad s ai k ae z j h af (af ac) d l ad s ai k ae z j h af (af ac) d l ad s ai k ae z j h af (af ac) d l ad s ai k ae z j h af (af ac) d l ad s ai i c ad v aj ai f u d ac al e t f J p m a i) (m i h m ae am)) s p K) L g r (ah ah (M aj g N aj i n (O ab w P Q c m)) r) R w (S ak) ae e) an l (T y ab) x (c U w) ac a (v v) l (V r ab g ai ac W j af) (X Y Z r h ac p e i i t (AA AB x ad am))
A B C i D E (F (aa ae (u (ah q m h af (af ac) d l ad s ai k ae z j h af (af ac) d l ad s ai k ae z j h af (af ac) d l ad s ai k ae z j h af (af ac) d l ad s ai k ae z j h af (af ac) d l ad s ai k ae z j h af (af ac) d l ad s ai k ae z j h af (af ac) d l ad s ai k ae z j h af (af ac) d l ad s ai k ae z j h af (af ac) d l ad s ai k ae z j h af (af ac) d l ad s ai k ae z j h af (af ac) d l ad s ai k ae z j h af (af ac) d l ad s ai i c ad v aj ai f u d ac al e t f J p m a i) (m i h m ae am)) s p K) L g r (ah ah (M aj g N aj i n (O ab w P Q c m)) r) R w (S ak) ae e) an l (T y ab) x (c U w) ac a (v v) l (V r ab g ai ac W j af) (X Y Z r h ac p e i i t (AA AB x ad am))
A B C i D E (F (aa ae (u (al am k ae z j h af (af ac) d l ad s ai k ae z j h af (af ac) d l ad s ai k ae z j h af (af ac) d l ad s ai k ae z j h af (af ac) d l ad s ai k ae z j h af (af ac) d l ad s ai k ae z j h af (af ac) d l ad s ai k ae z j h af (af ac) d l ad s ai k ae z j h af (af ac) d l ad s ai k ae z j h af (af ac) d l ad s ai k ae z j h af (af ac) d l ad s ai k ae z j h af (af ac) d l ad s ai k ae z j h af (af ac) d l ad s ai i c ad v aj ai f u d ac al e t f J p m a i) (m i h m ae am)) s p K) L g r (ah ah (M aj g N aj i n (O ab w P Q c m)) r) R w (S ak) ae e) an l (T y ab) x (c U w) ac a (v v) l (V r ab g ai ac W j af) (X Y Z r h ac p e i i t (AA AB x ad am))
A B C i D E (F (aa ae (u (ah q m h af (af ac) d l ad s ai k ae z j h af (af ac) d l ad s ai k ae z j h af (af ac) d l ad s ai k ae z j h af (af ac) d l ad s ai k ae z j h af (af ac) d l ad s ai k ae z j h af (af ac) d l ad s ai k ae z j h af (af ac) d l ad s ai k ae z j h af (af ac) d l ad s ai k ae z j h af (af ac) d l ad s ai k ae z j h af (af ac) d l ad s ai k ae z j h af (af ac) d l ad s ai k ae z j h af (af ac) d l ad s ai k ae z j h af (af ac) d l ad s ai i c ad v aj ai f u d ac al e t f J p m a i) (m i h m ae am)) s p K) L g r (ah ah (M aj g N aj i n (O ab w P Q c m)) r) R w (S ak) ae e) an l (T y ab) x (c U w) ac a (v v) l (V r ab g ai ac W j af) (X Y Z r h ac p e i i t (AA AB x ad am))


