am ap ao = s ap ap (h (a t v e t))
x ap at ao ar aq = ak p at am z w
an at ao aq ar ap = r (af d af)
w au av ao at ap aq ar = ad t ag at r aa o aq z al f
k ao ap = h q c ab h (p ab af) i ad s z g
ad ao ap = z p j s y q m u v j
n av at ao ap ar au aq = ad am (b ab j ai e (ai ad) o r)
ab at av ar ao ap au aq = ah a m at (al c p o)
al ao = m s m ao z a h d (a l)
r ap at aq ar ao au = f k (i b af (t at m d) aq ai)
ai ao ap = j ak (ae z)
e ao = d (w am ao (ag q s)) ao
ag ao = aa s e ai (l d k (ai k u ao) z m)
j ap ar at ao aq au av = x p ae k (ab c (ae d aq a p f t))
y = x p h ae (k ab w f (an e ad l))
s ao = k ab u d ao ao an an g m r
ak ap aq au ao ar at = al ap s aa at u ac
a ao aq ar ap = aa (t (ag aq p) (e aj p) ah an r ab)
q au ao ap at ar av aq = al t ah (d j am)
g ar ap ao at aq = p ao
ae ao = ah (l r (y u e am ad) (ad aj) r) ao ah
ah au at ap ar aq av ao = u l f ai ag u
z aq ap ar ao = an y h
ac ar ao au at aq ap = c (al ao o) ap
u = an d aa l an s x i p a s
c ao = an ad ao m r x aa
af aq ap ao ar = j n ab aj i w aq d
m ap at ao aq ar = am ao (ap (u an ak o y))
h ap ar aq ao at = ak ar (aj t s)
aa ao = w s al (v y y ah j)
t av at ar aq ap au ao = k aq an p k g (u x)
d ao av au at ap aq ar = o (i f) (ae (s (ag al j) (a ag) am ag))
i aq ar ap ao = n x u (al af (ai f h m) ab l c)
o ao = x v ao ao b
main = am A B an d t C D E ah F (G H v ah I) n i ag J u a a b ah (t ac (K am j (ai (L an) a d w s am ag ae ah (j f v) i ae z (M (b ab v) c af N w am)) (aa (c o f) y ab h h j (n g) O t b o w)) (P o an)) h ab Q i (R m (ae m) S j q p ah T U (V n)) c W v (X c) (x aj ai)
aj ao ap aq ar = s s
p ap au aq ao at ar av = i af r (x g v l r ai x q l an)
v ap ao = o ai n ae aa a ag n (an ak aj)
f at aq ar au ao ap = ar ab q g l w u q af
b ao = q s ah ao ag ag c z y r o h aj
l ao = ah ai v
------------------------------------------------------------
am A B an d t C D E ah F (G H v ah I) n i ag J u a a b ah (t ac (K am j (ai (L an) a d w s am ag ae ah (j f v) i ae z (M (b ab v) c af N w am)) (aa (c o f) y ab h h j (n g) O t b o w)) (P o an)) h ab Q i (R m (ae m) S j q p ah T U (V n)) c W v (X c) (x aj ai)
s A A (h (a t v e t)) an d t C D E ah F (G H v ah I) n i ag J u a a b ah (t ac (K am j (ai (L an) a d w s am ag ae ah (j f v) i ae z (M (b ab v) c af N w am)) (aa (c o f) y ab h h j (n g) O t b o w)) (P o an)) h ab Q i (R m (ae m) S j q p ah T U (V n)) c W v (X c) (x aj ai)
k ab u d A A an an g m r A (h (a t v e t)) an d t C D E ah F (G H v ah I) n i ag J u a a b ah (t ac (K am j (ai (L an) a d w s am ag ae ah (j f v) i ae z (M (b ab v) c af N w am)) (aa (c o f) y ab h h j (n g) O t b o w)) (P o an)) h ab Q i (R m (ae m) S j q p ah T U (V n)) c W v (X c) (x aj ai)
h q c ab h (p ab af) i ad s z g d A A an an g m r A (h (a t v e t)) an d t C D E ah F (G H v ah I) n i ag J u a a b ah (t ac (K am j (ai (L an) a d w s am ag ae ah (j f v) i ae z (M (b ab v) c af N w am)) (aa (c o f) y ab h h j (n g) O t b o w)) (P o an)) h ab Q i (R m (ae m) S j q p ah T U (V n)) c W v (X c) (x aj ai)
ak c (aj t s) i ad s z g d A A an an g m r A (h (a t v e t)) an d t C D E ah F (G H v ah I) n i ag J u a a b ah (t ac (K am j (ai (L an) a d w s am ag ae ah (j f v) i ae z (M (b ab v) c af N w am)) (aa (c o f) y ab h h j (n g) O t b o w)) (P o an)) h ab Q i (R m (ae m) S j q p ah T U (V n)) c W v (X c) (x aj ai)
al c s aa z u ac g d A A an an g m r A (h (a t v e t)) an d t C D E ah F (G H v ah I) n i ag J u a a b ah (t ac (K am j (ai (L an) a d w s am ag ae ah (j f v) i ae z (M (b ab v) c af N w am)) (aa (c o f) y ab h h j (n g) O t b o w)) (P o an)) h ab Q i (R m (ae m) S j q p ah T U (V n)) c W v (X c) (x aj ai)
m s m c z a h d (a l) s aa z u ac g d A A an an g m r A (h (a t v e t)) an d t C D E ah F (G H v ah I) n i ag J u a a b ah (t ac (K am j (ai (L an) a d w s am ag ae ah (j f v) i ae z (M (b ab v) c af N w am)) (aa (c o f) y ab h h j (n g) O t b o w)) (P o an)) h ab Q i (R m (ae m) S j q p ah T U (V n)) c W v (X c) (x aj ai)
am c (s (u an ak o y)) h d (a l) s aa z u ac g d A A an an g m r A (h (a t v e t)) an d t C D E ah F (G H v ah I) n i ag J u a a b ah (t ac (K am j (ai (L an) a d w s am ag ae ah (j f v) i ae z (M (b ab v) c af N w am)) (aa (c o f) y ab h h j (n g) O t b o w)) (P o an)) h ab Q i (R m (ae m) S j q p ah T U (V n)) c W v (X c) (x aj ai)
s c c (h (a t v e t)) h d (a l) s aa z u ac g d A A an an g m r A (h (a t v e t)) an d t C D E ah F (G H v ah I) n i ag J u a a b ah (t ac (K am j (ai (L an) a d w s am ag ae ah (j f v) i ae z (M (b ab v) c af N w am)) (aa (c o f) y ab h h j (n g) O t b o w)) (P o an)) h ab Q i (R m (ae m) S j q p ah T U (V n)) c W v (X c) (x aj ai)
k ab u d c c an an g m r c (h (a t v e t)) h d (a l) s aa z u ac g d A A an an g m r A (h (a t v e t)) an d t C D E ah F (G H v ah I) n i ag J u a a b ah (t ac (K am j (ai (L an) a d w s am ag ae ah (j f v) i ae z (M (b ab v) c af N w am)) (aa (c o f) y ab h h j (n g) O t b o w)) (P o an)) h ab Q i (R m (ae m) S j q p ah T U (V n)) c W v (X c) (x aj ai)
h q c ab h (p ab af) i ad s z g d c c an an g m r c (h (a t v e t)) h d (a l) s aa z u ac g d A A an an g m r A (h (a t v e t)) an d t C D E ah F (G H v ah I) n i ag J u a a b ah (t ac (K am j (ai (L an) a d w s am ag ae ah (j f v) i ae z (M (b ab v) c af N w am)) (aa (c o f) y ab h h j (n g) O t b o w)) (P o an)) h ab Q i (R m (ae m) S j q p ah T U (V n)) c W v (X c) (x aj ai)
ak c (aj t s) i ad s z g d c c an an g m r c (h (a t v e t)) h d (a l) s aa z u ac g d A A an an g m r A (h (a t v e t)) an d t C D E ah F (G H v ah I) n i ag J u a a b ah (t ac (K am j (ai (L an) a d w s am ag ae ah (j f v) i ae z (M (b ab v) c af N w am)) (aa (c o f) y ab h h j (n g) O t b o w)) (P o an)) h ab Q i (R m (ae m) S j q p ah T U (V n)) c W v (X c) (x aj ai)
al c s aa z u ac g d c c an an g m r c (h (a t v e t)) h d (a l) s aa z u ac g d A A an an g m r A (h (a t v e t)) an d t C D E ah F (G H v ah I) n i ag J u a a b ah (t ac (K am j (ai (L an) a d w s am ag ae ah (j f v) i ae z (M (b ab v) c af N w am)) (aa (c o f) y ab h h j (n g) O t b o w)) (P o an)) h ab Q i (R m (ae m) S j q p ah T U (V n)) c W v (X c) (x aj ai)
m s m c z a h d (a l) s aa z u ac g d c c an an g m r c (h (a t v e t)) h d (a l) s aa z u ac g d A A an an g m r A (h (a t v e t)) an d t C D E ah F (G H v ah I) n i ag J u a a b ah (t ac (K am j (ai (L an) a d w s am ag ae ah (j f v) i ae z (M (b ab v) c af N w am)) (aa (c o f) y ab h h j (n g) O t b o w)) (P o an)) h ab Q i (R m (ae m) S j q p ah T U (V n)) c W v (X c) (x aj ai)
am c (s (u an ak o y)) h d (a l) s aa z u ac g d c c an an g m r c (h (a t v e t)) h d (a l) s aa z u ac g d A A an an g m r A (h (a t v e t)) an d t C D E ah F (G H v ah I) n i ag J u a a b ah (t ac (K am j (ai (L an) a d w s am ag ae ah (j f v) i ae z (M (b ab v) c af N w am)) (aa (c o f) y ab h h j (n g) O t b o w)) (P o an)) h ab Q i (R m (ae m) S j q p ah T U (V n)) c W v (X c) (x aj ai)
s c c (h (a t v e t)) h d (a l) s aa z u ac g d c c an an g m r c (h (a t v e t)) h d (a l) s aa z u ac g d A A an an g m r A (h (a t v e t)) an d t C D E ah F (G H v ah I) n i ag J u a a b ah (t ac (K am j (ai (L an) a d w s am ag ae ah (j f v) i ae z (M (b ab v) c af N w am)) (aa (c o f) y ab h h j (n g) O t b o w)) (P o an)) h ab Q i (R m (ae m) S j q p ah T U (V n)) c W v (X c) (x aj ai)
k ab u d c c an an g m r c (h (a t v e t)) h d (a l) s aa z u ac g d c c an an g m r c (h (a t v e t)) h d (a l) s aa z u ac g d A A an an g m r A (h (a t v e t)) an d t C D E ah F (G H v ah I) n i ag J u a a b ah (t ac (K am j (ai (L an) a d w s am ag ae ah (j f v) i ae z (M (b ab v) c af N w am)) (aa (c o f) y ab h h j (n g) O t b o w)) (P o an)) h ab Q i (R m (ae m) S j q p ah T U (V n)) c W v (X c) (x aj ai)
h q c ab h (p ab af) i ad s z g d c c an an g m r c (h (a t v e t)) h d (a l) s aa z u ac g d c c an an g m r c (h (a t v e t)) h d (a l) s aa z u ac g d A A an an g m r A (h (a t v e t)) an d t C D E ah F (G H v ah I) n i ag J u a a b ah (t ac (K am j (ai (L an) a d w s am ag ae ah (j f v) i ae z (M (b ab v) c af N w am)) (aa (c o f) y ab h h j (n g) O t b o w)) (P o an)) h ab Q i (R m (ae m) S j q p ah T U (V n)) c W v (X c) (x aj ai)
ak c (aj t s) i ad s z g d c c an an g m r c (h (a t v e t)) h d (a l) s aa z u ac g d c c an an g m r c (h (a t v e t)) h d (a l) s aa z u ac g d A A an an g m r A (h (a t v e t)) an d t C D E ah F (G H v ah I) n i ag J u a a b ah (t ac (K am j (ai (L an) a d w s am ag ae ah (j f v) i ae z (M (b ab v) c af N w am)) (aa (c o f) y ab h h j (n g) O t b o w)) (P o an)) h ab Q i (R m (ae m) S j q p ah T U (V n)) c W v (X c) (x aj ai)
al c s aa z u ac g d c c an an g m r c (h (a t v e t)) h d (a l) s aa z u ac g d c c an an g m r c (h (a t v e t)) h d (a l) s aa z u ac g d A A an an g m r A (h (a t v e t)) an d t C D E ah F (G H v ah I) n i ag J u a a b ah (t ac (K am j (ai (L an) a d w s am ag ae ah (j f v) i ae z (M (b ab v) c af N w am)) (aa (c o f) y ab h h j (n g) O t b o w)) (P o an)) h ab Q i (R m (ae m) S j q p ah T U (V n)) c W v (X c) (x aj ai)
m s m c z a h d (a l) s aa z u ac g d c c an an g m r c (h (a t v e t)) h d (a l) s aa z u ac g d c c an an g m r c (h (a t v e t)) h d (a l) s aa z u ac g d A A an an g m r A (h (a t v e t)) an d t C D E ah F (G H v ah I) n i ag J u a a b ah (t ac (K am j (ai (L an) a d w s am ag ae ah (j f v) i ae z (M (b ab v) c af N w am)) (aa (c o f) y ab h h j (n g) O t b o w)) (P o an)) h ab Q i (R m (ae m) S j q p ah T U (V n)) c W v (X c) (x aj ai)
am c (s (u an ak o y)) h d (a l) s aa z u ac g d c c an an g m r c (h (a t v e t)) h d (a l) s aa z u ac g d c c an an g m r c (h (a t v e t)) h d (a l) s aa z u ac g d A A an an g m r A (h (a t v e t)) an d t C D E ah F (G H v ah I) n i ag J u a a b ah (t ac (K am j (ai (L an) a d w s am ag ae ah (j f v) i ae z (M (b ab v) c af N w am)) (aa (c o f) y ab h h j (n g) O t b o w)) (P o an)) h ab Q i (R m (ae m) S j q p ah T U (V n)) c W v (X c) (x aj ai)
s c c (h (a t v e t)) h d (a l) s aa z u ac g d c c an an g m r c (h (a t v e t)) h d (a l) s aa z u ac g d c c an an g m r c (h (a t v e t)) h d (a l) s aa z u ac g d A A an an g m r A (h (a t v e t)) an d t C D E ah F (G H v ah I) n i ag J u a a b ah (t ac (K am j (ai (L an) a d w s am ag ae ah (j f v) i ae z (M (b ab v) c af N w am)) (aa (c o f) y ab h h j (n g) O t b o w)) (P o an)) h ab Q i (R m (ae m) S j q p ah T U (V n)) c W v (X c) (x aj ai)
k ab u d c c an an g m r c (h (a t v e t)) h d (a l) s aa z u ac g d c c an an g m r c (h (a t v e t)) h d (a l) s aa z u ac g d c c an an g m r c (h (a t v e t)) h d (a l) s aa z u ac g d A A an an g m r A (h (a t v e t)) an d t C D E ah F (G H v ah I) n i ag J u a a b ah (t ac (K am j (ai (L an) a d w s am ag ae ah (j f v) i ae z (M (b ab v) c af N w am)) (aa (c o f) y ab h h j (n g) O t b o w)) (P o an)) h ab Q i (R m (ae m) S j q p ah T U (V n)) c W v (X c) (x aj ai)
h q c ab h (p ab af) i ad s z g d c c an an g m r c (h (a t v e t)) h d (a l) s aa z u ac g d c c an an g m r c (h (a t v e t)) h d (a l) s aa z u ac g d c c an an g m r c (h (a t v e t)) h d (a l) s aa z u ac g d A A an an g m r A (h (a t v e t)) an d t C D E ah F (G H v ah I) n i ag J u a a b ah (t ac (K am j (ai (L an) a d w s am ag ae ah (j f v) i ae z (M (b ab v) c af N w am)) (aa (c o f) y ab h h j (n g) O t b o w)) (P o an)) h ab Q i (R m (ae m) S j q p ah T U (V n)) c W v (X c) (x aj ai)
ak c (aj t s) i ad s z g d c c an an g m r c (h (a t v e t)) h d (a l) s aa z u ac g d c c an an g m r c (h (a t v e t)) h d (a l) s aa z u ac g d c c an an g m r c (h (a t v e t)) h d (a l) s aa z u ac g d A A an an g m r A (h (a t v e t)) an d t C D E ah F (G H v ah I) n i ag J u a a b ah (t ac (K am j (ai (L an) a d w s am ag ae ah (j f v) i ae z (M (b ab v) c af N w am)) (aa (c o f) y ab h h j (n g) O t b o w)) (P o an)) h ab Q i (R m (ae m) S j q p ah T U (V n)) c W v (X c) (x aj ai)
al c s aa z u ac g d c c an an g m r c (h (a t v e t)) h d (a l) s aa z u ac g d c c an an g m r c (h (a t v e t)) h d (a l) s aa z u ac g d c c an an g m r c (h (a t v e t)) h d (a l) s aa z u ac g d A A an an g m r A (h (a t v e t)) an d t C D E ah F (G H v ah I) n i ag J u a a b ah (t ac (K am j (ai (L an) a d w s am ag ae ah (j f v) i ae z (M (b ab v) c af N w am)) (aa (c o f) y ab h h j (n g) O t b o w)) (P o an)) h ab Q i (R m (ae m) S j q p ah T U (V n)) c W v (X c) (x aj ai)
m s m c z a h d (a l) s aa z u ac g d c c an an g m r c (h (a t v e t)) h d (a l) s aa z u ac g d c c an an g m r c (h (a t v e t)) h d (a l) s aa z u ac g d c c an an g m r c (h (a t v e t)) h d (a l) s aa z u ac g d A A an an g m r A (h (a t v e t)) an d t C D E ah F (G H v ah I) n i ag J u a a b ah (t ac (K am j (ai (L an) a d w s am ag ae ah (j f v) i ae z (M (b ab v) c af N w am)) (aa (c o f) y ab h h j (n g) O t b o w)) (P o an)) h ab Q i (R m (ae m) S j q p ah T U (V n)) c W v (X c) (x aj ai)
am c (s (u an ak o y)) h d (a l) s aa z u ac g d c c an an g m r c (h (a t v e t)) h d (a l) s aa z u ac g d c c an an g m r c (h (a t v e t)) h d (a l) s aa z u ac g d c c an an g m r c (h (a t v e t)) h d (a l) s aa z u ac g d A A an an g m r A (h (a t v e t)) an d t C D E ah F (G H v ah I) n i ag J u a a b ah (t ac (K am j (ai (L an) a d w s am ag ae ah (j f v) i ae z (M (b ab v) c af N w am)) (aa (c o f) y ab h h j (n g) O t b o w)) (P o an)) h ab Q i (R m (ae m) S j q p ah T U (V n)) c W v (X c) (x aj ai)
s c c (h (a t v e t)) h d (a l) s aa z u ac g d c c an an g m r c (h (a t v e t)) h d (a l) s aa z u ac g d c c an an g m r c (h (a t v e t)) h d (a l) s aa z u ac g d c c an an g m r c (h (a t v e t)) h d (a l) s aa z u ac g d A A an an g m r A (h (a t v e t)) an d t C D E ah F (G H v ah I) n i ag J u a a b ah (t ac (K am j (ai (L an) a d w s am ag ae ah (j f v) i ae z (M (b ab v) c af N w am)) (aa (c o f) y ab h h j (n g) O t b o w)) (P o an)) h ab Q i (R m (ae m) S j q p ah T U (V n)) c W v (X c) (x aj ai)


