ak at au ar ap aq ao u ao c p af y al v au w al
m ao o ag ab t e ac f r (aj w aa) (o c)
ag aq ar ap ao ab ak ak aa h u (i ah (ah ar) d)
ae aq ap ao at au ar z n ab ac
af ap ao aq ar c (l e x y n r) o aj aq
b ao ao s ao z v r
y aq ar ao ap at aj ad v l ai ak (v r k an)
n aq ao ap t (p (e (ap d) i a aq))
al ap ao at aq ar ap c f i w q
f an a y (c o an g b aj) n ae
q t (o (s (g z m j) b e)) af
main a k x al e A c h B (u aa) aa s j (p ai b d g C (D a E F (al af ae G H ai s I (J ai t b al)) f ah) K (L M N O P Q ak ae f s (o j g) R u (ab k aj k ab S (e (T (af q k al j n y) (ak (r (U c) af (V (W X ad y) b (v af h) (ai ac al p aa) Y v am ai ai) b Z b l AA e)))))))
ab ao w an k g (ak ad q)
a ar at av ap au ao aq am (am (z o z u) (af z)) am m v ab ap
l ap ao m h af ac r g ap c b
p ap aq ao ar at av au aq z (ai (ae ae i u b))
e ao a q
ad ar ao aq ap at av au x (ak k (s ag o x) l ao)
s ap au av ao ar aq at y i m ad d (an b aj o v ad w y)
t au ar av ap aq at ao r ak n (r (j ae)) (al u)
ac ad ab aa b (ab d) (ab aj) aj m
z ap ao n af (ao (al m k k b r) ac j n)
o ao z a an ai (ao ac ab e)
aj aq at ap av au ao ar o an r al w
an ao h p am y af ac (r (aa al q))
j at ap ao ar aq m o e (ac ab (k s at f))
am ao ae m e b an an ao (ao d ac) n an ah
i ap ar aq at ao au r ad b (v m (v (y j u aj ae v)))
g au ao av aq ap ar at i (w s ag) o l av at am ag
ah ar au aq ao av at ap u ag u w n
h ar aq ao ap e (u v i ag q c) o o d i o
v ao ap aj (ab ap (r s y ag p b)) z ai j
ai aq ao at ap au ar y aj k c (ac k al w) c w
c ar ao ap aq w
aa aq ar ap at av ao au f ad aq (ab r g (y ae al ak))
w au ap ao at ar aq c am a f r e h ad v i p n
u ar ao ap aq t x k (l t f)
k ao ak h ao ao (g g aa)
r at ap aq au ao ar ac n d ai aj (ak t (af ap ai))
x aq ap au ar at av ao ah o r
d ao ap ao s ak ai ap an ap (ao u) af af ap ao
------------------------------------------------------------
a k x al e A c h B (u aa) aa s j (p ai b d g C (D a E F (al af ae G H ai s I (J ai t b al)) f ah) K (L M N O P Q ak ae f s (o j g) R u (ab k aj k ab S (e (T (af q k al j n y) (ak (r (U c) af (V (W X ad y) b (v af h) (ai ac al p aa) Y v am ai ai) b Z b l AA e)))))))
am (am (z o z u) (af z)) am m v ab e B (u aa) aa s j (p ai b d g C (D a E F (al af ae G H ai s I (J ai t b al)) f ah) K (L M N O P Q ak ae f s (o j g) R u (ab k aj k ab S (e (T (af q k al j n y) (ak (r (U c) af (V (W X ad y) b (v af h) (ai ac al p aa) Y v am ai ai) b Z b l AA e)))))))
ae m e b an an (am (z o z u) (af z)) (am (z o z u) (af z) d ac) n an ah am m v ab e B (u aa) aa s j (p ai b d g C (D a E F (al af ae G H ai s I (J ai t b al)) f ah) K (L M N O P Q ak ae f s (o j g) R u (ab k aj k ab S (e (T (af q k al j n y) (ak (r (U c) af (V (W X ad y) b (v af h) (ai ac al p aa) Y v am ai ai) b Z b l AA e)))))))
z n ab ac (am (z o z u) (af z) d ac) n an ah am m v ab e B (u aa) aa s j (p ai b d g C (D a E F (al af ae G H ai s I (J ai t b al)) f ah) K (L M N O P Q ak ae f s (o j g) R u (ab k aj k ab S (e (T (af q k al j n y) (ak (r (U c) af (V (W X ad y) b (v af h) (ai ac al p aa) Y v am ai ai) b Z b l AA e)))))))
n af (ab (al m k k b r) ac j n) ac (am (z o z u) (af z) d ac) n an ah am m v ab e B (u aa) aa s j (p ai b d g C (D a E F (al af ae G H ai s I (J ai t b al)) f ah) K (L M N O P Q ak ae f s (o j g) R u (ab k aj k ab S (e (T (af q k al j n y) (ak (r (U c) af (V (W X ad y) b (v af h) (ai ac al p aa) Y v am ai ai) b Z b l AA e)))))))
t (p (e (ac d) i a af)) (am (z o z u) (af z) d ac) n an ah am m v ab e B (u aa) aa s j (p ai b d g C (D a E F (al af ae G H ai s I (J ai t b al)) f ah) K (L M N O P Q ak ae f s (o j g) R u (ab k aj k ab S (e (T (af q k al j n y) (ak (r (U c) af (V (W X ad y) b (v af h) (ai ac al p aa) Y v am ai ai) b Z b l AA e)))))))
r ak n (r (j ae)) (al u) v ab e B (u aa) aa s j (p ai b d g C (D a E F (al af ae G H ai s I (J ai t b al)) f ah) K (L M N O P Q ak ae f s (o j g) R u (ab k aj k ab S (e (T (af q k al j n y) (ak (r (U c) af (V (W X ad y) b (v af h) (ai ac al p aa) Y v am ai ai) b Z b l AA e)))))))
ac n d ai aj (ak t (af n ai)) e B (u aa) aa s j (p ai b d g C (D a E F (al af ae G H ai s I (J ai t b al)) f ah) K (L M N O P Q ak ae f s (o j g) R u (ab k aj k ab S (e (T (af q k al j n y) (ak (r (U c) af (V (W X ad y) b (v af h) (ai ac al p aa) Y v am ai ai) b Z b l AA e)))))))
ad ab aa b (ab d) (ab aj) aj m n d ai aj (ak t (af n ai)) e B (u aa) aa s j (p ai b d g C (D a E F (al af ae G H ai s I (J ai t b al)) f ah) K (L M N O P Q ak ae f s (o j g) R u (ab k aj k ab S (e (T (af q k al j n y) (ak (r (U c) af (V (W X ad y) b (v af h) (ai ac al p aa) Y v am ai ai) b Z b l AA e)))))))
x (ak k (s ag o x) l aa) n d ai aj (ak t (af n ai)) e B (u aa) aa s j (p ai b d g C (D a E F (al af ae G H ai s I (J ai t b al)) f ah) K (L M N O P Q ak ae f s (o j g) R u (ab k aj k ab S (e (T (af q k al j n y) (ak (r (U c) af (V (W X ad y) b (v af h) (ai ac al p aa) Y v am ai ai) b Z b l AA e)))))))
ah o r B (u aa) aa s j (p ai b d g C (D a E F (al af ae G H ai s I (J ai t b al)) f ah) K (L M N O P Q ak ae f s (o j g) R u (ab k aj k ab S (e (T (af q k al j n y) (ak (r (U c) af (V (W X ad y) b (v af h) (ai ac al p aa) Y v am ai ai) b Z b l AA e)))))))
u ag u w n (p ai b d g C (D a E F (al af ae G H ai s I (J ai t b al)) f ah) K (L M N O P Q ak ae f s (o j g) R u (ab k aj k ab S (e (T (af q k al j n y) (ak (r (U c) af (V (W X ad y) b (v af h) (ai ac al p aa) Y v am ai ai) b Z b l AA e)))))))
t x k (l t f) (p ai b d g C (D a E F (al af ae G H ai s I (J ai t b al)) f ah) K (L M N O P Q ak ae f s (o j g) R u (ab k aj k ab S (e (T (af q k al j n y) (ak (r (U c) af (V (W X ad y) b (v af h) (ai ac al p aa) Y v am ai ai) b Z b l AA e)))))))
t x k (m h af ac r g t c b) (p ai b d g C (D a E F (al af ae G H ai s I (J ai t b al)) f ah) K (L M N O P Q ak ae f s (o j g) R u (ab k aj k ab S (e (T (af q k al j n y) (ak (r (U c) af (V (W X ad y) b (v af h) (ai ac al p aa) Y v am ai ai) b Z b l AA e)))))))
t x k (o ag ab t e ac f r (aj w aa) (o c) af ac r g t c b) (p ai b d g C (D a E F (al af ae G H ai s I (J ai t b al)) f ah) K (L M N O P Q ak ae f s (o j g) R u (ab k aj k ab S (e (T (af q k al j n y) (ak (r (U c) af (V (W X ad y) b (v af h) (ai ac al p aa) Y v am ai ai) b Z b l AA e)))))))
t x k (z a an ai (ag ac ab e) ab t e ac f r (aj w aa) (o c) af ac r g t c b) (p ai b d g C (D a E F (al af ae G H ai s I (J ai t b al)) f ah) K (L M N O P Q ak ae f s (o j g) R u (ab k aj k ab S (e (T (af q k al j n y) (ak (r (U c) af (V (W X ad y) b (v af h) (ai ac al p aa) Y v am ai ai) b Z b l AA e)))))))
t x k (n af (an (al m k k b r) ac j n) ai (ag ac ab e) ab t e ac f r (aj w aa) (o c) af ac r g t c b) (p ai b d g C (D a E F (al af ae G H ai s I (J ai t b al)) f ah) K (L M N O P Q ak ae f s (o j g) R u (ab k aj k ab S (e (T (af q k al j n y) (ak (r (U c) af (V (W X ad y) b (v af h) (ai ac al p aa) Y v am ai ai) b Z b l AA e)))))))
t x k (t (p (e (ai d) i a af)) (ag ac ab e) ab t e ac f r (aj w aa) (o c) af ac r g t c b) (p ai b d g C (D a E F (al af ae G H ai s I (J ai t b al)) f ah) K (L M N O P Q ak ae f s (o j g) R u (ab k aj k ab S (e (T (af q k al j n y) (ak (r (U c) af (V (W X ad y) b (v af h) (ai ac al p aa) Y v am ai ai) b Z b l AA e)))))))
t x k (r ak n (r (j ae)) (al u) r (aj w aa) (o c) af ac r g t c b) (p ai b d g C (D a E F (al af ae G H ai s I (J ai t b al)) f ah) K (L M N O P Q ak ae f s (o j g) R u (ab k aj k ab S (e (T (af q k al j n y) (ak (r (U c) af (V (W X ad y) b (v af h) (ai ac al p aa) Y v am ai ai) b Z b l AA e)))))))
t x k (ac n d ai aj (ak t (af n ai)) (o c) af ac r g t c b) (p ai b d g C (D a E F (al af ae G H ai s I (J ai t b al)) f ah) K (L M N O P Q ak ae f s (o j g) R u (ab k aj k ab S (e (T (af q k al j n y) (ak (r (U c) af (V (W X ad y) b (v af h) (ai ac al p aa) Y v am ai ai) b Z b l AA e)))))))
t x k (ad ab aa b (ab d) (ab aj) aj m n d ai aj (ak t (af n ai)) (o c) af ac r g t c b) (p ai b d g C (D a E F (al af ae G H ai s I (J ai t b al)) f ah) K (L M N O P Q ak ae f s (o j g) R u (ab k aj k ab S (e (T (af q k al j n y) (ak (r (U c) af (V (W X ad y) b (v af h) (ai ac al p aa) Y v am ai ai) b Z b l AA e)))))))
t x k (x (ak k (s ag o x) l aa) n d ai aj (ak t (af n ai)) (o c) af ac r g t c b) (p ai b d g C (D a E F (al af ae G H ai s I (J ai t b al)) f ah) K (L M N O P Q ak ae f s (o j g) R u (ab k aj k ab S (e (T (af q k al j n y) (ak (r (U c) af (V (W X ad y) b (v af h) (ai ac al p aa) Y v am ai ai) b Z b l AA e)))))))
t x k (ah o r af ac r g t c b) (p ai b d g C (D a E F (al af ae G H ai s I (J ai t b al)) f ah) K (L M N O P Q ak ae f s (o j g) R u (ab k aj k ab S (e (T (af q k al j n y) (ak (r (U c) af (V (W X ad y) b (v af h) (ai ac al p aa) Y v am ai ai) b Z b l AA e)))))))
t x k (u ag u w n c b) (p ai b d g C (D a E F (al af ae G H ai s I (J ai t b al)) f ah) K (L M N O P Q ak ae f s (o j g) R u (ab k aj k ab S (e (T (af q k al j n y) (ak (r (U c) af (V (W X ad y) b (v af h) (ai ac al p aa) Y v am ai ai) b Z b l AA e)))))))
t x k (t x k (l t f) c b) (p ai b d g C (D a E F (al af ae G H ai s I (J ai t b al)) f ah) K (L M N O P Q ak ae f s (o j g) R u (ab k aj k ab S (e (T (af q k al j n y) (ak (r (U c) af (V (W X ad y) b (v af h) (ai ac al p aa) Y v am ai ai) b Z b l AA e)))))))
t x k (t x k (m h af ac r g t c b) c b) (p ai b d g C (D a E F (al af ae G H ai s I (J ai t b al)) f ah) K (L M N O P Q ak ae f s (o j g) R u (ab k aj k ab S (e (T (af q k al j n y) (ak (r (U c) af (V (W X ad y) b (v af h) (ai ac al p aa) Y v am ai ai) b Z b l AA e)))))))
t x k (t x k (o ag ab t e ac f r (aj w aa) (o c) af ac r g t c b) c b) (p ai b d g C (D a E F (al af ae G H ai s I (J ai t b al)) f ah) K (L M N O P Q ak ae f s (o j g) R u (ab k aj k ab S (e (T (af q k al j n y) (ak (r (U c) af (V (W X ad y) b (v af h) (ai ac al p aa) Y v am ai ai) b Z b l AA e)))))))
t x k (t x k (z a an ai (ag ac ab e) ab t e ac f r (aj w aa) (o c) af ac r g t c b) c b) (p ai b d g C (D a E F (al af ae G H ai s I (J ai t b al)) f ah) K (L M N O P Q ak ae f s (o j g) R u (ab k aj k ab S (e (T (af q k al j n y) (ak (r (U c) af (V (W X ad y) b (v af h) (ai ac al p aa) Y v am ai ai) b Z b l AA e)))))))
t x k (t x k (n af (an (al m k k b r) ac j n) ai (ag ac ab e) ab t e ac f r (aj w aa) (o c) af ac r g t c b) c b) (p ai b d g C (D a E F (al af ae G H ai s I (J ai t b al)) f ah) K (L M N O P Q ak ae f s (o j g) R u (ab k aj k ab S (e (T (af q k al j n y) (ak (r (U c) af (V (W X ad y) b (v af h) (ai ac al p aa) Y v am ai ai) b Z b l AA e)))))))
t x k (t x k (t (p (e (ai d) i a af)) (ag ac ab e) ab t e ac f r (aj w aa) (o c) af ac r g t c b) c b) (p ai b d g C (D a E F (al af ae G H ai s I (J ai t b al)) f ah) K (L M N O P Q ak ae f s (o j g) R u (ab k aj k ab S (e (T (af q k al j n y) (ak (r (U c) af (V (W X ad y) b (v af h) (ai ac al p aa) Y v am ai ai) b Z b l AA e)))))))


