a ar ap aq ao at = an
d at aq ap ar ao = a aj ap t at (c c h o j (o u) ah)
an ao ap aq ar = al o (j (q u x ah z)) ai
g aq at ap ar ao au = am l d ai c ar w e
m au ar av at ao ap aq = ai a o y y (ae ah (e g aa ag) ap)
p = s (ak z n) f aj z
ae = n (an af k ac) l f l b (h k a)
s ap at ar au ao aq = w f v i e m h ah x v e aq
ag ar ao aq ap = j (b e ab ai v ao r k v ah ac)
x ap av ar aq ao at au = j d (ae ao (c (w (n c au ab) m) aj)) w
t ao = i (ao aa r) x c ao ai h c
k av at ap ar ao aq au = an ah
r ao = l (g x ag x a ag af)
f = o ah i (ad (am x k))
j ap ar aq av au ao at = k p a t h n k at m at i (i aq)
o aq ap ar ao = w i aa j ae (aa ac) v ai h (d g e)
q ao ap = l al ai h aa l b e h k ai w ap
h ap aq ao = ad al (ae (n am y e s c) y a ac aj)
ah ar ap aq at au ao av = l l ar y (au w) (t (c b q m)) e
ak ap ao = r n d (b g) e r d t z
l au ar aq ao ap at = k o af ad
am at aq au ar ao ap = ai d at ad f r t ae ae
ab ap at aq au ao ar = k v ak t ad v s (v n ak) (ag w g)
main = am (A (B a ah) u ac ak m b (C D E h) (F i k) G ac n H r (f b f af (t f aa I)) c c (j ai (g (ae (J al j K (L M N ab a x O (P ak ae ab p g p) (al c ad) ab (d aa aa aa aj (Q R w ak h aa S (T (ad o) ad ad am n) q r ad (ak aa U V l (j y))) ac n x r o W X r y w n Y f)))))))
i aq ao ar ap at = ad g
v ao ap aq ar at = a ac ab aj aq j ao g ap
aj at aq au ap ao ar = ai o a ab o
u aq at ar ap ao = am d d h f g o al h t i
y ap ao = w (g f e (p n) w)
e ap ao = am u a ac
z ar aq ap ao = y q ao ao ai x ak
aa aq ap ao = o aq ab ao aq ah
n at ap ao ar aq = r z ap ai al r h an
c ap ao = j l s e aj u p ap al
b = ak v r c q ak n f h h an z
ad ap av au ao at ar aq = ah e aj x j o
al ap ar ao at aq = t (ah h o y x (an o am e))
af au ar ap av at aq ao = at ak (m (l (i c f ap m ae a)))
w ap aq ao ar = b ai j ai ab (a ap am (ab ac h))
ai = ad (ab (k (ab u (m e) l)) ac) l r e h
ac aq ao ap = ai w ab an (q ad e) aj
------------------------------------------------------------
am (A (B a ah) u ac ak m b (C D E h) (F i k) G ac n H r (f b f af (t f aa I)) c c (j ai (g (ae (J al j K (L M N ab a x O (P ak ae ab p g p) (al c ad) ab (d aa aa aa aj (Q R w ak h aa S (T (ad o) ad ad am n) q r ad (ak aa U V l (j y))) ac n x r o W X r y w n Y f)))))))
am (A (B a ah) u ac ak m b (C D E h) (F i k) G ac n H r (o ah i (ad (am x k)) b f af (t f aa I)) c c (j ai (g (ae (J al j K (L M N ab a x O (P ak ae ab p g p) (al c ad) ab (d aa aa aa aj (Q R w ak h aa S (T (ad o) ad ad am n) q r ad (ak aa U V l (j y))) ac n x r o W X r y w n Y f)))))))
am (A (B a ah) u ac ak m b (C D E h) (F i k) G ac n H r (w i aa j ae (aa ac) v ai h (d g e) f af (t f aa I)) c c (j ai (g (ae (J al j K (L M N ab a x O (P ak ae ab p g p) (al c ad) ab (d aa aa aa aj (Q R w ak h aa S (T (ad o) ad ad am n) q r ad (ak aa U V l (j y))) ac n x r o W X r y w n Y f)))))))
am (A (B a ah) u ac ak m b (C D E h) (F i k) G ac n H r (b ai j ai ab (a i am (ab ac h)) (aa ac) v ai h (d g e) f af (t f aa I)) c c (j ai (g (ae (J al j K (L M N ab a x O (P ak ae ab p g p) (al c ad) ab (d aa aa aa aj (Q R w ak h aa S (T (ad o) ad ad am n) q r ad (ak aa U V l (j y))) ac n x r o W X r y w n Y f)))))))
am (A (B a ah) u ac ak m b (C D E h) (F i k) G ac n H r (ak v r c q ak n f h h an z ai j ai ab (a i am (ab ac h)) (aa ac) v ai h (d g e) f af (t f aa I)) c c (j ai (g (ae (J al j K (L M N ab a x O (P ak ae ab p g p) (al c ad) ab (d aa aa aa aj (Q R w ak h aa S (T (ad o) ad ad am n) q r ad (ak aa U V l (j y))) ac n x r o W X r y w n Y f)))))))
am (A (B a ah) u ac ak m b (C D E h) (F i k) G ac n H r (r n d (b g) e r d t z c q ak n f h h an z ai j ai ab (a i am (ab ac h)) (aa ac) v ai h (d g e) f af (t f aa I)) c c (j ai (g (ae (J al j K (L M N ab a x O (P ak ae ab p g p) (al c ad) ab (d aa aa aa aj (Q R w ak h aa S (T (ad o) ad ad am n) q r ad (ak aa U V l (j y))) ac n x r o W X r y w n Y f)))))))
am (A (B a ah) u ac ak m b (C D E h) (F i k) G ac n H r (l (g x ag x a ag af) d (b g) e r d t z c q ak n f h h an z ai j ai ab (a i am (ab ac h)) (aa ac) v ai h (d g e) f af (t f aa I)) c c (j ai (g (ae (J al j K (L M N ab a x O (P ak ae ab p g p) (al c ad) ab (d aa aa aa aj (Q R w ak h aa S (T (ad o) ad ad am n) q r ad (ak aa U V l (j y))) ac n x r o W X r y w n Y f)))))))
am (A (B a ah) u ac ak m b (C D E h) (F i k) G ac n H r (k o af ad t z c q ak n f h h an z ai j ai ab (a i am (ab ac h)) (aa ac) v ai h (d g e) f af (t f aa I)) c c (j ai (g (ae (J al j K (L M N ab a x O (P ak ae ab p g p) (al c ad) ab (d aa aa aa aj (Q R w ak h aa S (T (ad o) ad ad am n) q r ad (ak aa U V l (j y))) ac n x r o W X r y w n Y f)))))))
am (A (B a ah) u ac ak m b (C D E h) (F i k) G ac n H r (an ah ak n f h h an z ai j ai ab (a i am (ab ac h)) (aa ac) v ai h (d g e) f af (t f aa I)) c c (j ai (g (ae (J al j K (L M N ab a x O (P ak ae ab p g p) (al c ad) ab (d aa aa aa aj (Q R w ak h aa S (T (ad o) ad ad am n) q r ad (ak aa U V l (j y))) ac n x r o W X r y w n Y f)))))))
am (A (B a ah) u ac ak m b (C D E h) (F i k) G ac n H r (al o (j (q u x ah z)) ai h h an z ai j ai ab (a i am (ab ac h)) (aa ac) v ai h (d g e) f af (t f aa I)) c c (j ai (g (ae (J al j K (L M N ab a x O (P ak ae ab p g p) (al c ad) ab (d aa aa aa aj (Q R w ak h aa S (T (ad o) ad ad am n) q r ad (ak aa U V l (j y))) ac n x r o W X r y w n Y f)))))))
am (A (B a ah) u ac ak m b (C D E h) (F i k) G ac n H r (t (ah h o y x (an o am e)) an z ai j ai ab (a i am (ab ac h)) (aa ac) v ai h (d g e) f af (t f aa I)) c c (j ai (g (ae (J al j K (L M N ab a x O (P ak ae ab p g p) (al c ad) ab (d aa aa aa aj (Q R w ak h aa S (T (ad o) ad ad am n) q r ad (ak aa U V l (j y))) ac n x r o W X r y w n Y f)))))))
am (A (B a ah) u ac ak m b (C D E h) (F i k) G ac n H r (i (ah h o y x (an o am e) aa r) x c (ah h o y x (an o am e)) ai h c an z ai j ai ab (a i am (ab ac h)) (aa ac) v ai h (d g e) f af (t f aa I)) c c (j ai (g (ae (J al j K (L M N ab a x O (P ak ae ab p g p) (al c ad) ab (d aa aa aa aj (Q R w ak h aa S (T (ad o) ad ad am n) q r ad (ak aa U V l (j y))) ac n x r o W X r y w n Y f)))))))
am (A (B a ah) u ac ak m b (C D E h) (F i k) G ac n H r (ad g h c an z ai j ai ab (a i am (ab ac h)) (aa ac) v ai h (d g e) f af (t f aa I)) c c (j ai (g (ae (J al j K (L M N ab a x O (P ak ae ab p g p) (al c ad) ab (d aa aa aa aj (Q R w ak h aa S (T (ad o) ad ad am n) q r ad (ak aa U V l (j y))) ac n x r o W X r y w n Y f)))))))
am (A (B a ah) u ac ak m b (C D E h) (F i k) G ac n H r (ah e aj x j o ai ab (a i am (ab ac h)) (aa ac) v ai h (d g e) f af (t f aa I)) c c (j ai (g (ae (J al j K (L M N ab a x O (P ak ae ab p g p) (al c ad) ab (d aa aa aa aj (Q R w ak h aa S (T (ad o) ad ad am n) q r ad (ak aa U V l (j y))) ac n x r o W X r y w n Y f)))))))
am (A (B a ah) u ac ak m b (C D E h) (F i k) G ac n H r (l l e y (o w) (t (c b q m)) e (a i am (ab ac h)) (aa ac) v ai h (d g e) f af (t f aa I)) c c (j ai (g (ae (J al j K (L M N ab a x O (P ak ae ab p g p) (al c ad) ab (d aa aa aa aj (Q R w ak h aa S (T (ad o) ad ad am n) q r ad (ak aa U V l (j y))) ac n x r o W X r y w n Y f)))))))
am (A (B a ah) u ac ak m b (C D E h) (F i k) G ac n H r (k o af ad (a i am (ab ac h)) (aa ac) v ai h (d g e) f af (t f aa I)) c c (j ai (g (ae (J al j K (L M N ab a x O (P ak ae ab p g p) (al c ad) ab (d aa aa aa aj (Q R w ak h aa S (T (ad o) ad ad am n) q r ad (ak aa U V l (j y))) ac n x r o W X r y w n Y f)))))))
am (A (B a ah) u ac ak m b (C D E h) (F i k) G ac n H r (an ah h (d g e) f af (t f aa I)) c c (j ai (g (ae (J al j K (L M N ab a x O (P ak ae ab p g p) (al c ad) ab (d aa aa aa aj (Q R w ak h aa S (T (ad o) ad ad am n) q r ad (ak aa U V l (j y))) ac n x r o W X r y w n Y f)))))))
am (A (B a ah) u ac ak m b (C D E h) (F i k) G ac n H r (al o (j (q u x ah z)) ai af (t f aa I)) c c (j ai (g (ae (J al j K (L M N ab a x O (P ak ae ab p g p) (al c ad) ab (d aa aa aa aj (Q R w ak h aa S (T (ad o) ad ad am n) q r ad (ak aa U V l (j y))) ac n x r o W X r y w n Y f)))))))
am (A (B a ah) u ac ak m b (C D E h) (F i k) G ac n H r (t (ah h o y x (an o am e))) c c (j ai (g (ae (J al j K (L M N ab a x O (P ak ae ab p g p) (al c ad) ab (d aa aa aa aj (Q R w ak h aa S (T (ad o) ad ad am n) q r ad (ak aa U V l (j y))) ac n x r o W X r y w n Y f)))))))
am (A (B a ah) u ac ak m b (C D E h) (F i k) G ac n H r (i (ah h o y x (an o am e) aa r) x c (ah h o y x (an o am e)) ai h c) c c (j ai (g (ae (J al j K (L M N ab a x O (P ak ae ab p g p) (al c ad) ab (d aa aa aa aj (Q R w ak h aa S (T (ad o) ad ad am n) q r ad (ak aa U V l (j y))) ac n x r o W X r y w n Y f)))))))
am (A (B a ah) u ac ak m b (C D E h) (F i k) G ac n H r (ad g h c) c c (j ai (g (ae (J al j K (L M N ab a x O (P ak ae ab p g p) (al c ad) ab (d aa aa aa aj (Q R w ak h aa S (T (ad o) ad ad am n) q r ad (ak aa U V l (j y))) ac n x r o W X r y w n Y f)))))))
am (A (B a ah) u ac ak m b (C D E h) (F i k) G ac n H r (ad g h c) c c (j ai (g (n (an af k ac) l f l b (h k a) (J al j K (L M N ab a x O (P ak ae ab p g p) (al c ad) ab (d aa aa aa aj (Q R w ak h aa S (T (ad o) ad ad am n) q r ad (ak aa U V l (j y))) ac n x r o W X r y w n Y f)))))))
am (A (B a ah) u ac ak m b (C D E h) (F i k) G ac n H r (ad g h c) c c (j ai (g (r z l ai al r h an (h k a) (J al j K (L M N ab a x O (P ak ae ab p g p) (al c ad) ab (d aa aa aa aj (Q R w ak h aa S (T (ad o) ad ad am n) q r ad (ak aa U V l (j y))) ac n x r o W X r y w n Y f)))))))
am (A (B a ah) u ac ak m b (C D E h) (F i k) G ac n H r (ad g h c) c c (j ai (g (l (g x ag x a ag af) l ai al r h an (h k a) (J al j K (L M N ab a x O (P ak ae ab p g p) (al c ad) ab (d aa aa aa aj (Q R w ak h aa S (T (ad o) ad ad am n) q r ad (ak aa U V l (j y))) ac n x r o W X r y w n Y f)))))))
am (A (B a ah) u ac ak m b (C D E h) (F i k) G ac n H r (ad g h c) c c (j ai (g (k o af ad an (h k a) (J al j K (L M N ab a x O (P ak ae ab p g p) (al c ad) ab (d aa aa aa aj (Q R w ak h aa S (T (ad o) ad ad am n) q r ad (ak aa U V l (j y))) ac n x r o W X r y w n Y f)))))))
am (A (B a ah) u ac ak m b (C D E h) (F i k) G ac n H r (ad g h c) c c (j ai (g (k o af ad an (h k a) (J al j K (L M N ab a x O (P ak ae ab p g p) (al c ad) ab (a aj aa t aa (c c h o j (o u) ah) ac n x r o W X r y w n Y f)))))))
am (A (B a ah) u ac ak m b (C D E h) (F i k) G ac n H r (ad g h c) c c (j ai (g (k o af ad an (h k a) (J al j K (L M N ab a x O (P ak ae ab p g p) (al c ad) ab (an ac n x r o W X r y w n Y f)))))))
am (A (B a ah) u ac ak m b (C D E h) (F i k) G ac n H r (ad g h c) c c (j ai (g (k o af ad an (h k a) (J al j K (L M N ab a x O (P ak ae ab p g p) (al c ad) ab (al o (j (q u x ah z)) ai o W X r y w n Y f)))))))
am (A (B a ah) u ac ak m b (C D E h) (F i k) G ac n H r (ad g h c) c c (j ai (g (k o af ad an (h k a) (J al j K (L M N ab a x O (P ak ae ab p g p) (al c ad) ab (t (ah h o y x (an o am e)) X r y w n Y f)))))))
am (A (B a ah) u ac ak m b (C D E h) (F i k) G ac n H r (ad g h c) c c (j ai (g (k o af ad an (h k a) (J al j K (L M N ab a x O (P ak ae ab p g p) (al c ad) ab (i (ah h o y x (an o am e) aa r) x c (ah h o y x (an o am e)) ai h c X r y w n Y f)))))))


