j ao ap au aq ar at = v s n aq
g au at ar aq ao ap av = u an w aj o
ah ap ao = ad ao g ak al (j ae ag ap)
am at ap aq ar av au ao = u s m ac e i m ai e af
h ap aq ao at ar = y
a ap ao = ah (ap u (ab (n x af) n) z q ai) w
e at av aq au ao ap ar = ae s w i u (o aq t j w t) ar x
t aq ar ap at ao = o c m (z ar v) (k y a i d a) w
r ap ao aq = ac ag (ao ao af) ak g ag l ak
q aq ap ao = z al (aq p v (a o w) aq w)
an ao ar ap av at au aq = aj o ak am
aa aq ap ao = k i g a n ab
w ao aq ar av au at ap = ad al o aa ar af ap i
v ao ap = ao z z
s ao = i n m ak (ad (v v) ak)
ak ao ap = l w
i aq at ap ar ao av au = a
o ao = j ao ao ac p (a ao) ae q (aa aa u) aj
m ap ao = o am (ac an) l o g z w y ap
u = c w j (y t p)
ai at ao ar aq au ap av = y ad am (ak g) at av ah
aj = f ag
ag ap ao = f (t af x ap ai (w ao) an ad ap ak ao)
ad ao aq ap = al s (ap f (x k b))
k ap ar at au aq ao = ak w y o (aj ao c c h aj y v)
ae ao = ag ao c (al (ao i h))
x ap ao aq ar = ac (ac e ac j)
d ap ao = ao (ae ad v aa)
z ap ao aq ar = af ab aq m r ad s (ag c) h
f = k h (ab e ac) u x p ai ab q
p ar aq au at ao ap = h (i aj al) an b a (b aa b) an
y ao at aq ar au ap av = ao ai f f ab m af g (g f)
al ao at ar ap au aq av = an l a c ak t (ab aa ak)
l ap au aq at ar ao = u af k aj an (aj (w (p ap))) ao ae (ah ap)
ac = c p d ah f ak a w m ag y af
ab ao ap = ad t (j e r ad ao)
af = y f l ac (aa ab am ab ad n c j)
n = t (m (i an w s a))
main = A j (an (B C D E ab (F (w x (ab al (G H n x) I e (J v K ag q (s ae l) (L M N z (O P d l s z n) b i (ak e h w (Q (d (n a (am ag R c (ag a i u p (q ah ak aa (ad j ac u) al S (j (T U V (ai ae) ac al (W X o v Y Z AA AB d g g l ak) v l AC am)) ac j) AD AE y) ae ah ah))))))))))))
b ao aq ap = af (j l) (d aq aq o (z h) g u)
c at ap ao ar aq = y u ae m al d (j ar) (ag f r)
------------------------------------------------------------
A j (an (B C D E ab (F (w x (ab al (G H n x) I e (J v K ag q (s ae l) (L M N z (O P d l s z n) b i (ak e h w (Q (d (n a (am ag R c (ag a i u p (q ah ak aa (ad j ac u) al S (j (T U V (ai ae) ac al (W X o v Y Z AA AB d g g l ak) v l AC am)) ac j) AD AE y) ae ah ah))))))))))))
A j (an (B C D E ab (F (w x (ad t (j e r ad al) I e (J v K ag q (s ae l) (L M N z (O P d l s z n) b i (ak e h w (Q (d (n a (am ag R c (ag a i u p (q ah ak aa (ad j ac u) al S (j (T U V (ai ae) ac al (W X o v Y Z AA AB d g g l ak) v l AC am)) ac j) AD AE y) ae ah ah))))))))))))
A j (an (B C D E ab (F (w x (al s (I f (x k b)) e (J v K ag q (s ae l) (L M N z (O P d l s z n) b i (ak e h w (Q (d (n a (am ag R c (ag a i u p (q ah ak aa (ad j ac u) al S (j (T U V (ai ae) ac al (W X o v Y Z AA AB d g g l ak) v l AC am)) ac j) AD AE y) ae ah ah))))))))))))
A j (an (B C D E ab (F (w x (al s (I f (x k b)) e (J v K ag q (i n m ak (ad (v v) ak) l) (L M N z (O P d l s z n) b i (ak e h w (Q (d (n a (am ag R c (ag a i u p (q ah ak aa (ad j ac u) al S (j (T U V (ai ae) ac al (W X o v Y Z AA AB d g g l ak) v l AC am)) ac j) AD AE y) ae ah ah))))))))))))
A j (an (B C D E ab (F (w x (al s (I f (x k b)) e (J v K ag q (i n m ak (ad (v v) ak) l) (L M N z (O P d l s z n) b i (l w w (Q (d (n a (am ag R c (ag a i u p (q ah ak aa (ad j ac u) al S (j (T U V (ai ae) ac al (W X o v Y Z AA AB d g g l ak) v l AC am)) ac j) AD AE y) ae ah ah))))))))))))
A j (an (B C D E ab (F (w x (al s (I f (x k b)) e (J v K ag q (i n m ak (ad (v v) ak) l) (L M N z (O P d l s z n) b i (l w w (Q (d (t (m (i an w s a)) a (am ag R c (ag a i u p (q ah ak aa (ad j ac u) al S (j (T U V (ai ae) ac al (W X o v Y Z AA AB d g g l ak) v l AC am)) ac j) AD AE y) ae ah ah))))))))))))
A j (an (B C D E ab (F (w x (al s (I f (x k b)) e (J v K ag q (i n m ak (ad (v v) ak) l) (L M N z (O P d l s z n) b i (l w w (Q (d (t (m (i an w s a)) a (u s m ac e i m ai e af))))))))))))
A j (an (B C D E ab (F (w x (al s (I f (x k b)) e (J v K ag q (i n m ak (ad (v v) ak) l) (L M N z (O P d l s z n) b i (l w w (Q (d (t (m (i an w s a)) a (c w j (y t p) s m ac e i m ai e af))))))))))))
A j (an (B C D E ab (F (w x (al s (I f (x k b)) e (J v K ag q (i n m ak (ad (v v) ak) l) (L M N z (O P d l s z n) b i (l w w (Q (d (t (m (i an w s a)) a (y u ae m al d (j s) (ag f r) ac e i m ai e af))))))))))))
A j (an (B C D E ab (F (w x (al s (I f (x k b)) e (J v K ag q (i n m ak (ad (v v) ak) l) (L M N z (O P d l s z n) b i (l w w (Q (d (t (m (i an w s a)) a (u ai f f ab m af g (g f) ac e i m ai e af))))))))))))
A j (an (B C D E ab (F (w x (al s (I f (x k b)) e (J v K ag q (i n m ak (ad (v v) ak) l) (L M N z (O P d l s z n) b i (l w w (Q (d (t (m (i an w s a)) a (c w j (y t p) ai f f ab m af g (g f) ac e i m ai e af))))))))))))
A j (an (B C D E ab (F (w x (al s (I f (x k b)) e (J v K ag q (i n m ak (ad (v v) ak) l) (L M N z (O P d l s z n) b i (l w w (Q (d (t (m (i an w s a)) a (y u ae m al d (j ai) (ag f r) f ab m af g (g f) ac e i m ai e af))))))))))))
A j (an (B C D E ab (F (w x (al s (I f (x k b)) e (J v K ag q (i n m ak (ad (v v) ak) l) (L M N z (O P d l s z n) b i (l w w (Q (d (t (m (i an w s a)) a (u ai f f ab m af g (g f) f ab m af g (g f) ac e i m ai e af))))))))))))
A j (an (B C D E ab (F (w x (al s (I f (x k b)) e (J v K ag q (i n m ak (ad (v v) ak) l) (L M N z (O P d l s z n) b i (l w w (Q (d (t (m (i an w s a)) a (c w j (y t p) ai f f ab m af g (g f) f ab m af g (g f) ac e i m ai e af))))))))))))
A j (an (B C D E ab (F (w x (al s (I f (x k b)) e (J v K ag q (i n m ak (ad (v v) ak) l) (L M N z (O P d l s z n) b i (l w w (Q (d (t (m (i an w s a)) a (y u ae m al d (j ai) (ag f r) f ab m af g (g f) f ab m af g (g f) ac e i m ai e af))))))))))))
A j (an (B C D E ab (F (w x (al s (I f (x k b)) e (J v K ag q (i n m ak (ad (v v) ak) l) (L M N z (O P d l s z n) b i (l w w (Q (d (t (m (i an w s a)) a (u ai f f ab m af g (g f) f ab m af g (g f) f ab m af g (g f) ac e i m ai e af))))))))))))
A j (an (B C D E ab (F (w x (al s (I f (x k b)) e (J v K ag q (i n m ak (ad (v v) ak) l) (L M N z (O P d l s z n) b i (l w w (Q (d (t (m (i an w s a)) a (c w j (y t p) ai f f ab m af g (g f) f ab m af g (g f) f ab m af g (g f) ac e i m ai e af))))))))))))
A j (an (B C D E ab (F (w x (al s (I f (x k b)) e (J v K ag q (i n m ak (ad (v v) ak) l) (L M N z (O P d l s z n) b i (l w w (Q (d (t (m (i an w s a)) a (y u ae m al d (j ai) (ag f r) f ab m af g (g f) f ab m af g (g f) f ab m af g (g f) ac e i m ai e af))))))))))))
A j (an (B C D E ab (F (w x (al s (I f (x k b)) e (J v K ag q (i n m ak (ad (v v) ak) l) (L M N z (O P d l s z n) b i (l w w (Q (d (t (m (i an w s a)) a (u ai f f ab m af g (g f) f ab m af g (g f) f ab m af g (g f) f ab m af g (g f) ac e i m ai e af))))))))))))
A j (an (B C D E ab (F (w x (al s (I f (x k b)) e (J v K ag q (i n m ak (ad (v v) ak) l) (L M N z (O P d l s z n) b i (l w w (Q (d (t (m (i an w s a)) a (c w j (y t p) ai f f ab m af g (g f) f ab m af g (g f) f ab m af g (g f) f ab m af g (g f) ac e i m ai e af))))))))))))
A j (an (B C D E ab (F (w x (al s (I f (x k b)) e (J v K ag q (i n m ak (ad (v v) ak) l) (L M N z (O P d l s z n) b i (l w w (Q (d (t (m (i an w s a)) a (y u ae m al d (j ai) (ag f r) f ab m af g (g f) f ab m af g (g f) f ab m af g (g f) f ab m af g (g f) ac e i m ai e af))))))))))))
A j (an (B C D E ab (F (w x (al s (I f (x k b)) e (J v K ag q (i n m ak (ad (v v) ak) l) (L M N z (O P d l s z n) b i (l w w (Q (d (t (m (i an w s a)) a (u ai f f ab m af g (g f) f ab m af g (g f) f ab m af g (g f) f ab m af g (g f) f ab m af g (g f) ac e i m ai e af))))))))))))
A j (an (B C D E ab (F (w x (al s (I f (x k b)) e (J v K ag q (i n m ak (ad (v v) ak) l) (L M N z (O P d l s z n) b i (l w w (Q (d (t (m (i an w s a)) a (c w j (y t p) ai f f ab m af g (g f) f ab m af g (g f) f ab m af g (g f) f ab m af g (g f) f ab m af g (g f) ac e i m ai e af))))))))))))
A j (an (B C D E ab (F (w x (al s (I f (x k b)) e (J v K ag q (i n m ak (ad (v v) ak) l) (L M N z (O P d l s z n) b i (l w w (Q (d (t (m (i an w s a)) a (y u ae m al d (j ai) (ag f r) f ab m af g (g f) f ab m af g (g f) f ab m af g (g f) f ab m af g (g f) f ab m af g (g f) ac e i m ai e af))))))))))))
A j (an (B C D E ab (F (w x (al s (I f (x k b)) e (J v K ag q (i n m ak (ad (v v) ak) l) (L M N z (O P d l s z n) b i (l w w (Q (d (t (m (i an w s a)) a (u ai f f ab m af g (g f) f ab m af g (g f) f ab m af g (g f) f ab m af g (g f) f ab m af g (g f) f ab m af g (g f) ac e i m ai e af))))))))))))
A j (an (B C D E ab (F (w x (al s (I f (x k b)) e (J v K ag q (i n m ak (ad (v v) ak) l) (L M N z (O P d l s z n) b i (l w w (Q (d (t (m (i an w s a)) a (c w j (y t p) ai f f ab m af g (g f) f ab m af g (g f) f ab m af g (g f) f ab m af g (g f) f ab m af g (g f) f ab m af g (g f) ac e i m ai e af))))))))))))
A j (an (B C D E ab (F (w x (al s (I f (x k b)) e (J v K ag q (i n m ak (ad (v v) ak) l) (L M N z (O P d l s z n) b i (l w w (Q (d (t (m (i an w s a)) a (y u ae m al d (j ai) (ag f r) f ab m af g (g f) f ab m af g (g f) f ab m af g (g f) f ab m af g (g f) f ab m af g (g f) f ab m af g (g f) ac e i m ai e af))))))))))))
A j (an (B C D E ab (F (w x (al s (I f (x k b)) e (J v K ag q (i n m ak (ad (v v) ak) l) (L M N z (O P d l s z n) b i (l w w (Q (d (t (m (i an w s a)) a (u ai f f ab m af g (g f) f ab m af g (g f) f ab m af g (g f) f ab m af g (g f) f ab m af g (g f) f ab m af g (g f) f ab m af g (g f) ac e i m ai e af))))))))))))
A j (an (B C D E ab (F (w x (al s (I f (x k b)) e (J v K ag q (i n m ak (ad (v v) ak) l) (L M N z (O P d l s z n) b i (l w w (Q (d (t (m (i an w s a)) a (c w j (y t p) ai f f ab m af g (g f) f ab m af g (g f) f ab m af g (g f) f ab m af g (g f) f ab m af g (g f) f ab m af g (g f) f ab m af g (g f) ac e i m ai e af))))))))))))
A j (an (B C D E ab (F (w x (al s (I f (x k b)) e (J v K ag q (i n m ak (ad (v v) ak) l) (L M N z (O P d l s z n) b i (l w w (Q (d (t (m (i an w s a)) a (y u ae m al d (j ai) (ag f r) f ab m af g (g f) f ab m af g (g f) f ab m af g (g f) f ab m af g (g f) f ab m af g (g f) f ab m af g (g f) f ab m af g (g f) ac e i m ai e af))))))))))))


