j ap ao = ap s r (o z an (a ac ai n b) aj)
ai ap at ar av aq ao au = z l ar ae ak an u ac (n (m w s) u)
t ap ao aq = m (b aa p w ai) (g h q m)
i ao ar aq ap at = d x ad l (ag ar ag d) e
s aq ao at ap ar = ak z f y e h an ak y
ae ao ap ar aq = f d n j (l t) t e
e ao = ad w i ao al (an y af n m z) am
h ar ao at ap aq = an e x ab at (ae y)
ag = z c x af (aa an q (af aj)) af n l
m ao = d ad b t d
ac ao ap ar at aq = an aa c i i y ag ae ag aq (y ae aq)
u ao = t q ao am b e i j g r
k av ar ao at aq au ap = a aa ac j (ai q ad x)
al aq ar ao at au ap = n ai (o aa b i) y t
y ar ap ao aq = p ap j h (z ar) t e al e
c ao = d (d f e) e ag (ae ae)
aa ar ap aq ao at = an p v b k aj
z = o (y (l e ad p g) ai t c)
ah ao = i (x r am d ai o) ad an an
x au at ap ao aq ar = o (b (ak ad s) m t)
p aq ao ap = aq am r s s n n l (r i) an ao
b ao ap = v l aa an (z a p) ak ah w ao (ab z)
ab aq ap ao ar at = b ad ai (m ag an (ae m ak ac))
an ao ap ar aq = r af i ao f u c m ac b
d au ar at ao aq ap = k a e
w ao = v r x (u (j aa j) ao t) ad
o aq ar ap au ao at = e j ac ae h v
ak ao aq ap = a z x y q t ap ai ad
r ap ar aq ao at = ap e
v ap au ao ar av at aq = q ak x ac ah ag m d i z
main = ad ae A B ah C D ab i E F o (G l H) aa I aa (J ac i) K L ae t M a z p am c (al p an ah) (s ai an ai af) N O z P x (Q am (ah an R j) v (S n) T U V W w h (X (Y (Z l z r ac aj AA AB f AC g (AD z ai k ac (s (w ak (AE AF AG v aa ak (i f al ah)) aj f c f) t d m ad s))))))
am = p k ab i q h x t z ac (e y j)
q ao ap = an ae ao a (e u m am)
aj = g w am (am ai (j g af) v) v p
l ar ap ao aq = ai af (c g a) h c x u
n ao ap = a al q (d g (v (am y am aa f ai)))
ad ao = ac (p (a (z a a b g h q ai b) g))
g ap aq au ao at ar = aa a (b h y ah ai) aa p m at
a ar aq ao at ap = n j k o t ap ao (ao b)
f ao ap = l ao an n n w m j d k x
af ao av ar au ap at aq = c ak (e (au o (d ah at l)) k u) x
------------------------------------------------------------
ad ae A B ah C D ab i E F o (G l H) aa I aa (J ac i) K L ae t M a z p am c (al p an ah) (s ai an ai af) N O z P x (Q am (ah an R j) v (S n) T U V W w h (X (Y (Z l z r ac aj AA AB f AC g (AD z ai k ac (s (w ak (AE AF AG v aa ak (i f al ah)) aj f c f) t d m ad s))))))
ac (p (a (z a a b g h q ai b) g)) A B ah C D ab i E F o (G l H) aa I aa (J ac i) K L ae t M a z p am c (al p an ah) (s ai an ai af) N O z P x (Q am (ah an R j) v (S n) T U V W w h (X (Y (Z l z r ac aj AA AB f AC g (AD z ai k ac (s (w ak (AE AF AG v aa ak (i f al ah)) aj f c f) t d m ad s))))))
an aa c i i y ag ae ag C (y ae C) D ab i E F o (G l H) aa I aa (J ac i) K L ae t M a z p am c (al p an ah) (s ai an ai af) N O z P x (Q am (ah an R j) v (S n) T U V W w h (X (Y (Z l z r ac aj AA AB f AC g (AD z ai k ac (s (w ak (AE AF AG v aa ak (i f al ah)) aj f c f) t d m ad s))))))
r af i aa f u c m ac b y ag ae ag C (y ae C) D ab i E F o (G l H) aa I aa (J ac i) K L ae t M a z p am c (al p an ah) (s ai an ai af) N O z P x (Q am (ah an R j) v (S n) T U V W w h (X (Y (Z l z r ac aj AA AB f AC g (AD z ai k ac (s (w ak (AE AF AG v aa ak (i f al ah)) aj f c f) t d m ad s))))))
af e c m ac b y ag ae ag C (y ae C) D ab i E F o (G l H) aa I aa (J ac i) K L ae t M a z p am c (al p an ah) (s ai an ai af) N O z P x (Q am (ah an R j) v (S n) T U V W w h (X (Y (Z l z r ac aj AA AB f AC g (AD z ai k ac (s (w ak (AE AF AG v aa ak (i f al ah)) aj f c f) t d m ad s))))))
c ak (e (ac o (d ah y l)) k u) x ae ag C (y ae C) D ab i E F o (G l H) aa I aa (J ac i) K L ae t M a z p am c (al p an ah) (s ai an ai af) N O z P x (Q am (ah an R j) v (S n) T U V W w h (X (Y (Z l z r ac aj AA AB f AC g (AD z ai k ac (s (w ak (AE AF AG v aa ak (i f al ah)) aj f c f) t d m ad s))))))
d (d f e) e ag (ae ae) (e (ac o (d ah y l)) k u) x ae ag C (y ae C) D ab i E F o (G l H) aa I aa (J ac i) K L ae t M a z p am c (al p an ah) (s ai an ai af) N O z P x (Q am (ah an R j) v (S n) T U V W w h (X (Y (Z l z r ac aj AA AB f AC g (AD z ai k ac (s (w ak (AE AF AG v aa ak (i f al ah)) aj f c f) t d m ad s))))))
k a e ae ag C (y ae C) D ab i E F o (G l H) aa I aa (J ac i) K L ae t M a z p am c (al p an ah) (s ai an ai af) N O z P x (Q am (ah an R j) v (S n) T U V W w h (X (Y (Z l z r ac aj AA AB f AC g (AD z ai k ac (s (w ak (AE AF AG v aa ak (i f al ah)) aj f c f) t d m ad s))))))
a aa ac j (ai q ad x) ab i E F o (G l H) aa I aa (J ac i) K L ae t M a z p am c (al p an ah) (s ai an ai af) N O z P x (Q am (ah an R j) v (S n) T U V W w h (X (Y (Z l z r ac aj AA AB f AC g (AD z ai k ac (s (w ak (AE AF AG v aa ak (i f al ah)) aj f c f) t d m ad s))))))
n j k o t ab j (j b) i E F o (G l H) aa I aa (J ac i) K L ae t M a z p am c (al p an ah) (s ai an ai af) N O z P x (Q am (ah an R j) v (S n) T U V W w h (X (Y (Z l z r ac aj AA AB f AC g (AD z ai k ac (s (w ak (AE AF AG v aa ak (i f al ah)) aj f c f) t d m ad s))))))
a al q (d g (v (am y am aa f ai))) o t ab j (j b) i E F o (G l H) aa I aa (J ac i) K L ae t M a z p am c (al p an ah) (s ai an ai af) N O z P x (Q am (ah an R j) v (S n) T U V W w h (X (Y (Z l z r ac aj AA AB f AC g (AD z ai k ac (s (w ak (AE AF AG v aa ak (i f al ah)) aj f c f) t d m ad s))))))
n j k o t t (d g (v (am y am aa f ai))) (d g (v (am y am aa f ai)) b) ab j (j b) i E F o (G l H) aa I aa (J ac i) K L ae t M a z p am c (al p an ah) (s ai an ai af) N O z P x (Q am (ah an R j) v (S n) T U V W w h (X (Y (Z l z r ac aj AA AB f AC g (AD z ai k ac (s (w ak (AE AF AG v aa ak (i f al ah)) aj f c f) t d m ad s))))))
a al q (d g (v (am y am aa f ai))) o t t (d g (v (am y am aa f ai))) (d g (v (am y am aa f ai)) b) ab j (j b) i E F o (G l H) aa I aa (J ac i) K L ae t M a z p am c (al p an ah) (s ai an ai af) N O z P x (Q am (ah an R j) v (S n) T U V W w h (X (Y (Z l z r ac aj AA AB f AC g (AD z ai k ac (s (w ak (AE AF AG v aa ak (i f al ah)) aj f c f) t d m ad s))))))
n j k o t t (d g (v (am y am aa f ai))) (d g (v (am y am aa f ai)) b) t (d g (v (am y am aa f ai))) (d g (v (am y am aa f ai)) b) ab j (j b) i E F o (G l H) aa I aa (J ac i) K L ae t M a z p am c (al p an ah) (s ai an ai af) N O z P x (Q am (ah an R j) v (S n) T U V W w h (X (Y (Z l z r ac aj AA AB f AC g (AD z ai k ac (s (w ak (AE AF AG v aa ak (i f al ah)) aj f c f) t d m ad s))))))
a al q (d g (v (am y am aa f ai))) o t t (d g (v (am y am aa f ai))) (d g (v (am y am aa f ai)) b) t (d g (v (am y am aa f ai))) (d g (v (am y am aa f ai)) b) ab j (j b) i E F o (G l H) aa I aa (J ac i) K L ae t M a z p am c (al p an ah) (s ai an ai af) N O z P x (Q am (ah an R j) v (S n) T U V W w h (X (Y (Z l z r ac aj AA AB f AC g (AD z ai k ac (s (w ak (AE AF AG v aa ak (i f al ah)) aj f c f) t d m ad s))))))
n j k o t t (d g (v (am y am aa f ai))) (d g (v (am y am aa f ai)) b) t (d g (v (am y am aa f ai))) (d g (v (am y am aa f ai)) b) t (d g (v (am y am aa f ai))) (d g (v (am y am aa f ai)) b) ab j (j b) i E F o (G l H) aa I aa (J ac i) K L ae t M a z p am c (al p an ah) (s ai an ai af) N O z P x (Q am (ah an R j) v (S n) T U V W w h (X (Y (Z l z r ac aj AA AB f AC g (AD z ai k ac (s (w ak (AE AF AG v aa ak (i f al ah)) aj f c f) t d m ad s))))))
a al q (d g (v (am y am aa f ai))) o t t (d g (v (am y am aa f ai))) (d g (v (am y am aa f ai)) b) t (d g (v (am y am aa f ai))) (d g (v (am y am aa f ai)) b) t (d g (v (am y am aa f ai))) (d g (v (am y am aa f ai)) b) ab j (j b) i E F o (G l H) aa I aa (J ac i) K L ae t M a z p am c (al p an ah) (s ai an ai af) N O z P x (Q am (ah an R j) v (S n) T U V W w h (X (Y (Z l z r ac aj AA AB f AC g (AD z ai k ac (s (w ak (AE AF AG v aa ak (i f al ah)) aj f c f) t d m ad s))))))
n j k o t t (d g (v (am y am aa f ai))) (d g (v (am y am aa f ai)) b) t (d g (v (am y am aa f ai))) (d g (v (am y am aa f ai)) b) t (d g (v (am y am aa f ai))) (d g (v (am y am aa f ai)) b) t (d g (v (am y am aa f ai))) (d g (v (am y am aa f ai)) b) ab j (j b) i E F o (G l H) aa I aa (J ac i) K L ae t M a z p am c (al p an ah) (s ai an ai af) N O z P x (Q am (ah an R j) v (S n) T U V W w h (X (Y (Z l z r ac aj AA AB f AC g (AD z ai k ac (s (w ak (AE AF AG v aa ak (i f al ah)) aj f c f) t d m ad s))))))
a al q (d g (v (am y am aa f ai))) o t t (d g (v (am y am aa f ai))) (d g (v (am y am aa f ai)) b) t (d g (v (am y am aa f ai))) (d g (v (am y am aa f ai)) b) t (d g (v (am y am aa f ai))) (d g (v (am y am aa f ai)) b) t (d g (v (am y am aa f ai))) (d g (v (am y am aa f ai)) b) ab j (j b) i E F o (G l H) aa I aa (J ac i) K L ae t M a z p am c (al p an ah) (s ai an ai af) N O z P x (Q am (ah an R j) v (S n) T U V W w h (X (Y (Z l z r ac aj AA AB f AC g (AD z ai k ac (s (w ak (AE AF AG v aa ak (i f al ah)) aj f c f) t d m ad s))))))
n j k o t t (d g (v (am y am aa f ai))) (d g (v (am y am aa f ai)) b) t (d g (v (am y am aa f ai))) (d g (v (am y am aa f ai)) b) t (d g (v (am y am aa f ai))) (d g (v (am y am aa f ai)) b) t (d g (v (am y am aa f ai))) (d g (v (am y am aa f ai)) b) t (d g (v (am y am aa f ai))) (d g (v (am y am aa f ai)) b) ab j (j b) i E F o (G l H) aa I aa (J ac i) K L ae t M a z p am c (al p an ah) (s ai an ai af) N O z P x (Q am (ah an R j) v (S n) T U V W w h (X (Y (Z l z r ac aj AA AB f AC g (AD z ai k ac (s (w ak (AE AF AG v aa ak (i f al ah)) aj f c f) t d m ad s))))))
a al q (d g (v (am y am aa f ai))) o t t (d g (v (am y am aa f ai))) (d g (v (am y am aa f ai)) b) t (d g (v (am y am aa f ai))) (d g (v (am y am aa f ai)) b) t (d g (v (am y am aa f ai))) (d g (v (am y am aa f ai)) b) t (d g (v (am y am aa f ai))) (d g (v (am y am aa f ai)) b) t (d g (v (am y am aa f ai))) (d g (v (am y am aa f ai)) b) ab j (j b) i E F o (G l H) aa I aa (J ac i) K L ae t M a z p am c (al p an ah) (s ai an ai af) N O z P x (Q am (ah an R j) v (S n) T U V W w h (X (Y (Z l z r ac aj AA AB f AC g (AD z ai k ac (s (w ak (AE AF AG v aa ak (i f al ah)) aj f c f) t d m ad s))))))
n j k o t t (d g (v (am y am aa f ai))) (d g (v (am y am aa f ai)) b) t (d g (v (am y am aa f ai))) (d g (v (am y am aa f ai)) b) t (d g (v (am y am aa f ai))) (d g (v (am y am aa f ai)) b) t (d g (v (am y am aa f ai))) (d g (v (am y am aa f ai)) b) t (d g (v (am y am aa f ai))) (d g (v (am y am aa f ai)) b) t (d g (v (am y am aa f ai))) (d g (v (am y am aa f ai)) b) ab j (j b) i E F o (G l H) aa I aa (J ac i) K L ae t M a z p am c (al p an ah) (s ai an ai af) N O z P x (Q am (ah an R j) v (S n) T U V W w h (X (Y (Z l z r ac aj AA AB f AC g (AD z ai k ac (s (w ak (AE AF AG v aa ak (i f al ah)) aj f c f) t d m ad s))))))
a al q (d g (v (am y am aa f ai))) o t t (d g (v (am y am aa f ai))) (d g (v (am y am aa f ai)) b) t (d g (v (am y am aa f ai))) (d g (v (am y am aa f ai)) b) t (d g (v (am y am aa f ai))) (d g (v (am y am aa f ai)) b) t (d g (v (am y am aa f ai))) (d g (v (am y am aa f ai)) b) t (d g (v (am y am aa f ai))) (d g (v (am y am aa f ai)) b) t (d g (v (am y am aa f ai))) (d g (v (am y am aa f ai)) b) ab j (j b) i E F o (G l H) aa I aa (J ac i) K L ae t M a z p am c (al p an ah) (s ai an ai af) N O z P x (Q am (ah an R j) v (S n) T U V W w h (X (Y (Z l z r ac aj AA AB f AC g (AD z ai k ac (s (w ak (AE AF AG v aa ak (i f al ah)) aj f c f) t d m ad s))))))
n j k o t t (d g (v (am y am aa f ai))) (d g (v (am y am aa f ai)) b) t (d g (v (am y am aa f ai))) (d g (v (am y am aa f ai)) b) t (d g (v (am y am aa f ai))) (d g (v (am y am aa f ai)) b) t (d g (v (am y am aa f ai))) (d g (v (am y am aa f ai)) b) t (d g (v (am y am aa f ai))) (d g (v (am y am aa f ai)) b) t (d g (v (am y am aa f ai))) (d g (v (am y am aa f ai)) b) t (d g (v (am y am aa f ai))) (d g (v (am y am aa f ai)) b) ab j (j b) i E F o (G l H) aa I aa (J ac i) K L ae t M a z p am c (al p an ah) (s ai an ai af) N O z P x (Q am (ah an R j) v (S n) T U V W w h (X (Y (Z l z r ac aj AA AB f AC g (AD z ai k ac (s (w ak (AE AF AG v aa ak (i f al ah)) aj f c f) t d m ad s))))))
a al q (d g (v (am y am aa f ai))) o t t (d g (v (am y am aa f ai))) (d g (v (am y am aa f ai)) b) t (d g (v (am y am aa f ai))) (d g (v (am y am aa f ai)) b) t (d g (v (am y am aa f ai))) (d g (v (am y am aa f ai)) b) t (d g (v (am y am aa f ai))) (d g (v (am y am aa f ai)) b) t (d g (v (am y am aa f ai))) (d g (v (am y am aa f ai)) b) t (d g (v (am y am aa f ai))) (d g (v (am y am aa f ai)) b) t (d g (v (am y am aa f ai))) (d g (v (am y am aa f ai)) b) ab j (j b) i E F o (G l H) aa I aa (J ac i) K L ae t M a z p am c (al p an ah) (s ai an ai af) N O z P x (Q am (ah an R j) v (S n) T U V W w h (X (Y (Z l z r ac aj AA AB f AC g (AD z ai k ac (s (w ak (AE AF AG v aa ak (i f al ah)) aj f c f) t d m ad s))))))
n j k o t t (d g (v (am y am aa f ai))) (d g (v (am y am aa f ai)) b) t (d g (v (am y am aa f ai))) (d g (v (am y am aa f ai)) b) t (d g (v (am y am aa f ai))) (d g (v (am y am aa f ai)) b) t (d g (v (am y am aa f ai))) (d g (v (am y am aa f ai)) b) t (d g (v (am y am aa f ai))) (d g (v (am y am aa f ai)) b) t (d g (v (am y am aa f ai))) (d g (v (am y am aa f ai)) b) t (d g (v (am y am aa f ai))) (d g (v (am y am aa f ai)) b) t (d g (v (am y am aa f ai))) (d g (v (am y am aa f ai)) b) ab j (j b) i E F o (G l H) aa I aa (J ac i) K L ae t M a z p am c (al p an ah) (s ai an ai af) N O z P x (Q am (ah an R j) v (S n) T U V W w h (X (Y (Z l z r ac aj AA AB f AC g (AD z ai k ac (s (w ak (AE AF AG v aa ak (i f al ah)) aj f c f) t d m ad s))))))
a al q (d g (v (am y am aa f ai))) o t t (d g (v (am y am aa f ai))) (d g (v (am y am aa f ai)) b) t (d g (v (am y am aa f ai))) (d g (v (am y am aa f ai)) b) t (d g (v (am y am aa f ai))) (d g (v (am y am aa f ai)) b) t (d g (v (am y am aa f ai))) (d g (v (am y am aa f ai)) b) t (d g (v (am y am aa f ai))) (d g (v (am y am aa f ai)) b) t (d g (v (am y am aa f ai))) (d g (v (am y am aa f ai)) b) t (d g (v (am y am aa f ai))) (d g (v (am y am aa f ai)) b) t (d g (v (am y am aa f ai))) (d g (v (am y am aa f ai)) b) ab j (j b) i E F o (G l H) aa I aa (J ac i) K L ae t M a z p am c (al p an ah) (s ai an ai af) N O z P x (Q am (ah an R j) v (S n) T U V W w h (X (Y (Z l z r ac aj AA AB f AC g (AD z ai k ac (s (w ak (AE AF AG v aa ak (i f al ah)) aj f c f) t d m ad s))))))
n j k o t t (d g (v (am y am aa f ai))) (d g (v (am y am aa f ai)) b) t (d g (v (am y am aa f ai))) (d g (v (am y am aa f ai)) b) t (d g (v (am y am aa f ai))) (d g (v (am y am aa f ai)) b) t (d g (v (am y am aa f ai))) (d g (v (am y am aa f ai)) b) t (d g (v (am y am aa f ai))) (d g (v (am y am aa f ai)) b) t (d g (v (am y am aa f ai))) (d g (v (am y am aa f ai)) b) t (d g (v (am y am aa f ai))) (d g (v (am y am aa f ai)) b) t (d g (v (am y am aa f ai))) (d g (v (am y am aa f ai)) b) t (d g (v (am y am aa f ai))) (d g (v (am y am aa f ai)) b) ab j (j b) i E F o (G l H) aa I aa (J ac i) K L ae t M a z p am c (al p an ah) (s ai an ai af) N O z P x (Q am (ah an R j) v (S n) T U V W w h (X (Y (Z l z r ac aj AA AB f AC g (AD z ai k ac (s (w ak (AE AF AG v aa ak (i f al ah)) aj f c f) t d m ad s))))))
a al q (d g (v (am y am aa f ai))) o t t (d g (v (am y am aa f ai))) (d g (v (am y am aa f ai)) b) t (d g (v (am y am aa f ai))) (d g (v (am y am aa f ai)) b) t (d g (v (am y am aa f ai))) (d g (v (am y am aa f ai)) b) t (d g (v (am y am aa f ai))) (d g (v (am y am aa f ai)) b) t (d g (v (am y am aa f ai))) (d g (v (am y am aa f ai)) b) t (d g (v (am y am aa f ai))) (d g (v (am y am aa f ai)) b) t (d g (v (am y am aa f ai))) (d g (v (am y am aa f ai)) b) t (d g (v (am y am aa f ai))) (d g (v (am y am aa f ai)) b) t (d g (v (am y am aa f ai))) (d g (v (am y am aa f ai)) b) ab j (j b) i E F o (G l H) aa I aa (J ac i) K L ae t M a z p am c (al p an ah) (s ai an ai af) N O z P x (Q am (ah an R j) v (S n) T U V W w h (X (Y (Z l z r ac aj AA AB f AC g (AD z ai k ac (s (w ak (AE AF AG v aa ak (i f al ah)) aj f c f) t d m ad s))))))
n j k o t t (d g (v (am y am aa f ai))) (d g (v (am y am aa f ai)) b) t (d g (v (am y am aa f ai))) (d g (v (am y am aa f ai)) b) t (d g (v (am y am aa f ai))) (d g (v (am y am aa f ai)) b) t (d g (v (am y am aa f ai))) (d g (v (am y am aa f ai)) b) t (d g (v (am y am aa f ai))) (d g (v (am y am aa f ai)) b) t (d g (v (am y am aa f ai))) (d g (v (am y am aa f ai)) b) t (d g (v (am y am aa f ai))) (d g (v (am y am aa f ai)) b) t (d g (v (am y am aa f ai))) (d g (v (am y am aa f ai)) b) t (d g (v (am y am aa f ai))) (d g (v (am y am aa f ai)) b) t (d g (v (am y am aa f ai))) (d g (v (am y am aa f ai)) b) ab j (j b) i E F o (G l H) aa I aa (J ac i) K L ae t M a z p am c (al p an ah) (s ai an ai af) N O z P x (Q am (ah an R j) v (S n) T U V W w h (X (Y (Z l z r ac aj AA AB f AC g (AD z ai k ac (s (w ak (AE AF AG v aa ak (i f al ah)) aj f c f) t d m ad s))))))


