am ao at ar au ap aq f (h j (v q g f) (ah (m ai ad k f)))
e ao ap f (n b n (ap al w q))
main A ah aa v B o C D an ac g j af E F G H ae g d g b i y I J K f (ag f al (e l (m ab) g aa h) i l (y L s x M x x (N n (m (O P ac b k i (Q al ak) aa)) (s g (R c (S (j b T y o l (z (al (U V m (W al (n r)) a u q s z) (X Y o c) f e a n) Z f af l) aa ak o)))))))
ah an aj l q (k af z f f) h ab ag q
ab ar ap ao at aq i ak
ad ao ab l (z aa al x e an (e aj) (ai q am))
aa ao f al x u l r h
aj aq ar ap at ao u u
r at aq ar ao ap d aa k am ag
u ap ar ao aq al (g ak g (z (l ap (t y) p s v)))
al ao w ae ao a (m y (aa g w q af o r))
g ap ao aq ao o e (aa ah ao) a q
l aq ap ao ar at am b (o af an aa) s (af a i ap)
af av aq ao au ar ap at ae f w ak h ar ab v
i ae p (al w al)
j ar av au aq at ao ap p (at ag ai r ag w) (ah q z)
s ao ap al
t at ar ap aq ao s q ap al q (u l f ai ae ac) ab
b ap aq ao aj f f an p (u aq (y ap ap))
y ao aq ap ar au at ae d (l ao k (ae an (d m s v g ab)))
v ap ao z g b an (e ak) af c
o at ao ar ap aq at (a ah (d k ao) y ar n)
n ao m j ag w (u ao r ae) x (l m k aa)
a ao ap aq ar at ab ac d aj ah ae ah ao k aq o y
z ap aq ao ag r ao v ag ab ak (ai (ab g) (q r) h)
k ar ap av ao aq at au d ag w s x (p (at v i i d) f at)
an ap ao aq b m aa (h aa t af ac ac y ac f)
p ao ap am d an x q (ad ab ao) o d (q aa ap)
f ao at ar ap aq al s am
q ao aq au ap at ar ao t ac (ar c x y)
w ao a i (al o al d) (d q)
h ao ap aq t ae k (ag m af ao b)
x m a aa f w ah ah al k k
m b h (y r) (an p d) af i i
ak ao ap l a am ap v x ap (ap (ah ai) s)
ag aq ao ap w y c p ab v (s aa e an y)
c aq ar ao ap aq m aj p an ae ai ac
ac at au ap ao aq ar u ag (e aj ak ae (ad i h ai v))
d aq ap ar au at ao av w (j ag m y u aq aj al f) q
ae ao p (ao v an) (z (af s ad)) ao ab j
ai ao at ar aq ap h (c n aj (v ab) v f (g v ah e q))
------------------------------------------------------------
A ah aa v B o C D an ac g j af E F G H ae g d g b i y I J K f (ag f al (e l (m ab) g aa h) i l (y L s x M x x (N n (m (O P ac b k i (Q al ak) aa)) (s g (R c (S (j b T y o l (z (al (U V m (W al (n r)) a u q s z) (X Y o c) f e a n) Z f af l) aa ak o)))))))
A ah aa v B o C D an ac g j af E F G H ae g d g b i y I J K f (w y c p ab v (s aa e an y) i l (y L s x M x x (N n (m (O P ac b k i (Q al ak) aa)) (s g (R c (S (j b T y o l (z (al (U V m (W al (n r)) a u q s z) (X Y o c) f e a n) Z f af l) aa ak o)))))))
A ah aa v B o C D an ac g j af E F G H ae g d g b i y I J K f (a i (al o al d) (d q) c p ab v (s aa e an y) i l (y L s x M x x (N n (m (O P ac b k i (Q al ak) aa)) (s g (R c (S (j b T y o l (z (al (U V m (W al (n r)) a u q s z) (X Y o c) f e a n) Z f af l) aa ak o)))))))
A ah aa v B o C D an ac g j af E F G H ae g d g b i y I J K f (ab ac d aj ah ae ah i k (d q) o y ab v (s aa e an y) i l (y L s x M x x (N n (m (O P ac b k i (Q al ak) aa)) (s g (R c (S (j b T y o l (z (al (U V m (W al (n r)) a u q s z) (X Y o c) f e a n) Z f af l) aa ak o)))))))
A ah aa v B o C D an ac g j af E F G H ae g d g b i y I J K f (i ak ah i k (d q) o y ab v (s aa e an y) i l (y L s x M x x (N n (m (O P ac b k i (Q al ak) aa)) (s g (R c (S (j b T y o l (z (al (U V m (W al (n r)) a u q s z) (X Y o c) f e a n) Z f af l) aa ak o)))))))
A ah aa v B o C D an ac g j af E F G H ae g d g b i y I J K f (ae p (al w al) ak ah i k (d q) o y ab v (s aa e an y) i l (y L s x M x x (N n (m (O P ac b k i (Q al ak) aa)) (s g (R c (S (j b T y o l (z (al (U V m (W al (n r)) a u q s z) (X Y o c) f e a n) Z f af l) aa ak o)))))))
A ah aa v B o C D an ac g j af E F G H ae g d g b i y I J K f (p (p v an) (z (af s ad)) p ab j (al w al) ak ah i k (d q) o y ab v (s aa e an y) i l (y L s x M x x (N n (m (O P ac b k i (Q al ak) aa)) (s g (R c (S (j b T y o l (z (al (U V m (W al (n r)) a u q s z) (X Y o c) f e a n) Z f af l) aa ak o)))))))
A ah aa v B o C D an ac g j af E F G H ae g d g b i y I J K f (am d an x q (ad ab (p v an)) o d (q aa (z (af s ad))) p ab j (al w al) ak ah i k (d q) o y ab v (s aa e an y) i l (y L s x M x x (N n (m (O P ac b k i (Q al ak) aa)) (s g (R c (S (j b T y o l (z (al (U V m (W al (n r)) a u q s z) (X Y o c) f e a n) Z f af l) aa ak o)))))))
A ah aa v B o C D an ac g j af E F G H ae g d g b i y I J K f (f (h j (v q g f) (ah (m ai ad k f))) d (q aa (z (af s ad))) p ab j (al w al) ak ah i k (d q) o y ab v (s aa e an y) i l (y L s x M x x (N n (m (O P ac b k i (Q al ak) aa)) (s g (R c (S (j b T y o l (z (al (U V m (W al (n r)) a u q s z) (X Y o c) f e a n) Z f af l) aa ak o)))))))
A ah aa v B o C D an ac g j af E F G H ae g d g b i y I J K f (al s am j (al w al) ak ah i k (d q) o y ab v (s aa e an y) i l (y L s x M x x (N n (m (O P ac b k i (Q al ak) aa)) (s g (R c (S (j b T y o l (z (al (U V m (W al (n r)) a u q s z) (X Y o c) f e a n) Z f af l) aa ak o)))))))
A ah aa v B o C D an ac g j af E F G H ae g d g b i y I J K f (w ae s a (m y (aa g w q af o r)) am j (al w al) ak ah i k (d q) o y ab v (s aa e an y) i l (y L s x M x x (N n (m (O P ac b k i (Q al ak) aa)) (s g (R c (S (j b T y o l (z (al (U V m (W al (n r)) a u q s z) (X Y o c) f e a n) Z f af l) aa ak o)))))))
A ah aa v B o C D an ac g j af E F G H ae g d g b i y I J K f (a i (al o al d) (d q) s a (m y (aa g w q af o r)) am j (al w al) ak ah i k (d q) o y ab v (s aa e an y) i l (y L s x M x x (N n (m (O P ac b k i (Q al ak) aa)) (s g (R c (S (j b T y o l (z (al (U V m (W al (n r)) a u q s z) (X Y o c) f e a n) Z f af l) aa ak o)))))))
A ah aa v B o C D an ac g j af E F G H ae g d g b i y I J K f (ab ac d aj ah ae ah i k (d q) o y (m y (aa g w q af o r)) am j (al w al) ak ah i k (d q) o y ab v (s aa e an y) i l (y L s x M x x (N n (m (O P ac b k i (Q al ak) aa)) (s g (R c (S (j b T y o l (z (al (U V m (W al (n r)) a u q s z) (X Y o c) f e a n) Z f af l) aa ak o)))))))
A ah aa v B o C D an ac g j af E F G H ae g d g b i y I J K f (i ak ah i k (d q) o y (m y (aa g w q af o r)) am j (al w al) ak ah i k (d q) o y ab v (s aa e an y) i l (y L s x M x x (N n (m (O P ac b k i (Q al ak) aa)) (s g (R c (S (j b T y o l (z (al (U V m (W al (n r)) a u q s z) (X Y o c) f e a n) Z f af l) aa ak o)))))))
A ah aa v B o C D an ac g j af E F G H ae g d g b i y I J K f (ae p (al w al) ak ah i k (d q) o y (m y (aa g w q af o r)) am j (al w al) ak ah i k (d q) o y ab v (s aa e an y) i l (y L s x M x x (N n (m (O P ac b k i (Q al ak) aa)) (s g (R c (S (j b T y o l (z (al (U V m (W al (n r)) a u q s z) (X Y o c) f e a n) Z f af l) aa ak o)))))))
A ah aa v B o C D an ac g j af E F G H ae g d g b i y I J K f (p (p v an) (z (af s ad)) p ab j (al w al) ak ah i k (d q) o y (m y (aa g w q af o r)) am j (al w al) ak ah i k (d q) o y ab v (s aa e an y) i l (y L s x M x x (N n (m (O P ac b k i (Q al ak) aa)) (s g (R c (S (j b T y o l (z (al (U V m (W al (n r)) a u q s z) (X Y o c) f e a n) Z f af l) aa ak o)))))))
A ah aa v B o C D an ac g j af E F G H ae g d g b i y I J K f (am d an x q (ad ab (p v an)) o d (q aa (z (af s ad))) p ab j (al w al) ak ah i k (d q) o y (m y (aa g w q af o r)) am j (al w al) ak ah i k (d q) o y ab v (s aa e an y) i l (y L s x M x x (N n (m (O P ac b k i (Q al ak) aa)) (s g (R c (S (j b T y o l (z (al (U V m (W al (n r)) a u q s z) (X Y o c) f e a n) Z f af l) aa ak o)))))))
A ah aa v B o C D an ac g j af E F G H ae g d g b i y I J K f (f (h j (v q g f) (ah (m ai ad k f))) d (q aa (z (af s ad))) p ab j (al w al) ak ah i k (d q) o y (m y (aa g w q af o r)) am j (al w al) ak ah i k (d q) o y ab v (s aa e an y) i l (y L s x M x x (N n (m (O P ac b k i (Q al ak) aa)) (s g (R c (S (j b T y o l (z (al (U V m (W al (n r)) a u q s z) (X Y o c) f e a n) Z f af l) aa ak o)))))))
A ah aa v B o C D an ac g j af E F G H ae g d g b i y I J K f (al s am j (al w al) ak ah i k (d q) o y (m y (aa g w q af o r)) am j (al w al) ak ah i k (d q) o y ab v (s aa e an y) i l (y L s x M x x (N n (m (O P ac b k i (Q al ak) aa)) (s g (R c (S (j b T y o l (z (al (U V m (W al (n r)) a u q s z) (X Y o c) f e a n) Z f af l) aa ak o)))))))
A ah aa v B o C D an ac g j af E F G H ae g d g b i y I J K f (w ae s a (m y (aa g w q af o r)) am j (al w al) ak ah i k (d q) o y (m y (aa g w q af o r)) am j (al w al) ak ah i k (d q) o y ab v (s aa e an y) i l (y L s x M x x (N n (m (O P ac b k i (Q al ak) aa)) (s g (R c (S (j b T y o l (z (al (U V m (W al (n r)) a u q s z) (X Y o c) f e a n) Z f af l) aa ak o)))))))
A ah aa v B o C D an ac g j af E F G H ae g d g b i y I J K f (a i (al o al d) (d q) s a (m y (aa g w q af o r)) am j (al w al) ak ah i k (d q) o y (m y (aa g w q af o r)) am j (al w al) ak ah i k (d q) o y ab v (s aa e an y) i l (y L s x M x x (N n (m (O P ac b k i (Q al ak) aa)) (s g (R c (S (j b T y o l (z (al (U V m (W al (n r)) a u q s z) (X Y o c) f e a n) Z f af l) aa ak o)))))))
A ah aa v B o C D an ac g j af E F G H ae g d g b i y I J K f (ab ac d aj ah ae ah i k (d q) o y (m y (aa g w q af o r)) am j (al w al) ak ah i k (d q) o y (m y (aa g w q af o r)) am j (al w al) ak ah i k (d q) o y ab v (s aa e an y) i l (y L s x M x x (N n (m (O P ac b k i (Q al ak) aa)) (s g (R c (S (j b T y o l (z (al (U V m (W al (n r)) a u q s z) (X Y o c) f e a n) Z f af l) aa ak o)))))))
A ah aa v B o C D an ac g j af E F G H ae g d g b i y I J K f (i ak ah i k (d q) o y (m y (aa g w q af o r)) am j (al w al) ak ah i k (d q) o y (m y (aa g w q af o r)) am j (al w al) ak ah i k (d q) o y ab v (s aa e an y) i l (y L s x M x x (N n (m (O P ac b k i (Q al ak) aa)) (s g (R c (S (j b T y o l (z (al (U V m (W al (n r)) a u q s z) (X Y o c) f e a n) Z f af l) aa ak o)))))))
A ah aa v B o C D an ac g j af E F G H ae g d g b i y I J K f (ae p (al w al) ak ah i k (d q) o y (m y (aa g w q af o r)) am j (al w al) ak ah i k (d q) o y (m y (aa g w q af o r)) am j (al w al) ak ah i k (d q) o y ab v (s aa e an y) i l (y L s x M x x (N n (m (O P ac b k i (Q al ak) aa)) (s g (R c (S (j b T y o l (z (al (U V m (W al (n r)) a u q s z) (X Y o c) f e a n) Z f af l) aa ak o)))))))
A ah aa v B o C D an ac g j af E F G H ae g d g b i y I J K f (p (p v an) (z (af s ad)) p ab j (al w al) ak ah i k (d q) o y (m y (aa g w q af o r)) am j (al w al) ak ah i k (d q) o y (m y (aa g w q af o r)) am j (al w al) ak ah i k (d q) o y ab v (s aa e an y) i l (y L s x M x x (N n (m (O P ac b k i (Q al ak) aa)) (s g (R c (S (j b T y o l (z (al (U V m (W al (n r)) a u q s z) (X Y o c) f e a n) Z f af l) aa ak o)))))))
A ah aa v B o C D an ac g j af E F G H ae g d g b i y I J K f (am d an x q (ad ab (p v an)) o d (q aa (z (af s ad))) p ab j (al w al) ak ah i k (d q) o y (m y (aa g w q af o r)) am j (al w al) ak ah i k (d q) o y (m y (aa g w q af o r)) am j (al w al) ak ah i k (d q) o y ab v (s aa e an y) i l (y L s x M x x (N n (m (O P ac b k i (Q al ak) aa)) (s g (R c (S (j b T y o l (z (al (U V m (W al (n r)) a u q s z) (X Y o c) f e a n) Z f af l) aa ak o)))))))
A ah aa v B o C D an ac g j af E F G H ae g d g b i y I J K f (f (h j (v q g f) (ah (m ai ad k f))) d (q aa (z (af s ad))) p ab j (al w al) ak ah i k (d q) o y (m y (aa g w q af o r)) am j (al w al) ak ah i k (d q) o y (m y (aa g w q af o r)) am j (al w al) ak ah i k (d q) o y ab v (s aa e an y) i l (y L s x M x x (N n (m (O P ac b k i (Q al ak) aa)) (s g (R c (S (j b T y o l (z (al (U V m (W al (n r)) a u q s z) (X Y o c) f e a n) Z f af l) aa ak o)))))))
A ah aa v B o C D an ac g j af E F G H ae g d g b i y I J K f (al s am j (al w al) ak ah i k (d q) o y (m y (aa g w q af o r)) am j (al w al) ak ah i k (d q) o y (m y (aa g w q af o r)) am j (al w al) ak ah i k (d q) o y ab v (s aa e an y) i l (y L s x M x x (N n (m (O P ac b k i (Q al ak) aa)) (s g (R c (S (j b T y o l (z (al (U V m (W al (n r)) a u q s z) (X Y o c) f e a n) Z f af l) aa ak o)))))))
A ah aa v B o C D an ac g j af E F G H ae g d g b i y I J K f (w ae s a (m y (aa g w q af o r)) am j (al w al) ak ah i k (d q) o y (m y (aa g w q af o r)) am j (al w al) ak ah i k (d q) o y (m y (aa g w q af o r)) am j (al w al) ak ah i k (d q) o y ab v (s aa e an y) i l (y L s x M x x (N n (m (O P ac b k i (Q al ak) aa)) (s g (R c (S (j b T y o l (z (al (U V m (W al (n r)) a u q s z) (X Y o c) f e a n) Z f af l) aa ak o)))))))
A ah aa v B o C D an ac g j af E F G H ae g d g b i y I J K f (a i (al o al d) (d q) s a (m y (aa g w q af o r)) am j (al w al) ak ah i k (d q) o y (m y (aa g w q af o r)) am j (al w al) ak ah i k (d q) o y (m y (aa g w q af o r)) am j (al w al) ak ah i k (d q) o y ab v (s aa e an y) i l (y L s x M x x (N n (m (O P ac b k i (Q al ak) aa)) (s g (R c (S (j b T y o l (z (al (U V m (W al (n r)) a u q s z) (X Y o c) f e a n) Z f af l) aa ak o)))))))


