ab ar ao ap aq = q ap d r aq (x e t a al am j)
u = am w ac a ae ae s d (ag g) ah c
a ao ap = z n ap i t ah (b ae (am ad g))
e ap aq ao = ad an l (ap (m (q f b ab ak) h n ac))
j ar at av aq ap au ao = aa ac (a u ar) x o
ag ao av at aq au ap ar = aq (k r h n af y)
ah aq ap ar ao at = e (k (j (ai af y i v ak j)))
l aq ap ao = g o (u h am x)
ad aq ap ao = ab j t t n o (ao w (ao y ac z ap))
z ao ap = h (u ad) (al af o ak (ah ag m n))
g aq ao at ap ar = r (s (ad b w aa))
main = A B p v C aa D m p t E m al al e (ad q y (u a) o (ag q p e (F (j G ai n (e w (H I J (v (K l) L l M aj (N O P Q l)) R ab ai u (s d) ak o u (S g (T a (s U V w (v c) m W ad (u y)) ae) p a (j X e al f (Y r am ac Z v) v an x (h AA) AB a g AC ad) ac) k m al n))))))
s ar aq ao ap = ae ak k ad ab ao k af (r v aa)
f aq ap ar at ao au = z z (ae ab i ab k s g ag at m)
w at aq ao ap ar = aa d (ab b ao t y ai (ai a h)) i
d ao aq ar ap = am r a ak x ak v z z ag aq
an ao ap aq = h aq ap (q ae) g af i
aa ap aq ar at ao = n s ak t i f ah ad m t x ae h
y = e j (l j ae am) aa p (aj ae al al q)
ac ao at ap ar aq = ar r (o z) ae
c ap ao aq = s ap ad (k z f ao g)
h ao at ar ap aq = af ai t an ar u n ab b
v ao ap = a a ac ae g
n ap aq ar ao = f am aj (g f b e p al) (ag aq g)
af = v (o s aa p a) d ac ab
k ao = t w
al = t h u (aj h)
m ao ap aq ar = al u q ar
i au ar ao ap av at aq = y j
q ap ao = o c (p af m aa i (j y m) aj)
t ao = k i r (w n) ao ao m u k
o ao au ap ar aq at = e ac c v m ap
ak ap ar aq at ao = g h c j q (q m k d k) at
x at ar ap ao au aq = l (r (an n (an t w s al) ag af ao ag))
am aq ap ao = i k (x q w) q (l c k y t)
ae ao ar aq ap = v af i j (v w a)
r ao = e o (ak ac ag n)
b ap ar av at aq ao au = i s f ad
ai ar au av at ap ao aq = r m am ad n q an o f o
aj = an ad w ab am t a h
p ao = aa b ao
------------------------------------------------------------
A B p v C aa D m p t E m al al e (ad q y (u a) o (ag q p e (F (j G ai n (e w (H I J (v (K l) L l M aj (N O P Q l)) R ab ai u (s d) ak o u (S g (T a (s U V w (v c) m W ad (u y)) ae) p a (j X e al f (Y r am ac Z v) v an x (h AA) AB a g AC ad) ac) k m al n))))))
A B p v C aa D m p t E m al al e (ab j t t n o (u a w (u a y ac z y)) o (ag q p e (F (j G ai n (e w (H I J (v (K l) L l M aj (N O P Q l)) R ab ai u (s d) ak o u (S g (T a (s U V w (v c) m W ad (u y)) ae) p a (j X e al f (Y r am ac Z v) v an x (h AA) AB a g AC ad) ac) k m al n))))))
A B p v C aa D m p t E m al al e (q t d r n (x e t a al am j) o (u a w (u a y ac z y)) o (ag q p e (F (j G ai n (e w (H I J (v (K l) L l M aj (N O P Q l)) R ab ai u (s d) ak o u (S g (T a (s U V w (v c) m W ad (u y)) ae) p a (j X e al f (Y r am ac Z v) v an x (h AA) AB a g AC ad) ac) k m al n))))))
A B p v C aa D m p t E m al al e (o c (p af m aa i (j y m) aj) r n (x e t a al am j) o (u a w (u a y ac z y)) o (ag q p e (F (j G ai n (e w (H I J (v (K l) L l M aj (N O P Q l)) R ab ai u (s d) ak o u (S g (T a (s U V w (v c) m W ad (u y)) ae) p a (j X e al f (Y r am ac Z v) v an x (h AA) AB a g AC ad) ac) k m al n))))))
A B p v C aa D m p t E m al al e (e ac c v m r (u a w (u a y ac z y)) o (ag q p e (F (j G ai n (e w (H I J (v (K l) L l M aj (N O P Q l)) R ab ai u (s d) ak o u (S g (T a (s U V w (v c) m W ad (u y)) ae) p a (j X e al f (Y r am ac Z v) v an x (h AA) AB a g AC ad) ac) k m al n))))))
A B p v C aa D m p t E m al al e (ad an l (ac (m (q f b ab ak) h n ac)) m r (u a w (u a y ac z y)) o (ag q p e (F (j G ai n (e w (H I J (v (K l) L l M aj (N O P Q l)) R ab ai u (s d) ak o u (S g (T a (s U V w (v c) m W ad (u y)) ae) p a (j X e al f (Y r am ac Z v) v an x (h AA) AB a g AC ad) ac) k m al n))))))
A B p v C aa D m p t E m al al e (ab j t t n o (ac (m (q f b ab ak) h n ac) w (ac (m (q f b ab ak) h n ac) y ac z l)) m r (u a w (u a y ac z y)) o (ag q p e (F (j G ai n (e w (H I J (v (K l) L l M aj (N O P Q l)) R ab ai u (s d) ak o u (S g (T a (s U V w (v c) m W ad (u y)) ae) p a (j X e al f (Y r am ac Z v) v an x (h AA) AB a g AC ad) ac) k m al n))))))
A B p v C aa D m p t E m al al e (q t d r n (x e t a al am j) o (ac (m (q f b ab ak) h n ac) w (ac (m (q f b ab ak) h n ac) y ac z l)) m r (u a w (u a y ac z y)) o (ag q p e (F (j G ai n (e w (H I J (v (K l) L l M aj (N O P Q l)) R ab ai u (s d) ak o u (S g (T a (s U V w (v c) m W ad (u y)) ae) p a (j X e al f (Y r am ac Z v) v an x (h AA) AB a g AC ad) ac) k m al n))))))
A B p v C aa D m p t E m al al e (o c (p af m aa i (j y m) aj) r n (x e t a al am j) o (ac (m (q f b ab ak) h n ac) w (ac (m (q f b ab ak) h n ac) y ac z l)) m r (u a w (u a y ac z y)) o (ag q p e (F (j G ai n (e w (H I J (v (K l) L l M aj (N O P Q l)) R ab ai u (s d) ak o u (S g (T a (s U V w (v c) m W ad (u y)) ae) p a (j X e al f (Y r am ac Z v) v an x (h AA) AB a g AC ad) ac) k m al n))))))
A B p v C aa D m p t E m al al e (e ac c v m r (ac (m (q f b ab ak) h n ac) w (ac (m (q f b ab ak) h n ac) y ac z l)) m r (u a w (u a y ac z y)) o (ag q p e (F (j G ai n (e w (H I J (v (K l) L l M aj (N O P Q l)) R ab ai u (s d) ak o u (S g (T a (s U V w (v c) m W ad (u y)) ae) p a (j X e al f (Y r am ac Z v) v an x (h AA) AB a g AC ad) ac) k m al n))))))
A B p v C aa D m p t E m al al e (ad an l (ac (m (q f b ab ak) h n ac)) m r (ac (m (q f b ab ak) h n ac) w (ac (m (q f b ab ak) h n ac) y ac z l)) m r (u a w (u a y ac z y)) o (ag q p e (F (j G ai n (e w (H I J (v (K l) L l M aj (N O P Q l)) R ab ai u (s d) ak o u (S g (T a (s U V w (v c) m W ad (u y)) ae) p a (j X e al f (Y r am ac Z v) v an x (h AA) AB a g AC ad) ac) k m al n))))))
A B p v C aa D m p t E m al al e (ab j t t n o (ac (m (q f b ab ak) h n ac) w (ac (m (q f b ab ak) h n ac) y ac z l)) m r (ac (m (q f b ab ak) h n ac) w (ac (m (q f b ab ak) h n ac) y ac z l)) m r (u a w (u a y ac z y)) o (ag q p e (F (j G ai n (e w (H I J (v (K l) L l M aj (N O P Q l)) R ab ai u (s d) ak o u (S g (T a (s U V w (v c) m W ad (u y)) ae) p a (j X e al f (Y r am ac Z v) v an x (h AA) AB a g AC ad) ac) k m al n))))))
A B p v C aa D m p t E m al al e (q t d r n (x e t a al am j) o (ac (m (q f b ab ak) h n ac) w (ac (m (q f b ab ak) h n ac) y ac z l)) m r (ac (m (q f b ab ak) h n ac) w (ac (m (q f b ab ak) h n ac) y ac z l)) m r (u a w (u a y ac z y)) o (ag q p e (F (j G ai n (e w (H I J (v (K l) L l M aj (N O P Q l)) R ab ai u (s d) ak o u (S g (T a (s U V w (v c) m W ad (u y)) ae) p a (j X e al f (Y r am ac Z v) v an x (h AA) AB a g AC ad) ac) k m al n))))))
A B p v C aa D m p t E m al al e (o c (p af m aa i (j y m) aj) r n (x e t a al am j) o (ac (m (q f b ab ak) h n ac) w (ac (m (q f b ab ak) h n ac) y ac z l)) m r (ac (m (q f b ab ak) h n ac) w (ac (m (q f b ab ak) h n ac) y ac z l)) m r (u a w (u a y ac z y)) o (ag q p e (F (j G ai n (e w (H I J (v (K l) L l M aj (N O P Q l)) R ab ai u (s d) ak o u (S g (T a (s U V w (v c) m W ad (u y)) ae) p a (j X e al f (Y r am ac Z v) v an x (h AA) AB a g AC ad) ac) k m al n))))))
A B p v C aa D m p t E m al al e (e ac c v m r (ac (m (q f b ab ak) h n ac) w (ac (m (q f b ab ak) h n ac) y ac z l)) m r (ac (m (q f b ab ak) h n ac) w (ac (m (q f b ab ak) h n ac) y ac z l)) m r (u a w (u a y ac z y)) o (ag q p e (F (j G ai n (e w (H I J (v (K l) L l M aj (N O P Q l)) R ab ai u (s d) ak o u (S g (T a (s U V w (v c) m W ad (u y)) ae) p a (j X e al f (Y r am ac Z v) v an x (h AA) AB a g AC ad) ac) k m al n))))))
A B p v C aa D m p t E m al al e (ad an l (ac (m (q f b ab ak) h n ac)) m r (ac (m (q f b ab ak) h n ac) w (ac (m (q f b ab ak) h n ac) y ac z l)) m r (ac (m (q f b ab ak) h n ac) w (ac (m (q f b ab ak) h n ac) y ac z l)) m r (u a w (u a y ac z y)) o (ag q p e (F (j G ai n (e w (H I J (v (K l) L l M aj (N O P Q l)) R ab ai u (s d) ak o u (S g (T a (s U V w (v c) m W ad (u y)) ae) p a (j X e al f (Y r am ac Z v) v an x (h AA) AB a g AC ad) ac) k m al n))))))
A B p v C aa D m p t E m al al e (ab j t t n o (ac (m (q f b ab ak) h n ac) w (ac (m (q f b ab ak) h n ac) y ac z l)) m r (ac (m (q f b ab ak) h n ac) w (ac (m (q f b ab ak) h n ac) y ac z l)) m r (ac (m (q f b ab ak) h n ac) w (ac (m (q f b ab ak) h n ac) y ac z l)) m r (u a w (u a y ac z y)) o (ag q p e (F (j G ai n (e w (H I J (v (K l) L l M aj (N O P Q l)) R ab ai u (s d) ak o u (S g (T a (s U V w (v c) m W ad (u y)) ae) p a (j X e al f (Y r am ac Z v) v an x (h AA) AB a g AC ad) ac) k m al n))))))
A B p v C aa D m p t E m al al e (q t d r n (x e t a al am j) o (ac (m (q f b ab ak) h n ac) w (ac (m (q f b ab ak) h n ac) y ac z l)) m r (ac (m (q f b ab ak) h n ac) w (ac (m (q f b ab ak) h n ac) y ac z l)) m r (ac (m (q f b ab ak) h n ac) w (ac (m (q f b ab ak) h n ac) y ac z l)) m r (u a w (u a y ac z y)) o (ag q p e (F (j G ai n (e w (H I J (v (K l) L l M aj (N O P Q l)) R ab ai u (s d) ak o u (S g (T a (s U V w (v c) m W ad (u y)) ae) p a (j X e al f (Y r am ac Z v) v an x (h AA) AB a g AC ad) ac) k m al n))))))
A B p v C aa D m p t E m al al e (o c (p af m aa i (j y m) aj) r n (x e t a al am j) o (ac (m (q f b ab ak) h n ac) w (ac (m (q f b ab ak) h n ac) y ac z l)) m r (ac (m (q f b ab ak) h n ac) w (ac (m (q f b ab ak) h n ac) y ac z l)) m r (ac (m (q f b ab ak) h n ac) w (ac (m (q f b ab ak) h n ac) y ac z l)) m r (u a w (u a y ac z y)) o (ag q p e (F (j G ai n (e w (H I J (v (K l) L l M aj (N O P Q l)) R ab ai u (s d) ak o u (S g (T a (s U V w (v c) m W ad (u y)) ae) p a (j X e al f (Y r am ac Z v) v an x (h AA) AB a g AC ad) ac) k m al n))))))
A B p v C aa D m p t E m al al e (e ac c v m r (ac (m (q f b ab ak) h n ac) w (ac (m (q f b ab ak) h n ac) y ac z l)) m r (ac (m (q f b ab ak) h n ac) w (ac (m (q f b ab ak) h n ac) y ac z l)) m r (ac (m (q f b ab ak) h n ac) w (ac (m (q f b ab ak) h n ac) y ac z l)) m r (u a w (u a y ac z y)) o (ag q p e (F (j G ai n (e w (H I J (v (K l) L l M aj (N O P Q l)) R ab ai u (s d) ak o u (S g (T a (s U V w (v c) m W ad (u y)) ae) p a (j X e al f (Y r am ac Z v) v an x (h AA) AB a g AC ad) ac) k m al n))))))
A B p v C aa D m p t E m al al e (ad an l (ac (m (q f b ab ak) h n ac)) m r (ac (m (q f b ab ak) h n ac) w (ac (m (q f b ab ak) h n ac) y ac z l)) m r (ac (m (q f b ab ak) h n ac) w (ac (m (q f b ab ak) h n ac) y ac z l)) m r (ac (m (q f b ab ak) h n ac) w (ac (m (q f b ab ak) h n ac) y ac z l)) m r (u a w (u a y ac z y)) o (ag q p e (F (j G ai n (e w (H I J (v (K l) L l M aj (N O P Q l)) R ab ai u (s d) ak o u (S g (T a (s U V w (v c) m W ad (u y)) ae) p a (j X e al f (Y r am ac Z v) v an x (h AA) AB a g AC ad) ac) k m al n))))))
A B p v C aa D m p t E m al al e (ab j t t n o (ac (m (q f b ab ak) h n ac) w (ac (m (q f b ab ak) h n ac) y ac z l)) m r (ac (m (q f b ab ak) h n ac) w (ac (m (q f b ab ak) h n ac) y ac z l)) m r (ac (m (q f b ab ak) h n ac) w (ac (m (q f b ab ak) h n ac) y ac z l)) m r (ac (m (q f b ab ak) h n ac) w (ac (m (q f b ab ak) h n ac) y ac z l)) m r (u a w (u a y ac z y)) o (ag q p e (F (j G ai n (e w (H I J (v (K l) L l M aj (N O P Q l)) R ab ai u (s d) ak o u (S g (T a (s U V w (v c) m W ad (u y)) ae) p a (j X e al f (Y r am ac Z v) v an x (h AA) AB a g AC ad) ac) k m al n))))))
A B p v C aa D m p t E m al al e (q t d r n (x e t a al am j) o (ac (m (q f b ab ak) h n ac) w (ac (m (q f b ab ak) h n ac) y ac z l)) m r (ac (m (q f b ab ak) h n ac) w (ac (m (q f b ab ak) h n ac) y ac z l)) m r (ac (m (q f b ab ak) h n ac) w (ac (m (q f b ab ak) h n ac) y ac z l)) m r (ac (m (q f b ab ak) h n ac) w (ac (m (q f b ab ak) h n ac) y ac z l)) m r (u a w (u a y ac z y)) o (ag q p e (F (j G ai n (e w (H I J (v (K l) L l M aj (N O P Q l)) R ab ai u (s d) ak o u (S g (T a (s U V w (v c) m W ad (u y)) ae) p a (j X e al f (Y r am ac Z v) v an x (h AA) AB a g AC ad) ac) k m al n))))))
A B p v C aa D m p t E m al al e (o c (p af m aa i (j y m) aj) r n (x e t a al am j) o (ac (m (q f b ab ak) h n ac) w (ac (m (q f b ab ak) h n ac) y ac z l)) m r (ac (m (q f b ab ak) h n ac) w (ac (m (q f b ab ak) h n ac) y ac z l)) m r (ac (m (q f b ab ak) h n ac) w (ac (m (q f b ab ak) h n ac) y ac z l)) m r (ac (m (q f b ab ak) h n ac) w (ac (m (q f b ab ak) h n ac) y ac z l)) m r (u a w (u a y ac z y)) o (ag q p e (F (j G ai n (e w (H I J (v (K l) L l M aj (N O P Q l)) R ab ai u (s d) ak o u (S g (T a (s U V w (v c) m W ad (u y)) ae) p a (j X e al f (Y r am ac Z v) v an x (h AA) AB a g AC ad) ac) k m al n))))))
A B p v C aa D m p t E m al al e (e ac c v m r (ac (m (q f b ab ak) h n ac) w (ac (m (q f b ab ak) h n ac) y ac z l)) m r (ac (m (q f b ab ak) h n ac) w (ac (m (q f b ab ak) h n ac) y ac z l)) m r (ac (m (q f b ab ak) h n ac) w (ac (m (q f b ab ak) h n ac) y ac z l)) m r (ac (m (q f b ab ak) h n ac) w (ac (m (q f b ab ak) h n ac) y ac z l)) m r (u a w (u a y ac z y)) o (ag q p e (F (j G ai n (e w (H I J (v (K l) L l M aj (N O P Q l)) R ab ai u (s d) ak o u (S g (T a (s U V w (v c) m W ad (u y)) ae) p a (j X e al f (Y r am ac Z v) v an x (h AA) AB a g AC ad) ac) k m al n))))))
A B p v C aa D m p t E m al al e (ad an l (ac (m (q f b ab ak) h n ac)) m r (ac (m (q f b ab ak) h n ac) w (ac (m (q f b ab ak) h n ac) y ac z l)) m r (ac (m (q f b ab ak) h n ac) w (ac (m (q f b ab ak) h n ac) y ac z l)) m r (ac (m (q f b ab ak) h n ac) w (ac (m (q f b ab ak) h n ac) y ac z l)) m r (ac (m (q f b ab ak) h n ac) w (ac (m (q f b ab ak) h n ac) y ac z l)) m r (u a w (u a y ac z y)) o (ag q p e (F (j G ai n (e w (H I J (v (K l) L l M aj (N O P Q l)) R ab ai u (s d) ak o u (S g (T a (s U V w (v c) m W ad (u y)) ae) p a (j X e al f (Y r am ac Z v) v an x (h AA) AB a g AC ad) ac) k m al n))))))
A B p v C aa D m p t E m al al e (ab j t t n o (ac (m (q f b ab ak) h n ac) w (ac (m (q f b ab ak) h n ac) y ac z l)) m r (ac (m (q f b ab ak) h n ac) w (ac (m (q f b ab ak) h n ac) y ac z l)) m r (ac (m (q f b ab ak) h n ac) w (ac (m (q f b ab ak) h n ac) y ac z l)) m r (ac (m (q f b ab ak) h n ac) w (ac (m (q f b ab ak) h n ac) y ac z l)) m r (ac (m (q f b ab ak) h n ac) w (ac (m (q f b ab ak) h n ac) y ac z l)) m r (u a w (u a y ac z y)) o (ag q p e (F (j G ai n (e w (H I J (v (K l) L l M aj (N O P Q l)) R ab ai u (s d) ak o u (S g (T a (s U V w (v c) m W ad (u y)) ae) p a (j X e al f (Y r am ac Z v) v an x (h AA) AB a g AC ad) ac) k m al n))))))
A B p v C aa D m p t E m al al e (q t d r n (x e t a al am j) o (ac (m (q f b ab ak) h n ac) w (ac (m (q f b ab ak) h n ac) y ac z l)) m r (ac (m (q f b ab ak) h n ac) w (ac (m (q f b ab ak) h n ac) y ac z l)) m r (ac (m (q f b ab ak) h n ac) w (ac (m (q f b ab ak) h n ac) y ac z l)) m r (ac (m (q f b ab ak) h n ac) w (ac (m (q f b ab ak) h n ac) y ac z l)) m r (ac (m (q f b ab ak) h n ac) w (ac (m (q f b ab ak) h n ac) y ac z l)) m r (u a w (u a y ac z y)) o (ag q p e (F (j G ai n (e w (H I J (v (K l) L l M aj (N O P Q l)) R ab ai u (s d) ak o u (S g (T a (s U V w (v c) m W ad (u y)) ae) p a (j X e al f (Y r am ac Z v) v an x (h AA) AB a g AC ad) ac) k m al n))))))
A B p v C aa D m p t E m al al e (o c (p af m aa i (j y m) aj) r n (x e t a al am j) o (ac (m (q f b ab ak) h n ac) w (ac (m (q f b ab ak) h n ac) y ac z l)) m r (ac (m (q f b ab ak) h n ac) w (ac (m (q f b ab ak) h n ac) y ac z l)) m r (ac (m (q f b ab ak) h n ac) w (ac (m (q f b ab ak) h n ac) y ac z l)) m r (ac (m (q f b ab ak) h n ac) w (ac (m (q f b ab ak) h n ac) y ac z l)) m r (ac (m (q f b ab ak) h n ac) w (ac (m (q f b ab ak) h n ac) y ac z l)) m r (u a w (u a y ac z y)) o (ag q p e (F (j G ai n (e w (H I J (v (K l) L l M aj (N O P Q l)) R ab ai u (s d) ak o u (S g (T a (s U V w (v c) m W ad (u y)) ae) p a (j X e al f (Y r am ac Z v) v an x (h AA) AB a g AC ad) ac) k m al n))))))
A B p v C aa D m p t E m al al e (e ac c v m r (ac (m (q f b ab ak) h n ac) w (ac (m (q f b ab ak) h n ac) y ac z l)) m r (ac (m (q f b ab ak) h n ac) w (ac (m (q f b ab ak) h n ac) y ac z l)) m r (ac (m (q f b ab ak) h n ac) w (ac (m (q f b ab ak) h n ac) y ac z l)) m r (ac (m (q f b ab ak) h n ac) w (ac (m (q f b ab ak) h n ac) y ac z l)) m r (ac (m (q f b ab ak) h n ac) w (ac (m (q f b ab ak) h n ac) y ac z l)) m r (u a w (u a y ac z y)) o (ag q p e (F (j G ai n (e w (H I J (v (K l) L l M aj (N O P Q l)) R ab ai u (s d) ak o u (S g (T a (s U V w (v c) m W ad (u y)) ae) p a (j X e al f (Y r am ac Z v) v an x (h AA) AB a g AC ad) ac) k m al n))))))


