aa ar au aq at ao ap = i ak ah ac ai g y ad aj ah at n
x ao ar ap aq = i t ai q ah y ac ad e af al j
p = q t ah e ae ab
h ao ap aq = ao v f k p ad y x r ab v ab
z ar au ao ap aq at = an (an (x x u ad)) o an s
al av ar ao au at aq ap = af ae
t ao ap aq at au ar = ai o x (aj r) y ap (aa ak aq ac)
u at ar ap aq au av ao = b p i y
r at av ap aq au ao ar = ak (ak q)
main = A l B a ac (aj aa q y p s (C (j h x ae (D j s E e s t (d aa) u j (F (G ac (z ag) d q an) (n H I (J z) ab i) h c (s (K L r ae (c M ac)))) (k N n z (ab y ag ak (ag ab j p y h aj ae) O t ag) aa s (aj n) (P s (o Q (R (am l) S af u af u) ab y) T c) v ah) (t U)) v) n p) aa) V
f ao at au ar aq ap av = l h (y i x) ak au aj am (x j) aq ac
ae aq ao au ar at ap = ap k n g
a ao ap aq = ap (o f (ad l ae b j) i al)
an ao = g w (al ao d x) p am
ac at ap ao ar aq = d (z m t (ap (s l aj))) b f l k
am ao aq ap = v k ae i (g ah c a n)
aj aq ap ao = ao am ag i s e p z ak
j ao ap aq ar at = s ab ac n at ai (m ar ac) ai
ad ao = af ac u l ae (ae n q) ao
d ao ap aq ar = o k ah aa t
w ao ap = an l am ab c ap aj an r ak
b aq ao ap = y ac j e ah w g
ag ao ap aq at ar = t t p (ao ao c y)
l ao ap = ak an ao e w (u aa t (ae ae c u))
s aq ao ar ap = q o (c ai a (ah ar g))
o at ap ao ar au aq = am m b m b
n ap aq ao = m aq am am f r
q ao aq ap ar = b m aa r (aq o z af r h) s
c = am d (s k (l v z))
ai at au aq ap ar ao = e r l al (g ae ae aj)
e ao aq ap = y r (u aj) ab i al ac af aj c aa
ah ap ao av aq au at ar = w ag (b aa ap b (ag n (ae o f) m n))
ak ap ao = ao e b ap ao p (ah ah z j o aj ap)
y aq ao ar ap at = ai m (w (aa ad (k t l at) k))
v ao aq ap = g t an (w o al i w y c) c
i ao aq at au ar ap = v (n k aq ae x) aa (a f p) ap (aq ac)
k aq ao ap at ar = ap l m f (aj ad) (ar ab) af f l h h
ab ar aq ap ao = ae (af (l p) n y (y o ac o h))
g ao ap = o u (d q) ad v o m x aa h
m ap ao = y (q ai)
af ap ao av ar aq at au = k ac am
------------------------------------------------------------
A l B a ac (aj aa q y p s (C (j h x ae (D j s E e s t (d aa) u j (F (G ac (z ag) d q an) (n H I (J z) ab i) h c (s (K L r ae (c M ac)))) (k N n z (ab y ag ak (ag ab j p y h aj ae) O t ag) aa s (aj n) (P s (o Q (R (am l) S af u af u) ab y) T c) v ah) (t U)) v) n p) aa) V
A l B a ac (y am ag i s e p z ak p s (C (j h x ae (D j s E e s t (d aa) u j (F (G ac (z ag) d q an) (n H I (J z) ab i) h c (s (K L r ae (c M ac)))) (k N n z (ab y ag ak (ag ab j p y h aj ae) O t ag) aa s (aj n) (P s (o Q (R (am l) S af u af u) ab y) T c) v ah) (t U)) v) n p) aa) V
A l B a ac (ai m (w (aa ad (k t l e) k)) p z ak p s (C (j h x ae (D j s E e s t (d aa) u j (F (G ac (z ag) d q an) (n H I (J z) ab i) h c (s (K L r ae (c M ac)))) (k N n z (ab y ag ak (ag ab j p y h aj ae) O t ag) aa s (aj n) (P s (o Q (R (am l) S af u af u) ab y) T c) v ah) (t U)) v) n p) aa) V
A l B a ac (e r l al (g ae ae aj) s (C (j h x ae (D j s E e s t (d aa) u j (F (G ac (z ag) d q an) (n H I (J z) ab i) h c (s (K L r ae (c M ac)))) (k N n z (ab y ag ak (ag ab j p y h aj ae) O t ag) aa s (aj n) (P s (o Q (R (am l) S af u af u) ab y) T c) v ah) (t U)) v) n p) aa) V
A l B a ac (y r (u aj) ab i al ac af aj c aa (g ae ae aj) s (C (j h x ae (D j s E e s t (d aa) u j (F (G ac (z ag) d q an) (n H I (J z) ab i) h c (s (K L r ae (c M ac)))) (k N n z (ab y ag ak (ag ab j p y h aj ae) O t ag) aa s (aj n) (P s (o Q (R (am l) S af u af u) ab y) T c) v ah) (t U)) v) n p) aa) V
A l B a ac (ai m (w (aa ad (k t l al) k)) ac af aj c aa (g ae ae aj) s (C (j h x ae (D j s E e s t (d aa) u j (F (G ac (z ag) d q an) (n H I (J z) ab i) h c (s (K L r ae (c M ac)))) (k N n z (ab y ag ak (ag ab j p y h aj ae) O t ag) aa s (aj n) (P s (o Q (R (am l) S af u af u) ab y) T c) v ah) (t U)) v) n p) aa) V
A l B a ac (e r l al (g ae ae aj) aa (g ae ae aj) s (C (j h x ae (D j s E e s t (d aa) u j (F (G ac (z ag) d q an) (n H I (J z) ab i) h c (s (K L r ae (c M ac)))) (k N n z (ab y ag ak (ag ab j p y h aj ae) O t ag) aa s (aj n) (P s (o Q (R (am l) S af u af u) ab y) T c) v ah) (t U)) v) n p) aa) V
A l B a ac (y r (u aj) ab i al ac af aj c aa (g ae ae aj) aa (g ae ae aj) s (C (j h x ae (D j s E e s t (d aa) u j (F (G ac (z ag) d q an) (n H I (J z) ab i) h c (s (K L r ae (c M ac)))) (k N n z (ab y ag ak (ag ab j p y h aj ae) O t ag) aa s (aj n) (P s (o Q (R (am l) S af u af u) ab y) T c) v ah) (t U)) v) n p) aa) V
A l B a ac (ai m (w (aa ad (k t l al) k)) ac af aj c aa (g ae ae aj) aa (g ae ae aj) s (C (j h x ae (D j s E e s t (d aa) u j (F (G ac (z ag) d q an) (n H I (J z) ab i) h c (s (K L r ae (c M ac)))) (k N n z (ab y ag ak (ag ab j p y h aj ae) O t ag) aa s (aj n) (P s (o Q (R (am l) S af u af u) ab y) T c) v ah) (t U)) v) n p) aa) V
A l B a ac (e r l al (g ae ae aj) aa (g ae ae aj) aa (g ae ae aj) s (C (j h x ae (D j s E e s t (d aa) u j (F (G ac (z ag) d q an) (n H I (J z) ab i) h c (s (K L r ae (c M ac)))) (k N n z (ab y ag ak (ag ab j p y h aj ae) O t ag) aa s (aj n) (P s (o Q (R (am l) S af u af u) ab y) T c) v ah) (t U)) v) n p) aa) V
A l B a ac (y r (u aj) ab i al ac af aj c aa (g ae ae aj) aa (g ae ae aj) aa (g ae ae aj) s (C (j h x ae (D j s E e s t (d aa) u j (F (G ac (z ag) d q an) (n H I (J z) ab i) h c (s (K L r ae (c M ac)))) (k N n z (ab y ag ak (ag ab j p y h aj ae) O t ag) aa s (aj n) (P s (o Q (R (am l) S af u af u) ab y) T c) v ah) (t U)) v) n p) aa) V
A l B a ac (ai m (w (aa ad (k t l al) k)) ac af aj c aa (g ae ae aj) aa (g ae ae aj) aa (g ae ae aj) s (C (j h x ae (D j s E e s t (d aa) u j (F (G ac (z ag) d q an) (n H I (J z) ab i) h c (s (K L r ae (c M ac)))) (k N n z (ab y ag ak (ag ab j p y h aj ae) O t ag) aa s (aj n) (P s (o Q (R (am l) S af u af u) ab y) T c) v ah) (t U)) v) n p) aa) V
A l B a ac (e r l al (g ae ae aj) aa (g ae ae aj) aa (g ae ae aj) aa (g ae ae aj) s (C (j h x ae (D j s E e s t (d aa) u j (F (G ac (z ag) d q an) (n H I (J z) ab i) h c (s (K L r ae (c M ac)))) (k N n z (ab y ag ak (ag ab j p y h aj ae) O t ag) aa s (aj n) (P s (o Q (R (am l) S af u af u) ab y) T c) v ah) (t U)) v) n p) aa) V
A l B a ac (y r (u aj) ab i al ac af aj c aa (g ae ae aj) aa (g ae ae aj) aa (g ae ae aj) aa (g ae ae aj) s (C (j h x ae (D j s E e s t (d aa) u j (F (G ac (z ag) d q an) (n H I (J z) ab i) h c (s (K L r ae (c M ac)))) (k N n z (ab y ag ak (ag ab j p y h aj ae) O t ag) aa s (aj n) (P s (o Q (R (am l) S af u af u) ab y) T c) v ah) (t U)) v) n p) aa) V
A l B a ac (ai m (w (aa ad (k t l al) k)) ac af aj c aa (g ae ae aj) aa (g ae ae aj) aa (g ae ae aj) aa (g ae ae aj) s (C (j h x ae (D j s E e s t (d aa) u j (F (G ac (z ag) d q an) (n H I (J z) ab i) h c (s (K L r ae (c M ac)))) (k N n z (ab y ag ak (ag ab j p y h aj ae) O t ag) aa s (aj n) (P s (o Q (R (am l) S af u af u) ab y) T c) v ah) (t U)) v) n p) aa) V
A l B a ac (e r l al (g ae ae aj) aa (g ae ae aj) aa (g ae ae aj) aa (g ae ae aj) aa (g ae ae aj) s (C (j h x ae (D j s E e s t (d aa) u j (F (G ac (z ag) d q an) (n H I (J z) ab i) h c (s (K L r ae (c M ac)))) (k N n z (ab y ag ak (ag ab j p y h aj ae) O t ag) aa s (aj n) (P s (o Q (R (am l) S af u af u) ab y) T c) v ah) (t U)) v) n p) aa) V
A l B a ac (y r (u aj) ab i al ac af aj c aa (g ae ae aj) aa (g ae ae aj) aa (g ae ae aj) aa (g ae ae aj) aa (g ae ae aj) s (C (j h x ae (D j s E e s t (d aa) u j (F (G ac (z ag) d q an) (n H I (J z) ab i) h c (s (K L r ae (c M ac)))) (k N n z (ab y ag ak (ag ab j p y h aj ae) O t ag) aa s (aj n) (P s (o Q (R (am l) S af u af u) ab y) T c) v ah) (t U)) v) n p) aa) V
A l B a ac (ai m (w (aa ad (k t l al) k)) ac af aj c aa (g ae ae aj) aa (g ae ae aj) aa (g ae ae aj) aa (g ae ae aj) aa (g ae ae aj) s (C (j h x ae (D j s E e s t (d aa) u j (F (G ac (z ag) d q an) (n H I (J z) ab i) h c (s (K L r ae (c M ac)))) (k N n z (ab y ag ak (ag ab j p y h aj ae) O t ag) aa s (aj n) (P s (o Q (R (am l) S af u af u) ab y) T c) v ah) (t U)) v) n p) aa) V
A l B a ac (e r l al (g ae ae aj) aa (g ae ae aj) aa (g ae ae aj) aa (g ae ae aj) aa (g ae ae aj) aa (g ae ae aj) s (C (j h x ae (D j s E e s t (d aa) u j (F (G ac (z ag) d q an) (n H I (J z) ab i) h c (s (K L r ae (c M ac)))) (k N n z (ab y ag ak (ag ab j p y h aj ae) O t ag) aa s (aj n) (P s (o Q (R (am l) S af u af u) ab y) T c) v ah) (t U)) v) n p) aa) V
A l B a ac (y r (u aj) ab i al ac af aj c aa (g ae ae aj) aa (g ae ae aj) aa (g ae ae aj) aa (g ae ae aj) aa (g ae ae aj) aa (g ae ae aj) s (C (j h x ae (D j s E e s t (d aa) u j (F (G ac (z ag) d q an) (n H I (J z) ab i) h c (s (K L r ae (c M ac)))) (k N n z (ab y ag ak (ag ab j p y h aj ae) O t ag) aa s (aj n) (P s (o Q (R (am l) S af u af u) ab y) T c) v ah) (t U)) v) n p) aa) V
A l B a ac (ai m (w (aa ad (k t l al) k)) ac af aj c aa (g ae ae aj) aa (g ae ae aj) aa (g ae ae aj) aa (g ae ae aj) aa (g ae ae aj) aa (g ae ae aj) s (C (j h x ae (D j s E e s t (d aa) u j (F (G ac (z ag) d q an) (n H I (J z) ab i) h c (s (K L r ae (c M ac)))) (k N n z (ab y ag ak (ag ab j p y h aj ae) O t ag) aa s (aj n) (P s (o Q (R (am l) S af u af u) ab y) T c) v ah) (t U)) v) n p) aa) V
A l B a ac (e r l al (g ae ae aj) aa (g ae ae aj) aa (g ae ae aj) aa (g ae ae aj) aa (g ae ae aj) aa (g ae ae aj) aa (g ae ae aj) s (C (j h x ae (D j s E e s t (d aa) u j (F (G ac (z ag) d q an) (n H I (J z) ab i) h c (s (K L r ae (c M ac)))) (k N n z (ab y ag ak (ag ab j p y h aj ae) O t ag) aa s (aj n) (P s (o Q (R (am l) S af u af u) ab y) T c) v ah) (t U)) v) n p) aa) V
A l B a ac (y r (u aj) ab i al ac af aj c aa (g ae ae aj) aa (g ae ae aj) aa (g ae ae aj) aa (g ae ae aj) aa (g ae ae aj) aa (g ae ae aj) aa (g ae ae aj) s (C (j h x ae (D j s E e s t (d aa) u j (F (G ac (z ag) d q an) (n H I (J z) ab i) h c (s (K L r ae (c M ac)))) (k N n z (ab y ag ak (ag ab j p y h aj ae) O t ag) aa s (aj n) (P s (o Q (R (am l) S af u af u) ab y) T c) v ah) (t U)) v) n p) aa) V
A l B a ac (ai m (w (aa ad (k t l al) k)) ac af aj c aa (g ae ae aj) aa (g ae ae aj) aa (g ae ae aj) aa (g ae ae aj) aa (g ae ae aj) aa (g ae ae aj) aa (g ae ae aj) s (C (j h x ae (D j s E e s t (d aa) u j (F (G ac (z ag) d q an) (n H I (J z) ab i) h c (s (K L r ae (c M ac)))) (k N n z (ab y ag ak (ag ab j p y h aj ae) O t ag) aa s (aj n) (P s (o Q (R (am l) S af u af u) ab y) T c) v ah) (t U)) v) n p) aa) V
A l B a ac (e r l al (g ae ae aj) aa (g ae ae aj) aa (g ae ae aj) aa (g ae ae aj) aa (g ae ae aj) aa (g ae ae aj) aa (g ae ae aj) aa (g ae ae aj) s (C (j h x ae (D j s E e s t (d aa) u j (F (G ac (z ag) d q an) (n H I (J z) ab i) h c (s (K L r ae (c M ac)))) (k N n z (ab y ag ak (ag ab j p y h aj ae) O t ag) aa s (aj n) (P s (o Q (R (am l) S af u af u) ab y) T c) v ah) (t U)) v) n p) aa) V
A l B a ac (y r (u aj) ab i al ac af aj c aa (g ae ae aj) aa (g ae ae aj) aa (g ae ae aj) aa (g ae ae aj) aa (g ae ae aj) aa (g ae ae aj) aa (g ae ae aj) aa (g ae ae aj) s (C (j h x ae (D j s E e s t (d aa) u j (F (G ac (z ag) d q an) (n H I (J z) ab i) h c (s (K L r ae (c M ac)))) (k N n z (ab y ag ak (ag ab j p y h aj ae) O t ag) aa s (aj n) (P s (o Q (R (am l) S af u af u) ab y) T c) v ah) (t U)) v) n p) aa) V
A l B a ac (ai m (w (aa ad (k t l al) k)) ac af aj c aa (g ae ae aj) aa (g ae ae aj) aa (g ae ae aj) aa (g ae ae aj) aa (g ae ae aj) aa (g ae ae aj) aa (g ae ae aj) aa (g ae ae aj) s (C (j h x ae (D j s E e s t (d aa) u j (F (G ac (z ag) d q an) (n H I (J z) ab i) h c (s (K L r ae (c M ac)))) (k N n z (ab y ag ak (ag ab j p y h aj ae) O t ag) aa s (aj n) (P s (o Q (R (am l) S af u af u) ab y) T c) v ah) (t U)) v) n p) aa) V
A l B a ac (e r l al (g ae ae aj) aa (g ae ae aj) aa (g ae ae aj) aa (g ae ae aj) aa (g ae ae aj) aa (g ae ae aj) aa (g ae ae aj) aa (g ae ae aj) aa (g ae ae aj) s (C (j h x ae (D j s E e s t (d aa) u j (F (G ac (z ag) d q an) (n H I (J z) ab i) h c (s (K L r ae (c M ac)))) (k N n z (ab y ag ak (ag ab j p y h aj ae) O t ag) aa s (aj n) (P s (o Q (R (am l) S af u af u) ab y) T c) v ah) (t U)) v) n p) aa) V
A l B a ac (y r (u aj) ab i al ac af aj c aa (g ae ae aj) aa (g ae ae aj) aa (g ae ae aj) aa (g ae ae aj) aa (g ae ae aj) aa (g ae ae aj) aa (g ae ae aj) aa (g ae ae aj) aa (g ae ae aj) s (C (j h x ae (D j s E e s t (d aa) u j (F (G ac (z ag) d q an) (n H I (J z) ab i) h c (s (K L r ae (c M ac)))) (k N n z (ab y ag ak (ag ab j p y h aj ae) O t ag) aa s (aj n) (P s (o Q (R (am l) S af u af u) ab y) T c) v ah) (t U)) v) n p) aa) V
A l B a ac (ai m (w (aa ad (k t l al) k)) ac af aj c aa (g ae ae aj) aa (g ae ae aj) aa (g ae ae aj) aa (g ae ae aj) aa (g ae ae aj) aa (g ae ae aj) aa (g ae ae aj) aa (g ae ae aj) aa (g ae ae aj) s (C (j h x ae (D j s E e s t (d aa) u j (F (G ac (z ag) d q an) (n H I (J z) ab i) h c (s (K L r ae (c M ac)))) (k N n z (ab y ag ak (ag ab j p y h aj ae) O t ag) aa s (aj n) (P s (o Q (R (am l) S af u af u) ab y) T c) v ah) (t U)) v) n p) aa) V


