y at ap ao au aq ar ae (ac (ar n ah ak j i c ap q) j)
k aq ar ao ap ai g ar af (aj aj y) b ar o
af ar ao at aq ap f (p ah n (al d)) z c
c ap ar aq ao u k (y ar) (n al aj (q m)) ae y
r ap aq ao ad ao aq f af i
ad au av at ao ar ap aq f l n ab a y aj ae al aa (f a) l
g au av ap at aq ar ao p r i ar ai (ab ah) (m am b) e
o ar ap aq at ao af (at p (af (h aa al al g a am)))
i aq ao ap h y (ak h ad) ad j z e
p at ap ao ar aq au av y j y z ae al v (aa (y q w aj e))
al ao ap t s ah t a ag
d ao ap at ar aq w (u h af a am aa)
u ar av at ap aq au ao e t (f r (af c r (ao ak ah au)) g y)
aj ae ak (b f g r ai h) i
an ao ap al al x w ai k x ap q w ak am b
v ar aq ap ao ag w z y q q t d c af u s
e ap au aq ar at ao v (j ai y w j am ai)
x at ao av ar au ap aq aa b h m t aa q k ak t
w au ap ar ao aq at al v i
s ap ao m t ao ac p
ag ao ap ab z s (ap am) (l s)
q au aq at ao ar ap av d u k at av (au i (y ag g aa ad) aa)
ak ao at aq ap ar ar x p t t m j p
l ap ao d p (m r p v x) q t (v y)
z ao ap t s ag ag y t a (t ai m)
a u (s (m v ah u c b i))
am aq ao ar ap k b aj v ah i ah
ah ao at au ap ar aq z (aq ac ag p o g i (r w g j t))
j au ap aq ao ar at b k al u v (ac l t)
b ad (an t z (ag d c ai) ad v ah)
ab at au ao aq ap av ar m w t u x s au f f (i d) ac
m ao b u ah u ac
aa ao ap w (r j ap ai ab j) s d (n y) l
f ap ar aq ao h aj w af ag (ae k) l ab b x
ai ao t (ae b q) i ad m g ae (x y x) v
t m a (b (r q h g m r))
h ap aq ao a (n l (c af g) ac aj)
main am t f am (A B C b) ab s (D E y an (u m c z e z) r s) ah a ae (l r am h ak F u b a G (ad (x (k (h d H (aj af d)) a t p) (I ab (J b z (K e aj a)) f ab al ah) j (L (aj (M (N O P (t Q u) R S w j (T U aj s ad c d (V ab) (d W (h z) (aa b u n r z) an aj X am ab b)) ag)))))))
ae ao at ap aq ar au av ap (am ak l) o at x
n aq ar ap ao at au ag (z y ai r)
ac au ap ao ar at aq p e (w q) ao g (r ab) ab
------------------------------------------------------------
am t f am (A B C b) ab s (D E y an (u m c z e z) r s) ah a ae (l r am h ak F u b a G (ad (x (k (h d H (aj af d)) a t p) (I ab (J b z (K e aj a)) f ab al ah) j (L (aj (M (N O P (t Q u) R S w j (T U aj s ad c d (V ab) (d W (h z) (aa b u n r z) an aj X am ab b)) ag)))))))
k b aj v ah i ah ab s (D E y an (u m c z e z) r s) ah a ae (l r am h ak F u b a G (ad (x (k (h d H (aj af d)) a t p) (I ab (J b z (K e aj a)) f ab al ah) j (L (aj (M (N O P (t Q u) R S w j (T U aj s ad c d (V ab) (d W (h z) (aa b u n r z) an aj X am ab b)) ag)))))))
ai g aj af (aj aj y) b aj o i ah ab s (D E y an (u m c z e z) r s) ah a ae (l r am h ak F u b a G (ad (x (k (h d H (aj af d)) a t p) (I ab (J b z (K e aj a)) f ab al ah) j (L (aj (M (N O P (t Q u) R S w j (T U aj s ad c d (V ab) (d W (h z) (aa b u n r z) an aj X am ab b)) ag)))))))
t (ae b q) i ad m g ae (x y x) v aj af (aj aj y) b aj o i ah ab s (D E y an (u m c z e z) r s) ah a ae (l r am h ak F u b a G (ad (x (k (h d H (aj af d)) a t p) (I ab (J b z (K e aj a)) f ab al ah) j (L (aj (M (N O P (t Q u) R S w j (T U aj s ad c d (V ab) (d W (h z) (aa b u n r z) an aj X am ab b)) ag)))))))
m a (b (r q h g m r)) (ae b q) i ad m g ae (x y x) v aj af (aj aj y) b aj o i ah ab s (D E y an (u m c z e z) r s) ah a ae (l r am h ak F u b a G (ad (x (k (h d H (aj af d)) a t p) (I ab (J b z (K e aj a)) f ab al ah) j (L (aj (M (N O P (t Q u) R S w j (T U aj s ad c d (V ab) (d W (h z) (aa b u n r z) an aj X am ab b)) ag)))))))
b u ah u ac (b (r q h g m r)) (ae b q) i ad m g ae (x y x) v aj af (aj aj y) b aj o i ah ab s (D E y an (u m c z e z) r s) ah a ae (l r am h ak F u b a G (ad (x (k (h d H (aj af d)) a t p) (I ab (J b z (K e aj a)) f ab al ah) j (L (aj (M (N O P (t Q u) R S w j (T U aj s ad c d (V ab) (d W (h z) (aa b u n r z) an aj X am ab b)) ag)))))))
ad (an t z (ag d c ai) ad v ah) u ah u ac (b (r q h g m r)) (ae b q) i ad m g ae (x y x) v aj af (aj aj y) b aj o i ah ab s (D E y an (u m c z e z) r s) ah a ae (l r am h ak F u b a G (ad (x (k (h d H (aj af d)) a t p) (I ab (J b z (K e aj a)) f ab al ah) j (L (aj (M (N O P (t Q u) R S w j (T U aj s ad c d (V ab) (d W (h z) (aa b u n r z) an aj X am ab b)) ag)))))))
f l n ab a y aj ae al aa (f a) l i ad m g ae (x y x) v aj af (aj aj y) b aj o i ah ab s (D E y an (u m c z e z) r s) ah a ae (l r am h ak F u b a G (ad (x (k (h d H (aj af d)) a t p) (I ab (J b z (K e aj a)) f ab al ah) j (L (aj (M (N O P (t Q u) R S w j (T U aj s ad c d (V ab) (d W (h z) (aa b u n r z) an aj X am ab b)) ag)))))))
h aj w af ag (ae k) l ab b x y aj ae al aa (f a) l i ad m g ae (x y x) v aj af (aj aj y) b aj o i ah ab s (D E y an (u m c z e z) r s) ah a ae (l r am h ak F u b a G (ad (x (k (h d H (aj af d)) a t p) (I ab (J b z (K e aj a)) f ab al ah) j (L (aj (M (N O P (t Q u) R S w j (T U aj s ad c d (V ab) (d W (h z) (aa b u n r z) an aj X am ab b)) ag)))))))
a (n l (c af g) ac aj) ag (ae k) l ab b x y aj ae al aa (f a) l i ad m g ae (x y x) v aj af (aj aj y) b aj o i ah ab s (D E y an (u m c z e z) r s) ah a ae (l r am h ak F u b a G (ad (x (k (h d H (aj af d)) a t p) (I ab (J b z (K e aj a)) f ab al ah) j (L (aj (M (N O P (t Q u) R S w j (T U aj s ad c d (V ab) (d W (h z) (aa b u n r z) an aj X am ab b)) ag)))))))
u (s (m v ah u c b i)) (n l (c af g) ac aj) ag (ae k) l ab b x y aj ae al aa (f a) l i ad m g ae (x y x) v aj af (aj aj y) b aj o i ah ab s (D E y an (u m c z e z) r s) ah a ae (l r am h ak F u b a G (ad (x (k (h d H (aj af d)) a t p) (I ab (J b z (K e aj a)) f ab al ah) j (L (aj (M (N O P (t Q u) R S w j (T U aj s ad c d (V ab) (d W (h z) (aa b u n r z) an aj X am ab b)) ag)))))))
e t (f r (af c r (b ak ah ab)) g y) x y aj ae al aa (f a) l i ad m g ae (x y x) v aj af (aj aj y) b aj o i ah ab s (D E y an (u m c z e z) r s) ah a ae (l r am h ak F u b a G (ad (x (k (h d H (aj af d)) a t p) (I ab (J b z (K e aj a)) f ab al ah) j (L (aj (M (N O P (t Q u) R S w j (T U aj s ad c d (V ab) (d W (h z) (aa b u n r z) an aj X am ab b)) ag)))))))
v (j ai y w j am ai) al aa (f a) l i ad m g ae (x y x) v aj af (aj aj y) b aj o i ah ab s (D E y an (u m c z e z) r s) ah a ae (l r am h ak F u b a G (ad (x (k (h d H (aj af d)) a t p) (I ab (J b z (K e aj a)) f ab al ah) j (L (aj (M (N O P (t Q u) R S w j (T U aj s ad c d (V ab) (d W (h z) (aa b u n r z) an aj X am ab b)) ag)))))))
ag w z y q q t d c af u s l i ad m g ae (x y x) v aj af (aj aj y) b aj o i ah ab s (D E y an (u m c z e z) r s) ah a ae (l r am h ak F u b a G (ad (x (k (h d H (aj af d)) a t p) (I ab (J b z (K e aj a)) f ab al ah) j (L (aj (M (N O P (t Q u) R S w j (T U aj s ad c d (V ab) (d W (h z) (aa b u n r z) an aj X am ab b)) ag)))))))
ab z s (z am) (l s) y q q t d c af u s l i ad m g ae (x y x) v aj af (aj aj y) b aj o i ah ab s (D E y an (u m c z e z) r s) ah a ae (l r am h ak F u b a G (ad (x (k (h d H (aj af d)) a t p) (I ab (J b z (K e aj a)) f ab al ah) j (L (aj (M (N O P (t Q u) R S w j (T U aj s ad c d (V ab) (d W (h z) (aa b u n r z) an aj X am ab b)) ag)))))))
m w t u x s s f f (i d) ac t d c af u s l i ad m g ae (x y x) v aj af (aj aj y) b aj o i ah ab s (D E y an (u m c z e z) r s) ah a ae (l r am h ak F u b a G (ad (x (k (h d H (aj af d)) a t p) (I ab (J b z (K e aj a)) f ab al ah) j (L (aj (M (N O P (t Q u) R S w j (T U aj s ad c d (V ab) (d W (h z) (aa b u n r z) an aj X am ab b)) ag)))))))
b u ah u ac t u x s s f f (i d) ac t d c af u s l i ad m g ae (x y x) v aj af (aj aj y) b aj o i ah ab s (D E y an (u m c z e z) r s) ah a ae (l r am h ak F u b a G (ad (x (k (h d H (aj af d)) a t p) (I ab (J b z (K e aj a)) f ab al ah) j (L (aj (M (N O P (t Q u) R S w j (T U aj s ad c d (V ab) (d W (h z) (aa b u n r z) an aj X am ab b)) ag)))))))
ad (an t z (ag d c ai) ad v ah) u ah u ac t u x s s f f (i d) ac t d c af u s l i ad m g ae (x y x) v aj af (aj aj y) b aj o i ah ab s (D E y an (u m c z e z) r s) ah a ae (l r am h ak F u b a G (ad (x (k (h d H (aj af d)) a t p) (I ab (J b z (K e aj a)) f ab al ah) j (L (aj (M (N O P (t Q u) R S w j (T U aj s ad c d (V ab) (d W (h z) (aa b u n r z) an aj X am ab b)) ag)))))))
f l n ab a y aj ae al aa (f a) l x s s f f (i d) ac t d c af u s l i ad m g ae (x y x) v aj af (aj aj y) b aj o i ah ab s (D E y an (u m c z e z) r s) ah a ae (l r am h ak F u b a G (ad (x (k (h d H (aj af d)) a t p) (I ab (J b z (K e aj a)) f ab al ah) j (L (aj (M (N O P (t Q u) R S w j (T U aj s ad c d (V ab) (d W (h z) (aa b u n r z) an aj X am ab b)) ag)))))))
h aj w af ag (ae k) l ab b x y aj ae al aa (f a) l x s s f f (i d) ac t d c af u s l i ad m g ae (x y x) v aj af (aj aj y) b aj o i ah ab s (D E y an (u m c z e z) r s) ah a ae (l r am h ak F u b a G (ad (x (k (h d H (aj af d)) a t p) (I ab (J b z (K e aj a)) f ab al ah) j (L (aj (M (N O P (t Q u) R S w j (T U aj s ad c d (V ab) (d W (h z) (aa b u n r z) an aj X am ab b)) ag)))))))
a (n l (c af g) ac aj) ag (ae k) l ab b x y aj ae al aa (f a) l x s s f f (i d) ac t d c af u s l i ad m g ae (x y x) v aj af (aj aj y) b aj o i ah ab s (D E y an (u m c z e z) r s) ah a ae (l r am h ak F u b a G (ad (x (k (h d H (aj af d)) a t p) (I ab (J b z (K e aj a)) f ab al ah) j (L (aj (M (N O P (t Q u) R S w j (T U aj s ad c d (V ab) (d W (h z) (aa b u n r z) an aj X am ab b)) ag)))))))
u (s (m v ah u c b i)) (n l (c af g) ac aj) ag (ae k) l ab b x y aj ae al aa (f a) l x s s f f (i d) ac t d c af u s l i ad m g ae (x y x) v aj af (aj aj y) b aj o i ah ab s (D E y an (u m c z e z) r s) ah a ae (l r am h ak F u b a G (ad (x (k (h d H (aj af d)) a t p) (I ab (J b z (K e aj a)) f ab al ah) j (L (aj (M (N O P (t Q u) R S w j (T U aj s ad c d (V ab) (d W (h z) (aa b u n r z) an aj X am ab b)) ag)))))))
e t (f r (af c r (b ak ah ab)) g y) x y aj ae al aa (f a) l x s s f f (i d) ac t d c af u s l i ad m g ae (x y x) v aj af (aj aj y) b aj o i ah ab s (D E y an (u m c z e z) r s) ah a ae (l r am h ak F u b a G (ad (x (k (h d H (aj af d)) a t p) (I ab (J b z (K e aj a)) f ab al ah) j (L (aj (M (N O P (t Q u) R S w j (T U aj s ad c d (V ab) (d W (h z) (aa b u n r z) an aj X am ab b)) ag)))))))
v (j ai y w j am ai) al aa (f a) l x s s f f (i d) ac t d c af u s l i ad m g ae (x y x) v aj af (aj aj y) b aj o i ah ab s (D E y an (u m c z e z) r s) ah a ae (l r am h ak F u b a G (ad (x (k (h d H (aj af d)) a t p) (I ab (J b z (K e aj a)) f ab al ah) j (L (aj (M (N O P (t Q u) R S w j (T U aj s ad c d (V ab) (d W (h z) (aa b u n r z) an aj X am ab b)) ag)))))))
ag w z y q q t d c af u s l x s s f f (i d) ac t d c af u s l i ad m g ae (x y x) v aj af (aj aj y) b aj o i ah ab s (D E y an (u m c z e z) r s) ah a ae (l r am h ak F u b a G (ad (x (k (h d H (aj af d)) a t p) (I ab (J b z (K e aj a)) f ab al ah) j (L (aj (M (N O P (t Q u) R S w j (T U aj s ad c d (V ab) (d W (h z) (aa b u n r z) an aj X am ab b)) ag)))))))
ab z s (z am) (l s) y q q t d c af u s l x s s f f (i d) ac t d c af u s l i ad m g ae (x y x) v aj af (aj aj y) b aj o i ah ab s (D E y an (u m c z e z) r s) ah a ae (l r am h ak F u b a G (ad (x (k (h d H (aj af d)) a t p) (I ab (J b z (K e aj a)) f ab al ah) j (L (aj (M (N O P (t Q u) R S w j (T U aj s ad c d (V ab) (d W (h z) (aa b u n r z) an aj X am ab b)) ag)))))))
m w t u x s s f f (i d) ac t d c af u s l x s s f f (i d) ac t d c af u s l i ad m g ae (x y x) v aj af (aj aj y) b aj o i ah ab s (D E y an (u m c z e z) r s) ah a ae (l r am h ak F u b a G (ad (x (k (h d H (aj af d)) a t p) (I ab (J b z (K e aj a)) f ab al ah) j (L (aj (M (N O P (t Q u) R S w j (T U aj s ad c d (V ab) (d W (h z) (aa b u n r z) an aj X am ab b)) ag)))))))
b u ah u ac t u x s s f f (i d) ac t d c af u s l x s s f f (i d) ac t d c af u s l i ad m g ae (x y x) v aj af (aj aj y) b aj o i ah ab s (D E y an (u m c z e z) r s) ah a ae (l r am h ak F u b a G (ad (x (k (h d H (aj af d)) a t p) (I ab (J b z (K e aj a)) f ab al ah) j (L (aj (M (N O P (t Q u) R S w j (T U aj s ad c d (V ab) (d W (h z) (aa b u n r z) an aj X am ab b)) ag)))))))
ad (an t z (ag d c ai) ad v ah) u ah u ac t u x s s f f (i d) ac t d c af u s l x s s f f (i d) ac t d c af u s l i ad m g ae (x y x) v aj af (aj aj y) b aj o i ah ab s (D E y an (u m c z e z) r s) ah a ae (l r am h ak F u b a G (ad (x (k (h d H (aj af d)) a t p) (I ab (J b z (K e aj a)) f ab al ah) j (L (aj (M (N O P (t Q u) R S w j (T U aj s ad c d (V ab) (d W (h z) (aa b u n r z) an aj X am ab b)) ag)))))))
f l n ab a y aj ae al aa (f a) l x s s f f (i d) ac t d c af u s l x s s f f (i d) ac t d c af u s l i ad m g ae (x y x) v aj af (aj aj y) b aj o i ah ab s (D E y an (u m c z e z) r s) ah a ae (l r am h ak F u b a G (ad (x (k (h d H (aj af d)) a t p) (I ab (J b z (K e aj a)) f ab al ah) j (L (aj (M (N O P (t Q u) R S w j (T U aj s ad c d (V ab) (d W (h z) (aa b u n r z) an aj X am ab b)) ag)))))))


