f ap aq ao y aj (ap (w ak)) ak i (af a o ao)
w ao ak (l o ah h ao aj)
aj ap ao ah z q w a o (ak ap ac ad) p
m ao ap an d ae u a al ae ag a
c ao aq ar ap at u o al
ag aq ap ar ao f c m f k v o t c (v o)
q ar ap ao at aq n ap ao (ag k (aj am) ar)
t au ap at aq ao av ar q (u (f (a j (a r ad an ab))))
g ap ao an k aj c ah q ad am (ae ad am d)
l d j ae ak g
am ao ap o ag e ai af g ai af
af ap aq ao ar m ai z ae a d ac an k q g
a ak b (s aj) o aa ad m p ah aa z ab
n ao aa t ai d an (ao u (g k v) v) z
z ao ap aq ao g h r
j ao ao v a o n r (h (aa f ag))
y ar at ap aq ao ai ak (k ae (f ao w z ai p af al w))
u ap ar ao au at aq i ai c l ak i (ar ae) g (ag ah x)
o at ar ao aq ap k (an ao (p ai k j af (ac am m) al u))
s ap ao ar aq at au ap (am g u) n z x p i al ak ak
ak ap au ar aq at av ao f l x e j
i ao aa e l
ab aq ao ar at ap p af ag (aq (ac (af a an af l) t))
v at au ap ar ao aq c p aa ao i l af
ae ao ar aq ap t al r y b af (z (u am)) d
e ap aq ao p v (aq ap s) ad d c v ap ac x w
p aq at au av ar ap ao ad j (e (c ai) ah) n d q au al f
main c A (B n) u d C (e k j D) E F (G H aa p af) I x ai J K o d L d (M g h) N e O P h c ag Q (k s) R ak f y u S T U k V (j z y i (W g an X aa d b Y al (j ak u (d Z AA b f a h aa b (a ab) (am (AB AC d ah z v)) y af am (an ak ah v)) b al i ad) b n u af am))
d ap ao aq z aa af (v ao ab) ak aq o o z an
al ar ap au at ao aq ak e y o
ah ao ap aq o b q
r ap aq ao l q f ao ai af n ap ao a f t
ac ao ap ag g f (ae o r)
an v ad n (c ac i (ac j z) u p)
k e al r an r ah t h ah l y
ai aq ap ar ao v f j j al p
aa ar ap at ao aq au ah ai j ai ai ar q f (al (o r z))
b ar aq ap ao at c n (ao at an) r aj ai r
x ap ao aq at ar au ae am i k ae z ak z am ag at ak
ad ao af (q c aa) s (o (t ak an al ae o) c)
h aq ar ap ao q u ao g f ap ak d u l
------------------------------------------------------------
c A (B n) u d C (e k j D) E F (G H aa p af) I x ai J K o d L d (M g h) N e O P h c ag Q (k s) R ak f y u S T U k V (j z y i (W g an X aa d b Y al (j ak u (d Z AA b f a h aa b (a ab) (am (AB AC d ah z v)) y af am (an ak ah v)) b al i ad) b n u af am))
u o al (e k j D) E F (G H aa p af) I x ai J K o d L d (M g h) N e O P h c ag Q (k s) R ak f y u S T U k V (j z y i (W g an X aa d b Y al (j ak u (d Z AA b f a h aa b (a ab) (am (AB AC d ah z v)) y af am (an ak ah v)) b al i ad) b n u af am))
i ai c l ak i (al ae) g (ag ah x) I x ai J K o d L d (M g h) N e O P h c ag Q (k s) R ak f y u S T U k V (j z y i (W g an X aa d b Y al (j ak u (d Z AA b f a h aa b (a ab) (am (AB AC d ah z v)) y af am (an ak ah v)) b al i ad) b n u af am))
aa e l c l ak i (al ae) g (ag ah x) I x ai J K o d L d (M g h) N e O P h c ag Q (k s) R ak f y u S T U k V (j z y i (W g an X aa d b Y al (j ak u (d Z AA b f a h aa b (a ab) (am (AB AC d ah z v)) y af am (an ak ah v)) b al i ad) b n u af am))
ah ai j ai ai e q f (al (o r z)) (al ae) g (ag ah x) I x ai J K o d L d (M g h) N e O P h c ag Q (k s) R ak f y u S T U k V (j z y i (W g an X aa d b Y al (j ak u (d Z AA b f a h aa b (a ab) (am (AB AC d ah z v)) y af am (an ak ah v)) b al i ad) b n u af am))
o b q ai e q f (al (o r z)) (al ae) g (ag ah x) I x ai J K o d L d (M g h) N e O P h c ag Q (k s) R ak f y u S T U k V (j z y i (W g an X aa d b Y al (j ak u (d Z AA b f a h aa b (a ab) (am (AB AC d ah z v)) y af am (an ak ah v)) b al i ad) b n u af am))
k (an ai (p ai k j af (ac am m) al u)) f (al (o r z)) (al ae) g (ag ah x) I x ai J K o d L d (M g h) N e O P h c ag Q (k s) R ak f y u S T U k V (j z y i (W g an X aa d b Y al (j ak u (d Z AA b f a h aa b (a ab) (am (AB AC d ah z v)) y af am (an ak ah v)) b al i ad) b n u af am))
e al r an r ah t h ah l y (an ai (p ai k j af (ac am m) al u)) f (al (o r z)) (al ae) g (ag ah x) I x ai J K o d L d (M g h) N e O P h c ag Q (k s) R ak f y u S T U k V (j z y i (W g an X aa d b Y al (j ak u (d Z AA b f a h aa b (a ab) (am (AB AC d ah z v)) y af am (an ak ah v)) b al i ad) b n u af am))
p v (r al s) ad d c v al ac x w r ah t h ah l y (an ai (p ai k j af (ac am m) al u)) f (al (o r z)) (al ae) g (ag ah x) I x ai J K o d L d (M g h) N e O P h c ag Q (k s) R ak f y u S T U k V (j z y i (W g an X aa d b Y al (j ak u (d Z AA b f a h aa b (a ab) (am (AB AC d ah z v)) y af am (an ak ah v)) b al i ad) b n u af am))
ad j (e (c ai) ah) n d q ad al f ac x w r ah t h ah l y (an ai (p ai k j af (ac am m) al u)) f (al (o r z)) (al ae) g (ag ah x) I x ai J K o d L d (M g h) N e O P h c ag Q (k s) R ak f y u S T U k V (j z y i (W g an X aa d b Y al (j ak u (d Z AA b f a h aa b (a ab) (am (AB AC d ah z v)) y af am (an ak ah v)) b al i ad) b n u af am))
af (q c aa) s (o (t ak an al ae o) c) (e (c ai) ah) n d q ad al f ac x w r ah t h ah l y (an ai (p ai k j af (ac am m) al u)) f (al (o r z)) (al ae) g (ag ah x) I x ai J K o d L d (M g h) N e O P h c ag Q (k s) R ak f y u S T U k V (j z y i (W g an X aa d b Y al (j ak u (d Z AA b f a h aa b (a ab) (am (AB AC d ah z v)) y af am (an ak ah v)) b al i ad) b n u af am))
m ai z ae a d ac an k q g n d q ad al f ac x w r ah t h ah l y (an ai (p ai k j af (ac am m) al u)) f (al (o r z)) (al ae) g (ag ah x) I x ai J K o d L d (M g h) N e O P h c ag Q (k s) R ak f y u S T U k V (j z y i (W g an X aa d b Y al (j ak u (d Z AA b f a h aa b (a ab) (am (AB AC d ah z v)) y af am (an ak ah v)) b al i ad) b n u af am))
an d ae u a al ae ag a ae a d ac an k q g n d q ad al f ac x w r ah t h ah l y (an ai (p ai k j af (ac am m) al u)) f (al (o r z)) (al ae) g (ag ah x) I x ai J K o d L d (M g h) N e O P h c ag Q (k s) R ak f y u S T U k V (j z y i (W g an X aa d b Y al (j ak u (d Z AA b f a h aa b (a ab) (am (AB AC d ah z v)) y af am (an ak ah v)) b al i ad) b n u af am))
v ad n (c ac i (ac j z) u p) d ae u a al ae ag a ae a d ac an k q g n d q ad al f ac x w r ah t h ah l y (an ai (p ai k j af (ac am m) al u)) f (al (o r z)) (al ae) g (ag ah x) I x ai J K o d L d (M g h) N e O P h c ag Q (k s) R ak f y u S T U k V (j z y i (W g an X aa d b Y al (j ak u (d Z AA b f a h aa b (a ab) (am (AB AC d ah z v)) y af am (an ak ah v)) b al i ad) b n u af am))
c p aa ae i l af a al ae ag a ae a d ac an k q g n d q ad al f ac x w r ah t h ah l y (an ai (p ai k j af (ac am m) al u)) f (al (o r z)) (al ae) g (ag ah x) I x ai J K o d L d (M g h) N e O P h c ag Q (k s) R ak f y u S T U k V (j z y i (W g an X aa d b Y al (j ak u (d Z AA b f a h aa b (a ab) (am (AB AC d ah z v)) y af am (an ak ah v)) b al i ad) b n u af am))
u o al af a al ae ag a ae a d ac an k q g n d q ad al f ac x w r ah t h ah l y (an ai (p ai k j af (ac am m) al u)) f (al (o r z)) (al ae) g (ag ah x) I x ai J K o d L d (M g h) N e O P h c ag Q (k s) R ak f y u S T U k V (j z y i (W g an X aa d b Y al (j ak u (d Z AA b f a h aa b (a ab) (am (AB AC d ah z v)) y af am (an ak ah v)) b al i ad) b n u af am))
i ai c l ak i (al ae) g (ag ah x) ag a ae a d ac an k q g n d q ad al f ac x w r ah t h ah l y (an ai (p ai k j af (ac am m) al u)) f (al (o r z)) (al ae) g (ag ah x) I x ai J K o d L d (M g h) N e O P h c ag Q (k s) R ak f y u S T U k V (j z y i (W g an X aa d b Y al (j ak u (d Z AA b f a h aa b (a ab) (am (AB AC d ah z v)) y af am (an ak ah v)) b al i ad) b n u af am))
aa e l c l ak i (al ae) g (ag ah x) ag a ae a d ac an k q g n d q ad al f ac x w r ah t h ah l y (an ai (p ai k j af (ac am m) al u)) f (al (o r z)) (al ae) g (ag ah x) I x ai J K o d L d (M g h) N e O P h c ag Q (k s) R ak f y u S T U k V (j z y i (W g an X aa d b Y al (j ak u (d Z AA b f a h aa b (a ab) (am (AB AC d ah z v)) y af am (an ak ah v)) b al i ad) b n u af am))
ah ai j ai ai e q f (al (o r z)) (al ae) g (ag ah x) ag a ae a d ac an k q g n d q ad al f ac x w r ah t h ah l y (an ai (p ai k j af (ac am m) al u)) f (al (o r z)) (al ae) g (ag ah x) I x ai J K o d L d (M g h) N e O P h c ag Q (k s) R ak f y u S T U k V (j z y i (W g an X aa d b Y al (j ak u (d Z AA b f a h aa b (a ab) (am (AB AC d ah z v)) y af am (an ak ah v)) b al i ad) b n u af am))
o b q ai e q f (al (o r z)) (al ae) g (ag ah x) ag a ae a d ac an k q g n d q ad al f ac x w r ah t h ah l y (an ai (p ai k j af (ac am m) al u)) f (al (o r z)) (al ae) g (ag ah x) I x ai J K o d L d (M g h) N e O P h c ag Q (k s) R ak f y u S T U k V (j z y i (W g an X aa d b Y al (j ak u (d Z AA b f a h aa b (a ab) (am (AB AC d ah z v)) y af am (an ak ah v)) b al i ad) b n u af am))
k (an ai (p ai k j af (ac am m) al u)) f (al (o r z)) (al ae) g (ag ah x) ag a ae a d ac an k q g n d q ad al f ac x w r ah t h ah l y (an ai (p ai k j af (ac am m) al u)) f (al (o r z)) (al ae) g (ag ah x) I x ai J K o d L d (M g h) N e O P h c ag Q (k s) R ak f y u S T U k V (j z y i (W g an X aa d b Y al (j ak u (d Z AA b f a h aa b (a ab) (am (AB AC d ah z v)) y af am (an ak ah v)) b al i ad) b n u af am))
e al r an r ah t h ah l y (an ai (p ai k j af (ac am m) al u)) f (al (o r z)) (al ae) g (ag ah x) ag a ae a d ac an k q g n d q ad al f ac x w r ah t h ah l y (an ai (p ai k j af (ac am m) al u)) f (al (o r z)) (al ae) g (ag ah x) I x ai J K o d L d (M g h) N e O P h c ag Q (k s) R ak f y u S T U k V (j z y i (W g an X aa d b Y al (j ak u (d Z AA b f a h aa b (a ab) (am (AB AC d ah z v)) y af am (an ak ah v)) b al i ad) b n u af am))
p v (r al s) ad d c v al ac x w r ah t h ah l y (an ai (p ai k j af (ac am m) al u)) f (al (o r z)) (al ae) g (ag ah x) ag a ae a d ac an k q g n d q ad al f ac x w r ah t h ah l y (an ai (p ai k j af (ac am m) al u)) f (al (o r z)) (al ae) g (ag ah x) I x ai J K o d L d (M g h) N e O P h c ag Q (k s) R ak f y u S T U k V (j z y i (W g an X aa d b Y al (j ak u (d Z AA b f a h aa b (a ab) (am (AB AC d ah z v)) y af am (an ak ah v)) b al i ad) b n u af am))
ad j (e (c ai) ah) n d q ad al f ac x w r ah t h ah l y (an ai (p ai k j af (ac am m) al u)) f (al (o r z)) (al ae) g (ag ah x) ag a ae a d ac an k q g n d q ad al f ac x w r ah t h ah l y (an ai (p ai k j af (ac am m) al u)) f (al (o r z)) (al ae) g (ag ah x) I x ai J K o d L d (M g h) N e O P h c ag Q (k s) R ak f y u S T U k V (j z y i (W g an X aa d b Y al (j ak u (d Z AA b f a h aa b (a ab) (am (AB AC d ah z v)) y af am (an ak ah v)) b al i ad) b n u af am))
af (q c aa) s (o (t ak an al ae o) c) (e (c ai) ah) n d q ad al f ac x w r ah t h ah l y (an ai (p ai k j af (ac am m) al u)) f (al (o r z)) (al ae) g (ag ah x) ag a ae a d ac an k q g n d q ad al f ac x w r ah t h ah l y (an ai (p ai k j af (ac am m) al u)) f (al (o r z)) (al ae) g (ag ah x) I x ai J K o d L d (M g h) N e O P h c ag Q (k s) R ak f y u S T U k V (j z y i (W g an X aa d b Y al (j ak u (d Z AA b f a h aa b (a ab) (am (AB AC d ah z v)) y af am (an ak ah v)) b al i ad) b n u af am))
m ai z ae a d ac an k q g n d q ad al f ac x w r ah t h ah l y (an ai (p ai k j af (ac am m) al u)) f (al (o r z)) (al ae) g (ag ah x) ag a ae a d ac an k q g n d q ad al f ac x w r ah t h ah l y (an ai (p ai k j af (ac am m) al u)) f (al (o r z)) (al ae) g (ag ah x) I x ai J K o d L d (M g h) N e O P h c ag Q (k s) R ak f y u S T U k V (j z y i (W g an X aa d b Y al (j ak u (d Z AA b f a h aa b (a ab) (am (AB AC d ah z v)) y af am (an ak ah v)) b al i ad) b n u af am))
an d ae u a al ae ag a ae a d ac an k q g n d q ad al f ac x w r ah t h ah l y (an ai (p ai k j af (ac am m) al u)) f (al (o r z)) (al ae) g (ag ah x) ag a ae a d ac an k q g n d q ad al f ac x w r ah t h ah l y (an ai (p ai k j af (ac am m) al u)) f (al (o r z)) (al ae) g (ag ah x) I x ai J K o d L d (M g h) N e O P h c ag Q (k s) R ak f y u S T U k V (j z y i (W g an X aa d b Y al (j ak u (d Z AA b f a h aa b (a ab) (am (AB AC d ah z v)) y af am (an ak ah v)) b al i ad) b n u af am))
v ad n (c ac i (ac j z) u p) d ae u a al ae ag a ae a d ac an k q g n d q ad al f ac x w r ah t h ah l y (an ai (p ai k j af (ac am m) al u)) f (al (o r z)) (al ae) g (ag ah x) ag a ae a d ac an k q g n d q ad al f ac x w r ah t h ah l y (an ai (p ai k j af (ac am m) al u)) f (al (o r z)) (al ae) g (ag ah x) I x ai J K o d L d (M g h) N e O P h c ag Q (k s) R ak f y u S T U k V (j z y i (W g an X aa d b Y al (j ak u (d Z AA b f a h aa b (a ab) (am (AB AC d ah z v)) y af am (an ak ah v)) b al i ad) b n u af am))
c p aa ae i l af a al ae ag a ae a d ac an k q g n d q ad al f ac x w r ah t h ah l y (an ai (p ai k j af (ac am m) al u)) f (al (o r z)) (al ae) g (ag ah x) ag a ae a d ac an k q g n d q ad al f ac x w r ah t h ah l y (an ai (p ai k j af (ac am m) al u)) f (al (o r z)) (al ae) g (ag ah x) I x ai J K o d L d (M g h) N e O P h c ag Q (k s) R ak f y u S T U k V (j z y i (W g an X aa d b Y al (j ak u (d Z AA b f a h aa b (a ab) (am (AB AC d ah z v)) y af am (an ak ah v)) b al i ad) b n u af am))
u o al af a al ae ag a ae a d ac an k q g n d q ad al f ac x w r ah t h ah l y (an ai (p ai k j af (ac am m) al u)) f (al (o r z)) (al ae) g (ag ah x) ag a ae a d ac an k q g n d q ad al f ac x w r ah t h ah l y (an ai (p ai k j af (ac am m) al u)) f (al (o r z)) (al ae) g (ag ah x) I x ai J K o d L d (M g h) N e O P h c ag Q (k s) R ak f y u S T U k V (j z y i (W g an X aa d b Y al (j ak u (d Z AA b f a h aa b (a ab) (am (AB AC d ah z v)) y af am (an ak ah v)) b al i ad) b n u af am))


