k aq ap ao = aa m w (aq (ah ap ag))
ad at ap ao aq ar = b w c x z n q (ac ak t s)
o at aq ar au ap ao = au (ai aj i n) b ao h ao s (n ac)
c ao = q i f j f am (ao ae i)
f ao ap = c ac ak g ak z aa af m ac o al
n ao = s q (aj y p) k
w aq ar at av ao au ap = i av aj
ak ar ap ao aq = u ap (d i aq m q ah j ao b ah) w
b aq ar ao at ap = p ae q r (v am ai) j ai af
j ao = d (ae y) ad ao i q am
x ap aq at ao ar = ar k g (a a ah v at)
aa ar ao at av aq ap au = m au a ad t i ap at t p ar
r ao ap = x (o j af a af) (af x ap) aj
q ao = an (m (ao (f y a n) al))
ag ap au ar ao at aq = an p ak r r t ab v b d r al h
y aq ao ap = n t m g ah ae ak o an ag c
ab ao ap ar aq = af q c p m am ak x x k c g
ai ar at ao ap aq au = ab aj n s m
d ao = p ag ah n af e q c ak (j ab)
s ar ao aq at ap = f l (k p ag y v c ab)
am ap ar ao aq at = o (ah af r (i (l (ai b) (z i g))) e o)
e ao ar aq ap at = j at al (at v ab ai) f l l ae ar
z ao aq ap = ah s ag u (aq d w a (c ao w aq s))
p ao = ak ao an z v w d n am (q n u)
ac at ar ap aq ao = i (r q t) v ab ai x ag ai
a ap ao = an h (ap h d)
af ao ap aq = f (ac aq ah f b ao j p ah ad)
i ar ap aq at au ao = j f ao ae f x an q ai
m ar au aq at ao ap = w al (af i) v q aa f s (g g) e
ae ao ap = aj v aj
g ao ar ap aq = aa ar s
al ao = ab b d l (b aa) ah
aj ao ap aq ar at au = al an (ap y au u (l t)) n
h aq ar ap at ao = s aa w aa s ar ap
main = i z (s al o al) (l aj aa (A c h (B ag ah j ad u (m m af al (w v ah g (c C ac q a ad (D E e j j)) F i (G (m (H s y (n p (o u) af o I w (y ak (u (J ae ah ab) (K s am k) (L M ag (ah N u k) (O n (ai y i o P d c u)) t w Q ab) ab ak o m) x aa R l p) S f T U V W ah)))))))))
l ap ar at aq av au ao = ar ab (ae h (b (q h u r ao ac)))
u ar aq av au ap ao at = p k y (s ag c ak) n
t = y af m ad z (h (ac k z a))
an ap ao = n z af aj ap s (i p ae)
ah ap at ao aq ar = ak d aa al ac (ar ai u)
v ao aq ap ar = p (ao ao ag h am) ar (ad t) k
------------------------------------------------------------
i z (s al o al) (l aj aa (A c h (B ag ah j ad u (m m af al (w v ah g (c C ac q a ad (D E e j j)) F i (G (m (H s y (n p (o u) af o I w (y ak (u (J ae ah ab) (K s am k) (L M ag (ah N u k) (O n (ai y i o P d c u)) t w Q ab) ab ak o m) x aa R l p) S f T U V W ah)))))))))
i z (s al o al) (l aj aa (A c h (B ag ah j ad u (m m af al (i (c C ac q a ad (D E e j j)) aj)))))
i z (s al o al) (l aj aa (A c h (B ag ah j ad u (m m af al (i (q i f j f am (C ae i) ac q a ad (D E e j j)) aj)))))
i z (s al o al) (l aj aa (A c h (B ag ah j ad u (m m af al (i (an (m (i (f y a n) al)) f j f am (C ae i) ac q a ad (D E e j j)) aj)))))
i z (s al o al) (l aj aa (A c h (B ag ah j ad u (m m af al (i (n z af aj (m (i (f y a n) al)) s (i p ae) j f am (C ae i) ac q a ad (D E e j j)) aj)))))
i z (s al o al) (l aj aa (A c h (B ag ah j ad u (m m af al (i (s q (aj y p) k af aj (m (i (f y a n) al)) s (i p ae) j f am (C ae i) ac q a ad (D E e j j)) aj)))))
i z (s al o al) (l aj aa (A c h (B ag ah j ad u (m m af al (i (f l (k p ag y v c ab) (m (i (f y a n) al)) s (i p ae) j f am (C ae i) ac q a ad (D E e j j)) aj)))))
i z (s al o al) (l aj aa (A c h (B ag ah j ad u (m m af al (i (c ac ak g ak z aa af m ac o al (m (i (f y a n) al)) s (i p ae) j f am (C ae i) ac q a ad (D E e j j)) aj)))))
i z (s al o al) (l aj aa (A c h (B ag ah j ad u (m m af al (i (q i f j f am (ac ae i) ak g ak z aa af m ac o al (m (i (f y a n) al)) s (i p ae) j f am (C ae i) ac q a ad (D E e j j)) aj)))))
i z (s al o al) (l aj aa (A c h (B ag ah j ad u (m m af al (i (an (m (i (f y a n) al)) f j f am (ac ae i) ak g ak z aa af m ac o al (m (i (f y a n) al)) s (i p ae) j f am (C ae i) ac q a ad (D E e j j)) aj)))))
i z (s al o al) (l aj aa (A c h (B ag ah j ad u (m m af al (i (n z af aj (m (i (f y a n) al)) s (i p ae) j f am (ac ae i) ak g ak z aa af m ac o al (m (i (f y a n) al)) s (i p ae) j f am (C ae i) ac q a ad (D E e j j)) aj)))))
i z (s al o al) (l aj aa (A c h (B ag ah j ad u (m m af al (i (s q (aj y p) k af aj (m (i (f y a n) al)) s (i p ae) j f am (ac ae i) ak g ak z aa af m ac o al (m (i (f y a n) al)) s (i p ae) j f am (C ae i) ac q a ad (D E e j j)) aj)))))
i z (s al o al) (l aj aa (A c h (B ag ah j ad u (m m af al (i (f l (k p ag y v c ab) (m (i (f y a n) al)) s (i p ae) j f am (ac ae i) ak g ak z aa af m ac o al (m (i (f y a n) al)) s (i p ae) j f am (C ae i) ac q a ad (D E e j j)) aj)))))
i z (s al o al) (l aj aa (A c h (B ag ah j ad u (m m af al (i (c ac ak g ak z aa af m ac o al (m (i (f y a n) al)) s (i p ae) j f am (ac ae i) ak g ak z aa af m ac o al (m (i (f y a n) al)) s (i p ae) j f am (C ae i) ac q a ad (D E e j j)) aj)))))
i z (s al o al) (l aj aa (A c h (B ag ah j ad u (m m af al (i (q i f j f am (ac ae i) ak g ak z aa af m ac o al (m (i (f y a n) al)) s (i p ae) j f am (ac ae i) ak g ak z aa af m ac o al (m (i (f y a n) al)) s (i p ae) j f am (C ae i) ac q a ad (D E e j j)) aj)))))
i z (s al o al) (l aj aa (A c h (B ag ah j ad u (m m af al (i (an (m (i (f y a n) al)) f j f am (ac ae i) ak g ak z aa af m ac o al (m (i (f y a n) al)) s (i p ae) j f am (ac ae i) ak g ak z aa af m ac o al (m (i (f y a n) al)) s (i p ae) j f am (C ae i) ac q a ad (D E e j j)) aj)))))
i z (s al o al) (l aj aa (A c h (B ag ah j ad u (m m af al (i (n z af aj (m (i (f y a n) al)) s (i p ae) j f am (ac ae i) ak g ak z aa af m ac o al (m (i (f y a n) al)) s (i p ae) j f am (ac ae i) ak g ak z aa af m ac o al (m (i (f y a n) al)) s (i p ae) j f am (C ae i) ac q a ad (D E e j j)) aj)))))
i z (s al o al) (l aj aa (A c h (B ag ah j ad u (m m af al (i (s q (aj y p) k af aj (m (i (f y a n) al)) s (i p ae) j f am (ac ae i) ak g ak z aa af m ac o al (m (i (f y a n) al)) s (i p ae) j f am (ac ae i) ak g ak z aa af m ac o al (m (i (f y a n) al)) s (i p ae) j f am (C ae i) ac q a ad (D E e j j)) aj)))))
i z (s al o al) (l aj aa (A c h (B ag ah j ad u (m m af al (i (f l (k p ag y v c ab) (m (i (f y a n) al)) s (i p ae) j f am (ac ae i) ak g ak z aa af m ac o al (m (i (f y a n) al)) s (i p ae) j f am (ac ae i) ak g ak z aa af m ac o al (m (i (f y a n) al)) s (i p ae) j f am (C ae i) ac q a ad (D E e j j)) aj)))))
i z (s al o al) (l aj aa (A c h (B ag ah j ad u (m m af al (i (c ac ak g ak z aa af m ac o al (m (i (f y a n) al)) s (i p ae) j f am (ac ae i) ak g ak z aa af m ac o al (m (i (f y a n) al)) s (i p ae) j f am (ac ae i) ak g ak z aa af m ac o al (m (i (f y a n) al)) s (i p ae) j f am (C ae i) ac q a ad (D E e j j)) aj)))))
i z (s al o al) (l aj aa (A c h (B ag ah j ad u (m m af al (i (q i f j f am (ac ae i) ak g ak z aa af m ac o al (m (i (f y a n) al)) s (i p ae) j f am (ac ae i) ak g ak z aa af m ac o al (m (i (f y a n) al)) s (i p ae) j f am (ac ae i) ak g ak z aa af m ac o al (m (i (f y a n) al)) s (i p ae) j f am (C ae i) ac q a ad (D E e j j)) aj)))))
i z (s al o al) (l aj aa (A c h (B ag ah j ad u (m m af al (i (an (m (i (f y a n) al)) f j f am (ac ae i) ak g ak z aa af m ac o al (m (i (f y a n) al)) s (i p ae) j f am (ac ae i) ak g ak z aa af m ac o al (m (i (f y a n) al)) s (i p ae) j f am (ac ae i) ak g ak z aa af m ac o al (m (i (f y a n) al)) s (i p ae) j f am (C ae i) ac q a ad (D E e j j)) aj)))))
i z (s al o al) (l aj aa (A c h (B ag ah j ad u (m m af al (i (n z af aj (m (i (f y a n) al)) s (i p ae) j f am (ac ae i) ak g ak z aa af m ac o al (m (i (f y a n) al)) s (i p ae) j f am (ac ae i) ak g ak z aa af m ac o al (m (i (f y a n) al)) s (i p ae) j f am (ac ae i) ak g ak z aa af m ac o al (m (i (f y a n) al)) s (i p ae) j f am (C ae i) ac q a ad (D E e j j)) aj)))))
i z (s al o al) (l aj aa (A c h (B ag ah j ad u (m m af al (i (s q (aj y p) k af aj (m (i (f y a n) al)) s (i p ae) j f am (ac ae i) ak g ak z aa af m ac o al (m (i (f y a n) al)) s (i p ae) j f am (ac ae i) ak g ak z aa af m ac o al (m (i (f y a n) al)) s (i p ae) j f am (ac ae i) ak g ak z aa af m ac o al (m (i (f y a n) al)) s (i p ae) j f am (C ae i) ac q a ad (D E e j j)) aj)))))
i z (s al o al) (l aj aa (A c h (B ag ah j ad u (m m af al (i (f l (k p ag y v c ab) (m (i (f y a n) al)) s (i p ae) j f am (ac ae i) ak g ak z aa af m ac o al (m (i (f y a n) al)) s (i p ae) j f am (ac ae i) ak g ak z aa af m ac o al (m (i (f y a n) al)) s (i p ae) j f am (ac ae i) ak g ak z aa af m ac o al (m (i (f y a n) al)) s (i p ae) j f am (C ae i) ac q a ad (D E e j j)) aj)))))
i z (s al o al) (l aj aa (A c h (B ag ah j ad u (m m af al (i (c ac ak g ak z aa af m ac o al (m (i (f y a n) al)) s (i p ae) j f am (ac ae i) ak g ak z aa af m ac o al (m (i (f y a n) al)) s (i p ae) j f am (ac ae i) ak g ak z aa af m ac o al (m (i (f y a n) al)) s (i p ae) j f am (ac ae i) ak g ak z aa af m ac o al (m (i (f y a n) al)) s (i p ae) j f am (C ae i) ac q a ad (D E e j j)) aj)))))
i z (s al o al) (l aj aa (A c h (B ag ah j ad u (m m af al (i (q i f j f am (ac ae i) ak g ak z aa af m ac o al (m (i (f y a n) al)) s (i p ae) j f am (ac ae i) ak g ak z aa af m ac o al (m (i (f y a n) al)) s (i p ae) j f am (ac ae i) ak g ak z aa af m ac o al (m (i (f y a n) al)) s (i p ae) j f am (ac ae i) ak g ak z aa af m ac o al (m (i (f y a n) al)) s (i p ae) j f am (C ae i) ac q a ad (D E e j j)) aj)))))
i z (s al o al) (l aj aa (A c h (B ag ah j ad u (m m af al (i (an (m (i (f y a n) al)) f j f am (ac ae i) ak g ak z aa af m ac o al (m (i (f y a n) al)) s (i p ae) j f am (ac ae i) ak g ak z aa af m ac o al (m (i (f y a n) al)) s (i p ae) j f am (ac ae i) ak g ak z aa af m ac o al (m (i (f y a n) al)) s (i p ae) j f am (ac ae i) ak g ak z aa af m ac o al (m (i (f y a n) al)) s (i p ae) j f am (C ae i) ac q a ad (D E e j j)) aj)))))
i z (s al o al) (l aj aa (A c h (B ag ah j ad u (m m af al (i (n z af aj (m (i (f y a n) al)) s (i p ae) j f am (ac ae i) ak g ak z aa af m ac o al (m (i (f y a n) al)) s (i p ae) j f am (ac ae i) ak g ak z aa af m ac o al (m (i (f y a n) al)) s (i p ae) j f am (ac ae i) ak g ak z aa af m ac o al (m (i (f y a n) al)) s (i p ae) j f am (ac ae i) ak g ak z aa af m ac o al (m (i (f y a n) al)) s (i p ae) j f am (C ae i) ac q a ad (D E e j j)) aj)))))
i z (s al o al) (l aj aa (A c h (B ag ah j ad u (m m af al (i (s q (aj y p) k af aj (m (i (f y a n) al)) s (i p ae) j f am (ac ae i) ak g ak z aa af m ac o al (m (i (f y a n) al)) s (i p ae) j f am (ac ae i) ak g ak z aa af m ac o al (m (i (f y a n) al)) s (i p ae) j f am (ac ae i) ak g ak z aa af m ac o al (m (i (f y a n) al)) s (i p ae) j f am (ac ae i) ak g ak z aa af m ac o al (m (i (f y a n) al)) s (i p ae) j f am (C ae i) ac q a ad (D E e j j)) aj)))))


