ac au ar at ap aq ao q c aa aj (ar z b)
q d aa (ag (p j i))
k ar ao aq ap au at q ar j ag (p (x (e g aa r y z) h))
g aq ar ap ao ah j b i o p i af y i o ac f
u ap ao w (r ap) x l w an f
main A r d B (ai an al C a c ak j z r) q D E F e ak G p am a al H I J v e K (L M a) am aa (ab ai e u g (N c (O u)) (am h (v (j ae o (d (ah r (b j r (P af r ai (Q R an b l v) y a q (S T ae y (c n U s m) (s V))) q u y) af c (s g (an n z) d i ad ae) q z) ac)) c W)))
w ap ao h ag j s g s n ah ao y a (ak r)
am aq ao ap ar an ad c v i (h al) l n o ae
o at aq ao ap au ar ad au z f ai (y af) g (ar h at ah)
ae m r l (am f y)
e ae an f v al p al g ad
v ao ap c h (g (d f p)) c af c ae d p
i ap aq ao au av at ar ah f b v an at (j a q)
n ad (aa y) am aj g ac f (ab q)
aa ao ao ae p d an ae g k ao ab i m
ai ao ap aq ar p ao (ag z ah)
ag ap ao s r al ap (aa ai) ae k s ap aa c
ak ao t q s al ab aa z
m aq ap ao n e af e (n s)
y c r j ac t h h
t ar aq at ao ap af at s b m r ag i ag ab (i w)
l ap ao aa q am t ao (ao aa) n b ak v t
c ap aq ao aj z ai (g s) (ab r aa w d o d t)
s ao ap ar aq x ah h (ah l k e h j x ab)
f au ap ao av ar at aq g u (m x x) (c am p j) c e
ab ar ap ao aq at au n t (f r j (aj z at au)) ac z k
j aq ao ap ar u ah n b aa g al c
al av ar ao at ap aq au an ae an (f aq c n c)
an ao c q f (m ab v) (ab b ao af)
aj aq ar ao au ap at x ad am (ap z) y n ap ai t ak u
d ao z a k (ah (l r x b y (z af l o)))
x ao aq ap ar m aj aj (m j w)
z ao ah j aj ae (ao (e an ad p) ao) (aj e)
af au ar at ao aq ap a ah (ac at aa aq w h ai aa)
b ao al ah ao ac ak (q f)
ad ao aq ar ap ab (d b x ap)
ah b ac ag w
h ar aq ap ao j (n u (aj v) ah af ac (ab g ah))
a ap ao x ag s v (af j ak) al r b
r au aq av ao at ap ar l am (g f) (ap at an f) (ab g)
p b (j m an (c f) ah) (ak am y)
------------------------------------------------------------
A r d B (ai an al C a c ak j z r) q D E F e ak G p am a al H I J v e K (L M a) am aa (ab ai e u g (N c (O u)) (am h (v (j ae o (d (ah r (b j r (P af r ai (Q R an b l v) y a q (S T ae y (c n U s m) (s V))) q u y) af c (s g (an n z) d i ad ae) q z) ac)) c W)))
A r d B (p an (ag z ah) c ak j z r) q D E F e ak G p am a al H I J v e K (L M a) am aa (ab ai e u g (N c (O u)) (am h (v (j ae o (d (ah r (b j r (P af r ai (Q R an b l v) y a q (S T ae y (c n U s m) (s V))) q u y) af c (s g (an n z) d i ad ae) q z) ac)) c W)))
A r d B (b (j m an (c f) ah) (ak am y) an (ag z ah) c ak j z r) q D E F e ak G p am a al H I J v e K (L M a) am aa (ab ai e u g (N c (O u)) (am h (v (j ae o (d (ah r (b j r (P af r ai (Q R an b l v) y a q (S T ae y (c n U s m) (s V))) q u y) af c (s g (an n z) d i ad ae) q z) ac)) c W)))
A r d B (al ah (j m an (c f) ah) ac ak (q f) (ak am y) an (ag z ah) c ak j z r) q D E F e ak G p am a al H I J v e K (L M a) am aa (ab ai e u g (N c (O u)) (am h (v (j ae o (d (ah r (b j r (P af r ai (Q R an b l v) y a q (S T ae y (c n U s m) (s V))) q u y) af c (s g (an n z) d i ad ae) q z) ac)) c W)))
A r d B (an ae an (f (ak am y) c n c) (ag z ah) c ak j z r) q D E F e ak G p am a al H I J v e K (L M a) am aa (ab ai e u g (N c (O u)) (am h (v (j ae o (d (ah r (b j r (P af r ai (Q R an b l v) y a q (S T ae y (c n U s m) (s V))) q u y) af c (s g (an n z) d i ad ae) q z) ac)) c W)))
A r d B (c q f (m ab v) (ab b ae af) an (f (ak am y) c n c) (ag z ah) c ak j z r) q D E F e ak G p am a al H I J v e K (L M a) am aa (ab ai e u g (N c (O u)) (am h (v (j ae o (d (ah r (b j r (P af r ai (Q R an b l v) y a q (S T ae y (c n U s m) (s V))) q u y) af c (s g (an n z) d i ad ae) q z) ac)) c W)))
A r d B (aj z ai (g s) (ab r aa w d o d t) (ab b ae af) an (f (ak am y) c n c) (ag z ah) c ak j z r) q D E F e ak G p am a al H I J v e K (L M a) am aa (ab ai e u g (N c (O u)) (am h (v (j ae o (d (ah r (b j r (P af r ai (Q R an b l v) y a q (S T ae y (c n U s m) (s V))) q u y) af c (s g (an n z) d i ad ae) q z) ac)) c W)))
A r d B (x ad am (ab b ae af z) y n (ab b ae af) ai t ak u (f (ak am y) c n c) (ag z ah) c ak j z r) q D E F e ak G p am a al H I J v e K (L M a) am aa (ab ai e u g (N c (O u)) (am h (v (j ae o (d (ah r (b j r (P af r ai (Q R an b l v) y a q (S T ae y (c n U s m) (s V))) q u y) af c (s g (an n z) d i ad ae) q z) ac)) c W)))
A r d B (m aj aj (m j w) n (ab b ae af) ai t ak u (f (ak am y) c n c) (ag z ah) c ak j z r) q D E F e ak G p am a al H I J v e K (L M a) am aa (ab ai e u g (N c (O u)) (am h (v (j ae o (d (ah r (b j r (P af r ai (Q R an b l v) y a q (S T ae y (c n U s m) (s V))) q u y) af c (s g (an n z) d i ad ae) q z) ac)) c W)))
A r d B (n e af e (n s) n (ab b ae af) ai t ak u (f (ak am y) c n c) (ag z ah) c ak j z r) q D E F e ak G p am a al H I J v e K (L M a) am aa (ab ai e u g (N c (O u)) (am h (v (j ae o (d (ah r (b j r (P af r ai (Q R an b l v) y a q (S T ae y (c n U s m) (s V))) q u y) af c (s g (an n z) d i ad ae) q z) ac)) c W)))
A r d B (ad (aa y) am aj g ac f (ab q) e af e (n s) n (ab b ae af) ai t ak u (f (ak am y) c n c) (ag z ah) c ak j z r) q D E F e ak G p am a al H I J v e K (L M a) am aa (ab ai e u g (N c (O u)) (am h (v (j ae o (d (ah r (b j r (P af r ai (Q R an b l v) y a q (S T ae y (c n U s m) (s V))) q u y) af c (s g (an n z) d i ad ae) q z) ac)) c W)))
A r d B (ab (d b x g) ac f (ab q) e af e (n s) n (ab b ae af) ai t ak u (f (ak am y) c n c) (ag z ah) c ak j z r) q D E F e ak G p am a al H I J v e K (L M a) am aa (ab ai e u g (N c (O u)) (am h (v (j ae o (d (ah r (b j r (P af r ai (Q R an b l v) y a q (S T ae y (c n U s m) (s V))) q u y) af c (s g (an n z) d i ad ae) q z) ac)) c W)))
A r d B (n t (f r j (aj z e af)) ac z k e (n s) n (ab b ae af) ai t ak u (f (ak am y) c n c) (ag z ah) c ak j z r) q D E F e ak G p am a al H I J v e K (L M a) am aa (ab ai e u g (N c (O u)) (am h (v (j ae o (d (ah r (b j r (P af r ai (Q R an b l v) y a q (S T ae y (c n U s m) (s V))) q u y) af c (s g (an n z) d i ad ae) q z) ac)) c W)))
A r d B (ad (aa y) am aj g ac f (ab q) t (f r j (aj z e af)) ac z k e (n s) n (ab b ae af) ai t ak u (f (ak am y) c n c) (ag z ah) c ak j z r) q D E F e ak G p am a al H I J v e K (L M a) am aa (ab ai e u g (N c (O u)) (am h (v (j ae o (d (ah r (b j r (P af r ai (Q R an b l v) y a q (S T ae y (c n U s m) (s V))) q u y) af c (s g (an n z) d i ad ae) q z) ac)) c W)))
A r d B (ab (d b x g) ac f (ab q) t (f r j (aj z e af)) ac z k e (n s) n (ab b ae af) ai t ak u (f (ak am y) c n c) (ag z ah) c ak j z r) q D E F e ak G p am a al H I J v e K (L M a) am aa (ab ai e u g (N c (O u)) (am h (v (j ae o (d (ah r (b j r (P af r ai (Q R an b l v) y a q (S T ae y (c n U s m) (s V))) q u y) af c (s g (an n z) d i ad ae) q z) ac)) c W)))
A r d B (n t (f r j (aj z t (f r j (aj z e af)))) ac z k ac z k e (n s) n (ab b ae af) ai t ak u (f (ak am y) c n c) (ag z ah) c ak j z r) q D E F e ak G p am a al H I J v e K (L M a) am aa (ab ai e u g (N c (O u)) (am h (v (j ae o (d (ah r (b j r (P af r ai (Q R an b l v) y a q (S T ae y (c n U s m) (s V))) q u y) af c (s g (an n z) d i ad ae) q z) ac)) c W)))
A r d B (ad (aa y) am aj g ac f (ab q) t (f r j (aj z t (f r j (aj z e af)))) ac z k ac z k e (n s) n (ab b ae af) ai t ak u (f (ak am y) c n c) (ag z ah) c ak j z r) q D E F e ak G p am a al H I J v e K (L M a) am aa (ab ai e u g (N c (O u)) (am h (v (j ae o (d (ah r (b j r (P af r ai (Q R an b l v) y a q (S T ae y (c n U s m) (s V))) q u y) af c (s g (an n z) d i ad ae) q z) ac)) c W)))
A r d B (ab (d b x g) ac f (ab q) t (f r j (aj z t (f r j (aj z e af)))) ac z k ac z k e (n s) n (ab b ae af) ai t ak u (f (ak am y) c n c) (ag z ah) c ak j z r) q D E F e ak G p am a al H I J v e K (L M a) am aa (ab ai e u g (N c (O u)) (am h (v (j ae o (d (ah r (b j r (P af r ai (Q R an b l v) y a q (S T ae y (c n U s m) (s V))) q u y) af c (s g (an n z) d i ad ae) q z) ac)) c W)))
A r d B (n t (f r j (aj z t (f r j (aj z t (f r j (aj z e af)))))) ac z k ac z k ac z k e (n s) n (ab b ae af) ai t ak u (f (ak am y) c n c) (ag z ah) c ak j z r) q D E F e ak G p am a al H I J v e K (L M a) am aa (ab ai e u g (N c (O u)) (am h (v (j ae o (d (ah r (b j r (P af r ai (Q R an b l v) y a q (S T ae y (c n U s m) (s V))) q u y) af c (s g (an n z) d i ad ae) q z) ac)) c W)))
A r d B (ad (aa y) am aj g ac f (ab q) t (f r j (aj z t (f r j (aj z t (f r j (aj z e af)))))) ac z k ac z k ac z k e (n s) n (ab b ae af) ai t ak u (f (ak am y) c n c) (ag z ah) c ak j z r) q D E F e ak G p am a al H I J v e K (L M a) am aa (ab ai e u g (N c (O u)) (am h (v (j ae o (d (ah r (b j r (P af r ai (Q R an b l v) y a q (S T ae y (c n U s m) (s V))) q u y) af c (s g (an n z) d i ad ae) q z) ac)) c W)))
A r d B (ab (d b x g) ac f (ab q) t (f r j (aj z t (f r j (aj z t (f r j (aj z e af)))))) ac z k ac z k ac z k e (n s) n (ab b ae af) ai t ak u (f (ak am y) c n c) (ag z ah) c ak j z r) q D E F e ak G p am a al H I J v e K (L M a) am aa (ab ai e u g (N c (O u)) (am h (v (j ae o (d (ah r (b j r (P af r ai (Q R an b l v) y a q (S T ae y (c n U s m) (s V))) q u y) af c (s g (an n z) d i ad ae) q z) ac)) c W)))
A r d B (n t (f r j (aj z t (f r j (aj z t (f r j (aj z t (f r j (aj z e af)))))))) ac z k ac z k ac z k ac z k e (n s) n (ab b ae af) ai t ak u (f (ak am y) c n c) (ag z ah) c ak j z r) q D E F e ak G p am a al H I J v e K (L M a) am aa (ab ai e u g (N c (O u)) (am h (v (j ae o (d (ah r (b j r (P af r ai (Q R an b l v) y a q (S T ae y (c n U s m) (s V))) q u y) af c (s g (an n z) d i ad ae) q z) ac)) c W)))
A r d B (ad (aa y) am aj g ac f (ab q) t (f r j (aj z t (f r j (aj z t (f r j (aj z t (f r j (aj z e af)))))))) ac z k ac z k ac z k ac z k e (n s) n (ab b ae af) ai t ak u (f (ak am y) c n c) (ag z ah) c ak j z r) q D E F e ak G p am a al H I J v e K (L M a) am aa (ab ai e u g (N c (O u)) (am h (v (j ae o (d (ah r (b j r (P af r ai (Q R an b l v) y a q (S T ae y (c n U s m) (s V))) q u y) af c (s g (an n z) d i ad ae) q z) ac)) c W)))
A r d B (ab (d b x g) ac f (ab q) t (f r j (aj z t (f r j (aj z t (f r j (aj z t (f r j (aj z e af)))))))) ac z k ac z k ac z k ac z k e (n s) n (ab b ae af) ai t ak u (f (ak am y) c n c) (ag z ah) c ak j z r) q D E F e ak G p am a al H I J v e K (L M a) am aa (ab ai e u g (N c (O u)) (am h (v (j ae o (d (ah r (b j r (P af r ai (Q R an b l v) y a q (S T ae y (c n U s m) (s V))) q u y) af c (s g (an n z) d i ad ae) q z) ac)) c W)))
A r d B (n t (f r j (aj z t (f r j (aj z t (f r j (aj z t (f r j (aj z t (f r j (aj z e af)))))))))) ac z k ac z k ac z k ac z k ac z k e (n s) n (ab b ae af) ai t ak u (f (ak am y) c n c) (ag z ah) c ak j z r) q D E F e ak G p am a al H I J v e K (L M a) am aa (ab ai e u g (N c (O u)) (am h (v (j ae o (d (ah r (b j r (P af r ai (Q R an b l v) y a q (S T ae y (c n U s m) (s V))) q u y) af c (s g (an n z) d i ad ae) q z) ac)) c W)))
A r d B (ad (aa y) am aj g ac f (ab q) t (f r j (aj z t (f r j (aj z t (f r j (aj z t (f r j (aj z t (f r j (aj z e af)))))))))) ac z k ac z k ac z k ac z k ac z k e (n s) n (ab b ae af) ai t ak u (f (ak am y) c n c) (ag z ah) c ak j z r) q D E F e ak G p am a al H I J v e K (L M a) am aa (ab ai e u g (N c (O u)) (am h (v (j ae o (d (ah r (b j r (P af r ai (Q R an b l v) y a q (S T ae y (c n U s m) (s V))) q u y) af c (s g (an n z) d i ad ae) q z) ac)) c W)))
A r d B (ab (d b x g) ac f (ab q) t (f r j (aj z t (f r j (aj z t (f r j (aj z t (f r j (aj z t (f r j (aj z e af)))))))))) ac z k ac z k ac z k ac z k ac z k e (n s) n (ab b ae af) ai t ak u (f (ak am y) c n c) (ag z ah) c ak j z r) q D E F e ak G p am a al H I J v e K (L M a) am aa (ab ai e u g (N c (O u)) (am h (v (j ae o (d (ah r (b j r (P af r ai (Q R an b l v) y a q (S T ae y (c n U s m) (s V))) q u y) af c (s g (an n z) d i ad ae) q z) ac)) c W)))
A r d B (n t (f r j (aj z t (f r j (aj z t (f r j (aj z t (f r j (aj z t (f r j (aj z t (f r j (aj z e af)))))))))))) ac z k ac z k ac z k ac z k ac z k ac z k e (n s) n (ab b ae af) ai t ak u (f (ak am y) c n c) (ag z ah) c ak j z r) q D E F e ak G p am a al H I J v e K (L M a) am aa (ab ai e u g (N c (O u)) (am h (v (j ae o (d (ah r (b j r (P af r ai (Q R an b l v) y a q (S T ae y (c n U s m) (s V))) q u y) af c (s g (an n z) d i ad ae) q z) ac)) c W)))
A r d B (ad (aa y) am aj g ac f (ab q) t (f r j (aj z t (f r j (aj z t (f r j (aj z t (f r j (aj z t (f r j (aj z t (f r j (aj z e af)))))))))))) ac z k ac z k ac z k ac z k ac z k ac z k e (n s) n (ab b ae af) ai t ak u (f (ak am y) c n c) (ag z ah) c ak j z r) q D E F e ak G p am a al H I J v e K (L M a) am aa (ab ai e u g (N c (O u)) (am h (v (j ae o (d (ah r (b j r (P af r ai (Q R an b l v) y a q (S T ae y (c n U s m) (s V))) q u y) af c (s g (an n z) d i ad ae) q z) ac)) c W)))
A r d B (ab (d b x g) ac f (ab q) t (f r j (aj z t (f r j (aj z t (f r j (aj z t (f r j (aj z t (f r j (aj z t (f r j (aj z e af)))))))))))) ac z k ac z k ac z k ac z k ac z k ac z k e (n s) n (ab b ae af) ai t ak u (f (ak am y) c n c) (ag z ah) c ak j z r) q D E F e ak G p am a al H I J v e K (L M a) am aa (ab ai e u g (N c (O u)) (am h (v (j ae o (d (ah r (b j r (P af r ai (Q R an b l v) y a q (S T ae y (c n U s m) (s V))) q u y) af c (s g (an n z) d i ad ae) q z) ac)) c W)))


