al aq ar ap ao ao (ag ar j) am o aa r u
an aq ap ao ar g f
d at ar ap au ao aq n i am t q v (ag ad) v o
j a ac ad
ah ao ap af z b ap ai aa h d
y ap ao aq d (ao k) ap x q r (ai am)
p aq ap at ar ao ad u (ad c r (y b (n l at r c)))
v at aq ar ao au ap m af ab (af (an ag aa) (ac ac (w e a t)))
b ap aq ao d u j ac o t z
i at aq ap ar ao ag ae (k p af y b) k (u (af t) ad)
aa ao ad q q e u
k aq ap ao an (aa y a) an (ae ap) aj
ag aq ap ar ao ad (af aj aa j al)
a ao ap ap h (l ao) j s (b ao am w p)
e aq ao at ap ar z f v k y (s b k)
ae ap av aq at ar au ao aa f ab l d ah m n c (o aq b ai)
z ap ar aq ao ae b ah d j g r k d aa ac ak u
u ao z ag p i ad t (af (ab e) x)
f at aq ar ap ao t (ai (h g k r p r am) ae ae)
t aq ap ao l ai ao an ap z
c ao aj aj ao t am (ac n)
main A t ad ab aa B C (an al (ac (D E F k k e h (G H I ad J aj (K L M (o e N (aj an ag w O P f (o Q (e ai (w R (s d (ae p an y (j S T t v w)) aj f U (d n q i al o d) j) n V)) ad z a s ai (W b (X (q b) Y af (f ab (Z AA o AB AC AD i) i o AE AF o ae) w)))) y ab) AG y r)))))
h ao ap v (n (r ad q) p x)
ad ap au aq ar ao at g
m aq ao av ar au at ap ao (c d ap ab)
n aq ap ao l c (b aa u ac q)
ac ao aq ap al w am j ap j ap aj ap
ak aq ap at ar ao g (ah x m) i aa (x z) aq
x aq ap ao ar at ah an (ao s (t ap) (f ae aq h s) ac)
q aq ao ap am o s v
af ao ar aq ap l a (o aj y z aa) s ai j ab
r ao ap aq au ar at af (af k) g ah ai s s ac u
o ao aq ar ap at x i aj ag n m ar k an a
ai aq ap ar at ao j ae ac j a p
am au aq ar at ap ao ac k al ak e ad w e
s aq ao ar at ap ah
g aq ap ar ao aa a ag an f ac aq e (ak y)
w at ar au ap ao av aq h af au an v g r m (ai (ad t h h))
ab at ar aq ao ap z s p (ac v (w b n u r)) aq s f
aj ar aq ap at ao au c ac ar m ad y k am (g n q ad)
l at ao ap av au aq ar x (u av ag ai) d d s (p c h g u)
------------------------------------------------------------
A t ad ab aa B C (an al (ac (D E F k k e h (G H I ad J aj (K L M (o e N (aj an ag w O P f (o Q (e ai (w R (s d (ae p an y (j S T t v w)) aj f U (d n q i al o d) j) n V)) ad z a s ai (W b (X (q b) Y af (f ab (Z AA o AB AC AD i) i o AE AF o ae) w)))) y ab) AG y r)))))
A t ad ab aa B C (an al (ac (D E F k k e h (G H I ad J aj (K L M (x i aj ag n m (aj an ag w O P f (o Q (e ai (w R (s d (ae p an y (j S T t v w)) aj f U (d n q i al o d) j) n V)) ad z a s ai (W b (X (q b) Y af (f ab (Z AA o AB AC AD i) i o AE AF o ae) w)))) k an a) AG y r)))))
A t ad ab aa B C (an al (ac (D E F k k e h (G H I ad J aj (K L M (ah an (ag s (t aj) (f ae i h s) ac) (aj an ag w O P f (o Q (e ai (w R (s d (ae p an y (j S T t v w)) aj f U (d n q i al o d) j) n V)) ad z a s ai (W b (X (q b) Y af (f ab (Z AA o AB AC AD i) i o AE AF o ae) w)))) k an a) AG y r)))))
A t ad ab aa B C (an al (ac (D E F k k e h (G H I ad J aj (K L M (af z b (ag s (t aj) (f ae i h s) ac) ai aa h d (aj an ag w O P f (o Q (e ai (w R (s d (ae p an y (j S T t v w)) aj f U (d n q i al o d) j) n V)) ad z a s ai (W b (X (q b) Y af (f ab (Z AA o AB AC AD i) i o AE AF o ae) w)))) k an a) AG y r)))))
A t ad ab aa B C (an al (ac (D E F k k e h (G H I ad J aj (K L M (l a (o aj y z aa) s ai j ab aa h d (aj an ag w O P f (o Q (e ai (w R (s d (ae p an y (j S T t v w)) aj f U (d n q i al o d) j) n V)) ad z a s ai (W b (X (q b) Y af (f ab (Z AA o AB AC AD i) i o AE AF o ae) w)))) k an a) AG y r)))))
A t ad ab aa B C (an al (ac (D E F k k e h (G H I ad J aj (K L M (x (u ai ag ai) d d s (p c h g u) h d (aj an ag w O P f (o Q (e ai (w R (s d (ae p an y (j S T t v w)) aj f U (d n q i al o d) j) n V)) ad z a s ai (W b (X (q b) Y af (f ab (Z AA o AB AC AD i) i o AE AF o ae) w)))) k an a) AG y r)))))
A t ad ab aa B C (an al (ac (D E F k k e h (G H I ad J aj (K L M (ah an (d s (t d) (f ae (u ai ag ai) h s) ac) h d (aj an ag w O P f (o Q (e ai (w R (s d (ae p an y (j S T t v w)) aj f U (d n q i al o d) j) n V)) ad z a s ai (W b (X (q b) Y af (f ab (Z AA o AB AC AD i) i o AE AF o ae) w)))) k an a) AG y r)))))
A t ad ab aa B C (an al (ac (D E F k k e h (G H I ad J aj (K L M (af z b (d s (t d) (f ae (u ai ag ai) h s) ac) ai aa h d h d (aj an ag w O P f (o Q (e ai (w R (s d (ae p an y (j S T t v w)) aj f U (d n q i al o d) j) n V)) ad z a s ai (W b (X (q b) Y af (f ab (Z AA o AB AC AD i) i o AE AF o ae) w)))) k an a) AG y r)))))
A t ad ab aa B C (an al (ac (D E F k k e h (G H I ad J aj (K L M (l a (o aj y z aa) s ai j ab aa h d h d (aj an ag w O P f (o Q (e ai (w R (s d (ae p an y (j S T t v w)) aj f U (d n q i al o d) j) n V)) ad z a s ai (W b (X (q b) Y af (f ab (Z AA o AB AC AD i) i o AE AF o ae) w)))) k an a) AG y r)))))
A t ad ab aa B C (an al (ac (D E F k k e h (G H I ad J aj (K L M (x (u ai ag ai) d d s (p c h g u) h d h d (aj an ag w O P f (o Q (e ai (w R (s d (ae p an y (j S T t v w)) aj f U (d n q i al o d) j) n V)) ad z a s ai (W b (X (q b) Y af (f ab (Z AA o AB AC AD i) i o AE AF o ae) w)))) k an a) AG y r)))))
A t ad ab aa B C (an al (ac (D E F k k e h (G H I ad J aj (K L M (ah an (d s (t d) (f ae (u ai ag ai) h s) ac) h d h d (aj an ag w O P f (o Q (e ai (w R (s d (ae p an y (j S T t v w)) aj f U (d n q i al o d) j) n V)) ad z a s ai (W b (X (q b) Y af (f ab (Z AA o AB AC AD i) i o AE AF o ae) w)))) k an a) AG y r)))))
A t ad ab aa B C (an al (ac (D E F k k e h (G H I ad J aj (K L M (af z b (d s (t d) (f ae (u ai ag ai) h s) ac) ai aa h d h d h d (aj an ag w O P f (o Q (e ai (w R (s d (ae p an y (j S T t v w)) aj f U (d n q i al o d) j) n V)) ad z a s ai (W b (X (q b) Y af (f ab (Z AA o AB AC AD i) i o AE AF o ae) w)))) k an a) AG y r)))))
A t ad ab aa B C (an al (ac (D E F k k e h (G H I ad J aj (K L M (l a (o aj y z aa) s ai j ab aa h d h d h d (aj an ag w O P f (o Q (e ai (w R (s d (ae p an y (j S T t v w)) aj f U (d n q i al o d) j) n V)) ad z a s ai (W b (X (q b) Y af (f ab (Z AA o AB AC AD i) i o AE AF o ae) w)))) k an a) AG y r)))))
A t ad ab aa B C (an al (ac (D E F k k e h (G H I ad J aj (K L M (x (u ai ag ai) d d s (p c h g u) h d h d h d (aj an ag w O P f (o Q (e ai (w R (s d (ae p an y (j S T t v w)) aj f U (d n q i al o d) j) n V)) ad z a s ai (W b (X (q b) Y af (f ab (Z AA o AB AC AD i) i o AE AF o ae) w)))) k an a) AG y r)))))
A t ad ab aa B C (an al (ac (D E F k k e h (G H I ad J aj (K L M (ah an (d s (t d) (f ae (u ai ag ai) h s) ac) h d h d h d (aj an ag w O P f (o Q (e ai (w R (s d (ae p an y (j S T t v w)) aj f U (d n q i al o d) j) n V)) ad z a s ai (W b (X (q b) Y af (f ab (Z AA o AB AC AD i) i o AE AF o ae) w)))) k an a) AG y r)))))
A t ad ab aa B C (an al (ac (D E F k k e h (G H I ad J aj (K L M (af z b (d s (t d) (f ae (u ai ag ai) h s) ac) ai aa h d h d h d h d (aj an ag w O P f (o Q (e ai (w R (s d (ae p an y (j S T t v w)) aj f U (d n q i al o d) j) n V)) ad z a s ai (W b (X (q b) Y af (f ab (Z AA o AB AC AD i) i o AE AF o ae) w)))) k an a) AG y r)))))
A t ad ab aa B C (an al (ac (D E F k k e h (G H I ad J aj (K L M (l a (o aj y z aa) s ai j ab aa h d h d h d h d (aj an ag w O P f (o Q (e ai (w R (s d (ae p an y (j S T t v w)) aj f U (d n q i al o d) j) n V)) ad z a s ai (W b (X (q b) Y af (f ab (Z AA o AB AC AD i) i o AE AF o ae) w)))) k an a) AG y r)))))
A t ad ab aa B C (an al (ac (D E F k k e h (G H I ad J aj (K L M (x (u ai ag ai) d d s (p c h g u) h d h d h d h d (aj an ag w O P f (o Q (e ai (w R (s d (ae p an y (j S T t v w)) aj f U (d n q i al o d) j) n V)) ad z a s ai (W b (X (q b) Y af (f ab (Z AA o AB AC AD i) i o AE AF o ae) w)))) k an a) AG y r)))))
A t ad ab aa B C (an al (ac (D E F k k e h (G H I ad J aj (K L M (ah an (d s (t d) (f ae (u ai ag ai) h s) ac) h d h d h d h d (aj an ag w O P f (o Q (e ai (w R (s d (ae p an y (j S T t v w)) aj f U (d n q i al o d) j) n V)) ad z a s ai (W b (X (q b) Y af (f ab (Z AA o AB AC AD i) i o AE AF o ae) w)))) k an a) AG y r)))))
A t ad ab aa B C (an al (ac (D E F k k e h (G H I ad J aj (K L M (af z b (d s (t d) (f ae (u ai ag ai) h s) ac) ai aa h d h d h d h d h d (aj an ag w O P f (o Q (e ai (w R (s d (ae p an y (j S T t v w)) aj f U (d n q i al o d) j) n V)) ad z a s ai (W b (X (q b) Y af (f ab (Z AA o AB AC AD i) i o AE AF o ae) w)))) k an a) AG y r)))))
A t ad ab aa B C (an al (ac (D E F k k e h (G H I ad J aj (K L M (l a (o aj y z aa) s ai j ab aa h d h d h d h d h d (aj an ag w O P f (o Q (e ai (w R (s d (ae p an y (j S T t v w)) aj f U (d n q i al o d) j) n V)) ad z a s ai (W b (X (q b) Y af (f ab (Z AA o AB AC AD i) i o AE AF o ae) w)))) k an a) AG y r)))))
A t ad ab aa B C (an al (ac (D E F k k e h (G H I ad J aj (K L M (x (u ai ag ai) d d s (p c h g u) h d h d h d h d h d (aj an ag w O P f (o Q (e ai (w R (s d (ae p an y (j S T t v w)) aj f U (d n q i al o d) j) n V)) ad z a s ai (W b (X (q b) Y af (f ab (Z AA o AB AC AD i) i o AE AF o ae) w)))) k an a) AG y r)))))
A t ad ab aa B C (an al (ac (D E F k k e h (G H I ad J aj (K L M (ah an (d s (t d) (f ae (u ai ag ai) h s) ac) h d h d h d h d h d (aj an ag w O P f (o Q (e ai (w R (s d (ae p an y (j S T t v w)) aj f U (d n q i al o d) j) n V)) ad z a s ai (W b (X (q b) Y af (f ab (Z AA o AB AC AD i) i o AE AF o ae) w)))) k an a) AG y r)))))
A t ad ab aa B C (an al (ac (D E F k k e h (G H I ad J aj (K L M (af z b (d s (t d) (f ae (u ai ag ai) h s) ac) ai aa h d h d h d h d h d h d (aj an ag w O P f (o Q (e ai (w R (s d (ae p an y (j S T t v w)) aj f U (d n q i al o d) j) n V)) ad z a s ai (W b (X (q b) Y af (f ab (Z AA o AB AC AD i) i o AE AF o ae) w)))) k an a) AG y r)))))
A t ad ab aa B C (an al (ac (D E F k k e h (G H I ad J aj (K L M (l a (o aj y z aa) s ai j ab aa h d h d h d h d h d h d (aj an ag w O P f (o Q (e ai (w R (s d (ae p an y (j S T t v w)) aj f U (d n q i al o d) j) n V)) ad z a s ai (W b (X (q b) Y af (f ab (Z AA o AB AC AD i) i o AE AF o ae) w)))) k an a) AG y r)))))
A t ad ab aa B C (an al (ac (D E F k k e h (G H I ad J aj (K L M (x (u ai ag ai) d d s (p c h g u) h d h d h d h d h d h d (aj an ag w O P f (o Q (e ai (w R (s d (ae p an y (j S T t v w)) aj f U (d n q i al o d) j) n V)) ad z a s ai (W b (X (q b) Y af (f ab (Z AA o AB AC AD i) i o AE AF o ae) w)))) k an a) AG y r)))))
A t ad ab aa B C (an al (ac (D E F k k e h (G H I ad J aj (K L M (ah an (d s (t d) (f ae (u ai ag ai) h s) ac) h d h d h d h d h d h d (aj an ag w O P f (o Q (e ai (w R (s d (ae p an y (j S T t v w)) aj f U (d n q i al o d) j) n V)) ad z a s ai (W b (X (q b) Y af (f ab (Z AA o AB AC AD i) i o AE AF o ae) w)))) k an a) AG y r)))))
A t ad ab aa B C (an al (ac (D E F k k e h (G H I ad J aj (K L M (af z b (d s (t d) (f ae (u ai ag ai) h s) ac) ai aa h d h d h d h d h d h d h d (aj an ag w O P f (o Q (e ai (w R (s d (ae p an y (j S T t v w)) aj f U (d n q i al o d) j) n V)) ad z a s ai (W b (X (q b) Y af (f ab (Z AA o AB AC AD i) i o AE AF o ae) w)))) k an a) AG y r)))))
A t ad ab aa B C (an al (ac (D E F k k e h (G H I ad J aj (K L M (l a (o aj y z aa) s ai j ab aa h d h d h d h d h d h d h d (aj an ag w O P f (o Q (e ai (w R (s d (ae p an y (j S T t v w)) aj f U (d n q i al o d) j) n V)) ad z a s ai (W b (X (q b) Y af (f ab (Z AA o AB AC AD i) i o AE AF o ae) w)))) k an a) AG y r)))))
A t ad ab aa B C (an al (ac (D E F k k e h (G H I ad J aj (K L M (x (u ai ag ai) d d s (p c h g u) h d h d h d h d h d h d h d (aj an ag w O P f (o Q (e ai (w R (s d (ae p an y (j S T t v w)) aj f U (d n q i al o d) j) n V)) ad z a s ai (W b (X (q b) Y af (f ab (Z AA o AB AC AD i) i o AE AF o ae) w)))) k an a) AG y r)))))


