ae = u (j am (ah (z b q v ak ac ah) f ai))
p = v (ag z q s a ag) z (aa s n ad r)
k at aq ao av ap au ar = h s ao x m ai
s ap ao = w e aa (aj m) p an an n w r
o ar aq ao ap = w ae (al m) (e p)
e ao = ao (p f (d g (al s) h m ab))
j ap ao ar aq = d b t w
af ao = ai ao (ao c (y h c) ag z) i
x ao au ap av at ar aq = ae ar c (s ao) ao
ag ao aq ap = e a d aa
b ap au ao ar at aq = k o z ar x w g p
main = m A (k al (an al t ab B w (C D E (F am (ai an) ac G H an) ad (j w aa)) I t J ae (af (K L (z l am (k (a (s e an ag e) (M m) j an (j (p (u (N b (O (ab c (ai m P af e) (Q R (S T i j al (U (V ai) W (X Y ag n y (i ac Z) ab c q z ac m) x am) d AA e x) AB ac) AC ai g j ad n q ak)))))))))))))
w ap aq at ao au ar av = r m ak ao (a (ae t l (ai i h ah)))
u au aq av ao ar at ap = c l o o x y
c au ao ar ap aq at = i d p (aa af p ag v aa)
y ao = i (f w ai ao ad i e p ao) p b ac
an = w f h aa f af s (e i)
h ar ap at aq ao = e ad ai al p s aj am l ap
r ap au ar ao aq av at = ag ak l q ah v n af o ah an
a ao aq ap ar at = am p aa f ao (n ac)
t ao au av aq ar at ap = w (ag (j l (n w ab) u))
v ao ap = ab x p w ao i q s aj (c h)
i ao = q x j x ae y ad o q
aj = a an l ak ac e (af c) ae b w
am aq ap ar ao at = ag ab h c r ap
ab ap ao aq = t aa v ah ai aj (q (j q w))
z ao ap = m j o (am ad u)
ak ao ap = d w ab ah p ai l ap r h
al ao ap aq = ae (ae aj x (ao (ag (ac g) h an u s) ak))
q = aj ag af aj (s j) ae x l
f ao = r ae c k j
l au ar at ap aq ao av = k s u m t m h ab
m ap ao ar aq = g aa ac (r an) an (s ah) an
d ap ar at aq ao = c t b ae ad (g an k) af aa an
ad ao aq ar at ap = d ac j (k e aa al) ar ap
ah ap ao = r ag x l x c t aj ai
g ap at aq ar ao = ak (o m al) t k ae
n = a w u (ab ae k u ak)
ai au aq ar ap at ao = y i am ab ag au ar ac q u m d
aa at ap ao ar aq = ab ar ah aq v ag i at
ac = am (aa aa (l q ae))
------------------------------------------------------------
m A (k al (an al t ab B w (C D E (F am (ai an) ac G H an) ad (j w aa)) I t J ae (af (K L (z l am (k (a (s e an ag e) (M m) j an (j (p (u (N b (O (ab c (ai m P af e) (Q R (S T i j al (U (V ai) W (X Y ag n y (i ac Z) ab c q z ac m) x am) d AA e x) AB ac) AC ai g j ad n q ak)))))))))))))
m A (k al (w f h aa f af s (e i) al t ab B w (C D E (F am (ai an) ac G H an) ad (j w aa)) I t J ae (af (K L (z l am (k (a (s e an ag e) (M m) j an (j (p (u (N b (O (ab c (ai m P af e) (Q R (S T i j al (U (V ai) W (X Y ag n y (i ac Z) ab c q z ac m) x am) d AA e x) AB ac) AC ai g j ad n q ak)))))))))))))
m A (k al (r m ak f (a (ae t l (ai i h ah))) al t ab B w (C D E (F am (ai an) ac G H an) ad (j w aa)) I t J ae (af (K L (z l am (k (a (s e an ag e) (M m) j an (j (p (u (N b (O (ab c (ai m P af e) (Q R (S T i j al (U (V ai) W (X Y ag n y (i ac Z) ab c q z ac m) x am) d AA e x) AB ac) AC ai g j ad n q ak)))))))))))))
m A (k al (ag ak l q ah v n af o ah an B w (C D E (F am (ai an) ac G H an) ad (j w aa)) I t J ae (af (K L (z l am (k (a (s e an ag e) (M m) j an (j (p (u (N b (O (ab c (ai m P af e) (Q R (S T i j al (U (V ai) W (X Y ag n y (i ac Z) ab c q z ac m) x am) d AA e x) AB ac) AC ai g j ad n q ak)))))))))))))
m A (k al (e a d aa ah v n af o ah an B w (C D E (F am (ai an) ac G H an) ad (j w aa)) I t J ae (af (K L (z l am (k (a (s e an ag e) (M m) j an (j (p (u (N b (O (ab c (ai m P af e) (Q R (S T i j al (U (V ai) W (X Y ag n y (i ac Z) ab c q z ac m) x am) d AA e x) AB ac) AC ai g j ad n q ak)))))))))))))
m A (k al (a (p f (d g (al s) h m ab)) d aa ah v n af o ah an B w (C D E (F am (ai an) ac G H an) ad (j w aa)) I t J ae (af (K L (z l am (k (a (s e an ag e) (M m) j an (j (p (u (N b (O (ab c (ai m P af e) (Q R (S T i j al (U (V ai) W (X Y ag n y (i ac Z) ab c q z ac m) x am) d AA e x) AB ac) AC ai g j ad n q ak)))))))))))))
m A (k al (am p aa f (p f (d g (al s) h m ab)) (n ac) n af o ah an B w (C D E (F am (ai an) ac G H an) ad (j w aa)) I t J ae (af (K L (z l am (k (a (s e an ag e) (M m) j an (j (p (u (N b (O (ab c (ai m P af e) (Q R (S T i j al (U (V ai) W (X Y ag n y (i ac Z) ab c q z ac m) x am) d AA e x) AB ac) AC ai g j ad n q ak)))))))))))))
m A (k al (ag ab h c r aa n af o ah an B w (C D E (F am (ai an) ac G H an) ad (j w aa)) I t J ae (af (K L (z l am (k (a (s e an ag e) (M m) j an (j (p (u (N b (O (ab c (ai m P af e) (Q R (S T i j al (U (V ai) W (X Y ag n y (i ac Z) ab c q z ac m) x am) d AA e x) AB ac) AC ai g j ad n q ak)))))))))))))
m A (k al (e a d aa r aa n af o ah an B w (C D E (F am (ai an) ac G H an) ad (j w aa)) I t J ae (af (K L (z l am (k (a (s e an ag e) (M m) j an (j (p (u (N b (O (ab c (ai m P af e) (Q R (S T i j al (U (V ai) W (X Y ag n y (i ac Z) ab c q z ac m) x am) d AA e x) AB ac) AC ai g j ad n q ak)))))))))))))
m A (k al (a (p f (d g (al s) h m ab)) d aa r aa n af o ah an B w (C D E (F am (ai an) ac G H an) ad (j w aa)) I t J ae (af (K L (z l am (k (a (s e an ag e) (M m) j an (j (p (u (N b (O (ab c (ai m P af e) (Q R (S T i j al (U (V ai) W (X Y ag n y (i ac Z) ab c q z ac m) x am) d AA e x) AB ac) AC ai g j ad n q ak)))))))))))))
m A (k al (am p aa f (p f (d g (al s) h m ab)) (n ac) n af o ah an B w (C D E (F am (ai an) ac G H an) ad (j w aa)) I t J ae (af (K L (z l am (k (a (s e an ag e) (M m) j an (j (p (u (N b (O (ab c (ai m P af e) (Q R (S T i j al (U (V ai) W (X Y ag n y (i ac Z) ab c q z ac m) x am) d AA e x) AB ac) AC ai g j ad n q ak)))))))))))))
m A (k al (ag ab h c r aa n af o ah an B w (C D E (F am (ai an) ac G H an) ad (j w aa)) I t J ae (af (K L (z l am (k (a (s e an ag e) (M m) j an (j (p (u (N b (O (ab c (ai m P af e) (Q R (S T i j al (U (V ai) W (X Y ag n y (i ac Z) ab c q z ac m) x am) d AA e x) AB ac) AC ai g j ad n q ak)))))))))))))
m A (k al (e a d aa r aa n af o ah an B w (C D E (F am (ai an) ac G H an) ad (j w aa)) I t J ae (af (K L (z l am (k (a (s e an ag e) (M m) j an (j (p (u (N b (O (ab c (ai m P af e) (Q R (S T i j al (U (V ai) W (X Y ag n y (i ac Z) ab c q z ac m) x am) d AA e x) AB ac) AC ai g j ad n q ak)))))))))))))
m A (k al (a (p f (d g (al s) h m ab)) d aa r aa n af o ah an B w (C D E (F am (ai an) ac G H an) ad (j w aa)) I t J ae (af (K L (z l am (k (a (s e an ag e) (M m) j an (j (p (u (N b (O (ab c (ai m P af e) (Q R (S T i j al (U (V ai) W (X Y ag n y (i ac Z) ab c q z ac m) x am) d AA e x) AB ac) AC ai g j ad n q ak)))))))))))))
m A (k al (am p aa f (p f (d g (al s) h m ab)) (n ac) n af o ah an B w (C D E (F am (ai an) ac G H an) ad (j w aa)) I t J ae (af (K L (z l am (k (a (s e an ag e) (M m) j an (j (p (u (N b (O (ab c (ai m P af e) (Q R (S T i j al (U (V ai) W (X Y ag n y (i ac Z) ab c q z ac m) x am) d AA e x) AB ac) AC ai g j ad n q ak)))))))))))))
m A (k al (ag ab h c r aa n af o ah an B w (C D E (F am (ai an) ac G H an) ad (j w aa)) I t J ae (af (K L (z l am (k (a (s e an ag e) (M m) j an (j (p (u (N b (O (ab c (ai m P af e) (Q R (S T i j al (U (V ai) W (X Y ag n y (i ac Z) ab c q z ac m) x am) d AA e x) AB ac) AC ai g j ad n q ak)))))))))))))
m A (k al (e a d aa r aa n af o ah an B w (C D E (F am (ai an) ac G H an) ad (j w aa)) I t J ae (af (K L (z l am (k (a (s e an ag e) (M m) j an (j (p (u (N b (O (ab c (ai m P af e) (Q R (S T i j al (U (V ai) W (X Y ag n y (i ac Z) ab c q z ac m) x am) d AA e x) AB ac) AC ai g j ad n q ak)))))))))))))
m A (k al (a (p f (d g (al s) h m ab)) d aa r aa n af o ah an B w (C D E (F am (ai an) ac G H an) ad (j w aa)) I t J ae (af (K L (z l am (k (a (s e an ag e) (M m) j an (j (p (u (N b (O (ab c (ai m P af e) (Q R (S T i j al (U (V ai) W (X Y ag n y (i ac Z) ab c q z ac m) x am) d AA e x) AB ac) AC ai g j ad n q ak)))))))))))))
m A (k al (am p aa f (p f (d g (al s) h m ab)) (n ac) n af o ah an B w (C D E (F am (ai an) ac G H an) ad (j w aa)) I t J ae (af (K L (z l am (k (a (s e an ag e) (M m) j an (j (p (u (N b (O (ab c (ai m P af e) (Q R (S T i j al (U (V ai) W (X Y ag n y (i ac Z) ab c q z ac m) x am) d AA e x) AB ac) AC ai g j ad n q ak)))))))))))))
m A (k al (ag ab h c r aa n af o ah an B w (C D E (F am (ai an) ac G H an) ad (j w aa)) I t J ae (af (K L (z l am (k (a (s e an ag e) (M m) j an (j (p (u (N b (O (ab c (ai m P af e) (Q R (S T i j al (U (V ai) W (X Y ag n y (i ac Z) ab c q z ac m) x am) d AA e x) AB ac) AC ai g j ad n q ak)))))))))))))
m A (k al (e a d aa r aa n af o ah an B w (C D E (F am (ai an) ac G H an) ad (j w aa)) I t J ae (af (K L (z l am (k (a (s e an ag e) (M m) j an (j (p (u (N b (O (ab c (ai m P af e) (Q R (S T i j al (U (V ai) W (X Y ag n y (i ac Z) ab c q z ac m) x am) d AA e x) AB ac) AC ai g j ad n q ak)))))))))))))
m A (k al (a (p f (d g (al s) h m ab)) d aa r aa n af o ah an B w (C D E (F am (ai an) ac G H an) ad (j w aa)) I t J ae (af (K L (z l am (k (a (s e an ag e) (M m) j an (j (p (u (N b (O (ab c (ai m P af e) (Q R (S T i j al (U (V ai) W (X Y ag n y (i ac Z) ab c q z ac m) x am) d AA e x) AB ac) AC ai g j ad n q ak)))))))))))))
m A (k al (am p aa f (p f (d g (al s) h m ab)) (n ac) n af o ah an B w (C D E (F am (ai an) ac G H an) ad (j w aa)) I t J ae (af (K L (z l am (k (a (s e an ag e) (M m) j an (j (p (u (N b (O (ab c (ai m P af e) (Q R (S T i j al (U (V ai) W (X Y ag n y (i ac Z) ab c q z ac m) x am) d AA e x) AB ac) AC ai g j ad n q ak)))))))))))))
m A (k al (ag ab h c r aa n af o ah an B w (C D E (F am (ai an) ac G H an) ad (j w aa)) I t J ae (af (K L (z l am (k (a (s e an ag e) (M m) j an (j (p (u (N b (O (ab c (ai m P af e) (Q R (S T i j al (U (V ai) W (X Y ag n y (i ac Z) ab c q z ac m) x am) d AA e x) AB ac) AC ai g j ad n q ak)))))))))))))
m A (k al (e a d aa r aa n af o ah an B w (C D E (F am (ai an) ac G H an) ad (j w aa)) I t J ae (af (K L (z l am (k (a (s e an ag e) (M m) j an (j (p (u (N b (O (ab c (ai m P af e) (Q R (S T i j al (U (V ai) W (X Y ag n y (i ac Z) ab c q z ac m) x am) d AA e x) AB ac) AC ai g j ad n q ak)))))))))))))
m A (k al (a (p f (d g (al s) h m ab)) d aa r aa n af o ah an B w (C D E (F am (ai an) ac G H an) ad (j w aa)) I t J ae (af (K L (z l am (k (a (s e an ag e) (M m) j an (j (p (u (N b (O (ab c (ai m P af e) (Q R (S T i j al (U (V ai) W (X Y ag n y (i ac Z) ab c q z ac m) x am) d AA e x) AB ac) AC ai g j ad n q ak)))))))))))))
m A (k al (am p aa f (p f (d g (al s) h m ab)) (n ac) n af o ah an B w (C D E (F am (ai an) ac G H an) ad (j w aa)) I t J ae (af (K L (z l am (k (a (s e an ag e) (M m) j an (j (p (u (N b (O (ab c (ai m P af e) (Q R (S T i j al (U (V ai) W (X Y ag n y (i ac Z) ab c q z ac m) x am) d AA e x) AB ac) AC ai g j ad n q ak)))))))))))))
m A (k al (ag ab h c r aa n af o ah an B w (C D E (F am (ai an) ac G H an) ad (j w aa)) I t J ae (af (K L (z l am (k (a (s e an ag e) (M m) j an (j (p (u (N b (O (ab c (ai m P af e) (Q R (S T i j al (U (V ai) W (X Y ag n y (i ac Z) ab c q z ac m) x am) d AA e x) AB ac) AC ai g j ad n q ak)))))))))))))
m A (k al (e a d aa r aa n af o ah an B w (C D E (F am (ai an) ac G H an) ad (j w aa)) I t J ae (af (K L (z l am (k (a (s e an ag e) (M m) j an (j (p (u (N b (O (ab c (ai m P af e) (Q R (S T i j al (U (V ai) W (X Y ag n y (i ac Z) ab c q z ac m) x am) d AA e x) AB ac) AC ai g j ad n q ak)))))))))))))
m A (k al (a (p f (d g (al s) h m ab)) d aa r aa n af o ah an B w (C D E (F am (ai an) ac G H an) ad (j w aa)) I t J ae (af (K L (z l am (k (a (s e an ag e) (M m) j an (j (p (u (N b (O (ab c (ai m P af e) (Q R (S T i j al (U (V ai) W (X Y ag n y (i ac Z) ab c q z ac m) x am) d AA e x) AB ac) AC ai g j ad n q ak)))))))))))))


