m aq ap at ar ao = aa al aj v (a o) n z
r ao aq ap = aa af
k aq at ar ap ao au = r c at v s aj v y an c
g ar ao ap aq = an s m (x b r) o
v ap ao = ao l aa o l ac
ag aq ao ap ar = ab ao l (t (ar y) ap)
ah ao at au ap ar aq = v ai v ab m s n x
f at ao ap aq au ar = y h n ai au (af (m ac b r m b z))
al ar ap ao aq = ah an v h e
e ao ar ap aq = aj ag ai al af ao ag v an aj
aa ar ap ao aq = al d c a u ad af aq a g h
s ao au av ap at ar aq = y ab (m ar aq f b g)
q ao ap aq = p (l ah)
o ao aq ar at ap = ai z y i s ao e i aa ae
d ao ap = z m ao ab g am j o aa (f m z) al
ae ao = x v d r al al
h ao ap = ap ag ag al (d af l) f r k (s am)
p aq ao au ar at ap = v u x
j ao aq ar ap = i an z l aa i ad (ac (x al aq))
main = s g ag A (B C D E ah) F G l f H (I (k (J s ag) (s w) (x o ai (K c (L h) q i (M o N) a (O d P n (ab (Q k t (R S j s T ad) am (ag a ab r (U V q (W n) (ah (X j (Y e) am (Z AA AB (e q e ai u AC AD y aj d) an AE (AF o ac) (ae ag) (AG AH f) j an AI n ab ad AJ k e ah) o h n)))))))))))
af ao ap = r (y (ao (e d k c) ao ao q))
n ao = o ai x u w (x u t q (ao ak ae k))
ak au ar aq ao av at ap = q g aa x af aj x x ai af i j an
aj = o b an an ab k m y ag
ab ap ao aq ar = ai af d x t an j o
ad aq ar at ap ao = x b ai aq b (ag ai aa (f k ab ac) am)
l aq ao ap at ar = ak an i (i an aa aj ad an)
ai = a ah k (e i aj w)
z ap aq ao = w r b a l x (q ad)
w ao ap = a al s (z b x) k ap d (t ao ap) ao
t at aq ap au ao ar = a u e
a ap ao aq at au ar = s j am j d aq an (t s)
ac = n p ad
b at au ap ao ar aq = v (af (aa v) l l)
i ao aq ap = ab (v aj am o aj l an) d k n w
c ao = ao aa af x ao ab ai
am aq ao ap ar = m
y ao = b ah ai am ab l m ao w w j i q
x ap ao = g l ah k y ak al
an = ad d g n u ad (c ai f ai ag x)
u = h ab a y (n al ad af)
------------------------------------------------------------
s g ag A (B C D E ah) F G l f H (I (k (J s ag) (s w) (x o ai (K c (L h) q i (M o N) a (O d P n (ab (Q k t (R S j s T ad) am (ag a ab r (U V q (W n) (ah (X j (Y e) am (Z AA AB (e q e ai u AC AD y aj d) an AE (AF o ac) (ae ag) (AG AH f) j an AI n ab ad AJ k e ah) o h n)))))))))))
y ab (m G l f b g) f H (I (k (J s ag) (s w) (x o ai (K c (L h) q i (M o N) a (O d P n (ab (Q k t (R S j s T ad) am (ag a ab r (U V q (W n) (ah (X j (Y e) am (Z AA AB (e q e ai u AC AD y aj d) an AE (AF o ac) (ae ag) (AG AH f) j an AI n ab ad AJ k e ah) o h n)))))))))))
b ah ai am ab l m ab w w j i q (m G l f b g) f H (I (k (J s ag) (s w) (x o ai (K c (L h) q i (M o N) a (O d P n (ab (Q k t (R S j s T ad) am (ag a ab r (U V q (W n) (ah (X j (Y e) am (Z AA AB (e q e ai u AC AD y aj d) an AE (AF o ac) (ae ag) (AG AH f) j an AI n ab ad AJ k e ah) o h n)))))))))))
v (af (aa v) l l) ab w w j i q (m G l f b g) f H (I (k (J s ag) (s w) (x o ai (K c (L h) q i (M o N) a (O d P n (ab (Q k t (R S j s T ad) am (ag a ab r (U V q (W n) (ah (X j (Y e) am (Z AA AB (e q e ai u AC AD y aj d) an AE (AF o ac) (ae ag) (AG AH f) j an AI n ab ad AJ k e ah) o h n)))))))))))
ab l aa o l ac w w j i q (m G l f b g) f H (I (k (J s ag) (s w) (x o ai (K c (L h) q i (M o N) a (O d P n (ab (Q k t (R S j s T ad) am (ag a ab r (U V q (W n) (ah (X j (Y e) am (Z AA AB (e q e ai u AC AD y aj d) an AE (AF o ac) (ae ag) (AG AH f) j an AI n ab ad AJ k e ah) o h n)))))))))))
ai af d x t an j o ac w w j i q (m G l f b g) f H (I (k (J s ag) (s w) (x o ai (K c (L h) q i (M o N) a (O d P n (ab (Q k t (R S j s T ad) am (ag a ab r (U V q (W n) (ah (X j (Y e) am (Z AA AB (e q e ai u AC AD y aj d) an AE (AF o ac) (ae ag) (AG AH f) j an AI n ab ad AJ k e ah) o h n)))))))))))
a ah k (e i aj w) af d x t an j o ac w w j i q (m G l f b g) f H (I (k (J s ag) (s w) (x o ai (K c (L h) q i (M o N) a (O d P n (ab (Q k t (R S j s T ad) am (ag a ab r (U V q (W n) (ah (X j (Y e) am (Z AA AB (e q e ai u AC AD y aj d) an AE (AF o ac) (ae ag) (AG AH f) j an AI n ab ad AJ k e ah) o h n)))))))))))
s j am j d (e i aj w) an (t s) t an j o ac w w j i q (m G l f b g) f H (I (k (J s ag) (s w) (x o ai (K c (L h) q i (M o N) a (O d P n (ab (Q k t (R S j s T ad) am (ag a ab r (U V q (W n) (ah (X j (Y e) am (Z AA AB (e q e ai u AC AD y aj d) an AE (AF o ac) (ae ag) (AG AH f) j an AI n ab ad AJ k e ah) o h n)))))))))))
y ab (m an (t s) f b g) t an j o ac w w j i q (m G l f b g) f H (I (k (J s ag) (s w) (x o ai (K c (L h) q i (M o N) a (O d P n (ab (Q k t (R S j s T ad) am (ag a ab r (U V q (W n) (ah (X j (Y e) am (Z AA AB (e q e ai u AC AD y aj d) an AE (AF o ac) (ae ag) (AG AH f) j an AI n ab ad AJ k e ah) o h n)))))))))))
b ah ai am ab l m ab w w j i q (m an (t s) f b g) t an j o ac w w j i q (m G l f b g) f H (I (k (J s ag) (s w) (x o ai (K c (L h) q i (M o N) a (O d P n (ab (Q k t (R S j s T ad) am (ag a ab r (U V q (W n) (ah (X j (Y e) am (Z AA AB (e q e ai u AC AD y aj d) an AE (AF o ac) (ae ag) (AG AH f) j an AI n ab ad AJ k e ah) o h n)))))))))))
v (af (aa v) l l) ab w w j i q (m an (t s) f b g) t an j o ac w w j i q (m G l f b g) f H (I (k (J s ag) (s w) (x o ai (K c (L h) q i (M o N) a (O d P n (ab (Q k t (R S j s T ad) am (ag a ab r (U V q (W n) (ah (X j (Y e) am (Z AA AB (e q e ai u AC AD y aj d) an AE (AF o ac) (ae ag) (AG AH f) j an AI n ab ad AJ k e ah) o h n)))))))))))
ab l aa o l ac w w j i q (m an (t s) f b g) t an j o ac w w j i q (m G l f b g) f H (I (k (J s ag) (s w) (x o ai (K c (L h) q i (M o N) a (O d P n (ab (Q k t (R S j s T ad) am (ag a ab r (U V q (W n) (ah (X j (Y e) am (Z AA AB (e q e ai u AC AD y aj d) an AE (AF o ac) (ae ag) (AG AH f) j an AI n ab ad AJ k e ah) o h n)))))))))))
ai af d x t an j o ac w w j i q (m an (t s) f b g) t an j o ac w w j i q (m G l f b g) f H (I (k (J s ag) (s w) (x o ai (K c (L h) q i (M o N) a (O d P n (ab (Q k t (R S j s T ad) am (ag a ab r (U V q (W n) (ah (X j (Y e) am (Z AA AB (e q e ai u AC AD y aj d) an AE (AF o ac) (ae ag) (AG AH f) j an AI n ab ad AJ k e ah) o h n)))))))))))
a ah k (e i aj w) af d x t an j o ac w w j i q (m an (t s) f b g) t an j o ac w w j i q (m G l f b g) f H (I (k (J s ag) (s w) (x o ai (K c (L h) q i (M o N) a (O d P n (ab (Q k t (R S j s T ad) am (ag a ab r (U V q (W n) (ah (X j (Y e) am (Z AA AB (e q e ai u AC AD y aj d) an AE (AF o ac) (ae ag) (AG AH f) j an AI n ab ad AJ k e ah) o h n)))))))))))
s j am j d (e i aj w) an (t s) t an j o ac w w j i q (m an (t s) f b g) t an j o ac w w j i q (m G l f b g) f H (I (k (J s ag) (s w) (x o ai (K c (L h) q i (M o N) a (O d P n (ab (Q k t (R S j s T ad) am (ag a ab r (U V q (W n) (ah (X j (Y e) am (Z AA AB (e q e ai u AC AD y aj d) an AE (AF o ac) (ae ag) (AG AH f) j an AI n ab ad AJ k e ah) o h n)))))))))))
y ab (m an (t s) f b g) t an j o ac w w j i q (m an (t s) f b g) t an j o ac w w j i q (m G l f b g) f H (I (k (J s ag) (s w) (x o ai (K c (L h) q i (M o N) a (O d P n (ab (Q k t (R S j s T ad) am (ag a ab r (U V q (W n) (ah (X j (Y e) am (Z AA AB (e q e ai u AC AD y aj d) an AE (AF o ac) (ae ag) (AG AH f) j an AI n ab ad AJ k e ah) o h n)))))))))))
b ah ai am ab l m ab w w j i q (m an (t s) f b g) t an j o ac w w j i q (m an (t s) f b g) t an j o ac w w j i q (m G l f b g) f H (I (k (J s ag) (s w) (x o ai (K c (L h) q i (M o N) a (O d P n (ab (Q k t (R S j s T ad) am (ag a ab r (U V q (W n) (ah (X j (Y e) am (Z AA AB (e q e ai u AC AD y aj d) an AE (AF o ac) (ae ag) (AG AH f) j an AI n ab ad AJ k e ah) o h n)))))))))))
v (af (aa v) l l) ab w w j i q (m an (t s) f b g) t an j o ac w w j i q (m an (t s) f b g) t an j o ac w w j i q (m G l f b g) f H (I (k (J s ag) (s w) (x o ai (K c (L h) q i (M o N) a (O d P n (ab (Q k t (R S j s T ad) am (ag a ab r (U V q (W n) (ah (X j (Y e) am (Z AA AB (e q e ai u AC AD y aj d) an AE (AF o ac) (ae ag) (AG AH f) j an AI n ab ad AJ k e ah) o h n)))))))))))
ab l aa o l ac w w j i q (m an (t s) f b g) t an j o ac w w j i q (m an (t s) f b g) t an j o ac w w j i q (m G l f b g) f H (I (k (J s ag) (s w) (x o ai (K c (L h) q i (M o N) a (O d P n (ab (Q k t (R S j s T ad) am (ag a ab r (U V q (W n) (ah (X j (Y e) am (Z AA AB (e q e ai u AC AD y aj d) an AE (AF o ac) (ae ag) (AG AH f) j an AI n ab ad AJ k e ah) o h n)))))))))))
ai af d x t an j o ac w w j i q (m an (t s) f b g) t an j o ac w w j i q (m an (t s) f b g) t an j o ac w w j i q (m G l f b g) f H (I (k (J s ag) (s w) (x o ai (K c (L h) q i (M o N) a (O d P n (ab (Q k t (R S j s T ad) am (ag a ab r (U V q (W n) (ah (X j (Y e) am (Z AA AB (e q e ai u AC AD y aj d) an AE (AF o ac) (ae ag) (AG AH f) j an AI n ab ad AJ k e ah) o h n)))))))))))
a ah k (e i aj w) af d x t an j o ac w w j i q (m an (t s) f b g) t an j o ac w w j i q (m an (t s) f b g) t an j o ac w w j i q (m G l f b g) f H (I (k (J s ag) (s w) (x o ai (K c (L h) q i (M o N) a (O d P n (ab (Q k t (R S j s T ad) am (ag a ab r (U V q (W n) (ah (X j (Y e) am (Z AA AB (e q e ai u AC AD y aj d) an AE (AF o ac) (ae ag) (AG AH f) j an AI n ab ad AJ k e ah) o h n)))))))))))
s j am j d (e i aj w) an (t s) t an j o ac w w j i q (m an (t s) f b g) t an j o ac w w j i q (m an (t s) f b g) t an j o ac w w j i q (m G l f b g) f H (I (k (J s ag) (s w) (x o ai (K c (L h) q i (M o N) a (O d P n (ab (Q k t (R S j s T ad) am (ag a ab r (U V q (W n) (ah (X j (Y e) am (Z AA AB (e q e ai u AC AD y aj d) an AE (AF o ac) (ae ag) (AG AH f) j an AI n ab ad AJ k e ah) o h n)))))))))))
y ab (m an (t s) f b g) t an j o ac w w j i q (m an (t s) f b g) t an j o ac w w j i q (m an (t s) f b g) t an j o ac w w j i q (m G l f b g) f H (I (k (J s ag) (s w) (x o ai (K c (L h) q i (M o N) a (O d P n (ab (Q k t (R S j s T ad) am (ag a ab r (U V q (W n) (ah (X j (Y e) am (Z AA AB (e q e ai u AC AD y aj d) an AE (AF o ac) (ae ag) (AG AH f) j an AI n ab ad AJ k e ah) o h n)))))))))))
b ah ai am ab l m ab w w j i q (m an (t s) f b g) t an j o ac w w j i q (m an (t s) f b g) t an j o ac w w j i q (m an (t s) f b g) t an j o ac w w j i q (m G l f b g) f H (I (k (J s ag) (s w) (x o ai (K c (L h) q i (M o N) a (O d P n (ab (Q k t (R S j s T ad) am (ag a ab r (U V q (W n) (ah (X j (Y e) am (Z AA AB (e q e ai u AC AD y aj d) an AE (AF o ac) (ae ag) (AG AH f) j an AI n ab ad AJ k e ah) o h n)))))))))))
v (af (aa v) l l) ab w w j i q (m an (t s) f b g) t an j o ac w w j i q (m an (t s) f b g) t an j o ac w w j i q (m an (t s) f b g) t an j o ac w w j i q (m G l f b g) f H (I (k (J s ag) (s w) (x o ai (K c (L h) q i (M o N) a (O d P n (ab (Q k t (R S j s T ad) am (ag a ab r (U V q (W n) (ah (X j (Y e) am (Z AA AB (e q e ai u AC AD y aj d) an AE (AF o ac) (ae ag) (AG AH f) j an AI n ab ad AJ k e ah) o h n)))))))))))
ab l aa o l ac w w j i q (m an (t s) f b g) t an j o ac w w j i q (m an (t s) f b g) t an j o ac w w j i q (m an (t s) f b g) t an j o ac w w j i q (m G l f b g) f H (I (k (J s ag) (s w) (x o ai (K c (L h) q i (M o N) a (O d P n (ab (Q k t (R S j s T ad) am (ag a ab r (U V q (W n) (ah (X j (Y e) am (Z AA AB (e q e ai u AC AD y aj d) an AE (AF o ac) (ae ag) (AG AH f) j an AI n ab ad AJ k e ah) o h n)))))))))))
ai af d x t an j o ac w w j i q (m an (t s) f b g) t an j o ac w w j i q (m an (t s) f b g) t an j o ac w w j i q (m an (t s) f b g) t an j o ac w w j i q (m G l f b g) f H (I (k (J s ag) (s w) (x o ai (K c (L h) q i (M o N) a (O d P n (ab (Q k t (R S j s T ad) am (ag a ab r (U V q (W n) (ah (X j (Y e) am (Z AA AB (e q e ai u AC AD y aj d) an AE (AF o ac) (ae ag) (AG AH f) j an AI n ab ad AJ k e ah) o h n)))))))))))
a ah k (e i aj w) af d x t an j o ac w w j i q (m an (t s) f b g) t an j o ac w w j i q (m an (t s) f b g) t an j o ac w w j i q (m an (t s) f b g) t an j o ac w w j i q (m G l f b g) f H (I (k (J s ag) (s w) (x o ai (K c (L h) q i (M o N) a (O d P n (ab (Q k t (R S j s T ad) am (ag a ab r (U V q (W n) (ah (X j (Y e) am (Z AA AB (e q e ai u AC AD y aj d) an AE (AF o ac) (ae ag) (AG AH f) j an AI n ab ad AJ k e ah) o h n)))))))))))
s j am j d (e i aj w) an (t s) t an j o ac w w j i q (m an (t s) f b g) t an j o ac w w j i q (m an (t s) f b g) t an j o ac w w j i q (m an (t s) f b g) t an j o ac w w j i q (m G l f b g) f H (I (k (J s ag) (s w) (x o ai (K c (L h) q i (M o N) a (O d P n (ab (Q k t (R S j s T ad) am (ag a ab r (U V q (W n) (ah (X j (Y e) am (Z AA AB (e q e ai u AC AD y aj d) an AE (AF o ac) (ae ag) (AG AH f) j an AI n ab ad AJ k e ah) o h n)))))))))))
y ab (m an (t s) f b g) t an j o ac w w j i q (m an (t s) f b g) t an j o ac w w j i q (m an (t s) f b g) t an j o ac w w j i q (m an (t s) f b g) t an j o ac w w j i q (m G l f b g) f H (I (k (J s ag) (s w) (x o ai (K c (L h) q i (M o N) a (O d P n (ab (Q k t (R S j s T ad) am (ag a ab r (U V q (W n) (ah (X j (Y e) am (Z AA AB (e q e ai u AC AD y aj d) an AE (AF o ac) (ae ag) (AG AH f) j an AI n ab ad AJ k e ah) o h n)))))))))))


