ai = x c (f n)
k aq ap au at ao ar = f (b an al f au f ac d) x
o ap ao = k k ae (am (aj an am ab))
b ao = j (o al ag an) ao (g (ao e) (aj u) af ad)
p ap ao aq = ac h x
j at aq ao ar ap = g ab d d af u
f ar ap aq ao = ag x al h m h al ak e n q ae ah
i ar au aq at ao ap = n ad ao ao b (aj ae aa v ad x)
ag ao ap = aa a u n al ae
y ap ao = q (aa aa ao) e w l
s au at ao aq ap ar = ac x an af u ai ac f aq
main = A o B (C n) D E ag ac y (F y) u G H I m af (v q (y (l (J j (K L l (aj (M N e) k O x (P b (Q R n (S ai (T l)) z U V n s b ae (W k ac (aj X a (Y (ah p v (Z ab ae) h x) AA AB ab af h) (z AC) AD e ak (j j (AE AF (AG (ad (af v x k k g ak aa ak ak) aa) AH am) AI u AJ)) t)) o j))))))))
v ao = p e (ao (ao ae x (ad am ag p w))) w
af ao = ag ah ak (d o) (ae d l k f i s)
h ap ar aq ao = ac aa ac d f am y al k f
m = b v t ah k c (n p)
e aq ao at au ar ap = k (n ab ak aa ae r q p an d)
q au ap ar av aq ao at = ab z j ai (am ar k)
r ap aq ao ar = m q t z aq n q ac ae ac
l av au ar aq ao at ap = w (a ap (z aj ap ah ak k y aa))
al ap ao = aj z e ao y ac ag ao
ah ao ap = aa ai z l
aj ao ap aq = c aq d ah s af s ad an j o u g
a ap ao = n d c af al (ao b (ac al) g)
an ao = v b ai (d y ag) l j
w ar ap aq ao at = s y am g (aa b n r)
z aq ap ao = ah v x (l ai ai d t)
d ap ao = ag f m f an ah ag q ap
u aq ar ap ao = j n ac ag aq t an x w k
x aq ap ao = u u ad (o g ak)
aa = ad (ae (c ai b) d) z d
ae = c k i d b (j m (j (e w x ai ad)))
am ao = al ai z ab p
ad at ao ar aq ap au = ah ar ae (l an)
n ar ao aq ap = j h q h q (s y aa j)
ak aq at ao ap ar = b p d at ac a aa
c ao ap aq = ab k i u (z y o) a an
g ar at ap aq ao = ap y ae an (aa (q ak) (aq (c l q ak ag)))
ac ao ap = q o e l ag (ah am v)
ab ar aq ap at au ao = r x aq d ar r t (ae ad ae o z h)
t ar aq ao ap at = ak k aq (at ab p)
------------------------------------------------------------
A o B (C n) D E ag ac y (F y) u G H I m af (v q (y (l (J j (K L l (aj (M N e) k O x (P b (Q R n (S ai (T l)) z U V n s b ae (W k ac (aj X a (Y (ah p v (Z ab ae) h x) AA AB ab af h) (z AC) AD e ak (j j (AE AF (AG (ad (af v x k k g ak aa ak ak) aa) AH am) AI u AJ)) t)) o j))))))))
A o B (C n) D E ag ac y (F y) u G H I (b v t ah k c (n p)) af (v q (y (l (J j (K L l (aj (M N e) k O x (P b (Q R n (S ai (T l)) z U V n s b ae (W k ac (aj X a (Y (ah p v (Z ab ae) h x) AA AB ab af h) (z AC) AD e ak (j j (AE AF (AG (ad (af v x k k g ak aa ak ak) aa) AH am) AI u AJ)) t)) o j))))))))
A o B (C n) D E ag ac y (F y) u G H I (j (o al ag an) v (g (v e) (aj u) af ad) t ah k c (n p)) af (v q (y (l (J j (K L l (aj (M N e) k O x (P b (Q R n (S ai (T l)) z U V n s b ae (W k ac (aj X a (Y (ah p v (Z ab ae) h x) AA AB ab af h) (z AC) AD e ak (j j (AE AF (AG (ad (af v x k k g ak aa ak ak) aa) AH am) AI u AJ)) t)) o j))))))))
A o B (C n) D E ag ac y (F y) u G H I (g ab d d af u k c (n p)) af (v q (y (l (J j (K L l (aj (M N e) k O x (P b (Q R n (S ai (T l)) z U V n s b ae (W k ac (aj X a (Y (ah p v (Z ab ae) h x) AA AB ab af h) (z AC) AD e ak (j j (AE AF (AG (ad (af v x k k g ak aa ak ak) aa) AH am) AI u AJ)) t)) o j))))))))
A o B (C n) D E ag ac y (F y) u G H I (d y ae an (aa (q ak) (af (c l q ak ag))) k c (n p)) af (v q (y (l (J j (K L l (aj (M N e) k O x (P b (Q R n (S ai (T l)) z U V n s b ae (W k ac (aj X a (Y (ah p v (Z ab ae) h x) AA AB ab af h) (z AC) AD e ak (j j (AE AF (AG (ad (af v x k k g ak aa ak ak) aa) AH am) AI u AJ)) t)) o j))))))))
A o B (C n) D E ag ac y (F y) u G H I (ag f m f an ah ag q y an (aa (q ak) (af (c l q ak ag))) k c (n p)) af (v q (y (l (J j (K L l (aj (M N e) k O x (P b (Q R n (S ai (T l)) z U V n s b ae (W k ac (aj X a (Y (ah p v (Z ab ae) h x) AA AB ab af h) (z AC) AD e ak (j j (AE AF (AG (ad (af v x k k g ak aa ak ak) aa) AH am) AI u AJ)) t)) o j))))))))
A o B (C n) D E ag ac y (F y) u G H I (aa a u n al ae f an ah ag q y an (aa (q ak) (af (c l q ak ag))) k c (n p)) af (v q (y (l (J j (K L l (aj (M N e) k O x (P b (Q R n (S ai (T l)) z U V n s b ae (W k ac (aj X a (Y (ah p v (Z ab ae) h x) AA AB ab af h) (z AC) AD e ak (j j (AE AF (AG (ad (af v x k k g ak aa ak ak) aa) AH am) AI u AJ)) t)) o j))))))))
A o B (C n) D E ag ac y (F y) u G H I (ad (ae (c ai b) d) z d a u n al ae f an ah ag q y an (aa (q ak) (af (c l q ak ag))) k c (n p)) af (v q (y (l (J j (K L l (aj (M N e) k O x (P b (Q R n (S ai (T l)) z U V n s b ae (W k ac (aj X a (Y (ah p v (Z ab ae) h x) AA AB ab af h) (z AC) AD e ak (j j (AE AF (AG (ad (af v x k k g ak aa ak ak) aa) AH am) AI u AJ)) t)) o j))))))))
A o B (C n) D E ag ac y (F y) u G H I (ah d ae (l an) al ae f an ah ag q y an (aa (q ak) (af (c l q ak ag))) k c (n p)) af (v q (y (l (J j (K L l (aj (M N e) k O x (P b (Q R n (S ai (T l)) z U V n s b ae (W k ac (aj X a (Y (ah p v (Z ab ae) h x) AA AB ab af h) (z AC) AD e ak (j j (AE AF (AG (ad (af v x k k g ak aa ak ak) aa) AH am) AI u AJ)) t)) o j))))))))
A o B (C n) D E ag ac y (F y) u G H I (aa ai z l (l an) al ae f an ah ag q y an (aa (q ak) (af (c l q ak ag))) k c (n p)) af (v q (y (l (J j (K L l (aj (M N e) k O x (P b (Q R n (S ai (T l)) z U V n s b ae (W k ac (aj X a (Y (ah p v (Z ab ae) h x) AA AB ab af h) (z AC) AD e ak (j j (AE AF (AG (ad (af v x k k g ak aa ak ak) aa) AH am) AI u AJ)) t)) o j))))))))
A o B (C n) D E ag ac y (F y) u G H I (ad (ae (c ai b) d) z d ai z l (l an) al ae f an ah ag q y an (aa (q ak) (af (c l q ak ag))) k c (n p)) af (v q (y (l (J j (K L l (aj (M N e) k O x (P b (Q R n (S ai (T l)) z U V n s b ae (W k ac (aj X a (Y (ah p v (Z ab ae) h x) AA AB ab af h) (z AC) AD e ak (j j (AE AF (AG (ad (af v x k k g ak aa ak ak) aa) AH am) AI u AJ)) t)) o j))))))))
A o B (C n) D E ag ac y (F y) u G H I (ah d ae (l an) (l an) al ae f an ah ag q y an (aa (q ak) (af (c l q ak ag))) k c (n p)) af (v q (y (l (J j (K L l (aj (M N e) k O x (P b (Q R n (S ai (T l)) z U V n s b ae (W k ac (aj X a (Y (ah p v (Z ab ae) h x) AA AB ab af h) (z AC) AD e ak (j j (AE AF (AG (ad (af v x k k g ak aa ak ak) aa) AH am) AI u AJ)) t)) o j))))))))
A o B (C n) D E ag ac y (F y) u G H I (aa ai z l (l an) (l an) al ae f an ah ag q y an (aa (q ak) (af (c l q ak ag))) k c (n p)) af (v q (y (l (J j (K L l (aj (M N e) k O x (P b (Q R n (S ai (T l)) z U V n s b ae (W k ac (aj X a (Y (ah p v (Z ab ae) h x) AA AB ab af h) (z AC) AD e ak (j j (AE AF (AG (ad (af v x k k g ak aa ak ak) aa) AH am) AI u AJ)) t)) o j))))))))
A o B (C n) D E ag ac y (F y) u G H I (ad (ae (c ai b) d) z d ai z l (l an) (l an) al ae f an ah ag q y an (aa (q ak) (af (c l q ak ag))) k c (n p)) af (v q (y (l (J j (K L l (aj (M N e) k O x (P b (Q R n (S ai (T l)) z U V n s b ae (W k ac (aj X a (Y (ah p v (Z ab ae) h x) AA AB ab af h) (z AC) AD e ak (j j (AE AF (AG (ad (af v x k k g ak aa ak ak) aa) AH am) AI u AJ)) t)) o j))))))))
A o B (C n) D E ag ac y (F y) u G H I (ah d ae (l an) (l an) (l an) al ae f an ah ag q y an (aa (q ak) (af (c l q ak ag))) k c (n p)) af (v q (y (l (J j (K L l (aj (M N e) k O x (P b (Q R n (S ai (T l)) z U V n s b ae (W k ac (aj X a (Y (ah p v (Z ab ae) h x) AA AB ab af h) (z AC) AD e ak (j j (AE AF (AG (ad (af v x k k g ak aa ak ak) aa) AH am) AI u AJ)) t)) o j))))))))
A o B (C n) D E ag ac y (F y) u G H I (aa ai z l (l an) (l an) (l an) al ae f an ah ag q y an (aa (q ak) (af (c l q ak ag))) k c (n p)) af (v q (y (l (J j (K L l (aj (M N e) k O x (P b (Q R n (S ai (T l)) z U V n s b ae (W k ac (aj X a (Y (ah p v (Z ab ae) h x) AA AB ab af h) (z AC) AD e ak (j j (AE AF (AG (ad (af v x k k g ak aa ak ak) aa) AH am) AI u AJ)) t)) o j))))))))
A o B (C n) D E ag ac y (F y) u G H I (ad (ae (c ai b) d) z d ai z l (l an) (l an) (l an) al ae f an ah ag q y an (aa (q ak) (af (c l q ak ag))) k c (n p)) af (v q (y (l (J j (K L l (aj (M N e) k O x (P b (Q R n (S ai (T l)) z U V n s b ae (W k ac (aj X a (Y (ah p v (Z ab ae) h x) AA AB ab af h) (z AC) AD e ak (j j (AE AF (AG (ad (af v x k k g ak aa ak ak) aa) AH am) AI u AJ)) t)) o j))))))))
A o B (C n) D E ag ac y (F y) u G H I (ah d ae (l an) (l an) (l an) (l an) al ae f an ah ag q y an (aa (q ak) (af (c l q ak ag))) k c (n p)) af (v q (y (l (J j (K L l (aj (M N e) k O x (P b (Q R n (S ai (T l)) z U V n s b ae (W k ac (aj X a (Y (ah p v (Z ab ae) h x) AA AB ab af h) (z AC) AD e ak (j j (AE AF (AG (ad (af v x k k g ak aa ak ak) aa) AH am) AI u AJ)) t)) o j))))))))
A o B (C n) D E ag ac y (F y) u G H I (aa ai z l (l an) (l an) (l an) (l an) al ae f an ah ag q y an (aa (q ak) (af (c l q ak ag))) k c (n p)) af (v q (y (l (J j (K L l (aj (M N e) k O x (P b (Q R n (S ai (T l)) z U V n s b ae (W k ac (aj X a (Y (ah p v (Z ab ae) h x) AA AB ab af h) (z AC) AD e ak (j j (AE AF (AG (ad (af v x k k g ak aa ak ak) aa) AH am) AI u AJ)) t)) o j))))))))
A o B (C n) D E ag ac y (F y) u G H I (ad (ae (c ai b) d) z d ai z l (l an) (l an) (l an) (l an) al ae f an ah ag q y an (aa (q ak) (af (c l q ak ag))) k c (n p)) af (v q (y (l (J j (K L l (aj (M N e) k O x (P b (Q R n (S ai (T l)) z U V n s b ae (W k ac (aj X a (Y (ah p v (Z ab ae) h x) AA AB ab af h) (z AC) AD e ak (j j (AE AF (AG (ad (af v x k k g ak aa ak ak) aa) AH am) AI u AJ)) t)) o j))))))))
A o B (C n) D E ag ac y (F y) u G H I (ah d ae (l an) (l an) (l an) (l an) (l an) al ae f an ah ag q y an (aa (q ak) (af (c l q ak ag))) k c (n p)) af (v q (y (l (J j (K L l (aj (M N e) k O x (P b (Q R n (S ai (T l)) z U V n s b ae (W k ac (aj X a (Y (ah p v (Z ab ae) h x) AA AB ab af h) (z AC) AD e ak (j j (AE AF (AG (ad (af v x k k g ak aa ak ak) aa) AH am) AI u AJ)) t)) o j))))))))
A o B (C n) D E ag ac y (F y) u G H I (aa ai z l (l an) (l an) (l an) (l an) (l an) al ae f an ah ag q y an (aa (q ak) (af (c l q ak ag))) k c (n p)) af (v q (y (l (J j (K L l (aj (M N e) k O x (P b (Q R n (S ai (T l)) z U V n s b ae (W k ac (aj X a (Y (ah p v (Z ab ae) h x) AA AB ab af h) (z AC) AD e ak (j j (AE AF (AG (ad (af v x k k g ak aa ak ak) aa) AH am) AI u AJ)) t)) o j))))))))
A o B (C n) D E ag ac y (F y) u G H I (ad (ae (c ai b) d) z d ai z l (l an) (l an) (l an) (l an) (l an) al ae f an ah ag q y an (aa (q ak) (af (c l q ak ag))) k c (n p)) af (v q (y (l (J j (K L l (aj (M N e) k O x (P b (Q R n (S ai (T l)) z U V n s b ae (W k ac (aj X a (Y (ah p v (Z ab ae) h x) AA AB ab af h) (z AC) AD e ak (j j (AE AF (AG (ad (af v x k k g ak aa ak ak) aa) AH am) AI u AJ)) t)) o j))))))))
A o B (C n) D E ag ac y (F y) u G H I (ah d ae (l an) (l an) (l an) (l an) (l an) (l an) al ae f an ah ag q y an (aa (q ak) (af (c l q ak ag))) k c (n p)) af (v q (y (l (J j (K L l (aj (M N e) k O x (P b (Q R n (S ai (T l)) z U V n s b ae (W k ac (aj X a (Y (ah p v (Z ab ae) h x) AA AB ab af h) (z AC) AD e ak (j j (AE AF (AG (ad (af v x k k g ak aa ak ak) aa) AH am) AI u AJ)) t)) o j))))))))
A o B (C n) D E ag ac y (F y) u G H I (aa ai z l (l an) (l an) (l an) (l an) (l an) (l an) al ae f an ah ag q y an (aa (q ak) (af (c l q ak ag))) k c (n p)) af (v q (y (l (J j (K L l (aj (M N e) k O x (P b (Q R n (S ai (T l)) z U V n s b ae (W k ac (aj X a (Y (ah p v (Z ab ae) h x) AA AB ab af h) (z AC) AD e ak (j j (AE AF (AG (ad (af v x k k g ak aa ak ak) aa) AH am) AI u AJ)) t)) o j))))))))
A o B (C n) D E ag ac y (F y) u G H I (ad (ae (c ai b) d) z d ai z l (l an) (l an) (l an) (l an) (l an) (l an) al ae f an ah ag q y an (aa (q ak) (af (c l q ak ag))) k c (n p)) af (v q (y (l (J j (K L l (aj (M N e) k O x (P b (Q R n (S ai (T l)) z U V n s b ae (W k ac (aj X a (Y (ah p v (Z ab ae) h x) AA AB ab af h) (z AC) AD e ak (j j (AE AF (AG (ad (af v x k k g ak aa ak ak) aa) AH am) AI u AJ)) t)) o j))))))))
A o B (C n) D E ag ac y (F y) u G H I (ah d ae (l an) (l an) (l an) (l an) (l an) (l an) (l an) al ae f an ah ag q y an (aa (q ak) (af (c l q ak ag))) k c (n p)) af (v q (y (l (J j (K L l (aj (M N e) k O x (P b (Q R n (S ai (T l)) z U V n s b ae (W k ac (aj X a (Y (ah p v (Z ab ae) h x) AA AB ab af h) (z AC) AD e ak (j j (AE AF (AG (ad (af v x k k g ak aa ak ak) aa) AH am) AI u AJ)) t)) o j))))))))
A o B (C n) D E ag ac y (F y) u G H I (aa ai z l (l an) (l an) (l an) (l an) (l an) (l an) (l an) al ae f an ah ag q y an (aa (q ak) (af (c l q ak ag))) k c (n p)) af (v q (y (l (J j (K L l (aj (M N e) k O x (P b (Q R n (S ai (T l)) z U V n s b ae (W k ac (aj X a (Y (ah p v (Z ab ae) h x) AA AB ab af h) (z AC) AD e ak (j j (AE AF (AG (ad (af v x k k g ak aa ak ak) aa) AH am) AI u AJ)) t)) o j))))))))
A o B (C n) D E ag ac y (F y) u G H I (ad (ae (c ai b) d) z d ai z l (l an) (l an) (l an) (l an) (l an) (l an) (l an) al ae f an ah ag q y an (aa (q ak) (af (c l q ak ag))) k c (n p)) af (v q (y (l (J j (K L l (aj (M N e) k O x (P b (Q R n (S ai (T l)) z U V n s b ae (W k ac (aj X a (Y (ah p v (Z ab ae) h x) AA AB ab af h) (z AC) AD e ak (j j (AE AF (AG (ad (af v x k k g ak aa ak ak) aa) AH am) AI u AJ)) t)) o j))))))))
A o B (C n) D E ag ac y (F y) u G H I (ah d ae (l an) (l an) (l an) (l an) (l an) (l an) (l an) (l an) al ae f an ah ag q y an (aa (q ak) (af (c l q ak ag))) k c (n p)) af (v q (y (l (J j (K L l (aj (M N e) k O x (P b (Q R n (S ai (T l)) z U V n s b ae (W k ac (aj X a (Y (ah p v (Z ab ae) h x) AA AB ab af h) (z AC) AD e ak (j j (AE AF (AG (ad (af v x k k g ak aa ak ak) aa) AH am) AI u AJ)) t)) o j))))))))


