ag aq at ap au av ao ar = d d af ad y ab av aa n aj w
ah ap ao = aa (ad h (ao a ag) l p) e
o ao ap = d v m k ao ap (g u a) i q s ao
ad ao aq ap = y a n (q am af (m c q) w aq) af j
z = l ak q (ah w m ad) ak ab v
l ap aq ao = q ap (am b z f aq)
k av ao ar aq au ap at = ar ap h (c w au ac) ag aq
v aq au at ap ao ar = n ag ae r u m s d u ap ag
p ap aq ao au at ar = an y r q (aj s d)
w ao au at ap aq ar = an d t af
e ar ap ao at aq = ae r s m am u ab r x l ao at
af av ar at ap au ao aq = ad a (ak h) z k ag i v d
f ao = ao (s l ao k j (ah k aa k)) d b
q ap av au aq at ao ar = ai (z ao) p ab ap ag ac b aa d t ao
d av at aq ar ap au ao = i (ai (o t m ad (f u y) ag j))
main = A y aa ab (ab aj (B (n al) (C w d p z e b (q am) (u (ae D E p aa F d x a m u ad m (y (l G l l H v q q al (I n o aj p d y J ab am af s u i) af af ad q an ak K ag (s z o d b f (L aa) ak g l M (N ag) (m (l O (P ad an Q ak z ah e y k) p R am af) u) a ab ak b))))))))
r ao = am (d ao s u x (an d ao)) am ab
ac ao ap aq ar at = e ao c af (ao x aa l r (f ah x))
a ap at ar aq au ao av = q ao r u n at n k
i ap aq ao = v
c ao ap aq = k ap ag (ah k y m) m h y n l
m au ar ao ap at av aq = u ai g
an aq ao ap = z af (al (aa z w) x (aj d u))
ai at ao aq ar au ap = l (v (l an ad) b ao) aj ah ac
n ao = ac j (ac am u y) u x f aj j
x ao aq av ap at ar au = ad p (j an am j q w u ad) j am av
ab ap ao = g ah g ap ao m ac ag k ad m t
y ao at aq ar au ap = ak r ac ac l ag (j e)
g au ap aq ao ar at av = n x al f z i (at (ai an) (ab m) m v)
aj ap ao = e ab am ap h h m ai
al = y f (ad k z d)
u ap at ar aq au ao = ac h w x at h aj z (an s aa z)
j ap ao = o ah al am a ad i
h ao = s f ak w ah (z ao) b
s ap ao = ao a i p g k (w p)
am ao aq ap at ar = aq ag (d af h f) (ae j (c q d))
t ao ar av aq ap at au = ad p b h n ad ab
b = al (k aa x o) r y f u ag x
ak ao = n z y ah (am (ae ae aa) (ah ah y l g))
ae aq ap ar ao = m e ak m ah a ab (e b m)
aa ao ap = ao z d (aj ap h r h ad t)
------------------------------------------------------------
A y aa ab (ab aj (B (n al) (C w d p z e b (q am) (u (ae D E p aa F d x a m u ad m (y (l G l l H v q q al (I n o aj p d y J ab am af s u i) af af ad q an ak K ag (s z o d b f (L aa) ak g l M (N ag) (m (l O (P ad an Q ak z ah e y k) p R am af) u) a ab ak b))))))))
A y aa ab (g ah g aj (B (n al) (C w d p z e b (q am) (u (ae D E p aa F d x a m u ad m (y (l G l l H v q q al (I n o aj p d y J ab am af s u i) af af ad q an ak K ag (s z o d b f (L aa) ak g l M (N ag) (m (l O (P ad an Q ak z ah e y k) p R am af) u) a ab ak b))))))) m ac ag k ad m t)
A y aa ab (n x al f z i (ac (ai an) (ab m) m v) k ad m t)
A y aa ab (ac j (ac am u y) u x f aj j al f z i (ac (ai an) (ab m) m v) k ad m t)
A y aa ab (e j c af (j x aa l r (f ah x)) aj j al f z i (ac (ai an) (ab m) m v) k ad m t)
A y aa ab (ae r s m am u ab r x l af (j x aa l r (f ah x)) j al f z i (ac (ai an) (ab m) m v) k ad m t)
A y aa ab (m e ak m ah a ab (e b m) u ab r x l af (j x aa l r (f ah x)) j al f z i (ac (ai an) (ab m) m v) k ad m t)
A y aa ab (u ai g u ab r x l af (j x aa l r (f ah x)) j al f z i (ac (ai an) (ab m) m v) k ad m t)
A y aa ab (ac h w x g h aj z (an s aa z) l af (j x aa l r (f ah x)) j al f z i (ac (ai an) (ab m) m v) k ad m t)
A y aa ab (e h c af (h x aa l r (f ah x)) aj z (an s aa z) l af (j x aa l r (f ah x)) j al f z i (ac (ai an) (ab m) m v) k ad m t)
A y aa ab (ae r s m am u ab r x l af (h x aa l r (f ah x)) z (an s aa z) l af (j x aa l r (f ah x)) j al f z i (ac (ai an) (ab m) m v) k ad m t)
A y aa ab (m e ak m ah a ab (e b m) u ab r x l af (h x aa l r (f ah x)) z (an s aa z) l af (j x aa l r (f ah x)) j al f z i (ac (ai an) (ab m) m v) k ad m t)
A y aa ab (u ai g u ab r x l af (h x aa l r (f ah x)) z (an s aa z) l af (j x aa l r (f ah x)) j al f z i (ac (ai an) (ab m) m v) k ad m t)
A y aa ab (ac h w x g h aj z (an s aa z) l af (h x aa l r (f ah x)) z (an s aa z) l af (j x aa l r (f ah x)) j al f z i (ac (ai an) (ab m) m v) k ad m t)
A y aa ab (e h c af (h x aa l r (f ah x)) aj z (an s aa z) l af (h x aa l r (f ah x)) z (an s aa z) l af (j x aa l r (f ah x)) j al f z i (ac (ai an) (ab m) m v) k ad m t)
A y aa ab (ae r s m am u ab r x l af (h x aa l r (f ah x)) z (an s aa z) l af (h x aa l r (f ah x)) z (an s aa z) l af (j x aa l r (f ah x)) j al f z i (ac (ai an) (ab m) m v) k ad m t)
A y aa ab (m e ak m ah a ab (e b m) u ab r x l af (h x aa l r (f ah x)) z (an s aa z) l af (h x aa l r (f ah x)) z (an s aa z) l af (j x aa l r (f ah x)) j al f z i (ac (ai an) (ab m) m v) k ad m t)
A y aa ab (u ai g u ab r x l af (h x aa l r (f ah x)) z (an s aa z) l af (h x aa l r (f ah x)) z (an s aa z) l af (j x aa l r (f ah x)) j al f z i (ac (ai an) (ab m) m v) k ad m t)
A y aa ab (ac h w x g h aj z (an s aa z) l af (h x aa l r (f ah x)) z (an s aa z) l af (h x aa l r (f ah x)) z (an s aa z) l af (j x aa l r (f ah x)) j al f z i (ac (ai an) (ab m) m v) k ad m t)
A y aa ab (e h c af (h x aa l r (f ah x)) aj z (an s aa z) l af (h x aa l r (f ah x)) z (an s aa z) l af (h x aa l r (f ah x)) z (an s aa z) l af (j x aa l r (f ah x)) j al f z i (ac (ai an) (ab m) m v) k ad m t)
A y aa ab (ae r s m am u ab r x l af (h x aa l r (f ah x)) z (an s aa z) l af (h x aa l r (f ah x)) z (an s aa z) l af (h x aa l r (f ah x)) z (an s aa z) l af (j x aa l r (f ah x)) j al f z i (ac (ai an) (ab m) m v) k ad m t)
A y aa ab (m e ak m ah a ab (e b m) u ab r x l af (h x aa l r (f ah x)) z (an s aa z) l af (h x aa l r (f ah x)) z (an s aa z) l af (h x aa l r (f ah x)) z (an s aa z) l af (j x aa l r (f ah x)) j al f z i (ac (ai an) (ab m) m v) k ad m t)
A y aa ab (u ai g u ab r x l af (h x aa l r (f ah x)) z (an s aa z) l af (h x aa l r (f ah x)) z (an s aa z) l af (h x aa l r (f ah x)) z (an s aa z) l af (j x aa l r (f ah x)) j al f z i (ac (ai an) (ab m) m v) k ad m t)
A y aa ab (ac h w x g h aj z (an s aa z) l af (h x aa l r (f ah x)) z (an s aa z) l af (h x aa l r (f ah x)) z (an s aa z) l af (h x aa l r (f ah x)) z (an s aa z) l af (j x aa l r (f ah x)) j al f z i (ac (ai an) (ab m) m v) k ad m t)
A y aa ab (e h c af (h x aa l r (f ah x)) aj z (an s aa z) l af (h x aa l r (f ah x)) z (an s aa z) l af (h x aa l r (f ah x)) z (an s aa z) l af (h x aa l r (f ah x)) z (an s aa z) l af (j x aa l r (f ah x)) j al f z i (ac (ai an) (ab m) m v) k ad m t)
A y aa ab (ae r s m am u ab r x l af (h x aa l r (f ah x)) z (an s aa z) l af (h x aa l r (f ah x)) z (an s aa z) l af (h x aa l r (f ah x)) z (an s aa z) l af (h x aa l r (f ah x)) z (an s aa z) l af (j x aa l r (f ah x)) j al f z i (ac (ai an) (ab m) m v) k ad m t)
A y aa ab (m e ak m ah a ab (e b m) u ab r x l af (h x aa l r (f ah x)) z (an s aa z) l af (h x aa l r (f ah x)) z (an s aa z) l af (h x aa l r (f ah x)) z (an s aa z) l af (h x aa l r (f ah x)) z (an s aa z) l af (j x aa l r (f ah x)) j al f z i (ac (ai an) (ab m) m v) k ad m t)
A y aa ab (u ai g u ab r x l af (h x aa l r (f ah x)) z (an s aa z) l af (h x aa l r (f ah x)) z (an s aa z) l af (h x aa l r (f ah x)) z (an s aa z) l af (h x aa l r (f ah x)) z (an s aa z) l af (j x aa l r (f ah x)) j al f z i (ac (ai an) (ab m) m v) k ad m t)
A y aa ab (ac h w x g h aj z (an s aa z) l af (h x aa l r (f ah x)) z (an s aa z) l af (h x aa l r (f ah x)) z (an s aa z) l af (h x aa l r (f ah x)) z (an s aa z) l af (h x aa l r (f ah x)) z (an s aa z) l af (j x aa l r (f ah x)) j al f z i (ac (ai an) (ab m) m v) k ad m t)
A y aa ab (e h c af (h x aa l r (f ah x)) aj z (an s aa z) l af (h x aa l r (f ah x)) z (an s aa z) l af (h x aa l r (f ah x)) z (an s aa z) l af (h x aa l r (f ah x)) z (an s aa z) l af (h x aa l r (f ah x)) z (an s aa z) l af (j x aa l r (f ah x)) j al f z i (ac (ai an) (ab m) m v) k ad m t)


