ad aq ar ap ao at = l ak b (ap y w (i p h))
ah ao ar aq ap at av au = e (e o af (f k o) j)
aj ap at ar aq ao au = ae
m aq ar ao ap = x (t ag ai) ak aq aj ac j l
am = m z u f ak ak ab a al x (ac k)
s = am ae (b ah o ad ak)
y ap ao = c i v al e af m
ak aq ao ap = s e i v ab x l o
c ap ao aq = t ap (y ai ak (e f k ao) ao) af w am
af ap aq ar au at ao = aa o (r aa h j p q u h b)
q = v (n ac j (r aj j))
u = aa ai ae z am (ab i)
a ap ao at au ar aq = ag aj (w e y) u ag s m p
t ap av ar at au ao aq = d g aj ai b ao ah y al f (av x ag)
r = t h an n
g = al b h r i aa k (o p)
n ar ao aq ap at = a (ap ap t)
ab aq ao ap = z (ap q c) x p r (e al aa)
ai aq ap ao = an u b i n m aq al (h y) e
x aq ar ao ap = p (ai (v an ab) f ac ah t)
ae ap aq ao ar = al af d (s am ai) (j am) an v w (ak ap)
aa ao ap aq ar = r (ak x ag b i k d ai (y t v) k)
an ar ap ao aq = t n ae p (ai ak) ak e am
al = ad ac u am (an h (s (af l a q)))
j ao = al m w (c aa) ai c s ag
ag ar at ap ao aq = g v (m ak k ai ao o z r)
main = i l o h ai A s e (v ae B al z) ai (C aa w (v D) d i (E F G H I (ae k x) u) z ae ah an ai) J K af L ai (M N u O) P (g (l a Q ad h (x an (R (S (al (T (U ab (V k h f e (W ah ab) al) l (n ad) d X g (aj af f (i h c g y Y af (b Z c AA aj af k o)) p ae)) AB r w) AC) v w)))))
ac at ap ar au ao aq av = af av i i p j m (ao (ah ag)) ag q
l ao = v e (ao n (f u w ai v)) ag ab
v ao aq at ar ap av au = o ag ak aa c at aj f aq
k aq ap ao = aj (j ad) ag (aj ai ae (ak v aq s v) al)
b av aq at ao ap ar au = e u ai g
p av ap au ar at aq ao = ak ai f (am v (m (ad (b w ai)) u y))
f ao = ak z j (b am (t w ai) w l v)
z at ar ao aq ap = p r ad (ag ag)
i ao ar at au aq ap = o (b u j t) ag ab o (x (f u ac))
e ap ar ao aq = aa g q j (ar p w (v w ae))
h ao ar aq ap = ak w aj v ad (m y ae) t
w ao ar ap at aq = ag g r f v z q ar v f ak at
o = g e ab c
d ao = aj ai (ao ac) m r
------------------------------------------------------------
i l o h ai A s e (v ae B al z) ai (C aa w (v D) d i (E F G H I (ae k x) u) z ae ah an ai) J K af L ai (M N u O) P (g (l a Q ad h (x an (R (S (al (T (U ab (V k h f e (W ah ab) al) l (n ad) d X g (aj af f (i h c g y Y af (b Z c AA aj af k o)) p ae)) AB r w) AC) v w)))))
o (b u j t) ag ab o (x (f u ac)) e (v ae B al z) ai (C aa w (v D) d i (E F G H I (ae k x) u) z ae ah an ai) J K af L ai (M N u O) P (g (l a Q ad h (x an (R (S (al (T (U ab (V k h f e (W ah ab) al) l (n ad) d X g (aj af f (i h c g y Y af (b Z c AA aj af k o)) p ae)) AB r w) AC) v w)))))
g e ab c (b u j t) ag ab o (x (f u ac)) e (v ae B al z) ai (C aa w (v D) d i (E F G H I (ae k x) u) z ae ah an ai) J K af L ai (M N u O) P (g (l a Q ad h (x an (R (S (al (T (U ab (V k h f e (W ah ab) al) l (n ad) d X g (aj af f (i h c g y Y af (b Z c AA aj af k o)) p ae)) AB r w) AC) v w)))))
al b h r i aa k (o p) e ab c (b u j t) ag ab o (x (f u ac)) e (v ae B al z) ai (C aa w (v D) d i (E F G H I (ae k x) u) z ae ah an ai) J K af L ai (M N u O) P (g (l a Q ad h (x an (R (S (al (T (U ab (V k h f e (W ah ab) al) l (n ad) d X g (aj af f (i h c g y Y af (b Z c AA aj af k o)) p ae)) AB r w) AC) v w)))))
ad ac u am (an h (s (af l a q))) b h r i aa k (o p) e ab c (b u j t) ag ab o (x (f u ac)) e (v ae B al z) ai (C aa w (v D) d i (E F G H I (ae k x) u) z ae ah an ai) J K af L ai (M N u O) P (g (l a Q ad h (x an (R (S (al (T (U ab (V k h f e (W ah ab) al) l (n ad) d X g (aj af f (i h c g y Y af (b Z c AA aj af k o)) p ae)) AB r w) AC) v w)))))
l ak b (am y w (i p h)) h r i aa k (o p) e ab c (b u j t) ag ab o (x (f u ac)) e (v ae B al z) ai (C aa w (v D) d i (E F G H I (ae k x) u) z ae ah an ai) J K af L ai (M N u O) P (g (l a Q ad h (x an (R (S (al (T (U ab (V k h f e (W ah ab) al) l (n ad) d X g (aj af f (i h c g y Y af (b Z c AA aj af k o)) p ae)) AB r w) AC) v w)))))
v e (ak n (f u w ai v)) ag ab b (am y w (i p h)) h r i aa k (o p) e ab c (b u j t) ag ab o (x (f u ac)) e (v ae B al z) ai (C aa w (v D) d i (E F G H I (ae k x) u) z ae ah an ai) J K af L ai (M N u O) P (g (l a Q ad h (x an (R (S (al (T (U ab (V k h f e (W ah ab) al) l (n ad) d X g (aj af f (i h c g y Y af (b Z c AA aj af k o)) p ae)) AB r w) AC) v w)))))
o ag ak aa c ag aj f (ak n (f u w ai v)) r i aa k (o p) e ab c (b u j t) ag ab o (x (f u ac)) e (v ae B al z) ai (C aa w (v D) d i (E F G H I (ae k x) u) z ae ah an ai) J K af L ai (M N u O) P (g (l a Q ad h (x an (R (S (al (T (U ab (V k h f e (W ah ab) al) l (n ad) d X g (aj af f (i h c g y Y af (b Z c AA aj af k o)) p ae)) AB r w) AC) v w)))))
g e ab c ag ak aa c ag aj f (ak n (f u w ai v)) r i aa k (o p) e ab c (b u j t) ag ab o (x (f u ac)) e (v ae B al z) ai (C aa w (v D) d i (E F G H I (ae k x) u) z ae ah an ai) J K af L ai (M N u O) P (g (l a Q ad h (x an (R (S (al (T (U ab (V k h f e (W ah ab) al) l (n ad) d X g (aj af f (i h c g y Y af (b Z c AA aj af k o)) p ae)) AB r w) AC) v w)))))
al b h r i aa k (o p) e ab c ag ak aa c ag aj f (ak n (f u w ai v)) r i aa k (o p) e ab c (b u j t) ag ab o (x (f u ac)) e (v ae B al z) ai (C aa w (v D) d i (E F G H I (ae k x) u) z ae ah an ai) J K af L ai (M N u O) P (g (l a Q ad h (x an (R (S (al (T (U ab (V k h f e (W ah ab) al) l (n ad) d X g (aj af f (i h c g y Y af (b Z c AA aj af k o)) p ae)) AB r w) AC) v w)))))
ad ac u am (an h (s (af l a q))) b h r i aa k (o p) e ab c ag ak aa c ag aj f (ak n (f u w ai v)) r i aa k (o p) e ab c (b u j t) ag ab o (x (f u ac)) e (v ae B al z) ai (C aa w (v D) d i (E F G H I (ae k x) u) z ae ah an ai) J K af L ai (M N u O) P (g (l a Q ad h (x an (R (S (al (T (U ab (V k h f e (W ah ab) al) l (n ad) d X g (aj af f (i h c g y Y af (b Z c AA aj af k o)) p ae)) AB r w) AC) v w)))))
l ak b (am y w (i p h)) h r i aa k (o p) e ab c ag ak aa c ag aj f (ak n (f u w ai v)) r i aa k (o p) e ab c (b u j t) ag ab o (x (f u ac)) e (v ae B al z) ai (C aa w (v D) d i (E F G H I (ae k x) u) z ae ah an ai) J K af L ai (M N u O) P (g (l a Q ad h (x an (R (S (al (T (U ab (V k h f e (W ah ab) al) l (n ad) d X g (aj af f (i h c g y Y af (b Z c AA aj af k o)) p ae)) AB r w) AC) v w)))))
v e (ak n (f u w ai v)) ag ab b (am y w (i p h)) h r i aa k (o p) e ab c ag ak aa c ag aj f (ak n (f u w ai v)) r i aa k (o p) e ab c (b u j t) ag ab o (x (f u ac)) e (v ae B al z) ai (C aa w (v D) d i (E F G H I (ae k x) u) z ae ah an ai) J K af L ai (M N u O) P (g (l a Q ad h (x an (R (S (al (T (U ab (V k h f e (W ah ab) al) l (n ad) d X g (aj af f (i h c g y Y af (b Z c AA aj af k o)) p ae)) AB r w) AC) v w)))))
o ag ak aa c ag aj f (ak n (f u w ai v)) r i aa k (o p) e ab c ag ak aa c ag aj f (ak n (f u w ai v)) r i aa k (o p) e ab c (b u j t) ag ab o (x (f u ac)) e (v ae B al z) ai (C aa w (v D) d i (E F G H I (ae k x) u) z ae ah an ai) J K af L ai (M N u O) P (g (l a Q ad h (x an (R (S (al (T (U ab (V k h f e (W ah ab) al) l (n ad) d X g (aj af f (i h c g y Y af (b Z c AA aj af k o)) p ae)) AB r w) AC) v w)))))
g e ab c ag ak aa c ag aj f (ak n (f u w ai v)) r i aa k (o p) e ab c ag ak aa c ag aj f (ak n (f u w ai v)) r i aa k (o p) e ab c (b u j t) ag ab o (x (f u ac)) e (v ae B al z) ai (C aa w (v D) d i (E F G H I (ae k x) u) z ae ah an ai) J K af L ai (M N u O) P (g (l a Q ad h (x an (R (S (al (T (U ab (V k h f e (W ah ab) al) l (n ad) d X g (aj af f (i h c g y Y af (b Z c AA aj af k o)) p ae)) AB r w) AC) v w)))))
al b h r i aa k (o p) e ab c ag ak aa c ag aj f (ak n (f u w ai v)) r i aa k (o p) e ab c ag ak aa c ag aj f (ak n (f u w ai v)) r i aa k (o p) e ab c (b u j t) ag ab o (x (f u ac)) e (v ae B al z) ai (C aa w (v D) d i (E F G H I (ae k x) u) z ae ah an ai) J K af L ai (M N u O) P (g (l a Q ad h (x an (R (S (al (T (U ab (V k h f e (W ah ab) al) l (n ad) d X g (aj af f (i h c g y Y af (b Z c AA aj af k o)) p ae)) AB r w) AC) v w)))))
ad ac u am (an h (s (af l a q))) b h r i aa k (o p) e ab c ag ak aa c ag aj f (ak n (f u w ai v)) r i aa k (o p) e ab c ag ak aa c ag aj f (ak n (f u w ai v)) r i aa k (o p) e ab c (b u j t) ag ab o (x (f u ac)) e (v ae B al z) ai (C aa w (v D) d i (E F G H I (ae k x) u) z ae ah an ai) J K af L ai (M N u O) P (g (l a Q ad h (x an (R (S (al (T (U ab (V k h f e (W ah ab) al) l (n ad) d X g (aj af f (i h c g y Y af (b Z c AA aj af k o)) p ae)) AB r w) AC) v w)))))
l ak b (am y w (i p h)) h r i aa k (o p) e ab c ag ak aa c ag aj f (ak n (f u w ai v)) r i aa k (o p) e ab c ag ak aa c ag aj f (ak n (f u w ai v)) r i aa k (o p) e ab c (b u j t) ag ab o (x (f u ac)) e (v ae B al z) ai (C aa w (v D) d i (E F G H I (ae k x) u) z ae ah an ai) J K af L ai (M N u O) P (g (l a Q ad h (x an (R (S (al (T (U ab (V k h f e (W ah ab) al) l (n ad) d X g (aj af f (i h c g y Y af (b Z c AA aj af k o)) p ae)) AB r w) AC) v w)))))
v e (ak n (f u w ai v)) ag ab b (am y w (i p h)) h r i aa k (o p) e ab c ag ak aa c ag aj f (ak n (f u w ai v)) r i aa k (o p) e ab c ag ak aa c ag aj f (ak n (f u w ai v)) r i aa k (o p) e ab c (b u j t) ag ab o (x (f u ac)) e (v ae B al z) ai (C aa w (v D) d i (E F G H I (ae k x) u) z ae ah an ai) J K af L ai (M N u O) P (g (l a Q ad h (x an (R (S (al (T (U ab (V k h f e (W ah ab) al) l (n ad) d X g (aj af f (i h c g y Y af (b Z c AA aj af k o)) p ae)) AB r w) AC) v w)))))
o ag ak aa c ag aj f (ak n (f u w ai v)) r i aa k (o p) e ab c ag ak aa c ag aj f (ak n (f u w ai v)) r i aa k (o p) e ab c ag ak aa c ag aj f (ak n (f u w ai v)) r i aa k (o p) e ab c (b u j t) ag ab o (x (f u ac)) e (v ae B al z) ai (C aa w (v D) d i (E F G H I (ae k x) u) z ae ah an ai) J K af L ai (M N u O) P (g (l a Q ad h (x an (R (S (al (T (U ab (V k h f e (W ah ab) al) l (n ad) d X g (aj af f (i h c g y Y af (b Z c AA aj af k o)) p ae)) AB r w) AC) v w)))))
g e ab c ag ak aa c ag aj f (ak n (f u w ai v)) r i aa k (o p) e ab c ag ak aa c ag aj f (ak n (f u w ai v)) r i aa k (o p) e ab c ag ak aa c ag aj f (ak n (f u w ai v)) r i aa k (o p) e ab c (b u j t) ag ab o (x (f u ac)) e (v ae B al z) ai (C aa w (v D) d i (E F G H I (ae k x) u) z ae ah an ai) J K af L ai (M N u O) P (g (l a Q ad h (x an (R (S (al (T (U ab (V k h f e (W ah ab) al) l (n ad) d X g (aj af f (i h c g y Y af (b Z c AA aj af k o)) p ae)) AB r w) AC) v w)))))
al b h r i aa k (o p) e ab c ag ak aa c ag aj f (ak n (f u w ai v)) r i aa k (o p) e ab c ag ak aa c ag aj f (ak n (f u w ai v)) r i aa k (o p) e ab c ag ak aa c ag aj f (ak n (f u w ai v)) r i aa k (o p) e ab c (b u j t) ag ab o (x (f u ac)) e (v ae B al z) ai (C aa w (v D) d i (E F G H I (ae k x) u) z ae ah an ai) J K af L ai (M N u O) P (g (l a Q ad h (x an (R (S (al (T (U ab (V k h f e (W ah ab) al) l (n ad) d X g (aj af f (i h c g y Y af (b Z c AA aj af k o)) p ae)) AB r w) AC) v w)))))
ad ac u am (an h (s (af l a q))) b h r i aa k (o p) e ab c ag ak aa c ag aj f (ak n (f u w ai v)) r i aa k (o p) e ab c ag ak aa c ag aj f (ak n (f u w ai v)) r i aa k (o p) e ab c ag ak aa c ag aj f (ak n (f u w ai v)) r i aa k (o p) e ab c (b u j t) ag ab o (x (f u ac)) e (v ae B al z) ai (C aa w (v D) d i (E F G H I (ae k x) u) z ae ah an ai) J K af L ai (M N u O) P (g (l a Q ad h (x an (R (S (al (T (U ab (V k h f e (W ah ab) al) l (n ad) d X g (aj af f (i h c g y Y af (b Z c AA aj af k o)) p ae)) AB r w) AC) v w)))))
l ak b (am y w (i p h)) h r i aa k (o p) e ab c ag ak aa c ag aj f (ak n (f u w ai v)) r i aa k (o p) e ab c ag ak aa c ag aj f (ak n (f u w ai v)) r i aa k (o p) e ab c ag ak aa c ag aj f (ak n (f u w ai v)) r i aa k (o p) e ab c (b u j t) ag ab o (x (f u ac)) e (v ae B al z) ai (C aa w (v D) d i (E F G H I (ae k x) u) z ae ah an ai) J K af L ai (M N u O) P (g (l a Q ad h (x an (R (S (al (T (U ab (V k h f e (W ah ab) al) l (n ad) d X g (aj af f (i h c g y Y af (b Z c AA aj af k o)) p ae)) AB r w) AC) v w)))))
v e (ak n (f u w ai v)) ag ab b (am y w (i p h)) h r i aa k (o p) e ab c ag ak aa c ag aj f (ak n (f u w ai v)) r i aa k (o p) e ab c ag ak aa c ag aj f (ak n (f u w ai v)) r i aa k (o p) e ab c ag ak aa c ag aj f (ak n (f u w ai v)) r i aa k (o p) e ab c (b u j t) ag ab o (x (f u ac)) e (v ae B al z) ai (C aa w (v D) d i (E F G H I (ae k x) u) z ae ah an ai) J K af L ai (M N u O) P (g (l a Q ad h (x an (R (S (al (T (U ab (V k h f e (W ah ab) al) l (n ad) d X g (aj af f (i h c g y Y af (b Z c AA aj af k o)) p ae)) AB r w) AC) v w)))))
o ag ak aa c ag aj f (ak n (f u w ai v)) r i aa k (o p) e ab c ag ak aa c ag aj f (ak n (f u w ai v)) r i aa k (o p) e ab c ag ak aa c ag aj f (ak n (f u w ai v)) r i aa k (o p) e ab c ag ak aa c ag aj f (ak n (f u w ai v)) r i aa k (o p) e ab c (b u j t) ag ab o (x (f u ac)) e (v ae B al z) ai (C aa w (v D) d i (E F G H I (ae k x) u) z ae ah an ai) J K af L ai (M N u O) P (g (l a Q ad h (x an (R (S (al (T (U ab (V k h f e (W ah ab) al) l (n ad) d X g (aj af f (i h c g y Y af (b Z c AA aj af k o)) p ae)) AB r w) AC) v w)))))
g e ab c ag ak aa c ag aj f (ak n (f u w ai v)) r i aa k (o p) e ab c ag ak aa c ag aj f (ak n (f u w ai v)) r i aa k (o p) e ab c ag ak aa c ag aj f (ak n (f u w ai v)) r i aa k (o p) e ab c ag ak aa c ag aj f (ak n (f u w ai v)) r i aa k (o p) e ab c (b u j t) ag ab o (x (f u ac)) e (v ae B al z) ai (C aa w (v D) d i (E F G H I (ae k x) u) z ae ah an ai) J K af L ai (M N u O) P (g (l a Q ad h (x an (R (S (al (T (U ab (V k h f e (W ah ab) al) l (n ad) d X g (aj af f (i h c g y Y af (b Z c AA aj af k o)) p ae)) AB r w) AC) v w)))))
al b h r i aa k (o p) e ab c ag ak aa c ag aj f (ak n (f u w ai v)) r i aa k (o p) e ab c ag ak aa c ag aj f (ak n (f u w ai v)) r i aa k (o p) e ab c ag ak aa c ag aj f (ak n (f u w ai v)) r i aa k (o p) e ab c ag ak aa c ag aj f (ak n (f u w ai v)) r i aa k (o p) e ab c (b u j t) ag ab o (x (f u ac)) e (v ae B al z) ai (C aa w (v D) d i (E F G H I (ae k x) u) z ae ah an ai) J K af L ai (M N u O) P (g (l a Q ad h (x an (R (S (al (T (U ab (V k h f e (W ah ab) al) l (n ad) d X g (aj af f (i h c g y Y af (b Z c AA aj af k o)) p ae)) AB r w) AC) v w)))))
ad ac u am (an h (s (af l a q))) b h r i aa k (o p) e ab c ag ak aa c ag aj f (ak n (f u w ai v)) r i aa k (o p) e ab c ag ak aa c ag aj f (ak n (f u w ai v)) r i aa k (o p) e ab c ag ak aa c ag aj f (ak n (f u w ai v)) r i aa k (o p) e ab c ag ak aa c ag aj f (ak n (f u w ai v)) r i aa k (o p) e ab c (b u j t) ag ab o (x (f u ac)) e (v ae B al z) ai (C aa w (v D) d i (E F G H I (ae k x) u) z ae ah an ai) J K af L ai (M N u O) P (g (l a Q ad h (x an (R (S (al (T (U ab (V k h f e (W ah ab) al) l (n ad) d X g (aj af f (i h c g y Y af (b Z c AA aj af k o)) p ae)) AB r w) AC) v w)))))
l ak b (am y w (i p h)) h r i aa k (o p) e ab c ag ak aa c ag aj f (ak n (f u w ai v)) r i aa k (o p) e ab c ag ak aa c ag aj f (ak n (f u w ai v)) r i aa k (o p) e ab c ag ak aa c ag aj f (ak n (f u w ai v)) r i aa k (o p) e ab c ag ak aa c ag aj f (ak n (f u w ai v)) r i aa k (o p) e ab c (b u j t) ag ab o (x (f u ac)) e (v ae B al z) ai (C aa w (v D) d i (E F G H I (ae k x) u) z ae ah an ai) J K af L ai (M N u O) P (g (l a Q ad h (x an (R (S (al (T (U ab (V k h f e (W ah ab) al) l (n ad) d X g (aj af f (i h c g y Y af (b Z c AA aj af k o)) p ae)) AB r w) AC) v w)))))


