w ap aq ao ap aa n z t c
ag ao e w s c d a ai
p at ar aq ap ao ao s t
v ao ap aq ar ae ap (an g p af b (n ao d))
l ao ao d w (t q ao ah z v)
aj ap aq ao ad ap x (g y ab aa) d y e
f al g (ae ag u v m)
m aq ap ao ab am (ad e n g (ab af (ap ai ac t g)))
c aq ap ao ar ab s w e i
x ao af
s ao ap y w (w j j) r g w (ae b)
y aq ap ar ao aq ag ac ai al ad j
h v d b g ac ab (d t) af
g ao aq ap n p (af z) s ae h aa e
i ao ap am ao ak ad ap (y d s y aa (ab q)) h
ad ap aq ar ao at x (e (r w an) z g)
ab ao ap ar aq k u
a g ah an al (al ah (o w f) e p ac s)
o ar ap aq ao at ao t (ah r (am (t al at n)))
j au ap av ao ar aq at t b ao av (af m (d z av g ac s))
n au ao ap ar at aq m ak ai o al
d e aj (an (an v (al ai m t af) q))
ak aq at ao ar ap aa
an aq ap ao ap k (h (y b) aq g) ao al aj (r af)
main A ah (B C ac (D E ac)) F ah G ak ad t y m c z q H (I an o) ad (am l y ak an J h) e v K L q M h o (f u) n N n af O b aj s d P ai t ac aa Q f b (R S d (T U V W X (aa ac) Y y al) k) j Z aa w am AA w am k am g n m v c AB (ad al u (x h (an j s k) e)) l al
ac aq ao ar ap s w d p s k (b x q (i m j ai))
b au ao aq ar at ap r g
e aq ao ap n al d h f ac ao aq ae aa r v t
k ap aq at ao ar h ad s ap x d w j z i x c
ah ar ao aq at ap a (p l ao i f m a)
r ar ap ao au at aq m m n x n af x ad y
aa ap at ao ar aq r u (ak ar)
ae aq ao at ap au ar av ac b al (u ag e (au f w n ag al))
u ao ar ap aq ad v ae ab e ab (t ag) ai g
am ao an s ad n (u ah s af) aj q ad
ai au av at ap ao ar aq h ac j ak v b aj aj f ak
q ao ad (an ad am (x aa) an)
af ap ar at ao aq a ad aa t (g m)
al ao ao f i g r (ao ag) z h ai
z an ah (aj ah w)
t ao v (l ai w o u an ae ao)
------------------------------------------------------------
A ah (B C ac (D E ac)) F ah G ak ad t y m c z q H (I an o) ad (am l y ak an J h) e v K L q M h o (f u) n N n af O b aj s d P ai t ac aa Q f b (R S d (T U V W X (aa ac) Y y al) k) j Z aa w am AA w am k am g n m v c AB (ad al u (x h (an j s k) e)) l al
A ah (B C ac (D E ac)) F ah G ak ad t y m c z q H (I an o) ad (an s ad n (u ah s af) aj q ad y ak an J h) e v K L q M h o (f u) n N n af O b aj s d P ai t ac aa Q f b (R S d (T U V W X (aa ac) Y y al) k) j Z aa w am AA w am k am g n m v c AB (ad al u (x h (an j s k) e)) l al
A ah (B C ac (D E ac)) F ah G ak ad t y m c z q H (I an o) ad (ad k (h (y b) s g) n al aj (r af) (u ah s af) aj q ad y ak an J h) e v K L q M h o (f u) n N n af O b aj s d P ai t ac aa Q f b (R S d (T U V W X (aa ac) Y y al) k) j Z aa w am AA w am k am g n m v c AB (ad al u (x h (an j s k) e)) l al
A ah (B C ac (D E ac)) F ah G ak ad t y m c z q H (I an o) ad (x (e (r w an) z g) (r af) (u ah s af) aj q ad y ak an J h) e v K L q M h o (f u) n N n af O b aj s d P ai t ac aa Q f b (R S d (T U V W X (aa ac) Y y al) k) j Z aa w am AA w am k am g n m v c AB (ad al u (x h (an j s k) e)) l al
A ah (B C ac (D E ac)) F ah G ak ad t y m c z q H (I an o) ad (af (r af) (u ah s af) aj q ad y ak an J h) e v K L q M h o (f u) n N n af O b aj s d P ai t ac aa Q f b (R S d (T U V W X (aa ac) Y y al) k) j Z aa w am AA w am k am g n m v c AB (ad al u (x h (an j s k) e)) l al
A ah (B C ac (D E ac)) F ah G ak ad t y m c z q H (I an o) ad (a ad aa t (g m) y ak an J h) e v K L q M h o (f u) n N n af O b aj s d P ai t ac aa Q f b (R S d (T U V W X (aa ac) Y y al) k) j Z aa w am AA w am k am g n m v c AB (ad al u (x h (an j s k) e)) l al
A ah (B C ac (D E ac)) F ah G ak ad t y m c z q H (I an o) ad (g ah an al (al ah (o w f) e p ac s) ad aa t (g m) y ak an J h) e v K L q M h o (f u) n N n af O b aj s d P ai t ac aa Q f b (R S d (T U V W X (aa ac) Y y al) k) j Z aa w am AA w am k am g n m v c AB (ad al u (x h (an j s k) e)) l al
A ah (B C ac (D E ac)) F ah G ak ad t y m c z q H (I an o) ad (n p (af z) s ae h aa e (al ah (o w f) e p ac s) ad aa t (g m) y ak an J h) e v K L q M h o (f u) n N n af O b aj s d P ai t ac aa Q f b (R S d (T U V W X (aa ac) Y y al) k) j Z aa w am AA w am k am g n m v c AB (ad al u (x h (an j s k) e)) l al
A ah (B C ac (D E ac)) F ah G ak ad t y m c z q H (I an o) ad (m ak ai o al e (al ah (o w f) e p ac s) ad aa t (g m) y ak an J h) e v K L q M h o (f u) n N n af O b aj s d P ai t ac aa Q f b (R S d (T U V W X (aa ac) Y y al) k) j Z aa w am AA w am k am g n m v c AB (ad al u (x h (an j s k) e)) l al
A ah (B C ac (D E ac)) F ah G ak ad t y m c z q H (I an o) ad (ab am (ad e n g (ab af (ai ai ac t g))) al e (al ah (o w f) e p ac s) ad aa t (g m) y ak an J h) e v K L q M h o (f u) n N n af O b aj s d P ai t ac aa Q f b (R S d (T U V W X (aa ac) Y y al) k) j Z aa w am AA w am k am g n m v c AB (ad al u (x h (an j s k) e)) l al
A ah (B C ac (D E ac)) F ah G ak ad t y m c z q H (I an o) ad (k u (al ah (o w f) e p ac s) ad aa t (g m) y ak an J h) e v K L q M h o (f u) n N n af O b aj s d P ai t ac aa Q f b (R S d (T U V W X (aa ac) Y y al) k) j Z aa w am AA w am k am g n m v c AB (ad al u (x h (an j s k) e)) l al
A ah (B C ac (D E ac)) F ah G ak ad t y m c z q H (I an o) ad (h ad s u x d w j z i x c (g m) y ak an J h) e v K L q M h o (f u) n N n af O b aj s d P ai t ac aa Q f b (R S d (T U V W X (aa ac) Y y al) k) j Z aa w am AA w am k am g n m v c AB (ad al u (x h (an j s k) e)) l al
A ah (B C ac (D E ac)) F ah G ak ad t y m c z q H (I an o) ad (v d b g ac ab (d t) af ad s u x d w j z i x c (g m) y ak an J h) e v K L q M h o (f u) n N n af O b aj s d P ai t ac aa Q f b (R S d (T U V W X (aa ac) Y y al) k) j Z aa w am AA w am k am g n m v c AB (ad al u (x h (an j s k) e)) l al
A ah (B C ac (D E ac)) F ah G ak ad t y m c z q H (I an o) ad (ae b (an g p af b (n d d)) ab (d t) af ad s u x d w j z i x c (g m) y ak an J h) e v K L q M h o (f u) n N n af O b aj s d P ai t ac aa Q f b (R S d (T U V W X (aa ac) Y y al) k) j Z aa w am AA w am k am g n m v c AB (ad al u (x h (an j s k) e)) l al
A ah (B C ac (D E ac)) F ah G ak ad t y m c z q H (I an o) ad (ac b al (u ag e (af f w n ag al)) u x d w j z i x c (g m) y ak an J h) e v K L q M h o (f u) n N n af O b aj s d P ai t ac aa Q f b (R S d (T U V W X (aa ac) Y y al) k) j Z aa w am AA w am k am g n m v c AB (ad al u (x h (an j s k) e)) l al
A ah (B C ac (D E ac)) F ah G ak ad t y m c z q H (I an o) ad (s w d p s k (b x q (i m j ai)) x d w j z i x c (g m) y ak an J h) e v K L q M h o (f u) n N n af O b aj s d P ai t ac aa Q f b (R S d (T U V W X (aa ac) Y y al) k) j Z aa w am AA w am k am g n m v c AB (ad al u (x h (an j s k) e)) l al
A ah (B C ac (D E ac)) F ah G ak ad t y m c z q H (I an o) ad (y w (w j j) r g w (ae b) p s k (b x q (i m j ai)) x d w j z i x c (g m) y ak an J h) e v K L q M h o (f u) n N n af O b aj s d P ai t ac aa Q f b (R S d (T U V W X (aa ac) Y y al) k) j Z aa w am AA w am k am g n m v c AB (ad al u (x h (an j s k) e)) l al
A ah (B C ac (D E ac)) F ah G ak ad t y m c z q H (I an o) ad (w ag ac ai al ad j w (ae b) p s k (b x q (i m j ai)) x d w j z i x c (g m) y ak an J h) e v K L q M h o (f u) n N n af O b aj s d P ai t ac aa Q f b (R S d (T U V W X (aa ac) Y y al) k) j Z aa w am AA w am k am g n m v c AB (ad al u (x h (an j s k) e)) l al
A ah (B C ac (D E ac)) F ah G ak ad t y m c z q H (I an o) ad (ag aa n z t c al ad j w (ae b) p s k (b x q (i m j ai)) x d w j z i x c (g m) y ak an J h) e v K L q M h o (f u) n N n af O b aj s d P ai t ac aa Q f b (R S d (T U V W X (aa ac) Y y al) k) j Z aa w am AA w am k am g n m v c AB (ad al u (x h (an j s k) e)) l al
A ah (B C ac (D E ac)) F ah G ak ad t y m c z q H (I an o) ad (e w s c d a ai n z t c al ad j w (ae b) p s k (b x q (i m j ai)) x d w j z i x c (g m) y ak an J h) e v K L q M h o (f u) n N n af O b aj s d P ai t ac aa Q f b (R S d (T U V W X (aa ac) Y y al) k) j Z aa w am AA w am k am g n m v c AB (ad al u (x h (an j s k) e)) l al
A ah (B C ac (D E ac)) F ah G ak ad t y m c z q H (I an o) ad (n al d h f ac s w ae aa r v t d a ai n z t c al ad j w (ae b) p s k (b x q (i m j ai)) x d w j z i x c (g m) y ak an J h) e v K L q M h o (f u) n N n af O b aj s d P ai t ac aa Q f b (R S d (T U V W X (aa ac) Y y al) k) j Z aa w am AA w am k am g n m v c AB (ad al u (x h (an j s k) e)) l al
A ah (B C ac (D E ac)) F ah G ak ad t y m c z q H (I an o) ad (m ak ai o al w ae aa r v t d a ai n z t c al ad j w (ae b) p s k (b x q (i m j ai)) x d w j z i x c (g m) y ak an J h) e v K L q M h o (f u) n N n af O b aj s d P ai t ac aa Q f b (R S d (T U V W X (aa ac) Y y al) k) j Z aa w am AA w am k am g n m v c AB (ad al u (x h (an j s k) e)) l al
A ah (B C ac (D E ac)) F ah G ak ad t y m c z q H (I an o) ad (ab am (ad e n g (ab af (ai ai ac t g))) al w ae aa r v t d a ai n z t c al ad j w (ae b) p s k (b x q (i m j ai)) x d w j z i x c (g m) y ak an J h) e v K L q M h o (f u) n N n af O b aj s d P ai t ac aa Q f b (R S d (T U V W X (aa ac) Y y al) k) j Z aa w am AA w am k am g n m v c AB (ad al u (x h (an j s k) e)) l al
A ah (B C ac (D E ac)) F ah G ak ad t y m c z q H (I an o) ad (k u ae aa r v t d a ai n z t c al ad j w (ae b) p s k (b x q (i m j ai)) x d w j z i x c (g m) y ak an J h) e v K L q M h o (f u) n N n af O b aj s d P ai t ac aa Q f b (R S d (T U V W X (aa ac) Y y al) k) j Z aa w am AA w am k am g n m v c AB (ad al u (x h (an j s k) e)) l al
A ah (B C ac (D E ac)) F ah G ak ad t y m c z q H (I an o) ad (h ad s u x d w j z i x c t d a ai n z t c al ad j w (ae b) p s k (b x q (i m j ai)) x d w j z i x c (g m) y ak an J h) e v K L q M h o (f u) n N n af O b aj s d P ai t ac aa Q f b (R S d (T U V W X (aa ac) Y y al) k) j Z aa w am AA w am k am g n m v c AB (ad al u (x h (an j s k) e)) l al
A ah (B C ac (D E ac)) F ah G ak ad t y m c z q H (I an o) ad (v d b g ac ab (d t) af ad s u x d w j z i x c t d a ai n z t c al ad j w (ae b) p s k (b x q (i m j ai)) x d w j z i x c (g m) y ak an J h) e v K L q M h o (f u) n N n af O b aj s d P ai t ac aa Q f b (R S d (T U V W X (aa ac) Y y al) k) j Z aa w am AA w am k am g n m v c AB (ad al u (x h (an j s k) e)) l al
A ah (B C ac (D E ac)) F ah G ak ad t y m c z q H (I an o) ad (ae b (an g p af b (n d d)) ab (d t) af ad s u x d w j z i x c t d a ai n z t c al ad j w (ae b) p s k (b x q (i m j ai)) x d w j z i x c (g m) y ak an J h) e v K L q M h o (f u) n N n af O b aj s d P ai t ac aa Q f b (R S d (T U V W X (aa ac) Y y al) k) j Z aa w am AA w am k am g n m v c AB (ad al u (x h (an j s k) e)) l al
A ah (B C ac (D E ac)) F ah G ak ad t y m c z q H (I an o) ad (ac b al (u ag e (af f w n ag al)) u x d w j z i x c t d a ai n z t c al ad j w (ae b) p s k (b x q (i m j ai)) x d w j z i x c (g m) y ak an J h) e v K L q M h o (f u) n N n af O b aj s d P ai t ac aa Q f b (R S d (T U V W X (aa ac) Y y al) k) j Z aa w am AA w am k am g n m v c AB (ad al u (x h (an j s k) e)) l al
A ah (B C ac (D E ac)) F ah G ak ad t y m c z q H (I an o) ad (s w d p s k (b x q (i m j ai)) x d w j z i x c t d a ai n z t c al ad j w (ae b) p s k (b x q (i m j ai)) x d w j z i x c (g m) y ak an J h) e v K L q M h o (f u) n N n af O b aj s d P ai t ac aa Q f b (R S d (T U V W X (aa ac) Y y al) k) j Z aa w am AA w am k am g n m v c AB (ad al u (x h (an j s k) e)) l al
A ah (B C ac (D E ac)) F ah G ak ad t y m c z q H (I an o) ad (y w (w j j) r g w (ae b) p s k (b x q (i m j ai)) x d w j z i x c t d a ai n z t c al ad j w (ae b) p s k (b x q (i m j ai)) x d w j z i x c (g m) y ak an J h) e v K L q M h o (f u) n N n af O b aj s d P ai t ac aa Q f b (R S d (T U V W X (aa ac) Y y al) k) j Z aa w am AA w am k am g n m v c AB (ad al u (x h (an j s k) e)) l al


