s ao ar au at ap aq x ah af
aa ao ac g (ao ai) q l y ad (ad g i k) r
ae ap ao ar aq o ac ab ak p ah ag an e s
ac ap aq ao p (n t y b) ah (e v n aq) (ap a)
an l ai z a d ah (w ad af)
ad aq ao ap i (u (u j) c) (v v e)
ah aq ao at au ap ar i j k ak m aa (p c) ad ai (ai m)
g ao ap r ae (ag m af m) ah
a d g ag an d g ae l o b ac x
c ao ao f (i an v (r aa (ak an ah)) ai ak)
af a a g k (ae aj ac c j ab)
o ap ao d
u at ar ao au aq ap c aj ai ao e (c (n af au) q)
h ar ao ap aq at g ac y aq (u i) (ae ar ao (ar r)) n
v q c ab l am h t u
y aq ap ao at ar n f ar (n s b ah)
ak ar ap au aq at ao at ah f j l f i g
p ao ap t (a af f)
n ao f aa ao m aa o (h aj) (ab j) m
am ao aj p v o aj ab ag
b aj (x (ag ai ab a l a aj (l q n l)))
r ao at aq au ap ar g an ag s ap a e ad q am ak aa
al ar aq ap ao ae q a aq
i au ar ap aq ao at an an j k w m b h
j at aq ar ap av au ao v l aq o av ah n ab ab (q a p)
m ap aq ao l ap h q e (ao (g x z ab))
ai m ac y (w ag s (v d am q v aa an))
k aq ap ao n (w e a m)
z aq ap ao s al ai (al ag ae c ad)
main A (aj (b (B an q o (ah i (C l ad (an l f (w (D k (k af ad j (c E) F r (G (H f I p (J K L M aj i (N n ad h (am O z af p d) (P Q al w (R (am f l) d) (S e) s T (q U V l)) ak k) (W h (g am k) am am) al X Y u) (q (w o Z)) (AA l) ae m) ag k ae) s))) (b f d n al l) ab) ab) l ad g))))
e au ar av ao aq at ap c (o m) x w
f ao y
ab ao u (a ag ao am (r d a i))
t ao ao j y l
l ar ap ao aq al aa
q ap ao r (z (i f) (n v) x) m ad (ae t) an al
ag ao ap at ar aq i ai y at (al al (ap b p s) ah n)
d ao ar aq ap ao (s ai) (aj ad (k ah ae i z ag))
x aq at ao ap ar au av al k j y
w av au aq ao at ar ap d h q ak ab (s d ao v k)
aj ao aq ar ap ap ag
------------------------------------------------------------
A (aj (b (B an q o (ah i (C l ad (an l f (w (D k (k af ad j (c E) F r (G (H f I p (J K L M aj i (N n ad h (am O z af p d) (P Q al w (R (am f l) d) (S e) s T (q U V l)) ak k) (W h (g am k) am am) al X Y u) (q (w o Z)) (AA l) ae m) ag k ae) s))) (b f d n al l) ab) ab) l ad g))))
A (aj (aj (x (ag ai ab a l a aj (l q n l))) (B an q o (ah i (C l ad (an l f (w (D k (k af ad j (c E) F r (G (H f I p (J K L M aj i (N n ad h (am O z af p d) (P Q al w (R (am f l) d) (S e) s T (q U V l)) ak k) (W h (g am k) am am) al X Y u) (q (w o Z)) (AA l) ae m) ag k ae) s))) (b f d n al l) ab) ab) l ad g))))
A (aj (aj (x (i ai y a (al al (ab b p s) ah n) aj (l q n l))) (B an q o (ah i (C l ad (an l f (w (D k (k af ad j (c E) F r (G (H f I p (J K L M aj i (N n ad h (am O z af p d) (P Q al w (R (am f l) d) (S e) s T (q U V l)) ak k) (W h (g am k) am am) al X Y u) (q (w o Z)) (AA l) ae m) ag k ae) s))) (b f d n al l) ab) ab) l ad g))))
A (aj (aj (x (an an j k w m b h)) (B an q o (ah i (C l ad (an l f (w (D k (k af ad j (c E) F r (G (H f I p (J K L M aj i (N n ad h (am O z af p d) (P Q al w (R (am f l) d) (S e) s T (q U V l)) ak k) (W h (g am k) am am) al X Y u) (q (w o Z)) (AA l) ae m) ag k ae) s))) (b f d n al l) ab) ab) l ad g))))
A (aj (aj (x (l ai z a d ah (w ad af) an j k w m b h)) (B an q o (ah i (C l ad (an l f (w (D k (k af ad j (c E) F r (G (H f I p (J K L M aj i (N n ad h (am O z af p d) (P Q al w (R (am f l) d) (S e) s T (q U V l)) ak k) (W h (g am k) am am) al X Y u) (q (w o Z)) (AA l) ae m) ag k ae) s))) (b f d n al l) ab) ab) l ad g))))
A (aj (aj (x (al aa ah (w ad af) an j k w m b h)) (B an q o (ah i (C l ad (an l f (w (D k (k af ad j (c E) F r (G (H f I p (J K L M aj i (N n ad h (am O z af p d) (P Q al w (R (am f l) d) (S e) s T (q U V l)) ak k) (W h (g am k) am am) al X Y u) (q (w o Z)) (AA l) ae m) ag k ae) s))) (b f d n al l) ab) ab) l ad g))))
A (aj (aj (x (ae q a ah j k w m b h)) (B an q o (ah i (C l ad (an l f (w (D k (k af ad j (c E) F r (G (H f I p (J K L M aj i (N n ad h (am O z af p d) (P Q al w (R (am f l) d) (S e) s T (q U V l)) ak k) (W h (g am k) am am) al X Y u) (q (w o Z)) (AA l) ae m) ag k ae) s))) (b f d n al l) ab) ab) l ad g))))
A (aj (aj (x (o ac ab ak p ah ag an e s k w m b h)) (B an q o (ah i (C l ad (an l f (w (D k (k af ad j (c E) F r (G (H f I p (J K L M aj i (N n ad h (am O z af p d) (P Q al w (R (am f l) d) (S e) s T (q U V l)) ak k) (W h (g am k) am am) al X Y u) (q (w o Z)) (AA l) ae m) ag k ae) s))) (b f d n al l) ab) ab) l ad g))))
A (aj (aj (x (d ak p ah ag an e s k w m b h)) (B an q o (ah i (C l ad (an l f (w (D k (k af ad j (c E) F r (G (H f I p (J K L M aj i (N n ad h (am O z af p d) (P Q al w (R (am f l) d) (S e) s T (q U V l)) ak k) (W h (g am k) am am) al X Y u) (q (w o Z)) (AA l) ae m) ag k ae) s))) (b f d n al l) ab) ab) l ad g))))
A (aj (aj (x (ak (s ai) (aj ad (k ah ae i z ag)) an e s k w m b h)) (B an q o (ah i (C l ad (an l f (w (D k (k af ad j (c E) F r (G (H f I p (J K L M aj i (N n ad h (am O z af p d) (P Q al w (R (am f l) d) (S e) s T (q U V l)) ak k) (W h (g am k) am am) al X Y u) (q (w o Z)) (AA l) ae m) ag k ae) s))) (b f d n al l) ab) ab) l ad g))))
A (aj (aj (x (s ah f j l f i g w m b h)) (B an q o (ah i (C l ad (an l f (w (D k (k af ad j (c E) F r (G (H f I p (J K L M aj i (N n ad h (am O z af p d) (P Q al w (R (am f l) d) (S e) s T (q U V l)) ak k) (W h (g am k) am am) al X Y u) (q (w o Z)) (AA l) ae m) ag k ae) s))) (b f d n al l) ab) ab) l ad g))))
A (aj (aj (x (x ah af g w m b h)) (B an q o (ah i (C l ad (an l f (w (D k (k af ad j (c E) F r (G (H f I p (J K L M aj i (N n ad h (am O z af p d) (P Q al w (R (am f l) d) (S e) s T (q U V l)) ak k) (W h (g am k) am am) al X Y u) (q (w o Z)) (AA l) ae m) ag k ae) s))) (b f d n al l) ab) ab) l ad g))))
A (aj (aj (x (al k j y)) (B an q o (ah i (C l ad (an l f (w (D k (k af ad j (c E) F r (G (H f I p (J K L M aj i (N n ad h (am O z af p d) (P Q al w (R (am f l) d) (S e) s T (q U V l)) ak k) (W h (g am k) am am) al X Y u) (q (w o Z)) (AA l) ae m) ag k ae) s))) (b f d n al l) ab) ab) l ad g))))
A (aj (aj (x (al k j y)) (B an q o (ah i (C l ad (l ai z a d ah (w ad af) l f (w (D k (k af ad j (c E) F r (G (H f I p (J K L M aj i (N n ad h (am O z af p d) (P Q al w (R (am f l) d) (S e) s T (q U V l)) ak k) (W h (g am k) am am) al X Y u) (q (w o Z)) (AA l) ae m) ag k ae) s))) (b f d n al l) ab) ab) l ad g))))
A (aj (aj (x (al k j y)) (B an q o (ah i (C l ad (al aa ah (w ad af) l f (w (D k (k af ad j (c E) F r (G (H f I p (J K L M aj i (N n ad h (am O z af p d) (P Q al w (R (am f l) d) (S e) s T (q U V l)) ak k) (W h (g am k) am am) al X Y u) (q (w o Z)) (AA l) ae m) ag k ae) s))) (b f d n al l) ab) ab) l ad g))))
A (aj (aj (x (al k j y)) (B an q o (ah i (C l ad (ae q a ah f (w (D k (k af ad j (c E) F r (G (H f I p (J K L M aj i (N n ad h (am O z af p d) (P Q al w (R (am f l) d) (S e) s T (q U V l)) ak k) (W h (g am k) am am) al X Y u) (q (w o Z)) (AA l) ae m) ag k ae) s))) (b f d n al l) ab) ab) l ad g))))
A (aj (aj (x (al k j y)) (B an q o (ah i (C l ad (o ac ab ak p ah ag an e s (w (D k (k af ad j (c E) F r (G (H f I p (J K L M aj i (N n ad h (am O z af p d) (P Q al w (R (am f l) d) (S e) s T (q U V l)) ak k) (W h (g am k) am am) al X Y u) (q (w o Z)) (AA l) ae m) ag k ae) s))) (b f d n al l) ab) ab) l ad g))))
A (aj (aj (x (al k j y)) (B an q o (ah i (C l ad (d ak p ah ag an e s (w (D k (k af ad j (c E) F r (G (H f I p (J K L M aj i (N n ad h (am O z af p d) (P Q al w (R (am f l) d) (S e) s T (q U V l)) ak k) (W h (g am k) am am) al X Y u) (q (w o Z)) (AA l) ae m) ag k ae) s))) (b f d n al l) ab) ab) l ad g))))
A (aj (aj (x (al k j y)) (B an q o (ah i (C l ad (ak (s ai) (aj ad (k ah ae i z ag)) an e s (w (D k (k af ad j (c E) F r (G (H f I p (J K L M aj i (N n ad h (am O z af p d) (P Q al w (R (am f l) d) (S e) s T (q U V l)) ak k) (W h (g am k) am am) al X Y u) (q (w o Z)) (AA l) ae m) ag k ae) s))) (b f d n al l) ab) ab) l ad g))))
A (aj (aj (x (al k j y)) (B an q o (ah i (C l ad (s ah f j l f i g (b f d n al l) ab) ab) l ad g))))
A (aj (aj (x (al k j y)) (B an q o (ah i (C l ad (x ah af g (b f d n al l) ab) ab) l ad g))))
A (aj (aj (x (al k j y)) (B an q o (ah i (C l ad (x ah af g (aj (x (ag ai ab a l a aj (l q n l))) f d n al l) ab) ab) l ad g))))
A (aj (aj (x (al k j y)) (B an q o (ah i (C l ad (x ah af g (n ag al l) ab) ab) l ad g))))
A (aj (aj (x (al k j y)) (B an q o (ah i (C l ad (x ah af g (f aa ag m aa o (h aj) (ab j) m al l) ab) ab) l ad g))))
A (aj (aj (x (al k j y)) (B an q o (ah i (C l ad (x ah af g (y ag m aa o (h aj) (ab j) m al l) ab) ab) l ad g))))
A (aj (aj (x (al k j y)) (B an q o (ah i (C l ad (x ah af g (n f (h aj) (n s b ah) (ab j) m al l) ab) ab) l ad g))))
A (aj (aj (x (al k j y)) (B an q o (ah i (C l ad (x ah af g (f aa f m aa o (h aj) (ab j) m (h aj) (n s b ah) (ab j) m al l) ab) ab) l ad g))))
A (aj (aj (x (al k j y)) (B an q o (ah i (C l ad (x ah af g (y f m aa o (h aj) (ab j) m (h aj) (n s b ah) (ab j) m al l) ab) ab) l ad g))))
A (aj (aj (x (al k j y)) (B an q o (ah i (C l ad (x ah af g (n f (h aj) (n s b ah) (ab j) m (h aj) (n s b ah) (ab j) m al l) ab) ab) l ad g))))
A (aj (aj (x (al k j y)) (B an q o (ah i (C l ad (x ah af g (f aa f m aa o (h aj) (ab j) m (h aj) (n s b ah) (ab j) m (h aj) (n s b ah) (ab j) m al l) ab) ab) l ad g))))


