a ae ag af = ab f (af t j) w l ag
b = f e m
c ai af ae ah ag aj = aj (j (aa j h))
d ae ag af = r (b ag (ac i a m) m) ad
e ae = a (ae k) k
f ae af ag ah = y (h ad (h c q e ag aa))
g ae af = p x x (v (c (f aa) h ae w))
h af ae = p f m n k m af y (m t)
i ah ae af ag = p u r y aa y a l ac z
j ae = ae u (t b)
k ai ae ah ag aj af = g (ac p x) y c aa b p ab
l af ae ag = p ag o u ac s s p ag h
m ae ah ag af = c q t w a aa
n ae ah af ag = u f (h m s p)
o = q n
p af ae = a o af e c (c u o)
q ae aj ag ah ai af = d g i
r = s (p m)
s af ae = f
t af ae = n g y z u p k
u ag ah ai af ae = ab o c q (s ab (p k d) y)
v ae = t (ae o j) o p n
w ai ah af ag ae = ab ag f (o d y ag ab ad)
x ah ae ag af = w ag d t g c u f b
y ah af aj ai ae ag = ad
z = m l f (b u t g) l w i
aa ae af ag = l (n v (d (z o o) af v) t)
ab ag ae af = s af s ae r h ag
ac = b v z x ab (w n f) (g r)
ad ae ag ai ah af aj = w ae
main = k m t a (v (A B (x o) o o (x C g D) aa v l f n)) (r (ac (E k) c (x F G ab (aa (H I j z) (q z (x e (J (v o s K L l n M i) N x j z O) m b (r c (x (P g (Q ad a d r) g b (k (p ab R l S (T ad w w)) (e s x d ac b d y U V W X q Y Z v ad l a) e) y)) o e)))))))
------------------------------------------------------------
k m t a (v (A B (x o) o o (x C g D) aa v l f n)) (r (ac (E k) c (x F G ab (aa (H I j z) (q z (x e (J (v o s K L l n M i) N x j z O) m b (r c (x (P g (Q ad a d r) g b (k (p ab R l S (T ad w w)) (e s x d ac b d y U V W X q Y Z v ad l a) e) y)) o e)))))))
k m t a (t (A B (x o) o o (x C g D) aa v l f n o j) o p n) (r (ac (E k) c (x F G ab (aa (H I j z) (q z (x e (J (v o s K L l n M i) N x j z O) m b (r c (x (P g (Q ad a d r) g b (k (p ab R l S (T ad w w)) (e s x d ac b d y U V W X q Y Z v ad l a) e) y)) o e)))))))
k m t a (n g y z u p k p n) (r (ac (E k) c (x F G ab (aa (H I j z) (q z (x e (J (v o s K L l n M i) N x j z O) m b (r c (x (P g (Q ad a d r) g b (k (p ab R l S (T ad w w)) (e s x d ac b d y U V W X q Y Z v ad l a) e) y)) o e)))))))
k m t a (u f (h m s p) p k p n) (r (ac (E k) c (x F G ab (aa (H I j z) (q z (x e (J (v o s K L l n M i) N x j z O) m b (r c (x (P g (Q ad a d r) g b (k (p ab R l S (T ad w w)) (e s x d ac b d y U V W X q Y Z v ad l a) e) y)) o e)))))))
k m t a (ab o c q (s ab (p k d) y) n) (r (ac (E k) c (x F G ab (aa (H I j z) (q z (x e (J (v o s K L l n M i) N x j z O) m b (r c (x (P g (Q ad a d r) g b (k (p ab R l S (T ad w w)) (e s x d ac b d y U V W X q Y Z v ad l a) e) y)) o e)))))))
k m t a (s q s c r h o (s ab (p k d) y) n) (r (ac (E k) c (x F G ab (aa (H I j z) (q z (x e (J (v o s K L l n M i) N x j z O) m b (r c (x (P g (Q ad a d r) g b (k (p ab R l S (T ad w w)) (e s x d ac b d y U V W X q Y Z v ad l a) e) y)) o e)))))))
k m t a (f c r h o (s ab (p k d) y) n) (r (ac (E k) c (x F G ab (aa (H I j z) (q z (x e (J (v o s K L l n M i) N x j z O) m b (r c (x (P g (Q ad a d r) g b (k (p ab R l S (T ad w w)) (e s x d ac b d y U V W X q Y Z v ad l a) e) y)) o e)))))))
k m t a (y (h ad (h c q e h aa)) (s ab (p k d) y) n) (r (ac (E k) c (x F G ab (aa (H I j z) (q z (x e (J (v o s K L l n M i) N x j z O) m b (r c (x (P g (Q ad a d r) g b (k (p ab R l S (T ad w w)) (e s x d ac b d y U V W X q Y Z v ad l a) e) y)) o e)))))))
k m t a (y (p f m n k m ad y (m t)) (s ab (p k d) y) n) (r (ac (E k) c (x F G ab (aa (H I j z) (q z (x e (J (v o s K L l n M i) N x j z O) m b (r c (x (P g (Q ad a d r) g b (k (p ab R l S (T ad w w)) (e s x d ac b d y U V W X q Y Z v ad l a) e) y)) o e)))))))
k m t a (y (a o f e c (c u o) n k m ad y (m t)) (s ab (p k d) y) n) (r (ac (E k) c (x F G ab (aa (H I j z) (q z (x e (J (v o s K L l n M i) N x j z O) m b (r c (x (P g (Q ad a d r) g b (k (p ab R l S (T ad w w)) (e s x d ac b d y U V W X q Y Z v ad l a) e) y)) o e)))))))
k m t a (y (ab f (e t j) w l f c (c u o) n k m ad y (m t)) (s ab (p k d) y) n) (r (ac (E k) c (x F G ab (aa (H I j z) (q z (x e (J (v o s K L l n M i) N x j z O) m b (r c (x (P g (Q ad a d r) g b (k (p ab R l S (T ad w w)) (e s x d ac b d y U V W X q Y Z v ad l a) e) y)) o e)))))))
k m t a (y (s w s (e t j) r h f l f c (c u o) n k m ad y (m t)) (s ab (p k d) y) n) (r (ac (E k) c (x F G ab (aa (H I j z) (q z (x e (J (v o s K L l n M i) N x j z O) m b (r c (x (P g (Q ad a d r) g b (k (p ab R l S (T ad w w)) (e s x d ac b d y U V W X q Y Z v ad l a) e) y)) o e)))))))
k m t a (y (f (e t j) r h f l f c (c u o) n k m ad y (m t)) (s ab (p k d) y) n) (r (ac (E k) c (x F G ab (aa (H I j z) (q z (x e (J (v o s K L l n M i) N x j z O) m b (r c (x (P g (Q ad a d r) g b (k (p ab R l S (T ad w w)) (e s x d ac b d y U V W X q Y Z v ad l a) e) y)) o e)))))))
k m t a (y (y (h ad (h c q e h aa)) l f c (c u o) n k m ad y (m t)) (s ab (p k d) y) n) (r (ac (E k) c (x F G ab (aa (H I j z) (q z (x e (J (v o s K L l n M i) N x j z O) m b (r c (x (P g (Q ad a d r) g b (k (p ab R l S (T ad w w)) (e s x d ac b d y U V W X q Y Z v ad l a) e) y)) o e)))))))
k m t a (y (ad k m ad y (m t)) (s ab (p k d) y) n) (r (ac (E k) c (x F G ab (aa (H I j z) (q z (x e (J (v o s K L l n M i) N x j z O) m b (r c (x (P g (Q ad a d r) g b (k (p ab R l S (T ad w w)) (e s x d ac b d y U V W X q Y Z v ad l a) e) y)) o e)))))))
k m t a (y (ad k m ad y (m t)) (f y) n) (r (ac (E k) c (x F G ab (aa (H I j z) (q z (x e (J (v o s K L l n M i) N x j z O) m b (r c (x (P g (Q ad a d r) g b (k (p ab R l S (T ad w w)) (e s x d ac b d y U V W X q Y Z v ad l a) e) y)) o e)))))))
k m t a (y (ad k m ad y (m t)) (f y) n) (s (p m) (ac (E k) c (x F G ab (aa (H I j z) (q z (x e (J (v o s K L l n M i) N x j z O) m b (r c (x (P g (Q ad a d r) g b (k (p ab R l S (T ad w w)) (e s x d ac b d y U V W X q Y Z v ad l a) e) y)) o e)))))))
k m t a (y (ad k m ad y (m t)) (f y) n) f


