ak aq au ar ao at ap = ah l an y f au aa h d j
k av at aq ap au ar ao = z au an ak ak z m ac z w al j m
g ao ap = am (q ak ao h)
ac ap ao = aj v (w n)
ad at ao ap ar au aq = l r am at ai aj ar (an j ao)
ae ao ap = af ad l s
q ao aq ap = ab k u ai d ap c aa i r
u av ao at au ar ap aq = n aa au am c
m au ap aq ao at ar = k u
ah ap av ar au at aq ao = y p ag ad m x (u ac) am (an ak) q j
f ao ar aq ap = aa c aq p (g k) ac al aa ar k e
a ao = v ao an f aa (ai h ao) (b ao) h b s
am ao ap ar aq = ab af f aa w aj (w ar) (f x) x d z
b ap ao = am a al (ai l x c w v)
z aq ao ap = q v ac i
y ar at au ao aq ap = l d (n f j b (l au (ak f) e) am z)
h = aa l am d ae b ah i (aa b ag r an)
v ao ap aq = y d q e aa h
l ap aq ar ao = am j p b (ao f ar) t s n
w aq ao au ar av ap at = e ad t ah al av j af
ai ap aq ao = aa af ak w aa h h y e
an at ar ap aq ao = i (f aj ak) b g g
af au ao at av aq ar ap = an x p u ae d e ac l
ag at ar ao av aq au ap = b av ai aq aa m
main = z c A m aa ah (z f af al B b) C ak am aa D f ac (y (z (ae a (E ah t) (m (F G al (H an ag) h) (I m) r) d aa w) v ah)) ai z w J K (L p) M h (N ak) (q x (m p O P c w al f al f) ad t Q x ag v m d j k n v l an ag u ae R e x ak) j v n n i S an f k b T ag b h
n ar ao at aq ap = ar c (o ao (ah ah z p j q am))
al ap aq ao = y (ah (h q (j x x (w ac ad a y))))
t = d y
s av au aq ar at ap ao = at q (y x) d aq w f x
p ao ap = s k (ab q ah)
aa ao = ao (y ah ah aj) w (am a (al u) i ag ak)
aj ar ao ap aq = aq p ap c g q (d z)
x = z h
i ao ar aq ap = ap al ad ae ab an
j ao ap aq = an (ao ap (ad z) u)
c = ag v ac n af (i v ak u ab ae)
r ao ap = l p g l f l aa m y t af
e ap at ar aq ao au = h (ag j q c z au s c ai)
ab aq ao ap ar = i (x ar) (ap (ae f an))
o aq at au ap ao ar av = ab ag ae (z (d ap aj ad l ai ak))
d ap aq ao ar = c (f p r f ab) ap ah ah aa aq
------------------------------------------------------------
z c A m aa ah (z f af al B b) C ak am aa D f ac (y (z (ae a (E ah t) (m (F G al (H an ag) h) (I m) r) d aa w) v ah)) ai z w J K (L p) M h (N ak) (q x (m p O P c w al f al f) ad t Q x ag v m d j k n v l an ag u ae R e x ak) j v n n i S an f k b T ag b h
q v ac i aa ah (z f af al B b) C ak am aa D f ac (y (z (ae a (E ah t) (m (F G al (H an ag) h) (I m) r) d aa w) v ah)) ai z w J K (L p) M h (N ak) (q x (m p O P c w al f al f) ad t Q x ag v m d j k n v l an ag u ae R e x ak) j v n n i S an f k b T ag b h
ab k u ai d i c aa i r aa ah (z f af al B b) C ak am aa D f ac (y (z (ae a (E ah t) (m (F G al (H an ag) h) (I m) r) d aa w) v ah)) ai z w J K (L p) M h (N ak) (q x (m p O P c w al f al f) ad t Q x ag v m d j k n v l an ag u ae R e x ak) j v n n i S an f k b T ag b h
i (x d) (ai (ae f an)) i c aa i r aa ah (z f af al B b) C ak am aa D f ac (y (z (ae a (E ah t) (m (F G al (H an ag) h) (I m) r) d aa w) v ah)) ai z w J K (L p) M h (N ak) (q x (m p O P c w al f al f) ad t Q x ag v m d j k n v l an ag u ae R e x ak) j v n n i S an f k b T ag b h
c al ad ae ab an aa i r aa ah (z f af al B b) C ak am aa D f ac (y (z (ae a (E ah t) (m (F G al (H an ag) h) (I m) r) d aa w) v ah)) ai z w J K (L p) M h (N ak) (q x (m p O P c w al f al f) ad t Q x ag v m d j k n v l an ag u ae R e x ak) j v n n i S an f k b T ag b h
ag v ac n af (i v ak u ab ae) al ad ae ab an aa i r aa ah (z f af al B b) C ak am aa D f ac (y (z (ae a (E ah t) (m (F G al (H an ag) h) (I m) r) d aa w) v ah)) ai z w J K (L p) M h (N ak) (q x (m p O P c w al f al f) ad t Q x ag v m d j k n v l an ag u ae R e x ak) j v n n i S an f k b T ag b h
b af ai (i v ak u ab ae) aa m ae ab an aa i r aa ah (z f af al B b) C ak am aa D f ac (y (z (ae a (E ah t) (m (F G al (H an ag) h) (I m) r) d aa w) v ah)) ai z w J K (L p) M h (N ak) (q x (m p O P c w al f al f) ad t Q x ag v m d j k n v l an ag u ae R e x ak) j v n n i S an f k b T ag b h
am a al (ai l x c w v) (i v ak u ab ae) aa m ae ab an aa i r aa ah (z f af al B b) C ak am aa D f ac (y (z (ae a (E ah t) (m (F G al (H an ag) h) (I m) r) d aa w) v ah)) ai z w J K (L p) M h (N ak) (q x (m p O P c w al f al f) ad t Q x ag v m d j k n v l an ag u ae R e x ak) j v n n i S an f k b T ag b h
ab af f aa w aj (w (ai l x c w v)) (f x) x d z aa m ae ab an aa i r aa ah (z f af al B b) C ak am aa D f ac (y (z (ae a (E ah t) (m (F G al (H an ag) h) (I m) r) d aa w) v ah)) ai z w J K (L p) M h (N ak) (q x (m p O P c w al f al f) ad t Q x ag v m d j k n v l an ag u ae R e x ak) j v n n i S an f k b T ag b h
i (x w) (aa (ae f an)) aj (w (ai l x c w v)) (f x) x d z aa m ae ab an aa i r aa ah (z f af al B b) C ak am aa D f ac (y (z (ae a (E ah t) (m (F G al (H an ag) h) (I m) r) d aa w) v ah)) ai z w J K (L p) M h (N ak) (q x (m p O P c w al f al f) ad t Q x ag v m d j k n v l an ag u ae R e x ak) j v n n i S an f k b T ag b h
w (ai l x c w v) al ad ae ab an (f x) x d z aa m ae ab an aa i r aa ah (z f af al B b) C ak am aa D f ac (y (z (ae a (E ah t) (m (F G al (H an ag) h) (I m) r) d aa w) v ah)) ai z w J K (L p) M h (N ak) (q x (m p O P c w al f al f) ad t Q x ag v m d j k n v l an ag u ae R e x ak) j v n n i S an f k b T ag b h
e ad t ah al ab j af x d z aa m ae ab an aa i r aa ah (z f af al B b) C ak am aa D f ac (y (z (ae a (E ah t) (m (F G al (H an ag) h) (I m) r) d aa w) v ah)) ai z w J K (L p) M h (N ak) (q x (m p O P c w al f al f) ad t Q x ag v m d j k n v l an ag u ae R e x ak) j v n n i S an f k b T ag b h
h (ag j q c z j s c ai) af x d z aa m ae ab an aa i r aa ah (z f af al B b) C ak am aa D f ac (y (z (ae a (E ah t) (m (F G al (H an ag) h) (I m) r) d aa w) v ah)) ai z w J K (L p) M h (N ak) (q x (m p O P c w al f al f) ad t Q x ag v m d j k n v l an ag u ae R e x ak) j v n n i S an f k b T ag b h
aa l am d ae b ah i (aa b ag r an) (ag j q c z j s c ai) af x d z aa m ae ab an aa i r aa ah (z f af al B b) C ak am aa D f ac (y (z (ae a (E ah t) (m (F G al (H an ag) h) (I m) r) d aa w) v ah)) ai z w J K (L p) M h (N ak) (q x (m p O P c w al f al f) ad t Q x ag v m d j k n v l an ag u ae R e x ak) j v n n i S an f k b T ag b h
l (y ah ah aj) w (am a (al u) i ag ak) am d ae b ah i (aa b ag r an) (ag j q c z j s c ai) af x d z aa m ae ab an aa i r aa ah (z f af al B b) C ak am aa D f ac (y (z (ae a (E ah t) (m (F G al (H an ag) h) (I m) r) d aa w) v ah)) ai z w J K (L p) M h (N ak) (q x (m p O P c w al f al f) ad t Q x ag v m d j k n v l an ag u ae R e x ak) j v n n i S an f k b T ag b h
am j p b (am f (am a (al u) i ag ak)) t s n d ae b ah i (aa b ag r an) (ag j q c z j s c ai) af x d z aa m ae ab an aa i r aa ah (z f af al B b) C ak am aa D f ac (y (z (ae a (E ah t) (m (F G al (H an ag) h) (I m) r) d aa w) v ah)) ai z w J K (L p) M h (N ak) (q x (m p O P c w al f al f) ad t Q x ag v m d j k n v l an ag u ae R e x ak) j v n n i S an f k b T ag b h
ab af f aa w aj (w b) (f x) x d z t s n d ae b ah i (aa b ag r an) (ag j q c z j s c ai) af x d z aa m ae ab an aa i r aa ah (z f af al B b) C ak am aa D f ac (y (z (ae a (E ah t) (m (F G al (H an ag) h) (I m) r) d aa w) v ah)) ai z w J K (L p) M h (N ak) (q x (m p O P c w al f al f) ad t Q x ag v m d j k n v l an ag u ae R e x ak) j v n n i S an f k b T ag b h
i (x w) (aa (ae f an)) aj (w b) (f x) x d z t s n d ae b ah i (aa b ag r an) (ag j q c z j s c ai) af x d z aa m ae ab an aa i r aa ah (z f af al B b) C ak am aa D f ac (y (z (ae a (E ah t) (m (F G al (H an ag) h) (I m) r) d aa w) v ah)) ai z w J K (L p) M h (N ak) (q x (m p O P c w al f al f) ad t Q x ag v m d j k n v l an ag u ae R e x ak) j v n n i S an f k b T ag b h
w b al ad ae ab an (f x) x d z t s n d ae b ah i (aa b ag r an) (ag j q c z j s c ai) af x d z aa m ae ab an aa i r aa ah (z f af al B b) C ak am aa D f ac (y (z (ae a (E ah t) (m (F G al (H an ag) h) (I m) r) d aa w) v ah)) ai z w J K (L p) M h (N ak) (q x (m p O P c w al f al f) ad t Q x ag v m d j k n v l an ag u ae R e x ak) j v n n i S an f k b T ag b h
e ad t ah al ab j af x d z t s n d ae b ah i (aa b ag r an) (ag j q c z j s c ai) af x d z aa m ae ab an aa i r aa ah (z f af al B b) C ak am aa D f ac (y (z (ae a (E ah t) (m (F G al (H an ag) h) (I m) r) d aa w) v ah)) ai z w J K (L p) M h (N ak) (q x (m p O P c w al f al f) ad t Q x ag v m d j k n v l an ag u ae R e x ak) j v n n i S an f k b T ag b h
h (ag j q c z j s c ai) af x d z t s n d ae b ah i (aa b ag r an) (ag j q c z j s c ai) af x d z aa m ae ab an aa i r aa ah (z f af al B b) C ak am aa D f ac (y (z (ae a (E ah t) (m (F G al (H an ag) h) (I m) r) d aa w) v ah)) ai z w J K (L p) M h (N ak) (q x (m p O P c w al f al f) ad t Q x ag v m d j k n v l an ag u ae R e x ak) j v n n i S an f k b T ag b h
aa l am d ae b ah i (aa b ag r an) (ag j q c z j s c ai) af x d z t s n d ae b ah i (aa b ag r an) (ag j q c z j s c ai) af x d z aa m ae ab an aa i r aa ah (z f af al B b) C ak am aa D f ac (y (z (ae a (E ah t) (m (F G al (H an ag) h) (I m) r) d aa w) v ah)) ai z w J K (L p) M h (N ak) (q x (m p O P c w al f al f) ad t Q x ag v m d j k n v l an ag u ae R e x ak) j v n n i S an f k b T ag b h
l (y ah ah aj) w (am a (al u) i ag ak) am d ae b ah i (aa b ag r an) (ag j q c z j s c ai) af x d z t s n d ae b ah i (aa b ag r an) (ag j q c z j s c ai) af x d z aa m ae ab an aa i r aa ah (z f af al B b) C ak am aa D f ac (y (z (ae a (E ah t) (m (F G al (H an ag) h) (I m) r) d aa w) v ah)) ai z w J K (L p) M h (N ak) (q x (m p O P c w al f al f) ad t Q x ag v m d j k n v l an ag u ae R e x ak) j v n n i S an f k b T ag b h
am j p b (am f (am a (al u) i ag ak)) t s n d ae b ah i (aa b ag r an) (ag j q c z j s c ai) af x d z t s n d ae b ah i (aa b ag r an) (ag j q c z j s c ai) af x d z aa m ae ab an aa i r aa ah (z f af al B b) C ak am aa D f ac (y (z (ae a (E ah t) (m (F G al (H an ag) h) (I m) r) d aa w) v ah)) ai z w J K (L p) M h (N ak) (q x (m p O P c w al f al f) ad t Q x ag v m d j k n v l an ag u ae R e x ak) j v n n i S an f k b T ag b h
ab af f aa w aj (w b) (f x) x d z t s n d ae b ah i (aa b ag r an) (ag j q c z j s c ai) af x d z t s n d ae b ah i (aa b ag r an) (ag j q c z j s c ai) af x d z aa m ae ab an aa i r aa ah (z f af al B b) C ak am aa D f ac (y (z (ae a (E ah t) (m (F G al (H an ag) h) (I m) r) d aa w) v ah)) ai z w J K (L p) M h (N ak) (q x (m p O P c w al f al f) ad t Q x ag v m d j k n v l an ag u ae R e x ak) j v n n i S an f k b T ag b h
i (x w) (aa (ae f an)) aj (w b) (f x) x d z t s n d ae b ah i (aa b ag r an) (ag j q c z j s c ai) af x d z t s n d ae b ah i (aa b ag r an) (ag j q c z j s c ai) af x d z aa m ae ab an aa i r aa ah (z f af al B b) C ak am aa D f ac (y (z (ae a (E ah t) (m (F G al (H an ag) h) (I m) r) d aa w) v ah)) ai z w J K (L p) M h (N ak) (q x (m p O P c w al f al f) ad t Q x ag v m d j k n v l an ag u ae R e x ak) j v n n i S an f k b T ag b h
w b al ad ae ab an (f x) x d z t s n d ae b ah i (aa b ag r an) (ag j q c z j s c ai) af x d z t s n d ae b ah i (aa b ag r an) (ag j q c z j s c ai) af x d z aa m ae ab an aa i r aa ah (z f af al B b) C ak am aa D f ac (y (z (ae a (E ah t) (m (F G al (H an ag) h) (I m) r) d aa w) v ah)) ai z w J K (L p) M h (N ak) (q x (m p O P c w al f al f) ad t Q x ag v m d j k n v l an ag u ae R e x ak) j v n n i S an f k b T ag b h
e ad t ah al ab j af x d z t s n d ae b ah i (aa b ag r an) (ag j q c z j s c ai) af x d z t s n d ae b ah i (aa b ag r an) (ag j q c z j s c ai) af x d z aa m ae ab an aa i r aa ah (z f af al B b) C ak am aa D f ac (y (z (ae a (E ah t) (m (F G al (H an ag) h) (I m) r) d aa w) v ah)) ai z w J K (L p) M h (N ak) (q x (m p O P c w al f al f) ad t Q x ag v m d j k n v l an ag u ae R e x ak) j v n n i S an f k b T ag b h
h (ag j q c z j s c ai) af x d z t s n d ae b ah i (aa b ag r an) (ag j q c z j s c ai) af x d z t s n d ae b ah i (aa b ag r an) (ag j q c z j s c ai) af x d z aa m ae ab an aa i r aa ah (z f af al B b) C ak am aa D f ac (y (z (ae a (E ah t) (m (F G al (H an ag) h) (I m) r) d aa w) v ah)) ai z w J K (L p) M h (N ak) (q x (m p O P c w al f al f) ad t Q x ag v m d j k n v l an ag u ae R e x ak) j v n n i S an f k b T ag b h
aa l am d ae b ah i (aa b ag r an) (ag j q c z j s c ai) af x d z t s n d ae b ah i (aa b ag r an) (ag j q c z j s c ai) af x d z t s n d ae b ah i (aa b ag r an) (ag j q c z j s c ai) af x d z aa m ae ab an aa i r aa ah (z f af al B b) C ak am aa D f ac (y (z (ae a (E ah t) (m (F G al (H an ag) h) (I m) r) d aa w) v ah)) ai z w J K (L p) M h (N ak) (q x (m p O P c w al f al f) ad t Q x ag v m d j k n v l an ag u ae R e x ak) j v n n i S an f k b T ag b h


