a ae af = af (w aa (aa h (c y z) af))
b ag ai ah af ae = h f c z ad ag ai x a
c ae af ag = n
d ah ae ag ai af = r ac r w p n (p r f ai)
e ag af ae = ag (w q (m f b ag aa))
f = n
g ag af ae = af d c e (j d)
h ah ae ag ai af aj = s d f (t w) k d ai d
i af ae ai ah ag = t s s ag
j = a b h
k = e m o a (q y c)
l ae ag ah af = r i f ae t
m ae af = d y (x u) l y ad ab
n ag ah ae af = e (b ab) r
o ah af ag aj ai ae = af ab h s
p ae ah af ag = n w c (w k) t h
q af ae = d x
r af ag ae = ad ag f w
s = ac w c
t ae af = ab v ae x p l u
u ae = q
v ag af ah ae = ab o (a e)
w ae = m
x af ah ag ae = h
y ah ae af ag = aa p u ag ah c i o ad
z ag ah af ae = v
aa ae af = ac g af ad e v
ab ae ai ag ah af = n w (s aa aa)
ac = t aa o (l a) a
ad af ae = t af ac w y q ab (af d)
main = q A B f p (b C D o E (F f e z n a i (G h) e (x l ab c (H I J (a (e (f a a (d c m k g e h y K ab t) o j L l M l y i q N (h c O (P Q (R (ad S ad) (q z (T (r m a k m w x c a y d (U l) e (V W k)) X Y z j Z) j u j AA AB AC k ab AD o) n n n))))))))))
------------------------------------------------------------
q A B f p (b C D o E (F f e z n a i (G h) e (x l ab c (H I J (a (e (f a a (d c m k g e h y K ab t) o j L l M l y i q N (h c O (P Q (R (ad S ad) (q z (T (r m a k m w x c a y d (U l) e (V W k)) X Y z j Z) j u j AA AB AC k ab AD o) n n n))))))))))
d x f p (b C D o E (F f e z n a i (G h) e (x l ab c (H I J (a (e (f a a (d c m k g e h y K ab t) o j L l M l y i q N (h c O (P Q (R (ad S ad) (q z (T (r m a k m w x c a y d (U l) e (V W k)) X Y z j Z) j u j AA AB AC k ab AD o) n n n))))))))))
d x n p (b C D o E (F f e z n a i (G h) e (x l ab c (H I J (a (e (f a a (d c m k g e h y K ab t) o j L l M l y i q N (h c O (P Q (R (ad S ad) (q z (T (r m a k m w x c a y d (U l) e (V W k)) X Y z j Z) j u j AA AB AC k ab AD o) n n n))))))))))
d x n p (h f c z ad C D x a)
d x n p (s d f (t w) k d ad d x a)
d x n p (ac w c d f (t w) k d ad d x a)
d x n p (t aa o (l a) a w c d f (t w) k d ad d x a)
d x n p (ab v aa x p l u (l a) a w c d f (t w) k d ad d x a)
d x n p (n w (s aa aa) u (l a) a w c d f (t w) k d ad d x a)
d x n p (e (b ab) r a w c d f (t w) k d ad d x a)
d x n p (b ab (w q (m f b (b ab) aa)) w c d f (t w) k d ad d x a)
d x n p (h f c z ad ab (w q (m f b (b ab) aa)) x a f (t w) k d ad d x a)
d x n p (s d f (t w) k d ad d x a f (t w) k d ad d x a)
d x n p (ac w c d f (t w) k d ad d x a f (t w) k d ad d x a)
d x n p (t aa o (l a) a w c d f (t w) k d ad d x a f (t w) k d ad d x a)
d x n p (ab v aa x p l u (l a) a w c d f (t w) k d ad d x a f (t w) k d ad d x a)
d x n p (n w (s aa aa) u (l a) a w c d f (t w) k d ad d x a f (t w) k d ad d x a)
d x n p (e (b ab) r a w c d f (t w) k d ad d x a f (t w) k d ad d x a)
d x n p (b ab (w q (m f b (b ab) aa)) w c d f (t w) k d ad d x a f (t w) k d ad d x a)
d x n p (h f c z ad ab (w q (m f b (b ab) aa)) x a f (t w) k d ad d x a f (t w) k d ad d x a)
d x n p (s d f (t w) k d ad d x a f (t w) k d ad d x a f (t w) k d ad d x a)
d x n p (ac w c d f (t w) k d ad d x a f (t w) k d ad d x a f (t w) k d ad d x a)
d x n p (t aa o (l a) a w c d f (t w) k d ad d x a f (t w) k d ad d x a f (t w) k d ad d x a)
d x n p (ab v aa x p l u (l a) a w c d f (t w) k d ad d x a f (t w) k d ad d x a f (t w) k d ad d x a)
d x n p (n w (s aa aa) u (l a) a w c d f (t w) k d ad d x a f (t w) k d ad d x a f (t w) k d ad d x a)
d x n p (e (b ab) r a w c d f (t w) k d ad d x a f (t w) k d ad d x a f (t w) k d ad d x a)
d x n p (b ab (w q (m f b (b ab) aa)) w c d f (t w) k d ad d x a f (t w) k d ad d x a f (t w) k d ad d x a)
d x n p (h f c z ad ab (w q (m f b (b ab) aa)) x a f (t w) k d ad d x a f (t w) k d ad d x a f (t w) k d ad d x a)
d x n p (s d f (t w) k d ad d x a f (t w) k d ad d x a f (t w) k d ad d x a f (t w) k d ad d x a)
d x n p (ac w c d f (t w) k d ad d x a f (t w) k d ad d x a f (t w) k d ad d x a f (t w) k d ad d x a)


