ab ap ao m (ao w ae i am ap aa) v v e (x z)
aa ar ap ao aq ai q (w z f f (aq ae ak ar))
p ao ap ao (d i al) v ac ai
s ao at ap au ar av aq x al w
q e d e ak (j e h)
x ao ap at aq ar k a a aa g z ao ap h e a b al
y ap ao an al p b e ap ap (ak aj ae ae)
u ao q (ag (e c)) c t aj d ao ad v
h ac (o (b p) d (f ag al aj aj))
w ao aq ap ao ad i i ag f (r j) (ah (a t e) g)
l ar ap ao aq at aa y a am d am s w z
al ar ao ap aq h p d (y a (u ab ao r v))
ah aq ao ap h b h d s ai m y o
m aq ap ao aq (al s aa) ae k o l (aj k d o t)
d k (ab ad) k (ad y (v f g))
ae ao y ai (ab p) ao ad i b m
b ao ar au at aq ap m
f ae ab v n
a au aq ao at ar ap ae p n al q j ad (q ai r au t)
an ao ap aq ab (z n) (am ap x e n r)
o h e x aa ab w b k r f al n h
ai ao ap aq at au ar ap x l j s
i ap ao aq c aa aq aj w aq a v w k (t n)
e m h c ag
v ap au ar aq av at ao am t aa ae f s am h m
af ao ap p i (ao t t (ap p) w u ap ab)
ad k w q b q g (ae m) ab ak
aj at ar ao aq ap au l ac w am ar w ak ah y ag r af h
ac aq at ao au ar ap aq s (v q aa ar) (u at)
c ao ar ap aq at f e m m ab w k x
main f A af z n B i g C aa r ak D q E aj F a u (G y H (ai s)) I (J ac ai K (L M (N O P (t (Q g (R g) (S r ac aa T q) d l) ab u (U (V (W X ag) Y ak q) (Z j) al k aj ag (c y AA af (c al (AB ad a (AC n t ab ac ad j aj w o) i ai ad) y (j ab AD))) (AE y e k) u AF AG ah aj aj) y))))
z ap aq ao w p a (aj j c h s e aj)
g au at ap ar aq ao au an ah ai (r p aj ao)
r aq ao au ar av at ap f g z p o af
ak af n an k (s g j)
am ap aq ao ar p ao (c aj e) v i
t ao ap a am i aa y am af ab j
j ao aq ar ap ah (ar ad ae) (aa ac u ah g af aj ar)
n ap ao ae al aa (q y (a ap af m ae w))
ag ar ao at au av ap aq an av ac ap af x o h ak s al i
k at aq au ap ar ao i ac (ab (ai (t ah j ae ao)))
------------------------------------------------------------
f A af z n B i g C aa r ak D q E aj F a u (G y H (ai s)) I (J ac ai K (L M (N O P (t (Q g (R g) (S r ac aa T q) d l) ab u (U (V (W X ag) Y ak q) (Z j) al k aj ag (c y AA af (c al (AB ad a (AC n t ab ac ad j aj w o) i ai ad) y (j ab AD))) (AE y e k) u AF AG ah aj aj) y))))
ae ab v n A af z n B i g C aa r ak D q E aj F a u (G y H (ai s)) I (J ac ai K (L M (N O P (t (Q g (R g) (S r ac aa T q) d l) ab u (U (V (W X ag) Y ak q) (Z j) al k aj ag (c y AA af (c al (AB ad a (AC n t ab ac ad j aj w o) i ai ad) y (j ab AD))) (AE y e k) u AF AG ah aj aj) y))))
y ai (ab p) ab ad i b m v n A af z n B i g C aa r ak D q E aj F a u (G y H (ai s)) I (J ac ai K (L M (N O P (t (Q g (R g) (S r ac aa T q) d l) ab u (U (V (W X ag) Y ak q) (Z j) al k aj ag (c y AA af (c al (AB ad a (AC n t ab ac ad j aj w o) i ai ad) y (j ab AD))) (AE y e k) u AF AG ah aj aj) y))))
an al p b e ai ai (ak aj ae ae) ab ad i b m v n A af z n B i g C aa r ak D q E aj F a u (G y H (ai s)) I (J ac ai K (L M (N O P (t (Q g (R g) (S r ac aa T q) d l) ab u (U (V (W X ag) Y ak q) (Z j) al k aj ag (c y AA af (c al (AB ad a (AC n t ab ac ad j aj w o) i ai ad) y (j ab AD))) (AE y e k) u AF AG ah aj aj) y))))
ab (z n) (am p x e n r) e ai ai (ak aj ae ae) ab ad i b m v n A af z n B i g C aa r ak D q E aj F a u (G y H (ai s)) I (J ac ai K (L M (N O P (t (Q g (R g) (S r ac aa T q) d l) ab u (U (V (W X ag) Y ak q) (Z j) al k aj ag (c y AA af (c al (AB ad a (AC n t ab ac ad j aj w o) i ai ad) y (j ab AD))) (AE y e k) u AF AG ah aj aj) y))))
m (am p x e n r w ae i am (z n) aa) v v e (x z) e ai ai (ak aj ae ae) ab ad i b m v n A af z n B i g C aa r ak D q E aj F a u (G y H (ai s)) I (J ac ai K (L M (N O P (t (Q g (R g) (S r ac aa T q) d l) ab u (U (V (W X ag) Y ak q) (Z j) al k aj ag (c y AA af (c al (AB ad a (AC n t ab ac ad j aj w o) i ai ad) y (j ab AD))) (AE y e k) u AF AG ah aj aj) y))))
am p x e n r w ae i am (z n) aa (al s aa) ae k o l (aj k d o t) e (x z) e ai ai (ak aj ae ae) ab ad i b m v n A af z n B i g C aa r ak D q E aj F a u (G y H (ai s)) I (J ac ai K (L M (N O P (t (Q g (R g) (S r ac aa T q) d l) ab u (U (V (W X ag) Y ak q) (Z j) al k aj ag (c y AA af (c al (AB ad a (AC n t ab ac ad j aj w o) i ai ad) y (j ab AD))) (AE y e k) u AF AG ah aj aj) y))))
p e (c aj e) v i r w ae i am (z n) aa (al s aa) ae k o l (aj k d o t) e (x z) e ai ai (ak aj ae ae) ab ad i b m v n A af z n B i g C aa r ak D q E aj F a u (G y H (ai s)) I (J ac ai K (L M (N O P (t (Q g (R g) (S r ac aa T q) d l) ab u (U (V (W X ag) Y ak q) (Z j) al k aj ag (c y AA af (c al (AB ad a (AC n t ab ac ad j aj w o) i ai ad) y (j ab AD))) (AE y e k) u AF AG ah aj aj) y))))
e (d i al) v ac ai v i r w ae i am (z n) aa (al s aa) ae k o l (aj k d o t) e (x z) e ai ai (ak aj ae ae) ab ad i b m v n A af z n B i g C aa r ak D q E aj F a u (G y H (ai s)) I (J ac ai K (L M (N O P (t (Q g (R g) (S r ac aa T q) d l) ab u (U (V (W X ag) Y ak q) (Z j) al k aj ag (c y AA af (c al (AB ad a (AC n t ab ac ad j aj w o) i ai ad) y (j ab AD))) (AE y e k) u AF AG ah aj aj) y))))
m h c ag (d i al) v ac ai v i r w ae i am (z n) aa (al s aa) ae k o l (aj k d o t) e (x z) e ai ai (ak aj ae ae) ab ad i b m v n A af z n B i g C aa r ak D q E aj F a u (G y H (ai s)) I (J ac ai K (L M (N O P (t (Q g (R g) (S r ac aa T q) d l) ab u (U (V (W X ag) Y ak q) (Z j) al k aj ag (c y AA af (c al (AB ad a (AC n t ab ac ad j aj w o) i ai ad) y (j ab AD))) (AE y e k) u AF AG ah aj aj) y))))
h (al s aa) ae k o l (aj k d o t) (d i al) v ac ai v i r w ae i am (z n) aa (al s aa) ae k o l (aj k d o t) e (x z) e ai ai (ak aj ae ae) ab ad i b m v n A af z n B i g C aa r ak D q E aj F a u (G y H (ai s)) I (J ac ai K (L M (N O P (t (Q g (R g) (S r ac aa T q) d l) ab u (U (V (W X ag) Y ak q) (Z j) al k aj ag (c y AA af (c al (AB ad a (AC n t ab ac ad j aj w o) i ai ad) y (j ab AD))) (AE y e k) u AF AG ah aj aj) y))))
ac (o (b p) d (f ag al aj aj)) (al s aa) ae k o l (aj k d o t) (d i al) v ac ai v i r w ae i am (z n) aa (al s aa) ae k o l (aj k d o t) e (x z) e ai ai (ak aj ae ae) ab ad i b m v n A af z n B i g C aa r ak D q E aj F a u (G y H (ai s)) I (J ac ai K (L M (N O P (t (Q g (R g) (S r ac aa T q) d l) ab u (U (V (W X ag) Y ak q) (Z j) al k aj ag (c y AA af (c al (AB ad a (AC n t ab ac ad j aj w o) i ai ad) y (j ab AD))) (AE y e k) u AF AG ah aj aj) y))))
o (b p) d (f ag al aj aj) s (v q aa o) (u (al s aa)) (aj k d o t) (d i al) v ac ai v i r w ae i am (z n) aa (al s aa) ae k o l (aj k d o t) e (x z) e ai ai (ak aj ae ae) ab ad i b m v n A af z n B i g C aa r ak D q E aj F a u (G y H (ai s)) I (J ac ai K (L M (N O P (t (Q g (R g) (S r ac aa T q) d l) ab u (U (V (W X ag) Y ak q) (Z j) al k aj ag (c y AA af (c al (AB ad a (AC n t ab ac ad j aj w o) i ai ad) y (j ab AD))) (AE y e k) u AF AG ah aj aj) y))))
h e x aa ab w b k r f al n h (b p) d (f ag al aj aj) s (v q aa o) (u (al s aa)) (aj k d o t) (d i al) v ac ai v i r w ae i am (z n) aa (al s aa) ae k o l (aj k d o t) e (x z) e ai ai (ak aj ae ae) ab ad i b m v n A af z n B i g C aa r ak D q E aj F a u (G y H (ai s)) I (J ac ai K (L M (N O P (t (Q g (R g) (S r ac aa T q) d l) ab u (U (V (W X ag) Y ak q) (Z j) al k aj ag (c y AA af (c al (AB ad a (AC n t ab ac ad j aj w o) i ai ad) y (j ab AD))) (AE y e k) u AF AG ah aj aj) y))))
ac (o (b p) d (f ag al aj aj)) e x aa ab w b k r f al n h (b p) d (f ag al aj aj) s (v q aa o) (u (al s aa)) (aj k d o t) (d i al) v ac ai v i r w ae i am (z n) aa (al s aa) ae k o l (aj k d o t) e (x z) e ai ai (ak aj ae ae) ab ad i b m v n A af z n B i g C aa r ak D q E aj F a u (G y H (ai s)) I (J ac ai K (L M (N O P (t (Q g (R g) (S r ac aa T q) d l) ab u (U (V (W X ag) Y ak q) (Z j) al k aj ag (c y AA af (c al (AB ad a (AC n t ab ac ad j aj w o) i ai ad) y (j ab AD))) (AE y e k) u AF AG ah aj aj) y))))
o (b p) d (f ag al aj aj) s (v q aa ab) (u e) b k r f al n h (b p) d (f ag al aj aj) s (v q aa o) (u (al s aa)) (aj k d o t) (d i al) v ac ai v i r w ae i am (z n) aa (al s aa) ae k o l (aj k d o t) e (x z) e ai ai (ak aj ae ae) ab ad i b m v n A af z n B i g C aa r ak D q E aj F a u (G y H (ai s)) I (J ac ai K (L M (N O P (t (Q g (R g) (S r ac aa T q) d l) ab u (U (V (W X ag) Y ak q) (Z j) al k aj ag (c y AA af (c al (AB ad a (AC n t ab ac ad j aj w o) i ai ad) y (j ab AD))) (AE y e k) u AF AG ah aj aj) y))))
h e x aa ab w b k r f al n h (b p) d (f ag al aj aj) s (v q aa ab) (u e) b k r f al n h (b p) d (f ag al aj aj) s (v q aa o) (u (al s aa)) (aj k d o t) (d i al) v ac ai v i r w ae i am (z n) aa (al s aa) ae k o l (aj k d o t) e (x z) e ai ai (ak aj ae ae) ab ad i b m v n A af z n B i g C aa r ak D q E aj F a u (G y H (ai s)) I (J ac ai K (L M (N O P (t (Q g (R g) (S r ac aa T q) d l) ab u (U (V (W X ag) Y ak q) (Z j) al k aj ag (c y AA af (c al (AB ad a (AC n t ab ac ad j aj w o) i ai ad) y (j ab AD))) (AE y e k) u AF AG ah aj aj) y))))
ac (o (b p) d (f ag al aj aj)) e x aa ab w b k r f al n h (b p) d (f ag al aj aj) s (v q aa ab) (u e) b k r f al n h (b p) d (f ag al aj aj) s (v q aa o) (u (al s aa)) (aj k d o t) (d i al) v ac ai v i r w ae i am (z n) aa (al s aa) ae k o l (aj k d o t) e (x z) e ai ai (ak aj ae ae) ab ad i b m v n A af z n B i g C aa r ak D q E aj F a u (G y H (ai s)) I (J ac ai K (L M (N O P (t (Q g (R g) (S r ac aa T q) d l) ab u (U (V (W X ag) Y ak q) (Z j) al k aj ag (c y AA af (c al (AB ad a (AC n t ab ac ad j aj w o) i ai ad) y (j ab AD))) (AE y e k) u AF AG ah aj aj) y))))
o (b p) d (f ag al aj aj) s (v q aa ab) (u e) b k r f al n h (b p) d (f ag al aj aj) s (v q aa ab) (u e) b k r f al n h (b p) d (f ag al aj aj) s (v q aa o) (u (al s aa)) (aj k d o t) (d i al) v ac ai v i r w ae i am (z n) aa (al s aa) ae k o l (aj k d o t) e (x z) e ai ai (ak aj ae ae) ab ad i b m v n A af z n B i g C aa r ak D q E aj F a u (G y H (ai s)) I (J ac ai K (L M (N O P (t (Q g (R g) (S r ac aa T q) d l) ab u (U (V (W X ag) Y ak q) (Z j) al k aj ag (c y AA af (c al (AB ad a (AC n t ab ac ad j aj w o) i ai ad) y (j ab AD))) (AE y e k) u AF AG ah aj aj) y))))
h e x aa ab w b k r f al n h (b p) d (f ag al aj aj) s (v q aa ab) (u e) b k r f al n h (b p) d (f ag al aj aj) s (v q aa ab) (u e) b k r f al n h (b p) d (f ag al aj aj) s (v q aa o) (u (al s aa)) (aj k d o t) (d i al) v ac ai v i r w ae i am (z n) aa (al s aa) ae k o l (aj k d o t) e (x z) e ai ai (ak aj ae ae) ab ad i b m v n A af z n B i g C aa r ak D q E aj F a u (G y H (ai s)) I (J ac ai K (L M (N O P (t (Q g (R g) (S r ac aa T q) d l) ab u (U (V (W X ag) Y ak q) (Z j) al k aj ag (c y AA af (c al (AB ad a (AC n t ab ac ad j aj w o) i ai ad) y (j ab AD))) (AE y e k) u AF AG ah aj aj) y))))
ac (o (b p) d (f ag al aj aj)) e x aa ab w b k r f al n h (b p) d (f ag al aj aj) s (v q aa ab) (u e) b k r f al n h (b p) d (f ag al aj aj) s (v q aa ab) (u e) b k r f al n h (b p) d (f ag al aj aj) s (v q aa o) (u (al s aa)) (aj k d o t) (d i al) v ac ai v i r w ae i am (z n) aa (al s aa) ae k o l (aj k d o t) e (x z) e ai ai (ak aj ae ae) ab ad i b m v n A af z n B i g C aa r ak D q E aj F a u (G y H (ai s)) I (J ac ai K (L M (N O P (t (Q g (R g) (S r ac aa T q) d l) ab u (U (V (W X ag) Y ak q) (Z j) al k aj ag (c y AA af (c al (AB ad a (AC n t ab ac ad j aj w o) i ai ad) y (j ab AD))) (AE y e k) u AF AG ah aj aj) y))))
o (b p) d (f ag al aj aj) s (v q aa ab) (u e) b k r f al n h (b p) d (f ag al aj aj) s (v q aa ab) (u e) b k r f al n h (b p) d (f ag al aj aj) s (v q aa ab) (u e) b k r f al n h (b p) d (f ag al aj aj) s (v q aa o) (u (al s aa)) (aj k d o t) (d i al) v ac ai v i r w ae i am (z n) aa (al s aa) ae k o l (aj k d o t) e (x z) e ai ai (ak aj ae ae) ab ad i b m v n A af z n B i g C aa r ak D q E aj F a u (G y H (ai s)) I (J ac ai K (L M (N O P (t (Q g (R g) (S r ac aa T q) d l) ab u (U (V (W X ag) Y ak q) (Z j) al k aj ag (c y AA af (c al (AB ad a (AC n t ab ac ad j aj w o) i ai ad) y (j ab AD))) (AE y e k) u AF AG ah aj aj) y))))
h e x aa ab w b k r f al n h (b p) d (f ag al aj aj) s (v q aa ab) (u e) b k r f al n h (b p) d (f ag al aj aj) s (v q aa ab) (u e) b k r f al n h (b p) d (f ag al aj aj) s (v q aa ab) (u e) b k r f al n h (b p) d (f ag al aj aj) s (v q aa o) (u (al s aa)) (aj k d o t) (d i al) v ac ai v i r w ae i am (z n) aa (al s aa) ae k o l (aj k d o t) e (x z) e ai ai (ak aj ae ae) ab ad i b m v n A af z n B i g C aa r ak D q E aj F a u (G y H (ai s)) I (J ac ai K (L M (N O P (t (Q g (R g) (S r ac aa T q) d l) ab u (U (V (W X ag) Y ak q) (Z j) al k aj ag (c y AA af (c al (AB ad a (AC n t ab ac ad j aj w o) i ai ad) y (j ab AD))) (AE y e k) u AF AG ah aj aj) y))))
ac (o (b p) d (f ag al aj aj)) e x aa ab w b k r f al n h (b p) d (f ag al aj aj) s (v q aa ab) (u e) b k r f al n h (b p) d (f ag al aj aj) s (v q aa ab) (u e) b k r f al n h (b p) d (f ag al aj aj) s (v q aa ab) (u e) b k r f al n h (b p) d (f ag al aj aj) s (v q aa o) (u (al s aa)) (aj k d o t) (d i al) v ac ai v i r w ae i am (z n) aa (al s aa) ae k o l (aj k d o t) e (x z) e ai ai (ak aj ae ae) ab ad i b m v n A af z n B i g C aa r ak D q E aj F a u (G y H (ai s)) I (J ac ai K (L M (N O P (t (Q g (R g) (S r ac aa T q) d l) ab u (U (V (W X ag) Y ak q) (Z j) al k aj ag (c y AA af (c al (AB ad a (AC n t ab ac ad j aj w o) i ai ad) y (j ab AD))) (AE y e k) u AF AG ah aj aj) y))))
o (b p) d (f ag al aj aj) s (v q aa ab) (u e) b k r f al n h (b p) d (f ag al aj aj) s (v q aa ab) (u e) b k r f al n h (b p) d (f ag al aj aj) s (v q aa ab) (u e) b k r f al n h (b p) d (f ag al aj aj) s (v q aa ab) (u e) b k r f al n h (b p) d (f ag al aj aj) s (v q aa o) (u (al s aa)) (aj k d o t) (d i al) v ac ai v i r w ae i am (z n) aa (al s aa) ae k o l (aj k d o t) e (x z) e ai ai (ak aj ae ae) ab ad i b m v n A af z n B i g C aa r ak D q E aj F a u (G y H (ai s)) I (J ac ai K (L M (N O P (t (Q g (R g) (S r ac aa T q) d l) ab u (U (V (W X ag) Y ak q) (Z j) al k aj ag (c y AA af (c al (AB ad a (AC n t ab ac ad j aj w o) i ai ad) y (j ab AD))) (AE y e k) u AF AG ah aj aj) y))))
h e x aa ab w b k r f al n h (b p) d (f ag al aj aj) s (v q aa ab) (u e) b k r f al n h (b p) d (f ag al aj aj) s (v q aa ab) (u e) b k r f al n h (b p) d (f ag al aj aj) s (v q aa ab) (u e) b k r f al n h (b p) d (f ag al aj aj) s (v q aa ab) (u e) b k r f al n h (b p) d (f ag al aj aj) s (v q aa o) (u (al s aa)) (aj k d o t) (d i al) v ac ai v i r w ae i am (z n) aa (al s aa) ae k o l (aj k d o t) e (x z) e ai ai (ak aj ae ae) ab ad i b m v n A af z n B i g C aa r ak D q E aj F a u (G y H (ai s)) I (J ac ai K (L M (N O P (t (Q g (R g) (S r ac aa T q) d l) ab u (U (V (W X ag) Y ak q) (Z j) al k aj ag (c y AA af (c al (AB ad a (AC n t ab ac ad j aj w o) i ai ad) y (j ab AD))) (AE y e k) u AF AG ah aj aj) y))))
ac (o (b p) d (f ag al aj aj)) e x aa ab w b k r f al n h (b p) d (f ag al aj aj) s (v q aa ab) (u e) b k r f al n h (b p) d (f ag al aj aj) s (v q aa ab) (u e) b k r f al n h (b p) d (f ag al aj aj) s (v q aa ab) (u e) b k r f al n h (b p) d (f ag al aj aj) s (v q aa ab) (u e) b k r f al n h (b p) d (f ag al aj aj) s (v q aa o) (u (al s aa)) (aj k d o t) (d i al) v ac ai v i r w ae i am (z n) aa (al s aa) ae k o l (aj k d o t) e (x z) e ai ai (ak aj ae ae) ab ad i b m v n A af z n B i g C aa r ak D q E aj F a u (G y H (ai s)) I (J ac ai K (L M (N O P (t (Q g (R g) (S r ac aa T q) d l) ab u (U (V (W X ag) Y ak q) (Z j) al k aj ag (c y AA af (c al (AB ad a (AC n t ab ac ad j aj w o) i ai ad) y (j ab AD))) (AE y e k) u AF AG ah aj aj) y))))
o (b p) d (f ag al aj aj) s (v q aa ab) (u e) b k r f al n h (b p) d (f ag al aj aj) s (v q aa ab) (u e) b k r f al n h (b p) d (f ag al aj aj) s (v q aa ab) (u e) b k r f al n h (b p) d (f ag al aj aj) s (v q aa ab) (u e) b k r f al n h (b p) d (f ag al aj aj) s (v q aa ab) (u e) b k r f al n h (b p) d (f ag al aj aj) s (v q aa o) (u (al s aa)) (aj k d o t) (d i al) v ac ai v i r w ae i am (z n) aa (al s aa) ae k o l (aj k d o t) e (x z) e ai ai (ak aj ae ae) ab ad i b m v n A af z n B i g C aa r ak D q E aj F a u (G y H (ai s)) I (J ac ai K (L M (N O P (t (Q g (R g) (S r ac aa T q) d l) ab u (U (V (W X ag) Y ak q) (Z j) al k aj ag (c y AA af (c al (AB ad a (AC n t ab ac ad j aj w o) i ai ad) y (j ab AD))) (AE y e k) u AF AG ah aj aj) y))))
h e x aa ab w b k r f al n h (b p) d (f ag al aj aj) s (v q aa ab) (u e) b k r f al n h (b p) d (f ag al aj aj) s (v q aa ab) (u e) b k r f al n h (b p) d (f ag al aj aj) s (v q aa ab) (u e) b k r f al n h (b p) d (f ag al aj aj) s (v q aa ab) (u e) b k r f al n h (b p) d (f ag al aj aj) s (v q aa ab) (u e) b k r f al n h (b p) d (f ag al aj aj) s (v q aa o) (u (al s aa)) (aj k d o t) (d i al) v ac ai v i r w ae i am (z n) aa (al s aa) ae k o l (aj k d o t) e (x z) e ai ai (ak aj ae ae) ab ad i b m v n A af z n B i g C aa r ak D q E aj F a u (G y H (ai s)) I (J ac ai K (L M (N O P (t (Q g (R g) (S r ac aa T q) d l) ab u (U (V (W X ag) Y ak q) (Z j) al k aj ag (c y AA af (c al (AB ad a (AC n t ab ac ad j aj w o) i ai ad) y (j ab AD))) (AE y e k) u AF AG ah aj aj) y))))
ac (o (b p) d (f ag al aj aj)) e x aa ab w b k r f al n h (b p) d (f ag al aj aj) s (v q aa ab) (u e) b k r f al n h (b p) d (f ag al aj aj) s (v q aa ab) (u e) b k r f al n h (b p) d (f ag al aj aj) s (v q aa ab) (u e) b k r f al n h (b p) d (f ag al aj aj) s (v q aa ab) (u e) b k r f al n h (b p) d (f ag al aj aj) s (v q aa ab) (u e) b k r f al n h (b p) d (f ag al aj aj) s (v q aa o) (u (al s aa)) (aj k d o t) (d i al) v ac ai v i r w ae i am (z n) aa (al s aa) ae k o l (aj k d o t) e (x z) e ai ai (ak aj ae ae) ab ad i b m v n A af z n B i g C aa r ak D q E aj F a u (G y H (ai s)) I (J ac ai K (L M (N O P (t (Q g (R g) (S r ac aa T q) d l) ab u (U (V (W X ag) Y ak q) (Z j) al k aj ag (c y AA af (c al (AB ad a (AC n t ab ac ad j aj w o) i ai ad) y (j ab AD))) (AE y e k) u AF AG ah aj aj) y))))


