h ar ao aq ap = af g b s k ac aj am m o ad ai n
j ao = m an aa (f ac ad) ae
ag ao = ak ao
y ao = z aa c ah ac
p au ap ao ar at aq = ag u o al (at (z ak j aj o l))
g ap au av ao aq ar at = u (at y aj)
aa ar ao at aq ap = ai d ab ap (ac af) w b k n
f aq ao ar ap = n (z ad n ag) k h (x v) u ao
am ao ap aq = p ah g i ad ae ac ag w (k d)
z aq ao ar ap = r aq k (aa am an)
q ar aq av au ao at ap = o aj e (w s x (r u f))
v ap ao aq at ar au = f ah aa d g x p aa ad aa n ad c
d at aq ar ap ao = z i
main = A (B C z c D p g w) x l (E a e a l (F aa an (G t ag H t h y o i (I y J (ag (u n g h (K L u ad v M) k)) (N f (O am v) e (P Q R S T (U V q ag (W X ak i ae k l (Y a) (x aj) Z)) m (AA af) ag) (aj x (AB o AC t h (AD n ad an a) an AE (AF ai t o r x AG)) u ab) ah AH a)))))
l ao ap = e y y b x (r ap ao a r)
i aq ap ar ao at = al q (n (g x t h r ao ab ac v))
al at ao ar ap aq = af f ai x f
ak aq ao ap = j c c aj z (p n)
c ar ao aq ap = ae (ah m o i e) (q q)
n ap aq ao av au at ar = ap t av d s y am ak
ai aq ar ap ao au at = a u o v ad ap i aq r at u
a ar au ap av at aq ao = m an j l ae (r (aq ao ai ac v))
ad ap ao = ab
x ap ao at au ar av aq = u h a t (f ai)
k ao aq ap = i
w = ab g ab am o ag ac (ai an) an (ad v)
ah ao aq ap = aq (aq ai e l)
ab = r j ai am (g (al h) c p) v s
aj aq ap ao ar = p q ao
o ao ap aq = j j (m v w) j (n q n) (g c)
m ao at aq ar av ap au = a j ae ag k (w (au ag t ae g) c aj)
s aq ap ar au ao at = at y ap d al (c (au ak v)) k
ac aq ap ao = v (ao n ap a u o (ah ab al u))
e ar ao ap aq = aj (al ag) ao ab ap
r aq ao ap = q (y an) (n (ak ai)) x h q ap
t = v (p ak an s (i c w y (f m aa n)))
an at ap aq ar ao au = t (z ak au aq o x o am ap) u s
u au at av aq ar ap ao = g h e f an x w ah c (al ao)
ae ao ap = aj w k d ah (x y) s h e ag y
af = p an ac u ag ad a
b ao = g m s am
------------------------------------------------------------
A (B C z c D p g w) x l (E a e a l (F aa an (G t ag H t h y o i (I y J (ag (u n g h (K L u ad v M) k)) (N f (O am v) e (P Q R S T (U V q ag (W X ak i ae k l (Y a) (x aj) Z)) m (AA af) ag) (aj x (AB o AC t h (AD n ad an a) an AE (AF ai t o r x AG)) u ab) ah AH a)))))
A (B C z c D p g (ab g ab am o ag ac (ai an) an (ad v))) x l (E a e a l (F aa an (G t ag H t h y o i (I y J (ag (u n g h (K L u ad v M) k)) (N f (O am v) e (P Q R S T (U V q ag (W X ak i ae k l (Y a) (x aj) Z)) m (AA af) ag) (aj x (AB o AC t h (AD n ad an a) an AE (AF ai t o r x AG)) u ab) ah AH a)))))
A (B C z c D p g (r j ai am (g (al h) c p) v s g ab am o ag ac (ai an) an (ad v))) x l (E a e a l (F aa an (G t ag H t h y o i (I y J (ag (u n g h (K L u ad v M) k)) (N f (O am v) e (P Q R S T (U V q ag (W X ak i ae k l (Y a) (x aj) Z)) m (AA af) ag) (aj x (AB o AC t h (AD n ad an a) an AE (AF ai t o r x AG)) u ab) ah AH a)))))
A (B C z c D p g (q (y an) (n (ak ai)) x h q am (g (al h) c p) v s g ab am o ag ac (ai an) an (ad v))) x l (E a e a l (F aa an (G t ag H t h y o i (I y J (ag (u n g h (K L u ad v M) k)) (N f (O am v) e (P Q R S T (U V q ag (W X ak i ae k l (Y a) (x aj) Z)) m (AA af) ag) (aj x (AB o AC t h (AD n ad an a) an AE (AF ai t o r x AG)) u ab) ah AH a)))))
A (B C z c D p g (o aj e (w s x (r u f)) v s g ab am o ag ac (ai an) an (ad v))) x l (E a e a l (F aa an (G t ag H t h y o i (I y J (ag (u n g h (K L u ad v M) k)) (N f (O am v) e (P Q R S T (U V q ag (W X ak i ae k l (Y a) (x aj) Z)) m (AA af) ag) (aj x (AB o AC t h (AD n ad an a) an AE (AF ai t o r x AG)) u ab) ah AH a)))))
A (B C z c D p g (j j (m v w) j (n q n) (g c) v s g ab am o ag ac (ai an) an (ad v))) x l (E a e a l (F aa an (G t ag H t h y o i (I y J (ag (u n g h (K L u ad v M) k)) (N f (O am v) e (P Q R S T (U V q ag (W X ak i ae k l (Y a) (x aj) Z)) m (AA af) ag) (aj x (AB o AC t h (AD n ad an a) an AE (AF ai t o r x AG)) u ab) ah AH a)))))
A (B C z c D p g (m an aa (f ac ad) ae (m v w) j (n q n) (g c) v s g ab am o ag ac (ai an) an (ad v))) x l (E a e a l (F aa an (G t ag H t h y o i (I y J (ag (u n g h (K L u ad v M) k)) (N f (O am v) e (P Q R S T (U V q ag (W X ak i ae k l (Y a) (x aj) Z)) m (AA af) ag) (aj x (AB o AC t h (AD n ad an a) an AE (AF ai t o r x AG)) u ab) ah AH a)))))
A (B C z c D p g (a j ae ag k (w (n q n ag t ae g) c aj) (g c) v s g ab am o ag ac (ai an) an (ad v))) x l (E a e a l (F aa an (G t ag H t h y o i (I y J (ag (u n g h (K L u ad v M) k)) (N f (O am v) e (P Q R S T (U V q ag (W X ak i ae k l (Y a) (x aj) Z)) m (AA af) ag) (aj x (AB o AC t h (AD n ad an a) an AE (AF ai t o r x AG)) u ab) ah AH a)))))
A (B C z c D p g (m an j l ae (r (g c v ai ac v)) s g ab am o ag ac (ai an) an (ad v))) x l (E a e a l (F aa an (G t ag H t h y o i (I y J (ag (u n g h (K L u ad v M) k)) (N f (O am v) e (P Q R S T (U V q ag (W X ak i ae k l (Y a) (x aj) Z)) m (AA af) ag) (aj x (AB o AC t h (AD n ad an a) an AE (AF ai t o r x AG)) u ab) ah AH a)))))
A (B C z c D p g (a j ae ag k (w (g ag t ae g) c aj) ab am o ag ac (ai an) an (ad v))) x l (E a e a l (F aa an (G t ag H t h y o i (I y J (ag (u n g h (K L u ad v M) k)) (N f (O am v) e (P Q R S T (U V q ag (W X ak i ae k l (Y a) (x aj) Z)) m (AA af) ag) (aj x (AB o AC t h (AD n ad an a) an AE (AF ai t o r x AG)) u ab) ah AH a)))))
A (B C z c D p g (m an j l ae (r (ab am ai ac v)) o ag ac (ai an) an (ad v))) x l (E a e a l (F aa an (G t ag H t h y o i (I y J (ag (u n g h (K L u ad v M) k)) (N f (O am v) e (P Q R S T (U V q ag (W X ak i ae k l (Y a) (x aj) Z)) m (AA af) ag) (aj x (AB o AC t h (AD n ad an a) an AE (AF ai t o r x AG)) u ab) ah AH a)))))
A (B C z c D p g (a j ae ag k (w (ag ag t ae g) c aj) ac (ai an) an (ad v))) x l (E a e a l (F aa an (G t ag H t h y o i (I y J (ag (u n g h (K L u ad v M) k)) (N f (O am v) e (P Q R S T (U V q ag (W X ak i ae k l (Y a) (x aj) Z)) m (AA af) ag) (aj x (AB o AC t h (AD n ad an a) an AE (AF ai t o r x AG)) u ab) ah AH a)))))
A (B C z c D p g (m an j l ae (r (ac (ai an) ai ac v)) an (ad v))) x l (E a e a l (F aa an (G t ag H t h y o i (I y J (ag (u n g h (K L u ad v M) k)) (N f (O am v) e (P Q R S T (U V q ag (W X ak i ae k l (Y a) (x aj) Z)) m (AA af) ag) (aj x (AB o AC t h (AD n ad an a) an AE (AF ai t o r x AG)) u ab) ah AH a)))))
A (B C z c D p g (a j ae ag k (w (ad v ag t ae g) c aj))) x l (E a e a l (F aa an (G t ag H t h y o i (I y J (ag (u n g h (K L u ad v M) k)) (N f (O am v) e (P Q R S T (U V q ag (W X ak i ae k l (Y a) (x aj) Z)) m (AA af) ag) (aj x (AB o AC t h (AD n ad an a) an AE (AF ai t o r x AG)) u ab) ah AH a)))))
A (B C z c D p g (a j ae ag k (ab g ab am o ag ac (ai an) an (ad v) (ad v ag t ae g) c aj))) x l (E a e a l (F aa an (G t ag H t h y o i (I y J (ag (u n g h (K L u ad v M) k)) (N f (O am v) e (P Q R S T (U V q ag (W X ak i ae k l (Y a) (x aj) Z)) m (AA af) ag) (aj x (AB o AC t h (AD n ad an a) an AE (AF ai t o r x AG)) u ab) ah AH a)))))
A (B C z c D p g (a j ae ag k (r j ai am (g (al h) c p) v s g ab am o ag ac (ai an) an (ad v) (ad v ag t ae g) c aj))) x l (E a e a l (F aa an (G t ag H t h y o i (I y J (ag (u n g h (K L u ad v M) k)) (N f (O am v) e (P Q R S T (U V q ag (W X ak i ae k l (Y a) (x aj) Z)) m (AA af) ag) (aj x (AB o AC t h (AD n ad an a) an AE (AF ai t o r x AG)) u ab) ah AH a)))))
A (B C z c D p g (a j ae ag k (q (y an) (n (ak ai)) x h q am (g (al h) c p) v s g ab am o ag ac (ai an) an (ad v) (ad v ag t ae g) c aj))) x l (E a e a l (F aa an (G t ag H t h y o i (I y J (ag (u n g h (K L u ad v M) k)) (N f (O am v) e (P Q R S T (U V q ag (W X ak i ae k l (Y a) (x aj) Z)) m (AA af) ag) (aj x (AB o AC t h (AD n ad an a) an AE (AF ai t o r x AG)) u ab) ah AH a)))))
A (B C z c D p g (a j ae ag k (o aj e (w s x (r u f)) v s g ab am o ag ac (ai an) an (ad v) (ad v ag t ae g) c aj))) x l (E a e a l (F aa an (G t ag H t h y o i (I y J (ag (u n g h (K L u ad v M) k)) (N f (O am v) e (P Q R S T (U V q ag (W X ak i ae k l (Y a) (x aj) Z)) m (AA af) ag) (aj x (AB o AC t h (AD n ad an a) an AE (AF ai t o r x AG)) u ab) ah AH a)))))
A (B C z c D p g (a j ae ag k (j j (m v w) j (n q n) (g c) v s g ab am o ag ac (ai an) an (ad v) (ad v ag t ae g) c aj))) x l (E a e a l (F aa an (G t ag H t h y o i (I y J (ag (u n g h (K L u ad v M) k)) (N f (O am v) e (P Q R S T (U V q ag (W X ak i ae k l (Y a) (x aj) Z)) m (AA af) ag) (aj x (AB o AC t h (AD n ad an a) an AE (AF ai t o r x AG)) u ab) ah AH a)))))
A (B C z c D p g (a j ae ag k (m an aa (f ac ad) ae (m v w) j (n q n) (g c) v s g ab am o ag ac (ai an) an (ad v) (ad v ag t ae g) c aj))) x l (E a e a l (F aa an (G t ag H t h y o i (I y J (ag (u n g h (K L u ad v M) k)) (N f (O am v) e (P Q R S T (U V q ag (W X ak i ae k l (Y a) (x aj) Z)) m (AA af) ag) (aj x (AB o AC t h (AD n ad an a) an AE (AF ai t o r x AG)) u ab) ah AH a)))))
A (B C z c D p g (a j ae ag k (a j ae ag k (w (n q n ag t ae g) c aj) (g c) v s g ab am o ag ac (ai an) an (ad v) (ad v ag t ae g) c aj))) x l (E a e a l (F aa an (G t ag H t h y o i (I y J (ag (u n g h (K L u ad v M) k)) (N f (O am v) e (P Q R S T (U V q ag (W X ak i ae k l (Y a) (x aj) Z)) m (AA af) ag) (aj x (AB o AC t h (AD n ad an a) an AE (AF ai t o r x AG)) u ab) ah AH a)))))
A (B C z c D p g (a j ae ag k (m an j l ae (r (g c v ai ac v)) s g ab am o ag ac (ai an) an (ad v) (ad v ag t ae g) c aj))) x l (E a e a l (F aa an (G t ag H t h y o i (I y J (ag (u n g h (K L u ad v M) k)) (N f (O am v) e (P Q R S T (U V q ag (W X ak i ae k l (Y a) (x aj) Z)) m (AA af) ag) (aj x (AB o AC t h (AD n ad an a) an AE (AF ai t o r x AG)) u ab) ah AH a)))))
A (B C z c D p g (a j ae ag k (a j ae ag k (w (g ag t ae g) c aj) ab am o ag ac (ai an) an (ad v) (ad v ag t ae g) c aj))) x l (E a e a l (F aa an (G t ag H t h y o i (I y J (ag (u n g h (K L u ad v M) k)) (N f (O am v) e (P Q R S T (U V q ag (W X ak i ae k l (Y a) (x aj) Z)) m (AA af) ag) (aj x (AB o AC t h (AD n ad an a) an AE (AF ai t o r x AG)) u ab) ah AH a)))))
A (B C z c D p g (a j ae ag k (m an j l ae (r (ab am ai ac v)) o ag ac (ai an) an (ad v) (ad v ag t ae g) c aj))) x l (E a e a l (F aa an (G t ag H t h y o i (I y J (ag (u n g h (K L u ad v M) k)) (N f (O am v) e (P Q R S T (U V q ag (W X ak i ae k l (Y a) (x aj) Z)) m (AA af) ag) (aj x (AB o AC t h (AD n ad an a) an AE (AF ai t o r x AG)) u ab) ah AH a)))))
A (B C z c D p g (a j ae ag k (a j ae ag k (w (ag ag t ae g) c aj) ac (ai an) an (ad v) (ad v ag t ae g) c aj))) x l (E a e a l (F aa an (G t ag H t h y o i (I y J (ag (u n g h (K L u ad v M) k)) (N f (O am v) e (P Q R S T (U V q ag (W X ak i ae k l (Y a) (x aj) Z)) m (AA af) ag) (aj x (AB o AC t h (AD n ad an a) an AE (AF ai t o r x AG)) u ab) ah AH a)))))
A (B C z c D p g (a j ae ag k (m an j l ae (r (ac (ai an) ai ac v)) an (ad v) (ad v ag t ae g) c aj))) x l (E a e a l (F aa an (G t ag H t h y o i (I y J (ag (u n g h (K L u ad v M) k)) (N f (O am v) e (P Q R S T (U V q ag (W X ak i ae k l (Y a) (x aj) Z)) m (AA af) ag) (aj x (AB o AC t h (AD n ad an a) an AE (AF ai t o r x AG)) u ab) ah AH a)))))
A (B C z c D p g (a j ae ag k (a j ae ag k (w (ad v ag t ae g) c aj) (ad v ag t ae g) c aj))) x l (E a e a l (F aa an (G t ag H t h y o i (I y J (ag (u n g h (K L u ad v M) k)) (N f (O am v) e (P Q R S T (U V q ag (W X ak i ae k l (Y a) (x aj) Z)) m (AA af) ag) (aj x (AB o AC t h (AD n ad an a) an AE (AF ai t o r x AG)) u ab) ah AH a)))))
A (B C z c D p g (a j ae ag k (m an j l ae (r (ad v ag t ae g c ai ac v)) aj))) x l (E a e a l (F aa an (G t ag H t h y o i (I y J (ag (u n g h (K L u ad v M) k)) (N f (O am v) e (P Q R S T (U V q ag (W X ak i ae k l (Y a) (x aj) Z)) m (AA af) ag) (aj x (AB o AC t h (AD n ad an a) an AE (AF ai t o r x AG)) u ab) ah AH a)))))
A (B C z c D p g (a j ae ag k (m an j l ae (r (ab t ae g c ai ac v)) aj))) x l (E a e a l (F aa an (G t ag H t h y o i (I y J (ag (u n g h (K L u ad v M) k)) (N f (O am v) e (P Q R S T (U V q ag (W X ak i ae k l (Y a) (x aj) Z)) m (AA af) ag) (aj x (AB o AC t h (AD n ad an a) an AE (AF ai t o r x AG)) u ab) ah AH a)))))
A (B C z c D p g (a j ae ag k (m an j l ae (r (r j ai am (g (al h) c p) v s t ae g c ai ac v)) aj))) x l (E a e a l (F aa an (G t ag H t h y o i (I y J (ag (u n g h (K L u ad v M) k)) (N f (O am v) e (P Q R S T (U V q ag (W X ak i ae k l (Y a) (x aj) Z)) m (AA af) ag) (aj x (AB o AC t h (AD n ad an a) an AE (AF ai t o r x AG)) u ab) ah AH a)))))


