main A B C D E (ae i h) i n F (z (d f) (ai z (f (ak (ab (h (G r aj p h an (H I J j v) (y ad (w af s ad j aj m aa (w w) ac a v K ah d)) ah d) ae (L M e l) a b j) b) N c)))) h c an (ak b O) (P Q (R af (ah g aj S al) (x (T ah ai o a p (U (n V (W al) aj w ak) b u ak ae w) X) Y Z)))
b au at ao ar aq ap f h k at c z c (w k ae)
e aq ap ao a u z z (d y) q r f a
ag aq ao ap l (ap z) k (a q aj aj v x)
n at aq ao au ar ap p aq (au aa au) ag q
aa ao at ar ap aq ad (af (o ar (ac f ab ai) aj ak)) ap
ah at ar ap ao aq f ar p ap ab at
a al v f r d w f
x ap ao ar aq at j aa aj t ad y z d (u aq)
r ap ar at aq ao au k ac b m (aj (aa am)) i (ak o u)
y ao e (b (m r ao a z))
ae aq ap ao aa aj g (o ab (g ak ac ad n))
al at ao ar aq ap aa aq (am m x af g) o ap aj
ad ap aq ao ar d ak o n (r g g al k) c f d
d ap ar at ao aq y (x aa) e (am n h b) x y
s aq ao ap w aq k aq x m ak (a h p ai)
h ap ar aq ao al b v w aq
w ap aq ao ar at n aa l p (r ah al (ak n aa))
aj aq ap au ao ar at y aq ag u (r s au l y)
af aq at ar ap ao c d f am al t i g i
j aq ao ap r w (l q) s
p ao ap ab y
m ap aq at ao av ar au t l y g
k aq ao at ar ap au i t aq r (an ae aj (aq ai an))
f ao ap c
u at ar ao aq ap aa (e (ae ad (aa ab e ap ae p aa ar ae)))
q au ap aq ar at ao aj w k t ao ab v aj a z ad
i ao o an u al p e e
z aq ap ao aj aa ab y f r ao
am av ar ao at ap aq au p av z a
ac c (ah v (q (i p ae r ad ah p)))
t ao ap b d
o ao aq ap g n d v ai ak
ak ap ao aq ar at l ad r j (q s c ad al)
c ap at ao ar aq j am ac af aj j v ae ag x
an ap ao ac ao ag ao l ap u u y (al z j b)
ai aj (q m s) i (w p) (z g d k) w
l aq au at ar ap av ao y am ad p (ae q au) ac s c av a z
g ap ao f ap b m (al l) ah o ap
ab ac an f j c t (af (e al)) m j (ae ac)
v at ar ao ap au aq m (au t) g u al ad g au k aq
------------------------------------------------------------
A B C D E (ae i h) i n F (z (d f) (ai z (f (ak (ab (h (G r aj p h an (H I J j v) (y ad (w af s ad j aj m aa (w w) ac a v K ah d)) ah d) ae (L M e l) a b j) b) N c)))) h c an (ak b O) (P Q (R af (ah g aj S al) (x (T ah ai o a p (U (n V (W al) aj w ak) b u ak ae w) X) Y Z)))
A B C D E (ae i h) i n F (z (d f) (aj (q m s) i (w p) (z g d k) w z (f (ak (ab (h (G r aj p h an (H I J j v) (y ad (w af s ad j aj m aa (w w) ac a v K ah d)) ah d) ae (L M e l) a b j) b) N c)))) h c an (ak b O) (P Q (R af (ah g aj S al) (x (T ah ai o a p (U (n V (W al) aj w ak) b u ak ae w) X) Y Z)))
A B C D E (ae i h) i n F (z (d f) (y (q m s) ag u (r s (w p) l y) (f (ak (ab (h (G r aj p h an (H I J j v) (y ad (w af s ad j aj m aa (w w) ac a v K ah d)) ah d) ae (L M e l) a b j) b) N c)))) h c an (ak b O) (P Q (R af (ah g aj S al) (x (T ah ai o a p (U (n V (W al) aj w ak) b u ak ae w) X) Y Z)))
A B C D E (ae i h) i n F (z (d f) (e (b (m r (q m s) a z)) ag u (r s (w p) l y) (f (ak (ab (h (G r aj p h an (H I J j v) (y ad (w af s ad j aj m aa (w w) ac a v K ah d)) ah d) ae (L M e l) a b j) b) N c)))) h c an (ak b O) (P Q (R af (ah g aj S al) (x (T ah ai o a p (U (n V (W al) aj w ak) b u ak ae w) X) Y Z)))
A B C D E (ae i h) i n F (z (d f) (a u z z (d y) q r f a (r s (w p) l y) (f (ak (ab (h (G r aj p h an (H I J j v) (y ad (w af s ad j aj m aa (w w) ac a v K ah d)) ah d) ae (L M e l) a b j) b) N c)))) h c an (ak b O) (P Q (R af (ah g aj S al) (x (T ah ai o a p (U (n V (W al) aj w ak) b u ak ae w) X) Y Z)))
A B C D E (ae i h) i n F (z (d f) (al v f r d w f u z z (d y) q r f a (r s (w p) l y) (f (ak (ab (h (G r aj p h an (H I J j v) (y ad (w af s ad j aj m aa (w w) ac a v K ah d)) ah d) ae (L M e l) a b j) b) N c)))) h c an (ak b O) (P Q (R af (ah g aj S al) (x (T ah ai o a p (U (n V (W al) aj w ak) b u ak ae w) X) Y Z)))
A B C D E (ae i h) i n F (z (d f) (aa d (am m x af g) o w aj f u z z (d y) q r f a (r s (w p) l y) (f (ak (ab (h (G r aj p h an (H I J j v) (y ad (w af s ad j aj m aa (w w) ac a v K ah d)) ah d) ae (L M e l) a b j) b) N c)))) h c an (ak b O) (P Q (R af (ah g aj S al) (x (T ah ai o a p (U (n V (W al) aj w ak) b u ak ae w) X) Y Z)))
A B C D E (ae i h) i n F (z (d f) (ad (af (o o (ac f ab ai) aj ak)) w f u z z (d y) q r f a (r s (w p) l y) (f (ak (ab (h (G r aj p h an (H I J j v) (y ad (w af s ad j aj m aa (w w) ac a v K ah d)) ah d) ae (L M e l) a b j) b) N c)))) h c an (ak b O) (P Q (R af (ah g aj S al) (x (T ah ai o a p (U (n V (W al) aj w ak) b u ak ae w) X) Y Z)))
A B C D E (ae i h) i n F (z (d f) (d ak o n (r g g al k) c f d z z (d y) q r f a (r s (w p) l y) (f (ak (ab (h (G r aj p h an (H I J j v) (y ad (w af s ad j aj m aa (w w) ac a v K ah d)) ah d) ae (L M e l) a b j) b) N c)))) h c an (ak b O) (P Q (R af (ah g aj S al) (x (T ah ai o a p (U (n V (W al) aj w ak) b u ak ae w) X) Y Z)))
A B C D E (ae i h) i n F (z (d f) (y (x aa) e (am n h b) x y f d z z (d y) q r f a (r s (w p) l y) (f (ak (ab (h (G r aj p h an (H I J j v) (y ad (w af s ad j aj m aa (w w) ac a v K ah d)) ah d) ae (L M e l) a b j) b) N c)))) h c an (ak b O) (P Q (R af (ah g aj S al) (x (T ah ai o a p (U (n V (W al) aj w ak) b u ak ae w) X) Y Z)))
A B C D E (ae i h) i n F (z (d f) (e (b (m r (x aa) a z)) e (am n h b) x y f d z z (d y) q r f a (r s (w p) l y) (f (ak (ab (h (G r aj p h an (H I J j v) (y ad (w af s ad j aj m aa (w w) ac a v K ah d)) ah d) ae (L M e l) a b j) b) N c)))) h c an (ak b O) (P Q (R af (ah g aj S al) (x (T ah ai o a p (U (n V (W al) aj w ak) b u ak ae w) X) Y Z)))
A B C D E (ae i h) i n F (z (d f) (a u z z (d y) q r f a x y f d z z (d y) q r f a (r s (w p) l y) (f (ak (ab (h (G r aj p h an (H I J j v) (y ad (w af s ad j aj m aa (w w) ac a v K ah d)) ah d) ae (L M e l) a b j) b) N c)))) h c an (ak b O) (P Q (R af (ah g aj S al) (x (T ah ai o a p (U (n V (W al) aj w ak) b u ak ae w) X) Y Z)))
A B C D E (ae i h) i n F (z (d f) (al v f r d w f u z z (d y) q r f a x y f d z z (d y) q r f a (r s (w p) l y) (f (ak (ab (h (G r aj p h an (H I J j v) (y ad (w af s ad j aj m aa (w w) ac a v K ah d)) ah d) ae (L M e l) a b j) b) N c)))) h c an (ak b O) (P Q (R af (ah g aj S al) (x (T ah ai o a p (U (n V (W al) aj w ak) b u ak ae w) X) Y Z)))
A B C D E (ae i h) i n F (z (d f) (aa d (am m x af g) o w aj f u z z (d y) q r f a x y f d z z (d y) q r f a (r s (w p) l y) (f (ak (ab (h (G r aj p h an (H I J j v) (y ad (w af s ad j aj m aa (w w) ac a v K ah d)) ah d) ae (L M e l) a b j) b) N c)))) h c an (ak b O) (P Q (R af (ah g aj S al) (x (T ah ai o a p (U (n V (W al) aj w ak) b u ak ae w) X) Y Z)))
A B C D E (ae i h) i n F (z (d f) (ad (af (o o (ac f ab ai) aj ak)) w f u z z (d y) q r f a x y f d z z (d y) q r f a (r s (w p) l y) (f (ak (ab (h (G r aj p h an (H I J j v) (y ad (w af s ad j aj m aa (w w) ac a v K ah d)) ah d) ae (L M e l) a b j) b) N c)))) h c an (ak b O) (P Q (R af (ah g aj S al) (x (T ah ai o a p (U (n V (W al) aj w ak) b u ak ae w) X) Y Z)))
A B C D E (ae i h) i n F (z (d f) (d ak o n (r g g al k) c f d z z (d y) q r f a x y f d z z (d y) q r f a (r s (w p) l y) (f (ak (ab (h (G r aj p h an (H I J j v) (y ad (w af s ad j aj m aa (w w) ac a v K ah d)) ah d) ae (L M e l) a b j) b) N c)))) h c an (ak b O) (P Q (R af (ah g aj S al) (x (T ah ai o a p (U (n V (W al) aj w ak) b u ak ae w) X) Y Z)))
A B C D E (ae i h) i n F (z (d f) (y (x aa) e (am n h b) x y f d z z (d y) q r f a x y f d z z (d y) q r f a (r s (w p) l y) (f (ak (ab (h (G r aj p h an (H I J j v) (y ad (w af s ad j aj m aa (w w) ac a v K ah d)) ah d) ae (L M e l) a b j) b) N c)))) h c an (ak b O) (P Q (R af (ah g aj S al) (x (T ah ai o a p (U (n V (W al) aj w ak) b u ak ae w) X) Y Z)))
A B C D E (ae i h) i n F (z (d f) (e (b (m r (x aa) a z)) e (am n h b) x y f d z z (d y) q r f a x y f d z z (d y) q r f a (r s (w p) l y) (f (ak (ab (h (G r aj p h an (H I J j v) (y ad (w af s ad j aj m aa (w w) ac a v K ah d)) ah d) ae (L M e l) a b j) b) N c)))) h c an (ak b O) (P Q (R af (ah g aj S al) (x (T ah ai o a p (U (n V (W al) aj w ak) b u ak ae w) X) Y Z)))
A B C D E (ae i h) i n F (z (d f) (a u z z (d y) q r f a x y f d z z (d y) q r f a x y f d z z (d y) q r f a (r s (w p) l y) (f (ak (ab (h (G r aj p h an (H I J j v) (y ad (w af s ad j aj m aa (w w) ac a v K ah d)) ah d) ae (L M e l) a b j) b) N c)))) h c an (ak b O) (P Q (R af (ah g aj S al) (x (T ah ai o a p (U (n V (W al) aj w ak) b u ak ae w) X) Y Z)))
A B C D E (ae i h) i n F (z (d f) (al v f r d w f u z z (d y) q r f a x y f d z z (d y) q r f a x y f d z z (d y) q r f a (r s (w p) l y) (f (ak (ab (h (G r aj p h an (H I J j v) (y ad (w af s ad j aj m aa (w w) ac a v K ah d)) ah d) ae (L M e l) a b j) b) N c)))) h c an (ak b O) (P Q (R af (ah g aj S al) (x (T ah ai o a p (U (n V (W al) aj w ak) b u ak ae w) X) Y Z)))
A B C D E (ae i h) i n F (z (d f) (aa d (am m x af g) o w aj f u z z (d y) q r f a x y f d z z (d y) q r f a x y f d z z (d y) q r f a (r s (w p) l y) (f (ak (ab (h (G r aj p h an (H I J j v) (y ad (w af s ad j aj m aa (w w) ac a v K ah d)) ah d) ae (L M e l) a b j) b) N c)))) h c an (ak b O) (P Q (R af (ah g aj S al) (x (T ah ai o a p (U (n V (W al) aj w ak) b u ak ae w) X) Y Z)))
A B C D E (ae i h) i n F (z (d f) (ad (af (o o (ac f ab ai) aj ak)) w f u z z (d y) q r f a x y f d z z (d y) q r f a x y f d z z (d y) q r f a (r s (w p) l y) (f (ak (ab (h (G r aj p h an (H I J j v) (y ad (w af s ad j aj m aa (w w) ac a v K ah d)) ah d) ae (L M e l) a b j) b) N c)))) h c an (ak b O) (P Q (R af (ah g aj S al) (x (T ah ai o a p (U (n V (W al) aj w ak) b u ak ae w) X) Y Z)))
A B C D E (ae i h) i n F (z (d f) (d ak o n (r g g al k) c f d z z (d y) q r f a x y f d z z (d y) q r f a x y f d z z (d y) q r f a (r s (w p) l y) (f (ak (ab (h (G r aj p h an (H I J j v) (y ad (w af s ad j aj m aa (w w) ac a v K ah d)) ah d) ae (L M e l) a b j) b) N c)))) h c an (ak b O) (P Q (R af (ah g aj S al) (x (T ah ai o a p (U (n V (W al) aj w ak) b u ak ae w) X) Y Z)))
A B C D E (ae i h) i n F (z (d f) (y (x aa) e (am n h b) x y f d z z (d y) q r f a x y f d z z (d y) q r f a x y f d z z (d y) q r f a (r s (w p) l y) (f (ak (ab (h (G r aj p h an (H I J j v) (y ad (w af s ad j aj m aa (w w) ac a v K ah d)) ah d) ae (L M e l) a b j) b) N c)))) h c an (ak b O) (P Q (R af (ah g aj S al) (x (T ah ai o a p (U (n V (W al) aj w ak) b u ak ae w) X) Y Z)))
A B C D E (ae i h) i n F (z (d f) (e (b (m r (x aa) a z)) e (am n h b) x y f d z z (d y) q r f a x y f d z z (d y) q r f a x y f d z z (d y) q r f a (r s (w p) l y) (f (ak (ab (h (G r aj p h an (H I J j v) (y ad (w af s ad j aj m aa (w w) ac a v K ah d)) ah d) ae (L M e l) a b j) b) N c)))) h c an (ak b O) (P Q (R af (ah g aj S al) (x (T ah ai o a p (U (n V (W al) aj w ak) b u ak ae w) X) Y Z)))
A B C D E (ae i h) i n F (z (d f) (a u z z (d y) q r f a x y f d z z (d y) q r f a x y f d z z (d y) q r f a x y f d z z (d y) q r f a (r s (w p) l y) (f (ak (ab (h (G r aj p h an (H I J j v) (y ad (w af s ad j aj m aa (w w) ac a v K ah d)) ah d) ae (L M e l) a b j) b) N c)))) h c an (ak b O) (P Q (R af (ah g aj S al) (x (T ah ai o a p (U (n V (W al) aj w ak) b u ak ae w) X) Y Z)))
A B C D E (ae i h) i n F (z (d f) (al v f r d w f u z z (d y) q r f a x y f d z z (d y) q r f a x y f d z z (d y) q r f a x y f d z z (d y) q r f a (r s (w p) l y) (f (ak (ab (h (G r aj p h an (H I J j v) (y ad (w af s ad j aj m aa (w w) ac a v K ah d)) ah d) ae (L M e l) a b j) b) N c)))) h c an (ak b O) (P Q (R af (ah g aj S al) (x (T ah ai o a p (U (n V (W al) aj w ak) b u ak ae w) X) Y Z)))
A B C D E (ae i h) i n F (z (d f) (aa d (am m x af g) o w aj f u z z (d y) q r f a x y f d z z (d y) q r f a x y f d z z (d y) q r f a x y f d z z (d y) q r f a (r s (w p) l y) (f (ak (ab (h (G r aj p h an (H I J j v) (y ad (w af s ad j aj m aa (w w) ac a v K ah d)) ah d) ae (L M e l) a b j) b) N c)))) h c an (ak b O) (P Q (R af (ah g aj S al) (x (T ah ai o a p (U (n V (W al) aj w ak) b u ak ae w) X) Y Z)))
A B C D E (ae i h) i n F (z (d f) (ad (af (o o (ac f ab ai) aj ak)) w f u z z (d y) q r f a x y f d z z (d y) q r f a x y f d z z (d y) q r f a x y f d z z (d y) q r f a (r s (w p) l y) (f (ak (ab (h (G r aj p h an (H I J j v) (y ad (w af s ad j aj m aa (w w) ac a v K ah d)) ah d) ae (L M e l) a b j) b) N c)))) h c an (ak b O) (P Q (R af (ah g aj S al) (x (T ah ai o a p (U (n V (W al) aj w ak) b u ak ae w) X) Y Z)))
A B C D E (ae i h) i n F (z (d f) (d ak o n (r g g al k) c f d z z (d y) q r f a x y f d z z (d y) q r f a x y f d z z (d y) q r f a x y f d z z (d y) q r f a (r s (w p) l y) (f (ak (ab (h (G r aj p h an (H I J j v) (y ad (w af s ad j aj m aa (w w) ac a v K ah d)) ah d) ae (L M e l) a b j) b) N c)))) h c an (ak b O) (P Q (R af (ah g aj S al) (x (T ah ai o a p (U (n V (W al) aj w ak) b u ak ae w) X) Y Z)))


