a aq ar ao ap at = af w e i aj am ak r l w
w ar at au ao aq ap = j (h q ah b v) (h i y r ak am)
aj ao = f (ag q j v) r (ao ab ae) g (o ak)
b ar ap aq at ao av au = p ab r k e al m e n
j aq ap ao au at ar = y (g v p ar n a b a)
h aq ar ao ap = ap w ap aa ad aq e b w (ag a ar ae)
q aq ar ao at au ap = ae c (v ae ak)
m aq ao ap = ae (k (p l ah) aj o al)
af aq ar ao ap = ap r al v r (aa m) c
am ar au ap ao av at aq = x aq aq v ac (x p aa ac ag u a)
al ao = w (ab y n p af (q n) (s ao ac))
c ao ar aq au at ap = h (ae p) s o (x d ag u ap)
p ao = k ao an h ah o x al u r ad ak ae
ad ao = q (p v)
t au at ar ap aq ao = e au ag (n h an f ad)
ae ap aq ao = ai o u (b al (p aa g) k ao r)
g ao = u am (af w h) an f (aj ae) ao ad
k ap ao = ah z x ad ak l v aa d s
ab = y j a r h
f ao at aq ap ar = l d ak s
d ap aq ao = p aq c af e a aq (aj ai w am u) o
ag aq ar ao at ap = e
z aq ao ap = s ab aq af
v aq ap ao ar = x x p q ah ag a q
i aq ap ar at ao = j (l f) l l ab b u
ah ao = ak ab ac
s = x u k i
an aq ap ao = t n ae
e ao aq ap = aq ak aj a an j v
x ap ao aq ar = aa ac am am n b
aa at au ao ar aq ap = y
main = A (f x t (aj m h z w h B af d) i C ai ad D E F ak (an ab g q e (r G) ab x j)) aj (H t) f m (o s an ak ad (i ab ae i I ah ad q)) J (K z) (L M d (z ab) f ab ah aa u k) (u e N j (O P ah)) Q (ai R af (w S r af T) U) ah V (n ah W) X Y x o ag Z AA (n n ag af (AB AC m)) AD
ai ao av at ar aq ap au = b (c (l (j ar z t aj) ak))
ac = f s z aa z u ab ae
o = w ak y am a (ak z ai b)
u ap ao = ai af al c (ao p an) j c ai (l aa)
ak aq ao ar ap = ao m w e an (aa ar) f p ac u ap aa
y aq ao ap = ah j ah am ad (g (ai p) af t) x
r aq ap ao ar = ag al aa k j ao y af g aa
l ar at av ao ap aq au = x i r (ap (ao ah (ab (ao ap w r x))))
n ar aq ap ao = ai a h ar l s
------------------------------------------------------------
A (f x t (aj m h z w h B af d) i C ai ad D E F ak (an ab g q e (r G) ab x j)) aj (H t) f m (o s an ak ad (i ab ae i I ah ad q)) J (K z) (L M d (z ab) f ab ah aa u k) (u e N j (O P ah)) Q (ai R af (w S r af T) U) ah V (n ah W) X Y x o ag Z AA (n n ag af (AB AC m)) AD
A (l d ak s ai ad D E F ak (an ab g q e (r G) ab x j)) aj (H t) f m (o s an ak ad (i ab ae i I ah ad q)) J (K z) (L M d (z ab) f ab ah aa u k) (u e N j (O P ah)) Q (ai R af (w S r af T) U) ah V (n ah W) X Y x o ag Z AA (n n ag af (AB AC m)) AD
A (x i r (ad (ai ah (ab (ai ad w r x)))) F ak (an ab g q e (r G) ab x j)) aj (H t) f m (o s an ak ad (i ab ae i I ah ad q)) J (K z) (L M d (z ab) f ab ah aa u k) (u e N j (O P ah)) Q (ai R af (w S r af T) U) ah V (n ah W) X Y x o ag Z AA (n n ag af (AB AC m)) AD
A (aa ac am am n b ak (an ab g q e (r G) ab x j)) aj (H t) f m (o s an ak ad (i ab ae i I ah ad q)) J (K z) (L M d (z ab) f ab ah aa u k) (u e N j (O P ah)) Q (ai R af (w S r af T) U) ah V (n ah W) X Y x o ag Z AA (n n ag af (AB AC m)) AD
A (y (an ab g q e (r G) ab x j)) aj (H t) f m (o s an ak ad (i ab ae i I ah ad q)) J (K z) (L M d (z ab) f ab ah aa u k) (u e N j (O P ah)) Q (ai R af (w S r af T) U) ah V (n ah W) X Y x o ag Z AA (n n ag af (AB AC m)) AD
A (y (t n ae e (r G) ab x j)) aj (H t) f m (o s an ak ad (i ab ae i I ah ad q)) J (K z) (L M d (z ab) f ab ah aa u k) (u e N j (O P ah)) Q (ai R af (w S r af T) U) ah V (n ah W) X Y x o ag Z AA (n n ag af (AB AC m)) AD
A (y (e n ag (n h an f ad) j)) aj (H t) f m (o s an ak ad (i ab ae i I ah ad q)) J (K z) (L M d (z ab) f ab ah aa u k) (u e N j (O P ah)) Q (ai R af (w S r af T) U) ah V (n ah W) X Y x o ag Z AA (n n ag af (AB AC m)) AD
A (y (ag ak aj a an j v j)) aj (H t) f m (o s an ak ad (i ab ae i I ah ad q)) J (K z) (L M d (z ab) f ab ah aa u k) (u e N j (O P ah)) Q (ai R af (w S r af T) U) ah V (n ah W) X Y x o ag Z AA (n n ag af (AB AC m)) AD
A (y (e v j)) aj (H t) f m (o s an ak ad (i ab ae i I ah ad q)) J (K z) (L M d (z ab) f ab ah aa u k) (u e N j (O P ah)) Q (ai R af (w S r af T) U) ah V (n ah W) X Y x o ag Z AA (n n ag af (AB AC m)) AD
A (y (e v j)) aj (H t) f m (w ak y am a (ak z ai b) s an ak ad (i ab ae i I ah ad q)) J (K z) (L M d (z ab) f ab ah aa u k) (u e N j (O P ah)) Q (ai R af (w S r af T) U) ah V (n ah W) X Y x o ag Z AA (n n ag af (AB AC m)) AD
A (y (e v j)) aj (H t) f m (j (h q ah b v) (h i y r ak am) an ak ad (i ab ae i I ah ad q)) J (K z) (L M d (z ab) f ab ah aa u k) (u e N j (O P ah)) Q (ai R af (w S r af T) U) ah V (n ah W) X Y x o ag Z AA (n n ag af (AB AC m)) AD
A (y (e v j)) aj (H t) f m (y (g v p (i ab ae i I ah ad q) n a b a)) J (K z) (L M d (z ab) f ab ah aa u k) (u e N j (O P ah)) Q (ai R af (w S r af T) U) ah V (n ah W) X Y x o ag Z AA (n n ag af (AB AC m)) AD
A (y (e v j)) aj (H t) f m (y (u am (af w h) an f (aj ae) v ad p (i ab ae i I ah ad q) n a b a)) J (K z) (L M d (z ab) f ab ah aa u k) (u e N j (O P ah)) Q (ai R af (w S r af T) U) ah V (n ah W) X Y x o ag Z AA (n n ag af (AB AC m)) AD
A (y (e v j)) aj (H t) f m (y (ai af al c (af w h p an) j c ai (l aa) an f (aj ae) v ad p (i ab ae i I ah ad q) n a b a)) J (K z) (L M d (z ab) f ab ah aa u k) (u e N j (O P ah)) Q (ai R af (w S r af T) U) ah V (n ah W) X Y x o ag Z AA (n n ag af (AB AC m)) AD
A (y (e v j)) aj (H t) f m (y (b (c (l (j (af w h p an) z t aj) ak)) (l aa) an f (aj ae) v ad p (i ab ae i I ah ad q) n a b a)) J (K z) (L M d (z ab) f ab ah aa u k) (u e N j (O P ah)) Q (ai R af (w S r af T) U) ah V (n ah W) X Y x o ag Z AA (n n ag af (AB AC m)) AD
A (y (e v j)) aj (H t) f m (y (p ab r k e al m e n p (i ab ae i I ah ad q) n a b a)) J (K z) (L M d (z ab) f ab ah aa u k) (u e N j (O P ah)) Q (ai R af (w S r af T) U) ah V (n ah W) X Y x o ag Z AA (n n ag af (AB AC m)) AD
A (y (e v j)) aj (H t) f m (y (k ab an h ah o x al u r ad ak ae r k e al m e n p (i ab ae i I ah ad q) n a b a)) J (K z) (L M d (z ab) f ab ah aa u k) (u e N j (O P ah)) Q (ai R af (w S r af T) U) ah V (n ah W) X Y x o ag Z AA (n n ag af (AB AC m)) AD
A (y (e v j)) aj (H t) f m (y (ah z x ad ak l v aa d s h ah o x al u r ad ak ae r k e al m e n p (i ab ae i I ah ad q) n a b a)) J (K z) (L M d (z ab) f ab ah aa u k) (u e N j (O P ah)) Q (ai R af (w S r af T) U) ah V (n ah W) X Y x o ag Z AA (n n ag af (AB AC m)) AD
A (y (e v j)) aj (H t) f m (y (ak ab ac x ad ak l v aa d s h ah o x al u r ad ak ae r k e al m e n p (i ab ae i I ah ad q) n a b a)) J (K z) (L M d (z ab) f ab ah aa u k) (u e N j (O P ah)) Q (ai R af (w S r af T) U) ah V (n ah W) X Y x o ag Z AA (n n ag af (AB AC m)) AD
A (y (e v j)) aj (H t) f m (y (ac m w e an (aa x) f p ac u ad aa ak l v aa d s h ah o x al u r ad ak ae r k e al m e n p (i ab ae i I ah ad q) n a b a)) J (K z) (L M d (z ab) f ab ah aa u k) (u e N j (O P ah)) Q (ai R af (w S r af T) U) ah V (n ah W) X Y x o ag Z AA (n n ag af (AB AC m)) AD
A (y (e v j)) aj (H t) f m (y (f s z aa z u ab ae m w e an (aa x) f p ac u ad aa ak l v aa d s h ah o x al u r ad ak ae r k e al m e n p (i ab ae i I ah ad q) n a b a)) J (K z) (L M d (z ab) f ab ah aa u k) (u e N j (O P ah)) Q (ai R af (w S r af T) U) ah V (n ah W) X Y x o ag Z AA (n n ag af (AB AC m)) AD
A (y (e v j)) aj (H t) f m (y (l d ak s ab ae m w e an (aa x) f p ac u ad aa ak l v aa d s h ah o x al u r ad ak ae r k e al m e n p (i ab ae i I ah ad q) n a b a)) J (K z) (L M d (z ab) f ab ah aa u k) (u e N j (O P ah)) Q (ai R af (w S r af T) U) ah V (n ah W) X Y x o ag Z AA (n n ag af (AB AC m)) AD
A (y (e v j)) aj (H t) f m (y (x i r (ae (ab ah (ab (ab ae w r x)))) e an (aa x) f p ac u ad aa ak l v aa d s h ah o x al u r ad ak ae r k e al m e n p (i ab ae i I ah ad q) n a b a)) J (K z) (L M d (z ab) f ab ah aa u k) (u e N j (O P ah)) Q (ai R af (w S r af T) U) ah V (n ah W) X Y x o ag Z AA (n n ag af (AB AC m)) AD
A (y (e v j)) aj (H t) f m (y (aa ac am am n b an (aa x) f p ac u ad aa ak l v aa d s h ah o x al u r ad ak ae r k e al m e n p (i ab ae i I ah ad q) n a b a)) J (K z) (L M d (z ab) f ab ah aa u k) (u e N j (O P ah)) Q (ai R af (w S r af T) U) ah V (n ah W) X Y x o ag Z AA (n n ag af (AB AC m)) AD
A (y (e v j)) aj (H t) f m (y (y (aa x) f p ac u ad aa ak l v aa d s h ah o x al u r ad ak ae r k e al m e n p (i ab ae i I ah ad q) n a b a)) J (K z) (L M d (z ab) f ab ah aa u k) (u e N j (O P ah)) Q (ai R af (w S r af T) U) ah V (n ah W) X Y x o ag Z AA (n n ag af (AB AC m)) AD
A (y (e v j)) aj (H t) f m (y (ah j ah am ad (g (ai p) af t) x ac u ad aa ak l v aa d s h ah o x al u r ad ak ae r k e al m e n p (i ab ae i I ah ad q) n a b a)) J (K z) (L M d (z ab) f ab ah aa u k) (u e N j (O P ah)) Q (ai R af (w S r af T) U) ah V (n ah W) X Y x o ag Z AA (n n ag af (AB AC m)) AD
A (y (e v j)) aj (H t) f m (y (ak ab ac ah am ad (g (ai p) af t) x ac u ad aa ak l v aa d s h ah o x al u r ad ak ae r k e al m e n p (i ab ae i I ah ad q) n a b a)) J (K z) (L M d (z ab) f ab ah aa u k) (u e N j (O P ah)) Q (ai R af (w S r af T) U) ah V (n ah W) X Y x o ag Z AA (n n ag af (AB AC m)) AD
A (y (e v j)) aj (H t) f m (y (ac m w e an (aa ah) f p ac u am aa ad (g (ai p) af t) x ac u ad aa ak l v aa d s h ah o x al u r ad ak ae r k e al m e n p (i ab ae i I ah ad q) n a b a)) J (K z) (L M d (z ab) f ab ah aa u k) (u e N j (O P ah)) Q (ai R af (w S r af T) U) ah V (n ah W) X Y x o ag Z AA (n n ag af (AB AC m)) AD
A (y (e v j)) aj (H t) f m (y (f s z aa z u ab ae m w e an (aa ah) f p ac u am aa ad (g (ai p) af t) x ac u ad aa ak l v aa d s h ah o x al u r ad ak ae r k e al m e n p (i ab ae i I ah ad q) n a b a)) J (K z) (L M d (z ab) f ab ah aa u k) (u e N j (O P ah)) Q (ai R af (w S r af T) U) ah V (n ah W) X Y x o ag Z AA (n n ag af (AB AC m)) AD
A (y (e v j)) aj (H t) f m (y (l d ak s ab ae m w e an (aa ah) f p ac u am aa ad (g (ai p) af t) x ac u ad aa ak l v aa d s h ah o x al u r ad ak ae r k e al m e n p (i ab ae i I ah ad q) n a b a)) J (K z) (L M d (z ab) f ab ah aa u k) (u e N j (O P ah)) Q (ai R af (w S r af T) U) ah V (n ah W) X Y x o ag Z AA (n n ag af (AB AC m)) AD


