f ao ap ar aq = q x ai h am ad r
am ao ap = p h j (j aj) an n (an ab i)
ad = z (p o (al c ae aj))
ag ap at ar ao aq = a ah m (v p q ap ae)
an = e (ah q ak (n q am e s c v ai) z)
y ar ao ap aq = ab c (ad t ao ad (ag ag)) f
w = q x (s c (ae n ah))
l ar ao aq ap at = ah (j y e) aq ao y af g
t at ap ar ao aq = f (e r ar) x aj l
k at ar ap aq au ao = h z e ae m ac u f a e ar (j s)
ak ar ao ap aq = y r (ar o al) o (ah o ar aj)
af ao aq ap = e h (ac (x aa ae t) k)
c = u t al y (ac w e ag t)
n ap aq ar ao at au = t ad l w k r m (c b) aq
h at ao ap aq ar au = v z at (z n) at i c aa af e aj z
r ap aq ar at ao = w c ap w l (v (q (af ak an o ar)))
main = ag w aj A (aj (ai a) (ab ai e (B an (C c ae q) a f (ae f i w (D m) (E a (F (G H ah u h (I c (h x) z x J i aa w (m r) ab ah) (K k L M N k (O l) k t am P f af (Q R S T (U y ak) u al j) ad aj g) d V t ab) W X c ai ae Y aa l (p Z v AA q) i) aa j q n AB i ab AC am)))))
s at ar ap ao aq = b j (af ao aj (ai k (p c d ae) k))
al ao = f k (o ao) s
e ao ap = l f (i (ap an) y f ap ae aj ad ap)
aa ao = s ao ai h ag ao j (ak af) (j p ac e)
v aq ap ao = o (ad aq ab ag (s t ag) d al aa)
d ap au av ao at aq ar = k x i c
p ap aq ar at ao = aq (at u) y g (aj g aa m (a z y at))
q ap ao = n ag ak x r m an ai c
u = aa h ac r am (z b) aa af ab ag
b av ar aq ao au at ap = n x e ac aj ae af ad w g z j
ab ao ap = u (k s) p (f x s z) f
i ao = af (f (r d j) f ae af)
x ap ar aq ao = ac u aq al ad ar (k m (aj k) ad)
m ar ao ap at aq au = ah al al ap (an w a)
z aq ao ap = b x ap ag b q j s r n
ah ap aq ao ar = an ae
g ao ap aq ar at av au = c (ai y au aj l) ak
o ao ap = m v r aa k e p s
ac ao ap = j n aa m am h (an al p) c k ao
aj at au ar av ao aq ap = z (u a) al c x (aa ai g m) ah
ae = v x u y an j
a ao ap aq = s (ai al) ao t p s ab o
ai at au ao aq ap ar = l (aq aj z)
j ao = aa ab (v (ah (a ad) w w) f)
------------------------------------------------------------
ag w aj A (aj (ai a) (ab ai e (B an (C c ae q) a f (ae f i w (D m) (E a (F (G H ah u h (I c (h x) z x J i aa w (m r) ab ah) (K k L M N k (O l) k t am P f af (Q R S T (U y ak) u al j) ad aj g) d V t ab) W X c ai ae Y aa l (p Z v AA q) i) aa j q n AB i ab AC am)))))
ag (q x (s c (ae n ah))) aj A (aj (ai a) (ab ai e (B an (C c ae q) a f (ae f i w (D m) (E a (F (G H ah u h (I c (h x) z x J i aa w (m r) ab ah) (K k L M N k (O l) k t am P f af (Q R S T (U y ak) u al j) ad aj g) d V t ab) W X c ai ae Y aa l (p Z v AA q) i) aa j q n AB i ab AC am)))))
ag (n ag ak x r m an ai c) aj A (aj (ai a) (ab ai e (B an (C c ae q) a f (ae f i w (D m) (E a (F (G H ah u h (I c (h x) z x J i aa w (m r) ab ah) (K k L M N k (O l) k t am P f af (Q R S T (U y ak) u al j) ad aj g) d V t ab) W X c ai ae Y aa l (p Z v AA q) i) aa j q n AB i ab AC am)))))
ag (t ad l w k r m (c b) ak ai c) aj A (aj (ai a) (ab ai e (B an (C c ae q) a f (ae f i w (D m) (E a (F (G H ah u h (I c (h x) z x J i aa w (m r) ab ah) (K k L M N k (O l) k t am P f af (Q R S T (U y ak) u al j) ad aj g) d V t ab) W X c ai ae Y aa l (p Z v AA q) i) aa j q n AB i ab AC am)))))
ag (f (e r w) x aj l m (c b) ak ai c) aj A (aj (ai a) (ab ai e (B an (C c ae q) a f (ae f i w (D m) (E a (F (G H ah u h (I c (h x) z x J i aa w (m r) ab ah) (K k L M N k (O l) k t am P f af (Q R S T (U y ak) u al j) ad aj g) d V t ab) W X c ai ae Y aa l (p Z v AA q) i) aa j q n AB i ab AC am)))))
ag (q x ai h am ad r m (c b) ak ai c) aj A (aj (ai a) (ab ai e (B an (C c ae q) a f (ae f i w (D m) (E a (F (G H ah u h (I c (h x) z x J i aa w (m r) ab ah) (K k L M N k (O l) k t am P f af (Q R S T (U y ak) u al j) ad aj g) d V t ab) W X c ai ae Y aa l (p Z v AA q) i) aa j q n AB i ab AC am)))))
ag (n ag ak x r m an ai c h am ad r m (c b) ak ai c) aj A (aj (ai a) (ab ai e (B an (C c ae q) a f (ae f i w (D m) (E a (F (G H ah u h (I c (h x) z x J i aa w (m r) ab ah) (K k L M N k (O l) k t am P f af (Q R S T (U y ak) u al j) ad aj g) d V t ab) W X c ai ae Y aa l (p Z v AA q) i) aa j q n AB i ab AC am)))))
ag (t ad l w k r m (c b) ak ai c h am ad r m (c b) ak ai c) aj A (aj (ai a) (ab ai e (B an (C c ae q) a f (ae f i w (D m) (E a (F (G H ah u h (I c (h x) z x J i aa w (m r) ab ah) (K k L M N k (O l) k t am P f af (Q R S T (U y ak) u al j) ad aj g) d V t ab) W X c ai ae Y aa l (p Z v AA q) i) aa j q n AB i ab AC am)))))
ag (f (e r w) x aj l m (c b) ak ai c h am ad r m (c b) ak ai c) aj A (aj (ai a) (ab ai e (B an (C c ae q) a f (ae f i w (D m) (E a (F (G H ah u h (I c (h x) z x J i aa w (m r) ab ah) (K k L M N k (O l) k t am P f af (Q R S T (U y ak) u al j) ad aj g) d V t ab) W X c ai ae Y aa l (p Z v AA q) i) aa j q n AB i ab AC am)))))
ag (q x ai h am ad r m (c b) ak ai c h am ad r m (c b) ak ai c) aj A (aj (ai a) (ab ai e (B an (C c ae q) a f (ae f i w (D m) (E a (F (G H ah u h (I c (h x) z x J i aa w (m r) ab ah) (K k L M N k (O l) k t am P f af (Q R S T (U y ak) u al j) ad aj g) d V t ab) W X c ai ae Y aa l (p Z v AA q) i) aa j q n AB i ab AC am)))))
ag (n ag ak x r m an ai c h am ad r m (c b) ak ai c h am ad r m (c b) ak ai c) aj A (aj (ai a) (ab ai e (B an (C c ae q) a f (ae f i w (D m) (E a (F (G H ah u h (I c (h x) z x J i aa w (m r) ab ah) (K k L M N k (O l) k t am P f af (Q R S T (U y ak) u al j) ad aj g) d V t ab) W X c ai ae Y aa l (p Z v AA q) i) aa j q n AB i ab AC am)))))
ag (t ad l w k r m (c b) ak ai c h am ad r m (c b) ak ai c h am ad r m (c b) ak ai c) aj A (aj (ai a) (ab ai e (B an (C c ae q) a f (ae f i w (D m) (E a (F (G H ah u h (I c (h x) z x J i aa w (m r) ab ah) (K k L M N k (O l) k t am P f af (Q R S T (U y ak) u al j) ad aj g) d V t ab) W X c ai ae Y aa l (p Z v AA q) i) aa j q n AB i ab AC am)))))
ag (f (e r w) x aj l m (c b) ak ai c h am ad r m (c b) ak ai c h am ad r m (c b) ak ai c) aj A (aj (ai a) (ab ai e (B an (C c ae q) a f (ae f i w (D m) (E a (F (G H ah u h (I c (h x) z x J i aa w (m r) ab ah) (K k L M N k (O l) k t am P f af (Q R S T (U y ak) u al j) ad aj g) d V t ab) W X c ai ae Y aa l (p Z v AA q) i) aa j q n AB i ab AC am)))))
ag (q x ai h am ad r m (c b) ak ai c h am ad r m (c b) ak ai c h am ad r m (c b) ak ai c) aj A (aj (ai a) (ab ai e (B an (C c ae q) a f (ae f i w (D m) (E a (F (G H ah u h (I c (h x) z x J i aa w (m r) ab ah) (K k L M N k (O l) k t am P f af (Q R S T (U y ak) u al j) ad aj g) d V t ab) W X c ai ae Y aa l (p Z v AA q) i) aa j q n AB i ab AC am)))))
ag (n ag ak x r m an ai c h am ad r m (c b) ak ai c h am ad r m (c b) ak ai c h am ad r m (c b) ak ai c) aj A (aj (ai a) (ab ai e (B an (C c ae q) a f (ae f i w (D m) (E a (F (G H ah u h (I c (h x) z x J i aa w (m r) ab ah) (K k L M N k (O l) k t am P f af (Q R S T (U y ak) u al j) ad aj g) d V t ab) W X c ai ae Y aa l (p Z v AA q) i) aa j q n AB i ab AC am)))))
ag (t ad l w k r m (c b) ak ai c h am ad r m (c b) ak ai c h am ad r m (c b) ak ai c h am ad r m (c b) ak ai c) aj A (aj (ai a) (ab ai e (B an (C c ae q) a f (ae f i w (D m) (E a (F (G H ah u h (I c (h x) z x J i aa w (m r) ab ah) (K k L M N k (O l) k t am P f af (Q R S T (U y ak) u al j) ad aj g) d V t ab) W X c ai ae Y aa l (p Z v AA q) i) aa j q n AB i ab AC am)))))
ag (f (e r w) x aj l m (c b) ak ai c h am ad r m (c b) ak ai c h am ad r m (c b) ak ai c h am ad r m (c b) ak ai c) aj A (aj (ai a) (ab ai e (B an (C c ae q) a f (ae f i w (D m) (E a (F (G H ah u h (I c (h x) z x J i aa w (m r) ab ah) (K k L M N k (O l) k t am P f af (Q R S T (U y ak) u al j) ad aj g) d V t ab) W X c ai ae Y aa l (p Z v AA q) i) aa j q n AB i ab AC am)))))
ag (q x ai h am ad r m (c b) ak ai c h am ad r m (c b) ak ai c h am ad r m (c b) ak ai c h am ad r m (c b) ak ai c) aj A (aj (ai a) (ab ai e (B an (C c ae q) a f (ae f i w (D m) (E a (F (G H ah u h (I c (h x) z x J i aa w (m r) ab ah) (K k L M N k (O l) k t am P f af (Q R S T (U y ak) u al j) ad aj g) d V t ab) W X c ai ae Y aa l (p Z v AA q) i) aa j q n AB i ab AC am)))))
ag (n ag ak x r m an ai c h am ad r m (c b) ak ai c h am ad r m (c b) ak ai c h am ad r m (c b) ak ai c h am ad r m (c b) ak ai c) aj A (aj (ai a) (ab ai e (B an (C c ae q) a f (ae f i w (D m) (E a (F (G H ah u h (I c (h x) z x J i aa w (m r) ab ah) (K k L M N k (O l) k t am P f af (Q R S T (U y ak) u al j) ad aj g) d V t ab) W X c ai ae Y aa l (p Z v AA q) i) aa j q n AB i ab AC am)))))
ag (t ad l w k r m (c b) ak ai c h am ad r m (c b) ak ai c h am ad r m (c b) ak ai c h am ad r m (c b) ak ai c h am ad r m (c b) ak ai c) aj A (aj (ai a) (ab ai e (B an (C c ae q) a f (ae f i w (D m) (E a (F (G H ah u h (I c (h x) z x J i aa w (m r) ab ah) (K k L M N k (O l) k t am P f af (Q R S T (U y ak) u al j) ad aj g) d V t ab) W X c ai ae Y aa l (p Z v AA q) i) aa j q n AB i ab AC am)))))
ag (f (e r w) x aj l m (c b) ak ai c h am ad r m (c b) ak ai c h am ad r m (c b) ak ai c h am ad r m (c b) ak ai c h am ad r m (c b) ak ai c) aj A (aj (ai a) (ab ai e (B an (C c ae q) a f (ae f i w (D m) (E a (F (G H ah u h (I c (h x) z x J i aa w (m r) ab ah) (K k L M N k (O l) k t am P f af (Q R S T (U y ak) u al j) ad aj g) d V t ab) W X c ai ae Y aa l (p Z v AA q) i) aa j q n AB i ab AC am)))))
ag (q x ai h am ad r m (c b) ak ai c h am ad r m (c b) ak ai c h am ad r m (c b) ak ai c h am ad r m (c b) ak ai c h am ad r m (c b) ak ai c) aj A (aj (ai a) (ab ai e (B an (C c ae q) a f (ae f i w (D m) (E a (F (G H ah u h (I c (h x) z x J i aa w (m r) ab ah) (K k L M N k (O l) k t am P f af (Q R S T (U y ak) u al j) ad aj g) d V t ab) W X c ai ae Y aa l (p Z v AA q) i) aa j q n AB i ab AC am)))))
ag (n ag ak x r m an ai c h am ad r m (c b) ak ai c h am ad r m (c b) ak ai c h am ad r m (c b) ak ai c h am ad r m (c b) ak ai c h am ad r m (c b) ak ai c) aj A (aj (ai a) (ab ai e (B an (C c ae q) a f (ae f i w (D m) (E a (F (G H ah u h (I c (h x) z x J i aa w (m r) ab ah) (K k L M N k (O l) k t am P f af (Q R S T (U y ak) u al j) ad aj g) d V t ab) W X c ai ae Y aa l (p Z v AA q) i) aa j q n AB i ab AC am)))))
ag (t ad l w k r m (c b) ak ai c h am ad r m (c b) ak ai c h am ad r m (c b) ak ai c h am ad r m (c b) ak ai c h am ad r m (c b) ak ai c h am ad r m (c b) ak ai c) aj A (aj (ai a) (ab ai e (B an (C c ae q) a f (ae f i w (D m) (E a (F (G H ah u h (I c (h x) z x J i aa w (m r) ab ah) (K k L M N k (O l) k t am P f af (Q R S T (U y ak) u al j) ad aj g) d V t ab) W X c ai ae Y aa l (p Z v AA q) i) aa j q n AB i ab AC am)))))
ag (f (e r w) x aj l m (c b) ak ai c h am ad r m (c b) ak ai c h am ad r m (c b) ak ai c h am ad r m (c b) ak ai c h am ad r m (c b) ak ai c h am ad r m (c b) ak ai c) aj A (aj (ai a) (ab ai e (B an (C c ae q) a f (ae f i w (D m) (E a (F (G H ah u h (I c (h x) z x J i aa w (m r) ab ah) (K k L M N k (O l) k t am P f af (Q R S T (U y ak) u al j) ad aj g) d V t ab) W X c ai ae Y aa l (p Z v AA q) i) aa j q n AB i ab AC am)))))
ag (q x ai h am ad r m (c b) ak ai c h am ad r m (c b) ak ai c h am ad r m (c b) ak ai c h am ad r m (c b) ak ai c h am ad r m (c b) ak ai c h am ad r m (c b) ak ai c) aj A (aj (ai a) (ab ai e (B an (C c ae q) a f (ae f i w (D m) (E a (F (G H ah u h (I c (h x) z x J i aa w (m r) ab ah) (K k L M N k (O l) k t am P f af (Q R S T (U y ak) u al j) ad aj g) d V t ab) W X c ai ae Y aa l (p Z v AA q) i) aa j q n AB i ab AC am)))))
ag (n ag ak x r m an ai c h am ad r m (c b) ak ai c h am ad r m (c b) ak ai c h am ad r m (c b) ak ai c h am ad r m (c b) ak ai c h am ad r m (c b) ak ai c h am ad r m (c b) ak ai c) aj A (aj (ai a) (ab ai e (B an (C c ae q) a f (ae f i w (D m) (E a (F (G H ah u h (I c (h x) z x J i aa w (m r) ab ah) (K k L M N k (O l) k t am P f af (Q R S T (U y ak) u al j) ad aj g) d V t ab) W X c ai ae Y aa l (p Z v AA q) i) aa j q n AB i ab AC am)))))
ag (t ad l w k r m (c b) ak ai c h am ad r m (c b) ak ai c h am ad r m (c b) ak ai c h am ad r m (c b) ak ai c h am ad r m (c b) ak ai c h am ad r m (c b) ak ai c h am ad r m (c b) ak ai c) aj A (aj (ai a) (ab ai e (B an (C c ae q) a f (ae f i w (D m) (E a (F (G H ah u h (I c (h x) z x J i aa w (m r) ab ah) (K k L M N k (O l) k t am P f af (Q R S T (U y ak) u al j) ad aj g) d V t ab) W X c ai ae Y aa l (p Z v AA q) i) aa j q n AB i ab AC am)))))
ag (f (e r w) x aj l m (c b) ak ai c h am ad r m (c b) ak ai c h am ad r m (c b) ak ai c h am ad r m (c b) ak ai c h am ad r m (c b) ak ai c h am ad r m (c b) ak ai c h am ad r m (c b) ak ai c) aj A (aj (ai a) (ab ai e (B an (C c ae q) a f (ae f i w (D m) (E a (F (G H ah u h (I c (h x) z x J i aa w (m r) ab ah) (K k L M N k (O l) k t am P f af (Q R S T (U y ak) u al j) ad aj g) d V t ab) W X c ai ae Y aa l (p Z v AA q) i) aa j q n AB i ab AC am)))))
ag (q x ai h am ad r m (c b) ak ai c h am ad r m (c b) ak ai c h am ad r m (c b) ak ai c h am ad r m (c b) ak ai c h am ad r m (c b) ak ai c h am ad r m (c b) ak ai c h am ad r m (c b) ak ai c) aj A (aj (ai a) (ab ai e (B an (C c ae q) a f (ae f i w (D m) (E a (F (G H ah u h (I c (h x) z x J i aa w (m r) ab ah) (K k L M N k (O l) k t am P f af (Q R S T (U y ak) u al j) ad aj g) d V t ab) W X c ai ae Y aa l (p Z v AA q) i) aa j q n AB i ab AC am)))))


