p ap ao ar aq au at = aa an (o (ao ap)) r b (w l aj ab)
c ap ao = af h v ap n k z w
x ap aq ar ao = ai ai h (ao p (a l d) q g an)
q at ap aq ao ar = v al u x ak ai n k ai am al
u = k ah t
ad = ae (ae am r (g ab) aj) n g c r f
an ao at ar au aq ap av = h (f (p t w))
i ar at ap ao aq = k ak l l o k j at (ae ah)
ae ap ao aq = ad aq n e
s ao ap = ab f g f
w aq at ao ap ar = r ao al an r e
j aq ap ar ao at = an v h (r (t am an af x))
h = b an r b (aj y ad (z ad c k ac a))
al ap au ao at ar aq = ah au c ai af v (j e p w)
am = ab ae (z j d)
z ao = ao o y b r x x (d (j n m n))
l ap aq ao = g aj v ae aq ap r k
o aq ao ap at ar = ak aj l f z s g k an u
ah au ap ao av aq ar at = g y aa r
af au av ao aq at ap ar = v a q a t
v ao ap = ac u aj aj s ao k c q af f s
t at au av aq ar ap ao = r aj ag (an aa ad)
n ao = r l al g ao ao aj e (a b ac)
f ap ar ao aq au at = c (aa (x o aj i i (ag l t)) ag) j i
k au ar aq at ap ao = r s b
m = i am e g s
y ao = h ae ao e (o f) s t c
ab aq ao ap ar = w ad al ao g ao
ac ao ap ar aq = e d am v ad o z v h aq af aq ar
e aq ao ap = k ap ab x f r d ap ae
d ao aq au ar at ap = k y am v j (g (am b) i)
aj ao ar at ap aq = b j v r c r
b ao ar at ap aq = ac ae j v
a ao at ar ap aq = ab ag h w (z b ar (ai ah ai aa am) ar)
aa ap ao = ai aj ao ao ao b am x (t ag)
ag = h y l k i h m z o
ak aq ao ar at ap = x ao s m l q ad e j x
main = A (v (B x z an) ak) n an c (C u (D (j ae (ab c p t (E ae ab z (j h o F n G (o v (r ah m ah) i) z o))) j (H aj) ad m z o (I z)) al g d n (g n e (J am k) ae i) af (K L M e (N O p) k (x l ai P (ad ad)) p l d (Q R S c e w T) ae (an U (V z)) am an ai W ab X g Y e al am)))
r ao aq ar ap at = t af s x u aj af (ap l ad)
ai aq au ar ap av at ao = ae i b m ap ak (aa e f r am aa ak)
g aq ar ap ao = af (f aj ag aa)
------------------------------------------------------------
A (v (B x z an) ak) n an c (C u (D (j ae (ab c p t (E ae ab z (j h o F n G (o v (r ah m ah) i) z o))) j (H aj) ad m z o (I z)) al g d n (g n e (J am k) ae i) af (K L M e (N O p) k (x l ai P (ad ad)) p l d (Q R S c e w T) ae (an U (V z)) am an ai W ab X g Y e al am)))
A (ac u aj aj s (B x z an) k c q af f s) n an c (C u (D (j ae (ab c p t (E ae ab z (j h o F n G (o v (r ah m ah) i) z o))) j (H aj) ad m z o (I z)) al g d n (g n e (J am k) ae i) af (K L M e (N O p) k (x l ai P (ad ad)) p l d (Q R S c e w T) ae (an U (V z)) am an ai W ab X g Y e al am)))
A (e d am v ad o z v h s af s aj (B x z an) k c q af f s) n an c (C u (D (j ae (ab c p t (E ae ab z (j h o F n G (o v (r ah m ah) i) z o))) j (H aj) ad m z o (I z)) al g d n (g n e (J am k) ae i) af (K L M e (N O p) k (x l ai P (ad ad)) p l d (Q R S c e w T) ae (an U (V z)) am an ai W ab X g Y e al am)))
A (k v ab x f r d v ae ad o z v h s af s aj (B x z an) k c q af f s) n an c (C u (D (j ae (ab c p t (E ae ab z (j h o F n G (o v (r ah m ah) i) z o))) j (H aj) ad m z o (I z)) al g d n (g n e (J am k) ae i) af (K L M e (N O p) k (x l ai P (ad ad)) p l d (Q R S c e w T) ae (an U (V z)) am an ai W ab X g Y e al am)))
A (r s b v ae ad o z v h s af s aj (B x z an) k c q af f s) n an c (C u (D (j ae (ab c p t (E ae ab z (j h o F n G (o v (r ah m ah) i) z o))) j (H aj) ad m z o (I z)) al g d n (g n e (J am k) ae i) af (K L M e (N O p) k (x l ai P (ad ad)) p l d (Q R S c e w T) ae (an U (V z)) am an ai W ab X g Y e al am)))
A (t af s x u aj af (ae l ad) o z v h s af s aj (B x z an) k c q af f s) n an c (C u (D (j ae (ab c p t (E ae ab z (j h o F n G (o v (r ah m ah) i) z o))) j (H aj) ad m z o (I z)) al g d n (g n e (J am k) ae i) af (K L M e (N O p) k (x l ai P (ad ad)) p l d (Q R S c e w T) ae (an U (V z)) am an ai W ab X g Y e al am)))
A (r aj ag (an aa ad) o z v h s af s aj (B x z an) k c q af f s) n an c (C u (D (j ae (ab c p t (E ae ab z (j h o F n G (o v (r ah m ah) i) z o))) j (H aj) ad m z o (I z)) al g d n (g n e (J am k) ae i) af (K L M e (N O p) k (x l ai P (ad ad)) p l d (Q R S c e w T) ae (an U (V z)) am an ai W ab X g Y e al am)))
A (t af s x u aj af (o l ad) v h s af s aj (B x z an) k c q af f s) n an c (C u (D (j ae (ab c p t (E ae ab z (j h o F n G (o v (r ah m ah) i) z o))) j (H aj) ad m z o (I z)) al g d n (g n e (J am k) ae i) af (K L M e (N O p) k (x l ai P (ad ad)) p l d (Q R S c e w T) ae (an U (V z)) am an ai W ab X g Y e al am)))
A (r aj ag (an aa ad) v h s af s aj (B x z an) k c q af f s) n an c (C u (D (j ae (ab c p t (E ae ab z (j h o F n G (o v (r ah m ah) i) z o))) j (H aj) ad m z o (I z)) al g d n (g n e (J am k) ae i) af (K L M e (N O p) k (x l ai P (ad ad)) p l d (Q R S c e w T) ae (an U (V z)) am an ai W ab X g Y e al am)))
A (t af s x u aj af (v l ad) s af s aj (B x z an) k c q af f s) n an c (C u (D (j ae (ab c p t (E ae ab z (j h o F n G (o v (r ah m ah) i) z o))) j (H aj) ad m z o (I z)) al g d n (g n e (J am k) ae i) af (K L M e (N O p) k (x l ai P (ad ad)) p l d (Q R S c e w T) ae (an U (V z)) am an ai W ab X g Y e al am)))
A (r aj ag (an aa ad) s af s aj (B x z an) k c q af f s) n an c (C u (D (j ae (ab c p t (E ae ab z (j h o F n G (o v (r ah m ah) i) z o))) j (H aj) ad m z o (I z)) al g d n (g n e (J am k) ae i) af (K L M e (N O p) k (x l ai P (ad ad)) p l d (Q R S c e w T) ae (an U (V z)) am an ai W ab X g Y e al am)))
A (t af s x u aj af (s l ad) s aj (B x z an) k c q af f s) n an c (C u (D (j ae (ab c p t (E ae ab z (j h o F n G (o v (r ah m ah) i) z o))) j (H aj) ad m z o (I z)) al g d n (g n e (J am k) ae i) af (K L M e (N O p) k (x l ai P (ad ad)) p l d (Q R S c e w T) ae (an U (V z)) am an ai W ab X g Y e al am)))
A (r aj ag (an aa ad) s aj (B x z an) k c q af f s) n an c (C u (D (j ae (ab c p t (E ae ab z (j h o F n G (o v (r ah m ah) i) z o))) j (H aj) ad m z o (I z)) al g d n (g n e (J am k) ae i) af (K L M e (N O p) k (x l ai P (ad ad)) p l d (Q R S c e w T) ae (an U (V z)) am an ai W ab X g Y e al am)))
A (t af s x u aj af (s l ad) (B x z an) k c q af f s) n an c (C u (D (j ae (ab c p t (E ae ab z (j h o F n G (o v (r ah m ah) i) z o))) j (H aj) ad m z o (I z)) al g d n (g n e (J am k) ae i) af (K L M e (N O p) k (x l ai P (ad ad)) p l d (Q R S c e w T) ae (an U (V z)) am an ai W ab X g Y e al am)))
A (r aj ag (an aa ad) (B x z an) k c q af f s) n an c (C u (D (j ae (ab c p t (E ae ab z (j h o F n G (o v (r ah m ah) i) z o))) j (H aj) ad m z o (I z)) al g d n (g n e (J am k) ae i) af (K L M e (N O p) k (x l ai P (ad ad)) p l d (Q R S c e w T) ae (an U (V z)) am an ai W ab X g Y e al am)))
A (t af s x u aj af (B x z an l ad) c q af f s) n an c (C u (D (j ae (ab c p t (E ae ab z (j h o F n G (o v (r ah m ah) i) z o))) j (H aj) ad m z o (I z)) al g d n (g n e (J am k) ae i) af (K L M e (N O p) k (x l ai P (ad ad)) p l d (Q R S c e w T) ae (an U (V z)) am an ai W ab X g Y e al am)))
A (r aj ag (an aa ad) c q af f s) n an c (C u (D (j ae (ab c p t (E ae ab z (j h o F n G (o v (r ah m ah) i) z o))) j (H aj) ad m z o (I z)) al g d n (g n e (J am k) ae i) af (K L M e (N O p) k (x l ai P (ad ad)) p l d (Q R S c e w T) ae (an U (V z)) am an ai W ab X g Y e al am)))
A (t af s x u aj af (c l ad) af f s) n an c (C u (D (j ae (ab c p t (E ae ab z (j h o F n G (o v (r ah m ah) i) z o))) j (H aj) ad m z o (I z)) al g d n (g n e (J am k) ae i) af (K L M e (N O p) k (x l ai P (ad ad)) p l d (Q R S c e w T) ae (an U (V z)) am an ai W ab X g Y e al am)))
A (r aj ag (an aa ad) af f s) n an c (C u (D (j ae (ab c p t (E ae ab z (j h o F n G (o v (r ah m ah) i) z o))) j (H aj) ad m z o (I z)) al g d n (g n e (J am k) ae i) af (K L M e (N O p) k (x l ai P (ad ad)) p l d (Q R S c e w T) ae (an U (V z)) am an ai W ab X g Y e al am)))
A (t af s x u aj af (af l ad) s) n an c (C u (D (j ae (ab c p t (E ae ab z (j h o F n G (o v (r ah m ah) i) z o))) j (H aj) ad m z o (I z)) al g d n (g n e (J am k) ae i) af (K L M e (N O p) k (x l ai P (ad ad)) p l d (Q R S c e w T) ae (an U (V z)) am an ai W ab X g Y e al am)))
A (r aj ag (an aa ad) s) n an c (C u (D (j ae (ab c p t (E ae ab z (j h o F n G (o v (r ah m ah) i) z o))) j (H aj) ad m z o (I z)) al g d n (g n e (J am k) ae i) af (K L M e (N O p) k (x l ai P (ad ad)) p l d (Q R S c e w T) ae (an U (V z)) am an ai W ab X g Y e al am)))
A (r aj (h y l k i h m z o) (an aa ad) s) n an c (C u (D (j ae (ab c p t (E ae ab z (j h o F n G (o v (r ah m ah) i) z o))) j (H aj) ad m z o (I z)) al g d n (g n e (J am k) ae i) af (K L M e (N O p) k (x l ai P (ad ad)) p l d (Q R S c e w T) ae (an U (V z)) am an ai W ab X g Y e al am)))
A (r aj (b an r b (aj y ad (z ad c k ac a)) y l k i h m z o) (an aa ad) s) n an c (C u (D (j ae (ab c p t (E ae ab z (j h o F n G (o v (r ah m ah) i) z o))) j (H aj) ad m z o (I z)) al g d n (g n e (J am k) ae i) af (K L M e (N O p) k (x l ai P (ad ad)) p l d (Q R S c e w T) ae (an U (V z)) am an ai W ab X g Y e al am)))
A (r aj (ac ae j v l k i h m z o) (an aa ad) s) n an c (C u (D (j ae (ab c p t (E ae ab z (j h o F n G (o v (r ah m ah) i) z o))) j (H aj) ad m z o (I z)) al g d n (g n e (J am k) ae i) af (K L M e (N O p) k (x l ai P (ad ad)) p l d (Q R S c e w T) ae (an U (V z)) am an ai W ab X g Y e al am)))
A (r aj (e d am v ad o z v h l af l v k i h m z o) (an aa ad) s) n an c (C u (D (j ae (ab c p t (E ae ab z (j h o F n G (o v (r ah m ah) i) z o))) j (H aj) ad m z o (I z)) al g d n (g n e (J am k) ae i) af (K L M e (N O p) k (x l ai P (ad ad)) p l d (Q R S c e w T) ae (an U (V z)) am an ai W ab X g Y e al am)))
A (r aj (k v ab x f r d v ae ad o z v h l af l v k i h m z o) (an aa ad) s) n an c (C u (D (j ae (ab c p t (E ae ab z (j h o F n G (o v (r ah m ah) i) z o))) j (H aj) ad m z o (I z)) al g d n (g n e (J am k) ae i) af (K L M e (N O p) k (x l ai P (ad ad)) p l d (Q R S c e w T) ae (an U (V z)) am an ai W ab X g Y e al am)))
A (r aj (r s b v ae ad o z v h l af l v k i h m z o) (an aa ad) s) n an c (C u (D (j ae (ab c p t (E ae ab z (j h o F n G (o v (r ah m ah) i) z o))) j (H aj) ad m z o (I z)) al g d n (g n e (J am k) ae i) af (K L M e (N O p) k (x l ai P (ad ad)) p l d (Q R S c e w T) ae (an U (V z)) am an ai W ab X g Y e al am)))
A (r aj (t af s x u aj af (ae l ad) o z v h l af l v k i h m z o) (an aa ad) s) n an c (C u (D (j ae (ab c p t (E ae ab z (j h o F n G (o v (r ah m ah) i) z o))) j (H aj) ad m z o (I z)) al g d n (g n e (J am k) ae i) af (K L M e (N O p) k (x l ai P (ad ad)) p l d (Q R S c e w T) ae (an U (V z)) am an ai W ab X g Y e al am)))
A (r aj (r aj ag (an aa ad) o z v h l af l v k i h m z o) (an aa ad) s) n an c (C u (D (j ae (ab c p t (E ae ab z (j h o F n G (o v (r ah m ah) i) z o))) j (H aj) ad m z o (I z)) al g d n (g n e (J am k) ae i) af (K L M e (N O p) k (x l ai P (ad ad)) p l d (Q R S c e w T) ae (an U (V z)) am an ai W ab X g Y e al am)))
A (r aj (t af s x u aj af (o l ad) v h l af l v k i h m z o) (an aa ad) s) n an c (C u (D (j ae (ab c p t (E ae ab z (j h o F n G (o v (r ah m ah) i) z o))) j (H aj) ad m z o (I z)) al g d n (g n e (J am k) ae i) af (K L M e (N O p) k (x l ai P (ad ad)) p l d (Q R S c e w T) ae (an U (V z)) am an ai W ab X g Y e al am)))


