a = m g o (w j (l l)) u m
b af ae ag = f t k ae e y
c = l (ac m o x aa) v (aa ab)
d ag af ah ae = p
e af ae = c af i v p t k ae af
f ag ae af = g y ad q ac k e t y
g ag ai af ah ae = i o p f (ai b)
h ae = w e e y z n ae n
i ae = a j z
j ag af ae = ae h ab e g
k ah ag af ai ae = ab aa (v m m n af ai) e
l ag af ae = h m g b b
m ai ag aj af ae ah = w o a ab t ac (r n w)
n ae = s y j (d r e b l s)
o ae ah ag af aj ai = aj
p ae af = aa m u aa (h a ac v)
q ag af ae ah = b (c w (e e) ad t ab c s)
r ag ah ai af ae = o c o
s af ae ah ag = af ac ag ad
t ae af ag ai ah = f d ai ab ah
u ae ag af = c t aa x ac
v ae af = ad d g s j aa
w ae af = u m s af af
x ae = n ae (h o z) h ab o
y = ad ad ad g n k o c x
z ae af = p q p l
aa ai ah af ag ae = o z ad x a e ag f (l m)
ab ag af ae = ae s d
ac ag ae af = s
ad ae = ab
main = z (ab u k) r (A B c k) y w C m ac D z m o E o x u (s (x h a y (ac ad F ad x G) i a (H I (t y (J h g) l) K ab L M w z aa d w N) l O P (Q (R x k s t (s x S) (o b T ab u y) (g h (q U j t r j (V (p x W b) X Y Z ac) t) AA)) h AB v (d l l d i) f k)))
------------------------------------------------------------
z (ab u k) r (A B c k) y w C m ac D z m o E o x u (s (x h a y (ac ad F ad x G) i a (H I (t y (J h g) l) K ab L M w z aa d w N) l O P (Q (R x k s t (s x S) (o b T ab u y) (g h (q U j t r j (V (p x W b) X Y Z ac) t) AA)) h AB v (d l l d i) f k)))
p q p l (A B c k) y w C m ac D z m o E o x u (s (x h a y (ac ad F ad x G) i a (H I (t y (J h g) l) K ab L M w z aa d w N) l O P (Q (R x k s t (s x S) (o b T ab u y) (g h (q U j t r j (V (p x W b) X Y Z ac) t) AA)) h AB v (d l l d i) f k)))
aa m u aa (h a ac v) l (A B c k) y w C m ac D z m o E o x u (s (x h a y (ac ad F ad x G) i a (H I (t y (J h g) l) K ab L M w z aa d w N) l O P (Q (R x k s t (s x S) (o b T ab u y) (g h (q U j t r j (V (p x W b) X Y Z ac) t) AA)) h AB v (d l l d i) f k)))
o z ad x a e (h a ac v) f (l m) (A B c k) y w C m ac D z m o E o x u (s (x h a y (ac ad F ad x G) i a (H I (t y (J h g) l) K ab L M w z aa d w N) l O P (Q (R x k s t (s x S) (o b T ab u y) (g h (q U j t r j (V (p x W b) X Y Z ac) t) AA)) h AB v (d l l d i) f k)))
e f (l m) (A B c k) y w C m ac D z m o E o x u (s (x h a y (ac ad F ad x G) i a (H I (t y (J h g) l) K ab L M w z aa d w N) l O P (Q (R x k s t (s x S) (o b T ab u y) (g h (q U j t r j (V (p x W b) X Y Z ac) t) AA)) h AB v (d l l d i) f k)))
c f i v p t k (l m) f (A B c k) y w C m ac D z m o E o x u (s (x h a y (ac ad F ad x G) i a (H I (t y (J h g) l) K ab L M w z aa d w N) l O P (Q (R x k s t (s x S) (o b T ab u y) (g h (q U j t r j (V (p x W b) X Y Z ac) t) AA)) h AB v (d l l d i) f k)))
l (ac m o x aa) v (aa ab) f i v p t k (l m) f (A B c k) y w C m ac D z m o E o x u (s (x h a y (ac ad F ad x G) i a (H I (t y (J h g) l) K ab L M w z aa d w N) l O P (Q (R x k s t (s x S) (o b T ab u y) (g h (q U j t r j (V (p x W b) X Y Z ac) t) AA)) h AB v (d l l d i) f k)))
h m g b b f i v p t k (l m) f (A B c k) y w C m ac D z m o E o x u (s (x h a y (ac ad F ad x G) i a (H I (t y (J h g) l) K ab L M w z aa d w N) l O P (Q (R x k s t (s x S) (o b T ab u y) (g h (q U j t r j (V (p x W b) X Y Z ac) t) AA)) h AB v (d l l d i) f k)))
w e e y z n m n g b b f i v p t k (l m) f (A B c k) y w C m ac D z m o E o x u (s (x h a y (ac ad F ad x G) i a (H I (t y (J h g) l) K ab L M w z aa d w N) l O P (Q (R x k s t (s x S) (o b T ab u y) (g h (q U j t r j (V (p x W b) X Y Z ac) t) AA)) h AB v (d l l d i) f k)))
u m s e e y z n m n g b b f i v p t k (l m) f (A B c k) y w C m ac D z m o E o x u (s (x h a y (ac ad F ad x G) i a (H I (t y (J h g) l) K ab L M w z aa d w N) l O P (Q (R x k s t (s x S) (o b T ab u y) (g h (q U j t r j (V (p x W b) X Y Z ac) t) AA)) h AB v (d l l d i) f k)))
c t aa x ac e y z n m n g b b f i v p t k (l m) f (A B c k) y w C m ac D z m o E o x u (s (x h a y (ac ad F ad x G) i a (H I (t y (J h g) l) K ab L M w z aa d w N) l O P (Q (R x k s t (s x S) (o b T ab u y) (g h (q U j t r j (V (p x W b) X Y Z ac) t) AA)) h AB v (d l l d i) f k)))
l (ac m o x aa) v (aa ab) t aa x ac e y z n m n g b b f i v p t k (l m) f (A B c k) y w C m ac D z m o E o x u (s (x h a y (ac ad F ad x G) i a (H I (t y (J h g) l) K ab L M w z aa d w N) l O P (Q (R x k s t (s x S) (o b T ab u y) (g h (q U j t r j (V (p x W b) X Y Z ac) t) AA)) h AB v (d l l d i) f k)))
h m g b b t aa x ac e y z n m n g b b f i v p t k (l m) f (A B c k) y w C m ac D z m o E o x u (s (x h a y (ac ad F ad x G) i a (H I (t y (J h g) l) K ab L M w z aa d w N) l O P (Q (R x k s t (s x S) (o b T ab u y) (g h (q U j t r j (V (p x W b) X Y Z ac) t) AA)) h AB v (d l l d i) f k)))
w e e y z n m n g b b t aa x ac e y z n m n g b b f i v p t k (l m) f (A B c k) y w C m ac D z m o E o x u (s (x h a y (ac ad F ad x G) i a (H I (t y (J h g) l) K ab L M w z aa d w N) l O P (Q (R x k s t (s x S) (o b T ab u y) (g h (q U j t r j (V (p x W b) X Y Z ac) t) AA)) h AB v (d l l d i) f k)))
u m s e e y z n m n g b b t aa x ac e y z n m n g b b f i v p t k (l m) f (A B c k) y w C m ac D z m o E o x u (s (x h a y (ac ad F ad x G) i a (H I (t y (J h g) l) K ab L M w z aa d w N) l O P (Q (R x k s t (s x S) (o b T ab u y) (g h (q U j t r j (V (p x W b) X Y Z ac) t) AA)) h AB v (d l l d i) f k)))
c t aa x ac e y z n m n g b b t aa x ac e y z n m n g b b f i v p t k (l m) f (A B c k) y w C m ac D z m o E o x u (s (x h a y (ac ad F ad x G) i a (H I (t y (J h g) l) K ab L M w z aa d w N) l O P (Q (R x k s t (s x S) (o b T ab u y) (g h (q U j t r j (V (p x W b) X Y Z ac) t) AA)) h AB v (d l l d i) f k)))
l (ac m o x aa) v (aa ab) t aa x ac e y z n m n g b b t aa x ac e y z n m n g b b f i v p t k (l m) f (A B c k) y w C m ac D z m o E o x u (s (x h a y (ac ad F ad x G) i a (H I (t y (J h g) l) K ab L M w z aa d w N) l O P (Q (R x k s t (s x S) (o b T ab u y) (g h (q U j t r j (V (p x W b) X Y Z ac) t) AA)) h AB v (d l l d i) f k)))
h m g b b t aa x ac e y z n m n g b b t aa x ac e y z n m n g b b f i v p t k (l m) f (A B c k) y w C m ac D z m o E o x u (s (x h a y (ac ad F ad x G) i a (H I (t y (J h g) l) K ab L M w z aa d w N) l O P (Q (R x k s t (s x S) (o b T ab u y) (g h (q U j t r j (V (p x W b) X Y Z ac) t) AA)) h AB v (d l l d i) f k)))
w e e y z n m n g b b t aa x ac e y z n m n g b b t aa x ac e y z n m n g b b f i v p t k (l m) f (A B c k) y w C m ac D z m o E o x u (s (x h a y (ac ad F ad x G) i a (H I (t y (J h g) l) K ab L M w z aa d w N) l O P (Q (R x k s t (s x S) (o b T ab u y) (g h (q U j t r j (V (p x W b) X Y Z ac) t) AA)) h AB v (d l l d i) f k)))
u m s e e y z n m n g b b t aa x ac e y z n m n g b b t aa x ac e y z n m n g b b f i v p t k (l m) f (A B c k) y w C m ac D z m o E o x u (s (x h a y (ac ad F ad x G) i a (H I (t y (J h g) l) K ab L M w z aa d w N) l O P (Q (R x k s t (s x S) (o b T ab u y) (g h (q U j t r j (V (p x W b) X Y Z ac) t) AA)) h AB v (d l l d i) f k)))
c t aa x ac e y z n m n g b b t aa x ac e y z n m n g b b t aa x ac e y z n m n g b b f i v p t k (l m) f (A B c k) y w C m ac D z m o E o x u (s (x h a y (ac ad F ad x G) i a (H I (t y (J h g) l) K ab L M w z aa d w N) l O P (Q (R x k s t (s x S) (o b T ab u y) (g h (q U j t r j (V (p x W b) X Y Z ac) t) AA)) h AB v (d l l d i) f k)))
l (ac m o x aa) v (aa ab) t aa x ac e y z n m n g b b t aa x ac e y z n m n g b b t aa x ac e y z n m n g b b f i v p t k (l m) f (A B c k) y w C m ac D z m o E o x u (s (x h a y (ac ad F ad x G) i a (H I (t y (J h g) l) K ab L M w z aa d w N) l O P (Q (R x k s t (s x S) (o b T ab u y) (g h (q U j t r j (V (p x W b) X Y Z ac) t) AA)) h AB v (d l l d i) f k)))
h m g b b t aa x ac e y z n m n g b b t aa x ac e y z n m n g b b t aa x ac e y z n m n g b b f i v p t k (l m) f (A B c k) y w C m ac D z m o E o x u (s (x h a y (ac ad F ad x G) i a (H I (t y (J h g) l) K ab L M w z aa d w N) l O P (Q (R x k s t (s x S) (o b T ab u y) (g h (q U j t r j (V (p x W b) X Y Z ac) t) AA)) h AB v (d l l d i) f k)))
w e e y z n m n g b b t aa x ac e y z n m n g b b t aa x ac e y z n m n g b b t aa x ac e y z n m n g b b f i v p t k (l m) f (A B c k) y w C m ac D z m o E o x u (s (x h a y (ac ad F ad x G) i a (H I (t y (J h g) l) K ab L M w z aa d w N) l O P (Q (R x k s t (s x S) (o b T ab u y) (g h (q U j t r j (V (p x W b) X Y Z ac) t) AA)) h AB v (d l l d i) f k)))
u m s e e y z n m n g b b t aa x ac e y z n m n g b b t aa x ac e y z n m n g b b t aa x ac e y z n m n g b b f i v p t k (l m) f (A B c k) y w C m ac D z m o E o x u (s (x h a y (ac ad F ad x G) i a (H I (t y (J h g) l) K ab L M w z aa d w N) l O P (Q (R x k s t (s x S) (o b T ab u y) (g h (q U j t r j (V (p x W b) X Y Z ac) t) AA)) h AB v (d l l d i) f k)))
c t aa x ac e y z n m n g b b t aa x ac e y z n m n g b b t aa x ac e y z n m n g b b t aa x ac e y z n m n g b b f i v p t k (l m) f (A B c k) y w C m ac D z m o E o x u (s (x h a y (ac ad F ad x G) i a (H I (t y (J h g) l) K ab L M w z aa d w N) l O P (Q (R x k s t (s x S) (o b T ab u y) (g h (q U j t r j (V (p x W b) X Y Z ac) t) AA)) h AB v (d l l d i) f k)))
l (ac m o x aa) v (aa ab) t aa x ac e y z n m n g b b t aa x ac e y z n m n g b b t aa x ac e y z n m n g b b t aa x ac e y z n m n g b b f i v p t k (l m) f (A B c k) y w C m ac D z m o E o x u (s (x h a y (ac ad F ad x G) i a (H I (t y (J h g) l) K ab L M w z aa d w N) l O P (Q (R x k s t (s x S) (o b T ab u y) (g h (q U j t r j (V (p x W b) X Y Z ac) t) AA)) h AB v (d l l d i) f k)))
h m g b b t aa x ac e y z n m n g b b t aa x ac e y z n m n g b b t aa x ac e y z n m n g b b t aa x ac e y z n m n g b b f i v p t k (l m) f (A B c k) y w C m ac D z m o E o x u (s (x h a y (ac ad F ad x G) i a (H I (t y (J h g) l) K ab L M w z aa d w N) l O P (Q (R x k s t (s x S) (o b T ab u y) (g h (q U j t r j (V (p x W b) X Y Z ac) t) AA)) h AB v (d l l d i) f k)))
w e e y z n m n g b b t aa x ac e y z n m n g b b t aa x ac e y z n m n g b b t aa x ac e y z n m n g b b t aa x ac e y z n m n g b b f i v p t k (l m) f (A B c k) y w C m ac D z m o E o x u (s (x h a y (ac ad F ad x G) i a (H I (t y (J h g) l) K ab L M w z aa d w N) l O P (Q (R x k s t (s x S) (o b T ab u y) (g h (q U j t r j (V (p x W b) X Y Z ac) t) AA)) h AB v (d l l d i) f k)))
u m s e e y z n m n g b b t aa x ac e y z n m n g b b t aa x ac e y z n m n g b b t aa x ac e y z n m n g b b t aa x ac e y z n m n g b b f i v p t k (l m) f (A B c k) y w C m ac D z m o E o x u (s (x h a y (ac ad F ad x G) i a (H I (t y (J h g) l) K ab L M w z aa d w N) l O P (Q (R x k s t (s x S) (o b T ab u y) (g h (q U j t r j (V (p x W b) X Y Z ac) t) AA)) h AB v (d l l d i) f k)))


