aj ap aq ao at ar = ah i j (aq af)
e aq ao au at ap ar = j p ad (a o)
c ap ar ao aq = i (ao (ag af aq ar ar (w aj af f)))
al ap ar at ao aq = ak j o ae z h aj am
j at ap aq ar ao = l ai c aj (ak u (a u (an ae m ai d)))
l ao aq ap = aq aa am ak r aq ab u (ae f z) ak an
q ao ap aq = ai aj (x v n) ab
ae ar ao ap at aq = ap aq r ad d i w ao
g ao = ai (v u a r af (u al af ae ao))
m ar at ap aq ao = b k
ad = o ac w (h n b) t (p am) v t
ak ao ap = w z ai (ap q v o ao i ab s ah)
u ap ao aq = v am k (n r n ab t)
ab at ar au aq ao ap av = c n ai ak (i ah i) (ac w) (y j)
main = A (B e) x h p C D ag v b E d ab m F aa j af o o (G ai m H ae j) d I J a K q L aj n (o m) M (q ag t u (N O (o af s (P Q n ak (h (R m ag o S ac (T f af ab) am ah d e n am h h U af) (V W X Y n y) ad) (am (Z AA AB ai) u) AC al an aj (ak AD AE aj p) al AF ai) ac a)))
a = p (r p) am (j o)
ag ap ar at au av aq ao = b q x ad i a aa j ae ai aa ah p
an ap aq at ao au ar = j q am ad ap ab q x
i av ap at au ar ao aq = e u ar l a k av ak au a m
ah = i w q ae al ai af
aa au av at ar aq ap ao = o q ak v i (ar u (aj ak an) d a x)
z ao = ad (w al d)
ai ar at ap ao av au aq = ap c ao l ae m
v ao ap = u al ao d ao (q ag q ao i al) (ah x)
n ap ao aq = ae q (ao (s c) t p (ab u aq))
x aq ar ap ao = e ao aq (z a ad t h v aj aq)
f aq ar ap ao = ac ab
t ap ao = ak ap ae a ak (f am) h r y o ap ad
h ar av at ao au aq ap = ak z i p ah
ac ao = e x i ai ak (d n) (al k d) p
y aq ao ar ap = i ao t (u o l aj)
o av ao au ar ap aq at = aj am r an (v ap k)
b ap aq ar ao = o v af k ak m z g v p
d = n am (t s p f) ak g ab am aj r
am ao ap = q (aa n ad) m a aa s u al n f
k ao ar ap at au aq av = g ai p ab (ag at i (v x) u) an ap
p aq at ap ao ar = h ai aq (ar ad i) ae aj g an
w aq ap at au ao ar = at g e o r aa al k ag af
af ao at ap aq au ar = u (d ah (ad w l m m a) aj)
r aq ap ao = n d ao ab (m am aq) g
s ao = e p n r aj m g al
------------------------------------------------------------
A (B e) x h p C D ag v b E d ab m F aa j af o o (G ai m H ae j) d I J a K q L aj n (o m) M (q ag t u (N O (o af s (P Q n ak (h (R m ag o S ac (T f af ab) am ah d e n am h h U af) (V W X Y n y) ad) (am (Z AA AB ai) u) AC al an aj (ak AD AE aj p) al AF ai) ac a)))
A (B e) x h p C D ag v b E (n am (t s p f) ak g ab am aj r) ab m F aa j af o o (G ai m H ae j) d I J a K q L aj n (o m) M (q ag t u (N O (o af s (P Q n ak (h (R m ag o S ac (T f af ab) am ah d e n am h h U af) (V W X Y n y) ad) (am (Z AA AB ai) u) AC al an aj (ak AD AE aj p) al AF ai) ac a)))
A (B e) x h p C D ag v b E (ae q (t s p f (s c) t p (ab u ak)) g ab am aj r) ab m F aa j af o o (G ai m H ae j) d I J a K q L aj n (o m) M (q ag t u (N O (o af s (P Q n ak (h (R m ag o S ac (T f af ab) am ah d e n am h h U af) (V W X Y n y) ad) (am (Z AA AB ai) u) AC al an aj (ak AD AE aj p) al AF ai) ac a)))
A (B e) x h p C D ag v b E (g am r ad d i w (t s p f (s c) t p (ab u ak)) aj r) ab m F aa j af o o (G ai m H ae j) d I J a K q L aj n (o m) M (q ag t u (N O (o af s (P Q n ak (h (R m ag o S ac (T f af ab) am ah d e n am h h U af) (V W X Y n y) ad) (am (Z AA AB ai) u) AC al an aj (ak AD AE aj p) al AF ai) ac a)))
A (B e) x h p C D ag v b E (ai (v u a r af (u al af ae am)) r ad d i w (t s p f (s c) t p (ab u ak)) aj r) ab m F aa j af o o (G ai m H ae j) d I J a K q L aj n (o m) M (q ag t u (N O (o af s (P Q n ak (h (R m ag o S ac (T f af ab) am ah d e n am h h U af) (V W X Y n y) ad) (am (Z AA AB ai) u) AC al an aj (ak AD AE aj p) al AF ai) ac a)))
A (B e) x h p C D ag v b E (ad c d l ae m aj r) ab m F aa j af o o (G ai m H ae j) d I J a K q L aj n (o m) M (q ag t u (N O (o af s (P Q n ak (h (R m ag o S ac (T f af ab) am ah d e n am h h U af) (V W X Y n y) ad) (am (Z AA AB ai) u) AC al an aj (ak AD AE aj p) al AF ai) ac a)))
A (B e) x h p C D ag v b E (o ac w (h n b) t (p am) v t c d l ae m aj r) ab m F aa j af o o (G ai m H ae j) d I J a K q L aj n (o m) M (q ag t u (N O (o af s (P Q n ak (h (R m ag o S ac (T f af ab) am ah d e n am h h U af) (V W X Y n y) ad) (am (Z AA AB ai) u) AC al an aj (ak AD AE aj p) al AF ai) ac a)))
A (B e) x h p C D ag v b E (aj am r an (v (p am) k) c d l ae m aj r) ab m F aa j af o o (G ai m H ae j) d I J a K q L aj n (o m) M (q ag t u (N O (o af s (P Q n ak (h (R m ag o S ac (T f af ab) am ah d e n am h h U af) (V W X Y n y) ad) (am (Z AA AB ai) u) AC al an aj (ak AD AE aj p) al AF ai) ac a)))
A (B e) x h p C D ag v b E (ah i j (r af) d l ae m aj r) ab m F aa j af o o (G ai m H ae j) d I J a K q L aj n (o m) M (q ag t u (N O (o af s (P Q n ak (h (R m ag o S ac (T f af ab) am ah d e n am h h U af) (V W X Y n y) ad) (am (Z AA AB ai) u) AC al an aj (ak AD AE aj p) al AF ai) ac a)))
A (B e) x h p C D ag v b E (i w q ae al ai af i j (r af) d l ae m aj r) ab m F aa j af o o (G ai m H ae j) d I J a K q L aj n (o m) M (q ag t u (N O (o af s (P Q n ak (h (R m ag o S ac (T f af ab) am ah d e n am h h U af) (V W X Y n y) ad) (am (Z AA AB ai) u) AC al an aj (ak AD AE aj p) al AF ai) ac a)))
A (B e) x h p C D ag v b E (e u ai l a k w ak al a m j (r af) d l ae m aj r) ab m F aa j af o o (G ai m H ae j) d I J a K q L aj n (o m) M (q ag t u (N O (o af s (P Q n ak (h (R m ag o S ac (T f af ab) am ah d e n am h h U af) (V W X Y n y) ad) (am (Z AA AB ai) u) AC al an aj (ak AD AE aj p) al AF ai) ac a)))
A (B e) x h p C D ag v b E (j p ad (a o) ak al a m j (r af) d l ae m aj r) ab m F aa j af o o (G ai m H ae j) d I J a K q L aj n (o m) M (q ag t u (N O (o af s (P Q n ak (h (R m ag o S ac (T f af ab) am ah d e n am h h U af) (V W X Y n y) ad) (am (Z AA AB ai) u) AC al an aj (ak AD AE aj p) al AF ai) ac a)))
A (B e) x h p C D ag v b E (l ai c aj (ak u (a u (an ae m ai d))) a m j (r af) d l ae m aj r) ab m F aa j af o o (G ai m H ae j) d I J a K q L aj n (o m) M (q ag t u (N O (o af s (P Q n ak (h (R m ag o S ac (T f af ab) am ah d e n am h h U af) (V W X Y n y) ad) (am (Z AA AB ai) u) AC al an aj (ak AD AE aj p) al AF ai) ac a)))
A (B e) x h p C D ag v b E (c aa am ak r c ab u (ae f z) ak an (ak u (a u (an ae m ai d))) a m j (r af) d l ae m aj r) ab m F aa j af o o (G ai m H ae j) d I J a K q L aj n (o m) M (q ag t u (N O (o af s (P Q n ak (h (R m ag o S ac (T f af ab) am ah d e n am h h U af) (V W X Y n y) ad) (am (Z AA AB ai) u) AC al an aj (ak AD AE aj p) al AF ai) ac a)))
A (B e) x h p C D ag v b E (i (ak (ag af r am am (w aj af f))) c ab u (ae f z) ak an (ak u (a u (an ae m ai d))) a m j (r af) d l ae m aj r) ab m F aa j af o o (G ai m H ae j) d I J a K q L aj n (o m) M (q ag t u (N O (o af s (P Q n ak (h (R m ag o S ac (T f af ab) am ah d e n am h h U af) (V W X Y n y) ad) (am (Z AA AB ai) u) AC al an aj (ak AD AE aj p) al AF ai) ac a)))
A (B e) x h p C D ag v b E (e u (ae f z) l a k (ak (ag af r am am (w aj af f))) ak u a m (ak u (a u (an ae m ai d))) a m j (r af) d l ae m aj r) ab m F aa j af o o (G ai m H ae j) d I J a K q L aj n (o m) M (q ag t u (N O (o af s (P Q n ak (h (R m ag o S ac (T f af ab) am ah d e n am h h U af) (V W X Y n y) ad) (am (Z AA AB ai) u) AC al an aj (ak AD AE aj p) al AF ai) ac a)))
A (B e) x h p C D ag v b E (j p ad (a o) ak u a m (ak u (a u (an ae m ai d))) a m j (r af) d l ae m aj r) ab m F aa j af o o (G ai m H ae j) d I J a K q L aj n (o m) M (q ag t u (N O (o af s (P Q n ak (h (R m ag o S ac (T f af ab) am ah d e n am h h U af) (V W X Y n y) ad) (am (Z AA AB ai) u) AC al an aj (ak AD AE aj p) al AF ai) ac a)))
A (B e) x h p C D ag v b E (l ai c aj (ak u (a u (an ae m ai d))) a m (ak u (a u (an ae m ai d))) a m j (r af) d l ae m aj r) ab m F aa j af o o (G ai m H ae j) d I J a K q L aj n (o m) M (q ag t u (N O (o af s (P Q n ak (h (R m ag o S ac (T f af ab) am ah d e n am h h U af) (V W X Y n y) ad) (am (Z AA AB ai) u) AC al an aj (ak AD AE aj p) al AF ai) ac a)))
A (B e) x h p C D ag v b E (c aa am ak r c ab u (ae f z) ak an (ak u (a u (an ae m ai d))) a m (ak u (a u (an ae m ai d))) a m j (r af) d l ae m aj r) ab m F aa j af o o (G ai m H ae j) d I J a K q L aj n (o m) M (q ag t u (N O (o af s (P Q n ak (h (R m ag o S ac (T f af ab) am ah d e n am h h U af) (V W X Y n y) ad) (am (Z AA AB ai) u) AC al an aj (ak AD AE aj p) al AF ai) ac a)))
A (B e) x h p C D ag v b E (i (ak (ag af r am am (w aj af f))) c ab u (ae f z) ak an (ak u (a u (an ae m ai d))) a m (ak u (a u (an ae m ai d))) a m j (r af) d l ae m aj r) ab m F aa j af o o (G ai m H ae j) d I J a K q L aj n (o m) M (q ag t u (N O (o af s (P Q n ak (h (R m ag o S ac (T f af ab) am ah d e n am h h U af) (V W X Y n y) ad) (am (Z AA AB ai) u) AC al an aj (ak AD AE aj p) al AF ai) ac a)))
A (B e) x h p C D ag v b E (e u (ae f z) l a k (ak (ag af r am am (w aj af f))) ak u a m (ak u (a u (an ae m ai d))) a m (ak u (a u (an ae m ai d))) a m j (r af) d l ae m aj r) ab m F aa j af o o (G ai m H ae j) d I J a K q L aj n (o m) M (q ag t u (N O (o af s (P Q n ak (h (R m ag o S ac (T f af ab) am ah d e n am h h U af) (V W X Y n y) ad) (am (Z AA AB ai) u) AC al an aj (ak AD AE aj p) al AF ai) ac a)))
A (B e) x h p C D ag v b E (j p ad (a o) ak u a m (ak u (a u (an ae m ai d))) a m (ak u (a u (an ae m ai d))) a m j (r af) d l ae m aj r) ab m F aa j af o o (G ai m H ae j) d I J a K q L aj n (o m) M (q ag t u (N O (o af s (P Q n ak (h (R m ag o S ac (T f af ab) am ah d e n am h h U af) (V W X Y n y) ad) (am (Z AA AB ai) u) AC al an aj (ak AD AE aj p) al AF ai) ac a)))
A (B e) x h p C D ag v b E (l ai c aj (ak u (a u (an ae m ai d))) a m (ak u (a u (an ae m ai d))) a m (ak u (a u (an ae m ai d))) a m j (r af) d l ae m aj r) ab m F aa j af o o (G ai m H ae j) d I J a K q L aj n (o m) M (q ag t u (N O (o af s (P Q n ak (h (R m ag o S ac (T f af ab) am ah d e n am h h U af) (V W X Y n y) ad) (am (Z AA AB ai) u) AC al an aj (ak AD AE aj p) al AF ai) ac a)))
A (B e) x h p C D ag v b E (c aa am ak r c ab u (ae f z) ak an (ak u (a u (an ae m ai d))) a m (ak u (a u (an ae m ai d))) a m (ak u (a u (an ae m ai d))) a m j (r af) d l ae m aj r) ab m F aa j af o o (G ai m H ae j) d I J a K q L aj n (o m) M (q ag t u (N O (o af s (P Q n ak (h (R m ag o S ac (T f af ab) am ah d e n am h h U af) (V W X Y n y) ad) (am (Z AA AB ai) u) AC al an aj (ak AD AE aj p) al AF ai) ac a)))
A (B e) x h p C D ag v b E (i (ak (ag af r am am (w aj af f))) c ab u (ae f z) ak an (ak u (a u (an ae m ai d))) a m (ak u (a u (an ae m ai d))) a m (ak u (a u (an ae m ai d))) a m j (r af) d l ae m aj r) ab m F aa j af o o (G ai m H ae j) d I J a K q L aj n (o m) M (q ag t u (N O (o af s (P Q n ak (h (R m ag o S ac (T f af ab) am ah d e n am h h U af) (V W X Y n y) ad) (am (Z AA AB ai) u) AC al an aj (ak AD AE aj p) al AF ai) ac a)))
A (B e) x h p C D ag v b E (e u (ae f z) l a k (ak (ag af r am am (w aj af f))) ak u a m (ak u (a u (an ae m ai d))) a m (ak u (a u (an ae m ai d))) a m (ak u (a u (an ae m ai d))) a m j (r af) d l ae m aj r) ab m F aa j af o o (G ai m H ae j) d I J a K q L aj n (o m) M (q ag t u (N O (o af s (P Q n ak (h (R m ag o S ac (T f af ab) am ah d e n am h h U af) (V W X Y n y) ad) (am (Z AA AB ai) u) AC al an aj (ak AD AE aj p) al AF ai) ac a)))
A (B e) x h p C D ag v b E (j p ad (a o) ak u a m (ak u (a u (an ae m ai d))) a m (ak u (a u (an ae m ai d))) a m (ak u (a u (an ae m ai d))) a m j (r af) d l ae m aj r) ab m F aa j af o o (G ai m H ae j) d I J a K q L aj n (o m) M (q ag t u (N O (o af s (P Q n ak (h (R m ag o S ac (T f af ab) am ah d e n am h h U af) (V W X Y n y) ad) (am (Z AA AB ai) u) AC al an aj (ak AD AE aj p) al AF ai) ac a)))
A (B e) x h p C D ag v b E (l ai c aj (ak u (a u (an ae m ai d))) a m (ak u (a u (an ae m ai d))) a m (ak u (a u (an ae m ai d))) a m (ak u (a u (an ae m ai d))) a m j (r af) d l ae m aj r) ab m F aa j af o o (G ai m H ae j) d I J a K q L aj n (o m) M (q ag t u (N O (o af s (P Q n ak (h (R m ag o S ac (T f af ab) am ah d e n am h h U af) (V W X Y n y) ad) (am (Z AA AB ai) u) AC al an aj (ak AD AE aj p) al AF ai) ac a)))
A (B e) x h p C D ag v b E (c aa am ak r c ab u (ae f z) ak an (ak u (a u (an ae m ai d))) a m (ak u (a u (an ae m ai d))) a m (ak u (a u (an ae m ai d))) a m (ak u (a u (an ae m ai d))) a m j (r af) d l ae m aj r) ab m F aa j af o o (G ai m H ae j) d I J a K q L aj n (o m) M (q ag t u (N O (o af s (P Q n ak (h (R m ag o S ac (T f af ab) am ah d e n am h h U af) (V W X Y n y) ad) (am (Z AA AB ai) u) AC al an aj (ak AD AE aj p) al AF ai) ac a)))
A (B e) x h p C D ag v b E (i (ak (ag af r am am (w aj af f))) c ab u (ae f z) ak an (ak u (a u (an ae m ai d))) a m (ak u (a u (an ae m ai d))) a m (ak u (a u (an ae m ai d))) a m (ak u (a u (an ae m ai d))) a m j (r af) d l ae m aj r) ab m F aa j af o o (G ai m H ae j) d I J a K q L aj n (o m) M (q ag t u (N O (o af s (P Q n ak (h (R m ag o S ac (T f af ab) am ah d e n am h h U af) (V W X Y n y) ad) (am (Z AA AB ai) u) AC al an aj (ak AD AE aj p) al AF ai) ac a)))


