aj ap ao ar aq an y g m ap s aa h
v ao ao w t a i u
m ap aq ao ae (j aa ao al q)
f aq ao ap ab (x aa ad aa) af ah ak p ao
aa ar ap aq ao c aq q
o ap ao aq z y ah ae b n ak
main ae (am f f z) c A ai (B (h w) t) ah C D (aj ae) (e v (n ab E (F x h) G b) (u h t g)) H p (e c (I z an v ae o J) ag) K L k d M j (N (O (P (x (al aa) am o (Q p w R)) ai c d z r y S ak j ad) (T (U n ad (V W ah X ad ah ab (Y (a Z AA t (AB al aj e an s) AC AD) AE l f z AF))))))
h ar aq au ao at ap ap k q ac ar ac (ac i o t) (al u)
s ap ar aq au av at ao m f av c a a b (am an af e z ad)
ac j aa (i w) d l b (g i t f k)
u ao ap ar aq al (w (an k) ap aq) a
l ao af ad (ao ao) c ao k (ao s) x
w au av aq at ap ar ao ao ah i ap (ai q o ak (v q x))
b ao at ar ap aq ar (ao ae ag af) y (h ai) d
af ao au ap at aq ar aa w u d k w n g aa b
c h (q ah aj) s ag u f ae
ae ao au aq ar at ap al h g p m r
ag ao ap au at ar aq o v t ai
ad ao ag p ah
n av ar ao aq au at ap ad p ac l (l aq)
an at av aq ap ar ao au g s o (s x a)
am aq ap ao ae i t b z an
i at ao ar ap aq o n j al ai
k ap av at ao aq ar au z ap
r ap aq ao at ar i ab aj ag k v z an (aa u) e
ab ap ao r w
q ap ao ar aq ao s (k a) d e ae w t
j y (a u (c a f (o y) ah) al) b
ak ar at ap av au aq ao aa f w o ac i x
g h (al (aj ac t ak) al) v f y v y
al av ao au at aq ar ap z c (b ab (u aq (t r ag e)))
ai ar ap aq ao e (al h) u (y ag u g)
y ap aq ao at ar au q h x
a ar ao aq ap c v t aa af af l ae
t ao aq ap d ac ac (w am u) ae an ak am ap
d aq ar ao ap m (f (ak af q a ac))
ah aq at ar ao au av ap g q ab q x y q
x ap au at ao ar aq g o (y s g w m af (au aj ag y))
e ap aq ao y d (t o ak c aa) x aa ae af o a
p aq ao ap u (c s (ai aq) (m m) ag an an x)
z ap ao aq ak (l e) (p i h ac)
------------------------------------------------------------
ae (am f f z) c A ai (B (h w) t) ah C D (aj ae) (e v (n ab E (F x h) G b) (u h t g)) H p (e c (I z an v ae o J) ag) K L k d M j (N (O (P (x (al aa) am o (Q p w R)) ai c d z r y S ak j ad) (T (U n ad (V W ah X ad ah ab (Y (a Z AA t (AB al aj e an s) AC AD) AE l f z AF))))))
al h g p m r C D (aj ae) (e v (n ab E (F x h) G b) (u h t g)) H p (e c (I z an v ae o J) ag) K L k d M j (N (O (P (x (al aa) am o (Q p w R)) ai c d z r y S ak j ad) (T (U n ad (V W ah X ad ah ab (Y (a Z AA t (AB al aj e an s) AC AD) AE l f z AF))))))
z c (b ab (u r (t r ag e))) (aj ae) (e v (n ab E (F x h) G b) (u h t g)) H p (e c (I z an v ae o J) ag) K L k d M j (N (O (P (x (al aa) am o (Q p w R)) ai c d z r y S ak j ad) (T (U n ad (V W ah X ad ah ab (Y (a Z AA t (AB al aj e an s) AC AD) AE l f z AF))))))
ak (l e) (p i h ac) (e v (n ab E (F x h) G b) (u h t g)) H p (e c (I z an v ae o J) ag) K L k d M j (N (O (P (x (al aa) am o (Q p w R)) ai c d z r y S ak j ad) (T (U n ad (V W ah X ad ah ab (Y (a Z AA t (AB al aj e an s) AC AD) AE l f z AF))))))
aa f w o ac i x L k d M j (N (O (P (x (al aa) am o (Q p w R)) ai c d z r y S ak j ad) (T (U n ad (V W ah X ad ah ab (Y (a Z AA t (AB al aj e an s) AC AD) AE l f z AF))))))
c o q i x L k d M j (N (O (P (x (al aa) am o (Q p w R)) ai c d z r y S ak j ad) (T (U n ad (V W ah X ad ah ab (Y (a Z AA t (AB al aj e an s) AC AD) AE l f z AF))))))
h (q ah aj) s ag u f ae o q i x L k d M j (N (O (P (x (al aa) am o (Q p w R)) ai c d z r y S ak j ad) (T (U n ad (V W ah X ad ah ab (Y (a Z AA t (AB al aj e an s) AC AD) AE l f z AF))))))
ae k q ac (q ah aj) ac (ac i o t) (al u) o q i x L k d M j (N (O (P (x (al aa) am o (Q p w R)) ai c d z r y S ak j ad) (T (U n ad (V W ah X ad ah ab (Y (a Z AA t (AB al aj e an s) AC AD) AE l f z AF))))))
al h g p m r (al u) o q i x L k d M j (N (O (P (x (al aa) am o (Q p w R)) ai c d z r y S ak j ad) (T (U n ad (V W ah X ad ah ab (Y (a Z AA t (AB al aj e an s) AC AD) AE l f z AF))))))
z c (b ab (u r (t r ag e))) q i x L k d M j (N (O (P (x (al aa) am o (Q p w R)) ai c d z r y S ak j ad) (T (U n ad (V W ah X ad ah ab (Y (a Z AA t (AB al aj e an s) AC AD) AE l f z AF))))))
ak (l e) (p i h ac) i x L k d M j (N (O (P (x (al aa) am o (Q p w R)) ai c d z r y S ak j ad) (T (U n ad (V W ah X ad ah ab (Y (a Z AA t (AB al aj e an s) AC AD) AE l f z AF))))))
aa f w o ac i x M j (N (O (P (x (al aa) am o (Q p w R)) ai c d z r y S ak j ad) (T (U n ad (V W ah X ad ah ab (Y (a Z AA t (AB al aj e an s) AC AD) AE l f z AF))))))
c o q i x M j (N (O (P (x (al aa) am o (Q p w R)) ai c d z r y S ak j ad) (T (U n ad (V W ah X ad ah ab (Y (a Z AA t (AB al aj e an s) AC AD) AE l f z AF))))))
h (q ah aj) s ag u f ae o q i x M j (N (O (P (x (al aa) am o (Q p w R)) ai c d z r y S ak j ad) (T (U n ad (V W ah X ad ah ab (Y (a Z AA t (AB al aj e an s) AC AD) AE l f z AF))))))
ae k q ac (q ah aj) ac (ac i o t) (al u) o q i x M j (N (O (P (x (al aa) am o (Q p w R)) ai c d z r y S ak j ad) (T (U n ad (V W ah X ad ah ab (Y (a Z AA t (AB al aj e an s) AC AD) AE l f z AF))))))
al h g p m r (al u) o q i x M j (N (O (P (x (al aa) am o (Q p w R)) ai c d z r y S ak j ad) (T (U n ad (V W ah X ad ah ab (Y (a Z AA t (AB al aj e an s) AC AD) AE l f z AF))))))
z c (b ab (u r (t r ag e))) q i x M j (N (O (P (x (al aa) am o (Q p w R)) ai c d z r y S ak j ad) (T (U n ad (V W ah X ad ah ab (Y (a Z AA t (AB al aj e an s) AC AD) AE l f z AF))))))
ak (l e) (p i h ac) i x M j (N (O (P (x (al aa) am o (Q p w R)) ai c d z r y S ak j ad) (T (U n ad (V W ah X ad ah ab (Y (a Z AA t (AB al aj e an s) AC AD) AE l f z AF))))))
aa f w o ac i x
c o q i x
h (q ah aj) s ag u f ae o q i x
ae k q ac (q ah aj) ac (ac i o t) (al u) o q i x
al h g p m r (al u) o q i x
z c (b ab (u r (t r ag e))) q i x
ak (l e) (p i h ac) i x
ak (af ad (e e) c e k (e s) x) (p i h ac) i x
ak (aa w u d k w n g aa b x) (p i h ac) i x
ak (c d q w n g aa b x) (p i h ac) i x
ak (h (q ah aj) s ag u f ae d q w n g aa b x) (p i h ac) i x
ak (ae k q ac (q ah aj) ac (ac i o t) (al u) d q w n g aa b x) (p i h ac) i x


