y ap ar aq ao = ab an k d q w ar m z
z aq ap ar ao av at au = af (r q (av (j b av i) n) x r ab)
ab aq ar ao ap at = at am i (o m) (ar aj (ad e at))
ag ap au ao at ar aq = x ac u aj y (af (g aq) ad d)
ae aq ap ao = ak (z u af ac z j u ab f)
o = j g (l f v aa (am a) c u)
t ao = ac z ag ao ac af o y h s (ab h af)
q ap ao = o h aa ad n (a ac ao ac af m p h)
s au ar ao av at aq ap = p o b b ab q y aa ad am c t
ad = f an q o k ae u (ah h s m)
h av aq au ap ao at ar = q ah s ae a (d af i k s)
m ao ap aq = p al p
x ap ar ao aq = s q y ac ao (ah w am d r ac)
ak ao ap aq = q
al ap ar ao aq = an q p ab s p ae k s c w
an at au ap ao ar aq av = d l (d (f z) c) h
aj = al d n (a k s w)
am ao = ao u aa ao h ae (ac b (h g d))
l ao = ab t ac u
j ao ap = t l c
af au ar aq ao ap at = ah m aq e ad q b o q o ag ah
i = af o e (q d k z v z e (aa v af))
ah = e t ae j j q af ad (al v q e) ai
f aq ap ar ao = b d ao
a at ap ao aq au ar av = g r (f ah (aa at (f k r p at p b)))
d aq ao av ap at ar au = ah k
c ao = ao am (ao d (aa (w (ah (ab ai k i v ao)))))
ac at ar au ao ap aq = i j s (ae (ad k t) (al n a) aj p ah)
main = A (B C af a) D q o aj z E F G (H I f) (aj J) K (L n l (M N (O P (g (ag aj aa n Q R (c f af S h p l g (ag aj ak ab y) k) al) (al v (k (T (U V x r a ai y W ad X) (c l z k (Y Z s ak h AA j aa z f f d (AB AC v p b a s v ai AD aa j AE) ad ab v) ai) j a z) AF)) c))))
v aq ar at ao ap = o ah z b ab z ah af j ab e y r
u ap ao ar aq = e ae v i y al z (ab af) ap an
b ap ao = ap ap ah o ak m ao ak p al
n = q q al r aa a m z q ab ah ak h
aa ao ar aq ap at = g ac b af k
ai ap ao = o ap
r ao = b s ac q (z af p al o i af)
e ap ao = ap h h (o aa ad t am) n af
w ao ap aq = z q o g f am ae (b (i l)) x k e
p ap at ao aq ar = k ap am (aa ak (ab (o aa) k d y z v))
g ao = ao ah e af m
k ar aq ao ap = v g an ar am (c x i j m)
------------------------------------------------------------
A (B C af a) D q o aj z E F G (H I f) (aj J) K (L n l (M N (O P (g (ag aj aa n Q R (c f af S h p l g (ag aj ak ab y) k) al) (al v (k (T (U V x r a ai y W ad X) (c l z k (Y Z s ak h AA j aa z f f d (AB AC v p b a s v ai AD aa j AE) ad ab v) ai) j a z) AF)) c))))
A (B C af a) D q o aj z E F G (H I f) (al d n (a k s w) J) K (L n l (M N (O P (g (ag aj aa n Q R (c f af S h p l g (ag aj ak ab y) k) al) (al v (k (T (U V x r a ai y W ad X) (c l z k (Y Z s ak h AA j aa z f f d (AB AC v p b a s v ai AD aa j AE) ad ab v) ai) j a z) AF)) c))))
A (B C af a) D q o aj z E F G (H I f) (an q p ab s p ae k s c w) K (L n l (M N (O P (g (ag aj aa n Q R (c f af S h p l g (ag aj ak ab y) k) al) (al v (k (T (U V x r a ai y W ad X) (c l z k (Y Z s ak h AA j aa z f f d (AB AC v p b a s v ai AD aa j AE) ad ab v) ai) j a z) AF)) c))))
A (B C af a) D q o aj z E F G (H I f) (d l (d (f z) c) h s c w) K (L n l (M N (O P (g (ag aj aa n Q R (c f af S h p l g (ag aj ak ab y) k) al) (al v (k (T (U V x r a ai y W ad X) (c l z k (Y Z s ak h AA j aa z f f d (AB AC v p b a s v ai AD aa j AE) ad ab v) ai) j a z) AF)) c))))
A (B C af a) D q o aj z E F G (H I f) (d l (d (f z) c) h s c w) K (L n l (M N (O P (ag aj aa n Q R (c f af S h p l g (ag aj ak ab y) k) al ah e af m (al v (k (T (U V x r a ai y W ad X) (c l z k (Y Z s ak h AA j aa z f f d (AB AC v p b a s v ai AD aa j AE) ad ab v) ai) j a z) AF)) c))))
A (B C af a) D q o aj z E F G (H I f) (d l (d (f z) c) h s c w) K (L n l (M N (O P (x ac u aj y (af (g (c f af S h p l g (ag aj ak ab y) k)) ad d) al ah e af m (al v (k (T (U V x r a ai y W ad X) (c l z k (Y Z s ak h AA j aa z f f d (AB AC v p b a s v ai AD aa j AE) ad ab v) ai) j a z) AF)) c))))
A (B C af a) D q o aj z E F G (H I f) (d l (d (f z) c) h s c w) K (L n l (M N (O P (s q y ac aj (ah w am d r ac) (af (g (c f af S h p l g (ag aj ak ab y) k)) ad d) al ah e af m (al v (k (T (U V x r a ai y W ad X) (c l z k (Y Z s ak h AA j aa z f f d (AB AC v p b a s v ai AD aa j AE) ad ab v) ai) j a z) AF)) c))))
A (B C af a) D q o aj z E F G (H I f) (d l (d (f z) c) h s c w) K (L n l (M N (O P (p o b b ab q y aa ad am c t ah e af m (al v (k (T (U V x r a ai y W ad X) (c l z k (Y Z s ak h AA j aa z f f d (AB AC v p b a s v ai AD aa j AE) ad ab v) ai) j a z) AF)) c))))
A (B C af a) D q o aj z E F G (H I f) (d l (d (f z) c) h s c w) K (L n l (M N (O P (k o am (aa ak (ab (o aa) k d y z v)) y aa ad am c t ah e af m (al v (k (T (U V x r a ai y W ad X) (c l z k (Y Z s ak h AA j aa z f f d (AB AC v p b a s v ai AD aa j AE) ad ab v) ai) j a z) AF)) c))))
A (B C af a) D q o aj z E F G (H I f) (d l (d (f z) c) h s c w) K (L n l (M N (O P (v g an o am (c x i j m) aa ad am c t ah e af m (al v (k (T (U V x r a ai y W ad X) (c l z k (Y Z s ak h AA j aa z f f d (AB AC v p b a s v ai AD aa j AE) ad ab v) ai) j a z) AF)) c))))
A (B C af a) D q o aj z E F G (H I f) (d l (d (f z) c) h s c w) K (L n l (M N (O P (o ah z b ab z ah af j ab e y r aa ad am c t ah e af m (al v (k (T (U V x r a ai y W ad X) (c l z k (Y Z s ak h AA j aa z f f d (AB AC v p b a s v ai AD aa j AE) ad ab v) ai) j a z) AF)) c))))
A (B C af a) D q o aj z E F G (H I f) (d l (d (f z) c) h s c w) K (L n l (M N (O P (j g (l f v aa (am a) c u) ah z b ab z ah af j ab e y r aa ad am c t ah e af m (al v (k (T (U V x r a ai y W ad X) (c l z k (Y Z s ak h AA j aa z f f d (AB AC v p b a s v ai AD aa j AE) ad ab v) ai) j a z) AF)) c))))
A (B C af a) D q o aj z E F G (H I f) (d l (d (f z) c) h s c w) K (L n l (M N (O P (t l c ah z b ab z ah af j ab e y r aa ad am c t ah e af m (al v (k (T (U V x r a ai y W ad X) (c l z k (Y Z s ak h AA j aa z f f d (AB AC v p b a s v ai AD aa j AE) ad ab v) ai) j a z) AF)) c))))
A (B C af a) D q o aj z E F G (H I f) (d l (d (f z) c) h s c w) K (L n l (M N (O P (ac z ag l ac af o y h s (ab h af) c ah z b ab z ah af j ab e y r aa ad am c t ah e af m (al v (k (T (U V x r a ai y W ad X) (c l z k (Y Z s ak h AA j aa z f f d (AB AC v p b a s v ai AD aa j AE) ad ab v) ai) j a z) AF)) c))))
A (B C af a) D q o aj z E F G (H I f) (d l (d (f z) c) h s c w) K (L n l (M N (O P (i j s (ae (ad k t) (al n a) aj p ah) y h s (ab h af) c ah z b ab z ah af j ab e y r aa ad am c t ah e af m (al v (k (T (U V x r a ai y W ad X) (c l z k (Y Z s ak h AA j aa z f f d (AB AC v p b a s v ai AD aa j AE) ad ab v) ai) j a z) AF)) c))))
A (B C af a) D q o aj z E F G (H I f) (d l (d (f z) c) h s c w) K (L n l (M N (O P (af o e (q d k z v z e (aa v af)) j s (ae (ad k t) (al n a) aj p ah) y h s (ab h af) c ah z b ab z ah af j ab e y r aa ad am c t ah e af m (al v (k (T (U V x r a ai y W ad X) (c l z k (Y Z s ak h AA j aa z f f d (AB AC v p b a s v ai AD aa j AE) ad ab v) ai) j a z) AF)) c))))
A (B C af a) D q o aj z E F G (H I f) (d l (d (f z) c) h s c w) K (L n l (M N (O P (ah m (q d k z v z e (aa v af)) e ad q b o q o ag ah y h s (ab h af) c ah z b ab z ah af j ab e y r aa ad am c t ah e af m (al v (k (T (U V x r a ai y W ad X) (c l z k (Y Z s ak h AA j aa z f f d (AB AC v p b a s v ai AD aa j AE) ad ab v) ai) j a z) AF)) c))))
A (B C af a) D q o aj z E F G (H I f) (d l (d (f z) c) h s c w) K (L n l (M N (O P (e t ae j j q af ad (al v q e) ai m (q d k z v z e (aa v af)) e ad q b o q o ag ah y h s (ab h af) c ah z b ab z ah af j ab e y r aa ad am c t ah e af m (al v (k (T (U V x r a ai y W ad X) (c l z k (Y Z s ak h AA j aa z f f d (AB AC v p b a s v ai AD aa j AE) ad ab v) ai) j a z) AF)) c))))
A (B C af a) D q o aj z E F G (H I f) (d l (d (f z) c) h s c w) K (L n l (M N (O P (t h h (o aa ad t am) n af j j q af ad (al v q e) ai m (q d k z v z e (aa v af)) e ad q b o q o ag ah y h s (ab h af) c ah z b ab z ah af j ab e y r aa ad am c t ah e af m (al v (k (T (U V x r a ai y W ad X) (c l z k (Y Z s ak h AA j aa z f f d (AB AC v p b a s v ai AD aa j AE) ad ab v) ai) j a z) AF)) c))))
A (B C af a) D q o aj z E F G (H I f) (d l (d (f z) c) h s c w) K (L n l (M N (O P (ac z ag h ac af o y h s (ab h af) h (o aa ad t am) n af j j q af ad (al v q e) ai m (q d k z v z e (aa v af)) e ad q b o q o ag ah y h s (ab h af) c ah z b ab z ah af j ab e y r aa ad am c t ah e af m (al v (k (T (U V x r a ai y W ad X) (c l z k (Y Z s ak h AA j aa z f f d (AB AC v p b a s v ai AD aa j AE) ad ab v) ai) j a z) AF)) c))))
A (B C af a) D q o aj z E F G (H I f) (d l (d (f z) c) h s c w) K (L n l (M N (O P (i j s (ae (ad k t) (al n a) aj p ah) y h s (ab h af) h (o aa ad t am) n af j j q af ad (al v q e) ai m (q d k z v z e (aa v af)) e ad q b o q o ag ah y h s (ab h af) c ah z b ab z ah af j ab e y r aa ad am c t ah e af m (al v (k (T (U V x r a ai y W ad X) (c l z k (Y Z s ak h AA j aa z f f d (AB AC v p b a s v ai AD aa j AE) ad ab v) ai) j a z) AF)) c))))
A (B C af a) D q o aj z E F G (H I f) (d l (d (f z) c) h s c w) K (L n l (M N (O P (af o e (q d k z v z e (aa v af)) j s (ae (ad k t) (al n a) aj p ah) y h s (ab h af) h (o aa ad t am) n af j j q af ad (al v q e) ai m (q d k z v z e (aa v af)) e ad q b o q o ag ah y h s (ab h af) c ah z b ab z ah af j ab e y r aa ad am c t ah e af m (al v (k (T (U V x r a ai y W ad X) (c l z k (Y Z s ak h AA j aa z f f d (AB AC v p b a s v ai AD aa j AE) ad ab v) ai) j a z) AF)) c))))
A (B C af a) D q o aj z E F G (H I f) (d l (d (f z) c) h s c w) K (L n l (M N (O P (ah m (q d k z v z e (aa v af)) e ad q b o q o ag ah y h s (ab h af) h (o aa ad t am) n af j j q af ad (al v q e) ai m (q d k z v z e (aa v af)) e ad q b o q o ag ah y h s (ab h af) c ah z b ab z ah af j ab e y r aa ad am c t ah e af m (al v (k (T (U V x r a ai y W ad X) (c l z k (Y Z s ak h AA j aa z f f d (AB AC v p b a s v ai AD aa j AE) ad ab v) ai) j a z) AF)) c))))
A (B C af a) D q o aj z E F G (H I f) (d l (d (f z) c) h s c w) K (L n l (M N (O P (e t ae j j q af ad (al v q e) ai m (q d k z v z e (aa v af)) e ad q b o q o ag ah y h s (ab h af) h (o aa ad t am) n af j j q af ad (al v q e) ai m (q d k z v z e (aa v af)) e ad q b o q o ag ah y h s (ab h af) c ah z b ab z ah af j ab e y r aa ad am c t ah e af m (al v (k (T (U V x r a ai y W ad X) (c l z k (Y Z s ak h AA j aa z f f d (AB AC v p b a s v ai AD aa j AE) ad ab v) ai) j a z) AF)) c))))
A (B C af a) D q o aj z E F G (H I f) (d l (d (f z) c) h s c w) K (L n l (M N (O P (t h h (o aa ad t am) n af j j q af ad (al v q e) ai m (q d k z v z e (aa v af)) e ad q b o q o ag ah y h s (ab h af) h (o aa ad t am) n af j j q af ad (al v q e) ai m (q d k z v z e (aa v af)) e ad q b o q o ag ah y h s (ab h af) c ah z b ab z ah af j ab e y r aa ad am c t ah e af m (al v (k (T (U V x r a ai y W ad X) (c l z k (Y Z s ak h AA j aa z f f d (AB AC v p b a s v ai AD aa j AE) ad ab v) ai) j a z) AF)) c))))
A (B C af a) D q o aj z E F G (H I f) (d l (d (f z) c) h s c w) K (L n l (M N (O P (ac z ag h ac af o y h s (ab h af) h (o aa ad t am) n af j j q af ad (al v q e) ai m (q d k z v z e (aa v af)) e ad q b o q o ag ah y h s (ab h af) h (o aa ad t am) n af j j q af ad (al v q e) ai m (q d k z v z e (aa v af)) e ad q b o q o ag ah y h s (ab h af) c ah z b ab z ah af j ab e y r aa ad am c t ah e af m (al v (k (T (U V x r a ai y W ad X) (c l z k (Y Z s ak h AA j aa z f f d (AB AC v p b a s v ai AD aa j AE) ad ab v) ai) j a z) AF)) c))))
A (B C af a) D q o aj z E F G (H I f) (d l (d (f z) c) h s c w) K (L n l (M N (O P (i j s (ae (ad k t) (al n a) aj p ah) y h s (ab h af) h (o aa ad t am) n af j j q af ad (al v q e) ai m (q d k z v z e (aa v af)) e ad q b o q o ag ah y h s (ab h af) h (o aa ad t am) n af j j q af ad (al v q e) ai m (q d k z v z e (aa v af)) e ad q b o q o ag ah y h s (ab h af) c ah z b ab z ah af j ab e y r aa ad am c t ah e af m (al v (k (T (U V x r a ai y W ad X) (c l z k (Y Z s ak h AA j aa z f f d (AB AC v p b a s v ai AD aa j AE) ad ab v) ai) j a z) AF)) c))))
A (B C af a) D q o aj z E F G (H I f) (d l (d (f z) c) h s c w) K (L n l (M N (O P (af o e (q d k z v z e (aa v af)) j s (ae (ad k t) (al n a) aj p ah) y h s (ab h af) h (o aa ad t am) n af j j q af ad (al v q e) ai m (q d k z v z e (aa v af)) e ad q b o q o ag ah y h s (ab h af) h (o aa ad t am) n af j j q af ad (al v q e) ai m (q d k z v z e (aa v af)) e ad q b o q o ag ah y h s (ab h af) c ah z b ab z ah af j ab e y r aa ad am c t ah e af m (al v (k (T (U V x r a ai y W ad X) (c l z k (Y Z s ak h AA j aa z f f d (AB AC v p b a s v ai AD aa j AE) ad ab v) ai) j a z) AF)) c))))
A (B C af a) D q o aj z E F G (H I f) (d l (d (f z) c) h s c w) K (L n l (M N (O P (ah m (q d k z v z e (aa v af)) e ad q b o q o ag ah y h s (ab h af) h (o aa ad t am) n af j j q af ad (al v q e) ai m (q d k z v z e (aa v af)) e ad q b o q o ag ah y h s (ab h af) h (o aa ad t am) n af j j q af ad (al v q e) ai m (q d k z v z e (aa v af)) e ad q b o q o ag ah y h s (ab h af) c ah z b ab z ah af j ab e y r aa ad am c t ah e af m (al v (k (T (U V x r a ai y W ad X) (c l z k (Y Z s ak h AA j aa z f f d (AB AC v p b a s v ai AD aa j AE) ad ab v) ai) j a z) AF)) c))))
A (B C af a) D q o aj z E F G (H I f) (d l (d (f z) c) h s c w) K (L n l (M N (O P (e t ae j j q af ad (al v q e) ai m (q d k z v z e (aa v af)) e ad q b o q o ag ah y h s (ab h af) h (o aa ad t am) n af j j q af ad (al v q e) ai m (q d k z v z e (aa v af)) e ad q b o q o ag ah y h s (ab h af) h (o aa ad t am) n af j j q af ad (al v q e) ai m (q d k z v z e (aa v af)) e ad q b o q o ag ah y h s (ab h af) c ah z b ab z ah af j ab e y r aa ad am c t ah e af m (al v (k (T (U V x r a ai y W ad X) (c l z k (Y Z s ak h AA j aa z f f d (AB AC v p b a s v ai AD aa j AE) ad ab v) ai) j a z) AF)) c))))


