u ap ao ar aq = al al a ar
r ap ao = h l (h c) af o
c ao ap = ae g h e u ae a an an i ao
main = am A w B C z a D E (F x (h c (ab x G) j x p ab p c) H I ac (t t (d J K c h w ac y L j r g h m l M (ag (N j j j O z) (m (a h e (P n s r) am Q r) ag)) (s x y) R (ag u y t ai s S (T r i) (U b n b p) l ad r n (V t h W X l (Y aj aj Z u k t an r))))))
s ar aq at ap ao = o ac b p (ak ak p)
af at aq ao ar ap av au = ac z an m ab ah r
am ap ao aq = ac v y c
d av au aq at ar ap ao = q (m k ag ae (h (m ap j n at)) a)
i aq at ao ap ar = aj ac ae af e (v y z)
ai ao = d al an c m s ah (ag an m af)
ah ap aq au at ao ar = ad ak ak d (d l r w x i (g f) h)
v ap aq ao = d e l an a ac (ai o e ae)
m = a ae q v ae (ab (r a ae y e a))
e ao = l n aa ad (v af b) aj af
p = m aj z r x q u ad al q h
n ao at ap ar aq = ak (g o (s (q c b ah)))
f = l n p (k s s v ak h j) an b ai
k ar ap ao aq = n ap x v ai an a ac a
al ao ap = w m ab af v af d (aa ak q w)
l ao aq ap = ah (o b (k g) n f f) i ag y a ab
w ao ap aq = ad i ae ai (ap e ac) ah
ac aq ar ao ap = n i d (e q)
t ap aq at ao ar = v aa k (n af p ak s h)
ae ao = y (aa m) d c ai d x
aj ar au ap aq ao at = e aq i ac an x v o aq (o q ae o)
ad = w b g af j b w n (l x t n)
g = x u q f am ah y
z ao ap = ab (f ab) x al q u e ad (ap al) r
x ar au aq ao at av ap = b (ai ad c h (j (u w)) h ai al e ac)
q ao ap = ad o ah ag (k t b) h al u z d e
y ao = s x ae ao
a ap av ar au ao aq at = ak (d c al) an aq
b aq ao ap au av at ar = p q x i
ak ao aq ar ap at = j q ae j ag l ad b ae v z
an ap aq ao = ae t x j b (aa b (z ah i l ap am))
ab ap ao = s ap c ap
o = j ah an ak ai ai ad l
aa ao au ap at aq ar = q al c m (i at g j n (ao u k))
j at av ap aq ao au ar = f m (aq a)
ag at ap aq ao au ar = v m aj d at
h au ap aq ao ar av at = ag j ac d (ao (ag k g am y) k) aa
------------------------------------------------------------
am A w B C z a D E (F x (h c (ab x G) j x p ab p c) H I ac (t t (d J K c h w ac y L j r g h m l M (ag (N j j j O z) (m (a h e (P n s r) am Q r) ag)) (s x y) R (ag u y t ai s S (T r i) (U b n b p) l ad r n (V t h W X l (Y aj aj Z u k t an r))))))
ac v y c C z a D E (F x (h c (ab x G) j x p ab p c) H I ac (t t (d J K c h w ac y L j r g h m l M (ag (N j j j O z) (m (a h e (P n s r) am Q r) ag)) (s x y) R (ag u y t ai s S (T r i) (U b n b p) l ad r n (V t h W X l (Y aj aj Z u k t an r))))))
n i d (e q) z a D E (F x (h c (ab x G) j x p ab p c) H I ac (t t (d J K c h w ac y L j r g h m l M (ag (N j j j O z) (m (a h e (P n s r) am Q r) ag)) (s x y) R (ag u y t ai s S (T r i) (U b n b p) l ad r n (V t h W X l (Y aj aj Z u k t an r))))))
ak (g o (s (q c b ah))) D E (F x (h c (ab x G) j x p ab p c) H I ac (t t (d J K c h w ac y L j r g h m l M (ag (N j j j O z) (m (a h e (P n s r) am Q r) ag)) (s x y) R (ag u y t ai s S (T r i) (U b n b p) l ad r n (V t h W X l (Y aj aj Z u k t an r))))))
ak (x u q f am ah y o (s (q c b ah))) D E (F x (h c (ab x G) j x p ab p c) H I ac (t t (d J K c h w ac y L j r g h m l M (ag (N j j j O z) (m (a h e (P n s r) am Q r) ag)) (s x y) R (ag u y t ai s S (T r i) (U b n b p) l ad r n (V t h W X l (Y aj aj Z u k t an r))))))
ak (b (ai ad c h (j (u w)) h ai al e ac) (s (q c b ah))) D E (F x (h c (ab x G) j x p ab p c) H I ac (t t (d J K c h w ac y L j r g h m l M (ag (N j j j O z) (m (a h e (P n s r) am Q r) ag)) (s x y) R (ag u y t ai s S (T r i) (U b n b p) l ad r n (V t h W X l (Y aj aj Z u k t an r))))))
ak (b (d al an c m s ah (ag an m af) c h (j (u w)) h ai al e ac) (s (q c b ah))) D E (F x (h c (ab x G) j x p ab p c) H I ac (t t (d J K c h w ac y L j r g h m l M (ag (N j j j O z) (m (a h e (P n s r) am Q r) ag)) (s x y) R (ag u y t ai s S (T r i) (U b n b p) l ad r n (V t h W X l (Y aj aj Z u k t an r))))))
ak (b (q (m k ag ae (h (m ah j n m)) a) c h (j (u w)) h ai al e ac) (s (q c b ah))) D E (F x (h c (ab x G) j x p ab p c) H I ac (t t (d J K c h w ac y L j r g h m l M (ag (N j j j O z) (m (a h e (P n s r) am Q r) ag)) (s x y) R (ag u y t ai s S (T r i) (U b n b p) l ad r n (V t h W X l (Y aj aj Z u k t an r))))))
ak (b (ad o ah ag (k t b) h al u z d e h (j (u w)) h ai al e ac) (s (q c b ah))) D E (F x (h c (ab x G) j x p ab p c) H I ac (t t (d J K c h w ac y L j r g h m l M (ag (N j j j O z) (m (a h e (P n s r) am Q r) ag)) (s x y) R (ag u y t ai s S (T r i) (U b n b p) l ad r n (V t h W X l (Y aj aj Z u k t an r))))))
ak (b (w b g af j b w n (l x t n) o ah ag (k t b) h al u z d e h (j (u w)) h ai al e ac) (s (q c b ah))) D E (F x (h c (ab x G) j x p ab p c) H I ac (t t (d J K c h w ac y L j r g h m l M (ag (N j j j O z) (m (a h e (P n s r) am Q r) ag)) (s x y) R (ag u y t ai s S (T r i) (U b n b p) l ad r n (V t h W X l (Y aj aj Z u k t an r))))))
ak (b (ad i ae ai (g e ac) ah j b w n (l x t n) o ah ag (k t b) h al u z d e h (j (u w)) h ai al e ac) (s (q c b ah))) D E (F x (h c (ab x G) j x p ab p c) H I ac (t t (d J K c h w ac y L j r g h m l M (ag (N j j j O z) (m (a h e (P n s r) am Q r) ag)) (s x y) R (ag u y t ai s S (T r i) (U b n b p) l ad r n (V t h W X l (Y aj aj Z u k t an r))))))
ak (b (w b g af j b w n (l x t n) i ae ai (g e ac) ah j b w n (l x t n) o ah ag (k t b) h al u z d e h (j (u w)) h ai al e ac) (s (q c b ah))) D E (F x (h c (ab x G) j x p ab p c) H I ac (t t (d J K c h w ac y L j r g h m l M (ag (N j j j O z) (m (a h e (P n s r) am Q r) ag)) (s x y) R (ag u y t ai s S (T r i) (U b n b p) l ad r n (V t h W X l (Y aj aj Z u k t an r))))))
ak (b (ad i ae ai (g e ac) ah j b w n (l x t n) i ae ai (g e ac) ah j b w n (l x t n) o ah ag (k t b) h al u z d e h (j (u w)) h ai al e ac) (s (q c b ah))) D E (F x (h c (ab x G) j x p ab p c) H I ac (t t (d J K c h w ac y L j r g h m l M (ag (N j j j O z) (m (a h e (P n s r) am Q r) ag)) (s x y) R (ag u y t ai s S (T r i) (U b n b p) l ad r n (V t h W X l (Y aj aj Z u k t an r))))))
ak (b (w b g af j b w n (l x t n) i ae ai (g e ac) ah j b w n (l x t n) i ae ai (g e ac) ah j b w n (l x t n) o ah ag (k t b) h al u z d e h (j (u w)) h ai al e ac) (s (q c b ah))) D E (F x (h c (ab x G) j x p ab p c) H I ac (t t (d J K c h w ac y L j r g h m l M (ag (N j j j O z) (m (a h e (P n s r) am Q r) ag)) (s x y) R (ag u y t ai s S (T r i) (U b n b p) l ad r n (V t h W X l (Y aj aj Z u k t an r))))))
ak (b (ad i ae ai (g e ac) ah j b w n (l x t n) i ae ai (g e ac) ah j b w n (l x t n) i ae ai (g e ac) ah j b w n (l x t n) o ah ag (k t b) h al u z d e h (j (u w)) h ai al e ac) (s (q c b ah))) D E (F x (h c (ab x G) j x p ab p c) H I ac (t t (d J K c h w ac y L j r g h m l M (ag (N j j j O z) (m (a h e (P n s r) am Q r) ag)) (s x y) R (ag u y t ai s S (T r i) (U b n b p) l ad r n (V t h W X l (Y aj aj Z u k t an r))))))
ak (b (w b g af j b w n (l x t n) i ae ai (g e ac) ah j b w n (l x t n) i ae ai (g e ac) ah j b w n (l x t n) i ae ai (g e ac) ah j b w n (l x t n) o ah ag (k t b) h al u z d e h (j (u w)) h ai al e ac) (s (q c b ah))) D E (F x (h c (ab x G) j x p ab p c) H I ac (t t (d J K c h w ac y L j r g h m l M (ag (N j j j O z) (m (a h e (P n s r) am Q r) ag)) (s x y) R (ag u y t ai s S (T r i) (U b n b p) l ad r n (V t h W X l (Y aj aj Z u k t an r))))))
ak (b (ad i ae ai (g e ac) ah j b w n (l x t n) i ae ai (g e ac) ah j b w n (l x t n) i ae ai (g e ac) ah j b w n (l x t n) i ae ai (g e ac) ah j b w n (l x t n) o ah ag (k t b) h al u z d e h (j (u w)) h ai al e ac) (s (q c b ah))) D E (F x (h c (ab x G) j x p ab p c) H I ac (t t (d J K c h w ac y L j r g h m l M (ag (N j j j O z) (m (a h e (P n s r) am Q r) ag)) (s x y) R (ag u y t ai s S (T r i) (U b n b p) l ad r n (V t h W X l (Y aj aj Z u k t an r))))))
ak (b (w b g af j b w n (l x t n) i ae ai (g e ac) ah j b w n (l x t n) i ae ai (g e ac) ah j b w n (l x t n) i ae ai (g e ac) ah j b w n (l x t n) i ae ai (g e ac) ah j b w n (l x t n) o ah ag (k t b) h al u z d e h (j (u w)) h ai al e ac) (s (q c b ah))) D E (F x (h c (ab x G) j x p ab p c) H I ac (t t (d J K c h w ac y L j r g h m l M (ag (N j j j O z) (m (a h e (P n s r) am Q r) ag)) (s x y) R (ag u y t ai s S (T r i) (U b n b p) l ad r n (V t h W X l (Y aj aj Z u k t an r))))))
ak (b (ad i ae ai (g e ac) ah j b w n (l x t n) i ae ai (g e ac) ah j b w n (l x t n) i ae ai (g e ac) ah j b w n (l x t n) i ae ai (g e ac) ah j b w n (l x t n) i ae ai (g e ac) ah j b w n (l x t n) o ah ag (k t b) h al u z d e h (j (u w)) h ai al e ac) (s (q c b ah))) D E (F x (h c (ab x G) j x p ab p c) H I ac (t t (d J K c h w ac y L j r g h m l M (ag (N j j j O z) (m (a h e (P n s r) am Q r) ag)) (s x y) R (ag u y t ai s S (T r i) (U b n b p) l ad r n (V t h W X l (Y aj aj Z u k t an r))))))
ak (b (w b g af j b w n (l x t n) i ae ai (g e ac) ah j b w n (l x t n) i ae ai (g e ac) ah j b w n (l x t n) i ae ai (g e ac) ah j b w n (l x t n) i ae ai (g e ac) ah j b w n (l x t n) i ae ai (g e ac) ah j b w n (l x t n) o ah ag (k t b) h al u z d e h (j (u w)) h ai al e ac) (s (q c b ah))) D E (F x (h c (ab x G) j x p ab p c) H I ac (t t (d J K c h w ac y L j r g h m l M (ag (N j j j O z) (m (a h e (P n s r) am Q r) ag)) (s x y) R (ag u y t ai s S (T r i) (U b n b p) l ad r n (V t h W X l (Y aj aj Z u k t an r))))))
ak (b (ad i ae ai (g e ac) ah j b w n (l x t n) i ae ai (g e ac) ah j b w n (l x t n) i ae ai (g e ac) ah j b w n (l x t n) i ae ai (g e ac) ah j b w n (l x t n) i ae ai (g e ac) ah j b w n (l x t n) i ae ai (g e ac) ah j b w n (l x t n) o ah ag (k t b) h al u z d e h (j (u w)) h ai al e ac) (s (q c b ah))) D E (F x (h c (ab x G) j x p ab p c) H I ac (t t (d J K c h w ac y L j r g h m l M (ag (N j j j O z) (m (a h e (P n s r) am Q r) ag)) (s x y) R (ag u y t ai s S (T r i) (U b n b p) l ad r n (V t h W X l (Y aj aj Z u k t an r))))))
ak (b (w b g af j b w n (l x t n) i ae ai (g e ac) ah j b w n (l x t n) i ae ai (g e ac) ah j b w n (l x t n) i ae ai (g e ac) ah j b w n (l x t n) i ae ai (g e ac) ah j b w n (l x t n) i ae ai (g e ac) ah j b w n (l x t n) i ae ai (g e ac) ah j b w n (l x t n) o ah ag (k t b) h al u z d e h (j (u w)) h ai al e ac) (s (q c b ah))) D E (F x (h c (ab x G) j x p ab p c) H I ac (t t (d J K c h w ac y L j r g h m l M (ag (N j j j O z) (m (a h e (P n s r) am Q r) ag)) (s x y) R (ag u y t ai s S (T r i) (U b n b p) l ad r n (V t h W X l (Y aj aj Z u k t an r))))))
ak (b (ad i ae ai (g e ac) ah j b w n (l x t n) i ae ai (g e ac) ah j b w n (l x t n) i ae ai (g e ac) ah j b w n (l x t n) i ae ai (g e ac) ah j b w n (l x t n) i ae ai (g e ac) ah j b w n (l x t n) i ae ai (g e ac) ah j b w n (l x t n) i ae ai (g e ac) ah j b w n (l x t n) o ah ag (k t b) h al u z d e h (j (u w)) h ai al e ac) (s (q c b ah))) D E (F x (h c (ab x G) j x p ab p c) H I ac (t t (d J K c h w ac y L j r g h m l M (ag (N j j j O z) (m (a h e (P n s r) am Q r) ag)) (s x y) R (ag u y t ai s S (T r i) (U b n b p) l ad r n (V t h W X l (Y aj aj Z u k t an r))))))
ak (b (w b g af j b w n (l x t n) i ae ai (g e ac) ah j b w n (l x t n) i ae ai (g e ac) ah j b w n (l x t n) i ae ai (g e ac) ah j b w n (l x t n) i ae ai (g e ac) ah j b w n (l x t n) i ae ai (g e ac) ah j b w n (l x t n) i ae ai (g e ac) ah j b w n (l x t n) i ae ai (g e ac) ah j b w n (l x t n) o ah ag (k t b) h al u z d e h (j (u w)) h ai al e ac) (s (q c b ah))) D E (F x (h c (ab x G) j x p ab p c) H I ac (t t (d J K c h w ac y L j r g h m l M (ag (N j j j O z) (m (a h e (P n s r) am Q r) ag)) (s x y) R (ag u y t ai s S (T r i) (U b n b p) l ad r n (V t h W X l (Y aj aj Z u k t an r))))))
ak (b (ad i ae ai (g e ac) ah j b w n (l x t n) i ae ai (g e ac) ah j b w n (l x t n) i ae ai (g e ac) ah j b w n (l x t n) i ae ai (g e ac) ah j b w n (l x t n) i ae ai (g e ac) ah j b w n (l x t n) i ae ai (g e ac) ah j b w n (l x t n) i ae ai (g e ac) ah j b w n (l x t n) i ae ai (g e ac) ah j b w n (l x t n) o ah ag (k t b) h al u z d e h (j (u w)) h ai al e ac) (s (q c b ah))) D E (F x (h c (ab x G) j x p ab p c) H I ac (t t (d J K c h w ac y L j r g h m l M (ag (N j j j O z) (m (a h e (P n s r) am Q r) ag)) (s x y) R (ag u y t ai s S (T r i) (U b n b p) l ad r n (V t h W X l (Y aj aj Z u k t an r))))))
ak (b (w b g af j b w n (l x t n) i ae ai (g e ac) ah j b w n (l x t n) i ae ai (g e ac) ah j b w n (l x t n) i ae ai (g e ac) ah j b w n (l x t n) i ae ai (g e ac) ah j b w n (l x t n) i ae ai (g e ac) ah j b w n (l x t n) i ae ai (g e ac) ah j b w n (l x t n) i ae ai (g e ac) ah j b w n (l x t n) i ae ai (g e ac) ah j b w n (l x t n) o ah ag (k t b) h al u z d e h (j (u w)) h ai al e ac) (s (q c b ah))) D E (F x (h c (ab x G) j x p ab p c) H I ac (t t (d J K c h w ac y L j r g h m l M (ag (N j j j O z) (m (a h e (P n s r) am Q r) ag)) (s x y) R (ag u y t ai s S (T r i) (U b n b p) l ad r n (V t h W X l (Y aj aj Z u k t an r))))))
ak (b (ad i ae ai (g e ac) ah j b w n (l x t n) i ae ai (g e ac) ah j b w n (l x t n) i ae ai (g e ac) ah j b w n (l x t n) i ae ai (g e ac) ah j b w n (l x t n) i ae ai (g e ac) ah j b w n (l x t n) i ae ai (g e ac) ah j b w n (l x t n) i ae ai (g e ac) ah j b w n (l x t n) i ae ai (g e ac) ah j b w n (l x t n) i ae ai (g e ac) ah j b w n (l x t n) o ah ag (k t b) h al u z d e h (j (u w)) h ai al e ac) (s (q c b ah))) D E (F x (h c (ab x G) j x p ab p c) H I ac (t t (d J K c h w ac y L j r g h m l M (ag (N j j j O z) (m (a h e (P n s r) am Q r) ag)) (s x y) R (ag u y t ai s S (T r i) (U b n b p) l ad r n (V t h W X l (Y aj aj Z u k t an r))))))
ak (b (w b g af j b w n (l x t n) i ae ai (g e ac) ah j b w n (l x t n) i ae ai (g e ac) ah j b w n (l x t n) i ae ai (g e ac) ah j b w n (l x t n) i ae ai (g e ac) ah j b w n (l x t n) i ae ai (g e ac) ah j b w n (l x t n) i ae ai (g e ac) ah j b w n (l x t n) i ae ai (g e ac) ah j b w n (l x t n) i ae ai (g e ac) ah j b w n (l x t n) i ae ai (g e ac) ah j b w n (l x t n) o ah ag (k t b) h al u z d e h (j (u w)) h ai al e ac) (s (q c b ah))) D E (F x (h c (ab x G) j x p ab p c) H I ac (t t (d J K c h w ac y L j r g h m l M (ag (N j j j O z) (m (a h e (P n s r) am Q r) ag)) (s x y) R (ag u y t ai s S (T r i) (U b n b p) l ad r n (V t h W X l (Y aj aj Z u k t an r))))))
ak (b (ad i ae ai (g e ac) ah j b w n (l x t n) i ae ai (g e ac) ah j b w n (l x t n) i ae ai (g e ac) ah j b w n (l x t n) i ae ai (g e ac) ah j b w n (l x t n) i ae ai (g e ac) ah j b w n (l x t n) i ae ai (g e ac) ah j b w n (l x t n) i ae ai (g e ac) ah j b w n (l x t n) i ae ai (g e ac) ah j b w n (l x t n) i ae ai (g e ac) ah j b w n (l x t n) i ae ai (g e ac) ah j b w n (l x t n) o ah ag (k t b) h al u z d e h (j (u w)) h ai al e ac) (s (q c b ah))) D E (F x (h c (ab x G) j x p ab p c) H I ac (t t (d J K c h w ac y L j r g h m l M (ag (N j j j O z) (m (a h e (P n s r) am Q r) ag)) (s x y) R (ag u y t ai s S (T r i) (U b n b p) l ad r n (V t h W X l (Y aj aj Z u k t an r))))))
ak (b (w b g af j b w n (l x t n) i ae ai (g e ac) ah j b w n (l x t n) i ae ai (g e ac) ah j b w n (l x t n) i ae ai (g e ac) ah j b w n (l x t n) i ae ai (g e ac) ah j b w n (l x t n) i ae ai (g e ac) ah j b w n (l x t n) i ae ai (g e ac) ah j b w n (l x t n) i ae ai (g e ac) ah j b w n (l x t n) i ae ai (g e ac) ah j b w n (l x t n) i ae ai (g e ac) ah j b w n (l x t n) i ae ai (g e ac) ah j b w n (l x t n) o ah ag (k t b) h al u z d e h (j (u w)) h ai al e ac) (s (q c b ah))) D E (F x (h c (ab x G) j x p ab p c) H I ac (t t (d J K c h w ac y L j r g h m l M (ag (N j j j O z) (m (a h e (P n s r) am Q r) ag)) (s x y) R (ag u y t ai s S (T r i) (U b n b p) l ad r n (V t h W X l (Y aj aj Z u k t an r))))))


