w aq ap ao = y ah e a j al aj d
r ap ao aq = ah ad ai ai u ai g n aq
k aq ao ar ap = aa ai af h (ab m am ah)
x ao ap ar aq = am ak af an
s ap ao = j (o p (ak d ap p))
ak ap aq at ar au ao = h al ab aq y (j v i e)
a ao aq ap = w g aa
n = z t j a ah (am ak y ad) k
g ao = s (ao u y) (e ao k z ac al ac a) n
p at ao au ar ap av aq = aj g (t f ak s k v ao z r)
f ao ap au aq at ar = ak v ai m ab (aj am ac aa s k)
am ar ao av at ap au aq = aj ae aj i s au aa k n l ac
q ap ao aq = w ao h (z t) ad i
o aq ap ao = l j p s q r
ai = w x (m l (o f w b z) z c) v
z ap ao = ad ai q ag o af ab (n ak h) s d
u = r aj (q ad q aj aa c f e)
b ap ao aq = ap q aq ap ad r n d t
an aq ao ap = g aj ah n (af (ap e s ac ah w) ak) c
l = ab h (x p) u a
ad ao ap = b k h h p v q d e
al ao at ap aq ar = g (a x d (g a z ai c aj))
e ao = p l d s a n
c ao = ao h al t x (a (l v (aa s) y b q))
m ap aq at ar ao = ah ai ar ap aj g af ar
j av ao ap aq au ar at = e am ac r c z y z f y
ah aq ao ap = b i ao (b a g) al ac p u i e al
ae ap ao = ao v b (s (ao ab (p b e)) (ah i j))
y aq av at ar ao au ap = z k a (h o) o (at aq (al t w))
t ao = g s al m aa h h ae ac
ab ap ao = ap al ah v (ap u z) (al ai)
v ap ao au aq at ar av = w ae f (s af) (al ac af)
h ao = al af c ao d y n ao m ag ai ao
aj = i m i a l t am j m an ag m z
main = A c t B i q s af C (D E ae am s F G (H am h (I J (l h) K an b L r (ae ac)) ae (M N (z al O) (P Q s e ae (h o x ag an) p h)) (h (t f ae aa ai e z (R ag)) t ak aj) ab (S n T) i w p U v (V g ac (W X a (Y Z AA ab p w (AB aa (AC ae) q)) c) s) s m ak s w) d e am s d f)
ag ar aq ao ap = v ah g f i j n n u z ad
d ar aq ao ap = h w ar am v (e g (ae h ah p))
i ao = af (z ao h ad ag j g)
af = r p an l o o
aa = l z v w v (u i t c)
ac ao = f am (ai (d (u ad) j w o b))
------------------------------------------------------------
A c t B i q s af C (D E ae am s F G (H am h (I J (l h) K an b L r (ae ac)) ae (M N (z al O) (P Q s e ae (h o x ag an) p h)) (h (t f ae aa ai e z (R ag)) t ak aj) ab (S n T) i w p U v (V g ac (W X a (Y Z AA ab p w (AB aa (AC ae) q)) c) s) s m ak s w) d e am s d f)
A c t B i q s af C (D E ae am s F G (H am h (I J (ab h (x p) u a h) K an b L r (ae ac)) ae (M N (z al O) (P Q s e ae (h o x ag an) p h)) (h (t f ae aa ai e z (R ag)) t ak aj) ab (S n T) i w p U v (V g ac (W X a (Y Z AA ab p w (AB aa (AC ae) q)) c) s) s m ak s w) d e am s d f)
A c t B i q s af C (D E ae am s F G (H am h (I J (h al ah v (h u z) (al ai) u a h) K an b L r (ae ac)) ae (M N (z al O) (P Q s e ae (h o x ag an) p h)) (h (t f ae aa ai e z (R ag)) t ak aj) ab (S n T) i w p U v (V g ac (W X a (Y Z AA ab p w (AB aa (AC ae) q)) c) s) s m ak s w) d e am s d f)
A c t B i q s af C (D E ae am s F G (H am h (I J (al af c al d y n al m ag ai al ah v (h u z) (al ai) u a h) K an b L r (ae ac)) ae (M N (z al O) (P Q s e ae (h o x ag an) p h)) (h (t f ae aa ai e z (R ag)) t ak aj) ab (S n T) i w p U v (V g ac (W X a (Y Z AA ab p w (AB aa (AC ae) q)) c) s) s m ak s w) d e am s d f)
A c t B i q s af C (D E ae am s F G (H am h (I J (g (a x d (g a z ai c aj)) n al m ag ai al ah v (h u z) (al ai) u a h) K an b L r (ae ac)) ae (M N (z al O) (P Q s e ae (h o x ag an) p h)) (h (t f ae aa ai e z (R ag)) t ak aj) ab (S n T) i w p U v (V g ac (W X a (Y Z AA ab p w (AB aa (AC ae) q)) c) s) s m ak s w) d e am s d f)
A c t B i q s af C (D E ae am s F G (H am h (I J (s (a x d (g a z ai c aj) u y) (e (a x d (g a z ai c aj)) k z ac al ac a) n n al m ag ai al ah v (h u z) (al ai) u a h) K an b L r (ae ac)) ae (M N (z al O) (P Q s e ae (h o x ag an) p h)) (h (t f ae aa ai e z (R ag)) t ak aj) ab (S n T) i w p U v (V g ac (W X a (Y Z AA ab p w (AB aa (AC ae) q)) c) s) s m ak s w) d e am s d f)
A c t B i q s af C (D E ae am s F G (H am h (I J (j (o p (ak d (a x d (g a z ai c aj) u y) p)) n n al m ag ai al ah v (h u z) (al ai) u a h) K an b L r (ae ac)) ae (M N (z al O) (P Q s e ae (h o x ag an) p h)) (h (t f ae aa ai e z (R ag)) t ak aj) ab (S n T) i w p U v (V g ac (W X a (Y Z AA ab p w (AB aa (AC ae) q)) c) s) s m ak s w) d e am s d f)
A c t B i q s af C (D E ae am s F G (H am h (I J (e am ac r c z y z f y al ah v (h u z) (al ai) u a h) K an b L r (ae ac)) ae (M N (z al O) (P Q s e ae (h o x ag an) p h)) (h (t f ae aa ai e z (R ag)) t ak aj) ab (S n T) i w p U v (V g ac (W X a (Y Z AA ab p w (AB aa (AC ae) q)) c) s) s m ak s w) d e am s d f)
A c t B i q s af C (D E ae am s F G (H am h (I J (p l d s a n ac r c z y z f y al ah v (h u z) (al ai) u a h) K an b L r (ae ac)) ae (M N (z al O) (P Q s e ae (h o x ag an) p h)) (h (t f ae aa ai e z (R ag)) t ak aj) ab (S n T) i w p U v (V g ac (W X a (Y Z AA ab p w (AB aa (AC ae) q)) c) s) s m ak s w) d e am s d f)
A c t B i q s af C (D E ae am s F G (H am h (I J (aj g (t f ak s k v d z r) c z y z f y al ah v (h u z) (al ai) u a h) K an b L r (ae ac)) ae (M N (z al O) (P Q s e ae (h o x ag an) p h)) (h (t f ae aa ai e z (R ag)) t ak aj) ab (S n T) i w p U v (V g ac (W X a (Y Z AA ab p w (AB aa (AC ae) q)) c) s) s m ak s w) d e am s d f)
A c t B i q s af C (D E ae am s F G (H am h (I J (i m i a l t am j m an ag m z g (t f ak s k v d z r) c z y z f y al ah v (h u z) (al ai) u a h) K an b L r (ae ac)) ae (M N (z al O) (P Q s e ae (h o x ag an) p h)) (h (t f ae aa ai e z (R ag)) t ak aj) ab (S n T) i w p U v (V g ac (W X a (Y Z AA ab p w (AB aa (AC ae) q)) c) s) s m ak s w) d e am s d f)
A c t B i q s af C (D E ae am s F G (H am h (I J (af (z m h ad ag j g) i a l t am j m an ag m z g (t f ak s k v d z r) c z y z f y al ah v (h u z) (al ai) u a h) K an b L r (ae ac)) ae (M N (z al O) (P Q s e ae (h o x ag an) p h)) (h (t f ae aa ai e z (R ag)) t ak aj) ab (S n T) i w p U v (V g ac (W X a (Y Z AA ab p w (AB aa (AC ae) q)) c) s) s m ak s w) d e am s d f)
A c t B i q s af C (D E ae am s F G (H am h (I J (r p an l o o (z m h ad ag j g) i a l t am j m an ag m z g (t f ak s k v d z r) c z y z f y al ah v (h u z) (al ai) u a h) K an b L r (ae ac)) ae (M N (z al O) (P Q s e ae (h o x ag an) p h)) (h (t f ae aa ai e z (R ag)) t ak aj) ab (S n T) i w p U v (V g ac (W X a (Y Z AA ab p w (AB aa (AC ae) q)) c) s) s m ak s w) d e am s d f)
A c t B i q s af C (D E ae am s F G (H am h (I J (ah ad ai ai u ai g n l o o (z m h ad ag j g) i a l t am j m an ag m z g (t f ak s k v d z r) c z y z f y al ah v (h u z) (al ai) u a h) K an b L r (ae ac)) ae (M N (z al O) (P Q s e ae (h o x ag an) p h)) (h (t f ae aa ai e z (R ag)) t ak aj) ab (S n T) i w p U v (V g ac (W X a (Y Z AA ab p w (AB aa (AC ae) q)) c) s) s m ak s w) d e am s d f)
A c t B i q s af C (D E ae am s F G (H am h (I J (b i ai (b a g) al ac p u i e al u ai g n l o o (z m h ad ag j g) i a l t am j m an ag m z g (t f ak s k v d z r) c z y z f y al ah v (h u z) (al ai) u a h) K an b L r (ae ac)) ae (M N (z al O) (P Q s e ae (h o x ag an) p h)) (h (t f ae aa ai e z (R ag)) t ak aj) ab (S n T) i w p U v (V g ac (W X a (Y Z AA ab p w (AB aa (AC ae) q)) c) s) s m ak s w) d e am s d f)
A c t B i q s af C (D E ae am s F G (H am h (I J (i q (b a g) i ad r n d t al ac p u i e al u ai g n l o o (z m h ad ag j g) i a l t am j m an ag m z g (t f ak s k v d z r) c z y z f y al ah v (h u z) (al ai) u a h) K an b L r (ae ac)) ae (M N (z al O) (P Q s e ae (h o x ag an) p h)) (h (t f ae aa ai e z (R ag)) t ak aj) ab (S n T) i w p U v (V g ac (W X a (Y Z AA ab p w (AB aa (AC ae) q)) c) s) s m ak s w) d e am s d f)
A c t B i q s af C (D E ae am s F G (H am h (I J (af (z q h ad ag j g) (b a g) i ad r n d t al ac p u i e al u ai g n l o o (z m h ad ag j g) i a l t am j m an ag m z g (t f ak s k v d z r) c z y z f y al ah v (h u z) (al ai) u a h) K an b L r (ae ac)) ae (M N (z al O) (P Q s e ae (h o x ag an) p h)) (h (t f ae aa ai e z (R ag)) t ak aj) ab (S n T) i w p U v (V g ac (W X a (Y Z AA ab p w (AB aa (AC ae) q)) c) s) s m ak s w) d e am s d f)
A c t B i q s af C (D E ae am s F G (H am h (I J (r p an l o o (z q h ad ag j g) (b a g) i ad r n d t al ac p u i e al u ai g n l o o (z m h ad ag j g) i a l t am j m an ag m z g (t f ak s k v d z r) c z y z f y al ah v (h u z) (al ai) u a h) K an b L r (ae ac)) ae (M N (z al O) (P Q s e ae (h o x ag an) p h)) (h (t f ae aa ai e z (R ag)) t ak aj) ab (S n T) i w p U v (V g ac (W X a (Y Z AA ab p w (AB aa (AC ae) q)) c) s) s m ak s w) d e am s d f)
A c t B i q s af C (D E ae am s F G (H am h (I J (ah ad ai ai u ai g n l o o (z q h ad ag j g) (b a g) i ad r n d t al ac p u i e al u ai g n l o o (z m h ad ag j g) i a l t am j m an ag m z g (t f ak s k v d z r) c z y z f y al ah v (h u z) (al ai) u a h) K an b L r (ae ac)) ae (M N (z al O) (P Q s e ae (h o x ag an) p h)) (h (t f ae aa ai e z (R ag)) t ak aj) ab (S n T) i w p U v (V g ac (W X a (Y Z AA ab p w (AB aa (AC ae) q)) c) s) s m ak s w) d e am s d f)
A c t B i q s af C (D E ae am s F G (H am h (I J (b i ai (b a g) al ac p u i e al u ai g n l o o (z q h ad ag j g) (b a g) i ad r n d t al ac p u i e al u ai g n l o o (z m h ad ag j g) i a l t am j m an ag m z g (t f ak s k v d z r) c z y z f y al ah v (h u z) (al ai) u a h) K an b L r (ae ac)) ae (M N (z al O) (P Q s e ae (h o x ag an) p h)) (h (t f ae aa ai e z (R ag)) t ak aj) ab (S n T) i w p U v (V g ac (W X a (Y Z AA ab p w (AB aa (AC ae) q)) c) s) s m ak s w) d e am s d f)
A c t B i q s af C (D E ae am s F G (H am h (I J (i q (b a g) i ad r n d t al ac p u i e al u ai g n l o o (z q h ad ag j g) (b a g) i ad r n d t al ac p u i e al u ai g n l o o (z m h ad ag j g) i a l t am j m an ag m z g (t f ak s k v d z r) c z y z f y al ah v (h u z) (al ai) u a h) K an b L r (ae ac)) ae (M N (z al O) (P Q s e ae (h o x ag an) p h)) (h (t f ae aa ai e z (R ag)) t ak aj) ab (S n T) i w p U v (V g ac (W X a (Y Z AA ab p w (AB aa (AC ae) q)) c) s) s m ak s w) d e am s d f)
A c t B i q s af C (D E ae am s F G (H am h (I J (af (z q h ad ag j g) (b a g) i ad r n d t al ac p u i e al u ai g n l o o (z q h ad ag j g) (b a g) i ad r n d t al ac p u i e al u ai g n l o o (z m h ad ag j g) i a l t am j m an ag m z g (t f ak s k v d z r) c z y z f y al ah v (h u z) (al ai) u a h) K an b L r (ae ac)) ae (M N (z al O) (P Q s e ae (h o x ag an) p h)) (h (t f ae aa ai e z (R ag)) t ak aj) ab (S n T) i w p U v (V g ac (W X a (Y Z AA ab p w (AB aa (AC ae) q)) c) s) s m ak s w) d e am s d f)
A c t B i q s af C (D E ae am s F G (H am h (I J (r p an l o o (z q h ad ag j g) (b a g) i ad r n d t al ac p u i e al u ai g n l o o (z q h ad ag j g) (b a g) i ad r n d t al ac p u i e al u ai g n l o o (z m h ad ag j g) i a l t am j m an ag m z g (t f ak s k v d z r) c z y z f y al ah v (h u z) (al ai) u a h) K an b L r (ae ac)) ae (M N (z al O) (P Q s e ae (h o x ag an) p h)) (h (t f ae aa ai e z (R ag)) t ak aj) ab (S n T) i w p U v (V g ac (W X a (Y Z AA ab p w (AB aa (AC ae) q)) c) s) s m ak s w) d e am s d f)
A c t B i q s af C (D E ae am s F G (H am h (I J (ah ad ai ai u ai g n l o o (z q h ad ag j g) (b a g) i ad r n d t al ac p u i e al u ai g n l o o (z q h ad ag j g) (b a g) i ad r n d t al ac p u i e al u ai g n l o o (z m h ad ag j g) i a l t am j m an ag m z g (t f ak s k v d z r) c z y z f y al ah v (h u z) (al ai) u a h) K an b L r (ae ac)) ae (M N (z al O) (P Q s e ae (h o x ag an) p h)) (h (t f ae aa ai e z (R ag)) t ak aj) ab (S n T) i w p U v (V g ac (W X a (Y Z AA ab p w (AB aa (AC ae) q)) c) s) s m ak s w) d e am s d f)
A c t B i q s af C (D E ae am s F G (H am h (I J (b i ai (b a g) al ac p u i e al u ai g n l o o (z q h ad ag j g) (b a g) i ad r n d t al ac p u i e al u ai g n l o o (z q h ad ag j g) (b a g) i ad r n d t al ac p u i e al u ai g n l o o (z m h ad ag j g) i a l t am j m an ag m z g (t f ak s k v d z r) c z y z f y al ah v (h u z) (al ai) u a h) K an b L r (ae ac)) ae (M N (z al O) (P Q s e ae (h o x ag an) p h)) (h (t f ae aa ai e z (R ag)) t ak aj) ab (S n T) i w p U v (V g ac (W X a (Y Z AA ab p w (AB aa (AC ae) q)) c) s) s m ak s w) d e am s d f)
A c t B i q s af C (D E ae am s F G (H am h (I J (i q (b a g) i ad r n d t al ac p u i e al u ai g n l o o (z q h ad ag j g) (b a g) i ad r n d t al ac p u i e al u ai g n l o o (z q h ad ag j g) (b a g) i ad r n d t al ac p u i e al u ai g n l o o (z m h ad ag j g) i a l t am j m an ag m z g (t f ak s k v d z r) c z y z f y al ah v (h u z) (al ai) u a h) K an b L r (ae ac)) ae (M N (z al O) (P Q s e ae (h o x ag an) p h)) (h (t f ae aa ai e z (R ag)) t ak aj) ab (S n T) i w p U v (V g ac (W X a (Y Z AA ab p w (AB aa (AC ae) q)) c) s) s m ak s w) d e am s d f)
A c t B i q s af C (D E ae am s F G (H am h (I J (af (z q h ad ag j g) (b a g) i ad r n d t al ac p u i e al u ai g n l o o (z q h ad ag j g) (b a g) i ad r n d t al ac p u i e al u ai g n l o o (z q h ad ag j g) (b a g) i ad r n d t al ac p u i e al u ai g n l o o (z m h ad ag j g) i a l t am j m an ag m z g (t f ak s k v d z r) c z y z f y al ah v (h u z) (al ai) u a h) K an b L r (ae ac)) ae (M N (z al O) (P Q s e ae (h o x ag an) p h)) (h (t f ae aa ai e z (R ag)) t ak aj) ab (S n T) i w p U v (V g ac (W X a (Y Z AA ab p w (AB aa (AC ae) q)) c) s) s m ak s w) d e am s d f)
A c t B i q s af C (D E ae am s F G (H am h (I J (r p an l o o (z q h ad ag j g) (b a g) i ad r n d t al ac p u i e al u ai g n l o o (z q h ad ag j g) (b a g) i ad r n d t al ac p u i e al u ai g n l o o (z q h ad ag j g) (b a g) i ad r n d t al ac p u i e al u ai g n l o o (z m h ad ag j g) i a l t am j m an ag m z g (t f ak s k v d z r) c z y z f y al ah v (h u z) (al ai) u a h) K an b L r (ae ac)) ae (M N (z al O) (P Q s e ae (h o x ag an) p h)) (h (t f ae aa ai e z (R ag)) t ak aj) ab (S n T) i w p U v (V g ac (W X a (Y Z AA ab p w (AB aa (AC ae) q)) c) s) s m ak s w) d e am s d f)
A c t B i q s af C (D E ae am s F G (H am h (I J (ah ad ai ai u ai g n l o o (z q h ad ag j g) (b a g) i ad r n d t al ac p u i e al u ai g n l o o (z q h ad ag j g) (b a g) i ad r n d t al ac p u i e al u ai g n l o o (z q h ad ag j g) (b a g) i ad r n d t al ac p u i e al u ai g n l o o (z m h ad ag j g) i a l t am j m an ag m z g (t f ak s k v d z r) c z y z f y al ah v (h u z) (al ai) u a h) K an b L r (ae ac)) ae (M N (z al O) (P Q s e ae (h o x ag an) p h)) (h (t f ae aa ai e z (R ag)) t ak aj) ab (S n T) i w p U v (V g ac (W X a (Y Z AA ab p w (AB aa (AC ae) q)) c) s) s m ak s w) d e am s d f)
A c t B i q s af C (D E ae am s F G (H am h (I J (b i ai (b a g) al ac p u i e al u ai g n l o o (z q h ad ag j g) (b a g) i ad r n d t al ac p u i e al u ai g n l o o (z q h ad ag j g) (b a g) i ad r n d t al ac p u i e al u ai g n l o o (z q h ad ag j g) (b a g) i ad r n d t al ac p u i e al u ai g n l o o (z m h ad ag j g) i a l t am j m an ag m z g (t f ak s k v d z r) c z y z f y al ah v (h u z) (al ai) u a h) K an b L r (ae ac)) ae (M N (z al O) (P Q s e ae (h o x ag an) p h)) (h (t f ae aa ai e z (R ag)) t ak aj) ab (S n T) i w p U v (V g ac (W X a (Y Z AA ab p w (AB aa (AC ae) q)) c) s) s m ak s w) d e am s d f)


