x ap ao = ab af c (aj ak j g)
e ao ap ar aq = ae (ae c) ap
k at au ap aq ar ao = m u ap aa x u l v r w g r
b ap ar ao aq = y l l (j (d (d ao y) ai)) c
m au aq at ao ar ap = h
c ar aq ao ap = l ak aa ad z (b aq) z ad d
ac ar aq ao ap = g ab ar a (k (l am)) (al h d l af i)
p ar aq ao ap = d (f w (i w ah) a af)
ak ao = aa q j ao ao al ai ad x (v l f)
al ap ao = b an v an d ac u m p i a
main = A w ag k B ab C ae D m E g v F G e n e (g aj k (d d H af)) (o I l (h l al af ah k (J K m e i (t x) l ak m (e (L M y a N s v) a s al (O P j am e c v f l ab x s d)) (Q R ad u)) g g z x) j a) S T am U ai (af V) r r ag (aj k ab v W aa X Y s c z Z)
ae = an d x n f x k
g at av aq ap ao ar au = y ad (w al aj j av) i ar ai v b ab
n ap at ar au ao av aq = q w ad l s
aa ao av aq at ap au ar = m o al f ag ac
y ao ap = s i ai (u v k)
u ar ao ap au aq at = b v (an ag (e (al ak i af)))
af ao aq ap = d (aq (ag g y ac))
ab ar ao ap aq = m ap t aq af (ag n s an g) k
t aq ap ar ao = x ac (aq al v) o
ah aq av au ap ao ar at = n h k x
d ao ar at aq ap = ag t ai ag ah ap aa ah h
z = o al g ad o q x t o o c t
i = x al n (m ag) v r d q
a ap ao aq = ao i h x r s o w y ao
am ap ao = ah (c v ab ag y) ae e ag k c
q au ap aq at ar ao = h (h b) l ag an s c au x (c aa)
o ao ap = ag g j (aa q)
ag ap aq ao = e h al i a k l
r ar ap aq ao = y y (w (ao a (ak u ai h ar)) b)
ai ap au at ao ar aq = q ab c (i (ab au an))
v ao au av aq ar at ap = at (z p r (at at)) af (ao aa aa)
s ao = x (ab (t w ac ak ag aa ab) (d k ao c))
h = af u (z f w)
j ar aq ap ao at au av = aj ad ad q t h a ad o f ag
an ap ao = aa i ae ap q h k
w ao = aj v am ad ad ac
f = m ag am o ac (x a)
l ap ao aq ar = i ac (r g ab) ap aa ab
ad au ar ap aq ao at = s n y aj h (an (h af aq ae v))
aj ap ao at ar aq = o (u ae aa ao ar) (l u)
------------------------------------------------------------
A w ag k B ab C ae D m E g v F G e n e (g aj k (d d H af)) (o I l (h l al af ah k (J K m e i (t x) l ak m (e (L M y a N s v) a s al (O P j am e c v f l ab x s d)) (Q R ad u)) g g z x) j a) S T am U ai (af V) r r ag (aj k ab v W aa X Y s c z Z)
A w ag k B ab C (an d x n f x k) D m E g v F G e n e (g aj k (d d H af)) (o I l (h l al af ah k (J K m e i (t x) l ak m (e (L M y a N s v) a s al (O P j am e c v f l ab x s d)) (Q R ad u)) g g z x) j a) S T am U ai (af V) r r ag (aj k ab v W aa X Y s c z Z)
A w ag k B ab C (aa i ae d q h k n f x k) D m E g v F G e n e (g aj k (d d H af)) (o I l (h l al af ah k (J K m e i (t x) l ak m (e (L M y a N s v) a s al (O P j am e c v f l ab x s d)) (Q R ad u)) g g z x) j a) S T am U ai (af V) r r ag (aj k ab v W aa X Y s c z Z)
A w ag k B ab C (m o al f ag ac f x k) D m E g v F G e n e (g aj k (d d H af)) (o I l (h l al af ah k (J K m e i (t x) l ak m (e (L M y a N s v) a s al (O P j am e c v f l ab x s d)) (Q R ad u)) g g z x) j a) S T am U ai (af V) r r ag (aj k ab v W aa X Y s c z Z)
A w ag k B ab C (h x k) D m E g v F G e n e (g aj k (d d H af)) (o I l (h l al af ah k (J K m e i (t x) l ak m (e (L M y a N s v) a s al (O P j am e c v f l ab x s d)) (Q R ad u)) g g z x) j a) S T am U ai (af V) r r ag (aj k ab v W aa X Y s c z Z)
A w ag k B ab C (af u (z f w) x k) D m E g v F G e n e (g aj k (d d H af)) (o I l (h l al af ah k (J K m e i (t x) l ak m (e (L M y a N s v) a s al (O P j am e c v f l ab x s d)) (Q R ad u)) g g z x) j a) S T am U ai (af V) r r ag (aj k ab v W aa X Y s c z Z)
A w ag k B ab C (d (z f w (ag g y ac)) k) D m E g v F G e n e (g aj k (d d H af)) (o I l (h l al af ah k (J K m e i (t x) l ak m (e (L M y a N s v) a s al (O P j am e c v f l ab x s d)) (Q R ad u)) g g z x) j a) S T am U ai (af V) r r ag (aj k ab v W aa X Y s c z Z)
A w ag k B ab C (d (o al g ad o q x t o o c t f w (ag g y ac)) k) D m E g v F G e n e (g aj k (d d H af)) (o I l (h l al af ah k (J K m e i (t x) l ak m (e (L M y a N s v) a s al (O P j am e c v f l ab x s d)) (Q R ad u)) g g z x) j a) S T am U ai (af V) r r ag (aj k ab v W aa X Y s c z Z)
A w ag k B ab C (d (ag g j (aa q) ad o q x t o o c t f w (ag g y ac)) k) D m E g v F G e n e (g aj k (d d H af)) (o I l (h l al af ah k (J K m e i (t x) l ak m (e (L M y a N s v) a s al (O P j am e c v f l ab x s d)) (Q R ad u)) g g z x) j a) S T am U ai (af V) r r ag (aj k ab v W aa X Y s c z Z)
A w ag k B ab C (d (e h al i a k l ad o q x t o o c t f w (ag g y ac)) k) D m E g v F G e n e (g aj k (d d H af)) (o I l (h l al af ah k (J K m e i (t x) l ak m (e (L M y a N s v) a s al (O P j am e c v f l ab x s d)) (Q R ad u)) g g z x) j a) S T am U ai (af V) r r ag (aj k ab v W aa X Y s c z Z)
A w ag k B ab C (d (ae (ae c) al k l ad o q x t o o c t f w (ag g y ac)) k) D m E g v F G e n e (g aj k (d d H af)) (o I l (h l al af ah k (J K m e i (t x) l ak m (e (L M y a N s v) a s al (O P j am e c v f l ab x s d)) (Q R ad u)) g g z x) j a) S T am U ai (af V) r r ag (aj k ab v W aa X Y s c z Z)
A w ag k B ab C (d (an d x n f x k (ae c) al k l ad o q x t o o c t f w (ag g y ac)) k) D m E g v F G e n e (g aj k (d d H af)) (o I l (h l al af ah k (J K m e i (t x) l ak m (e (L M y a N s v) a s al (O P j am e c v f l ab x s d)) (Q R ad u)) g g z x) j a) S T am U ai (af V) r r ag (aj k ab v W aa X Y s c z Z)
A w ag k B ab C (d (aa i ae d q h k n f x k (ae c) al k l ad o q x t o o c t f w (ag g y ac)) k) D m E g v F G e n e (g aj k (d d H af)) (o I l (h l al af ah k (J K m e i (t x) l ak m (e (L M y a N s v) a s al (O P j am e c v f l ab x s d)) (Q R ad u)) g g z x) j a) S T am U ai (af V) r r ag (aj k ab v W aa X Y s c z Z)
A w ag k B ab C (d (m o al f ag ac f x k (ae c) al k l ad o q x t o o c t f w (ag g y ac)) k) D m E g v F G e n e (g aj k (d d H af)) (o I l (h l al af ah k (J K m e i (t x) l ak m (e (L M y a N s v) a s al (O P j am e c v f l ab x s d)) (Q R ad u)) g g z x) j a) S T am U ai (af V) r r ag (aj k ab v W aa X Y s c z Z)
A w ag k B ab C (d (h x k (ae c) al k l ad o q x t o o c t f w (ag g y ac)) k) D m E g v F G e n e (g aj k (d d H af)) (o I l (h l al af ah k (J K m e i (t x) l ak m (e (L M y a N s v) a s al (O P j am e c v f l ab x s d)) (Q R ad u)) g g z x) j a) S T am U ai (af V) r r ag (aj k ab v W aa X Y s c z Z)
A w ag k B ab C (d (af u (z f w) x k (ae c) al k l ad o q x t o o c t f w (ag g y ac)) k) D m E g v F G e n e (g aj k (d d H af)) (o I l (h l al af ah k (J K m e i (t x) l ak m (e (L M y a N s v) a s al (O P j am e c v f l ab x s d)) (Q R ad u)) g g z x) j a) S T am U ai (af V) r r ag (aj k ab v W aa X Y s c z Z)
A w ag k B ab C (d (d (z f w (ag g y ac)) k (ae c) al k l ad o q x t o o c t f w (ag g y ac)) k) D m E g v F G e n e (g aj k (d d H af)) (o I l (h l al af ah k (J K m e i (t x) l ak m (e (L M y a N s v) a s al (O P j am e c v f l ab x s d)) (Q R ad u)) g g z x) j a) S T am U ai (af V) r r ag (aj k ab v W aa X Y s c z Z)
A w ag k B ab C (d (ag t ai ag ah k aa ah h l ad o q x t o o c t f w (ag g y ac)) k) D m E g v F G e n e (g aj k (d d H af)) (o I l (h l al af ah k (J K m e i (t x) l ak m (e (L M y a N s v) a s al (O P j am e c v f l ab x s d)) (Q R ad u)) g g z x) j a) S T am U ai (af V) r r ag (aj k ab v W aa X Y s c z Z)
A w ag k B ab C (d (e h al i a k l ah k aa ah h l ad o q x t o o c t f w (ag g y ac)) k) D m E g v F G e n e (g aj k (d d H af)) (o I l (h l al af ah k (J K m e i (t x) l ak m (e (L M y a N s v) a s al (O P j am e c v f l ab x s d)) (Q R ad u)) g g z x) j a) S T am U ai (af V) r r ag (aj k ab v W aa X Y s c z Z)
A w ag k B ab C (d (ae (ae c) al k l ah k aa ah h l ad o q x t o o c t f w (ag g y ac)) k) D m E g v F G e n e (g aj k (d d H af)) (o I l (h l al af ah k (J K m e i (t x) l ak m (e (L M y a N s v) a s al (O P j am e c v f l ab x s d)) (Q R ad u)) g g z x) j a) S T am U ai (af V) r r ag (aj k ab v W aa X Y s c z Z)
A w ag k B ab C (d (an d x n f x k (ae c) al k l ah k aa ah h l ad o q x t o o c t f w (ag g y ac)) k) D m E g v F G e n e (g aj k (d d H af)) (o I l (h l al af ah k (J K m e i (t x) l ak m (e (L M y a N s v) a s al (O P j am e c v f l ab x s d)) (Q R ad u)) g g z x) j a) S T am U ai (af V) r r ag (aj k ab v W aa X Y s c z Z)
A w ag k B ab C (d (aa i ae d q h k n f x k (ae c) al k l ah k aa ah h l ad o q x t o o c t f w (ag g y ac)) k) D m E g v F G e n e (g aj k (d d H af)) (o I l (h l al af ah k (J K m e i (t x) l ak m (e (L M y a N s v) a s al (O P j am e c v f l ab x s d)) (Q R ad u)) g g z x) j a) S T am U ai (af V) r r ag (aj k ab v W aa X Y s c z Z)
A w ag k B ab C (d (m o al f ag ac f x k (ae c) al k l ah k aa ah h l ad o q x t o o c t f w (ag g y ac)) k) D m E g v F G e n e (g aj k (d d H af)) (o I l (h l al af ah k (J K m e i (t x) l ak m (e (L M y a N s v) a s al (O P j am e c v f l ab x s d)) (Q R ad u)) g g z x) j a) S T am U ai (af V) r r ag (aj k ab v W aa X Y s c z Z)
A w ag k B ab C (d (h x k (ae c) al k l ah k aa ah h l ad o q x t o o c t f w (ag g y ac)) k) D m E g v F G e n e (g aj k (d d H af)) (o I l (h l al af ah k (J K m e i (t x) l ak m (e (L M y a N s v) a s al (O P j am e c v f l ab x s d)) (Q R ad u)) g g z x) j a) S T am U ai (af V) r r ag (aj k ab v W aa X Y s c z Z)
A w ag k B ab C (d (af u (z f w) x k (ae c) al k l ah k aa ah h l ad o q x t o o c t f w (ag g y ac)) k) D m E g v F G e n e (g aj k (d d H af)) (o I l (h l al af ah k (J K m e i (t x) l ak m (e (L M y a N s v) a s al (O P j am e c v f l ab x s d)) (Q R ad u)) g g z x) j a) S T am U ai (af V) r r ag (aj k ab v W aa X Y s c z Z)
A w ag k B ab C (d (d (z f w (ag g y ac)) k (ae c) al k l ah k aa ah h l ad o q x t o o c t f w (ag g y ac)) k) D m E g v F G e n e (g aj k (d d H af)) (o I l (h l al af ah k (J K m e i (t x) l ak m (e (L M y a N s v) a s al (O P j am e c v f l ab x s d)) (Q R ad u)) g g z x) j a) S T am U ai (af V) r r ag (aj k ab v W aa X Y s c z Z)
A w ag k B ab C (d (ag t ai ag ah k aa ah h l ah k aa ah h l ad o q x t o o c t f w (ag g y ac)) k) D m E g v F G e n e (g aj k (d d H af)) (o I l (h l al af ah k (J K m e i (t x) l ak m (e (L M y a N s v) a s al (O P j am e c v f l ab x s d)) (Q R ad u)) g g z x) j a) S T am U ai (af V) r r ag (aj k ab v W aa X Y s c z Z)
A w ag k B ab C (d (e h al i a k l ah k aa ah h l ah k aa ah h l ad o q x t o o c t f w (ag g y ac)) k) D m E g v F G e n e (g aj k (d d H af)) (o I l (h l al af ah k (J K m e i (t x) l ak m (e (L M y a N s v) a s al (O P j am e c v f l ab x s d)) (Q R ad u)) g g z x) j a) S T am U ai (af V) r r ag (aj k ab v W aa X Y s c z Z)
A w ag k B ab C (d (ae (ae c) al k l ah k aa ah h l ah k aa ah h l ad o q x t o o c t f w (ag g y ac)) k) D m E g v F G e n e (g aj k (d d H af)) (o I l (h l al af ah k (J K m e i (t x) l ak m (e (L M y a N s v) a s al (O P j am e c v f l ab x s d)) (Q R ad u)) g g z x) j a) S T am U ai (af V) r r ag (aj k ab v W aa X Y s c z Z)
A w ag k B ab C (d (an d x n f x k (ae c) al k l ah k aa ah h l ah k aa ah h l ad o q x t o o c t f w (ag g y ac)) k) D m E g v F G e n e (g aj k (d d H af)) (o I l (h l al af ah k (J K m e i (t x) l ak m (e (L M y a N s v) a s al (O P j am e c v f l ab x s d)) (Q R ad u)) g g z x) j a) S T am U ai (af V) r r ag (aj k ab v W aa X Y s c z Z)


