t av ap aq au ar ao at = au u ac v (y z ap y aa)
m ao = ao j ad s
i at ao ap ar aq = ab u x l (m g (ah ae ah c))
r aq ap ao = d f x al ag i ap (q aj f)
ad ap ao = k ao ai an (x c ao (w ah p))
aj ao = ah am ae (a r (ao p (am ah o c am)))
u ao aq ap ar = g c aj ak aj ap t
am ao = ae ao
v at ar ao aq ap = o m ad (m j o q) g n g
p ao ap = ap e g u g ap af l
d aq ap ao = s (z o aa (c j q aq m m an))
ae = i v g v y
f ar ap aq au av at ao = k h l am aj
h aq ao ap ar = l c e n ad f n ak af (an a)
ab ao = c (am (ai an) w) af
q ao ap = s af y w ao x m (r (ad an s))
b ao ar ap aq = a v (d c ad j d) q i h
ak ao ap = a v i af g k q ae u p y ap
ah au ar ap aq at ao = b ap at u
aa = k q
w ao = ai aa (ab (p p) (m n g ah ai ac r) ao)
ai ao ar at aq ap au = s ag ad q
l ar ao aq ap au at = ag m d aa ao am i ah p at y
c ap ao = m x ac an
e at au ao ar ap aq = x ap k b z au l a aa
n au at ao aq av ap ar = f u g e i al h
z ar av ao aq ap at au = ag al ap (v v y)
j ap at av ar aq ao au = a v l l g
af aq ar ap ao = ak o (ai (ai ap u (ae (k s w w ap) ab)))
ac ap aq ao au at ar = l aa af aj (aa t) (p ad ad r) d
k = ac am s w v c (i ab g aj d)
a aq ar au ao at ap = b aa (af g s k at c) aa
an at ao ap aq ar = ap h c (ak (al ap ai t ai k d ai j))
o = j af (w ae n)
y ao ap = f (g x w)
main = ad A B C (D aa) E F G H I J (K e s d) l L o M t r i (ab m am ai) (ak N ak) k af b O k ag P Q R S T (U u ad x (V v W X u Y) ag y n y (ac Z o (aj AA AB i (r (AC d) AD (u f v aj p r (AE (AF n r (ag s (al o (v ak s AG r g aj m al l d m ak am) y) j q AH z AI))))))))
ag aq ar ap ao at = ai ab ak u ak ai u ai p s t (ad ad)
x ap at au av aq ao ar = h c am ao al ar g p
g ao = z l z (c j ad) ab ah
s av aq ap ao at au ar = x r at x h e (w a) ai r r ai
al aq ap ao = ap an t l ae ad i ap j r ao z
------------------------------------------------------------
ad A B C (D aa) E F G H I J (K e s d) l L o M t r i (ab m am ai) (ak N ak) k af b O k ag P Q R S T (U u ad x (V v W X u Y) ag y n y (ac Z o (aj AA AB i (r (AC d) AD (u f v aj p r (AE (AF n r (ag s (al o (v ak s AG r g aj m al l d m ak am) y) j q AH z AI))))))))
k B ai an (x c B (w ah p)) C (D aa) E F G H I J (K e s d) l L o M t r i (ab m am ai) (ak N ak) k af b O k ag P Q R S T (U u ad x (V v W X u Y) ag y n y (ac Z o (aj AA AB i (r (AC d) AD (u f v aj p r (AE (AF n r (ag s (al o (v ak s AG r g aj m al l d m ak am) y) j q AH z AI))))))))
ac am s w v c (i ab g aj d) B ai an (x c B (w ah p)) C (D aa) E F G H I J (K e s d) l L o M t r i (ab m am ai) (ak N ak) k af b O k ag P Q R S T (U u ad x (V v W X u Y) ag y n y (ac Z o (aj AA AB i (r (AC d) AD (u f v aj p r (AE (AF n r (ag s (al o (v ak s AG r g aj m al l d m ak am) y) j q AH z AI))))))))
l aa af aj (aa t) (p ad ad r) d B ai an (x c B (w ah p)) C (D aa) E F G H I J (K e s d) l L o M t r i (ab m am ai) (ak N ak) k af b O k ag P Q R S T (U u ad x (V v W X u Y) ag y n y (ac Z o (aj AA AB i (r (AC d) AD (u f v aj p r (AE (AF n r (ag s (al o (v ak s AG r g aj m al l d m ak am) y) j q AH z AI))))))))
ag m d aa af am i ah p d y B ai an (x c B (w ah p)) C (D aa) E F G H I J (K e s d) l L o M t r i (ab m am ai) (ak N ak) k af b O k ag P Q R S T (U u ad x (V v W X u Y) ag y n y (ac Z o (aj AA AB i (r (AC d) AD (u f v aj p r (AE (AF n r (ag s (al o (v ak s AG r g aj m al l d m ak am) y) j q AH z AI))))))))
ai ab ak u ak ai u ai p s t (ad ad) i ah p d y B ai an (x c B (w ah p)) C (D aa) E F G H I J (K e s d) l L o M t r i (ab m am ai) (ak N ak) k af b O k ag P Q R S T (U u ad x (V v W X u Y) ag y n y (ac Z o (aj AA AB i (r (AC d) AD (u f v aj p r (AE (AF n r (ag s (al o (v ak s AG r g aj m al l d m ak am) y) j q AH z AI))))))))
s ag ad q ai p s t (ad ad) i ah p d y B ai an (x c B (w ah p)) C (D aa) E F G H I J (K e s d) l L o M t r i (ab m am ai) (ak N ak) k af b O k ag P Q R S T (U u ad x (V v W X u Y) ag y n y (ac Z o (aj AA AB i (r (AC d) AD (u f v aj p r (AE (AF n r (ag s (al o (v ak s AG r g aj m al l d m ak am) y) j q AH z AI))))))))
x r p x h e (w a) ai r r ai (ad ad) i ah p d y B ai an (x c B (w ah p)) C (D aa) E F G H I J (K e s d) l L o M t r i (ab m am ai) (ak N ak) k af b O k ag P Q R S T (U u ad x (V v W X u Y) ag y n y (ac Z o (aj AA AB i (r (AC d) AD (u f v aj p r (AE (AF n r (ag s (al o (v ak s AG r g aj m al l d m ak am) y) j q AH z AI))))))))
h c am (w a) al ai g p r r ai (ad ad) i ah p d y B ai an (x c B (w ah p)) C (D aa) E F G H I J (K e s d) l L o M t r i (ab m am ai) (ak N ak) k af b O k ag P Q R S T (U u ad x (V v W X u Y) ag y n y (ac Z o (aj AA AB i (r (AC d) AD (u f v aj p r (AE (AF n r (ag s (al o (v ak s AG r g aj m al l d m ak am) y) j q AH z AI))))))))
l c e n ad f n ak af (an a) ai g p r r ai (ad ad) i ah p d y B ai an (x c B (w ah p)) C (D aa) E F G H I J (K e s d) l L o M t r i (ab m am ai) (ak N ak) k af b O k ag P Q R S T (U u ad x (V v W X u Y) ag y n y (ac Z o (aj AA AB i (r (AC d) AD (u f v aj p r (AE (AF n r (ag s (al o (v ak s AG r g aj m al l d m ak am) y) j q AH z AI))))))))
ag m d aa e am i ah p n y ak af (an a) ai g p r r ai (ad ad) i ah p d y B ai an (x c B (w ah p)) C (D aa) E F G H I J (K e s d) l L o M t r i (ab m am ai) (ak N ak) k af b O k ag P Q R S T (U u ad x (V v W X u Y) ag y n y (ac Z o (aj AA AB i (r (AC d) AD (u f v aj p r (AE (AF n r (ag s (al o (v ak s AG r g aj m al l d m ak am) y) j q AH z AI))))))))
ai ab ak u ak ai u ai p s t (ad ad) i ah p n y ak af (an a) ai g p r r ai (ad ad) i ah p d y B ai an (x c B (w ah p)) C (D aa) E F G H I J (K e s d) l L o M t r i (ab m am ai) (ak N ak) k af b O k ag P Q R S T (U u ad x (V v W X u Y) ag y n y (ac Z o (aj AA AB i (r (AC d) AD (u f v aj p r (AE (AF n r (ag s (al o (v ak s AG r g aj m al l d m ak am) y) j q AH z AI))))))))
s ag ad q ai p s t (ad ad) i ah p n y ak af (an a) ai g p r r ai (ad ad) i ah p d y B ai an (x c B (w ah p)) C (D aa) E F G H I J (K e s d) l L o M t r i (ab m am ai) (ak N ak) k af b O k ag P Q R S T (U u ad x (V v W X u Y) ag y n y (ac Z o (aj AA AB i (r (AC d) AD (u f v aj p r (AE (AF n r (ag s (al o (v ak s AG r g aj m al l d m ak am) y) j q AH z AI))))))))
x r p x h e (w a) ai r r ai (ad ad) i ah p n y ak af (an a) ai g p r r ai (ad ad) i ah p d y B ai an (x c B (w ah p)) C (D aa) E F G H I J (K e s d) l L o M t r i (ab m am ai) (ak N ak) k af b O k ag P Q R S T (U u ad x (V v W X u Y) ag y n y (ac Z o (aj AA AB i (r (AC d) AD (u f v aj p r (AE (AF n r (ag s (al o (v ak s AG r g aj m al l d m ak am) y) j q AH z AI))))))))
h c am (w a) al ai g p r r ai (ad ad) i ah p n y ak af (an a) ai g p r r ai (ad ad) i ah p d y B ai an (x c B (w ah p)) C (D aa) E F G H I J (K e s d) l L o M t r i (ab m am ai) (ak N ak) k af b O k ag P Q R S T (U u ad x (V v W X u Y) ag y n y (ac Z o (aj AA AB i (r (AC d) AD (u f v aj p r (AE (AF n r (ag s (al o (v ak s AG r g aj m al l d m ak am) y) j q AH z AI))))))))
l c e n ad f n ak af (an a) ai g p r r ai (ad ad) i ah p n y ak af (an a) ai g p r r ai (ad ad) i ah p d y B ai an (x c B (w ah p)) C (D aa) E F G H I J (K e s d) l L o M t r i (ab m am ai) (ak N ak) k af b O k ag P Q R S T (U u ad x (V v W X u Y) ag y n y (ac Z o (aj AA AB i (r (AC d) AD (u f v aj p r (AE (AF n r (ag s (al o (v ak s AG r g aj m al l d m ak am) y) j q AH z AI))))))))
ag m d aa e am i ah p n y ak af (an a) ai g p r r ai (ad ad) i ah p n y ak af (an a) ai g p r r ai (ad ad) i ah p d y B ai an (x c B (w ah p)) C (D aa) E F G H I J (K e s d) l L o M t r i (ab m am ai) (ak N ak) k af b O k ag P Q R S T (U u ad x (V v W X u Y) ag y n y (ac Z o (aj AA AB i (r (AC d) AD (u f v aj p r (AE (AF n r (ag s (al o (v ak s AG r g aj m al l d m ak am) y) j q AH z AI))))))))
ai ab ak u ak ai u ai p s t (ad ad) i ah p n y ak af (an a) ai g p r r ai (ad ad) i ah p n y ak af (an a) ai g p r r ai (ad ad) i ah p d y B ai an (x c B (w ah p)) C (D aa) E F G H I J (K e s d) l L o M t r i (ab m am ai) (ak N ak) k af b O k ag P Q R S T (U u ad x (V v W X u Y) ag y n y (ac Z o (aj AA AB i (r (AC d) AD (u f v aj p r (AE (AF n r (ag s (al o (v ak s AG r g aj m al l d m ak am) y) j q AH z AI))))))))
s ag ad q ai p s t (ad ad) i ah p n y ak af (an a) ai g p r r ai (ad ad) i ah p n y ak af (an a) ai g p r r ai (ad ad) i ah p d y B ai an (x c B (w ah p)) C (D aa) E F G H I J (K e s d) l L o M t r i (ab m am ai) (ak N ak) k af b O k ag P Q R S T (U u ad x (V v W X u Y) ag y n y (ac Z o (aj AA AB i (r (AC d) AD (u f v aj p r (AE (AF n r (ag s (al o (v ak s AG r g aj m al l d m ak am) y) j q AH z AI))))))))
x r p x h e (w a) ai r r ai (ad ad) i ah p n y ak af (an a) ai g p r r ai (ad ad) i ah p n y ak af (an a) ai g p r r ai (ad ad) i ah p d y B ai an (x c B (w ah p)) C (D aa) E F G H I J (K e s d) l L o M t r i (ab m am ai) (ak N ak) k af b O k ag P Q R S T (U u ad x (V v W X u Y) ag y n y (ac Z o (aj AA AB i (r (AC d) AD (u f v aj p r (AE (AF n r (ag s (al o (v ak s AG r g aj m al l d m ak am) y) j q AH z AI))))))))
h c am (w a) al ai g p r r ai (ad ad) i ah p n y ak af (an a) ai g p r r ai (ad ad) i ah p n y ak af (an a) ai g p r r ai (ad ad) i ah p d y B ai an (x c B (w ah p)) C (D aa) E F G H I J (K e s d) l L o M t r i (ab m am ai) (ak N ak) k af b O k ag P Q R S T (U u ad x (V v W X u Y) ag y n y (ac Z o (aj AA AB i (r (AC d) AD (u f v aj p r (AE (AF n r (ag s (al o (v ak s AG r g aj m al l d m ak am) y) j q AH z AI))))))))
l c e n ad f n ak af (an a) ai g p r r ai (ad ad) i ah p n y ak af (an a) ai g p r r ai (ad ad) i ah p n y ak af (an a) ai g p r r ai (ad ad) i ah p d y B ai an (x c B (w ah p)) C (D aa) E F G H I J (K e s d) l L o M t r i (ab m am ai) (ak N ak) k af b O k ag P Q R S T (U u ad x (V v W X u Y) ag y n y (ac Z o (aj AA AB i (r (AC d) AD (u f v aj p r (AE (AF n r (ag s (al o (v ak s AG r g aj m al l d m ak am) y) j q AH z AI))))))))
ag m d aa e am i ah p n y ak af (an a) ai g p r r ai (ad ad) i ah p n y ak af (an a) ai g p r r ai (ad ad) i ah p n y ak af (an a) ai g p r r ai (ad ad) i ah p d y B ai an (x c B (w ah p)) C (D aa) E F G H I J (K e s d) l L o M t r i (ab m am ai) (ak N ak) k af b O k ag P Q R S T (U u ad x (V v W X u Y) ag y n y (ac Z o (aj AA AB i (r (AC d) AD (u f v aj p r (AE (AF n r (ag s (al o (v ak s AG r g aj m al l d m ak am) y) j q AH z AI))))))))
ai ab ak u ak ai u ai p s t (ad ad) i ah p n y ak af (an a) ai g p r r ai (ad ad) i ah p n y ak af (an a) ai g p r r ai (ad ad) i ah p n y ak af (an a) ai g p r r ai (ad ad) i ah p d y B ai an (x c B (w ah p)) C (D aa) E F G H I J (K e s d) l L o M t r i (ab m am ai) (ak N ak) k af b O k ag P Q R S T (U u ad x (V v W X u Y) ag y n y (ac Z o (aj AA AB i (r (AC d) AD (u f v aj p r (AE (AF n r (ag s (al o (v ak s AG r g aj m al l d m ak am) y) j q AH z AI))))))))
s ag ad q ai p s t (ad ad) i ah p n y ak af (an a) ai g p r r ai (ad ad) i ah p n y ak af (an a) ai g p r r ai (ad ad) i ah p n y ak af (an a) ai g p r r ai (ad ad) i ah p d y B ai an (x c B (w ah p)) C (D aa) E F G H I J (K e s d) l L o M t r i (ab m am ai) (ak N ak) k af b O k ag P Q R S T (U u ad x (V v W X u Y) ag y n y (ac Z o (aj AA AB i (r (AC d) AD (u f v aj p r (AE (AF n r (ag s (al o (v ak s AG r g aj m al l d m ak am) y) j q AH z AI))))))))
x r p x h e (w a) ai r r ai (ad ad) i ah p n y ak af (an a) ai g p r r ai (ad ad) i ah p n y ak af (an a) ai g p r r ai (ad ad) i ah p n y ak af (an a) ai g p r r ai (ad ad) i ah p d y B ai an (x c B (w ah p)) C (D aa) E F G H I J (K e s d) l L o M t r i (ab m am ai) (ak N ak) k af b O k ag P Q R S T (U u ad x (V v W X u Y) ag y n y (ac Z o (aj AA AB i (r (AC d) AD (u f v aj p r (AE (AF n r (ag s (al o (v ak s AG r g aj m al l d m ak am) y) j q AH z AI))))))))
h c am (w a) al ai g p r r ai (ad ad) i ah p n y ak af (an a) ai g p r r ai (ad ad) i ah p n y ak af (an a) ai g p r r ai (ad ad) i ah p n y ak af (an a) ai g p r r ai (ad ad) i ah p d y B ai an (x c B (w ah p)) C (D aa) E F G H I J (K e s d) l L o M t r i (ab m am ai) (ak N ak) k af b O k ag P Q R S T (U u ad x (V v W X u Y) ag y n y (ac Z o (aj AA AB i (r (AC d) AD (u f v aj p r (AE (AF n r (ag s (al o (v ak s AG r g aj m al l d m ak am) y) j q AH z AI))))))))
l c e n ad f n ak af (an a) ai g p r r ai (ad ad) i ah p n y ak af (an a) ai g p r r ai (ad ad) i ah p n y ak af (an a) ai g p r r ai (ad ad) i ah p n y ak af (an a) ai g p r r ai (ad ad) i ah p d y B ai an (x c B (w ah p)) C (D aa) E F G H I J (K e s d) l L o M t r i (ab m am ai) (ak N ak) k af b O k ag P Q R S T (U u ad x (V v W X u Y) ag y n y (ac Z o (aj AA AB i (r (AC d) AD (u f v aj p r (AE (AF n r (ag s (al o (v ak s AG r g aj m al l d m ak am) y) j q AH z AI))))))))
ag m d aa e am i ah p n y ak af (an a) ai g p r r ai (ad ad) i ah p n y ak af (an a) ai g p r r ai (ad ad) i ah p n y ak af (an a) ai g p r r ai (ad ad) i ah p n y ak af (an a) ai g p r r ai (ad ad) i ah p d y B ai an (x c B (w ah p)) C (D aa) E F G H I J (K e s d) l L o M t r i (ab m am ai) (ak N ak) k af b O k ag P Q R S T (U u ad x (V v W X u Y) ag y n y (ac Z o (aj AA AB i (r (AC d) AD (u f v aj p r (AE (AF n r (ag s (al o (v ak s AG r g aj m al l d m ak am) y) j q AH z AI))))))))
ai ab ak u ak ai u ai p s t (ad ad) i ah p n y ak af (an a) ai g p r r ai (ad ad) i ah p n y ak af (an a) ai g p r r ai (ad ad) i ah p n y ak af (an a) ai g p r r ai (ad ad) i ah p n y ak af (an a) ai g p r r ai (ad ad) i ah p d y B ai an (x c B (w ah p)) C (D aa) E F G H I J (K e s d) l L o M t r i (ab m am ai) (ak N ak) k af b O k ag P Q R S T (U u ad x (V v W X u Y) ag y n y (ac Z o (aj AA AB i (r (AC d) AD (u f v aj p r (AE (AF n r (ag s (al o (v ak s AG r g aj m al l d m ak am) y) j q AH z AI))))))))


