e ap ao aq ap (ab t) am aq z n f l (x s a a)
u ao p g ao x x x m ak
ak ao ap aq b m ao j w ae
ag ao ap aq ab w (ao w ah d an f) c
m ap aq at ao ar aq l ad af u ap at
al ap ao t l a k aj c w l ap j
f ar ap ao at aq am s a (p (af i ad ai n ae t))
ac ai ae (al aa am)
an ap ao am b m f j e c (ah c a)
q at aq ar ap ao e k t (t aq) an v
w ap ao d ah q (ah ab) k f x am
y ao ar aq ap p ab al d ad (ah ah) ae s
b ap aq ar au at ao aa h at af aq t aa (a w r)
i at ao ap aq ar au an e ap (m af v t) a ai m
v ar ao aq ap ao (ae (af an) p (ah a u))
c au at aq ap ar ao ap n r v b b (ak ag) r q j ad
n ao aq ap w g ao y ak ao c g k y ap h f
k aq ao ap at ar s am af ag g z u b p ao
o aq ap at au ao ar av m ak s c ac ap (g w y an k) b al
p ar ap ao at aq z at t (ak k s m) (y m)
s ap ar aq ao ab (p ak n ac (ak b ap) ak ab aq i)
ad ap at ao aq au ar o m y (ao ap (j m aa))
j ao a aj ae d x
ab ao t (n ao n (m (ad r (n aj ah) ad o) j))
z ar aq ao ap p (ah ab ao (j (k u f h)))
ai ao at ar ap au aq av ak e (x (g s s ag e c ac aa f))
af aq ap ao d (h c) ao f e aa ag c t v
x r ag h ab (aa w w u ab g al k)
d ap aq ao i r t (ai (x aj)) aa
main ak (m h) ag A (B C w D q h) E F an l (j (G p) e d H x I r y) J f ai k K v L q t ai d an (j (am s o al r z j n o c p)) w ak M N O j v P (am v Q (R y n) (ag an x) af ab g q ak (ai S T y (d (g v (U (c am ad (V an ag ac W ak (i l s u f k p f aa X ab) aa)))))))
l aq ao ap aj j o
aj ap ao ac j am s ah x l
r ac (u (af ah h (v c v) e h))
h ao k ao aj ab (k b ah ak al) g
a ak (j v l c) aa ah (ag b l aj)
t af (d ab) e (y j p)
ae ap aq ar at ao p (af l (af t f q)) m
g ap ao ao b (r e q k v b i aa aj ae)
ah aq ao ar ap at ar al (t i af (ad n) x f)
aa ao aq ap m aq ad am ak y g ag ap m
am ao ap aq b ao ab af ap ai (aq x) m
------------------------------------------------------------
ak (m h) ag A (B C w D q h) E F an l (j (G p) e d H x I r y) J f ai k K v L q t ai d an (j (am s o al r z j n o c p)) w ak M N O j v P (am v Q (R y n) (ag an x) af ab g q ak (ai S T y (d (g v (U (c am ad (V an ag ac W ak (i l s u f k p f aa X ab) aa)))))))
b m (m h) j w ae (B C w D q h) E F an l (j (G p) e d H x I r y) J f ai k K v L q t ai d an (j (am s o al r z j n o c p)) w ak M N O j v P (am v Q (R y n) (ag an x) af ab g q ak (ai S T y (d (g v (U (c am ad (V an ag ac W ak (i l s u f k p f aa X ab) aa)))))))
aa h ae af (m h) t aa (a w r) E F an l (j (G p) e d H x I r y) J f ai k K v L q t ai d an (j (am s o al r z j n o c p)) w ak M N O j v P (am v Q (R y n) (ag an x) af ab g q ak (ai S T y (d (g v (U (c am ad (V an ag ac W ak (i l s u f k p f aa X ab) aa)))))))
m ae ad am ak y g ag af m (m h) t aa (a w r) E F an l (j (G p) e d H x I r y) J f ai k K v L q t ai d an (j (am s o al r z j n o c p)) w ak M N O j v P (am v Q (R y n) (ag an x) af ab g q ak (ai S T y (d (g v (U (c am ad (V an ag ac W ak (i l s u f k p f aa X ab) aa)))))))
ad l ad af u ae am g ag af m (m h) t aa (a w r) E F an l (j (G p) e d H x I r y) J f ai k K v L q t ai d an (j (am s o al r z j n o c p)) w ak M N O j v P (am v Q (R y n) (ag an x) af ab g q ak (ai S T y (d (g v (U (c am ad (V an ag ac W ak (i l s u f k p f aa X ab) aa)))))))
o m y (af l (j m aa)) g ag af m (m h) t aa (a w r) E F an l (j (G p) e d H x I r y) J f ai k K v L q t ai d an (j (am s o al r z j n o c p)) w ak M N O j v P (am v Q (R y n) (ag an x) af ab g q ak (ai S T y (d (g v (U (c am ad (V an ag ac W ak (i l s u f k p f aa X ab) aa)))))))
m ak s c ac y (g w y an k) b al (m h) t aa (a w r) E F an l (j (G p) e d H x I r y) J f ai k K v L q t ai d an (j (am s o al r z j n o c p)) w ak M N O j v P (am v Q (R y n) (ag an x) af ab g q ak (ai S T y (d (g v (U (c am ad (V an ag ac W ak (i l s u f k p f aa X ab) aa)))))))
s l ad af u ak c (g w y an k) b al (m h) t aa (a w r) E F an l (j (G p) e d H x I r y) J f ai k K v L q t ai d an (j (am s o al r z j n o c p)) w ak M N O j v P (am v Q (R y n) (ag an x) af ab g q ak (ai S T y (d (g v (U (c am ad (V an ag ac W ak (i l s u f k p f aa X ab) aa)))))))
ab (p ak n ac (ak b l) ak ab af i) ak c (g w y an k) b al (m h) t aa (a w r) E F an l (j (G p) e d H x I r y) J f ai k K v L q t ai d an (j (am s o al r z j n o c p)) w ak M N O j v P (am v Q (R y n) (ag an x) af ab g q ak (ai S T y (d (g v (U (c am ad (V an ag ac W ak (i l s u f k p f aa X ab) aa)))))))
t (n (p ak n ac (ak b l) ak ab af i) n (m (ad r (n aj ah) ad o) j)) ak c (g w y an k) b al (m h) t aa (a w r) E F an l (j (G p) e d H x I r y) J f ai k K v L q t ai d an (j (am s o al r z j n o c p)) w ak M N O j v P (am v Q (R y n) (ag an x) af ab g q ak (ai S T y (d (g v (U (c am ad (V an ag ac W ak (i l s u f k p f aa X ab) aa)))))))
af (d ab) e (y j p) (n (p ak n ac (ak b l) ak ab af i) n (m (ad r (n aj ah) ad o) j)) ak c (g w y an k) b al (m h) t aa (a w r) E F an l (j (G p) e d H x I r y) J f ai k K v L q t ai d an (j (am s o al r z j n o c p)) w ak M N O j v P (am v Q (R y n) (ag an x) af ab g q ak (ai S T y (d (g v (U (c am ad (V an ag ac W ak (i l s u f k p f aa X ab) aa)))))))
d (h c) (y j p) f e aa ag c t v (n (p ak n ac (ak b l) ak ab af i) n (m (ad r (n aj ah) ad o) j)) ak c (g w y an k) b al (m h) t aa (a w r) E F an l (j (G p) e d H x I r y) J f ai k K v L q t ai d an (j (am s o al r z j n o c p)) w ak M N O j v P (am v Q (R y n) (ag an x) af ab g q ak (ai S T y (d (g v (U (c am ad (V an ag ac W ak (i l s u f k p f aa X ab) aa)))))))
i r t (ai (x aj)) aa e aa ag c t v (n (p ak n ac (ak b l) ak ab af i) n (m (ad r (n aj ah) ad o) j)) ak c (g w y an k) b al (m h) t aa (a w r) E F an l (j (G p) e d H x I r y) J f ai k K v L q t ai d an (j (am s o al r z j n o c p)) w ak M N O j v P (am v Q (R y n) (ag an x) af ab g q ak (ai S T y (d (g v (U (c am ad (V an ag ac W ak (i l s u f k p f aa X ab) aa)))))))
an e (ai (x aj)) (m af v t) a ai m ag c t v (n (p ak n ac (ak b l) ak ab af i) n (m (ad r (n aj ah) ad o) j)) ak c (g w y an k) b al (m h) t aa (a w r) E F an l (j (G p) e d H x I r y) J f ai k K v L q t ai d an (j (am s o al r z j n o c p)) w ak M N O j v P (am v Q (R y n) (ag an x) af ab g q ak (ai S T y (d (g v (U (c am ad (V an ag ac W ak (i l s u f k p f aa X ab) aa)))))))
am b m f j e c (ah c a) (m af v t) a ai m ag c t v (n (p ak n ac (ak b l) ak ab af i) n (m (ad r (n aj ah) ad o) j)) ak c (g w y an k) b al (m h) t aa (a w r) E F an l (j (G p) e d H x I r y) J f ai k K v L q t ai d an (j (am s o al r z j n o c p)) w ak M N O j v P (am v Q (R y n) (ag an x) af ab g q ak (ai S T y (d (g v (U (c am ad (V an ag ac W ak (i l s u f k p f aa X ab) aa)))))))
b b ab af m ai (f x) m j e c (ah c a) (m af v t) a ai m ag c t v (n (p ak n ac (ak b l) ak ab af i) n (m (ad r (n aj ah) ad o) j)) ak c (g w y an k) b al (m h) t aa (a w r) E F an l (j (G p) e d H x I r y) J f ai k K v L q t ai d an (j (am s o al r z j n o c p)) w ak M N O j v P (am v Q (R y n) (ag an x) af ab g q ak (ai S T y (d (g v (U (c am ad (V an ag ac W ak (i l s u f k p f aa X ab) aa)))))))
aa h ai af ab t aa (a w r) m j e c (ah c a) (m af v t) a ai m ag c t v (n (p ak n ac (ak b l) ak ab af i) n (m (ad r (n aj ah) ad o) j)) ak c (g w y an k) b al (m h) t aa (a w r) E F an l (j (G p) e d H x I r y) J f ai k K v L q t ai d an (j (am s o al r z j n o c p)) w ak M N O j v P (am v Q (R y n) (ag an x) af ab g q ak (ai S T y (d (g v (U (c am ad (V an ag ac W ak (i l s u f k p f aa X ab) aa)))))))
m ai ad am ak y g ag af m ab t aa (a w r) m j e c (ah c a) (m af v t) a ai m ag c t v (n (p ak n ac (ak b l) ak ab af i) n (m (ad r (n aj ah) ad o) j)) ak c (g w y an k) b al (m h) t aa (a w r) E F an l (j (G p) e d H x I r y) J f ai k K v L q t ai d an (j (am s o al r z j n o c p)) w ak M N O j v P (am v Q (R y n) (ag an x) af ab g q ak (ai S T y (d (g v (U (c am ad (V an ag ac W ak (i l s u f k p f aa X ab) aa)))))))
ad l ad af u ai am g ag af m ab t aa (a w r) m j e c (ah c a) (m af v t) a ai m ag c t v (n (p ak n ac (ak b l) ak ab af i) n (m (ad r (n aj ah) ad o) j)) ak c (g w y an k) b al (m h) t aa (a w r) E F an l (j (G p) e d H x I r y) J f ai k K v L q t ai d an (j (am s o al r z j n o c p)) w ak M N O j v P (am v Q (R y n) (ag an x) af ab g q ak (ai S T y (d (g v (U (c am ad (V an ag ac W ak (i l s u f k p f aa X ab) aa)))))))
o m y (af l (j m aa)) g ag af m ab t aa (a w r) m j e c (ah c a) (m af v t) a ai m ag c t v (n (p ak n ac (ak b l) ak ab af i) n (m (ad r (n aj ah) ad o) j)) ak c (g w y an k) b al (m h) t aa (a w r) E F an l (j (G p) e d H x I r y) J f ai k K v L q t ai d an (j (am s o al r z j n o c p)) w ak M N O j v P (am v Q (R y n) (ag an x) af ab g q ak (ai S T y (d (g v (U (c am ad (V an ag ac W ak (i l s u f k p f aa X ab) aa)))))))
m ak s c ac y (g w y an k) b al ab t aa (a w r) m j e c (ah c a) (m af v t) a ai m ag c t v (n (p ak n ac (ak b l) ak ab af i) n (m (ad r (n aj ah) ad o) j)) ak c (g w y an k) b al (m h) t aa (a w r) E F an l (j (G p) e d H x I r y) J f ai k K v L q t ai d an (j (am s o al r z j n o c p)) w ak M N O j v P (am v Q (R y n) (ag an x) af ab g q ak (ai S T y (d (g v (U (c am ad (V an ag ac W ak (i l s u f k p f aa X ab) aa)))))))
s l ad af u ak c (g w y an k) b al ab t aa (a w r) m j e c (ah c a) (m af v t) a ai m ag c t v (n (p ak n ac (ak b l) ak ab af i) n (m (ad r (n aj ah) ad o) j)) ak c (g w y an k) b al (m h) t aa (a w r) E F an l (j (G p) e d H x I r y) J f ai k K v L q t ai d an (j (am s o al r z j n o c p)) w ak M N O j v P (am v Q (R y n) (ag an x) af ab g q ak (ai S T y (d (g v (U (c am ad (V an ag ac W ak (i l s u f k p f aa X ab) aa)))))))
ab (p ak n ac (ak b l) ak ab af i) ak c (g w y an k) b al ab t aa (a w r) m j e c (ah c a) (m af v t) a ai m ag c t v (n (p ak n ac (ak b l) ak ab af i) n (m (ad r (n aj ah) ad o) j)) ak c (g w y an k) b al (m h) t aa (a w r) E F an l (j (G p) e d H x I r y) J f ai k K v L q t ai d an (j (am s o al r z j n o c p)) w ak M N O j v P (am v Q (R y n) (ag an x) af ab g q ak (ai S T y (d (g v (U (c am ad (V an ag ac W ak (i l s u f k p f aa X ab) aa)))))))
t (n (p ak n ac (ak b l) ak ab af i) n (m (ad r (n aj ah) ad o) j)) ak c (g w y an k) b al ab t aa (a w r) m j e c (ah c a) (m af v t) a ai m ag c t v (n (p ak n ac (ak b l) ak ab af i) n (m (ad r (n aj ah) ad o) j)) ak c (g w y an k) b al (m h) t aa (a w r) E F an l (j (G p) e d H x I r y) J f ai k K v L q t ai d an (j (am s o al r z j n o c p)) w ak M N O j v P (am v Q (R y n) (ag an x) af ab g q ak (ai S T y (d (g v (U (c am ad (V an ag ac W ak (i l s u f k p f aa X ab) aa)))))))
af (d ab) e (y j p) (n (p ak n ac (ak b l) ak ab af i) n (m (ad r (n aj ah) ad o) j)) ak c (g w y an k) b al ab t aa (a w r) m j e c (ah c a) (m af v t) a ai m ag c t v (n (p ak n ac (ak b l) ak ab af i) n (m (ad r (n aj ah) ad o) j)) ak c (g w y an k) b al (m h) t aa (a w r) E F an l (j (G p) e d H x I r y) J f ai k K v L q t ai d an (j (am s o al r z j n o c p)) w ak M N O j v P (am v Q (R y n) (ag an x) af ab g q ak (ai S T y (d (g v (U (c am ad (V an ag ac W ak (i l s u f k p f aa X ab) aa)))))))
d (h c) (y j p) f e aa ag c t v (n (p ak n ac (ak b l) ak ab af i) n (m (ad r (n aj ah) ad o) j)) ak c (g w y an k) b al ab t aa (a w r) m j e c (ah c a) (m af v t) a ai m ag c t v (n (p ak n ac (ak b l) ak ab af i) n (m (ad r (n aj ah) ad o) j)) ak c (g w y an k) b al (m h) t aa (a w r) E F an l (j (G p) e d H x I r y) J f ai k K v L q t ai d an (j (am s o al r z j n o c p)) w ak M N O j v P (am v Q (R y n) (ag an x) af ab g q ak (ai S T y (d (g v (U (c am ad (V an ag ac W ak (i l s u f k p f aa X ab) aa)))))))
i r t (ai (x aj)) aa e aa ag c t v (n (p ak n ac (ak b l) ak ab af i) n (m (ad r (n aj ah) ad o) j)) ak c (g w y an k) b al ab t aa (a w r) m j e c (ah c a) (m af v t) a ai m ag c t v (n (p ak n ac (ak b l) ak ab af i) n (m (ad r (n aj ah) ad o) j)) ak c (g w y an k) b al (m h) t aa (a w r) E F an l (j (G p) e d H x I r y) J f ai k K v L q t ai d an (j (am s o al r z j n o c p)) w ak M N O j v P (am v Q (R y n) (ag an x) af ab g q ak (ai S T y (d (g v (U (c am ad (V an ag ac W ak (i l s u f k p f aa X ab) aa)))))))
an e (ai (x aj)) (m af v t) a ai m ag c t v (n (p ak n ac (ak b l) ak ab af i) n (m (ad r (n aj ah) ad o) j)) ak c (g w y an k) b al ab t aa (a w r) m j e c (ah c a) (m af v t) a ai m ag c t v (n (p ak n ac (ak b l) ak ab af i) n (m (ad r (n aj ah) ad o) j)) ak c (g w y an k) b al (m h) t aa (a w r) E F an l (j (G p) e d H x I r y) J f ai k K v L q t ai d an (j (am s o al r z j n o c p)) w ak M N O j v P (am v Q (R y n) (ag an x) af ab g q ak (ai S T y (d (g v (U (c am ad (V an ag ac W ak (i l s u f k p f aa X ab) aa)))))))
am b m f j e c (ah c a) (m af v t) a ai m ag c t v (n (p ak n ac (ak b l) ak ab af i) n (m (ad r (n aj ah) ad o) j)) ak c (g w y an k) b al ab t aa (a w r) m j e c (ah c a) (m af v t) a ai m ag c t v (n (p ak n ac (ak b l) ak ab af i) n (m (ad r (n aj ah) ad o) j)) ak c (g w y an k) b al (m h) t aa (a w r) E F an l (j (G p) e d H x I r y) J f ai k K v L q t ai d an (j (am s o al r z j n o c p)) w ak M N O j v P (am v Q (R y n) (ag an x) af ab g q ak (ai S T y (d (g v (U (c am ad (V an ag ac W ak (i l s u f k p f aa X ab) aa)))))))
b b ab af m ai (f x) m j e c (ah c a) (m af v t) a ai m ag c t v (n (p ak n ac (ak b l) ak ab af i) n (m (ad r (n aj ah) ad o) j)) ak c (g w y an k) b al ab t aa (a w r) m j e c (ah c a) (m af v t) a ai m ag c t v (n (p ak n ac (ak b l) ak ab af i) n (m (ad r (n aj ah) ad o) j)) ak c (g w y an k) b al (m h) t aa (a w r) E F an l (j (G p) e d H x I r y) J f ai k K v L q t ai d an (j (am s o al r z j n o c p)) w ak M N O j v P (am v Q (R y n) (ag an x) af ab g q ak (ai S T y (d (g v (U (c am ad (V an ag ac W ak (i l s u f k p f aa X ab) aa)))))))


