aj ao am o (ao am am y) ao ao m al ae ab w
ac ao ap d f (n e) ag s n
h ao ap ab a (y ao m m b an f ao z t)
am l ad an u aj a ae
r ar au ap aq ao av at ao ad g w f (al ab e) y w ag ab al
ai aq au av ar at ap ao ap r ad o b an c n q r ah (n ap)
u ao aj an ak c g aj ao n ae q
z av au ar at aq ao ap x i b
v ao g al ac f w ao ak u d n (d w)
a ap aq ao ar ae t t aa ao
k ao q ah z c x (af an)
j aq at au av ao ap ar a ag (m a y an al (at ag ad e ap))
an aj ac h r q w k ai x (ak x r d)
p ao v (t m m)
d k x aj (i o) al
af au ao at aq ap ar av ar w p am y u
ak ap ao aq at ar s
y ap ao ab ab u b b am v ac r
ag au ar ao at ap aq z d (y am) q b ai (d ar) ai q
ad ao ap v k ao f
q ao e ac j z v b w n al h ag
aa at ap aq ar ao an (l r b) ah (y x)
s au ap av ao at aq ar o u h ak v (x q r e t)
ah ao ap av at ar au aq k am t a ac p w u c i
w aq au at ap ao ar u au ac d ac ak c m p an aa i
i ao ap q (ao x am) a p ap l a n u n z
ae aq au ao ap ar at ao aa g (j h) h al (g (o b j u f))
e ap ao r ac h d ac (an aa d j a ao)
g ao ap ap an q ap ao ap
x ao av aq ar ap at au ac z c ac o
f aq ao ar at ap w (p ai) (ap b m ao)
main A aj B v a i ag p c v u ad C p D w l (E (d F ae b (ab (G H z v I b d y b t) g af J r c) o) K L M t) aj (w ac r N ab c O (p l f am (P Q R ac S (y ad ag) ab (z (al ae w) (T p ak U V a c (k w aj al) (W x s (X Y j) (r t (ah m) Z ae g i e AA AB b ah am q)))))))
n ar au at ap aq ao av z v m (an aa ae l) o au
b at ao aq ap ar t p
o ap aq ao h ah w ao b ao j ai e ac
m ao ao g (e z) (o (v e ah x u ao) ae)
al ao aq at ap ar aj j a ar a w j ag
t at au aq ao ap av ar aa s m d ap al ak af
l ap ao ar aq m r n z (r g) ac am ak h u y
c ap ao aq ar ar r (g (ah ah ae ab) (j ar) ae a)
ab ap aq ar ao j (f ak w (ae am (c (k z z)) ao ah ar))
------------------------------------------------------------
A aj B v a i ag p c v u ad C p D w l (E (d F ae b (ab (G H z v I b d y b t) g af J r c) o) K L M t) aj (w ac r N ab c O (p l f am (P Q R ac S (y ad ag) ab (z (al ae w) (T p ak U V a c (k w aj al) (W x s (X Y j) (r t (ah m) Z ae g i e AA AB b ah am q)))))))
A aj B v a i ag p c v u ad C p D w l (E (k x aj (i o) al F ae b (ab (G H z v I b d y b t) g af J r c) o) K L M t) aj (w ac r N ab c O (p l f am (P Q R ac S (y ad ag) ab (z (al ae w) (T p ak U V a c (k w aj al) (W x s (X Y j) (r t (ah m) Z ae g i e AA AB b ah am q)))))))
A aj B v a i ag p c v u ad C p D w l (E (q ah z c x (af an) aj (i o) al F ae b (ab (G H z v I b d y b t) g af J r c) o) K L M t) aj (w ac r N ab c O (p l f am (P Q R ac S (y ad ag) ab (z (al ae w) (T p ak U V a c (k w aj al) (W x s (X Y j) (r t (ah m) Z ae g i e AA AB b ah am q)))))))
A aj B v a i ag p c v u ad C p D w l (E (e ac j z v b w n al h ag z c x (af an) aj (i o) al F ae b (ab (G H z v I b d y b t) g af J r c) o) K L M t) aj (w ac r N ab c O (p l f am (P Q R ac S (y ad ag) ab (z (al ae w) (T p ak U V a c (k w aj al) (W x s (X Y j) (r t (ah m) Z ae g i e AA AB b ah am q)))))))
A aj B v a i ag p c v u ad C p D w l (E (r ac h d ac (an aa d j a j) z v b w n al h ag z c x (af an) aj (i o) al F ae b (ab (G H z v I b d y b t) g af J r c) o) K L M t) aj (w ac r N ab c O (p l f am (P Q R ac S (y ad ag) ab (z (al ae w) (T p ak U V a c (k w aj al) (W x s (X Y j) (r t (ah m) Z ae g i e AA AB b ah am q)))))))
A aj B v a i ag p c v u ad C p D w l (E (an aa d j a j ad g w f (al ab e) y w ag ab al b w n al h ag z c x (af an) aj (i o) al F ae b (ab (G H z v I b d y b t) g af J r c) o) K L M t) aj (w ac r N ab c O (p l f am (P Q R ac S (y ad ag) ab (z (al ae w) (T p ak U V a c (k w aj al) (W x s (X Y j) (r t (ah m) Z ae g i e AA AB b ah am q)))))))
A aj B v a i ag p c v u ad C p D w l (E (aj ac h r q w k ai x (ak x r d) aa d j a j ad g w f (al ab e) y w ag ab al b w n al h ag z c x (af an) aj (i o) al F ae b (ab (G H z v I b d y b t) g af J r c) o) K L M t) aj (w ac r N ab c O (p l f am (P Q R ac S (y ad ag) ab (z (al ae w) (T p ak U V a c (k w aj al) (W x s (X Y j) (r t (ah m) Z ae g i e AA AB b ah am q)))))))
A aj B v a i ag p c v u ad C p D w l (E (am o (ac am am y) ac ac m al ae ab w h r q w k ai x (ak x r d) aa d j a j ad g w f (al ab e) y w ag ab al b w n al h ag z c x (af an) aj (i o) al F ae b (ab (G H z v I b d y b t) g af J r c) o) K L M t) aj (w ac r N ab c O (p l f am (P Q R ac S (y ad ag) ab (z (al ae w) (T p ak U V a c (k w aj al) (W x s (X Y j) (r t (ah m) Z ae g i e AA AB b ah am q)))))))
A aj B v a i ag p c v u ad C p D w l (E (l ad an u aj a ae o (ac am am y) ac ac m al ae ab w h r q w k ai x (ak x r d) aa d j a j ad g w f (al ab e) y w ag ab al b w n al h ag z c x (af an) aj (i o) al F ae b (ab (G H z v I b d y b t) g af J r c) o) K L M t) aj (w ac r N ab c O (p l f am (P Q R ac S (y ad ag) ab (z (al ae w) (T p ak U V a c (k w aj al) (W x s (X Y j) (r t (ah m) Z ae g i e AA AB b ah am q)))))))
A aj B v a i ag p c v u ad C p D w l (E (m r n z (r g) ac am ak h u y a ae o (ac am am y) ac ac m al ae ab w h r q w k ai x (ak x r d) aa d j a j ad g w f (al ab e) y w ag ab al b w n al h ag z c x (af an) aj (i o) al F ae b (ab (G H z v I b d y b t) g af J r c) o) K L M t) aj (w ac r N ab c O (p l f am (P Q R ac S (y ad ag) ab (z (al ae w) (T p ak U V a c (k w aj al) (W x s (X Y j) (r t (ah m) Z ae g i e AA AB b ah am q)))))))
A aj B v a i ag p c v u ad C p D w l (E (r g (e z) (o (v e ah x u r) ae) n z (r g) ac am ak h u y a ae o (ac am am y) ac ac m al ae ab w h r q w k ai x (ak x r d) aa d j a j ad g w f (al ab e) y w ag ab al b w n al h ag z c x (af an) aj (i o) al F ae b (ab (G H z v I b d y b t) g af J r c) o) K L M t) aj (w ac r N ab c O (p l f am (P Q R ac S (y ad ag) ab (z (al ae w) (T p ak U V a c (k w aj al) (W x s (X Y j) (r t (ah m) Z ae g i e AA AB b ah am q)))))))
A aj B v a i ag p c v u ad C p D w l (E (z ad g w f (al ab e) y w ag ab al am ak h u y a ae o (ac am am y) ac ac m al ae ab w h r q w k ai x (ak x r d) aa d j a j ad g w f (al ab e) y w ag ab al b w n al h ag z c x (af an) aj (i o) al F ae b (ab (G H z v I b d y b t) g af J r c) o) K L M t) aj (w ac r N ab c O (p l f am (P Q R ac S (y ad ag) ab (z (al ae w) (T p ak U V a c (k w aj al) (W x s (X Y j) (r t (ah m) Z ae g i e AA AB b ah am q)))))))
A aj B v a i ag p c v u ad C p D w l (E (x i b ag ab al am ak h u y a ae o (ac am am y) ac ac m al ae ab w h r q w k ai x (ak x r d) aa d j a j ad g w f (al ab e) y w ag ab al b w n al h ag z c x (af an) aj (i o) al F ae b (ab (G H z v I b d y b t) g af J r c) o) K L M t) aj (w ac r N ab c O (p l f am (P Q R ac S (y ad ag) ab (z (al ae w) (T p ak U V a c (k w aj al) (W x s (X Y j) (r t (ah m) Z ae g i e AA AB b ah am q)))))))
A aj B v a i ag p c v u ad C p D w l (E (ac z c ac o h u y a ae o (ac am am y) ac ac m al ae ab w h r q w k ai x (ak x r d) aa d j a j ad g w f (al ab e) y w ag ab al b w n al h ag z c x (af an) aj (i o) al F ae b (ab (G H z v I b d y b t) g af J r c) o) K L M t) aj (w ac r N ab c O (p l f am (P Q R ac S (y ad ag) ab (z (al ae w) (T p ak U V a c (k w aj al) (W x s (X Y j) (r t (ah m) Z ae g i e AA AB b ah am q)))))))
A aj B v a i ag p c v u ad C p D w l (E (d f (n e) ag s n ac o h u y a ae o (ac am am y) ac ac m al ae ab w h r q w k ai x (ak x r d) aa d j a j ad g w f (al ab e) y w ag ab al b w n al h ag z c x (af an) aj (i o) al F ae b (ab (G H z v I b d y b t) g af J r c) o) K L M t) aj (w ac r N ab c O (p l f am (P Q R ac S (y ad ag) ab (z (al ae w) (T p ak U V a c (k w aj al) (W x s (X Y j) (r t (ah m) Z ae g i e AA AB b ah am q)))))))
A aj B v a i ag p c v u ad C p D w l (E (k x aj (i o) al f (n e) ag s n ac o h u y a ae o (ac am am y) ac ac m al ae ab w h r q w k ai x (ak x r d) aa d j a j ad g w f (al ab e) y w ag ab al b w n al h ag z c x (af an) aj (i o) al F ae b (ab (G H z v I b d y b t) g af J r c) o) K L M t) aj (w ac r N ab c O (p l f am (P Q R ac S (y ad ag) ab (z (al ae w) (T p ak U V a c (k w aj al) (W x s (X Y j) (r t (ah m) Z ae g i e AA AB b ah am q)))))))
A aj B v a i ag p c v u ad C p D w l (E (q ah z c x (af an) aj (i o) al f (n e) ag s n ac o h u y a ae o (ac am am y) ac ac m al ae ab w h r q w k ai x (ak x r d) aa d j a j ad g w f (al ab e) y w ag ab al b w n al h ag z c x (af an) aj (i o) al F ae b (ab (G H z v I b d y b t) g af J r c) o) K L M t) aj (w ac r N ab c O (p l f am (P Q R ac S (y ad ag) ab (z (al ae w) (T p ak U V a c (k w aj al) (W x s (X Y j) (r t (ah m) Z ae g i e AA AB b ah am q)))))))
A aj B v a i ag p c v u ad C p D w l (E (e ac j z v b w n al h ag z c x (af an) aj (i o) al f (n e) ag s n ac o h u y a ae o (ac am am y) ac ac m al ae ab w h r q w k ai x (ak x r d) aa d j a j ad g w f (al ab e) y w ag ab al b w n al h ag z c x (af an) aj (i o) al F ae b (ab (G H z v I b d y b t) g af J r c) o) K L M t) aj (w ac r N ab c O (p l f am (P Q R ac S (y ad ag) ab (z (al ae w) (T p ak U V a c (k w aj al) (W x s (X Y j) (r t (ah m) Z ae g i e AA AB b ah am q)))))))
A aj B v a i ag p c v u ad C p D w l (E (r ac h d ac (an aa d j a j) z v b w n al h ag z c x (af an) aj (i o) al f (n e) ag s n ac o h u y a ae o (ac am am y) ac ac m al ae ab w h r q w k ai x (ak x r d) aa d j a j ad g w f (al ab e) y w ag ab al b w n al h ag z c x (af an) aj (i o) al F ae b (ab (G H z v I b d y b t) g af J r c) o) K L M t) aj (w ac r N ab c O (p l f am (P Q R ac S (y ad ag) ab (z (al ae w) (T p ak U V a c (k w aj al) (W x s (X Y j) (r t (ah m) Z ae g i e AA AB b ah am q)))))))
A aj B v a i ag p c v u ad C p D w l (E (an aa d j a j ad g w f (al ab e) y w ag ab al b w n al h ag z c x (af an) aj (i o) al f (n e) ag s n ac o h u y a ae o (ac am am y) ac ac m al ae ab w h r q w k ai x (ak x r d) aa d j a j ad g w f (al ab e) y w ag ab al b w n al h ag z c x (af an) aj (i o) al F ae b (ab (G H z v I b d y b t) g af J r c) o) K L M t) aj (w ac r N ab c O (p l f am (P Q R ac S (y ad ag) ab (z (al ae w) (T p ak U V a c (k w aj al) (W x s (X Y j) (r t (ah m) Z ae g i e AA AB b ah am q)))))))
A aj B v a i ag p c v u ad C p D w l (E (aj ac h r q w k ai x (ak x r d) aa d j a j ad g w f (al ab e) y w ag ab al b w n al h ag z c x (af an) aj (i o) al f (n e) ag s n ac o h u y a ae o (ac am am y) ac ac m al ae ab w h r q w k ai x (ak x r d) aa d j a j ad g w f (al ab e) y w ag ab al b w n al h ag z c x (af an) aj (i o) al F ae b (ab (G H z v I b d y b t) g af J r c) o) K L M t) aj (w ac r N ab c O (p l f am (P Q R ac S (y ad ag) ab (z (al ae w) (T p ak U V a c (k w aj al) (W x s (X Y j) (r t (ah m) Z ae g i e AA AB b ah am q)))))))
A aj B v a i ag p c v u ad C p D w l (E (am o (ac am am y) ac ac m al ae ab w h r q w k ai x (ak x r d) aa d j a j ad g w f (al ab e) y w ag ab al b w n al h ag z c x (af an) aj (i o) al f (n e) ag s n ac o h u y a ae o (ac am am y) ac ac m al ae ab w h r q w k ai x (ak x r d) aa d j a j ad g w f (al ab e) y w ag ab al b w n al h ag z c x (af an) aj (i o) al F ae b (ab (G H z v I b d y b t) g af J r c) o) K L M t) aj (w ac r N ab c O (p l f am (P Q R ac S (y ad ag) ab (z (al ae w) (T p ak U V a c (k w aj al) (W x s (X Y j) (r t (ah m) Z ae g i e AA AB b ah am q)))))))
A aj B v a i ag p c v u ad C p D w l (E (l ad an u aj a ae o (ac am am y) ac ac m al ae ab w h r q w k ai x (ak x r d) aa d j a j ad g w f (al ab e) y w ag ab al b w n al h ag z c x (af an) aj (i o) al f (n e) ag s n ac o h u y a ae o (ac am am y) ac ac m al ae ab w h r q w k ai x (ak x r d) aa d j a j ad g w f (al ab e) y w ag ab al b w n al h ag z c x (af an) aj (i o) al F ae b (ab (G H z v I b d y b t) g af J r c) o) K L M t) aj (w ac r N ab c O (p l f am (P Q R ac S (y ad ag) ab (z (al ae w) (T p ak U V a c (k w aj al) (W x s (X Y j) (r t (ah m) Z ae g i e AA AB b ah am q)))))))
A aj B v a i ag p c v u ad C p D w l (E (m r n z (r g) ac am ak h u y a ae o (ac am am y) ac ac m al ae ab w h r q w k ai x (ak x r d) aa d j a j ad g w f (al ab e) y w ag ab al b w n al h ag z c x (af an) aj (i o) al f (n e) ag s n ac o h u y a ae o (ac am am y) ac ac m al ae ab w h r q w k ai x (ak x r d) aa d j a j ad g w f (al ab e) y w ag ab al b w n al h ag z c x (af an) aj (i o) al F ae b (ab (G H z v I b d y b t) g af J r c) o) K L M t) aj (w ac r N ab c O (p l f am (P Q R ac S (y ad ag) ab (z (al ae w) (T p ak U V a c (k w aj al) (W x s (X Y j) (r t (ah m) Z ae g i e AA AB b ah am q)))))))
A aj B v a i ag p c v u ad C p D w l (E (r g (e z) (o (v e ah x u r) ae) n z (r g) ac am ak h u y a ae o (ac am am y) ac ac m al ae ab w h r q w k ai x (ak x r d) aa d j a j ad g w f (al ab e) y w ag ab al b w n al h ag z c x (af an) aj (i o) al f (n e) ag s n ac o h u y a ae o (ac am am y) ac ac m al ae ab w h r q w k ai x (ak x r d) aa d j a j ad g w f (al ab e) y w ag ab al b w n al h ag z c x (af an) aj (i o) al F ae b (ab (G H z v I b d y b t) g af J r c) o) K L M t) aj (w ac r N ab c O (p l f am (P Q R ac S (y ad ag) ab (z (al ae w) (T p ak U V a c (k w aj al) (W x s (X Y j) (r t (ah m) Z ae g i e AA AB b ah am q)))))))
A aj B v a i ag p c v u ad C p D w l (E (z ad g w f (al ab e) y w ag ab al am ak h u y a ae o (ac am am y) ac ac m al ae ab w h r q w k ai x (ak x r d) aa d j a j ad g w f (al ab e) y w ag ab al b w n al h ag z c x (af an) aj (i o) al f (n e) ag s n ac o h u y a ae o (ac am am y) ac ac m al ae ab w h r q w k ai x (ak x r d) aa d j a j ad g w f (al ab e) y w ag ab al b w n al h ag z c x (af an) aj (i o) al F ae b (ab (G H z v I b d y b t) g af J r c) o) K L M t) aj (w ac r N ab c O (p l f am (P Q R ac S (y ad ag) ab (z (al ae w) (T p ak U V a c (k w aj al) (W x s (X Y j) (r t (ah m) Z ae g i e AA AB b ah am q)))))))
A aj B v a i ag p c v u ad C p D w l (E (x i b ag ab al am ak h u y a ae o (ac am am y) ac ac m al ae ab w h r q w k ai x (ak x r d) aa d j a j ad g w f (al ab e) y w ag ab al b w n al h ag z c x (af an) aj (i o) al f (n e) ag s n ac o h u y a ae o (ac am am y) ac ac m al ae ab w h r q w k ai x (ak x r d) aa d j a j ad g w f (al ab e) y w ag ab al b w n al h ag z c x (af an) aj (i o) al F ae b (ab (G H z v I b d y b t) g af J r c) o) K L M t) aj (w ac r N ab c O (p l f am (P Q R ac S (y ad ag) ab (z (al ae w) (T p ak U V a c (k w aj al) (W x s (X Y j) (r t (ah m) Z ae g i e AA AB b ah am q)))))))
A aj B v a i ag p c v u ad C p D w l (E (ac z c ac o h u y a ae o (ac am am y) ac ac m al ae ab w h r q w k ai x (ak x r d) aa d j a j ad g w f (al ab e) y w ag ab al b w n al h ag z c x (af an) aj (i o) al f (n e) ag s n ac o h u y a ae o (ac am am y) ac ac m al ae ab w h r q w k ai x (ak x r d) aa d j a j ad g w f (al ab e) y w ag ab al b w n al h ag z c x (af an) aj (i o) al F ae b (ab (G H z v I b d y b t) g af J r c) o) K L M t) aj (w ac r N ab c O (p l f am (P Q R ac S (y ad ag) ab (z (al ae w) (T p ak U V a c (k w aj al) (W x s (X Y j) (r t (ah m) Z ae g i e AA AB b ah am q)))))))
A aj B v a i ag p c v u ad C p D w l (E (d f (n e) ag s n ac o h u y a ae o (ac am am y) ac ac m al ae ab w h r q w k ai x (ak x r d) aa d j a j ad g w f (al ab e) y w ag ab al b w n al h ag z c x (af an) aj (i o) al f (n e) ag s n ac o h u y a ae o (ac am am y) ac ac m al ae ab w h r q w k ai x (ak x r d) aa d j a j ad g w f (al ab e) y w ag ab al b w n al h ag z c x (af an) aj (i o) al F ae b (ab (G H z v I b d y b t) g af J r c) o) K L M t) aj (w ac r N ab c O (p l f am (P Q R ac S (y ad ag) ab (z (al ae w) (T p ak U V a c (k w aj al) (W x s (X Y j) (r t (ah m) Z ae g i e AA AB b ah am q)))))))
A aj B v a i ag p c v u ad C p D w l (E (k x aj (i o) al f (n e) ag s n ac o h u y a ae o (ac am am y) ac ac m al ae ab w h r q w k ai x (ak x r d) aa d j a j ad g w f (al ab e) y w ag ab al b w n al h ag z c x (af an) aj (i o) al f (n e) ag s n ac o h u y a ae o (ac am am y) ac ac m al ae ab w h r q w k ai x (ak x r d) aa d j a j ad g w f (al ab e) y w ag ab al b w n al h ag z c x (af an) aj (i o) al F ae b (ab (G H z v I b d y b t) g af J r c) o) K L M t) aj (w ac r N ab c O (p l f am (P Q R ac S (y ad ag) ab (z (al ae w) (T p ak U V a c (k w aj al) (W x s (X Y j) (r t (ah m) Z ae g i e AA AB b ah am q)))))))


