q ao = ak ac j l f
k ao ap ar aq = i d (o ao (ak w z am am))
aa av au aq ar ap at ao = b ak ac (am (ap (b e ac b) o) b)
an ar ao au aq ap av at = x n ai b al m d h ak ak (af ar)
s ao = ai k (aa ao ah (al ab) (ak (d v i z ac)))
t ao ap = af y (x x y ap al ag d h)
d ar ao at au av aq ap = q aj c j aq o c aa p o ac i h
i aq ao at ar ap au = t aj au (ae w ai y au n p x)
w ap ar ao aq = y ak ar y al aj g b aq
ad au ao ar aq at ap = ah p ap ak aj ac ai ab q (aa ai) o r
j at au ao aq ar ap = w am z f ao l h i
ai ar at ap au aq av ao = h (m p (aq aq k)) au
am ao ap = h u d ap o
af aq ao ar ap = t u ac aa e (i (ah g o ap b))
f ao at au ap aq ar av = j h m c ah k t an av
e ap ao = ap k (aa d ad l) af ap l j i
ae ar at ap aq ao = k n n af q o t f h e aj ar
ac ao aq ap = h v v (ab (u (ai ad al) an y ao v w))
main = c o ag (w A) al ac B (aj ad (C c ah z ai) D (ae v E f (b (j aj F j (ag t) ad af u G a H e ai (i b (I a w J (t aj an (K L p)) (M N O j ae) r n (P Q (R S T (U q an an) w (V am x j z (e ak (ag af (ai o g (o ak W (X ae r) k) a e an s g z Y t ah) b m s))) o t al) k ae)))))))
b aq ap ao = aq w aa i am n v h h ap ao
h ap au ao ar aq at = v (b aq at aq ac) b ar
a ao = b ad h (d (ao ah ao q am x))
z aq ao ap = ap y
o au ap ao ar av at aq = d ab ao q ah m
y ao = aa u ao d j g (t f) c c i h
ah ap ao ar at aq = aa (af k (x y h)) q
u ao at aq ar au ap = v aa ai (x (f k) (x (at ad n aq am)))
m ap ao = j s s ac (i am an) u ap l ao w s
ak ao at ar ap au aq = g ad
p ar ap au at aq ao = f ad am an z at
c ao = af n v r an (r p w t g ag)
al = w ag ak b e j (q b)
x ao = ah w h v p g m aj
n ao ar ap aq au at = ab f e v (ac g f x d) f
g ao aq ap = af (al (m h af a ag)) c d
ab = q (d ae k l o u j) v v ag
ag ao ap aq = ap (t q) r g g j x ap u ai x aj
l = af ad (c (r b x f q an))
aj = m (u (o ag v r (l am e r h)))
v ao aq ap at ar = s aj aj aa ab ae l
r ao aq ap = y w g
------------------------------------------------------------
c o ag (w A) al ac B (aj ad (C c ah z ai) D (ae v E f (b (j aj F j (ag t) ad af u G a H e ai (i b (I a w J (t aj an (K L p)) (M N O j ae) r n (P Q (R S T (U q an an) w (V am x j z (e ak (ag af (ai o g (o ak W (X ae r) k) a e an s g z Y t ah) b m s))) o t al) k ae)))))))
af n v r an (r p w t g ag) ag (w A) al ac B (aj ad (C c ah z ai) D (ae v E f (b (j aj F j (ag t) ad af u G a H e ai (i b (I a w J (t aj an (K L p)) (M N O j ae) r n (P Q (R S T (U q an an) w (V am x j z (e ak (ag af (ai o g (o ak W (X ae r) k) a e an s g z Y t ah) b m s))) o t al) k ae)))))))
t u ac aa e (i (ah g o an b)) (r p w t g ag) ag (w A) al ac B (aj ad (C c ah z ai) D (ae v E f (b (j aj F j (ag t) ad af u G a H e ai (i b (I a w J (t aj an (K L p)) (M N O j ae) r n (P Q (R S T (U q an an) w (V am x j z (e ak (ag af (ai o g (o ak W (X ae r) k) a e an s g z Y t ah) b m s))) o t al) k ae)))))))
af y (x x y ac al ag d h) aa e (i (ah g o an b)) (r p w t g ag) ag (w A) al ac B (aj ad (C c ah z ai) D (ae v E f (b (j aj F j (ag t) ad af u G a H e ai (i b (I a w J (t aj an (K L p)) (M N O j ae) r n (P Q (R S T (U q an an) w (V am x j z (e ak (ag af (ai o g (o ak W (X ae r) k) a e an s g z Y t ah) b m s))) o t al) k ae)))))))
t u ac aa e (i (ah g o e b)) (i (ah g o an b)) (r p w t g ag) ag (w A) al ac B (aj ad (C c ah z ai) D (ae v E f (b (j aj F j (ag t) ad af u G a H e ai (i b (I a w J (t aj an (K L p)) (M N O j ae) r n (P Q (R S T (U q an an) w (V am x j z (e ak (ag af (ai o g (o ak W (X ae r) k) a e an s g z Y t ah) b m s))) o t al) k ae)))))))
af y (x x y ac al ag d h) aa e (i (ah g o e b)) (i (ah g o an b)) (r p w t g ag) ag (w A) al ac B (aj ad (C c ah z ai) D (ae v E f (b (j aj F j (ag t) ad af u G a H e ai (i b (I a w J (t aj an (K L p)) (M N O j ae) r n (P Q (R S T (U q an an) w (V am x j z (e ak (ag af (ai o g (o ak W (X ae r) k) a e an s g z Y t ah) b m s))) o t al) k ae)))))))
t u ac aa e (i (ah g o e b)) (i (ah g o e b)) (i (ah g o an b)) (r p w t g ag) ag (w A) al ac B (aj ad (C c ah z ai) D (ae v E f (b (j aj F j (ag t) ad af u G a H e ai (i b (I a w J (t aj an (K L p)) (M N O j ae) r n (P Q (R S T (U q an an) w (V am x j z (e ak (ag af (ai o g (o ak W (X ae r) k) a e an s g z Y t ah) b m s))) o t al) k ae)))))))
af y (x x y ac al ag d h) aa e (i (ah g o e b)) (i (ah g o e b)) (i (ah g o an b)) (r p w t g ag) ag (w A) al ac B (aj ad (C c ah z ai) D (ae v E f (b (j aj F j (ag t) ad af u G a H e ai (i b (I a w J (t aj an (K L p)) (M N O j ae) r n (P Q (R S T (U q an an) w (V am x j z (e ak (ag af (ai o g (o ak W (X ae r) k) a e an s g z Y t ah) b m s))) o t al) k ae)))))))
t u ac aa e (i (ah g o e b)) (i (ah g o e b)) (i (ah g o e b)) (i (ah g o an b)) (r p w t g ag) ag (w A) al ac B (aj ad (C c ah z ai) D (ae v E f (b (j aj F j (ag t) ad af u G a H e ai (i b (I a w J (t aj an (K L p)) (M N O j ae) r n (P Q (R S T (U q an an) w (V am x j z (e ak (ag af (ai o g (o ak W (X ae r) k) a e an s g z Y t ah) b m s))) o t al) k ae)))))))
af y (x x y ac al ag d h) aa e (i (ah g o e b)) (i (ah g o e b)) (i (ah g o e b)) (i (ah g o an b)) (r p w t g ag) ag (w A) al ac B (aj ad (C c ah z ai) D (ae v E f (b (j aj F j (ag t) ad af u G a H e ai (i b (I a w J (t aj an (K L p)) (M N O j ae) r n (P Q (R S T (U q an an) w (V am x j z (e ak (ag af (ai o g (o ak W (X ae r) k) a e an s g z Y t ah) b m s))) o t al) k ae)))))))
t u ac aa e (i (ah g o e b)) (i (ah g o e b)) (i (ah g o e b)) (i (ah g o e b)) (i (ah g o an b)) (r p w t g ag) ag (w A) al ac B (aj ad (C c ah z ai) D (ae v E f (b (j aj F j (ag t) ad af u G a H e ai (i b (I a w J (t aj an (K L p)) (M N O j ae) r n (P Q (R S T (U q an an) w (V am x j z (e ak (ag af (ai o g (o ak W (X ae r) k) a e an s g z Y t ah) b m s))) o t al) k ae)))))))
af y (x x y ac al ag d h) aa e (i (ah g o e b)) (i (ah g o e b)) (i (ah g o e b)) (i (ah g o e b)) (i (ah g o an b)) (r p w t g ag) ag (w A) al ac B (aj ad (C c ah z ai) D (ae v E f (b (j aj F j (ag t) ad af u G a H e ai (i b (I a w J (t aj an (K L p)) (M N O j ae) r n (P Q (R S T (U q an an) w (V am x j z (e ak (ag af (ai o g (o ak W (X ae r) k) a e an s g z Y t ah) b m s))) o t al) k ae)))))))
t u ac aa e (i (ah g o e b)) (i (ah g o e b)) (i (ah g o e b)) (i (ah g o e b)) (i (ah g o e b)) (i (ah g o an b)) (r p w t g ag) ag (w A) al ac B (aj ad (C c ah z ai) D (ae v E f (b (j aj F j (ag t) ad af u G a H e ai (i b (I a w J (t aj an (K L p)) (M N O j ae) r n (P Q (R S T (U q an an) w (V am x j z (e ak (ag af (ai o g (o ak W (X ae r) k) a e an s g z Y t ah) b m s))) o t al) k ae)))))))
af y (x x y ac al ag d h) aa e (i (ah g o e b)) (i (ah g o e b)) (i (ah g o e b)) (i (ah g o e b)) (i (ah g o e b)) (i (ah g o an b)) (r p w t g ag) ag (w A) al ac B (aj ad (C c ah z ai) D (ae v E f (b (j aj F j (ag t) ad af u G a H e ai (i b (I a w J (t aj an (K L p)) (M N O j ae) r n (P Q (R S T (U q an an) w (V am x j z (e ak (ag af (ai o g (o ak W (X ae r) k) a e an s g z Y t ah) b m s))) o t al) k ae)))))))
t u ac aa e (i (ah g o e b)) (i (ah g o e b)) (i (ah g o e b)) (i (ah g o e b)) (i (ah g o e b)) (i (ah g o e b)) (i (ah g o an b)) (r p w t g ag) ag (w A) al ac B (aj ad (C c ah z ai) D (ae v E f (b (j aj F j (ag t) ad af u G a H e ai (i b (I a w J (t aj an (K L p)) (M N O j ae) r n (P Q (R S T (U q an an) w (V am x j z (e ak (ag af (ai o g (o ak W (X ae r) k) a e an s g z Y t ah) b m s))) o t al) k ae)))))))
af y (x x y ac al ag d h) aa e (i (ah g o e b)) (i (ah g o e b)) (i (ah g o e b)) (i (ah g o e b)) (i (ah g o e b)) (i (ah g o e b)) (i (ah g o an b)) (r p w t g ag) ag (w A) al ac B (aj ad (C c ah z ai) D (ae v E f (b (j aj F j (ag t) ad af u G a H e ai (i b (I a w J (t aj an (K L p)) (M N O j ae) r n (P Q (R S T (U q an an) w (V am x j z (e ak (ag af (ai o g (o ak W (X ae r) k) a e an s g z Y t ah) b m s))) o t al) k ae)))))))
t u ac aa e (i (ah g o e b)) (i (ah g o e b)) (i (ah g o e b)) (i (ah g o e b)) (i (ah g o e b)) (i (ah g o e b)) (i (ah g o e b)) (i (ah g o an b)) (r p w t g ag) ag (w A) al ac B (aj ad (C c ah z ai) D (ae v E f (b (j aj F j (ag t) ad af u G a H e ai (i b (I a w J (t aj an (K L p)) (M N O j ae) r n (P Q (R S T (U q an an) w (V am x j z (e ak (ag af (ai o g (o ak W (X ae r) k) a e an s g z Y t ah) b m s))) o t al) k ae)))))))
af y (x x y ac al ag d h) aa e (i (ah g o e b)) (i (ah g o e b)) (i (ah g o e b)) (i (ah g o e b)) (i (ah g o e b)) (i (ah g o e b)) (i (ah g o e b)) (i (ah g o an b)) (r p w t g ag) ag (w A) al ac B (aj ad (C c ah z ai) D (ae v E f (b (j aj F j (ag t) ad af u G a H e ai (i b (I a w J (t aj an (K L p)) (M N O j ae) r n (P Q (R S T (U q an an) w (V am x j z (e ak (ag af (ai o g (o ak W (X ae r) k) a e an s g z Y t ah) b m s))) o t al) k ae)))))))
t u ac aa e (i (ah g o e b)) (i (ah g o e b)) (i (ah g o e b)) (i (ah g o e b)) (i (ah g o e b)) (i (ah g o e b)) (i (ah g o e b)) (i (ah g o e b)) (i (ah g o an b)) (r p w t g ag) ag (w A) al ac B (aj ad (C c ah z ai) D (ae v E f (b (j aj F j (ag t) ad af u G a H e ai (i b (I a w J (t aj an (K L p)) (M N O j ae) r n (P Q (R S T (U q an an) w (V am x j z (e ak (ag af (ai o g (o ak W (X ae r) k) a e an s g z Y t ah) b m s))) o t al) k ae)))))))
af y (x x y ac al ag d h) aa e (i (ah g o e b)) (i (ah g o e b)) (i (ah g o e b)) (i (ah g o e b)) (i (ah g o e b)) (i (ah g o e b)) (i (ah g o e b)) (i (ah g o e b)) (i (ah g o an b)) (r p w t g ag) ag (w A) al ac B (aj ad (C c ah z ai) D (ae v E f (b (j aj F j (ag t) ad af u G a H e ai (i b (I a w J (t aj an (K L p)) (M N O j ae) r n (P Q (R S T (U q an an) w (V am x j z (e ak (ag af (ai o g (o ak W (X ae r) k) a e an s g z Y t ah) b m s))) o t al) k ae)))))))
t u ac aa e (i (ah g o e b)) (i (ah g o e b)) (i (ah g o e b)) (i (ah g o e b)) (i (ah g o e b)) (i (ah g o e b)) (i (ah g o e b)) (i (ah g o e b)) (i (ah g o e b)) (i (ah g o an b)) (r p w t g ag) ag (w A) al ac B (aj ad (C c ah z ai) D (ae v E f (b (j aj F j (ag t) ad af u G a H e ai (i b (I a w J (t aj an (K L p)) (M N O j ae) r n (P Q (R S T (U q an an) w (V am x j z (e ak (ag af (ai o g (o ak W (X ae r) k) a e an s g z Y t ah) b m s))) o t al) k ae)))))))
af y (x x y ac al ag d h) aa e (i (ah g o e b)) (i (ah g o e b)) (i (ah g o e b)) (i (ah g o e b)) (i (ah g o e b)) (i (ah g o e b)) (i (ah g o e b)) (i (ah g o e b)) (i (ah g o e b)) (i (ah g o an b)) (r p w t g ag) ag (w A) al ac B (aj ad (C c ah z ai) D (ae v E f (b (j aj F j (ag t) ad af u G a H e ai (i b (I a w J (t aj an (K L p)) (M N O j ae) r n (P Q (R S T (U q an an) w (V am x j z (e ak (ag af (ai o g (o ak W (X ae r) k) a e an s g z Y t ah) b m s))) o t al) k ae)))))))
t u ac aa e (i (ah g o e b)) (i (ah g o e b)) (i (ah g o e b)) (i (ah g o e b)) (i (ah g o e b)) (i (ah g o e b)) (i (ah g o e b)) (i (ah g o e b)) (i (ah g o e b)) (i (ah g o e b)) (i (ah g o an b)) (r p w t g ag) ag (w A) al ac B (aj ad (C c ah z ai) D (ae v E f (b (j aj F j (ag t) ad af u G a H e ai (i b (I a w J (t aj an (K L p)) (M N O j ae) r n (P Q (R S T (U q an an) w (V am x j z (e ak (ag af (ai o g (o ak W (X ae r) k) a e an s g z Y t ah) b m s))) o t al) k ae)))))))
af y (x x y ac al ag d h) aa e (i (ah g o e b)) (i (ah g o e b)) (i (ah g o e b)) (i (ah g o e b)) (i (ah g o e b)) (i (ah g o e b)) (i (ah g o e b)) (i (ah g o e b)) (i (ah g o e b)) (i (ah g o e b)) (i (ah g o an b)) (r p w t g ag) ag (w A) al ac B (aj ad (C c ah z ai) D (ae v E f (b (j aj F j (ag t) ad af u G a H e ai (i b (I a w J (t aj an (K L p)) (M N O j ae) r n (P Q (R S T (U q an an) w (V am x j z (e ak (ag af (ai o g (o ak W (X ae r) k) a e an s g z Y t ah) b m s))) o t al) k ae)))))))
t u ac aa e (i (ah g o e b)) (i (ah g o e b)) (i (ah g o e b)) (i (ah g o e b)) (i (ah g o e b)) (i (ah g o e b)) (i (ah g o e b)) (i (ah g o e b)) (i (ah g o e b)) (i (ah g o e b)) (i (ah g o e b)) (i (ah g o an b)) (r p w t g ag) ag (w A) al ac B (aj ad (C c ah z ai) D (ae v E f (b (j aj F j (ag t) ad af u G a H e ai (i b (I a w J (t aj an (K L p)) (M N O j ae) r n (P Q (R S T (U q an an) w (V am x j z (e ak (ag af (ai o g (o ak W (X ae r) k) a e an s g z Y t ah) b m s))) o t al) k ae)))))))
af y (x x y ac al ag d h) aa e (i (ah g o e b)) (i (ah g o e b)) (i (ah g o e b)) (i (ah g o e b)) (i (ah g o e b)) (i (ah g o e b)) (i (ah g o e b)) (i (ah g o e b)) (i (ah g o e b)) (i (ah g o e b)) (i (ah g o e b)) (i (ah g o an b)) (r p w t g ag) ag (w A) al ac B (aj ad (C c ah z ai) D (ae v E f (b (j aj F j (ag t) ad af u G a H e ai (i b (I a w J (t aj an (K L p)) (M N O j ae) r n (P Q (R S T (U q an an) w (V am x j z (e ak (ag af (ai o g (o ak W (X ae r) k) a e an s g z Y t ah) b m s))) o t al) k ae)))))))
t u ac aa e (i (ah g o e b)) (i (ah g o e b)) (i (ah g o e b)) (i (ah g o e b)) (i (ah g o e b)) (i (ah g o e b)) (i (ah g o e b)) (i (ah g o e b)) (i (ah g o e b)) (i (ah g o e b)) (i (ah g o e b)) (i (ah g o e b)) (i (ah g o an b)) (r p w t g ag) ag (w A) al ac B (aj ad (C c ah z ai) D (ae v E f (b (j aj F j (ag t) ad af u G a H e ai (i b (I a w J (t aj an (K L p)) (M N O j ae) r n (P Q (R S T (U q an an) w (V am x j z (e ak (ag af (ai o g (o ak W (X ae r) k) a e an s g z Y t ah) b m s))) o t al) k ae)))))))
af y (x x y ac al ag d h) aa e (i (ah g o e b)) (i (ah g o e b)) (i (ah g o e b)) (i (ah g o e b)) (i (ah g o e b)) (i (ah g o e b)) (i (ah g o e b)) (i (ah g o e b)) (i (ah g o e b)) (i (ah g o e b)) (i (ah g o e b)) (i (ah g o e b)) (i (ah g o an b)) (r p w t g ag) ag (w A) al ac B (aj ad (C c ah z ai) D (ae v E f (b (j aj F j (ag t) ad af u G a H e ai (i b (I a w J (t aj an (K L p)) (M N O j ae) r n (P Q (R S T (U q an an) w (V am x j z (e ak (ag af (ai o g (o ak W (X ae r) k) a e an s g z Y t ah) b m s))) o t al) k ae)))))))
t u ac aa e (i (ah g o e b)) (i (ah g o e b)) (i (ah g o e b)) (i (ah g o e b)) (i (ah g o e b)) (i (ah g o e b)) (i (ah g o e b)) (i (ah g o e b)) (i (ah g o e b)) (i (ah g o e b)) (i (ah g o e b)) (i (ah g o e b)) (i (ah g o e b)) (i (ah g o an b)) (r p w t g ag) ag (w A) al ac B (aj ad (C c ah z ai) D (ae v E f (b (j aj F j (ag t) ad af u G a H e ai (i b (I a w J (t aj an (K L p)) (M N O j ae) r n (P Q (R S T (U q an an) w (V am x j z (e ak (ag af (ai o g (o ak W (X ae r) k) a e an s g z Y t ah) b m s))) o t al) k ae)))))))
af y (x x y ac al ag d h) aa e (i (ah g o e b)) (i (ah g o e b)) (i (ah g o e b)) (i (ah g o e b)) (i (ah g o e b)) (i (ah g o e b)) (i (ah g o e b)) (i (ah g o e b)) (i (ah g o e b)) (i (ah g o e b)) (i (ah g o e b)) (i (ah g o e b)) (i (ah g o e b)) (i (ah g o an b)) (r p w t g ag) ag (w A) al ac B (aj ad (C c ah z ai) D (ae v E f (b (j aj F j (ag t) ad af u G a H e ai (i b (I a w J (t aj an (K L p)) (M N O j ae) r n (P Q (R S T (U q an an) w (V am x j z (e ak (ag af (ai o g (o ak W (X ae r) k) a e an s g z Y t ah) b m s))) o t al) k ae)))))))


