g = s k h l
h ao ap = ap r (p r aa m ao)
ai ap ao = q (z q y t (z am o v) ap)
aj ap ao at aq ar = aa at j r n n j z w aa
an ao at ar ap au aq = n (i aa af o) af af n p n r
z ao = ae aa l r aj (b ao (aa t ad am ao))
al at ar ap au aq av ao = b h ak e b k aq (n g w ab b) k
y ao = u b (z v e ai o)
af ap ao ar aq = z u ac
f ao aq ap = an ac
main = z j (A B i m) (f (C r (z ab)) (D af (y (E aj (j (F (G ad ag g) af H ae) I f (J K (ad d aj) ad L n c) (ak j M N aa n j y ag) an w ad am) k) q am f ag (aa r t (O q)) b))) j P g Q a al R e a (k S aj T (U V i w d W v ah v) ad al X (j ai (e j Y i o b Z ab f z ai h)) y)
e ap aq au ar at ao = w (q l u n aj) k ag w (ae x v)
aa ap ao = o x ac b af y (c ap m)
k = b q x q am
l ao aq au ar at ap = s c (ac ab al p) s au d
n = ac p b v d ag (f ai)
ab ap ao aq ar at = aq (ae (s al a) q)
r ao = d (am v b c)
m = ah w ak t af
ag ao ap = ao g l ah ah (m (s c al p))
p ap ao = ad d a ao ad ao ab a ao ai
ad aq ar ao ap = ab b u r a l
ac = w m u ak (t u f u) af m
ah ao ap = m b x c ac
o ao = l ao g ab p q (b ao)
a ao at ar aq ap = z q y ap (aa w ap aj ad)
u ap ar aq ao = aa an j aa l (ac g ab j ap)
v = o (ab am ai ad (f (q i (w u af k))) c)
i ap ao = y af ab o f g ag (r f)
s = y m r ak d g (d h k)
j ao = i f ak f ai (m ak)
c aq ao ap ar = y u (w ac aq n) n am y y aa t x
ae = g v (ad b l)
am = p m
x ao = an d al v d t ao
q aq ao ap = z r ah o v ap aj ab af y ah
b au av ap ar ao aq at = h m (ar ag) u ac u y
w ar at aq ap ao au = n k c ad ae c h al ap ac am ar
t at ao aq ar ap = am b (q (w w n (ag am)) ab) aa d ab
ak ap aq au ao at ar = j am u ao i ao u v v f ag m s
d = j l (r s k a t m)
------------------------------------------------------------
z j (A B i m) (f (C r (z ab)) (D af (y (E aj (j (F (G ad ag g) af H ae) I f (J K (ad d aj) ad L n c) (ak j M N aa n j y ag) an w ad am) k) q am f ag (aa r t (O q)) b))) j P g Q a al R e a (k S aj T (U V i w d W v ah v) ad al X (j ai (e j Y i o b Z ab f z ai h)) y)
ae aa l r aj (b j (aa t ad am j)) (A B i m) (f (C r (z ab)) (D af (y (E aj (j (F (G ad ag g) af H ae) I f (J K (ad d aj) ad L n c) (ak j M N aa n j y ag) an w ad am) k) q am f ag (aa r t (O q)) b))) j P g Q a al R e a (k S aj T (U V i w d W v ah v) ad al X (j ai (e j Y i o b Z ab f z ai h)) y)
g v (ad b l) aa l r aj (b j (aa t ad am j)) (A B i m) (f (C r (z ab)) (D af (y (E aj (j (F (G ad ag g) af H ae) I f (J K (ad d aj) ad L n c) (ak j M N aa n j y ag) an w ad am) k) q am f ag (aa r t (O q)) b))) j P g Q a al R e a (k S aj T (U V i w d W v ah v) ad al X (j ai (e j Y i o b Z ab f z ai h)) y)
s k h l v (ad b l) aa l r aj (b j (aa t ad am j)) (A B i m) (f (C r (z ab)) (D af (y (E aj (j (F (G ad ag g) af H ae) I f (J K (ad d aj) ad L n c) (ak j M N aa n j y ag) an w ad am) k) q am f ag (aa r t (O q)) b))) j P g Q a al R e a (k S aj T (U V i w d W v ah v) ad al X (j ai (e j Y i o b Z ab f z ai h)) y)
y m r ak d g (d h k) k h l v (ad b l) aa l r aj (b j (aa t ad am j)) (A B i m) (f (C r (z ab)) (D af (y (E aj (j (F (G ad ag g) af H ae) I f (J K (ad d aj) ad L n c) (ak j M N aa n j y ag) an w ad am) k) q am f ag (aa r t (O q)) b))) j P g Q a al R e a (k S aj T (U V i w d W v ah v) ad al X (j ai (e j Y i o b Z ab f z ai h)) y)
u b (z v e ai o) r ak d g (d h k) k h l v (ad b l) aa l r aj (b j (aa t ad am j)) (A B i m) (f (C r (z ab)) (D af (y (E aj (j (F (G ad ag g) af H ae) I f (J K (ad d aj) ad L n c) (ak j M N aa n j y ag) an w ad am) k) q am f ag (aa r t (O q)) b))) j P g Q a al R e a (k S aj T (U V i w d W v ah v) ad al X (j ai (e j Y i o b Z ab f z ai h)) y)
aa an j aa l (ac g ab j b) d g (d h k) k h l v (ad b l) aa l r aj (b j (aa t ad am j)) (A B i m) (f (C r (z ab)) (D af (y (E aj (j (F (G ad ag g) af H ae) I f (J K (ad d aj) ad L n c) (ak j M N aa n j y ag) an w ad am) k) q am f ag (aa r t (O q)) b))) j P g Q a al R e a (k S aj T (U V i w d W v ah v) ad al X (j ai (e j Y i o b Z ab f z ai h)) y)
o x ac b af y (c an m) aa l (ac g ab j b) d g (d h k) k h l v (ad b l) aa l r aj (b j (aa t ad am j)) (A B i m) (f (C r (z ab)) (D af (y (E aj (j (F (G ad ag g) af H ae) I f (J K (ad d aj) ad L n c) (ak j M N aa n j y ag) an w ad am) k) q am f ag (aa r t (O q)) b))) j P g Q a al R e a (k S aj T (U V i w d W v ah v) ad al X (j ai (e j Y i o b Z ab f z ai h)) y)
l x g ab p q (b x) ac b af y (c an m) aa l (ac g ab j b) d g (d h k) k h l v (ad b l) aa l r aj (b j (aa t ad am j)) (A B i m) (f (C r (z ab)) (D af (y (E aj (j (F (G ad ag g) af H ae) I f (J K (ad d aj) ad L n c) (ak j M N aa n j y ag) an w ad am) k) q am f ag (aa r t (O q)) b))) j P g Q a al R e a (k S aj T (U V i w d W v ah v) ad al X (j ai (e j Y i o b Z ab f z ai h)) y)
s c (ac ab al p) s ab d ac b af y (c an m) aa l (ac g ab j b) d g (d h k) k h l v (ad b l) aa l r aj (b j (aa t ad am j)) (A B i m) (f (C r (z ab)) (D af (y (E aj (j (F (G ad ag g) af H ae) I f (J K (ad d aj) ad L n c) (ak j M N aa n j y ag) an w ad am) k) q am f ag (aa r t (O q)) b))) j P g Q a al R e a (k S aj T (U V i w d W v ah v) ad al X (j ai (e j Y i o b Z ab f z ai h)) y)
y m r ak d g (d h k) c (ac ab al p) s ab d ac b af y (c an m) aa l (ac g ab j b) d g (d h k) k h l v (ad b l) aa l r aj (b j (aa t ad am j)) (A B i m) (f (C r (z ab)) (D af (y (E aj (j (F (G ad ag g) af H ae) I f (J K (ad d aj) ad L n c) (ak j M N aa n j y ag) an w ad am) k) q am f ag (aa r t (O q)) b))) j P g Q a al R e a (k S aj T (U V i w d W v ah v) ad al X (j ai (e j Y i o b Z ab f z ai h)) y)
u b (z v e ai o) r ak d g (d h k) c (ac ab al p) s ab d ac b af y (c an m) aa l (ac g ab j b) d g (d h k) k h l v (ad b l) aa l r aj (b j (aa t ad am j)) (A B i m) (f (C r (z ab)) (D af (y (E aj (j (F (G ad ag g) af H ae) I f (J K (ad d aj) ad L n c) (ak j M N aa n j y ag) an w ad am) k) q am f ag (aa r t (O q)) b))) j P g Q a al R e a (k S aj T (U V i w d W v ah v) ad al X (j ai (e j Y i o b Z ab f z ai h)) y)
aa an j aa l (ac g ab j b) d g (d h k) c (ac ab al p) s ab d ac b af y (c an m) aa l (ac g ab j b) d g (d h k) k h l v (ad b l) aa l r aj (b j (aa t ad am j)) (A B i m) (f (C r (z ab)) (D af (y (E aj (j (F (G ad ag g) af H ae) I f (J K (ad d aj) ad L n c) (ak j M N aa n j y ag) an w ad am) k) q am f ag (aa r t (O q)) b))) j P g Q a al R e a (k S aj T (U V i w d W v ah v) ad al X (j ai (e j Y i o b Z ab f z ai h)) y)
o x ac b af y (c an m) aa l (ac g ab j b) d g (d h k) c (ac ab al p) s ab d ac b af y (c an m) aa l (ac g ab j b) d g (d h k) k h l v (ad b l) aa l r aj (b j (aa t ad am j)) (A B i m) (f (C r (z ab)) (D af (y (E aj (j (F (G ad ag g) af H ae) I f (J K (ad d aj) ad L n c) (ak j M N aa n j y ag) an w ad am) k) q am f ag (aa r t (O q)) b))) j P g Q a al R e a (k S aj T (U V i w d W v ah v) ad al X (j ai (e j Y i o b Z ab f z ai h)) y)
l x g ab p q (b x) ac b af y (c an m) aa l (ac g ab j b) d g (d h k) c (ac ab al p) s ab d ac b af y (c an m) aa l (ac g ab j b) d g (d h k) k h l v (ad b l) aa l r aj (b j (aa t ad am j)) (A B i m) (f (C r (z ab)) (D af (y (E aj (j (F (G ad ag g) af H ae) I f (J K (ad d aj) ad L n c) (ak j M N aa n j y ag) an w ad am) k) q am f ag (aa r t (O q)) b))) j P g Q a al R e a (k S aj T (U V i w d W v ah v) ad al X (j ai (e j Y i o b Z ab f z ai h)) y)
s c (ac ab al p) s ab d ac b af y (c an m) aa l (ac g ab j b) d g (d h k) c (ac ab al p) s ab d ac b af y (c an m) aa l (ac g ab j b) d g (d h k) k h l v (ad b l) aa l r aj (b j (aa t ad am j)) (A B i m) (f (C r (z ab)) (D af (y (E aj (j (F (G ad ag g) af H ae) I f (J K (ad d aj) ad L n c) (ak j M N aa n j y ag) an w ad am) k) q am f ag (aa r t (O q)) b))) j P g Q a al R e a (k S aj T (U V i w d W v ah v) ad al X (j ai (e j Y i o b Z ab f z ai h)) y)
y m r ak d g (d h k) c (ac ab al p) s ab d ac b af y (c an m) aa l (ac g ab j b) d g (d h k) c (ac ab al p) s ab d ac b af y (c an m) aa l (ac g ab j b) d g (d h k) k h l v (ad b l) aa l r aj (b j (aa t ad am j)) (A B i m) (f (C r (z ab)) (D af (y (E aj (j (F (G ad ag g) af H ae) I f (J K (ad d aj) ad L n c) (ak j M N aa n j y ag) an w ad am) k) q am f ag (aa r t (O q)) b))) j P g Q a al R e a (k S aj T (U V i w d W v ah v) ad al X (j ai (e j Y i o b Z ab f z ai h)) y)
u b (z v e ai o) r ak d g (d h k) c (ac ab al p) s ab d ac b af y (c an m) aa l (ac g ab j b) d g (d h k) c (ac ab al p) s ab d ac b af y (c an m) aa l (ac g ab j b) d g (d h k) k h l v (ad b l) aa l r aj (b j (aa t ad am j)) (A B i m) (f (C r (z ab)) (D af (y (E aj (j (F (G ad ag g) af H ae) I f (J K (ad d aj) ad L n c) (ak j M N aa n j y ag) an w ad am) k) q am f ag (aa r t (O q)) b))) j P g Q a al R e a (k S aj T (U V i w d W v ah v) ad al X (j ai (e j Y i o b Z ab f z ai h)) y)
aa an j aa l (ac g ab j b) d g (d h k) c (ac ab al p) s ab d ac b af y (c an m) aa l (ac g ab j b) d g (d h k) c (ac ab al p) s ab d ac b af y (c an m) aa l (ac g ab j b) d g (d h k) k h l v (ad b l) aa l r aj (b j (aa t ad am j)) (A B i m) (f (C r (z ab)) (D af (y (E aj (j (F (G ad ag g) af H ae) I f (J K (ad d aj) ad L n c) (ak j M N aa n j y ag) an w ad am) k) q am f ag (aa r t (O q)) b))) j P g Q a al R e a (k S aj T (U V i w d W v ah v) ad al X (j ai (e j Y i o b Z ab f z ai h)) y)
o x ac b af y (c an m) aa l (ac g ab j b) d g (d h k) c (ac ab al p) s ab d ac b af y (c an m) aa l (ac g ab j b) d g (d h k) c (ac ab al p) s ab d ac b af y (c an m) aa l (ac g ab j b) d g (d h k) k h l v (ad b l) aa l r aj (b j (aa t ad am j)) (A B i m) (f (C r (z ab)) (D af (y (E aj (j (F (G ad ag g) af H ae) I f (J K (ad d aj) ad L n c) (ak j M N aa n j y ag) an w ad am) k) q am f ag (aa r t (O q)) b))) j P g Q a al R e a (k S aj T (U V i w d W v ah v) ad al X (j ai (e j Y i o b Z ab f z ai h)) y)
l x g ab p q (b x) ac b af y (c an m) aa l (ac g ab j b) d g (d h k) c (ac ab al p) s ab d ac b af y (c an m) aa l (ac g ab j b) d g (d h k) c (ac ab al p) s ab d ac b af y (c an m) aa l (ac g ab j b) d g (d h k) k h l v (ad b l) aa l r aj (b j (aa t ad am j)) (A B i m) (f (C r (z ab)) (D af (y (E aj (j (F (G ad ag g) af H ae) I f (J K (ad d aj) ad L n c) (ak j M N aa n j y ag) an w ad am) k) q am f ag (aa r t (O q)) b))) j P g Q a al R e a (k S aj T (U V i w d W v ah v) ad al X (j ai (e j Y i o b Z ab f z ai h)) y)
s c (ac ab al p) s ab d ac b af y (c an m) aa l (ac g ab j b) d g (d h k) c (ac ab al p) s ab d ac b af y (c an m) aa l (ac g ab j b) d g (d h k) c (ac ab al p) s ab d ac b af y (c an m) aa l (ac g ab j b) d g (d h k) k h l v (ad b l) aa l r aj (b j (aa t ad am j)) (A B i m) (f (C r (z ab)) (D af (y (E aj (j (F (G ad ag g) af H ae) I f (J K (ad d aj) ad L n c) (ak j M N aa n j y ag) an w ad am) k) q am f ag (aa r t (O q)) b))) j P g Q a al R e a (k S aj T (U V i w d W v ah v) ad al X (j ai (e j Y i o b Z ab f z ai h)) y)
y m r ak d g (d h k) c (ac ab al p) s ab d ac b af y (c an m) aa l (ac g ab j b) d g (d h k) c (ac ab al p) s ab d ac b af y (c an m) aa l (ac g ab j b) d g (d h k) c (ac ab al p) s ab d ac b af y (c an m) aa l (ac g ab j b) d g (d h k) k h l v (ad b l) aa l r aj (b j (aa t ad am j)) (A B i m) (f (C r (z ab)) (D af (y (E aj (j (F (G ad ag g) af H ae) I f (J K (ad d aj) ad L n c) (ak j M N aa n j y ag) an w ad am) k) q am f ag (aa r t (O q)) b))) j P g Q a al R e a (k S aj T (U V i w d W v ah v) ad al X (j ai (e j Y i o b Z ab f z ai h)) y)
u b (z v e ai o) r ak d g (d h k) c (ac ab al p) s ab d ac b af y (c an m) aa l (ac g ab j b) d g (d h k) c (ac ab al p) s ab d ac b af y (c an m) aa l (ac g ab j b) d g (d h k) c (ac ab al p) s ab d ac b af y (c an m) aa l (ac g ab j b) d g (d h k) k h l v (ad b l) aa l r aj (b j (aa t ad am j)) (A B i m) (f (C r (z ab)) (D af (y (E aj (j (F (G ad ag g) af H ae) I f (J K (ad d aj) ad L n c) (ak j M N aa n j y ag) an w ad am) k) q am f ag (aa r t (O q)) b))) j P g Q a al R e a (k S aj T (U V i w d W v ah v) ad al X (j ai (e j Y i o b Z ab f z ai h)) y)
aa an j aa l (ac g ab j b) d g (d h k) c (ac ab al p) s ab d ac b af y (c an m) aa l (ac g ab j b) d g (d h k) c (ac ab al p) s ab d ac b af y (c an m) aa l (ac g ab j b) d g (d h k) c (ac ab al p) s ab d ac b af y (c an m) aa l (ac g ab j b) d g (d h k) k h l v (ad b l) aa l r aj (b j (aa t ad am j)) (A B i m) (f (C r (z ab)) (D af (y (E aj (j (F (G ad ag g) af H ae) I f (J K (ad d aj) ad L n c) (ak j M N aa n j y ag) an w ad am) k) q am f ag (aa r t (O q)) b))) j P g Q a al R e a (k S aj T (U V i w d W v ah v) ad al X (j ai (e j Y i o b Z ab f z ai h)) y)
o x ac b af y (c an m) aa l (ac g ab j b) d g (d h k) c (ac ab al p) s ab d ac b af y (c an m) aa l (ac g ab j b) d g (d h k) c (ac ab al p) s ab d ac b af y (c an m) aa l (ac g ab j b) d g (d h k) c (ac ab al p) s ab d ac b af y (c an m) aa l (ac g ab j b) d g (d h k) k h l v (ad b l) aa l r aj (b j (aa t ad am j)) (A B i m) (f (C r (z ab)) (D af (y (E aj (j (F (G ad ag g) af H ae) I f (J K (ad d aj) ad L n c) (ak j M N aa n j y ag) an w ad am) k) q am f ag (aa r t (O q)) b))) j P g Q a al R e a (k S aj T (U V i w d W v ah v) ad al X (j ai (e j Y i o b Z ab f z ai h)) y)
l x g ab p q (b x) ac b af y (c an m) aa l (ac g ab j b) d g (d h k) c (ac ab al p) s ab d ac b af y (c an m) aa l (ac g ab j b) d g (d h k) c (ac ab al p) s ab d ac b af y (c an m) aa l (ac g ab j b) d g (d h k) c (ac ab al p) s ab d ac b af y (c an m) aa l (ac g ab j b) d g (d h k) k h l v (ad b l) aa l r aj (b j (aa t ad am j)) (A B i m) (f (C r (z ab)) (D af (y (E aj (j (F (G ad ag g) af H ae) I f (J K (ad d aj) ad L n c) (ak j M N aa n j y ag) an w ad am) k) q am f ag (aa r t (O q)) b))) j P g Q a al R e a (k S aj T (U V i w d W v ah v) ad al X (j ai (e j Y i o b Z ab f z ai h)) y)
s c (ac ab al p) s ab d ac b af y (c an m) aa l (ac g ab j b) d g (d h k) c (ac ab al p) s ab d ac b af y (c an m) aa l (ac g ab j b) d g (d h k) c (ac ab al p) s ab d ac b af y (c an m) aa l (ac g ab j b) d g (d h k) c (ac ab al p) s ab d ac b af y (c an m) aa l (ac g ab j b) d g (d h k) k h l v (ad b l) aa l r aj (b j (aa t ad am j)) (A B i m) (f (C r (z ab)) (D af (y (E aj (j (F (G ad ag g) af H ae) I f (J K (ad d aj) ad L n c) (ak j M N aa n j y ag) an w ad am) k) q am f ag (aa r t (O q)) b))) j P g Q a al R e a (k S aj T (U V i w d W v ah v) ad al X (j ai (e j Y i o b Z ab f z ai h)) y)
y m r ak d g (d h k) c (ac ab al p) s ab d ac b af y (c an m) aa l (ac g ab j b) d g (d h k) c (ac ab al p) s ab d ac b af y (c an m) aa l (ac g ab j b) d g (d h k) c (ac ab al p) s ab d ac b af y (c an m) aa l (ac g ab j b) d g (d h k) c (ac ab al p) s ab d ac b af y (c an m) aa l (ac g ab j b) d g (d h k) k h l v (ad b l) aa l r aj (b j (aa t ad am j)) (A B i m) (f (C r (z ab)) (D af (y (E aj (j (F (G ad ag g) af H ae) I f (J K (ad d aj) ad L n c) (ak j M N aa n j y ag) an w ad am) k) q am f ag (aa r t (O q)) b))) j P g Q a al R e a (k S aj T (U V i w d W v ah v) ad al X (j ai (e j Y i o b Z ab f z ai h)) y)
u b (z v e ai o) r ak d g (d h k) c (ac ab al p) s ab d ac b af y (c an m) aa l (ac g ab j b) d g (d h k) c (ac ab al p) s ab d ac b af y (c an m) aa l (ac g ab j b) d g (d h k) c (ac ab al p) s ab d ac b af y (c an m) aa l (ac g ab j b) d g (d h k) c (ac ab al p) s ab d ac b af y (c an m) aa l (ac g ab j b) d g (d h k) k h l v (ad b l) aa l r aj (b j (aa t ad am j)) (A B i m) (f (C r (z ab)) (D af (y (E aj (j (F (G ad ag g) af H ae) I f (J K (ad d aj) ad L n c) (ak j M N aa n j y ag) an w ad am) k) q am f ag (aa r t (O q)) b))) j P g Q a al R e a (k S aj T (U V i w d W v ah v) ad al X (j ai (e j Y i o b Z ab f z ai h)) y)


