a ap at ao ar aq r ar e h af ap (al ad (y an d))
aa ap ao w b p z ao ai z ap (e q am b)
y ap ar ao aq at h ab s al aa q am z
ak ao t ao ae (ab z) b s ad x c
q ap aq ao ar at j s (o f u ah) h
t ar ap aq ao am ae q ag ar ap e aj
f ar au ap aq av at ao am ao av a g ah (p ab)
ab ao ap aj (am ae l (w al l o) ak ap) aa
o ap ao af q ao z a (q t af p)
aj av at ap ao aq au ar c o h k (o ac ar aa (n am z) h ac)
b aq ar ap ao ac d (c c l) aq aj
h aq ap ar ao at z d e p d
g ao m j e (w ac) ag ao u
c ao ap aq h ao ap b u ab
s ap ar ao aq au at ab (aa (ae o ae) p m f)
x aq ap ar ao at ah q
am aq ap ao ar at v v z (m aj a g ae (aj g h)) g
z b an v m aj q b (c g (aa ae)) x
ag q n w g t
j ap ao e ap g ab s ac ap aa (al a ae h)
al ap aq ao ar ad e h ao k o r d y am
ac ao c am h ab n aj ak
ah ar aq ap ao t b u l ai ar
u ao aq ap aq al m f r am d j n an
ad au ao at ap aq ar l s e w y n x d ap r ah ag
ae ar au ap aq av at ao ao p d a w
ai ao d af af ac z b ao ac k af ak p
n ao aq ar at ap l ag m s ab e ah ae r l
k aq ao ap x h am i aj aa af l (an a v)
i ao ar at ap aq au av w g au ag am au y ah p l
an ar ap aq ao l ap z o r k
d ao u (ab p ab z ae)
e ao x m ag x r (s aj) aa x
r ap ao w ad e i aa z g g
w a ak l h (ah (t j r al)) an a
m aq ao ap at ar l j n ag ab (d c g x ae) ak ad
af ao ap b s (aa z r) b
main ai A i j B (C n D (E q F y ad j a ai G c t) b s) am ag (H v (r t s z aa) (I a g i e af n J r (p K f (n t ah f ag am) aj d a ac (l ai L ac ag z v t M ab N O ai aa) (P Q R h (x (m k s ab i n S ag ae) s aa ab T z) o (U V am ac W) ae d (r n v)) d ag) X) g)
l aq ao ap x e b ao an (al p ad af) f d (k e)
v au ar ao at aq ap ap am x ac e n (x x ag)
p ap aq ao y h
------------------------------------------------------------
ai A i j B (C n D (E q F y ad j a ai G c t) b s) am ag (H v (r t s z aa) (I a g i e af n J r (p K f (n t ah f ag am) aj d a ac (l ai L ac ag z v t M ab N O ai aa) (P Q R h (x (m k s ab i n S ag ae) s aa ab T z) o (U V am ac W) ae d (r n v)) d ag) X) g)
d af af ac z b A ac k af ak p i j B (C n D (E q F y ad j a ai G c t) b s) am ag (H v (r t s z aa) (I a g i e af n J r (p K f (n t ah f ag am) aj d a ac (l ai L ac ag z v t M ab N O ai aa) (P Q R h (x (m k s ab i n S ag ae) s aa ab T z) o (U V am ac W) ae d (r n v)) d ag) X) g)
u (ab p ab z ae) af ac z b A ac k af ak p i j B (C n D (E q F y ad j a ai G c t) b s) am ag (H v (r t s z aa) (I a g i e af n J r (p K f (n t ah f ag am) aj d a ac (l ai L ac ag z v t M ab N O ai aa) (P Q R h (x (m k s ab i n S ag ae) s aa ab T z) o (U V am ac W) ae d (r n v)) d ag) X) g)
af al m f r am d j n an z b A ac k af ak p i j B (C n D (E q F y ad j a ai G c t) b s) am ag (H v (r t s z aa) (I a g i e af n J r (p K f (n t ah f ag am) aj d a ac (l ai L ac ag z v t M ab N O ai aa) (P Q R h (x (m k s ab i n S ag ae) s aa ab T z) o (U V am ac W) ae d (r n v)) d ag) X) g)
b s (aa z r) b f r am d j n an z b A ac k af ak p i j B (C n D (E q F y ad j a ai G c t) b s) am ag (H v (r t s z aa) (I a g i e af n J r (p K f (n t ah f ag am) aj d a ac (l ai L ac ag z v t M ab N O ai aa) (P Q R h (x (m k s ab i n S ag ae) s aa ab T z) o (U V am ac W) ae d (r n v)) d ag) X) g)
ac d (c c l) s aj r am d j n an z b A ac k af ak p i j B (C n D (E q F y ad j a ai G c t) b s) am ag (H v (r t s z aa) (I a g i e af n J r (p K f (n t ah f ag am) aj d a ac (l ai L ac ag z v t M ab N O ai aa) (P Q R h (x (m k s ab i n S ag ae) s aa ab T z) o (U V am ac W) ae d (r n v)) d ag) X) g)
c am h ab n aj ak (c c l) s aj r am d j n an z b A ac k af ak p i j B (C n D (E q F y ad j a ai G c t) b s) am ag (H v (r t s z aa) (I a g i e af n J r (p K f (n t ah f ag am) aj d a ac (l ai L ac ag z v t M ab N O ai aa) (P Q R h (x (m k s ab i n S ag ae) s aa ab T z) o (U V am ac W) ae d (r n v)) d ag) X) g)
h am h b u ab n aj ak (c c l) s aj r am d j n an z b A ac k af ak p i j B (C n D (E q F y ad j a ai G c t) b s) am ag (H v (r t s z aa) (I a g i e af n J r (p K f (n t ah f ag am) aj d a ac (l ai L ac ag z v t M ab N O ai aa) (P Q R h (x (m k s ab i n S ag ae) s aa ab T z) o (U V am ac W) ae d (r n v)) d ag) X) g)
z d e p d n aj ak (c c l) s aj r am d j n an z b A ac k af ak p i j B (C n D (E q F y ad j a ai G c t) b s) am ag (H v (r t s z aa) (I a g i e af n J r (p K f (n t ah f ag am) aj d a ac (l ai L ac ag z v t M ab N O ai aa) (P Q R h (x (m k s ab i n S ag ae) s aa ab T z) o (U V am ac W) ae d (r n v)) d ag) X) g)
b an v m aj q b (c g (aa ae)) x d e p d n aj ak (c c l) s aj r am d j n an z b A ac k af ak p i j B (C n D (E q F y ad j a ai G c t) b s) am ag (H v (r t s z aa) (I a g i e af n J r (p K f (n t ah f ag am) aj d a ac (l ai L ac ag z v t M ab N O ai aa) (P Q R h (x (m k s ab i n S ag ae) s aa ab T z) o (U V am ac W) ae d (r n v)) d ag) X) g)
ac d (c c l) an aj q b (c g (aa ae)) x d e p d n aj ak (c c l) s aj r am d j n an z b A ac k af ak p i j B (C n D (E q F y ad j a ai G c t) b s) am ag (H v (r t s z aa) (I a g i e af n J r (p K f (n t ah f ag am) aj d a ac (l ai L ac ag z v t M ab N O ai aa) (P Q R h (x (m k s ab i n S ag ae) s aa ab T z) o (U V am ac W) ae d (r n v)) d ag) X) g)
c am h ab n aj ak (c c l) an aj q b (c g (aa ae)) x d e p d n aj ak (c c l) s aj r am d j n an z b A ac k af ak p i j B (C n D (E q F y ad j a ai G c t) b s) am ag (H v (r t s z aa) (I a g i e af n J r (p K f (n t ah f ag am) aj d a ac (l ai L ac ag z v t M ab N O ai aa) (P Q R h (x (m k s ab i n S ag ae) s aa ab T z) o (U V am ac W) ae d (r n v)) d ag) X) g)
h am h b u ab n aj ak (c c l) an aj q b (c g (aa ae)) x d e p d n aj ak (c c l) s aj r am d j n an z b A ac k af ak p i j B (C n D (E q F y ad j a ai G c t) b s) am ag (H v (r t s z aa) (I a g i e af n J r (p K f (n t ah f ag am) aj d a ac (l ai L ac ag z v t M ab N O ai aa) (P Q R h (x (m k s ab i n S ag ae) s aa ab T z) o (U V am ac W) ae d (r n v)) d ag) X) g)
z d e p d n aj ak (c c l) an aj q b (c g (aa ae)) x d e p d n aj ak (c c l) s aj r am d j n an z b A ac k af ak p i j B (C n D (E q F y ad j a ai G c t) b s) am ag (H v (r t s z aa) (I a g i e af n J r (p K f (n t ah f ag am) aj d a ac (l ai L ac ag z v t M ab N O ai aa) (P Q R h (x (m k s ab i n S ag ae) s aa ab T z) o (U V am ac W) ae d (r n v)) d ag) X) g)
b an v m aj q b (c g (aa ae)) x d e p d n aj ak (c c l) an aj q b (c g (aa ae)) x d e p d n aj ak (c c l) s aj r am d j n an z b A ac k af ak p i j B (C n D (E q F y ad j a ai G c t) b s) am ag (H v (r t s z aa) (I a g i e af n J r (p K f (n t ah f ag am) aj d a ac (l ai L ac ag z v t M ab N O ai aa) (P Q R h (x (m k s ab i n S ag ae) s aa ab T z) o (U V am ac W) ae d (r n v)) d ag) X) g)
ac d (c c l) an aj q b (c g (aa ae)) x d e p d n aj ak (c c l) an aj q b (c g (aa ae)) x d e p d n aj ak (c c l) s aj r am d j n an z b A ac k af ak p i j B (C n D (E q F y ad j a ai G c t) b s) am ag (H v (r t s z aa) (I a g i e af n J r (p K f (n t ah f ag am) aj d a ac (l ai L ac ag z v t M ab N O ai aa) (P Q R h (x (m k s ab i n S ag ae) s aa ab T z) o (U V am ac W) ae d (r n v)) d ag) X) g)
c am h ab n aj ak (c c l) an aj q b (c g (aa ae)) x d e p d n aj ak (c c l) an aj q b (c g (aa ae)) x d e p d n aj ak (c c l) s aj r am d j n an z b A ac k af ak p i j B (C n D (E q F y ad j a ai G c t) b s) am ag (H v (r t s z aa) (I a g i e af n J r (p K f (n t ah f ag am) aj d a ac (l ai L ac ag z v t M ab N O ai aa) (P Q R h (x (m k s ab i n S ag ae) s aa ab T z) o (U V am ac W) ae d (r n v)) d ag) X) g)
h am h b u ab n aj ak (c c l) an aj q b (c g (aa ae)) x d e p d n aj ak (c c l) an aj q b (c g (aa ae)) x d e p d n aj ak (c c l) s aj r am d j n an z b A ac k af ak p i j B (C n D (E q F y ad j a ai G c t) b s) am ag (H v (r t s z aa) (I a g i e af n J r (p K f (n t ah f ag am) aj d a ac (l ai L ac ag z v t M ab N O ai aa) (P Q R h (x (m k s ab i n S ag ae) s aa ab T z) o (U V am ac W) ae d (r n v)) d ag) X) g)
z d e p d n aj ak (c c l) an aj q b (c g (aa ae)) x d e p d n aj ak (c c l) an aj q b (c g (aa ae)) x d e p d n aj ak (c c l) s aj r am d j n an z b A ac k af ak p i j B (C n D (E q F y ad j a ai G c t) b s) am ag (H v (r t s z aa) (I a g i e af n J r (p K f (n t ah f ag am) aj d a ac (l ai L ac ag z v t M ab N O ai aa) (P Q R h (x (m k s ab i n S ag ae) s aa ab T z) o (U V am ac W) ae d (r n v)) d ag) X) g)
b an v m aj q b (c g (aa ae)) x d e p d n aj ak (c c l) an aj q b (c g (aa ae)) x d e p d n aj ak (c c l) an aj q b (c g (aa ae)) x d e p d n aj ak (c c l) s aj r am d j n an z b A ac k af ak p i j B (C n D (E q F y ad j a ai G c t) b s) am ag (H v (r t s z aa) (I a g i e af n J r (p K f (n t ah f ag am) aj d a ac (l ai L ac ag z v t M ab N O ai aa) (P Q R h (x (m k s ab i n S ag ae) s aa ab T z) o (U V am ac W) ae d (r n v)) d ag) X) g)
ac d (c c l) an aj q b (c g (aa ae)) x d e p d n aj ak (c c l) an aj q b (c g (aa ae)) x d e p d n aj ak (c c l) an aj q b (c g (aa ae)) x d e p d n aj ak (c c l) s aj r am d j n an z b A ac k af ak p i j B (C n D (E q F y ad j a ai G c t) b s) am ag (H v (r t s z aa) (I a g i e af n J r (p K f (n t ah f ag am) aj d a ac (l ai L ac ag z v t M ab N O ai aa) (P Q R h (x (m k s ab i n S ag ae) s aa ab T z) o (U V am ac W) ae d (r n v)) d ag) X) g)
c am h ab n aj ak (c c l) an aj q b (c g (aa ae)) x d e p d n aj ak (c c l) an aj q b (c g (aa ae)) x d e p d n aj ak (c c l) an aj q b (c g (aa ae)) x d e p d n aj ak (c c l) s aj r am d j n an z b A ac k af ak p i j B (C n D (E q F y ad j a ai G c t) b s) am ag (H v (r t s z aa) (I a g i e af n J r (p K f (n t ah f ag am) aj d a ac (l ai L ac ag z v t M ab N O ai aa) (P Q R h (x (m k s ab i n S ag ae) s aa ab T z) o (U V am ac W) ae d (r n v)) d ag) X) g)
h am h b u ab n aj ak (c c l) an aj q b (c g (aa ae)) x d e p d n aj ak (c c l) an aj q b (c g (aa ae)) x d e p d n aj ak (c c l) an aj q b (c g (aa ae)) x d e p d n aj ak (c c l) s aj r am d j n an z b A ac k af ak p i j B (C n D (E q F y ad j a ai G c t) b s) am ag (H v (r t s z aa) (I a g i e af n J r (p K f (n t ah f ag am) aj d a ac (l ai L ac ag z v t M ab N O ai aa) (P Q R h (x (m k s ab i n S ag ae) s aa ab T z) o (U V am ac W) ae d (r n v)) d ag) X) g)
z d e p d n aj ak (c c l) an aj q b (c g (aa ae)) x d e p d n aj ak (c c l) an aj q b (c g (aa ae)) x d e p d n aj ak (c c l) an aj q b (c g (aa ae)) x d e p d n aj ak (c c l) s aj r am d j n an z b A ac k af ak p i j B (C n D (E q F y ad j a ai G c t) b s) am ag (H v (r t s z aa) (I a g i e af n J r (p K f (n t ah f ag am) aj d a ac (l ai L ac ag z v t M ab N O ai aa) (P Q R h (x (m k s ab i n S ag ae) s aa ab T z) o (U V am ac W) ae d (r n v)) d ag) X) g)
b an v m aj q b (c g (aa ae)) x d e p d n aj ak (c c l) an aj q b (c g (aa ae)) x d e p d n aj ak (c c l) an aj q b (c g (aa ae)) x d e p d n aj ak (c c l) an aj q b (c g (aa ae)) x d e p d n aj ak (c c l) s aj r am d j n an z b A ac k af ak p i j B (C n D (E q F y ad j a ai G c t) b s) am ag (H v (r t s z aa) (I a g i e af n J r (p K f (n t ah f ag am) aj d a ac (l ai L ac ag z v t M ab N O ai aa) (P Q R h (x (m k s ab i n S ag ae) s aa ab T z) o (U V am ac W) ae d (r n v)) d ag) X) g)
ac d (c c l) an aj q b (c g (aa ae)) x d e p d n aj ak (c c l) an aj q b (c g (aa ae)) x d e p d n aj ak (c c l) an aj q b (c g (aa ae)) x d e p d n aj ak (c c l) an aj q b (c g (aa ae)) x d e p d n aj ak (c c l) s aj r am d j n an z b A ac k af ak p i j B (C n D (E q F y ad j a ai G c t) b s) am ag (H v (r t s z aa) (I a g i e af n J r (p K f (n t ah f ag am) aj d a ac (l ai L ac ag z v t M ab N O ai aa) (P Q R h (x (m k s ab i n S ag ae) s aa ab T z) o (U V am ac W) ae d (r n v)) d ag) X) g)
c am h ab n aj ak (c c l) an aj q b (c g (aa ae)) x d e p d n aj ak (c c l) an aj q b (c g (aa ae)) x d e p d n aj ak (c c l) an aj q b (c g (aa ae)) x d e p d n aj ak (c c l) an aj q b (c g (aa ae)) x d e p d n aj ak (c c l) s aj r am d j n an z b A ac k af ak p i j B (C n D (E q F y ad j a ai G c t) b s) am ag (H v (r t s z aa) (I a g i e af n J r (p K f (n t ah f ag am) aj d a ac (l ai L ac ag z v t M ab N O ai aa) (P Q R h (x (m k s ab i n S ag ae) s aa ab T z) o (U V am ac W) ae d (r n v)) d ag) X) g)
h am h b u ab n aj ak (c c l) an aj q b (c g (aa ae)) x d e p d n aj ak (c c l) an aj q b (c g (aa ae)) x d e p d n aj ak (c c l) an aj q b (c g (aa ae)) x d e p d n aj ak (c c l) an aj q b (c g (aa ae)) x d e p d n aj ak (c c l) s aj r am d j n an z b A ac k af ak p i j B (C n D (E q F y ad j a ai G c t) b s) am ag (H v (r t s z aa) (I a g i e af n J r (p K f (n t ah f ag am) aj d a ac (l ai L ac ag z v t M ab N O ai aa) (P Q R h (x (m k s ab i n S ag ae) s aa ab T z) o (U V am ac W) ae d (r n v)) d ag) X) g)
z d e p d n aj ak (c c l) an aj q b (c g (aa ae)) x d e p d n aj ak (c c l) an aj q b (c g (aa ae)) x d e p d n aj ak (c c l) an aj q b (c g (aa ae)) x d e p d n aj ak (c c l) an aj q b (c g (aa ae)) x d e p d n aj ak (c c l) s aj r am d j n an z b A ac k af ak p i j B (C n D (E q F y ad j a ai G c t) b s) am ag (H v (r t s z aa) (I a g i e af n J r (p K f (n t ah f ag am) aj d a ac (l ai L ac ag z v t M ab N O ai aa) (P Q R h (x (m k s ab i n S ag ae) s aa ab T z) o (U V am ac W) ae d (r n v)) d ag) X) g)
b an v m aj q b (c g (aa ae)) x d e p d n aj ak (c c l) an aj q b (c g (aa ae)) x d e p d n aj ak (c c l) an aj q b (c g (aa ae)) x d e p d n aj ak (c c l) an aj q b (c g (aa ae)) x d e p d n aj ak (c c l) an aj q b (c g (aa ae)) x d e p d n aj ak (c c l) s aj r am d j n an z b A ac k af ak p i j B (C n D (E q F y ad j a ai G c t) b s) am ag (H v (r t s z aa) (I a g i e af n J r (p K f (n t ah f ag am) aj d a ac (l ai L ac ag z v t M ab N O ai aa) (P Q R h (x (m k s ab i n S ag ae) s aa ab T z) o (U V am ac W) ae d (r n v)) d ag) X) g)


