x av at ar au aq ao ap = w u af an (b u)
e aq au ao ar at ap = v n r u k (ai al y h) l af
ad aq ao ap = r m (o i af u af s)
ag ao = al ac ac (ak (y j y f ao))
ae = ad (m a o q t) (b aj) ah af ag
al = e (aa a t j (ab i p)) l z
b aq ao ap ar = an (o z j e h ab u ag k al)
d ao = c ao (ai aj p) m (x o n g o z j)
g ao ap = n (ak f p o o d y (s af v ap ab))
ab ao ar ap at aq = i ah q (am ag ah i al ak g) k
t ap ao aq ar = m (h ab) (p (q (ab n f l af y d)))
q = r a ad r ac aa ah
p aq ar ap ao = y (e s r x b)
aa ap ao aq ar = an k ab (v (v d ai w ak k r))
i ao = ac ao (s (ae (ae (ak ad j) ag s)) r)
an ao aq ap = ao (aj p) b e ao ad (d i b)
am at ap ar ao aq = f (e (ap z) p ab ad an o a)
o aq ao ar ap at au = au au an f m aj aq d ad ab ak i a
aj = h (z ab an) r (ad ag p x) ah an n
a ao ar ap aq = p ac f g am ar n ad
j au av ap aq ao at ar = aq f af n k (x v (ae am h x al))
l av au ar at aq ap ao = s x h p g (e d au f ae u)
ak at ao aq ap ar = ah ag z l ai b am o q an ar
h aq ar ao ap = r al aq ap ah ak y ab r al d
u ao aq ap ar = c (e ac) o d n ab ah c k am
ac ap ao aq = m q n aq l ai v t r
f aq au ap ao at ar = at au y w (ae ak) am s
w ao = ao (v ab) aj r
v ao ap ar aq at au = ag af (ab ai i q)
c = an q ak g ae o u q
af ao ar ap at aq = b g u at p j aa ab q i f
n ap ao = ae w am o l ab
ah ap at ao au aq ar = y b i k am
k = l (an r e) e aj l an i ae
s ao = y aa (e q) l
ai ap aq ao at av au ar = ad am u ap
y ao = z l (am an l ad)
main = an A t p ac B C w p D (E e ag (af u g h (ab (f d) q an v t) (q al q) (e v h) x F r (ad n ab an) am (G H I (J a aj K af ae v) p h) h i aa) c p L (M o aa o d ag r (af (ad ah t a l (v am (N (am (O t (d (P ac (Q ah am R aa S) h (T U V ak ab aj)) c o al v)) s W ak X s)))))))
m = al p u z s (ae n) af (k g j)
r ap ar aq ao at = i w ae ai
z aq ao ap ar = ap ab ah c (w n) m (k e m o y)
------------------------------------------------------------
an A t p ac B C w p D (E e ag (af u g h (ab (f d) q an v t) (q al q) (e v h) x F r (ad n ab an) am (G H I (J a aj K af ae v) p h) h i aa) c p L (M o aa o d ag r (af (ad ah t a l (v am (N (am (O t (d (P ac (Q ah am R aa S) h (T U V ak ab aj)) c o al v)) s W ak X s)))))))
A (aj p) b e A ad (d i b) ac B C w p D (E e ag (af u g h (ab (f d) q an v t) (q al q) (e v h) x F r (ad n ab an) am (G H I (J a aj K af ae v) p h) h i aa) c p L (M o aa o d ag r (af (ad ah t a l (v am (N (am (O t (d (P ac (Q ah am R aa S) h (T U V ak ab aj)) c o al v)) s W ak X s)))))))
A (h (z ab an) r (ad ag p x) ah an n p) b e A ad (d i b) ac B C w p D (E e ag (af u g h (ab (f d) q an v t) (q al q) (e v h) x F r (ad n ab an) am (G H I (J a aj K af ae v) p h) h i aa) c p L (M o aa o d ag r (af (ad ah t a l (v am (N (am (O t (d (P ac (Q ah am R aa S) h (T U V ak ab aj)) c o al v)) s W ak X s)))))))
A (r al (z ab an) ah ah ak y ab r al d an n p) b e A ad (d i b) ac B C w p D (E e ag (af u g h (ab (f d) q an v t) (q al q) (e v h) x F r (ad n ab an) am (G H I (J a aj K af ae v) p h) h i aa) c p L (M o aa o d ag r (af (ad ah t a l (v am (N (am (O t (d (P ac (Q ah am R aa S) h (T U V ak ab aj)) c o al v)) s W ak X s)))))))
A (i w ae ai y ab r al d an n p) b e A ad (d i b) ac B C w p D (E e ag (af u g h (ab (f d) q an v t) (q al q) (e v h) x F r (ad n ab an) am (G H I (J a aj K af ae v) p h) h i aa) c p L (M o aa o d ag r (af (ad ah t a l (v am (N (am (O t (d (P ac (Q ah am R aa S) h (T U V ak ab aj)) c o al v)) s W ak X s)))))))
A (ac w (s (ae (ae (ak ad j) ag s)) r) ae ai y ab r al d an n p) b e A ad (d i b) ac B C w p D (E e ag (af u g h (ab (f d) q an v t) (q al q) (e v h) x F r (ad n ab an) am (G H I (J a aj K af ae v) p h) h i aa) c p L (M o aa o d ag r (af (ad ah t a l (v am (N (am (O t (d (P ac (Q ah am R aa S) h (T U V ak ab aj)) c o al v)) s W ak X s)))))))
A (m q n ae l ai v t r ai y ab r al d an n p) b e A ad (d i b) ac B C w p D (E e ag (af u g h (ab (f d) q an v t) (q al q) (e v h) x F r (ad n ab an) am (G H I (J a aj K af ae v) p h) h i aa) c p L (M o aa o d ag r (af (ad ah t a l (v am (N (am (O t (d (P ac (Q ah am R aa S) h (T U V ak ab aj)) c o al v)) s W ak X s)))))))
A (al p u z s (ae n) af (k g j) q n ae l ai v t r ai y ab r al d an n p) b e A ad (d i b) ac B C w p D (E e ag (af u g h (ab (f d) q an v t) (q al q) (e v h) x F r (ad n ab an) am (G H I (J a aj K af ae v) p h) h i aa) c p L (M o aa o d ag r (af (ad ah t a l (v am (N (am (O t (d (P ac (Q ah am R aa S) h (T U V ak ab aj)) c o al v)) s W ak X s)))))))
A (e (aa a t j (ab i p)) l z p u z s (ae n) af (k g j) q n ae l ai v t r ai y ab r al d an n p) b e A ad (d i b) ac B C w p D (E e ag (af u g h (ab (f d) q an v t) (q al q) (e v h) x F r (ad n ab an) am (G H I (J a aj K af ae v) p h) h i aa) c p L (M o aa o d ag r (af (ad ah t a l (v am (N (am (O t (d (P ac (Q ah am R aa S) h (T U V ak ab aj)) c o al v)) s W ak X s)))))))
A (v n r u k (ai al y h) l af s (ae n) af (k g j) q n ae l ai v t r ai y ab r al d an n p) b e A ad (d i b) ac B C w p D (E e ag (af u g h (ab (f d) q an v t) (q al q) (e v h) x F r (ad n ab an) am (G H I (J a aj K af ae v) p h) h i aa) c p L (M o aa o d ag r (af (ad ah t a l (v am (N (am (O t (d (P ac (Q ah am R aa S) h (T U V ak ab aj)) c o al v)) s W ak X s)))))))
A (ag af (ab ai i q) af s (ae n) af (k g j) q n ae l ai v t r ai y ab r al d an n p) b e A ad (d i b) ac B C w p D (E e ag (af u g h (ab (f d) q an v t) (q al q) (e v h) x F r (ad n ab an) am (G H I (J a aj K af ae v) p h) h i aa) c p L (M o aa o d ag r (af (ad ah t a l (v am (N (am (O t (d (P ac (Q ah am R aa S) h (T U V ak ab aj)) c o al v)) s W ak X s)))))))
A (al ac ac (ak (y j y f af)) (ab ai i q) af s (ae n) af (k g j) q n ae l ai v t r ai y ab r al d an n p) b e A ad (d i b) ac B C w p D (E e ag (af u g h (ab (f d) q an v t) (q al q) (e v h) x F r (ad n ab an) am (G H I (J a aj K af ae v) p h) h i aa) c p L (M o aa o d ag r (af (ad ah t a l (v am (N (am (O t (d (P ac (Q ah am R aa S) h (T U V ak ab aj)) c o al v)) s W ak X s)))))))
A (e (aa a t j (ab i p)) l z ac ac (ak (y j y f af)) (ab ai i q) af s (ae n) af (k g j) q n ae l ai v t r ai y ab r al d an n p) b e A ad (d i b) ac B C w p D (E e ag (af u g h (ab (f d) q an v t) (q al q) (e v h) x F r (ad n ab an) am (G H I (J a aj K af ae v) p h) h i aa) c p L (M o aa o d ag r (af (ad ah t a l (v am (N (am (O t (d (P ac (Q ah am R aa S) h (T U V ak ab aj)) c o al v)) s W ak X s)))))))
A (v n r u k (ai al y h) l af (ab ai i q) af s (ae n) af (k g j) q n ae l ai v t r ai y ab r al d an n p) b e A ad (d i b) ac B C w p D (E e ag (af u g h (ab (f d) q an v t) (q al q) (e v h) x F r (ad n ab an) am (G H I (J a aj K af ae v) p h) h i aa) c p L (M o aa o d ag r (af (ad ah t a l (v am (N (am (O t (d (P ac (Q ah am R aa S) h (T U V ak ab aj)) c o al v)) s W ak X s)))))))
A (ag af (ab ai i q) af (ab ai i q) af s (ae n) af (k g j) q n ae l ai v t r ai y ab r al d an n p) b e A ad (d i b) ac B C w p D (E e ag (af u g h (ab (f d) q an v t) (q al q) (e v h) x F r (ad n ab an) am (G H I (J a aj K af ae v) p h) h i aa) c p L (M o aa o d ag r (af (ad ah t a l (v am (N (am (O t (d (P ac (Q ah am R aa S) h (T U V ak ab aj)) c o al v)) s W ak X s)))))))
A (al ac ac (ak (y j y f af)) (ab ai i q) af (ab ai i q) af s (ae n) af (k g j) q n ae l ai v t r ai y ab r al d an n p) b e A ad (d i b) ac B C w p D (E e ag (af u g h (ab (f d) q an v t) (q al q) (e v h) x F r (ad n ab an) am (G H I (J a aj K af ae v) p h) h i aa) c p L (M o aa o d ag r (af (ad ah t a l (v am (N (am (O t (d (P ac (Q ah am R aa S) h (T U V ak ab aj)) c o al v)) s W ak X s)))))))
A (e (aa a t j (ab i p)) l z ac ac (ak (y j y f af)) (ab ai i q) af (ab ai i q) af s (ae n) af (k g j) q n ae l ai v t r ai y ab r al d an n p) b e A ad (d i b) ac B C w p D (E e ag (af u g h (ab (f d) q an v t) (q al q) (e v h) x F r (ad n ab an) am (G H I (J a aj K af ae v) p h) h i aa) c p L (M o aa o d ag r (af (ad ah t a l (v am (N (am (O t (d (P ac (Q ah am R aa S) h (T U V ak ab aj)) c o al v)) s W ak X s)))))))
A (v n r u k (ai al y h) l af (ab ai i q) af (ab ai i q) af s (ae n) af (k g j) q n ae l ai v t r ai y ab r al d an n p) b e A ad (d i b) ac B C w p D (E e ag (af u g h (ab (f d) q an v t) (q al q) (e v h) x F r (ad n ab an) am (G H I (J a aj K af ae v) p h) h i aa) c p L (M o aa o d ag r (af (ad ah t a l (v am (N (am (O t (d (P ac (Q ah am R aa S) h (T U V ak ab aj)) c o al v)) s W ak X s)))))))
A (ag af (ab ai i q) af (ab ai i q) af (ab ai i q) af s (ae n) af (k g j) q n ae l ai v t r ai y ab r al d an n p) b e A ad (d i b) ac B C w p D (E e ag (af u g h (ab (f d) q an v t) (q al q) (e v h) x F r (ad n ab an) am (G H I (J a aj K af ae v) p h) h i aa) c p L (M o aa o d ag r (af (ad ah t a l (v am (N (am (O t (d (P ac (Q ah am R aa S) h (T U V ak ab aj)) c o al v)) s W ak X s)))))))
A (al ac ac (ak (y j y f af)) (ab ai i q) af (ab ai i q) af (ab ai i q) af s (ae n) af (k g j) q n ae l ai v t r ai y ab r al d an n p) b e A ad (d i b) ac B C w p D (E e ag (af u g h (ab (f d) q an v t) (q al q) (e v h) x F r (ad n ab an) am (G H I (J a aj K af ae v) p h) h i aa) c p L (M o aa o d ag r (af (ad ah t a l (v am (N (am (O t (d (P ac (Q ah am R aa S) h (T U V ak ab aj)) c o al v)) s W ak X s)))))))
A (e (aa a t j (ab i p)) l z ac ac (ak (y j y f af)) (ab ai i q) af (ab ai i q) af (ab ai i q) af s (ae n) af (k g j) q n ae l ai v t r ai y ab r al d an n p) b e A ad (d i b) ac B C w p D (E e ag (af u g h (ab (f d) q an v t) (q al q) (e v h) x F r (ad n ab an) am (G H I (J a aj K af ae v) p h) h i aa) c p L (M o aa o d ag r (af (ad ah t a l (v am (N (am (O t (d (P ac (Q ah am R aa S) h (T U V ak ab aj)) c o al v)) s W ak X s)))))))
A (v n r u k (ai al y h) l af (ab ai i q) af (ab ai i q) af (ab ai i q) af s (ae n) af (k g j) q n ae l ai v t r ai y ab r al d an n p) b e A ad (d i b) ac B C w p D (E e ag (af u g h (ab (f d) q an v t) (q al q) (e v h) x F r (ad n ab an) am (G H I (J a aj K af ae v) p h) h i aa) c p L (M o aa o d ag r (af (ad ah t a l (v am (N (am (O t (d (P ac (Q ah am R aa S) h (T U V ak ab aj)) c o al v)) s W ak X s)))))))
A (ag af (ab ai i q) af (ab ai i q) af (ab ai i q) af (ab ai i q) af s (ae n) af (k g j) q n ae l ai v t r ai y ab r al d an n p) b e A ad (d i b) ac B C w p D (E e ag (af u g h (ab (f d) q an v t) (q al q) (e v h) x F r (ad n ab an) am (G H I (J a aj K af ae v) p h) h i aa) c p L (M o aa o d ag r (af (ad ah t a l (v am (N (am (O t (d (P ac (Q ah am R aa S) h (T U V ak ab aj)) c o al v)) s W ak X s)))))))
A (al ac ac (ak (y j y f af)) (ab ai i q) af (ab ai i q) af (ab ai i q) af (ab ai i q) af s (ae n) af (k g j) q n ae l ai v t r ai y ab r al d an n p) b e A ad (d i b) ac B C w p D (E e ag (af u g h (ab (f d) q an v t) (q al q) (e v h) x F r (ad n ab an) am (G H I (J a aj K af ae v) p h) h i aa) c p L (M o aa o d ag r (af (ad ah t a l (v am (N (am (O t (d (P ac (Q ah am R aa S) h (T U V ak ab aj)) c o al v)) s W ak X s)))))))
A (e (aa a t j (ab i p)) l z ac ac (ak (y j y f af)) (ab ai i q) af (ab ai i q) af (ab ai i q) af (ab ai i q) af s (ae n) af (k g j) q n ae l ai v t r ai y ab r al d an n p) b e A ad (d i b) ac B C w p D (E e ag (af u g h (ab (f d) q an v t) (q al q) (e v h) x F r (ad n ab an) am (G H I (J a aj K af ae v) p h) h i aa) c p L (M o aa o d ag r (af (ad ah t a l (v am (N (am (O t (d (P ac (Q ah am R aa S) h (T U V ak ab aj)) c o al v)) s W ak X s)))))))
A (v n r u k (ai al y h) l af (ab ai i q) af (ab ai i q) af (ab ai i q) af (ab ai i q) af s (ae n) af (k g j) q n ae l ai v t r ai y ab r al d an n p) b e A ad (d i b) ac B C w p D (E e ag (af u g h (ab (f d) q an v t) (q al q) (e v h) x F r (ad n ab an) am (G H I (J a aj K af ae v) p h) h i aa) c p L (M o aa o d ag r (af (ad ah t a l (v am (N (am (O t (d (P ac (Q ah am R aa S) h (T U V ak ab aj)) c o al v)) s W ak X s)))))))
A (ag af (ab ai i q) af (ab ai i q) af (ab ai i q) af (ab ai i q) af (ab ai i q) af s (ae n) af (k g j) q n ae l ai v t r ai y ab r al d an n p) b e A ad (d i b) ac B C w p D (E e ag (af u g h (ab (f d) q an v t) (q al q) (e v h) x F r (ad n ab an) am (G H I (J a aj K af ae v) p h) h i aa) c p L (M o aa o d ag r (af (ad ah t a l (v am (N (am (O t (d (P ac (Q ah am R aa S) h (T U V ak ab aj)) c o al v)) s W ak X s)))))))
A (al ac ac (ak (y j y f af)) (ab ai i q) af (ab ai i q) af (ab ai i q) af (ab ai i q) af (ab ai i q) af s (ae n) af (k g j) q n ae l ai v t r ai y ab r al d an n p) b e A ad (d i b) ac B C w p D (E e ag (af u g h (ab (f d) q an v t) (q al q) (e v h) x F r (ad n ab an) am (G H I (J a aj K af ae v) p h) h i aa) c p L (M o aa o d ag r (af (ad ah t a l (v am (N (am (O t (d (P ac (Q ah am R aa S) h (T U V ak ab aj)) c o al v)) s W ak X s)))))))
A (e (aa a t j (ab i p)) l z ac ac (ak (y j y f af)) (ab ai i q) af (ab ai i q) af (ab ai i q) af (ab ai i q) af (ab ai i q) af s (ae n) af (k g j) q n ae l ai v t r ai y ab r al d an n p) b e A ad (d i b) ac B C w p D (E e ag (af u g h (ab (f d) q an v t) (q al q) (e v h) x F r (ad n ab an) am (G H I (J a aj K af ae v) p h) h i aa) c p L (M o aa o d ag r (af (ad ah t a l (v am (N (am (O t (d (P ac (Q ah am R aa S) h (T U V ak ab aj)) c o al v)) s W ak X s)))))))
A (v n r u k (ai al y h) l af (ab ai i q) af (ab ai i q) af (ab ai i q) af (ab ai i q) af (ab ai i q) af s (ae n) af (k g j) q n ae l ai v t r ai y ab r al d an n p) b e A ad (d i b) ac B C w p D (E e ag (af u g h (ab (f d) q an v t) (q al q) (e v h) x F r (ad n ab an) am (G H I (J a aj K af ae v) p h) h i aa) c p L (M o aa o d ag r (af (ad ah t a l (v am (N (am (O t (d (P ac (Q ah am R aa S) h (T U V ak ab aj)) c o al v)) s W ak X s)))))))


