ag ao ap = ap (k d o (l v q s i)) g
x ar ao aq ap = f i aq l aj
k ao = ab (x f al) an
al ap ao = h c s
h aq ap ao = c e c n (ao q d aa)
aj ap ao ar av aq au at = r am m g ao ao i at an
f ap ao aq = w (an ah k w al (w p af aj p ae r))
c ao at av au ar aq ap = v x s a
p ao ap aq = ao ah ak al z (s q (y ao d aa o))
ai = t ag d (f (w ak ab k aa) aj k) aa
af ao aq ar ap at = am ap h d (ad ag) al o am b
l ap aq ao = an i n
b = an ai ak aj f
ad aq ap ar ao = aa z an x y am v d aj
ak aq ao ap ar = o s a h (m t h ah)
u ap aq ao = ao ao
g aq ao ap ar = c s aa ai a (h j l)
m ap ao aq = r (ao (ah e t (ah ai i) an w aj an))
e = x y d q n q c ah ai a
ae ao at ap aq ar = f f aq an
a ap aq ao = aa k j (g an c)
aa au ao ap aq ar at = an au r ac (k p am) (s a ad)
y aq ao ar ap = i ac aq (q e)
v aq ao ap = c x p ao q (f r)
t ap ao = v aj x d ap ap j l ab ao aj an
main = b ai (b A (B t (C i D E F G am (H (ai I (J r) j k (K t L (M N O n (v (c aj v r k j) P n i (n (Q (g m (k (c q ae (q b l) h) ae ai al) c) R k m) al ag al S (ab s (T U V (d an am f (c (W X Y Z AA AB AC (q k ab b af q) i an))) AD x a) g ak AE AF AG d) aa) AH af af a ai))))))))
o aq ao ap ar at = al (j an q (u ao l ah) p)
s at ar aq ao ap au = o e n u (af u k o (ab b) ai)
n ao = ah (u ak ak c)
r at ao ap au ar aq = y
q ao = ao aj p (c u d u (r af g)) i z
d ao = af h e ah aj
ac ap ao aq ar au at = j t ao ad
z ar ao ap aq = j o y (u an j) l
j = aj (u p ad ai i b ab)
an ao = m (z l u)
am ao at aq ar au ap = ao d w ae aj h r au z k ak au ak
w aq ar ao ap = x (k q) ao ap ag p
ah ap ao aq ar = g ak a c x (ap al) a w z f a
ab au at ap aq ar ao = v (u au ak d aj ae x)
i ap aq ao = aj ad y q u g (u (f aa c) ai aq an)
------------------------------------------------------------
b ai (b A (B t (C i D E F G am (H (ai I (J r) j k (K t L (M N O n (v (c aj v r k j) P n i (n (Q (g m (k (c q ae (q b l) h) ae ai al) c) R k m) al ag al S (ab s (T U V (d an am f (c (W X Y Z AA AB AC (q k ab b af q) i an))) AD x a) g ak AE AF AG d) aa) AH af af a ai))))))))
an ai ak aj f ai (b A (B t (C i D E F G am (H (ai I (J r) j k (K t L (M N O n (v (c aj v r k j) P n i (n (Q (g m (k (c q ae (q b l) h) ae ai al) c) R k m) al ag al S (ab s (T U V (d an am f (c (W X Y Z AA AB AC (q k ab b af q) i an))) AD x a) g ak AE AF AG d) aa) AH af af a ai))))))))
m (z l u) ak aj f ai (b A (B t (C i D E F G am (H (ai I (J r) j k (K t L (M N O n (v (c aj v r k j) P n i (n (Q (g m (k (c q ae (q b l) h) ae ai al) c) R k m) al ag al S (ab s (T U V (d an am f (c (W X Y Z AA AB AC (q k ab b af q) i an))) AD x a) g ak AE AF AG d) aa) AH af af a ai))))))))
r (ak (ah e t (ah ai i) an w aj an)) f ai (b A (B t (C i D E F G am (H (ai I (J r) j k (K t L (M N O n (v (c aj v r k j) P n i (n (Q (g m (k (c q ae (q b l) h) ae ai al) c) R k m) al ag al S (ab s (T U V (d an am f (c (W X Y Z AA AB AC (q k ab b af q) i an))) AD x a) g ak AE AF AG d) aa) AH af af a ai))))))))
r (ak (g ak a c x (e al) a w z f a w aj an)) f ai (b A (B t (C i D E F G am (H (ai I (J r) j k (K t L (M N O n (v (c aj v r k j) P n i (n (Q (g m (k (c q ae (q b l) h) ae ai al) c) R k m) al ag al S (ab s (T U V (d an am f (c (W X Y Z AA AB AC (q k ab b af q) i an))) AD x a) g ak AE AF AG d) aa) AH af af a ai))))))))
r (ak (c s aa ai a (h j l) (e al) a w z f a w aj an)) f ai (b A (B t (C i D E F G am (H (ai I (J r) j k (K t L (M N O n (v (c aj v r k j) P n i (n (Q (g m (k (c q ae (q b l) h) ae ai al) c) R k m) al ag al S (ab s (T U V (d an am f (c (W X Y Z AA AB AC (q k ab b af q) i an))) AD x a) g ak AE AF AG d) aa) AH af af a ai))))))))
r (ak (v x s a w z f a w aj an)) f ai (b A (B t (C i D E F G am (H (ai I (J r) j k (K t L (M N O n (v (c aj v r k j) P n i (n (Q (g m (k (c q ae (q b l) h) ae ai al) c) R k m) al ag al S (ab s (T U V (d an am f (c (W X Y Z AA AB AC (q k ab b af q) i an))) AD x a) g ak AE AF AG d) aa) AH af af a ai))))))))
r (ak (c x p s q (f r) w z f a w aj an)) f ai (b A (B t (C i D E F G am (H (ai I (J r) j k (K t L (M N O n (v (c aj v r k j) P n i (n (Q (g m (k (c q ae (q b l) h) ae ai al) c) R k m) al ag al S (ab s (T U V (d an am f (c (W X Y Z AA AB AC (q k ab b af q) i an))) AD x a) g ak AE AF AG d) aa) AH af af a ai))))))))
r (ak (v x s a f a w aj an)) f ai (b A (B t (C i D E F G am (H (ai I (J r) j k (K t L (M N O n (v (c aj v r k j) P n i (n (Q (g m (k (c q ae (q b l) h) ae ai al) c) R k m) al ag al S (ab s (T U V (d an am f (c (W X Y Z AA AB AC (q k ab b af q) i an))) AD x a) g ak AE AF AG d) aa) AH af af a ai))))))))
r (ak (c x p s q (f r) f a w aj an)) f ai (b A (B t (C i D E F G am (H (ai I (J r) j k (K t L (M N O n (v (c aj v r k j) P n i (n (Q (g m (k (c q ae (q b l) h) ae ai al) c) R k m) al ag al S (ab s (T U V (d an am f (c (W X Y Z AA AB AC (q k ab b af q) i an))) AD x a) g ak AE AF AG d) aa) AH af af a ai))))))))
r (ak (v x s a w aj an)) f ai (b A (B t (C i D E F G am (H (ai I (J r) j k (K t L (M N O n (v (c aj v r k j) P n i (n (Q (g m (k (c q ae (q b l) h) ae ai al) c) R k m) al ag al S (ab s (T U V (d an am f (c (W X Y Z AA AB AC (q k ab b af q) i an))) AD x a) g ak AE AF AG d) aa) AH af af a ai))))))))
r (ak (c x p s q (f r) w aj an)) f ai (b A (B t (C i D E F G am (H (ai I (J r) j k (K t L (M N O n (v (c aj v r k j) P n i (n (Q (g m (k (c q ae (q b l) h) ae ai al) c) R k m) al ag al S (ab s (T U V (d an am f (c (W X Y Z AA AB AC (q k ab b af q) i an))) AD x a) g ak AE AF AG d) aa) AH af af a ai))))))))
r (ak (v x s a an)) f ai (b A (B t (C i D E F G am (H (ai I (J r) j k (K t L (M N O n (v (c aj v r k j) P n i (n (Q (g m (k (c q ae (q b l) h) ae ai al) c) R k m) al ag al S (ab s (T U V (d an am f (c (W X Y Z AA AB AC (q k ab b af q) i an))) AD x a) g ak AE AF AG d) aa) AH af af a ai))))))))
r (ak (c x p s q (f r) an)) f ai (b A (B t (C i D E F G am (H (ai I (J r) j k (K t L (M N O n (v (c aj v r k j) P n i (n (Q (g m (k (c q ae (q b l) h) ae ai al) c) R k m) al ag al S (ab s (T U V (d an am f (c (W X Y Z AA AB AC (q k ab b af q) i an))) AD x a) g ak AE AF AG d) aa) AH af af a ai))))))))
r (ak (c x p s q (f r) an)) f (t ag d (f (w ak ab k aa) aj k) aa) (b A (B t (C i D E F G am (H (ai I (J r) j k (K t L (M N O n (v (c aj v r k j) P n i (n (Q (g m (k (c q ae (q b l) h) ae ai al) c) R k m) al ag al S (ab s (T U V (d an am f (c (W X Y Z AA AB AC (q k ab b af q) i an))) AD x a) g ak AE AF AG d) aa) AH af af a ai))))))))
r (ak (c x p s q (f r) an)) f (v aj x d ag ag j l ab d aj an (f (w ak ab k aa) aj k) aa) (b A (B t (C i D E F G am (H (ai I (J r) j k (K t L (M N O n (v (c aj v r k j) P n i (n (Q (g m (k (c q ae (q b l) h) ae ai al) c) R k m) al ag al S (ab s (T U V (d an am f (c (W X Y Z AA AB AC (q k ab b af q) i an))) AD x a) g ak AE AF AG d) aa) AH af af a ai))))))))
r (ak (c x p s q (f r) an)) f (c x p x q (f r) ag ag j l ab d aj an (f (w ak ab k aa) aj k) aa) (b A (B t (C i D E F G am (H (ai I (J r) j k (K t L (M N O n (v (c aj v r k j) P n i (n (Q (g m (k (c q ae (q b l) h) ae ai al) c) R k m) al ag al S (ab s (T U V (d an am f (c (W X Y Z AA AB AC (q k ab b af q) i an))) AD x a) g ak AE AF AG d) aa) AH af af a ai))))))))
r (ak (c x p s q (f r) an)) f (v x s a j l ab d aj an (f (w ak ab k aa) aj k) aa) (b A (B t (C i D E F G am (H (ai I (J r) j k (K t L (M N O n (v (c aj v r k j) P n i (n (Q (g m (k (c q ae (q b l) h) ae ai al) c) R k m) al ag al S (ab s (T U V (d an am f (c (W X Y Z AA AB AC (q k ab b af q) i an))) AD x a) g ak AE AF AG d) aa) AH af af a ai))))))))
r (ak (c x p s q (f r) an)) f (c x p s q (f r) j l ab d aj an (f (w ak ab k aa) aj k) aa) (b A (B t (C i D E F G am (H (ai I (J r) j k (K t L (M N O n (v (c aj v r k j) P n i (n (Q (g m (k (c q ae (q b l) h) ae ai al) c) R k m) al ag al S (ab s (T U V (d an am f (c (W X Y Z AA AB AC (q k ab b af q) i an))) AD x a) g ak AE AF AG d) aa) AH af af a ai))))))))
r (ak (c x p s q (f r) an)) f (v x s a ab d aj an (f (w ak ab k aa) aj k) aa) (b A (B t (C i D E F G am (H (ai I (J r) j k (K t L (M N O n (v (c aj v r k j) P n i (n (Q (g m (k (c q ae (q b l) h) ae ai al) c) R k m) al ag al S (ab s (T U V (d an am f (c (W X Y Z AA AB AC (q k ab b af q) i an))) AD x a) g ak AE AF AG d) aa) AH af af a ai))))))))
r (ak (c x p s q (f r) an)) f (c x p s q (f r) ab d aj an (f (w ak ab k aa) aj k) aa) (b A (B t (C i D E F G am (H (ai I (J r) j k (K t L (M N O n (v (c aj v r k j) P n i (n (Q (g m (k (c q ae (q b l) h) ae ai al) c) R k m) al ag al S (ab s (T U V (d an am f (c (W X Y Z AA AB AC (q k ab b af q) i an))) AD x a) g ak AE AF AG d) aa) AH af af a ai))))))))
r (ak (c x p s q (f r) an)) f (v x s a aj an (f (w ak ab k aa) aj k) aa) (b A (B t (C i D E F G am (H (ai I (J r) j k (K t L (M N O n (v (c aj v r k j) P n i (n (Q (g m (k (c q ae (q b l) h) ae ai al) c) R k m) al ag al S (ab s (T U V (d an am f (c (W X Y Z AA AB AC (q k ab b af q) i an))) AD x a) g ak AE AF AG d) aa) AH af af a ai))))))))
r (ak (c x p s q (f r) an)) f (c x p s q (f r) aj an (f (w ak ab k aa) aj k) aa) (b A (B t (C i D E F G am (H (ai I (J r) j k (K t L (M N O n (v (c aj v r k j) P n i (n (Q (g m (k (c q ae (q b l) h) ae ai al) c) R k m) al ag al S (ab s (T U V (d an am f (c (W X Y Z AA AB AC (q k ab b af q) i an))) AD x a) g ak AE AF AG d) aa) AH af af a ai))))))))
r (ak (c x p s q (f r) an)) f (v x s a (f (w ak ab k aa) aj k) aa) (b A (B t (C i D E F G am (H (ai I (J r) j k (K t L (M N O n (v (c aj v r k j) P n i (n (Q (g m (k (c q ae (q b l) h) ae ai al) c) R k m) al ag al S (ab s (T U V (d an am f (c (W X Y Z AA AB AC (q k ab b af q) i an))) AD x a) g ak AE AF AG d) aa) AH af af a ai))))))))
r (ak (c x p s q (f r) an)) f (c x p s q (f r) (f (w ak ab k aa) aj k) aa) (b A (B t (C i D E F G am (H (ai I (J r) j k (K t L (M N O n (v (c aj v r k j) P n i (n (Q (g m (k (c q ae (q b l) h) ae ai al) c) R k m) al ag al S (ab s (T U V (d an am f (c (W X Y Z AA AB AC (q k ab b af q) i an))) AD x a) g ak AE AF AG d) aa) AH af af a ai))))))))
r (ak (c x p s q (f r) an)) f (v x s a) (b A (B t (C i D E F G am (H (ai I (J r) j k (K t L (M N O n (v (c aj v r k j) P n i (n (Q (g m (k (c q ae (q b l) h) ae ai al) c) R k m) al ag al S (ab s (T U V (d an am f (c (W X Y Z AA AB AC (q k ab b af q) i an))) AD x a) g ak AE AF AG d) aa) AH af af a ai))))))))
r (ak (c x p s q (f r) an)) f (c x p s q (f r)) (b A (B t (C i D E F G am (H (ai I (J r) j k (K t L (M N O n (v (c aj v r k j) P n i (n (Q (g m (k (c q ae (q b l) h) ae ai al) c) R k m) al ag al S (ab s (T U V (d an am f (c (W X Y Z AA AB AC (q k ab b af q) i an))) AD x a) g ak AE AF AG d) aa) AH af af a ai))))))))
r (ak (c x p s q (f r) an)) f (c x p s q (f r)) (an ai ak aj f A (B t (C i D E F G am (H (ai I (J r) j k (K t L (M N O n (v (c aj v r k j) P n i (n (Q (g m (k (c q ae (q b l) h) ae ai al) c) R k m) al ag al S (ab s (T U V (d an am f (c (W X Y Z AA AB AC (q k ab b af q) i an))) AD x a) g ak AE AF AG d) aa) AH af af a ai))))))))
r (ak (c x p s q (f r) an)) f (c x p s q (f r)) (m (z l u) ak aj f A (B t (C i D E F G am (H (ai I (J r) j k (K t L (M N O n (v (c aj v r k j) P n i (n (Q (g m (k (c q ae (q b l) h) ae ai al) c) R k m) al ag al S (ab s (T U V (d an am f (c (W X Y Z AA AB AC (q k ab b af q) i an))) AD x a) g ak AE AF AG d) aa) AH af af a ai))))))))
r (ak (c x p s q (f r) an)) f (c x p s q (f r)) (r (ak (ah e t (ah ai i) an w aj an)) f A (B t (C i D E F G am (H (ai I (J r) j k (K t L (M N O n (v (c aj v r k j) P n i (n (Q (g m (k (c q ae (q b l) h) ae ai al) c) R k m) al ag al S (ab s (T U V (d an am f (c (W X Y Z AA AB AC (q k ab b af q) i an))) AD x a) g ak AE AF AG d) aa) AH af af a ai))))))))


