ad ao ap aq ar = ar ah ah q g d ao ag af af c aa
y ar au aq ap ao at = h ak
c ap ao = ao g i aj ad q (u t ao d w p)
e ao = ai t j (ag ab y) am p ah ao b
ag av aq au ap ar ao at = c l an h x af y z
f ap aq ar at ao = af ap u o e
ac ap ao aq = v g u y (x ap)
n ap ao = i g (ah l ah) am ah t p
a au ap ao aq ar at = t am w k e x z w f o
ae = z ai n z ab g o
ab ap ao aq = n ap ac v (ag r j c b)
z ao at ap aq ar = ap aa j (j ah)
r ap ao = af l (m ab (z aj) ah) n y y u
w at aq ar ao ap au = ap aj
main = A s ag f ag (aa k w (B j)) C D w E f ak al (z x z (F g u q (G (H r I j s (k aj ag) p l (J ah) f) (K aa (b j ah f L) ag (M N ag ae af am O P (Q (y aj e (a al) e R s (S d T q ab am f) e U k o aa z k V x) o) ai (W p c X s (m (Y af Z u n AA t)) ab ag b an am) z)))))
ai = al al g c m r k k a d r j
m ao ap = d (o z (p ai l v i d))
b ap aq ao = i an v ad x ad e
u at av ao ar au ap aq = aj q (ac aa (ak l) v aj w av (c ab ad))
p ao = m l ak an (ab ae v h b)
g ao ap aq = ai n aj aa e aq ad aq
v ap ao = ab d ag h aa j (j y h k q)
an at aq ao ap ar au = e x (t j j d) ao aa ac ad ao
am at ao ar au ap aq av = e v (c (ak (au s r) (aq h c) f))
ak aq ap ao ar = e
af ap ao at aq ar = al ag p (f r l d (x at) h)
k au ar aq at ap ao av = ar al x o h
t ao = ad af ac aj o ac ao b ai q y l e
x ar aq ao ap at au = c q k al q ai v u (t ah ar)
d ap ao = w ap ad w b an ae u c ap v v
q ao aq ap ar = z (e al c (ak g o aj w f))
h ap ao at ar aq au = e d s ag x ai (d (y ad (u aj) n am))
al aq ap at ar ao = ae t at w an (h an t n f)
aj au ar aq ao ap at = u v ag ar v f q v f q an
o aq ap ao ar at = ae m
s = v m
aa aq au av ap ar ao at = e s k (s am e) a
l ap ao = b m af g ao
j ao ar ap aq = x al a (af x (o ao) aq ah r f ac ab)
ah ap av aq at ao ar au = aa al (h y y r ad)
i aq ao ap ar = an (ah z o (z e) (al x p) ao) c t
------------------------------------------------------------
A s ag f ag (aa k w (B j)) C D w E f ak al (z x z (F g u q (G (H r I j s (k aj ag) p l (J ah) f) (K aa (b j ah f L) ag (M N ag ae af am O P (Q (y aj e (a al) e R s (S d T q ab am f) e U k o aa z k V x) o) ai (W p c X s (m (Y af Z u n AA t)) ab ag b an am) z)))))
A (v m) ag f ag (aa k w (B j)) C D w E f ak al (z x z (F g u q (G (H r I j s (k aj ag) p l (J ah) f) (K aa (b j ah f L) ag (M N ag ae af am O P (Q (y aj e (a al) e R s (S d T q ab am f) e U k o aa z k V x) o) ai (W p c X s (m (Y af Z u n AA t)) ab ag b an am) z)))))
A (v m) ag f ag (aa k w (B j)) C D w E f ak al (z x z (F g u q (G (H r I j (v m) (k aj ag) p l (J ah) f) (K aa (b j ah f L) ag (M N ag ae af am O P (Q (y aj e (a al) e R s (S d T q ab am f) e U k o aa z k V x) o) ai (W p c X s (m (Y af Z u n AA t)) ab ag b an am) z)))))
A (v m) ag f ag (aa k w (B j)) C D w E f ak al (z x z (F g u q (G (H r I j (v m) (k aj ag) p l (J ah) f) (K aa (i an v ad x ad e L) ag (M N ag ae af am O P (Q (y aj e (a al) e R s (S d T q ab am f) e U k o aa z k V x) o) ai (W p c X s (m (Y af Z u n AA t)) ab ag b an am) z)))))
A (v m) ag f ag (aa k w (B j)) C D w E f ak al (z x z (F g u q (G (H r I j (v m) (k aj ag) p l (J ah) f) (K aa (an (ah z o (z e) (al x p) v) c t ad e L) ag (M N ag ae af am O P (Q (y aj e (a al) e R s (S d T q ab am f) e U k o aa z k V x) o) ai (W p c X s (m (Y af Z u n AA t)) ab ag b an am) z)))))
A (v m) ag f ag (aa k w (B j)) C D w E f ak al (z x z (F g u q (G (H r I j (v m) (k aj ag) p l (J ah) f) (K aa (e x (t j j d) t aa ac ad t) ag (M N ag ae af am O P (Q (y aj e (a al) e R s (S d T q ab am f) e U k o aa z k V x) o) ai (W p c X s (m (Y af Z u n AA t)) ab ag b an am) z)))))
A (v m) ag f ag (aa k w (B j)) C D w E f ak al (z x z (F g u q (G (H r I j (v m) (k aj ag) p l (J ah) f) (K aa (ai t j (ag ab y) am p ah x b (t j j d) t aa ac ad t) ag (M N ag ae af am O P (Q (y aj e (a al) e R s (S d T q ab am f) e U k o aa z k V x) o) ai (W p c X s (m (Y af Z u n AA t)) ab ag b an am) z)))))
A (v m) ag f ag (aa k w (B j)) C D w E f ak al (z x z (F g u q (G (H r I j (v m) (k aj ag) p l (J ah) f) (K aa (al al g c m r k k a d r j t j (ag ab y) am p ah x b (t j j d) t aa ac ad t) ag (M N ag ae af am O P (Q (y aj e (a al) e R s (S d T q ab am f) e U k o aa z k V x) o) ai (W p c X s (m (Y af Z u n AA t)) ab ag b an am) z)))))
A (v m) ag f ag (aa k w (B j)) C D w E f ak al (z x z (F g u q (G (H r I j (v m) (k aj ag) p l (J ah) f) (K aa (ae t c w an (h an t n f) k k a d r j t j (ag ab y) am p ah x b (t j j d) t aa ac ad t) ag (M N ag ae af am O P (Q (y aj e (a al) e R s (S d T q ab am f) e U k o aa z k V x) o) ai (W p c X s (m (Y af Z u n AA t)) ab ag b an am) z)))))
A (v m) ag f ag (aa k w (B j)) C D w E f ak al (z x z (F g u q (G (H r I j (v m) (k aj ag) p l (J ah) f) (K aa (z ai n z ab g o t c w an (h an t n f) k k a d r j t j (ag ab y) am p ah x b (t j j d) t aa ac ad t) ag (M N ag ae af am O P (Q (y aj e (a al) e R s (S d T q ab am f) e U k o aa z k V x) o) ai (W p c X s (m (Y af Z u n AA t)) ab ag b an am) z)))))
A (v m) ag f ag (aa k w (B j)) C D w E f ak al (z x z (F g u q (G (H r I j (v m) (k aj ag) p l (J ah) f) (K aa (z aa j (j ah) o t c w an (h an t n f) k k a d r j t j (ag ab y) am p ah x b (t j j d) t aa ac ad t) ag (M N ag ae af am O P (Q (y aj e (a al) e R s (S d T q ab am f) e U k o aa z k V x) o) ai (W p c X s (m (Y af Z u n AA t)) ab ag b an am) z)))))
A (v m) ag f ag (aa k w (B j)) C D w E f ak al (z x z (F g u q (G (H r I j (v m) (k aj ag) p l (J ah) f) (K aa (j ah aa j (j ah) c w an (h an t n f) k k a d r j t j (ag ab y) am p ah x b (t j j d) t aa ac ad t) ag (M N ag ae af am O P (Q (y aj e (a al) e R s (S d T q ab am f) e U k o aa z k V x) o) ai (W p c X s (m (Y af Z u n AA t)) ab ag b an am) z)))))
A (v m) ag f ag (aa k w (B j)) C D w E f ak al (z x z (F g u q (G (H r I j (v m) (k aj ag) p l (J ah) f) (K aa (x al a (af x (o ah) (j ah) ah r f ac ab) c w an (h an t n f) k k a d r j t j (ag ab y) am p ah x b (t j j d) t aa ac ad t) ag (M N ag ae af am O P (Q (y aj e (a al) e R s (S d T q ab am f) e U k o aa z k V x) o) ai (W p c X s (m (Y af Z u n AA t)) ab ag b an am) z)))))
A (v m) ag f ag (aa k w (B j)) C D w E f ak al (z x z (F g u q (G (H r I j (v m) (k aj ag) p l (J ah) f) (K aa (c q k al q ai v u (t ah al) (h an t n f) k k a d r j t j (ag ab y) am p ah x b (t j j d) t aa ac ad t) ag (M N ag ae af am O P (Q (y aj e (a al) e R s (S d T q ab am f) e U k o aa z k V x) o) ai (W p c X s (m (Y af Z u n AA t)) ab ag b an am) z)))))
A (v m) ag f ag (aa k w (B j)) C D w E f ak al (z x z (F g u q (G (H r I j (v m) (k aj ag) p l (J ah) f) (K aa (k g i aj ad q (u t k d w p) al q ai v u (t ah al) (h an t n f) k k a d r j t j (ag ab y) am p ah x b (t j j d) t aa ac ad t) ag (M N ag ae af am O P (Q (y aj e (a al) e R s (S d T q ab am f) e U k o aa z k V x) o) ai (W p c X s (m (Y af Z u n AA t)) ab ag b an am) z)))))
A (v m) ag f ag (aa k w (B j)) C D w E f ak al (z x z (F g u q (G (H r I j (v m) (k aj ag) p l (J ah) f) (K aa (i al x o h q ai v u (t ah al) (h an t n f) k k a d r j t j (ag ab y) am p ah x b (t j j d) t aa ac ad t) ag (M N ag ae af am O P (Q (y aj e (a al) e R s (S d T q ab am f) e U k o aa z k V x) o) ai (W p c X s (m (Y af Z u n AA t)) ab ag b an am) z)))))
A (v m) ag f ag (aa k w (B j)) C D w E f ak al (z x z (F g u q (G (H r I j (v m) (k aj ag) p l (J ah) f) (K aa (an (ah z o (z e) (al x p) x) c t q ai v u (t ah al) (h an t n f) k k a d r j t j (ag ab y) am p ah x b (t j j d) t aa ac ad t) ag (M N ag ae af am O P (Q (y aj e (a al) e R s (S d T q ab am f) e U k o aa z k V x) o) ai (W p c X s (m (Y af Z u n AA t)) ab ag b an am) z)))))
A (v m) ag f ag (aa k w (B j)) C D w E f ak al (z x z (F g u q (G (H r I j (v m) (k aj ag) p l (J ah) f) (K aa (e x (t j j d) t aa ac ad t u (t ah al) (h an t n f) k k a d r j t j (ag ab y) am p ah x b (t j j d) t aa ac ad t) ag (M N ag ae af am O P (Q (y aj e (a al) e R s (S d T q ab am f) e U k o aa z k V x) o) ai (W p c X s (m (Y af Z u n AA t)) ab ag b an am) z)))))
A (v m) ag f ag (aa k w (B j)) C D w E f ak al (z x z (F g u q (G (H r I j (v m) (k aj ag) p l (J ah) f) (K aa (ai t j (ag ab y) am p ah x b (t j j d) t aa ac ad t u (t ah al) (h an t n f) k k a d r j t j (ag ab y) am p ah x b (t j j d) t aa ac ad t) ag (M N ag ae af am O P (Q (y aj e (a al) e R s (S d T q ab am f) e U k o aa z k V x) o) ai (W p c X s (m (Y af Z u n AA t)) ab ag b an am) z)))))
A (v m) ag f ag (aa k w (B j)) C D w E f ak al (z x z (F g u q (G (H r I j (v m) (k aj ag) p l (J ah) f) (K aa (al al g c m r k k a d r j t j (ag ab y) am p ah x b (t j j d) t aa ac ad t u (t ah al) (h an t n f) k k a d r j t j (ag ab y) am p ah x b (t j j d) t aa ac ad t) ag (M N ag ae af am O P (Q (y aj e (a al) e R s (S d T q ab am f) e U k o aa z k V x) o) ai (W p c X s (m (Y af Z u n AA t)) ab ag b an am) z)))))
A (v m) ag f ag (aa k w (B j)) C D w E f ak al (z x z (F g u q (G (H r I j (v m) (k aj ag) p l (J ah) f) (K aa (ae t c w an (h an t n f) k k a d r j t j (ag ab y) am p ah x b (t j j d) t aa ac ad t u (t ah al) (h an t n f) k k a d r j t j (ag ab y) am p ah x b (t j j d) t aa ac ad t) ag (M N ag ae af am O P (Q (y aj e (a al) e R s (S d T q ab am f) e U k o aa z k V x) o) ai (W p c X s (m (Y af Z u n AA t)) ab ag b an am) z)))))
A (v m) ag f ag (aa k w (B j)) C D w E f ak al (z x z (F g u q (G (H r I j (v m) (k aj ag) p l (J ah) f) (K aa (z ai n z ab g o t c w an (h an t n f) k k a d r j t j (ag ab y) am p ah x b (t j j d) t aa ac ad t u (t ah al) (h an t n f) k k a d r j t j (ag ab y) am p ah x b (t j j d) t aa ac ad t) ag (M N ag ae af am O P (Q (y aj e (a al) e R s (S d T q ab am f) e U k o aa z k V x) o) ai (W p c X s (m (Y af Z u n AA t)) ab ag b an am) z)))))
A (v m) ag f ag (aa k w (B j)) C D w E f ak al (z x z (F g u q (G (H r I j (v m) (k aj ag) p l (J ah) f) (K aa (z aa j (j ah) o t c w an (h an t n f) k k a d r j t j (ag ab y) am p ah x b (t j j d) t aa ac ad t u (t ah al) (h an t n f) k k a d r j t j (ag ab y) am p ah x b (t j j d) t aa ac ad t) ag (M N ag ae af am O P (Q (y aj e (a al) e R s (S d T q ab am f) e U k o aa z k V x) o) ai (W p c X s (m (Y af Z u n AA t)) ab ag b an am) z)))))
A (v m) ag f ag (aa k w (B j)) C D w E f ak al (z x z (F g u q (G (H r I j (v m) (k aj ag) p l (J ah) f) (K aa (j ah aa j (j ah) c w an (h an t n f) k k a d r j t j (ag ab y) am p ah x b (t j j d) t aa ac ad t u (t ah al) (h an t n f) k k a d r j t j (ag ab y) am p ah x b (t j j d) t aa ac ad t) ag (M N ag ae af am O P (Q (y aj e (a al) e R s (S d T q ab am f) e U k o aa z k V x) o) ai (W p c X s (m (Y af Z u n AA t)) ab ag b an am) z)))))
A (v m) ag f ag (aa k w (B j)) C D w E f ak al (z x z (F g u q (G (H r I j (v m) (k aj ag) p l (J ah) f) (K aa (x al a (af x (o ah) (j ah) ah r f ac ab) c w an (h an t n f) k k a d r j t j (ag ab y) am p ah x b (t j j d) t aa ac ad t u (t ah al) (h an t n f) k k a d r j t j (ag ab y) am p ah x b (t j j d) t aa ac ad t) ag (M N ag ae af am O P (Q (y aj e (a al) e R s (S d T q ab am f) e U k o aa z k V x) o) ai (W p c X s (m (Y af Z u n AA t)) ab ag b an am) z)))))
A (v m) ag f ag (aa k w (B j)) C D w E f ak al (z x z (F g u q (G (H r I j (v m) (k aj ag) p l (J ah) f) (K aa (c q k al q ai v u (t ah al) (h an t n f) k k a d r j t j (ag ab y) am p ah x b (t j j d) t aa ac ad t u (t ah al) (h an t n f) k k a d r j t j (ag ab y) am p ah x b (t j j d) t aa ac ad t) ag (M N ag ae af am O P (Q (y aj e (a al) e R s (S d T q ab am f) e U k o aa z k V x) o) ai (W p c X s (m (Y af Z u n AA t)) ab ag b an am) z)))))
A (v m) ag f ag (aa k w (B j)) C D w E f ak al (z x z (F g u q (G (H r I j (v m) (k aj ag) p l (J ah) f) (K aa (k g i aj ad q (u t k d w p) al q ai v u (t ah al) (h an t n f) k k a d r j t j (ag ab y) am p ah x b (t j j d) t aa ac ad t u (t ah al) (h an t n f) k k a d r j t j (ag ab y) am p ah x b (t j j d) t aa ac ad t) ag (M N ag ae af am O P (Q (y aj e (a al) e R s (S d T q ab am f) e U k o aa z k V x) o) ai (W p c X s (m (Y af Z u n AA t)) ab ag b an am) z)))))
A (v m) ag f ag (aa k w (B j)) C D w E f ak al (z x z (F g u q (G (H r I j (v m) (k aj ag) p l (J ah) f) (K aa (i al x o h q ai v u (t ah al) (h an t n f) k k a d r j t j (ag ab y) am p ah x b (t j j d) t aa ac ad t u (t ah al) (h an t n f) k k a d r j t j (ag ab y) am p ah x b (t j j d) t aa ac ad t) ag (M N ag ae af am O P (Q (y aj e (a al) e R s (S d T q ab am f) e U k o aa z k V x) o) ai (W p c X s (m (Y af Z u n AA t)) ab ag b an am) z)))))
A (v m) ag f ag (aa k w (B j)) C D w E f ak al (z x z (F g u q (G (H r I j (v m) (k aj ag) p l (J ah) f) (K aa (an (ah z o (z e) (al x p) x) c t q ai v u (t ah al) (h an t n f) k k a d r j t j (ag ab y) am p ah x b (t j j d) t aa ac ad t u (t ah al) (h an t n f) k k a d r j t j (ag ab y) am p ah x b (t j j d) t aa ac ad t) ag (M N ag ae af am O P (Q (y aj e (a al) e R s (S d T q ab am f) e U k o aa z k V x) o) ai (W p c X s (m (Y af Z u n AA t)) ab ag b an am) z)))))
A (v m) ag f ag (aa k w (B j)) C D w E f ak al (z x z (F g u q (G (H r I j (v m) (k aj ag) p l (J ah) f) (K aa (e x (t j j d) t aa ac ad t u (t ah al) (h an t n f) k k a d r j t j (ag ab y) am p ah x b (t j j d) t aa ac ad t u (t ah al) (h an t n f) k k a d r j t j (ag ab y) am p ah x b (t j j d) t aa ac ad t) ag (M N ag ae af am O P (Q (y aj e (a al) e R s (S d T q ab am f) e U k o aa z k V x) o) ai (W p c X s (m (Y af Z u n AA t)) ab ag b an am) z)))))


