a az ba bb az o am (az az (z am v ag) ac y) ad z q aq m
b bd be bb bg ba bc bf az bd az bf (e o) al aq ad az i (o (ae ax ag))
c bb bd be ba az bc t am at ap p an j ay h (an a be am am v aj)
d bd az bb be bc ba p o ak aa (aa (ay (y bc k ap) ag f))
e bc bd ba az bb p bd bd (d ba j b al bd p f z)
f ba az n m az a (aj ap z) ao ag aj d (a h k)
g bb ba az bc au (p ah s z bb aa n av)
h bd ba az bb bc q q n ak ao ba (k bc ay w g k y ak d)
i bd ba bc bf be bb az y (n (p (bd ax m (b (ae ax v ar ba au) y c q))))
j bd be az bf bg bb ba bc p bf b y (ad aa b an y (e (i m) (ar a p ap)))
k az ba bb o j ba ai aa ba am (p x (bb ap ap bb an) f)
l ba bc az bb t (r av j t ah (ab b (w bb d w o) o w t))
m az bc bb ba ak f a aq az b c aw ah ay ah
n az h p s av az k az ar ai ak (av z) ay am k
o az bb ba bc bg bd bf be k (ax ax av f ai)
p az bc ba be bd bb bb ag ah ax az c at (j aw x) s (az ay be ac) q
q bd az bb be bf ba bc bg ag u ag ah v ba ab aj ah o ag (i o av a af)
r az bb ba av (ba ar az) az j (d t (at c aa) p ah)
s be bd az bc ba bb bf i ap n ah z az t be b u au
t bd be az bc bb ba af ak aj ap j q h o i ao n aj at g av
u bc ba bb be bd az z (az o ae bb) be bc o aa au al y
v bg bc bb ba bd bf az be n a z bb au
w ba bc bb az ar l z bc p j (ba bb aj) c ad a
x az j w az az am z az i t ax g
y bb bc az bd bg be ba bf a ab (af (bg (ba g a z (ba e h o ag) e)))
z be az bd bc ba bb am (ai (q ar r f o af (ai (a be aa ak ax j))))
aa bd bf be az bc ba bb al (ae ap ad am bd al i a ac ag aw av bc k ac)
ab bf bd az bc bg bb be ba w e az ae ap be (au v (o (k a bb ak)))
ac bc bd bf be bb az ba b ap ae l
ad bd ba bc be bb az bb ac r j (z ai c) ai ay aw am ab bd
ae bb ba be az bd bc w (an aa m) aq ah (aq i d) g bd ax d bd
af ba bb az av ag (ax au ar (z ba x u ak ay x) az f)
ag bc az ba bb bd x r ab av (an s m) bb
ah az bf bd bc be bb ba bc t al (n an x (q q bc e (ad a au v ag)))
ai az ba bb az x ae
aj az ba p ag ao z s (at ba ba p af) ap v ba ao
ak bf be ba bg bb bc bd az av o av aj ap (am (u (ah bb v ag au n o ae)))
al bg az bc ba bb bd be bf m bc ai (q ar af) ai be aa
am bb az bd ba bc x bd az ak j (m h) bd ae c ah bc ak
an bb bd bc az ba i (az a o (bc aq v ba (aj i e ak c aj)))
ao be bf az bc ba bd bb bg ae ap d ay ah z bg u u
ap az aw a r ak h o az az k ai f az aj
aq bf bb bd bg az ba be bc ad x ad ax av ao ae (aw y j ab) aj ag ay
ar bb bf bd ba bc be bg az w (k al) r bd ba h ae u bf bb
at bc be bd bg bb ba bf az u ah am b bf (s aa s x) y k
au bb bc az bd ba be o (h k (o v ad i x))
av bb ba bc az m ak s a t ab az k (f q af ay bb) ax x
aw bb bc az ba a (ba ac) b b ay i ax az
ax bf az bc bb ba be bd d (aw b ad) af v a (at ag r ag f)
ay bc ba bd az bb be bf bg au bc au au g be (ae an bf) ba
main A B C ah ay (af (ad D b) (y E (F (ar a ac j) ay af h (ap ai) (G H (s av ai d ag) o) i (ak at (ax x j (ap h (I J K ae) an (L ag ai u (c n s) ab ap) y (j (M (N O j n P (au Q (R S aa) w T r t av)) at ae) ac am ad x (ao i o U V ac ah ay)) (q g W y)) (af X av aa at ac au h i ax) av aj aw)))))
------------------------------------------------------------
A B C ah ay (af (ad D b) (y E (F (ar a ac j) ay af h (ap ai) (G H (s av ai d ag) o) i (ak at (ax x j (ap h (I J K ae) an (L ag ai u (c n s) ab ap) y (j (M (N O j n P (au Q (R S aa) w T r t av)) at ae) ac am ad x (ao i o U V ac ah ay)) (q g W y)) (af X av aa at ac au h i ax) av aj aw)))))
A B C ah ay (af (ad D b) (y E (F (ar a ac j) ay af h (aw a r ak h o ai ai k ai f ai aj) (G H (s av ai d ag) o) i (ak at (ax x j (ap h (I J K ae) an (L ag ai u (c n s) ab ap) y (j (M (N O j n P (au Q (R S aa) w T r t av)) at ae) ac am ad x (ao i o U V ac ah ay)) (q g W y)) (af X av aa at ac au h i ax) av aj aw)))))
A B C ah ay (af (ad D b) (y E (F (ar a ac j) ay af h (a (h ac) b b ay i ax ak o ai ai k ai f ai aj) (G H (s av ai d ag) o) i (ak at (ax x j (ap h (I J K ae) an (L ag ai u (c n s) ab ap) y (j (M (N O j n P (au Q (R S aa) w T r t av)) at ae) ac am ad x (ao i o U V ac ah ay)) (q g W y)) (af X av aa at ac au h i ax) av aj aw)))))
A B C ah ay (af (ad D b) (y E (F (ar a ac j) ay af h (h ac o am (h ac (h ac) (z am v ag) ac y) ad z q aq m ay i ax ak o ai ai k ai f ai aj) (G H (s av ai d ag) o) i (ak at (ax x j (ap h (I J K ae) an (L ag ai u (c n s) ab ap) y (j (M (N O j n P (au Q (R S aa) w T r t av)) at ae) ac am ad x (ao i o U V ac ah ay)) (q g W y)) (af X av aa at ac au h i ax) av aj aw)))))
A B C ah ay (af (ad D b) (y E (F (ar a ac j) ay af h (q q n ak ao o (k ad ay w g k y ak d) z q aq m ay i ax ak o ai ai k ai f ai aj) (G H (s av ai d ag) o) i (ak at (ax x j (ap h (I J K ae) an (L ag ai u (c n s) ab ap) y (j (M (N O j n P (au Q (R S aa) w T r t av)) at ae) ac am ad x (ao i o U V ac ah ay)) (q g W y)) (af X av aa at ac au h i ax) av aj aw)))))
A B C ah ay (af (ad D b) (y E (F (ar a ac j) ay af h (ag u ag ah v (k ad ay w g k y ak d) ab aj ah o ag (i o av a af) aq m ay i ax ak o ai ai k ai f ai aj) (G H (s av ai d ag) o) i (ak at (ax x j (ap h (I J K ae) an (L ag ai u (c n s) ab ap) y (j (M (N O j n P (au Q (R S aa) w T r t av)) at ae) ac am ad x (ao i o U V ac ah ay)) (q g W y)) (af X av aa at ac au h i ax) av aj aw)))))
A B C ah ay (af (ad D b) (y E (F (ar a ac j) ay af h (x r ab av (an s m) v ab aj ah o ag (i o av a af) aq m ay i ax ak o ai ai k ai f ai aj) (G H (s av ai d ag) o) i (ak at (ax x j (ap h (I J K ae) an (L ag ai u (c n s) ab ap) y (j (M (N O j n P (au Q (R S aa) w T r t av)) at ae) ac am ad x (ao i o U V ac ah ay)) (q g W y)) (af X av aa at ac au h i ax) av aj aw)))))
A B C ah ay (af (ad D b) (y E (F (ar a ac j) ay af h (j w r r am z r i t ax g ab av (an s m) v ab aj ah o ag (i o av a af) aq m ay i ax ak o ai ai k ai f ai aj) (G H (s av ai d ag) o) i (ak at (ax x j (ap h (I J K ae) an (L ag ai u (c n s) ab ap) y (j (M (N O j n P (au Q (R S aa) w T r t av)) at ae) ac am ad x (ao i o U V ac ah ay)) (q g W y)) (af X av aa at ac au h i ax) av aj aw)))))
A B C ah ay (af (ad D b) (y E (F (ar a ac j) ay af h (p am b y (ad aa b an y (e (i m) (ar a p ap))) ax g ab av (an s m) v ab aj ah o ag (i o av a af) aq m ay i ax ak o ai ai k ai f ai aj) (G H (s av ai d ag) o) i (ak at (ax x j (ap h (I J K ae) an (L ag ai u (c n s) ab ap) y (j (M (N O j n P (au Q (R S aa) w T r t av)) at ae) ac am ad x (ao i o U V ac ah ay)) (q g W y)) (af X av aa at ac au h i ax) av aj aw)))))
A B C ah ay (af (ad D b) (y E (F (ar a ac j) ay af h (g ag ah ax am c at (j aw x) s (am ay (ad aa b an y (e (i m) (ar a p ap))) ac) q ab av (an s m) v ab aj ah o ag (i o av a af) aq m ay i ax ak o ai ai k ai f ai aj) (G H (s av ai d ag) o) i (ak at (ax x j (ap h (I J K ae) an (L ag ai u (c n s) ab ap) y (j (M (N O j n P (au Q (R S aa) w T r t av)) at ae) ac am ad x (ao i o U V ac ah ay)) (q g W y)) (af X av aa at ac au h i ax) av aj aw)))))
A B C ah ay (af (ad D b) (y E (F (ar a ac j) ay af h (au (p ah s z ag aa n av) c at (j aw x) s (am ay (ad aa b an y (e (i m) (ar a p ap))) ac) q ab av (an s m) v ab aj ah o ag (i o av a af) aq m ay i ax ak o ai ai k ai f ai aj) (G H (s av ai d ag) o) i (ak at (ax x j (ap h (I J K ae) an (L ag ai u (c n s) ab ap) y (j (M (N O j n P (au Q (R S aa) w T r t av)) at ae) ac am ad x (ao i o U V ac ah ay)) (q g W y)) (af X av aa at ac au h i ax) av aj aw)))))
A B C ah ay (af (ad D b) (y E (F (ar a ac j) ay af h (o (h k (o v ad i x)) q ab av (an s m) v ab aj ah o ag (i o av a af) aq m ay i ax ak o ai ai k ai f ai aj) (G H (s av ai d ag) o) i (ak at (ax x j (ap h (I J K ae) an (L ag ai u (c n s) ab ap) y (j (M (N O j n P (au Q (R S aa) w T r t av)) at ae) ac am ad x (ao i o U V ac ah ay)) (q g W y)) (af X av aa at ac au h i ax) av aj aw)))))
A B C ah ay (af (ad D b) (y E (F (ar a ac j) ay af h (k (ax ax av f ai) ah o ag (i o av a af) aq m ay i ax ak o ai ai k ai f ai aj) (G H (s av ai d ag) o) i (ak at (ax x j (ap h (I J K ae) an (L ag ai u (c n s) ab ap) y (j (M (N O j n P (au Q (R S aa) w T r t av)) at ae) ac am ad x (ao i o U V ac ah ay)) (q g W y)) (af X av aa at ac au h i ax) av aj aw)))))
A B C ah ay (af (ad D b) (y E (F (ar a ac j) ay af h (o j ah ai aa ah am (p x (o ap ap o an) f) ag (i o av a af) aq m ay i ax ak o ai ai k ai f ai aj) (G H (s av ai d ag) o) i (ak at (ax x j (ap h (I J K ae) an (L ag ai u (c n s) ab ap) y (j (M (N O j n P (au Q (R S aa) w T r t av)) at ae) ac am ad x (ao i o U V ac ah ay)) (q g W y)) (af X av aa at ac au h i ax) av aj aw)))))
A B C ah ay (af (ad D b) (y E (F (ar a ac j) ay af h (k (ax ax av f ai) (i o av a af) aq m ay i ax ak o ai ai k ai f ai aj) (G H (s av ai d ag) o) i (ak at (ax x j (ap h (I J K ae) an (L ag ai u (c n s) ab ap) y (j (M (N O j n P (au Q (R S aa) w T r t av)) at ae) ac am ad x (ao i o U V ac ah ay)) (q g W y)) (af X av aa at ac au h i ax) av aj aw)))))
A B C ah ay (af (ad D b) (y E (F (ar a ac j) ay af h (o j (i o av a af) ai aa (i o av a af) am (p x (aq ap ap aq an) f) m ay i ax ak o ai ai k ai f ai aj) (G H (s av ai d ag) o) i (ak at (ax x j (ap h (I J K ae) an (L ag ai u (c n s) ab ap) y (j (M (N O j n P (au Q (R S aa) w T r t av)) at ae) ac am ad x (ao i o U V ac ah ay)) (q g W y)) (af X av aa at ac au h i ax) av aj aw)))))
A B C ah ay (af (ad D b) (y E (F (ar a ac j) ay af h (k (ax ax av f ai) ay i ax ak o ai ai k ai f ai aj) (G H (s av ai d ag) o) i (ak at (ax x j (ap h (I J K ae) an (L ag ai u (c n s) ab ap) y (j (M (N O j n P (au Q (R S aa) w T r t av)) at ae) ac am ad x (ao i o U V ac ah ay)) (q g W y)) (af X av aa at ac au h i ax) av aj aw)))))
A B C ah ay (af (ad D b) (y E (F (ar a ac j) ay af h (o j ay ai aa ay am (p x (i ap ap i an) f) ax ak o ai ai k ai f ai aj) (G H (s av ai d ag) o) i (ak at (ax x j (ap h (I J K ae) an (L ag ai u (c n s) ab ap) y (j (M (N O j n P (au Q (R S aa) w T r t av)) at ae) ac am ad x (ao i o U V ac ah ay)) (q g W y)) (af X av aa at ac au h i ax) av aj aw)))))
A B C ah ay (af (ad D b) (y E (F (ar a ac j) ay af h (k (ax ax av f ai) ak o ai ai k ai f ai aj) (G H (s av ai d ag) o) i (ak at (ax x j (ap h (I J K ae) an (L ag ai u (c n s) ab ap) y (j (M (N O j n P (au Q (R S aa) w T r t av)) at ae) ac am ad x (ao i o U V ac ah ay)) (q g W y)) (af X av aa at ac au h i ax) av aj aw)))))
A B C ah ay (af (ad D b) (y E (F (ar a ac j) ay af h (o j ak ai aa ak am (p x (o ap ap o an) f) ai ai k ai f ai aj) (G H (s av ai d ag) o) i (ak at (ax x j (ap h (I J K ae) an (L ag ai u (c n s) ab ap) y (j (M (N O j n P (au Q (R S aa) w T r t av)) at ae) ac am ad x (ao i o U V ac ah ay)) (q g W y)) (af X av aa at ac au h i ax) av aj aw)))))
A B C ah ay (af (ad D b) (y E (F (ar a ac j) ay af h (k (ax ax av f ai) ai k ai f ai aj) (G H (s av ai d ag) o) i (ak at (ax x j (ap h (I J K ae) an (L ag ai u (c n s) ab ap) y (j (M (N O j n P (au Q (R S aa) w T r t av)) at ae) ac am ad x (ao i o U V ac ah ay)) (q g W y)) (af X av aa at ac au h i ax) av aj aw)))))
A B C ah ay (af (ad D b) (y E (F (ar a ac j) ay af h (o j ai ai aa ai am (p x (k ap ap k an) f) ai f ai aj) (G H (s av ai d ag) o) i (ak at (ax x j (ap h (I J K ae) an (L ag ai u (c n s) ab ap) y (j (M (N O j n P (au Q (R S aa) w T r t av)) at ae) ac am ad x (ao i o U V ac ah ay)) (q g W y)) (af X av aa at ac au h i ax) av aj aw)))))
A B C ah ay (af (ad D b) (y E (F (ar a ac j) ay af h (k (ax ax av f ai) f ai aj) (G H (s av ai d ag) o) i (ak at (ax x j (ap h (I J K ae) an (L ag ai u (c n s) ab ap) y (j (M (N O j n P (au Q (R S aa) w T r t av)) at ae) ac am ad x (ao i o U V ac ah ay)) (q g W y)) (af X av aa at ac au h i ax) av aj aw)))))
A B C ah ay (af (ad D b) (y E (F (ar a ac j) ay af h (o j f ai aa f am (p x (ai ap ap ai an) f) aj) (G H (s av ai d ag) o) i (ak at (ax x j (ap h (I J K ae) an (L ag ai u (c n s) ab ap) y (j (M (N O j n P (au Q (R S aa) w T r t av)) at ae) ac am ad x (ao i o U V ac ah ay)) (q g W y)) (af X av aa at ac au h i ax) av aj aw)))))
A B C ah ay (af (ad D b) (y E (F (ar a ac j) ay af h (k (ax ax av f ai)) (G H (s av ai d ag) o) i (ak at (ax x j (ap h (I J K ae) an (L ag ai u (c n s) ab ap) y (j (M (N O j n P (au Q (R S aa) w T r t av)) at ae) ac am ad x (ao i o U V ac ah ay)) (q g W y)) (af X av aa at ac au h i ax) av aj aw)))))
A B C ah ay (af (ad D b) (y E (F (ar a ac j) ay af h (k (ax ax av f ai)) (G H (s av ai d ag) o) i (ak at (d (aw b ad) af v a (at ag r ag f))))))


