a bd bb ba bg bc bf az be = h z (af ax u u) az t ay u al d ak
b bc bf ba bd az bb be = az p am w h (f az x (ab ar ax ag aq) a ba ba)
c az be bf bb ba bd bc = av s w ax ai bf
d be ba bb bd az bc bf = ag ba (ag (ab t ac i ba))
e az = p z (x (ay t ah) (aw (g ay)) s aw (ah (az a) a) am)
f az ba bd bf bc bb be = ad ap bd (ac bb d) ae r av (i bb)
g bf az be ba bd bb bc = ap ah ac s ae (m bf r)
h az ba bb = aa y af ay (ac (f (r ai ap f))) k bb
i az bc ba bb = y o ah aj t ar av k af u x
j bb bg bc ba be bf az bd = ap h aq ao t aq f
k bc bb ba az be bd = az u z h d (ar a (bd ay ag))
l az bb ba bc = ar g r an af z ao aq
m az bb ba = g ae r (ao (az az ac aj))
n be bb bf bc az ba bd = al o j bb w o (an q ag r (bc ai ag k bd) c)
o ba bb bd bc az = l (n aj aj) aq ba af
p bc ba az bb = ao ag l ae ao ap e ai ba u c aa
q az bd ba bb bf be bc = aw i bf (bb al) o ah p m av bc ar bf au
r bf be az bb ba bc bd = l w y u (ag b h al d at j)
s bd be bc az bf ba bb = bf bf v
t bg az be bb bf bc ba bd = b ak o al (ae (bg r av aj ax ab aw r aj) ab)
u bc bb be ba az bd = ao (q az) (ag j at az)
v ba bc bf bb bd be az bg = ao ac ap l ad m u (au (e be ay ao af))
w bc az bb ba = aw al d f bb az g ap ab bc u
x az bf bb be bd ba bc = ay ad s ap y al bf s g af y (be (ax t bd))
y bc bb az ba = ay az av ah ar ae v b (k (u al (h an) p l) ar)
z az bd bc bb bf ba be = al ar k (ar (bf f bc (az f (ay aa af) q) aj bd)) i
aa bd ba az bc bb = aj (ag m al au a af bd) (am (ao q) l bb) d l o
ab bc az ba bb = at (i an j ay (az p) ay av p y q o ag aq)
ac bc bd bb be ba az bf = d aa y aw (x af) aw (an (bb ba af) ag) t aj
ad ba az bb bc = e (at s) ay p at s ap
ae ba az = af ba y ad y ai e u k p w ba al (aq r) ab
af az bd ba be bb bc = i bb u o q c bb i bb u
ag bc bb az ba = e (au aw) bc h ar (ay an)
ah bb az ba bd bc be = ba z ar bb (aw az) c ar u l u e bc av
ai ba bg bc bf bb bd az be = be ap s ae w d ax
aj bf bc az bd be bb ba = k s j g a g ah an g ac
ak bd bb az bc ba = c (ae o) (at ae t aw ah) ac d (ba ao (bc al af)) aj
al bb bd az bc ba = q ay q y y ba ah ag x bd c ae an
am az bd bf bb be bc ba = be bb aw ab ak i (ba ah j (az ai r w an aj)) bc
an ba az bd bc bb = bb (aq ab) t f bc aq bb (ag ai (bd p ao))
ao bd bc bb az ba = bb (az (ar e n l ah aq e am))
ap az bb bc ba be bd bf = o ba z z (ak c) (w an ac) ag
aq az bb bf bc be ba bd = ak ai (o e ak) n ai at aa (n bc u) at m at
ar bd ba bc be bb az bf = aq be m f ak ad bf ak bd l at b m
at bb az bc bd ba = ay ac v aq y (ad ai p bc aw c (s ac)) aj bc
au ba az bb = w az s d e o bb y az
av bc az ba bf be bb bg bd = z e ba am be be j an r bb
aw bc bd ba be bb az bg bf = bc ax i bc (c r at p aa av aj w)
ax bb ba bc az = aq (w s ar i f bc)
ay bb bc ba bf bg az be bd = x (v ah (c az) aj (bf s s) b) j w
main = g aw ae (A u q o (B j)) z b (C e) i D d af al (ar ar u j (E F ak v) ai ai n) al ac an al k (w t) q i G H (ax c) (aj aw al) a (aj aj) (z k ak i u (I c w ao at f ag) ar at h ab q u ay (ak al an (z w (l (J b ao d) (K ak ap) z j x ah (a (h x (L (aw an j M c aw) aj N ao))) p ak t))))
------------------------------------------------------------
g aw ae (A u q o (B j)) z b (C e) i D d af al (ar ar u j (E F ak v) ai ai n) al ac an al k (w t) q i G H (ax c) (aj aw al) a (aj aj) (z k ak i u (I c w ao at f ag) ar at h ab q u ay (ak al an (z w (l (J b ao d) (K ak ap) z j x ah (a (h x (L (aw an j M c aw) aj N ao))) p ak t))))
ap ah ac s ae (m aw r) D d af al (ar ar u j (E F ak v) ai ai n) al ac an al k (w t) q i G H (ax c) (aj aw al) a (aj aj) (z k ak i u (I c w ao at f ag) ar at h ab q u ay (ak al an (z w (l (J b ao d) (K ak ap) z j x ah (a (h x (L (aw an j M c aw) aj N ao))) p ak t))))
o ae z z (ak c) (w an ac) ag af al (ar ar u j (E F ak v) ai ai n) al ac an al k (w t) q i G H (ax c) (aj aw al) a (aj aj) (z k ak i u (I c w ao at f ag) ar at h ab q u ay (ak al an (z w (l (J b ao d) (K ak ap) z j x ah (a (h x (L (aw an j M c aw) aj N ao))) p ak t))))
l (n aj aj) aq ae af ag af al (ar ar u j (E F ak v) ai ai n) al ac an al k (w t) q i G H (ax c) (aj aw al) a (aj aj) (z k ak i u (I c w ao at f ag) ar at h ab q u ay (ak al an (z w (l (J b ao d) (K ak ap) z j x ah (a (h x (L (aw an j M c aw) aj N ao))) p ak t))))
ar g r an af z ao aq ag af al (ar ar u j (E F ak v) ai ai n) al ac an al k (w t) q i G H (ax c) (aj aw al) a (aj aj) (z k ak i u (I c w ao at f ag) ar at h ab q u ay (ak al an (z w (l (J b ao d) (K ak ap) z j x ah (a (h x (L (aw an j M c aw) aj N ao))) p ak t))))
aq af m f ak ad aq ak g l at b m ag af al (ar ar u j (E F ak v) ai ai n) al ac an al k (w t) q i G H (ax c) (aj aw al) a (aj aj) (z k ak i u (I c w ao at f ag) ar at h ab q u ay (ak al an (z w (l (J b ao d) (K ak ap) z j x ah (a (h x (L (aw an j M c aw) aj N ao))) p ak t))))
ak ai (o e ak) n ai at aa (n ak u) at m at g l at b m ag af al (ar ar u j (E F ak v) ai ai n) al ac an al k (w t) q i G H (ax c) (aj aw al) a (aj aj) (z k ak i u (I c w ao at f ag) ar at h ab q u ay (ak al an (z w (l (J b ao d) (K ak ap) z j x ah (a (h x (L (aw an j M c aw) aj N ao))) p ak t))))
c (ae o) (at ae t aw ah) ac d (at ao (ai al af)) aj aa (n ak u) at m at g l at b m ag af al (ar ar u j (E F ak v) ai ai n) al ac an al k (w t) q i G H (ax c) (aj aw al) a (aj aj) (z k ak i u (I c w ao at f ag) ar at h ab q u ay (ak al an (z w (l (J b ao d) (K ak ap) z j x ah (a (h x (L (aw an j M c aw) aj N ao))) p ak t))))
av s w ax ai ac (n ak u) at m at g l at b m ag af al (ar ar u j (E F ak v) ai ai n) al ac an al k (w t) q i G H (ax c) (aj aw al) a (aj aj) (z k ak i u (I c w ao at f ag) ar at h ab q u ay (ak al an (z w (l (J b ao d) (K ak ap) z j x ah (a (h x (L (aw an j M c aw) aj N ao))) p ak t))))
z e ax am ac ac j an r (n ak u) at g l at b m ag af al (ar ar u j (E F ak v) ai ai n) al ac an al k (w t) q i G H (ax c) (aj aw al) a (aj aj) (z k ak i u (I c w ao at f ag) ar at h ab q u ay (ak al an (z w (l (J b ao d) (K ak ap) z j x ah (a (h x (L (aw an j M c aw) aj N ao))) p ak t))))
al ar k (ar (ac f am (e f (ay aa af) q) aj ax)) i r (n ak u) at g l at b m ag af al (ar ar u j (E F ak v) ai ai n) al ac an al k (w t) q i G H (ax c) (aj aw al) a (aj aj) (z k ak i u (I c w ao at f ag) ar at h ab q u ay (ak al an (z w (l (J b ao d) (K ak ap) z j x ah (a (h x (L (aw an j M c aw) aj N ao))) p ak t))))
q ay q y y r ah ag x k c ae an (n ak u) at g l at b m ag af al (ar ar u j (E F ak v) ai ai n) al ac an al k (w t) q i G H (ax c) (aj aw al) a (aj aj) (z k ak i u (I c w ao at f ag) ar at h ab q u ay (ak al an (z w (l (J b ao d) (K ak ap) z j x ah (a (h x (L (aw an j M c aw) aj N ao))) p ak t))))
aw i r (y al) o ah p m av ag ar r au x k c ae an (n ak u) at g l at b m ag af al (ar ar u j (E F ak v) ai ai n) al ac an al k (w t) q i G H (ax c) (aj aw al) a (aj aj) (z k ak i u (I c w ao at f ag) ar at h ab q u ay (ak al an (z w (l (J b ao d) (K ak ap) z j x ah (a (h x (L (aw an j M c aw) aj N ao))) p ak t))))
i ax i i (c r at p aa av aj w) ag ar r au x k c ae an (n ak u) at g l at b m ag af al (ar ar u j (E F ak v) ai ai n) al ac an al k (w t) q i G H (ax c) (aj aw al) a (aj aj) (z k ak i u (I c w ao at f ag) ar at h ab q u ay (ak al an (z w (l (J b ao d) (K ak ap) z j x ah (a (h x (L (aw an j M c aw) aj N ao))) p ak t))))
y o ah aj t ar av k af u x ag ar r au x k c ae an (n ak u) at g l at b m ag af al (ar ar u j (E F ak v) ai ai n) al ac an al k (w t) q i G H (ax c) (aj aw al) a (aj aj) (z k ak i u (I c w ao at f ag) ar at h ab q u ay (ak al an (z w (l (J b ao d) (K ak ap) z j x ah (a (h x (L (aw an j M c aw) aj N ao))) p ak t))))
ay aj av ah ar ae v b (k (u al (h an) p l) ar) ar av k af u x ag ar r au x k c ae an (n ak u) at g l at b m ag af al (ar ar u j (E F ak v) ai ai n) al ac an al k (w t) q i G H (ax c) (aj aw al) a (aj aj) (z k ak i u (I c w ao at f ag) ar at h ab q u ay (ak al an (z w (l (J b ao d) (K ak ap) z j x ah (a (h x (L (aw an j M c aw) aj N ao))) p ak t))))
x (v ah (c v) aj (ar s s) b) j w ar av k af u x ag ar r au x k c ae an (n ak u) at g l at b m ag af al (ar ar u j (E F ak v) ai ai n) al ac an al k (w t) q i G H (ax c) (aj aw al) a (aj aj) (z k ak i u (I c w ao at f ag) ar at h ab q u ay (ak al an (z w (l (J b ao d) (K ak ap) z j x ah (a (h x (L (aw an j M c aw) aj N ao))) p ak t))))
ay ad s ap y al j s g af y (ar (ax t av)) u x ag ar r au x k c ae an (n ak u) at g l at b m ag af al (ar ar u j (E F ak v) ai ai n) al ac an al k (w t) q i G H (ax c) (aj aw al) a (aj aj) (z k ak i u (I c w ao at f ag) ar at h ab q u ay (ak al an (z w (l (J b ao d) (K ak ap) z j x ah (a (h x (L (aw an j M c aw) aj N ao))) p ak t))))
x (v ah (c j) aj (y s s) b) j w af y (ar (ax t av)) u x ag ar r au x k c ae an (n ak u) at g l at b m ag af al (ar ar u j (E F ak v) ai ai n) al ac an al k (w t) q i G H (ax c) (aj aw al) a (aj aj) (z k ak i u (I c w ao at f ag) ar at h ab q u ay (ak al an (z w (l (J b ao d) (K ak ap) z j x ah (a (h x (L (aw an j M c aw) aj N ao))) p ak t))))
ay ad s ap y al j s g af y (af (ax t y)) x ag ar r au x k c ae an (n ak u) at g l at b m ag af al (ar ar u j (E F ak v) ai ai n) al ac an al k (w t) q i G H (ax c) (aj aw al) a (aj aj) (z k ak i u (I c w ao at f ag) ar at h ab q u ay (ak al an (z w (l (J b ao d) (K ak ap) z j x ah (a (h x (L (aw an j M c aw) aj N ao))) p ak t))))
x (v ah (c j) aj (y s s) b) j w af y (af (ax t y)) x ag ar r au x k c ae an (n ak u) at g l at b m ag af al (ar ar u j (E F ak v) ai ai n) al ac an al k (w t) q i G H (ax c) (aj aw al) a (aj aj) (z k ak i u (I c w ao at f ag) ar at h ab q u ay (ak al an (z w (l (J b ao d) (K ak ap) z j x ah (a (h x (L (aw an j M c aw) aj N ao))) p ak t))))
ay ad s ap y al j s g af y (af (ax t y)) ag ar r au x k c ae an (n ak u) at g l at b m ag af al (ar ar u j (E F ak v) ai ai n) al ac an al k (w t) q i G H (ax c) (aj aw al) a (aj aj) (z k ak i u (I c w ao at f ag) ar at h ab q u ay (ak al an (z w (l (J b ao d) (K ak ap) z j x ah (a (h x (L (aw an j M c aw) aj N ao))) p ak t))))
x (v ah (c j) aj (y s s) b) j w af y (af (ax t y)) ag ar r au x k c ae an (n ak u) at g l at b m ag af al (ar ar u j (E F ak v) ai ai n) al ac an al k (w t) q i G H (ax c) (aj aw al) a (aj aj) (z k ak i u (I c w ao at f ag) ar at h ab q u ay (ak al an (z w (l (J b ao d) (K ak ap) z j x ah (a (h x (L (aw an j M c aw) aj N ao))) p ak t))))
ay ad s ap y al j s g af y (af (ax t y)) ar r au x k c ae an (n ak u) at g l at b m ag af al (ar ar u j (E F ak v) ai ai n) al ac an al k (w t) q i G H (ax c) (aj aw al) a (aj aj) (z k ak i u (I c w ao at f ag) ar at h ab q u ay (ak al an (z w (l (J b ao d) (K ak ap) z j x ah (a (h x (L (aw an j M c aw) aj N ao))) p ak t))))
x (v ah (c j) aj (y s s) b) j w af y (af (ax t y)) ar r au x k c ae an (n ak u) at g l at b m ag af al (ar ar u j (E F ak v) ai ai n) al ac an al k (w t) q i G H (ax c) (aj aw al) a (aj aj) (z k ak i u (I c w ao at f ag) ar at h ab q u ay (ak al an (z w (l (J b ao d) (K ak ap) z j x ah (a (h x (L (aw an j M c aw) aj N ao))) p ak t))))
ay ad s ap y al j s g af y (af (ax t y)) r au x k c ae an (n ak u) at g l at b m ag af al (ar ar u j (E F ak v) ai ai n) al ac an al k (w t) q i G H (ax c) (aj aw al) a (aj aj) (z k ak i u (I c w ao at f ag) ar at h ab q u ay (ak al an (z w (l (J b ao d) (K ak ap) z j x ah (a (h x (L (aw an j M c aw) aj N ao))) p ak t))))
x (v ah (c j) aj (y s s) b) j w af y (af (ax t y)) r au x k c ae an (n ak u) at g l at b m ag af al (ar ar u j (E F ak v) ai ai n) al ac an al k (w t) q i G H (ax c) (aj aw al) a (aj aj) (z k ak i u (I c w ao at f ag) ar at h ab q u ay (ak al an (z w (l (J b ao d) (K ak ap) z j x ah (a (h x (L (aw an j M c aw) aj N ao))) p ak t))))
ay ad s ap y al j s g af y (af (ax t y)) au x k c ae an (n ak u) at g l at b m ag af al (ar ar u j (E F ak v) ai ai n) al ac an al k (w t) q i G H (ax c) (aj aw al) a (aj aj) (z k ak i u (I c w ao at f ag) ar at h ab q u ay (ak al an (z w (l (J b ao d) (K ak ap) z j x ah (a (h x (L (aw an j M c aw) aj N ao))) p ak t))))
x (v ah (c j) aj (y s s) b) j w af y (af (ax t y)) au x k c ae an (n ak u) at g l at b m ag af al (ar ar u j (E F ak v) ai ai n) al ac an al k (w t) q i G H (ax c) (aj aw al) a (aj aj) (z k ak i u (I c w ao at f ag) ar at h ab q u ay (ak al an (z w (l (J b ao d) (K ak ap) z j x ah (a (h x (L (aw an j M c aw) aj N ao))) p ak t))))
ay ad s ap y al j s g af y (af (ax t y)) x k c ae an (n ak u) at g l at b m ag af al (ar ar u j (E F ak v) ai ai n) al ac an al k (w t) q i G H (ax c) (aj aw al) a (aj aj) (z k ak i u (I c w ao at f ag) ar at h ab q u ay (ak al an (z w (l (J b ao d) (K ak ap) z j x ah (a (h x (L (aw an j M c aw) aj N ao))) p ak t))))


