a ba bc bb bd be az t az z at ay bb ak be n (ar u y au aq e ax)
b az ba f ad aw (a (j ah at ah))
c bc az ba bd bb ar bb a v bb m aa e y ao q f aq
d bc az bd bb ba bb h ar (q k) bd i al ai bc e
e az bd ba bf bb bg bc be ay bb ap (t ap (y (ac ab (ap (g ae i) bc a ae bc))))
f bc az ba bb aa (ak (j q bc)) c af (au ae) ba ao z l ae ao
g be bf bd ba bc bb az be y au ag av n am e bc ag (bc ay)
h az bb bf bc be bd ba i bb b ae aw g z g (ad ad a) n ar ad be ah
i az ba bb an an az ar ai au (ar j n ba) (al ab bb a aj an)
j bg be bd ba az bc bf bb bf w y bb b (ab bf aa)
k ba bc be az bb bf bd a d bf q ad v bb al bf x bc
l az ba bb al c n j ae i
m bb az bd bf ba bc bg be az f o al an a t ah (an (au ba aj ah ah) b) d
n az bc ba be bd bb bf ab k ao aw ac az bf j i j
o ba bc az bb bd ac (ao am bc w bd) z (bb t ak ap)
p ba bf bc bb be bd az an at d h e o c am w (t k j (r bd f))
q be bd bf bb ba bc az h t e d an (af (be ab ae)) e c l p ae aa ac
r ba bb bc az bc i (au (f at (aj af v u (ai d aq ah))) ao n)
s bb bf bc az ba be bd a ab be e ar d ba t ar ay z ah ax h o
t bb bd ba bc az v (k bb) (aq bc bb) bb q aq k al (e bc bc p)
u ba bc az bb an x n bb l (aa az az ar bc ag)
v ba bd bf az bc be bb bg k (ay t ax ai az) au w ah am bg ai ag av
w az bc bb ba j p av
x bf bg bb ba be bc az bd m r (az d z f (h ba av an av p aj s)) bf
y ba bf az be bd bb bc at k (az be ai r j) be (ap aq q ao)
z be bf az bb bd bc ba f m b (aw h s ai)
aa bb ba bc bd be az ai be bc be i ah at (bc (ao i be aq d))
ab bb bd bc ba az be q r ay b h ba (y e) s
ac bc be az bf bd ba bb l al d h ad ak s am (d v (d ao (i b be)) al)
ad be bb ba bf bg bd az bc z e at c o am t (al (j ai j bb aj an))
ae ba bd bb be bc bf az bg e aw ab aj ai k g ac v bf ao ai ai (ac ar) av
af bc bb az ba p (o n) k (am (d at)) (bb bc) m f a av
ag ba az bc bb az t af c (aj av u bc an am ba ak (az bb a ae))
ah bg bd bc ba bf az be bb am x ac f at f v n x n
ai bb az ba aa (r b (n af (ac z ag s bb ar ba a at)))
aj bc az bb ba aa o an bb bc o (ao u ah ba ba (g g k)) a
ak ba az ai am am o e aw z ba an
al az w c (ap l) ah ac
am az ba bb bf be bg bc bd f j n o ai q bd ao bc bg aw aq ay
an ad (ag c (s f a al) ak (o am (q (ai o ar b al))))
ao bb bc ba az ai ag (ba y p ae av v aa ay)
ap bf bb bc ba bg be az bd k (bd r ai bf (t aa d) p) al (d ar az i)
aq ba bd az bb bc be z (c j t) r ac o (az ah (k d bc ah))
ar az bg ba bf be bd bb bc ah (ak aa (ah (b m) ax e (z a bb) at i))
at az ba bb ba ba ba ag z z bb y
au az aw (aq av aw p s m ak az ao) ag t
av az bc bb ba h ac (x j s h) r (g k ao l bb) k au ay
aw bc bb az ba i n (bc l av ai ad) an af aj (c (aa (z ay aa u)))
ax bb bd bf az ba bc be d ar w bf ac (aq (ao (ay bb)) (z s l))
ay ba az bc bb z r ba z r l x at v o g az y d ag
main d A B (C D E ac v aq (F h G ar o j c ar)) e au z h (H r (I J K (ak aq (e af j e) ad ac aa v) L e ao u) an w (z k ac ag ab ad ah) an v (am al) ac ap ar s) ai M N ab O ag P t Q R S T U (aq an (V v t v n) x ak t a (d o W ai al (l t (X (an al aj) aj ad) ay ai) l) o ae ar)
------------------------------------------------------------
d A B (C D E ac v aq (F h G ar o j c ar)) e au z h (H r (I J K (ak aq (e af j e) ad ac aa v) L e ao u) an w (z k ac ag ab ad ah) an v (am al) ac ap ar s) ai M N ab O ag P t Q R S T U (aq an (V v t v n) x ak t a (d o W ai al (l t (X (an al aj) aj ad) ay ai) l) o ae ar)
e h ar (q k) (C D E ac v aq (F h G ar o j c ar)) i al ai A e z h (H r (I J K (ak aq (e af j e) ad ac aa v) L e ao u) an w (z k ac ag ab ad ah) an v (am al) ac ap ar s) ai M N ab O ag P t Q R S T U (aq an (V v t v n) x ak t a (d o W ai al (l t (X (an al aj) aj ad) ay ai) l) o ae ar)
ay i ap (t ap (y (ac ab (ap (g ae i) ai a ae ai)))) e z h (H r (I J K (ak aq (e af j e) ad ac aa v) L e ao u) an w (z k ac ag ab ad ah) an v (am al) ac ap ar s) ai M N ab O ag P t Q R S T U (aq an (V v t v n) x ak t a (d o W ai al (l t (X (an al aj) aj ad) ay ai) l) o ae ar)
z r i z r l x at v o g ap y d ag z h (H r (I J K (ak aq (e af j e) ad ac aa v) L e ao u) an w (z k ac ag ab ad ah) an v (am al) ac ap ar s) ai M N ab O ag P t Q R S T U (aq an (V v t v n) x ak t a (d o W ai al (l t (X (an al aj) aj ad) ay ai) l) o ae ar)
f m b (aw h s ai) v o g ap y d ag z h (H r (I J K (ak aq (e af j e) ad ac aa v) L e ao u) an w (z k ac ag ab ad ah) an v (am al) ac ap ar s) ai M N ab O ag P t Q R S T U (aq an (V v t v n) x ak t a (d o W ai al (l t (X (an al aj) aj ad) ay ai) l) o ae ar)
aa (ak (j q m)) c af (au ae) (aw h s ai) ao z l ae ao o g ap y d ag z h (H r (I J K (ak aq (e af j e) ad ac aa v) L e ao u) an w (z k ac ag ab ad ah) an v (am al) ac ap ar s) ai M N ab O ag P t Q R S T U (aq an (V v t v n) x ak t a (d o W ai al (l t (X (an al aj) aj ad) ay ai) l) o ae ar)
ai (aw h s ai) af (aw h s ai) i ah at (af (ao i (aw h s ai) aq d)) z l ae ao o g ap y d ag z h (H r (I J K (ak aq (e af j e) ad ac aa v) L e ao u) an w (z k ac ag ab ad ah) an v (am al) ac ap ar s) ai M N ab O ag P t Q R S T U (aq an (V v t v n) x ak t a (d o W ai al (l t (X (an al aj) aj ad) ay ai) l) o ae ar)
aa (r b (n af (ac z ag s (aw h s ai) ar (aw h s ai) a at))) i ah at (af (ao i (aw h s ai) aq d)) z l ae ao o g ap y d ag z h (H r (I J K (ak aq (e af j e) ad ac aa v) L e ao u) an w (z k ac ag ab ad ah) an v (am al) ac ap ar s) ai M N ab O ag P t Q R S T U (aq an (V v t v n) x ak t a (d o W ai al (l t (X (an al aj) aj ad) ay ai) l) o ae ar)
ai (af (ao i (aw h s ai) aq d)) ah (af (ao i (aw h s ai) aq d)) i ah at (ah (ao i (af (ao i (aw h s ai) aq d)) aq d)) l ae ao o g ap y d ag z h (H r (I J K (ak aq (e af j e) ad ac aa v) L e ao u) an w (z k ac ag ab ad ah) an v (am al) ac ap ar s) ai M N ab O ag P t Q R S T U (aq an (V v t v n) x ak t a (d o W ai al (l t (X (an al aj) aj ad) ay ai) l) o ae ar)
aa (r b (n af (ac z ag s (af (ao i (aw h s ai) aq d)) ar (af (ao i (aw h s ai) aq d)) a at))) i ah at (ah (ao i (af (ao i (aw h s ai) aq d)) aq d)) l ae ao o g ap y d ag z h (H r (I J K (ak aq (e af j e) ad ac aa v) L e ao u) an w (z k ac ag ab ad ah) an v (am al) ac ap ar s) ai M N ab O ag P t Q R S T U (aq an (V v t v n) x ak t a (d o W ai al (l t (X (an al aj) aj ad) ay ai) l) o ae ar)
ai (ah (ao i (af (ao i (aw h s ai) aq d)) aq d)) ah (ah (ao i (af (ao i (aw h s ai) aq d)) aq d)) i ah at (ah (ao i (ah (ao i (af (ao i (aw h s ai) aq d)) aq d)) aq d)) ae ao o g ap y d ag z h (H r (I J K (ak aq (e af j e) ad ac aa v) L e ao u) an w (z k ac ag ab ad ah) an v (am al) ac ap ar s) ai M N ab O ag P t Q R S T U (aq an (V v t v n) x ak t a (d o W ai al (l t (X (an al aj) aj ad) ay ai) l) o ae ar)
aa (r b (n af (ac z ag s (ah (ao i (af (ao i (aw h s ai) aq d)) aq d)) ar (ah (ao i (af (ao i (aw h s ai) aq d)) aq d)) a at))) i ah at (ah (ao i (ah (ao i (af (ao i (aw h s ai) aq d)) aq d)) aq d)) ae ao o g ap y d ag z h (H r (I J K (ak aq (e af j e) ad ac aa v) L e ao u) an w (z k ac ag ab ad ah) an v (am al) ac ap ar s) ai M N ab O ag P t Q R S T U (aq an (V v t v n) x ak t a (d o W ai al (l t (X (an al aj) aj ad) ay ai) l) o ae ar)
ai (ah (ao i (ah (ao i (af (ao i (aw h s ai) aq d)) aq d)) aq d)) ah (ah (ao i (ah (ao i (af (ao i (aw h s ai) aq d)) aq d)) aq d)) i ah at (ah (ao i (ah (ao i (ah (ao i (af (ao i (aw h s ai) aq d)) aq d)) aq d)) aq d)) ao o g ap y d ag z h (H r (I J K (ak aq (e af j e) ad ac aa v) L e ao u) an w (z k ac ag ab ad ah) an v (am al) ac ap ar s) ai M N ab O ag P t Q R S T U (aq an (V v t v n) x ak t a (d o W ai al (l t (X (an al aj) aj ad) ay ai) l) o ae ar)
aa (r b (n af (ac z ag s (ah (ao i (ah (ao i (af (ao i (aw h s ai) aq d)) aq d)) aq d)) ar (ah (ao i (ah (ao i (af (ao i (aw h s ai) aq d)) aq d)) aq d)) a at))) i ah at (ah (ao i (ah (ao i (ah (ao i (af (ao i (aw h s ai) aq d)) aq d)) aq d)) aq d)) ao o g ap y d ag z h (H r (I J K (ak aq (e af j e) ad ac aa v) L e ao u) an w (z k ac ag ab ad ah) an v (am al) ac ap ar s) ai M N ab O ag P t Q R S T U (aq an (V v t v n) x ak t a (d o W ai al (l t (X (an al aj) aj ad) ay ai) l) o ae ar)
ai (ah (ao i (ah (ao i (ah (ao i (af (ao i (aw h s ai) aq d)) aq d)) aq d)) aq d)) ah (ah (ao i (ah (ao i (ah (ao i (af (ao i (aw h s ai) aq d)) aq d)) aq d)) aq d)) i ah at (ah (ao i (ah (ao i (ah (ao i (ah (ao i (af (ao i (aw h s ai) aq d)) aq d)) aq d)) aq d)) aq d)) o g ap y d ag z h (H r (I J K (ak aq (e af j e) ad ac aa v) L e ao u) an w (z k ac ag ab ad ah) an v (am al) ac ap ar s) ai M N ab O ag P t Q R S T U (aq an (V v t v n) x ak t a (d o W ai al (l t (X (an al aj) aj ad) ay ai) l) o ae ar)
aa (r b (n af (ac z ag s (ah (ao i (ah (ao i (ah (ao i (af (ao i (aw h s ai) aq d)) aq d)) aq d)) aq d)) ar (ah (ao i (ah (ao i (ah (ao i (af (ao i (aw h s ai) aq d)) aq d)) aq d)) aq d)) a at))) i ah at (ah (ao i (ah (ao i (ah (ao i (ah (ao i (af (ao i (aw h s ai) aq d)) aq d)) aq d)) aq d)) aq d)) o g ap y d ag z h (H r (I J K (ak aq (e af j e) ad ac aa v) L e ao u) an w (z k ac ag ab ad ah) an v (am al) ac ap ar s) ai M N ab O ag P t Q R S T U (aq an (V v t v n) x ak t a (d o W ai al (l t (X (an al aj) aj ad) ay ai) l) o ae ar)
ai (ah (ao i (ah (ao i (ah (ao i (ah (ao i (af (ao i (aw h s ai) aq d)) aq d)) aq d)) aq d)) aq d)) ah (ah (ao i (ah (ao i (ah (ao i (ah (ao i (af (ao i (aw h s ai) aq d)) aq d)) aq d)) aq d)) aq d)) i ah at (ah (ao i (ah (ao i (ah (ao i (ah (ao i (ah (ao i (af (ao i (aw h s ai) aq d)) aq d)) aq d)) aq d)) aq d)) aq d)) g ap y d ag z h (H r (I J K (ak aq (e af j e) ad ac aa v) L e ao u) an w (z k ac ag ab ad ah) an v (am al) ac ap ar s) ai M N ab O ag P t Q R S T U (aq an (V v t v n) x ak t a (d o W ai al (l t (X (an al aj) aj ad) ay ai) l) o ae ar)
aa (r b (n af (ac z ag s (ah (ao i (ah (ao i (ah (ao i (ah (ao i (af (ao i (aw h s ai) aq d)) aq d)) aq d)) aq d)) aq d)) ar (ah (ao i (ah (ao i (ah (ao i (ah (ao i (af (ao i (aw h s ai) aq d)) aq d)) aq d)) aq d)) aq d)) a at))) i ah at (ah (ao i (ah (ao i (ah (ao i (ah (ao i (ah (ao i (af (ao i (aw h s ai) aq d)) aq d)) aq d)) aq d)) aq d)) aq d)) g ap y d ag z h (H r (I J K (ak aq (e af j e) ad ac aa v) L e ao u) an w (z k ac ag ab ad ah) an v (am al) ac ap ar s) ai M N ab O ag P t Q R S T U (aq an (V v t v n) x ak t a (d o W ai al (l t (X (an al aj) aj ad) ay ai) l) o ae ar)
ai (ah (ao i (ah (ao i (ah (ao i (ah (ao i (ah (ao i (af (ao i (aw h s ai) aq d)) aq d)) aq d)) aq d)) aq d)) aq d)) ah (ah (ao i (ah (ao i (ah (ao i (ah (ao i (ah (ao i (af (ao i (aw h s ai) aq d)) aq d)) aq d)) aq d)) aq d)) aq d)) i ah at (ah (ao i (ah (ao i (ah (ao i (ah (ao i (ah (ao i (ah (ao i (af (ao i (aw h s ai) aq d)) aq d)) aq d)) aq d)) aq d)) aq d)) aq d)) ap y d ag z h (H r (I J K (ak aq (e af j e) ad ac aa v) L e ao u) an w (z k ac ag ab ad ah) an v (am al) ac ap ar s) ai M N ab O ag P t Q R S T U (aq an (V v t v n) x ak t a (d o W ai al (l t (X (an al aj) aj ad) ay ai) l) o ae ar)
aa (r b (n af (ac z ag s (ah (ao i (ah (ao i (ah (ao i (ah (ao i (ah (ao i (af (ao i (aw h s ai) aq d)) aq d)) aq d)) aq d)) aq d)) aq d)) ar (ah (ao i (ah (ao i (ah (ao i (ah (ao i (ah (ao i (af (ao i (aw h s ai) aq d)) aq d)) aq d)) aq d)) aq d)) aq d)) a at))) i ah at (ah (ao i (ah (ao i (ah (ao i (ah (ao i (ah (ao i (ah (ao i (af (ao i (aw h s ai) aq d)) aq d)) aq d)) aq d)) aq d)) aq d)) aq d)) ap y d ag z h (H r (I J K (ak aq (e af j e) ad ac aa v) L e ao u) an w (z k ac ag ab ad ah) an v (am al) ac ap ar s) ai M N ab O ag P t Q R S T U (aq an (V v t v n) x ak t a (d o W ai al (l t (X (an al aj) aj ad) ay ai) l) o ae ar)
ai (ah (ao i (ah (ao i (ah (ao i (ah (ao i (ah (ao i (ah (ao i (af (ao i (aw h s ai) aq d)) aq d)) aq d)) aq d)) aq d)) aq d)) aq d)) ah (ah (ao i (ah (ao i (ah (ao i (ah (ao i (ah (ao i (ah (ao i (af (ao i (aw h s ai) aq d)) aq d)) aq d)) aq d)) aq d)) aq d)) aq d)) i ah at (ah (ao i (ah (ao i (ah (ao i (ah (ao i (ah (ao i (ah (ao i (ah (ao i (af (ao i (aw h s ai) aq d)) aq d)) aq d)) aq d)) aq d)) aq d)) aq d)) aq d)) y d ag z h (H r (I J K (ak aq (e af j e) ad ac aa v) L e ao u) an w (z k ac ag ab ad ah) an v (am al) ac ap ar s) ai M N ab O ag P t Q R S T U (aq an (V v t v n) x ak t a (d o W ai al (l t (X (an al aj) aj ad) ay ai) l) o ae ar)
aa (r b (n af (ac z ag s (ah (ao i (ah (ao i (ah (ao i (ah (ao i (ah (ao i (ah (ao i (af (ao i (aw h s ai) aq d)) aq d)) aq d)) aq d)) aq d)) aq d)) aq d)) ar (ah (ao i (ah (ao i (ah (ao i (ah (ao i (ah (ao i (ah (ao i (af (ao i (aw h s ai) aq d)) aq d)) aq d)) aq d)) aq d)) aq d)) aq d)) a at))) i ah at (ah (ao i (ah (ao i (ah (ao i (ah (ao i (ah (ao i (ah (ao i (ah (ao i (af (ao i (aw h s ai) aq d)) aq d)) aq d)) aq d)) aq d)) aq d)) aq d)) aq d)) y d ag z h (H r (I J K (ak aq (e af j e) ad ac aa v) L e ao u) an w (z k ac ag ab ad ah) an v (am al) ac ap ar s) ai M N ab O ag P t Q R S T U (aq an (V v t v n) x ak t a (d o W ai al (l t (X (an al aj) aj ad) ay ai) l) o ae ar)
ai (ah (ao i (ah (ao i (ah (ao i (ah (ao i (ah (ao i (ah (ao i (ah (ao i (af (ao i (aw h s ai) aq d)) aq d)) aq d)) aq d)) aq d)) aq d)) aq d)) aq d)) ah (ah (ao i (ah (ao i (ah (ao i (ah (ao i (ah (ao i (ah (ao i (ah (ao i (af (ao i (aw h s ai) aq d)) aq d)) aq d)) aq d)) aq d)) aq d)) aq d)) aq d)) i ah at (ah (ao i (ah (ao i (ah (ao i (ah (ao i (ah (ao i (ah (ao i (ah (ao i (ah (ao i (af (ao i (aw h s ai) aq d)) aq d)) aq d)) aq d)) aq d)) aq d)) aq d)) aq d)) aq d)) d ag z h (H r (I J K (ak aq (e af j e) ad ac aa v) L e ao u) an w (z k ac ag ab ad ah) an v (am al) ac ap ar s) ai M N ab O ag P t Q R S T U (aq an (V v t v n) x ak t a (d o W ai al (l t (X (an al aj) aj ad) ay ai) l) o ae ar)
aa (r b (n af (ac z ag s (ah (ao i (ah (ao i (ah (ao i (ah (ao i (ah (ao i (ah (ao i (ah (ao i (af (ao i (aw h s ai) aq d)) aq d)) aq d)) aq d)) aq d)) aq d)) aq d)) aq d)) ar (ah (ao i (ah (ao i (ah (ao i (ah (ao i (ah (ao i (ah (ao i (ah (ao i (af (ao i (aw h s ai) aq d)) aq d)) aq d)) aq d)) aq d)) aq d)) aq d)) aq d)) a at))) i ah at (ah (ao i (ah (ao i (ah (ao i (ah (ao i (ah (ao i (ah (ao i (ah (ao i (ah (ao i (af (ao i (aw h s ai) aq d)) aq d)) aq d)) aq d)) aq d)) aq d)) aq d)) aq d)) aq d)) d ag z h (H r (I J K (ak aq (e af j e) ad ac aa v) L e ao u) an w (z k ac ag ab ad ah) an v (am al) ac ap ar s) ai M N ab O ag P t Q R S T U (aq an (V v t v n) x ak t a (d o W ai al (l t (X (an al aj) aj ad) ay ai) l) o ae ar)
ai (ah (ao i (ah (ao i (ah (ao i (ah (ao i (ah (ao i (ah (ao i (ah (ao i (ah (ao i (af (ao i (aw h s ai) aq d)) aq d)) aq d)) aq d)) aq d)) aq d)) aq d)) aq d)) aq d)) ah (ah (ao i (ah (ao i (ah (ao i (ah (ao i (ah (ao i (ah (ao i (ah (ao i (ah (ao i (af (ao i (aw h s ai) aq d)) aq d)) aq d)) aq d)) aq d)) aq d)) aq d)) aq d)) aq d)) i ah at (ah (ao i (ah (ao i (ah (ao i (ah (ao i (ah (ao i (ah (ao i (ah (ao i (ah (ao i (ah (ao i (af (ao i (aw h s ai) aq d)) aq d)) aq d)) aq d)) aq d)) aq d)) aq d)) aq d)) aq d)) aq d)) ag z h (H r (I J K (ak aq (e af j e) ad ac aa v) L e ao u) an w (z k ac ag ab ad ah) an v (am al) ac ap ar s) ai M N ab O ag P t Q R S T U (aq an (V v t v n) x ak t a (d o W ai al (l t (X (an al aj) aj ad) ay ai) l) o ae ar)
aa (r b (n af (ac z ag s (ah (ao i (ah (ao i (ah (ao i (ah (ao i (ah (ao i (ah (ao i (ah (ao i (ah (ao i (af (ao i (aw h s ai) aq d)) aq d)) aq d)) aq d)) aq d)) aq d)) aq d)) aq d)) aq d)) ar (ah (ao i (ah (ao i (ah (ao i (ah (ao i (ah (ao i (ah (ao i (ah (ao i (ah (ao i (af (ao i (aw h s ai) aq d)) aq d)) aq d)) aq d)) aq d)) aq d)) aq d)) aq d)) aq d)) a at))) i ah at (ah (ao i (ah (ao i (ah (ao i (ah (ao i (ah (ao i (ah (ao i (ah (ao i (ah (ao i (ah (ao i (af (ao i (aw h s ai) aq d)) aq d)) aq d)) aq d)) aq d)) aq d)) aq d)) aq d)) aq d)) aq d)) ag z h (H r (I J K (ak aq (e af j e) ad ac aa v) L e ao u) an w (z k ac ag ab ad ah) an v (am al) ac ap ar s) ai M N ab O ag P t Q R S T U (aq an (V v t v n) x ak t a (d o W ai al (l t (X (an al aj) aj ad) ay ai) l) o ae ar)
ai (ah (ao i (ah (ao i (ah (ao i (ah (ao i (ah (ao i (ah (ao i (ah (ao i (ah (ao i (ah (ao i (af (ao i (aw h s ai) aq d)) aq d)) aq d)) aq d)) aq d)) aq d)) aq d)) aq d)) aq d)) aq d)) ah (ah (ao i (ah (ao i (ah (ao i (ah (ao i (ah (ao i (ah (ao i (ah (ao i (ah (ao i (ah (ao i (af (ao i (aw h s ai) aq d)) aq d)) aq d)) aq d)) aq d)) aq d)) aq d)) aq d)) aq d)) aq d)) i ah at (ah (ao i (ah (ao i (ah (ao i (ah (ao i (ah (ao i (ah (ao i (ah (ao i (ah (ao i (ah (ao i (ah (ao i (af (ao i (aw h s ai) aq d)) aq d)) aq d)) aq d)) aq d)) aq d)) aq d)) aq d)) aq d)) aq d)) aq d)) z h (H r (I J K (ak aq (e af j e) ad ac aa v) L e ao u) an w (z k ac ag ab ad ah) an v (am al) ac ap ar s) ai M N ab O ag P t Q R S T U (aq an (V v t v n) x ak t a (d o W ai al (l t (X (an al aj) aj ad) ay ai) l) o ae ar)
aa (r b (n af (ac z ag s (ah (ao i (ah (ao i (ah (ao i (ah (ao i (ah (ao i (ah (ao i (ah (ao i (ah (ao i (ah (ao i (af (ao i (aw h s ai) aq d)) aq d)) aq d)) aq d)) aq d)) aq d)) aq d)) aq d)) aq d)) aq d)) ar (ah (ao i (ah (ao i (ah (ao i (ah (ao i (ah (ao i (ah (ao i (ah (ao i (ah (ao i (ah (ao i (af (ao i (aw h s ai) aq d)) aq d)) aq d)) aq d)) aq d)) aq d)) aq d)) aq d)) aq d)) aq d)) a at))) i ah at (ah (ao i (ah (ao i (ah (ao i (ah (ao i (ah (ao i (ah (ao i (ah (ao i (ah (ao i (ah (ao i (ah (ao i (af (ao i (aw h s ai) aq d)) aq d)) aq d)) aq d)) aq d)) aq d)) aq d)) aq d)) aq d)) aq d)) aq d)) z h (H r (I J K (ak aq (e af j e) ad ac aa v) L e ao u) an w (z k ac ag ab ad ah) an v (am al) ac ap ar s) ai M N ab O ag P t Q R S T U (aq an (V v t v n) x ak t a (d o W ai al (l t (X (an al aj) aj ad) ay ai) l) o ae ar)
ai (ah (ao i (ah (ao i (ah (ao i (ah (ao i (ah (ao i (ah (ao i (ah (ao i (ah (ao i (ah (ao i (ah (ao i (af (ao i (aw h s ai) aq d)) aq d)) aq d)) aq d)) aq d)) aq d)) aq d)) aq d)) aq d)) aq d)) aq d)) ah (ah (ao i (ah (ao i (ah (ao i (ah (ao i (ah (ao i (ah (ao i (ah (ao i (ah (ao i (ah (ao i (ah (ao i (af (ao i (aw h s ai) aq d)) aq d)) aq d)) aq d)) aq d)) aq d)) aq d)) aq d)) aq d)) aq d)) aq d)) i ah at (ah (ao i (ah (ao i (ah (ao i (ah (ao i (ah (ao i (ah (ao i (ah (ao i (ah (ao i (ah (ao i (ah (ao i (ah (ao i (af (ao i (aw h s ai) aq d)) aq d)) aq d)) aq d)) aq d)) aq d)) aq d)) aq d)) aq d)) aq d)) aq d)) aq d)) h (H r (I J K (ak aq (e af j e) ad ac aa v) L e ao u) an w (z k ac ag ab ad ah) an v (am al) ac ap ar s) ai M N ab O ag P t Q R S T U (aq an (V v t v n) x ak t a (d o W ai al (l t (X (an al aj) aj ad) ay ai) l) o ae ar)
aa (r b (n af (ac z ag s (ah (ao i (ah (ao i (ah (ao i (ah (ao i (ah (ao i (ah (ao i (ah (ao i (ah (ao i (ah (ao i (ah (ao i (af (ao i (aw h s ai) aq d)) aq d)) aq d)) aq d)) aq d)) aq d)) aq d)) aq d)) aq d)) aq d)) aq d)) ar (ah (ao i (ah (ao i (ah (ao i (ah (ao i (ah (ao i (ah (ao i (ah (ao i (ah (ao i (ah (ao i (ah (ao i (af (ao i (aw h s ai) aq d)) aq d)) aq d)) aq d)) aq d)) aq d)) aq d)) aq d)) aq d)) aq d)) aq d)) a at))) i ah at (ah (ao i (ah (ao i (ah (ao i (ah (ao i (ah (ao i (ah (ao i (ah (ao i (ah (ao i (ah (ao i (ah (ao i (ah (ao i (af (ao i (aw h s ai) aq d)) aq d)) aq d)) aq d)) aq d)) aq d)) aq d)) aq d)) aq d)) aq d)) aq d)) aq d)) h (H r (I J K (ak aq (e af j e) ad ac aa v) L e ao u) an w (z k ac ag ab ad ah) an v (am al) ac ap ar s) ai M N ab O ag P t Q R S T U (aq an (V v t v n) x ak t a (d o W ai al (l t (X (an al aj) aj ad) ay ai) l) o ae ar)


