a bc az bb ba al (u aq ax) h (bc ba) e p f
b bb ba az bc bc au r ba ar bc n (q av ax q w l)
c bb ba az h y
d az az ak ap (h az m r ak aw) av b g ar ab ag y
e ba bb bc bf bg az be bd bb az au (d aq) j y b ah l c c j
f az bb bc ba u (af aa s)
g az ba bd be bc bb bg bf az an bf n e b aa ap
h bf ba bg be bb az bc bd x (o bc) ah y (bf aj b (d (aw t (bf at) ak ad) i))
i be bc bd az bb ba r af am ag bd (au aq ab ai an c n)
j az ba aj (f ah k au f av ae ba n) u (y (v aj q ap))
k az ba bb bf be bd bc w (ap (ay aq) bd t y bd (e ay an aw c) q)
l bb ba az bd bc aa h r ba ae p x ac t aa w o (ad am)
m bb be az ba bc bd bb av bb ba ac (af f a) ac w q aq a (ai t)
n bd bb az ba bf bc be bd k t (d k aw r (d s) ba l)
o bb ba az ax bb av m c ay f r (aa ad) d
p be bc ba az bg bb bf bd au g (d q ay (aa (bb ba j y e z ae y)))
q bd bc az bb ba t j aq v (r k ah bd o ah au k w ah)
r az be bd bc bb ba am z j (f aa (ab (b x h s f)))
s az q r at aj af (ae o) aj w af aw al o ax t q
t bb az ba p (at bb az ak) n ad (ao s) (f ap au y)
u bb ba az bc ab bb bb au d s bb a an r h (az ab ba ai) m
v az ba bd be bc bb ad ac aj af (c al ar ai (x af y af ay bb r f))
w ba bd az be bc bf bb ar e v e av b
x ba bb az bc i j al z i l (ap an ba) (af p) bb an
y ba az bc be bd bf bb ak bc n bd ab ba u z d af (l (ai z n))
z ba az aa m (ba e y ac az w ao ba ay x (ak aw w v))
aa bc ba az bd be bb ab (r ad x a (am an k ar i f))
ab az bc bd be bb ba ac ba b ak z d ah r at ai ac
ac bb az ba s o b z (az c az c z bb ad)
ad be bd bf ba bc bb az bf aj (f bc (an c) ar) (ax ai)
ae bb be bf az bd ba bg bc az (t (r af p aj e ac v) m)
af ba bb az au (w (ba (l bb y (ba e al g)) x b))
ag bg bb be az bc bf ba bd o bg u (aq aa af)
ah bd az ba be bc bb bb ap (f bc c a) e aw t (l (an bc)) t ar (ac a)
ai az z ak y ax az (az aa) an q ar r t au d
aj bb bd bf ba be az bc f (bf x s (ao d (ar i v az r) i))
ak bc ba az bd bb bd (ax az bb z ar j ah w (ab aw au (ay i aj ay)))
al bb az ba bb (ak (h y ae ak bb))
am bd az bf ba be bg bc bb bf aj ar (a (y (d ab a e u aq bg bf)))
an bc bd az bf ba bb be ae ak ba aj b az aj
ao az ba e az ak s g av (aa a ba u ap au ba o o ah)
ap ba az ab m af d ba ab z au o t af ay q
aq ba bb az o ag ao ac bb al am
ar aj ac e n (ax c w x am r) (t ac f) v
at az bd be bb ba bc bf ax h aa j (c (ai (ao ax d aq) ap ba e az r))
au bb az ba i ba ab am c s ax v ac ag q q ak af
av az bb ba bc n ae o o o t b (l c bc y ax s)
aw bc bb az bf bd be bg ba ap g w (r z (aq a bg) g ai)
ax bf az bc ba bb bd be be d am p (ab h ac ah ak)
ay bd bb az ba bc a aa ae aw ai au al x ac x af
main A au B av ap C D (E F e G H (z (ah o ai I av) ag c (J ae) x ab K ai ae) av u) ab L (q am al (a au aa M j (N l ak) O w (P e t m (Q av (R s h (t s (v l S (h ap q ag u) T t aq ar) al a) ai au at ah aj d U m h ar (m V u k) ab W ah X) (ar o) (e at al (Y al a) p av w ay w)))))
------------------------------------------------------------
A au B av ap C D (E F e G H (z (ah o ai I av) ag c (J ae) x ab K ai ae) av u) ab L (q am al (a au aa M j (N l ak) O w (P e t m (Q av (R s h (t s (v l S (h ap q ag u) T t aq ar) al a) ai au at ah aj d U m h ar (m V u k) ab W ah X) (ar o) (e at al (Y al a) p av w ay w)))))
A au B av ap C D (E F e G H (aa m (ah o ai I av e y ac ag w ao (ah o ai I av) ay x (ak aw w v)) c (J ae) x ab K ai ae) av u) ab L (q am al (a au aa M j (N l ak) O w (P e t m (Q av (R s h (t s (v l S (h ap q ag u) T t aq ar) al a) ai au at ah aj d U m h ar (m V u k) ab W ah X) (ar o) (e at al (Y al a) p av w ay w)))))
A au B av ap C D (E F e G H (ab (r ad x a (am an k ar i f)) K ai ae) av u) ab L (q am al (a au aa M j (N l ak) O w (P e t m (Q av (R s h (t s (v l S (h ap q ag u) T t aq ar) al a) ai au at ah aj d U m h ar (m V u k) ab W ah X) (ar o) (e at al (Y al a) p av w ay w)))))
A au B av ap C D (E F e G H (ab (r ad x a (am an k ar i f)) K ai ae) av u) ab L (q am al (al (u aq ax) h (au j) e p f (N l ak) O w (P e t m (Q av (R s h (t s (v l S (h ap q ag u) T t aq ar) al a) ai au at ah aj d U m h ar (m V u k) ab W ah X) (ar o) (e at al (Y al a) p av w ay w)))))
A au B av ap C D (E F e G H (ab (r ad x a (am an k ar i f)) K ai ae) av u) ab L (q am al (u aq ax (ak (h y ae ak (u aq ax))) e p f (N l ak) O w (P e t m (Q av (R s h (t s (v l S (h ap q ag u) T t aq ar) al a) ai au at ah aj d U m h ar (m V u k) ab W ah X) (ar o) (e at al (Y al a) p av w ay w)))))
A au B av ap C D (E F e G H (ab (r ad x a (am an k ar i f)) K ai ae) av u) ab L (q am al (ab aq aq au d s aq a an r h (ak (h y ae ak (u aq ax)) ab ax ai) m p f (N l ak) O w (P e t m (Q av (R s h (t s (v l S (h ap q ag u) T t aq ar) al a) ai au at ah aj d U m h ar (m V u k) ab W ah X) (ar o) (e at al (Y al a) p av w ay w)))))
A au B av ap C D (E F e G H (ab (r ad x a (am an k ar i f)) K ai ae) av u) ab L (q am al (ac aq b ak z d ah r at ai ac a an r h (ak (h y ae ak (u aq ax)) ab ax ai) m p f (N l ak) O w (P e t m (Q av (R s h (t s (v l S (h ap q ag u) T t aq ar) al a) ai au at ah aj d U m h ar (m V u k) ab W ah X) (ar o) (e at al (Y al a) p av w ay w)))))
A au B av ap C D (E F e G H (ab (r ad x a (am an k ar i f)) K ai ae) av u) ab L (q am al (s o b z (b c b c z aq ad) z d ah r at ai ac a an r h (ak (h y ae ak (u aq ax)) ab ax ai) m p f (N l ak) O w (P e t m (Q av (R s h (t s (v l S (h ap q ag u) T t aq ar) al a) ai au at ah aj d U m h ar (m V u k) ab W ah X) (ar o) (e at al (Y al a) p av w ay w)))))
A au B av ap C D (E F e G H (ab (r ad x a (am an k ar i f)) K ai ae) av u) ab L (q am al (q r at aj af (ae o) aj w af aw al o ax t q b z (b c b c z aq ad) z d ah r at ai ac a an r h (ak (h y ae ak (u aq ax)) ab ax ai) m p f (N l ak) O w (P e t m (Q av (R s h (t s (v l S (h ap q ag u) T t aq ar) al a) ai au at ah aj d U m h ar (m V u k) ab W ah X) (ar o) (e at al (Y al a) p av w ay w)))))
A au B av ap C D (E F e G H (ab (r ad x a (am an k ar i f)) K ai ae) av u) ab L (q am al (t j aq v (r k ah r o ah au k w ah) aj w af aw al o ax t q b z (b c b c z aq ad) z d ah r at ai ac a an r h (ak (h y ae ak (u aq ax)) ab ax ai) m p f (N l ak) O w (P e t m (Q av (R s h (t s (v l S (h ap q ag u) T t aq ar) al a) ai au at ah aj d U m h ar (m V u k) ab W ah X) (ar o) (e at al (Y al a) p av w ay w)))))
A au B av ap C D (E F e G H (ab (r ad x a (am an k ar i f)) K ai ae) av u) ab L (q am al (p (at j aq ak) n ad (ao s) (f ap au y) (r k ah r o ah au k w ah) aj w af aw al o ax t q b z (b c b c z aq ad) z d ah r at ai ac a an r h (ak (h y ae ak (u aq ax)) ab ax ai) m p f (N l ak) O w (P e t m (Q av (R s h (t s (v l S (h ap q ag u) T t aq ar) al a) ai au at ah aj d U m h ar (m V u k) ab W ah X) (ar o) (e at al (Y al a) p av w ay w)))))
A au B av ap C D (E F e G H (ab (r ad x a (am an k ar i f)) K ai ae) av u) ab L (q am al (au g (d q ay (aa (r k ah r o ah au k w ah ad j y e z ae y))) af aw al o ax t q b z (b c b c z aq ad) z d ah r at ai ac a an r h (ak (h y ae ak (u aq ax)) ab ax ai) m p f (N l ak) O w (P e t m (Q av (R s h (t s (v l S (h ap q ag u) T t aq ar) al a) ai au at ah aj d U m h ar (m V u k) ab W ah X) (ar o) (e at al (Y al a) p av w ay w)))))
A au B av ap C D (E F e G H (ab (r ad x a (am an k ar i f)) K ai ae) av u) ab L (q am al (i af ab am c s ax v ac ag q q ak af aw al o ax t q b z (b c b c z aq ad) z d ah r at ai ac a an r h (ak (h y ae ak (u aq ax)) ab ax ai) m p f (N l ak) O w (P e t m (Q av (R s h (t s (v l S (h ap q ag u) T t aq ar) al a) ai au at ah aj d U m h ar (m V u k) ab W ah X) (ar o) (e at al (Y al a) p av w ay w)))))
A au B av ap C D (E F e G H (ab (r ad x a (am an k ar i f)) K ai ae) av u) ab L (q am al (r af am ag am (au aq ab ai an c n) v ac ag q q ak af aw al o ax t q b z (b c b c z aq ad) z d ah r at ai ac a an r h (ak (h y ae ak (u aq ax)) ab ax ai) m p f (N l ak) O w (P e t m (Q av (R s h (t s (v l S (h ap q ag u) T t aq ar) al a) ai au at ah aj d U m h ar (m V u k) ab W ah X) (ar o) (e at al (Y al a) p av w ay w)))))
A au B av ap C D (E F e G H (ab (r ad x a (am an k ar i f)) K ai ae) av u) ab L (q am al (am z j (f aa (ab (b x h s f))) ac ag q q ak af aw al o ax t q b z (b c b c z aq ad) z d ah r at ai ac a an r h (ak (h y ae ak (u aq ax)) ab ax ai) m p f (N l ak) O w (P e t m (Q av (R s h (t s (v l S (h ap q ag u) T t aq ar) al a) ai au at ah aj d U m h ar (m V u k) ab W ah X) (ar o) (e at al (Y al a) p av w ay w)))))
A au B av ap C D (E F e G H (ab (r ad x a (am an k ar i f)) K ai ae) av u) ab L (q am al (f aa (ab (b x h s f)) aj ar (a (y (d ab a e u aq q (f aa (ab (b x h s f)))))) af aw al o ax t q b z (b c b c z aq ad) z d ah r at ai ac a an r h (ak (h y ae ak (u aq ax)) ab ax ai) m p f (N l ak) O w (P e t m (Q av (R s h (t s (v l S (h ap q ag u) T t aq ar) al a) ai au at ah aj d U m h ar (m V u k) ab W ah X) (ar o) (e at al (Y al a) p av w ay w)))))
A au B av ap C D (E F e G H (ab (r ad x a (am an k ar i f)) K ai ae) av u) ab L (q am al (u (af aa s) (a (y (d ab a e u aq q (f aa (ab (b x h s f)))))) af aw al o ax t q b z (b c b c z aq ad) z d ah r at ai ac a an r h (ak (h y ae ak (u aq ax)) ab ax ai) m p f (N l ak) O w (P e t m (Q av (R s h (t s (v l S (h ap q ag u) T t aq ar) al a) ai au at ah aj d U m h ar (m V u k) ab W ah X) (ar o) (e at al (Y al a) p av w ay w)))))
A au B av ap C D (E F e G H (ab (r ad x a (am an k ar i f)) K ai ae) av u) ab L (q am al (ab (af aa s) (af aa s) au d s (af aa s) a an r h (af ab (a (y (d ab a e u aq q (f aa (ab (b x h s f)))))) ai) m al o ax t q b z (b c b c z aq ad) z d ah r at ai ac a an r h (ak (h y ae ak (u aq ax)) ab ax ai) m p f (N l ak) O w (P e t m (Q av (R s h (t s (v l S (h ap q ag u) T t aq ar) al a) ai au at ah aj d U m h ar (m V u k) ab W ah X) (ar o) (e at al (Y al a) p av w ay w)))))
A au B av ap C D (E F e G H (ab (r ad x a (am an k ar i f)) K ai ae) av u) ab L (q am al (ac (af aa s) b ak z d ah r at ai ac a an r h (af ab (a (y (d ab a e u aq q (f aa (ab (b x h s f)))))) ai) m al o ax t q b z (b c b c z aq ad) z d ah r at ai ac a an r h (ak (h y ae ak (u aq ax)) ab ax ai) m p f (N l ak) O w (P e t m (Q av (R s h (t s (v l S (h ap q ag u) T t aq ar) al a) ai au at ah aj d U m h ar (m V u k) ab W ah X) (ar o) (e at al (Y al a) p av w ay w)))))
A au B av ap C D (E F e G H (ab (r ad x a (am an k ar i f)) K ai ae) av u) ab L (q am al (s o b z (b c b c z (af aa s) ad) z d ah r at ai ac a an r h (af ab (a (y (d ab a e u aq q (f aa (ab (b x h s f)))))) ai) m al o ax t q b z (b c b c z aq ad) z d ah r at ai ac a an r h (ak (h y ae ak (u aq ax)) ab ax ai) m p f (N l ak) O w (P e t m (Q av (R s h (t s (v l S (h ap q ag u) T t aq ar) al a) ai au at ah aj d U m h ar (m V u k) ab W ah X) (ar o) (e at al (Y al a) p av w ay w)))))
A au B av ap C D (E F e G H (ab (r ad x a (am an k ar i f)) K ai ae) av u) ab L (q am al (q r at aj af (ae o) aj w af aw al o ax t q b z (b c b c z (af aa s) ad) z d ah r at ai ac a an r h (af ab (a (y (d ab a e u aq q (f aa (ab (b x h s f)))))) ai) m al o ax t q b z (b c b c z aq ad) z d ah r at ai ac a an r h (ak (h y ae ak (u aq ax)) ab ax ai) m p f (N l ak) O w (P e t m (Q av (R s h (t s (v l S (h ap q ag u) T t aq ar) al a) ai au at ah aj d U m h ar (m V u k) ab W ah X) (ar o) (e at al (Y al a) p av w ay w)))))
A au B av ap C D (E F e G H (ab (r ad x a (am an k ar i f)) K ai ae) av u) ab L (q am al (t j aq v (r k ah r o ah au k w ah) aj w af aw al o ax t q b z (b c b c z (af aa s) ad) z d ah r at ai ac a an r h (af ab (a (y (d ab a e u aq q (f aa (ab (b x h s f)))))) ai) m al o ax t q b z (b c b c z aq ad) z d ah r at ai ac a an r h (ak (h y ae ak (u aq ax)) ab ax ai) m p f (N l ak) O w (P e t m (Q av (R s h (t s (v l S (h ap q ag u) T t aq ar) al a) ai au at ah aj d U m h ar (m V u k) ab W ah X) (ar o) (e at al (Y al a) p av w ay w)))))
A au B av ap C D (E F e G H (ab (r ad x a (am an k ar i f)) K ai ae) av u) ab L (q am al (p (at j aq ak) n ad (ao s) (f ap au y) (r k ah r o ah au k w ah) aj w af aw al o ax t q b z (b c b c z (af aa s) ad) z d ah r at ai ac a an r h (af ab (a (y (d ab a e u aq q (f aa (ab (b x h s f)))))) ai) m al o ax t q b z (b c b c z aq ad) z d ah r at ai ac a an r h (ak (h y ae ak (u aq ax)) ab ax ai) m p f (N l ak) O w (P e t m (Q av (R s h (t s (v l S (h ap q ag u) T t aq ar) al a) ai au at ah aj d U m h ar (m V u k) ab W ah X) (ar o) (e at al (Y al a) p av w ay w)))))
A au B av ap C D (E F e G H (ab (r ad x a (am an k ar i f)) K ai ae) av u) ab L (q am al (au g (d q ay (aa (r k ah r o ah au k w ah ad j y e z ae y))) af aw al o ax t q b z (b c b c z (af aa s) ad) z d ah r at ai ac a an r h (af ab (a (y (d ab a e u aq q (f aa (ab (b x h s f)))))) ai) m al o ax t q b z (b c b c z aq ad) z d ah r at ai ac a an r h (ak (h y ae ak (u aq ax)) ab ax ai) m p f (N l ak) O w (P e t m (Q av (R s h (t s (v l S (h ap q ag u) T t aq ar) al a) ai au at ah aj d U m h ar (m V u k) ab W ah X) (ar o) (e at al (Y al a) p av w ay w)))))
A au B av ap C D (E F e G H (ab (r ad x a (am an k ar i f)) K ai ae) av u) ab L (q am al (i af ab am c s ax v ac ag q q ak af aw al o ax t q b z (b c b c z (af aa s) ad) z d ah r at ai ac a an r h (af ab (a (y (d ab a e u aq q (f aa (ab (b x h s f)))))) ai) m al o ax t q b z (b c b c z aq ad) z d ah r at ai ac a an r h (ak (h y ae ak (u aq ax)) ab ax ai) m p f (N l ak) O w (P e t m (Q av (R s h (t s (v l S (h ap q ag u) T t aq ar) al a) ai au at ah aj d U m h ar (m V u k) ab W ah X) (ar o) (e at al (Y al a) p av w ay w)))))
A au B av ap C D (E F e G H (ab (r ad x a (am an k ar i f)) K ai ae) av u) ab L (q am al (r af am ag am (au aq ab ai an c n) v ac ag q q ak af aw al o ax t q b z (b c b c z (af aa s) ad) z d ah r at ai ac a an r h (af ab (a (y (d ab a e u aq q (f aa (ab (b x h s f)))))) ai) m al o ax t q b z (b c b c z aq ad) z d ah r at ai ac a an r h (ak (h y ae ak (u aq ax)) ab ax ai) m p f (N l ak) O w (P e t m (Q av (R s h (t s (v l S (h ap q ag u) T t aq ar) al a) ai au at ah aj d U m h ar (m V u k) ab W ah X) (ar o) (e at al (Y al a) p av w ay w)))))
A au B av ap C D (E F e G H (ab (r ad x a (am an k ar i f)) K ai ae) av u) ab L (q am al (am z j (f aa (ab (b x h s f))) ac ag q q ak af aw al o ax t q b z (b c b c z (af aa s) ad) z d ah r at ai ac a an r h (af ab (a (y (d ab a e u aq q (f aa (ab (b x h s f)))))) ai) m al o ax t q b z (b c b c z aq ad) z d ah r at ai ac a an r h (ak (h y ae ak (u aq ax)) ab ax ai) m p f (N l ak) O w (P e t m (Q av (R s h (t s (v l S (h ap q ag u) T t aq ar) al a) ai au at ah aj d U m h ar (m V u k) ab W ah X) (ar o) (e at al (Y al a) p av w ay w)))))
A au B av ap C D (E F e G H (ab (r ad x a (am an k ar i f)) K ai ae) av u) ab L (q am al (f aa (ab (b x h s f)) aj ar (a (y (d ab a e u aq q (f aa (ab (b x h s f)))))) af aw al o ax t q b z (b c b c z (af aa s) ad) z d ah r at ai ac a an r h (af ab (a (y (d ab a e u aq q (f aa (ab (b x h s f)))))) ai) m al o ax t q b z (b c b c z aq ad) z d ah r at ai ac a an r h (ak (h y ae ak (u aq ax)) ab ax ai) m p f (N l ak) O w (P e t m (Q av (R s h (t s (v l S (h ap q ag u) T t aq ar) al a) ai au at ah aj d U m h ar (m V u k) ab W ah X) (ar o) (e at al (Y al a) p av w ay w)))))
A au B av ap C D (E F e G H (ab (r ad x a (am an k ar i f)) K ai ae) av u) ab L (q am al (u (af aa s) (a (y (d ab a e u aq q (f aa (ab (b x h s f)))))) af aw al o ax t q b z (b c b c z (af aa s) ad) z d ah r at ai ac a an r h (af ab (a (y (d ab a e u aq q (f aa (ab (b x h s f)))))) ai) m al o ax t q b z (b c b c z aq ad) z d ah r at ai ac a an r h (ak (h y ae ak (u aq ax)) ab ax ai) m p f (N l ak) O w (P e t m (Q av (R s h (t s (v l S (h ap q ag u) T t aq ar) al a) ai au at ah aj d U m h ar (m V u k) ab W ah X) (ar o) (e at al (Y al a) p av w ay w)))))
A au B av ap C D (E F e G H (ab (r ad x a (am an k ar i f)) K ai ae) av u) ab L (q am al (ab (af aa s) (af aa s) au d s (af aa s) a an r h (af ab (a (y (d ab a e u aq q (f aa (ab (b x h s f)))))) ai) m al o ax t q b z (b c b c z (af aa s) ad) z d ah r at ai ac a an r h (af ab (a (y (d ab a e u aq q (f aa (ab (b x h s f)))))) ai) m al o ax t q b z (b c b c z aq ad) z d ah r at ai ac a an r h (ak (h y ae ak (u aq ax)) ab ax ai) m p f (N l ak) O w (P e t m (Q av (R s h (t s (v l S (h ap q ag u) T t aq ar) al a) ai au at ah aj d U m h ar (m V u k) ab W ah X) (ar o) (e at al (Y al a) p av w ay w)))))


