a az bf bc bd be bb ba am aw (d (z aj al) af ap f) (az af ay ac)
b be az ba bb bf bd bc f f s ag e aj u (ah (ai ai) av ai z) aq i
c bc bb az bd ba l az ai (ab bb b a) av z aw bc aw bb ak at
d az bb ba w aa ba x av (ak x aa (ba aw ae bb))
e bd bb bc be bf az bg ba r (be aq q aq) (v q ap q am c aw l al)
f bb az be bc bd ba i n l az r ao (ae al) ab d e ak (ag j c aw)
g be bd az bb ba bc af ae j (az an ap (at i s bc ag))
h ba bb az bd bc l (ai ao) (d (aq (x k (ar aj ak y an n w o))))
i az bb bd bf be bc ba ap (r m a ak) ah ba n aq bb f g (ar d) ah
j ba be bb bc bd bf az l (bd g ag aj) at q i bd aw u s aj q aj ar
k bc bd bb az ba aw ba j af (bb bc (c az f x e) o f au d) az
l bd bb ba az bc aa j (t m b o e ar q bb) u g o an h
m az bg bc ba be bd bb bf bd ak o ax aq (a am r f bf (o a) b i al ar)
n az bc ba bb bd be az r av (aj (z ai) al r) t aj (ba p) at
o bg ba be bd az bb bf bc aj aa al af ab b (p n aq)
p bd ba az bb bc be bb g az aa (ah j i) (bb ai) u (aq av k (ad m s))
q az be bc bb ba bd c h s ab z y aw ay ba aj x aj ao k az
r az aq ab (s k at) ai ai k (l ap v) ao g p ae az
s bb bc az ba c p w a aa ap ax
t be bd bc az bf ba bb i bc ay e az (x p az be)
u az bb bc be ba bd ad q b
v az ba bb au aq ac f ap h ac (h ak) ab ad
w bf bb az be ba bd bc be (ay bb e (x e)) (e h)
x bb bc az bd ba a ab ae u b w g h h bd bd am
y ba bb bc az ay (e h) aw g al ao ag o t
z ba az bd bc be bb bf bg b am m ar ae ah m e ak (au bf aq l i al)
aa bd bb ba bc be az az p ba i x (aj m v s ag s)
ab bg bf ba be bc bd bb az b ag s bc (f (ae af p be bd ae f) av aq)
ac bd bb az bf ba be bc ag (ay x o) am r w f t aj r aw (bf p p) ap
ad be ba bb az bc bd bf d aw ax ah t n n ar (ax az) j (u t ap)
ae az at f (b ac am ak (p aw) u) g al p z ap az z
af bf bb bd bc ba be az a l ab f (t al (k p av (ak ak bb w) av ba) ah)
ag bc bf be bd ba az bb av ao al s d (r an) an bc ap k g
ah bf bg bb az bd be bc ba g k bb ag ao o e g ab az aj b l aq
ai bb bf ba bd az be bc bg aj (aq (ae am) d ax (ap z m aw))
aj ba bc bb be bf az bd an (i bf (m aq af ah ap ad n q ap aq c ae))
ak bd az bc be bf ba bb t (be j (w ba bf av (ad af c) (ai ay)) (ah ap o))
al bb bd ba bc az be au ah ar au ax l an ag ak (d x) x u ag
am az ba bg bf bd be bc bb ao m (q bg bc) n ag (af an bf)
an bb bg az bd bf bc ba be g aw j ay (ba bc z s bc g) (ar p aa)
ao bc bd ba bb az ay h (s m d) n m ae e au bd au
ap bb ba bc be bd bf az ab (c ak (x (g be q) (g y)) (av (be bc aq i w)))
aq bc bd az ba bb p (ak ai x bc) bc al m (ah (r au) (v d a))
ar bc bd az ba bb d ai bc (c (k h ax ba ab e) r e t)
at bc ba be az bb bf bd bg bb p o au aa ay u t bb ad
au be bc bb az bd ba bf al z be bb bb s p ah ao ad (af i) e
av az at ar (h az ah (l i az ax aw) (v r) ae q ah)
aw bc ba bf bb bd be az bb s am an (e an (bd f b y ac j) v ba)
ax bd az bc be bg ba bf bb bf b w f i af (bd ap s aj) e ay q
ay az bc ba bd bb af ae ac e ak au ak ak (ac (ba au c az ad))
main s g (A B j C aq (D E ak d ar an ah ak v f (F G an j) p)) H I ar J af (d an (K e ar (L M N h O p) av k aa (ar ad (P ad an c ac d al am ag n ao z (Q k c R (S k ak T (U (V at (aj ar o) u p o) ai s) e ao u ag ay d) c (m ax aq W ap)) t ak ag aa au al X ag (Y n ab) a) f q)))
------------------------------------------------------------
s g (A B j C aq (D E ak d ar an ah ak v f (F G an j) p)) H I ar J af (d an (K e ar (L M N h O p) av k aa (ar ad (P ad an c ac d al am ag n ao z (Q k c R (S k ak T (U (V at (aj ar o) u p o) ai s) e ao u ag ay d) c (m ax aq W ap)) t ak ag aa au al X ag (Y n ab) a) f q)))
c p w a aa ap ax ar J af (d an (K e ar (L M N h O p) av k aa (ar ad (P ad an c ac d al am ag n ao z (Q k c R (S k ak T (U (V at (aj ar o) u p o) ai s) e ao u ag ay d) c (m ax aq W ap)) t ak ag aa au al X ag (Y n ab) a) f q)))
l a ai (ab w b a) av z aw p aw w ak at ax ar J af (d an (K e ar (L M N h O p) av k aa (ar ad (P ad an c ac d al am ag n ao z (Q k c R (S k ak T (U (V at (aj ar o) u p o) ai s) e ao u ag ay d) c (m ax aq W ap)) t ak ag aa au al X ag (Y n ab) a) f q)))
aa j (t m b o e ar q ai) u g o an h aw p aw w ak at ax ar J af (d an (K e ar (L M N h O p) av k aa (ar ad (P ad an c ac d al am ag n ao z (Q k c R (S k ak T (U (V at (aj ar o) u p o) ai s) e ao u ag ay d) c (m ax aq W ap)) t ak ag aa au al X ag (Y n ab) a) f q)))
an p u i x (aj m v s ag s) h aw p aw w ak at ax ar J af (d an (K e ar (L M N h O p) av k aa (ar ad (P ad an c ac d al am ag n ao z (Q k c R (S k ak T (U (V at (aj ar o) u p o) ai s) e ao u ag ay d) c (m ax aq W ap)) t ak ag aa au al X ag (Y n ab) a) f q)))
g aw j ay (aw h z s h g) (ar p aa) aw w ak at ax ar J af (d an (K e ar (L M N h O p) av k aa (ar ad (P ad an c ac d al am ag n ao z (Q k c R (S k ak T (U (V at (aj ar o) u p o) ai s) e ao u ag ay d) c (m ax aq W ap)) t ak ag aa au al X ag (Y n ab) a) f q)))
af ae j (ay an ap (at i s aw ag)) w ak at ax ar J af (d an (K e ar (L M N h O p) av k aa (ar ad (P ad an c ac d al am ag n ao z (Q k c R (S k ak T (U (V at (aj ar o) u p o) ai s) e ao u ag ay d) c (m ax aq W ap)) t ak ag aa au al X ag (Y n ab) a) f q)))
a l ab f (t al (k p av (ak ak j w) av ak) ah) ar J af (d an (K e ar (L M N h O p) av k aa (ar ad (P ad an c ac d al am ag n ao z (Q k c R (S k ak T (U (V at (aj ar o) u p o) ai s) e ao u ag ay d) c (m ax aq W ap)) t ak ag aa au al X ag (Y n ab) a) f q)))
am aw (d (z aj al) af ap f) (l af ay ac) (d an (K e ar (L M N h O p) av k aa (ar ad (P ad an c ac d al am ag n ao z (Q k c R (S k ak T (U (V at (aj ar o) u p o) ai s) e ao u ag ay d) c (m ax aq W ap)) t ak ag aa au al X ag (Y n ab) a) f q)))
am aw (w aa ap x av (ak x aa (ap aw ae af)) f) (l af ay ac) (d an (K e ar (L M N h O p) av k aa (ar ad (P ad an c ac d al am ag n ao z (Q k c R (S k ak T (U (V at (aj ar o) u p o) ai s) e ao u ag ay d) c (m ax aq W ap)) t ak ag aa au al X ag (Y n ab) a) f q)))


