a bc be az bd bb ba = b (ax au ak) u w
b az ba = ba aq u aq y ba az al f (ab ba) ag
c bb az bc ba = ai ab av i ba af d (at (ba t au ae))
d az ba bc bb = an ab aa bc ba ah ak r at o f ad aq bc al s
e ba bf bd bb be bc bg az = ah af bd av bf c
f bd be bb az ba bc bf bg = ao bb bf at z ad aw az p z k bg
g ba az bf bb bc be bd = a af aq aa aq b k i (ax e az) aa ah
h bb az bc ba = az (am af f) n au aq r b p (aq at)
i bb bc ba az = z b ai ah (ac aa aa j j (g k) t (g ba d) av)
j az bc bb be ba bd = ac ag be bb b ap ay bd bc bc r af bd p be q
k ba az = az y (f (au ba (z am u l ba) p c))
l bc ba bb az = aa p (ak al (e (al bc (bb ak ay) u ak az)) ae x)
m az bc bd bb ba = aq g ab x
n ba bb az = aa x ai r af bb l ay bb ah j d ak aa
o az bc bb ba = ar e f (aj w q aq (ai bb (x am s ae aw) ae bc))
p bc be bb ba az bd bf = d u at t ad aa bc (r aj l) (ai ax)
q bc bb bd bf az ba be bg = ay aw an ak f (bd s (az ai) bc ak ao) l
r bb bc bf ba be az bd = b (o u ai h ad i am m s) j
s bb az ba bf bd bc be bg = aq l af (u be) (be ae) p j av av p bb bd
t be bd bc ba bb az = u d be (al m u ad af m s)
u = ad ab ai ah aq (c ag l) y at
v az be bd bb bc bf ba = c q m bf (ad av k bd n) ah w (j ao q o)
w ba bd bb bf be az bg bc = ak j ad ay g a s ao ap ba n
x bg bb bd be az bf ba bc = u (aa (au (q (z al o ag r ba))))
y ba bb az = ah d ah al az ao (ba (at ba az ad aa d) az az)
z bg bd ba bc bf bb be az = at ae u p y h l bd u
aa bb az ba = w aq ba a ba aw z aq r (u ax (ar ba e))
ab be bd ba bb bc az = k ah x (a u) x (ao m l)
ac ba az = t y ba l aa u aj af ah ap (aq az) ai
ad az bc bg be bf bb ba bd = ao w ax r ay ah y aq an (n (p (bg ae) aa ai))
ae az bc bb bf be bd ba = ay aj ay f a
af bd ba bc bb az be = ao at ai (ac ba b) m
ag bf ba bc bb be az bd = bc ap s be ae c aj ap al f ay
ah bg bc bd bf az be ba bb = v au g (be bc bb an s (aa q)) ak am t
ai ba be bd bb bc az = ao (n m (p be ar u s bc v h ap ay)) z h
aj bg ba bd be bc az bf bb = af x bd (l (an r am e)) w ap az (bf az m)
ak ba az be bd bf bb bc = o az y ar w ar au ah ae c l ax aa
al bd ba bb bc az = ah f (az aj u (au l d q m) z k an bc d)
am be bd bc bf bb ba az = v g f a ab ao aq
an bc be az bb bd ba = aj d bc m az s az g ap am (ba ag ai ak)
ao ba bc az be bd bb = at ar ae (bc ay (av an r b an) l) bc ba k am ba
ap az bb bc bd be ba = y ae i (t bd) ag j w j
aq bb az ba bc = t aw ap (r ah) aj f m ax bb q b ba (ae x n)
ar ba bd be az bc bb = l aj av ap ad (z c) aq a c ai ba an aa
at be bc bb bd ba az = s ax (i ba ak s g v z x) x aq au al
au az bd ba bf bc be bb bg = at ba p n ao bg (t f) al (q (af ak be) ax g)
av az ba = ba (ae q aj (ao (au n) l)) az o (ax an a)
aw bc bf be bd bb az ba = ag f g (b ap aa au p (aa o o))
ax bc bb az ba bd bf be = aa al aq p a e bc ac ao
ay bc bf bd ba az be bb = p w w u n c d h aj x
main = ae (A B p C u k (D (E g (m ah) q ah) F (G af q v (H ag ak y ap o am an) aw I i) g ap ah al am (J K L M N (ap y m) O P c (aq s aq (h aw p) x e Q R ak (aw a ar g g o x) ag a r) b S ay i))) T ax ah (h e ao ao (ad ax) av b (U ac (ax x ay)) V (s (a W x d (X i aj ab ay) am ai)))
------------------------------------------------------------
ae (A B p C u k (D (E g (m ah) q ah) F (G af q v (H ag ak y ap o am an) aw I i) g ap ah al am (J K L M N (ap y m) O P c (aq s aq (h aw p) x e Q R ak (aw a ar g g o x) ag a r) b S ay i))) T ax ah (h e ao ao (ad ax) av b (U ac (ax x ay)) V (s (a W x d (X i aj ab ay) am ai)))
ae (A B p C u k (D (E g (m ah) q ah) F (G af q v (H ag ak y ap o am an) aw I i) g ap ah al am (J K L M N (ap y m) O P c (t aw ap (r ah) aj f m ax s q b (h aw p) (ae x n) e Q R ak (aw a ar g g o x) ag a r) b S ay i))) T ax ah (h e ao ao (ad ax) av b (U ac (ax x ay)) V (s (a W x d (X i aj ab ay) am ai)))
ae (A B p C u k (D (E g (m ah) q ah) F (G af q v (H ag ak y ap o am an) aw I i) g ap ah al am (J K L M N (ap y m) O P c (u d aw (al m u ad af m s) ax s q b (h aw p) (ae x n) e Q R ak (aw a ar g g o x) ag a r) b S ay i))) T ax ah (h e ao ao (ad ax) av b (U ac (ax x ay)) V (s (a W x d (X i aj ab ay) am ai)))
ae (A B p C u k (D (E g (m ah) q ah) F (G af q v (H ag ak y ap o am an) aw I i) g ap ah al am (J K L M N (ap y m) O P c (ad ab ai ah aq (c ag l) y at d aw (al m u ad af m s) ax s q b (h aw p) (ae x n) e Q R ak (aw a ar g g o x) ag a r) b S ay i))) T ax ah (h e ao ao (ad ax) av b (U ac (ax x ay)) V (s (a W x d (X i aj ab ay) am ai)))
ae (A B p C u k (D (E g (m ah) q ah) F (G af q v (H ag ak y ap o am an) aw I i) g ap ah al am (J K L M N (ap y m) O P c (ao w ax r ay ah y aq an (n (p (ah ae) aa ai)) aw (al m u ad af m s) ax s q b (h aw p) (ae x n) e Q R ak (aw a ar g g o x) ag a r) b S ay i))) T ax ah (h e ao ao (ad ax) av b (U ac (ax x ay)) V (s (a W x d (X i aj ab ay) am ai)))
ae (A B p C u k (D (E g (m ah) q ah) F (G af q v (H ag ak y ap o am an) aw I i) g ap ah al am (J K L M N (ap y m) O P c (at ar ae (ax ay (av an r b an) l) ax w k am w aq an (n (p (ah ae) aa ai)) aw (al m u ad af m s) ax s q b (h aw p) (ae x n) e Q R ak (aw a ar g g o x) ag a r) b S ay i))) T ax ah (h e ao ao (ad ax) av b (U ac (ax x ay)) V (s (a W x d (X i aj ab ay) am ai)))
ae (A B p C u k (D (E g (m ah) q ah) F (G af q v (H ag ak y ap o am an) aw I i) g ap ah al am (J K L M N (ap y m) O P c (s ax (i w ak s g v z x) x aq au al am w aq an (n (p (ah ae) aa ai)) aw (al m u ad af m s) ax s q b (h aw p) (ae x n) e Q R ak (aw a ar g g o x) ag a r) b S ay i))) T ax ah (h e ao ao (ad ax) av b (U ac (ax x ay)) V (s (a W x d (X i aj ab ay) am ai)))
ae (A B p C u k (D (E g (m ah) q ah) F (G af q v (H ag ak y ap o am an) aw I i) g ap ah al am (J K L M N (ap y m) O P c (aq l af (u am) (am ae) p j av av p ax au aq an (n (p (ah ae) aa ai)) aw (al m u ad af m s) ax s q b (h aw p) (ae x n) e Q R ak (aw a ar g g o x) ag a r) b S ay i))) T ax ah (h e ao ao (ad ax) av b (U ac (ax x ay)) V (s (a W x d (X i aj ab ay) am ai)))
ae (A B p C u k (D (E g (m ah) q ah) F (G af q v (H ag ak y ap o am an) aw I i) g ap ah al am (J K L M N (ap y m) O P c (t aw ap (r ah) aj f m ax l q b (u am) (ae x n) p j av av p ax au aq an (n (p (ah ae) aa ai)) aw (al m u ad af m s) ax s q b (h aw p) (ae x n) e Q R ak (aw a ar g g o x) ag a r) b S ay i))) T ax ah (h e ao ao (ad ax) av b (U ac (ax x ay)) V (s (a W x d (X i aj ab ay) am ai)))
ae (A B p C u k (D (E g (m ah) q ah) F (G af q v (H ag ak y ap o am an) aw I i) g ap ah al am (J K L M N (ap y m) O P c (u d aw (al m u ad af m s) ax l q b (u am) (ae x n) p j av av p ax au aq an (n (p (ah ae) aa ai)) aw (al m u ad af m s) ax s q b (h aw p) (ae x n) e Q R ak (aw a ar g g o x) ag a r) b S ay i))) T ax ah (h e ao ao (ad ax) av b (U ac (ax x ay)) V (s (a W x d (X i aj ab ay) am ai)))
ae (A B p C u k (D (E g (m ah) q ah) F (G af q v (H ag ak y ap o am an) aw I i) g ap ah al am (J K L M N (ap y m) O P c (ad ab ai ah aq (c ag l) y at d aw (al m u ad af m s) ax l q b (u am) (ae x n) p j av av p ax au aq an (n (p (ah ae) aa ai)) aw (al m u ad af m s) ax s q b (h aw p) (ae x n) e Q R ak (aw a ar g g o x) ag a r) b S ay i))) T ax ah (h e ao ao (ad ax) av b (U ac (ax x ay)) V (s (a W x d (X i aj ab ay) am ai)))
ae (A B p C u k (D (E g (m ah) q ah) F (G af q v (H ag ak y ap o am an) aw I i) g ap ah al am (J K L M N (ap y m) O P c (ao w ax r ay ah y aq an (n (p (ah ae) aa ai)) aw (al m u ad af m s) ax l q b (u am) (ae x n) p j av av p ax au aq an (n (p (ah ae) aa ai)) aw (al m u ad af m s) ax s q b (h aw p) (ae x n) e Q R ak (aw a ar g g o x) ag a r) b S ay i))) T ax ah (h e ao ao (ad ax) av b (U ac (ax x ay)) V (s (a W x d (X i aj ab ay) am ai)))
ae (A B p C u k (D (E g (m ah) q ah) F (G af q v (H ag ak y ap o am an) aw I i) g ap ah al am (J K L M N (ap y m) O P c (at ar ae (ax ay (av an r b an) l) ax w k am w aq an (n (p (ah ae) aa ai)) aw (al m u ad af m s) ax l q b (u am) (ae x n) p j av av p ax au aq an (n (p (ah ae) aa ai)) aw (al m u ad af m s) ax s q b (h aw p) (ae x n) e Q R ak (aw a ar g g o x) ag a r) b S ay i))) T ax ah (h e ao ao (ad ax) av b (U ac (ax x ay)) V (s (a W x d (X i aj ab ay) am ai)))
ae (A B p C u k (D (E g (m ah) q ah) F (G af q v (H ag ak y ap o am an) aw I i) g ap ah al am (J K L M N (ap y m) O P c (s ax (i w ak s g v z x) x aq au al am w aq an (n (p (ah ae) aa ai)) aw (al m u ad af m s) ax l q b (u am) (ae x n) p j av av p ax au aq an (n (p (ah ae) aa ai)) aw (al m u ad af m s) ax s q b (h aw p) (ae x n) e Q R ak (aw a ar g g o x) ag a r) b S ay i))) T ax ah (h e ao ao (ad ax) av b (U ac (ax x ay)) V (s (a W x d (X i aj ab ay) am ai)))
ae (A B p C u k (D (E g (m ah) q ah) F (G af q v (H ag ak y ap o am an) aw I i) g ap ah al am (J K L M N (ap y m) O P c (aq l af (u am) (am ae) p j av av p ax au aq an (n (p (ah ae) aa ai)) aw (al m u ad af m s) ax l q b (u am) (ae x n) p j av av p ax au aq an (n (p (ah ae) aa ai)) aw (al m u ad af m s) ax s q b (h aw p) (ae x n) e Q R ak (aw a ar g g o x) ag a r) b S ay i))) T ax ah (h e ao ao (ad ax) av b (U ac (ax x ay)) V (s (a W x d (X i aj ab ay) am ai)))
ae (A B p C u k (D (E g (m ah) q ah) F (G af q v (H ag ak y ap o am an) aw I i) g ap ah al am (J K L M N (ap y m) O P c (t aw ap (r ah) aj f m ax l q b (u am) (ae x n) p j av av p ax au aq an (n (p (ah ae) aa ai)) aw (al m u ad af m s) ax l q b (u am) (ae x n) p j av av p ax au aq an (n (p (ah ae) aa ai)) aw (al m u ad af m s) ax s q b (h aw p) (ae x n) e Q R ak (aw a ar g g o x) ag a r) b S ay i))) T ax ah (h e ao ao (ad ax) av b (U ac (ax x ay)) V (s (a W x d (X i aj ab ay) am ai)))
ae (A B p C u k (D (E g (m ah) q ah) F (G af q v (H ag ak y ap o am an) aw I i) g ap ah al am (J K L M N (ap y m) O P c (u d aw (al m u ad af m s) ax l q b (u am) (ae x n) p j av av p ax au aq an (n (p (ah ae) aa ai)) aw (al m u ad af m s) ax l q b (u am) (ae x n) p j av av p ax au aq an (n (p (ah ae) aa ai)) aw (al m u ad af m s) ax s q b (h aw p) (ae x n) e Q R ak (aw a ar g g o x) ag a r) b S ay i))) T ax ah (h e ao ao (ad ax) av b (U ac (ax x ay)) V (s (a W x d (X i aj ab ay) am ai)))
ae (A B p C u k (D (E g (m ah) q ah) F (G af q v (H ag ak y ap o am an) aw I i) g ap ah al am (J K L M N (ap y m) O P c (ad ab ai ah aq (c ag l) y at d aw (al m u ad af m s) ax l q b (u am) (ae x n) p j av av p ax au aq an (n (p (ah ae) aa ai)) aw (al m u ad af m s) ax l q b (u am) (ae x n) p j av av p ax au aq an (n (p (ah ae) aa ai)) aw (al m u ad af m s) ax s q b (h aw p) (ae x n) e Q R ak (aw a ar g g o x) ag a r) b S ay i))) T ax ah (h e ao ao (ad ax) av b (U ac (ax x ay)) V (s (a W x d (X i aj ab ay) am ai)))
ae (A B p C u k (D (E g (m ah) q ah) F (G af q v (H ag ak y ap o am an) aw I i) g ap ah al am (J K L M N (ap y m) O P c (ao w ax r ay ah y aq an (n (p (ah ae) aa ai)) aw (al m u ad af m s) ax l q b (u am) (ae x n) p j av av p ax au aq an (n (p (ah ae) aa ai)) aw (al m u ad af m s) ax l q b (u am) (ae x n) p j av av p ax au aq an (n (p (ah ae) aa ai)) aw (al m u ad af m s) ax s q b (h aw p) (ae x n) e Q R ak (aw a ar g g o x) ag a r) b S ay i))) T ax ah (h e ao ao (ad ax) av b (U ac (ax x ay)) V (s (a W x d (X i aj ab ay) am ai)))
ae (A B p C u k (D (E g (m ah) q ah) F (G af q v (H ag ak y ap o am an) aw I i) g ap ah al am (J K L M N (ap y m) O P c (at ar ae (ax ay (av an r b an) l) ax w k am w aq an (n (p (ah ae) aa ai)) aw (al m u ad af m s) ax l q b (u am) (ae x n) p j av av p ax au aq an (n (p (ah ae) aa ai)) aw (al m u ad af m s) ax l q b (u am) (ae x n) p j av av p ax au aq an (n (p (ah ae) aa ai)) aw (al m u ad af m s) ax s q b (h aw p) (ae x n) e Q R ak (aw a ar g g o x) ag a r) b S ay i))) T ax ah (h e ao ao (ad ax) av b (U ac (ax x ay)) V (s (a W x d (X i aj ab ay) am ai)))
ae (A B p C u k (D (E g (m ah) q ah) F (G af q v (H ag ak y ap o am an) aw I i) g ap ah al am (J K L M N (ap y m) O P c (s ax (i w ak s g v z x) x aq au al am w aq an (n (p (ah ae) aa ai)) aw (al m u ad af m s) ax l q b (u am) (ae x n) p j av av p ax au aq an (n (p (ah ae) aa ai)) aw (al m u ad af m s) ax l q b (u am) (ae x n) p j av av p ax au aq an (n (p (ah ae) aa ai)) aw (al m u ad af m s) ax s q b (h aw p) (ae x n) e Q R ak (aw a ar g g o x) ag a r) b S ay i))) T ax ah (h e ao ao (ad ax) av b (U ac (ax x ay)) V (s (a W x d (X i aj ab ay) am ai)))
ae (A B p C u k (D (E g (m ah) q ah) F (G af q v (H ag ak y ap o am an) aw I i) g ap ah al am (J K L M N (ap y m) O P c (aq l af (u am) (am ae) p j av av p ax au aq an (n (p (ah ae) aa ai)) aw (al m u ad af m s) ax l q b (u am) (ae x n) p j av av p ax au aq an (n (p (ah ae) aa ai)) aw (al m u ad af m s) ax l q b (u am) (ae x n) p j av av p ax au aq an (n (p (ah ae) aa ai)) aw (al m u ad af m s) ax s q b (h aw p) (ae x n) e Q R ak (aw a ar g g o x) ag a r) b S ay i))) T ax ah (h e ao ao (ad ax) av b (U ac (ax x ay)) V (s (a W x d (X i aj ab ay) am ai)))
ae (A B p C u k (D (E g (m ah) q ah) F (G af q v (H ag ak y ap o am an) aw I i) g ap ah al am (J K L M N (ap y m) O P c (t aw ap (r ah) aj f m ax l q b (u am) (ae x n) p j av av p ax au aq an (n (p (ah ae) aa ai)) aw (al m u ad af m s) ax l q b (u am) (ae x n) p j av av p ax au aq an (n (p (ah ae) aa ai)) aw (al m u ad af m s) ax l q b (u am) (ae x n) p j av av p ax au aq an (n (p (ah ae) aa ai)) aw (al m u ad af m s) ax s q b (h aw p) (ae x n) e Q R ak (aw a ar g g o x) ag a r) b S ay i))) T ax ah (h e ao ao (ad ax) av b (U ac (ax x ay)) V (s (a W x d (X i aj ab ay) am ai)))
ae (A B p C u k (D (E g (m ah) q ah) F (G af q v (H ag ak y ap o am an) aw I i) g ap ah al am (J K L M N (ap y m) O P c (u d aw (al m u ad af m s) ax l q b (u am) (ae x n) p j av av p ax au aq an (n (p (ah ae) aa ai)) aw (al m u ad af m s) ax l q b (u am) (ae x n) p j av av p ax au aq an (n (p (ah ae) aa ai)) aw (al m u ad af m s) ax l q b (u am) (ae x n) p j av av p ax au aq an (n (p (ah ae) aa ai)) aw (al m u ad af m s) ax s q b (h aw p) (ae x n) e Q R ak (aw a ar g g o x) ag a r) b S ay i))) T ax ah (h e ao ao (ad ax) av b (U ac (ax x ay)) V (s (a W x d (X i aj ab ay) am ai)))
ae (A B p C u k (D (E g (m ah) q ah) F (G af q v (H ag ak y ap o am an) aw I i) g ap ah al am (J K L M N (ap y m) O P c (ad ab ai ah aq (c ag l) y at d aw (al m u ad af m s) ax l q b (u am) (ae x n) p j av av p ax au aq an (n (p (ah ae) aa ai)) aw (al m u ad af m s) ax l q b (u am) (ae x n) p j av av p ax au aq an (n (p (ah ae) aa ai)) aw (al m u ad af m s) ax l q b (u am) (ae x n) p j av av p ax au aq an (n (p (ah ae) aa ai)) aw (al m u ad af m s) ax s q b (h aw p) (ae x n) e Q R ak (aw a ar g g o x) ag a r) b S ay i))) T ax ah (h e ao ao (ad ax) av b (U ac (ax x ay)) V (s (a W x d (X i aj ab ay) am ai)))
ae (A B p C u k (D (E g (m ah) q ah) F (G af q v (H ag ak y ap o am an) aw I i) g ap ah al am (J K L M N (ap y m) O P c (ao w ax r ay ah y aq an (n (p (ah ae) aa ai)) aw (al m u ad af m s) ax l q b (u am) (ae x n) p j av av p ax au aq an (n (p (ah ae) aa ai)) aw (al m u ad af m s) ax l q b (u am) (ae x n) p j av av p ax au aq an (n (p (ah ae) aa ai)) aw (al m u ad af m s) ax l q b (u am) (ae x n) p j av av p ax au aq an (n (p (ah ae) aa ai)) aw (al m u ad af m s) ax s q b (h aw p) (ae x n) e Q R ak (aw a ar g g o x) ag a r) b S ay i))) T ax ah (h e ao ao (ad ax) av b (U ac (ax x ay)) V (s (a W x d (X i aj ab ay) am ai)))
ae (A B p C u k (D (E g (m ah) q ah) F (G af q v (H ag ak y ap o am an) aw I i) g ap ah al am (J K L M N (ap y m) O P c (at ar ae (ax ay (av an r b an) l) ax w k am w aq an (n (p (ah ae) aa ai)) aw (al m u ad af m s) ax l q b (u am) (ae x n) p j av av p ax au aq an (n (p (ah ae) aa ai)) aw (al m u ad af m s) ax l q b (u am) (ae x n) p j av av p ax au aq an (n (p (ah ae) aa ai)) aw (al m u ad af m s) ax l q b (u am) (ae x n) p j av av p ax au aq an (n (p (ah ae) aa ai)) aw (al m u ad af m s) ax s q b (h aw p) (ae x n) e Q R ak (aw a ar g g o x) ag a r) b S ay i))) T ax ah (h e ao ao (ad ax) av b (U ac (ax x ay)) V (s (a W x d (X i aj ab ay) am ai)))
ae (A B p C u k (D (E g (m ah) q ah) F (G af q v (H ag ak y ap o am an) aw I i) g ap ah al am (J K L M N (ap y m) O P c (s ax (i w ak s g v z x) x aq au al am w aq an (n (p (ah ae) aa ai)) aw (al m u ad af m s) ax l q b (u am) (ae x n) p j av av p ax au aq an (n (p (ah ae) aa ai)) aw (al m u ad af m s) ax l q b (u am) (ae x n) p j av av p ax au aq an (n (p (ah ae) aa ai)) aw (al m u ad af m s) ax l q b (u am) (ae x n) p j av av p ax au aq an (n (p (ah ae) aa ai)) aw (al m u ad af m s) ax s q b (h aw p) (ae x n) e Q R ak (aw a ar g g o x) ag a r) b S ay i))) T ax ah (h e ao ao (ad ax) av b (U ac (ax x ay)) V (s (a W x d (X i aj ab ay) am ai)))
ae (A B p C u k (D (E g (m ah) q ah) F (G af q v (H ag ak y ap o am an) aw I i) g ap ah al am (J K L M N (ap y m) O P c (aq l af (u am) (am ae) p j av av p ax au aq an (n (p (ah ae) aa ai)) aw (al m u ad af m s) ax l q b (u am) (ae x n) p j av av p ax au aq an (n (p (ah ae) aa ai)) aw (al m u ad af m s) ax l q b (u am) (ae x n) p j av av p ax au aq an (n (p (ah ae) aa ai)) aw (al m u ad af m s) ax l q b (u am) (ae x n) p j av av p ax au aq an (n (p (ah ae) aa ai)) aw (al m u ad af m s) ax s q b (h aw p) (ae x n) e Q R ak (aw a ar g g o x) ag a r) b S ay i))) T ax ah (h e ao ao (ad ax) av b (U ac (ax x ay)) V (s (a W x d (X i aj ab ay) am ai)))
ae (A B p C u k (D (E g (m ah) q ah) F (G af q v (H ag ak y ap o am an) aw I i) g ap ah al am (J K L M N (ap y m) O P c (t aw ap (r ah) aj f m ax l q b (u am) (ae x n) p j av av p ax au aq an (n (p (ah ae) aa ai)) aw (al m u ad af m s) ax l q b (u am) (ae x n) p j av av p ax au aq an (n (p (ah ae) aa ai)) aw (al m u ad af m s) ax l q b (u am) (ae x n) p j av av p ax au aq an (n (p (ah ae) aa ai)) aw (al m u ad af m s) ax l q b (u am) (ae x n) p j av av p ax au aq an (n (p (ah ae) aa ai)) aw (al m u ad af m s) ax s q b (h aw p) (ae x n) e Q R ak (aw a ar g g o x) ag a r) b S ay i))) T ax ah (h e ao ao (ad ax) av b (U ac (ax x ay)) V (s (a W x d (X i aj ab ay) am ai)))


