a az ba bc bd bf bb be = v y ax aq (r v ap ay bc) l l z ad y
b az bc ba bb bd be = q ar r (am ab bc) be j h aj j j an z ak ad
c be ba bd bc az bf bb = e h ab ag d bc ak
d bc bb ba az = au w (m (al af) af (az (av ac aj s av)))
e bc bf az bb ba bd be bg = s f az m ae
f bb bd bc az be ba = ao q (at am ak (al al o (ak l aa) y ah))
g ba bb az = ac ai d (n d ak) (d ak t ao) bb
h be ba bd bb az bf bc = aa (n bc) ad bf av (aa af)
i az = ao am at au ab (d ah d (y (y b) az (a az)) aj ag)
j bd bc bb ba be az = t ai ax u b ba l r c d ay ac bd ab g
k bd bc ba bf bb az be = am (u au aw c aq ao) l aa m s am o ae
l bb bc ba az bd = a d ai av ad v m
m az bb ba bc = a aa az o h (d at n p) ag ay aw ba al ax
n bc bb bf ba bd be az = ad am (aa (aq e) i g ax a q) ai
o az bd ba be bg bb bc bf = ae (r ae c ay bb) j z d p r az n at m
p ba bd bc az bb = r j ba (ar aw ak bd l h v) ar o q ag q d
q bb az ba = ax y at au ar ac av t (aw ba) j bb (al aw w)
r bg bd bb bf az bc ba be = bb bg ab n m aw u ac g at al c ak ah
s ba bd bc be bb az bf = ac (c e ar an bc w af aa ba bc)
t az ba bb be bc bd bf = bf z j az (be b c c u g z i) (az ar)
u bb bd az be ba bc = aa (v ai j (d am (p j ak h w)))
v az bf bc bd be ba bb = ag k b n bf ae h y q (af be)
w = h d (x y k o (f i p ax h aw) x) q ag t
x ba bc az bb = g f av ab c h ad l a v al d (ay bc t)
y bb be bg bc az bf ba bd = g aw (am (ax ax aq k q x)) v ab n al
z be az bg bb bd bf ba bc = ai aw r af b y ah p ax t r ar (bd ak)
aa az = b m l ac p aq j m f o az ag y m
ab bd bb ba az bc be = m ak s d q (y e) f u az (ar at aq av)
ac az bc bf be ba bb bd = t aw (an (q (be m al be aa k ad ah)))
ad bb ba az = t am (o ar t (bb ah (al aq))) az (ba ax a o ao)
ae az ba = az (ar m (ba az o aa o c an v x))
af be bd bc ba az bb = at u al ab bd
ag az bd bc bb ba = g ap x ah ak u u s p (ai (au ba t)) u
ah az ba bb bc = f t i b h i n f ag (ab c r (au ai q) s)
ai bc az ba bf bd be bb = b u af f (be ad ad aa) d (aa ba w af) aj ba
aj bb bd bc az be ba = c ag ae ai ae al ak (q x d am o ba) (bd q az)
ak be ba az bb bf bd bg bc = an s z c (i aw am (ar al v aq d bb d))
al bc ba bf az be bd bb = az ab at r z bd r aj bf s ak ap w f (x be)
am az be bf bc bb bd ba = bc y i f u u f al (af d m) at ad (ap j)
an be bd bb ba bc az = aa k bd c f ak v
ao az bd ba bb bc = ay l ba bb (ap ap (at r ap an e ba))
ap be bg az ba bc bd bb bf = ag x w ao bg z (bf ag aq l t)
aq az ba bf bb be bd bc bg = aw (a an) bc at at (ah (ak ad l c am m))
ar be bc ba az bb bd = aj g ac an (ab f v aw k be) b h aw
at ba az bb = az s (aw aa az (aj bb ag u)) (an a ax d) ba
au be az bc bd ba bg bb bf = p s (x j d ak al aj d s s)
av ba bc bb az = ah ah au al az a
aw bd bb ba be az bc bf = al az t be ag ap az ai (bd p aq h) ap ay
ax az ba bb bc = av (x (m n n ac o aq))
ay bg az bd bc be bf ba bb = e m ar (m av j u) n (n k o ak)
main = aa j (A c z w (B C j av o) ae b D ao) ab E ae s ap F (G d am g H (a (ao aq t (ak (I J s r) (m ay (K ao L M ax at ae N ad aj O)) m l P ao m ab ay (Q r (am (p (R aa ac n S av h (e s ak) (T av aw (U n) V (W al aj aq aa ad X ae av aq) Y Z b AA) c AB) ak ay) k ac AC i) AD al))) AE))
------------------------------------------------------------
aa j (A c z w (B C j av o) ae b D ao) ab E ae s ap F (G d am g H (a (ao aq t (ak (I J s r) (m ay (K ao L M ax at ae N ad aj O)) m l P ao m ab ay (Q r (am (p (R aa ac n S av h (e s ak) (T av aw (U n) V (W al aj aq aa ad X ae av aq) Y Z b AA) c AB) ak ay) k ac AC i) AD al))) AE))
b m l ac p aq j m f o j ag y m (A c z w (B C j av o) ae b D ao) ab E ae s ap F (G d am g H (a (ao aq t (ak (I J s r) (m ay (K ao L M ax at ae N ad aj O)) m l P ao m ab ay (Q r (am (p (R aa ac n S av h (e s ak) (T av aw (U n) V (W al aj aq aa ad X ae av aq) Y Z b AA) c AB) ak ay) k ac AC i) AD al))) AE))
q ar r (am ab l) j j h aj j j an z ak ad m f o j ag y m (A c z w (B C j av o) ae b D ao) ab E ae s ap F (G d am g H (a (ao aq t (ak (I J s r) (m ay (K ao L M ax at ae N ad aj O)) m l P ao m ab ay (Q r (am (p (R aa ac n S av h (e s ak) (T av aw (U n) V (W al aj aq aa ad X ae av aq) Y Z b AA) c AB) ak ay) k ac AC i) AD al))) AE))
ax y at au ar ac av t (aw (am ab l)) j ar (al aw w) j j h aj j j an z ak ad m f o j ag y m (A c z w (B C j av o) ae b D ao) ab E ae s ap F (G d am g H (a (ao aq t (ak (I J s r) (m ay (K ao L M ax at ae N ad aj O)) m l P ao m ab ay (Q r (am (p (R aa ac n S av h (e s ak) (T av aw (U n) V (W al aj aq aa ad X ae av aq) Y Z b AA) c AB) ak ay) k ac AC i) AD al))) AE))
av (x (m n n ac o aq)) ac av t (aw (am ab l)) j ar (al aw w) j j h aj j j an z ak ad m f o j ag y m (A c z w (B C j av o) ae b D ao) ab E ae s ap F (G d am g H (a (ao aq t (ak (I J s r) (m ay (K ao L M ax at ae N ad aj O)) m l P ao m ab ay (Q r (am (p (R aa ac n S av h (e s ak) (T av aw (U n) V (W al aj aq aa ad X ae av aq) Y Z b AA) c AB) ak ay) k ac AC i) AD al))) AE))
ah ah au al t a (aw (am ab l)) j ar (al aw w) j j h aj j j an z ak ad m f o j ag y m (A c z w (B C j av o) ae b D ao) ab E ae s ap F (G d am g H (a (ao aq t (ak (I J s r) (m ay (K ao L M ax at ae N ad aj O)) m l P ao m ab ay (Q r (am (p (R aa ac n S av h (e s ak) (T av aw (U n) V (W al aj aq aa ad X ae av aq) Y Z b AA) c AB) ak ay) k ac AC i) AD al))) AE))
f t i b h i n f ag (ab c r (au ai q) s) a (aw (am ab l)) j ar (al aw w) j j h aj j j an z ak ad m f o j ag y m (A c z w (B C j av o) ae b D ao) ab E ae s ap F (G d am g H (a (ao aq t (ak (I J s r) (m ay (K ao L M ax at ae N ad aj O)) m l P ao m ab ay (Q r (am (p (R aa ac n S av h (e s ak) (T av aw (U n) V (W al aj aq aa ad X ae av aq) Y Z b AA) c AB) ak ay) k ac AC i) AD al))) AE))
ao q (at am ak (al al o (ak l aa) y ah)) f ag (ab c r (au ai q) s) a (aw (am ab l)) j ar (al aw w) j j h aj j j an z ak ad m f o j ag y m (A c z w (B C j av o) ae b D ao) ab E ae s ap F (G d am g H (a (ao aq t (ak (I J s r) (m ay (K ao L M ax at ae N ad aj O)) m l P ao m ab ay (Q r (am (p (R aa ac n S av h (e s ak) (T av aw (U n) V (W al aj aq aa ad X ae av aq) Y Z b AA) c AB) ak ay) k ac AC i) AD al))) AE))
ay l f ag (ap ap (at r ap an e f)) a (aw (am ab l)) j ar (al aw w) j j h aj j j an z ak ad m f o j ag y m (A c z w (B C j av o) ae b D ao) ab E ae s ap F (G d am g H (a (ao aq t (ak (I J s r) (m ay (K ao L M ax at ae N ad aj O)) m l P ao m ab ay (Q r (am (p (R aa ac n S av h (e s ak) (T av aw (U n) V (W al aj aq aa ad X ae av aq) Y Z b AA) c AB) ak ay) k ac AC i) AD al))) AE))
e m ar (m av j u) n (n k o ak) (al aw w) j j h aj j j an z ak ad m f o j ag y m (A c z w (B C j av o) ae b D ao) ab E ae s ap F (G d am g H (a (ao aq t (ak (I J s r) (m ay (K ao L M ax at ae N ad aj O)) m l P ao m ab ay (Q r (am (p (R aa ac n S av h (e s ak) (T av aw (U n) V (W al aj aq aa ad X ae av aq) Y Z b AA) c AB) ak ay) k ac AC i) AD al))) AE))
s f (m av j u) m ae h aj j j an z ak ad m f o j ag y m (A c z w (B C j av o) ae b D ao) ab E ae s ap F (G d am g H (a (ao aq t (ak (I J s r) (m ay (K ao L M ax at ae N ad aj O)) m l P ao m ab ay (Q r (am (p (R aa ac n S av h (e s ak) (T av aw (U n) V (W al aj aq aa ad X ae av aq) Y Z b AA) c AB) ak ay) k ac AC i) AD al))) AE))
ac (c e ar an m w af aa f m) j an z ak ad m f o j ag y m (A c z w (B C j av o) ae b D ao) ab E ae s ap F (G d am g H (a (ao aq t (ak (I J s r) (m ay (K ao L M ax at ae N ad aj O)) m l P ao m ab ay (Q r (am (p (R aa ac n S av h (e s ak) (T av aw (U n) V (W al aj aq aa ad X ae av aq) Y Z b AA) c AB) ak ay) k ac AC i) AD al))) AE))
t aw (an (q (z m al z aa k ad ah))) f o j ag y m (A c z w (B C j av o) ae b D ao) ab E ae s ap F (G d am g H (a (ao aq t (ak (I J s r) (m ay (K ao L M ax at ae N ad aj O)) m l P ao m ab ay (Q r (am (p (R aa ac n S av h (e s ak) (T av aw (U n) V (W al aj aq aa ad X ae av aq) Y Z b AA) c AB) ak ay) k ac AC i) AD al))) AE))
y z j aw (o b c c u g z i) (aw ar) m (A c z w (B C j av o) ae b D ao) ab E ae s ap F (G d am g H (a (ao aq t (ak (I J s r) (m ay (K ao L M ax at ae N ad aj O)) m l P ao m ab ay (Q r (am (p (R aa ac n S av h (e s ak) (T av aw (U n) V (W al aj aq aa ad X ae av aq) Y Z b AA) c AB) ak ay) k ac AC i) AD al))) AE))
g aw (am (ax ax aq k q x)) v ab n al E ae s ap F (G d am g H (a (ao aq t (ak (I J s r) (m ay (K ao L M ax at ae N ad aj O)) m l P ao m ab ay (Q r (am (p (R aa ac n S av h (e s ak) (T av aw (U n) V (W al aj aq aa ad X ae av aq) Y Z b AA) c AB) ak ay) k ac AC i) AD al))) AE))
ac ai d (n d ak) (d ak t ao) (am (ax ax aq k q x)) ab n al E ae s ap F (G d am g H (a (ao aq t (ak (I J s r) (m ay (K ao L M ax at ae N ad aj O)) m l P ao m ab ay (Q r (am (p (R aa ac n S av h (e s ak) (T av aw (U n) V (W al aj aq aa ad X ae av aq) Y Z b AA) c AB) ak ay) k ac AC i) AD al))) AE))
t aw (an (q (d ak t ao m al (d ak t ao) aa k ad ah))) al E ae s ap F (G d am g H (a (ao aq t (ak (I J s r) (m ay (K ao L M ax at ae N ad aj O)) m l P ao m ab ay (Q r (am (p (R aa ac n S av h (e s ak) (T av aw (U n) V (W al aj aq aa ad X ae av aq) Y Z b AA) c AB) ak ay) k ac AC i) AD al))) AE))
ap z j aw (E b c c u g z i) (aw ar) F (G d am g H (a (ao aq t (ak (I J s r) (m ay (K ao L M ax at ae N ad aj O)) m l P ao m ab ay (Q r (am (p (R aa ac n S av h (e s ak) (T av aw (U n) V (W al aj aq aa ad X ae av aq) Y Z b AA) c AB) ak ay) k ac AC i) AD al))) AE))
ap z j aw (E b c c u g z i) (aw ar) F (G d am g H (a (ao aq t (an s z c (i aw am (ar al v aq d l d)) ay (Q r (am (p (R aa ac n S av h (e s ak) (T av aw (U n) V (W al aj aq aa ad X ae av aq) Y Z b AA) c AB) ak ay) k ac AC i) AD al))) AE))
ap z j aw (E b c c u g z i) (aw ar) F (G d am g H (a (ao aq t (aa k z c f ak v)) AE))
ap z j aw (E b c c u g z i) (aw ar) F (G d am g H (a (ao aq t (b m l ac p aq j m f o k ag y m z c f ak v)) AE))
ap z j aw (E b c c u g z i) (aw ar) F (G d am g H (a (ao aq t (q ar r (am ab l) j j h aj j j an z ak ad m f o k ag y m z c f ak v)) AE))
ap z j aw (E b c c u g z i) (aw ar) F (G d am g H (a (ao aq t (ax y at au ar ac av t (aw (am ab l)) j ar (al aw w) j j h aj j j an z ak ad m f o k ag y m z c f ak v)) AE))
ap z j aw (E b c c u g z i) (aw ar) F (G d am g H (a (ao aq t (av (x (m n n ac o aq)) ac av t (aw (am ab l)) j ar (al aw w) j j h aj j j an z ak ad m f o k ag y m z c f ak v)) AE))
ap z j aw (E b c c u g z i) (aw ar) F (G d am g H (a (ao aq t (ah ah au al t a (aw (am ab l)) j ar (al aw w) j j h aj j j an z ak ad m f o k ag y m z c f ak v)) AE))
ap z j aw (E b c c u g z i) (aw ar) F (G d am g H (a (ao aq t (f t i b h i n f ag (ab c r (au ai q) s) a (aw (am ab l)) j ar (al aw w) j j h aj j j an z ak ad m f o k ag y m z c f ak v)) AE))
ap z j aw (E b c c u g z i) (aw ar) F (G d am g H (a (ao aq t (ao q (at am ak (al al o (ak l aa) y ah)) f ag (ab c r (au ai q) s) a (aw (am ab l)) j ar (al aw w) j j h aj j j an z ak ad m f o k ag y m z c f ak v)) AE))
ap z j aw (E b c c u g z i) (aw ar) F (G d am g H (a (ao aq t (ay l f ag (ap ap (at r ap an e f)) a (aw (am ab l)) j ar (al aw w) j j h aj j j an z ak ad m f o k ag y m z c f ak v)) AE))
ap z j aw (E b c c u g z i) (aw ar) F (G d am g H (a (ao aq t (e m ar (m av j u) n (n k o ak) (al aw w) j j h aj j j an z ak ad m f o k ag y m z c f ak v)) AE))
ap z j aw (E b c c u g z i) (aw ar) F (G d am g H (a (ao aq t (s f (m av j u) m ae h aj j j an z ak ad m f o k ag y m z c f ak v)) AE))


