a ba bf bb bd az be bc ap aa af aq aw f
b bd ba az bb be bc aq (ap v) au
c az az l e az z (e h b) a au aj e
d bb ba az t bb bb o ai av (ab y) (ba r)
e be bd bc bg ba bb bf az ad s r j aw aa ad ae z ba a al l be ac av
f be ba bc bb bd az ar b aw ak s c aw ac t af t af an at
g be bf ba bc bb bd az bg t i (ao au e) (ae ar ay) a
h az bb ba ai az u m w w ac q v am n l
i az be bb bc ba bd l aw ag (ab y) e ac (be be aa ab p) p af
j bc bd be ba az bb x v bb i at av o az bb aa z
k bd az bb be bc ba ba be ai m i (m (al w (bb v bd x g r)))
l ba bd bc bb az be e y bd m bc aj v bb s (x t bd) z ah p ah
m bf be bb bc ba bd az h (aj aw k ao) (t c d an) ao (x ax)
n az ba bb y ai ah ad aj o an q az az bb x m at ay ak
o az ba bc bb v ab f l p at ba b ap v w (t aj au)
p bb bc be az ba bd bf at l s al m ah (bf aq ay ab av aj ap ak)
q bb ba az ae p w
r ba bf az bb bc bd be be bf b t am bd bd be ay am x ay (o be) ag
s ba az z ax al b (v z au aa p)
t az ba bc bb az ak ar l (u bb ai) y ac bc (j at) az ba
u bb ba bd az bc ad az e n ag (e (e ag) ac bb x)
v bf bg bb ba bc be bd az t ae u bf
w bc be ba bb az bd bf q ay y n g
x az bf bd be bc ba bb g al (y (ac (al aw au bc bc ap) ab bd w ax f))
y az bb bd be bf ba bc ah f c aq v ab az ai h p aa au bc z av
z bd ba bc bb be bf az aa f t aw bd aq at v au
aa bb bd bc bf ba az be ad ba bc b i
ab bb bc bf ba bd bg az be af be k ay ax ap a
ac az bc bb ba bd bg be bf m (c ab j aq (at ax)) ak j
ad az bb ba bb av (o (aq b) z) t (r o) aj
ae bb bd ba bf be az bc a ap (ak u e z h ak) u a
af bb ba az f p v m r av (z bb (bb ay) ab)
ag ba az bb bc ai av aw av an (aw b ae)
ah bb bc az bd ba be r t ak n g r bb af
ai bb bc az ba bd l s ba aj ae c d an y af am aj ay t
aj bf be az ba bb bc bd y (bb (am ba av r at ak ba bb))
ak az bc ba bb bd bf be o w e bf d (b d bf p ba) ab z be
al az ba bb bc v y ak v av j ai au b (l ar aq)
am bb az ba i ah ai s aj ba ba (l d (m aa aa ag))
an az bd bb bc be ba bc au s at (bb bc az) g bd au am b f p n
ao az ba bd be bc bb bf ah (at aj (be z ac (av az (ac bb) aw) bf bf) ap d)
ap bc az bb be bd ba l ae bc k h (ay a aq an (aj am ar))
aq bd be ba bb bf az bc j y (p z av aj) bc ao az bc ba ah
ar ba az j (c ap ba e) ap i d az f (aa (w au an q k))
at g am s ap ap
au bb ba az bc aw (ai n l az (az ar ba w at av bb) ao p)
av ba az bd bc bb ax i bb z aj at bc (d ai) n j (w (ax ac v i))
aw ba bc az bb av g bb y ay ab t (ad w s an x)
ax bd bb bc ba az be be v av (av aj c) au ag c
ay be bc bd bf az bb ba aj e (ao aw (f b ba))
main t ab b b (A B C af) a (D E F G H p ax (I J m aw m l)) K ak ai L p M ay (ae (y r at l N c aw r (ay ae b O b) s (ai P u e) aj c (Q R b u ao r ak l ae) at aj (S T ax l ad U (V an ao e W (w av r am at n z ac aa) h (X Y ae Z h (h (AA g AB ah ad ao AC AD) AE ai AF g))))))
------------------------------------------------------------
t ab b b (A B C af) a (D E F G H p ax (I J m aw m l)) K ak ai L p M ay (ae (y r at l N c aw r (ay ae b O b) s (ai P u e) aj c (Q R b u ao r ak l ae) at aj (S T ax l ad U (V an ao e W (w av r am at n z ac aa) h (X Y ae Z h (h (AA g AB ah ad ao AC AD) AE ai AF g))))))
ab ak ar l (u (A B C af) ai) y ac b (j at) ab b a (D E F G H p ax (I J m aw m l)) K ak ai L p M ay (ae (y r at l N c aw r (ay ae b O b) s (ai P u e) aj c (Q R b u ao r ak l ae) at aj (S T ax l ad U (V an ao e W (w av r am at n z ac aa) h (X Y ae Z h (h (AA g AB ah ad ao AC AD) AE ai AF g))))))
af (j at) k ay ax ap a ab b a (D E F G H p ax (I J m aw m l)) K ak ai L p M ay (ae (y r at l N c aw r (ay ae b O b) s (ai P u e) aj c (Q R b u ao r ak l ae) at aj (S T ax l ad U (V an ao e W (w av r am at n z ac aa) h (X Y ae Z h (h (AA g AB ah ad ao AC AD) AE ai AF g))))))
f p v m r av (z (j at) (j at ay) ab) ax ap a ab b a (D E F G H p ax (I J m aw m l)) K ak ai L p M ay (ae (y r at l N c aw r (ay ae b O b) s (ai P u e) aj c (Q R b u ao r ak l ae) at aj (S T ax l ad U (V an ao e W (w av r am at n z ac aa) h (X Y ae Z h (h (AA g AB ah ad ao AC AD) AE ai AF g))))))
ar b aw ak s c aw ac t af t af an at ax ap a ab b a (D E F G H p ax (I J m aw m l)) K ak ai L p M ay (ae (y r at l N c aw r (ay ae b O b) s (ai P u e) aj c (Q R b u ao r ak l ae) at aj (S T ax l ad U (V an ao e W (w av r am at n z ac aa) h (X Y ae Z h (h (AA g AB ah ad ao AC AD) AE ai AF g))))))
j (c ap b e) ap i d aw f (aa (w au an q k)) ak s c aw ac t af t af an at ax ap a ab b a (D E F G H p ax (I J m aw m l)) K ak ai L p M ay (ae (y r at l N c aw r (ay ae b O b) s (ai P u e) aj c (Q R b u ao r ak l ae) at aj (S T ax l ad U (V an ao e W (w av r am at n z ac aa) h (X Y ae Z h (h (AA g AB ah ad ao AC AD) AE ai AF g))))))
x v f i at av o aw f aa z (aa (w au an q k)) ak s c aw ac t af t af an at ax ap a ab b a (D E F G H p ax (I J m aw m l)) K ak ai L p M ay (ae (y r at l N c aw r (ay ae b O b) s (ai P u e) aj c (Q R b u ao r ak l ae) at aj (S T ax l ad U (V an ao e W (w av r am at n z ac aa) h (X Y ae Z h (h (AA g AB ah ad ao AC AD) AE ai AF g))))))
g al (y (ac (al aw au av av ap) ab i w ax f)) f aa z (aa (w au an q k)) ak s c aw ac t af t af an at ax ap a ab b a (D E F G H p ax (I J m aw m l)) K ak ai L p M ay (ae (y r at l N c aw r (ay ae b O b) s (ai P u e) aj c (Q R b u ao r ak l ae) at aj (S T ax l ad U (V an ao e W (w av r am at n z ac aa) h (X Y ae Z h (h (AA g AB ah ad ao AC AD) AE ai AF g))))))
t i (ao au e) (ae ar ay) a c aw ac t af t af an at ax ap a ab b a (D E F G H p ax (I J m aw m l)) K ak ai L p M ay (ae (y r at l N c aw r (ay ae b O b) s (ai P u e) aj c (Q R b u ao r ak l ae) at aj (S T ax l ad U (V an ao e W (w av r am at n z ac aa) h (X Y ae Z h (h (AA g AB ah ad ao AC AD) AE ai AF g))))))
i ak ar l (u a ai) y ac (ae ar ay) (j at) i (ao au e) c aw ac t af t af an at ax ap a ab b a (D E F G H p ax (I J m aw m l)) K ak ai L p M ay (ae (y r at l N c aw r (ay ae b O b) s (ai P u e) aj c (Q R b u ao r ak l ae) at aj (S T ax l ad U (V an ao e W (w av r am at n z ac aa) h (X Y ae Z h (h (AA g AB ah ad ao AC AD) AE ai AF g))))))
l aw ag (ab y) e ac (ar ar aa ab p) p af (ae ar ay) (j at) i (ao au e) c aw ac t af t af an at ax ap a ab b a (D E F G H p ax (I J m aw m l)) K ak ai L p M ay (ae (y r at l N c aw r (ay ae b O b) s (ai P u e) aj c (Q R b u ao r ak l ae) at aj (S T ax l ad U (V an ao e W (w av r am at n z ac aa) h (X Y ae Z h (h (AA g AB ah ad ao AC AD) AE ai AF g))))))
e y ag m (ab y) aj v e s (x t ag) z ah p ah p af (ae ar ay) (j at) i (ao au e) c aw ac t af t af an at ax ap a ab b a (D E F G H p ax (I J m aw m l)) K ak ai L p M ay (ae (y r at l N c aw r (ay ae b O b) s (ai P u e) aj c (Q R b u ao r ak l ae) at aj (S T ax l ad U (V an ao e W (w av r am at n z ac aa) h (X Y ae Z h (h (AA g AB ah ad ao AC AD) AE ai AF g))))))
ad s r j aw aa ad ae z aj a al l y ac av (x t ag) z ah p ah p af (ae ar ay) (j at) i (ao au e) c aw ac t af t af an at ax ap a ab b a (D E F G H p ax (I J m aw m l)) K ak ai L p M ay (ae (y r at l N c aw r (ay ae b O b) s (ai P u e) aj c (Q R b u ao r ak l ae) at aj (S T ax l ad U (V an ao e W (w av r am at n z ac aa) h (X Y ae Z h (h (AA g AB ah ad ao AC AD) AE ai AF g))))))
r av (o (aq b) z) t (r o) aj aw aa ad ae z aj a al l y ac av (x t ag) z ah p ah p af (ae ar ay) (j at) i (ao au e) c aw ac t af t af an at ax ap a ab b a (D E F G H p ax (I J m aw m l)) K ak ai L p M ay (ae (y r at l N c aw r (ay ae b O b) s (ai P u e) aj c (Q R b u ao r ak l ae) at aj (S T ax l ad U (V an ao e W (w av r am at n z ac aa) h (X Y ae Z h (h (AA g AB ah ad ao AC AD) AE ai AF g))))))
aa (o (aq b) z) b t am aw aw aa ay am x ay (o aa) ag ad ae z aj a al l y ac av (x t ag) z ah p ah p af (ae ar ay) (j at) i (ao au e) c aw ac t af t af an at ax ap a ab b a (D E F G H p ax (I J m aw m l)) K ak ai L p M ay (ae (y r at l N c aw r (ay ae b O b) s (ai P u e) aj c (Q R b u ao r ak l ae) at aj (S T ax l ad U (V an ao e W (w av r am at n z ac aa) h (X Y ae Z h (h (AA g AB ah ad ao AC AD) AE ai AF g))))))
ad aw t b i ay am x ay (o aa) ag ad ae z aj a al l y ac av (x t ag) z ah p ah p af (ae ar ay) (j at) i (ao au e) c aw ac t af t af an at ax ap a ab b a (D E F G H p ax (I J m aw m l)) K ak ai L p M ay (ae (y r at l N c aw r (ay ae b O b) s (ai P u e) aj c (Q R b u ao r ak l ae) at aj (S T ax l ad U (V an ao e W (w av r am at n z ac aa) h (X Y ae Z h (h (AA g AB ah ad ao AC AD) AE ai AF g))))))
t av (o (aq b) z) t (r o) aj i ay am x ay (o aa) ag ad ae z aj a al l y ac av (x t ag) z ah p ah p af (ae ar ay) (j at) i (ao au e) c aw ac t af t af an at ax ap a ab b a (D E F G H p ax (I J m aw m l)) K ak ai L p M ay (ae (y r at l N c aw r (ay ae b O b) s (ai P u e) aj c (Q R b u ao r ak l ae) at aj (S T ax l ad U (V an ao e W (w av r am at n z ac aa) h (X Y ae Z h (h (AA g AB ah ad ao AC AD) AE ai AF g))))))
av ak ar l (u (r o) ai) y ac t (j at) av (o (aq b) z) aj i ay am x ay (o aa) ag ad ae z aj a al l y ac av (x t ag) z ah p ah p af (ae ar ay) (j at) i (ao au e) c aw ac t af t af an at ax ap a ab b a (D E F G H p ax (I J m aw m l)) K ak ai L p M ay (ae (y r at l N c aw r (ay ae b O b) s (ai P u e) aj c (Q R b u ao r ak l ae) at aj (S T ax l ad U (V an ao e W (w av r am at n z ac aa) h (X Y ae Z h (h (AA g AB ah ad ao AC AD) AE ai AF g))))))
ax i y z aj at (u (r o) ai) (d ai) n j (w (ax ac v i)) ac t (j at) av (o (aq b) z) aj i ay am x ay (o aa) ag ad ae z aj a al l y ac av (x t ag) z ah p ah p af (ae ar ay) (j at) i (ao au e) c aw ac t af t af an at ax ap a ab b a (D E F G H p ax (I J m aw m l)) K ak ai L p M ay (ae (y r at l N c aw r (ay ae b O b) s (ai P u e) aj c (Q R b u ao r ak l ae) at aj (S T ax l ad U (V an ao e W (w av r am at n z ac aa) h (X Y ae Z h (h (AA g AB ah ad ao AC AD) AE ai AF g))))))
u (r o) ai v av (av aj c) au ag c (d ai) n j (w (ax ac v i)) ac t (j at) av (o (aq b) z) aj i ay am x ay (o aa) ag ad ae z aj a al l y ac av (x t ag) z ah p ah p af (ae ar ay) (j at) i (ao au e) c aw ac t af t af an at ax ap a ab b a (D E F G H p ax (I J m aw m l)) K ak ai L p M ay (ae (y r at l N c aw r (ay ae b O b) s (ai P u e) aj c (Q R b u ao r ak l ae) at aj (S T ax l ad U (V an ao e W (w av r am at n z ac aa) h (X Y ae Z h (h (AA g AB ah ad ao AC AD) AE ai AF g))))))
ad av e n ag (e (e ag) ac (r o) x) au ag c (d ai) n j (w (ax ac v i)) ac t (j at) av (o (aq b) z) aj i ay am x ay (o aa) ag ad ae z aj a al l y ac av (x t ag) z ah p ah p af (ae ar ay) (j at) i (ao au e) c aw ac t af t af an at ax ap a ab b a (D E F G H p ax (I J m aw m l)) K ak ai L p M ay (ae (y r at l N c aw r (ay ae b O b) s (ai P u e) aj c (Q R b u ao r ak l ae) at aj (S T ax l ad U (V an ao e W (w av r am at n z ac aa) h (X Y ae Z h (h (AA g AB ah ad ao AC AD) AE ai AF g))))))
e av (o (aq b) z) t (r o) aj ag (e (e ag) ac (r o) x) au ag c (d ai) n j (w (ax ac v i)) ac t (j at) av (o (aq b) z) aj i ay am x ay (o aa) ag ad ae z aj a al l y ac av (x t ag) z ah p ah p af (ae ar ay) (j at) i (ao au e) c aw ac t af t af an at ax ap a ab b a (D E F G H p ax (I J m aw m l)) K ak ai L p M ay (ae (y r at l N c aw r (ay ae b O b) s (ai P u e) aj c (Q R b u ao r ak l ae) at aj (S T ax l ad U (V an ao e W (w av r am at n z ac aa) h (X Y ae Z h (h (AA g AB ah ad ao AC AD) AE ai AF g))))))
ad s r j aw aa ad ae z aj a al l av ac av ag c (d ai) n j (w (ax ac v i)) ac t (j at) av (o (aq b) z) aj i ay am x ay (o aa) ag ad ae z aj a al l y ac av (x t ag) z ah p ah p af (ae ar ay) (j at) i (ao au e) c aw ac t af t af an at ax ap a ab b a (D E F G H p ax (I J m aw m l)) K ak ai L p M ay (ae (y r at l N c aw r (ay ae b O b) s (ai P u e) aj c (Q R b u ao r ak l ae) at aj (S T ax l ad U (V an ao e W (w av r am at n z ac aa) h (X Y ae Z h (h (AA g AB ah ad ao AC AD) AE ai AF g))))))
r av (o (aq b) z) t (r o) aj aw aa ad ae z aj a al l av ac av ag c (d ai) n j (w (ax ac v i)) ac t (j at) av (o (aq b) z) aj i ay am x ay (o aa) ag ad ae z aj a al l y ac av (x t ag) z ah p ah p af (ae ar ay) (j at) i (ao au e) c aw ac t af t af an at ax ap a ab b a (D E F G H p ax (I J m aw m l)) K ak ai L p M ay (ae (y r at l N c aw r (ay ae b O b) s (ai P u e) aj c (Q R b u ao r ak l ae) at aj (S T ax l ad U (V an ao e W (w av r am at n z ac aa) h (X Y ae Z h (h (AA g AB ah ad ao AC AD) AE ai AF g))))))
aa (o (aq b) z) b t am aw aw aa ay am x ay (o aa) ag ad ae z aj a al l av ac av ag c (d ai) n j (w (ax ac v i)) ac t (j at) av (o (aq b) z) aj i ay am x ay (o aa) ag ad ae z aj a al l y ac av (x t ag) z ah p ah p af (ae ar ay) (j at) i (ao au e) c aw ac t af t af an at ax ap a ab b a (D E F G H p ax (I J m aw m l)) K ak ai L p M ay (ae (y r at l N c aw r (ay ae b O b) s (ai P u e) aj c (Q R b u ao r ak l ae) at aj (S T ax l ad U (V an ao e W (w av r am at n z ac aa) h (X Y ae Z h (h (AA g AB ah ad ao AC AD) AE ai AF g))))))
ad aw t b i ay am x ay (o aa) ag ad ae z aj a al l av ac av ag c (d ai) n j (w (ax ac v i)) ac t (j at) av (o (aq b) z) aj i ay am x ay (o aa) ag ad ae z aj a al l y ac av (x t ag) z ah p ah p af (ae ar ay) (j at) i (ao au e) c aw ac t af t af an at ax ap a ab b a (D E F G H p ax (I J m aw m l)) K ak ai L p M ay (ae (y r at l N c aw r (ay ae b O b) s (ai P u e) aj c (Q R b u ao r ak l ae) at aj (S T ax l ad U (V an ao e W (w av r am at n z ac aa) h (X Y ae Z h (h (AA g AB ah ad ao AC AD) AE ai AF g))))))
t av (o (aq b) z) t (r o) aj i ay am x ay (o aa) ag ad ae z aj a al l av ac av ag c (d ai) n j (w (ax ac v i)) ac t (j at) av (o (aq b) z) aj i ay am x ay (o aa) ag ad ae z aj a al l y ac av (x t ag) z ah p ah p af (ae ar ay) (j at) i (ao au e) c aw ac t af t af an at ax ap a ab b a (D E F G H p ax (I J m aw m l)) K ak ai L p M ay (ae (y r at l N c aw r (ay ae b O b) s (ai P u e) aj c (Q R b u ao r ak l ae) at aj (S T ax l ad U (V an ao e W (w av r am at n z ac aa) h (X Y ae Z h (h (AA g AB ah ad ao AC AD) AE ai AF g))))))
av ak ar l (u (r o) ai) y ac t (j at) av (o (aq b) z) aj i ay am x ay (o aa) ag ad ae z aj a al l av ac av ag c (d ai) n j (w (ax ac v i)) ac t (j at) av (o (aq b) z) aj i ay am x ay (o aa) ag ad ae z aj a al l y ac av (x t ag) z ah p ah p af (ae ar ay) (j at) i (ao au e) c aw ac t af t af an at ax ap a ab b a (D E F G H p ax (I J m aw m l)) K ak ai L p M ay (ae (y r at l N c aw r (ay ae b O b) s (ai P u e) aj c (Q R b u ao r ak l ae) at aj (S T ax l ad U (V an ao e W (w av r am at n z ac aa) h (X Y ae Z h (h (AA g AB ah ad ao AC AD) AE ai AF g))))))
ax i y z aj at (u (r o) ai) (d ai) n j (w (ax ac v i)) ac t (j at) av (o (aq b) z) aj i ay am x ay (o aa) ag ad ae z aj a al l av ac av ag c (d ai) n j (w (ax ac v i)) ac t (j at) av (o (aq b) z) aj i ay am x ay (o aa) ag ad ae z aj a al l y ac av (x t ag) z ah p ah p af (ae ar ay) (j at) i (ao au e) c aw ac t af t af an at ax ap a ab b a (D E F G H p ax (I J m aw m l)) K ak ai L p M ay (ae (y r at l N c aw r (ay ae b O b) s (ai P u e) aj c (Q R b u ao r ak l ae) at aj (S T ax l ad U (V an ao e W (w av r am at n z ac aa) h (X Y ae Z h (h (AA g AB ah ad ao AC AD) AE ai AF g))))))
u (r o) ai v av (av aj c) au ag c (d ai) n j (w (ax ac v i)) ac t (j at) av (o (aq b) z) aj i ay am x ay (o aa) ag ad ae z aj a al l av ac av ag c (d ai) n j (w (ax ac v i)) ac t (j at) av (o (aq b) z) aj i ay am x ay (o aa) ag ad ae z aj a al l y ac av (x t ag) z ah p ah p af (ae ar ay) (j at) i (ao au e) c aw ac t af t af an at ax ap a ab b a (D E F G H p ax (I J m aw m l)) K ak ai L p M ay (ae (y r at l N c aw r (ay ae b O b) s (ai P u e) aj c (Q R b u ao r ak l ae) at aj (S T ax l ad U (V an ao e W (w av r am at n z ac aa) h (X Y ae Z h (h (AA g AB ah ad ao AC AD) AE ai AF g))))))


