a ae c k
b ae h j ab t v x l ae ae
c af ae ag ae
d ae e g i (c (s aa)) (ab o p z)
e ag af ae aa
f af ae c z l p h o
g ae p c (ad y (n e v))
h ag af aj ai ae ah af (p g aj)
i af ah ae ag z q
j i
k ae af ag aj ai ah e o u y ab r t s
l ae s ae c
m ae u c q (ae (aa ad e o) aa)
n ae l d (ae f d)
o af ae ag k e
p ag af ae t q (n n ag)
q af ae w k af aa ab
r ae af ag x q h h ae y
s ai af ah ag aj ae x k c
t ai ag ae aj ah af i q h
u ae l h o
v ah af ae ag u ah x ad q u g (b ac ac)
w ag ah ae af ai aj a ai (af c y ae af x)
x af ae q g f j p d ab s g
y af ag ai ah aj ae aj (ag aj) h ad (u n)
z ae ae h (p h)
aa ah ae ag ai af u
ab ai ah ae af ag q
ac w i aa y y (ad l ab)
ad af ae ag q j j (ab (b p ab))
main b z A (B (b p) y C D s) h q ab b (E (h f (a (F g u) x (G (H w v I k) ac ab J K (L M p (z k)) N (O x P l g aa (d y Q (ad (d l h) (R S a T o p U)) o V))) j (aa i (W X v r) aa (Y Z g (d (u (s x (s x n h) (j e ab h) s ad AA b (ad x l n j t ad) y)) aa y) b j AB)))))
------------------------------------------------------------
b z A (B (b p) y C D s) h q ab b (E (h f (a (F g u) x (G (H w v I k) ac ab J K (L M p (z k)) N (O x P l g aa (d y Q (ad (d l h) (R S a T o p U)) o V))) j (aa i (W X v r) aa (Y Z g (d (u (s x (s x n h) (j e ab h) s ad AA b (ad x l n j t ad) y)) aa y) b j AB)))))
h j ab t v x l z z A (B (b p) y C D s) h q ab b (E (h f (a (F g u) x (G (H w v I k) ac ab J K (L M p (z k)) N (O x P l g aa (d y Q (ad (d l h) (R S a T o p U)) o V))) j (aa i (W X v r) aa (Y Z g (d (u (s x (s x n h) (j e ab h) s ad AA b (ad x l n j t ad) y)) aa y) b j AB)))))
ab (p g t) z z A (B (b p) y C D s) h q ab b (E (h f (a (F g u) x (G (H w v I k) ac ab J K (L M p (z k)) N (O x P l g aa (d y Q (ad (d l h) (R S a T o p U)) o V))) j (aa i (W X v r) aa (Y Z g (d (u (s x (s x n h) (j e ab h) s ad AA b (ad x l n j t ad) y)) aa y) b j AB)))))
q h q ab b (E (h f (a (F g u) x (G (H w v I k) ac ab J K (L M p (z k)) N (O x P l g aa (d y Q (ad (d l h) (R S a T o p U)) o V))) j (aa i (W X v r) aa (Y Z g (d (u (s x (s x n h) (j e ab h) s ad AA b (ad x l n j t ad) y)) aa y) b j AB)))))
w k h aa ab ab b (E (h f (a (F g u) x (G (H w v I k) ac ab J K (L M p (z k)) N (O x P l g aa (d y Q (ad (d l h) (R S a T o p U)) o V))) j (aa i (W X v r) aa (Y Z g (d (u (s x (s x n h) (j e ab h) s ad AA b (ad x l n j t ad) y)) aa y) b j AB)))))
a ab (ab c y aa ab x) (E (h f (a (F g u) x (G (H w v I k) ac ab J K (L M p (z k)) N (O x P l g aa (d y Q (ad (d l h) (R S a T o p U)) o V))) j (aa i (W X v r) aa (Y Z g (d (u (s x (s x n h) (j e ab h) s ad AA b (ad x l n j t ad) y)) aa y) b j AB)))))
c k (ab c y aa ab x) (E (h f (a (F g u) x (G (H w v I k) ac ab J K (L M p (z k)) N (O x P l g aa (d y Q (ad (d l h) (R S a T o p U)) o V))) j (aa i (W X v r) aa (Y Z g (d (u (s x (s x n h) (j e ab h) s ad AA b (ad x l n j t ad) y)) aa y) b j AB)))))
ab c y aa ab x
q


