a bb bd ba az bc ab az (aq (ba ac q ac bc (ay c) (k n am) b) ak)
b az ba ae h t w z i ap av z (a ah al ap (aj j v))
c bb bc ba az be bd bf bg z (t (al af at (x k ac aa ap bc h ak) ao)) k
d az ba bb bc ab u (ad ay aq) af (af v bb ad o ao n)
e az ba bd bb bc aq c af ai (ad (bb am k) ah ba q au)
f bb bd az bc be ba be (ae k) (h o q) (an an)
g bb be bd ba az bc r ab bd ap ar n o s (aj bd au d an)
h bb bc bf az be bd ba bg g (ax ae l bc ak (az e e)) ar aj (l (ae j ay))
i ba bc az bf be bd bb e ae (bf at (c b)) c b (g x aw ad aa)
j bc az ba bb bd a h o (bc w w) (c ba) k az at ab ap
k bc bd bb az be ba c ab ar ai x an e c v (h g j aw ae) e
l az bb ba bc bf be bd av b (bf v ay ac ao bb ax af) ag e aa v
m az bb bf bd bg bc be ba ad f g y at d ad aq ba av (i a)
n ba az ar y p az r ar az v az d e ak y b
o az l af s an az e i ah aj ai
p ba bg be bf bd az bc bb ab ba ak (bb (r aw) n) aa z aj m az c r b
q ba bc bd bf bb be az aa l z bc z x (am ay at t h (r bb ag) ab)
r bd be bf bc ba az bb bb z a s an al f p ab
s be bb az bd ba bc x n ac q j bc al a aq
t az ba bc bb ab e w ay q ak ay a ad az aj d ab z ab i
u bd bc be ba bb az b p ao ao q ad p p ax (be t (i f ag r))
v ba az ag z d y u aj s (c au d ay a ax)
w az ba az aw v j (e e j at z) b af
x bd bb ba az bf bc be av bf f c o ao ba ab ag (m q ak bc ay p t)
y az ba ao q (n m v w m)
z r ak am (d ab i q ai at af) t
aa bf be ba az bb bc bd ac g v (az y (aj z v y (bb (bf at)) p)) (r ax)
ab bc ba bb az az aj ar (ak ae) bb (b o (h f u u))
ac az ba ap ba q q b (l av)
ad be ba bd bc bf az bb am ar be c s (aq (ag aj p ax n p at))
ae bd ba az bb bc ao az a l ad aa ad ab ay y b ao y o ad
af bb bd ba bc az w u l u ao (bc r f (x bb t) p b az) ac
ag az ac u ap (aw r aq ai (aj f az q ae c w) ae)
ah bb bg bf az ba bc bd be e g x z aj aa aw x (ap (az i x (ai z w ar)))
ai bd be az bb bc ba ad aq ao (an y al m bd n am u) bc ax i az m
aj bc bf be bd az bg bb ba af (z (ay (af f) bf l ac)) e t (aw ai bb ao) z
ak be ba bb bd bc az bf au f v aq bb (x f n s aa bc av)
al az y d a q aw az f az a t p ax v z l ar
am az bb bc bd ba aj c ax ac d al ag (g w) (k ad ao av f bd) ar
an az ax ax ad v w (av av aa az)
ao ba az am ak g (ba y) (c (ah ba) ba aq) (d ak x t ba al)
ap bb ba bd be az bc an ak g o t ac bc an av x (i bc t)
aq bb bd be ba bc az ay az av aa (bc aa (ay q) a ah (ae m bd af ba))
ar ba be az bb bc bd e o bc u ax p aj x h (d ab q ap ab)
at ba be az bb bg bc bd bf l p x ac (e d v) a al af
au bc bf ba bd be bb az ay aa h x ao l (ap an aq) u bf d e n
av ba bc az bb bd t a (ay at aj) s z i bb
aw az bb be bc bd ba ad o u aa x w p
ax bd ba be az bf bc bb bg z q aw j ac ae
ay az ba bb bd bc bf be am a g aq ap
main p A u (ad (B i C n ay D n w) b w E i f h e (ay av) j ap q (F G (H ax) I aa x (J ac) i (K aw) t (L y x (q M c d t) l d (N ac) j O ai p u) d t (P ar) af)) r Q (v aq av ao (R am v h f (aj aw (S y x (T (i ai at m (aj a ab)) ao U) aq af (p ai au) l (V j r)))) ap j aj w ac W)
------------------------------------------------------------
p A u (ad (B i C n ay D n w) b w E i f h e (ay av) j ap q (F G (H ax) I aa x (J ac) i (K aw) t (L y x (q M c d t) l d (N ac) j O ai p u) d t (P ar) af)) r Q (v aq av ao (R am v h f (aj aw (S y x (T (i ai at m (aj a ab)) ao U) aq af (p ai au) l (V j r)))) ap j aj w ac W)
p A u (am ar (B i C n ay D n w) c s (aq (ag aj p ax n p at)) e (ay av) j ap q (F G (H ax) I aa x (J ac) i (K aw) t (L y x (q M c d t) l d (N ac) j O ai p u) d t (P ar) af)) r Q (v aq av ao (R am v h f (aj aw (S y x (T (i ai at m (aj a ab)) ao U) aq af (p ai au) l (V j r)))) ap j aj w ac W)
p A u (aj c ax ac d al ag (g w) (k ad ao av f s) ar e (ay av) j ap q (F G (H ax) I aa x (J ac) i (K aw) t (L y x (q M c d t) l d (N ac) j O ai p u) d t (P ar) af)) r Q (v aq av ao (R am v h f (aj aw (S y x (T (i ai at m (aj a ab)) ao U) aq af (p ai au) l (V j r)))) ap j aj w ac W)
p A u (af (z (ay (af f) ax l ac)) e t (aw ai (g w) ao) z ar e (ay av) j ap q (F G (H ax) I aa x (J ac) i (K aw) t (L y x (q M c d t) l d (N ac) j O ai p u) d t (P ar) af)) r Q (v aq av ao (R am v h f (aj aw (S y x (T (i ai at m (aj a ab)) ao U) aq af (p ai au) l (V j r)))) ap j aj w ac W)
p A u (w u l u ao (aw ai (g w) ao r f (x (z (ay (af f) ax l ac)) t) p b z) ac ar e (ay av) j ap q (F G (H ax) I aa x (J ac) i (K aw) t (L y x (q M c d t) l d (N ac) j O ai p u) d t (P ar) af)) r Q (v aq av ao (R am v h f (aj aw (S y x (T (i ai at m (aj a ab)) ao U) aq af (p ai au) l (V j r)))) ap j aj w ac W)
p A u (u aw v j (e e j at z) b af u ao (aw ai (g w) ao r f (x (z (ay (af f) ax l ac)) t) p b z) ac ar e (ay av) j ap q (F G (H ax) I aa x (J ac) i (K aw) t (L y x (q M c d t) l d (N ac) j O ai p u) d t (P ar) af)) r Q (v aq av ao (R am v h f (aj aw (S y x (T (i ai at m (aj a ab)) ao U) aq af (p ai au) l (V j r)))) ap j aj w ac W)
p A u (b p ao ao q ad p p ax (j t (i f ag r)) u ao (aw ai (g w) ao r f (x (z (ay (af f) ax l ac)) t) p b z) ac ar e (ay av) j ap q (F G (H ax) I aa x (J ac) i (K aw) t (L y x (q M c d t) l d (N ac) j O ai p u) d t (P ar) af)) r Q (v aq av ao (R am v h f (aj aw (S y x (T (i ai at m (aj a ab)) ao U) aq af (p ai au) l (V j r)))) ap j aj w ac W)
p A u (ae h t w z i ap av z (a ah al ap (aj j v)) ao q ad p p ax (j t (i f ag r)) u ao (aw ai (g w) ao r f (x (z (ay (af f) ax l ac)) t) p b z) ac ar e (ay av) j ap q (F G (H ax) I aa x (J ac) i (K aw) t (L y x (q M c d t) l d (N ac) j O ai p u) d t (P ar) af)) r Q (v aq av ao (R am v h f (aj aw (S y x (T (i ai at m (aj a ab)) ao U) aq af (p ai au) l (V j r)))) ap j aj w ac W)
p A u (ao w a l ad aa ad ab ay y b ao y o ad ap av z (a ah al ap (aj j v)) ao q ad p p ax (j t (i f ag r)) u ao (aw ai (g w) ao r f (x (z (ay (af f) ax l ac)) t) p b z) ac ar e (ay av) j ap q (F G (H ax) I aa x (J ac) i (K aw) t (L y x (q M c d t) l d (N ac) j O ai p u) d t (P ar) af)) r Q (v aq av ao (R am v h f (aj aw (S y x (T (i ai at m (aj a ab)) ao U) aq af (p ai au) l (V j r)))) ap j aj w ac W)
p A u (am ak g (w y) (c (ah w) w aq) (d ak x t w al) l ad aa ad ab ay y b ao y o ad ap av z (a ah al ap (aj j v)) ao q ad p p ax (j t (i f ag r)) u ao (aw ai (g w) ao r f (x (z (ay (af f) ax l ac)) t) p b z) ac ar e (ay av) j ap q (F G (H ax) I aa x (J ac) i (K aw) t (L y x (q M c d t) l d (N ac) j O ai p u) d t (P ar) af)) r Q (v aq av ao (R am v h f (aj aw (S y x (T (i ai at m (aj a ab)) ao U) aq af (p ai au) l (V j r)))) ap j aj w ac W)
p A u (aj c ax ac d al ag (g w) (k ad ao av f (c (ah w) w aq)) ar l ad aa ad ab ay y b ao y o ad ap av z (a ah al ap (aj j v)) ao q ad p p ax (j t (i f ag r)) u ao (aw ai (g w) ao r f (x (z (ay (af f) ax l ac)) t) p b z) ac ar e (ay av) j ap q (F G (H ax) I aa x (J ac) i (K aw) t (L y x (q M c d t) l d (N ac) j O ai p u) d t (P ar) af)) r Q (v aq av ao (R am v h f (aj aw (S y x (T (i ai at m (aj a ab)) ao U) aq af (p ai au) l (V j r)))) ap j aj w ac W)
p A u (af (z (ay (af f) ax l ac)) e t (aw ai (g w) ao) z ar l ad aa ad ab ay y b ao y o ad ap av z (a ah al ap (aj j v)) ao q ad p p ax (j t (i f ag r)) u ao (aw ai (g w) ao r f (x (z (ay (af f) ax l ac)) t) p b z) ac ar e (ay av) j ap q (F G (H ax) I aa x (J ac) i (K aw) t (L y x (q M c d t) l d (N ac) j O ai p u) d t (P ar) af)) r Q (v aq av ao (R am v h f (aj aw (S y x (T (i ai at m (aj a ab)) ao U) aq af (p ai au) l (V j r)))) ap j aj w ac W)
p A u (w u l u ao (aw ai (g w) ao r f (x (z (ay (af f) ax l ac)) t) p b z) ac ar l ad aa ad ab ay y b ao y o ad ap av z (a ah al ap (aj j v)) ao q ad p p ax (j t (i f ag r)) u ao (aw ai (g w) ao r f (x (z (ay (af f) ax l ac)) t) p b z) ac ar e (ay av) j ap q (F G (H ax) I aa x (J ac) i (K aw) t (L y x (q M c d t) l d (N ac) j O ai p u) d t (P ar) af)) r Q (v aq av ao (R am v h f (aj aw (S y x (T (i ai at m (aj a ab)) ao U) aq af (p ai au) l (V j r)))) ap j aj w ac W)
p A u (u aw v j (e e j at z) b af u ao (aw ai (g w) ao r f (x (z (ay (af f) ax l ac)) t) p b z) ac ar l ad aa ad ab ay y b ao y o ad ap av z (a ah al ap (aj j v)) ao q ad p p ax (j t (i f ag r)) u ao (aw ai (g w) ao r f (x (z (ay (af f) ax l ac)) t) p b z) ac ar e (ay av) j ap q (F G (H ax) I aa x (J ac) i (K aw) t (L y x (q M c d t) l d (N ac) j O ai p u) d t (P ar) af)) r Q (v aq av ao (R am v h f (aj aw (S y x (T (i ai at m (aj a ab)) ao U) aq af (p ai au) l (V j r)))) ap j aj w ac W)
p A u (b p ao ao q ad p p ax (j t (i f ag r)) u ao (aw ai (g w) ao r f (x (z (ay (af f) ax l ac)) t) p b z) ac ar l ad aa ad ab ay y b ao y o ad ap av z (a ah al ap (aj j v)) ao q ad p p ax (j t (i f ag r)) u ao (aw ai (g w) ao r f (x (z (ay (af f) ax l ac)) t) p b z) ac ar e (ay av) j ap q (F G (H ax) I aa x (J ac) i (K aw) t (L y x (q M c d t) l d (N ac) j O ai p u) d t (P ar) af)) r Q (v aq av ao (R am v h f (aj aw (S y x (T (i ai at m (aj a ab)) ao U) aq af (p ai au) l (V j r)))) ap j aj w ac W)
p A u (ae h t w z i ap av z (a ah al ap (aj j v)) ao q ad p p ax (j t (i f ag r)) u ao (aw ai (g w) ao r f (x (z (ay (af f) ax l ac)) t) p b z) ac ar l ad aa ad ab ay y b ao y o ad ap av z (a ah al ap (aj j v)) ao q ad p p ax (j t (i f ag r)) u ao (aw ai (g w) ao r f (x (z (ay (af f) ax l ac)) t) p b z) ac ar e (ay av) j ap q (F G (H ax) I aa x (J ac) i (K aw) t (L y x (q M c d t) l d (N ac) j O ai p u) d t (P ar) af)) r Q (v aq av ao (R am v h f (aj aw (S y x (T (i ai at m (aj a ab)) ao U) aq af (p ai au) l (V j r)))) ap j aj w ac W)
p A u (ao w a l ad aa ad ab ay y b ao y o ad ap av z (a ah al ap (aj j v)) ao q ad p p ax (j t (i f ag r)) u ao (aw ai (g w) ao r f (x (z (ay (af f) ax l ac)) t) p b z) ac ar l ad aa ad ab ay y b ao y o ad ap av z (a ah al ap (aj j v)) ao q ad p p ax (j t (i f ag r)) u ao (aw ai (g w) ao r f (x (z (ay (af f) ax l ac)) t) p b z) ac ar e (ay av) j ap q (F G (H ax) I aa x (J ac) i (K aw) t (L y x (q M c d t) l d (N ac) j O ai p u) d t (P ar) af)) r Q (v aq av ao (R am v h f (aj aw (S y x (T (i ai at m (aj a ab)) ao U) aq af (p ai au) l (V j r)))) ap j aj w ac W)
p A u (am ak g (w y) (c (ah w) w aq) (d ak x t w al) l ad aa ad ab ay y b ao y o ad ap av z (a ah al ap (aj j v)) ao q ad p p ax (j t (i f ag r)) u ao (aw ai (g w) ao r f (x (z (ay (af f) ax l ac)) t) p b z) ac ar l ad aa ad ab ay y b ao y o ad ap av z (a ah al ap (aj j v)) ao q ad p p ax (j t (i f ag r)) u ao (aw ai (g w) ao r f (x (z (ay (af f) ax l ac)) t) p b z) ac ar e (ay av) j ap q (F G (H ax) I aa x (J ac) i (K aw) t (L y x (q M c d t) l d (N ac) j O ai p u) d t (P ar) af)) r Q (v aq av ao (R am v h f (aj aw (S y x (T (i ai at m (aj a ab)) ao U) aq af (p ai au) l (V j r)))) ap j aj w ac W)
p A u (aj c ax ac d al ag (g w) (k ad ao av f (c (ah w) w aq)) ar l ad aa ad ab ay y b ao y o ad ap av z (a ah al ap (aj j v)) ao q ad p p ax (j t (i f ag r)) u ao (aw ai (g w) ao r f (x (z (ay (af f) ax l ac)) t) p b z) ac ar l ad aa ad ab ay y b ao y o ad ap av z (a ah al ap (aj j v)) ao q ad p p ax (j t (i f ag r)) u ao (aw ai (g w) ao r f (x (z (ay (af f) ax l ac)) t) p b z) ac ar e (ay av) j ap q (F G (H ax) I aa x (J ac) i (K aw) t (L y x (q M c d t) l d (N ac) j O ai p u) d t (P ar) af)) r Q (v aq av ao (R am v h f (aj aw (S y x (T (i ai at m (aj a ab)) ao U) aq af (p ai au) l (V j r)))) ap j aj w ac W)
p A u (af (z (ay (af f) ax l ac)) e t (aw ai (g w) ao) z ar l ad aa ad ab ay y b ao y o ad ap av z (a ah al ap (aj j v)) ao q ad p p ax (j t (i f ag r)) u ao (aw ai (g w) ao r f (x (z (ay (af f) ax l ac)) t) p b z) ac ar l ad aa ad ab ay y b ao y o ad ap av z (a ah al ap (aj j v)) ao q ad p p ax (j t (i f ag r)) u ao (aw ai (g w) ao r f (x (z (ay (af f) ax l ac)) t) p b z) ac ar e (ay av) j ap q (F G (H ax) I aa x (J ac) i (K aw) t (L y x (q M c d t) l d (N ac) j O ai p u) d t (P ar) af)) r Q (v aq av ao (R am v h f (aj aw (S y x (T (i ai at m (aj a ab)) ao U) aq af (p ai au) l (V j r)))) ap j aj w ac W)
p A u (w u l u ao (aw ai (g w) ao r f (x (z (ay (af f) ax l ac)) t) p b z) ac ar l ad aa ad ab ay y b ao y o ad ap av z (a ah al ap (aj j v)) ao q ad p p ax (j t (i f ag r)) u ao (aw ai (g w) ao r f (x (z (ay (af f) ax l ac)) t) p b z) ac ar l ad aa ad ab ay y b ao y o ad ap av z (a ah al ap (aj j v)) ao q ad p p ax (j t (i f ag r)) u ao (aw ai (g w) ao r f (x (z (ay (af f) ax l ac)) t) p b z) ac ar e (ay av) j ap q (F G (H ax) I aa x (J ac) i (K aw) t (L y x (q M c d t) l d (N ac) j O ai p u) d t (P ar) af)) r Q (v aq av ao (R am v h f (aj aw (S y x (T (i ai at m (aj a ab)) ao U) aq af (p ai au) l (V j r)))) ap j aj w ac W)
p A u (u aw v j (e e j at z) b af u ao (aw ai (g w) ao r f (x (z (ay (af f) ax l ac)) t) p b z) ac ar l ad aa ad ab ay y b ao y o ad ap av z (a ah al ap (aj j v)) ao q ad p p ax (j t (i f ag r)) u ao (aw ai (g w) ao r f (x (z (ay (af f) ax l ac)) t) p b z) ac ar l ad aa ad ab ay y b ao y o ad ap av z (a ah al ap (aj j v)) ao q ad p p ax (j t (i f ag r)) u ao (aw ai (g w) ao r f (x (z (ay (af f) ax l ac)) t) p b z) ac ar e (ay av) j ap q (F G (H ax) I aa x (J ac) i (K aw) t (L y x (q M c d t) l d (N ac) j O ai p u) d t (P ar) af)) r Q (v aq av ao (R am v h f (aj aw (S y x (T (i ai at m (aj a ab)) ao U) aq af (p ai au) l (V j r)))) ap j aj w ac W)
p A u (b p ao ao q ad p p ax (j t (i f ag r)) u ao (aw ai (g w) ao r f (x (z (ay (af f) ax l ac)) t) p b z) ac ar l ad aa ad ab ay y b ao y o ad ap av z (a ah al ap (aj j v)) ao q ad p p ax (j t (i f ag r)) u ao (aw ai (g w) ao r f (x (z (ay (af f) ax l ac)) t) p b z) ac ar l ad aa ad ab ay y b ao y o ad ap av z (a ah al ap (aj j v)) ao q ad p p ax (j t (i f ag r)) u ao (aw ai (g w) ao r f (x (z (ay (af f) ax l ac)) t) p b z) ac ar e (ay av) j ap q (F G (H ax) I aa x (J ac) i (K aw) t (L y x (q M c d t) l d (N ac) j O ai p u) d t (P ar) af)) r Q (v aq av ao (R am v h f (aj aw (S y x (T (i ai at m (aj a ab)) ao U) aq af (p ai au) l (V j r)))) ap j aj w ac W)
p A u (ae h t w z i ap av z (a ah al ap (aj j v)) ao q ad p p ax (j t (i f ag r)) u ao (aw ai (g w) ao r f (x (z (ay (af f) ax l ac)) t) p b z) ac ar l ad aa ad ab ay y b ao y o ad ap av z (a ah al ap (aj j v)) ao q ad p p ax (j t (i f ag r)) u ao (aw ai (g w) ao r f (x (z (ay (af f) ax l ac)) t) p b z) ac ar l ad aa ad ab ay y b ao y o ad ap av z (a ah al ap (aj j v)) ao q ad p p ax (j t (i f ag r)) u ao (aw ai (g w) ao r f (x (z (ay (af f) ax l ac)) t) p b z) ac ar e (ay av) j ap q (F G (H ax) I aa x (J ac) i (K aw) t (L y x (q M c d t) l d (N ac) j O ai p u) d t (P ar) af)) r Q (v aq av ao (R am v h f (aj aw (S y x (T (i ai at m (aj a ab)) ao U) aq af (p ai au) l (V j r)))) ap j aj w ac W)
p A u (ao w a l ad aa ad ab ay y b ao y o ad ap av z (a ah al ap (aj j v)) ao q ad p p ax (j t (i f ag r)) u ao (aw ai (g w) ao r f (x (z (ay (af f) ax l ac)) t) p b z) ac ar l ad aa ad ab ay y b ao y o ad ap av z (a ah al ap (aj j v)) ao q ad p p ax (j t (i f ag r)) u ao (aw ai (g w) ao r f (x (z (ay (af f) ax l ac)) t) p b z) ac ar l ad aa ad ab ay y b ao y o ad ap av z (a ah al ap (aj j v)) ao q ad p p ax (j t (i f ag r)) u ao (aw ai (g w) ao r f (x (z (ay (af f) ax l ac)) t) p b z) ac ar e (ay av) j ap q (F G (H ax) I aa x (J ac) i (K aw) t (L y x (q M c d t) l d (N ac) j O ai p u) d t (P ar) af)) r Q (v aq av ao (R am v h f (aj aw (S y x (T (i ai at m (aj a ab)) ao U) aq af (p ai au) l (V j r)))) ap j aj w ac W)
p A u (am ak g (w y) (c (ah w) w aq) (d ak x t w al) l ad aa ad ab ay y b ao y o ad ap av z (a ah al ap (aj j v)) ao q ad p p ax (j t (i f ag r)) u ao (aw ai (g w) ao r f (x (z (ay (af f) ax l ac)) t) p b z) ac ar l ad aa ad ab ay y b ao y o ad ap av z (a ah al ap (aj j v)) ao q ad p p ax (j t (i f ag r)) u ao (aw ai (g w) ao r f (x (z (ay (af f) ax l ac)) t) p b z) ac ar l ad aa ad ab ay y b ao y o ad ap av z (a ah al ap (aj j v)) ao q ad p p ax (j t (i f ag r)) u ao (aw ai (g w) ao r f (x (z (ay (af f) ax l ac)) t) p b z) ac ar e (ay av) j ap q (F G (H ax) I aa x (J ac) i (K aw) t (L y x (q M c d t) l d (N ac) j O ai p u) d t (P ar) af)) r Q (v aq av ao (R am v h f (aj aw (S y x (T (i ai at m (aj a ab)) ao U) aq af (p ai au) l (V j r)))) ap j aj w ac W)
p A u (aj c ax ac d al ag (g w) (k ad ao av f (c (ah w) w aq)) ar l ad aa ad ab ay y b ao y o ad ap av z (a ah al ap (aj j v)) ao q ad p p ax (j t (i f ag r)) u ao (aw ai (g w) ao r f (x (z (ay (af f) ax l ac)) t) p b z) ac ar l ad aa ad ab ay y b ao y o ad ap av z (a ah al ap (aj j v)) ao q ad p p ax (j t (i f ag r)) u ao (aw ai (g w) ao r f (x (z (ay (af f) ax l ac)) t) p b z) ac ar l ad aa ad ab ay y b ao y o ad ap av z (a ah al ap (aj j v)) ao q ad p p ax (j t (i f ag r)) u ao (aw ai (g w) ao r f (x (z (ay (af f) ax l ac)) t) p b z) ac ar e (ay av) j ap q (F G (H ax) I aa x (J ac) i (K aw) t (L y x (q M c d t) l d (N ac) j O ai p u) d t (P ar) af)) r Q (v aq av ao (R am v h f (aj aw (S y x (T (i ai at m (aj a ab)) ao U) aq af (p ai au) l (V j r)))) ap j aj w ac W)
p A u (af (z (ay (af f) ax l ac)) e t (aw ai (g w) ao) z ar l ad aa ad ab ay y b ao y o ad ap av z (a ah al ap (aj j v)) ao q ad p p ax (j t (i f ag r)) u ao (aw ai (g w) ao r f (x (z (ay (af f) ax l ac)) t) p b z) ac ar l ad aa ad ab ay y b ao y o ad ap av z (a ah al ap (aj j v)) ao q ad p p ax (j t (i f ag r)) u ao (aw ai (g w) ao r f (x (z (ay (af f) ax l ac)) t) p b z) ac ar l ad aa ad ab ay y b ao y o ad ap av z (a ah al ap (aj j v)) ao q ad p p ax (j t (i f ag r)) u ao (aw ai (g w) ao r f (x (z (ay (af f) ax l ac)) t) p b z) ac ar e (ay av) j ap q (F G (H ax) I aa x (J ac) i (K aw) t (L y x (q M c d t) l d (N ac) j O ai p u) d t (P ar) af)) r Q (v aq av ao (R am v h f (aj aw (S y x (T (i ai at m (aj a ab)) ao U) aq af (p ai au) l (V j r)))) ap j aj w ac W)
p A u (w u l u ao (aw ai (g w) ao r f (x (z (ay (af f) ax l ac)) t) p b z) ac ar l ad aa ad ab ay y b ao y o ad ap av z (a ah al ap (aj j v)) ao q ad p p ax (j t (i f ag r)) u ao (aw ai (g w) ao r f (x (z (ay (af f) ax l ac)) t) p b z) ac ar l ad aa ad ab ay y b ao y o ad ap av z (a ah al ap (aj j v)) ao q ad p p ax (j t (i f ag r)) u ao (aw ai (g w) ao r f (x (z (ay (af f) ax l ac)) t) p b z) ac ar l ad aa ad ab ay y b ao y o ad ap av z (a ah al ap (aj j v)) ao q ad p p ax (j t (i f ag r)) u ao (aw ai (g w) ao r f (x (z (ay (af f) ax l ac)) t) p b z) ac ar e (ay av) j ap q (F G (H ax) I aa x (J ac) i (K aw) t (L y x (q M c d t) l d (N ac) j O ai p u) d t (P ar) af)) r Q (v aq av ao (R am v h f (aj aw (S y x (T (i ai at m (aj a ab)) ao U) aq af (p ai au) l (V j r)))) ap j aj w ac W)
p A u (u aw v j (e e j at z) b af u ao (aw ai (g w) ao r f (x (z (ay (af f) ax l ac)) t) p b z) ac ar l ad aa ad ab ay y b ao y o ad ap av z (a ah al ap (aj j v)) ao q ad p p ax (j t (i f ag r)) u ao (aw ai (g w) ao r f (x (z (ay (af f) ax l ac)) t) p b z) ac ar l ad aa ad ab ay y b ao y o ad ap av z (a ah al ap (aj j v)) ao q ad p p ax (j t (i f ag r)) u ao (aw ai (g w) ao r f (x (z (ay (af f) ax l ac)) t) p b z) ac ar l ad aa ad ab ay y b ao y o ad ap av z (a ah al ap (aj j v)) ao q ad p p ax (j t (i f ag r)) u ao (aw ai (g w) ao r f (x (z (ay (af f) ax l ac)) t) p b z) ac ar e (ay av) j ap q (F G (H ax) I aa x (J ac) i (K aw) t (L y x (q M c d t) l d (N ac) j O ai p u) d t (P ar) af)) r Q (v aq av ao (R am v h f (aj aw (S y x (T (i ai at m (aj a ab)) ao U) aq af (p ai au) l (V j r)))) ap j aj w ac W)


