a az bf bc ba be bb bd = ak e (e aj (aa ao b)) q c q aj
b ba bd be bc bf bb az = s (bc ax) ba aq ba y g e az d
c bf az bg bc bd ba bb be = bg m ba ar q ad (ah ag (x m (o d d bd q u)))
d bb be bd bg bc ba az bf = l u ao bc v ad t ai ai h
e ba bc az bf be bd bb = ba ae (ab b k u (y o ao u) (c p m))
f bc bb az ba = bb e q ba aa m n ai aw s h
g be bd bb bf az bg bc ba = am (ac ax aq) (ay n ax ag (e u ao bb aa r y ab))
h bd bc be az ba bf bb = au f al az am p (am al g w (aq v bb u ap e))
i bc az ba bd bb be = y f be ae az l aq ba n az l ak an al ap
j bb bd bg bf bc az be ba = ag l ao o a az (a be bc ar an (c v) h)
k bd be ba bf bc bb bg az = ba ai u (u (a ac ap m ak aa))
l bb ba bc be bd az = ar (s g t d al y)
m bb bd bc az be ba bf bg = u x h n l am u (bc (r am) af) r bb aw
n bd az be bb bc ba = u j aj a (r bc av) aa (bd (aa c w y) bb)
o be ba bd bc bb az bf = aw v ah u z aj p ac c ax s
p ba az = ba au (ba (c m) ai aq b) (a az) (az o aj s) k
q bb bd az bf be ba bc = k y e aa ah (ag u) c ae u
r az ba = ad am m u ba k j al d (m ba an u ac)
s bf be ba bc bb bd az = aw v ar a f ay d y a
t bd bc bb az ba = s z j (q s (bd bc)) w c
u ba bc bd bb bf az be = aa ab ag v ax l ax am (ap ar (aa j) n k al)
v az = az az an ay az u (t s) (o j)
w bc bd bb bf ba az be = ac (ad g m be ae h aw bf) t al h av s ak aa
x bc bg be bf bb bd az ba = h (k ay) r y ba ap
y bd bb ba bc az = h x q j (p p h) at bb (al ay al) bb au ac f
z bc az ba bb = ax e au (ap q (aq h p u (d r n v u w)))
aa = aj t a au z (k z) s ap p c l f q m ah
ab az ba be bb bd bc = m ah g q be m (h ba) aj r (ah b ai z)
ac az bd bb ba bc = av g (au at z a) t (w (y aa c) c) s m p an
ad az bb bc bd ba = b bd bb ay v (n (m af ab u (al c e f av)))
ae bb bd ba az bc = c ak e bd u aa af e ba ba aq
af bd bb bc be az ba = az u (bd (ae j (ai ac q) au ad p))
ag bb bc ba az = a k af (ba (x ba o ba) (bb b au v))
ah bd bb be az bc ba = h e bd w h bd g be h g l aj a ad z al
ai bd bb bc ba be az = al an s t ar u aq i l s ak bb (e c)
aj ba az = ai ae az x ak ak g w ah ba l am
ak ba az = o (y ab o (ba az ag l) o) (w e u) av al
al ba az bd bb bc = m (ax y ap o) m (bc (bb x ap) x) a n
am az bb ba bc = y c n at al ar o at n b ay av ar
an bb ba az = ae al aj ay bb u q bb bb av (ad af (az a ar t))
ao ba bc bb az = ay ag (s t aa c (w w ba au n)) ay ai d
ap az ba = r ax v ad ba au r j al ba (ba w)
aq az ba = ac m h q
ar be az ba bg bd bc bf bb = aj au n p o bc d x t
at be bc bb bd ba az = ao ab y
au ba bc be bb az bf bd = f an y ac j p al ae bf y m
av ba az = w (u az) aj m ad
aw az bc bb ba = a s (u s ak q aj bc)
ax bc bd bb az be bf ba = ag n q av (m m ah) aq (s n at p ao) j x bc
ay = h x (ao ak (av ai g a) ah) ae aj e p ac
main = A ay B v ag ar x C ag D k (ar ac l (E k s aj ak) ad u w) F (G n j al ao an (H (I J (K ak L (M v ae N O (P Q (R (a e (S T ax U f (V W X ae aw k g Y i) z (ax (Z f AA w q) (at (AB ai an) AC ac y ag AD o) s ay u)) ag (AE y ak) AF x ag) ah a y m y v e at t ad ax x) AG AH))))))
------------------------------------------------------------
A ay B v ag ar x C ag D k (ar ac l (E k s aj ak) ad u w) F (G n j al ao an (H (I J (K ak L (M v ae N O (P Q (R (a e (S T ax U f (V W X ae aw k g Y i) z (ax (Z f AA w q) (at (AB ai an) AC ac y ag AD o) s ay u)) ag (AE y ak) AF x ag) ah a y m y v e at t ad ax x) AG AH))))))
A (h x (ao ak (av ai g a) ah) ae aj e p ac) B v ag ar x C ag D k (ar ac l (E k s aj ak) ad u w) F (G n j al ao an (H (I J (K ak L (M v ae N O (P Q (R (a e (S T ax U f (V W X ae aw k g Y i) z (ax (Z f AA w q) (at (AB ai an) AC ac y ag AD o) s ay u)) ag (AE y ak) AF x ag) ah a y m y v e at t ad ax x) AG AH))))))
A (au f al aj am p (am al g w (aq v ac u ap e))) B v ag ar x C ag D k (ar ac l (E k s aj ak) ad u w) F (G n j al ao an (H (I J (K ak L (M v ae N O (P Q (R (a e (S T ax U f (V W X ae aw k g Y i) z (ax (Z f AA w q) (at (AB ai an) AC ac y ag AD o) s ay u)) ag (AE y ak) AF x ag) ah a y m y v e at t ad ax x) AG AH))))))
A (au f al aj am p (y c n at al ar o at n b ay av ar)) B v ag ar x C ag D k (ar ac l (E k s aj ak) ad u w) F (G n j al ao an (H (I J (K ak L (M v ae N O (P Q (R (a e (S T ax U f (V W X ae aw k g Y i) z (ax (Z f AA w q) (at (AB ai an) AC ac y ag AD o) s ay u)) ag (AE y ak) AF x ag) ah a y m y v e at t ad ax x) AG AH))))))
A (au f al aj am p (h x q j (p p h) at n (al ay al) n au ac f o at n b ay av ar)) B v ag ar x C ag D k (ar ac l (E k s aj ak) ad u w) F (G n j al ao an (H (I J (K ak L (M v ae N O (P Q (R (a e (S T ax U f (V W X ae aw k g Y i) z (ax (Z f AA w q) (at (AB ai an) AC ac y ag AD o) s ay u)) ag (AE y ak) AF x ag) ah a y m y v e at t ad ax x) AG AH))))))
A (au f al aj am p (au f al (p p h) am p (am al g w (aq v (al ay al) u ap e)) n au ac f o at n b ay av ar)) B v ag ar x C ag D k (ar ac l (E k s aj ak) ad u w) F (G n j al ao an (H (I J (K ak L (M v ae N O (P Q (R (a e (S T ax U f (V W X ae aw k g Y i) z (ax (Z f AA w q) (at (AB ai an) AC ac y ag AD o) s ay u)) ag (AE y ak) AF x ag) ah a y m y v e at t ad ax x) AG AH))))))
A (au f al aj am p (f an y ac j p al ae (am al g w (aq v (al ay al) u ap e)) y m au ac f o at n b ay av ar)) B v ag ar x C ag D k (ar ac l (E k s aj ak) ad u w) F (G n j al ao an (H (I J (K ak L (M v ae N O (P Q (R (a e (S T ax U f (V W X ae aw k g Y i) z (ax (Z f AA w q) (at (AB ai an) AC ac y ag AD o) s ay u)) ag (AE y ak) AF x ag) ah a y m y v e at t ad ax x) AG AH))))))
A (au f al aj am p (y e q j aa m n ai aw s h p al ae (am al g w (aq v (al ay al) u ap e)) y m au ac f o at n b ay av ar)) B v ag ar x C ag D k (ar ac l (E k s aj ak) ad u w) F (G n j al ao an (H (I J (K ak L (M v ae N O (P Q (R (a e (S T ax U f (V W X ae aw k g Y i) z (ax (Z f AA w q) (at (AB ai an) AC ac y ag AD o) s ay u)) ag (AE y ak) AF x ag) ah a y m y v e at t ad ax x) AG AH))))))
A (au f al aj am p (h x q j (p p h) at q (al ay al) q au ac f n ai aw s h p al ae (am al g w (aq v (al ay al) u ap e)) y m au ac f o at n b ay av ar)) B v ag ar x C ag D k (ar ac l (E k s aj ak) ad u w) F (G n j al ao an (H (I J (K ak L (M v ae N O (P Q (R (a e (S T ax U f (V W X ae aw k g Y i) z (ax (Z f AA w q) (at (AB ai an) AC ac y ag AD o) s ay u)) ag (AE y ak) AF x ag) ah a y m y v e at t ad ax x) AG AH))))))
A (au f al aj am p (au f al (p p h) am p (am al g w (aq v (al ay al) u ap e)) q au ac f n ai aw s h p al ae (am al g w (aq v (al ay al) u ap e)) y m au ac f o at n b ay av ar)) B v ag ar x C ag D k (ar ac l (E k s aj ak) ad u w) F (G n j al ao an (H (I J (K ak L (M v ae N O (P Q (R (a e (S T ax U f (V W X ae aw k g Y i) z (ax (Z f AA w q) (at (AB ai an) AC ac y ag AD o) s ay u)) ag (AE y ak) AF x ag) ah a y m y v e at t ad ax x) AG AH))))))
A (au f al aj am p (f an y ac j p al ae (am al g w (aq v (al ay al) u ap e)) y m au ac f n ai aw s h p al ae (am al g w (aq v (al ay al) u ap e)) y m au ac f o at n b ay av ar)) B v ag ar x C ag D k (ar ac l (E k s aj ak) ad u w) F (G n j al ao an (H (I J (K ak L (M v ae N O (P Q (R (a e (S T ax U f (V W X ae aw k g Y i) z (ax (Z f AA w q) (at (AB ai an) AC ac y ag AD o) s ay u)) ag (AE y ak) AF x ag) ah a y m y v e at t ad ax x) AG AH))))))
A (au f al aj am p (y e q j aa m n ai aw s h p al ae (am al g w (aq v (al ay al) u ap e)) y m au ac f n ai aw s h p al ae (am al g w (aq v (al ay al) u ap e)) y m au ac f o at n b ay av ar)) B v ag ar x C ag D k (ar ac l (E k s aj ak) ad u w) F (G n j al ao an (H (I J (K ak L (M v ae N O (P Q (R (a e (S T ax U f (V W X ae aw k g Y i) z (ax (Z f AA w q) (at (AB ai an) AC ac y ag AD o) s ay u)) ag (AE y ak) AF x ag) ah a y m y v e at t ad ax x) AG AH))))))
A (au f al aj am p (h x q j (p p h) at q (al ay al) q au ac f n ai aw s h p al ae (am al g w (aq v (al ay al) u ap e)) y m au ac f n ai aw s h p al ae (am al g w (aq v (al ay al) u ap e)) y m au ac f o at n b ay av ar)) B v ag ar x C ag D k (ar ac l (E k s aj ak) ad u w) F (G n j al ao an (H (I J (K ak L (M v ae N O (P Q (R (a e (S T ax U f (V W X ae aw k g Y i) z (ax (Z f AA w q) (at (AB ai an) AC ac y ag AD o) s ay u)) ag (AE y ak) AF x ag) ah a y m y v e at t ad ax x) AG AH))))))
A (au f al aj am p (au f al (p p h) am p (am al g w (aq v (al ay al) u ap e)) q au ac f n ai aw s h p al ae (am al g w (aq v (al ay al) u ap e)) y m au ac f n ai aw s h p al ae (am al g w (aq v (al ay al) u ap e)) y m au ac f o at n b ay av ar)) B v ag ar x C ag D k (ar ac l (E k s aj ak) ad u w) F (G n j al ao an (H (I J (K ak L (M v ae N O (P Q (R (a e (S T ax U f (V W X ae aw k g Y i) z (ax (Z f AA w q) (at (AB ai an) AC ac y ag AD o) s ay u)) ag (AE y ak) AF x ag) ah a y m y v e at t ad ax x) AG AH))))))
A (au f al aj am p (f an y ac j p al ae (am al g w (aq v (al ay al) u ap e)) y m au ac f n ai aw s h p al ae (am al g w (aq v (al ay al) u ap e)) y m au ac f n ai aw s h p al ae (am al g w (aq v (al ay al) u ap e)) y m au ac f o at n b ay av ar)) B v ag ar x C ag D k (ar ac l (E k s aj ak) ad u w) F (G n j al ao an (H (I J (K ak L (M v ae N O (P Q (R (a e (S T ax U f (V W X ae aw k g Y i) z (ax (Z f AA w q) (at (AB ai an) AC ac y ag AD o) s ay u)) ag (AE y ak) AF x ag) ah a y m y v e at t ad ax x) AG AH))))))
A (au f al aj am p (y e q j aa m n ai aw s h p al ae (am al g w (aq v (al ay al) u ap e)) y m au ac f n ai aw s h p al ae (am al g w (aq v (al ay al) u ap e)) y m au ac f n ai aw s h p al ae (am al g w (aq v (al ay al) u ap e)) y m au ac f o at n b ay av ar)) B v ag ar x C ag D k (ar ac l (E k s aj ak) ad u w) F (G n j al ao an (H (I J (K ak L (M v ae N O (P Q (R (a e (S T ax U f (V W X ae aw k g Y i) z (ax (Z f AA w q) (at (AB ai an) AC ac y ag AD o) s ay u)) ag (AE y ak) AF x ag) ah a y m y v e at t ad ax x) AG AH))))))
A (au f al aj am p (h x q j (p p h) at q (al ay al) q au ac f n ai aw s h p al ae (am al g w (aq v (al ay al) u ap e)) y m au ac f n ai aw s h p al ae (am al g w (aq v (al ay al) u ap e)) y m au ac f n ai aw s h p al ae (am al g w (aq v (al ay al) u ap e)) y m au ac f o at n b ay av ar)) B v ag ar x C ag D k (ar ac l (E k s aj ak) ad u w) F (G n j al ao an (H (I J (K ak L (M v ae N O (P Q (R (a e (S T ax U f (V W X ae aw k g Y i) z (ax (Z f AA w q) (at (AB ai an) AC ac y ag AD o) s ay u)) ag (AE y ak) AF x ag) ah a y m y v e at t ad ax x) AG AH))))))
A (au f al aj am p (au f al (p p h) am p (am al g w (aq v (al ay al) u ap e)) q au ac f n ai aw s h p al ae (am al g w (aq v (al ay al) u ap e)) y m au ac f n ai aw s h p al ae (am al g w (aq v (al ay al) u ap e)) y m au ac f n ai aw s h p al ae (am al g w (aq v (al ay al) u ap e)) y m au ac f o at n b ay av ar)) B v ag ar x C ag D k (ar ac l (E k s aj ak) ad u w) F (G n j al ao an (H (I J (K ak L (M v ae N O (P Q (R (a e (S T ax U f (V W X ae aw k g Y i) z (ax (Z f AA w q) (at (AB ai an) AC ac y ag AD o) s ay u)) ag (AE y ak) AF x ag) ah a y m y v e at t ad ax x) AG AH))))))
A (au f al aj am p (f an y ac j p al ae (am al g w (aq v (al ay al) u ap e)) y m au ac f n ai aw s h p al ae (am al g w (aq v (al ay al) u ap e)) y m au ac f n ai aw s h p al ae (am al g w (aq v (al ay al) u ap e)) y m au ac f n ai aw s h p al ae (am al g w (aq v (al ay al) u ap e)) y m au ac f o at n b ay av ar)) B v ag ar x C ag D k (ar ac l (E k s aj ak) ad u w) F (G n j al ao an (H (I J (K ak L (M v ae N O (P Q (R (a e (S T ax U f (V W X ae aw k g Y i) z (ax (Z f AA w q) (at (AB ai an) AC ac y ag AD o) s ay u)) ag (AE y ak) AF x ag) ah a y m y v e at t ad ax x) AG AH))))))
A (au f al aj am p (y e q j aa m n ai aw s h p al ae (am al g w (aq v (al ay al) u ap e)) y m au ac f n ai aw s h p al ae (am al g w (aq v (al ay al) u ap e)) y m au ac f n ai aw s h p al ae (am al g w (aq v (al ay al) u ap e)) y m au ac f n ai aw s h p al ae (am al g w (aq v (al ay al) u ap e)) y m au ac f o at n b ay av ar)) B v ag ar x C ag D k (ar ac l (E k s aj ak) ad u w) F (G n j al ao an (H (I J (K ak L (M v ae N O (P Q (R (a e (S T ax U f (V W X ae aw k g Y i) z (ax (Z f AA w q) (at (AB ai an) AC ac y ag AD o) s ay u)) ag (AE y ak) AF x ag) ah a y m y v e at t ad ax x) AG AH))))))
A (au f al aj am p (h x q j (p p h) at q (al ay al) q au ac f n ai aw s h p al ae (am al g w (aq v (al ay al) u ap e)) y m au ac f n ai aw s h p al ae (am al g w (aq v (al ay al) u ap e)) y m au ac f n ai aw s h p al ae (am al g w (aq v (al ay al) u ap e)) y m au ac f n ai aw s h p al ae (am al g w (aq v (al ay al) u ap e)) y m au ac f o at n b ay av ar)) B v ag ar x C ag D k (ar ac l (E k s aj ak) ad u w) F (G n j al ao an (H (I J (K ak L (M v ae N O (P Q (R (a e (S T ax U f (V W X ae aw k g Y i) z (ax (Z f AA w q) (at (AB ai an) AC ac y ag AD o) s ay u)) ag (AE y ak) AF x ag) ah a y m y v e at t ad ax x) AG AH))))))
A (au f al aj am p (au f al (p p h) am p (am al g w (aq v (al ay al) u ap e)) q au ac f n ai aw s h p al ae (am al g w (aq v (al ay al) u ap e)) y m au ac f n ai aw s h p al ae (am al g w (aq v (al ay al) u ap e)) y m au ac f n ai aw s h p al ae (am al g w (aq v (al ay al) u ap e)) y m au ac f n ai aw s h p al ae (am al g w (aq v (al ay al) u ap e)) y m au ac f o at n b ay av ar)) B v ag ar x C ag D k (ar ac l (E k s aj ak) ad u w) F (G n j al ao an (H (I J (K ak L (M v ae N O (P Q (R (a e (S T ax U f (V W X ae aw k g Y i) z (ax (Z f AA w q) (at (AB ai an) AC ac y ag AD o) s ay u)) ag (AE y ak) AF x ag) ah a y m y v e at t ad ax x) AG AH))))))
A (au f al aj am p (f an y ac j p al ae (am al g w (aq v (al ay al) u ap e)) y m au ac f n ai aw s h p al ae (am al g w (aq v (al ay al) u ap e)) y m au ac f n ai aw s h p al ae (am al g w (aq v (al ay al) u ap e)) y m au ac f n ai aw s h p al ae (am al g w (aq v (al ay al) u ap e)) y m au ac f n ai aw s h p al ae (am al g w (aq v (al ay al) u ap e)) y m au ac f o at n b ay av ar)) B v ag ar x C ag D k (ar ac l (E k s aj ak) ad u w) F (G n j al ao an (H (I J (K ak L (M v ae N O (P Q (R (a e (S T ax U f (V W X ae aw k g Y i) z (ax (Z f AA w q) (at (AB ai an) AC ac y ag AD o) s ay u)) ag (AE y ak) AF x ag) ah a y m y v e at t ad ax x) AG AH))))))
A (au f al aj am p (y e q j aa m n ai aw s h p al ae (am al g w (aq v (al ay al) u ap e)) y m au ac f n ai aw s h p al ae (am al g w (aq v (al ay al) u ap e)) y m au ac f n ai aw s h p al ae (am al g w (aq v (al ay al) u ap e)) y m au ac f n ai aw s h p al ae (am al g w (aq v (al ay al) u ap e)) y m au ac f n ai aw s h p al ae (am al g w (aq v (al ay al) u ap e)) y m au ac f o at n b ay av ar)) B v ag ar x C ag D k (ar ac l (E k s aj ak) ad u w) F (G n j al ao an (H (I J (K ak L (M v ae N O (P Q (R (a e (S T ax U f (V W X ae aw k g Y i) z (ax (Z f AA w q) (at (AB ai an) AC ac y ag AD o) s ay u)) ag (AE y ak) AF x ag) ah a y m y v e at t ad ax x) AG AH))))))
A (au f al aj am p (h x q j (p p h) at q (al ay al) q au ac f n ai aw s h p al ae (am al g w (aq v (al ay al) u ap e)) y m au ac f n ai aw s h p al ae (am al g w (aq v (al ay al) u ap e)) y m au ac f n ai aw s h p al ae (am al g w (aq v (al ay al) u ap e)) y m au ac f n ai aw s h p al ae (am al g w (aq v (al ay al) u ap e)) y m au ac f n ai aw s h p al ae (am al g w (aq v (al ay al) u ap e)) y m au ac f o at n b ay av ar)) B v ag ar x C ag D k (ar ac l (E k s aj ak) ad u w) F (G n j al ao an (H (I J (K ak L (M v ae N O (P Q (R (a e (S T ax U f (V W X ae aw k g Y i) z (ax (Z f AA w q) (at (AB ai an) AC ac y ag AD o) s ay u)) ag (AE y ak) AF x ag) ah a y m y v e at t ad ax x) AG AH))))))
A (au f al aj am p (au f al (p p h) am p (am al g w (aq v (al ay al) u ap e)) q au ac f n ai aw s h p al ae (am al g w (aq v (al ay al) u ap e)) y m au ac f n ai aw s h p al ae (am al g w (aq v (al ay al) u ap e)) y m au ac f n ai aw s h p al ae (am al g w (aq v (al ay al) u ap e)) y m au ac f n ai aw s h p al ae (am al g w (aq v (al ay al) u ap e)) y m au ac f n ai aw s h p al ae (am al g w (aq v (al ay al) u ap e)) y m au ac f o at n b ay av ar)) B v ag ar x C ag D k (ar ac l (E k s aj ak) ad u w) F (G n j al ao an (H (I J (K ak L (M v ae N O (P Q (R (a e (S T ax U f (V W X ae aw k g Y i) z (ax (Z f AA w q) (at (AB ai an) AC ac y ag AD o) s ay u)) ag (AE y ak) AF x ag) ah a y m y v e at t ad ax x) AG AH))))))
A (au f al aj am p (f an y ac j p al ae (am al g w (aq v (al ay al) u ap e)) y m au ac f n ai aw s h p al ae (am al g w (aq v (al ay al) u ap e)) y m au ac f n ai aw s h p al ae (am al g w (aq v (al ay al) u ap e)) y m au ac f n ai aw s h p al ae (am al g w (aq v (al ay al) u ap e)) y m au ac f n ai aw s h p al ae (am al g w (aq v (al ay al) u ap e)) y m au ac f n ai aw s h p al ae (am al g w (aq v (al ay al) u ap e)) y m au ac f o at n b ay av ar)) B v ag ar x C ag D k (ar ac l (E k s aj ak) ad u w) F (G n j al ao an (H (I J (K ak L (M v ae N O (P Q (R (a e (S T ax U f (V W X ae aw k g Y i) z (ax (Z f AA w q) (at (AB ai an) AC ac y ag AD o) s ay u)) ag (AE y ak) AF x ag) ah a y m y v e at t ad ax x) AG AH))))))
A (au f al aj am p (y e q j aa m n ai aw s h p al ae (am al g w (aq v (al ay al) u ap e)) y m au ac f n ai aw s h p al ae (am al g w (aq v (al ay al) u ap e)) y m au ac f n ai aw s h p al ae (am al g w (aq v (al ay al) u ap e)) y m au ac f n ai aw s h p al ae (am al g w (aq v (al ay al) u ap e)) y m au ac f n ai aw s h p al ae (am al g w (aq v (al ay al) u ap e)) y m au ac f n ai aw s h p al ae (am al g w (aq v (al ay al) u ap e)) y m au ac f o at n b ay av ar)) B v ag ar x C ag D k (ar ac l (E k s aj ak) ad u w) F (G n j al ao an (H (I J (K ak L (M v ae N O (P Q (R (a e (S T ax U f (V W X ae aw k g Y i) z (ax (Z f AA w q) (at (AB ai an) AC ac y ag AD o) s ay u)) ag (AE y ak) AF x ag) ah a y m y v e at t ad ax x) AG AH))))))
A (au f al aj am p (h x q j (p p h) at q (al ay al) q au ac f n ai aw s h p al ae (am al g w (aq v (al ay al) u ap e)) y m au ac f n ai aw s h p al ae (am al g w (aq v (al ay al) u ap e)) y m au ac f n ai aw s h p al ae (am al g w (aq v (al ay al) u ap e)) y m au ac f n ai aw s h p al ae (am al g w (aq v (al ay al) u ap e)) y m au ac f n ai aw s h p al ae (am al g w (aq v (al ay al) u ap e)) y m au ac f n ai aw s h p al ae (am al g w (aq v (al ay al) u ap e)) y m au ac f o at n b ay av ar)) B v ag ar x C ag D k (ar ac l (E k s aj ak) ad u w) F (G n j al ao an (H (I J (K ak L (M v ae N O (P Q (R (a e (S T ax U f (V W X ae aw k g Y i) z (ax (Z f AA w q) (at (AB ai an) AC ac y ag AD o) s ay u)) ag (AE y ak) AF x ag) ah a y m y v e at t ad ax x) AG AH))))))
A (au f al aj am p (au f al (p p h) am p (am al g w (aq v (al ay al) u ap e)) q au ac f n ai aw s h p al ae (am al g w (aq v (al ay al) u ap e)) y m au ac f n ai aw s h p al ae (am al g w (aq v (al ay al) u ap e)) y m au ac f n ai aw s h p al ae (am al g w (aq v (al ay al) u ap e)) y m au ac f n ai aw s h p al ae (am al g w (aq v (al ay al) u ap e)) y m au ac f n ai aw s h p al ae (am al g w (aq v (al ay al) u ap e)) y m au ac f n ai aw s h p al ae (am al g w (aq v (al ay al) u ap e)) y m au ac f o at n b ay av ar)) B v ag ar x C ag D k (ar ac l (E k s aj ak) ad u w) F (G n j al ao an (H (I J (K ak L (M v ae N O (P Q (R (a e (S T ax U f (V W X ae aw k g Y i) z (ax (Z f AA w q) (at (AB ai an) AC ac y ag AD o) s ay u)) ag (AE y ak) AF x ag) ah a y m y v e at t ad ax x) AG AH))))))


