a bd bf bg ba bc bb be az h am w h ag ak af o be v h af
b bb bc ba az ap ba bb z v x t p j bb i g
c bd bg az bf be bb ba bc af ao g ay al d aq s ap u ap (at ax)
d az bd bb bc ba ar f n k ba
e be bd bg az bb bf bc ba bc bc be aj d (ah o) av ai (bc (u bd ao)) x bd
f be bg bb bd bf bc az ba at ag (bg (au bc bf be x aa n au n (d at bf an)))
g az be bb bf bc bd ba ai n ai (an aq (ar d s) (ae u)) u bc
h ba az q (ai c aq l) ah j ax e ax ac y f (af r d)
i az bc be bd ba bb p at bb be at az ba u aw al f at
j bd bc ba bb az x at ba t p bb (ai ab q r aw bc l av ae)
k bc bd ba be az bb ae be be be p ax y (az p)
l az ba bf bd be bb bc az z ak x ar ba o af aq c az ad
m bg ba bf bd bb bc be az ac b (ae c (ag (be (ai ap t bc al)) au ah be))
n az bf ba bd bc bb be az z i bc ai u am u v p t
o az bd bb ba bc ad aj aw f j z (b b z ae)
p bb bg bc bf az bd ba be bg c ba (ak i az (au bg (bd at) s at) ao au)
q ba bd bb bf be bc az z bc (r ae (an av ab av bc) ae y g c aj am)
r bc bb az ba ap k g k ay (ah ak ac) w h
s ba az at y h u ba z aw w ap
t bb az ba l d at an av c an ay e (ak s x)
u az bb bc be bd ba bf bg am bf aj (i m (af d aj q bc) aj p) l m ar
v bb ba az bc ba au n n (bc az ac az l bc ab j)
w az bb ba bc bd k (f s (ba ao at o b (y k ax)) ac ak y)
x bd ba az bc bb k l v z at bb (v (aw f p w) g ad bd)
y ba az g ba ab a au b k at
z bd be bb bc bf ba az bg l l ab au i aw ab au r ap n az
aa bd bb be bc az ba u ad z e af aq ba
ab bc az bb ba av u ad (m bb)
ac be bb ba bc az bd bb z ay w x (z l r t au be (x ap)) q
ad bd be bc az ba bb ag u av u (s k) au ak ah
ae az bd ba bb bc bd (aa bb) an y ad aj h am aa q
af ba az bb r (aq ak k (az bb (y av) at y bb)) aq f bb ar ar
ag ba az aw aa g aw av v j
ah bb ba az bf bd bg bc be bg aq g v al af d w
ai bb be ba bc bd az az s (c n (av q) o t)
aj be az ba bb bc bd bf b be x k y x (au aa (ai ae an) ad i al)
ak bg be az ba bb bd bf bc l l bg k (am aa i) (aa k)
al bc bd ba bf be bb az aj j ay av p af af ad bf (c ao au j)
am bc az ba bd bb au q aw ad aw aj bd a ba aw
an bc bf bd az bb ba be ay ap ap az be f v (bd ah) m ap au o (l w)
ao bb az ba bc av aj ah j (b bc (ae b) ai) x
ap ba bc bb bd az bd ax at ai au au s z bb p au b ab i i
aq az bb bd bc ba au (k af n k w az i m o)
ar bc bd bg az bb be bf ba ba al (ag j o) az d d
at az bc be bb bd ba aw ak (b g) b y a ae n bd aq (y g aq)
au bd ba bb bc az i g ap k az t (r u (d h ar d aw) aq) ah l
av az bb bf bc be bd ba ay p l a l bf (q bf n an k g) r at af
aw az d b ax s an i n ag al p
ax ba az bb bc g o av ae bb ak ap at aa aw ae
ay bb az ba q q b g ao an s a (i s)
main x ai aq (A av (d af)) aj aa t i B am h t (C ab) ae ac (w ai (D m q a au (E F G H I J K L (x ai k) M N a ad ak aj o aj ad af O h m P ar am) aa)) Q ah h R o S ag c (e i ag T) s i (r U (an j o (V aq)) (W (X (ar Y Z (AA i a i (u af al)) at) af ar (AB e (e ag o aa an)) p) g m))
------------------------------------------------------------
x ai aq (A av (d af)) aj aa t i B am h t (C ab) ae ac (w ai (D m q a au (E F G H I J K L (x ai k) M N a ad ak aj o aj ad af O h m P ar am) aa)) Q ah h R o S ag c (e i ag T) s i (r U (an j o (V aq)) (W (X (ar Y Z (AA i a i (u af al)) at) af ar (AB e (e ag o aa an)) p) g m))
k l v z at aa (v (aw f p w) g ad ai) t i B am h t (C ab) ae ac (w ai (D m q a au (E F G H I J K L (x ai k) M N a ad ak aj o aj ad af O h m P ar am) aa)) Q ah h R o S ag c (e i ag T) s i (r U (an j o (V aq)) (W (X (ar Y Z (AA i a i (u af al)) at) af ar (AB e (e ag o aa an)) p) g m))
ae at at at p ax y (aa p) t i B am h t (C ab) ae ac (w ai (D m q a au (E F G H I J K L (x ai k) M N a ad ak aj o aj ad af O h m P ar am) aa)) Q ah h R o S ag c (e i ag T) s i (r U (an j o (V aq)) (W (X (ar Y Z (AA i a i (u af al)) at) af ar (AB e (e ag o aa an)) p) g m))
at (aa p) an y ad aj h am aa q y (aa p) t i B am h t (C ab) ae ac (w ai (D m q a au (E F G H I J K L (x ai k) M N a ad ak aj o aj ad af O h m P ar am) aa)) Q ah h R o S ag c (e i ag T) s i (r U (an j o (V aq)) (W (X (ar Y Z (AA i a i (u af al)) at) af ar (AB e (e ag o aa an)) p) g m))
aw ak (b g) b y a ae n aj aq (y g aq) am aa q y (aa p) t i B am h t (C ab) ae ac (w ai (D m q a au (E F G H I J K L (x ai k) M N a ad ak aj o aj ad af O h m P ar am) aa)) Q ah h R o S ag c (e i ag T) s i (r U (an j o (V aq)) (W (X (ar Y Z (AA i a i (u af al)) at) af ar (AB e (e ag o aa an)) p) g m))
d b ax s an i n ag al p (b g) b y a ae n aj aq (y g aq) am aa q y (aa p) t i B am h t (C ab) ae ac (w ai (D m q a au (E F G H I J K L (x ai k) M N a ad ak aj o aj ad af O h m P ar am) aa)) Q ah h R o S ag c (e i ag T) s i (r U (an j o (V aq)) (W (X (ar Y Z (AA i a i (u af al)) at) af ar (AB e (e ag o aa an)) p) g m))
ar f n k i n ag al p (b g) b y a ae n aj aq (y g aq) am aa q y (aa p) t i B am h t (C ab) ae ac (w ai (D m q a au (E F G H I J K L (x ai k) M N a ad ak aj o aj ad af O h m P ar am) aa)) Q ah h R o S ag c (e i ag T) s i (r U (an j o (V aq)) (W (X (ar Y Z (AA i a i (u af al)) at) af ar (AB e (e ag o aa an)) p) g m))
p al (ag j o) i d d (b g) b y a ae n aj aq (y g aq) am aa q y (aa p) t i B am h t (C ab) ae ac (w ai (D m q a au (E F G H I J K L (x ai k) M N a ad ak aj o aj ad af O h m P ar am) aa)) Q ah h R o S ag c (e i ag T) s i (r U (an j o (V aq)) (W (X (ar Y Z (AA i a i (u af al)) at) af ar (AB e (e ag o aa an)) p) g m))
ag j o c b (ak i d (au (ag j o) (b g at) s at) ao au) a ae n aj aq (y g aq) am aa q y (aa p) t i B am h t (C ab) ae ac (w ai (D m q a au (E F G H I J K L (x ai k) M N a ad ak aj o aj ad af O h m P ar am) aa)) Q ah h R o S ag c (e i ag T) s i (r U (an j o (V aq)) (W (X (ar Y Z (AA i a i (u af al)) at) af ar (AB e (e ag o aa an)) p) g m))
aw aa g aw av v j c b (ak i d (au (ag j o) (b g at) s at) ao au) a ae n aj aq (y g aq) am aa q y (aa p) t i B am h t (C ab) ae ac (w ai (D m q a au (E F G H I J K L (x ai k) M N a ad ak aj o aj ad af O h m P ar am) aa)) Q ah h R o S ag c (e i ag T) s i (r U (an j o (V aq)) (W (X (ar Y Z (AA i a i (u af al)) at) af ar (AB e (e ag o aa an)) p) g m))
d b ax s an i n ag al p g aw av v j c b (ak i d (au (ag j o) (b g at) s at) ao au) a ae n aj aq (y g aq) am aa q y (aa p) t i B am h t (C ab) ae ac (w ai (D m q a au (E F G H I J K L (x ai k) M N a ad ak aj o aj ad af O h m P ar am) aa)) Q ah h R o S ag c (e i ag T) s i (r U (an j o (V aq)) (W (X (ar Y Z (AA i a i (u af al)) at) af ar (AB e (e ag o aa an)) p) g m))
ar f n k i n ag al p g aw av v j c b (ak i d (au (ag j o) (b g at) s at) ao au) a ae n aj aq (y g aq) am aa q y (aa p) t i B am h t (C ab) ae ac (w ai (D m q a au (E F G H I J K L (x ai k) M N a ad ak aj o aj ad af O h m P ar am) aa)) Q ah h R o S ag c (e i ag T) s i (r U (an j o (V aq)) (W (X (ar Y Z (AA i a i (u af al)) at) af ar (AB e (e ag o aa an)) p) g m))
p al (ag j o) i d d g aw av v j c b (ak i d (au (ag j o) (b g at) s at) ao au) a ae n aj aq (y g aq) am aa q y (aa p) t i B am h t (C ab) ae ac (w ai (D m q a au (E F G H I J K L (x ai k) M N a ad ak aj o aj ad af O h m P ar am) aa)) Q ah h R o S ag c (e i ag T) s i (r U (an j o (V aq)) (W (X (ar Y Z (AA i a i (u af al)) at) af ar (AB e (e ag o aa an)) p) g m))
ag j o c aw (ak i d (au (ag j o) (g at) s at) ao au) v j c b (ak i d (au (ag j o) (b g at) s at) ao au) a ae n aj aq (y g aq) am aa q y (aa p) t i B am h t (C ab) ae ac (w ai (D m q a au (E F G H I J K L (x ai k) M N a ad ak aj o aj ad af O h m P ar am) aa)) Q ah h R o S ag c (e i ag T) s i (r U (an j o (V aq)) (W (X (ar Y Z (AA i a i (u af al)) at) af ar (AB e (e ag o aa an)) p) g m))
aw aa g aw av v j c aw (ak i d (au (ag j o) (g at) s at) ao au) v j c b (ak i d (au (ag j o) (b g at) s at) ao au) a ae n aj aq (y g aq) am aa q y (aa p) t i B am h t (C ab) ae ac (w ai (D m q a au (E F G H I J K L (x ai k) M N a ad ak aj o aj ad af O h m P ar am) aa)) Q ah h R o S ag c (e i ag T) s i (r U (an j o (V aq)) (W (X (ar Y Z (AA i a i (u af al)) at) af ar (AB e (e ag o aa an)) p) g m))
d b ax s an i n ag al p g aw av v j c aw (ak i d (au (ag j o) (g at) s at) ao au) v j c b (ak i d (au (ag j o) (b g at) s at) ao au) a ae n aj aq (y g aq) am aa q y (aa p) t i B am h t (C ab) ae ac (w ai (D m q a au (E F G H I J K L (x ai k) M N a ad ak aj o aj ad af O h m P ar am) aa)) Q ah h R o S ag c (e i ag T) s i (r U (an j o (V aq)) (W (X (ar Y Z (AA i a i (u af al)) at) af ar (AB e (e ag o aa an)) p) g m))
ar f n k i n ag al p g aw av v j c aw (ak i d (au (ag j o) (g at) s at) ao au) v j c b (ak i d (au (ag j o) (b g at) s at) ao au) a ae n aj aq (y g aq) am aa q y (aa p) t i B am h t (C ab) ae ac (w ai (D m q a au (E F G H I J K L (x ai k) M N a ad ak aj o aj ad af O h m P ar am) aa)) Q ah h R o S ag c (e i ag T) s i (r U (an j o (V aq)) (W (X (ar Y Z (AA i a i (u af al)) at) af ar (AB e (e ag o aa an)) p) g m))
p al (ag j o) i d d g aw av v j c aw (ak i d (au (ag j o) (g at) s at) ao au) v j c b (ak i d (au (ag j o) (b g at) s at) ao au) a ae n aj aq (y g aq) am aa q y (aa p) t i B am h t (C ab) ae ac (w ai (D m q a au (E F G H I J K L (x ai k) M N a ad ak aj o aj ad af O h m P ar am) aa)) Q ah h R o S ag c (e i ag T) s i (r U (an j o (V aq)) (W (X (ar Y Z (AA i a i (u af al)) at) af ar (AB e (e ag o aa an)) p) g m))
ag j o c aw (ak i d (au (ag j o) (g at) s at) ao au) v j c aw (ak i d (au (ag j o) (g at) s at) ao au) v j c b (ak i d (au (ag j o) (b g at) s at) ao au) a ae n aj aq (y g aq) am aa q y (aa p) t i B am h t (C ab) ae ac (w ai (D m q a au (E F G H I J K L (x ai k) M N a ad ak aj o aj ad af O h m P ar am) aa)) Q ah h R o S ag c (e i ag T) s i (r U (an j o (V aq)) (W (X (ar Y Z (AA i a i (u af al)) at) af ar (AB e (e ag o aa an)) p) g m))
aw aa g aw av v j c aw (ak i d (au (ag j o) (g at) s at) ao au) v j c aw (ak i d (au (ag j o) (g at) s at) ao au) v j c b (ak i d (au (ag j o) (b g at) s at) ao au) a ae n aj aq (y g aq) am aa q y (aa p) t i B am h t (C ab) ae ac (w ai (D m q a au (E F G H I J K L (x ai k) M N a ad ak aj o aj ad af O h m P ar am) aa)) Q ah h R o S ag c (e i ag T) s i (r U (an j o (V aq)) (W (X (ar Y Z (AA i a i (u af al)) at) af ar (AB e (e ag o aa an)) p) g m))
d b ax s an i n ag al p g aw av v j c aw (ak i d (au (ag j o) (g at) s at) ao au) v j c aw (ak i d (au (ag j o) (g at) s at) ao au) v j c b (ak i d (au (ag j o) (b g at) s at) ao au) a ae n aj aq (y g aq) am aa q y (aa p) t i B am h t (C ab) ae ac (w ai (D m q a au (E F G H I J K L (x ai k) M N a ad ak aj o aj ad af O h m P ar am) aa)) Q ah h R o S ag c (e i ag T) s i (r U (an j o (V aq)) (W (X (ar Y Z (AA i a i (u af al)) at) af ar (AB e (e ag o aa an)) p) g m))
ar f n k i n ag al p g aw av v j c aw (ak i d (au (ag j o) (g at) s at) ao au) v j c aw (ak i d (au (ag j o) (g at) s at) ao au) v j c b (ak i d (au (ag j o) (b g at) s at) ao au) a ae n aj aq (y g aq) am aa q y (aa p) t i B am h t (C ab) ae ac (w ai (D m q a au (E F G H I J K L (x ai k) M N a ad ak aj o aj ad af O h m P ar am) aa)) Q ah h R o S ag c (e i ag T) s i (r U (an j o (V aq)) (W (X (ar Y Z (AA i a i (u af al)) at) af ar (AB e (e ag o aa an)) p) g m))
p al (ag j o) i d d g aw av v j c aw (ak i d (au (ag j o) (g at) s at) ao au) v j c aw (ak i d (au (ag j o) (g at) s at) ao au) v j c b (ak i d (au (ag j o) (b g at) s at) ao au) a ae n aj aq (y g aq) am aa q y (aa p) t i B am h t (C ab) ae ac (w ai (D m q a au (E F G H I J K L (x ai k) M N a ad ak aj o aj ad af O h m P ar am) aa)) Q ah h R o S ag c (e i ag T) s i (r U (an j o (V aq)) (W (X (ar Y Z (AA i a i (u af al)) at) af ar (AB e (e ag o aa an)) p) g m))
ag j o c aw (ak i d (au (ag j o) (g at) s at) ao au) v j c aw (ak i d (au (ag j o) (g at) s at) ao au) v j c aw (ak i d (au (ag j o) (g at) s at) ao au) v j c b (ak i d (au (ag j o) (b g at) s at) ao au) a ae n aj aq (y g aq) am aa q y (aa p) t i B am h t (C ab) ae ac (w ai (D m q a au (E F G H I J K L (x ai k) M N a ad ak aj o aj ad af O h m P ar am) aa)) Q ah h R o S ag c (e i ag T) s i (r U (an j o (V aq)) (W (X (ar Y Z (AA i a i (u af al)) at) af ar (AB e (e ag o aa an)) p) g m))
aw aa g aw av v j c aw (ak i d (au (ag j o) (g at) s at) ao au) v j c aw (ak i d (au (ag j o) (g at) s at) ao au) v j c aw (ak i d (au (ag j o) (g at) s at) ao au) v j c b (ak i d (au (ag j o) (b g at) s at) ao au) a ae n aj aq (y g aq) am aa q y (aa p) t i B am h t (C ab) ae ac (w ai (D m q a au (E F G H I J K L (x ai k) M N a ad ak aj o aj ad af O h m P ar am) aa)) Q ah h R o S ag c (e i ag T) s i (r U (an j o (V aq)) (W (X (ar Y Z (AA i a i (u af al)) at) af ar (AB e (e ag o aa an)) p) g m))
d b ax s an i n ag al p g aw av v j c aw (ak i d (au (ag j o) (g at) s at) ao au) v j c aw (ak i d (au (ag j o) (g at) s at) ao au) v j c aw (ak i d (au (ag j o) (g at) s at) ao au) v j c b (ak i d (au (ag j o) (b g at) s at) ao au) a ae n aj aq (y g aq) am aa q y (aa p) t i B am h t (C ab) ae ac (w ai (D m q a au (E F G H I J K L (x ai k) M N a ad ak aj o aj ad af O h m P ar am) aa)) Q ah h R o S ag c (e i ag T) s i (r U (an j o (V aq)) (W (X (ar Y Z (AA i a i (u af al)) at) af ar (AB e (e ag o aa an)) p) g m))
ar f n k i n ag al p g aw av v j c aw (ak i d (au (ag j o) (g at) s at) ao au) v j c aw (ak i d (au (ag j o) (g at) s at) ao au) v j c aw (ak i d (au (ag j o) (g at) s at) ao au) v j c b (ak i d (au (ag j o) (b g at) s at) ao au) a ae n aj aq (y g aq) am aa q y (aa p) t i B am h t (C ab) ae ac (w ai (D m q a au (E F G H I J K L (x ai k) M N a ad ak aj o aj ad af O h m P ar am) aa)) Q ah h R o S ag c (e i ag T) s i (r U (an j o (V aq)) (W (X (ar Y Z (AA i a i (u af al)) at) af ar (AB e (e ag o aa an)) p) g m))
p al (ag j o) i d d g aw av v j c aw (ak i d (au (ag j o) (g at) s at) ao au) v j c aw (ak i d (au (ag j o) (g at) s at) ao au) v j c aw (ak i d (au (ag j o) (g at) s at) ao au) v j c b (ak i d (au (ag j o) (b g at) s at) ao au) a ae n aj aq (y g aq) am aa q y (aa p) t i B am h t (C ab) ae ac (w ai (D m q a au (E F G H I J K L (x ai k) M N a ad ak aj o aj ad af O h m P ar am) aa)) Q ah h R o S ag c (e i ag T) s i (r U (an j o (V aq)) (W (X (ar Y Z (AA i a i (u af al)) at) af ar (AB e (e ag o aa an)) p) g m))
ag j o c aw (ak i d (au (ag j o) (g at) s at) ao au) v j c aw (ak i d (au (ag j o) (g at) s at) ao au) v j c aw (ak i d (au (ag j o) (g at) s at) ao au) v j c aw (ak i d (au (ag j o) (g at) s at) ao au) v j c b (ak i d (au (ag j o) (b g at) s at) ao au) a ae n aj aq (y g aq) am aa q y (aa p) t i B am h t (C ab) ae ac (w ai (D m q a au (E F G H I J K L (x ai k) M N a ad ak aj o aj ad af O h m P ar am) aa)) Q ah h R o S ag c (e i ag T) s i (r U (an j o (V aq)) (W (X (ar Y Z (AA i a i (u af al)) at) af ar (AB e (e ag o aa an)) p) g m))
aw aa g aw av v j c aw (ak i d (au (ag j o) (g at) s at) ao au) v j c aw (ak i d (au (ag j o) (g at) s at) ao au) v j c aw (ak i d (au (ag j o) (g at) s at) ao au) v j c aw (ak i d (au (ag j o) (g at) s at) ao au) v j c b (ak i d (au (ag j o) (b g at) s at) ao au) a ae n aj aq (y g aq) am aa q y (aa p) t i B am h t (C ab) ae ac (w ai (D m q a au (E F G H I J K L (x ai k) M N a ad ak aj o aj ad af O h m P ar am) aa)) Q ah h R o S ag c (e i ag T) s i (r U (an j o (V aq)) (W (X (ar Y Z (AA i a i (u af al)) at) af ar (AB e (e ag o aa an)) p) g m))


