a bd az bb ba bc = bd (az bb) ai (am q (k ax) au) ak ar q
b ba bc bd az bb = ae at l p (u h x al) l c az ap ax
c ba bc bb bd be az bf = e at ag (i (ae r) at o) ay al v ak w u
d az bd bf be bc bg bb ba = p ak (b s o) ax ab ax (au ae) ba aa a aj at
e bc az bd bb ba = r h (bd u (w (az (bc v at aw) ab ap i q)))
f bf ba az bc bd be bb = aq (w (be r az (af am) bb p) bf) (w at)
g ba bc az bb = y az bc d ap bc aa n at (ay am k f a ae)
h az ba bc bb = j ay (az ba) ap ag ac (ae ax (bb z ae ak))
i ba az bb = am an ba ac ao e u ag au ab
j bd az bc bf be ba bb = v u u at p at e (d ag am)
k az bc bb ba = ao a r h (v bc) f af
l bb ba bc bd az = ay (a (ao ab)) m ab (bb aq al (p z i))
m az bc bb be bd ba = ac bc j ae ai h k ag au al i ak
n bf bc bd bb bg ba be az = ak ah a ad f ae au b ah j at i
o bb be ba bc az bf bd bg = aj e b j f i ap aq ak (an aa ay af az) (x u)
p bd bc ba az bb be = aa w e (ae l aw q d aj av ad az u g)
q ba az = aj (c (ba v ba)) m (b b v) ad l ai (aa r)
r bf bd bc bb ba az be = bc ap ai ah d av af be a x
s ba bc be bd bb az = ak ba j at au c ad
t bb bf az bd be bg ba bc = ai be (c m b aq bb af (k m (q l f bg i q)))
u bc be ba az bb bd = j ap m af o e ak ba c am e (ar ao bd ba)
v bb bd bc be ba bf az = s bd q (h bc) au r ap bb aw t y o e
w az bb bc be ba bd = af af u j (f f) (ac (x aq g i at l ad))
x ba bb az bd bc be = ay (w (av al)) (aj az u m f e bd ba t ah)
y = p ak (ai (ab (b e x) (h aw t ae x)))
z bc bb bf be az bd ba = ar bc v p ay ba al al bb aj ad bc a ap u ad
aa bd az bc bb ba = z ba bb bb v am a af bd (t bb (x at g))
ab bc ba az bb be bf bd bg = bc ao (b i bd r aq ag) o c q bd ae y ac
ac ba bf az bg be bd bb bc = aw au at v r ah g ap (ad ap bb bf) ay bc o ad
ad bb az bc ba = r aw x m o b ah b h m l at
ae = ai aq d (w p (n m ar o aq) am (i aq y aa am))
af ba bc az bd bg be bf bb = k av ad ay z y i am m ac (r r) y f (al w)
ag bc bb ba az bd = av bc g v c f aa t (ad am (aw x ak))
ah ba az bc bb = n (bc (ba f am ap) e h af)
ai az bd ba bb bc = bb x bc aa aj ap ba (bc ad ay (n x ba af))
aj az = ae au b ai u
ak bd bc ba az bb = az aq aj af bd ao aq ae ab ai ba ax ag
al bc bb bd az ba be = l ac bb (x av) bd z
am ba bb bc az = t h bb ak b (ao f (s ac ar ad))
an bf bg be bd bb bc ba az = y s l ak ba ax ag v ax ap au
ao be bf az bb bc ba bd = v (aj aa) (aq af (m ag y au))
ap az bb bd ba be bg bc bf = aw k i aq ba (aj al (k (af an s o b)) k) ax
aq bc ba be bd bb az = k c (bc u n) ar d c (t aj)
ar be ba bc bd az bb = be v q ac ac (al v (d bb x (av ae l aa q)))
at az bc ba bb bd = t (aw ap bc) f ag ax n k
au bb ba be bd az bc bg bf = ay ag ab (ax m u ax) a z aa ah (ak x y q)
av az bc bb ba bf bg bd be = f am al l ar ah aa k al j (s p y)
aw bb bd ba az bc = bc (am am bc bb) g (u au g bd) bc am r ar
ax bb az bc ba = bc t o d (k aq) ar bc (t ae ag r aa) (ad t)
ay bb ba az = az n
main = A B C al (D E u m) (F (G y H) I J (ay av (K (L d (i (M (ab N i z (O P at) (Q af) R o ag (b (ao (S T U V W am X m) t x r k (w av) (s (Y Z an ah at h)) au ah (ae (ar AA AB AC AD AE AF x ac i ao m (AG AH AI AJ (ac t AK) c u ak ak (AL AM z t ab c)))) z) ah h c k k) p) i) f y al e)))))
------------------------------------------------------------
A B C al (D E u m) (F (G y H) I J (ay av (K (L d (i (M (ab N i z (O P at) (Q af) R o ag (b (ao (S T U V W am X m) t x r k (w av) (s (Y Z an ah at h)) au ah (ae (ar AA AB AC AD AE AF x ac i ao m (AG AH AI AJ (ac t AK) c u ak ak (AL AM z t ab c)))) z) ah h c k k) p) i) f y al e)))))
A B C al (D E u m) (F (G y H) I J (ay av (K (L d (am an (M (ab N i z (O P at) (Q af) R o ag (b (ao (S T U V W am X m) t x r k (w av) (s (Y Z an ah at h)) au ah (ae (ar AA AB AC AD AE AF x ac i ao m (AG AH AI AJ (ac t AK) c u ak ak (AL AM z t ab c)))) z) ah h c k k) p) i) ac ao e u ag au ab al e)))))
A B C al (D E u m) (F (G y H) I J (ay av (K (L d (t h (M (ab N i z (O P at) (Q af) R o ag (b (ao (S T U V W am X m) t x r k (w av) (s (Y Z an ah at h)) au ah (ae (ar AA AB AC AD AE AF x ac i ao m (AG AH AI AJ (ac t AK) c u ak ak (AL AM z t ab c)))) z) ah h c k k) p) i) ak b (ao f (s ac ar ad)) e u ag au ab al e)))))
A B C al (D E u m) (F (G y H) I J (ay av (K (L d (ai (ao f (s ac ar ad)) (c m b aq h af (k m (q l f e i q))) au ab al e)))))
A B C al (D E u m) (F (G y H) I J (ay av (K (L d (ab x al aa aj ap au (al ad ay (n x au af)) e)))))
A B C al (D E u m) (F (G y H) I J (ay av (K (L d (x ao (b i (al ad ay (n x au af)) r aq ag) o c q (al ad ay (n x au af)) ae y ac)))))
A B C al (D E u m) (F (G y H) I J (ay av (K (L d (ay (w (av al)) (aj o u m f e c ao t ah) ae y ac)))))
A B C al (D E u m) (F (G y H) I J (ay av (K (L d (ae n y ac)))))
A B C al (D E u m) (F (G y H) I J (ay av (K (L d (ai aq d (w p (n m ar o aq) am (i aq y aa am)) n y ac)))))
A B C al (D E u m) (F (G y H) I J (ay av (K (L d (n x y aa aj ap (w p (n m ar o aq) am (i aq y aa am)) (y ad ay (n x (w p (n m ar o aq) am (i aq y aa am)) af)) ac)))))
A B C al (D E u m) (F (G y H) I J (ay av (K (L d (ak ah a ad f ae au b ah j at i)))))
A B C al (D E u m) (F (G y H) I J (ay av (K (L d (f aq aj af ah ao aq ae ab ai ad ax ag au b ah j at i)))))
A B C al (D E u m) (F (G y H) I J (ay av (K (L d (aq (w (aq r af (af am) ae p) aq) (w at) ab ai ad ax ag au b ah j at i)))))
A B C al (D E u m) (F (G y H) I J (ay av (K (L d (k c (w (aq r af (af am) ae p) aq u n) ar d c (t aj) ag au b ah j at i)))))
A B C al (D E u m) (F (G y H) I J (ay av (K (L d (ao a r h (v (w (aq r af (af am) ae p) aq u n)) f af c (t aj) ag au b ah j at i)))))
A B C al (D E u m) (F (G y H) I J (ay av (K (L d (v (aj aa) (aq af (m ag y au)) (t aj) ag au b ah j at i)))))
A B C al (D E u m) (F (G y H) I J (ay av (K (L d (s (aq af (m ag y au)) q (h (t aj)) au r ap (aj aa) aw t y o e j at i)))))
A B C al (D E u m) (F (G y H) I J (ay av (K (L d (ak (aq af (m ag y au)) j at au c ad (aj aa) aw t y o e j at i)))))
A B C al (D E u m) (F (G y H) I J (ay av (K (L d (au aq aj af (aq af (m ag y au)) ao aq ae ab ai at ax ag ad (aj aa) aw t y o e j at i)))))
A B C al (D E u m) (F (G y H) I J (ay av (K (L d (ay ag ab (ax m u ax) a z aa ah (ak x y q) ai at ax ag ad (aj aa) aw t y o e j at i)))))
A B C al (D E u m) (F (G y H) I J (ay av (K (L d (ax m u ax n a z aa ah (ak x y q) ai at ax ag ad (aj aa) aw t y o e j at i)))))
A B C al (D E u m) (F (G y H) I J (ay av (K (L d (ax t o d (k aq) ar ax (t ae ag r aa) (ad t) a z aa ah (ak x y q) ai at ax ag ad (aj aa) aw t y o e j at i)))))
A B C al (D E u m) (F (G y H) I J (ay av (K (L d (d t o d (k aq) ar d (t ae ag r aa) (ad t) ar ax (t ae ag r aa) (ad t) a z aa ah (ak x y q) ai at ax ag ad (aj aa) aw t y o e j at i)))))
A B C al (D E u m) (F (G y H) I J (ay av (K (L d (p ak (b s o) ax ab ax (au ae) (ad t) aa a aj at ar ax (t ae ag r aa) (ad t) a z aa ah (ak x y q) ai at ax ag ad (aj aa) aw t y o e j at i)))))
A B C al (D E u m) (F (G y H) I J (ay av (K (L d (aa w e (ae l aw q d aj av ad ab u g) (ad t) aa a aj at ar ax (t ae ag r aa) (ad t) a z aa ah (ak x y q) ai at ax ag ad (aj aa) aw t y o e j at i)))))
A B C al (D E u m) (F (G y H) I J (ay av (K (L d (z aa (ad t) (ad t) v am a af w (t (ad t) (x at g)) a aj at ar ax (t ae ag r aa) (ad t) a z aa ah (ak x y q) ai at ax ag ad (aj aa) aw t y o e j at i)))))
A B C al (D E u m) (F (G y H) I J (ay av (K (L d (ar aa v p ay af al al (ad t) aj ad aa a ap u ad w (t (ad t) (x at g)) a aj at ar ax (t ae ag r aa) (ad t) a z aa ah (ak x y q) ai at ax ag ad (aj aa) aw t y o e j at i)))))
A B C al (D E u m) (F (G y H) I J (ay av (K (L d (aa v q ac ac (al v (d al x (av ae l aa q))) al (ad t) aj ad aa a ap u ad w (t (ad t) (x at g)) a aj at ar ax (t ae ag r aa) (ad t) a z aa ah (ak x y q) ai at ax ag ad (aj aa) aw t y o e j at i)))))
A B C al (D E u m) (F (G y H) I J (ay av (K (L d (z (al v (d al x (av ae l aa q))) ac ac v am a af v (t ac (x at g)) al (ad t) aj ad aa a ap u ad w (t (ad t) (x at g)) a aj at ar ax (t ae ag r aa) (ad t) a z aa ah (ak x y q) ai at ax ag ad (aj aa) aw t y o e j at i)))))
A B C al (D E u m) (F (G y H) I J (ay av (K (L d (ar (al v (d al x (av ae l aa q))) v p ay af al al ac aj ad (al v (d al x (av ae l aa q))) a ap u ad v (t ac (x at g)) al (ad t) aj ad aa a ap u ad w (t (ad t) (x at g)) a aj at ar ax (t ae ag r aa) (ad t) a z aa ah (ak x y q) ai at ax ag ad (aj aa) aw t y o e j at i)))))


