a bg bc be az bd bf bb ba o d ar (az be ae) v ap g ba x bd s az m
b az l q ab af (j a az) ap d af aa az aw p
c ba az bb bd bc y ag ar a (e r w o aa bb bc ar)
d ba bb az ac au az ay m (aw e at) ax c (z (v ai m))
e bc bd az ba bb m av f h ak aw at x ak aw y s (u au i)
f bb ba az ay ba am v aq ba ag l aa a (aj ac ax) aj
g ba az bd bb bc bc a (au z af (n (p i) b am q c) x aj) aq
h bd ba bb az bc be aa au f (y a f w)
i be ba bc az bf bb bg bd av (bf ah r) ah t w be (av g g au)
j ba bc bf bb bd az be at (u g ak at ag) at am o r ai t (bb l k) u
k bb ba az bc v ba o (z bb (ac ap aq) ab at ax r au u)
l ba bb az bc bb w j (r (aa an z) w) j ax
m bd bc az be ba bb v ag p (bc aw s ah) (al d) (q ar)
n ba bd bc be az bb ao (r s ad b t ax v aw) l
o az bb ba ae m c ag az u l ac y r ac az ac (az bb v)
p bb az bc ba bd bd ax b bc bc bc (y aa z d) aa ab w aw
q bb ba be bc bd az al ap an ap
r az ba bb aj p (y ba v aw k (ab ao aa) az l ba av al)
s ba az bb bc c bb f ah ai ai j ag
t bd bb az bc ba av aq d aj n ae ab o s ax d
u bc ba az bg bd bf be bb z aq ac (af e v)
v ba az g ab (p ap al az ah (ao (b u)) m w) i g j am
w be ba bg bb bf bc az bd ao bg ap q ax ap f aw ah q af am ah bc au
x bb bd az ba be bc ah ac af be (y (an e au ai n) bd j (e f) i v)
y be bf bc ba az bb bd a aj q ag t m (r ap) h ai z bc z l l
z ar (ae s) ay aj ah j (ai i) ap c
aa ba az bb v ao at (az f bb ba a (e b (v f ai aq)) ax aj)
ab az d o (ao az ay aj ap s ao az az f)
ac bd be az bc bb ba h v c w al e z bb t at
ad ba az bd bb bc j (ae b u) h d ak l (z ab ar) ak
ae bb az bd ba bc av (t au y ba bb) p ai am ak bb r ak
af be ba bd bf bg bb az bc bb (l (f c ag) ap) r ac (ac s)
ag bf bg bd bb az bc be ba s bb h j p ad ar ad (ap d) a (s w)
ah bc ba be bd bb bf az ay az v (q bf) t
ai bd bc bf az ba bb be bd m p (v r) z ah (ay (at ak) i q ao) x af
aj ba bb az ap ax q s (s (g q am) b i i)
ak az ba bb ap (af m)
al bd ba be bg bc az bf bb t aw an ag bg ak (bf ab af) j (ar i m)
am bc bb bd bf az be ba o t an at i g
an bc ba bd be bb az bf s ab e (p (y y o bb (ae l ar n ae ad e)))
ao bb be bg bf ba az bc bd s au aj bd
ap ba bf bc bg bb bd az be u (al am ad w af ao x (m k aw at ak))
aq be bd bg bb bc ba bf az d ax l b (f au ad ar v af) w n
ar az ba g m at k (q ae (az ag) (az v ay) r ad aw) g
at bd bg ba bb az be bc bf q aa y (ap a q q ao ae n)
au ba az bb bc bc ay ah ac am
av ba bc bd az be bb bf bf g (d s) (r j (k d aq bc a a))
aw bc bf be bb bd ba az ai aq (at ar ab ak p (d ai u ar be c h ae))
ax bb ba be bd az bc bf aj be ba r r (bf bd (av d n ba ar o))
ay az az t aj u ab (ae az aw ad c x j aq) a c aw
main A B C aa D al E ad (ax (F ab G H) i (ap aq aw (I am aa p l) v) q aj) (y (J (s i (ap ar)) r at x) ad u a w (K w (L M N ai O j P Q) ak g u a ai) af (w an e aj R al x a (ag (S ab u ap (m (T U a) q ax h al (au aj m aw) (af ag (ac j av (aj d w) af aw av) j am ad m u) o V W aj at)))))
------------------------------------------------------------
A B C aa D al E ad (ax (F ab G H) i (ap aq aw (I am aa p l) v) q aj) (y (J (s i (ap ar)) r at x) ad u a w (K w (L M N ai O j P Q) ak g u a ai) af (w an e aj R al x a (ag (S ab u ap (m (T U a) q ax h al (au aj m aw) (af ag (ac j av (aj d w) af aw av) j am ad m u) o V W aj at)))))
A B C aa D al E ad (ax (F ab G H) i (ap aq aw (I am aa p l) v) q aj) (a aj q ag t m (r ap) h ai z u z l l (w an e aj R al x a (ag (S ab u ap (m (T U a) q ax h al (au aj m aw) (af ag (ac j av (aj d w) af aw av) j am ad m u) o V W aj at)))))
A B C aa D al E ad (ax (F ab G H) i (ap aq aw (I am aa p l) v) q aj) (o d ar (t ag ae) v ap g ai x m s t m z u z l l (w an e aj R al x a (ag (S ab u ap (m (T U a) q ax h al (au aj m aw) (af ag (ac j av (aj d w) af aw av) j am ad m u) o V W aj at)))))
A B C aa D al E ad (ax (F ab G H) i (ap aq aw (I am aa p l) v) q aj) (ae m c ag d u l ac y r ac d ac (d ar v) v ap g ai x m s t m z u z l l (w an e aj R al x a (ag (S ab u ap (m (T U a) q ax h al (au aj m aw) (af ag (ac j av (aj d w) af aw av) j am ad m u) o V W aj at)))))
A B C aa D al E ad (ax (F ab G H) i (ap aq aw (I am aa p l) v) q aj) (av (t au y d m) p ai am ak m r ak l ac y r ac d ac (d ar v) v ap g ai x m s t m z u z l l (w an e aj R al x a (ag (S ab u ap (m (T U a) q ax h al (au aj m aw) (af ag (ac j av (aj d w) af aw av) j am ad m u) o V W aj at)))))
A B C aa D al E ad (ax (F ab G H) i (ap aq aw (I am aa p l) v) q aj) (r g (d s) (r j (k d aq p a a)) ak l ac y r ac d ac (d ar v) v ap g ai x m s t m z u z l l (w an e aj R al x a (ag (S ab u ap (m (T U a) q ax h al (au aj m aw) (af ag (ac j av (aj d w) af aw av) j am ad m u) o V W aj at)))))
A B C aa D al E ad (ax (F ab G H) i (ap aq aw (I am aa p l) v) q aj) (aj p (y (d s) v aw k (ab ao aa) g l (d s) av al) ak l ac y r ac d ac (d ar v) v ap g ai x m s t m z u z l l (w an e aj R al x a (ag (S ab u ap (m (T U a) q ax h al (au aj m aw) (af ag (ac j av (aj d w) af aw av) j am ad m u) o V W aj at)))))
A B C aa D al E ad (ax (F ab G H) i (ap aq aw (I am aa p l) v) q aj) (ap ax q s (s (g q am) b i i) l ac y r ac d ac (d ar v) v ap g ai x m s t m z u z l l (w an e aj R al x a (ag (S ab u ap (m (T U a) q ax h al (au aj m aw) (af ag (ac j av (aj d w) af aw av) j am ad m u) o V W aj at)))))
A B C aa D al E ad (ax (F ab G H) i (ap aq aw (I am aa p l) v) q aj) (u (al am ad w af ao x (m k aw at ak)) ac d ac (d ar v) v ap g ai x m s t m z u z l l (w an e aj R al x a (ag (S ab u ap (m (T U a) q ax h al (au aj m aw) (af ag (ac j av (aj d w) af aw av) j am ad m u) o V W aj at)))))
A B C aa D al E ad (ax (F ab G H) i (ap aq aw (I am aa p l) v) q aj) (z aq ac (af e v) ai x m s t m z u z l l (w an e aj R al x a (ag (S ab u ap (m (T U a) q ax h al (au aj m aw) (af ag (ac j av (aj d w) af aw av) j am ad m u) o V W aj at)))))
A B C aa D al E ad (ax (F ab G H) i (ap aq aw (I am aa p l) v) q aj) (ar (ae s) ay aj ah j (ai i) ap c aq ac (af e v) ai x m s t m z u z l l (w an e aj R al x a (ag (S ab u ap (m (T U a) q ax h al (au aj m aw) (af ag (ac j av (aj d w) af aw av) j am ad m u) o V W aj at)))))
A B C aa D al E ad (ax (F ab G H) i (ap aq aw (I am aa p l) v) q aj) (g m at k (q ae (ae s ag) (ae s v ay) r ad aw) g aj ah j (ai i) ap c aq ac (af e v) ai x m s t m z u z l l (w an e aj R al x a (ag (S ab u ap (m (T U a) q ax h al (au aj m aw) (af ag (ac j av (aj d w) af aw av) j am ad m u) o V W aj at)))))
A B C aa D al E ad (ax (F ab G H) i (ap aq aw (I am aa p l) v) q aj) (g a (au z af (n (p i) b am q c) x aj) aq aj ah j (ai i) ap c aq ac (af e v) ai x m s t m z u z l l (w an e aj R al x a (ag (S ab u ap (m (T U a) q ax h al (au aj m aw) (af ag (ac j av (aj d w) af aw av) j am ad m u) o V W aj at)))))
A B C aa D al E ad (ax (F ab G H) i (ap aq aw (I am aa p l) v) q aj) (ah a (au z af (n (p i) b am q c) x aj) aq j (ai i) ap c aq ac (af e v) ai x m s t m z u z l l (w an e aj R al x a (ag (S ab u ap (m (T U a) q ax h al (au aj m aw) (af ag (ac j av (aj d w) af aw av) j am ad m u) o V W aj at)))))
A B C aa D al E ad (ax (F ab G H) i (ap aq aw (I am aa p l) v) q aj) (ay c v (q ap) t aq ac (af e v) ai x m s t m z u z l l (w an e aj R al x a (ag (S ab u ap (m (T U a) q ax h al (au aj m aw) (af ag (ac j av (aj d w) af aw av) j am ad m u) o V W aj at)))))
A B C aa D al E ad (ax (F ab G H) i (ap aq aw (I am aa p l) v) q aj) (c t aj u ab (ae c aw ad c x j aq) a c aw v (q ap) t aq ac (af e v) ai x m s t m z u z l l (w an e aj R al x a (ag (S ab u ap (m (T U a) q ax h al (au aj m aw) (af ag (ac j av (aj d w) af aw av) j am ad m u) o V W aj at)))))
A B C aa D al E ad (ax (F ab G H) i (ap aq aw (I am aa p l) v) q aj) (y ag ar a (e r w o aa u (ae c aw ad c x j aq) ar) a c aw v (q ap) t aq ac (af e v) ai x m s t m z u z l l (w an e aj R al x a (ag (S ab u ap (m (T U a) q ax h al (au aj m aw) (af ag (ac j av (aj d w) af aw av) j am ad m u) o V W aj at)))))
A B C aa D al E ad (ax (F ab G H) i (ap aq aw (I am aa p l) v) q aj) (a aj q ag t m (r ap) h ai z a z l l v (q ap) t aq ac (af e v) ai x m s t m z u z l l (w an e aj R al x a (ag (S ab u ap (m (T U a) q ax h al (au aj m aw) (af ag (ac j av (aj d w) af aw av) j am ad m u) o V W aj at)))))
A B C aa D al E ad (ax (F ab G H) i (ap aq aw (I am aa p l) v) q aj) (o d ar (t ag ae) v ap g ai x m s t m z a z l l v (q ap) t aq ac (af e v) ai x m s t m z u z l l (w an e aj R al x a (ag (S ab u ap (m (T U a) q ax h al (au aj m aw) (af ag (ac j av (aj d w) af aw av) j am ad m u) o V W aj at)))))
A B C aa D al E ad (ax (F ab G H) i (ap aq aw (I am aa p l) v) q aj) (ae m c ag d u l ac y r ac d ac (d ar v) v ap g ai x m s t m z a z l l v (q ap) t aq ac (af e v) ai x m s t m z u z l l (w an e aj R al x a (ag (S ab u ap (m (T U a) q ax h al (au aj m aw) (af ag (ac j av (aj d w) af aw av) j am ad m u) o V W aj at)))))
A B C aa D al E ad (ax (F ab G H) i (ap aq aw (I am aa p l) v) q aj) (av (t au y d m) p ai am ak m r ak l ac y r ac d ac (d ar v) v ap g ai x m s t m z a z l l v (q ap) t aq ac (af e v) ai x m s t m z u z l l (w an e aj R al x a (ag (S ab u ap (m (T U a) q ax h al (au aj m aw) (af ag (ac j av (aj d w) af aw av) j am ad m u) o V W aj at)))))
A B C aa D al E ad (ax (F ab G H) i (ap aq aw (I am aa p l) v) q aj) (r g (d s) (r j (k d aq p a a)) ak l ac y r ac d ac (d ar v) v ap g ai x m s t m z a z l l v (q ap) t aq ac (af e v) ai x m s t m z u z l l (w an e aj R al x a (ag (S ab u ap (m (T U a) q ax h al (au aj m aw) (af ag (ac j av (aj d w) af aw av) j am ad m u) o V W aj at)))))
A B C aa D al E ad (ax (F ab G H) i (ap aq aw (I am aa p l) v) q aj) (aj p (y (d s) v aw k (ab ao aa) g l (d s) av al) ak l ac y r ac d ac (d ar v) v ap g ai x m s t m z a z l l v (q ap) t aq ac (af e v) ai x m s t m z u z l l (w an e aj R al x a (ag (S ab u ap (m (T U a) q ax h al (au aj m aw) (af ag (ac j av (aj d w) af aw av) j am ad m u) o V W aj at)))))
A B C aa D al E ad (ax (F ab G H) i (ap aq aw (I am aa p l) v) q aj) (ap ax q s (s (g q am) b i i) l ac y r ac d ac (d ar v) v ap g ai x m s t m z a z l l v (q ap) t aq ac (af e v) ai x m s t m z u z l l (w an e aj R al x a (ag (S ab u ap (m (T U a) q ax h al (au aj m aw) (af ag (ac j av (aj d w) af aw av) j am ad m u) o V W aj at)))))
A B C aa D al E ad (ax (F ab G H) i (ap aq aw (I am aa p l) v) q aj) (u (al am ad w af ao x (m k aw at ak)) ac d ac (d ar v) v ap g ai x m s t m z a z l l v (q ap) t aq ac (af e v) ai x m s t m z u z l l (w an e aj R al x a (ag (S ab u ap (m (T U a) q ax h al (au aj m aw) (af ag (ac j av (aj d w) af aw av) j am ad m u) o V W aj at)))))
A B C aa D al E ad (ax (F ab G H) i (ap aq aw (I am aa p l) v) q aj) (z aq ac (af e v) ai x m s t m z a z l l v (q ap) t aq ac (af e v) ai x m s t m z u z l l (w an e aj R al x a (ag (S ab u ap (m (T U a) q ax h al (au aj m aw) (af ag (ac j av (aj d w) af aw av) j am ad m u) o V W aj at)))))
A B C aa D al E ad (ax (F ab G H) i (ap aq aw (I am aa p l) v) q aj) (ar (ae s) ay aj ah j (ai i) ap c aq ac (af e v) ai x m s t m z a z l l v (q ap) t aq ac (af e v) ai x m s t m z u z l l (w an e aj R al x a (ag (S ab u ap (m (T U a) q ax h al (au aj m aw) (af ag (ac j av (aj d w) af aw av) j am ad m u) o V W aj at)))))
A B C aa D al E ad (ax (F ab G H) i (ap aq aw (I am aa p l) v) q aj) (g m at k (q ae (ae s ag) (ae s v ay) r ad aw) g aj ah j (ai i) ap c aq ac (af e v) ai x m s t m z a z l l v (q ap) t aq ac (af e v) ai x m s t m z u z l l (w an e aj R al x a (ag (S ab u ap (m (T U a) q ax h al (au aj m aw) (af ag (ac j av (aj d w) af aw av) j am ad m u) o V W aj at)))))
A B C aa D al E ad (ax (F ab G H) i (ap aq aw (I am aa p l) v) q aj) (g a (au z af (n (p i) b am q c) x aj) aq aj ah j (ai i) ap c aq ac (af e v) ai x m s t m z a z l l v (q ap) t aq ac (af e v) ai x m s t m z u z l l (w an e aj R al x a (ag (S ab u ap (m (T U a) q ax h al (au aj m aw) (af ag (ac j av (aj d w) af aw av) j am ad m u) o V W aj at)))))
A B C aa D al E ad (ax (F ab G H) i (ap aq aw (I am aa p l) v) q aj) (ah a (au z af (n (p i) b am q c) x aj) aq j (ai i) ap c aq ac (af e v) ai x m s t m z a z l l v (q ap) t aq ac (af e v) ai x m s t m z u z l l (w an e aj R al x a (ag (S ab u ap (m (T U a) q ax h al (au aj m aw) (af ag (ac j av (aj d w) af aw av) j am ad m u) o V W aj at)))))


