a be bf bb bd ba az bc = o av bb q f
b bb ba bc be az bf bd = o ar g ax aw v af az be ai r (au aq ab)
c bd be az ba bc bf bb = af (b (ah (at ak am ah m) u p))
d bb be bc ba bd az = af bd q ad z
e bb ba bc az be bd = p af u t t au v g l b m aj
f bb az bc ba bd = az ae bd z ar
g ba bd bc az bb = ar ac al ax au j w p m c h bd (bd j an o)
h ba bd bb az bc be = ab ar k (bb b) ao aa n
i az bc bd bb ba = ak bd aw (ap n w s c ah l ba bc m)
j az bb ba = ba bb ax (ay x) ba x
k bc ba bb az bd bf be = ay z (a bb) (n f (al ag) ar) e ax am az (v ak au)
l bd ba az bc bf be bg bb = bd aq an al ai an r r (h (ad h (ar be aj)) i)
m bg bd ba az bb bc be bf = t ar ah ak (x q ay t) ah e
n bc bb ba bg bd be bf az = m z i ab d e w bf t bf (ad c (av h s ai))
o be bd az bf bc bb ba = ac be a bb (bd l (l ar) ag (ae ai ay))
p az ba = d al (k (al ba (e m (c az) ai c az) v ar q))
q ba be bd bb bc az = j c g s w ah bc al ae (ad ad) x
r bf be bb bc bd ba az = av l a a bb ac b aw ai ak al be s (ai m)
s bd az ba be bc bb = o ap u ay af (bb ag (p k ba an aj ar))
t bd ba bb be bc az = ay ag ao be ae m ai
u bc be bb bd ba az = f t av (ad at bd (ae (r (aq n s v ae))))
v bd bc bb az bf be ba = g j ac (f ay h (bc be h (r (g bf be af x bd))))
w bb bd az ba be bc = d aq d au ak
x az ba = am h c al aw m (aq ap ba y) an
y bb ba bc bf be bg az bd = b ac ax m s h r w x j o
z bb az bd ba bc = k i w (ae ba ac ar) au
aa az bf bc bd be ba bb = bc z am x k bc (h (at f e am b b))
ab az bd bc be ba bb = k (ax q ay (w bb aq h p al))
ac bb bd be ba az bc = g u an bb ap ag ba i bd f bd e w (ba az b)
ad bc bb ba bd az = aj aq az d al t aw ax (l av (bc f ar) s)
ae ba bb bg az bd be bc bf = ag x w e s r t y ar n be bc
af az bb bd bf ba bc bg be = ab ae ak ah (z w (k ay)) b n c bg
ag bc ba bb az bf be bd = ac ax l r (ay ai u (w c (b y e al p an ae)))
ah bd az ba bc be bb = ar (r (ak g) (j (aa c k) i))
ai az ba bc bb bd = p n bb ax g ax (aa ay n bc n bb (al aw ax u))
aj az = t p ad (m av k) n am (ac az (b ah) (ad w ay))
ak ba bb bc az = bc (ai az (ac ao av az aj ax)) o aw
al ba az = a (am (l e) ak) z ad l h r az aa y
am az be ba bc bb bd = an (be az n (h ba f y ag h p o))
an az bd bf ba bc be bb = x ao y bb al p ak c ab t y w
ao ba bb bc bd bf be az = d (e an x k be q (u az r aq) ba f) v
ap ba az bb = ak ar p h (h s z) ab z c ae e
aq az bd bb bf bg bc be ba = c w a aj al t s be l (be ah) (m bb bc) f
ar bb bf be bd bc bg ba az = at aj an bc y aa ba af bc
at bc bb az ba = o ap ba an al (x bb) am (v (b s s w))
au az ba bb bc = b r b ba q ah d v
av az = ai ai f az am ai az ar az (az ao an (h ao z))
aw az bb ba = h u bb d ba b (az (o k) ar p ar)
ax bb az bf bc bd ba be = u bf az n aq (az z) ac ba t l ae a s az
ay be bf bg az ba bd bc bb = f i p h an av au ac al ax ba ad (ao ae)
main = A c (at B ae (C D (E (ar v am ar q q (z F au ap q e) l (G (s aq (H I (p J am a (K (z h L ag e (M ag aw N) (O P (af (h t)) (Q f) (x ad i ax p R (am l t) (S ax ao au T) n i o U j v g) (af f ay v) s x ax)) V ab (a ag) at) ad ae e c W ap (h z X)) (ao ap) Y Z AA AB AC ar am) ah n))))))
------------------------------------------------------------
A c (at B ae (C D (E (ar v am ar q q (z F au ap q e) l (G (s aq (H I (p J am a (K (z h L ag e (M ag aw N) (O P (af (h t)) (Q f) (x ad i ax p R (am l t) (S ax ao au T) n i o U j v g) (af f ay v) s x ax)) V ab (a ag) at) ad ae e c W ap (h z X)) (ao ap) Y Z AA AB AC ar am) ah n))))))
A c (at B ae (C D (E (at aj an q y aa l af q))))
A c (at B ae (C D (E (o ap y an al (x an) am (v (b s s w)) aa l af q))))
A c (at B ae (C D (E (ac ap a am (y l (l ar) ag (ae ai ay)) aa l af q))))
A c (at B ae (C D (E (g u an ap ap ag (y l (l ar) ag (ae ai ay)) i a f a e w (y l (l ar) ag (ae ai ay) aa b) af q))))
A c (at B ae (C D (E (ar ac al ax au j w p m c h an (an j an o) (y l (l ar) ag (ae ai ay)) i a f a e w (y l (l ar) ag (ae ai ay) aa b) af q))))
A c (at B ae (C D (E (at aj an j y aa p af j c h an (an j an o) (y l (l ar) ag (ae ai ay)) i a f a e w (y l (l ar) ag (ae ai ay) aa b) af q))))
A c (at B ae (C D (E (o ap y an al (x an) am (v (b s s w)) aa p af j c h an (an j an o) (y l (l ar) ag (ae ai ay)) i a f a e w (y l (l ar) ag (ae ai ay) aa b) af q))))
A c (at B ae (C D (E (ac ap a am (y l (l ar) ag (ae ai ay)) aa p af j c h an (an j an o) (y l (l ar) ag (ae ai ay)) i a f a e w (y l (l ar) ag (ae ai ay) aa b) af q))))
A c (at B ae (C D (E (g u an ap ap ag (y l (l ar) ag (ae ai ay)) i a f a e w (y l (l ar) ag (ae ai ay) aa b) af j c h an (an j an o) (y l (l ar) ag (ae ai ay)) i a f a e w (y l (l ar) ag (ae ai ay) aa b) af q))))
A c (at B ae (C D (E (ar ac al ax au j w p m c h an (an j an o) (y l (l ar) ag (ae ai ay)) i a f a e w (y l (l ar) ag (ae ai ay) aa b) af j c h an (an j an o) (y l (l ar) ag (ae ai ay)) i a f a e w (y l (l ar) ag (ae ai ay) aa b) af q))))
A c (at B ae (C D (E (at aj an j y aa p af j c h an (an j an o) (y l (l ar) ag (ae ai ay)) i a f a e w (y l (l ar) ag (ae ai ay) aa b) af j c h an (an j an o) (y l (l ar) ag (ae ai ay)) i a f a e w (y l (l ar) ag (ae ai ay) aa b) af q))))
A c (at B ae (C D (E (o ap y an al (x an) am (v (b s s w)) aa p af j c h an (an j an o) (y l (l ar) ag (ae ai ay)) i a f a e w (y l (l ar) ag (ae ai ay) aa b) af j c h an (an j an o) (y l (l ar) ag (ae ai ay)) i a f a e w (y l (l ar) ag (ae ai ay) aa b) af q))))
A c (at B ae (C D (E (ac ap a am (y l (l ar) ag (ae ai ay)) aa p af j c h an (an j an o) (y l (l ar) ag (ae ai ay)) i a f a e w (y l (l ar) ag (ae ai ay) aa b) af j c h an (an j an o) (y l (l ar) ag (ae ai ay)) i a f a e w (y l (l ar) ag (ae ai ay) aa b) af q))))
A c (at B ae (C D (E (g u an ap ap ag (y l (l ar) ag (ae ai ay)) i a f a e w (y l (l ar) ag (ae ai ay) aa b) af j c h an (an j an o) (y l (l ar) ag (ae ai ay)) i a f a e w (y l (l ar) ag (ae ai ay) aa b) af j c h an (an j an o) (y l (l ar) ag (ae ai ay)) i a f a e w (y l (l ar) ag (ae ai ay) aa b) af q))))
A c (at B ae (C D (E (ar ac al ax au j w p m c h an (an j an o) (y l (l ar) ag (ae ai ay)) i a f a e w (y l (l ar) ag (ae ai ay) aa b) af j c h an (an j an o) (y l (l ar) ag (ae ai ay)) i a f a e w (y l (l ar) ag (ae ai ay) aa b) af j c h an (an j an o) (y l (l ar) ag (ae ai ay)) i a f a e w (y l (l ar) ag (ae ai ay) aa b) af q))))
A c (at B ae (C D (E (at aj an j y aa p af j c h an (an j an o) (y l (l ar) ag (ae ai ay)) i a f a e w (y l (l ar) ag (ae ai ay) aa b) af j c h an (an j an o) (y l (l ar) ag (ae ai ay)) i a f a e w (y l (l ar) ag (ae ai ay) aa b) af j c h an (an j an o) (y l (l ar) ag (ae ai ay)) i a f a e w (y l (l ar) ag (ae ai ay) aa b) af q))))
A c (at B ae (C D (E (o ap y an al (x an) am (v (b s s w)) aa p af j c h an (an j an o) (y l (l ar) ag (ae ai ay)) i a f a e w (y l (l ar) ag (ae ai ay) aa b) af j c h an (an j an o) (y l (l ar) ag (ae ai ay)) i a f a e w (y l (l ar) ag (ae ai ay) aa b) af j c h an (an j an o) (y l (l ar) ag (ae ai ay)) i a f a e w (y l (l ar) ag (ae ai ay) aa b) af q))))
A c (at B ae (C D (E (ac ap a am (y l (l ar) ag (ae ai ay)) aa p af j c h an (an j an o) (y l (l ar) ag (ae ai ay)) i a f a e w (y l (l ar) ag (ae ai ay) aa b) af j c h an (an j an o) (y l (l ar) ag (ae ai ay)) i a f a e w (y l (l ar) ag (ae ai ay) aa b) af j c h an (an j an o) (y l (l ar) ag (ae ai ay)) i a f a e w (y l (l ar) ag (ae ai ay) aa b) af q))))
A c (at B ae (C D (E (g u an ap ap ag (y l (l ar) ag (ae ai ay)) i a f a e w (y l (l ar) ag (ae ai ay) aa b) af j c h an (an j an o) (y l (l ar) ag (ae ai ay)) i a f a e w (y l (l ar) ag (ae ai ay) aa b) af j c h an (an j an o) (y l (l ar) ag (ae ai ay)) i a f a e w (y l (l ar) ag (ae ai ay) aa b) af j c h an (an j an o) (y l (l ar) ag (ae ai ay)) i a f a e w (y l (l ar) ag (ae ai ay) aa b) af q))))
A c (at B ae (C D (E (ar ac al ax au j w p m c h an (an j an o) (y l (l ar) ag (ae ai ay)) i a f a e w (y l (l ar) ag (ae ai ay) aa b) af j c h an (an j an o) (y l (l ar) ag (ae ai ay)) i a f a e w (y l (l ar) ag (ae ai ay) aa b) af j c h an (an j an o) (y l (l ar) ag (ae ai ay)) i a f a e w (y l (l ar) ag (ae ai ay) aa b) af j c h an (an j an o) (y l (l ar) ag (ae ai ay)) i a f a e w (y l (l ar) ag (ae ai ay) aa b) af q))))
A c (at B ae (C D (E (at aj an j y aa p af j c h an (an j an o) (y l (l ar) ag (ae ai ay)) i a f a e w (y l (l ar) ag (ae ai ay) aa b) af j c h an (an j an o) (y l (l ar) ag (ae ai ay)) i a f a e w (y l (l ar) ag (ae ai ay) aa b) af j c h an (an j an o) (y l (l ar) ag (ae ai ay)) i a f a e w (y l (l ar) ag (ae ai ay) aa b) af j c h an (an j an o) (y l (l ar) ag (ae ai ay)) i a f a e w (y l (l ar) ag (ae ai ay) aa b) af q))))
A c (at B ae (C D (E (o ap y an al (x an) am (v (b s s w)) aa p af j c h an (an j an o) (y l (l ar) ag (ae ai ay)) i a f a e w (y l (l ar) ag (ae ai ay) aa b) af j c h an (an j an o) (y l (l ar) ag (ae ai ay)) i a f a e w (y l (l ar) ag (ae ai ay) aa b) af j c h an (an j an o) (y l (l ar) ag (ae ai ay)) i a f a e w (y l (l ar) ag (ae ai ay) aa b) af j c h an (an j an o) (y l (l ar) ag (ae ai ay)) i a f a e w (y l (l ar) ag (ae ai ay) aa b) af q))))
A c (at B ae (C D (E (ac ap a am (y l (l ar) ag (ae ai ay)) aa p af j c h an (an j an o) (y l (l ar) ag (ae ai ay)) i a f a e w (y l (l ar) ag (ae ai ay) aa b) af j c h an (an j an o) (y l (l ar) ag (ae ai ay)) i a f a e w (y l (l ar) ag (ae ai ay) aa b) af j c h an (an j an o) (y l (l ar) ag (ae ai ay)) i a f a e w (y l (l ar) ag (ae ai ay) aa b) af j c h an (an j an o) (y l (l ar) ag (ae ai ay)) i a f a e w (y l (l ar) ag (ae ai ay) aa b) af q))))
A c (at B ae (C D (E (g u an ap ap ag (y l (l ar) ag (ae ai ay)) i a f a e w (y l (l ar) ag (ae ai ay) aa b) af j c h an (an j an o) (y l (l ar) ag (ae ai ay)) i a f a e w (y l (l ar) ag (ae ai ay) aa b) af j c h an (an j an o) (y l (l ar) ag (ae ai ay)) i a f a e w (y l (l ar) ag (ae ai ay) aa b) af j c h an (an j an o) (y l (l ar) ag (ae ai ay)) i a f a e w (y l (l ar) ag (ae ai ay) aa b) af j c h an (an j an o) (y l (l ar) ag (ae ai ay)) i a f a e w (y l (l ar) ag (ae ai ay) aa b) af q))))
A c (at B ae (C D (E (ar ac al ax au j w p m c h an (an j an o) (y l (l ar) ag (ae ai ay)) i a f a e w (y l (l ar) ag (ae ai ay) aa b) af j c h an (an j an o) (y l (l ar) ag (ae ai ay)) i a f a e w (y l (l ar) ag (ae ai ay) aa b) af j c h an (an j an o) (y l (l ar) ag (ae ai ay)) i a f a e w (y l (l ar) ag (ae ai ay) aa b) af j c h an (an j an o) (y l (l ar) ag (ae ai ay)) i a f a e w (y l (l ar) ag (ae ai ay) aa b) af j c h an (an j an o) (y l (l ar) ag (ae ai ay)) i a f a e w (y l (l ar) ag (ae ai ay) aa b) af q))))
A c (at B ae (C D (E (at aj an j y aa p af j c h an (an j an o) (y l (l ar) ag (ae ai ay)) i a f a e w (y l (l ar) ag (ae ai ay) aa b) af j c h an (an j an o) (y l (l ar) ag (ae ai ay)) i a f a e w (y l (l ar) ag (ae ai ay) aa b) af j c h an (an j an o) (y l (l ar) ag (ae ai ay)) i a f a e w (y l (l ar) ag (ae ai ay) aa b) af j c h an (an j an o) (y l (l ar) ag (ae ai ay)) i a f a e w (y l (l ar) ag (ae ai ay) aa b) af j c h an (an j an o) (y l (l ar) ag (ae ai ay)) i a f a e w (y l (l ar) ag (ae ai ay) aa b) af q))))
A c (at B ae (C D (E (o ap y an al (x an) am (v (b s s w)) aa p af j c h an (an j an o) (y l (l ar) ag (ae ai ay)) i a f a e w (y l (l ar) ag (ae ai ay) aa b) af j c h an (an j an o) (y l (l ar) ag (ae ai ay)) i a f a e w (y l (l ar) ag (ae ai ay) aa b) af j c h an (an j an o) (y l (l ar) ag (ae ai ay)) i a f a e w (y l (l ar) ag (ae ai ay) aa b) af j c h an (an j an o) (y l (l ar) ag (ae ai ay)) i a f a e w (y l (l ar) ag (ae ai ay) aa b) af j c h an (an j an o) (y l (l ar) ag (ae ai ay)) i a f a e w (y l (l ar) ag (ae ai ay) aa b) af q))))
A c (at B ae (C D (E (ac ap a am (y l (l ar) ag (ae ai ay)) aa p af j c h an (an j an o) (y l (l ar) ag (ae ai ay)) i a f a e w (y l (l ar) ag (ae ai ay) aa b) af j c h an (an j an o) (y l (l ar) ag (ae ai ay)) i a f a e w (y l (l ar) ag (ae ai ay) aa b) af j c h an (an j an o) (y l (l ar) ag (ae ai ay)) i a f a e w (y l (l ar) ag (ae ai ay) aa b) af j c h an (an j an o) (y l (l ar) ag (ae ai ay)) i a f a e w (y l (l ar) ag (ae ai ay) aa b) af j c h an (an j an o) (y l (l ar) ag (ae ai ay)) i a f a e w (y l (l ar) ag (ae ai ay) aa b) af q))))
A c (at B ae (C D (E (g u an ap ap ag (y l (l ar) ag (ae ai ay)) i a f a e w (y l (l ar) ag (ae ai ay) aa b) af j c h an (an j an o) (y l (l ar) ag (ae ai ay)) i a f a e w (y l (l ar) ag (ae ai ay) aa b) af j c h an (an j an o) (y l (l ar) ag (ae ai ay)) i a f a e w (y l (l ar) ag (ae ai ay) aa b) af j c h an (an j an o) (y l (l ar) ag (ae ai ay)) i a f a e w (y l (l ar) ag (ae ai ay) aa b) af j c h an (an j an o) (y l (l ar) ag (ae ai ay)) i a f a e w (y l (l ar) ag (ae ai ay) aa b) af j c h an (an j an o) (y l (l ar) ag (ae ai ay)) i a f a e w (y l (l ar) ag (ae ai ay) aa b) af q))))


