a ba be bd bf az bb bc bf m az ab q h at (s ba j) bc w
b bg az be bf bb bc ba bd ae v o s am ad r (ae k ah ar)
c bf bb ba bd az bc be ac s ao y af al h r at (ah aw) u
d az ba bd be bc bg bb bf b ak (ah ag (o ae ag))
e bf ba az bb bc be bg bd ax ac (ax aq ae an (au r bb) ao) g an v
f az ba be bc bd bb ad aq aq i bb t w u
g be az bc bd bb ba bb ag be (c be)
h bd bc ba bf bb az bg be ah s av (m al j) (av au at) ae ao
i az ba bb ad ap n az ad ak ba (f a) s (ap az) v
j bg az bb be bc ba bf bd ap bd af t at al bb ac y (o r ac)
k bc az be bd bb ba bb ay ah m s (au at v) g r
l ba bb az bc q ag (at q) ab aa ad v n j (d ba ab) v ar
m az bd bb ba bc aj o (n (au ba al g az) (r af) ac ay)
n ba bc bd bb az j ar i (ak af o ac) (al ak) ab bd (ac af f ba)
o az ba au ay ak ax
p bb ba az bd bc y k am am ak av (ba (u b)) k
q az bg bd bc bb bf ba be ad ap ao e o w j (z at (z ai af g j))
r az h ao k (w (s h az ag ax am aq az e) (q al)) e
s be az ba bd bc bf bb al bf y ab (g p n aw)
t bb ba be bf az bc bd aw ag (al (p k ap))
u bf ba bc bb az be bd aw ar bd ac ab (g g n e)
v bc bb bd ba be az ao y m at (be (az af ab m) bc aa r af ba ad) ac
w bc be bb az ba bd bc y ao (l ay) bd j ao al az h h (az az ao)
x bc ba az bd bb be bc bc i ay av an m ai ay
y az bb ba bc g j aw (al (aj (m u bc al v ba)) az)
z bb be az bd ba bc ay be an at f o ac af m y am
aa bb az bc ba c bb z bb af k s e c l i c bc v s
ab az bb ba ba az (ay (s ba au) ax aj) x ae (m x ak)
ac az ad ap (aw az g az al z r az) aa
ad bc ba az bb e l bc bc ah (af (ac bc an) (al c aw s) (au bc c))
ae bb bc az ba bd az k bb ax x (f au (bb ad)) (an ao r t) av a
af ba bd bc az bb f bc bc ar ba ag h an bd t au t aw p
ag bb ba bf be bc bd az bf t al at aq z az o g ai y ab aa g c
ah bf bg bb bc ba bd az be q ay x ar aq aj bc an o az bc bc ad p e r
ai bc bd be bb ba bf az ba y n am p n w (c (al ag aa))
aj bf be bc bd bb bg ba az y z ak ak m bd (ad av h (g c bd l))
ak bb ba be az bd bf bc l az r aq e at s ar ah c (am bd)
al ba bb bd az be bc ap (d a (v w ai ab y t f e))
am bb az ba bd bc af ab ba ax k af ai o bd p a aj av
an bd bc be bb bf az ba o ai av l ac (bc ao ay (az ae bf af ai aj bf))
ao az bc bf bd be bg ba bb bb ai t (am (ax ag ab ba aw) ae au)
ap ba bb bd bc az au af ar m az aa e i p af r (az bd s j ag)
aq ba bb az bc bd n ak (ax ah bc) ah y p ay aw ac ak
ar ba bd be bb bc bf az be z w (ap p ag al ax n ap)
at az bf bd bc ba be bg bb t (m k v (ai bb (o q)) av ax bb) bg am aa e ba
au bf bc az bd be bb ba y bd al an an (y at w x y n)
av az bb ba h aw (at j (l z) (af ah ad b v))
aw bd ba bf bc bg be az bb ab (c k) b ac (ab h ad u af)
ax ba bc az bb l (ar ac g am) w (d (p au ad (j ag ae ab ah bb)))
ay bc bb az ba v ai bc u ae d bc an k aj d ag af ab bc
main e af (A aw) d i s (B (c q) ay m g ay (ab am C D E F ak af al aq u) ae z) (l al t y ai r ae G ao aq) H I J e j m ay r K v au L v r (M ad) N ad (am (O P (Q an av (an aa) ab (al k ai b (e o) R at (al v (a (S c) T)) z f (ac aa r) ak ay (ab (U w b aj ab aa V W av t aq X Y p))))))
------------------------------------------------------------
e af (A aw) d i s (B (c q) ay m g ay (ab am C D E F ak af al aq u) ae z) (l al t y ai r ae G ao aq) H I J e j m ay r K v au L v r (M ad) N ad (am (O P (Q an av (an aa) ab (al k ai b (e o) R at (al v (a (S c) T)) z f (ac aa r) ak ay (ab (U w b aj ab aa V W av t aq X Y p))))))
ax ac (ax aq ae an (au r i) ao) g an v I J e j m ay r K v au L v r (M ad) N ad (am (O P (Q an av (an aa) ab (al k ai b (e o) R at (al v (a (S c) T)) z f (ac aa r) ak ay (ab (U w b aj ab aa V W av t aq X Y p))))))
l (ar ac g am) w (d (p au ad (j ag ae ab ah an))) v I J e j m ay r K v au L v r (M ad) N ad (am (O P (Q an av (an aa) ab (al k ai b (e o) R at (al v (a (S c) T)) z f (ac aa r) ak ay (ab (U w b aj ab aa V W av t aq X Y p))))))
q ag (at q) ab aa ad v n j (d (ar ac g am) ab) v ar I J e j m ay r K v au L v r (M ad) N ad (am (O P (Q an av (an aa) ab (al k ai b (e o) R at (al v (a (S c) T)) z f (ac aa r) ak ay (ab (U w b aj ab aa V W av t aq X Y p))))))
ad ap ao e o w j (z at (z ai af g j)) (d (ar ac g am) ab) v ar I J e j m ay r K v au L v r (M ad) N ad (am (O P (Q an av (an aa) ab (al k ai b (e o) R at (al v (a (S c) T)) z f (ac aa r) ak ay (ab (U w b aj ab aa V W av t aq X Y p))))))
e l ap ap ah (af (ac ap an) (al c aw s) (au ap c)) w j (z at (z ai af g j)) (d (ar ac g am) ab) v ar I J e j m ay r K v au L v r (M ad) N ad (am (O P (Q an av (an aa) ab (al k ai b (e o) R at (al v (a (S c) T)) z f (ac aa r) ak ay (ab (U w b aj ab aa V W av t aq X Y p))))))
ax ac (ax aq ae an (au r ah) ao) g an v (d (ar ac g am) ab) v ar I J e j m ay r K v au L v r (M ad) N ad (am (O P (Q an av (an aa) ab (al k ai b (e o) R at (al v (a (S c) T)) z f (ac aa r) ak ay (ab (U w b aj ab aa V W av t aq X Y p))))))
l (ar ac g am) w (d (p au ad (j ag ae ab ah an))) v (d (ar ac g am) ab) v ar I J e j m ay r K v au L v r (M ad) N ad (am (O P (Q an av (an aa) ab (al k ai b (e o) R at (al v (a (S c) T)) z f (ac aa r) ak ay (ab (U w b aj ab aa V W av t aq X Y p))))))
q ag (at q) ab aa ad v n j (d (ar ac g am) ab) v ar (d (ar ac g am) ab) v ar I J e j m ay r K v au L v r (M ad) N ad (am (O P (Q an av (an aa) ab (al k ai b (e o) R at (al v (a (S c) T)) z f (ac aa r) ak ay (ab (U w b aj ab aa V W av t aq X Y p))))))
ad ap ao e o w j (z at (z ai af g j)) (d (ar ac g am) ab) v ar (d (ar ac g am) ab) v ar I J e j m ay r K v au L v r (M ad) N ad (am (O P (Q an av (an aa) ab (al k ai b (e o) R at (al v (a (S c) T)) z f (ac aa r) ak ay (ab (U w b aj ab aa V W av t aq X Y p))))))
e l ap ap ah (af (ac ap an) (al c aw s) (au ap c)) w j (z at (z ai af g j)) (d (ar ac g am) ab) v ar (d (ar ac g am) ab) v ar I J e j m ay r K v au L v r (M ad) N ad (am (O P (Q an av (an aa) ab (al k ai b (e o) R at (al v (a (S c) T)) z f (ac aa r) ak ay (ab (U w b aj ab aa V W av t aq X Y p))))))
ax ac (ax aq ae an (au r ah) ao) g an v (d (ar ac g am) ab) v ar (d (ar ac g am) ab) v ar I J e j m ay r K v au L v r (M ad) N ad (am (O P (Q an av (an aa) ab (al k ai b (e o) R at (al v (a (S c) T)) z f (ac aa r) ak ay (ab (U w b aj ab aa V W av t aq X Y p))))))
l (ar ac g am) w (d (p au ad (j ag ae ab ah an))) v (d (ar ac g am) ab) v ar (d (ar ac g am) ab) v ar I J e j m ay r K v au L v r (M ad) N ad (am (O P (Q an av (an aa) ab (al k ai b (e o) R at (al v (a (S c) T)) z f (ac aa r) ak ay (ab (U w b aj ab aa V W av t aq X Y p))))))
q ag (at q) ab aa ad v n j (d (ar ac g am) ab) v ar (d (ar ac g am) ab) v ar (d (ar ac g am) ab) v ar I J e j m ay r K v au L v r (M ad) N ad (am (O P (Q an av (an aa) ab (al k ai b (e o) R at (al v (a (S c) T)) z f (ac aa r) ak ay (ab (U w b aj ab aa V W av t aq X Y p))))))
ad ap ao e o w j (z at (z ai af g j)) (d (ar ac g am) ab) v ar (d (ar ac g am) ab) v ar (d (ar ac g am) ab) v ar I J e j m ay r K v au L v r (M ad) N ad (am (O P (Q an av (an aa) ab (al k ai b (e o) R at (al v (a (S c) T)) z f (ac aa r) ak ay (ab (U w b aj ab aa V W av t aq X Y p))))))
e l ap ap ah (af (ac ap an) (al c aw s) (au ap c)) w j (z at (z ai af g j)) (d (ar ac g am) ab) v ar (d (ar ac g am) ab) v ar (d (ar ac g am) ab) v ar I J e j m ay r K v au L v r (M ad) N ad (am (O P (Q an av (an aa) ab (al k ai b (e o) R at (al v (a (S c) T)) z f (ac aa r) ak ay (ab (U w b aj ab aa V W av t aq X Y p))))))
ax ac (ax aq ae an (au r ah) ao) g an v (d (ar ac g am) ab) v ar (d (ar ac g am) ab) v ar (d (ar ac g am) ab) v ar I J e j m ay r K v au L v r (M ad) N ad (am (O P (Q an av (an aa) ab (al k ai b (e o) R at (al v (a (S c) T)) z f (ac aa r) ak ay (ab (U w b aj ab aa V W av t aq X Y p))))))
l (ar ac g am) w (d (p au ad (j ag ae ab ah an))) v (d (ar ac g am) ab) v ar (d (ar ac g am) ab) v ar (d (ar ac g am) ab) v ar I J e j m ay r K v au L v r (M ad) N ad (am (O P (Q an av (an aa) ab (al k ai b (e o) R at (al v (a (S c) T)) z f (ac aa r) ak ay (ab (U w b aj ab aa V W av t aq X Y p))))))
q ag (at q) ab aa ad v n j (d (ar ac g am) ab) v ar (d (ar ac g am) ab) v ar (d (ar ac g am) ab) v ar (d (ar ac g am) ab) v ar I J e j m ay r K v au L v r (M ad) N ad (am (O P (Q an av (an aa) ab (al k ai b (e o) R at (al v (a (S c) T)) z f (ac aa r) ak ay (ab (U w b aj ab aa V W av t aq X Y p))))))
ad ap ao e o w j (z at (z ai af g j)) (d (ar ac g am) ab) v ar (d (ar ac g am) ab) v ar (d (ar ac g am) ab) v ar (d (ar ac g am) ab) v ar I J e j m ay r K v au L v r (M ad) N ad (am (O P (Q an av (an aa) ab (al k ai b (e o) R at (al v (a (S c) T)) z f (ac aa r) ak ay (ab (U w b aj ab aa V W av t aq X Y p))))))
e l ap ap ah (af (ac ap an) (al c aw s) (au ap c)) w j (z at (z ai af g j)) (d (ar ac g am) ab) v ar (d (ar ac g am) ab) v ar (d (ar ac g am) ab) v ar (d (ar ac g am) ab) v ar I J e j m ay r K v au L v r (M ad) N ad (am (O P (Q an av (an aa) ab (al k ai b (e o) R at (al v (a (S c) T)) z f (ac aa r) ak ay (ab (U w b aj ab aa V W av t aq X Y p))))))
ax ac (ax aq ae an (au r ah) ao) g an v (d (ar ac g am) ab) v ar (d (ar ac g am) ab) v ar (d (ar ac g am) ab) v ar (d (ar ac g am) ab) v ar I J e j m ay r K v au L v r (M ad) N ad (am (O P (Q an av (an aa) ab (al k ai b (e o) R at (al v (a (S c) T)) z f (ac aa r) ak ay (ab (U w b aj ab aa V W av t aq X Y p))))))
l (ar ac g am) w (d (p au ad (j ag ae ab ah an))) v (d (ar ac g am) ab) v ar (d (ar ac g am) ab) v ar (d (ar ac g am) ab) v ar (d (ar ac g am) ab) v ar I J e j m ay r K v au L v r (M ad) N ad (am (O P (Q an av (an aa) ab (al k ai b (e o) R at (al v (a (S c) T)) z f (ac aa r) ak ay (ab (U w b aj ab aa V W av t aq X Y p))))))
q ag (at q) ab aa ad v n j (d (ar ac g am) ab) v ar (d (ar ac g am) ab) v ar (d (ar ac g am) ab) v ar (d (ar ac g am) ab) v ar (d (ar ac g am) ab) v ar I J e j m ay r K v au L v r (M ad) N ad (am (O P (Q an av (an aa) ab (al k ai b (e o) R at (al v (a (S c) T)) z f (ac aa r) ak ay (ab (U w b aj ab aa V W av t aq X Y p))))))
ad ap ao e o w j (z at (z ai af g j)) (d (ar ac g am) ab) v ar (d (ar ac g am) ab) v ar (d (ar ac g am) ab) v ar (d (ar ac g am) ab) v ar (d (ar ac g am) ab) v ar I J e j m ay r K v au L v r (M ad) N ad (am (O P (Q an av (an aa) ab (al k ai b (e o) R at (al v (a (S c) T)) z f (ac aa r) ak ay (ab (U w b aj ab aa V W av t aq X Y p))))))
e l ap ap ah (af (ac ap an) (al c aw s) (au ap c)) w j (z at (z ai af g j)) (d (ar ac g am) ab) v ar (d (ar ac g am) ab) v ar (d (ar ac g am) ab) v ar (d (ar ac g am) ab) v ar (d (ar ac g am) ab) v ar I J e j m ay r K v au L v r (M ad) N ad (am (O P (Q an av (an aa) ab (al k ai b (e o) R at (al v (a (S c) T)) z f (ac aa r) ak ay (ab (U w b aj ab aa V W av t aq X Y p))))))
ax ac (ax aq ae an (au r ah) ao) g an v (d (ar ac g am) ab) v ar (d (ar ac g am) ab) v ar (d (ar ac g am) ab) v ar (d (ar ac g am) ab) v ar (d (ar ac g am) ab) v ar I J e j m ay r K v au L v r (M ad) N ad (am (O P (Q an av (an aa) ab (al k ai b (e o) R at (al v (a (S c) T)) z f (ac aa r) ak ay (ab (U w b aj ab aa V W av t aq X Y p))))))
l (ar ac g am) w (d (p au ad (j ag ae ab ah an))) v (d (ar ac g am) ab) v ar (d (ar ac g am) ab) v ar (d (ar ac g am) ab) v ar (d (ar ac g am) ab) v ar (d (ar ac g am) ab) v ar I J e j m ay r K v au L v r (M ad) N ad (am (O P (Q an av (an aa) ab (al k ai b (e o) R at (al v (a (S c) T)) z f (ac aa r) ak ay (ab (U w b aj ab aa V W av t aq X Y p))))))
q ag (at q) ab aa ad v n j (d (ar ac g am) ab) v ar (d (ar ac g am) ab) v ar (d (ar ac g am) ab) v ar (d (ar ac g am) ab) v ar (d (ar ac g am) ab) v ar (d (ar ac g am) ab) v ar I J e j m ay r K v au L v r (M ad) N ad (am (O P (Q an av (an aa) ab (al k ai b (e o) R at (al v (a (S c) T)) z f (ac aa r) ak ay (ab (U w b aj ab aa V W av t aq X Y p))))))
ad ap ao e o w j (z at (z ai af g j)) (d (ar ac g am) ab) v ar (d (ar ac g am) ab) v ar (d (ar ac g am) ab) v ar (d (ar ac g am) ab) v ar (d (ar ac g am) ab) v ar (d (ar ac g am) ab) v ar I J e j m ay r K v au L v r (M ad) N ad (am (O P (Q an av (an aa) ab (al k ai b (e o) R at (al v (a (S c) T)) z f (ac aa r) ak ay (ab (U w b aj ab aa V W av t aq X Y p))))))


