a bg bc bf bd be ba az bb = am ay az am aw w k v i p
b bc az ba bb bd = d (c s ak z aq) j ae j az t an ak n an ay
c az ba = n j am az aj k
d bd bf ba be bc bb az = n j ay aa bc aq c ax g bf ag au a x bc
e bc az be bb ba bd = am ar (m (l an aj bb a ba))
f bd ba bc be az bb bf = t (aa ag) ay an bb (n be)
g bc az ba bb bd = z (d (j ak d) bc at) b i
h bd bf bc ba bb az be = az l (ad (x ap b (f b ao be ai am) r)) z af
i ba az = ao t al
j bb ba bc be bd bf az = bf (m q) (ba ax) (ba ab au bf ap) (af an)
k az ba bb bc = i ax (ao (bc q ba g ap) q) l aq x aq ap
l bc bb az bd ba bf be = s be am aw aq al (ac aq bc ab r ao ar)
m az bd bc bg bb be bf ba = ag c g p w ag v ar s p ay az x be
n bb bc bd ba be az = ap at az k s aa (a bd bb ai bd) ab
o bc ba az bb = aw t l ap az (au ac i ak g y aj) az
p bd az ba bb bc = ap r bd aj al (an g)
q bb bc be az bf bd ba = p ag x au aw am b an (a d)
r az bb ba = aq ao j am ak (ak af) p al i ao ak af (c ad g)
s az bc ba bb = t ap i (ay ba o (u (m (ac az) (bb x ax w y))))
t az bg be bd bb ba bc bf = am (ao z) ax a (av s (ag (l al az s ae)))
u az ba = ap (af ad at ap h w) (n ah al (az (o f) an av c))
v bb ba bg be bf bc az bd = ab w ap ag (aw z (bf t s au) af m)
w be bb bd bf az ba bc = j (k j am at)
x ba az = az ah ar (au (v ai az (k k ab y af z ac t)))
y az ba = d k d ao az b k d (ba i aa)
z bb ba bc bg be az bf bd = j ac ak (ac s (l (o r) s bf r au) e ah)
aa be bb bd bf ba az bg bc = d aj a ay (g h i bg) (s am w y be al)
ab bd az be bc bb ba = af v z an f (ad ao) g j ae (q (l r an))
ac bf bd bb ba bc az be = a (i ak) y bc a m (y (k (ba z ao i)))
ad be bc az ba bb bd = aj ac aj l (ab (a an) n) a t n y (n h) aq ay
ae be ba bb bc bd az = ah i bd (aa ag) aa l av (ar (be l am q o) an)
af az bb be bf bd ba bc bg = h x k am (w bf o j aw b r m ax g az al)
ag be az ba bf bd bg bb bc = j p r bf aq ac am v j
ah bd be ba bc bf az bb = j h ao ac ac al
ai az bc bb be bd ba = g (w (e ay e (au aw r) ah az aa)) ay
aj bf az bg be bd bc ba bb = i (az i) m k af be g t l ai p
ak bc ba bd bb az = n x (b (n aq bc t aa) o an)
al be bg bc bf ba bd bb az = ay l az s k ap aq ao c u ba (c p) ao aa ap
am ba az bb = q e (ac ba h ae) av az
an az ba be bg bd bf bb bc = au ai f ba (a p) ay u (bd ay aq) e bf m ac e
ao bc be bf az bd bb ba = e y y (bd z) ag h bf
ap az ba bb bc be bd = u u m ao u bc aw (l (bc r (n d l) e))
aq az = x (az (ax ar ad au) p az b az)
ar bc bb ba az bd = n (k (aw u p ad q i al al))
at bf bc be bd az ba bb = ar bc (ae l ai) (ap k i t d az k f al) w ar
au az bb ba bc = ag (e k a f am az) z
av az bb ba bd bc = ba ae ac am v ai t
aw be bb bc bd ba az = bb l ab ah aa az an k be bc af g aq
ax az ba bb = b i y ab (av ai ba)
ay bg az be bb bf ba bd bc = c x (au (k m w al z g)) n aw ax r bd ad
main = A an j B i c s ay s C (e (af m i (D aa p) s an ac) (E F u (G H (aw c al v an h I aa (aq af r ah)) aj am J a) (K aa ag (aw j aq (g (i (L M N O P v (aa ab Q z ap ao q b aj r (R S T q al j) (r ay) U V) p ao) a ao ap))) am v aq b at (f at c) u (W m j k g) z x) (X x at) av))
------------------------------------------------------------
A an j B i c s ay s C (e (af m i (D aa p) s an ac) (E F u (G H (aw c al v an h I aa (aq af r ah)) aj am J a) (K aa ag (aw j aq (g (i (L M N O P v (aa ab Q z ap ao q b aj r (R S T q al j) (r ay) U V) p ao) a ao ap))) am v aq b at (f at c) u (W m j k g) z x) (X x at) av))
A an j B i c s ay s C (e (af m i (D aa p) s an ac) (E F u (G H (al l ab ah aa I an k c v af g aq aa (aq af r ah)) aj am J a) (K aa ag (aw j aq (g (i (L M N O P v (aa ab Q z ap ao q b aj r (R S T q al j) (r ay) U V) p ao) a ao ap))) am v aq b at (f at c) u (W m j k g) z x) (X x at) av))
A an j B i c s ay s C (e (af m i (D aa p) s an ac) (E F u (G H (ay l c s k ap aq ao c u I (c p) ao aa ap v af g aq aa (aq af r ah)) aj am J a) (K aa ag (aw j aq (g (i (L M N O P v (aa ab Q z ap ao q b aj r (R S T q al j) (r ay) U V) p ao) a ao ap))) am v aq b at (f at c) u (W m j k g) z x) (X x at) av))
A an j B i c s ay s C (e (af m i (D aa p) s an ac) (E F u (G H (c x (au (k m w al z g)) n aw ax r ao ad u I (c p) ao aa ap v af g aq aa (aq af r ah)) aj am J a) (K aa ag (aw j aq (g (i (L M N O P v (aa ab Q z ap ao q b aj r (R S T q al j) (r ay) U V) p ao) a ao ap))) am v aq b at (f at c) u (W m j k g) z x) (X x at) av))
A an j B i c s ay s C (e (af m i (D aa p) s an ac) (E F u (G H (n j am x aj k n aw ax r ao ad u I (c p) ao aa ap v af g aq aa (aq af r ah)) aj am J a) (K aa ag (aw j aq (g (i (L M N O P v (aa ab Q z ap ao q b aj r (R S T q al j) (r ay) U V) p ao) a ao ap))) am v aq b at (f at c) u (W m j k g) z x) (X x at) av))
A an j B i c s ay s C (e (af m i (D aa p) s an ac) (E F u (G H (ap at n k s aa (a x j ai x) ab aw ax r ao ad u I (c p) ao aa ap v af g aq aa (aq af r ah)) aj am J a) (K aa ag (aw j aq (g (i (L M N O P v (aa ab Q z ap ao q b aj r (R S T q al j) (r ay) U V) p ao) a ao ap))) am v aq b at (f at c) u (W m j k g) z x) (X x at) av))
A an j B i c s ay s C (e (af m i (D aa p) s an ac) (E F u (G H (u u m ao u s aw (l (s r (n d l) e)) ab aw ax r ao ad u I (c p) ao aa ap v af g aq aa (aq af r ah)) aj am J a) (K aa ag (aw j aq (g (i (L M N O P v (aa ab Q z ap ao q b aj r (R S T q al j) (r ay) U V) p ao) a ao ap))) am v aq b at (f at c) u (W m j k g) z x) (X x at) av))
A an j B i c s ay s C (e (af m i (D aa p) s an ac) (E F u (G H (ap (af ad at ap h w) (n ah al (u (o f) an av c)) ao u s aw (l (s r (n d l) e)) ab aw ax r ao ad u I (c p) ao aa ap v af g aq aa (aq af r ah)) aj am J a) (K aa ag (aw j aq (g (i (L M N O P v (aa ab Q z ap ao q b aj r (R S T q al j) (r ay) U V) p ao) a ao ap))) am v aq b at (f at c) u (W m j k g) z x) (X x at) av))
A an j B i c s ay s C (e (af m i (D aa p) s an ac) (E F u (G H (u u m ao u u aw (l (u r (n d l) e)) (l (s r (n d l) e)) ab aw ax r ao ad u I (c p) ao aa ap v af g aq aa (aq af r ah)) aj am J a) (K aa ag (aw j aq (g (i (L M N O P v (aa ab Q z ap ao q b aj r (R S T q al j) (r ay) U V) p ao) a ao ap))) am v aq b at (f at c) u (W m j k g) z x) (X x at) av))
A an j B i c s ay s C (e (af m i (D aa p) s an ac) (E F u (G H (ap (af ad at ap h w) (n ah al (u (o f) an av c)) ao u u aw (l (u r (n d l) e)) (l (s r (n d l) e)) ab aw ax r ao ad u I (c p) ao aa ap v af g aq aa (aq af r ah)) aj am J a) (K aa ag (aw j aq (g (i (L M N O P v (aa ab Q z ap ao q b aj r (R S T q al j) (r ay) U V) p ao) a ao ap))) am v aq b at (f at c) u (W m j k g) z x) (X x at) av))
A an j B i c s ay s C (e (af m i (D aa p) s an ac) (E F u (G H (u u m ao u u aw (l (u r (n d l) e)) (l (u r (n d l) e)) (l (s r (n d l) e)) ab aw ax r ao ad u I (c p) ao aa ap v af g aq aa (aq af r ah)) aj am J a) (K aa ag (aw j aq (g (i (L M N O P v (aa ab Q z ap ao q b aj r (R S T q al j) (r ay) U V) p ao) a ao ap))) am v aq b at (f at c) u (W m j k g) z x) (X x at) av))
A an j B i c s ay s C (e (af m i (D aa p) s an ac) (E F u (G H (ap (af ad at ap h w) (n ah al (u (o f) an av c)) ao u u aw (l (u r (n d l) e)) (l (u r (n d l) e)) (l (s r (n d l) e)) ab aw ax r ao ad u I (c p) ao aa ap v af g aq aa (aq af r ah)) aj am J a) (K aa ag (aw j aq (g (i (L M N O P v (aa ab Q z ap ao q b aj r (R S T q al j) (r ay) U V) p ao) a ao ap))) am v aq b at (f at c) u (W m j k g) z x) (X x at) av))
A an j B i c s ay s C (e (af m i (D aa p) s an ac) (E F u (G H (u u m ao u u aw (l (u r (n d l) e)) (l (u r (n d l) e)) (l (u r (n d l) e)) (l (s r (n d l) e)) ab aw ax r ao ad u I (c p) ao aa ap v af g aq aa (aq af r ah)) aj am J a) (K aa ag (aw j aq (g (i (L M N O P v (aa ab Q z ap ao q b aj r (R S T q al j) (r ay) U V) p ao) a ao ap))) am v aq b at (f at c) u (W m j k g) z x) (X x at) av))
A an j B i c s ay s C (e (af m i (D aa p) s an ac) (E F u (G H (ap (af ad at ap h w) (n ah al (u (o f) an av c)) ao u u aw (l (u r (n d l) e)) (l (u r (n d l) e)) (l (u r (n d l) e)) (l (s r (n d l) e)) ab aw ax r ao ad u I (c p) ao aa ap v af g aq aa (aq af r ah)) aj am J a) (K aa ag (aw j aq (g (i (L M N O P v (aa ab Q z ap ao q b aj r (R S T q al j) (r ay) U V) p ao) a ao ap))) am v aq b at (f at c) u (W m j k g) z x) (X x at) av))
A an j B i c s ay s C (e (af m i (D aa p) s an ac) (E F u (G H (u u m ao u u aw (l (u r (n d l) e)) (l (u r (n d l) e)) (l (u r (n d l) e)) (l (u r (n d l) e)) (l (s r (n d l) e)) ab aw ax r ao ad u I (c p) ao aa ap v af g aq aa (aq af r ah)) aj am J a) (K aa ag (aw j aq (g (i (L M N O P v (aa ab Q z ap ao q b aj r (R S T q al j) (r ay) U V) p ao) a ao ap))) am v aq b at (f at c) u (W m j k g) z x) (X x at) av))
A an j B i c s ay s C (e (af m i (D aa p) s an ac) (E F u (G H (ap (af ad at ap h w) (n ah al (u (o f) an av c)) ao u u aw (l (u r (n d l) e)) (l (u r (n d l) e)) (l (u r (n d l) e)) (l (u r (n d l) e)) (l (s r (n d l) e)) ab aw ax r ao ad u I (c p) ao aa ap v af g aq aa (aq af r ah)) aj am J a) (K aa ag (aw j aq (g (i (L M N O P v (aa ab Q z ap ao q b aj r (R S T q al j) (r ay) U V) p ao) a ao ap))) am v aq b at (f at c) u (W m j k g) z x) (X x at) av))
A an j B i c s ay s C (e (af m i (D aa p) s an ac) (E F u (G H (u u m ao u u aw (l (u r (n d l) e)) (l (u r (n d l) e)) (l (u r (n d l) e)) (l (u r (n d l) e)) (l (u r (n d l) e)) (l (s r (n d l) e)) ab aw ax r ao ad u I (c p) ao aa ap v af g aq aa (aq af r ah)) aj am J a) (K aa ag (aw j aq (g (i (L M N O P v (aa ab Q z ap ao q b aj r (R S T q al j) (r ay) U V) p ao) a ao ap))) am v aq b at (f at c) u (W m j k g) z x) (X x at) av))
A an j B i c s ay s C (e (af m i (D aa p) s an ac) (E F u (G H (ap (af ad at ap h w) (n ah al (u (o f) an av c)) ao u u aw (l (u r (n d l) e)) (l (u r (n d l) e)) (l (u r (n d l) e)) (l (u r (n d l) e)) (l (u r (n d l) e)) (l (s r (n d l) e)) ab aw ax r ao ad u I (c p) ao aa ap v af g aq aa (aq af r ah)) aj am J a) (K aa ag (aw j aq (g (i (L M N O P v (aa ab Q z ap ao q b aj r (R S T q al j) (r ay) U V) p ao) a ao ap))) am v aq b at (f at c) u (W m j k g) z x) (X x at) av))
A an j B i c s ay s C (e (af m i (D aa p) s an ac) (E F u (G H (u u m ao u u aw (l (u r (n d l) e)) (l (u r (n d l) e)) (l (u r (n d l) e)) (l (u r (n d l) e)) (l (u r (n d l) e)) (l (u r (n d l) e)) (l (s r (n d l) e)) ab aw ax r ao ad u I (c p) ao aa ap v af g aq aa (aq af r ah)) aj am J a) (K aa ag (aw j aq (g (i (L M N O P v (aa ab Q z ap ao q b aj r (R S T q al j) (r ay) U V) p ao) a ao ap))) am v aq b at (f at c) u (W m j k g) z x) (X x at) av))
A an j B i c s ay s C (e (af m i (D aa p) s an ac) (E F u (G H (ap (af ad at ap h w) (n ah al (u (o f) an av c)) ao u u aw (l (u r (n d l) e)) (l (u r (n d l) e)) (l (u r (n d l) e)) (l (u r (n d l) e)) (l (u r (n d l) e)) (l (u r (n d l) e)) (l (s r (n d l) e)) ab aw ax r ao ad u I (c p) ao aa ap v af g aq aa (aq af r ah)) aj am J a) (K aa ag (aw j aq (g (i (L M N O P v (aa ab Q z ap ao q b aj r (R S T q al j) (r ay) U V) p ao) a ao ap))) am v aq b at (f at c) u (W m j k g) z x) (X x at) av))
A an j B i c s ay s C (e (af m i (D aa p) s an ac) (E F u (G H (u u m ao u u aw (l (u r (n d l) e)) (l (u r (n d l) e)) (l (u r (n d l) e)) (l (u r (n d l) e)) (l (u r (n d l) e)) (l (u r (n d l) e)) (l (u r (n d l) e)) (l (s r (n d l) e)) ab aw ax r ao ad u I (c p) ao aa ap v af g aq aa (aq af r ah)) aj am J a) (K aa ag (aw j aq (g (i (L M N O P v (aa ab Q z ap ao q b aj r (R S T q al j) (r ay) U V) p ao) a ao ap))) am v aq b at (f at c) u (W m j k g) z x) (X x at) av))
A an j B i c s ay s C (e (af m i (D aa p) s an ac) (E F u (G H (ap (af ad at ap h w) (n ah al (u (o f) an av c)) ao u u aw (l (u r (n d l) e)) (l (u r (n d l) e)) (l (u r (n d l) e)) (l (u r (n d l) e)) (l (u r (n d l) e)) (l (u r (n d l) e)) (l (u r (n d l) e)) (l (s r (n d l) e)) ab aw ax r ao ad u I (c p) ao aa ap v af g aq aa (aq af r ah)) aj am J a) (K aa ag (aw j aq (g (i (L M N O P v (aa ab Q z ap ao q b aj r (R S T q al j) (r ay) U V) p ao) a ao ap))) am v aq b at (f at c) u (W m j k g) z x) (X x at) av))
A an j B i c s ay s C (e (af m i (D aa p) s an ac) (E F u (G H (u u m ao u u aw (l (u r (n d l) e)) (l (u r (n d l) e)) (l (u r (n d l) e)) (l (u r (n d l) e)) (l (u r (n d l) e)) (l (u r (n d l) e)) (l (u r (n d l) e)) (l (u r (n d l) e)) (l (s r (n d l) e)) ab aw ax r ao ad u I (c p) ao aa ap v af g aq aa (aq af r ah)) aj am J a) (K aa ag (aw j aq (g (i (L M N O P v (aa ab Q z ap ao q b aj r (R S T q al j) (r ay) U V) p ao) a ao ap))) am v aq b at (f at c) u (W m j k g) z x) (X x at) av))
A an j B i c s ay s C (e (af m i (D aa p) s an ac) (E F u (G H (ap (af ad at ap h w) (n ah al (u (o f) an av c)) ao u u aw (l (u r (n d l) e)) (l (u r (n d l) e)) (l (u r (n d l) e)) (l (u r (n d l) e)) (l (u r (n d l) e)) (l (u r (n d l) e)) (l (u r (n d l) e)) (l (u r (n d l) e)) (l (s r (n d l) e)) ab aw ax r ao ad u I (c p) ao aa ap v af g aq aa (aq af r ah)) aj am J a) (K aa ag (aw j aq (g (i (L M N O P v (aa ab Q z ap ao q b aj r (R S T q al j) (r ay) U V) p ao) a ao ap))) am v aq b at (f at c) u (W m j k g) z x) (X x at) av))
A an j B i c s ay s C (e (af m i (D aa p) s an ac) (E F u (G H (u u m ao u u aw (l (u r (n d l) e)) (l (u r (n d l) e)) (l (u r (n d l) e)) (l (u r (n d l) e)) (l (u r (n d l) e)) (l (u r (n d l) e)) (l (u r (n d l) e)) (l (u r (n d l) e)) (l (u r (n d l) e)) (l (s r (n d l) e)) ab aw ax r ao ad u I (c p) ao aa ap v af g aq aa (aq af r ah)) aj am J a) (K aa ag (aw j aq (g (i (L M N O P v (aa ab Q z ap ao q b aj r (R S T q al j) (r ay) U V) p ao) a ao ap))) am v aq b at (f at c) u (W m j k g) z x) (X x at) av))
A an j B i c s ay s C (e (af m i (D aa p) s an ac) (E F u (G H (ap (af ad at ap h w) (n ah al (u (o f) an av c)) ao u u aw (l (u r (n d l) e)) (l (u r (n d l) e)) (l (u r (n d l) e)) (l (u r (n d l) e)) (l (u r (n d l) e)) (l (u r (n d l) e)) (l (u r (n d l) e)) (l (u r (n d l) e)) (l (u r (n d l) e)) (l (s r (n d l) e)) ab aw ax r ao ad u I (c p) ao aa ap v af g aq aa (aq af r ah)) aj am J a) (K aa ag (aw j aq (g (i (L M N O P v (aa ab Q z ap ao q b aj r (R S T q al j) (r ay) U V) p ao) a ao ap))) am v aq b at (f at c) u (W m j k g) z x) (X x at) av))
A an j B i c s ay s C (e (af m i (D aa p) s an ac) (E F u (G H (u u m ao u u aw (l (u r (n d l) e)) (l (u r (n d l) e)) (l (u r (n d l) e)) (l (u r (n d l) e)) (l (u r (n d l) e)) (l (u r (n d l) e)) (l (u r (n d l) e)) (l (u r (n d l) e)) (l (u r (n d l) e)) (l (u r (n d l) e)) (l (s r (n d l) e)) ab aw ax r ao ad u I (c p) ao aa ap v af g aq aa (aq af r ah)) aj am J a) (K aa ag (aw j aq (g (i (L M N O P v (aa ab Q z ap ao q b aj r (R S T q al j) (r ay) U V) p ao) a ao ap))) am v aq b at (f at c) u (W m j k g) z x) (X x at) av))
A an j B i c s ay s C (e (af m i (D aa p) s an ac) (E F u (G H (ap (af ad at ap h w) (n ah al (u (o f) an av c)) ao u u aw (l (u r (n d l) e)) (l (u r (n d l) e)) (l (u r (n d l) e)) (l (u r (n d l) e)) (l (u r (n d l) e)) (l (u r (n d l) e)) (l (u r (n d l) e)) (l (u r (n d l) e)) (l (u r (n d l) e)) (l (u r (n d l) e)) (l (s r (n d l) e)) ab aw ax r ao ad u I (c p) ao aa ap v af g aq aa (aq af r ah)) aj am J a) (K aa ag (aw j aq (g (i (L M N O P v (aa ab Q z ap ao q b aj r (R S T q al j) (r ay) U V) p ao) a ao ap))) am v aq b at (f at c) u (W m j k g) z x) (X x at) av))
A an j B i c s ay s C (e (af m i (D aa p) s an ac) (E F u (G H (u u m ao u u aw (l (u r (n d l) e)) (l (u r (n d l) e)) (l (u r (n d l) e)) (l (u r (n d l) e)) (l (u r (n d l) e)) (l (u r (n d l) e)) (l (u r (n d l) e)) (l (u r (n d l) e)) (l (u r (n d l) e)) (l (u r (n d l) e)) (l (u r (n d l) e)) (l (s r (n d l) e)) ab aw ax r ao ad u I (c p) ao aa ap v af g aq aa (aq af r ah)) aj am J a) (K aa ag (aw j aq (g (i (L M N O P v (aa ab Q z ap ao q b aj r (R S T q al j) (r ay) U V) p ao) a ao ap))) am v aq b at (f at c) u (W m j k g) z x) (X x at) av))
A an j B i c s ay s C (e (af m i (D aa p) s an ac) (E F u (G H (ap (af ad at ap h w) (n ah al (u (o f) an av c)) ao u u aw (l (u r (n d l) e)) (l (u r (n d l) e)) (l (u r (n d l) e)) (l (u r (n d l) e)) (l (u r (n d l) e)) (l (u r (n d l) e)) (l (u r (n d l) e)) (l (u r (n d l) e)) (l (u r (n d l) e)) (l (u r (n d l) e)) (l (u r (n d l) e)) (l (s r (n d l) e)) ab aw ax r ao ad u I (c p) ao aa ap v af g aq aa (aq af r ah)) aj am J a) (K aa ag (aw j aq (g (i (L M N O P v (aa ab Q z ap ao q b aj r (R S T q al j) (r ay) U V) p ao) a ao ap))) am v aq b at (f at c) u (W m j k g) z x) (X x at) av))


