a bc be bd bb az ba = ac (p (bc h ab h e))
b ba bg bc bb bd be az bf = aa aq f x (ax ar (v g ab) (v af x a v) ba)
c az bd bb be bc ba = av ai (at ac) (bb az k av) t (au j) t al
d bd az ba bb bc = o ba al h r al r y al af ad af bb ba ai g
e az ba = af av ax az h (m (aw ba (ag i w)) ba af) az ba
f ba bc bb bd be az = k bc (l ac (bd ax be)) g ad
g ba bb az bc = x u (f (an au aa (aa ba aq (az af) h f)) am) ar
h bb ba az = f bb ad (v (z (az ap az (x g w aw ag n v bb))))
i az ba bc bd be bb = c s s h ba (ar an) (an (ao (bd ax) ad ai ae al))
j bd bb be bc az bg ba bf = aq ad (l (bg (ab ag aq y ah) f) s n)
k bg bd be ba az bb bc bf = aa n (ap ad (al (g bc) ba af ar ao))
l ba bd bb bc az = n bc ae ay ac (k b aq)
m ba az = h a (f az) am f p aa ap (l an n al u)
n az = ah al q au s
o az bd bc ba bb = j az bb i (p ao) f ah aj bc ae ad s at am bd
p ba bd bg bc bb az bf be = an ai (w x ar y az)
q ba bb az bd bc = aw aq p v j an aw ai
r bc az be bd bb bf ba = al n (c e (f aa ay ab af be a t) aw ae ao o)
s ba az bc bb = j ak y bb h aa ak d am aj at (ap ak x) l ai
t bf bc az bd bb ba be = ak n ba m d ax au q z be v av k
u bb bd ba bc bf bg be az = am g s q (ag p ap at w o)
v az bb ba be bd bc = aq t o ay aq ar aq be
w az bb ba = bb (b (ae (al s ba k x s ba) q) j m af)
x az bd ba bb bc = am aq (ba (q (af u h n) ay ar ak au))
y bc bb bd be bf ba az = p l (t (v l j ai i)) t
z bc az bd bb ba = i (bd (ai bc v)) d (aq u b ab) (e g h p y ai)
aa bd az ba bc be bb = z au q k q ba
ab ba az be bb bd bc = t y i ak (n o (af (f ag (au q h ad) g q av)))
ac bd bf ba bc bg az bb be = p (af bc ba) b al (af (o ad az) j u)
ad bf az ba bc bd be bb = x aw az b k e l ba ax ax ap ba bd e k
ae az = af p (ai (aj aj q az) (j d ar) az v af) h az az
af bb bc az ba = ax au bb aa i aw av at ae s q v
ag bd bb az ba bc = l bc c ad g t g ba (ao c ac i)
ah bb ba az = j (ba q ab ae am k a ae ar) bb ba
ai az = az (b ab v aj (r p aq aq az h al h l) az z)
aj bb ba az bc = al c b y s ar z ba ay bc (ay ab e al az)
ak az ba = k ai au ba (e ai at a az an ao (f l aa))
al ba az bb bc = s w ba t o bb ar d (bc c) q z
am ba az be bg bd bf bc bb = ap ah e ah
an az be bb bc ba bd bf = v g (r aw ax j) i (f h ax at)
ao be ba bg az bf bc bd bb = aj aq ab bb be af al (y aw l bf i) at
ap bb ba bc az = s an al d m b v x x u ax q az g bc
aq be bd ba bb az bc = r af q (i bc) au
ar be bc bd ba bb az = ap (p ac) (ba e) (e ba ax aw) an c h ai be ab
at be bb az bd bc ba = ao ag az bc k bc e m a bb
au ba be bb az bc bd = az aq bb bb l aw d d ax ap j l be ae ap
av az ba = d aa az z ba aq ah n az o
aw ba bf bb bc bd bg be az = an (b (bb au n d aj))
ax be bc bf bb bd ba az = k y am j (u bf ab) d (e h)
ay bg ba bd bc bb az bf be = aq b ao p ah ao v be ab h a o d ah ae c
main = A ag (B ag) C ab d u y am j D E F G p (H I ao ap) ah e J ah (e (ai r ag (w an aj) (ag (aq ax K am d ax L h an M (o ap (N O ac P r (Q ak f (R (f s (ai ac z at) c S T r o (al c p) al) ay ap ai aq b n g aw (am ac w g ao (ag ac) g U (V t af ac am W v z ae X Y Z aj s) AA)))))))))
------------------------------------------------------------
A ag (B ag) C ab d u y am j D E F G p (H I ao ap) ah e J ah (e (ai r ag (w an aj) (ag (aq ax K am d ax L h an M (o ap (N O ac P r (Q ak f (R (f s (ai ac z at) c S T r o (al c p) al) ay ap ai aq b n g aw (am ac w g ao (ag ac) g U (V t af ac am W v z ae X Y Z aj s) AA)))))))))
A ag (B ag) C ab d u y am j D E F G p (H I ao ap) ah e J ah (e (r (b ab v aj (r p aq aq r h al h l) r z) ag (w an aj) (ag (aq ax K am d ax L h an M (o ap (N O ac P r (Q ak f (R (f s (ai ac z at) c S T r o (al c p) al) ay ap ai aq b n g aw (am ac w g ao (ag ac) g U (V t af ac am W v z ae X Y Z aj s) AA)))))))))
A ag (B ag) C ab d u y am j D E F G p (H I ao ap) ah e J ah (e (r (b ab v aj (al n (c e (f aa ay ab af aq a t) aw ae ao o) l) r z) ag (w an aj) (ag (aq ax K am d ax L h an M (o ap (N O ac P r (Q ak f (R (f s (ai ac z at) c S T r o (al c p) al) ay ap ai aq b n g aw (am ac w g ao (ag ac) g U (V t af ac am W v z ae X Y Z aj s) AA)))))))))
A ag (B ag) C ab d u y am j D E F G p (H I ao ap) ah e J ah (e (r (b ab v aj (al n (av ai (at ac) (aw e k av) t (au j) t al) l) r z) ag (w an aj) (ag (aq ax K am d ax L h an M (o ap (N O ac P r (Q ak f (R (f s (ai ac z at) c S T r o (al c p) al) ay ap ai aq b n g aw (am ac w g ao (ag ac) g U (V t af ac am W v z ae X Y Z aj s) AA)))))))))
A ag (B ag) C ab d u y am j D E F G p (H I ao ap) ah e J ah (e (r (b ab v aj (al n (d aa ai z (at ac) aq ah n ai o (aw e k av) t (au j) t al) l) r z) ag (w an aj) (ag (aq ax K am d ax L h an M (o ap (N O ac P r (Q ak f (R (f s (ai ac z at) c S T r o (al c p) al) ay ap ai aq b n g aw (am ac w g ao (ag ac) g U (V t af ac am W v z ae X Y Z aj s) AA)))))))))
A ag (B ag) C ab d u y am j D E F G p (H I ao ap) ah e J ah (e (r (b ab v aj (al n (o z al h r al r y al af ad af (at ac) z ai g ah n ai o (aw e k av) t (au j) t al) l) r z) ag (w an aj) (ag (aq ax K am d ax L h an M (o ap (N O ac P r (Q ak f (R (f s (ai ac z at) c S T r o (al c p) al) ay ap ai aq b n g aw (am ac w g ao (ag ac) g U (V t af ac am W v z ae X Y Z aj s) AA)))))))))
A ag (B ag) C ab d u y am j D E F G p (H I ao ap) ah e J ah (e (r (b ab v aj (al n (j z al i (p ao) f ah aj h ae ad s at am al r y al af ad af (at ac) z ai g ah n ai o (aw e k av) t (au j) t al) l) r z) ag (w an aj) (ag (aq ax K am d ax L h an M (o ap (N O ac P r (Q ak f (R (f s (ai ac z at) c S T r o (al c p) al) ay ap ai aq b n g aw (am ac w g ao (ag ac) g U (V t af ac am W v z ae X Y Z aj s) AA)))))))))
A ag (B ag) C ab d u y am j D E F G p (H I ao ap) ah e J ah (e (r (b ab v aj (al n (aq ad (l (ah (ab ag aq y ah) f) s n) ae ad s at am al r y al af ad af (at ac) z ai g ah n ai o (aw e k av) t (au j) t al) l) r z) ag (w an aj) (ag (aq ax K am d ax L h an M (o ap (N O ac P r (Q ak f (R (f s (ai ac z at) c S T r o (al c p) al) ay ap ai aq b n g aw (am ac w g ao (ag ac) g U (V t af ac am W v z ae X Y Z aj s) AA)))))))))
A ag (B ag) C ab d u y am j D E F G p (H I ao ap) ah e J ah (e (r (b ab v aj (al n (r af q (i at) au am al r y al af ad af (at ac) z ai g ah n ai o (aw e k av) t (au j) t al) l) r z) ag (w an aj) (ag (aq ax K am d ax L h an M (o ap (N O ac P r (Q ak f (R (f s (ai ac z at) c S T r o (al c p) al) ay ap ai aq b n g aw (am ac w g ao (ag ac) g U (V t af ac am W v z ae X Y Z aj s) AA)))))))))
A ag (B ag) C ab d u y am j D E F G p (H I ao ap) ah e J ah (e (r (b ab v aj (al n (al n (c e (f aa ay ab af (i at) a t) aw ae ao o) y al af ad af (at ac) z ai g ah n ai o (aw e k av) t (au j) t al) l) r z) ag (w an aj) (ag (aq ax K am d ax L h an M (o ap (N O ac P r (Q ak f (R (f s (ai ac z at) c S T r o (al c p) al) ay ap ai aq b n g aw (am ac w g ao (ag ac) g U (V t af ac am W v z ae X Y Z aj s) AA)))))))))
A ag (B ag) C ab d u y am j D E F G p (H I ao ap) ah e J ah (e (r (b ab v aj (al n (s w n t o y ar d (al c) q z af ad af (at ac) z ai g ah n ai o (aw e k av) t (au j) t al) l) r z) ag (w an aj) (ag (aq ax K am d ax L h an M (o ap (N O ac P r (Q ak f (R (f s (ai ac z at) c S T r o (al c p) al) ay ap ai aq b n g aw (am ac w g ao (ag ac) g U (V t af ac am W v z ae X Y Z aj s) AA)))))))))
A ag (B ag) C ab d u y am j D E F G p (H I ao ap) ah e J ah (e (r (b ab v aj (al n (j ak y o h aa ak d am aj at (ap ak x) l ai y ar d (al c) q z af ad af (at ac) z ai g ah n ai o (aw e k av) t (au j) t al) l) r z) ag (w an aj) (ag (aq ax K am d ax L h an M (o ap (N O ac P r (Q ak f (R (f s (ai ac z at) c S T r o (al c p) al) ay ap ai aq b n g aw (am ac w g ao (ag ac) g U (V t af ac am W v z ae X Y Z aj s) AA)))))))))
A ag (B ag) C ab d u y am j D E F G p (H I ao ap) ah e J ah (e (r (b ab v aj (al n (aq ad (l (ak (ab ag aq y ah) f) s n) aj at (ap ak x) l ai y ar d (al c) q z af ad af (at ac) z ai g ah n ai o (aw e k av) t (au j) t al) l) r z) ag (w an aj) (ag (aq ax K am d ax L h an M (o ap (N O ac P r (Q ak f (R (f s (ai ac z at) c S T r o (al c p) al) ay ap ai aq b n g aw (am ac w g ao (ag ac) g U (V t af ac am W v z ae X Y Z aj s) AA)))))))))
A ag (B ag) C ab d u y am j D E F G p (H I ao ap) ah e J ah (e (r (b ab v aj (al n (r af q (i l) au ai y ar d (al c) q z af ad af (at ac) z ai g ah n ai o (aw e k av) t (au j) t al) l) r z) ag (w an aj) (ag (aq ax K am d ax L h an M (o ap (N O ac P r (Q ak f (R (f s (ai ac z at) c S T r o (al c p) al) ay ap ai aq b n g aw (am ac w g ao (ag ac) g U (V t af ac am W v z ae X Y Z aj s) AA)))))))))
A ag (B ag) C ab d u y am j D E F G p (H I ao ap) ah e J ah (e (r (b ab v aj (al n (al n (c e (f aa ay ab af (i l) a t) aw ae ao o) d (al c) q z af ad af (at ac) z ai g ah n ai o (aw e k av) t (au j) t al) l) r z) ag (w an aj) (ag (aq ax K am d ax L h an M (o ap (N O ac P r (Q ak f (R (f s (ai ac z at) c S T r o (al c p) al) ay ap ai aq b n g aw (am ac w g ao (ag ac) g U (V t af ac am W v z ae X Y Z aj s) AA)))))))))
A ag (B ag) C ab d u y am j D E F G p (H I ao ap) ah e J ah (e (r (b ab v aj (al n (s w n t o d ar d (al c c) q z q z af ad af (at ac) z ai g ah n ai o (aw e k av) t (au j) t al) l) r z) ag (w an aj) (ag (aq ax K am d ax L h an M (o ap (N O ac P r (Q ak f (R (f s (ai ac z at) c S T r o (al c p) al) ay ap ai aq b n g aw (am ac w g ao (ag ac) g U (V t af ac am W v z ae X Y Z aj s) AA)))))))))
A ag (B ag) C ab d u y am j D E F G p (H I ao ap) ah e J ah (e (r (b ab v aj (al n (j ak y o h aa ak d am aj at (ap ak x) l ai d ar d (al c c) q z q z af ad af (at ac) z ai g ah n ai o (aw e k av) t (au j) t al) l) r z) ag (w an aj) (ag (aq ax K am d ax L h an M (o ap (N O ac P r (Q ak f (R (f s (ai ac z at) c S T r o (al c p) al) ay ap ai aq b n g aw (am ac w g ao (ag ac) g U (V t af ac am W v z ae X Y Z aj s) AA)))))))))
A ag (B ag) C ab d u y am j D E F G p (H I ao ap) ah e J ah (e (r (b ab v aj (al n (aq ad (l (ak (ab ag aq y ah) f) s n) aj at (ap ak x) l ai d ar d (al c c) q z q z af ad af (at ac) z ai g ah n ai o (aw e k av) t (au j) t al) l) r z) ag (w an aj) (ag (aq ax K am d ax L h an M (o ap (N O ac P r (Q ak f (R (f s (ai ac z at) c S T r o (al c p) al) ay ap ai aq b n g aw (am ac w g ao (ag ac) g U (V t af ac am W v z ae X Y Z aj s) AA)))))))))
A ag (B ag) C ab d u y am j D E F G p (H I ao ap) ah e J ah (e (r (b ab v aj (al n (r af q (i l) au ai d ar d (al c c) q z q z af ad af (at ac) z ai g ah n ai o (aw e k av) t (au j) t al) l) r z) ag (w an aj) (ag (aq ax K am d ax L h an M (o ap (N O ac P r (Q ak f (R (f s (ai ac z at) c S T r o (al c p) al) ay ap ai aq b n g aw (am ac w g ao (ag ac) g U (V t af ac am W v z ae X Y Z aj s) AA)))))))))
A ag (B ag) C ab d u y am j D E F G p (H I ao ap) ah e J ah (e (r (b ab v aj (al n (al n (c e (f aa ay ab af (i l) a t) aw ae ao o) d (al c c) q z q z af ad af (at ac) z ai g ah n ai o (aw e k av) t (au j) t al) l) r z) ag (w an aj) (ag (aq ax K am d ax L h an M (o ap (N O ac P r (Q ak f (R (f s (ai ac z at) c S T r o (al c p) al) ay ap ai aq b n g aw (am ac w g ao (ag ac) g U (V t af ac am W v z ae X Y Z aj s) AA)))))))))
A ag (B ag) C ab d u y am j D E F G p (H I ao ap) ah e J ah (e (r (b ab v aj (al n (s w n t o d ar d (al c c c) q z q z q z af ad af (at ac) z ai g ah n ai o (aw e k av) t (au j) t al) l) r z) ag (w an aj) (ag (aq ax K am d ax L h an M (o ap (N O ac P r (Q ak f (R (f s (ai ac z at) c S T r o (al c p) al) ay ap ai aq b n g aw (am ac w g ao (ag ac) g U (V t af ac am W v z ae X Y Z aj s) AA)))))))))
A ag (B ag) C ab d u y am j D E F G p (H I ao ap) ah e J ah (e (r (b ab v aj (al n (j ak y o h aa ak d am aj at (ap ak x) l ai d ar d (al c c c) q z q z q z af ad af (at ac) z ai g ah n ai o (aw e k av) t (au j) t al) l) r z) ag (w an aj) (ag (aq ax K am d ax L h an M (o ap (N O ac P r (Q ak f (R (f s (ai ac z at) c S T r o (al c p) al) ay ap ai aq b n g aw (am ac w g ao (ag ac) g U (V t af ac am W v z ae X Y Z aj s) AA)))))))))
A ag (B ag) C ab d u y am j D E F G p (H I ao ap) ah e J ah (e (r (b ab v aj (al n (aq ad (l (ak (ab ag aq y ah) f) s n) aj at (ap ak x) l ai d ar d (al c c c) q z q z q z af ad af (at ac) z ai g ah n ai o (aw e k av) t (au j) t al) l) r z) ag (w an aj) (ag (aq ax K am d ax L h an M (o ap (N O ac P r (Q ak f (R (f s (ai ac z at) c S T r o (al c p) al) ay ap ai aq b n g aw (am ac w g ao (ag ac) g U (V t af ac am W v z ae X Y Z aj s) AA)))))))))
A ag (B ag) C ab d u y am j D E F G p (H I ao ap) ah e J ah (e (r (b ab v aj (al n (r af q (i l) au ai d ar d (al c c c) q z q z q z af ad af (at ac) z ai g ah n ai o (aw e k av) t (au j) t al) l) r z) ag (w an aj) (ag (aq ax K am d ax L h an M (o ap (N O ac P r (Q ak f (R (f s (ai ac z at) c S T r o (al c p) al) ay ap ai aq b n g aw (am ac w g ao (ag ac) g U (V t af ac am W v z ae X Y Z aj s) AA)))))))))
A ag (B ag) C ab d u y am j D E F G p (H I ao ap) ah e J ah (e (r (b ab v aj (al n (al n (c e (f aa ay ab af (i l) a t) aw ae ao o) d (al c c c) q z q z q z af ad af (at ac) z ai g ah n ai o (aw e k av) t (au j) t al) l) r z) ag (w an aj) (ag (aq ax K am d ax L h an M (o ap (N O ac P r (Q ak f (R (f s (ai ac z at) c S T r o (al c p) al) ay ap ai aq b n g aw (am ac w g ao (ag ac) g U (V t af ac am W v z ae X Y Z aj s) AA)))))))))
A ag (B ag) C ab d u y am j D E F G p (H I ao ap) ah e J ah (e (r (b ab v aj (al n (s w n t o d ar d (al c c c c) q z q z q z q z af ad af (at ac) z ai g ah n ai o (aw e k av) t (au j) t al) l) r z) ag (w an aj) (ag (aq ax K am d ax L h an M (o ap (N O ac P r (Q ak f (R (f s (ai ac z at) c S T r o (al c p) al) ay ap ai aq b n g aw (am ac w g ao (ag ac) g U (V t af ac am W v z ae X Y Z aj s) AA)))))))))
A ag (B ag) C ab d u y am j D E F G p (H I ao ap) ah e J ah (e (r (b ab v aj (al n (j ak y o h aa ak d am aj at (ap ak x) l ai d ar d (al c c c c) q z q z q z q z af ad af (at ac) z ai g ah n ai o (aw e k av) t (au j) t al) l) r z) ag (w an aj) (ag (aq ax K am d ax L h an M (o ap (N O ac P r (Q ak f (R (f s (ai ac z at) c S T r o (al c p) al) ay ap ai aq b n g aw (am ac w g ao (ag ac) g U (V t af ac am W v z ae X Y Z aj s) AA)))))))))
A ag (B ag) C ab d u y am j D E F G p (H I ao ap) ah e J ah (e (r (b ab v aj (al n (aq ad (l (ak (ab ag aq y ah) f) s n) aj at (ap ak x) l ai d ar d (al c c c c) q z q z q z q z af ad af (at ac) z ai g ah n ai o (aw e k av) t (au j) t al) l) r z) ag (w an aj) (ag (aq ax K am d ax L h an M (o ap (N O ac P r (Q ak f (R (f s (ai ac z at) c S T r o (al c p) al) ay ap ai aq b n g aw (am ac w g ao (ag ac) g U (V t af ac am W v z ae X Y Z aj s) AA)))))))))
A ag (B ag) C ab d u y am j D E F G p (H I ao ap) ah e J ah (e (r (b ab v aj (al n (r af q (i l) au ai d ar d (al c c c c) q z q z q z q z af ad af (at ac) z ai g ah n ai o (aw e k av) t (au j) t al) l) r z) ag (w an aj) (ag (aq ax K am d ax L h an M (o ap (N O ac P r (Q ak f (R (f s (ai ac z at) c S T r o (al c p) al) ay ap ai aq b n g aw (am ac w g ao (ag ac) g U (V t af ac am W v z ae X Y Z aj s) AA)))))))))
A ag (B ag) C ab d u y am j D E F G p (H I ao ap) ah e J ah (e (r (b ab v aj (al n (al n (c e (f aa ay ab af (i l) a t) aw ae ao o) d (al c c c c) q z q z q z q z af ad af (at ac) z ai g ah n ai o (aw e k av) t (au j) t al) l) r z) ag (w an aj) (ag (aq ax K am d ax L h an M (o ap (N O ac P r (Q ak f (R (f s (ai ac z at) c S T r o (al c p) al) ay ap ai aq b n g aw (am ac w g ao (ag ac) g U (V t af ac am W v z ae X Y Z aj s) AA)))))))))


