a bd az bf ba be bb bc bg w e aa (k aj aj u ar (ak bf g ag)) bf z be
b bg az be ba bd bc bf bb al bd (x ao (ag (ai bf q o at u q) z))
c be az bd bc bf ba bg bb p be t be (h (r (h q (ac (q ba l am ap r h)))))
d bb bd bc az ba a s ab ap (ag j aj ba (ay (r bb ac o ag)))
e az bc bd be ba bb ab f j (be (ai ba av y))
f bb az bc ba al n ac bc bc c x
g az bb ba f (y ac x v at) az an ax (y af)
h az ba at ba aw d aq b v af c t (b an ak z i)
i ba bc bb az ba az (ac ab o b az ab q p ba bc)
j bg az be bf bc ba bb bd ai aq ak (ao t bg bc g (bg aj)) ax k be b
k bc bd ba bf az be bb n (be (ar ao f ah av an d (ba ay v w ar) a))
l ba bb be bc bd az ai ax bb e (c q af bc) m be az (ab bb v r ay)
m bd ba az bc bb av z af aj ap ag h (ay s) y am f
n be az bf bd bb ba bc ba s (az p s (m m g) ba u s au)
o bf ba bd bb be az bc af h (q aw bc) aw bd al v u an be (an au)
p bb bd ba bf az be bc ap bb q am r at ak a h an aa bc ah y (j bb)
q be az bg bb ba bc bf bd o ad an ad j am (u x ac l) ak k b ai
r ba bf bd bc bg be az bb aj ay af bd bb bd
s bc ba az bb bd b (ba ab bb k)
t bc bb az ba ac b v aa a bb v am x az i x (v aj au ag)
u bb bd ba bc az be y c (j ak ae af c) l (bb (au bd az bd ba r))
v bb bc ba be bd bf az bf al ar c am s ay l af y w bc d
w ba bb az bd be bc l n f at (i s) ak
x ba bc be az bd bb bf m n an ar
y be bc bd ba bg az bb bf r a ay (au f i ah) n n ax
z ba az ab ah ag w j (r ba ai az) u au k h f k ax
aa be bd ba bb az bc bf bg ab z n bb x i (i (aq (ba at bc b) y ak c s))
ab az ba bd bc bb az (bc l) bd bd p ap ap l av aq al w ap y ba
ac bc bf bg az bd ba be bb v (l ba bf av y bc) be
ad bb bc ba az bd h au (c (y (y (ba (t b af) t ax t q g))))
ae az bd bb bc ba az t at ad u (c (ak p ah p ba))
af az bc bg bd bb ba be bf ae f (k aw e az) y a e (v v c) l
ag bc bb bd az ba be bf bb v bf c w (ai x) at t ar
ah ba bc bd bb az be bf m ab bc ag a bb bd d (c z (c f q bc be ax))
ai bd be bc az ba bb c af ba (bb n ag x a)
aj am r h (s (ao c ay p an ae (m d al t v al)))
ak az bc bb ba ba v ba ao z av az h n (ba (aa ba v n ap q))
al bb bc az bd ba bc (i w (bc av y af bd o) bd) ba r
am ba bb az bd bc be an f aa ap bb f ad ae bb bd l a
an ba bb bc az d a ab ac am bc x v au az (t a) e aq av
ao bb az ba t (az (bb al y l ae) at av)
ap q (ay (aa v an d ae) af (p b n aa t))
aq ba bb bc az af ae bc al d t (m q (ba k i (j a)) c) ap
ar bf bb az ba bc bd bg be bf u (aq n bb (f z aq) p ak w ay ak) (c j)
at bb az ba av ao (ba ba) h (aq c) z y (s (bb ap) af (ar l j))
au bd ba az bg bf be bb bc ay bf aa g (d ai l be ai aj t ap o ak)
av az bc be bb bd ba d ao r ax ag c n (aa r am g m) v (a b) d
aw bb az ba bc v x (y a ap) (aj (ar av ba ay) am)
ax az bb bc bd ba y ae az (aa ak w (w (x h l ar ar ab an)))
ay bf bc be az bb bd ba b aw n bf y m x e bd (ba (bb o (e aq n) bb))
main A B C i D ah p ad n E F G (f (H I b) (J ar f (K k ad) (L M (N (O P al ac m m d Q o (aw (R ak S av) (g v ax (T (U V (c ah q (ad (d u r (W X ap ae u k (u i Y p (Z b o u u (x ax e y AA d AB e) AC ah al AD))) s)) m at aq am) (AE i e ap p y AF s ai t AG r aj)) AH AI AJ))))))))
------------------------------------------------------------
A B C i D ah p ad n E F G (f (H I b) (J ar f (K k ad) (L M (N (O P al ac m m d Q o (aw (R ak S av) (g v ax (T (U V (c ah q (ad (d u r (W X ap ae u k (u i Y p (Z b o u u (x ax e y AA d AB e) AC ah al AD))) s)) m at aq am) (AE i e ap p y AF s ai t AG r aj)) AH AI AJ))))))))
A B C i D ah p ad n E F G (f (H I b) (J ar f (K k ad) (L M (N (O P al ac m m d Q o (aw (R ak S av) (f (y ac x v at) v an ax (y af))))))))
A B C i D ah p ad n E F G (f (H I b) (J ar f (K k ad) (L M (N (O P al ac m m d Q o (aw (R ak S av) (al n ac an an c x (y af))))))))
A B C i D ah p ad n E F G (f (H I b) (J ar f (K k ad) (L M (N (O P al ac m m d Q o (aw (R ak S av) (ac (i w (ac av y af an o) an) c r x (y af))))))))


