a bf ba bc bg az bb bd be v t ba y l (bc n)
b az bb bd ba bc be c ay e be ak v af (bb q ar (y av k k) ap)
c ba bc bf bb bd az be aw ap i al h (bb aq w) bf ba a bf (bd i) y
d be az bc bb ba bd bc ax ao r o l ai ah af a (au af)
e bd ba bb be az bf bc c ag (x bb) ap a ad aj al a
f az ba bc be bf bd bb aq ak av (ax bf aj (h bb av) (c (c g) av v) i)
g be bf bd ba bc bg az bb h (w c p al t ai (a t a) bf)
h bf az ba bc bg bb bd be n ag j o az ad af ap e u (i z bd bd aw)
i bb ba az af at ak t z aw ao f r ba
j bb ba bc az r ar g q ao e (y am (y n p b u b k)) t
k be bc bb ba bd bg bf az b aj az al (v ae m af au (a ao bb) aq) z bb
l az ba bb bc az az ag (ar w) ah (av z ar az a)
m bf be bc bg az bb ba bd v al b (a ah r at au o n)
n az ba bb bc bd i aq (av ac bc) q bc e e q af l i bc
o ba bc be bb bf bd az ai ao bb an (ak ax a aj u)
p ba bc az bb av ba y (aq r (k az w w b ba ag u))
q bb ba az bc be bd av y d bd e ai c u af ad at
r bf az bg be bc ba bb bd h (w (b (ar ah aa b o) bg)) ak ag
s bg ba bd bb bc be az bf ad (d ag f ag)
t bb be bc ba bd bf az au (n (ba aj at)) az q d s n ah s r (n bd w)
u be bg bb ba az bc bf bd h c aj r r aw y z
v w ar (ar (l ad aj ai aw m aa ai ar) r ab ah)
w bb bf bc bg az ba be bd ar bd (al (t k (am (o az ad q ar bc q bc aw))))
x bf az bg bb bc be bd ba ba ac (af (be ay ba n) r am f bc) ar b bf w ay
y az bg bf be bb bc ba bd ad ae bc ae ba v bf ap v aj (at x)
z bb be bd az ba bc al ac az ah ag ao ao ae h k bc aa j
aa az al i m ar ag ag aj ay q b au az (aj m)
ab az ba bb be bc bd be az (e (x aj l))
ac ba bf bd bg bc bb az be ag (u az) q bg av (b ad u ad ad)
ad bb bc ba bd az v n bd c p (ay af)
ae ba bd az bf bc be bb j h aw az (bb k) bc bc c ba (w ab ap au r ab)
af bd bc be bf az bb ba i w (ah bb (be aj d)) m bb (ba av aa ab f c)
ag be bd bb ba az bc ax ao n g bc b am x v au ai ah bb (ad c) t
ah bc az bd ba bb aj q bd l a an d ag (ag h u ak az h v ad)
ai be bc bg bb bd bf az ba g l bg d v l ay ao aa x
aj az ba m au q ad (d l (aa f s z p) r) b (ba az n)
ak ba bb bc bd bf be az am ax ag (s (o af) (j g) ar f) r
al be bd bb az bc ba m l s ah f (bd az) (ar ae)
am be az ba bd bc bb o t t f ax ao a aa ap l ag a b aj
an az bb ba bc bd a s o c p i bb ba
ao bd az ba bb bc v (bd ba af aw (l al aa)) p (ak b)
ap bd az bb ba bc g bd bc aa ba ad ai (c (ac aa bd aw al ak ah))
aq bc az be bd ba bb bf bg q l x t af t p ac k z q (ae ba)
ar az ba au ap af az an g az ag az ad h (e au) p ba an
at bg bf bc bb be bd ba az s ae ab (q au k)
au bb az bc ba x ag bb ac bb aq az u g (ba ax v ar a y b)
av bb bc az ba z v ah i ax ax (ax m) l aj
aw ba az bc bb ac az c
ax bc bd bf ba az bb be c g x bf n aq (an ap)
ay bc az bb ba l e ap x ba (aw ab h (az r)) j h
main A aw af B ad C al D am ak q t (y ax ad) E ay (F G (H (s x (I ax) aj (J (w m r K) L an aj (M N k ak) ae) O am y ay a) b (u x q) aj ae (P aq u ao (Q R S T al) ae) U (ax d V z) (ai (W q (h ab X Y (i ae)) (y (Z AA AB y b AC at) (AD (AE ap) (b AF u q al m AG an) z o AH) an av) av aa aq))))
------------------------------------------------------------
A aw af B ad C al D am ak q t (y ax ad) E ay (F G (H (s x (I ax) aj (J (w m r K) L an aj (M N k ak) ae) O am y ay a) b (u x q) aj ae (P aq u ao (Q R S T al) ae) U (ax d V z) (ai (W q (h ab X Y (i ae)) (y (Z AA AB y b AC at) (AD (AE ap) (b AF u q al m AG an) z o AH) an av) av aa aq))))
A aw af B ad C al D am ak q t (y ax ad) E ay (F G (H (ad (d ag f ag) a) b (u x q) aj ae (P aq u ao (Q R S T al) ae) U (ax d V z) (ai (W q (h ab X Y (i ae)) (y (Z AA AB y b AC at) (AD (AE ap) (b AF u q al m AG an) z o AH) an av) av aa aq))))
A aw af B ad C al D am ak q t (y ax ad) E ay (F G (H (ad (d ag f ag) a) b (u x q) aj ae (P aq u ao (Q R S T al) ae) U (ax d V z) (ai (W q (h ab X Y (i ae)) (y (Z AA AB y b AC at) (AD (AE ap) (c ay e AG ak v af (u q ar (y av k k) ap) an) z o AH) an av) av aa aq))))
A aw af B ad C al D am ak q t (y ax ad) E ay (F G (H (ad (d ag f ag) a) b (u x q) aj ae (P aq u ao (Q R S T al) ae) U (ax d V z) (ai (W q (h ab X Y (i ae)) (y (Z AA AB y b AC at) (AD (AE ap) (aw ap i al h (ak aq w) AG ay a AG (v i) y an) z o AH) an av) av aa aq))))
A aw af B ad C al D am ak q t (y ax ad) E ay (F G (H (ad (d ag f ag) a) b (u x q) aj ae (P aq u ao (Q R S T al) ae) U (ax d V z) (ai (W q (h ab X Y (i ae)) (y (Z AA AB y b AC at) (AD (AE ap) (ac i c (ak aq w) AG ay a AG (v i) y an) z o AH) an av) av aa aq))))
A aw af B ad C al D am ak q t (y ax ad) E ay (F G (H (ad (d ag f ag) a) b (u x q) aj ae (P aq u ao (Q R S T al) ae) U (ax d V z) (ai (W q (h ab X Y (i ae)) (y (Z AA AB y b AC at) (AD (AE ap) (ag (u AG) q AG av (b ad u ad ad) y an) z o AH) an av) av aa aq))))
A aw af B ad C al D am ak q t (y ax ad) E ay (F G (H (ad (d ag f ag) a) b (u x q) aj ae (P aq u ao (Q R S T al) ae) U (ax d V z) (ai (W q (h ab X Y (i ae)) (y (Z AA AB y b AC at) (AD (AE ap) (ax ao n g y b am x v au ai ah AG (ad c) t an) z o AH) an av) av aa aq))))
A aw af B ad C al D am ak q t (y ax ad) E ay (F G (H (ad (d ag f ag) a) b (u x q) aj ae (P aq u ao (Q R S T al) ae) U (ax d V z) (ai (W q (h ab X Y (i ae)) (y (Z AA AB y b AC at) (AD (AE ap) (c g x g n aq (an ap) v au ai ah AG (ad c) t an) z o AH) an av) av aa aq))))
A aw af B ad C al D am ak q t (y ax ad) E ay (F G (H (ad (d ag f ag) a) b (u x q) aj ae (P aq u ao (Q R S T al) ae) U (ax d V z) (ai (W q (h ab X Y (i ae)) (y (Z AA AB y b AC at) (AD (AE ap) (aw ap i al h (n aq w) g g a g (aq i) y au ai ah AG (ad c) t an) z o AH) an av) av aa aq))))
A aw af B ad C al D am ak q t (y ax ad) E ay (F G (H (ad (d ag f ag) a) b (u x q) aj ae (P aq u ao (Q R S T al) ae) U (ax d V z) (ai (W q (h ab X Y (i ae)) (y (Z AA AB y b AC at) (AD (AE ap) (ac i c (n aq w) g g a g (aq i) y au ai ah AG (ad c) t an) z o AH) an av) av aa aq))))
A aw af B ad C al D am ak q t (y ax ad) E ay (F G (H (ad (d ag f ag) a) b (u x q) aj ae (P aq u ao (Q R S T al) ae) U (ax d V z) (ai (W q (h ab X Y (i ae)) (y (Z AA AB y b AC at) (AD (AE ap) (ag (u g) q g av (b ad u ad ad) y au ai ah AG (ad c) t an) z o AH) an av) av aa aq))))
A aw af B ad C al D am ak q t (y ax ad) E ay (F G (H (ad (d ag f ag) a) b (u x q) aj ae (P aq u ao (Q R S T al) ae) U (ax d V z) (ai (W q (h ab X Y (i ae)) (y (Z AA AB y b AC at) (AD (AE ap) (ax ao n g y b am x v au ai ah g (ad c) t au ai ah AG (ad c) t an) z o AH) an av) av aa aq))))
A aw af B ad C al D am ak q t (y ax ad) E ay (F G (H (ad (d ag f ag) a) b (u x q) aj ae (P aq u ao (Q R S T al) ae) U (ax d V z) (ai (W q (h ab X Y (i ae)) (y (Z AA AB y b AC at) (AD (AE ap) (c g x g n aq (an ap) v au ai ah g (ad c) t au ai ah AG (ad c) t an) z o AH) an av) av aa aq))))
A aw af B ad C al D am ak q t (y ax ad) E ay (F G (H (ad (d ag f ag) a) b (u x q) aj ae (P aq u ao (Q R S T al) ae) U (ax d V z) (ai (W q (h ab X Y (i ae)) (y (Z AA AB y b AC at) (AD (AE ap) (aw ap i al h (n aq w) g g a g (aq i) y au ai ah g (ad c) t au ai ah AG (ad c) t an) z o AH) an av) av aa aq))))
A aw af B ad C al D am ak q t (y ax ad) E ay (F G (H (ad (d ag f ag) a) b (u x q) aj ae (P aq u ao (Q R S T al) ae) U (ax d V z) (ai (W q (h ab X Y (i ae)) (y (Z AA AB y b AC at) (AD (AE ap) (ac i c (n aq w) g g a g (aq i) y au ai ah g (ad c) t au ai ah AG (ad c) t an) z o AH) an av) av aa aq))))
A aw af B ad C al D am ak q t (y ax ad) E ay (F G (H (ad (d ag f ag) a) b (u x q) aj ae (P aq u ao (Q R S T al) ae) U (ax d V z) (ai (W q (h ab X Y (i ae)) (y (Z AA AB y b AC at) (AD (AE ap) (ag (u g) q g av (b ad u ad ad) y au ai ah g (ad c) t au ai ah AG (ad c) t an) z o AH) an av) av aa aq))))
A aw af B ad C al D am ak q t (y ax ad) E ay (F G (H (ad (d ag f ag) a) b (u x q) aj ae (P aq u ao (Q R S T al) ae) U (ax d V z) (ai (W q (h ab X Y (i ae)) (y (Z AA AB y b AC at) (AD (AE ap) (ax ao n g y b am x v au ai ah g (ad c) t au ai ah g (ad c) t au ai ah AG (ad c) t an) z o AH) an av) av aa aq))))
A aw af B ad C al D am ak q t (y ax ad) E ay (F G (H (ad (d ag f ag) a) b (u x q) aj ae (P aq u ao (Q R S T al) ae) U (ax d V z) (ai (W q (h ab X Y (i ae)) (y (Z AA AB y b AC at) (AD (AE ap) (c g x g n aq (an ap) v au ai ah g (ad c) t au ai ah g (ad c) t au ai ah AG (ad c) t an) z o AH) an av) av aa aq))))
A aw af B ad C al D am ak q t (y ax ad) E ay (F G (H (ad (d ag f ag) a) b (u x q) aj ae (P aq u ao (Q R S T al) ae) U (ax d V z) (ai (W q (h ab X Y (i ae)) (y (Z AA AB y b AC at) (AD (AE ap) (aw ap i al h (n aq w) g g a g (aq i) y au ai ah g (ad c) t au ai ah g (ad c) t au ai ah AG (ad c) t an) z o AH) an av) av aa aq))))
A aw af B ad C al D am ak q t (y ax ad) E ay (F G (H (ad (d ag f ag) a) b (u x q) aj ae (P aq u ao (Q R S T al) ae) U (ax d V z) (ai (W q (h ab X Y (i ae)) (y (Z AA AB y b AC at) (AD (AE ap) (ac i c (n aq w) g g a g (aq i) y au ai ah g (ad c) t au ai ah g (ad c) t au ai ah AG (ad c) t an) z o AH) an av) av aa aq))))
A aw af B ad C al D am ak q t (y ax ad) E ay (F G (H (ad (d ag f ag) a) b (u x q) aj ae (P aq u ao (Q R S T al) ae) U (ax d V z) (ai (W q (h ab X Y (i ae)) (y (Z AA AB y b AC at) (AD (AE ap) (ag (u g) q g av (b ad u ad ad) y au ai ah g (ad c) t au ai ah g (ad c) t au ai ah AG (ad c) t an) z o AH) an av) av aa aq))))
A aw af B ad C al D am ak q t (y ax ad) E ay (F G (H (ad (d ag f ag) a) b (u x q) aj ae (P aq u ao (Q R S T al) ae) U (ax d V z) (ai (W q (h ab X Y (i ae)) (y (Z AA AB y b AC at) (AD (AE ap) (ax ao n g y b am x v au ai ah g (ad c) t au ai ah g (ad c) t au ai ah g (ad c) t au ai ah AG (ad c) t an) z o AH) an av) av aa aq))))
A aw af B ad C al D am ak q t (y ax ad) E ay (F G (H (ad (d ag f ag) a) b (u x q) aj ae (P aq u ao (Q R S T al) ae) U (ax d V z) (ai (W q (h ab X Y (i ae)) (y (Z AA AB y b AC at) (AD (AE ap) (c g x g n aq (an ap) v au ai ah g (ad c) t au ai ah g (ad c) t au ai ah g (ad c) t au ai ah AG (ad c) t an) z o AH) an av) av aa aq))))
A aw af B ad C al D am ak q t (y ax ad) E ay (F G (H (ad (d ag f ag) a) b (u x q) aj ae (P aq u ao (Q R S T al) ae) U (ax d V z) (ai (W q (h ab X Y (i ae)) (y (Z AA AB y b AC at) (AD (AE ap) (aw ap i al h (n aq w) g g a g (aq i) y au ai ah g (ad c) t au ai ah g (ad c) t au ai ah g (ad c) t au ai ah AG (ad c) t an) z o AH) an av) av aa aq))))
A aw af B ad C al D am ak q t (y ax ad) E ay (F G (H (ad (d ag f ag) a) b (u x q) aj ae (P aq u ao (Q R S T al) ae) U (ax d V z) (ai (W q (h ab X Y (i ae)) (y (Z AA AB y b AC at) (AD (AE ap) (ac i c (n aq w) g g a g (aq i) y au ai ah g (ad c) t au ai ah g (ad c) t au ai ah g (ad c) t au ai ah AG (ad c) t an) z o AH) an av) av aa aq))))
A aw af B ad C al D am ak q t (y ax ad) E ay (F G (H (ad (d ag f ag) a) b (u x q) aj ae (P aq u ao (Q R S T al) ae) U (ax d V z) (ai (W q (h ab X Y (i ae)) (y (Z AA AB y b AC at) (AD (AE ap) (ag (u g) q g av (b ad u ad ad) y au ai ah g (ad c) t au ai ah g (ad c) t au ai ah g (ad c) t au ai ah AG (ad c) t an) z o AH) an av) av aa aq))))
A aw af B ad C al D am ak q t (y ax ad) E ay (F G (H (ad (d ag f ag) a) b (u x q) aj ae (P aq u ao (Q R S T al) ae) U (ax d V z) (ai (W q (h ab X Y (i ae)) (y (Z AA AB y b AC at) (AD (AE ap) (ax ao n g y b am x v au ai ah g (ad c) t au ai ah g (ad c) t au ai ah g (ad c) t au ai ah g (ad c) t au ai ah AG (ad c) t an) z o AH) an av) av aa aq))))
A aw af B ad C al D am ak q t (y ax ad) E ay (F G (H (ad (d ag f ag) a) b (u x q) aj ae (P aq u ao (Q R S T al) ae) U (ax d V z) (ai (W q (h ab X Y (i ae)) (y (Z AA AB y b AC at) (AD (AE ap) (c g x g n aq (an ap) v au ai ah g (ad c) t au ai ah g (ad c) t au ai ah g (ad c) t au ai ah g (ad c) t au ai ah AG (ad c) t an) z o AH) an av) av aa aq))))
A aw af B ad C al D am ak q t (y ax ad) E ay (F G (H (ad (d ag f ag) a) b (u x q) aj ae (P aq u ao (Q R S T al) ae) U (ax d V z) (ai (W q (h ab X Y (i ae)) (y (Z AA AB y b AC at) (AD (AE ap) (aw ap i al h (n aq w) g g a g (aq i) y au ai ah g (ad c) t au ai ah g (ad c) t au ai ah g (ad c) t au ai ah g (ad c) t au ai ah AG (ad c) t an) z o AH) an av) av aa aq))))
A aw af B ad C al D am ak q t (y ax ad) E ay (F G (H (ad (d ag f ag) a) b (u x q) aj ae (P aq u ao (Q R S T al) ae) U (ax d V z) (ai (W q (h ab X Y (i ae)) (y (Z AA AB y b AC at) (AD (AE ap) (ac i c (n aq w) g g a g (aq i) y au ai ah g (ad c) t au ai ah g (ad c) t au ai ah g (ad c) t au ai ah g (ad c) t au ai ah AG (ad c) t an) z o AH) an av) av aa aq))))


