a bd az bg be bc bf ba bb ac x ao c v u (m (bb (be s i) af ap x p c))
b ba bb be az bf bd bc l au i al h (y (a o ag o ar bd j)) h
c bb bc bd az ba au j u ay af h (ad t (ba a e h bb e ax))
d az ba bc bd bb bd f (az ab) (o at) ak ag ad aq bd u
e bd ba az bb bc ac bb (j ah (u i g (j a))) az ay ar av
f ba be bc bf az bd bb ad ak (q ah ax aj at)
g az bg bc bd ba be bb bf h aa c ab (ae be (an ap az (n (au ba) an c)) e)
h ba az v am ad (ag (z m am p) (j g (af ao) o)) t
i bc az bb be bd ba am (r l) b k ac z f g am aq bb ao aw aw h
j ba az ar ah o ah (ba (ba ag ba l ad ai)) at
k az ba bb b af (o (s aa h g (a am az ax au az az) ay am))
l ba bc bd az bb b (ax i e j d (ai u az aa f (bc u j b)))
m ba az bb aj ar af aq (af an) t au ba aa (ai k ap) (av d t)
n bb ba be bd bc az r aj h j i (ak t am am)
o bf bc bg ba az bd be bb j e an (ba p) am ay s at n l f aa (f j)
p bf be bb ba bg bd bc az f (f bg (au x ar q f c q (i y)) bb u au)
q bb bd ba az bc ao (b aa (ba af bb (d f ba ak)))
r be bb ba bc bd az ai ag v aj (ay bd an e f m ak aw ba) ap
s bd be bc az ba bb t w au ad c (ad bb n ag (az (v g az) x) ba)
t az ba ba ap az aq at p p am (q ba (q g aj al) g)
u ba be bb az bd bc ax (ai r) (an q (aa ap b az) (at aa c ao ac an ao))
v az bd ba bb be bf bc ah (i o (h f (bb ai e q)) ar h ai r)
w az bb bd bc be ba ad (aa ae (am y an i q)) ak x d
x bc be bd ba az bb ah ba ac ao (at (ai ac az) ar al af)
y ba az bb bc aw am (bb ba ba av ba ak ap) ae (bc af)
z bd bc ba bf bb bg be az bc w n d bc ba bd av g bd l (l (aw m) ad)
aa az ba bb ba az o (z ab i bb aw k n (m s) o)
ab bd az bc bb ba i af q aw ba az aa (ar n aj aa)
ac bc bd bb bg az ba be bf al e n
ad bc bb bd bg az bf be ba q (ar aw t r z bd (aa ac s ag k ab al e)) ah
ae bb ba bd bc az k bd n aa o bb ar (c f ar (s s q))
af bf az bc bd bg bb be ba ak s k aj q d be g ay c o (ao al e au r)
ag bc az bd ba be bb ai bb y ap bc m ai s (ax aw q bc) aq
ah az bb ba p (ar az g ae ba)
ai bb az ba bc bf be bg bd au (c ag aq ba bb aw (ag am ap (g h) t s y))
aj az bb ba bc an a bb t (z af a)
ak bb be ba bc az bd ae al (i p) an (h e an (ba f (bd aa l l h t)))
al bf ba be bb bc bd az ao au f k bf q av j k aj ak w af bf
am ba bc az bb ah (b au bb) l (aj at) l aj
an az ba bb az l ay p ay ai aq az ag av bb e q ba ad az
ao bb ba bd bc az az ar ar (ag az ad z) ag ay n v ax v az at
ap az bc be bd bb ba bf bg aq w ar n m bg ai (i aq ah p v bc bc)
aq bb ba az o k az n ae c ba m u (ay ak (aj ba l))
ar ba bg bd az be bb bf bc p am (aq be al) o o (w p aj ad bd s o)
at bd az bb bf bc bg ba be k am ad j z ax (ax m ar (w a c af))
au bc az ba bb az y ai an (am ai (u ao i n))
av ba bb az ab l bb ap (au az ba (bb i ah ai))
aw ba az ba ba t at g (am j ba (ax b ab ba)) ba ax q
ax az ba bb aa h av ba l f ba k a g (ba an) aq o v y
ay az ba bb bd bc aq ae (al ac h g) v (e ag y bd ax) aq av (az aq)
main j t A l d B C ac D E (i al) l e u aq F (b aj G aq ae) (k (H I J K s) p) L M N v aj (y ap) (r O) P q s Q p aq aq R S aq af T p an U x ad am V o g ad W X ac Y (Z l (ax z (e l) am j ad a)) m m al x (AA b) i i ag s o v x ad AB au al AC w o l ab ao am AD g
------------------------------------------------------------
j t A l d B C ac D E (i al) l e u aq F (b aj G aq ae) (k (H I J K s) p) L M N v aj (y ap) (r O) P q s Q p aq aq R S aq af T p an U x ad am V o g ad W X ac Y (Z l (ax z (e l) am j ad a)) m m al x (AA b) i i ag s o v x ad AB au al AC w o l ab ao am AD g
ar ah o ah (t (t ag t l ad ai)) at l d B C ac D E (i al) l e u aq F (b aj G aq ae) (k (H I J K s) p) L M N v aj (y ap) (r O) P q s Q p aq aq R S aq af T p an U x ad am V o g ad W X ac Y (Z l (ax z (e l) am j ad a)) m m al x (AA b) i i ag s o v x ad AB au al AC w o l ab ao am AD g
p am (aq at al) o o (w p aj ad ah s o) C ac D E (i al) l e u aq F (b aj G aq ae) (k (H I J K s) p) L M N v aj (y ap) (r O) P q s Q p aq aq R S aq af T p an U x ad am V o g ad W X ac Y (Z l (ax z (e l) am j ad a)) m m al x (AA b) i i ag s o v x ad AB au al AC w o l ab ao am AD g
f (f (w p aj ad ah s o) (au x ar q f c q (i y)) o u au) E (i al) l e u aq F (b aj G aq ae) (k (H I J K s) p) L M N v aj (y ap) (r O) P q s Q p aq aq R S aq af T p an U x ad am V o g ad W X ac Y (Z l (ax z (e l) am j ad a)) m m al x (AA b) i i ag s o v x ad AB au al AC w o l ab ao am AD g
ad ak (q ah ax aj at) F (b aj G aq ae) (k (H I J K s) p) L M N v aj (y ap) (r O) P q s Q p aq aq R S aq af T p an U x ad am V o g ad W X ac Y (Z l (ax z (e l) am j ad a)) m m al x (AA b) i i ag s o v x ad AB au al AC w o l ab ao am AD g
q (ar aw t r z F (aa ac s ag k ab al e)) ah v aj (y ap) (r O) P q s Q p aq aq R S aq af T p an U x ad am V o g ad W X ac Y (Z l (ax z (e l) am j ad a)) m m al x (AA b) i i ag s o v x ad AB au al AC w o l ab ao am AD g
ao (b aa (v af (ar aw t r z F (aa ac s ag k ab al e)) (d f v ak))) (r O) P q s Q p aq aq R S aq af T p an U x ad am V o g ad W X ac Y (Z l (ax z (e l) am j ad a)) m m al x (AA b) i i ag s o v x ad AB au al AC w o l ab ao am AD g
s ar ar (ag s ad z) ag ay n v ax v s at Q p aq aq R S aq af T p an U x ad am V o g ad W X ac Y (Z l (ax z (e l) am j ad a)) m m al x (AA b) i i ag s o v x ad AB au al AC w o l ab ao am AD g
t w au ad c (ad n n ag (ag (v g ag) x) ay) v ax v s at Q p aq aq R S aq af T p an U x ad am V o g ad W X ac Y (Z l (ax z (e l) am j ad a)) m m al x (AA b) i i ag s o v x ad AB au al AC w o l ab ao am AD g
au ap w aq at p p am (q au (q g aj al) g) ad c (ad n n ag (ag (v g ag) x) ay) v ax v s at Q p aq aq R S aq af T p an U x ad am V o g ad W X ac Y (Z l (ax z (e l) am j ad a)) m m al x (AA b) i i ag s o v x ad AB au al AC w o l ab ao am AD g
w y ai an (am ai (u ao i n)) p p am (q au (q g aj al) g) ad c (ad n n ag (ag (v g ag) x) ay) v ax v s at Q p aq aq R S aq af T p an U x ad am V o g ad W X ac Y (Z l (ax z (e l) am j ad a)) m m al x (AA b) i i ag s o v x ad AB au al AC w o l ab ao am AD g
ad (aa ae (am y an i q)) ak x d am (q au (q g aj al) g) ad c (ad n n ag (ag (v g ag) x) ay) v ax v s at Q p aq aq R S aq af T p an U x ad am V o g ad W X ac Y (Z l (ax z (e l) am j ad a)) m m al x (AA b) i i ag s o v x ad AB au al AC w o l ab ao am AD g
q (ar aw t r z x (aa ac s ag k ab al e)) ah (ad n n ag (ag (v g ag) x) ay) v ax v s at Q p aq aq R S aq af T p an U x ad am V o g ad W X ac Y (Z l (ax z (e l) am j ad a)) m m al x (AA b) i i ag s o v x ad AB au al AC w o l ab ao am AD g
ao (b aa (ad n n ag (ag (v g ag) x) ay af (ar aw t r z x (aa ac s ag k ab al e)) (d f (ad n n ag (ag (v g ag) x) ay) ak))) v s at Q p aq aq R S aq af T p an U x ad am V o g ad W X ac Y (Z l (ax z (e l) am j ad a)) m m al x (AA b) i i ag s o v x ad AB au al AC w o l ab ao am AD g
Q ar ar (ag Q ad z) ag ay n v ax v Q at p aq aq R S aq af T p an U x ad am V o g ad W X ac Y (Z l (ax z (e l) am j ad a)) m m al x (AA b) i i ag s o v x ad AB au al AC w o l ab ao am AD g
Q ar ar (ag Q ad z) ag ay n v ax v Q at p aq aq R S aq af T p an U x ad am V o g ad W X ac Y (Z l (aa h av (e l) l f (e l) k a g (e l an) aq o v y j ad a)) m m al x (AA b) i i ag s o v x ad AB au al AC w o l ab ao am AD g
Q ar ar (ag Q ad z) ag ay n v ax v Q at p aq aq R S aq af T p an U x ad am V o g ad W X ac Y (Z l (av h o (z ab i (e l) aw k n (m s) o) l f (e l) k a g (e l an) aq o v y j ad a)) m m al x (AA b) i i ag s o v x ad AB au al AC w o l ab ao am AD g
Q ar ar (ag Q ad z) ag ay n v ax v Q at p aq aq R S aq af T p an U x ad am V o g ad W X ac Y (Z l (ab l o ap (au (z ab i (e l) aw k n (m s) o) h (o i ah ai)) l f (e l) k a g (e l an) aq o v y j ad a)) m m al x (AA b) i i ag s o v x ad AB au al AC w o l ab ao am AD g
Q ar ar (ag Q ad z) ag ay n v ax v Q at p aq aq R S aq af T p an U x ad am V o g ad W X ac Y (Z l (i af q aw l o aa (ar n aj aa) f (e l) k a g (e l an) aq o v y j ad a)) m m al x (AA b) i i ag s o v x ad AB au al AC w o l ab ao am AD g
Q ar ar (ag Q ad z) ag ay n v ax v Q at p aq aq R S aq af T p an U x ad am V o g ad W X ac Y (Z l (am (r l) b k ac z f g am aq aw ao aw aw h (ar n aj aa) f (e l) k a g (e l an) aq o v y j ad a)) m m al x (AA b) i i ag s o v x ad AB au al AC w o l ab ao am AD g
Q ar ar (ag Q ad z) ag ay n v ax v Q at p aq aq R S aq af T p an U x ad am V o g ad W X ac Y (Z l (ah (b au ac) l (aj at) l aj z f g am aq aw ao aw aw h (ar n aj aa) f (e l) k a g (e l an) aq o v y j ad a)) m m al x (AA b) i i ag s o v x ad AB au al AC w o l ab ao am AD g
Q ar ar (ag Q ad z) ag ay n v ax v Q at p aq aq R S aq af T p an U x ad am V o g ad W X ac Y (Z l (p (ar (b au ac) g ae (aj at)) l aj z f g am aq aw ao aw aw h (ar n aj aa) f (e l) k a g (e l an) aq o v y j ad a)) m m al x (AA b) i i ag s o v x ad AB au al AC w o l ab ao am AD g
Q ar ar (ag Q ad z) ag ay n v ax v Q at p aq aq R S aq af T p an U x ad am V o g ad W X ac Y (Z l (f (f f (au x ar q f c q (i y)) aj u au) aw ao aw aw h (ar n aj aa) f (e l) k a g (e l an) aq o v y j ad a)) m m al x (AA b) i i ag s o v x ad AB au al AC w o l ab ao am AD g
Q ar ar (ag Q ad z) ag ay n v ax v Q at p aq aq R S aq af T p an U x ad am V o g ad W X ac Y (Z l (ad ak (q ah ax aj at) f (e l) k a g (e l an) aq o v y j ad a)) m m al x (AA b) i i ag s o v x ad AB au al AC w o l ab ao am AD g
Q ar ar (ag Q ad z) ag ay n v ax v Q at p aq aq R S aq af T p an U x ad am V o g ad W X ac Y (Z l (q (ar aw t r z f (aa ac s ag k ab al e)) ah aq o v y j ad a)) m m al x (AA b) i i ag s o v x ad AB au al AC w o l ab ao am AD g
Q ar ar (ag Q ad z) ag ay n v ax v Q at p aq aq R S aq af T p an U x ad am V o g ad W X ac Y (Z l (ao (b aa (aq af (ar aw t r z f (aa ac s ag k ab al e)) (d f aq ak))) y j ad a)) m m al x (AA b) i i ag s o v x ad AB au al AC w o l ab ao am AD g
Q ar ar (ag Q ad z) ag ay n v ax v Q at p aq aq R S aq af T p an U x ad am V o g ad W X ac Y (Z l (a ar ar (ag a ad z) ag ay n v ax v a at)) m m al x (AA b) i i ag s o v x ad AB au al AC w o l ab ao am AD g
Q ar ar (ag Q ad z) ag ay n v ax v Q at p aq aq R S aq af T p an U x ad am V o g ad W X ac Y (Z l (ac x ao c v u (m (ax (ag s i) af ap x p c)) v a at)) m m al x (AA b) i i ag s o v x ad AB au al AC w o l ab ao am AD g
Q ar ar (ag Q ad z) ag ay n v ax v Q at p aq aq R S aq af T p an U x ad am V o g ad W X ac Y (Z l (al e n at)) m m al x (AA b) i i ag s o v x ad AB au al AC w o l ab ao am AD g


