a be bc ba bd az bb j p f (o j ay ay ay) az ax ak ap ad ay ah
b bc ba az bb c bb (aq u) ah az ac z p av a ap f
c ba bc bb az at ap ba e d av af (k y) ak bc (h ay)
d be az bc bb ba bd ah (n ab g) l a bd al (at k ap f n bb y at)
e bc bg bb az bd be ba bf t d (ag ap) ax y ba h bg ac aa y ai u
f bc az ba bb ao al aw aw j ad au r k t av ar s at ab m
g bc ba bb az ba a (n ax (w m aq) (t (ac c ar) j))
h bc bd az bb ba av ab bd g (ak w (am t f s v))
i ba az bb c c aw v (u am z bb) al ao (c (am at ag t av))
j bf bb bc bd ba az be ah u (x o) (x ag (af p o aa) (m ba l ac ah))
k bc ba az bb bd be o v ad v (i (ad (e (o ax j an ay e))))
l be bb az bd bc ba y ax bd f ac aa (a aa i ab (y k ai aj ah))
m ba az bd bb bc aq aa h r (x (f ak ad) ai ab i)
n az ba bc bf be bb bd i (ad (ao v bd ai i) ay q (be an) bd bb z)
o az ba bb j l w aq ak (x (ap (ba ba ao ah aw e aw z)))
p az bb ba az ba bb l aq av ap f aq o y ba
q bd bc az ba bb z ax aj av h (ac v) p au ab i
r ba az bb aa h w (ak o j (p l ac (ak az w) l bb ba))
s bc be ba bb bd az aw (ac m (am aq (t v)) t (f av ac z f p))
t az ba bc bb bd at au bb b az s u ay aw ae af n
u ba bb az ah k ae ay ah an bb c ai az o k
v bg be az bc bd bf ba bb at c bg (af c h be ax ap)
w bd az bc ba bb b m bb ae ax (x (ao ah (x ap g az ay)))
x bb ba bc az bd aw (c ax ao) f bc (al f n)
y bb bd ba az bc ae j (az n aq aw) ac l o d s aq az j
z ba bd az bc bb aa (ah (ac l b i aj aa x)) c aw
aa bd bb bf ba be bc az w bd ak j k bb t aw n
ab ba bb bc be bd bg bf az be aj z w ay p (am k ax w) f
ac bc bb az ba bd aa u am j ab h (ax o al bd) ag (s t aa o)
ad bb az bd bc ba bf be c bf ay e al s r w (w af x (ap u m n))
ae ba bf bb bd be az bc bg ai c e aw u ag h w c (bb f) be aa ad bc o
af bb az bc ba ae az az av f (ak ab) (az ax) (e ay) ao (g ba) aq
ag bc bf ba bg bd bb az be ae (g g (ae ap) c (k bf at)) be be z ac c
ah bd az bb bg be bf ba bc o az aw
ai be ba az bc bb bg bf bd l o bf j au ak c (c av y r w be s)
aj bb bc bf bd ba be az bb aw c ad ae ao bc m aq w s
ak ba be az bb bc bd n az k ar ae f aw ar p at s ar (k t) bc
al bc bb bf ba bd az be bg j s f am (g bb)
am ba bb bd bc az az ar bc g (az (w af (q n) bb r s))
an bb bc ba az bd ah l (w aj ai (o bd bc l))
ao bd bb ba az bc ap bc an q bc d i (ab t ae j ak)
ap ac ag k al y at h al s am f ab
aq bb bd bc az ba s ah ba aj l
ar be bc bd az bf bb ba o d j ai i ae ad o k ab (ag x)
at ba bb az s ac (q (i c r p c l))
au z ad e d t s aw ao (aw u j x s) c
av bd bf bb az bg bc be ba aj bb ba aa ar (aw ah an) ba aw ae
aw ba bf az bc bd bb be z (bf (z i az) k r (u ak am (y be x c v m)))
ax bb az bc ba ap f o h ah w a ak ae bb
ay bb ba bc az ax (w k f au) bb (aw f) ah b n ar (ah au)
main d x A (B r C D ay am) ac E w k F (G H aw ab ap i v) aq (o (ad r (am (I (J b p (z t) ad au aj t af ad (an ay) z j h r ag (K w (L M h (an ak (al (N e (v p ar z) j) (ay (q (h aq u) aa e (m af aj O t at P)) ab (Q R ag) r) S T ah m g (j U c l) n f) aq V) p W g aj ah X l af)))))))
------------------------------------------------------------
d x A (B r C D ay am) ac E w k F (G H aw ab ap i v) aq (o (ad r (am (I (J b p (z t) ad au aj t af ad (an ay) z j h r ag (K w (L M h (an ak (al (N e (v p ar z) j) (ay (q (h aq u) aa e (m af aj O t at P)) ab (Q R ag) r) S T ah m g (j U c l) n f) aq V) p W g aj ah X l af)))))))
ah (n ab g) l a w al (at k ap f n ac y at) k F (G H aw ab ap i v) aq (o (ad r (am (I (J b p (z t) ad au aj t af ad (an ay) z j h r ag (K w (L M h (an ak (al (N e (v p ar z) j) (ay (q (h aq u) aa e (m af aj O t at P)) ab (Q R ag) r) S T ah m g (j U c l) n f) aq V) p W g aj ah X l af)))))))
o l aw (G H aw ab ap i v) aq (o (ad r (am (I (J b p (z t) ad au aj t af ad (an ay) z j h r ag (K w (L M h (an ak (al (N e (v p ar z) j) (ay (q (h aq u) aa e (m af aj O t at P)) ab (Q R ag) r) S T ah m g (j U c l) n f) aq V) p W g aj ah X l af)))))))
j l w aq ak (x (ap (aw aw ao ah aw e aw z))) aq (o (ad r (am (I (J b p (z t) ad au aj t af ad (an ay) z j h r ag (K w (L M h (an ak (al (N e (v p ar z) j) (ay (q (h aq u) aa e (m af aj O t at P)) ab (Q R ag) r) S T ah m g (j U c l) n f) aq V) p W g aj ah X l af)))))))
ah u (x o) (x ag (af p o aa) (m (x (ap (aw aw ao ah aw e aw z))) l ac ah))
ah u (x o) (x ag (af p o aa) (m (x (ac ag k al y at h al s am f ab (aw aw ao ah aw e aw z))) l ac ah))
ah u (x o) (x ag (af p o aa) (m (x (aa u am j ab h (ax o al at) ag (s t aa o) h al s am f ab (aw aw ao ah aw e aw z))) l ac ah))
ah u (x o) (x ag (af p o aa) (m (x (w u ak j k am t aw n (s t aa o) h al s am f ab (aw aw ao ah aw e aw z))) l ac ah))
ah u (x o) (x ag (af p o aa) (m (x (b m am ae ax (x (ao ah (x ap g ak ay))) t aw n (s t aa o) h al s am f ab (aw aw ao ah aw e aw z))) l ac ah))
ah u (x o) (x ag (af p o aa) (m (x (c ax (aq u) ah ae ac z p av a ap f (x (ao ah (x ap g ak ay))) t aw n (s t aa o) h al s am f ab (aw aw ao ah aw e aw z))) l ac ah))
ah u (x o) (x ag (af p o aa) (m (x (at ap ax e d av af (k y) ak (aq u) (h ay) ac z p av a ap f (x (ao ah (x ap g ak ay))) t aw n (s t aa o) h al s am f ab (aw aw ao ah aw e aw z))) l ac ah))
ah u (x o) (x ag (af p o aa) (m (x (s ac (q (i c r p c l)) d av af (k y) ak (aq u) (h ay) ac z p av a ap f (x (ao ah (x ap g ak ay))) t aw n (s t aa o) h al s am f ab (aw aw ao ah aw e aw z))) l ac ah))
ah u (x o) (x ag (af p o aa) (m (x (aw (ac m (am aq (t v)) t (f av ac z f p)) ak (aq u) (h ay) ac z p av a ap f (x (ao ah (x ap g ak ay))) t aw n (s t aa o) h al s am f ab (aw aw ao ah aw e aw z))) l ac ah))
ah u (x o) (x ag (af p o aa) (m (x (z (ak (z i (aq u)) k r (u ak am (y p x c v m))) av a ap f (x (ao ah (x ap g ak ay))) t aw n (s t aa o) h al s am f ab (aw aw ao ah aw e aw z))) l ac ah))
ah u (x o) (x ag (af p o aa) (m (x (aa (ah (ac l b i aj aa x)) c aw (x (ao ah (x ap g ak ay))) t aw n (s t aa o) h al s am f ab (aw aw ao ah aw e aw z))) l ac ah))
ah u (x o) (x ag (af p o aa) (m (x (w (ah (ac l b i aj aa x)) ak j k c t aw n (s t aa o) h al s am f ab (aw aw ao ah aw e aw z))) l ac ah))
ah u (x o) (x ag (af p o aa) (m (x (b m c ae ax (x (ao ah (x ap g ak ay))) t aw n (s t aa o) h al s am f ab (aw aw ao ah aw e aw z))) l ac ah))
ah u (x o) (x ag (af p o aa) (m (x (c ax (aq u) ah ae ac z p av a ap f (x (ao ah (x ap g ak ay))) t aw n (s t aa o) h al s am f ab (aw aw ao ah aw e aw z))) l ac ah))
ah u (x o) (x ag (af p o aa) (m (x (at ap ax e d av af (k y) ak (aq u) (h ay) ac z p av a ap f (x (ao ah (x ap g ak ay))) t aw n (s t aa o) h al s am f ab (aw aw ao ah aw e aw z))) l ac ah))
ah u (x o) (x ag (af p o aa) (m (x (s ac (q (i c r p c l)) d av af (k y) ak (aq u) (h ay) ac z p av a ap f (x (ao ah (x ap g ak ay))) t aw n (s t aa o) h al s am f ab (aw aw ao ah aw e aw z))) l ac ah))
ah u (x o) (x ag (af p o aa) (m (x (aw (ac m (am aq (t v)) t (f av ac z f p)) ak (aq u) (h ay) ac z p av a ap f (x (ao ah (x ap g ak ay))) t aw n (s t aa o) h al s am f ab (aw aw ao ah aw e aw z))) l ac ah))
ah u (x o) (x ag (af p o aa) (m (x (z (ak (z i (aq u)) k r (u ak am (y p x c v m))) av a ap f (x (ao ah (x ap g ak ay))) t aw n (s t aa o) h al s am f ab (aw aw ao ah aw e aw z))) l ac ah))
ah u (x o) (x ag (af p o aa) (m (x (aa (ah (ac l b i aj aa x)) c aw (x (ao ah (x ap g ak ay))) t aw n (s t aa o) h al s am f ab (aw aw ao ah aw e aw z))) l ac ah))
ah u (x o) (x ag (af p o aa) (m (x (w (ah (ac l b i aj aa x)) ak j k c t aw n (s t aa o) h al s am f ab (aw aw ao ah aw e aw z))) l ac ah))
ah u (x o) (x ag (af p o aa) (m (x (b m c ae ax (x (ao ah (x ap g ak ay))) t aw n (s t aa o) h al s am f ab (aw aw ao ah aw e aw z))) l ac ah))
ah u (x o) (x ag (af p o aa) (m (x (c ax (aq u) ah ae ac z p av a ap f (x (ao ah (x ap g ak ay))) t aw n (s t aa o) h al s am f ab (aw aw ao ah aw e aw z))) l ac ah))
ah u (x o) (x ag (af p o aa) (m (x (at ap ax e d av af (k y) ak (aq u) (h ay) ac z p av a ap f (x (ao ah (x ap g ak ay))) t aw n (s t aa o) h al s am f ab (aw aw ao ah aw e aw z))) l ac ah))
ah u (x o) (x ag (af p o aa) (m (x (s ac (q (i c r p c l)) d av af (k y) ak (aq u) (h ay) ac z p av a ap f (x (ao ah (x ap g ak ay))) t aw n (s t aa o) h al s am f ab (aw aw ao ah aw e aw z))) l ac ah))
ah u (x o) (x ag (af p o aa) (m (x (aw (ac m (am aq (t v)) t (f av ac z f p)) ak (aq u) (h ay) ac z p av a ap f (x (ao ah (x ap g ak ay))) t aw n (s t aa o) h al s am f ab (aw aw ao ah aw e aw z))) l ac ah))
ah u (x o) (x ag (af p o aa) (m (x (z (ak (z i (aq u)) k r (u ak am (y p x c v m))) av a ap f (x (ao ah (x ap g ak ay))) t aw n (s t aa o) h al s am f ab (aw aw ao ah aw e aw z))) l ac ah))


