a az ba ac r ag g g aq w t x (w e e ab d)
b ba bb bd bc az be w p (ba f ai (al m a u r z ba ad))
c az ba bb bc d av (t ba v d ap ae) q g (bb r (at ag f an))
d bf az bc bd be bb bg ba m be am u ak (z m ar) (k q)
e ba az bd bc bb p l g (y ab v) v ap ak (aq ah (aj ai d)) am
f ba az bb az v ag av g ak aq ag h aq t al
g be ba az bb bc bd bf ax at al ae a t bd (y be (aq (ai aj bd z aj)))
h az l az p ao an j r az az ac az
i az bc ba bb q ar ao r au ap
j ba az am ar (aw (ai i aa e ba t) ba d)
k ba bb bd bc az x (j i i ak (ai x (af d (l ag al c h ah ao))))
l bb bd az bc ba y o ag z y u a (aq ad ac i aa)
m az l al ah (f (e az) ab ac s d)
n bc az ba be bd bb aq (aa af az y p af ae (ba q) v) ba aq
o bd ba bc be bb az bf bc (v bb ad (ao j az) w i al) am (h a) (at e)
p bd be bc ba az bb x af (ab aj at af w)
q bc ba bb az w l ag l aq aw h a w j j al av
r bf ba bd bc bb az bg be x (i (ay ar ae av (s q q) c bf ak))
s bd ba bf bb az bc be ac am (j d ay (bb ao j at x)) ah e
t bd be bb ba bc az ad (a s be bb p h h (ai ac v m)) ay n y
u ba bc be bb az bd x av r w av ar aq bd f az j h m
v bd bb az bc ba w f e (r (af am) au b bc y ad) w
w bd be bb bc ba az aq ab g af z ba az z bb au (n am) au t
x ba be bc az bb bd bc (k h w w o g g (u ac) k)
y az ba ap ao ar ap ad p ba j l
z bd ba bc bf az be bb ai h x t (bc av at ae ar ag az az p)
aa be ba bd bg bf az bc bb ay bg n ap (ad p) bg bg l ad ap (bg (af t) ar bc)
ab bb ba bc az am ax (l (x g) aq bb aq aa (t r)) am ao bb
ac bd bb bc ba az ah ak k (g (bc c j l bd ba ba) ag)
ad bf bc bd ba bb be bg az m au bc ao ai az t az ak g r
ae ba az ac t q (av p) (av s c s ak ap (ab af av ax e))
af ba bc az bf bb bd be m aa j (f (al ad i q) ao aq t) av aj ay ar bc
ag ba az ak j (ax ba m) h aa o e c (at z) ak az h
ah bc bb be bf az bd ba o f d ae af
ai az j f (x at ar) o at u (aq w aj)
aj ba bc be az bb bd bf az ay x ba n ac u b
ak bd be az bb bc ba aq be am b ah ai ba az ba g
al bd ba az bg bc be bf bb r k ad q ba am ba ag c (av x) ax
am bc bg be bb bf az bd ba k l z (al r l) (q bb x ab av ax be t ai)
an bb bc az bd be ba be (aa d (m bb ap) (m ap h) s) j j
ao bb az ba j (c j (bb (ad k) an p t ae)) ap ai
ap az ba bd bc be bb z aa t f ao k bd
aq ba bf az be bb bd bc q (p (s (az l at o t a)))
ar bb bc az ba bc (az ay d ae r (ag (bb q c) ad)) m
at bc be ba bd az bb t f u ad aj w ao am av (ap (au ar an k) ai ax)
au az bf be bd bb ba bc aa (j ay ag) bf b ai ab ba ay al (an ax)
av bc ba az bb bd z ar (w al) b ai ak ad
aw be bb az ba bc bd l (m j ah ay c u j m at) ak l (w aj y)
ax bb ba az be bd bc ao (at z l) (an q y) bb k
ay az ba bb bc v b c ak ac g bc aa am (n t)
main c w A (u a B (C D E ag e)) w (v (ak h (F aq) k (ak b aq c s m ay) (ar h k c (G p (H I s) (J af aq an) an ak b (K ai a L M (i l) N) O an j av v j ai t) ax y at f x ah l (ad (P Q R (v k i) S T (i m) (i (ah (U V t (au x m (W am d)) (n h (y r) l) aw X Y ar u))) d av w c)))))
------------------------------------------------------------
c w A (u a B (C D E ag e)) w (v (ak h (F aq) k (ak b aq c s m ay) (ar h k c (G p (H I s) (J af aq an) an ak b (K ai a L M (i l) N) O an j av v j ai t) ax y at f x ah l (ad (P Q R (v k i) S T (i m) (i (ah (U V t (au x m (W am d)) (n h (y r) l) aw X Y ar u))) d av w c)))))
d av (t A v d ap ae) q g (u a B (C D E ag e) r (at ag f an)) (v (ak h (F aq) k (ak b aq c s m ay) (ar h k c (G p (H I s) (J af aq an) an ak b (K ai a L M (i l) N) O an j av v j ai t) ax y at f x ah l (ad (P Q R (v k i) S T (i m) (i (ah (U V t (au x m (W am d)) (n h (y r) l) aw X Y ar u))) d av w c)))))
d av (t A v d ap ae) q g (u a B (C D E ag e) r (at ag f an)) (v (ak h (F aq) k (aq aq am b ah ai ay c ay g) (ar h k c (G p (H I s) (J af aq an) an ak b (K ai a L M (i l) N) O an j av v j ai t) ax y at f x ah l (ad (P Q R (v k i) S T (i m) (i (ah (U V t (au x m (W am d)) (n h (y r) l) aw X Y ar u))) d av w c)))))
d av (t A v d ap ae) q g (u a B (C D E ag e) r (at ag f an)) (v (ak h (F aq) k (q (p (s (b l at o t a))) ay g) (ar h k c (G p (H I s) (J af aq an) an ak b (K ai a L M (i l) N) O an j av v j ai t) ax y at f x ah l (ad (P Q R (v k i) S T (i m) (i (ah (U V t (au x m (W am d)) (n h (y r) l) aw X Y ar u))) d av w c)))))
d av (t A v d ap ae) q g (u a B (C D E ag e) r (at ag f an)) (v (ak h (F aq) k (q (p (s (b l at o t a))) ay g) (k (c ay d ae r (ag (h q c) ad)) m ax y at f x ah l (ad (P Q R (v k i) S T (i m) (i (ah (U V t (au x m (W am d)) (n h (y r) l) aw X Y ar u))) d av w c)))))
d av (t A v d ap ae) q g (u a B (C D E ag e) r (at ag f an)) (v (ak h (F aq) k (q (p (s (b l at o t a))) ay g) (x (j i i ak (ai x (af d (l ag al c h ah ao)))) f x ah l (ad (P Q R (v k i) S T (i m) (i (ah (U V t (au x m (W am d)) (n h (y r) l) aw X Y ar u))) d av w c)))))
d av (t A v d ap ae) q g (u a B (C D E ag e) r (at ag f an)) (v (ak h (F aq) k (q (p (s (b l at o t a))) ay g) (x (k h w w o g g (u ac) k))))
d av (t A v d ap ae) q g (u a B (C D E ag e) r (at ag f an)) (v (ak h (F aq) k (q (p (s (b l at o t a))) ay g) (x (x (j i i ak (ai x (af d (l ag al c h ah ao)))) g (u ac) k))))
d av (t A v d ap ae) q g (u a B (C D E ag e) r (at ag f an)) (v (ak h (F aq) k (q (p (s (b l at o t a))) ay g) (x (x (am ar (aw (ai i aa e i t) i d) ak (ai x (af d (l ag al c h ah ao)))) g (u ac) k))))
d av (t A v d ap ae) q g (u a B (C D E ag e) r (at ag f an)) (v (ak h (F aq) k (q (p (s (b l at o t a))) ay g) (x (x (am ar (aw (j f (x at ar) o at u (aq w aj) aa e i t) i d) ak (ai x (af d (l ag al c h ah ao)))) g (u ac) k))))
d av (t A v d ap ae) q g (u a B (C D E ag e) r (at ag f an)) (v (ak h (F aq) k (q (p (s (b l at o t a))) ay g) (x (x (am ar (aw (am ar (aw (ai i aa e f t) f d) o at u (aq w aj) aa e i t) i d) ak (ai x (af d (l ag al c h ah ao)))) g (u ac) k))))
d av (t A v d ap ae) q g (u a B (C D E ag e) r (at ag f an)) (v (ak h (F aq) k (q (p (s (b l at o t a))) ay g) (x (x (am ar (aw (k l z (al r l) (q at x ab av ax o t ai) i t) i d) ak (ai x (af d (l ag al c h ah ao)))) g (u ac) k))))
d av (t A v d ap ae) q g (u a B (C D E ag e) r (at ag f an)) (v (ak h (F aq) k (q (p (s (b l at o t a))) ay g) (x (x (am ar (aw (x (j i i ak (ai x (af d (l ag al c h ah ao)))) t) i d) ak (ai x (af d (l ag al c h ah ao)))) g (u ac) k))))
d av (t A v d ap ae) q g (u a B (C D E ag e) r (at ag f an)) (v (ak h (F aq) k (q (p (s (b l at o t a))) ay g) (x (x (am ar (aw (x (am ar (aw (ai i aa e i t) i d) ak (ai x (af d (l ag al c h ah ao)))) t) i d) ak (ai x (af d (l ag al c h ah ao)))) g (u ac) k))))
d av (t A v d ap ae) q g (u a B (C D E ag e) r (at ag f an)) (v (ak h (F aq) k (q (p (s (b l at o t a))) ay g) (x (x (am ar (aw (x (am ar (aw (j f (x at ar) o at u (aq w aj) aa e i t) i d) ak (ai x (af d (l ag al c h ah ao)))) t) i d) ak (ai x (af d (l ag al c h ah ao)))) g (u ac) k))))
d av (t A v d ap ae) q g (u a B (C D E ag e) r (at ag f an)) (v (ak h (F aq) k (q (p (s (b l at o t a))) ay g) (x (x (am ar (aw (x (am ar (aw (am ar (aw (ai i aa e f t) f d) o at u (aq w aj) aa e i t) i d) ak (ai x (af d (l ag al c h ah ao)))) t) i d) ak (ai x (af d (l ag al c h ah ao)))) g (u ac) k))))
d av (t A v d ap ae) q g (u a B (C D E ag e) r (at ag f an)) (v (ak h (F aq) k (q (p (s (b l at o t a))) ay g) (x (x (am ar (aw (x (am ar (aw (k l z (al r l) (q at x ab av ax o t ai) i t) i d) ak (ai x (af d (l ag al c h ah ao)))) t) i d) ak (ai x (af d (l ag al c h ah ao)))) g (u ac) k))))
d av (t A v d ap ae) q g (u a B (C D E ag e) r (at ag f an)) (v (ak h (F aq) k (q (p (s (b l at o t a))) ay g) (x (x (am ar (aw (x (am ar (aw (x (j i i ak (ai x (af d (l ag al c h ah ao)))) t) i d) ak (ai x (af d (l ag al c h ah ao)))) t) i d) ak (ai x (af d (l ag al c h ah ao)))) g (u ac) k))))
d av (t A v d ap ae) q g (u a B (C D E ag e) r (at ag f an)) (v (ak h (F aq) k (q (p (s (b l at o t a))) ay g) (x (x (am ar (aw (x (am ar (aw (x (am ar (aw (ai i aa e i t) i d) ak (ai x (af d (l ag al c h ah ao)))) t) i d) ak (ai x (af d (l ag al c h ah ao)))) t) i d) ak (ai x (af d (l ag al c h ah ao)))) g (u ac) k))))
d av (t A v d ap ae) q g (u a B (C D E ag e) r (at ag f an)) (v (ak h (F aq) k (q (p (s (b l at o t a))) ay g) (x (x (am ar (aw (x (am ar (aw (x (am ar (aw (j f (x at ar) o at u (aq w aj) aa e i t) i d) ak (ai x (af d (l ag al c h ah ao)))) t) i d) ak (ai x (af d (l ag al c h ah ao)))) t) i d) ak (ai x (af d (l ag al c h ah ao)))) g (u ac) k))))
d av (t A v d ap ae) q g (u a B (C D E ag e) r (at ag f an)) (v (ak h (F aq) k (q (p (s (b l at o t a))) ay g) (x (x (am ar (aw (x (am ar (aw (x (am ar (aw (am ar (aw (ai i aa e f t) f d) o at u (aq w aj) aa e i t) i d) ak (ai x (af d (l ag al c h ah ao)))) t) i d) ak (ai x (af d (l ag al c h ah ao)))) t) i d) ak (ai x (af d (l ag al c h ah ao)))) g (u ac) k))))
d av (t A v d ap ae) q g (u a B (C D E ag e) r (at ag f an)) (v (ak h (F aq) k (q (p (s (b l at o t a))) ay g) (x (x (am ar (aw (x (am ar (aw (x (am ar (aw (k l z (al r l) (q at x ab av ax o t ai) i t) i d) ak (ai x (af d (l ag al c h ah ao)))) t) i d) ak (ai x (af d (l ag al c h ah ao)))) t) i d) ak (ai x (af d (l ag al c h ah ao)))) g (u ac) k))))
d av (t A v d ap ae) q g (u a B (C D E ag e) r (at ag f an)) (v (ak h (F aq) k (q (p (s (b l at o t a))) ay g) (x (x (am ar (aw (x (am ar (aw (x (am ar (aw (x (j i i ak (ai x (af d (l ag al c h ah ao)))) t) i d) ak (ai x (af d (l ag al c h ah ao)))) t) i d) ak (ai x (af d (l ag al c h ah ao)))) t) i d) ak (ai x (af d (l ag al c h ah ao)))) g (u ac) k))))
d av (t A v d ap ae) q g (u a B (C D E ag e) r (at ag f an)) (v (ak h (F aq) k (q (p (s (b l at o t a))) ay g) (x (x (am ar (aw (x (am ar (aw (x (am ar (aw (x (am ar (aw (ai i aa e i t) i d) ak (ai x (af d (l ag al c h ah ao)))) t) i d) ak (ai x (af d (l ag al c h ah ao)))) t) i d) ak (ai x (af d (l ag al c h ah ao)))) t) i d) ak (ai x (af d (l ag al c h ah ao)))) g (u ac) k))))
d av (t A v d ap ae) q g (u a B (C D E ag e) r (at ag f an)) (v (ak h (F aq) k (q (p (s (b l at o t a))) ay g) (x (x (am ar (aw (x (am ar (aw (x (am ar (aw (x (am ar (aw (j f (x at ar) o at u (aq w aj) aa e i t) i d) ak (ai x (af d (l ag al c h ah ao)))) t) i d) ak (ai x (af d (l ag al c h ah ao)))) t) i d) ak (ai x (af d (l ag al c h ah ao)))) t) i d) ak (ai x (af d (l ag al c h ah ao)))) g (u ac) k))))
d av (t A v d ap ae) q g (u a B (C D E ag e) r (at ag f an)) (v (ak h (F aq) k (q (p (s (b l at o t a))) ay g) (x (x (am ar (aw (x (am ar (aw (x (am ar (aw (x (am ar (aw (am ar (aw (ai i aa e f t) f d) o at u (aq w aj) aa e i t) i d) ak (ai x (af d (l ag al c h ah ao)))) t) i d) ak (ai x (af d (l ag al c h ah ao)))) t) i d) ak (ai x (af d (l ag al c h ah ao)))) t) i d) ak (ai x (af d (l ag al c h ah ao)))) g (u ac) k))))
d av (t A v d ap ae) q g (u a B (C D E ag e) r (at ag f an)) (v (ak h (F aq) k (q (p (s (b l at o t a))) ay g) (x (x (am ar (aw (x (am ar (aw (x (am ar (aw (x (am ar (aw (k l z (al r l) (q at x ab av ax o t ai) i t) i d) ak (ai x (af d (l ag al c h ah ao)))) t) i d) ak (ai x (af d (l ag al c h ah ao)))) t) i d) ak (ai x (af d (l ag al c h ah ao)))) t) i d) ak (ai x (af d (l ag al c h ah ao)))) g (u ac) k))))
d av (t A v d ap ae) q g (u a B (C D E ag e) r (at ag f an)) (v (ak h (F aq) k (q (p (s (b l at o t a))) ay g) (x (x (am ar (aw (x (am ar (aw (x (am ar (aw (x (am ar (aw (x (j i i ak (ai x (af d (l ag al c h ah ao)))) t) i d) ak (ai x (af d (l ag al c h ah ao)))) t) i d) ak (ai x (af d (l ag al c h ah ao)))) t) i d) ak (ai x (af d (l ag al c h ah ao)))) t) i d) ak (ai x (af d (l ag al c h ah ao)))) g (u ac) k))))
d av (t A v d ap ae) q g (u a B (C D E ag e) r (at ag f an)) (v (ak h (F aq) k (q (p (s (b l at o t a))) ay g) (x (x (am ar (aw (x (am ar (aw (x (am ar (aw (x (am ar (aw (x (am ar (aw (ai i aa e i t) i d) ak (ai x (af d (l ag al c h ah ao)))) t) i d) ak (ai x (af d (l ag al c h ah ao)))) t) i d) ak (ai x (af d (l ag al c h ah ao)))) t) i d) ak (ai x (af d (l ag al c h ah ao)))) t) i d) ak (ai x (af d (l ag al c h ah ao)))) g (u ac) k))))
d av (t A v d ap ae) q g (u a B (C D E ag e) r (at ag f an)) (v (ak h (F aq) k (q (p (s (b l at o t a))) ay g) (x (x (am ar (aw (x (am ar (aw (x (am ar (aw (x (am ar (aw (x (am ar (aw (j f (x at ar) o at u (aq w aj) aa e i t) i d) ak (ai x (af d (l ag al c h ah ao)))) t) i d) ak (ai x (af d (l ag al c h ah ao)))) t) i d) ak (ai x (af d (l ag al c h ah ao)))) t) i d) ak (ai x (af d (l ag al c h ah ao)))) t) i d) ak (ai x (af d (l ag al c h ah ao)))) g (u ac) k))))


