a az bf bc bd ba be bb = t k i be ac e aa j au g h au m
b bb ba az = al (o bb aw) ak
c be bb ba bd az bc = bc y az ba (e q) ba s
d bf bb bg ba be az bd bc = ba ba i (bf aa ac i ai) au bb e bf k az ak
e ba bd bb bc az bf bg be = ak c au y (ap ad (k ag ad ay) b au) ab j
f be bb az bf bc bd bg ba = az (ba g (ae (bf (at t aw aq) be al)))
g bf be ba bb az bc bd = be a (ao am i)
h bb az bf bc bd ba be = an k aa (t o at) o r aa s z bf ap ai
i az ba = ao z af au r u (g ai (k v ba az ay n ar))
j az bf be bd ba bc bb = v o (e bd (o y q ax v (ar ab aq ar ag ag i)))
k bb az bc ba = aq am (ak (bb y e ad)) t bb
l az bc bd bb ba = h f h
m bc bd ba az be bb = az s w (k (bb (ab ay) ae (c d ap ax n f at aj)))
n bb bc az be ba bd = u s b az j bd t (al h) aa m q s x
o bb bc ba az = t ac (av (u ae (ai ai) p (n e ba ak af))) aj ax
p bd az be bb ba bc = y (ab v bc a) ba ad av ba af au (bd y ac v k)
q bd bc bb ba az = bc ak an a b al ba ae at am a o s l
r bb az ba bd bc = bd ar q at x f aq h (d ae (y bc n)) al x q
s bb be az bc bd ba = a g u (f av bd (ak ai ao) (ah ap ax) f)
t = a aq u j ae a ac a a z g (p (g x k aq))
u ba az bc bb = az bb (ap ak) af e h (m (af (l j w aj) az m))
v bb ba bc az bd be = be ac (z ay n (y aw bc y ad)) ad be au ax m
w az be bc bf bb bd ba = i ac r
x az ba bb = an n an (aj ba (p h) (aw (av ba b) (y z r ba) ar))
y bc bd bb az be ba = bb aa r aj ag bd ah w ap i bc aj i (t ak al)
z bb bf bd ba be bc az = p ah bc av bb h am m n t ak r bd g be
aa bb ba az = k ab j (az m am) s ad (ai h am) (ba o ax av k)
ab bf bc bb bd ba be az = az bd (h ag (aw u ar) (z a ah o e))
ac ba az = b (ba aa z az)
ad bd bb az bc bg bf be ba = az bf ae
ae bf bd ba bc bg bb az be = bd ay (ai w al s bg q ay (au au) az) bc bf be ai
af ba bf bc bb be bg bd az = ac az z (u p) q c ai ba aq i ab
ag ba az bb = g r aq (au ao b (ac z) b) ay (ba y z az)
ah bb be az bg ba bc bf bd = av (at am (al aa t an s) an) x (ax (at z) f ap)
ai bf ba bc be bg az bd bb = g n al (am ba k) az at (be ac)
aj bf bc bg bb bd ba be az = am ay ax ar bg an ax l p al ai ao (am z)
ak bb bd bf be az bg ba bc = n c af o bf (g u) ar aj be x v (p aq)
al az bb ba = at bb ah e h
am bb be bc ba bd az = be v an ag u af ac i l (i y ac n x)
an bc bd bb be az bf ba = k (au g ae ad bd ay h r) (z at az (b aw)) az
ao bc bb az be bd ba = y a ax az ai aw aj ab u aj aq i
ap ba az = at ak (ba ba n h (ar au ba a))
aq ba az = s au af z ae ap aj (ag x (d x (ap w) ar q d))
ar bc bb az ba bf bg be bd = ah (ai al o l (z ai i f av q aj aw ab) b)
at az = az an c ap t (i (r (au o)) (g p am))
au bb az bf bd bc ba be = z bd z (ba (at i (x k az k b l)) s)
av ba bd az bb bc = e y (bd p) bc ba ag f ac ag
aw ba az = ba w y l ax af (ad ap o) ap aj ak ai x az
ax bc ba be bg bb bf bd az = a am ar e be s r s a bg bd (w x) av
ay bf bb ba be bd bc az = ag (v ae (ak bc ak m z am ab q))
main = A B b C (D E (F (ac q av ak an w G b s x (H ao) at I j) J K am at L M (aj s n r ae) ah (i a q N aj O ar (g a k ar ap ac) ag ac ai w aw t aw w) d P Q ax R ax S (au (d (T (j ae (o av h ay U V (am W (X y (Y g ad q) Z p ar (k aj ao h) AA AB ao af av ae)) p AC AD AE ak AF)))))))
------------------------------------------------------------
A B b C (D E (F (ac q av ak an w G b s x (H ao) at I j) J K am at L M (aj s n r ae) ah (i a q N aj O ar (g a k ar ap ac) ag ac ai w aw t aw w) d P Q ax R ax S (au (d (T (j ae (o av h ay U V (am W (X y (Y g ad q) Z p ar (k aj ao h) AA AB ao af av ae)) p AC AD AE ak AF)))))))
A B b C (D E (F (b (q aa z av) ak an w G b s x (H ao) at I j) J K am at L M (aj s n r ae) ah (i a q N aj O ar (g a k ar ap ac) ag ac ai w aw t aw w) d P Q ax R ax S (au (d (T (j ae (o av h ay U V (am W (X y (Y g ad q) Z p ar (k aj ao h) AA AB ao af av ae)) p AC AD AE ak AF)))))))
A B b C (D E (F (al (o (q aa z av) aw) ak w G b s x (H ao) at I j) J K am at L M (aj s n r ae) ah (i a q N aj O ar (g a k ar ap ac) ag ac ai w aw t aw w) d P Q ax R ax S (au (d (T (j ae (o av h ay U V (am W (X y (Y g ad q) Z p ar (k aj ao h) AA AB ao af av ae)) p AC AD AE ak AF)))))))
A B b C (D E (F (at ak ah e h G b s x (H ao) at I j) J K am at L M (aj s n r ae) ah (i a q N aj O ar (g a k ar ap ac) ag ac ai w aw t aw w) d P Q ax R ax S (au (d (T (j ae (o av h ay U V (am W (X y (Y g ad q) Z p ar (k aj ao h) AA AB ao af av ae)) p AC AD AE ak AF)))))))
A B b C (D E (F (ak an c ap t (i (r (au o)) (g p am)) ah e h G b s x (H ao) at I j) J K am at L M (aj s n r ae) ah (i a q N aj O ar (g a k ar ap ac) ag ac ai w aw t aw w) d P Q ax R ax S (au (d (T (j ae (o av h ay U V (am W (X y (Y g ad q) Z p ar (k aj ao h) AA AB ao af av ae)) p AC AD AE ak AF)))))))
A B b C (D E (F (n c af o ap (g u) ar aj t x v (p aq) G b s x (H ao) at I j) J K am at L M (aj s n r ae) ah (i a q N aj O ar (g a k ar ap ac) ag ac ai w aw t aw w) d P Q ax R ax S (au (d (T (j ae (o av h ay U V (am W (X y (Y g ad q) Z p ar (k aj ao h) AA AB ao af av ae)) p AC AD AE ak AF)))))))
A B b C (D E (F (u s b o j ar t (al h) aa m q s x aj t x v (p aq) G b s x (H ao) at I j) J K am at L M (aj s n r ae) ah (i a q N aj O ar (g a k ar ap ac) ag ac ai w aw t aw w) d P Q ax R ax S (au (d (T (j ae (o av h ay U V (am W (X y (Y g ad q) Z p ar (k aj ao h) AA AB ao af av ae)) p AC AD AE ak AF)))))))
A B b C (D E (F (b j (ap ak) af e h (m (af (l j w aj) b m)) ar t (al h) aa m q s x aj t x v (p aq) G b s x (H ao) at I j) J K am at L M (aj s n r ae) ah (i a q N aj O ar (g a k ar ap ac) ag ac ai w aw t aw w) d P Q ax R ax S (au (d (T (j ae (o av h ay U V (am W (X y (Y g ad q) Z p ar (k aj ao h) AA AB ao af av ae)) p AC AD AE ak AF)))))))
A B b C (D E (F (al (o j aw) ak e h (m (af (l j w aj) b m)) ar t (al h) aa m q s x aj t x v (p aq) G b s x (H ao) at I j) J K am at L M (aj s n r ae) ah (i a q N aj O ar (g a k ar ap ac) ag ac ai w aw t aw w) d P Q ax R ax S (au (d (T (j ae (o av h ay U V (am W (X y (Y g ad q) Z p ar (k aj ao h) AA AB ao af av ae)) p AC AD AE ak AF)))))))
A B b C (D E (F (at ak ah e h h (m (af (l j w aj) b m)) ar t (al h) aa m q s x aj t x v (p aq) G b s x (H ao) at I j) J K am at L M (aj s n r ae) ah (i a q N aj O ar (g a k ar ap ac) ag ac ai w aw t aw w) d P Q ax R ax S (au (d (T (j ae (o av h ay U V (am W (X y (Y g ad q) Z p ar (k aj ao h) AA AB ao af av ae)) p AC AD AE ak AF)))))))
A B b C (D E (F (ak an c ap t (i (r (au o)) (g p am)) ah e h h (m (af (l j w aj) b m)) ar t (al h) aa m q s x aj t x v (p aq) G b s x (H ao) at I j) J K am at L M (aj s n r ae) ah (i a q N aj O ar (g a k ar ap ac) ag ac ai w aw t aw w) d P Q ax R ax S (au (d (T (j ae (o av h ay U V (am W (X y (Y g ad q) Z p ar (k aj ao h) AA AB ao af av ae)) p AC AD AE ak AF)))))))
A B b C (D E (F (n c af o ap (g u) ar aj t x v (p aq) h (m (af (l j w aj) b m)) ar t (al h) aa m q s x aj t x v (p aq) G b s x (H ao) at I j) J K am at L M (aj s n r ae) ah (i a q N aj O ar (g a k ar ap ac) ag ac ai w aw t aw w) d P Q ax R ax S (au (d (T (j ae (o av h ay U V (am W (X y (Y g ad q) Z p ar (k aj ao h) AA AB ao af av ae)) p AC AD AE ak AF)))))))
A B b C (D E (F (u s b o j ar t (al h) aa m q s x aj t x v (p aq) h (m (af (l j w aj) b m)) ar t (al h) aa m q s x aj t x v (p aq) G b s x (H ao) at I j) J K am at L M (aj s n r ae) ah (i a q N aj O ar (g a k ar ap ac) ag ac ai w aw t aw w) d P Q ax R ax S (au (d (T (j ae (o av h ay U V (am W (X y (Y g ad q) Z p ar (k aj ao h) AA AB ao af av ae)) p AC AD AE ak AF)))))))
A B b C (D E (F (b j (ap ak) af e h (m (af (l j w aj) b m)) ar t (al h) aa m q s x aj t x v (p aq) h (m (af (l j w aj) b m)) ar t (al h) aa m q s x aj t x v (p aq) G b s x (H ao) at I j) J K am at L M (aj s n r ae) ah (i a q N aj O ar (g a k ar ap ac) ag ac ai w aw t aw w) d P Q ax R ax S (au (d (T (j ae (o av h ay U V (am W (X y (Y g ad q) Z p ar (k aj ao h) AA AB ao af av ae)) p AC AD AE ak AF)))))))
A B b C (D E (F (al (o j aw) ak e h (m (af (l j w aj) b m)) ar t (al h) aa m q s x aj t x v (p aq) h (m (af (l j w aj) b m)) ar t (al h) aa m q s x aj t x v (p aq) G b s x (H ao) at I j) J K am at L M (aj s n r ae) ah (i a q N aj O ar (g a k ar ap ac) ag ac ai w aw t aw w) d P Q ax R ax S (au (d (T (j ae (o av h ay U V (am W (X y (Y g ad q) Z p ar (k aj ao h) AA AB ao af av ae)) p AC AD AE ak AF)))))))
A B b C (D E (F (at ak ah e h h (m (af (l j w aj) b m)) ar t (al h) aa m q s x aj t x v (p aq) h (m (af (l j w aj) b m)) ar t (al h) aa m q s x aj t x v (p aq) G b s x (H ao) at I j) J K am at L M (aj s n r ae) ah (i a q N aj O ar (g a k ar ap ac) ag ac ai w aw t aw w) d P Q ax R ax S (au (d (T (j ae (o av h ay U V (am W (X y (Y g ad q) Z p ar (k aj ao h) AA AB ao af av ae)) p AC AD AE ak AF)))))))
A B b C (D E (F (ak an c ap t (i (r (au o)) (g p am)) ah e h h (m (af (l j w aj) b m)) ar t (al h) aa m q s x aj t x v (p aq) h (m (af (l j w aj) b m)) ar t (al h) aa m q s x aj t x v (p aq) G b s x (H ao) at I j) J K am at L M (aj s n r ae) ah (i a q N aj O ar (g a k ar ap ac) ag ac ai w aw t aw w) d P Q ax R ax S (au (d (T (j ae (o av h ay U V (am W (X y (Y g ad q) Z p ar (k aj ao h) AA AB ao af av ae)) p AC AD AE ak AF)))))))
A B b C (D E (F (n c af o ap (g u) ar aj t x v (p aq) h (m (af (l j w aj) b m)) ar t (al h) aa m q s x aj t x v (p aq) h (m (af (l j w aj) b m)) ar t (al h) aa m q s x aj t x v (p aq) G b s x (H ao) at I j) J K am at L M (aj s n r ae) ah (i a q N aj O ar (g a k ar ap ac) ag ac ai w aw t aw w) d P Q ax R ax S (au (d (T (j ae (o av h ay U V (am W (X y (Y g ad q) Z p ar (k aj ao h) AA AB ao af av ae)) p AC AD AE ak AF)))))))
A B b C (D E (F (u s b o j ar t (al h) aa m q s x aj t x v (p aq) h (m (af (l j w aj) b m)) ar t (al h) aa m q s x aj t x v (p aq) h (m (af (l j w aj) b m)) ar t (al h) aa m q s x aj t x v (p aq) G b s x (H ao) at I j) J K am at L M (aj s n r ae) ah (i a q N aj O ar (g a k ar ap ac) ag ac ai w aw t aw w) d P Q ax R ax S (au (d (T (j ae (o av h ay U V (am W (X y (Y g ad q) Z p ar (k aj ao h) AA AB ao af av ae)) p AC AD AE ak AF)))))))
A B b C (D E (F (b j (ap ak) af e h (m (af (l j w aj) b m)) ar t (al h) aa m q s x aj t x v (p aq) h (m (af (l j w aj) b m)) ar t (al h) aa m q s x aj t x v (p aq) h (m (af (l j w aj) b m)) ar t (al h) aa m q s x aj t x v (p aq) G b s x (H ao) at I j) J K am at L M (aj s n r ae) ah (i a q N aj O ar (g a k ar ap ac) ag ac ai w aw t aw w) d P Q ax R ax S (au (d (T (j ae (o av h ay U V (am W (X y (Y g ad q) Z p ar (k aj ao h) AA AB ao af av ae)) p AC AD AE ak AF)))))))
A B b C (D E (F (al (o j aw) ak e h (m (af (l j w aj) b m)) ar t (al h) aa m q s x aj t x v (p aq) h (m (af (l j w aj) b m)) ar t (al h) aa m q s x aj t x v (p aq) h (m (af (l j w aj) b m)) ar t (al h) aa m q s x aj t x v (p aq) G b s x (H ao) at I j) J K am at L M (aj s n r ae) ah (i a q N aj O ar (g a k ar ap ac) ag ac ai w aw t aw w) d P Q ax R ax S (au (d (T (j ae (o av h ay U V (am W (X y (Y g ad q) Z p ar (k aj ao h) AA AB ao af av ae)) p AC AD AE ak AF)))))))
A B b C (D E (F (at ak ah e h h (m (af (l j w aj) b m)) ar t (al h) aa m q s x aj t x v (p aq) h (m (af (l j w aj) b m)) ar t (al h) aa m q s x aj t x v (p aq) h (m (af (l j w aj) b m)) ar t (al h) aa m q s x aj t x v (p aq) G b s x (H ao) at I j) J K am at L M (aj s n r ae) ah (i a q N aj O ar (g a k ar ap ac) ag ac ai w aw t aw w) d P Q ax R ax S (au (d (T (j ae (o av h ay U V (am W (X y (Y g ad q) Z p ar (k aj ao h) AA AB ao af av ae)) p AC AD AE ak AF)))))))
A B b C (D E (F (ak an c ap t (i (r (au o)) (g p am)) ah e h h (m (af (l j w aj) b m)) ar t (al h) aa m q s x aj t x v (p aq) h (m (af (l j w aj) b m)) ar t (al h) aa m q s x aj t x v (p aq) h (m (af (l j w aj) b m)) ar t (al h) aa m q s x aj t x v (p aq) G b s x (H ao) at I j) J K am at L M (aj s n r ae) ah (i a q N aj O ar (g a k ar ap ac) ag ac ai w aw t aw w) d P Q ax R ax S (au (d (T (j ae (o av h ay U V (am W (X y (Y g ad q) Z p ar (k aj ao h) AA AB ao af av ae)) p AC AD AE ak AF)))))))
A B b C (D E (F (n c af o ap (g u) ar aj t x v (p aq) h (m (af (l j w aj) b m)) ar t (al h) aa m q s x aj t x v (p aq) h (m (af (l j w aj) b m)) ar t (al h) aa m q s x aj t x v (p aq) h (m (af (l j w aj) b m)) ar t (al h) aa m q s x aj t x v (p aq) G b s x (H ao) at I j) J K am at L M (aj s n r ae) ah (i a q N aj O ar (g a k ar ap ac) ag ac ai w aw t aw w) d P Q ax R ax S (au (d (T (j ae (o av h ay U V (am W (X y (Y g ad q) Z p ar (k aj ao h) AA AB ao af av ae)) p AC AD AE ak AF)))))))
A B b C (D E (F (u s b o j ar t (al h) aa m q s x aj t x v (p aq) h (m (af (l j w aj) b m)) ar t (al h) aa m q s x aj t x v (p aq) h (m (af (l j w aj) b m)) ar t (al h) aa m q s x aj t x v (p aq) h (m (af (l j w aj) b m)) ar t (al h) aa m q s x aj t x v (p aq) G b s x (H ao) at I j) J K am at L M (aj s n r ae) ah (i a q N aj O ar (g a k ar ap ac) ag ac ai w aw t aw w) d P Q ax R ax S (au (d (T (j ae (o av h ay U V (am W (X y (Y g ad q) Z p ar (k aj ao h) AA AB ao af av ae)) p AC AD AE ak AF)))))))
A B b C (D E (F (b j (ap ak) af e h (m (af (l j w aj) b m)) ar t (al h) aa m q s x aj t x v (p aq) h (m (af (l j w aj) b m)) ar t (al h) aa m q s x aj t x v (p aq) h (m (af (l j w aj) b m)) ar t (al h) aa m q s x aj t x v (p aq) h (m (af (l j w aj) b m)) ar t (al h) aa m q s x aj t x v (p aq) G b s x (H ao) at I j) J K am at L M (aj s n r ae) ah (i a q N aj O ar (g a k ar ap ac) ag ac ai w aw t aw w) d P Q ax R ax S (au (d (T (j ae (o av h ay U V (am W (X y (Y g ad q) Z p ar (k aj ao h) AA AB ao af av ae)) p AC AD AE ak AF)))))))
A B b C (D E (F (al (o j aw) ak e h (m (af (l j w aj) b m)) ar t (al h) aa m q s x aj t x v (p aq) h (m (af (l j w aj) b m)) ar t (al h) aa m q s x aj t x v (p aq) h (m (af (l j w aj) b m)) ar t (al h) aa m q s x aj t x v (p aq) h (m (af (l j w aj) b m)) ar t (al h) aa m q s x aj t x v (p aq) G b s x (H ao) at I j) J K am at L M (aj s n r ae) ah (i a q N aj O ar (g a k ar ap ac) ag ac ai w aw t aw w) d P Q ax R ax S (au (d (T (j ae (o av h ay U V (am W (X y (Y g ad q) Z p ar (k aj ao h) AA AB ao af av ae)) p AC AD AE ak AF)))))))
A B b C (D E (F (at ak ah e h h (m (af (l j w aj) b m)) ar t (al h) aa m q s x aj t x v (p aq) h (m (af (l j w aj) b m)) ar t (al h) aa m q s x aj t x v (p aq) h (m (af (l j w aj) b m)) ar t (al h) aa m q s x aj t x v (p aq) h (m (af (l j w aj) b m)) ar t (al h) aa m q s x aj t x v (p aq) G b s x (H ao) at I j) J K am at L M (aj s n r ae) ah (i a q N aj O ar (g a k ar ap ac) ag ac ai w aw t aw w) d P Q ax R ax S (au (d (T (j ae (o av h ay U V (am W (X y (Y g ad q) Z p ar (k aj ao h) AA AB ao af av ae)) p AC AD AE ak AF)))))))
A B b C (D E (F (ak an c ap t (i (r (au o)) (g p am)) ah e h h (m (af (l j w aj) b m)) ar t (al h) aa m q s x aj t x v (p aq) h (m (af (l j w aj) b m)) ar t (al h) aa m q s x aj t x v (p aq) h (m (af (l j w aj) b m)) ar t (al h) aa m q s x aj t x v (p aq) h (m (af (l j w aj) b m)) ar t (al h) aa m q s x aj t x v (p aq) G b s x (H ao) at I j) J K am at L M (aj s n r ae) ah (i a q N aj O ar (g a k ar ap ac) ag ac ai w aw t aw w) d P Q ax R ax S (au (d (T (j ae (o av h ay U V (am W (X y (Y g ad q) Z p ar (k aj ao h) AA AB ao af av ae)) p AC AD AE ak AF)))))))
A B b C (D E (F (n c af o ap (g u) ar aj t x v (p aq) h (m (af (l j w aj) b m)) ar t (al h) aa m q s x aj t x v (p aq) h (m (af (l j w aj) b m)) ar t (al h) aa m q s x aj t x v (p aq) h (m (af (l j w aj) b m)) ar t (al h) aa m q s x aj t x v (p aq) h (m (af (l j w aj) b m)) ar t (al h) aa m q s x aj t x v (p aq) G b s x (H ao) at I j) J K am at L M (aj s n r ae) ah (i a q N aj O ar (g a k ar ap ac) ag ac ai w aw t aw w) d P Q ax R ax S (au (d (T (j ae (o av h ay U V (am W (X y (Y g ad q) Z p ar (k aj ao h) AA AB ao af av ae)) p AC AD AE ak AF)))))))


