a bc be ba bb bf az bd = q (v d aq al) ab aq (aq af k) ab
b bd bc bf bb ba be bg az = e (g i bc ax bb)
c bb bc az bf ba bd be = aj ad ar ai ba ad aq (b (z ap ag al) bb bf i aj)
d bc ba bb bd be az = y l aj ai ac y q (aw ah aq ba am g am aa)
e az be bd bb ba bc = t q (av (be h) l (v t be w))
f bf bb bc be az ba bd = bb w ao s (am ab (a av p aw x g)) bb c
g bc ba be bd az bb bf = y o c av
h bd az bb bf be bc ba = aw ax aq ay n z bd av
i az bb bf bd bg ba bc be = ak (t d y az u) z l an y
j az = aa ac an (q ax) (ak m b) am
k az bc bb ba bd be = ao f bb v (x ae) ah
l bd az bb bf bc be ba = d h q ao (ai b az) an (av bf bf av az b)
m az = q e ad (c az ak b) s
n az = ay a ac v az az j
o az ba = ag x ba b (az t) m n at ap az ar ay ba ab
p bf az ba be bb bc bd bg = ar o av ah b ac o j k (d bg g)
q bb be bd ba az bf bc = ax ak aj ae l af (az u ao x am u o aj o ad)
r az ba = au ah ak o ba m aw am aj aq ar i ap e a
s bc az bb ba = av j av (n r h d au)
t bd be bc bb bf bg az ba = z bc av m aa ag ai p
u ba bc bb az = ad ad s z (h ar aq bc bc ak ba o) ay
v az bg bc bf bb be bd ba = ad (r aq h an ab af z d d t bc (be ba l) bf)
w ba bd bc az bb = ah aj m i aw ag af af u a aq (e ay c) at c
x bc ba az bd bb = k l e b (ak al at d t am)
y bb az bc ba bd be = j c v (bc ae au (ba bc j an bc e) n) ba ak aw
z bd ba bc bb az = n o ae (f i (c af h bc az) ai) ay ah p t x
aa ba bc bb az = az ao (z ar av e) al p (j q b ar t)
ab bg bc be az bb bd ba bf = ba h (bf (n d av s v an am ak bf bf))
ac bc bb bd be az ba = a s n b m q aw (bd h k bb)
ad be ba bf bb bc az bd bg = am (s ay (s (c bd f h)) (aw an ab) p ao f c)
ae bc ba az be bf bb bd bg = ag au af (an w y k be (r av q am))
af az bc ba bb = ax bc ar (b ba (r az)) az t ac ag k
ag ba bc bb az = h ax m aq (n bc k k (k p bc (ap w) at p) ae)
ah bc bb ba az bd = az aa w (h n i b ak bd l d)
ai az bf be bd bc bb ba = e v aw (ag ac bd aj bd aw am)
aj ba bb be bf bd bc bg az = bc r (ay j e ah)
ak ba az = p (ab (ba (at ao aw ae) am (ba ba ap ae o) h x v))
al bd be bf az bc bb ba = aw j w b
am bb bd bf bc az bg ba be = ah bd s g
an az = g (az (ai p (az aw a p p)))
ao az ba bb bd bc = at aq (an d n)
ap az ba bc bb bf bd be bg = ao (aw (c ao ag f o))
aq bc ba az bb = az (k (aj aa (ac f (l az af ag ap) q)))
ar bc bd bf bg az bb ba be = am d g af (c av ax bg aq af aj aj) (al h)
at az bg bb bc bd be ba bf = au r z aa (p af) s ae (al bb)
au bd bb bc az ba = z a av e
av az bb bc ba = ak t ap t ao ay am r d f bc x r at bb k
aw bg bf be bd bc bb az ba = ay (aa an p j (bd d) ab ap k ap u v)
ax bc bd az bf bb be ba = v n ag ad e v (be e ar ag n ba)
ay az bf bb bg ba bc be bd = q ar be i ac al (a p (ap (p y ai b aa)) i) aq
main = A u ap B y a C av a (m (ag b ax ac ag) am am (n ai ae aq D (E (at ap l (u F (G a au H I k ae (au at c ay J b ae n (m ak w K ar ac r) (e w av) L ao aq) y (f c (b (u M aw ad ac d N al ag) O) s ap l e ay ab o) f) ah (P at m ad) t ai) l k v ah x af l q Q) ac ag w i y ax)))
------------------------------------------------------------
A u ap B y a C av a (m (ag b ax ac ag) am am (n ai ae aq D (E (at ap l (u F (G a au H I k ae (au at c ay J b ae n (m ak w K ar ac r) (e w av) L ao aq) y (f c (b (u M aw ad ac d N al ag) O) s ap l e ay ab o) f) ah (P at m ad) t ai) l k v ah x af l q Q) ac ag w i y ax)))
A u ap B y a C av a (q e ad (c (ag b ax ac ag) ak b) s am am (n ai ae aq D (E (at ap l (u F (G a au H I k ae (au at c ay J b ae n (m ak w K ar ac r) (e w av) L ao aq) y (f c (b (u M aw ad ac d N al ag) O) s ap l e ay ab o) f) ah (P at m ad) t ai) l k v ah x af l q Q) ac ag w i y ax)))
A u ap B y a C av a (ax ak aj ae l af (am u ao x am u o aj o ad))
A u ap B y a C av a (ax ak aj ae l af (ah ao s g ad))


