a ba bb az bc = y ad ay az v bb az bb am az (af bb)
b bf ba bb bc be az bd = r aj k p u n bc ao h c o
c bf be az bd bc ba bb = u i bb (af af) ab az g aq bc
d bc bb be bg az ba bf bd = r p c t b i k bg w e m ag au be ax aa
e bd be bc az bb ba = s am ab w am f k ab h be k ap ak ax ar q
f bc az bb ba = p e at ak ax i ba (ac ba v ak l al u)
g bc bf az bd ba bb be = am o bf ao ak h bb (b l) c aj z
h bb bd ba bc az = ap s (j ab b z bd ar aw (ae x x a)) v (s ba)
i az bc be bb ba bf bd = ar v aa bc ai ah (az (l ae) k ab) p
j bb bg az bc bd be bf ba = am au (h an y bb (bb g) aw (ap aa q au x an))
k az bc bb ba = ae v u af az ah ak (l (f am ay))
l bc az be bg bd ba bb bf = h d g ag be x (aq k) (bg x)
m ba bf be bb bd bc az = at (w h b p) y av af v l (ad (l be) au)
n bd bc ba be az bb = x (t v) r y ak at aq g z am az aq ae
o ba az bc bb = bb az au bb (ah (au af r aa u ax ap bc l))
p az bc be ba bb bd = g az af y al l (bb (be n j ah)) n
q az bc ba bb bd = af i l ai (c (ai (al ai) o o aj))
r bg az ba bb bc be bd bf = bf aq v an au ap au aa bd bg u (av az u av o)
s bc bd bb be ba az = an ac ae be bd aa be ah
t = ax (s au u n an e ar)
u bb ba bd bc az = an c ai an bc (ab bc p) ae ak av az c (aa f)
v bf az be bb bg ba bc bd = a (bc (bc bb y o m c c u))
w bb bd bg be az bf bc ba = c (n am ak ag aj e e q y ah a)
x bc ba be bf bb bd az = bd h v (aj ah q a ac n bf) ae
y bb bf be bd az ba bc bg = z (u au) at ag ba m ai ag aw t ag s
z bb ba az = al m bb ah x ak ah ab ba ay q o d s aa
aa bc az bb ba be bd = bc (z p au au (t (ac (f l (al ah d) al be bd ai))))
ab az bc ba bb = bc al ba o r ae ad ba m k ai bc
ac bb ba bd az bc be = ae ab (bd at ax (b ae) (ax bc av an e an m aa af))
ad ba bc bd be az bf bb = l am z ab bf m (be n aa r w az au l ax)
ae be bd bg bb bc bf ba az = b n (a k aj ap j au) i e aj n
af az bc bb ba be bd = ap ai bd ah l aa q q ap ab be am h
ag bf az bg bd bb be ba bc = aj w v ba af a au o ah aw ba aa ad
ah be bb az bc bd ba = ak (an (az z (x c g bd be w av ab y au)))
ai bc az bb bd ba be bf = a bc ag (be az (a ao e bc (bb bb ac) at) ah l)
aj be bf ba az bb bc bd = bd bf ae (an bb bf) aw ax an az m
ak az bb ba bc = w au ae am (g an (aq bb)) (y i al) v r
al az = k c w g az af ao (ah a d (z az r l l p))
am ba bb az = ah q an (m a ba) bb j bb av
an bb az ba bc = n (ar (a i az k g af r) at aj al az)
ao bd bc bb az ba be = m s ba (bc au) x i d s ap ar aq
ap bb az ba = aq ax aj ak ay w e (z h r (d az p az))
aq az = i (s (av ar az ag au) u az)
ar ba bc az bb = ba ao az ay r am ac aj (bb g p az i ad q)
at bb az ba bc = bc aw (q az aa a m aa p) am e (ae bb) d ac
au bf az ba bb bc bd be = az al t (e a (e ak) l p)
av ba az bb = r al ba (az at y) i s (az ar (ac r j) h y)
aw ba bb bc az bf bd be = ag al l n ag g ac a c l l y n aj aj
ax az ba bc bd bb be = ab av ah c f ar ao az bb
ay bd bc az ba bb = c az bc h ar bc aq
main = A B ac (C at ac l o D) r t E au ai (e (ag F h h ao q aq (G aw H (g I) f) (i ao (y o p c d h ao) J (ax ao ak k g (ar q ah) ac ae (K (L af (M N am) (O ag) ag al) n aw ae (P Q x (R ah (i (ac (S (T (U au V ax b j ae (W m p b (o ak x ak ai s p ad) aq j) a) b af x av X y) ai al))))))))))
------------------------------------------------------------
A B ac (C at ac l o D) r t E au ai (e (ag F h h ao q aq (G aw H (g I) f) (i ao (y o p c d h ao) J (ax ao ak k g (ar q ah) ac ae (K (L af (M N am) (O ag) ag al) n aw ae (P Q x (R ah (i (ac (S (T (U au V ax b j ae (W m p b (o ak x ak ai s p ad) aq j) a) b af x av X y) ai al))))))))))
A B ac (C at ac l o D) r (ax (s au u n an e ar)) E au ai (e (ag F h h ao q aq (G aw H (g I) f) (i ao (y o p c d h ao) J (ax ao ak k g (ar q ah) ac ae (K (L af (M N am) (O ag) ag al) n aw ae (P Q x (R ah (i (ac (S (T (U au V ax b j ae (W m p b (o ak x ak ai s p ad) aq j) a) b af x av X y) ai al))))))))))
A B ac (C at ac l o D) r (ax (an ac ae an u aa an ah)) E au ai (e (ag F h h ao q aq (G aw H (g I) f) (i ao (y o p c d h ao) J (ax ao ak k g (ar q ah) ac ae (K (L af (M N am) (O ag) ag al) n aw ae (P Q x (R ah (i (ac (S (T (U au V ax b j ae (W m p b (o ak x ak ai s p ad) aq j) a) b af x av X y) ai al))))))))))
A B ac (C at ac l o D) r (ax (n (ar (a i ae k g af r) at aj al ae) aa an ah)) E au ai (e (ag F h h ao q aq (G aw H (g I) f) (i ao (y o p c d h ao) J (ax ao ak k g (ar q ah) ac ae (K (L af (M N am) (O ag) ag al) n aw ae (P Q x (R ah (i (ac (S (T (U au V ax b j ae (W m p b (o ak x ak ai s p ad) aq j) a) b af x av X y) ai al))))))))))
A B ac (C at ac l o D) r (ax (n (a i ae k g af r ao aj ay r am ac aj (al g p aj i ad q) ae) aa an ah)) E au ai (e (ag F h h ao q aq (G aw H (g I) f) (i ao (y o p c d h ao) J (ax ao ak k g (ar q ah) ac ae (K (L af (M N am) (O ag) ag al) n aw ae (P Q x (R ah (i (ac (S (T (U au V ax b j ae (W m p b (o ak x ak ai s p ad) aq j) a) b af x av X y) ai al))))))))))
A B ac (C at ac l o D) r (ax (n (y ad ay k v ae k ae am k (af ae) af r ao aj ay r am ac aj (al g p aj i ad q) ae) aa an ah)) E au ai (e (ag F h h ao q aq (G aw H (g I) f) (i ao (y o p c d h ao) J (ax ao ak k g (ar q ah) ac ae (K (L af (M N am) (O ag) ag al) n aw ae (P Q x (R ah (i (ac (S (T (U au V ax b j ae (W m p b (o ak x ak ai s p ad) aq j) a) b af x av X y) ai al))))))))))
A B ac (C at ac l o D) r (ax (n (z (u au) at ag k m ai ag aw t ag s k (af ae) af r ao aj ay r am ac aj (al g p aj i ad q) ae) aa an ah)) E au ai (e (ag F h h ao q aq (G aw H (g I) f) (i ao (y o p c d h ao) J (ax ao ak k g (ar q ah) ac ae (K (L af (M N am) (O ag) ag al) n aw ae (P Q x (R ah (i (ac (S (T (U au V ax b j ae (W m p b (o ak x ak ai s p ad) aq j) a) b af x av X y) ai al))))))))))
A B ac (C at ac l o D) r (ax (n (al m (u au) ah x ak ah ab at ay q o d s aa k m ai ag aw t ag s k (af ae) af r ao aj ay r am ac aj (al g p aj i ad q) ae) aa an ah)) E au ai (e (ag F h h ao q aq (G aw H (g I) f) (i ao (y o p c d h ao) J (ax ao ak k g (ar q ah) ac ae (K (L af (M N am) (O ag) ag al) n aw ae (P Q x (R ah (i (ac (S (T (U au V ax b j ae (W m p b (o ak x ak ai s p ad) aq j) a) b af x av X y) ai al))))))))))
A B ac (C at ac l o D) r (ax (n (k c w g m af ao (ah a d (z m r l l p)) (u au) ah x ak ah ab at ay q o d s aa k m ai ag aw t ag s k (af ae) af r ao aj ay r am ac aj (al g p aj i ad q) ae) aa an ah)) E au ai (e (ag F h h ao q aq (G aw H (g I) f) (i ao (y o p c d h ao) J (ax ao ak k g (ar q ah) ac ae (K (L af (M N am) (O ag) ag al) n aw ae (P Q x (R ah (i (ac (S (T (U au V ax b j ae (W m p b (o ak x ak ai s p ad) aq j) a) b af x av X y) ai al))))))))))
A B ac (C at ac l o D) r (ax (n (ae v u af c ah ak (l (f am ay)) af ao (ah a d (z m r l l p)) (u au) ah x ak ah ab at ay q o d s aa k m ai ag aw t ag s k (af ae) af r ao aj ay r am ac aj (al g p aj i ad q) ae) aa an ah)) E au ai (e (ag F h h ao q aq (G aw H (g I) f) (i ao (y o p c d h ao) J (ax ao ak k g (ar q ah) ac ae (K (L af (M N am) (O ag) ag al) n aw ae (P Q x (R ah (i (ac (S (T (U au V ax b j ae (W m p b (o ak x ak ai s p ad) aq j) a) b af x av X y) ai al))))))))))
A B ac (C at ac l o D) r (ax (n (b n (a k aj ap j au) i e aj n ao (ah a d (z m r l l p)) (u au) ah x ak ah ab at ay q o d s aa k m ai ag aw t ag s k (af ae) af r ao aj ay r am ac aj (al g p aj i ad q) ae) aa an ah)) E au ai (e (ag F h h ao q aq (G aw H (g I) f) (i ao (y o p c d h ao) J (ax ao ak k g (ar q ah) ac ae (K (L af (M N am) (O ag) ag al) n aw ae (P Q x (R ah (i (ac (S (T (U au V ax b j ae (W m p b (o ak x ak ai s p ad) aq j) a) b af x av X y) ai al))))))))))
A B ac (C at ac l o D) r (ax (n (r aj k p u n e ao h c o (ah a d (z m r l l p)) (u au) ah x ak ah ab at ay q o d s aa k m ai ag aw t ag s k (af ae) af r ao aj ay r am ac aj (al g p aj i ad q) ae) aa an ah)) E au ai (e (ag F h h ao q aq (G aw H (g I) f) (i ao (y o p c d h ao) J (ax ao ak k g (ar q ah) ac ae (K (L af (M N am) (O ag) ag al) n aw ae (P Q x (R ah (i (ac (S (T (U au V ax b j ae (W m p b (o ak x ak ai s p ad) aq j) a) b af x av X y) ai al))))))))))
A B ac (C at ac l o D) r (ax (n (h aq v an au ap au aa ao aj u (av k u av o) c o (ah a d (z m r l l p)) (u au) ah x ak ah ab at ay q o d s aa k m ai ag aw t ag s k (af ae) af r ao aj ay r am ac aj (al g p aj i ad q) ae) aa an ah)) E au ai (e (ag F h h ao q aq (G aw H (g I) f) (i ao (y o p c d h ao) J (ax ao ak k g (ar q ah) ac ae (K (L af (M N am) (O ag) ag al) n aw ae (P Q x (R ah (i (ac (S (T (U au V ax b j ae (W m p b (o ak x ak ai s p ad) aq j) a) b af x av X y) ai al))))))))))
A B ac (C at ac l o D) r (ax (n (ap s (j ab b z v ar aw (ae x x a)) v (s an) au aa ao aj u (av k u av o) c o (ah a d (z m r l l p)) (u au) ah x ak ah ab at ay q o d s aa k m ai ag aw t ag s k (af ae) af r ao aj ay r am ac aj (al g p aj i ad q) ae) aa an ah)) E au ai (e (ag F h h ao q aq (G aw H (g I) f) (i ao (y o p c d h ao) J (ax ao ak k g (ar q ah) ac ae (K (L af (M N am) (O ag) ag al) n aw ae (P Q x (R ah (i (ac (S (T (U au V ax b j ae (W m p b (o ak x ak ai s p ad) aq j) a) b af x av X y) ai al))))))))))
A B ac (C at ac l o D) r (ax (n (aq ax aj ak ay w e (z h r (d (j ab b z v ar aw (ae x x a)) p (j ab b z v ar aw (ae x x a)))) (s an) au aa ao aj u (av k u av o) c o (ah a d (z m r l l p)) (u au) ah x ak ah ab at ay q o d s aa k m ai ag aw t ag s k (af ae) af r ao aj ay r am ac aj (al g p aj i ad q) ae) aa an ah)) E au ai (e (ag F h h ao q aq (G aw H (g I) f) (i ao (y o p c d h ao) J (ax ao ak k g (ar q ah) ac ae (K (L af (M N am) (O ag) ag al) n aw ae (P Q x (R ah (i (ac (S (T (U au V ax b j ae (W m p b (o ak x ak ai s p ad) aq j) a) b af x av X y) ai al))))))))))
A B ac (C at ac l o D) r (ax (n (i (s (av ar ax ag au) u ax) aj ak ay w e (z h r (d (j ab b z v ar aw (ae x x a)) p (j ab b z v ar aw (ae x x a)))) (s an) au aa ao aj u (av k u av o) c o (ah a d (z m r l l p)) (u au) ah x ak ah ab at ay q o d s aa k m ai ag aw t ag s k (af ae) af r ao aj ay r am ac aj (al g p aj i ad q) ae) aa an ah)) E au ai (e (ag F h h ao q aq (G aw H (g I) f) (i ao (y o p c d h ao) J (ax ao ak k g (ar q ah) ac ae (K (L af (M N am) (O ag) ag al) n aw ae (P Q x (R ah (i (ac (S (T (U au V ax b j ae (W m p b (o ak x ak ai s p ad) aq j) a) b af x av X y) ai al))))))))))
A B ac (C at ac l o D) r (ax (n (ar v aa aj ai ah (s (av ar ax ag au) u ax (l ae) k ab) p (s an) au aa ao aj u (av k u av o) c o (ah a d (z m r l l p)) (u au) ah x ak ah ab at ay q o d s aa k m ai ag aw t ag s k (af ae) af r ao aj ay r am ac aj (al g p aj i ad q) ae) aa an ah)) E au ai (e (ag F h h ao q aq (G aw H (g I) f) (i ao (y o p c d h ao) J (ax ao ak k g (ar q ah) ac ae (K (L af (M N am) (O ag) ag al) n aw ae (P Q x (R ah (i (ac (S (T (U au V ax b j ae (W m p b (o ak x ak ai s p ad) aq j) a) b af x av X y) ai al))))))))))
A B ac (C at ac l o D) r (ax (n (v ao aj ay r am ac aj (ai g p aj i ad q) ah (s (av ar ax ag au) u ax (l ae) k ab) p (s an) au aa ao aj u (av k u av o) c o (ah a d (z m r l l p)) (u au) ah x ak ah ab at ay q o d s aa k m ai ag aw t ag s k (af ae) af r ao aj ay r am ac aj (al g p aj i ad q) ae) aa an ah)) E au ai (e (ag F h h ao q aq (G aw H (g I) f) (i ao (y o p c d h ao) J (ax ao ak k g (ar q ah) ac ae (K (L af (M N am) (O ag) ag al) n aw ae (P Q x (R ah (i (ac (S (T (U au V ax b j ae (W m p b (o ak x ak ai s p ad) aq j) a) b af x av X y) ai al))))))))))
A B ac (C at ac l o D) r (ax (n (a (aj (aj r y o m c c u)) ah (s (av ar ax ag au) u ax (l ae) k ab) p (s an) au aa ao aj u (av k u av o) c o (ah a d (z m r l l p)) (u au) ah x ak ah ab at ay q o d s aa k m ai ag aw t ag s k (af ae) af r ao aj ay r am ac aj (al g p aj i ad q) ae) aa an ah)) E au ai (e (ag F h h ao q aq (G aw H (g I) f) (i ao (y o p c d h ao) J (ax ao ak k g (ar q ah) ac ae (K (L af (M N am) (O ag) ag al) n aw ae (P Q x (R ah (i (ac (S (T (U au V ax b j ae (W m p b (o ak x ak ai s p ad) aq j) a) b af x av X y) ai al))))))))))
A B ac (C at ac l o D) r (ax (n (y ad ay (s (av ar ax ag au) u ax (l ae) k ab) v ah (s (av ar ax ag au) u ax (l ae) k ab) ah am (s (av ar ax ag au) u ax (l ae) k ab) (af ah) (s an) au aa ao aj u (av k u av o) c o (ah a d (z m r l l p)) (u au) ah x ak ah ab at ay q o d s aa k m ai ag aw t ag s k (af ae) af r ao aj ay r am ac aj (al g p aj i ad q) ae) aa an ah)) E au ai (e (ag F h h ao q aq (G aw H (g I) f) (i ao (y o p c d h ao) J (ax ao ak k g (ar q ah) ac ae (K (L af (M N am) (O ag) ag al) n aw ae (P Q x (R ah (i (ac (S (T (U au V ax b j ae (W m p b (o ak x ak ai s p ad) aq j) a) b af x av X y) ai al))))))))))
A B ac (C at ac l o D) r (ax (n (z (u au) at ag (s (av ar ax ag au) u ax (l ae) k ab) m ai ag aw t ag s (s (av ar ax ag au) u ax (l ae) k ab) (af ah) (s an) au aa ao aj u (av k u av o) c o (ah a d (z m r l l p)) (u au) ah x ak ah ab at ay q o d s aa k m ai ag aw t ag s k (af ae) af r ao aj ay r am ac aj (al g p aj i ad q) ae) aa an ah)) E au ai (e (ag F h h ao q aq (G aw H (g I) f) (i ao (y o p c d h ao) J (ax ao ak k g (ar q ah) ac ae (K (L af (M N am) (O ag) ag al) n aw ae (P Q x (R ah (i (ac (S (T (U au V ax b j ae (W m p b (o ak x ak ai s p ad) aq j) a) b af x av X y) ai al))))))))))
A B ac (C at ac l o D) r (ax (n (al m (u au) ah x ak ah ab at ay q o d s aa (s (av ar ax ag au) u ax (l ae) k ab) m ai ag aw t ag s (s (av ar ax ag au) u ax (l ae) k ab) (af ah) (s an) au aa ao aj u (av k u av o) c o (ah a d (z m r l l p)) (u au) ah x ak ah ab at ay q o d s aa k m ai ag aw t ag s k (af ae) af r ao aj ay r am ac aj (al g p aj i ad q) ae) aa an ah)) E au ai (e (ag F h h ao q aq (G aw H (g I) f) (i ao (y o p c d h ao) J (ax ao ak k g (ar q ah) ac ae (K (L af (M N am) (O ag) ag al) n aw ae (P Q x (R ah (i (ac (S (T (U au V ax b j ae (W m p b (o ak x ak ai s p ad) aq j) a) b af x av X y) ai al))))))))))
A B ac (C at ac l o D) r (ax (n (k c w g m af ao (ah a d (z m r l l p)) (u au) ah x ak ah ab at ay q o d s aa (s (av ar ax ag au) u ax (l ae) k ab) m ai ag aw t ag s (s (av ar ax ag au) u ax (l ae) k ab) (af ah) (s an) au aa ao aj u (av k u av o) c o (ah a d (z m r l l p)) (u au) ah x ak ah ab at ay q o d s aa k m ai ag aw t ag s k (af ae) af r ao aj ay r am ac aj (al g p aj i ad q) ae) aa an ah)) E au ai (e (ag F h h ao q aq (G aw H (g I) f) (i ao (y o p c d h ao) J (ax ao ak k g (ar q ah) ac ae (K (L af (M N am) (O ag) ag al) n aw ae (P Q x (R ah (i (ac (S (T (U au V ax b j ae (W m p b (o ak x ak ai s p ad) aq j) a) b af x av X y) ai al))))))))))
A B ac (C at ac l o D) r (ax (n (ae v u af c ah ak (l (f am ay)) af ao (ah a d (z m r l l p)) (u au) ah x ak ah ab at ay q o d s aa (s (av ar ax ag au) u ax (l ae) k ab) m ai ag aw t ag s (s (av ar ax ag au) u ax (l ae) k ab) (af ah) (s an) au aa ao aj u (av k u av o) c o (ah a d (z m r l l p)) (u au) ah x ak ah ab at ay q o d s aa k m ai ag aw t ag s k (af ae) af r ao aj ay r am ac aj (al g p aj i ad q) ae) aa an ah)) E au ai (e (ag F h h ao q aq (G aw H (g I) f) (i ao (y o p c d h ao) J (ax ao ak k g (ar q ah) ac ae (K (L af (M N am) (O ag) ag al) n aw ae (P Q x (R ah (i (ac (S (T (U au V ax b j ae (W m p b (o ak x ak ai s p ad) aq j) a) b af x av X y) ai al))))))))))
A B ac (C at ac l o D) r (ax (n (b n (a k aj ap j au) i e aj n ao (ah a d (z m r l l p)) (u au) ah x ak ah ab at ay q o d s aa (s (av ar ax ag au) u ax (l ae) k ab) m ai ag aw t ag s (s (av ar ax ag au) u ax (l ae) k ab) (af ah) (s an) au aa ao aj u (av k u av o) c o (ah a d (z m r l l p)) (u au) ah x ak ah ab at ay q o d s aa k m ai ag aw t ag s k (af ae) af r ao aj ay r am ac aj (al g p aj i ad q) ae) aa an ah)) E au ai (e (ag F h h ao q aq (G aw H (g I) f) (i ao (y o p c d h ao) J (ax ao ak k g (ar q ah) ac ae (K (L af (M N am) (O ag) ag al) n aw ae (P Q x (R ah (i (ac (S (T (U au V ax b j ae (W m p b (o ak x ak ai s p ad) aq j) a) b af x av X y) ai al))))))))))
A B ac (C at ac l o D) r (ax (n (r aj k p u n e ao h c o (ah a d (z m r l l p)) (u au) ah x ak ah ab at ay q o d s aa (s (av ar ax ag au) u ax (l ae) k ab) m ai ag aw t ag s (s (av ar ax ag au) u ax (l ae) k ab) (af ah) (s an) au aa ao aj u (av k u av o) c o (ah a d (z m r l l p)) (u au) ah x ak ah ab at ay q o d s aa k m ai ag aw t ag s k (af ae) af r ao aj ay r am ac aj (al g p aj i ad q) ae) aa an ah)) E au ai (e (ag F h h ao q aq (G aw H (g I) f) (i ao (y o p c d h ao) J (ax ao ak k g (ar q ah) ac ae (K (L af (M N am) (O ag) ag al) n aw ae (P Q x (R ah (i (ac (S (T (U au V ax b j ae (W m p b (o ak x ak ai s p ad) aq j) a) b af x av X y) ai al))))))))))
A B ac (C at ac l o D) r (ax (n (h aq v an au ap au aa ao aj u (av k u av o) c o (ah a d (z m r l l p)) (u au) ah x ak ah ab at ay q o d s aa (s (av ar ax ag au) u ax (l ae) k ab) m ai ag aw t ag s (s (av ar ax ag au) u ax (l ae) k ab) (af ah) (s an) au aa ao aj u (av k u av o) c o (ah a d (z m r l l p)) (u au) ah x ak ah ab at ay q o d s aa k m ai ag aw t ag s k (af ae) af r ao aj ay r am ac aj (al g p aj i ad q) ae) aa an ah)) E au ai (e (ag F h h ao q aq (G aw H (g I) f) (i ao (y o p c d h ao) J (ax ao ak k g (ar q ah) ac ae (K (L af (M N am) (O ag) ag al) n aw ae (P Q x (R ah (i (ac (S (T (U au V ax b j ae (W m p b (o ak x ak ai s p ad) aq j) a) b af x av X y) ai al))))))))))
A B ac (C at ac l o D) r (ax (n (ap s (j ab b z v ar aw (ae x x a)) v (s an) au aa ao aj u (av k u av o) c o (ah a d (z m r l l p)) (u au) ah x ak ah ab at ay q o d s aa (s (av ar ax ag au) u ax (l ae) k ab) m ai ag aw t ag s (s (av ar ax ag au) u ax (l ae) k ab) (af ah) (s an) au aa ao aj u (av k u av o) c o (ah a d (z m r l l p)) (u au) ah x ak ah ab at ay q o d s aa k m ai ag aw t ag s k (af ae) af r ao aj ay r am ac aj (al g p aj i ad q) ae) aa an ah)) E au ai (e (ag F h h ao q aq (G aw H (g I) f) (i ao (y o p c d h ao) J (ax ao ak k g (ar q ah) ac ae (K (L af (M N am) (O ag) ag al) n aw ae (P Q x (R ah (i (ac (S (T (U au V ax b j ae (W m p b (o ak x ak ai s p ad) aq j) a) b af x av X y) ai al))))))))))
A B ac (C at ac l o D) r (ax (n (aq ax aj ak ay w e (z h r (d (j ab b z v ar aw (ae x x a)) p (j ab b z v ar aw (ae x x a)))) (s an) au aa ao aj u (av k u av o) c o (ah a d (z m r l l p)) (u au) ah x ak ah ab at ay q o d s aa (s (av ar ax ag au) u ax (l ae) k ab) m ai ag aw t ag s (s (av ar ax ag au) u ax (l ae) k ab) (af ah) (s an) au aa ao aj u (av k u av o) c o (ah a d (z m r l l p)) (u au) ah x ak ah ab at ay q o d s aa k m ai ag aw t ag s k (af ae) af r ao aj ay r am ac aj (al g p aj i ad q) ae) aa an ah)) E au ai (e (ag F h h ao q aq (G aw H (g I) f) (i ao (y o p c d h ao) J (ax ao ak k g (ar q ah) ac ae (K (L af (M N am) (O ag) ag al) n aw ae (P Q x (R ah (i (ac (S (T (U au V ax b j ae (W m p b (o ak x ak ai s p ad) aq j) a) b af x av X y) ai al))))))))))
A B ac (C at ac l o D) r (ax (n (i (s (av ar ax ag au) u ax) aj ak ay w e (z h r (d (j ab b z v ar aw (ae x x a)) p (j ab b z v ar aw (ae x x a)))) (s an) au aa ao aj u (av k u av o) c o (ah a d (z m r l l p)) (u au) ah x ak ah ab at ay q o d s aa (s (av ar ax ag au) u ax (l ae) k ab) m ai ag aw t ag s (s (av ar ax ag au) u ax (l ae) k ab) (af ah) (s an) au aa ao aj u (av k u av o) c o (ah a d (z m r l l p)) (u au) ah x ak ah ab at ay q o d s aa k m ai ag aw t ag s k (af ae) af r ao aj ay r am ac aj (al g p aj i ad q) ae) aa an ah)) E au ai (e (ag F h h ao q aq (G aw H (g I) f) (i ao (y o p c d h ao) J (ax ao ak k g (ar q ah) ac ae (K (L af (M N am) (O ag) ag al) n aw ae (P Q x (R ah (i (ac (S (T (U au V ax b j ae (W m p b (o ak x ak ai s p ad) aq j) a) b af x av X y) ai al))))))))))


