a bb az bc be ba bd ae m ay w (f r (ag h ai bc) f (ad az ab aw av))
b bg bc bb az bd bf be ba bd au ad (n y h ao (ba (y ae t ay av z) r aj))
c bb be bd bc bf bg az ba w k bc aj (l bb q d f) (bb j w g) l t
d ba az bb h y (ag ai) ae ae bb j (ac aj)
e ba bc az bb bg bf be bd au aq ar al w al an m
f bb az bc ba bd ae m ba bd s z aa
g az bc bd ba bb at (a aa e) m (ae u)
h bc bb az ba ak (bb at x x e) a (az (bb bc ah aq n j))
i ba bb az bc be bd s ai bc t (k v x (ay al ad a ar am an aa l))
j bd ba az be bc bb p (ac m) o ag az
k bc bg az be bb bd bf ba h o j ah bc ah ap ad p y ao (ba aa v)
l bb ba bc az a bc (v aa h (k af ba) ax ak al)
m az az (az w ab k (ao aq (t al w n i) s))
n ba az m aj e ap az h (at az ba aw y w z ad)
o bd be bb bc az ba ao aj be at (az (c ao m m u)) at u t bd
p az bg ba be bc bf bb bd ax q ay (l aw an bf v) (bc at x aq) ae at y ak
q bc az bb ba z bb (ae ao) n b (au bb n (bb az d y p))
r ba bb az ad an u n m au aq ac o ar az aw (ao bb m ar)
s ba az bb j (ah m ak b) ba az m bb ar bb ai a aw am
t bc be bg bd bf bb az ba ax v (w bd y ap) a e bc (y ba ao n d) bb
u bb bc az ba w ac t at d f ac ao ba az (ae at ah)
v bf bd bc be ba az bb am (d o b az ao (ba au i q (ar at ba az) a))
w az bb ba bc bc az i (m az ba k) ac p d ba
x az bc bb be bd ba bf v bb aa b ap e (c o aw s (au ax q) t aw)
y az be bb bc ba bd a bd (z n av j be f) (bb bc) ar (be al) (i av an)
z ba bg bc bf az be bb bd ad x ak aa v h (x ac ak at l ay ah c u)
aa az ba bc bb ax (an (bc c (x ar ba t am) (bb n g)) al u)
ab ba bc bg be bb bd bf az aw ad ba h a af (aq b ax c)
ac ai z m (ab o ax j (ak ay) ai aq l j) al
ad bc bf bb be ba az bd ah bc (p ax ax z au (ak au aq) ac) al g at
ae az ba bd bb bc ar k (c b at (j (aj q g s y bd v bd)))
af bf ba bb az bc be bd q u am aj ai au c b ad aq x az r t
ag bc bb az ba n z ar bb d bb ba ao aa aa ai ar al g c
ah bc az bb ba ap ap bb s (ay n az ba bb aj s ay ax ak x)
ai az bd ba bc bb f ay ak f (bd v bd ba l (w p u)) u s p
aj bc bb be bd bg bf az ba ae ad au (o (ao at ar aw j ay an) ak aa be) bb bf
ak ba az bb bb ae x az c ag c ba ax y x o a g au l
al bd az bc ba be bb o k av ab (ay i bb am) g
am ba bc bb az bd x (ao (s (n (b (ap aq aq)) aj ao w h al bc aw bd)))
an bf bc ba bd az bb bg be f m ak b (bd r at) at az ao (aa ao)
ao ba bb bc bd be az a al af bc x au be aa t z az
ap bc bd az bb bf be ba bb bb aq k az n (ag s ar r n)
aq bf bc az bd be ba bg bb u au au (r ap ah) v b b (g d (v t b))
ar bd az bc ba bb j (ba x) (q s) (al q l) c g at t c r h aw
at az ba b p ar aq (u an) (ar ap) j e ad l n
au ba az c p ah ab al ac
av bc bd az bb ba ax o bc aa ad s ag n
aw az be bb bd bc ba ax (o az az (ay (ba m) k (g al al ay)))
ax az j ar (ac aj ay s) (f i) am r h i aq
ay bc bb be az ba bg bd bf ax (ah e bb t aj au) af k d w g ae be
main A aw (au o at f ak t) (B h z x f C av) (D E r (s ai) z (aa z (F g am (z o (G (ay (aa H y l aw v y) ae (I J ay K) (a L ao M aa N at) k d) O P Q R S T U (h ao) ak v i ay n ak V am aj aw o ad (s ao)) at av am (y w W X) ac Y (c ao ak q al Z AA (AB w t) AC) j l) AD ar ax g)))
------------------------------------------------------------
A aw (au o at f ak t) (B h z x f C av) (D E r (s ai) z (aa z (F g am (z o (G (ay (aa H y l aw v y) ae (I J ay K) (a L ao M aa N at) k d) O P Q R S T U (h ao) ak v i ay n ak V am aj aw o ad (s ao)) at av am (y w W X) ac Y (c ao ak q al Z AA (AB w t) AC) j l) AD ar ax g)))
A aw (c p ah ab al ac f ak t) (B h z x f C av) (D E r (s ai) z (aa z (F g am (z o (G (ay (aa H y l aw v y) ae (I J ay K) (a L ao M aa N at) k d) O P Q R S T U (h ao) ak v i ay n ak V am aj aw o ad (s ao)) at av am (y w W X) ac Y (c ao ak q al Z AA (AB w t) AC) j l) AD ar ax g)))
A aw (w k al aj (l p q d f) (p j w g) l t) (B h z x f C av) (D E r (s ai) z (aa z (F g am (z o (G (ay (aa H y l aw v y) ae (I J ay K) (a L ao M aa N at) k d) O P Q R S T U (h ao) ak v i ay n ak V am aj aw o ad (s ao)) at av am (y w W X) ac Y (c ao ak q al Z AA (AB w t) AC) j l) AD ar ax g)))
A aw (l p q d f k i (m k aj k) ac p d aj (p j w g) l t) (B h z x f C av) (D E r (s ai) z (aa z (F g am (z o (G (ay (aa H y l aw v y) ae (I J ay K) (a L ao M aa N at) k d) O P Q R S T U (h ao) ak v i ay n ak V am aj aw o ad (s ao)) at av am (y w W X) ac Y (c ao ak q al Z AA (AB w t) AC) j l) AD ar ax g)))
A aw (a d (v aa h (k af q) ax ak al) k i (m k aj k) ac p d aj (p j w g) l t) (B h z x f C av) (D E r (s ai) z (aa z (F g am (z o (G (ay (aa H y l aw v y) ae (I J ay K) (a L ao M aa N at) k d) O P Q R S T U (h ao) ak v i ay n ak V am aj aw o ad (s ao)) at av am (y w W X) ac Y (c ao ak q al Z AA (AB w t) AC) j l) AD ar ax g)))
A aw (ae m ay w (f r (ag h ai k) f (ad (v aa h (k af q) ax ak al) ab aw av)) p d aj (p j w g) l t) (B h z x f C av) (D E r (s ai) z (aa z (F g am (z o (G (ay (aa H y l aw v y) ae (I J ay K) (a L ao M aa N at) k d) O P Q R S T U (h ao) ak v i ay n ak V am aj aw o ad (s ao)) at av am (y w W X) ac Y (c ao ak q al Z AA (AB w t) AC) j l) AD ar ax g)))
A aw (ar k (c b at (j (aj q g s y w v w))) d aj (p j w g) l t) (B h z x f C av) (D E r (s ai) z (aa z (F g am (z o (G (ay (aa H y l aw v y) ae (I J ay K) (a L ao M aa N at) k d) O P Q R S T U (h ao) ak v i ay n ak V am aj aw o ad (s ao)) at av am (y w W X) ac Y (c ao ak q al Z AA (AB w t) AC) j l) AD ar ax g)))
A aw (j (aj x) (q s) (al q l) c g at t c r h aw l t) (B h z x f C av) (D E r (s ai) z (aa z (F g am (z o (G (ay (aa H y l aw v y) ae (I J ay K) (a L ao M aa N at) k d) O P Q R S T U (h ao) ak v i ay n ak V am aj aw o ad (s ao)) at av am (y w W X) ac Y (c ao ak q al Z AA (AB w t) AC) j l) AD ar ax g)))
A aw (p (ac m) o ag (al q l) t c r h aw l t) (B h z x f C av) (D E r (s ai) z (aa z (F g am (z o (G (ay (aa H y l aw v y) ae (I J ay K) (a L ao M aa N at) k d) O P Q R S T U (h ao) ak v i ay n ak V am aj aw o ad (s ao)) at av am (y w W X) ac Y (c ao ak q al Z AA (AB w t) AC) j l) AD ar ax g)))
A aw (ax q ay (l aw an c v) (t at x aq) ae at y ak aw l t) (B h z x f C av) (D E r (s ai) z (aa z (F g am (z o (G (ay (aa H y l aw v y) ae (I J ay K) (a L ao M aa N at) k d) O P Q R S T U (h ao) ak v i ay n ak V am aj aw o ad (s ao)) at av am (y w W X) ac Y (c ao ak q al Z AA (AB w t) AC) j l) AD ar ax g)))
A aw (j ar (ac aj ay s) (f i) am r h i aq ay (l aw an c v) (t at x aq) ae at y ak aw l t) (B h z x f C av) (D E r (s ai) z (aa z (F g am (z o (G (ay (aa H y l aw v y) ae (I J ay K) (a L ao M aa N at) k d) O P Q R S T U (h ao) ak v i ay n ak V am aj aw o ad (s ao)) at av am (y w W X) ac Y (c ao ak q al Z AA (AB w t) AC) j l) AD ar ax g)))
A aw (p (ac m) o ag (f i) i aq ay (l aw an c v) (t at x aq) ae at y ak aw l t) (B h z x f C av) (D E r (s ai) z (aa z (F g am (z o (G (ay (aa H y l aw v y) ae (I J ay K) (a L ao M aa N at) k d) O P Q R S T U (h ao) ak v i ay n ak V am aj aw o ad (s ao)) at av am (y w W X) ac Y (c ao ak q al Z AA (AB w t) AC) j l) AD ar ax g)))
A aw (ax q ay (l aw an aq v) (i at x aq) ae at y ak (t at x aq) ae at y ak aw l t) (B h z x f C av) (D E r (s ai) z (aa z (F g am (z o (G (ay (aa H y l aw v y) ae (I J ay K) (a L ao M aa N at) k d) O P Q R S T U (h ao) ak v i ay n ak V am aj aw o ad (s ao)) at av am (y w W X) ac Y (c ao ak q al Z AA (AB w t) AC) j l) AD ar ax g)))
A aw (j ar (ac aj ay s) (f i) am r h i aq ay (l aw an aq v) (i at x aq) ae at y ak (t at x aq) ae at y ak aw l t) (B h z x f C av) (D E r (s ai) z (aa z (F g am (z o (G (ay (aa H y l aw v y) ae (I J ay K) (a L ao M aa N at) k d) O P Q R S T U (h ao) ak v i ay n ak V am aj aw o ad (s ao)) at av am (y w W X) ac Y (c ao ak q al Z AA (AB w t) AC) j l) AD ar ax g)))
A aw (p (ac m) o ag (f i) i aq ay (l aw an aq v) (i at x aq) ae at y ak (t at x aq) ae at y ak aw l t) (B h z x f C av) (D E r (s ai) z (aa z (F g am (z o (G (ay (aa H y l aw v y) ae (I J ay K) (a L ao M aa N at) k d) O P Q R S T U (h ao) ak v i ay n ak V am aj aw o ad (s ao)) at av am (y w W X) ac Y (c ao ak q al Z AA (AB w t) AC) j l) AD ar ax g)))
A aw (ax q ay (l aw an aq v) (i at x aq) ae at y ak (i at x aq) ae at y ak (t at x aq) ae at y ak aw l t) (B h z x f C av) (D E r (s ai) z (aa z (F g am (z o (G (ay (aa H y l aw v y) ae (I J ay K) (a L ao M aa N at) k d) O P Q R S T U (h ao) ak v i ay n ak V am aj aw o ad (s ao)) at av am (y w W X) ac Y (c ao ak q al Z AA (AB w t) AC) j l) AD ar ax g)))
A aw (j ar (ac aj ay s) (f i) am r h i aq ay (l aw an aq v) (i at x aq) ae at y ak (i at x aq) ae at y ak (t at x aq) ae at y ak aw l t) (B h z x f C av) (D E r (s ai) z (aa z (F g am (z o (G (ay (aa H y l aw v y) ae (I J ay K) (a L ao M aa N at) k d) O P Q R S T U (h ao) ak v i ay n ak V am aj aw o ad (s ao)) at av am (y w W X) ac Y (c ao ak q al Z AA (AB w t) AC) j l) AD ar ax g)))
A aw (p (ac m) o ag (f i) i aq ay (l aw an aq v) (i at x aq) ae at y ak (i at x aq) ae at y ak (t at x aq) ae at y ak aw l t) (B h z x f C av) (D E r (s ai) z (aa z (F g am (z o (G (ay (aa H y l aw v y) ae (I J ay K) (a L ao M aa N at) k d) O P Q R S T U (h ao) ak v i ay n ak V am aj aw o ad (s ao)) at av am (y w W X) ac Y (c ao ak q al Z AA (AB w t) AC) j l) AD ar ax g)))
A aw (ax q ay (l aw an aq v) (i at x aq) ae at y ak (i at x aq) ae at y ak (i at x aq) ae at y ak (t at x aq) ae at y ak aw l t) (B h z x f C av) (D E r (s ai) z (aa z (F g am (z o (G (ay (aa H y l aw v y) ae (I J ay K) (a L ao M aa N at) k d) O P Q R S T U (h ao) ak v i ay n ak V am aj aw o ad (s ao)) at av am (y w W X) ac Y (c ao ak q al Z AA (AB w t) AC) j l) AD ar ax g)))
A aw (j ar (ac aj ay s) (f i) am r h i aq ay (l aw an aq v) (i at x aq) ae at y ak (i at x aq) ae at y ak (i at x aq) ae at y ak (t at x aq) ae at y ak aw l t) (B h z x f C av) (D E r (s ai) z (aa z (F g am (z o (G (ay (aa H y l aw v y) ae (I J ay K) (a L ao M aa N at) k d) O P Q R S T U (h ao) ak v i ay n ak V am aj aw o ad (s ao)) at av am (y w W X) ac Y (c ao ak q al Z AA (AB w t) AC) j l) AD ar ax g)))
A aw (p (ac m) o ag (f i) i aq ay (l aw an aq v) (i at x aq) ae at y ak (i at x aq) ae at y ak (i at x aq) ae at y ak (t at x aq) ae at y ak aw l t) (B h z x f C av) (D E r (s ai) z (aa z (F g am (z o (G (ay (aa H y l aw v y) ae (I J ay K) (a L ao M aa N at) k d) O P Q R S T U (h ao) ak v i ay n ak V am aj aw o ad (s ao)) at av am (y w W X) ac Y (c ao ak q al Z AA (AB w t) AC) j l) AD ar ax g)))
A aw (ax q ay (l aw an aq v) (i at x aq) ae at y ak (i at x aq) ae at y ak (i at x aq) ae at y ak (i at x aq) ae at y ak (t at x aq) ae at y ak aw l t) (B h z x f C av) (D E r (s ai) z (aa z (F g am (z o (G (ay (aa H y l aw v y) ae (I J ay K) (a L ao M aa N at) k d) O P Q R S T U (h ao) ak v i ay n ak V am aj aw o ad (s ao)) at av am (y w W X) ac Y (c ao ak q al Z AA (AB w t) AC) j l) AD ar ax g)))
A aw (j ar (ac aj ay s) (f i) am r h i aq ay (l aw an aq v) (i at x aq) ae at y ak (i at x aq) ae at y ak (i at x aq) ae at y ak (i at x aq) ae at y ak (t at x aq) ae at y ak aw l t) (B h z x f C av) (D E r (s ai) z (aa z (F g am (z o (G (ay (aa H y l aw v y) ae (I J ay K) (a L ao M aa N at) k d) O P Q R S T U (h ao) ak v i ay n ak V am aj aw o ad (s ao)) at av am (y w W X) ac Y (c ao ak q al Z AA (AB w t) AC) j l) AD ar ax g)))
A aw (p (ac m) o ag (f i) i aq ay (l aw an aq v) (i at x aq) ae at y ak (i at x aq) ae at y ak (i at x aq) ae at y ak (i at x aq) ae at y ak (t at x aq) ae at y ak aw l t) (B h z x f C av) (D E r (s ai) z (aa z (F g am (z o (G (ay (aa H y l aw v y) ae (I J ay K) (a L ao M aa N at) k d) O P Q R S T U (h ao) ak v i ay n ak V am aj aw o ad (s ao)) at av am (y w W X) ac Y (c ao ak q al Z AA (AB w t) AC) j l) AD ar ax g)))
A aw (ax q ay (l aw an aq v) (i at x aq) ae at y ak (i at x aq) ae at y ak (i at x aq) ae at y ak (i at x aq) ae at y ak (i at x aq) ae at y ak (t at x aq) ae at y ak aw l t) (B h z x f C av) (D E r (s ai) z (aa z (F g am (z o (G (ay (aa H y l aw v y) ae (I J ay K) (a L ao M aa N at) k d) O P Q R S T U (h ao) ak v i ay n ak V am aj aw o ad (s ao)) at av am (y w W X) ac Y (c ao ak q al Z AA (AB w t) AC) j l) AD ar ax g)))
A aw (j ar (ac aj ay s) (f i) am r h i aq ay (l aw an aq v) (i at x aq) ae at y ak (i at x aq) ae at y ak (i at x aq) ae at y ak (i at x aq) ae at y ak (i at x aq) ae at y ak (t at x aq) ae at y ak aw l t) (B h z x f C av) (D E r (s ai) z (aa z (F g am (z o (G (ay (aa H y l aw v y) ae (I J ay K) (a L ao M aa N at) k d) O P Q R S T U (h ao) ak v i ay n ak V am aj aw o ad (s ao)) at av am (y w W X) ac Y (c ao ak q al Z AA (AB w t) AC) j l) AD ar ax g)))
A aw (p (ac m) o ag (f i) i aq ay (l aw an aq v) (i at x aq) ae at y ak (i at x aq) ae at y ak (i at x aq) ae at y ak (i at x aq) ae at y ak (i at x aq) ae at y ak (t at x aq) ae at y ak aw l t) (B h z x f C av) (D E r (s ai) z (aa z (F g am (z o (G (ay (aa H y l aw v y) ae (I J ay K) (a L ao M aa N at) k d) O P Q R S T U (h ao) ak v i ay n ak V am aj aw o ad (s ao)) at av am (y w W X) ac Y (c ao ak q al Z AA (AB w t) AC) j l) AD ar ax g)))
A aw (ax q ay (l aw an aq v) (i at x aq) ae at y ak (i at x aq) ae at y ak (i at x aq) ae at y ak (i at x aq) ae at y ak (i at x aq) ae at y ak (i at x aq) ae at y ak (t at x aq) ae at y ak aw l t) (B h z x f C av) (D E r (s ai) z (aa z (F g am (z o (G (ay (aa H y l aw v y) ae (I J ay K) (a L ao M aa N at) k d) O P Q R S T U (h ao) ak v i ay n ak V am aj aw o ad (s ao)) at av am (y w W X) ac Y (c ao ak q al Z AA (AB w t) AC) j l) AD ar ax g)))
A aw (j ar (ac aj ay s) (f i) am r h i aq ay (l aw an aq v) (i at x aq) ae at y ak (i at x aq) ae at y ak (i at x aq) ae at y ak (i at x aq) ae at y ak (i at x aq) ae at y ak (i at x aq) ae at y ak (t at x aq) ae at y ak aw l t) (B h z x f C av) (D E r (s ai) z (aa z (F g am (z o (G (ay (aa H y l aw v y) ae (I J ay K) (a L ao M aa N at) k d) O P Q R S T U (h ao) ak v i ay n ak V am aj aw o ad (s ao)) at av am (y w W X) ac Y (c ao ak q al Z AA (AB w t) AC) j l) AD ar ax g)))
A aw (p (ac m) o ag (f i) i aq ay (l aw an aq v) (i at x aq) ae at y ak (i at x aq) ae at y ak (i at x aq) ae at y ak (i at x aq) ae at y ak (i at x aq) ae at y ak (i at x aq) ae at y ak (t at x aq) ae at y ak aw l t) (B h z x f C av) (D E r (s ai) z (aa z (F g am (z o (G (ay (aa H y l aw v y) ae (I J ay K) (a L ao M aa N at) k d) O P Q R S T U (h ao) ak v i ay n ak V am aj aw o ad (s ao)) at av am (y w W X) ac Y (c ao ak q al Z AA (AB w t) AC) j l) AD ar ax g)))


