a be ba bb bc bd bf az bc ad ac z f ao at ax ag ab (ab ar g au)
b ba bc az bb bd l c bc ae at p q ay n ac e ae s ai aj
c ba bc bb az bd bc ab (bc i bb bd ac (bb bd af (l q aq ba t) bb))
d bd ba az bb bc w j f s an (v h (bc i az ae) l b)
e az be bg bf bc bb bd ba y au l t a ba (w k p at ae ah)
f bb ba az az m ba ao z i b ak g h (aj n s bb)
g bb ba bc az d aq m x ah a k bb ag ak av at af (ba bc)
h bc az ba bb ae o v ax w ba (az a ap (ar aj ag))
i be bb ba az bf bd bc au (n an aq ba be ap)
j bb be ba bc bg bd bf az h aq aq (w i) r bb x s bd aq bf e v (n ab)
k ba be bc bd bb az ao ah ah (bb ai ad ao d ay ak) aa ax az c al bd
l be bb bc az bd ba bf at ag x al f ae bd (ah w) bb bf n ax ad (at j)
m bc az ba bd bb am z e bc t d ab f (y af x)
n bc bb az bd ba ak q bd av
o ba az s af (ak (ac ax j) az)
p be az ba bc bb bd ai aw v g o bc n af h (al (ba bd)) ac
q bc bb ba az ba av (ag an (au at ap aj (g (aj aa ax af ad))))
r bb ba bc bf be bd az be (av bc k) l bd aw (z (i q ac) at ah d o bf)
s bc az ba bf be bd bb l t a r ac an (ah bc ba n)
t az ba bc bb z aq al am r ao s d ak w s bb (h k j)
u bf ba be bc az bg bd bb y av ah d (ay a z bg av)
v az bc bb ba bd c k (k aa g (i ba) ai x an) az r
w ba bb az q ad (e u ba (ai t (n am aj ak) c d) x n)
x az be bd bc ba bf bb h ap g ap d (au af) ba au j h z u (ap v ae)
y bb ba az au (m ak ba (al bb ax) q bb au ba) n s b
z bb bc be ba bd bf az az a am k af r bd v ae ae ay ba q r am n
aa bd bc bb ba az be bf ba ap c t n (s y a m) (at (be q bb j al))
ab bd ba az bc bb c bd r d aj x d bc l ap ax aq ac
ac ba bc az be bb bd f o q ak k ak ai ad bb b an s bb av aa ad
ad bd bb az ba bc az (w bd (bc am ae aa p))
ae bb bd be az ba bc at aq az (az ah ah (m h ao w aq))
af bd bc ba az bb be l (ah s p) n p s f (au az (r an an) aj)
ag bc ba az bb e ae bb u b an ah l ba z ad al aj (am p bc)
ah bd ba bc be bb az g v l az ai j ba a ak (bd (k b c e bb))
ai ba bc be bf bd az bb m ae ag l aw b u
aj bf bd bg az be bb ba bc b ar aq ah a (ab (bf aa ay bb) (g s f) ai y)
ak bb bc ba az ax t j ay bc p ac al l y
al be bf bc ba bd bg az bb bc bf t aq ac m b i
am bb bd ba bf az be bc bg av d bb an a
an az bb bf be ba bd bc t s m t ax (i am at) e aq n w d
ao bd az ba bc bb w t l (s ap (al ay v (j p bb y bd ac ba)))
ap bb bf az bd be bc ba r t (ah (i al af ac)) q (u y at) az b s a ab
aq az bf be bb bd bg ba bc u p (au af p) (w u ay)
ar bg bf be az bb bc bd ba v d ah r ad bf ag be (an w (k z ag bf p) a)
at bc be ba bf az bd bb ad aj am x p bb v ab ag (am ar) f
au az d ac aq aa (u ah v) ah w o m az u k
av az ba be bf bc bg bd bb au c ai ab g an z t (r ac) x y q aj y
aw ba bc bb az x i r i am r am ao k aq x v b
ax bc ba az bb ao ad x aa ap (aw (ba (e f) af ay) c ao aj)
ay bb bc az be ba bd m a ab p u a bb (av ai ad c) d
main f au aw x ao (A ay B) C s D E ar (ai F (G ao j b n j w ag (m (f l k af H ah ar) (I d (af at (J (K ax) f L t ar al d) y ai b y (M N O P Q R z (g (c ag (S ay at ab) aa f x T (m (r (e p a ar b) av (U V u ap (av (W X Y Z aw a AA ac) f)) AB at b e ak aa af ac ae q ah) v)))))))))
------------------------------------------------------------
f au aw x ao (A ay B) C s D E ar (ai F (G ao j b n j w ag (m (f l k af H ah ar) (I d (af at (J (K ax) f L t ar al d) y ai b y (M N O P Q R z (g (c ag (S ay at ab) aa f x T (m (r (e p a ar b) av (U V u ap (av (W X Y Z aw a AA ac) f)) AB at b e ak aa af ac ae q ah) v)))))))))
x m aw ao z i b ak g h (aj n s au) ao (A ay B) C s D E ar (ai F (G ao j b n j w ag (m (f l k af H ah ar) (I d (af at (J (K ax) f L t ar al d) y ai b y (M N O P Q R z (g (c ag (S ay at ab) aa f x T (m (r (e p a ar b) av (U V u ap (av (W X Y Z aw a AA ac) f)) AB at b e ak aa af ac ae q ah) v)))))))))
h ap g ap d (au af) i au j h z u (ap v ae) g h (aj n s au) ao (A ay B) C s D E ar (ai F (G ao j b n j w ag (m (f l k af H ah ar) (I d (af at (J (K ax) f L t ar al d) y ai b y (M N O P Q R z (g (c ag (S ay at ab) aa f x T (m (r (e p a ar b) av (U V u ap (av (W X Y Z aw a AA ac) f)) AB at b e ak aa af ac ae q ah) v)))))))))
ae o v ax w ap (g a ap (ar aj ag)) (au af) i au j h z u (ap v ae) g h (aj n s au) ao (A ay B) C s D E ar (ai F (G ao j b n j w ag (m (f l k af H ah ar) (I d (af at (J (K ax) f L t ar al d) y ai b y (M N O P Q R z (g (c ag (S ay at ab) aa f x T (m (r (e p a ar b) av (U V u ap (av (W X Y Z aw a AA ac) f)) AB at b e ak aa af ac ae q ah) v)))))))))
at aq w (w ah ah (m h ao w aq)) (au af) i au j h z u (ap v ae) g h (aj n s au) ao (A ay B) C s D E ar (ai F (G ao j b n j w ag (m (f l k af H ah ar) (I d (af at (J (K ax) f L t ar al d) y ai b y (M N O P Q R z (g (c ag (S ay at ab) aa f x T (m (r (e p a ar b) av (U V u ap (av (W X Y Z aw a AA ac) f)) AB at b e ak aa af ac ae q ah) v)))))))))
ad aj am x p j v ab ag (am ar) f h z u (ap v ae) g h (aj n s au) ao (A ay B) C s D E ar (ai F (G ao j b n j w ag (m (f l k af H ah ar) (I d (af at (J (K ax) f L t ar al d) y ai b y (M N O P Q R z (g (c ag (S ay at ab) aa f x T (m (r (e p a ar b) av (U V u ap (av (W X Y Z aw a AA ac) f)) AB at b e ak aa af ac ae q ah) v)))))))))
x (w aj (j am ae aa p)) v ab ag (am ar) f h z u (ap v ae) g h (aj n s au) ao (A ay B) C s D E ar (ai F (G ao j b n j w ag (m (f l k af H ah ar) (I d (af at (J (K ax) f L t ar al d) y ai b y (M N O P Q R z (g (c ag (S ay at ab) aa f x T (m (r (e p a ar b) av (U V u ap (av (W X Y Z aw a AA ac) f)) AB at b e ak aa af ac ae q ah) v)))))))))
h ap g ap d (au af) (am ar) au j h z u (ap v ae) z u (ap v ae) g h (aj n s au) ao (A ay B) C s D E ar (ai F (G ao j b n j w ag (m (f l k af H ah ar) (I d (af at (J (K ax) f L t ar al d) y ai b y (M N O P Q R z (g (c ag (S ay at ab) aa f x T (m (r (e p a ar b) av (U V u ap (av (W X Y Z aw a AA ac) f)) AB at b e ak aa af ac ae q ah) v)))))))))
ae o v ax w ap (g a ap (ar aj ag)) (au af) (am ar) au j h z u (ap v ae) z u (ap v ae) g h (aj n s au) ao (A ay B) C s D E ar (ai F (G ao j b n j w ag (m (f l k af H ah ar) (I d (af at (J (K ax) f L t ar al d) y ai b y (M N O P Q R z (g (c ag (S ay at ab) aa f x T (m (r (e p a ar b) av (U V u ap (av (W X Y Z aw a AA ac) f)) AB at b e ak aa af ac ae q ah) v)))))))))
at aq w (w ah ah (m h ao w aq)) (au af) (am ar) au j h z u (ap v ae) z u (ap v ae) g h (aj n s au) ao (A ay B) C s D E ar (ai F (G ao j b n j w ag (m (f l k af H ah ar) (I d (af at (J (K ax) f L t ar al d) y ai b y (M N O P Q R z (g (c ag (S ay at ab) aa f x T (m (r (e p a ar b) av (U V u ap (av (W X Y Z aw a AA ac) f)) AB at b e ak aa af ac ae q ah) v)))))))))
ad aj am x p j v ab ag (am ar) f h z u (ap v ae) z u (ap v ae) g h (aj n s au) ao (A ay B) C s D E ar (ai F (G ao j b n j w ag (m (f l k af H ah ar) (I d (af at (J (K ax) f L t ar al d) y ai b y (M N O P Q R z (g (c ag (S ay at ab) aa f x T (m (r (e p a ar b) av (U V u ap (av (W X Y Z aw a AA ac) f)) AB at b e ak aa af ac ae q ah) v)))))))))
x (w aj (j am ae aa p)) v ab ag (am ar) f h z u (ap v ae) z u (ap v ae) g h (aj n s au) ao (A ay B) C s D E ar (ai F (G ao j b n j w ag (m (f l k af H ah ar) (I d (af at (J (K ax) f L t ar al d) y ai b y (M N O P Q R z (g (c ag (S ay at ab) aa f x T (m (r (e p a ar b) av (U V u ap (av (W X Y Z aw a AA ac) f)) AB at b e ak aa af ac ae q ah) v)))))))))
h ap g ap d (au af) (am ar) au j h z u (ap v ae) z u (ap v ae) z u (ap v ae) g h (aj n s au) ao (A ay B) C s D E ar (ai F (G ao j b n j w ag (m (f l k af H ah ar) (I d (af at (J (K ax) f L t ar al d) y ai b y (M N O P Q R z (g (c ag (S ay at ab) aa f x T (m (r (e p a ar b) av (U V u ap (av (W X Y Z aw a AA ac) f)) AB at b e ak aa af ac ae q ah) v)))))))))
ae o v ax w ap (g a ap (ar aj ag)) (au af) (am ar) au j h z u (ap v ae) z u (ap v ae) z u (ap v ae) g h (aj n s au) ao (A ay B) C s D E ar (ai F (G ao j b n j w ag (m (f l k af H ah ar) (I d (af at (J (K ax) f L t ar al d) y ai b y (M N O P Q R z (g (c ag (S ay at ab) aa f x T (m (r (e p a ar b) av (U V u ap (av (W X Y Z aw a AA ac) f)) AB at b e ak aa af ac ae q ah) v)))))))))
at aq w (w ah ah (m h ao w aq)) (au af) (am ar) au j h z u (ap v ae) z u (ap v ae) z u (ap v ae) g h (aj n s au) ao (A ay B) C s D E ar (ai F (G ao j b n j w ag (m (f l k af H ah ar) (I d (af at (J (K ax) f L t ar al d) y ai b y (M N O P Q R z (g (c ag (S ay at ab) aa f x T (m (r (e p a ar b) av (U V u ap (av (W X Y Z aw a AA ac) f)) AB at b e ak aa af ac ae q ah) v)))))))))
ad aj am x p j v ab ag (am ar) f h z u (ap v ae) z u (ap v ae) z u (ap v ae) g h (aj n s au) ao (A ay B) C s D E ar (ai F (G ao j b n j w ag (m (f l k af H ah ar) (I d (af at (J (K ax) f L t ar al d) y ai b y (M N O P Q R z (g (c ag (S ay at ab) aa f x T (m (r (e p a ar b) av (U V u ap (av (W X Y Z aw a AA ac) f)) AB at b e ak aa af ac ae q ah) v)))))))))
x (w aj (j am ae aa p)) v ab ag (am ar) f h z u (ap v ae) z u (ap v ae) z u (ap v ae) g h (aj n s au) ao (A ay B) C s D E ar (ai F (G ao j b n j w ag (m (f l k af H ah ar) (I d (af at (J (K ax) f L t ar al d) y ai b y (M N O P Q R z (g (c ag (S ay at ab) aa f x T (m (r (e p a ar b) av (U V u ap (av (W X Y Z aw a AA ac) f)) AB at b e ak aa af ac ae q ah) v)))))))))
h ap g ap d (au af) (am ar) au j h z u (ap v ae) z u (ap v ae) z u (ap v ae) z u (ap v ae) g h (aj n s au) ao (A ay B) C s D E ar (ai F (G ao j b n j w ag (m (f l k af H ah ar) (I d (af at (J (K ax) f L t ar al d) y ai b y (M N O P Q R z (g (c ag (S ay at ab) aa f x T (m (r (e p a ar b) av (U V u ap (av (W X Y Z aw a AA ac) f)) AB at b e ak aa af ac ae q ah) v)))))))))
ae o v ax w ap (g a ap (ar aj ag)) (au af) (am ar) au j h z u (ap v ae) z u (ap v ae) z u (ap v ae) z u (ap v ae) g h (aj n s au) ao (A ay B) C s D E ar (ai F (G ao j b n j w ag (m (f l k af H ah ar) (I d (af at (J (K ax) f L t ar al d) y ai b y (M N O P Q R z (g (c ag (S ay at ab) aa f x T (m (r (e p a ar b) av (U V u ap (av (W X Y Z aw a AA ac) f)) AB at b e ak aa af ac ae q ah) v)))))))))
at aq w (w ah ah (m h ao w aq)) (au af) (am ar) au j h z u (ap v ae) z u (ap v ae) z u (ap v ae) z u (ap v ae) g h (aj n s au) ao (A ay B) C s D E ar (ai F (G ao j b n j w ag (m (f l k af H ah ar) (I d (af at (J (K ax) f L t ar al d) y ai b y (M N O P Q R z (g (c ag (S ay at ab) aa f x T (m (r (e p a ar b) av (U V u ap (av (W X Y Z aw a AA ac) f)) AB at b e ak aa af ac ae q ah) v)))))))))
ad aj am x p j v ab ag (am ar) f h z u (ap v ae) z u (ap v ae) z u (ap v ae) z u (ap v ae) g h (aj n s au) ao (A ay B) C s D E ar (ai F (G ao j b n j w ag (m (f l k af H ah ar) (I d (af at (J (K ax) f L t ar al d) y ai b y (M N O P Q R z (g (c ag (S ay at ab) aa f x T (m (r (e p a ar b) av (U V u ap (av (W X Y Z aw a AA ac) f)) AB at b e ak aa af ac ae q ah) v)))))))))
x (w aj (j am ae aa p)) v ab ag (am ar) f h z u (ap v ae) z u (ap v ae) z u (ap v ae) z u (ap v ae) g h (aj n s au) ao (A ay B) C s D E ar (ai F (G ao j b n j w ag (m (f l k af H ah ar) (I d (af at (J (K ax) f L t ar al d) y ai b y (M N O P Q R z (g (c ag (S ay at ab) aa f x T (m (r (e p a ar b) av (U V u ap (av (W X Y Z aw a AA ac) f)) AB at b e ak aa af ac ae q ah) v)))))))))
h ap g ap d (au af) (am ar) au j h z u (ap v ae) z u (ap v ae) z u (ap v ae) z u (ap v ae) z u (ap v ae) g h (aj n s au) ao (A ay B) C s D E ar (ai F (G ao j b n j w ag (m (f l k af H ah ar) (I d (af at (J (K ax) f L t ar al d) y ai b y (M N O P Q R z (g (c ag (S ay at ab) aa f x T (m (r (e p a ar b) av (U V u ap (av (W X Y Z aw a AA ac) f)) AB at b e ak aa af ac ae q ah) v)))))))))
ae o v ax w ap (g a ap (ar aj ag)) (au af) (am ar) au j h z u (ap v ae) z u (ap v ae) z u (ap v ae) z u (ap v ae) z u (ap v ae) g h (aj n s au) ao (A ay B) C s D E ar (ai F (G ao j b n j w ag (m (f l k af H ah ar) (I d (af at (J (K ax) f L t ar al d) y ai b y (M N O P Q R z (g (c ag (S ay at ab) aa f x T (m (r (e p a ar b) av (U V u ap (av (W X Y Z aw a AA ac) f)) AB at b e ak aa af ac ae q ah) v)))))))))
at aq w (w ah ah (m h ao w aq)) (au af) (am ar) au j h z u (ap v ae) z u (ap v ae) z u (ap v ae) z u (ap v ae) z u (ap v ae) g h (aj n s au) ao (A ay B) C s D E ar (ai F (G ao j b n j w ag (m (f l k af H ah ar) (I d (af at (J (K ax) f L t ar al d) y ai b y (M N O P Q R z (g (c ag (S ay at ab) aa f x T (m (r (e p a ar b) av (U V u ap (av (W X Y Z aw a AA ac) f)) AB at b e ak aa af ac ae q ah) v)))))))))
ad aj am x p j v ab ag (am ar) f h z u (ap v ae) z u (ap v ae) z u (ap v ae) z u (ap v ae) z u (ap v ae) g h (aj n s au) ao (A ay B) C s D E ar (ai F (G ao j b n j w ag (m (f l k af H ah ar) (I d (af at (J (K ax) f L t ar al d) y ai b y (M N O P Q R z (g (c ag (S ay at ab) aa f x T (m (r (e p a ar b) av (U V u ap (av (W X Y Z aw a AA ac) f)) AB at b e ak aa af ac ae q ah) v)))))))))
x (w aj (j am ae aa p)) v ab ag (am ar) f h z u (ap v ae) z u (ap v ae) z u (ap v ae) z u (ap v ae) z u (ap v ae) g h (aj n s au) ao (A ay B) C s D E ar (ai F (G ao j b n j w ag (m (f l k af H ah ar) (I d (af at (J (K ax) f L t ar al d) y ai b y (M N O P Q R z (g (c ag (S ay at ab) aa f x T (m (r (e p a ar b) av (U V u ap (av (W X Y Z aw a AA ac) f)) AB at b e ak aa af ac ae q ah) v)))))))))
h ap g ap d (au af) (am ar) au j h z u (ap v ae) z u (ap v ae) z u (ap v ae) z u (ap v ae) z u (ap v ae) z u (ap v ae) g h (aj n s au) ao (A ay B) C s D E ar (ai F (G ao j b n j w ag (m (f l k af H ah ar) (I d (af at (J (K ax) f L t ar al d) y ai b y (M N O P Q R z (g (c ag (S ay at ab) aa f x T (m (r (e p a ar b) av (U V u ap (av (W X Y Z aw a AA ac) f)) AB at b e ak aa af ac ae q ah) v)))))))))
ae o v ax w ap (g a ap (ar aj ag)) (au af) (am ar) au j h z u (ap v ae) z u (ap v ae) z u (ap v ae) z u (ap v ae) z u (ap v ae) z u (ap v ae) g h (aj n s au) ao (A ay B) C s D E ar (ai F (G ao j b n j w ag (m (f l k af H ah ar) (I d (af at (J (K ax) f L t ar al d) y ai b y (M N O P Q R z (g (c ag (S ay at ab) aa f x T (m (r (e p a ar b) av (U V u ap (av (W X Y Z aw a AA ac) f)) AB at b e ak aa af ac ae q ah) v)))))))))
at aq w (w ah ah (m h ao w aq)) (au af) (am ar) au j h z u (ap v ae) z u (ap v ae) z u (ap v ae) z u (ap v ae) z u (ap v ae) z u (ap v ae) g h (aj n s au) ao (A ay B) C s D E ar (ai F (G ao j b n j w ag (m (f l k af H ah ar) (I d (af at (J (K ax) f L t ar al d) y ai b y (M N O P Q R z (g (c ag (S ay at ab) aa f x T (m (r (e p a ar b) av (U V u ap (av (W X Y Z aw a AA ac) f)) AB at b e ak aa af ac ae q ah) v)))))))))


