a af ae = ac d p j (h u)
b = o w (l w h)
c ae = ab ac b l a s (t m r)
d ae ag af = o i q a
e af ae = ae
f ag ae af = g
g af ag ah ae = ae af (q ac u n)
h = g w k ab t
i af ae ag = o
j ae af ah ag = o (i (e ab)) (ag m) af p r c
k = q r b n
l ai ag aj af ae ah = f s p b (ai d w w)
m ae af = ad ae (v ac a ae)
n ae = s ad z (c u s ab) g v t
o af ae = g n ad af
p ae ag af = d
q af ae = ae w
r = j ab j o v x q p
s = t
t ai ae ag af ah = ai x e
u ag af ah ae = x v e q v l m ah j
v = l q ab
w ae ag af = ad (u aa p (ad ag r))
x = f j (aa r p)
y af ag ah ae = aa b
z ae ag af ah = n a (t a aa x)
aa ae af ah ai ag = p b s ae ac k
ab ae ah ai ag af = ad v u q
ac ae = ae ab ae
ad ae = m i
main = p (A (f d s (e s)) n (g (B d (C b c (D (z x E F (G k g (H I (J u d k i) K L s t o (c k (q M) w N (O P Q q R a m w l b (S T j q h) f p) e (U ab (g V (W X i ab t g (b z (o o c Y (j Z i i (b AA a) c r) l)) AB AC c k ad h o m c w) o y))) l) ad AD AE)))))))
------------------------------------------------------------
p (A (f d s (e s)) n (g (B d (C b c (D (z x E F (G k g (H I (J u d k i) K L s t o (c k (q M) w N (O P Q q R a m w l b (S T j q h) f p) e (U ab (g V (W X i ab t g (b z (o o c Y (j Z i i (b AA a) c r) l)) AB AC c k ad h o m c w) o y))) l) ad AD AE)))))))
p (A g n (g (B d (C b c (D (z x E F (G k g (H I (J u d k i) K L s t o (c k (q M) w N (O P Q q R a m w l b (S T j q h) f p) e (U ab (g V (W X i ab t g (b z (o o c Y (j Z i i (b AA a) c r) l)) AB AC c k ad h o m c w) o y))) l) ad AD AE)))))))
p (A g n (g (B d (C (o w (l w h)) c (D (z x E F (G k g (H I (J u d k i) K L s t o (c k (q M) w N (O P Q q R a m w l b (S T j q h) f p) e (U ab (g V (W X i ab t g (b z (o o c Y (j Z i i (b AA a) c r) l)) AB AC c k ad h o m c w) o y))) l) ad AD AE)))))))
p (A g n (g (B d (C (g n ad w) c (D (z x E F (G k g (H I (J u d k i) K L s t o (c k (q M) w N (O P Q q R a m w l b (S T j q h) f p) e (U ab (g V (W X i ab t g (b z (o o c Y (j Z i i (b AA a) c r) l)) AB AC c k ad h o m c w) o y))) l) ad AD AE)))))))
p (A g n (g (B d (C (g n ad w) c (D (n a (t a aa x)))))))
p (A g n (g (B d (C (g n ad w) c (D (s ad z (c u s ab) g v t (t a aa x)))))))
p (A g n (g (B d (C (g n ad w) c (D (t ad z (c u s ab) g v t (t a aa x)))))))
p (A g n (g (B d (C (g n ad w) c (D (ad x e t (t a aa x)))))))
p (A g n (g (B d (C (g n ad w) c (D (m i e t (t a aa x)))))))
p (A g n (g (B d (C (g n ad w) c (D (ad i (v ac a i) t (t a aa x)))))))
p (A g n (g (B d (C (g n ad w) c (D (m i (v ac a i) t (t a aa x)))))))
p (A g n (g (B d (C (g n ad w) c (D (ad i (v ac a i) t (t a aa x)))))))
p (A g n (g (B d (C (g n ad w) c (D (m i (v ac a i) t (t a aa x)))))))
p (A g n (g (B d (C (g n ad w) c (D (ad i (v ac a i) t (t a aa x)))))))
p (A g n (g (B d (C (g n ad w) c (D (m i (v ac a i) t (t a aa x)))))))
p (A g n (g (B d (C (g n ad w) c (D (ad i (v ac a i) t (t a aa x)))))))
p (A g n (g (B d (C (g n ad w) c (D (m i (v ac a i) t (t a aa x)))))))
p (A g n (g (B d (C (g n ad w) c (D (ad i (v ac a i) t (t a aa x)))))))
p (A g n (g (B d (C (g n ad w) c (D (m i (v ac a i) t (t a aa x)))))))
p (A g n (g (B d (C (g n ad w) c (D (ad i (v ac a i) t (t a aa x)))))))
p (A g n (g (B d (C (g n ad w) c (D (m i (v ac a i) t (t a aa x)))))))
p (A g n (g (B d (C (g n ad w) c (D (ad i (v ac a i) t (t a aa x)))))))
p (A g n (g (B d (C (g n ad w) c (D (m i (v ac a i) t (t a aa x)))))))
p (A g n (g (B d (C (g n ad w) c (D (ad i (v ac a i) t (t a aa x)))))))
p (A g n (g (B d (C (g n ad w) c (D (m i (v ac a i) t (t a aa x)))))))
p (A g n (g (B d (C (g n ad w) c (D (ad i (v ac a i) t (t a aa x)))))))
p (A g n (g (B d (C (g n ad w) c (D (m i (v ac a i) t (t a aa x)))))))
p (A g n (g (B d (C (g n ad w) c (D (ad i (v ac a i) t (t a aa x)))))))
p (A g n (g (B d (C (g n ad w) c (D (m i (v ac a i) t (t a aa x)))))))
p (A g n (g (B d (C (g n ad w) c (D (ad i (v ac a i) t (t a aa x)))))))


