a ba bd bc bb az be z aq w (an bc ax (au aq z) z) r ai be
b bd bc be az ba bb aw at m z d i
c ba bb az af al aq ao am d
d ba bb bg bd az bc bf be u au ap ao v o s l h n w aa
e az bd bc ba bf bb be j i (y bf at (n at am ak ax v))
f az be bb bc ba bd au ah ar g ap c t (ag ah q bd av be) p m
g az bb ba bd bc w ap aq ae d (bc ab l (aw aq an) i)
h bd bg az be bf bb ba bc ah r r (bc f (w ab y al y ab j) r ax ax)
i bb bc az bd ba be u ae (ay af (ap (z bd (ax j d ah) q ay c)))
j bd ba bc bb az bf bg be p w af bf bb (c ai af) y ai k be ao bb ap ba
k bd bb ba bc be az bd j an ai i b b ae
l bg bd ba be bb bf az bc az i ap ae az (be u au ak u q) (z at av f)
m az ba aw ap ae (q (a t at az) ae) t au o (n x l aq)
n be bf bd bc az ba bg bb f aa (ba o f) v av (au az ba (v az q) k)
o bc ba bd az bb bg be bf x j d (am am (at ao r z ae))
p az bb ba l i z ab k af f ai f o f g
q ba bc bb az s ap
r az bd bc bb ba w bd ba o s ar av (w al (aq y ao) aq)
s az bb bf be bd bg bc ba aj ag aw aj q (z f bf am m)
t az ba be bf bd bc bb j ae bc ao af f z au av l (z bc (am bc l))
u bb be ba bd az bc bf ar ac ae be (bc (av (d r ao k y ay bd be) av))
v bb az bc ba az (ab an) am p ac k (ad m ao)
w bd ba az bc bb n an az (u an av (ap ah (b al) ba) x ad) ac
x bb bd bf bc ba be bg az aj d r k az f au az (ax be) g f ap v ap
y bc az bf ba bb be bd l a ad z ac (n (ag ak q be (az aw) r at))
z bb az ba bc au ba a r h ai e (m (at (g r ax) ak) m)
aa az bf be bg ba bb bc bd d x ax ay bb bg
ab bb az ba at ay aq a ah bb w az b h s j bb m f m
ac be bb az bg bf bd ba bc av ag (p az) ad bd v (k t) k
ad bg bb ba bf az be bd bc y an h (n (be o (az ai) (al bf (ay am) bg af z av)))
ae bd ba az bc be bf bb aw v aq (bf b g y aj (ar e aw p i t n))
af bf bc bd bb be az ba bg j at x ax w i aw i i aw aa
ag bc ba az bb ap af a az av o
ah bd az bc ba bb aq ai h i a ag ay bc ak al ag am am bd
ai bb bf ba bg bc be az bd m ba g h av q ao bd (u v ac m a ap)
aj bb az ba au bb a f (am at ab ac (aw o ax h w k p) ae)
ak bb bd az bc ba ax aj r v ac ba ap (l ai) ac ao y k an
al az bb ba bf bc be bd bg c v ab p at v (ak ba aa w) af (ai e (ah at)) az
am bb be bc ba az bd be au y ae g f ak (ak e ao ae aq)
an bb be az ba bc bd bd s bb ag ax w t f q (be l aa az p p)
ao az bb be ba bd bc b aa am o l (bb (ba k ag) n j (an ap at b))
ap bd ba bc az bb u q ax au an (aq (h f q at) au) av f
aq ba bc az bb o f (bc f aa (z an an g) v m u (au q bc) aw)
ar bc ba bb az x av ao az bb az al x m a ab bb ba (c bc)
at az ba ba (ap ao (q m ai aw ba (al ba aw)) l z) w az
au bc bb az ba z q az m u az bb ax j al ba
av bd bc bb bf be ba az u x aj (au m) (aj (ar (aq s) (ag ah aa aq w) y v))
aw ba bd bc be bf bb az bg p ah y d at ad w u (e be (i aq aq bf bf s))
ax ba bb az aa (am ak ab s j x) c ap aq
ay bc bb be az ba bd f d (af t a bb av (aw be) k i) al
main s A h B aj ax c (k n n) (C am c r v D E) F G p al m p l ah at H I J K r v (au (aq n) (L am M (ah ae au j j N w (O P ap aa ao Q e ax n (R S T (ae (e t ak U V (aj ay ay ah) j (l f ae ar ap h (W (X c (Y ap) (Z AA ab o aj g o) n ai) p) s) aa) w o) g) at av k) AB m r)))
------------------------------------------------------------
s A h B aj ax c (k n n) (C am c r v D E) F G p al m p l ah at H I J K r v (au (aq n) (L am M (ah ae au j j N w (O P ap aa ao Q e ax n (R S T (ae (e t ak U V (aj ay ay ah) j (l f ae ar ap h (W (X c (Y ap) (Z AA ab o aj g o) n ai) p) s) aa) w o) g) at av k) AB m r)))
aj ag aw aj q (z f B am m) F G p al m p l ah at H I J K r v (au (aq n) (L am M (ah ae au j j N w (O P ap aa ao Q e ax n (R S T (ae (e t ak U V (aj ay ay ah) j (l f ae ar ap h (W (X c (Y ap) (Z AA ab o aj g o) n ai) p) s) aa) w o) g) at av k) AB m r)))
au ag a f (am at ab ac (aw o ax h w k p) ae) q (z f B am m) F G p al m p l ah at H I J K r v (au (aq n) (L am M (ah ae au j j N w (O P ap aa ao Q e ax n (R S T (ae (e t ak U V (aj ay ay ah) j (l f ae ar ap h (W (X c (Y ap) (Z AA ab o aj g o) n ai) p) s) aa) w o) g) at av k) AB m r)))
z q f m u f a ax j al (am at ab ac (aw o ax h w k p) ae) q (z f B am m) F G p al m p l ah at H I J K r v (au (aq n) (L am M (ah ae au j j N w (O P ap aa ao Q e ax n (R S T (ae (e t ak U V (aj ay ay ah) j (l f ae ar ap h (W (X c (Y ap) (Z AA ab o aj g o) n ai) p) s) aa) w o) g) at av k) AB m r)))
au m a r h ai e (m (at (g r ax) ak) m) f a ax j al (am at ab ac (aw o ax h w k p) ae) q (z f B am m) F G p al m p l ah at H I J K r v (au (aq n) (L am M (ah ae au j j N w (O P ap aa ao Q e ax n (R S T (ae (e t ak U V (aj ay ay ah) j (l f ae ar ap h (W (X c (Y ap) (Z AA ab o aj g o) n ai) p) s) aa) w o) g) at av k) AB m r)))
z q r m u r a ax j al h ai e (m (at (g r ax) ak) m) f a ax j al (am at ab ac (aw o ax h w k p) ae) q (z f B am m) F G p al m p l ah at H I J K r v (au (aq n) (L am M (ah ae au j j N w (O P ap aa ao Q e ax n (R S T (ae (e t ak U V (aj ay ay ah) j (l f ae ar ap h (W (X c (Y ap) (Z AA ab o aj g o) n ai) p) s) aa) w o) g) at av k) AB m r)))
au m a r h ai e (m (at (g r ax) ak) m) r a ax j al h ai e (m (at (g r ax) ak) m) f a ax j al (am at ab ac (aw o ax h w k p) ae) q (z f B am m) F G p al m p l ah at H I J K r v (au (aq n) (L am M (ah ae au j j N w (O P ap aa ao Q e ax n (R S T (ae (e t ak U V (aj ay ay ah) j (l f ae ar ap h (W (X c (Y ap) (Z AA ab o aj g o) n ai) p) s) aa) w o) g) at av k) AB m r)))
z q r m u r a ax j al h ai e (m (at (g r ax) ak) m) r a ax j al h ai e (m (at (g r ax) ak) m) f a ax j al (am at ab ac (aw o ax h w k p) ae) q (z f B am m) F G p al m p l ah at H I J K r v (au (aq n) (L am M (ah ae au j j N w (O P ap aa ao Q e ax n (R S T (ae (e t ak U V (aj ay ay ah) j (l f ae ar ap h (W (X c (Y ap) (Z AA ab o aj g o) n ai) p) s) aa) w o) g) at av k) AB m r)))
au m a r h ai e (m (at (g r ax) ak) m) r a ax j al h ai e (m (at (g r ax) ak) m) r a ax j al h ai e (m (at (g r ax) ak) m) f a ax j al (am at ab ac (aw o ax h w k p) ae) q (z f B am m) F G p al m p l ah at H I J K r v (au (aq n) (L am M (ah ae au j j N w (O P ap aa ao Q e ax n (R S T (ae (e t ak U V (aj ay ay ah) j (l f ae ar ap h (W (X c (Y ap) (Z AA ab o aj g o) n ai) p) s) aa) w o) g) at av k) AB m r)))
z q r m u r a ax j al h ai e (m (at (g r ax) ak) m) r a ax j al h ai e (m (at (g r ax) ak) m) r a ax j al h ai e (m (at (g r ax) ak) m) f a ax j al (am at ab ac (aw o ax h w k p) ae) q (z f B am m) F G p al m p l ah at H I J K r v (au (aq n) (L am M (ah ae au j j N w (O P ap aa ao Q e ax n (R S T (ae (e t ak U V (aj ay ay ah) j (l f ae ar ap h (W (X c (Y ap) (Z AA ab o aj g o) n ai) p) s) aa) w o) g) at av k) AB m r)))
au m a r h ai e (m (at (g r ax) ak) m) r a ax j al h ai e (m (at (g r ax) ak) m) r a ax j al h ai e (m (at (g r ax) ak) m) r a ax j al h ai e (m (at (g r ax) ak) m) f a ax j al (am at ab ac (aw o ax h w k p) ae) q (z f B am m) F G p al m p l ah at H I J K r v (au (aq n) (L am M (ah ae au j j N w (O P ap aa ao Q e ax n (R S T (ae (e t ak U V (aj ay ay ah) j (l f ae ar ap h (W (X c (Y ap) (Z AA ab o aj g o) n ai) p) s) aa) w o) g) at av k) AB m r)))
z q r m u r a ax j al h ai e (m (at (g r ax) ak) m) r a ax j al h ai e (m (at (g r ax) ak) m) r a ax j al h ai e (m (at (g r ax) ak) m) r a ax j al h ai e (m (at (g r ax) ak) m) f a ax j al (am at ab ac (aw o ax h w k p) ae) q (z f B am m) F G p al m p l ah at H I J K r v (au (aq n) (L am M (ah ae au j j N w (O P ap aa ao Q e ax n (R S T (ae (e t ak U V (aj ay ay ah) j (l f ae ar ap h (W (X c (Y ap) (Z AA ab o aj g o) n ai) p) s) aa) w o) g) at av k) AB m r)))
au m a r h ai e (m (at (g r ax) ak) m) r a ax j al h ai e (m (at (g r ax) ak) m) r a ax j al h ai e (m (at (g r ax) ak) m) r a ax j al h ai e (m (at (g r ax) ak) m) r a ax j al h ai e (m (at (g r ax) ak) m) f a ax j al (am at ab ac (aw o ax h w k p) ae) q (z f B am m) F G p al m p l ah at H I J K r v (au (aq n) (L am M (ah ae au j j N w (O P ap aa ao Q e ax n (R S T (ae (e t ak U V (aj ay ay ah) j (l f ae ar ap h (W (X c (Y ap) (Z AA ab o aj g o) n ai) p) s) aa) w o) g) at av k) AB m r)))
z q r m u r a ax j al h ai e (m (at (g r ax) ak) m) r a ax j al h ai e (m (at (g r ax) ak) m) r a ax j al h ai e (m (at (g r ax) ak) m) r a ax j al h ai e (m (at (g r ax) ak) m) r a ax j al h ai e (m (at (g r ax) ak) m) f a ax j al (am at ab ac (aw o ax h w k p) ae) q (z f B am m) F G p al m p l ah at H I J K r v (au (aq n) (L am M (ah ae au j j N w (O P ap aa ao Q e ax n (R S T (ae (e t ak U V (aj ay ay ah) j (l f ae ar ap h (W (X c (Y ap) (Z AA ab o aj g o) n ai) p) s) aa) w o) g) at av k) AB m r)))
au m a r h ai e (m (at (g r ax) ak) m) r a ax j al h ai e (m (at (g r ax) ak) m) r a ax j al h ai e (m (at (g r ax) ak) m) r a ax j al h ai e (m (at (g r ax) ak) m) r a ax j al h ai e (m (at (g r ax) ak) m) r a ax j al h ai e (m (at (g r ax) ak) m) f a ax j al (am at ab ac (aw o ax h w k p) ae) q (z f B am m) F G p al m p l ah at H I J K r v (au (aq n) (L am M (ah ae au j j N w (O P ap aa ao Q e ax n (R S T (ae (e t ak U V (aj ay ay ah) j (l f ae ar ap h (W (X c (Y ap) (Z AA ab o aj g o) n ai) p) s) aa) w o) g) at av k) AB m r)))
z q r m u r a ax j al h ai e (m (at (g r ax) ak) m) r a ax j al h ai e (m (at (g r ax) ak) m) r a ax j al h ai e (m (at (g r ax) ak) m) r a ax j al h ai e (m (at (g r ax) ak) m) r a ax j al h ai e (m (at (g r ax) ak) m) r a ax j al h ai e (m (at (g r ax) ak) m) f a ax j al (am at ab ac (aw o ax h w k p) ae) q (z f B am m) F G p al m p l ah at H I J K r v (au (aq n) (L am M (ah ae au j j N w (O P ap aa ao Q e ax n (R S T (ae (e t ak U V (aj ay ay ah) j (l f ae ar ap h (W (X c (Y ap) (Z AA ab o aj g o) n ai) p) s) aa) w o) g) at av k) AB m r)))
au m a r h ai e (m (at (g r ax) ak) m) r a ax j al h ai e (m (at (g r ax) ak) m) r a ax j al h ai e (m (at (g r ax) ak) m) r a ax j al h ai e (m (at (g r ax) ak) m) r a ax j al h ai e (m (at (g r ax) ak) m) r a ax j al h ai e (m (at (g r ax) ak) m) r a ax j al h ai e (m (at (g r ax) ak) m) f a ax j al (am at ab ac (aw o ax h w k p) ae) q (z f B am m) F G p al m p l ah at H I J K r v (au (aq n) (L am M (ah ae au j j N w (O P ap aa ao Q e ax n (R S T (ae (e t ak U V (aj ay ay ah) j (l f ae ar ap h (W (X c (Y ap) (Z AA ab o aj g o) n ai) p) s) aa) w o) g) at av k) AB m r)))
z q r m u r a ax j al h ai e (m (at (g r ax) ak) m) r a ax j al h ai e (m (at (g r ax) ak) m) r a ax j al h ai e (m (at (g r ax) ak) m) r a ax j al h ai e (m (at (g r ax) ak) m) r a ax j al h ai e (m (at (g r ax) ak) m) r a ax j al h ai e (m (at (g r ax) ak) m) r a ax j al h ai e (m (at (g r ax) ak) m) f a ax j al (am at ab ac (aw o ax h w k p) ae) q (z f B am m) F G p al m p l ah at H I J K r v (au (aq n) (L am M (ah ae au j j N w (O P ap aa ao Q e ax n (R S T (ae (e t ak U V (aj ay ay ah) j (l f ae ar ap h (W (X c (Y ap) (Z AA ab o aj g o) n ai) p) s) aa) w o) g) at av k) AB m r)))
au m a r h ai e (m (at (g r ax) ak) m) r a ax j al h ai e (m (at (g r ax) ak) m) r a ax j al h ai e (m (at (g r ax) ak) m) r a ax j al h ai e (m (at (g r ax) ak) m) r a ax j al h ai e (m (at (g r ax) ak) m) r a ax j al h ai e (m (at (g r ax) ak) m) r a ax j al h ai e (m (at (g r ax) ak) m) r a ax j al h ai e (m (at (g r ax) ak) m) f a ax j al (am at ab ac (aw o ax h w k p) ae) q (z f B am m) F G p al m p l ah at H I J K r v (au (aq n) (L am M (ah ae au j j N w (O P ap aa ao Q e ax n (R S T (ae (e t ak U V (aj ay ay ah) j (l f ae ar ap h (W (X c (Y ap) (Z AA ab o aj g o) n ai) p) s) aa) w o) g) at av k) AB m r)))
z q r m u r a ax j al h ai e (m (at (g r ax) ak) m) r a ax j al h ai e (m (at (g r ax) ak) m) r a ax j al h ai e (m (at (g r ax) ak) m) r a ax j al h ai e (m (at (g r ax) ak) m) r a ax j al h ai e (m (at (g r ax) ak) m) r a ax j al h ai e (m (at (g r ax) ak) m) r a ax j al h ai e (m (at (g r ax) ak) m) r a ax j al h ai e (m (at (g r ax) ak) m) f a ax j al (am at ab ac (aw o ax h w k p) ae) q (z f B am m) F G p al m p l ah at H I J K r v (au (aq n) (L am M (ah ae au j j N w (O P ap aa ao Q e ax n (R S T (ae (e t ak U V (aj ay ay ah) j (l f ae ar ap h (W (X c (Y ap) (Z AA ab o aj g o) n ai) p) s) aa) w o) g) at av k) AB m r)))
au m a r h ai e (m (at (g r ax) ak) m) r a ax j al h ai e (m (at (g r ax) ak) m) r a ax j al h ai e (m (at (g r ax) ak) m) r a ax j al h ai e (m (at (g r ax) ak) m) r a ax j al h ai e (m (at (g r ax) ak) m) r a ax j al h ai e (m (at (g r ax) ak) m) r a ax j al h ai e (m (at (g r ax) ak) m) r a ax j al h ai e (m (at (g r ax) ak) m) r a ax j al h ai e (m (at (g r ax) ak) m) f a ax j al (am at ab ac (aw o ax h w k p) ae) q (z f B am m) F G p al m p l ah at H I J K r v (au (aq n) (L am M (ah ae au j j N w (O P ap aa ao Q e ax n (R S T (ae (e t ak U V (aj ay ay ah) j (l f ae ar ap h (W (X c (Y ap) (Z AA ab o aj g o) n ai) p) s) aa) w o) g) at av k) AB m r)))
z q r m u r a ax j al h ai e (m (at (g r ax) ak) m) r a ax j al h ai e (m (at (g r ax) ak) m) r a ax j al h ai e (m (at (g r ax) ak) m) r a ax j al h ai e (m (at (g r ax) ak) m) r a ax j al h ai e (m (at (g r ax) ak) m) r a ax j al h ai e (m (at (g r ax) ak) m) r a ax j al h ai e (m (at (g r ax) ak) m) r a ax j al h ai e (m (at (g r ax) ak) m) r a ax j al h ai e (m (at (g r ax) ak) m) f a ax j al (am at ab ac (aw o ax h w k p) ae) q (z f B am m) F G p al m p l ah at H I J K r v (au (aq n) (L am M (ah ae au j j N w (O P ap aa ao Q e ax n (R S T (ae (e t ak U V (aj ay ay ah) j (l f ae ar ap h (W (X c (Y ap) (Z AA ab o aj g o) n ai) p) s) aa) w o) g) at av k) AB m r)))
au m a r h ai e (m (at (g r ax) ak) m) r a ax j al h ai e (m (at (g r ax) ak) m) r a ax j al h ai e (m (at (g r ax) ak) m) r a ax j al h ai e (m (at (g r ax) ak) m) r a ax j al h ai e (m (at (g r ax) ak) m) r a ax j al h ai e (m (at (g r ax) ak) m) r a ax j al h ai e (m (at (g r ax) ak) m) r a ax j al h ai e (m (at (g r ax) ak) m) r a ax j al h ai e (m (at (g r ax) ak) m) r a ax j al h ai e (m (at (g r ax) ak) m) f a ax j al (am at ab ac (aw o ax h w k p) ae) q (z f B am m) F G p al m p l ah at H I J K r v (au (aq n) (L am M (ah ae au j j N w (O P ap aa ao Q e ax n (R S T (ae (e t ak U V (aj ay ay ah) j (l f ae ar ap h (W (X c (Y ap) (Z AA ab o aj g o) n ai) p) s) aa) w o) g) at av k) AB m r)))
z q r m u r a ax j al h ai e (m (at (g r ax) ak) m) r a ax j al h ai e (m (at (g r ax) ak) m) r a ax j al h ai e (m (at (g r ax) ak) m) r a ax j al h ai e (m (at (g r ax) ak) m) r a ax j al h ai e (m (at (g r ax) ak) m) r a ax j al h ai e (m (at (g r ax) ak) m) r a ax j al h ai e (m (at (g r ax) ak) m) r a ax j al h ai e (m (at (g r ax) ak) m) r a ax j al h ai e (m (at (g r ax) ak) m) r a ax j al h ai e (m (at (g r ax) ak) m) f a ax j al (am at ab ac (aw o ax h w k p) ae) q (z f B am m) F G p al m p l ah at H I J K r v (au (aq n) (L am M (ah ae au j j N w (O P ap aa ao Q e ax n (R S T (ae (e t ak U V (aj ay ay ah) j (l f ae ar ap h (W (X c (Y ap) (Z AA ab o aj g o) n ai) p) s) aa) w o) g) at av k) AB m r)))
au m a r h ai e (m (at (g r ax) ak) m) r a ax j al h ai e (m (at (g r ax) ak) m) r a ax j al h ai e (m (at (g r ax) ak) m) r a ax j al h ai e (m (at (g r ax) ak) m) r a ax j al h ai e (m (at (g r ax) ak) m) r a ax j al h ai e (m (at (g r ax) ak) m) r a ax j al h ai e (m (at (g r ax) ak) m) r a ax j al h ai e (m (at (g r ax) ak) m) r a ax j al h ai e (m (at (g r ax) ak) m) r a ax j al h ai e (m (at (g r ax) ak) m) r a ax j al h ai e (m (at (g r ax) ak) m) f a ax j al (am at ab ac (aw o ax h w k p) ae) q (z f B am m) F G p al m p l ah at H I J K r v (au (aq n) (L am M (ah ae au j j N w (O P ap aa ao Q e ax n (R S T (ae (e t ak U V (aj ay ay ah) j (l f ae ar ap h (W (X c (Y ap) (Z AA ab o aj g o) n ai) p) s) aa) w o) g) at av k) AB m r)))
z q r m u r a ax j al h ai e (m (at (g r ax) ak) m) r a ax j al h ai e (m (at (g r ax) ak) m) r a ax j al h ai e (m (at (g r ax) ak) m) r a ax j al h ai e (m (at (g r ax) ak) m) r a ax j al h ai e (m (at (g r ax) ak) m) r a ax j al h ai e (m (at (g r ax) ak) m) r a ax j al h ai e (m (at (g r ax) ak) m) r a ax j al h ai e (m (at (g r ax) ak) m) r a ax j al h ai e (m (at (g r ax) ak) m) r a ax j al h ai e (m (at (g r ax) ak) m) r a ax j al h ai e (m (at (g r ax) ak) m) f a ax j al (am at ab ac (aw o ax h w k p) ae) q (z f B am m) F G p al m p l ah at H I J K r v (au (aq n) (L am M (ah ae au j j N w (O P ap aa ao Q e ax n (R S T (ae (e t ak U V (aj ay ay ah) j (l f ae ar ap h (W (X c (Y ap) (Z AA ab o aj g o) n ai) p) s) aa) w o) g) at av k) AB m r)))
au m a r h ai e (m (at (g r ax) ak) m) r a ax j al h ai e (m (at (g r ax) ak) m) r a ax j al h ai e (m (at (g r ax) ak) m) r a ax j al h ai e (m (at (g r ax) ak) m) r a ax j al h ai e (m (at (g r ax) ak) m) r a ax j al h ai e (m (at (g r ax) ak) m) r a ax j al h ai e (m (at (g r ax) ak) m) r a ax j al h ai e (m (at (g r ax) ak) m) r a ax j al h ai e (m (at (g r ax) ak) m) r a ax j al h ai e (m (at (g r ax) ak) m) r a ax j al h ai e (m (at (g r ax) ak) m) r a ax j al h ai e (m (at (g r ax) ak) m) f a ax j al (am at ab ac (aw o ax h w k p) ae) q (z f B am m) F G p al m p l ah at H I J K r v (au (aq n) (L am M (ah ae au j j N w (O P ap aa ao Q e ax n (R S T (ae (e t ak U V (aj ay ay ah) j (l f ae ar ap h (W (X c (Y ap) (Z AA ab o aj g o) n ai) p) s) aa) w o) g) at av k) AB m r)))
z q r m u r a ax j al h ai e (m (at (g r ax) ak) m) r a ax j al h ai e (m (at (g r ax) ak) m) r a ax j al h ai e (m (at (g r ax) ak) m) r a ax j al h ai e (m (at (g r ax) ak) m) r a ax j al h ai e (m (at (g r ax) ak) m) r a ax j al h ai e (m (at (g r ax) ak) m) r a ax j al h ai e (m (at (g r ax) ak) m) r a ax j al h ai e (m (at (g r ax) ak) m) r a ax j al h ai e (m (at (g r ax) ak) m) r a ax j al h ai e (m (at (g r ax) ak) m) r a ax j al h ai e (m (at (g r ax) ak) m) r a ax j al h ai e (m (at (g r ax) ak) m) f a ax j al (am at ab ac (aw o ax h w k p) ae) q (z f B am m) F G p al m p l ah at H I J K r v (au (aq n) (L am M (ah ae au j j N w (O P ap aa ao Q e ax n (R S T (ae (e t ak U V (aj ay ay ah) j (l f ae ar ap h (W (X c (Y ap) (Z AA ab o aj g o) n ai) p) s) aa) w o) g) at av k) AB m r)))
au m a r h ai e (m (at (g r ax) ak) m) r a ax j al h ai e (m (at (g r ax) ak) m) r a ax j al h ai e (m (at (g r ax) ak) m) r a ax j al h ai e (m (at (g r ax) ak) m) r a ax j al h ai e (m (at (g r ax) ak) m) r a ax j al h ai e (m (at (g r ax) ak) m) r a ax j al h ai e (m (at (g r ax) ak) m) r a ax j al h ai e (m (at (g r ax) ak) m) r a ax j al h ai e (m (at (g r ax) ak) m) r a ax j al h ai e (m (at (g r ax) ak) m) r a ax j al h ai e (m (at (g r ax) ak) m) r a ax j al h ai e (m (at (g r ax) ak) m) r a ax j al h ai e (m (at (g r ax) ak) m) f a ax j al (am at ab ac (aw o ax h w k p) ae) q (z f B am m) F G p al m p l ah at H I J K r v (au (aq n) (L am M (ah ae au j j N w (O P ap aa ao Q e ax n (R S T (ae (e t ak U V (aj ay ay ah) j (l f ae ar ap h (W (X c (Y ap) (Z AA ab o aj g o) n ai) p) s) aa) w o) g) at av k) AB m r)))
z q r m u r a ax j al h ai e (m (at (g r ax) ak) m) r a ax j al h ai e (m (at (g r ax) ak) m) r a ax j al h ai e (m (at (g r ax) ak) m) r a ax j al h ai e (m (at (g r ax) ak) m) r a ax j al h ai e (m (at (g r ax) ak) m) r a ax j al h ai e (m (at (g r ax) ak) m) r a ax j al h ai e (m (at (g r ax) ak) m) r a ax j al h ai e (m (at (g r ax) ak) m) r a ax j al h ai e (m (at (g r ax) ak) m) r a ax j al h ai e (m (at (g r ax) ak) m) r a ax j al h ai e (m (at (g r ax) ak) m) r a ax j al h ai e (m (at (g r ax) ak) m) r a ax j al h ai e (m (at (g r ax) ak) m) f a ax j al (am at ab ac (aw o ax h w k p) ae) q (z f B am m) F G p al m p l ah at H I J K r v (au (aq n) (L am M (ah ae au j j N w (O P ap aa ao Q e ax n (R S T (ae (e t ak U V (aj ay ay ah) j (l f ae ar ap h (W (X c (Y ap) (Z AA ab o aj g o) n ai) p) s) aa) w o) g) at av k) AB m r)))


