a ba bc bb be az bd = r ak ao d n al (r av az y ap bb y) p g z
b az bc be bd ba bb = ba (af z) z x z ao ax ar h be e ap
c az bc bd bb be ba = ao ak (bc k av (ba bb (ax ab o) (ad f al aw) ao))
d be bd bg ba bb bc az bf = ac z (ag ae ad b h (ab bc c ad)) n
e az be bc bb bd ba = ba ap am t ba bb f ay f aa bc av ar v ar
f ba az be bb bg bf bc bd = bb aa e ad ap e ar bd ba ab (bc j bc t) v ah
g be az bb bc bd ba = s aa av aw k q ac be (m (aq at) c y) bd an f
h ba az bd bb bc = r bb x ai at at x az k (ac n (a aj)) bd g ba
i az bb bc ba = w ao ad ar n c ba (x (ad k ba x h av) ac) w
j az = g (ap ar r ab ap ai) o av
k ba bd az be bf bc bb = m ab ad d u e (q ao g (m ak)) r
l bb az ba bc bd = al z a (w at) ah a ax az ay ba az ao (ar z ak)
m bc bf bg az be ba bb bd = bg g ae ap (be w (bg at)) ba
n bc bd bb be ba az = h u k (j ac) az ab ao ak b (s (at e z af))
o az bc bb ba bd = ac d ar (aw au) au (au ap w t n ao aa bb bd ai)
p bg bb az ba be bd bc bf = bg ar (ac ba f bg aw) (r bb ae) bg aw
q az = s (o ak (ax aa) ar al az (o ao t az))
r az ba = ba ac j (al ba t) q aa (ak s (az u ac ba at s))
s ba bb az bc bd = ar bb g z af ab af (b at) (bb j ae (ar am az ax))
t be az ba bd bb bc bf = ar p (z ao at m ad ba) i ab ba ac ap bd
u az ba = ak ao ai t (e v aa az) aj (ak ab (o aa az ah) y)
v bb az be ba bc bd bf bg = w t (aw ad ax k av ak ad s)
w ba bb bc az = av au v ax (v (aa ab m) ay) ae l ax (aj m) aq bb
x bb az bf bc bd be ba = n av (b (al (o h) (ae ar))) m al ag (p ah)
y ba az bc be bf bd bb bg = j ae an (k z) ai (x r ab ba ag (ax f aq al bg))
z ba bb bc bd az bf be bg = bd s h al (ac (w (bb ar j a) af az))
aa ba bb bd az bc be = h g t ba (v ar be)
ab ba az = q ag x (w j h) u (g ag az ba x u ar)
ac ba bd az bb bc be = q g bb ai a ap
ad bb bf az be bc bd ba = n be p t bb ap (ah a (af bc aj c) at ay y)
ae bd bb bc bf az be ba bg = bf q (j (y aa ag al) a bf aq bg) k af
af bd az bc be ba bb = am aj k au q o (y bb)
ag bd be bb bf ba az bc = l i o t x (at g ac aa (ap (a u af ae aj)) d)
ah ba az bb bd be bc = h az k bd al (ax ak (am t (ar ay l az) q ap) w)
ai bd ba bg az bb bc bf be = aq ab ad n a at e h l r s af bd z q f
aj bd bc bg be bb bf az ba = z ag o bb v b ah n w ar x j az
ak az bf bc be bd ba bb bg = g h ay g
al bf bg ba az bb be bd bc = x (ae e l ai (ba bc m ak z t bg) r)
am az ba bg bb bc bf bd be = ao h bf (r (bc l m s (bd aq al al ah ar)) ab)
an az ba = y (ae au (b d r f ad n))
ao az bb ba = q o bb y s (j (d aw p j ba bb n aw)) c ae
ap az ba bc bd be bf bb = i (y ar) j ar be ae r p h n be (f bd) ab
aq bf az bg ba bc bb bd be = f bb ay d ba be w
ar bb ba az = s (az f e) bb al w x af aq at al
at ba bf bc az be bd bb = s be w (bc ay c) y bd ac r o e t
au az ba = ac az (ae k p (d ax) h az g aa az az z af)
av bc ba az bb = az d aw af d d g ab m
aw bd ba bc bb az = x s (s bb) ah al an w bb c aj af at ag af
ax bc bd be az bf bb bg ba = az ag (w ah bb ar) ad (bg (e b)) j e
ay az be bc bb ba bd = ac bc aj (ag a i ac)
main = A B z C k (f (ai ag n (D ak (z E k) s b F ag (ag G H (av I c w) ad J) c aj aq) (K L (ao ao at z a ae) at M (t n av (t ae)) t f ae u p aq v k) (N l ae x ag i i (ad ah) (r O (P Q ad (n v R n av) at (S (T U V (W ag ah m (o n (m ac ap) X ae) at ac) aw al v aj ay) ad ai at)) av) ap)))
------------------------------------------------------------
A B z C k (f (ai ag n (D ak (z E k) s b F ag (ag G H (av I c w) ad J) c aj aq) (K L (ao ao at z a ae) at M (t n av (t ae)) t f ae u p aq v k) (N l ae x ag i i (ad ah) (r O (P Q ad (n v R n av) at (S (T U V (W ag ah m (o n (m ac ap) X ae) at ac) aw al v aj ay) ad ai at)) av) ap)))
A B z C k (f (ai ag n (D ak (z E k) s b F ag (ag G H (av I c w) ad J) c aj aq) (K L (q o at y s (j (d aw p j z at n aw)) c ae a ae) at M (t n av (t ae)) t f ae u p aq v k) (N l ae x ag i i (ad ah) (r O (P Q ad (n v R n av) at (S (T U V (W ag ah m (o n (m ac ap) X ae) at ac) aw al v aj ay) ad ai at)) av) ap)))
A B z C k (f (ai ag n (D ak (z E k) s b F ag (ag G H (av I c w) ad J) c aj aq) (K L (s (o ak (ax aa) ar al o (o ao t o)) at y s (j (d aw p j z at n aw)) c ae a ae) at M (t n av (t ae)) t f ae u p aq v k) (N l ae x ag i i (ad ah) (r O (P Q ad (n v R n av) at (S (T U V (W ag ah m (o n (m ac ap) X ae) at ac) aw al v aj ay) ad ai at)) av) ap)))
A B z C k (f (ai ag n (D ak (z E k) s b F ag (ag G H (av I c w) ad J) c aj aq) (K L (ar at g z af ab af (b at) (at j ae (ar am y ax)) c ae a ae) at M (t n av (t ae)) t f ae u p aq v k) (N l ae x ag i i (ad ah) (r O (P Q ad (n v R n av) at (S (T U V (W ag ah m (o n (m ac ap) X ae) at ac) aw al v aj ay) ad ai at)) av) ap)))
A B z C k (f (ai ag n (D ak (z E k) s b F ag (ag G H (av I c w) ad J) c aj aq) (K L (s (z f e) at al w x af aq at al af ab af (b at) (at j ae (ar am y ax)) c ae a ae) at M (t n av (t ae)) t f ae u p aq v k) (N l ae x ag i i (ad ah) (r O (P Q ad (n v R n av) at (S (T U V (W ag ah m (o n (m ac ap) X ae) at ac) aw al v aj ay) ad ai at)) av) ap)))
A B z C k (f (ai ag n (D ak (z E k) s b F ag (ag G H (av I c w) ad J) c aj aq) (K L (ar at g z af ab af (b at) (at j ae (ar am al ax)) af aq at al af ab af (b at) (at j ae (ar am y ax)) c ae a ae) at M (t n av (t ae)) t f ae u p aq v k) (N l ae x ag i i (ad ah) (r O (P Q ad (n v R n av) at (S (T U V (W ag ah m (o n (m ac ap) X ae) at ac) aw al v aj ay) ad ai at)) av) ap)))
A B z C k (f (ai ag n (D ak (z E k) s b F ag (ag G H (av I c w) ad J) c aj aq) (K L (s (z f e) at al w x af aq at al af ab af (b at) (at j ae (ar am al ax)) af aq at al af ab af (b at) (at j ae (ar am y ax)) c ae a ae) at M (t n av (t ae)) t f ae u p aq v k) (N l ae x ag i i (ad ah) (r O (P Q ad (n v R n av) at (S (T U V (W ag ah m (o n (m ac ap) X ae) at ac) aw al v aj ay) ad ai at)) av) ap)))
A B z C k (f (ai ag n (D ak (z E k) s b F ag (ag G H (av I c w) ad J) c aj aq) (K L (ar at g z af ab af (b at) (at j ae (ar am al ax)) af aq at al af ab af (b at) (at j ae (ar am al ax)) af aq at al af ab af (b at) (at j ae (ar am y ax)) c ae a ae) at M (t n av (t ae)) t f ae u p aq v k) (N l ae x ag i i (ad ah) (r O (P Q ad (n v R n av) at (S (T U V (W ag ah m (o n (m ac ap) X ae) at ac) aw al v aj ay) ad ai at)) av) ap)))
A B z C k (f (ai ag n (D ak (z E k) s b F ag (ag G H (av I c w) ad J) c aj aq) (K L (s (z f e) at al w x af aq at al af ab af (b at) (at j ae (ar am al ax)) af aq at al af ab af (b at) (at j ae (ar am al ax)) af aq at al af ab af (b at) (at j ae (ar am y ax)) c ae a ae) at M (t n av (t ae)) t f ae u p aq v k) (N l ae x ag i i (ad ah) (r O (P Q ad (n v R n av) at (S (T U V (W ag ah m (o n (m ac ap) X ae) at ac) aw al v aj ay) ad ai at)) av) ap)))
A B z C k (f (ai ag n (D ak (z E k) s b F ag (ag G H (av I c w) ad J) c aj aq) (K L (ar at g z af ab af (b at) (at j ae (ar am al ax)) af aq at al af ab af (b at) (at j ae (ar am al ax)) af aq at al af ab af (b at) (at j ae (ar am al ax)) af aq at al af ab af (b at) (at j ae (ar am y ax)) c ae a ae) at M (t n av (t ae)) t f ae u p aq v k) (N l ae x ag i i (ad ah) (r O (P Q ad (n v R n av) at (S (T U V (W ag ah m (o n (m ac ap) X ae) at ac) aw al v aj ay) ad ai at)) av) ap)))
A B z C k (f (ai ag n (D ak (z E k) s b F ag (ag G H (av I c w) ad J) c aj aq) (K L (s (z f e) at al w x af aq at al af ab af (b at) (at j ae (ar am al ax)) af aq at al af ab af (b at) (at j ae (ar am al ax)) af aq at al af ab af (b at) (at j ae (ar am al ax)) af aq at al af ab af (b at) (at j ae (ar am y ax)) c ae a ae) at M (t n av (t ae)) t f ae u p aq v k) (N l ae x ag i i (ad ah) (r O (P Q ad (n v R n av) at (S (T U V (W ag ah m (o n (m ac ap) X ae) at ac) aw al v aj ay) ad ai at)) av) ap)))
A B z C k (f (ai ag n (D ak (z E k) s b F ag (ag G H (av I c w) ad J) c aj aq) (K L (ar at g z af ab af (b at) (at j ae (ar am al ax)) af aq at al af ab af (b at) (at j ae (ar am al ax)) af aq at al af ab af (b at) (at j ae (ar am al ax)) af aq at al af ab af (b at) (at j ae (ar am al ax)) af aq at al af ab af (b at) (at j ae (ar am y ax)) c ae a ae) at M (t n av (t ae)) t f ae u p aq v k) (N l ae x ag i i (ad ah) (r O (P Q ad (n v R n av) at (S (T U V (W ag ah m (o n (m ac ap) X ae) at ac) aw al v aj ay) ad ai at)) av) ap)))
A B z C k (f (ai ag n (D ak (z E k) s b F ag (ag G H (av I c w) ad J) c aj aq) (K L (s (z f e) at al w x af aq at al af ab af (b at) (at j ae (ar am al ax)) af aq at al af ab af (b at) (at j ae (ar am al ax)) af aq at al af ab af (b at) (at j ae (ar am al ax)) af aq at al af ab af (b at) (at j ae (ar am al ax)) af aq at al af ab af (b at) (at j ae (ar am y ax)) c ae a ae) at M (t n av (t ae)) t f ae u p aq v k) (N l ae x ag i i (ad ah) (r O (P Q ad (n v R n av) at (S (T U V (W ag ah m (o n (m ac ap) X ae) at ac) aw al v aj ay) ad ai at)) av) ap)))
A B z C k (f (ai ag n (D ak (z E k) s b F ag (ag G H (av I c w) ad J) c aj aq) (K L (ar at g z af ab af (b at) (at j ae (ar am al ax)) af aq at al af ab af (b at) (at j ae (ar am al ax)) af aq at al af ab af (b at) (at j ae (ar am al ax)) af aq at al af ab af (b at) (at j ae (ar am al ax)) af aq at al af ab af (b at) (at j ae (ar am al ax)) af aq at al af ab af (b at) (at j ae (ar am y ax)) c ae a ae) at M (t n av (t ae)) t f ae u p aq v k) (N l ae x ag i i (ad ah) (r O (P Q ad (n v R n av) at (S (T U V (W ag ah m (o n (m ac ap) X ae) at ac) aw al v aj ay) ad ai at)) av) ap)))
A B z C k (f (ai ag n (D ak (z E k) s b F ag (ag G H (av I c w) ad J) c aj aq) (K L (s (z f e) at al w x af aq at al af ab af (b at) (at j ae (ar am al ax)) af aq at al af ab af (b at) (at j ae (ar am al ax)) af aq at al af ab af (b at) (at j ae (ar am al ax)) af aq at al af ab af (b at) (at j ae (ar am al ax)) af aq at al af ab af (b at) (at j ae (ar am al ax)) af aq at al af ab af (b at) (at j ae (ar am y ax)) c ae a ae) at M (t n av (t ae)) t f ae u p aq v k) (N l ae x ag i i (ad ah) (r O (P Q ad (n v R n av) at (S (T U V (W ag ah m (o n (m ac ap) X ae) at ac) aw al v aj ay) ad ai at)) av) ap)))
A B z C k (f (ai ag n (D ak (z E k) s b F ag (ag G H (av I c w) ad J) c aj aq) (K L (ar at g z af ab af (b at) (at j ae (ar am al ax)) af aq at al af ab af (b at) (at j ae (ar am al ax)) af aq at al af ab af (b at) (at j ae (ar am al ax)) af aq at al af ab af (b at) (at j ae (ar am al ax)) af aq at al af ab af (b at) (at j ae (ar am al ax)) af aq at al af ab af (b at) (at j ae (ar am al ax)) af aq at al af ab af (b at) (at j ae (ar am y ax)) c ae a ae) at M (t n av (t ae)) t f ae u p aq v k) (N l ae x ag i i (ad ah) (r O (P Q ad (n v R n av) at (S (T U V (W ag ah m (o n (m ac ap) X ae) at ac) aw al v aj ay) ad ai at)) av) ap)))
A B z C k (f (ai ag n (D ak (z E k) s b F ag (ag G H (av I c w) ad J) c aj aq) (K L (s (z f e) at al w x af aq at al af ab af (b at) (at j ae (ar am al ax)) af aq at al af ab af (b at) (at j ae (ar am al ax)) af aq at al af ab af (b at) (at j ae (ar am al ax)) af aq at al af ab af (b at) (at j ae (ar am al ax)) af aq at al af ab af (b at) (at j ae (ar am al ax)) af aq at al af ab af (b at) (at j ae (ar am al ax)) af aq at al af ab af (b at) (at j ae (ar am y ax)) c ae a ae) at M (t n av (t ae)) t f ae u p aq v k) (N l ae x ag i i (ad ah) (r O (P Q ad (n v R n av) at (S (T U V (W ag ah m (o n (m ac ap) X ae) at ac) aw al v aj ay) ad ai at)) av) ap)))
A B z C k (f (ai ag n (D ak (z E k) s b F ag (ag G H (av I c w) ad J) c aj aq) (K L (ar at g z af ab af (b at) (at j ae (ar am al ax)) af aq at al af ab af (b at) (at j ae (ar am al ax)) af aq at al af ab af (b at) (at j ae (ar am al ax)) af aq at al af ab af (b at) (at j ae (ar am al ax)) af aq at al af ab af (b at) (at j ae (ar am al ax)) af aq at al af ab af (b at) (at j ae (ar am al ax)) af aq at al af ab af (b at) (at j ae (ar am al ax)) af aq at al af ab af (b at) (at j ae (ar am y ax)) c ae a ae) at M (t n av (t ae)) t f ae u p aq v k) (N l ae x ag i i (ad ah) (r O (P Q ad (n v R n av) at (S (T U V (W ag ah m (o n (m ac ap) X ae) at ac) aw al v aj ay) ad ai at)) av) ap)))
A B z C k (f (ai ag n (D ak (z E k) s b F ag (ag G H (av I c w) ad J) c aj aq) (K L (s (z f e) at al w x af aq at al af ab af (b at) (at j ae (ar am al ax)) af aq at al af ab af (b at) (at j ae (ar am al ax)) af aq at al af ab af (b at) (at j ae (ar am al ax)) af aq at al af ab af (b at) (at j ae (ar am al ax)) af aq at al af ab af (b at) (at j ae (ar am al ax)) af aq at al af ab af (b at) (at j ae (ar am al ax)) af aq at al af ab af (b at) (at j ae (ar am al ax)) af aq at al af ab af (b at) (at j ae (ar am y ax)) c ae a ae) at M (t n av (t ae)) t f ae u p aq v k) (N l ae x ag i i (ad ah) (r O (P Q ad (n v R n av) at (S (T U V (W ag ah m (o n (m ac ap) X ae) at ac) aw al v aj ay) ad ai at)) av) ap)))
A B z C k (f (ai ag n (D ak (z E k) s b F ag (ag G H (av I c w) ad J) c aj aq) (K L (ar at g z af ab af (b at) (at j ae (ar am al ax)) af aq at al af ab af (b at) (at j ae (ar am al ax)) af aq at al af ab af (b at) (at j ae (ar am al ax)) af aq at al af ab af (b at) (at j ae (ar am al ax)) af aq at al af ab af (b at) (at j ae (ar am al ax)) af aq at al af ab af (b at) (at j ae (ar am al ax)) af aq at al af ab af (b at) (at j ae (ar am al ax)) af aq at al af ab af (b at) (at j ae (ar am al ax)) af aq at al af ab af (b at) (at j ae (ar am y ax)) c ae a ae) at M (t n av (t ae)) t f ae u p aq v k) (N l ae x ag i i (ad ah) (r O (P Q ad (n v R n av) at (S (T U V (W ag ah m (o n (m ac ap) X ae) at ac) aw al v aj ay) ad ai at)) av) ap)))
A B z C k (f (ai ag n (D ak (z E k) s b F ag (ag G H (av I c w) ad J) c aj aq) (K L (s (z f e) at al w x af aq at al af ab af (b at) (at j ae (ar am al ax)) af aq at al af ab af (b at) (at j ae (ar am al ax)) af aq at al af ab af (b at) (at j ae (ar am al ax)) af aq at al af ab af (b at) (at j ae (ar am al ax)) af aq at al af ab af (b at) (at j ae (ar am al ax)) af aq at al af ab af (b at) (at j ae (ar am al ax)) af aq at al af ab af (b at) (at j ae (ar am al ax)) af aq at al af ab af (b at) (at j ae (ar am al ax)) af aq at al af ab af (b at) (at j ae (ar am y ax)) c ae a ae) at M (t n av (t ae)) t f ae u p aq v k) (N l ae x ag i i (ad ah) (r O (P Q ad (n v R n av) at (S (T U V (W ag ah m (o n (m ac ap) X ae) at ac) aw al v aj ay) ad ai at)) av) ap)))
A B z C k (f (ai ag n (D ak (z E k) s b F ag (ag G H (av I c w) ad J) c aj aq) (K L (ar at g z af ab af (b at) (at j ae (ar am al ax)) af aq at al af ab af (b at) (at j ae (ar am al ax)) af aq at al af ab af (b at) (at j ae (ar am al ax)) af aq at al af ab af (b at) (at j ae (ar am al ax)) af aq at al af ab af (b at) (at j ae (ar am al ax)) af aq at al af ab af (b at) (at j ae (ar am al ax)) af aq at al af ab af (b at) (at j ae (ar am al ax)) af aq at al af ab af (b at) (at j ae (ar am al ax)) af aq at al af ab af (b at) (at j ae (ar am al ax)) af aq at al af ab af (b at) (at j ae (ar am y ax)) c ae a ae) at M (t n av (t ae)) t f ae u p aq v k) (N l ae x ag i i (ad ah) (r O (P Q ad (n v R n av) at (S (T U V (W ag ah m (o n (m ac ap) X ae) at ac) aw al v aj ay) ad ai at)) av) ap)))
A B z C k (f (ai ag n (D ak (z E k) s b F ag (ag G H (av I c w) ad J) c aj aq) (K L (s (z f e) at al w x af aq at al af ab af (b at) (at j ae (ar am al ax)) af aq at al af ab af (b at) (at j ae (ar am al ax)) af aq at al af ab af (b at) (at j ae (ar am al ax)) af aq at al af ab af (b at) (at j ae (ar am al ax)) af aq at al af ab af (b at) (at j ae (ar am al ax)) af aq at al af ab af (b at) (at j ae (ar am al ax)) af aq at al af ab af (b at) (at j ae (ar am al ax)) af aq at al af ab af (b at) (at j ae (ar am al ax)) af aq at al af ab af (b at) (at j ae (ar am al ax)) af aq at al af ab af (b at) (at j ae (ar am y ax)) c ae a ae) at M (t n av (t ae)) t f ae u p aq v k) (N l ae x ag i i (ad ah) (r O (P Q ad (n v R n av) at (S (T U V (W ag ah m (o n (m ac ap) X ae) at ac) aw al v aj ay) ad ai at)) av) ap)))
A B z C k (f (ai ag n (D ak (z E k) s b F ag (ag G H (av I c w) ad J) c aj aq) (K L (ar at g z af ab af (b at) (at j ae (ar am al ax)) af aq at al af ab af (b at) (at j ae (ar am al ax)) af aq at al af ab af (b at) (at j ae (ar am al ax)) af aq at al af ab af (b at) (at j ae (ar am al ax)) af aq at al af ab af (b at) (at j ae (ar am al ax)) af aq at al af ab af (b at) (at j ae (ar am al ax)) af aq at al af ab af (b at) (at j ae (ar am al ax)) af aq at al af ab af (b at) (at j ae (ar am al ax)) af aq at al af ab af (b at) (at j ae (ar am al ax)) af aq at al af ab af (b at) (at j ae (ar am al ax)) af aq at al af ab af (b at) (at j ae (ar am y ax)) c ae a ae) at M (t n av (t ae)) t f ae u p aq v k) (N l ae x ag i i (ad ah) (r O (P Q ad (n v R n av) at (S (T U V (W ag ah m (o n (m ac ap) X ae) at ac) aw al v aj ay) ad ai at)) av) ap)))
A B z C k (f (ai ag n (D ak (z E k) s b F ag (ag G H (av I c w) ad J) c aj aq) (K L (s (z f e) at al w x af aq at al af ab af (b at) (at j ae (ar am al ax)) af aq at al af ab af (b at) (at j ae (ar am al ax)) af aq at al af ab af (b at) (at j ae (ar am al ax)) af aq at al af ab af (b at) (at j ae (ar am al ax)) af aq at al af ab af (b at) (at j ae (ar am al ax)) af aq at al af ab af (b at) (at j ae (ar am al ax)) af aq at al af ab af (b at) (at j ae (ar am al ax)) af aq at al af ab af (b at) (at j ae (ar am al ax)) af aq at al af ab af (b at) (at j ae (ar am al ax)) af aq at al af ab af (b at) (at j ae (ar am al ax)) af aq at al af ab af (b at) (at j ae (ar am y ax)) c ae a ae) at M (t n av (t ae)) t f ae u p aq v k) (N l ae x ag i i (ad ah) (r O (P Q ad (n v R n av) at (S (T U V (W ag ah m (o n (m ac ap) X ae) at ac) aw al v aj ay) ad ai at)) av) ap)))
A B z C k (f (ai ag n (D ak (z E k) s b F ag (ag G H (av I c w) ad J) c aj aq) (K L (ar at g z af ab af (b at) (at j ae (ar am al ax)) af aq at al af ab af (b at) (at j ae (ar am al ax)) af aq at al af ab af (b at) (at j ae (ar am al ax)) af aq at al af ab af (b at) (at j ae (ar am al ax)) af aq at al af ab af (b at) (at j ae (ar am al ax)) af aq at al af ab af (b at) (at j ae (ar am al ax)) af aq at al af ab af (b at) (at j ae (ar am al ax)) af aq at al af ab af (b at) (at j ae (ar am al ax)) af aq at al af ab af (b at) (at j ae (ar am al ax)) af aq at al af ab af (b at) (at j ae (ar am al ax)) af aq at al af ab af (b at) (at j ae (ar am al ax)) af aq at al af ab af (b at) (at j ae (ar am y ax)) c ae a ae) at M (t n av (t ae)) t f ae u p aq v k) (N l ae x ag i i (ad ah) (r O (P Q ad (n v R n av) at (S (T U V (W ag ah m (o n (m ac ap) X ae) at ac) aw al v aj ay) ad ai at)) av) ap)))
A B z C k (f (ai ag n (D ak (z E k) s b F ag (ag G H (av I c w) ad J) c aj aq) (K L (s (z f e) at al w x af aq at al af ab af (b at) (at j ae (ar am al ax)) af aq at al af ab af (b at) (at j ae (ar am al ax)) af aq at al af ab af (b at) (at j ae (ar am al ax)) af aq at al af ab af (b at) (at j ae (ar am al ax)) af aq at al af ab af (b at) (at j ae (ar am al ax)) af aq at al af ab af (b at) (at j ae (ar am al ax)) af aq at al af ab af (b at) (at j ae (ar am al ax)) af aq at al af ab af (b at) (at j ae (ar am al ax)) af aq at al af ab af (b at) (at j ae (ar am al ax)) af aq at al af ab af (b at) (at j ae (ar am al ax)) af aq at al af ab af (b at) (at j ae (ar am al ax)) af aq at al af ab af (b at) (at j ae (ar am y ax)) c ae a ae) at M (t n av (t ae)) t f ae u p aq v k) (N l ae x ag i i (ad ah) (r O (P Q ad (n v R n av) at (S (T U V (W ag ah m (o n (m ac ap) X ae) at ac) aw al v aj ay) ad ai at)) av) ap)))
A B z C k (f (ai ag n (D ak (z E k) s b F ag (ag G H (av I c w) ad J) c aj aq) (K L (ar at g z af ab af (b at) (at j ae (ar am al ax)) af aq at al af ab af (b at) (at j ae (ar am al ax)) af aq at al af ab af (b at) (at j ae (ar am al ax)) af aq at al af ab af (b at) (at j ae (ar am al ax)) af aq at al af ab af (b at) (at j ae (ar am al ax)) af aq at al af ab af (b at) (at j ae (ar am al ax)) af aq at al af ab af (b at) (at j ae (ar am al ax)) af aq at al af ab af (b at) (at j ae (ar am al ax)) af aq at al af ab af (b at) (at j ae (ar am al ax)) af aq at al af ab af (b at) (at j ae (ar am al ax)) af aq at al af ab af (b at) (at j ae (ar am al ax)) af aq at al af ab af (b at) (at j ae (ar am al ax)) af aq at al af ab af (b at) (at j ae (ar am y ax)) c ae a ae) at M (t n av (t ae)) t f ae u p aq v k) (N l ae x ag i i (ad ah) (r O (P Q ad (n v R n av) at (S (T U V (W ag ah m (o n (m ac ap) X ae) at ac) aw al v aj ay) ad ai at)) av) ap)))
A B z C k (f (ai ag n (D ak (z E k) s b F ag (ag G H (av I c w) ad J) c aj aq) (K L (s (z f e) at al w x af aq at al af ab af (b at) (at j ae (ar am al ax)) af aq at al af ab af (b at) (at j ae (ar am al ax)) af aq at al af ab af (b at) (at j ae (ar am al ax)) af aq at al af ab af (b at) (at j ae (ar am al ax)) af aq at al af ab af (b at) (at j ae (ar am al ax)) af aq at al af ab af (b at) (at j ae (ar am al ax)) af aq at al af ab af (b at) (at j ae (ar am al ax)) af aq at al af ab af (b at) (at j ae (ar am al ax)) af aq at al af ab af (b at) (at j ae (ar am al ax)) af aq at al af ab af (b at) (at j ae (ar am al ax)) af aq at al af ab af (b at) (at j ae (ar am al ax)) af aq at al af ab af (b at) (at j ae (ar am al ax)) af aq at al af ab af (b at) (at j ae (ar am y ax)) c ae a ae) at M (t n av (t ae)) t f ae u p aq v k) (N l ae x ag i i (ad ah) (r O (P Q ad (n v R n av) at (S (T U V (W ag ah m (o n (m ac ap) X ae) at ac) aw al v aj ay) ad ai at)) av) ap)))
A B z C k (f (ai ag n (D ak (z E k) s b F ag (ag G H (av I c w) ad J) c aj aq) (K L (ar at g z af ab af (b at) (at j ae (ar am al ax)) af aq at al af ab af (b at) (at j ae (ar am al ax)) af aq at al af ab af (b at) (at j ae (ar am al ax)) af aq at al af ab af (b at) (at j ae (ar am al ax)) af aq at al af ab af (b at) (at j ae (ar am al ax)) af aq at al af ab af (b at) (at j ae (ar am al ax)) af aq at al af ab af (b at) (at j ae (ar am al ax)) af aq at al af ab af (b at) (at j ae (ar am al ax)) af aq at al af ab af (b at) (at j ae (ar am al ax)) af aq at al af ab af (b at) (at j ae (ar am al ax)) af aq at al af ab af (b at) (at j ae (ar am al ax)) af aq at al af ab af (b at) (at j ae (ar am al ax)) af aq at al af ab af (b at) (at j ae (ar am al ax)) af aq at al af ab af (b at) (at j ae (ar am y ax)) c ae a ae) at M (t n av (t ae)) t f ae u p aq v k) (N l ae x ag i i (ad ah) (r O (P Q ad (n v R n av) at (S (T U V (W ag ah m (o n (m ac ap) X ae) at ac) aw al v aj ay) ad ai at)) av) ap)))


