a bc az ba be bd bf bb = ad h aq (af d bb ao (n g bb aa af)) t
b bc be bb ba az bf bd = j w h bf u x bc c az am
c az be bf bc ba bg bb bd = aw aj (ah bg bb) b (aw bg am ao an (aa bc)) am p y
d bb bf bd ba be az bg bc = r (ac au (ap (av ai aq ba k) be ae x aq bg) bb) ar
e bf ba az be bb bc bd bg = bc (ah (al m c (s (i ak aj t) v) aw bc r))
f ba az bf bd be bc bg bb = ae aq aq aq ao an n ba d bc v (be ay t)
g bb az bc ba = e i f ap (n z ai aj (az an ad))
h az bb ba = az y bb at k u aq an m
i bd bb bc bg be ba az bf = ae bb (bb (y z (ab bd ab ba t y af)))
j bf bb bc az ba bd be = ac c s bb ak f ar w (ad at) bc ao (ar ad)
k be bb bd ba bf az bc = bb (u (h y) e am) (g ae am)
l az ba bd bc bb = r o ai ag (ac bb (v o at y))
m be bg bf ba bc bd az bb = v be am ag
n bd bb az bc ba = ao ac ao z aw m bc bd ba aj c a bc aq o
o bb ba bc bd az = aq bd an (ab g (ak ai) av i m aq bb az) z ac z
p az bc bb ba = ao av bc am f
q ba az be bd bc bb bf = az z (ba k)
r bd ba bg az bc bb bf be = o (l k al av aj y)
s bf bd bc az ba be bb bg = aa (ae p au (am f af)) ar
t az ba bb bc be bd = af ao bb ac d l v au bd (u be f ag)
u bc ba az bb bd = a i (ap a ak (a (aj bb bb)) aq au ag (bb r aq az))
v be az bd ba bg bc bb bf = ai (s bc av) au (bc ad) u ax (ay (bf aj e) az bg ap)
w ba bd be bf bg az bc bb = av k g b t t aj o f o ab (af l ao u o)
x az bb bd bc be ba = d aj an b ar (aa g az) w (n aj bd ar ad)
y = am q q ac p k x am n (d q)
z be bb az bc ba bd = ax d v ay p bc an (ap s i) d az am ad t k
aa bc bb be bd ba bf az bg = p r aq ao (x bg be z h az ah) j an
ab bb az bc ba bd bf bg be = av ai (d r al c ap) y an (ad az bf q aw ae)
ac bb be bf ba bc bd az = az af be l e am h aw bd av (h at) ar b
ad bb az bc bd be ba = at bd bd af f bc e y r v (n ar)
ae be ba bb bf az bc bd = be (c (ba aq ba am aj ah h an h ay r) ab)
af bb be az bd bc ba = ba ao (au d) az ar be ad (h bb at) aj bd e q n
ag bf ba be bd az bg bb bc = ax (g n av i n)
ah bg be bf az bc bd bb ba = n bg bb (au bb c (ay be) aa m) (h u bg am aq)
ai az bf bb bc be bd ba = aj al ag r ab ah az h
aj ba bc az bd bg bb bf be = m (e n bg (w (ac ab ac w) a (az v)) l f q af)
ak bb bd az be ba bc = a (ay n o r e m) j ai l bb z p ae ag
al ba bc bb az = aq bb an u w r l c a (bb ay ba bb)
am bf az bg ba bc be bd bb = h g bb (k ax)
an ba az = ai ab ah l (c (d t ad)) (at (y w ba) aw w)
ao az bg ba bd bf be bb bc = al v o ai aw ba (t m) (b ac q) ar
ap bc bb az ba bd bf be bg = f r (ad ba bc x) (bg ac (an v av) i) al
aq bc bg bb be bf az ba bd = aj (ao h a r ay j)
ar bf ba bb bg bc az be bd = ao o z bd
at az be bg ba bc bd bb bf = af bf az aj y q b ak (am p bd)
au ba az = t am al t aj y ax ar ba ar ar ay
av bd ba bb az bc = i w (at ba j c) ax bd ay e (w (o aj ai k))
aw ba az = a ap au ak ao az ag c an f (s b ag c n) ap
ax bf az bb ba be bc bg bd = f j bc n (ay v o n) v c h al at ao
ay az bc be bd ba bf bb = x at o av p d (d (az av ab r))
main = ac ar at (A (al ar q n) B (C ah (ay (D E F ae (G q H am s ae v an p h l I y (ay ay) v o ag aa) (J f aw l)) g (p r ax au) g j ab aq ak aq an (K d (x al ag L v q j (at M ag y u ae r z) at)) m) b ar N at (O P Q an) p o (k (ac am y) am a v r y (R b at S h w) T ag U) l) s)
------------------------------------------------------------
ac ar at (A (al ar q n) B (C ah (ay (D E F ae (G q H am s ae v an p h l I y (ay ay) v o ag aa) (J f aw l)) g (p r ax au) g j ab aq ak aq an (K d (x al ag L v q j (at M ag y u ae r z) at)) m) b ar N at (O P Q an) p o (k (ac am y) am a v r y (R b at S h w) T ag U) l) s)
ac ar at (A (al ar q n) B (C ah (x at o av p d (d (D E F ae (G q H am s ae v an p h l I y (ay ay) v o ag aa) (J f aw l) av ab r)) ak aq an (K d (x al ag L v q j (at M ag y u ae r z) at)) m) b ar N at (O P Q an) p o (k (ac am y) am a v r y (R b at S h w) T ag U) l) s)
ac ar at (A (al ar q n) B (C ah (d aj an b ar (aa g at) w (n aj av ar ad) ak aq an (K d (x al ag L v q j (at M ag y u ae r z) at)) m) b ar N at (O P Q an) p o (k (ac am y) am a v r y (R b at S h w) T ag U) l) s)
ac ar at (A (al ar q n) B (C ah (r (ac au (ap (av ai aq ar k) (aa g at) ae x aq (n aj av ar ad)) aj) ar aq an (K d (x al ag L v q j (at M ag y u ae r z) at)) m) b ar N at (O P Q an) p o (k (ac am y) am a v r y (R b at S h w) T ag U) l) s)
ac ar at (A (al ar q n) B (C ah (r (ac au (ap (av ai aq ar k) (aa g at) ae x aq (n aj av ar ad)) aj) ar aq an (K d (d aj an b ar (aa g al) w (n aj L ar ad) (at M ag y u ae r z) at)) m) b ar N at (O P Q an) p o (k (ac am y) am a v r y (R b at S h w) T ag U) l) s)
ac ar at (A (al ar q n) B (C ah (r (ac au (ap (av ai aq ar k) (aa g at) ae x aq (n aj av ar ad)) aj) ar aq an (K d (r (ac au (ap (av ai aq ar k) (aa g al) ae x aq (n aj L ar ad)) aj) ar at)) m) b ar N at (O P Q an) p o (k (ac am y) am a v r y (R b at S h w) T ag U) l) s)
ac ar at (A (al ar q n) B (C ah (r (ac au (ap (av ai aq ar k) (aa g at) ae x aq (n aj av ar ad)) aj) ar aq an (K d (r (ac au (ap (av ai aq ar k) (aa g al) ae x aq (n aj L ar ad)) aj) ar at)) m) b ar N at (O P Q an) p o (am (u (h y) e am) (g ae am) T ag U) l) s)


