a ba az = x o g az ao aj ab p az m b ai w n
b ba bd be bc az bb = s ak ay z ao i (ba ag) aj r r c bd ad l
c ba az = y (ba az aj aw e) f f at r ao ah ao q
d be bd az bc ba bb = ay t i bb (af ap aq) aw
e = g l (j t) ar ag aj k z ao x (ad b n aw)
f az ba bf bd bc bb be bg = at (c (al i)) aa (am (ap ax al bb aj s aq d x i))
g bb be bc az ba bd = aw ba ag w ba ao m i
h az ba = a ba f f f (aq ao w ax)
i bb bc bd ba be az = au (ap (bc aw (l ap az (ah ad (bc at u ar an))) ax k))
j ba bb az = m d x ap (y ar (g s af ak v))
k az = u ak ad am (az av (m q) l (q az ay ab az ag e))
l bc ba bb az = r (r af q s) bb an ar ao ab n
m bd az bb bc be bf bg ba = z ax ao bb (c an af ao (bg af w h) bg ae x)
n az bd bb bc ba = az d am bc ah aj (bc (aa r ae ac ah e t az) v)
o az be bd ba bc bb bf bg = ab at aw e bf y aq aa aj (a a (ay ab) u bc)
p bc bd bb az ba = bd ah (bc t q v) e e av
q bd ba az bc be bb bf = n (v ao (ac (m ap bf k) y be ak aw r bf))
r bb ba az = b ao ao aa m b (ax ap al h ad ad (az k)) ba ar
s az bd bg bf bc ba be bb = af (aj (ab (ay ac bd y ao u)))
t bd ba bc az bb = aq at y (al av ak u ah aj aw)
u bc az bd be bf bb ba = bf a y v i (ad b ah) n b
v az be bd bf bb bg bc ba = ba ab (u aa j aw ah ad az af f i) f ab (x e)
w ba bb az bc bd = q x ar (z az y ba ba)
x bb bd az be bc ba bf bg = u ai v a k
y be bf bd bg ba bb az bc = i at h aj bg v ah
z bb ba be bd bc az = t i a (au ba y (t bc)) q ar ak be
aa bb be bc bd ba az bf = e f e ax (aj aq (bb v b (f be am b v)))
ab az bf bd ba be bg bc bb = af (ap af f az l) j bc ah c aa i ah ah ai v
ac bb bc ba az = u (d h ap) (n (ay ad) s az (j d)) h m
ad bf bd ba bc bb be az = ai k l at au aw al (ay bd)
ae bd bb bc ba az = az k (q (aq ar au af ag x q (ad am a) t) p)
af az ba = ao v l ay ba a e a ba (c d l) p d at n
ag az ba = aa (an o) aq z ab ay ba ak b at at ai i
ah bb az bg bf bd ba bc be = z (ap k n ac) bg (s w) (al (x aw) bb) av (v x aq)
ai bc ba az bb bd = j aj az an t a
aj ba bd az bb bc = f (ai (z ao e i al k)) ao
ak bd bc bg ba bb az bf be = q bg at be av t au e d
al az bc bb ba = m aq q s (ai v (p (r (az bc ay) ah bb d)))
am bc ba az bg bb bd be bf = t ar f a (az v bg aa) bf ae g az aa z o
an = ay at ah w aj ah ac c (m a y q)
ao bc az bd ba bb = aa bc (f v c y (aw af o)) aq
ap az = at aw ay y (al aj c s az l ac) (ab c)
aq bc bd bb ba az be = o r s b (ah aw k) be x (o ay) l ae av k
ar bc bf ba bd be bg bb az = f au au y (ae f) b z (m n ai bc e (ah bf ab))
at az = ac ae j aw (u c az) ak s az (ac av p)
au az ba bb bc = aj c bb ab aj (ak aw) (aw (o t az))
av ba bd be bb az bc = n l f ab y v be t ba ad (ba ay o)
aw az bb bd be ba bc = ay bd (be y) t au be ai ab ai (aq c b ai ay)
ax bb az ba bc = af ab ae o bb m am am s (v n f) ac q n ba
ay az bd bb ba be bc = y z (d bb m (e at au (a bc) r b) aa ah)
main = ah (ar k A (ag (au au q aw ai w o) ae b (B (C m at am x) D (E av F o) o at m (G H I j (J au K au ao ao g (L j x z M af (ay p e (N au af ao ai (am O am P (Q aa r ag t al p u ac R (a au ai (ar S (ao k ak (T ap) n aj b aq m h) (U V W X Y x Z) h o c y ac) AA b AB b u)))))))))))
------------------------------------------------------------
ah (ar k A (ag (au au q aw ai w o) ae b (B (C m at am x) D (E av F o) o at m (G H I j (J au K au ao ao g (L j x z M af (ay p e (N au af ao ai (am O am P (Q aa r ag t al p u ac R (a au ai (ar S (ao k ak (T ap) n aj b aq m h) (U V W X Y x Z) h o c y ac) AA b AB b u)))))))))))
ah (ar k A (aa (an o) aq z ab ay ae ak b at at ai i b (B (C m at am x) D (E av F o) o at m (G H I j (J au K au ao ao g (L j x z M af (ay p e (N au af ao ai (am O am P (Q aa r ag t al p u ac R (a au ai (ar S (ao k ak (T ap) n aj b aq m h) (U V W X Y x Z) h o c y ac) AA b AB b u)))))))))))
ah (ar k A (e f e ax (aj aq (an o v b (f aq am b v))) b at at ai i b (B (C m at am x) D (E av F o) o at m (G H I j (J au K au ao ao g (L j x z M af (ay p e (N au af ao ai (am O am P (Q aa r ag t al p u ac R (a au ai (ar S (ao k ak (T ap) n aj b aq m h) (U V W X Y x Z) h o c y ac) AA b AB b u)))))))))))
ah (ar k A (g l (j t) ar ag aj k z ao x (ad b n aw) f e ax (aj aq (an o v b (f aq am b v))) b at at ai i b (B (C m at am x) D (E av F o) o at m (G H I j (J au K au ao ao g (L j x z M af (ay p e (N au af ao ai (am O am P (Q aa r ag t al p u ac R (a au ai (ar S (ao k ak (T ap) n aj b aq m h) (U V W X Y x Z) h o c y ac) AA b AB b u)))))))))))
ah (ar k A (aw aj ag w aj ao m i z ao x (ad b n aw) f e ax (aj aq (an o v b (f aq am b v))) b at at ai i b (B (C m at am x) D (E av F o) o at m (G H I j (J au K au ao ao g (L j x z M af (ay p e (N au af ao ai (am O am P (Q aa r ag t al p u ac R (a au ai (ar S (ao k ak (T ap) n aj b aq m h) (U V W X Y x Z) h o c y ac) AA b AB b u)))))))))))
ah (ar k A (ay w (aj y) t au aj ai ab ai (aq c b ai ay) i z ao x (ad b n aw) f e ax (aj aq (an o v b (f aq am b v))) b at at ai i b (B (C m at am x) D (E av F o) o at m (G H I j (J au K au ao ao g (L j x z M af (ay p e (N au af ao ai (am O am P (Q aa r ag t al p u ac R (a au ai (ar S (ao k ak (T ap) n aj b aq m h) (U V W X Y x Z) h o c y ac) AA b AB b u)))))))))))
ah (ar k A (y z (d t m (e at au (a ai) r b) aa ah) ab ai (aq c b ai ay) i z ao x (ad b n aw) f e ax (aj aq (an o v b (f aq am b v))) b at at ai i b (B (C m at am x) D (E av F o) o at m (G H I j (J au K au ao ao g (L j x z M af (ay p e (N au af ao ai (am O am P (Q aa r ag t al p u ac R (a au ai (ar S (ao k ak (T ap) n aj b aq m h) (U V W X Y x Z) h o c y ac) AA b AB b u)))))))))))
ah (ar k A (i at h aj ai v ah x (ad b n aw) f e ax (aj aq (an o v b (f aq am b v))) b at at ai i b (B (C m at am x) D (E av F o) o at m (G H I j (J au K au ao ao g (L j x z M af (ay p e (N au af ao ai (am O am P (Q aa r ag t al p u ac R (a au ai (ar S (ao k ak (T ap) n aj b aq m h) (U V W X Y x Z) h o c y ac) AA b AB b u)))))))))))
ah (ar k A (au (ap (h aw (l ap ah (ah ad (h at u ar an))) ax k)) x (ad b n aw) f e ax (aj aq (an o v b (f aq am b v))) b at at ai i b (B (C m at am x) D (E av F o) o at m (G H I j (J au K au ao ao g (L j x z M af (ay p e (N au af ao ai (am O am P (Q aa r ag t al p u ac R (a au ai (ar S (ao k ak (T ap) n aj b aq m h) (U V W X Y x Z) h o c y ac) AA b AB b u)))))))))))
ah (ar k A (aj c (ad b n aw) ab aj (ak aw) (aw (o t (ap (h aw (l ap ah (ah ad (h at u ar an))) ax k)))) e ax (aj aq (an o v b (f aq am b v))) b at at ai i b (B (C m at am x) D (E av F o) o at m (G H I j (J au K au ao ao g (L j x z M af (ay p e (N au af ao ai (am O am P (Q aa r ag t al p u ac R (a au ai (ar S (ao k ak (T ap) n aj b aq m h) (U V W X Y x Z) h o c y ac) AA b AB b u)))))))))))
ah (ar k A (f (ai (z ao e i al k)) ao (aw (o t (ap (h aw (l ap ah (ah ad (h at u ar an))) ax k)))) e ax (aj aq (an o v b (f aq am b v))) b at at ai i b (B (C m at am x) D (E av F o) o at m (G H I j (J au K au ao ao g (L j x z M af (ay p e (N au af ao ai (am O am P (Q aa r ag t al p u ac R (a au ai (ar S (ao k ak (T ap) n aj b aq m h) (U V W X Y x Z) h o c y ac) AA b AB b u)))))))))))
ah (ar k A (at (c (al i)) aa (am (ap ax al (aj aq (an o v b (f aq am b v))) aj s aq d x i)) at ai i b (B (C m at am x) D (E av F o) o at m (G H I j (J au K au ao ao g (L j x z M af (ay p e (N au af ao ai (am O am P (Q aa r ag t al p u ac R (a au ai (ar S (ao k ak (T ap) n aj b aq m h) (U V W X Y x Z) h o c y ac) AA b AB b u)))))))))))
ah (ar k A (ac ae j aw (u c (c (al i))) ak s (c (al i)) (ac av p) aa (am (ap ax al (aj aq (an o v b (f aq am b v))) aj s aq d x i)) at ai i b (B (C m at am x) D (E av F o) o at m (G H I j (J au K au ao ao g (L j x z M af (ay p e (N au af ao ai (am O am P (Q aa r ag t al p u ac R (a au ai (ar S (ao k ak (T ap) n aj b aq m h) (U V W X Y x Z) h o c y ac) AA b AB b u)))))))))))
ah (ar k A (u (d h ap) (n (ay ad) s (u c (c (al i))) (j d)) h m ak s (c (al i)) (ac av p) aa (am (ap ax al (aj aq (an o v b (f aq am b v))) aj s aq d x i)) at ai i b (B (C m at am x) D (E av F o) o at m (G H I j (J au K au ao ao g (L j x z M af (ay p e (N au af ao ai (am O am P (Q aa r ag t al p u ac R (a au ai (ar S (ao k ak (T ap) n aj b aq m h) (U V W X Y x Z) h o c y ac) AA b AB b u)))))))))))
ah (ar k A (ak a y v i (ad b ah) n b (ac av p) aa (am (ap ax al (aj aq (an o v b (f aq am b v))) aj s aq d x i)) at ai i b (B (C m at am x) D (E av F o) o at m (G H I j (J au K au ao ao g (L j x z M af (ay p e (N au af ao ai (am O am P (Q aa r ag t al p u ac R (a au ai (ar S (ao k ak (T ap) n aj b aq m h) (U V W X Y x Z) h o c y ac) AA b AB b u)))))))))))
ah (ar k A (q v at (ac av p) av t au e d aa (am (ap ax al (aj aq (an o v b (f aq am b v))) aj s aq d x i)) at ai i b (B (C m at am x) D (E av F o) o at m (G H I j (J au K au ao ao g (L j x z M af (ay p e (N au af ao ai (am O am P (Q aa r ag t al p u ac R (a au ai (ar S (ao k ak (T ap) n aj b aq m h) (U V W X Y x Z) h o c y ac) AA b AB b u)))))))))))
ah (ar k A (n (v ao (ac (m ap e k) y t ak aw r e)) d aa (am (ap ax al (aj aq (an o v b (f aq am b v))) aj s aq d x i)) at ai i b (B (C m at am x) D (E av F o) o at m (G H I j (J au K au ao ao g (L j x z M af (ay p e (N au af ao ai (am O am P (Q aa r ag t al p u ac R (a au ai (ar S (ao k ak (T ap) n aj b aq m h) (U V W X Y x Z) h o c y ac) AA b AB b u)))))))))))
ah (ar k A (v ao (ac (m ap e k) y t ak aw r e) d am (am (ap ax al (aj aq (an o v b (f aq am b v))) aj s aq d x i)) ah aj (am (ap ax al (aj aq (an o v b (f aq am b v))) aj s aq d x i) (aa r ae ac ah e t (v ao (ac (m ap e k) y t ak aw r e))) v) ai i b (B (C m at am x) D (E av F o) o at m (G H I j (J au K au ao ao g (L j x z M af (ay p e (N au af ao ai (am O am P (Q aa r ag t al p u ac R (a au ai (ar S (ao k ak (T ap) n aj b aq m h) (U V W X Y x Z) h o c y ac) AA b AB b u)))))))))))
ah (ar k A (am (ap ax al (aj aq (an o v b (f aq am b v))) aj s aq d x i) (aa r ae ac ah e t (v ao (ac (m ap e k) y t ak aw r e))) v ab (u aa j aw ah ad ao af f i) f ab (x e) ai i b (B (C m at am x) D (E av F o) o at m (G H I j (J au K au ao ao g (L j x z M af (ay p e (N au af ao ai (am O am P (Q aa r ag t al p u ac R (a au ai (ar S (ao k ak (T ap) n aj b aq m h) (U V W X Y x Z) h o c y ac) AA b AB b u)))))))))))
ah (ar k A (t ar f a (v v ab aa) (x e) ae g v aa z o ai i b (B (C m at am x) D (E av F o) o at m (G H I j (J au K au ao ao g (L j x z M af (ay p e (N au af ao ai (am O am P (Q aa r ag t al p u ac R (a au ai (ar S (ao k ak (T ap) n aj b aq m h) (U V W X Y x Z) h o c y ac) AA b AB b u)))))))))))
ah (ar k A (aq at y (al av ak u ah aj aw) ae g v aa z o ai i b (B (C m at am x) D (E av F o) o at m (G H I j (J au K au ao ao g (L j x z M af (ay p e (N au af ao ai (am O am P (Q aa r ag t al p u ac R (a au ai (ar S (ao k ak (T ap) n aj b aq m h) (U V W X Y x Z) h o c y ac) AA b AB b u)))))))))))
ah (ar k A (o r s b (ah aw k) v x (o ay) l ae av k aa z o ai i b (B (C m at am x) D (E av F o) o at m (G H I j (J au K au ao ao g (L j x z M af (ay p e (N au af ao ai (am O am P (Q aa r ag t al p u ac R (a au ai (ar S (ao k ak (T ap) n aj b aq m h) (U V W X Y x Z) h o c y ac) AA b AB b u)))))))))))
ah (ar k A (ab at aw e (o ay) y aq aa aj (a a (ay ab) u v) ae av k aa z o ai i b (B (C m at am x) D (E av F o) o at m (G H I j (J au K au ao ao g (L j x z M af (ay p e (N au af ao ai (am O am P (Q aa r ag t al p u ac R (a au ai (ar S (ao k ak (T ap) n aj b aq m h) (U V W X Y x Z) h o c y ac) AA b AB b u)))))))))))
ah (ar k A (af (ap af f at l) j aa ah c aa i ah ah ai v (a a (ay ab) u v) ae av k aa z o ai i b (B (C m at am x) D (E av F o) o at m (G H I j (J au K au ao ao g (L j x z M af (ay p e (N au af ao ai (am O am P (Q aa r ag t al p u ac R (a au ai (ar S (ao k ak (T ap) n aj b aq m h) (U V W X Y x Z) h o c y ac) AA b AB b u)))))))))))
ah (ar k A (ao v l ay j a e a j (c d l) p d at n aa ah c aa i ah ah ai v (a a (ay ab) u v) ae av k aa z o ai i b (B (C m at am x) D (E av F o) o at m (G H I j (J au K au ao ao g (L j x z M af (ay p e (N au af ao ai (am O am P (Q aa r ag t al p u ac R (a au ai (ar S (ao k ak (T ap) n aj b aq m h) (U V W X Y x Z) h o c y ac) AA b AB b u)))))))))))
ah (ar k A (aa v (f v c y (aw af o)) aq e a j (c d l) p d at n aa ah c aa i ah ah ai v (a a (ay ab) u v) ae av k aa z o ai i b (B (C m at am x) D (E av F o) o at m (G H I j (J au K au ao ao g (L j x z M af (ay p e (N au af ao ai (am O am P (Q aa r ag t al p u ac R (a au ai (ar S (ao k ak (T ap) n aj b aq m h) (U V W X Y x Z) h o c y ac) AA b AB b u)))))))))))
ah (ar k A (e f e ax (aj aq (v v b (f (f v c y (aw af o)) am b v))) p d at n aa ah c aa i ah ah ai v (a a (ay ab) u v) ae av k aa z o ai i b (B (C m at am x) D (E av F o) o at m (G H I j (J au K au ao ao g (L j x z M af (ay p e (N au af ao ai (am O am P (Q aa r ag t al p u ac R (a au ai (ar S (ao k ak (T ap) n aj b aq m h) (U V W X Y x Z) h o c y ac) AA b AB b u)))))))))))
ah (ar k A (g l (j t) ar ag aj k z ao x (ad b n aw) f e ax (aj aq (v v b (f (f v c y (aw af o)) am b v))) p d at n aa ah c aa i ah ah ai v (a a (ay ab) u v) ae av k aa z o ai i b (B (C m at am x) D (E av F o) o at m (G H I j (J au K au ao ao g (L j x z M af (ay p e (N au af ao ai (am O am P (Q aa r ag t al p u ac R (a au ai (ar S (ao k ak (T ap) n aj b aq m h) (U V W X Y x Z) h o c y ac) AA b AB b u)))))))))))
ah (ar k A (aw aj ag w aj ao m i z ao x (ad b n aw) f e ax (aj aq (v v b (f (f v c y (aw af o)) am b v))) p d at n aa ah c aa i ah ah ai v (a a (ay ab) u v) ae av k aa z o ai i b (B (C m at am x) D (E av F o) o at m (G H I j (J au K au ao ao g (L j x z M af (ay p e (N au af ao ai (am O am P (Q aa r ag t al p u ac R (a au ai (ar S (ao k ak (T ap) n aj b aq m h) (U V W X Y x Z) h o c y ac) AA b AB b u)))))))))))
ah (ar k A (ay w (aj y) t au aj ai ab ai (aq c b ai ay) i z ao x (ad b n aw) f e ax (aj aq (v v b (f (f v c y (aw af o)) am b v))) p d at n aa ah c aa i ah ah ai v (a a (ay ab) u v) ae av k aa z o ai i b (B (C m at am x) D (E av F o) o at m (G H I j (J au K au ao ao g (L j x z M af (ay p e (N au af ao ai (am O am P (Q aa r ag t al p u ac R (a au ai (ar S (ao k ak (T ap) n aj b aq m h) (U V W X Y x Z) h o c y ac) AA b AB b u)))))))))))


