a bd be az bc bb ba n af (bc s)
b bb bf be az bc bg ba bd w u bc c (m t f ap am (o g j ah)) ad bg l
c az ba be bc bf bb bd bg j n (au v bd y h p bf) p (q v) m
d bc ba bb bg be az bf bd v aa aj ag (ay c ba aw ah an) h ba
e az bd ba bc bb f az aj ba (bd bb) (s y)
f az bb ba bc c ae (o z) g d aj aw an i av n at ax ag
g bb bc az bd bf ba be bc (ai (ai (bd ay) o z b at))
h ba az bc bb aw aa af (o av b al m al az ae av ap) an (bc ap)
i ba bc bb az ac v q (r ar bc (ba bb d al (aw n bc b v)))
j ax (ai al) p ad aj u af (o l (ag v aw))
k bc bd ba az be bb an q ak (i ba l m) at ax m (d (an ab y aa ah))
l bb bd be bc ba az av be t ba ac (y v f i au) (d p s)
m bd az bc bb ba bc ax at aw e (c w (i x (f aw (aw n ay ay e))))
n be bd bb az bc ba at ac h aa ai an am az o a ad j aw r ac
o bd az bc ba be bb bf y e (af ar (ah v ay ar) bd) ax (b (v ax ay ao))
p bc bd az ba bb ax (v bc ac bc af q o am)
q bb bc be ba az bf bd bg y g z v f (au a) t r ai (l t) al k e
r az az az z aw aj h
s bd bb ba az bf be bc ab ac ad q n bd p v e an bf
t bb az ba at ak (j an w s) az ay x bb m af
u ba bd bc az bb k bb ai s (s (bc ab (j n c ai at w c b)))
v bc bd bf bg bb az ba be an e aw b ap w d l q u be (ah g)
w az bd ba bc be bb u j av c aq l n (am ab) ad e e t
x az bc ba bb ao bb az ag d ac (u ba) (af (bb ap) c bc)
y ba az bb d (r x) q
z bd bb bc bf az be ba m (bc an at bb ah u a ay) az ac ap m
aa az ba ba e w az d (at f) c ba at
ab bb bf bd az be ba bc bg aj ao aj bd az ag (at (n al au) n) g ao ao
ac ba bf bb az be bd bc ap u v w be (j l)
ad bg bf bb az bd bc be ba bc am d s q a (s bf f) (p ae)
ae bb ba bd az be bc g bd ba p ba bd j h bd d y
af bd bb be bg bc bf az ba an b z m au
ag bc ba bb be bd az bf ai m ao ad x av x (ar h (ba u ao r aj be h))
ah bb bd az ba bc v ap f aa (ax o az) x z w bd ao ap bc aq
ai ba az bc bd bb be be a ak (ae n (s ah d bd e w r k ay al))
aj be az bf bd bc ba bb bc (x ax e) z r f ar ao (d ae aa s)
ak bb ba az am ba (g u) an (ba j)
al ba az bf bc bd be bg bb k ao y be be w (ae be o u u ak (ac ad ae bc))
am ba bf bc bb be bd az az (t aa at)
an bd az bb bc ba be c n i s p (ar bc k ag f)
ao az aa (r b) w ae m (az ak) u az az x q
ap bd bb az ba bc bg bf be bc be ab ai b ay z (av y ax) ad aj ax ah
aq bc bb az bf ba be bd o h ax (bf ad ak (af bf) at aw k x)
ar ba az r (al aj p (ba ad e ac al))
at bd bc bb az ba ad ba (bb n ay) ap a u ar bb bc g e
au bb az bc ba l ah k z
av bd bb az ba be bc ay v ai s au ar am bc bb ac o e
aw ba bf be bb az bd bc bg av (az bd a aa a) g ag c aq (af bc)
ax az bc ba bb ay j au b a (w m al) aa h
ay bc ba bd az bf be bb ai al n (ac n (bd (m u ah g) aq y c af) b)
main ah t A (B f) C b ah l D (E (ap e u g) q) ad j av c au F (G (H a g (I z) J K L l p M (N k e ap (aw y a ai (aj (O g n o u)) c P ag (e au) ae t w Q (z w R (S T (U V (W X ah r al av an) j av r (Y p r an x v Z (ai al q e (x h) ap d) AA AB c) y ai ad) AC AD AE AF z))))))
------------------------------------------------------------
ah t A (B f) C b ah l D (E (ap e u g) q) ad j av c au F (G (H a g (I z) J K L l p M (N k e ap (aw y a ai (aj (O g n o u)) c P ag (e au) ae t w Q (z w R (S T (U V (W X ah r al av an) j av r (Y p r an x v Z (ai al q e (x h) ap d) AA AB c) y ai ad) AC AD AE AF z))))))
v ap f aa (ax o (B f)) x z w A ao ap b aq ah l D (E (ap e u g) q) ad j av c au F (G (H a g (I z) J K L l p M (N k e ap (aw y a ai (aj (O g n o u)) c P ag (e au) ae t w Q (z w R (S T (U V (W X ah r al av an) j av r (Y p r an x v Z (ai al q e (x h) ap d) AA AB c) y ai ad) AC AD AE AF z))))))
an e aw b ap w d l q u A (ah g) ao ap b aq ah l D (E (ap e u g) q) ad j av c au F (G (H a g (I z) J K L l p M (N k e ap (aw y a ai (aj (O g n o u)) c P ag (e au) ae t w Q (z w R (S T (U V (W X ah r al av an) j av r (Y p r an x v Z (ai al q e (x h) ap d) AA AB c) y ai ad) AC AD AE AF z))))))
c n i s p (ar ap k ag f) l q u A (ah g) ao ap b aq ah l D (E (ap e u g) q) ad j av c au F (G (H a g (I z) J K L l p M (N k e ap (aw y a ai (aj (O g n o u)) c P ag (e au) ae t w Q (z w R (S T (U V (W X ah r al av an) j av r (Y p r an x v Z (ai al q e (x h) ap d) AA AB c) y ai ad) AC AD AE AF z))))))
j n (au v q y h p (ar ap k ag f)) p (q v) m A (ah g) ao ap b aq ah l D (E (ap e u g) q) ad j av c au F (G (H a g (I z) J K L l p M (N k e ap (aw y a ai (aj (O g n o u)) c P ag (e au) ae t w Q (z w R (S T (U V (W X ah r al av an) j av r (Y p r an x v Z (ai al q e (x h) ap d) AA AB c) y ai ad) AC AD AE AF z))))))
ax (ai al) p ad aj u af (o l (ag v aw)) n (au v q y h p (ar ap k ag f)) p (q v) m A (ah g) ao ap b aq ah l D (E (ap e u g) q) ad j av c au F (G (H a g (I z) J K L l p M (N k e ap (aw y a ai (aj (O g n o u)) c P ag (e au) ae t w Q (z w R (S T (U V (W X ah r al av an) j av r (Y p r an x v Z (ai al q e (x h) ap d) AA AB c) y ai ad) AC AD AE AF z))))))
ay j au b a (w m al) aa h u af (o l (ag v aw)) n (au v q y h p (ar ap k ag f)) p (q v) m A (ah g) ao ap b aq ah l D (E (ap e u g) q) ad j av c au F (G (H a g (I z) J K L l p M (N k e ap (aw y a ai (aj (O g n o u)) c P ag (e au) ae t w Q (z w R (S T (U V (W X ah r al av an) j av r (Y p r an x v Z (ai al q e (x h) ap d) AA AB c) y ai ad) AC AD AE AF z))))))
ai al n (ac n (b (m u ah g) aq y c af) b) u af (o l (ag v aw)) n (au v q y h p (ar ap k ag f)) p (q v) m A (ah g) ao ap b aq ah l D (E (ap e u g) q) ad j av c au F (G (H a g (I z) J K L l p M (N k e ap (aw y a ai (aj (O g n o u)) c P ag (e au) ae t w Q (z w R (S T (U V (W X ah r al av an) j av r (Y p r an x v Z (ai al q e (x h) ap d) AA AB c) y ai ad) AC AD AE AF z))))))
o l (ag v aw) a ak (ae n (s ah d u e w r k ay al)) n (au v q y h p (ar ap k ag f)) p (q v) m A (ah g) ao ap b aq ah l D (E (ap e u g) q) ad j av c au F (G (H a g (I z) J K L l p M (N k e ap (aw y a ai (aj (O g n o u)) c P ag (e au) ae t w Q (z w R (S T (U V (W X ah r al av an) j av r (Y p r an x v Z (ai al q e (x h) ap d) AA AB c) y ai ad) AC AD AE AF z))))))
y e (af ar (ah v ay ar) l) ax (b (v ax ay ao)) p (q v) m A (ah g) ao ap b aq ah l D (E (ap e u g) q) ad j av c au F (G (H a g (I z) J K L l p M (N k e ap (aw y a ai (aj (O g n o u)) c P ag (e au) ae t w Q (z w R (S T (U V (W X ah r al av an) j av r (Y p r an x v Z (ai al q e (x h) ap d) AA AB c) y ai ad) AC AD AE AF z))))))
d (r x) q (b (v ax ay ao)) p (q v) m A (ah g) ao ap b aq ah l D (E (ap e u g) q) ad j av c au F (G (H a g (I z) J K L l p M (N k e ap (aw y a ai (aj (O g n o u)) c P ag (e au) ae t w Q (z w R (S T (U V (W X ah r al av an) j av r (Y p r an x v Z (ai al q e (x h) ap d) AA AB c) y ai ad) AC AD AE AF z))))))
v aa aj ag (ay c q aw ah an) h q ao ap b aq ah l D (E (ap e u g) q) ad j av c au F (G (H a g (I z) J K L l p M (N k e ap (aw y a ai (aj (O g n o u)) c P ag (e au) ae t w Q (z w R (S T (U V (W X ah r al av an) j av r (Y p r an x v Z (ai al q e (x h) ap d) AA AB c) y ai ad) AC AD AE AF z))))))
an e aw b ap w d l q u ap (ah g) b aq ah l D (E (ap e u g) q) ad j av c au F (G (H a g (I z) J K L l p M (N k e ap (aw y a ai (aj (O g n o u)) c P ag (e au) ae t w Q (z w R (S T (U V (W X ah r al av an) j av r (Y p r an x v Z (ai al q e (x h) ap d) AA AB c) y ai ad) AC AD AE AF z))))))
c n i s p (ar ap k ag f) l q u ap (ah g) b aq ah l D (E (ap e u g) q) ad j av c au F (G (H a g (I z) J K L l p M (N k e ap (aw y a ai (aj (O g n o u)) c P ag (e au) ae t w Q (z w R (S T (U V (W X ah r al av an) j av r (Y p r an x v Z (ai al q e (x h) ap d) AA AB c) y ai ad) AC AD AE AF z))))))
j n (au v q y h p (ar ap k ag f)) p (q v) m ap (ah g) b aq ah l D (E (ap e u g) q) ad j av c au F (G (H a g (I z) J K L l p M (N k e ap (aw y a ai (aj (O g n o u)) c P ag (e au) ae t w Q (z w R (S T (U V (W X ah r al av an) j av r (Y p r an x v Z (ai al q e (x h) ap d) AA AB c) y ai ad) AC AD AE AF z))))))
ax (ai al) p ad aj u af (o l (ag v aw)) n (au v q y h p (ar ap k ag f)) p (q v) m ap (ah g) b aq ah l D (E (ap e u g) q) ad j av c au F (G (H a g (I z) J K L l p M (N k e ap (aw y a ai (aj (O g n o u)) c P ag (e au) ae t w Q (z w R (S T (U V (W X ah r al av an) j av r (Y p r an x v Z (ai al q e (x h) ap d) AA AB c) y ai ad) AC AD AE AF z))))))
ay j au b a (w m al) aa h u af (o l (ag v aw)) n (au v q y h p (ar ap k ag f)) p (q v) m ap (ah g) b aq ah l D (E (ap e u g) q) ad j av c au F (G (H a g (I z) J K L l p M (N k e ap (aw y a ai (aj (O g n o u)) c P ag (e au) ae t w Q (z w R (S T (U V (W X ah r al av an) j av r (Y p r an x v Z (ai al q e (x h) ap d) AA AB c) y ai ad) AC AD AE AF z))))))
ai al n (ac n (b (m u ah g) aq y c af) b) u af (o l (ag v aw)) n (au v q y h p (ar ap k ag f)) p (q v) m ap (ah g) b aq ah l D (E (ap e u g) q) ad j av c au F (G (H a g (I z) J K L l p M (N k e ap (aw y a ai (aj (O g n o u)) c P ag (e au) ae t w Q (z w R (S T (U V (W X ah r al av an) j av r (Y p r an x v Z (ai al q e (x h) ap d) AA AB c) y ai ad) AC AD AE AF z))))))
o l (ag v aw) a ak (ae n (s ah d u e w r k ay al)) n (au v q y h p (ar ap k ag f)) p (q v) m ap (ah g) b aq ah l D (E (ap e u g) q) ad j av c au F (G (H a g (I z) J K L l p M (N k e ap (aw y a ai (aj (O g n o u)) c P ag (e au) ae t w Q (z w R (S T (U V (W X ah r al av an) j av r (Y p r an x v Z (ai al q e (x h) ap d) AA AB c) y ai ad) AC AD AE AF z))))))
y e (af ar (ah v ay ar) l) ax (b (v ax ay ao)) p (q v) m ap (ah g) b aq ah l D (E (ap e u g) q) ad j av c au F (G (H a g (I z) J K L l p M (N k e ap (aw y a ai (aj (O g n o u)) c P ag (e au) ae t w Q (z w R (S T (U V (W X ah r al av an) j av r (Y p r an x v Z (ai al q e (x h) ap d) AA AB c) y ai ad) AC AD AE AF z))))))
d (r x) q (b (v ax ay ao)) p (q v) m ap (ah g) b aq ah l D (E (ap e u g) q) ad j av c au F (G (H a g (I z) J K L l p M (N k e ap (aw y a ai (aj (O g n o u)) c P ag (e au) ae t w Q (z w R (S T (U V (W X ah r al av an) j av r (Y p r an x v Z (ai al q e (x h) ap d) AA AB c) y ai ad) AC AD AE AF z))))))
v aa aj ag (ay c q aw ah an) h q b aq ah l D (E (ap e u g) q) ad j av c au F (G (H a g (I z) J K L l p M (N k e ap (aw y a ai (aj (O g n o u)) c P ag (e au) ae t w Q (z w R (S T (U V (W X ah r al av an) j av r (Y p r an x v Z (ai al q e (x h) ap d) AA AB c) y ai ad) AC AD AE AF z))))))
an e aw b ap w d l q u aq (ah g) ah l D (E (ap e u g) q) ad j av c au F (G (H a g (I z) J K L l p M (N k e ap (aw y a ai (aj (O g n o u)) c P ag (e au) ae t w Q (z w R (S T (U V (W X ah r al av an) j av r (Y p r an x v Z (ai al q e (x h) ap d) AA AB c) y ai ad) AC AD AE AF z))))))
c n i s p (ar ap k ag f) l q u aq (ah g) ah l D (E (ap e u g) q) ad j av c au F (G (H a g (I z) J K L l p M (N k e ap (aw y a ai (aj (O g n o u)) c P ag (e au) ae t w Q (z w R (S T (U V (W X ah r al av an) j av r (Y p r an x v Z (ai al q e (x h) ap d) AA AB c) y ai ad) AC AD AE AF z))))))
j n (au v q y h p (ar ap k ag f)) p (q v) m aq (ah g) ah l D (E (ap e u g) q) ad j av c au F (G (H a g (I z) J K L l p M (N k e ap (aw y a ai (aj (O g n o u)) c P ag (e au) ae t w Q (z w R (S T (U V (W X ah r al av an) j av r (Y p r an x v Z (ai al q e (x h) ap d) AA AB c) y ai ad) AC AD AE AF z))))))
ax (ai al) p ad aj u af (o l (ag v aw)) n (au v q y h p (ar ap k ag f)) p (q v) m aq (ah g) ah l D (E (ap e u g) q) ad j av c au F (G (H a g (I z) J K L l p M (N k e ap (aw y a ai (aj (O g n o u)) c P ag (e au) ae t w Q (z w R (S T (U V (W X ah r al av an) j av r (Y p r an x v Z (ai al q e (x h) ap d) AA AB c) y ai ad) AC AD AE AF z))))))
ay j au b a (w m al) aa h u af (o l (ag v aw)) n (au v q y h p (ar ap k ag f)) p (q v) m aq (ah g) ah l D (E (ap e u g) q) ad j av c au F (G (H a g (I z) J K L l p M (N k e ap (aw y a ai (aj (O g n o u)) c P ag (e au) ae t w Q (z w R (S T (U V (W X ah r al av an) j av r (Y p r an x v Z (ai al q e (x h) ap d) AA AB c) y ai ad) AC AD AE AF z))))))
ai al n (ac n (b (m u ah g) aq y c af) b) u af (o l (ag v aw)) n (au v q y h p (ar ap k ag f)) p (q v) m aq (ah g) ah l D (E (ap e u g) q) ad j av c au F (G (H a g (I z) J K L l p M (N k e ap (aw y a ai (aj (O g n o u)) c P ag (e au) ae t w Q (z w R (S T (U V (W X ah r al av an) j av r (Y p r an x v Z (ai al q e (x h) ap d) AA AB c) y ai ad) AC AD AE AF z))))))
o l (ag v aw) a ak (ae n (s ah d u e w r k ay al)) n (au v q y h p (ar ap k ag f)) p (q v) m aq (ah g) ah l D (E (ap e u g) q) ad j av c au F (G (H a g (I z) J K L l p M (N k e ap (aw y a ai (aj (O g n o u)) c P ag (e au) ae t w Q (z w R (S T (U V (W X ah r al av an) j av r (Y p r an x v Z (ai al q e (x h) ap d) AA AB c) y ai ad) AC AD AE AF z))))))
y e (af ar (ah v ay ar) l) ax (b (v ax ay ao)) p (q v) m aq (ah g) ah l D (E (ap e u g) q) ad j av c au F (G (H a g (I z) J K L l p M (N k e ap (aw y a ai (aj (O g n o u)) c P ag (e au) ae t w Q (z w R (S T (U V (W X ah r al av an) j av r (Y p r an x v Z (ai al q e (x h) ap d) AA AB c) y ai ad) AC AD AE AF z))))))


