a ba bd bb bc az = t ay e ba j ax g d ar at ag u ap
b bb ba az bc = o l ba bb x y (t am m o) al bc az l g an
c bb az ba bc = ao t ae ay (m aq b ap (at bc av) l) m ba ar ab
d ba bb bc az = o ax b t ba (i y) bc b ak p am m o
e bc ba bf bg be bd az bb = l aq (w h) bg ay
f ba bc be bd az bb = af g au ab av al (d j ad) ac z x (g ax)
g az be bd bg ba bc bb bf = ai j al ax bb x v ag ae aj
h bc bd az bb ba = an bb s at ag au at at a av
i ba bb az bf bd be bc = e ar aw (m (ab az)) be (ab (t aq a w) ao c)
j bd bb be az bc ba = p av (aq ah v ar ao (w t bc)) (w z g t) bd ah
k ba az = i (ag ad l x a i ab) (j (s g g al))
l az ba = y az o (b s ba) (j aa ba ao ag v q d ax)
m ba az bb = ba c ba (av ad) o ap (aq bb) g bb w b ah ba
n ba bb az = av aw ag au aq az ac ah ak (ba m m j bb y)
o ba az bb = aj (c ak (i bb ba t j v af ai x))
p bd bb az bc be ba = j al ay av (l ae s bd (ax bb f) ab) au ag d
q az ba bc bb = az (ar w az ae (ai j av (al n ap v) n o) u)
r ba az bb bc = m aq ac au f au ah (ac ah) ay
s bd bc bf ba be az bb = b a ai w q af
t bd bc az ba bb = bc af au r (ah ab e) aq av (v y ao ac ag)
u bf bb bd az bc ba bg be = aa bc s o ay x (bc az b ar au (al be z k) aj)
v ba bd bc be bb bf az = ag bf c ad (aq (y x e)) ar ak o t bd
w ba bf bb bd bc az be = ap m ay x (c y) ab ag v al k
x bc az bd bb ba = w ag (aj g (af ao (ao ae)) l aw)
y bb ba az bc = ag (aw ar o) bb az ai (q ab ah c af l (ag w k))
z bd bf bc be ba bb az = g (y t ap (af at v an ab w be ak l))
aa be bc bd ba bb az = w b o v k b ba v i an ar af m e b
ab be az bd bb ba bf bc = a au (av p (af y af ay ar))
ac bd az bb ba bc = ae aj r az ah az bc (j (ah bd o aa ba))
ad ba az bb bc = ah d an aj l f i am bc ao bc
ae bc ba az bb = ah r e x ac ak aa (ab av b) q a h bc
af bb ba bc bd az = u ac an p y (aj av au) t ao (c e ax l)
ag bb az ba = u bb v u (at (al ac g az w w))
ah bc bb ba az bd be = c p (p q y (ao (q u s o s k)))
ai bb bc ba bd be bf az = at y ak (x (bf w (ad ah (r ax) ap d e a)))
aj az bb ba bc = y aq q (t (u an) v ag)
ak bb ba az bc = j af q ah r aq
al ba bd bg bf az bb bc be = y bd (w bg bd bg d) be ag f h ae e bg ay aj
am bf bc be az bg bb bd ba = aa v ag c ap aq f be k (h av) ba av n aa
an bd bf ba az bb be bc = aw d m c (ap bc (ab bd au ar) be az ao)
ao bc ba bd bb az = k bb u aq m m
ap be az ba bb bd bc = aj bd ab bd n i at ak (i ae (b (bb ba) bc) az) h
aq bb az ba bc = ax al az z av i (s j c bc) ai aa
ar be bd bb ba bc bf az = z i af az (bb k ay r e ah bb) q (o af af)
at bd bb ba az bc = ar ah bc ad (ad ax ah e) x
au bb be az ba bf bd bc = ax bb u e (ad r (e w) e n z bf) aj ag
av ba az bc bd bb = x ab e i t r (bc ba) o
aw bd bf bg bc be ba az bb = e u ab bf t ad (az aa bb av aq)
ax bb az bc bd ba = ao (bc f az aq) c au x bc
ay ba bd az bc bb = ap g k (m k c bd z) l (bd az d)
main = v t A y B (ao (f o) v (ak (aw (C y (D r E h af n ap)) ac) al y au p (F G (H (ar (c I r (J K aj am d ap ab p aa)) f w av o ar) e L i q ae) ag) M)) (ah g) N O (P ay o s (af Q R v t ad) (S ax)) n al o aj (ac b am) (al T af ad (ah (U o k V ah am) c w q d p w)) (l (W z)) h (r q) ay
------------------------------------------------------------
v t A y B (ao (f o) v (ak (aw (C y (D r E h af n ap)) ac) al y au p (F G (H (ar (c I r (J K aj am d ap ab p aa)) f w av o ar) e L i q ae) ag) M)) (ah g) N O (P ay o s (af Q R v t ad) (S ax)) n al o aj (ac b am) (al T af ad (ah (U o k V ah am) c w q d p w)) (l (W z)) h (r q) ay
ag (ah g) c ad (aq (y x e)) ar ak o t A O (P ay o s (af Q R v t ad) (S ax)) n al o aj (ac b am) (al T af ad (ah (U o k V ah am) c w q d p w)) (l (W z)) h (r q) ay
u (ah g) v u (at (al ac g c w w)) (aq (y x e)) ar ak o t A O (P ay o s (af Q R v t ad) (S ax)) n al o aj (ac b am) (al T af ad (ah (U o k V ah am) c w q d p w)) (l (W z)) h (r q) ay
aa (aq (y x e)) s o ay x (aq (y x e) (at (al ac g c w w)) b ar au (al o z k) aj) t A O (P ay o s (af Q R v t ad) (S ax)) n al o aj (ac b am) (al T af ad (ah (U o k V ah am) c w q d p w)) (l (W z)) h (r q) ay
w b o v k b ay v i an ar af m e b t A O (P ay o s (af Q R v t ad) (S ax)) n al o aj (ac b am) (al T af ad (ah (U o k V ah am) c w q d p w)) (l (W z)) h (r q) ay
ap m ay x (c y) ab ag v al k i an ar af m e b t A O (P ay o s (af Q R v t ad) (S ax)) n al o aj (ac b am) (al T af ad (ah (U o k V ah am) c w q d p w)) (l (W z)) h (r q) ay
aj ab ab ab n i at ak (i ae (b (c y x) ag) ay) h v al k i an ar af m e b t A O (P ay o s (af Q R v t ad) (S ax)) n al o aj (ac b am) (al T af ad (ah (U o k V ah am) c w q d p w)) (l (W z)) h (r q) ay
y aq q (t (u an) v ag) i at ak (i ae (b (c y x) ag) ay) h v al k i an ar af m e b t A O (P ay o s (af Q R v t ad) (S ax)) n al o aj (ac b am) (al T af ad (ah (U o k V ah am) c w q d p w)) (l (W z)) h (r q) ay
ag (aw ar o) aq (t (u an) v ag) ai (q ab ah c af l (ag w k)) at ak (i ae (b (c y x) ag) ay) h v al k i an ar af m e b t A O (P ay o s (af Q R v t ad) (S ax)) n al o aj (ac b am) (al T af ad (ah (U o k V ah am) c w q d p w)) (l (W z)) h (r q) ay
u (aw ar o) v u (at (al ac g aq w w)) ai (q ab ah c af l (ag w k)) at ak (i ae (b (c y x) ag) ay) h v al k i an ar af m e b t A O (P ay o s (af Q R v t ad) (S ax)) n al o aj (ac b am) (al T af ad (ah (U o k V ah am) c w q d p w)) (l (W z)) h (r q) ay
aa ai s o ay x (ai (at (al ac g aq w w)) b ar au (al ak z k) aj) (i ae (b (c y x) ag) ay) h v al k i an ar af m e b t A O (P ay o s (af Q R v t ad) (S ax)) n al o aj (ac b am) (al T af ad (ah (U o k V ah am) c w q d p w)) (l (W z)) h (r q) ay
w b o v k b ay v i an ar af m e b (i ae (b (c y x) ag) ay) h v al k i an ar af m e b t A O (P ay o s (af Q R v t ad) (S ax)) n al o aj (ac b am) (al T af ad (ah (U o k V ah am) c w q d p w)) (l (W z)) h (r q) ay
ap m ay x (c y) ab ag v al k i an ar af m e b (i ae (b (c y x) ag) ay) h v al k i an ar af m e b t A O (P ay o s (af Q R v t ad) (S ax)) n al o aj (ac b am) (al T af ad (ah (U o k V ah am) c w q d p w)) (l (W z)) h (r q) ay
aj ab ab ab n i at ak (i ae (b (c y x) ag) ay) h v al k i an ar af m e b (i ae (b (c y x) ag) ay) h v al k i an ar af m e b t A O (P ay o s (af Q R v t ad) (S ax)) n al o aj (ac b am) (al T af ad (ah (U o k V ah am) c w q d p w)) (l (W z)) h (r q) ay
y aq q (t (u an) v ag) i at ak (i ae (b (c y x) ag) ay) h v al k i an ar af m e b (i ae (b (c y x) ag) ay) h v al k i an ar af m e b t A O (P ay o s (af Q R v t ad) (S ax)) n al o aj (ac b am) (al T af ad (ah (U o k V ah am) c w q d p w)) (l (W z)) h (r q) ay
ag (aw ar o) aq (t (u an) v ag) ai (q ab ah c af l (ag w k)) at ak (i ae (b (c y x) ag) ay) h v al k i an ar af m e b (i ae (b (c y x) ag) ay) h v al k i an ar af m e b t A O (P ay o s (af Q R v t ad) (S ax)) n al o aj (ac b am) (al T af ad (ah (U o k V ah am) c w q d p w)) (l (W z)) h (r q) ay
u (aw ar o) v u (at (al ac g aq w w)) ai (q ab ah c af l (ag w k)) at ak (i ae (b (c y x) ag) ay) h v al k i an ar af m e b (i ae (b (c y x) ag) ay) h v al k i an ar af m e b t A O (P ay o s (af Q R v t ad) (S ax)) n al o aj (ac b am) (al T af ad (ah (U o k V ah am) c w q d p w)) (l (W z)) h (r q) ay
aa ai s o ay x (ai (at (al ac g aq w w)) b ar au (al ak z k) aj) (i ae (b (c y x) ag) ay) h v al k i an ar af m e b (i ae (b (c y x) ag) ay) h v al k i an ar af m e b t A O (P ay o s (af Q R v t ad) (S ax)) n al o aj (ac b am) (al T af ad (ah (U o k V ah am) c w q d p w)) (l (W z)) h (r q) ay
w b o v k b ay v i an ar af m e b (i ae (b (c y x) ag) ay) h v al k i an ar af m e b (i ae (b (c y x) ag) ay) h v al k i an ar af m e b t A O (P ay o s (af Q R v t ad) (S ax)) n al o aj (ac b am) (al T af ad (ah (U o k V ah am) c w q d p w)) (l (W z)) h (r q) ay
ap m ay x (c y) ab ag v al k i an ar af m e b (i ae (b (c y x) ag) ay) h v al k i an ar af m e b (i ae (b (c y x) ag) ay) h v al k i an ar af m e b t A O (P ay o s (af Q R v t ad) (S ax)) n al o aj (ac b am) (al T af ad (ah (U o k V ah am) c w q d p w)) (l (W z)) h (r q) ay
aj ab ab ab n i at ak (i ae (b (c y x) ag) ay) h v al k i an ar af m e b (i ae (b (c y x) ag) ay) h v al k i an ar af m e b (i ae (b (c y x) ag) ay) h v al k i an ar af m e b t A O (P ay o s (af Q R v t ad) (S ax)) n al o aj (ac b am) (al T af ad (ah (U o k V ah am) c w q d p w)) (l (W z)) h (r q) ay
y aq q (t (u an) v ag) i at ak (i ae (b (c y x) ag) ay) h v al k i an ar af m e b (i ae (b (c y x) ag) ay) h v al k i an ar af m e b (i ae (b (c y x) ag) ay) h v al k i an ar af m e b t A O (P ay o s (af Q R v t ad) (S ax)) n al o aj (ac b am) (al T af ad (ah (U o k V ah am) c w q d p w)) (l (W z)) h (r q) ay
ag (aw ar o) aq (t (u an) v ag) ai (q ab ah c af l (ag w k)) at ak (i ae (b (c y x) ag) ay) h v al k i an ar af m e b (i ae (b (c y x) ag) ay) h v al k i an ar af m e b (i ae (b (c y x) ag) ay) h v al k i an ar af m e b t A O (P ay o s (af Q R v t ad) (S ax)) n al o aj (ac b am) (al T af ad (ah (U o k V ah am) c w q d p w)) (l (W z)) h (r q) ay
u (aw ar o) v u (at (al ac g aq w w)) ai (q ab ah c af l (ag w k)) at ak (i ae (b (c y x) ag) ay) h v al k i an ar af m e b (i ae (b (c y x) ag) ay) h v al k i an ar af m e b (i ae (b (c y x) ag) ay) h v al k i an ar af m e b t A O (P ay o s (af Q R v t ad) (S ax)) n al o aj (ac b am) (al T af ad (ah (U o k V ah am) c w q d p w)) (l (W z)) h (r q) ay
aa ai s o ay x (ai (at (al ac g aq w w)) b ar au (al ak z k) aj) (i ae (b (c y x) ag) ay) h v al k i an ar af m e b (i ae (b (c y x) ag) ay) h v al k i an ar af m e b (i ae (b (c y x) ag) ay) h v al k i an ar af m e b t A O (P ay o s (af Q R v t ad) (S ax)) n al o aj (ac b am) (al T af ad (ah (U o k V ah am) c w q d p w)) (l (W z)) h (r q) ay
w b o v k b ay v i an ar af m e b (i ae (b (c y x) ag) ay) h v al k i an ar af m e b (i ae (b (c y x) ag) ay) h v al k i an ar af m e b (i ae (b (c y x) ag) ay) h v al k i an ar af m e b t A O (P ay o s (af Q R v t ad) (S ax)) n al o aj (ac b am) (al T af ad (ah (U o k V ah am) c w q d p w)) (l (W z)) h (r q) ay
ap m ay x (c y) ab ag v al k i an ar af m e b (i ae (b (c y x) ag) ay) h v al k i an ar af m e b (i ae (b (c y x) ag) ay) h v al k i an ar af m e b (i ae (b (c y x) ag) ay) h v al k i an ar af m e b t A O (P ay o s (af Q R v t ad) (S ax)) n al o aj (ac b am) (al T af ad (ah (U o k V ah am) c w q d p w)) (l (W z)) h (r q) ay
aj ab ab ab n i at ak (i ae (b (c y x) ag) ay) h v al k i an ar af m e b (i ae (b (c y x) ag) ay) h v al k i an ar af m e b (i ae (b (c y x) ag) ay) h v al k i an ar af m e b (i ae (b (c y x) ag) ay) h v al k i an ar af m e b t A O (P ay o s (af Q R v t ad) (S ax)) n al o aj (ac b am) (al T af ad (ah (U o k V ah am) c w q d p w)) (l (W z)) h (r q) ay
y aq q (t (u an) v ag) i at ak (i ae (b (c y x) ag) ay) h v al k i an ar af m e b (i ae (b (c y x) ag) ay) h v al k i an ar af m e b (i ae (b (c y x) ag) ay) h v al k i an ar af m e b (i ae (b (c y x) ag) ay) h v al k i an ar af m e b t A O (P ay o s (af Q R v t ad) (S ax)) n al o aj (ac b am) (al T af ad (ah (U o k V ah am) c w q d p w)) (l (W z)) h (r q) ay
ag (aw ar o) aq (t (u an) v ag) ai (q ab ah c af l (ag w k)) at ak (i ae (b (c y x) ag) ay) h v al k i an ar af m e b (i ae (b (c y x) ag) ay) h v al k i an ar af m e b (i ae (b (c y x) ag) ay) h v al k i an ar af m e b (i ae (b (c y x) ag) ay) h v al k i an ar af m e b t A O (P ay o s (af Q R v t ad) (S ax)) n al o aj (ac b am) (al T af ad (ah (U o k V ah am) c w q d p w)) (l (W z)) h (r q) ay


