a be ba bb bd az bf bc az ai (aa (v (al (al at i g i) p u ag j at)))
b bc bg bd ba bf az be bb g (m ad) g (g y (af bc s ad aq (al l k) aq))
c bc bb ba az s r w av ae p af bb z at n au ba aw
d ba az bb bc az ak l m k g aa az ag z a ay
e ba az bg bb bf be bc bd ad ae w ap ar (ao m i) d bc av d w l am
f bb az ba ai c ba v o (av ar) bb ai aj az al
g bc be bb az ba bf bd at n (ba ae y (bc av) al ao (ac r) am)
h be bb bd bc az ba au af ao au (ad (d (al ae be au c) e g))
i az bb bc bf ba bd be q z e ae x o af am
j bc ba bb bd be bf az ac ac ab f h u an aw (w r)
k bc ba az bb ai ay b an e ae z f aa l j az
l ba az p az ao aa x aj ba az v r (al (n ba az))
m be az bb bd ba bc bf q e av bb (at be d c) ag w ah ak (v k) bf
n ba az bb az
o az g t q al au az x (c t h az az) s az u g
p be ba bc bb bd az bf aj (ap (an ai t (i n h) l) ar t (be af ac av))
q az ba bf be bc bg bd bb ae r a af g av ai aa bb x ad s
r be bc ba az bd bb u (al b h) z bd a az ab ai l n ba f n ao
s bb az be bf ba bg bc bd bc (bc (k ae t ad)) aj ab ad ar
t az ba bd bc bb am (z i bb q af) e ba bc ae y q u u k
u bb bc bd ba az be ak af (be bc y) (ba g) (y (k av l r n) aw be)
v ba bf bc bd be az bb am e j y n m r j p o
w bd be bb ba bc az bf z t k x ar az (z (ab ba aj) (f (at h i al)))
x bf az be bc bd bb ba q s ad s c
y az ba bb be bd bc f am b (b e) s al t s au
z ba bc az bb aj ab ae ba u aq j t t an ai h ao (o au m)
aa ao ap ai s au ay ae w (ay h) b (ah aw) ap
ab ba bd bc be az bg bf bb ak (t (am af) p l (l bf j ao ah) o)
ac bb bc az ba bd k c (c a) e am y r ad bc aa j ad ax (ao ag)
ad az az c az (aj b) x a ai l f
ae be bf bg bc ba bd az bb bb t ax aa (o u be ak (k (a ar m y bc)))
af az bc ba bb h aq (d ba ao) o
ag bb be bc ba az bd bf p k aw be q aa l (z j ah h ao bc am)
ah bd ba az bb be bc d (ac y am y) (aq ay)
ai bd bf az be bc ba bb p a aa bb (a y ag)
aj bd ba bc bb az d d (aa aq o) (f m ay r) an o v l ay
ak az bc ba bb x c ac aj k (c h) bc an (am v d ba ap ba al)
al bd be az ba bb bc z ak bd ay f av (aw z av v v) (j i be e bb)
am ba az ba (ap s at x al ac r ay e b) r ao ao k
an bb az bc bf bd ba bg be ba r w ag m (aq (g y bb e) (ad af) ao aw)
ao bd bf be az bb ba bg bc z (ak (ac (z m t u am s ay) b) m)
ap bb bf bd be bc ba az bg bg af ax w h c az x aa al m af
aq bb ba be bc az bd ab (af k) i ae
ar az bd bb ba bc al (aw at bd (k u (l ah) u)) j z f a j ad
at az bb ba be bc bd i bc ao aq av (d s al) o n be d ar i
au az ba al b b w w (aa (a s o p) (z z ae t f z))
av bf ba bb bc be bd az u k i g ab o r bb v a ae af
aw az bb ba ba (e h l (ac af ay k ag (ak x x an av ae)) o)
ax az be bc bd bb ba bd w f ao d s bb ah (be aq ae (al ah) ab t)
ay bc bb be bf bd bg ba az ag m j ac l bc (k w (c (al aa) ao ai av))
main r (t aw (A B ao (C u f u ad al h k aw (c n q ab u (b (D aa z) k am) t) e ax c p ai) ai n at ap E al ag y)) e ae (F ag l x ar) an (i y ag aa G ar e q (ar an ab j ah H (I J ax) (K w) L e o am s ag) ao aw a) o d r (M N al) j (t j u (i O av (y w) P s) h ap b) aa Q u ai
------------------------------------------------------------
r (t aw (A B ao (C u f u ad al h k aw (c n q ab u (b (D aa z) k am) t) e ax c p ai) ai n at ap E al ag y)) e ae (F ag l x ar) an (i y ag aa G ar e q (ar an ab j ah H (I J ax) (K w) L e o am s ag) ao aw a) o d r (M N al) j (t j u (i O av (y w) P s) h ap b) aa Q u ai
u (al b h) z an a (F ag l x ar) ab ai l n ae f n ao o d r (M N al) j (t j u (i O av (y w) P s) h ap b) aa Q u ai
ak af (ab z y) (a g) (y (k av l r n) aw ab) ai l n ae f n ao o d r (M N al) j (t j u (i O av (y w) P s) h ap b) aa Q u ai
x c ac aj k (c h) (ab z y) an (am v d (a g) ap (a g) al) ai l n ae f n ao o d r (M N al) j (t j u (i O av (y w) P s) h ap b) aa Q u ai
q s ad s c (am v d (a g) ap (a g) al) ai l n ae f n ao o d r (M N al) j (t j u (i O av (y w) P s) h ap b) aa Q u ai
ae r a af g av ai aa n x ad s ae f n ao o d r (M N al) j (t j u (i O av (y w) P s) h ap b) aa Q u ai
n t ax aa (o u r ak (k (a ar m y g))) x ad s ae f n ao o d r (M N al) j (t j u (i O av (y w) P s) h ap b) aa Q u ai
ax (o u r ak (k (a ar m y g))) x ad s ae f n ao o d r (M N al) j (t j u (i O av (y w) P s) h ap b) aa Q u ai
s w f ao d s ae ah (x aq ae (al ah) ab t) n ao o d r (M N al) j (t j u (i O av (y w) P s) h ap b) aa Q u ai
ah (ah (k ae t ad)) aj ab ad ar n ao o d r (M N al) j (t j u (i O av (y w) P s) h ap b) aa Q u ai
d (ac y am y) (aq ay) ao o d r (M N al) j (t j u (i O av (y w) P s) h ap b) aa Q u ai
aq ay ak l m k g aa (aq ay) ag z a ay d r (M N al) j (t j u (i O av (y w) P s) h ap b) aa Q u ai
ab (af k) i ae aa (aq ay) ag z a ay d r (M N al) j (t j u (i O av (y w) P s) h ap b) aa Q u ai
ak (t (am af) p l (l z j ao ah) o) ay d r (M N al) j (t j u (i O av (y w) P s) h ap b) aa Q u ai
x c ac aj k (c h) ay an (am v d d ap d al) (M N al) j (t j u (i O av (y w) P s) h ap b) aa Q u ai
q s ad s c (am v d d ap d al) (M N al) j (t j u (i O av (y w) P s) h ap b) aa Q u ai
ae r a af g av ai aa (t j u (i O av (y w) P s) h ap b) x ad s aa Q u ai
t j u (i O av (y w) P s) h ap b t ax aa (o u r ak (k (a ar m y g))) x ad s aa Q u ai
am (z i ap q af) e u h ae y q u u k b t ax aa (o u r ak (k (a ar m y g))) x ad s aa Q u ai
z i ap q af (ap s at x al ac r ay e b) r ao ao k u h ae y q u u k b t ax aa (o u r ak (k (a ar m y g))) x ad s aa Q u ai
aj ab ae i u aq j t t an ai h ao (o au m) (ap s at x al ac r ay e b) r ao ao k u h ae y q u u k b t ax aa (o u r ak (k (a ar m y g))) x ad s aa Q u ai
d d (aa aq o) (f m ay r) an o v l ay j t t an ai h ao (o au m) (ap s at x al ac r ay e b) r ao ao k u h ae y q u u k b t ax aa (o u r ak (k (a ar m y g))) x ad s aa Q u ai
aa aq o ak l m k g aa (aa aq o) ag z a ay o v l ay j t t an ai h ao (o au m) (ap s at x al ac r ay e b) r ao ao k u h ae y q u u k b t ax aa (o u r ak (k (a ar m y g))) x ad s aa Q u ai
ao ap ai s au ay ae w (ay h) b (ah aw) ap aq o ak l m k g aa (aa aq o) ag z a ay o v l ay j t t an ai h ao (o au m) (ap s at x al ac r ay e b) r ao ao k u h ae y q u u k b t ax aa (o u r ak (k (a ar m y g))) x ad s aa Q u ai
z (ak (ac (z m t u am s ay) b) m) b (ah aw) ap aq o ak l m k g aa (aa aq o) ag z a ay o v l ay j t t an ai h ao (o au m) (ap s at x al ac r ay e b) r ao ao k u h ae y q u u k b t ax aa (o u r ak (k (a ar m y g))) x ad s aa Q u ai
aj ab ae (ak (ac (z m t u am s ay) b) m) u aq j t t an ai h ao (o au m) aq o ak l m k g aa (aa aq o) ag z a ay o v l ay j t t an ai h ao (o au m) (ap s at x al ac r ay e b) r ao ao k u h ae y q u u k b t ax aa (o u r ak (k (a ar m y g))) x ad s aa Q u ai
d d (aa aq o) (f m ay r) an o v l ay j t t an ai h ao (o au m) aq o ak l m k g aa (aa aq o) ag z a ay o v l ay j t t an ai h ao (o au m) (ap s at x al ac r ay e b) r ao ao k u h ae y q u u k b t ax aa (o u r ak (k (a ar m y g))) x ad s aa Q u ai
aa aq o ak l m k g aa (aa aq o) ag z a ay o v l ay j t t an ai h ao (o au m) aq o ak l m k g aa (aa aq o) ag z a ay o v l ay j t t an ai h ao (o au m) (ap s at x al ac r ay e b) r ao ao k u h ae y q u u k b t ax aa (o u r ak (k (a ar m y g))) x ad s aa Q u ai
ao ap ai s au ay ae w (ay h) b (ah aw) ap aq o ak l m k g aa (aa aq o) ag z a ay o v l ay j t t an ai h ao (o au m) aq o ak l m k g aa (aa aq o) ag z a ay o v l ay j t t an ai h ao (o au m) (ap s at x al ac r ay e b) r ao ao k u h ae y q u u k b t ax aa (o u r ak (k (a ar m y g))) x ad s aa Q u ai
z (ak (ac (z m t u am s ay) b) m) b (ah aw) ap aq o ak l m k g aa (aa aq o) ag z a ay o v l ay j t t an ai h ao (o au m) aq o ak l m k g aa (aa aq o) ag z a ay o v l ay j t t an ai h ao (o au m) (ap s at x al ac r ay e b) r ao ao k u h ae y q u u k b t ax aa (o u r ak (k (a ar m y g))) x ad s aa Q u ai


