a be bb ba az bd bf bc bf d ap bc (ba bc n x aj h o)
b bb ba az al az al l r h x ab aa u ao ax
c bc bg bb be bf az bd ba f (q e e bb ak)
d az af p ap af ai az ao aq l r (f c)
e bb bc bd az ba t af v (aj s an (m (t al (ac am u ao c au ab))))
f ba bb az ao (y (n (ba ax e aw az r av ax)))
g bb ba az ac ak ae j at ah bb (q ac u (r (ar t) ad al) av)
h ba bb az bd bc az (w (ba (i ap q (ac aq az ba) aq i ay)))
i ba bb bf bc bd az be bg al (t n h z z ax) q p bc c a
j az az (v ap (al c ap az (an al q)) ay ah q az)
k ba bb be bd az bg bf bc ai x p g ab (f a j) (b r (ay ae ak aa ad))
l az ba be bd bf bc bg bb t (s (m ae az bd ak ay) ag p (g k) g v) ai
m bb ba az n (y bb) z y (t s) ai u z al bb ba
n ba az bc be bb bf bd aj bf (al ar u) m ba ak z
o bb ba bd bc az z w s al r j aj d z af q ar ba bc
p bb bd bf be ba az bc bg bb q (at a al y (az (a (al ai)) (ad bg ay) l v))
q ba bc bb az bd be at n an u ag
r az bd ba bc be bb bf ae f (aq ad ak al) bd bd z w (an an bc b aw)
s bd bb bf az ba be bc o ao be g t bd a ag (d u r) u l
t ba bb be az bc bd h ag (f ad aw v w) bd (h ay p (av ag aq))
u be bd az bb ba bc h c (bb an (b i e an))
v bc ba az bb bd j aq ap ax (i ap f (x (aq i a av) z))
w bc ba be bf bb az bd q n (ac au k aj) at ad (be k o bf ac) e ag a
x az bc ba bb be bd aa k u (v ac)
y bd ba az bc be bb g z a w ah aj w d am
z bd ba bb az be bc al k an q (e (k ax f) bc ab i)
aa az be ba bg bf bb bd bc ba d ah v bg ae (y ad (bd z) x aj aw)
ab bc bb bd az ba an ai o ag j a s ay l j az (am u g)
ac az bb ba bc be bd q ay ae ad bc al i
ad bf bc bd ba bb az be x y i am ah ag ai g ax q ai aq e n
ae be ba bd bb bc az bf am ao (bf aq u m (aq m am (x u a d) af ak r))
af bb bc az ba ab (ac p aj) an ax (at (ay g a ba) q aw)
ag bb ba az ao al e
ah az bd bc ba bb ai v z j p (aq bc an) ac
ai az ba bb bc y bb (bb (f (ad ao ba) (r av u)) p) ba
aj az bd be bc ba bb aw c e ax l ah bc y bb am (bb (c an ar u))
ak ba bc az bb ab i o e a h a y w az (c b) (d r)
al bd az bb bc ba be ac (aa z) ay av ax r x e ad
am az ag j u g az p az az (az j h a h w)
an be az ba bb bf bd bc ae u aj be f ay w au ac
ao ba az bb ba (t n (t ax e (aw r y m t)))
ap az bb ba aa o q (aq ax k ar ba (e ac ax m))
aq be bg bb bd bc az bf ba al ac (aj ah)
ar bd bb bc az be ba ah u bc bc i am az (ad bb aa (ay ah m b))
at be bd az ba bc bf bb am av t w aa aa n f ao al bf o bf c
au bb bc be ba az bf bd ab u ao c f s x
av ba bb bd be az bc aw a au u af bb al e (ag c bb) af aw (ap l) aw
aw bb az be ba bd bc bf bd ac ba ax (a bf) m w at k
ax az bc bb bd ba ar ab (ah (ao p am) b) ak ah
ay ba bb az bc bd ai am az ax z k ai av
main A aq ap (at aa m (B aa (C (D f) (ao v E f (ah F c v af (G H (an ag I) J aw K (L (u aj m l M N ah (O P (Q R ac ag ah b v ax S ax e T (r U V W (x (v (h X u) av Y (Z AA f (i x ae g) AB aj AC) a ap) (ap q (AD y) s g (af av s AE v f AF ah AG ak)) ah ai an) ak v ac o aa ar w aw)))))))))))
------------------------------------------------------------
A aq ap (at aa m (B aa (C (D f) (ao v E f (ah F c v af (G H (an ag I) J aw K (L (u aj m l M N ah (O P (Q R ac ag ah b v ax S ax e T (r U V W (x (v (h X u) av Y (Z AA f (i x ae g) AB aj AC) a ap) (ap q (AD y) s g (af av s AE v f AF ah AG ak)) ah ai an) ak v ac o aa ar w aw)))))))))))
A aq ap (at aa m (B aa (C (D f) (v (t n (t ax e (aw r y m t))) (ah F c v af (G H (an ag I) J aw K (L (u aj m l M N ah (O P (Q R ac ag ah b v ax S ax e T (r U V W (x (v (h X u) av Y (Z AA f (i x ae g) AB aj AC) a ap) (ap q (AD y) s g (af av s AE v f AF ah AG ak)) ah ai an) ak v ac o aa ar w aw)))))))))))
A aq ap (at aa m (B aa (C (D f) (v (t n (t ax e (aw r y m t))) (ai v z j p (aq v an) ac)))))
A aq ap (at aa m (B aa (C (D f) (v (t n (t ax e (aw r y m t))) (y j (j (f (ad ao z) (r av u)) p) z (aq v an) ac)))))
A aq ap (at aa m (B aa (C (D f) (v (t n (t ax e (aw r y m t))) (y j (f (ad ao z) (r av u) (v ap (al c ap (f (ad ao z) (r av u)) (an al q)) ay ah q (f (ad ao z) (r av u))) p) z (aq v an) ac)))))
A aq ap (at aa m (B aa (C (D f) (v (t n (t ax e (aw r y m t))) (y j (ao (y (n (ad ao z ax e aw (v ap (al c ap (f (ad ao z) (r av u)) (an al q)) ay ah q (f (ad ao z) (r av u))) r av ax))) p) z (aq v an) ac)))))
A aq ap (at aa m (B aa (C (D f) (v (t n (t ax e (aw r y m t))) (y j (ao (y (n (x y i am ah ag ai g ax q ai aq e n av ax))) p) z (aq v an) ac)))))
A aq ap (at aa m (B aa (C (D f) (v (t n (t ax e (aw r y m t))) (y j (ao (y (n (aa k u (v ac) g ax q ai aq e n av ax))) p) z (aq v an) ac)))))
A aq ap (at aa m (B aa (C (D f) (v (t n (t ax e (aw r y m t))) (y j (ao (y (n (v ac d ah v g ae (y ad (ai z) x aj aw) e n av ax))) p) z (aq v an) ac)))))
A aq ap (at aa m (B aa (C (D f) (v (t n (t ax e (aw r y m t))) (y j (ao (y (n (j aq ap ax (i ap f (x (aq i a av) z)) ae (y ad (ai z) x aj aw) e n av ax))) p) z (aq v an) ac)))))
A aq ap (at aa m (B aa (C (D f) (v (t n (t ax e (aw r y m t))) (y j (ao (y (n (aq (v ap (al c ap aq (an al q)) ay ah q aq) ap ax (i ap f (x (aq i a av) z)) ae (y ad (ai z) x aj aw) e n av ax))) p) z (aq v an) ac)))))
A aq ap (at aa m (B aa (C (D f) (v (t n (t ax e (aw r y m t))) (y j (ao (y (n (al ac (aj ah) av ax))) p) z (aq v an) ac)))))


