a bb az ba ay (bb aa ap al au bb p q p ax ba)
b az bc ba bb q ah (ae z ao)
c be ba az bb bd bc bf ax ai y ae n az q ak (ao ai a ap ay s y) s
d bc bb az ba a ae (f b r) (bb ar (ab ag av (ba ax e) ak))
e be az bg bb bf bd bc ba ai ag (k (ay af l (ax w s be ae ae ba)))
f bc be bd az ba bb ai ar ai ay l be bb o (v k) y
g az ba bb ap aa a s ba bb u
h az aq (ag az aj aa z ac)
i az ba bc bb bd aa k (s bc) c q aq az p ba (l n (k am) az) bc
j bb be bc bd bf ba az aq (o ax at (h an bf) bf bd)
k bc ba be az bf bg bb bd n q f q ak bd (ay (ah aw af l d v aa e))
l az ba bb bc ba i ae bc y az bc ax am m o aw ba r t ad
m bb bf bc az bd bg ba be ba ay ae (i s ar aj ay aw b be z z)
n bb be bc az bf bd ba bg bb bc b a (w v ah p) (av ax ab bg ba)
o az bc ba bb z m x (u (g ak) ap am (ao v at) j p) ae az
p ba az bd bc bb b ae aa
q az ba bb an (am (ae h) i (ba x aa c v r))
r ba be bc bf az bd bb f a (i bb (ao (ba (aj (d az) s ah) av ad) al h) ba)
s bc bf be bb az bg bd ba ba bg ba ak av t az aw ah g m e bf x ah ad
t be az bb bd bc ba af ap bb be (a (aq m c d ab x au ab ay aq))
u az bb bd bf ba be bc ay at i ae be (ba bf ax y n i ay) aa s d f
v ba az s ba af ak ak (a k ai (aa ah t)) ax a aq
w bb bc bd az ba o (am bd av y r ae av)
x az ai (az (l t) (u (r (d aj d u ae))))
y az k az o g az g u
z bc bb az ba az ai (aq ao) s (aw (au ac (c af ab an g i am)))
aa be az ba bc bb bd aw (d (ai w k aj (d ag (n x h)) ah ap am r) h)
ab ba bb az av k (g (ao ad an p f (e az a ae bb)))
ac ba bb az k j bb (q am d)
ad bf bg bb az ba bc be bd bc bg be ax ac av (aq aa k) x
ae ba az bc bb h y (p ac ba al bb p ar) at l k a ac s a
af az bb ba bf bd be bc ak al t bc al bd s ac bd ba ab ax al (aq au)
ag bf ba az bg bc bb be bd m bb ah ax (ae z q bc) ba u
ah bb be az bd bf ba bc i ak z (p az (u an) q (aa u ag ae i x x))
ai az be bb bd bc ba ad ay ba g ar aq (ae ak ag j af ae ag be)
aj ba bc bf bd az bg bb be ah o j ab an au ax ao ak b aw i i ak ah
ak ba bc be az bd bb v av be h v l x j h an g ae c an (ba s)
al bd az bc bb ba v t p ao d a r at i l (bd y p t)
am bf bg az bb be bd bc ba aj (ap f aa) (c p ap) aq r (bb x) x c
an bb az bc ba a ae ba ak (aj ba g (bc (au aq ar r f af ai)))
ao bd az be bb ba bc af aw p be ar ak (ba b (b w s) q)
ap az ba bf bd bc bb be e ac v (ar s x j) (u o r x u) (f g ad)
aq bf ba bd be bb az bc l n w ba ad k ae be (ba be al) x a
ar ba az bb u ba (an ag) aw x aj
at az bf bg be ba bb bd bc h aj (ba ag ak az (an v ae bf) be) ai ah ap
au az bb ba bd be bf bc d t p k x i (aw ao af f am)
av bd bc be az ba bb i h v au (be (m bd d o ap bd ap)) ad
aw bc bf az bb bd bg be ba bf bd h aj ai ai at (s y) bb be ak an
ax bd bf bb ba az bc be ar aw aq be ak af b
ay be bd bf bc az bb ba k an (q ah (ad ao b b ak (af ba r ba)) t)
main ak at A u x p i B s C (ax f (D E am F (G d H I (l J d K (L M (z t ab (N r d) ak w (u x (O (P Q ab R ak (q f a g an ad ab ad) (S T ai al ao at (U l j aa x)) af (ar (ae au) at ae aw (V w m (aa (au (g k ah (ao am W)) ao q s) v ao f) an) j s y) X l w Y g Z b AA) e AB AC))))))))
------------------------------------------------------------
ak at A u x p i B s C (ax f (D E am F (G d H I (l J d K (L M (z t ab (N r d) ak w (u x (O (P Q ab R ak (q f a g an ad ab ad) (S T ai al ao at (U l j aa x)) af (ar (ae au) at ae aw (V w m (aa (au (g k ah (ao am W)) ao q s) v ao f) an) j s y) X l w Y g Z b AA) e AB AC))))))))
v av u h v l x j h an g ae c an (at s) B s C (ax f (D E am F (G d H I (l J d K (L M (z t ab (N r d) ak w (u x (O (P Q ab R ak (q f a g an ad ab ad) (S T ai al ao at (U l j aa x)) af (ar (ae au) at ae aw (V w m (aa (au (g k ah (ao am W)) ao q s) v ao f) an) j s y) X l w Y g Z b AA) e AB AC))))))))
s av af ak ak (a k ai (aa ah t)) ax a aq h v l x j h an g ae c an (at s) B s C (ax f (D E am F (G d H I (l J d K (L M (z t ab (N r d) ak w (u x (O (P Q ab R ak (q f a g an ad ab ad) (S T ai al ao at (U l j aa x)) af (ar (ae au) at ae aw (V w m (aa (au (g k ah (ao am W)) ao q s) v ao f) an) j s y) X l w Y g Z b AA) e AB AC))))))))
aq ax aq ak av t (a k ai (aa ah t)) aw ah g m e af x ah ad h v l x j h an g ae c an (at s) B s C (ax f (D E am F (G d H I (l J d K (L M (z t ab (N r d) ak w (u x (O (P Q ab R ak (q f a g an ad ab ad) (S T ai al ao at (U l j aa x)) af (ar (ae au) at ae aw (V w m (aa (au (g k ah (ao am W)) ao q s) v ao f) an) j s y) X l w Y g Z b AA) e AB AC))))))))
l n w aq ad k ae av (aq av al) x a ah g m e af x ah ad h v l x j h an g ae c an (at s) B s C (ax f (D E am F (G d H I (l J d K (L M (z t ab (N r d) ak w (u x (O (P Q ab R ak (q f a g an ad ab ad) (S T ai al ao at (U l j aa x)) af (ar (ae au) at ae aw (V w m (aa (au (g k ah (ao am W)) ao q s) v ao f) an) j s y) X l w Y g Z b AA) e AB AC))))))))
w i ae ad y n ad ax am m o aw w r t ad k ae av (aq av al) x a ah g m e af x ah ad h v l x j h an g ae c an (at s) B s C (ax f (D E am F (G d H I (l J d K (L M (z t ab (N r d) ak w (u x (O (P Q ab R ak (q f a g an ad ab ad) (S T ai al ao at (U l j aa x)) af (ar (ae au) at ae aw (V w m (aa (au (g k ah (ao am W)) ao q s) v ao f) an) j s y) X l w Y g Z b AA) e AB AC))))))))
o (am ad av y r ae av) ad ax am m o aw w r t ad k ae av (aq av al) x a ah g m e af x ah ad h v l x j h an g ae c an (at s) B s C (ax f (D E am F (G d H I (l J d K (L M (z t ab (N r d) ak w (u x (O (P Q ab R ak (q f a g an ad ab ad) (S T ai al ao at (U l j aa x)) af (ar (ae au) at ae aw (V w m (aa (au (g k ah (ao am W)) ao q s) v ao f) an) j s y) X l w Y g Z b AA) e AB AC))))))))
z m x (u (g ak) ap am (ao v at) j p) ae (am ad av y r ae av) m o aw w r t ad k ae av (aq av al) x a ah g m e af x ah ad h v l x j h an g ae c an (at s) B s C (ax f (D E am F (G d H I (l J d K (L M (z t ab (N r d) ak w (u x (O (P Q ab R ak (q f a g an ad ab ad) (S T ai al ao at (U l j aa x)) af (ar (ae au) at ae aw (V w m (aa (au (g k ah (ao am W)) ao q s) v ao f) an) j s y) X l w Y g Z b AA) e AB AC))))))))
u (g ak) ap am (ao v at) j p ai (aq ao) s (aw (au ac (c af ab an g i am))) (am ad av y r ae av) m o aw w r t ad k ae av (aq av al) x a ah g m e af x ah ad h v l x j h an g ae c an (at s) B s C (ax f (D E am F (G d H I (l J d K (L M (z t ab (N r d) ak w (u x (O (P Q ab R ak (q f a g an ad ab ad) (S T ai al ao at (U l j aa x)) af (ar (ae au) at ae aw (V w m (aa (au (g k ah (ao am W)) ao q s) v ao f) an) j s y) X l w Y g Z b AA) e AB AC))))))))
ay at i ae p (j (ao v at) ax y n i ay) aa s d f (aq ao) s (aw (au ac (c af ab an g i am))) (am ad av y r ae av) m o aw w r t ad k ae av (aq av al) x a ah g m e af x ah ad h v l x j h an g ae c an (at s) B s C (ax f (D E am F (G d H I (l J d K (L M (z t ab (N r d) ak w (u x (O (P Q ab R ak (q f a g an ad ab ad) (S T ai al ao at (U l j aa x)) af (ar (ae au) at ae aw (V w m (aa (au (g k ah (ao am W)) ao q s) v ao f) an) j s y) X l w Y g Z b AA) e AB AC))))))))
k an (q ah (ad ao b b ak (af s r s)) t) d f (aq ao) s (aw (au ac (c af ab an g i am))) (am ad av y r ae av) m o aw w r t ad k ae av (aq av al) x a ah g m e af x ah ad h v l x j h an g ae c an (at s) B s C (ax f (D E am F (G d H I (l J d K (L M (z t ab (N r d) ak w (u x (O (P Q ab R ak (q f a g an ad ab ad) (S T ai al ao at (U l j aa x)) af (ar (ae au) at ae aw (V w m (aa (au (g k ah (ao am W)) ao q s) v ao f) an) j s y) X l w Y g Z b AA) e AB AC))))))))
n q f q ak (am ad av y r ae av) (ay (ah aw af l d v aa e)) m o aw w r t ad k ae av (aq av al) x a ah g m e af x ah ad h v l x j h an g ae c an (at s) B s C (ax f (D E am F (G d H I (l J d K (L M (z t ab (N r d) ak w (u x (O (P Q ab R ak (q f a g an ad ab ad) (S T ai al ao at (U l j aa x)) af (ar (ae au) at ae aw (V w m (aa (au (g k ah (ao am W)) ao q s) v ao f) an) j s y) X l w Y g Z b AA) e AB AC))))))))
q q b a (w v ah p) (av ax ab o m) aw w r t ad k ae av (aq av al) x a ah g m e af x ah ad h v l x j h an g ae c an (at s) B s C (ax f (D E am F (G d H I (l J d K (L M (z t ab (N r d) ak w (u x (O (P Q ab R ak (q f a g an ad ab ad) (S T ai al ao at (U l j aa x)) af (ar (ae au) at ae aw (V w m (aa (au (g k ah (ao am W)) ao q s) v ao f) an) j s y) X l w Y g Z b AA) e AB AC))))))))
an (am (ae h) i (b x aa c v r)) (w v ah p) (av ax ab o m) aw w r t ad k ae av (aq av al) x a ah g m e af x ah ad h v l x j h an g ae c an (at s) B s C (ax f (D E am F (G d H I (l J d K (L M (z t ab (N r d) ak w (u x (O (P Q ab R ak (q f a g an ad ab ad) (S T ai al ao at (U l j aa x)) af (ar (ae au) at ae aw (V w m (aa (au (g k ah (ao am W)) ao q s) v ao f) an) j s y) X l w Y g Z b AA) e AB AC))))))))
a ae aw ak (aj aw g (av ax ab o m (au aq ar r f af ai))) w r t ad k ae av (aq av al) x a ah g m e af x ah ad h v l x j h an g ae c an (at s) B s C (ax f (D E am F (G d H I (l J d K (L M (z t ab (N r d) ak w (u x (O (P Q ab R ak (q f a g an ad ab ad) (S T ai al ao at (U l j aa x)) af (ar (ae au) at ae aw (V w m (aa (au (g k ah (ao am W)) ao q s) v ao f) an) j s y) X l w Y g Z b AA) e AB AC))))))))
ay (ae aa ap al au ae p q p ax ak) (aj aw g (av ax ab o m (au aq ar r f af ai))) w r t ad k ae av (aq av al) x a ah g m e af x ah ad h v l x j h an g ae c an (at s) B s C (ax f (D E am F (G d H I (l J d K (L M (z t ab (N r d) ak w (u x (O (P Q ab R ak (q f a g an ad ab ad) (S T ai al ao at (U l j aa x)) af (ar (ae au) at ae aw (V w m (aa (au (g k ah (ao am W)) ao q s) v ao f) an) j s y) X l w Y g Z b AA) e AB AC))))))))
k an (q ah (ad ao b b ak (af k r k)) t) ae av (aq av al) x a ah g m e af x ah ad h v l x j h an g ae c an (at s) B s C (ax f (D E am F (G d H I (l J d K (L M (z t ab (N r d) ak w (u x (O (P Q ab R ak (q f a g an ad ab ad) (S T ai al ao at (U l j aa x)) af (ar (ae au) at ae aw (V w m (aa (au (g k ah (ao am W)) ao q s) v ao f) an) j s y) X l w Y g Z b AA) e AB AC))))))))
n q f q ak ah (ay (ah aw af l d v aa e)) g m e af x ah ad h v l x j h an g ae c an (at s) B s C (ax f (D E am F (G d H I (l J d K (L M (z t ab (N r d) ak w (u x (O (P Q ab R ak (q f a g an ad ab ad) (S T ai al ao at (U l j aa x)) af (ar (ae au) at ae aw (V w m (aa (au (g k ah (ao am W)) ao q s) v ao f) an) j s y) X l w Y g Z b AA) e AB AC))))))))
q q b a (w v ah p) (av ax ab m g) e af x ah ad h v l x j h an g ae c an (at s) B s C (ax f (D E am F (G d H I (l J d K (L M (z t ab (N r d) ak w (u x (O (P Q ab R ak (q f a g an ad ab ad) (S T ai al ao at (U l j aa x)) af (ar (ae au) at ae aw (V w m (aa (au (g k ah (ao am W)) ao q s) v ao f) an) j s y) X l w Y g Z b AA) e AB AC))))))))
an (am (ae h) i (b x aa c v r)) (w v ah p) (av ax ab m g) e af x ah ad h v l x j h an g ae c an (at s) B s C (ax f (D E am F (G d H I (l J d K (L M (z t ab (N r d) ak w (u x (O (P Q ab R ak (q f a g an ad ab ad) (S T ai al ao at (U l j aa x)) af (ar (ae au) at ae aw (V w m (aa (au (g k ah (ao am W)) ao q s) v ao f) an) j s y) X l w Y g Z b AA) e AB AC))))))))
a ae e ak (aj e g (av ax ab m g (au aq ar r f af ai))) af x ah ad h v l x j h an g ae c an (at s) B s C (ax f (D E am F (G d H I (l J d K (L M (z t ab (N r d) ak w (u x (O (P Q ab R ak (q f a g an ad ab ad) (S T ai al ao at (U l j aa x)) af (ar (ae au) at ae aw (V w m (aa (au (g k ah (ao am W)) ao q s) v ao f) an) j s y) X l w Y g Z b AA) e AB AC))))))))
ay (ae aa ap al au ae p q p ax ak) (aj e g (av ax ab m g (au aq ar r f af ai))) af x ah ad h v l x j h an g ae c an (at s) B s C (ax f (D E am F (G d H I (l J d K (L M (z t ab (N r d) ak w (u x (O (P Q ab R ak (q f a g an ad ab ad) (S T ai al ao at (U l j aa x)) af (ar (ae au) at ae aw (V w m (aa (au (g k ah (ao am W)) ao q s) v ao f) an) j s y) X l w Y g Z b AA) e AB AC))))))))
k an (q ah (ad ao b b ak (af h r h)) t) v l x j h an g ae c an (at s) B s C (ax f (D E am F (G d H I (l J d K (L M (z t ab (N r d) ak w (u x (O (P Q ab R ak (q f a g an ad ab ad) (S T ai al ao at (U l j aa x)) af (ar (ae au) at ae aw (V w m (aa (au (g k ah (ao am W)) ao q s) v ao f) an) j s y) X l w Y g Z b AA) e AB AC))))))))
n q f q ak an (ay (ah aw af l d v aa e)) g ae c an (at s) B s C (ax f (D E am F (G d H I (l J d K (L M (z t ab (N r d) ak w (u x (O (P Q ab R ak (q f a g an ad ab ad) (S T ai al ao at (U l j aa x)) af (ar (ae au) at ae aw (V w m (aa (au (g k ah (ao am W)) ao q s) v ao f) an) j s y) X l w Y g Z b AA) e AB AC))))))))
q q b a (w v ah p) (av ax ab ae g) c an (at s) B s C (ax f (D E am F (G d H I (l J d K (L M (z t ab (N r d) ak w (u x (O (P Q ab R ak (q f a g an ad ab ad) (S T ai al ao at (U l j aa x)) af (ar (ae au) at ae aw (V w m (aa (au (g k ah (ao am W)) ao q s) v ao f) an) j s y) X l w Y g Z b AA) e AB AC))))))))
an (am (ae h) i (b x aa c v r)) (w v ah p) (av ax ab ae g) c an (at s) B s C (ax f (D E am F (G d H I (l J d K (L M (z t ab (N r d) ak w (u x (O (P Q ab R ak (q f a g an ad ab ad) (S T ai al ao at (U l j aa x)) af (ar (ae au) at ae aw (V w m (aa (au (g k ah (ao am W)) ao q s) v ao f) an) j s y) X l w Y g Z b AA) e AB AC))))))))
a ae c ak (aj c g (av ax ab ae g (au aq ar r f af ai))) an (at s) B s C (ax f (D E am F (G d H I (l J d K (L M (z t ab (N r d) ak w (u x (O (P Q ab R ak (q f a g an ad ab ad) (S T ai al ao at (U l j aa x)) af (ar (ae au) at ae aw (V w m (aa (au (g k ah (ao am W)) ao q s) v ao f) an) j s y) X l w Y g Z b AA) e AB AC))))))))
ay (ae aa ap al au ae p q p ax ak) (aj c g (av ax ab ae g (au aq ar r f af ai))) an (at s) B s C (ax f (D E am F (G d H I (l J d K (L M (z t ab (N r d) ak w (u x (O (P Q ab R ak (q f a g an ad ab ad) (S T ai al ao at (U l j aa x)) af (ar (ae au) at ae aw (V w m (aa (au (g k ah (ao am W)) ao q s) v ao f) an) j s y) X l w Y g Z b AA) e AB AC))))))))
k an (q ah (ad ao b b ak (af C r C)) t) (ax f (D E am F (G d H I (l J d K (L M (z t ab (N r d) ak w (u x (O (P Q ab R ak (q f a g an ad ab ad) (S T ai al ao at (U l j aa x)) af (ar (ae au) at ae aw (V w m (aa (au (g k ah (ao am W)) ao q s) v ao f) an) j s y) X l w Y g Z b AA) e AB AC))))))))
k an (an (am (ae h) i (ad ao b b ak (af C r C) x aa c v r))) (ax f (D E am F (G d H I (l J d K (L M (z t ab (N r d) ak w (u x (O (P Q ab R ak (q f a g an ad ab ad) (S T ai al ao at (U l j aa x)) af (ar (ae au) at ae aw (V w m (aa (au (g k ah (ao am W)) ao q s) v ao f) an) j s y) X l w Y g Z b AA) e AB AC))))))))


