a ba bc bb az = an c h az j b af am au (q s bb p bb) ba h
b bc az ba bb = ax x g o al at aq ah ai
c be bg bb bf az bc ba bd = at d ah at (a ao (t ar) ah a g) ak
d be ba bd az bc bb bf = r an u r az f (g ap)
e bb bd bc ba az be = ai ba t bd ac ah (ay bb) u r x (an b ak ab af)
f az bb ba = m (ac i h v) (an i d ba ah) m v an c
g bc az bb ba = bb aj l ao bc o bb h au an (w am ay ah z z)
h ba bc az be bf bg bd bb = ao am ah r q av ak o t w q p an y
i bd be az bb ba bc = bc aa ae ap j aq p p s aq w aq az
j bg bb bd az be ba bf bc = ab ad ay o z s ar an i w av f (k w at)
k bf bd ba bc bb be az = aq av bd be (u ah p s be) aw z bc (c aq) bc ao
l bf bd ba bc az bb bg be = aj ac b av ah x
m ba az = c ac aw ae ac o u f q az (ad ax v aa)
n az ba bb bc = ap y c at au j v af (ba ad) i aw ad
o bf ba bb be bc az bd = am ag (ax b n r w (d am ao)) ap k ae (aj e ao)
p ba bc bb az bd be = ah f ai m j af n (ap u bc am ay)
q bb az bd be bc ba = i ae
r bc bb ba az bd be = ab c ac ac n al ai (w c au) ba
s az = af az av az
t bc bb az ba = aw bc (aa m) (av c ap) h i (c aj aw ay)
u bc az bd ba bb = av s b f ag x ar h (p h bc (al r bb m) af)
v az ba bb = ay bb ax h
w bc be bd az bb bf ba = q ba ar z aq bc av
x ba bb az bc be bd = ag (v o r ag (bb ay bb r q c az))
y ba bd az bb bc = al aw (w am af az n az (bd ac) an) ao ax ac
z ba be bd bc az bb = q h (ai ay s f) b (f (ap w p aq))
aa bd be bc az ba bb = d ae aq az x ag av f ar x (w h f be ai bc)
ab ba bb bf bd az be bc = ao (ba (be ar) (au d af q) al bb ai) s aa n
ac bd bc bg az bb be ba bf = bb o (ax af (w f q o) (aj aq am c an ah))
ad bc bd be az bb bf ba = am g bb (al ap) p ac ay
ae ba bb bc az bd = az am y c ah b y az m ax bb d bd aa
af az bf be ba bb bc bd = w ai ad (l ag a bc bb aa) z a ba bd (l v az)
ag bb az bd bc be ba = ad p ai h b bb (au (av s az) aw aw ad)
ah = aa ae t n n aq r v ao av aq
ai bd bc be bb ba az = v au ak o au ax ah aj aa av ac ap
aj bc ba az bb = l a az f a (aa t) (ai al a)
ak bc ba az bd bb = bc bb aq ar at d (bb au n) v (av m av) ap ao ah
al ba bc bf bg az be bd bb = av (x d ae q ap i w af be z) (ay r) b
am az = q e (u (az ai) i aq b)
an ba az = h w d aj m w l ag g p aa
ao ba bc az bd bb = ab ak (ar g au m) j
ap bb bd ba bc az be = y x p y p x ae
aq ba bb az bd bc = az y am (m g ao f av ai (h ab e ah y ag))
ar be bd ba bg bf bc az bb = aa l af au (w (ai aa q bg aq (ab aj) (ax at ap ac)))
at az bc bb ba = ad ag aw an bb ax l av f d ak a t z
au bf az be bb bd ba bc = ba aa m j ah
av ba bd bf az bb be bc = u (az w ba) ah g z g (aq (aw g ah bc))
aw az ba = az o ba az (u au ba n)
ax az = aj (am ag az (c aj b az (n v) az ae))
ay az ba bc bb be bd = ad ab t (l a) ar b
main = am al (r ak (r b ak w q (k (t (t aj (ae ap am (A c) ah ar B) r) j (at am) (ay x) C (D ab) E av (ag ax) ar (ak F ar p) (ap k) aa))) n (t (ai n h u (G H x I J ak) (K ap) h w am) (L ab ab) af (ab an ay) a n ab al) (m aw f ao) (aq v) t c M e av) ar d aj N (O P y ai ae y ay) af (Q c ai R h q ar)
------------------------------------------------------------
am al (r ak (r b ak w q (k (t (t aj (ae ap am (A c) ah ar B) r) j (at am) (ay x) C (D ab) E av (ag ax) ar (ak F ar p) (ap k) aa))) n (t (ai n h u (G H x I J ak) (K ap) h w am) (L ab ab) af (ab an ay) a n ab al) (m aw f ao) (aq v) t c M e av) ar d aj N (O P y ai ae y ay) af (Q c ai R h q ar)
q e (u (al ai) i aq b) (r ak (r b ak w q (k (t (t aj (ae ap am (A c) ah ar B) r) j (at am) (ay x) C (D ab) E av (ag ax) ar (ak F ar p) (ap k) aa))) n (t (ai n h u (G H x I J ak) (K ap) h w am) (L ab ab) af (ab an ay) a n ab al) (m aw f ao) (aq v) t c M e av) ar d aj N (O P y ai ae y ay) af (Q c ai R h q ar)
i ae N (O P y ai ae y ay) af (Q c ai R h q ar)


