a i
b ae af u o m ab n af y
c ae p
d ai ag af ae ah ab g b ae ad e af p n
e ae af u
f ah ag ai ae af j ac (ac g) (l (k k b) q)
g ag af ae d
h ae i a z q q l q (e d g)
i ag ah ae af h (ag (a v z) f ab)
j ag af ae ae l ag aa r l af aa
k af ae t d (af e i af)
l ah ae ag af k z f f
m af ae ae (ae v u) v ae u p
n t z ad i aa l j
o ae a
p ae af ah ag y t x f u
q ae z ae (a ad f) h ae
r af ag ah ae ai aa ae m v
s af ae g ae ae e p v i o ae
t r d o h (ac (h f ab))
u ag af ae ah s v v v w f p c
v af ae ae m ae x
w ae ab
x ae ae f (y m v ae (ad e q))
y ae af h
z w i f t aa h c f k
aa ag af ah ai ae l
ab ae a y (ae u i) (n c (e f) f)
ac af ag ae c (ag o)
ad af ag ah ae a (g j)
main f (a d k n A (ad j B l m q (e s)) w o k C (p e (i u t l o) r (e t e D E (F e G g y y)) (y a y)) t j (j (q ad i (i ad H) (I (J K (g L M N aa (q (O f j P (Q (R x i k (n S (k v b T b t g (o (r l (U w e) z j) s) m V u) i) b z w a t) W X ab q) ac)) d))))))
------------------------------------------------------------
f (a d k n A (ad j B l m q (e s)) w o k C (p e (i u t l o) r (e t e D E (F e G g y y)) (y a y)) t j (j (q ad i (i ad H) (I (J K (g L M N aa (q (O f j P (Q (R x i k (n S (k v b T b t g (o (r l (U w e) z j) s) m V u) i) b z w a t) W X ab q) ac)) d))))))
f (i d k n A (ad j B l m q (e s)) w o k C (p e (i u t l o) r (e t e D E (F e G g y y)) (y a y)) t j (j (q ad i (i ad H) (I (J K (g L M N aa (q (O f j P (Q (R x i k (n S (k v b T b t g (o (r l (U w e) z j) s) m V u) i) b z w a t) W X ab q) ac)) d))))))
f (h (d (a v z) f ab) (ad j B l m q (e s)) w o k C (p e (i u t l o) r (e t e D E (F e G g y y)) (y a y)) t j (j (q ad i (i ad H) (I (J K (g L M N aa (q (O f j P (Q (R x i k (n S (k v b T b t g (o (r l (U w e) z j) s) m V u) i) b z w a t) W X ab q) ac)) d))))))
f (i a z q q l q (e d g) (ad j B l m q (e s)) w o k C (p e (i u t l o) r (e t e D E (F e G g y y)) (y a y)) t j (j (q ad i (i ad H) (I (J K (g L M N aa (q (O f j P (Q (R x i k (n S (k v b T b t g (o (r l (U w e) z j) s) m V u) i) b z w a t) W X ab q) ac)) d))))))
f (h (a (a v z) f ab) l q (e d g) (ad j B l m q (e s)) w o k C (p e (i u t l o) r (e t e D E (F e G g y y)) (y a y)) t j (j (q ad i (i ad H) (I (J K (g L M N aa (q (O f j P (Q (R x i k (n S (k v b T b t g (o (r l (U w e) z j) s) m V u) i) b z w a t) W X ab q) ac)) d))))))
f (i a z q q l q (e d g) l q (e d g) (ad j B l m q (e s)) w o k C (p e (i u t l o) r (e t e D E (F e G g y y)) (y a y)) t j (j (q ad i (i ad H) (I (J K (g L M N aa (q (O f j P (Q (R x i k (n S (k v b T b t g (o (r l (U w e) z j) s) m V u) i) b z w a t) W X ab q) ac)) d))))))
f (h (a (a v z) f ab) l q (e d g) l q (e d g) (ad j B l m q (e s)) w o k C (p e (i u t l o) r (e t e D E (F e G g y y)) (y a y)) t j (j (q ad i (i ad H) (I (J K (g L M N aa (q (O f j P (Q (R x i k (n S (k v b T b t g (o (r l (U w e) z j) s) m V u) i) b z w a t) W X ab q) ac)) d))))))
f (i a z q q l q (e d g) l q (e d g) l q (e d g) (ad j B l m q (e s)) w o k C (p e (i u t l o) r (e t e D E (F e G g y y)) (y a y)) t j (j (q ad i (i ad H) (I (J K (g L M N aa (q (O f j P (Q (R x i k (n S (k v b T b t g (o (r l (U w e) z j) s) m V u) i) b z w a t) W X ab q) ac)) d))))))
f (h (a (a v z) f ab) l q (e d g) l q (e d g) l q (e d g) (ad j B l m q (e s)) w o k C (p e (i u t l o) r (e t e D E (F e G g y y)) (y a y)) t j (j (q ad i (i ad H) (I (J K (g L M N aa (q (O f j P (Q (R x i k (n S (k v b T b t g (o (r l (U w e) z j) s) m V u) i) b z w a t) W X ab q) ac)) d))))))
f (i a z q q l q (e d g) l q (e d g) l q (e d g) l q (e d g) (ad j B l m q (e s)) w o k C (p e (i u t l o) r (e t e D E (F e G g y y)) (y a y)) t j (j (q ad i (i ad H) (I (J K (g L M N aa (q (O f j P (Q (R x i k (n S (k v b T b t g (o (r l (U w e) z j) s) m V u) i) b z w a t) W X ab q) ac)) d))))))
f (h (a (a v z) f ab) l q (e d g) l q (e d g) l q (e d g) l q (e d g) (ad j B l m q (e s)) w o k C (p e (i u t l o) r (e t e D E (F e G g y y)) (y a y)) t j (j (q ad i (i ad H) (I (J K (g L M N aa (q (O f j P (Q (R x i k (n S (k v b T b t g (o (r l (U w e) z j) s) m V u) i) b z w a t) W X ab q) ac)) d))))))
f (i a z q q l q (e d g) l q (e d g) l q (e d g) l q (e d g) l q (e d g) (ad j B l m q (e s)) w o k C (p e (i u t l o) r (e t e D E (F e G g y y)) (y a y)) t j (j (q ad i (i ad H) (I (J K (g L M N aa (q (O f j P (Q (R x i k (n S (k v b T b t g (o (r l (U w e) z j) s) m V u) i) b z w a t) W X ab q) ac)) d))))))
f (h (a (a v z) f ab) l q (e d g) l q (e d g) l q (e d g) l q (e d g) l q (e d g) (ad j B l m q (e s)) w o k C (p e (i u t l o) r (e t e D E (F e G g y y)) (y a y)) t j (j (q ad i (i ad H) (I (J K (g L M N aa (q (O f j P (Q (R x i k (n S (k v b T b t g (o (r l (U w e) z j) s) m V u) i) b z w a t) W X ab q) ac)) d))))))
f (i a z q q l q (e d g) l q (e d g) l q (e d g) l q (e d g) l q (e d g) l q (e d g) (ad j B l m q (e s)) w o k C (p e (i u t l o) r (e t e D E (F e G g y y)) (y a y)) t j (j (q ad i (i ad H) (I (J K (g L M N aa (q (O f j P (Q (R x i k (n S (k v b T b t g (o (r l (U w e) z j) s) m V u) i) b z w a t) W X ab q) ac)) d))))))
f (h (a (a v z) f ab) l q (e d g) l q (e d g) l q (e d g) l q (e d g) l q (e d g) l q (e d g) (ad j B l m q (e s)) w o k C (p e (i u t l o) r (e t e D E (F e G g y y)) (y a y)) t j (j (q ad i (i ad H) (I (J K (g L M N aa (q (O f j P (Q (R x i k (n S (k v b T b t g (o (r l (U w e) z j) s) m V u) i) b z w a t) W X ab q) ac)) d))))))
f (i a z q q l q (e d g) l q (e d g) l q (e d g) l q (e d g) l q (e d g) l q (e d g) l q (e d g) (ad j B l m q (e s)) w o k C (p e (i u t l o) r (e t e D E (F e G g y y)) (y a y)) t j (j (q ad i (i ad H) (I (J K (g L M N aa (q (O f j P (Q (R x i k (n S (k v b T b t g (o (r l (U w e) z j) s) m V u) i) b z w a t) W X ab q) ac)) d))))))
f (h (a (a v z) f ab) l q (e d g) l q (e d g) l q (e d g) l q (e d g) l q (e d g) l q (e d g) l q (e d g) (ad j B l m q (e s)) w o k C (p e (i u t l o) r (e t e D E (F e G g y y)) (y a y)) t j (j (q ad i (i ad H) (I (J K (g L M N aa (q (O f j P (Q (R x i k (n S (k v b T b t g (o (r l (U w e) z j) s) m V u) i) b z w a t) W X ab q) ac)) d))))))
f (i a z q q l q (e d g) l q (e d g) l q (e d g) l q (e d g) l q (e d g) l q (e d g) l q (e d g) l q (e d g) (ad j B l m q (e s)) w o k C (p e (i u t l o) r (e t e D E (F e G g y y)) (y a y)) t j (j (q ad i (i ad H) (I (J K (g L M N aa (q (O f j P (Q (R x i k (n S (k v b T b t g (o (r l (U w e) z j) s) m V u) i) b z w a t) W X ab q) ac)) d))))))
f (h (a (a v z) f ab) l q (e d g) l q (e d g) l q (e d g) l q (e d g) l q (e d g) l q (e d g) l q (e d g) l q (e d g) (ad j B l m q (e s)) w o k C (p e (i u t l o) r (e t e D E (F e G g y y)) (y a y)) t j (j (q ad i (i ad H) (I (J K (g L M N aa (q (O f j P (Q (R x i k (n S (k v b T b t g (o (r l (U w e) z j) s) m V u) i) b z w a t) W X ab q) ac)) d))))))
f (i a z q q l q (e d g) l q (e d g) l q (e d g) l q (e d g) l q (e d g) l q (e d g) l q (e d g) l q (e d g) l q (e d g) (ad j B l m q (e s)) w o k C (p e (i u t l o) r (e t e D E (F e G g y y)) (y a y)) t j (j (q ad i (i ad H) (I (J K (g L M N aa (q (O f j P (Q (R x i k (n S (k v b T b t g (o (r l (U w e) z j) s) m V u) i) b z w a t) W X ab q) ac)) d))))))
f (h (a (a v z) f ab) l q (e d g) l q (e d g) l q (e d g) l q (e d g) l q (e d g) l q (e d g) l q (e d g) l q (e d g) l q (e d g) (ad j B l m q (e s)) w o k C (p e (i u t l o) r (e t e D E (F e G g y y)) (y a y)) t j (j (q ad i (i ad H) (I (J K (g L M N aa (q (O f j P (Q (R x i k (n S (k v b T b t g (o (r l (U w e) z j) s) m V u) i) b z w a t) W X ab q) ac)) d))))))
f (i a z q q l q (e d g) l q (e d g) l q (e d g) l q (e d g) l q (e d g) l q (e d g) l q (e d g) l q (e d g) l q (e d g) l q (e d g) (ad j B l m q (e s)) w o k C (p e (i u t l o) r (e t e D E (F e G g y y)) (y a y)) t j (j (q ad i (i ad H) (I (J K (g L M N aa (q (O f j P (Q (R x i k (n S (k v b T b t g (o (r l (U w e) z j) s) m V u) i) b z w a t) W X ab q) ac)) d))))))
f (h (a (a v z) f ab) l q (e d g) l q (e d g) l q (e d g) l q (e d g) l q (e d g) l q (e d g) l q (e d g) l q (e d g) l q (e d g) l q (e d g) (ad j B l m q (e s)) w o k C (p e (i u t l o) r (e t e D E (F e G g y y)) (y a y)) t j (j (q ad i (i ad H) (I (J K (g L M N aa (q (O f j P (Q (R x i k (n S (k v b T b t g (o (r l (U w e) z j) s) m V u) i) b z w a t) W X ab q) ac)) d))))))
f (i a z q q l q (e d g) l q (e d g) l q (e d g) l q (e d g) l q (e d g) l q (e d g) l q (e d g) l q (e d g) l q (e d g) l q (e d g) l q (e d g) (ad j B l m q (e s)) w o k C (p e (i u t l o) r (e t e D E (F e G g y y)) (y a y)) t j (j (q ad i (i ad H) (I (J K (g L M N aa (q (O f j P (Q (R x i k (n S (k v b T b t g (o (r l (U w e) z j) s) m V u) i) b z w a t) W X ab q) ac)) d))))))
f (h (a (a v z) f ab) l q (e d g) l q (e d g) l q (e d g) l q (e d g) l q (e d g) l q (e d g) l q (e d g) l q (e d g) l q (e d g) l q (e d g) l q (e d g) (ad j B l m q (e s)) w o k C (p e (i u t l o) r (e t e D E (F e G g y y)) (y a y)) t j (j (q ad i (i ad H) (I (J K (g L M N aa (q (O f j P (Q (R x i k (n S (k v b T b t g (o (r l (U w e) z j) s) m V u) i) b z w a t) W X ab q) ac)) d))))))
f (i a z q q l q (e d g) l q (e d g) l q (e d g) l q (e d g) l q (e d g) l q (e d g) l q (e d g) l q (e d g) l q (e d g) l q (e d g) l q (e d g) l q (e d g) (ad j B l m q (e s)) w o k C (p e (i u t l o) r (e t e D E (F e G g y y)) (y a y)) t j (j (q ad i (i ad H) (I (J K (g L M N aa (q (O f j P (Q (R x i k (n S (k v b T b t g (o (r l (U w e) z j) s) m V u) i) b z w a t) W X ab q) ac)) d))))))
f (h (a (a v z) f ab) l q (e d g) l q (e d g) l q (e d g) l q (e d g) l q (e d g) l q (e d g) l q (e d g) l q (e d g) l q (e d g) l q (e d g) l q (e d g) l q (e d g) (ad j B l m q (e s)) w o k C (p e (i u t l o) r (e t e D E (F e G g y y)) (y a y)) t j (j (q ad i (i ad H) (I (J K (g L M N aa (q (O f j P (Q (R x i k (n S (k v b T b t g (o (r l (U w e) z j) s) m V u) i) b z w a t) W X ab q) ac)) d))))))
f (i a z q q l q (e d g) l q (e d g) l q (e d g) l q (e d g) l q (e d g) l q (e d g) l q (e d g) l q (e d g) l q (e d g) l q (e d g) l q (e d g) l q (e d g) l q (e d g) (ad j B l m q (e s)) w o k C (p e (i u t l o) r (e t e D E (F e G g y y)) (y a y)) t j (j (q ad i (i ad H) (I (J K (g L M N aa (q (O f j P (Q (R x i k (n S (k v b T b t g (o (r l (U w e) z j) s) m V u) i) b z w a t) W X ab q) ac)) d))))))
f (h (a (a v z) f ab) l q (e d g) l q (e d g) l q (e d g) l q (e d g) l q (e d g) l q (e d g) l q (e d g) l q (e d g) l q (e d g) l q (e d g) l q (e d g) l q (e d g) l q (e d g) (ad j B l m q (e s)) w o k C (p e (i u t l o) r (e t e D E (F e G g y y)) (y a y)) t j (j (q ad i (i ad H) (I (J K (g L M N aa (q (O f j P (Q (R x i k (n S (k v b T b t g (o (r l (U w e) z j) s) m V u) i) b z w a t) W X ab q) ac)) d))))))
f (i a z q q l q (e d g) l q (e d g) l q (e d g) l q (e d g) l q (e d g) l q (e d g) l q (e d g) l q (e d g) l q (e d g) l q (e d g) l q (e d g) l q (e d g) l q (e d g) l q (e d g) (ad j B l m q (e s)) w o k C (p e (i u t l o) r (e t e D E (F e G g y y)) (y a y)) t j (j (q ad i (i ad H) (I (J K (g L M N aa (q (O f j P (Q (R x i k (n S (k v b T b t g (o (r l (U w e) z j) s) m V u) i) b z w a t) W X ab q) ac)) d))))))


