a be az ba bd bf bc bb = au aj v aa ba az av ad bd be an ac
b az ba bb = bb ac aa aj am v
c bb ba bd bc az = am (l b k p am)
d ba az = a aa az az ay (x ak (at az g t) r k ba y) ba
e bc bf be bb ba bg az bd = bc ae o bg ar k bb t at u (be p ba j)
f bd bb ba be bc az = k ai an h an ay n v x ao aq au
g az bb bc ba = w i (r l ae)
h ba bd az bb be bc bg bf = o g (bc ah u aj be bf (w (ao an k c af)))
i bd ba az bf be bc bb = aw ao o ac ad ab (v bb) ae g (au r)
j be ba bb bf az bd bc = z d v d q ap w bd g al an
k bb bd ba bc az = b i ap r p ae bd at ap (ay x o an)
l bc bf bb be ba az bd = x g u v ax az be al
m bf az bg bc ba be bd bb = al an ae b (c (s g ba ac bc ag d) aq aj q)
n bb az ba bc = al m (ag (aa j h aj ak (g au ar) (ac ac ak w)))
o az bb ba bf bc bd be = ao an g aq ae (y bd al m) (an (v ak aa at aq))
p bb ba az bc be bf bd = ba n z ba ao ai f i m s m m ai aj k b
q ba bb be bd az bc = au d (n au at) e bc (l ay at i) aq e
r az = az az h k az y az az (az ag (u o) j z ad) l
s bd bb az ba bc = q ai ab d ah ab r h v m (bb c ay) o
t bb ba bc bd az be bf = ac au ar i ai aa ao ar h av i at ai (at l)
u be bb ba bd bc az = l ay s e r (j f at aq i) (be bb aw c ay p)
v ba bc bg bb bf az bd be = ap ac l az (aa (ak (an am bg am ag)))
w ba bb az bc be bd = ar (ar aj (v bd s aj a) (al h) e) r d
x bc ba be bd bf az bg bb = aa au av m o i be av av aw az ax t l
y be ba az bd bf bb bc = x j (g ag al) h ax ak ao az am ah be ay bd
z bb bc az bd ba = an (e ae) (t ba bd l ba e (bc t ad at) aa m ap)
aa ba be bg az bc bb bd bf = x (a ax i) aq d j bg bb x ac ad ap ay
ab be bd az ba bc bb = bd q i
ac bc bb ba bf be bg az bd = x b ax ap be az r (ay b)
ad ba bc bb az = q d h ai g a (b u) ap (m ak (n t av i))
ae az ba = ap ba (w aw ax au s) af ap z k aa
af az = g az (z (ai x h s))
ag bd bc bg az bf ba be bb = bd g (ao h af) au az (d an) c ac bd ae
ah az ba = am s c v ae ar n m (ba b y o) ag
ai ba bb az bd be bc = aj ay ap al (p (bb be aw) c) c l
aj bc ba bf be az bg bd bb = ax g u ae aw au aw ar bc u j aa x at l
ak ba bb bd bc az = ac (az z ar aw k an c)
al bc ba az bb be bd = f y ag p l bd aj be ah e ab ak v
am az ba be bd bb bc bf = aq aj be aj al ap i aq ah x l u ah l ak
an az bd ba bb bc = k al j aw w q e ab bc j d ae j
ao bc az bd bb ba be = au aq (bd m u) ba bd ae ba bb f aq au (ad ai)
ap ba az = f az (ay ae)
aq = au l ae av ar a (ax h r w (y ai ah))
ar bf az be bb bc ba bd = an aj s r ab aw ax (k al al au an)
at ba bc az bb = ba ba l y ak bc (ax v aw) ar (ad x ba ba)
au bd ba bc bf bb be az = ay (v (ag bf ad (ax k bf))) aa h bf (bc ba af y)
av bd bc be ba bf bb az = at au af ba h af bc x aw v at al w
aw az ba = am k am (ac ap (k j m))
ax bb az bd ba bc = ac ao u ao ad w w x v aq (y aq an (e m aa))
ay ba bb az bc bd = k (m aa j k v) z (ae ak n bb k) z n (au g)
main = f av c A ar y ac B C aq (D ao a y) am E F G au g an H i I ar J af (a (g (ay y) K L M aq N (af (z (c (o ae aq t x ae) (am h O e) a i) al (ad (P Q (k ag h o ax ao j b z y ar m R v x q y S T aq U aj) (av (au (w at av))) w V ap) ao an v ac ak ae ay aq v l ac ax k aj) W))))
------------------------------------------------------------
f av c A ar y ac B C aq (D ao a y) am E F G au g an H i I ar J af (a (g (ay y) K L M aq N (af (z (c (o ae aq t x ae) (am h O e) a i) al (ad (P Q (k ag h o ax ao j b z y ar m R v x q y S T aq U aj) (av (au (w at av))) w V ap) ao an v ac ak ae ay aq v l ac ax k aj) W))))
k ai an h an ay n v x ao aq au B C aq (D ao a y) am E F G au g an H i I ar J af (a (g (ay y) K L M aq N (af (z (c (o ae aq t x ae) (am h O e) a i) al (ad (P Q (k ag h o ax ao j b z y ar m R v x q y S T aq U aj) (av (au (w at av))) w V ap) ao an v ac ak ae ay aq v l ac ax k aj) W))))
b i ap r p ae an at ap (ay x o an) n v x ao aq au B C aq (D ao a y) am E F G au g an H i I ar J af (a (g (ay y) K L M aq N (af (z (c (o ae aq t x ae) (am h O e) a i) al (ad (P Q (k ag h o ax ao j b z y ar m R v x q y S T aq U aj) (av (au (w at av))) w V ap) ao an v ac ak ae ay aq v l ac ax k aj) W))))
r ac aa aj am v p ae an at ap (ay x o an) n v x ao aq au B C aq (D ao a y) am E F G au g an H i I ar J af (a (g (ay y) K L M aq N (af (z (c (o ae aq t x ae) (am h O e) a i) al (ad (P Q (k ag h o ax ao j b z y ar m R v x q y S T aq U aj) (av (au (w at av))) w V ap) ao an v ac ak ae ay aq v l ac ax k aj) W))))
ac ac h k ac y ac ac (ac ag (u o) j z ad) l aa aj am v p ae an at ap (ay x o an) n v x ao aq au B C aq (D ao a y) am E F G au g an H i I ar J af (a (g (ay y) K L M aq N (af (z (c (o ae aq t x ae) (am h O e) a i) al (ad (P Q (k ag h o ax ao j b z y ar m R v x q y S T aq U aj) (av (au (w at av))) w V ap) ao an v ac ak ae ay aq v l ac ax k aj) W))))
x b ax ap y ac r (ay b) l aa aj am v p ae an at ap (ay x o an) n v x ao aq au B C aq (D ao a y) am E F G au g an H i I ar J af (a (g (ay y) K L M aq N (af (z (c (o ae aq t x ae) (am h O e) a i) al (ad (P Q (k ag h o ax ao j b z y ar m R v x q y S T aq U aj) (av (au (w at av))) w V ap) ao an v ac ak ae ay aq v l ac ax k aj) W))))
aa au av m o i ap av av aw r ax t l aa aj am v p ae an at ap (ay x o an) n v x ao aq au B C aq (D ao a y) am E F G au g an H i I ar J af (a (g (ay y) K L M aq N (af (z (c (o ae aq t x ae) (am h O e) a i) al (ad (P Q (k ag h o ax ao j b z y ar m R v x q y S T aq U aj) (av (au (w at av))) w V ap) ao an v ac ak ae ay aq v l ac ax k aj) W))))
x (a ax i) aq d j m ap x ac ad ap ay aw r ax t l aa aj am v p ae an at ap (ay x o an) n v x ao aq au B C aq (D ao a y) am E F G au g an H i I ar J af (a (g (ay y) K L M aq N (af (z (c (o ae aq t x ae) (am h O e) a i) al (ad (P Q (k ag h o ax ao j b z y ar m R v x q y S T aq U aj) (av (au (w at av))) w V ap) ao an v ac ak ae ay aq v l ac ax k aj) W))))
aa au av m o i d av av aw ap ax t l ad ap ay aw r ax t l aa aj am v p ae an at ap (ay x o an) n v x ao aq au B C aq (D ao a y) am E F G au g an H i I ar J af (a (g (ay y) K L M aq N (af (z (c (o ae aq t x ae) (am h O e) a i) al (ad (P Q (k ag h o ax ao j b z y ar m R v x q y S T aq U aj) (av (au (w at av))) w V ap) ao an v ac ak ae ay aq v l ac ax k aj) W))))
x (a ax i) aq d j m d x ac ad ap ay aw ap ax t l ad ap ay aw r ax t l aa aj am v p ae an at ap (ay x o an) n v x ao aq au B C aq (D ao a y) am E F G au g an H i I ar J af (a (g (ay y) K L M aq N (af (z (c (o ae aq t x ae) (am h O e) a i) al (ad (P Q (k ag h o ax ao j b z y ar m R v x q y S T aq U aj) (av (au (w at av))) w V ap) ao an v ac ak ae ay aq v l ac ax k aj) W))))
aa au av m o i d av av aw d ax t l ad ap ay aw ap ax t l ad ap ay aw r ax t l aa aj am v p ae an at ap (ay x o an) n v x ao aq au B C aq (D ao a y) am E F G au g an H i I ar J af (a (g (ay y) K L M aq N (af (z (c (o ae aq t x ae) (am h O e) a i) al (ad (P Q (k ag h o ax ao j b z y ar m R v x q y S T aq U aj) (av (au (w at av))) w V ap) ao an v ac ak ae ay aq v l ac ax k aj) W))))
x (a ax i) aq d j m d x ac ad ap ay aw d ax t l ad ap ay aw ap ax t l ad ap ay aw r ax t l aa aj am v p ae an at ap (ay x o an) n v x ao aq au B C aq (D ao a y) am E F G au g an H i I ar J af (a (g (ay y) K L M aq N (af (z (c (o ae aq t x ae) (am h O e) a i) al (ad (P Q (k ag h o ax ao j b z y ar m R v x q y S T aq U aj) (av (au (w at av))) w V ap) ao an v ac ak ae ay aq v l ac ax k aj) W))))
aa au av m o i d av av aw d ax t l ad ap ay aw d ax t l ad ap ay aw ap ax t l ad ap ay aw r ax t l aa aj am v p ae an at ap (ay x o an) n v x ao aq au B C aq (D ao a y) am E F G au g an H i I ar J af (a (g (ay y) K L M aq N (af (z (c (o ae aq t x ae) (am h O e) a i) al (ad (P Q (k ag h o ax ao j b z y ar m R v x q y S T aq U aj) (av (au (w at av))) w V ap) ao an v ac ak ae ay aq v l ac ax k aj) W))))
x (a ax i) aq d j m d x ac ad ap ay aw d ax t l ad ap ay aw d ax t l ad ap ay aw ap ax t l ad ap ay aw r ax t l aa aj am v p ae an at ap (ay x o an) n v x ao aq au B C aq (D ao a y) am E F G au g an H i I ar J af (a (g (ay y) K L M aq N (af (z (c (o ae aq t x ae) (am h O e) a i) al (ad (P Q (k ag h o ax ao j b z y ar m R v x q y S T aq U aj) (av (au (w at av))) w V ap) ao an v ac ak ae ay aq v l ac ax k aj) W))))
aa au av m o i d av av aw d ax t l ad ap ay aw d ax t l ad ap ay aw d ax t l ad ap ay aw ap ax t l ad ap ay aw r ax t l aa aj am v p ae an at ap (ay x o an) n v x ao aq au B C aq (D ao a y) am E F G au g an H i I ar J af (a (g (ay y) K L M aq N (af (z (c (o ae aq t x ae) (am h O e) a i) al (ad (P Q (k ag h o ax ao j b z y ar m R v x q y S T aq U aj) (av (au (w at av))) w V ap) ao an v ac ak ae ay aq v l ac ax k aj) W))))
x (a ax i) aq d j m d x ac ad ap ay aw d ax t l ad ap ay aw d ax t l ad ap ay aw d ax t l ad ap ay aw ap ax t l ad ap ay aw r ax t l aa aj am v p ae an at ap (ay x o an) n v x ao aq au B C aq (D ao a y) am E F G au g an H i I ar J af (a (g (ay y) K L M aq N (af (z (c (o ae aq t x ae) (am h O e) a i) al (ad (P Q (k ag h o ax ao j b z y ar m R v x q y S T aq U aj) (av (au (w at av))) w V ap) ao an v ac ak ae ay aq v l ac ax k aj) W))))
aa au av m o i d av av aw d ax t l ad ap ay aw d ax t l ad ap ay aw d ax t l ad ap ay aw d ax t l ad ap ay aw ap ax t l ad ap ay aw r ax t l aa aj am v p ae an at ap (ay x o an) n v x ao aq au B C aq (D ao a y) am E F G au g an H i I ar J af (a (g (ay y) K L M aq N (af (z (c (o ae aq t x ae) (am h O e) a i) al (ad (P Q (k ag h o ax ao j b z y ar m R v x q y S T aq U aj) (av (au (w at av))) w V ap) ao an v ac ak ae ay aq v l ac ax k aj) W))))
x (a ax i) aq d j m d x ac ad ap ay aw d ax t l ad ap ay aw d ax t l ad ap ay aw d ax t l ad ap ay aw d ax t l ad ap ay aw ap ax t l ad ap ay aw r ax t l aa aj am v p ae an at ap (ay x o an) n v x ao aq au B C aq (D ao a y) am E F G au g an H i I ar J af (a (g (ay y) K L M aq N (af (z (c (o ae aq t x ae) (am h O e) a i) al (ad (P Q (k ag h o ax ao j b z y ar m R v x q y S T aq U aj) (av (au (w at av))) w V ap) ao an v ac ak ae ay aq v l ac ax k aj) W))))
aa au av m o i d av av aw d ax t l ad ap ay aw d ax t l ad ap ay aw d ax t l ad ap ay aw d ax t l ad ap ay aw d ax t l ad ap ay aw ap ax t l ad ap ay aw r ax t l aa aj am v p ae an at ap (ay x o an) n v x ao aq au B C aq (D ao a y) am E F G au g an H i I ar J af (a (g (ay y) K L M aq N (af (z (c (o ae aq t x ae) (am h O e) a i) al (ad (P Q (k ag h o ax ao j b z y ar m R v x q y S T aq U aj) (av (au (w at av))) w V ap) ao an v ac ak ae ay aq v l ac ax k aj) W))))
x (a ax i) aq d j m d x ac ad ap ay aw d ax t l ad ap ay aw d ax t l ad ap ay aw d ax t l ad ap ay aw d ax t l ad ap ay aw d ax t l ad ap ay aw ap ax t l ad ap ay aw r ax t l aa aj am v p ae an at ap (ay x o an) n v x ao aq au B C aq (D ao a y) am E F G au g an H i I ar J af (a (g (ay y) K L M aq N (af (z (c (o ae aq t x ae) (am h O e) a i) al (ad (P Q (k ag h o ax ao j b z y ar m R v x q y S T aq U aj) (av (au (w at av))) w V ap) ao an v ac ak ae ay aq v l ac ax k aj) W))))
aa au av m o i d av av aw d ax t l ad ap ay aw d ax t l ad ap ay aw d ax t l ad ap ay aw d ax t l ad ap ay aw d ax t l ad ap ay aw d ax t l ad ap ay aw ap ax t l ad ap ay aw r ax t l aa aj am v p ae an at ap (ay x o an) n v x ao aq au B C aq (D ao a y) am E F G au g an H i I ar J af (a (g (ay y) K L M aq N (af (z (c (o ae aq t x ae) (am h O e) a i) al (ad (P Q (k ag h o ax ao j b z y ar m R v x q y S T aq U aj) (av (au (w at av))) w V ap) ao an v ac ak ae ay aq v l ac ax k aj) W))))
x (a ax i) aq d j m d x ac ad ap ay aw d ax t l ad ap ay aw d ax t l ad ap ay aw d ax t l ad ap ay aw d ax t l ad ap ay aw d ax t l ad ap ay aw d ax t l ad ap ay aw ap ax t l ad ap ay aw r ax t l aa aj am v p ae an at ap (ay x o an) n v x ao aq au B C aq (D ao a y) am E F G au g an H i I ar J af (a (g (ay y) K L M aq N (af (z (c (o ae aq t x ae) (am h O e) a i) al (ad (P Q (k ag h o ax ao j b z y ar m R v x q y S T aq U aj) (av (au (w at av))) w V ap) ao an v ac ak ae ay aq v l ac ax k aj) W))))
aa au av m o i d av av aw d ax t l ad ap ay aw d ax t l ad ap ay aw d ax t l ad ap ay aw d ax t l ad ap ay aw d ax t l ad ap ay aw d ax t l ad ap ay aw d ax t l ad ap ay aw ap ax t l ad ap ay aw r ax t l aa aj am v p ae an at ap (ay x o an) n v x ao aq au B C aq (D ao a y) am E F G au g an H i I ar J af (a (g (ay y) K L M aq N (af (z (c (o ae aq t x ae) (am h O e) a i) al (ad (P Q (k ag h o ax ao j b z y ar m R v x q y S T aq U aj) (av (au (w at av))) w V ap) ao an v ac ak ae ay aq v l ac ax k aj) W))))
x (a ax i) aq d j m d x ac ad ap ay aw d ax t l ad ap ay aw d ax t l ad ap ay aw d ax t l ad ap ay aw d ax t l ad ap ay aw d ax t l ad ap ay aw d ax t l ad ap ay aw d ax t l ad ap ay aw ap ax t l ad ap ay aw r ax t l aa aj am v p ae an at ap (ay x o an) n v x ao aq au B C aq (D ao a y) am E F G au g an H i I ar J af (a (g (ay y) K L M aq N (af (z (c (o ae aq t x ae) (am h O e) a i) al (ad (P Q (k ag h o ax ao j b z y ar m R v x q y S T aq U aj) (av (au (w at av))) w V ap) ao an v ac ak ae ay aq v l ac ax k aj) W))))
aa au av m o i d av av aw d ax t l ad ap ay aw d ax t l ad ap ay aw d ax t l ad ap ay aw d ax t l ad ap ay aw d ax t l ad ap ay aw d ax t l ad ap ay aw d ax t l ad ap ay aw d ax t l ad ap ay aw ap ax t l ad ap ay aw r ax t l aa aj am v p ae an at ap (ay x o an) n v x ao aq au B C aq (D ao a y) am E F G au g an H i I ar J af (a (g (ay y) K L M aq N (af (z (c (o ae aq t x ae) (am h O e) a i) al (ad (P Q (k ag h o ax ao j b z y ar m R v x q y S T aq U aj) (av (au (w at av))) w V ap) ao an v ac ak ae ay aq v l ac ax k aj) W))))
x (a ax i) aq d j m d x ac ad ap ay aw d ax t l ad ap ay aw d ax t l ad ap ay aw d ax t l ad ap ay aw d ax t l ad ap ay aw d ax t l ad ap ay aw d ax t l ad ap ay aw d ax t l ad ap ay aw d ax t l ad ap ay aw ap ax t l ad ap ay aw r ax t l aa aj am v p ae an at ap (ay x o an) n v x ao aq au B C aq (D ao a y) am E F G au g an H i I ar J af (a (g (ay y) K L M aq N (af (z (c (o ae aq t x ae) (am h O e) a i) al (ad (P Q (k ag h o ax ao j b z y ar m R v x q y S T aq U aj) (av (au (w at av))) w V ap) ao an v ac ak ae ay aq v l ac ax k aj) W))))
aa au av m o i d av av aw d ax t l ad ap ay aw d ax t l ad ap ay aw d ax t l ad ap ay aw d ax t l ad ap ay aw d ax t l ad ap ay aw d ax t l ad ap ay aw d ax t l ad ap ay aw d ax t l ad ap ay aw d ax t l ad ap ay aw ap ax t l ad ap ay aw r ax t l aa aj am v p ae an at ap (ay x o an) n v x ao aq au B C aq (D ao a y) am E F G au g an H i I ar J af (a (g (ay y) K L M aq N (af (z (c (o ae aq t x ae) (am h O e) a i) al (ad (P Q (k ag h o ax ao j b z y ar m R v x q y S T aq U aj) (av (au (w at av))) w V ap) ao an v ac ak ae ay aq v l ac ax k aj) W))))
x (a ax i) aq d j m d x ac ad ap ay aw d ax t l ad ap ay aw d ax t l ad ap ay aw d ax t l ad ap ay aw d ax t l ad ap ay aw d ax t l ad ap ay aw d ax t l ad ap ay aw d ax t l ad ap ay aw d ax t l ad ap ay aw d ax t l ad ap ay aw ap ax t l ad ap ay aw r ax t l aa aj am v p ae an at ap (ay x o an) n v x ao aq au B C aq (D ao a y) am E F G au g an H i I ar J af (a (g (ay y) K L M aq N (af (z (c (o ae aq t x ae) (am h O e) a i) al (ad (P Q (k ag h o ax ao j b z y ar m R v x q y S T aq U aj) (av (au (w at av))) w V ap) ao an v ac ak ae ay aq v l ac ax k aj) W))))
aa au av m o i d av av aw d ax t l ad ap ay aw d ax t l ad ap ay aw d ax t l ad ap ay aw d ax t l ad ap ay aw d ax t l ad ap ay aw d ax t l ad ap ay aw d ax t l ad ap ay aw d ax t l ad ap ay aw d ax t l ad ap ay aw d ax t l ad ap ay aw ap ax t l ad ap ay aw r ax t l aa aj am v p ae an at ap (ay x o an) n v x ao aq au B C aq (D ao a y) am E F G au g an H i I ar J af (a (g (ay y) K L M aq N (af (z (c (o ae aq t x ae) (am h O e) a i) al (ad (P Q (k ag h o ax ao j b z y ar m R v x q y S T aq U aj) (av (au (w at av))) w V ap) ao an v ac ak ae ay aq v l ac ax k aj) W))))
x (a ax i) aq d j m d x ac ad ap ay aw d ax t l ad ap ay aw d ax t l ad ap ay aw d ax t l ad ap ay aw d ax t l ad ap ay aw d ax t l ad ap ay aw d ax t l ad ap ay aw d ax t l ad ap ay aw d ax t l ad ap ay aw d ax t l ad ap ay aw d ax t l ad ap ay aw ap ax t l ad ap ay aw r ax t l aa aj am v p ae an at ap (ay x o an) n v x ao aq au B C aq (D ao a y) am E F G au g an H i I ar J af (a (g (ay y) K L M aq N (af (z (c (o ae aq t x ae) (am h O e) a i) al (ad (P Q (k ag h o ax ao j b z y ar m R v x q y S T aq U aj) (av (au (w at av))) w V ap) ao an v ac ak ae ay aq v l ac ax k aj) W))))


