a az ba bc bb bd be = u c x at bb
b ba az = al g h ay w ab p aq ba al aq
c bg az bb ba be bf bd bc = an ap k az ap p aw (bd (s d) u bg)
d bc az bd bb bg be ba bf = ba (s bb) (ap l ay bd ax b) bf s q l b
e bc bd bb be az ba = aw (ak aa aw ay (aq p (ar ao aw ag) (i az o) c az))
f be az bf ba bb bc bd = t bb g t b h j z
g az bd bf ba bc bb be = at r ae ay e o ad ad ax al
h ba bd be az bg bc bb bf = m aj bd o bc l q be aj
i bg bd az be bc ba bb bf = k a ay ad (bd (u bf aj ap z (r aw ar bc b)))
j az ba bb = ba (d x ag) an d ap l s t ba
k ba bb bc az = ba o af (b f at b af h h ax g)
l bd ba bc bb az be = av ao ah p ba d (az (aw (ai m b f bd bb bc)))
m az bc bd bf be ba bb = bd n ap (f al ae aw)
n ba bb az = az ac (af ad aq) r ax (t ah (ba c af z))
o bd bb be bc ba az = b t az (h (ah f al (v p ay j ar)) h e b)
p ba bc bd az bb = ad m ao u j j aw (aj r ay) bc aa ai bb bb s
q bf bc az ba be bb bd = o ae j (ad k aq)
r bb bd ba az be bc = an ao bd ac ba (b y be be ao az (ap a az))
s bc ba bb az = a (ba bb m ao au q) ar w aa
t ba bg bf bc be bd az bb = x a bf ae aa h d r (az (aa aq) a)
u az bb ba = ax ao ae (d ba v) e an c y r ad (bb v ah bb)
v be az ba bb bg bc bf bd = aq y be ar aw p ac b d bg (aj ai at)
w be bf az bd ba bc bb = l aq g o ar ac bf n aq av
x az = az (b n az az ay v j az an af) ah ay s
y ba az bb bc = au u o ba ba v (e (aw o ar o ap ao a))
z bc bg az be ba bd bb bf = az n bf (bb ar) bg c p au b aq am bd ar k w
aa be bb bc bf bg bd ba az = t (e ao) (ba aw ah) az av c ac at ax h p af ac
ab be az ba bd bf bc bb = az l (w an (bf b (l bb bd)) az (n ak aq k))
ac be bc ba bd az bb = bd j h aw aw aj ab n (r aw)
ad bb ba az = ax ab ac (aj (ao ba)) g ag (aw g) z ai
ae bc bf be bb bd az ba bg = ay (h am (m bd) ay ao) bd bg (bb bf p af ab)
af bd az be bb bc ba = ar o (bc t e ac) x m o aq (e (ba ap h ab))
ag ba bc bf az be bd bb = q c (e ax aj ak bd) (x be b s h au ab)
ah ba bd bc be az bb = ac (aw ax av v (aj z) q n ao bc) (ad al w) q
ai bc bg bd be bb ba bf az = ak r ax (l bc) ac j al a ba p ah
aj bb bc bf az ba bg bd be = h (ag at ad aw)
ak az be bc bb ba bd bg bf = be j (af (x (am ae ai) az f b) (ab u k) c) al
al az bb be bc bf bg ba bd = aq aj a ay v (bb n l p (c n ad) am g)
am bb ba az be bd bc = j aq aj k r ba aa l ag (q (al au a))
an be bc az bb ba bd = bc g x (c v az ad az bd n aa ba)
ao ba bg be bc bd bb bf az = aj (c aw (ah ar u o f i) c)
ap bd bc bb ba az = bb o (k r ax w (ab j an) y) i al (ae (z k ac))
aq bf bd ba bc az be bb = u ba x (z l) k (au bf)
ar az ba = ao ba ba (ab aw az ba ba (ae ac az ba i al))
at az bb bc ba = a an ay p bc ae (af g (p y bc bb g e af))
au az bc bb ba bf bd be bg = ad ar z o g aw c s bc at z aq d ah
av az bb bg be ba bf bc bd = bg bg be ab ar at f e bd
aw az bb ba bc = ax (a al)
ax az bd be ba bf bb bc bg = n al ah az p ag d ap i l am am
ay bb bf bd bc ba be az = b ba ac ap bc af h bc ac t p t ad v
main = ab A (B aj u l (p w ar f ad aw (C D (v (l (E ar) u) (F g) G al (H am n I) (J ar aa (am ap)) k (K L (M (N ax (ah ac a aw l z (aq ar ap)) (e ab al ak aj (ap l) (ac an y O) af q d P ax (Q aa (R w) (S T ab r U r ak p d (m p x ax b (V W y X) f y al u Y e Z) ag a n) w a ao am ay)))))))))
------------------------------------------------------------
ab A (B aj u l (p w ar f ad aw (C D (v (l (E ar) u) (F g) G al (H am n I) (J ar aa (am ap)) k (K L (M (N ax (ah ac a aw l z (aq ar ap)) (e ab al ak aj (ap l) (ac an y O) af q d P ax (Q aa (R w) (S T ab r U r ak p d (m p x ax b (V W y X) f y al u Y e Z) ag a n) w a ao am ay)))))))))
ab A (B aj u l (ad m ao u j j aw (aj r ay) ar aa ai aw aw s (C D (v (l (E ar) u) (F g) G al (H am n I) (J ar aa (am ap)) k (K L (M (N ax (ah ac a aw l z (aq ar ap)) (e ab al ak aj (ap l) (ac an y O) af q d P ax (Q aa (R w) (S T ab r U r ak p d (m p x ax b (V W y X) f y al u Y e Z) ag a n) w a ao am ay)))))))))
ab A (B aj u l (ax ab ac (aj (ao ao)) g ag (aw g) z ai j j aw (aj r ay) ar aa ai aw aw s (C D (v (l (E ar) u) (F g) G al (H am n I) (J ar aa (am ap)) k (K L (M (N ax (ah ac a aw l z (aq ar ap)) (e ab al ak aj (ap l) (ac an y O) af q d P ax (Q aa (R w) (S T ab r U r ak p d (m p x ax b (V W y X) f y al u Y e Z) ag a n) w a ao am ay)))))))))
ab A (B aj u l (n al ah ab p ag d ap i l am am j j aw (aj r ay) ar aa ai aw aw s (C D (v (l (E ar) u) (F g) G al (H am n I) (J ar aa (am ap)) k (K L (M (N ax (ah ac a aw l z (aq ar ap)) (e ab al ak aj (ap l) (ac an y O) af q d P ax (Q aa (R w) (S T ab r U r ak p d (m p x ax b (V W y X) f y al u Y e Z) ag a n) w a ao am ay)))))))))
ab A (B aj u l (ab ac (af ad aq) r ax (t ah (al c af z)) p ag d ap i l am am j j aw (aj r ay) ar aa ai aw aw s (C D (v (l (E ar) u) (F g) G al (H am n I) (J ar aa (am ap)) k (K L (M (N ax (ah ac a aw l z (aq ar ap)) (e ab al ak aj (ap l) (ac an y O) af q d P ax (Q aa (R w) (S T ab r U r ak p d (m p x ax b (V W y X) f y al u Y e Z) ag a n) w a ao am ay)))))))))
ab A (B aj u l (af ad aq l (w an (t ah (al c af z) b (l ag ax)) (af ad aq) (n ak aq k)) d ap i l am am j j aw (aj r ay) ar aa ai aw aw s (C D (v (l (E ar) u) (F g) G al (H am n I) (J ar aa (am ap)) k (K L (M (N ax (ah ac a aw l z (aq ar ap)) (e ab al ak aj (ap l) (ac an y O) af q d P ax (Q aa (R w) (S T ab r U r ak p d (m p x ax b (V W y X) f y al u Y e Z) ag a n) w a ao am ay)))))))))
ab A (B aj u l (ar o (d t e ac) x m o aq (e (ap ap h ab)) i l am am j j aw (aj r ay) ar aa ai aw aw s (C D (v (l (E ar) u) (F g) G al (H am n I) (J ar aa (am ap)) k (K L (M (N ax (ah ac a aw l z (aq ar ap)) (e ab al ak aj (ap l) (ac an y O) af q d P ax (Q aa (R w) (S T ab r U r ak p d (m p x ax b (V W y X) f y al u Y e Z) ag a n) w a ao am ay)))))))))
ab A (B aj u l (ao (d t e ac) (d t e ac) (ab aw o (d t e ac) (d t e ac) (ae ac o (d t e ac) i al)) x m o aq (e (ap ap h ab)) i l am am j j aw (aj r ay) ar aa ai aw aw s (C D (v (l (E ar) u) (F g) G al (H am n I) (J ar aa (am ap)) k (K L (M (N ax (ah ac a aw l z (aq ar ap)) (e ab al ak aj (ap l) (ac an y O) af q d P ax (Q aa (R w) (S T ab r U r ak p d (m p x ax b (V W y X) f y al u Y e Z) ag a n) w a ao am ay)))))))))
ab A (B aj u l (aj (c aw (ah ar u o f i) c) i l am am j j aw (aj r ay) ar aa ai aw aw s (C D (v (l (E ar) u) (F g) G al (H am n I) (J ar aa (am ap)) k (K L (M (N ax (ah ac a aw l z (aq ar ap)) (e ab al ak aj (ap l) (ac an y O) af q d P ax (Q aa (R w) (S T ab r U r ak p d (m p x ax b (V W y X) f y al u Y e Z) ag a n) w a ao am ay)))))))))
ab A (B aj u l (h (ag at ad aw) (aj r ay) ar aa ai aw aw s (C D (v (l (E ar) u) (F g) G al (H am n I) (J ar aa (am ap)) k (K L (M (N ax (ah ac a aw l z (aq ar ap)) (e ab al ak aj (ap l) (ac an y O) af q d P ax (Q aa (R w) (S T ab r U r ak p d (m p x ax b (V W y X) f y al u Y e Z) ag a n) w a ao am ay)))))))))
ab A (B aj u l (m aj (aj r ay) o aw l q ar aj (C D (v (l (E ar) u) (F g) G al (H am n I) (J ar aa (am ap)) k (K L (M (N ax (ah ac a aw l z (aq ar ap)) (e ab al ak aj (ap l) (ac an y O) af q d P ax (Q aa (R w) (S T ab r U r ak p d (m p x ax b (V W y X) f y al u Y e Z) ag a n) w a ao am ay)))))))))
ab A (B aj u l (o n ap (f al ae aw) aj (C D (v (l (E ar) u) (F g) G al (H am n I) (J ar aa (am ap)) k (K L (M (N ax (ah ac a aw l z (aq ar ap)) (e ab al ak aj (ap l) (ac an y O) af q d P ax (Q aa (R w) (S T ab r U r ak p d (m p x ax b (V W y X) f y al u Y e Z) ag a n) w a ao am ay)))))))))
ab A (B aj u l (o n ap (f al ae aw) aj (C D (aq y (l (E ar) u) ar aw p ac b d (H am n I) (aj ai at)))))
ab A (B aj u l (o n ap (f al ae aw) aj (C D (u ar x (z l) k (au y) d (H am n I) (aj ai at)))))
ab A (B aj u l (o n ap (f al ae aw) aj (C D (ax ao ae (d (z l) v) e an c y r ad (x v ah x) k (au y) d (H am n I) (aj ai at)))))
ab A (B aj u l (o n ap (f al ae aw) aj (C D (n al ah ao p ag d ap i l am am ad (x v ah x) k (au y) d (H am n I) (aj ai at)))))
ab A (B aj u l (o n ap (f al ae aw) aj (C D (ao ac (af ad aq) r ax (t ah (al c af z)) p ag d ap i l am am ad (x v ah x) k (au y) d (H am n I) (aj ai at)))))
ab A (B aj u l (o n ap (f al ae aw) aj (C D (aj (c aw (ah ar u o f i) c) ap i l am am ad (x v ah x) k (au y) d (H am n I) (aj ai at)))))
ab A (B aj u l (o n ap (f al ae aw) aj (C D (h (ag at ad aw) k (au y) d (H am n I) (aj ai at)))))


