a bb ba bd bc be az = o ae r al h h (ay (ay bd ac am ae))
b ba bg be bf bd az bc bb = g aj h ap al t d g ao
c bd bb bg be bc ba bf az = b (ao p a) ad af ar bc ar at k (aq ac ai a i)
d bc be az bd bg bb ba bf = k az ay (s k) t t l bf (an aa)
e bf az bb be bc ba bd = a az ae ah aa
f az ba = c c an k ba aa ap af m (u au (s c h))
g ba be bc az bb bd = aq aj (u ab) d k an am ah bb ae al x
h az bc bb ba = q w f t az ad (ac ar) s p c
i az bb bc ba = aj u au az bc aw ay h aw aj (av al x ba ac)
j be bd ba bb az bc = ai (h (l f am o) n) bd (ak (i f ao bc) l af)
k ba az = x (ae af aq (al am) a o (c f aq s))
l az ba bb = bb aj p (n ab)
m bb ba bd az bc = az b l an ax l t c e
n bc bb az bd ba = bc (ar ba ba (o r ah ac ad ag az))
o ba bd be bb bc bf az bg = bg ar t ax (ad bc bd) y u ad
p bg bb be bf bd ba bc az = w r aw (aj ae be)
q az ba = az ab ba c (ba ag (e c ab) af e aw)
r az bc bb ba = y x l af (p ad v g t am ba p) ai a
s bc bd be ba bb az bf = bc ae h a t m at bd an am (n ba al o ai f)
t az bb be bc bd ba = am an x d (a aa d (au b bc m ad))
u az bf bc ba be bd bg bb = ab az az o bd t r o be a
v bd bb bc ba az be bf = ar at x az y bf (j (ai x s))
w az bb ba bd bc = ba ad n bd f (ae az v ae) (o m (h ar t))
x bb az ba bc = g bc am (aw ag (aw v az k y c) n au)
y ba bc bb az = bc i ao
z az be bf bd bg bc ba bb = aq y
aa ba az bb = az ac (ao (k r (af z) az d au b) (ao t b ac))
ab az = t az au y g a (aa az)
ac bc bd az bb ba = g bb ab l n ab aq ba g
ad bd bb bf az bg be ba bc = bc k (av ae) av (ba p az bf)
ae bc bd bf ba bb be az bg = y (ak f ag) (ao (an ao) ah) (ar b av i ak d b)
af az bb ba = aj aw ba aj n ap ab ah aa z ba ap az
ag ba be az bd bb bc = t (az (i c k bb bb)) o f
ah bd az ba bb bc = ac at ax n s am af k z ak l bb l ax
ai bc be bb ba bd az = bc v aw o ax ag e ba g o ax ac aw (ar h)
aj bc be az bd bb bf bg ba = h af a al p (ad (n ar ab))
ak bb bf ba bd az be bc = h x ay d ba bb al s v h bd (an a h a)
al = s at (l aa y) c (at ax ar) z am
am be ba bb bd bc az = ba m a c al (p (az ba k (an be ak ba af ak)))
an be az bd bb bc ba = at p n bb c be (s ac)
ao bc bg bb bf bd be az ba = y ba (bf (aw g) z h ai)
ap be bb az bc bd ba = r b (bd o) (r z (au ae k x ay o))
aq bb az bc ba = l am t g bc ai ao j aj y
ar ba az bb bc = e ao aq an d (ao ah ao) z at bb al y r w c
at bb az ba = t aa ah ap (q bb) k az ar az ba ac q an e v
au bb bd az bc bf ba bg be = h af u bd (ab bc ba ay s aq ai av)
av bd ba bc bb az be = w at l x (y ae (ae (o (bb ao be) ay af ao be)))
aw ba az bb = ad ax w ad al az av an af (d p) aj az (af i)
ax ba bb az = ba aw y a aj aw y h ak al av bb at aj ao
ay az ba = ax (q az ab av (t x ac au))
main = z A B aq f ap C D E F G H ab c x I x q j J (K d aj ak L M k m p (N ao ay at) aa au (O P Q ac (ak ak v (ay x R) ab w S) y z av) ai T) U V W am am aj z g (X ar aw o (z t aq)) av ax Y Z (ag au m (ae f) ad u ag ac) u n (AA aj b (ao n) q) (at v ag) p t r (AB AC an ax n)
------------------------------------------------------------
z A B aq f ap C D E F G H ab c x I x q j J (K d aj ak L M k m p (N ao ay at) aa au (O P Q ac (ak ak v (ay x R) ab w S) y z av) ai T) U V W am am aj z g (X ar aw o (z t aq)) av ax Y Z (ag au m (ae f) ad u ag ac) u n (AA aj b (ao n) q) (at v ag) p t r (AB AC an ax n)
aq y F G H ab c x I x q j J (K d aj ak L M k m p (N ao ay at) aa au (O P Q ac (ak ak v (ay x R) ab w S) y z av) ai T) U V W am am aj z g (X ar aw o (z t aq)) av ax Y Z (ag au m (ae f) ad u ag ac) u n (AA aj b (ao n) q) (at v ag) p t r (AB AC an ax n)
l am t g G ai ao j aj y ab c x I x q j J (K d aj ak L M k m p (N ao ay at) aa au (O P Q ac (ak ak v (ay x R) ab w S) y z av) ai T) U V W am am aj z g (X ar aw o (z t aq)) av ax Y Z (ag au m (ae f) ad u ag ac) u n (AA aj b (ao n) q) (at v ag) p t r (AB AC an ax n)
g aj p (n ab) G ai ao j aj y ab c x I x q j J (K d aj ak L M k m p (N ao ay at) aa au (O P Q ac (ak ak v (ay x R) ab w S) y z av) ai T) U V W am am aj z g (X ar aw o (z t aq)) av ax Y Z (ag au m (ae f) ad u ag ac) u n (AA aj b (ao n) q) (at v ag) p t r (AB AC an ax n)
aq aj (u ab) d k an am ah ai ae al x j aj y ab c x I x q j J (K d aj ak L M k m p (N ao ay at) aa au (O P Q ac (ak ak v (ay x R) ab w S) y z av) ai T) U V W am am aj z g (X ar aw o (z t aq)) av ax Y Z (ag au m (ae f) ad u ag ac) u n (AA aj b (ao n) q) (at v ag) p t r (AB AC an ax n)
l am t g d ai ao j aj y an am ah ai ae al x j aj y ab c x I x q j J (K d aj ak L M k m p (N ao ay at) aa au (O P Q ac (ak ak v (ay x R) ab w S) y z av) ai T) U V W am am aj z g (X ar aw o (z t aq)) av ax Y Z (ag au m (ae f) ad u ag ac) u n (AA aj b (ao n) q) (at v ag) p t r (AB AC an ax n)
g aj p (n ab) d ai ao j aj y an am ah ai ae al x j aj y ab c x I x q j J (K d aj ak L M k m p (N ao ay at) aa au (O P Q ac (ak ak v (ay x R) ab w S) y z av) ai T) U V W am am aj z g (X ar aw o (z t aq)) av ax Y Z (ag au m (ae f) ad u ag ac) u n (AA aj b (ao n) q) (at v ag) p t r (AB AC an ax n)
aq aj (u ab) d k an am ah ai ae al x j aj y an am ah ai ae al x j aj y ab c x I x q j J (K d aj ak L M k m p (N ao ay at) aa au (O P Q ac (ak ak v (ay x R) ab w S) y z av) ai T) U V W am am aj z g (X ar aw o (z t aq)) av ax Y Z (ag au m (ae f) ad u ag ac) u n (AA aj b (ao n) q) (at v ag) p t r (AB AC an ax n)
l am t g d ai ao j aj y an am ah ai ae al x j aj y an am ah ai ae al x j aj y ab c x I x q j J (K d aj ak L M k m p (N ao ay at) aa au (O P Q ac (ak ak v (ay x R) ab w S) y z av) ai T) U V W am am aj z g (X ar aw o (z t aq)) av ax Y Z (ag au m (ae f) ad u ag ac) u n (AA aj b (ao n) q) (at v ag) p t r (AB AC an ax n)
g aj p (n ab) d ai ao j aj y an am ah ai ae al x j aj y an am ah ai ae al x j aj y ab c x I x q j J (K d aj ak L M k m p (N ao ay at) aa au (O P Q ac (ak ak v (ay x R) ab w S) y z av) ai T) U V W am am aj z g (X ar aw o (z t aq)) av ax Y Z (ag au m (ae f) ad u ag ac) u n (AA aj b (ao n) q) (at v ag) p t r (AB AC an ax n)
aq aj (u ab) d k an am ah ai ae al x j aj y an am ah ai ae al x j aj y an am ah ai ae al x j aj y ab c x I x q j J (K d aj ak L M k m p (N ao ay at) aa au (O P Q ac (ak ak v (ay x R) ab w S) y z av) ai T) U V W am am aj z g (X ar aw o (z t aq)) av ax Y Z (ag au m (ae f) ad u ag ac) u n (AA aj b (ao n) q) (at v ag) p t r (AB AC an ax n)
l am t g d ai ao j aj y an am ah ai ae al x j aj y an am ah ai ae al x j aj y an am ah ai ae al x j aj y ab c x I x q j J (K d aj ak L M k m p (N ao ay at) aa au (O P Q ac (ak ak v (ay x R) ab w S) y z av) ai T) U V W am am aj z g (X ar aw o (z t aq)) av ax Y Z (ag au m (ae f) ad u ag ac) u n (AA aj b (ao n) q) (at v ag) p t r (AB AC an ax n)
g aj p (n ab) d ai ao j aj y an am ah ai ae al x j aj y an am ah ai ae al x j aj y an am ah ai ae al x j aj y ab c x I x q j J (K d aj ak L M k m p (N ao ay at) aa au (O P Q ac (ak ak v (ay x R) ab w S) y z av) ai T) U V W am am aj z g (X ar aw o (z t aq)) av ax Y Z (ag au m (ae f) ad u ag ac) u n (AA aj b (ao n) q) (at v ag) p t r (AB AC an ax n)
aq aj (u ab) d k an am ah ai ae al x j aj y an am ah ai ae al x j aj y an am ah ai ae al x j aj y an am ah ai ae al x j aj y ab c x I x q j J (K d aj ak L M k m p (N ao ay at) aa au (O P Q ac (ak ak v (ay x R) ab w S) y z av) ai T) U V W am am aj z g (X ar aw o (z t aq)) av ax Y Z (ag au m (ae f) ad u ag ac) u n (AA aj b (ao n) q) (at v ag) p t r (AB AC an ax n)
l am t g d ai ao j aj y an am ah ai ae al x j aj y an am ah ai ae al x j aj y an am ah ai ae al x j aj y an am ah ai ae al x j aj y ab c x I x q j J (K d aj ak L M k m p (N ao ay at) aa au (O P Q ac (ak ak v (ay x R) ab w S) y z av) ai T) U V W am am aj z g (X ar aw o (z t aq)) av ax Y Z (ag au m (ae f) ad u ag ac) u n (AA aj b (ao n) q) (at v ag) p t r (AB AC an ax n)
g aj p (n ab) d ai ao j aj y an am ah ai ae al x j aj y an am ah ai ae al x j aj y an am ah ai ae al x j aj y an am ah ai ae al x j aj y ab c x I x q j J (K d aj ak L M k m p (N ao ay at) aa au (O P Q ac (ak ak v (ay x R) ab w S) y z av) ai T) U V W am am aj z g (X ar aw o (z t aq)) av ax Y Z (ag au m (ae f) ad u ag ac) u n (AA aj b (ao n) q) (at v ag) p t r (AB AC an ax n)
aq aj (u ab) d k an am ah ai ae al x j aj y an am ah ai ae al x j aj y an am ah ai ae al x j aj y an am ah ai ae al x j aj y an am ah ai ae al x j aj y ab c x I x q j J (K d aj ak L M k m p (N ao ay at) aa au (O P Q ac (ak ak v (ay x R) ab w S) y z av) ai T) U V W am am aj z g (X ar aw o (z t aq)) av ax Y Z (ag au m (ae f) ad u ag ac) u n (AA aj b (ao n) q) (at v ag) p t r (AB AC an ax n)
l am t g d ai ao j aj y an am ah ai ae al x j aj y an am ah ai ae al x j aj y an am ah ai ae al x j aj y an am ah ai ae al x j aj y an am ah ai ae al x j aj y ab c x I x q j J (K d aj ak L M k m p (N ao ay at) aa au (O P Q ac (ak ak v (ay x R) ab w S) y z av) ai T) U V W am am aj z g (X ar aw o (z t aq)) av ax Y Z (ag au m (ae f) ad u ag ac) u n (AA aj b (ao n) q) (at v ag) p t r (AB AC an ax n)
g aj p (n ab) d ai ao j aj y an am ah ai ae al x j aj y an am ah ai ae al x j aj y an am ah ai ae al x j aj y an am ah ai ae al x j aj y an am ah ai ae al x j aj y ab c x I x q j J (K d aj ak L M k m p (N ao ay at) aa au (O P Q ac (ak ak v (ay x R) ab w S) y z av) ai T) U V W am am aj z g (X ar aw o (z t aq)) av ax Y Z (ag au m (ae f) ad u ag ac) u n (AA aj b (ao n) q) (at v ag) p t r (AB AC an ax n)
aq aj (u ab) d k an am ah ai ae al x j aj y an am ah ai ae al x j aj y an am ah ai ae al x j aj y an am ah ai ae al x j aj y an am ah ai ae al x j aj y an am ah ai ae al x j aj y ab c x I x q j J (K d aj ak L M k m p (N ao ay at) aa au (O P Q ac (ak ak v (ay x R) ab w S) y z av) ai T) U V W am am aj z g (X ar aw o (z t aq)) av ax Y Z (ag au m (ae f) ad u ag ac) u n (AA aj b (ao n) q) (at v ag) p t r (AB AC an ax n)
l am t g d ai ao j aj y an am ah ai ae al x j aj y an am ah ai ae al x j aj y an am ah ai ae al x j aj y an am ah ai ae al x j aj y an am ah ai ae al x j aj y an am ah ai ae al x j aj y ab c x I x q j J (K d aj ak L M k m p (N ao ay at) aa au (O P Q ac (ak ak v (ay x R) ab w S) y z av) ai T) U V W am am aj z g (X ar aw o (z t aq)) av ax Y Z (ag au m (ae f) ad u ag ac) u n (AA aj b (ao n) q) (at v ag) p t r (AB AC an ax n)
g aj p (n ab) d ai ao j aj y an am ah ai ae al x j aj y an am ah ai ae al x j aj y an am ah ai ae al x j aj y an am ah ai ae al x j aj y an am ah ai ae al x j aj y an am ah ai ae al x j aj y ab c x I x q j J (K d aj ak L M k m p (N ao ay at) aa au (O P Q ac (ak ak v (ay x R) ab w S) y z av) ai T) U V W am am aj z g (X ar aw o (z t aq)) av ax Y Z (ag au m (ae f) ad u ag ac) u n (AA aj b (ao n) q) (at v ag) p t r (AB AC an ax n)
aq aj (u ab) d k an am ah ai ae al x j aj y an am ah ai ae al x j aj y an am ah ai ae al x j aj y an am ah ai ae al x j aj y an am ah ai ae al x j aj y an am ah ai ae al x j aj y an am ah ai ae al x j aj y ab c x I x q j J (K d aj ak L M k m p (N ao ay at) aa au (O P Q ac (ak ak v (ay x R) ab w S) y z av) ai T) U V W am am aj z g (X ar aw o (z t aq)) av ax Y Z (ag au m (ae f) ad u ag ac) u n (AA aj b (ao n) q) (at v ag) p t r (AB AC an ax n)
l am t g d ai ao j aj y an am ah ai ae al x j aj y an am ah ai ae al x j aj y an am ah ai ae al x j aj y an am ah ai ae al x j aj y an am ah ai ae al x j aj y an am ah ai ae al x j aj y an am ah ai ae al x j aj y ab c x I x q j J (K d aj ak L M k m p (N ao ay at) aa au (O P Q ac (ak ak v (ay x R) ab w S) y z av) ai T) U V W am am aj z g (X ar aw o (z t aq)) av ax Y Z (ag au m (ae f) ad u ag ac) u n (AA aj b (ao n) q) (at v ag) p t r (AB AC an ax n)
g aj p (n ab) d ai ao j aj y an am ah ai ae al x j aj y an am ah ai ae al x j aj y an am ah ai ae al x j aj y an am ah ai ae al x j aj y an am ah ai ae al x j aj y an am ah ai ae al x j aj y an am ah ai ae al x j aj y ab c x I x q j J (K d aj ak L M k m p (N ao ay at) aa au (O P Q ac (ak ak v (ay x R) ab w S) y z av) ai T) U V W am am aj z g (X ar aw o (z t aq)) av ax Y Z (ag au m (ae f) ad u ag ac) u n (AA aj b (ao n) q) (at v ag) p t r (AB AC an ax n)
aq aj (u ab) d k an am ah ai ae al x j aj y an am ah ai ae al x j aj y an am ah ai ae al x j aj y an am ah ai ae al x j aj y an am ah ai ae al x j aj y an am ah ai ae al x j aj y an am ah ai ae al x j aj y an am ah ai ae al x j aj y ab c x I x q j J (K d aj ak L M k m p (N ao ay at) aa au (O P Q ac (ak ak v (ay x R) ab w S) y z av) ai T) U V W am am aj z g (X ar aw o (z t aq)) av ax Y Z (ag au m (ae f) ad u ag ac) u n (AA aj b (ao n) q) (at v ag) p t r (AB AC an ax n)
l am t g d ai ao j aj y an am ah ai ae al x j aj y an am ah ai ae al x j aj y an am ah ai ae al x j aj y an am ah ai ae al x j aj y an am ah ai ae al x j aj y an am ah ai ae al x j aj y an am ah ai ae al x j aj y an am ah ai ae al x j aj y ab c x I x q j J (K d aj ak L M k m p (N ao ay at) aa au (O P Q ac (ak ak v (ay x R) ab w S) y z av) ai T) U V W am am aj z g (X ar aw o (z t aq)) av ax Y Z (ag au m (ae f) ad u ag ac) u n (AA aj b (ao n) q) (at v ag) p t r (AB AC an ax n)
g aj p (n ab) d ai ao j aj y an am ah ai ae al x j aj y an am ah ai ae al x j aj y an am ah ai ae al x j aj y an am ah ai ae al x j aj y an am ah ai ae al x j aj y an am ah ai ae al x j aj y an am ah ai ae al x j aj y an am ah ai ae al x j aj y ab c x I x q j J (K d aj ak L M k m p (N ao ay at) aa au (O P Q ac (ak ak v (ay x R) ab w S) y z av) ai T) U V W am am aj z g (X ar aw o (z t aq)) av ax Y Z (ag au m (ae f) ad u ag ac) u n (AA aj b (ao n) q) (at v ag) p t r (AB AC an ax n)
aq aj (u ab) d k an am ah ai ae al x j aj y an am ah ai ae al x j aj y an am ah ai ae al x j aj y an am ah ai ae al x j aj y an am ah ai ae al x j aj y an am ah ai ae al x j aj y an am ah ai ae al x j aj y an am ah ai ae al x j aj y an am ah ai ae al x j aj y ab c x I x q j J (K d aj ak L M k m p (N ao ay at) aa au (O P Q ac (ak ak v (ay x R) ab w S) y z av) ai T) U V W am am aj z g (X ar aw o (z t aq)) av ax Y Z (ag au m (ae f) ad u ag ac) u n (AA aj b (ao n) q) (at v ag) p t r (AB AC an ax n)
l am t g d ai ao j aj y an am ah ai ae al x j aj y an am ah ai ae al x j aj y an am ah ai ae al x j aj y an am ah ai ae al x j aj y an am ah ai ae al x j aj y an am ah ai ae al x j aj y an am ah ai ae al x j aj y an am ah ai ae al x j aj y an am ah ai ae al x j aj y ab c x I x q j J (K d aj ak L M k m p (N ao ay at) aa au (O P Q ac (ak ak v (ay x R) ab w S) y z av) ai T) U V W am am aj z g (X ar aw o (z t aq)) av ax Y Z (ag au m (ae f) ad u ag ac) u n (AA aj b (ao n) q) (at v ag) p t r (AB AC an ax n)


