a bb az bc ba bd bg be bf = ar bg ar s p r k (bf aa (ba ak am) v)
b bc bb az ba = p ag ae s ak o (q s o az aj d) q
c ba az = l az (av q aq ao a (o an p az aa an ag ba m))
d = ay k f h at ae ay r (h aq (h an ab))
e bb az ba = aw (aj aw aj (ax az) (t w) k) v
f az ba bb bc = l an ae ad ab q ac av at ac s at ba k x bc
g az bc bd ba bb = ab ax w ba
h ba bc be bg bf az bb bd = ba ac (y au ar) s ar s o ao m r (k b bd ap)
i ba bb az = al f av z ap az an r (ar (aa ao j))
j ba bd bg az be bb bc bf = w l i be ai y q (aj (bg (w (o z au) e h) ad))
k bd bf bc ba az be bb = ag af az be ah b av (j av r (x o bf aw))
l bd bc ba az bb = az at ar b f (z ag e k ba d ao aj r)
m bb az ba = ar az q aa l at (aa au e (z ac ar))
n bd bb az bc be ba = r x p az ac az p r bd ah ba (am ak) ae
o bc az bb ba bd = g aj ax (bb (v v b ab)) (ay bd) t b ah x bb ay
p ba az bb bc = u q bb (ak u) t (aa z) bb ao n w d y ar
q bd az bc ba bb = i aq az l bc x (ai ba) n y d
r ba bd az bb bc = a q bd j ao aq ba ao ao am
s ba az = l (u (af b ao (o q ah) f ak at az az)) ao aw
t be bd bb bc bf az ba = az a p y bd bd ar
u az bf ba bc be bd bb = be (k o) ad at ax ar n x z ap z
v = ar ac af n m n ad aq al g h
w bc bf bd be az ba bb = ai c av (n ah (ap j (n h q)) ao bf m)
x bc az bb ba = ap m l an bc a d b ax h (g m) az ah
y ba az bb = ar az al ah (z t af ar an p aa ba x) t d
z bb bd az bc bg bf be ba = g bc (u (x (l (u t x ay) b i e ap i at o)))
aa bb az ba = i (af av bb ar ad an ap (ah t s) h ar ar)
ab az bb bf ba be bd bc = az w at x p ad ay ak ag h ac ba aq al g
ac az bf bc ba be bd bb = ah bc ae ah (au p bb) bd y ae au v g at c s
ad bb bc bd ba az be = ag (ap ay aw j s m ay av ar ah af) (g v) p
ae az = av af o ak (i ac az az) at h (ay c) q
af az bc ba bd bb = bc ai (j ag (aw bd z bc b q))
ag bb bd bc ba az = av g g (ba u (bc l aa (a ab q t x) af) y)
ah az ba bc bd bb = am l au (s (l ay d h x) aj)
ai bf bc ba bg az bb bd be = b s y d j x y w (af (i ad ao))
aj ba az = v an i a p b am c z
ak bd bc bb az ba = ba az av bc ap bd aa ay ap j c
al = aa ak ao e an v v c v p ad s k ag v ak
am ba bc be az bb bd bg bf = o aq ax ao ba w c a (ba ag (s av) t)
an bb az ba bc bd = bb ab (av ao) o bd ah at (h c af ak k ba ap)
ao bd bc bb be az ba = o (t ba) c ah x t bc ab f w ac aj ag
ap bb bd be bf ba bc az = t z (o be ae aj aa af bd s)
aq be az bc bg bf bd bb ba = w an ab ar (k l g be)
ar bb ba be bd az bc = an p an h w b ai m an ba af ao (k i an)
at ba bb az = az r bb bb z bb aq a l ak (f ao ao) av
au bb bd be bc az ba = y r t bd (e q (g aw) ah g ax)
av az bf bb ba be bd bc = h n q t w at (o ag) e ah
aw ba bc bb bd az = l ak aj bd (aj l (p y ah ag ah ac m))
ax az bg be ba bb bc bd bf = f r bf (b f) au j bd bb ar ad bg ab aj bg
ay ba bb az = i ad k az
main = a (A y (g aq j x s j B u af aj)) C ah y aj o (r an s b n ac ac (ax al j) w (D E ac af (ad F p s ay e w ai G ae) (ak ap q (H av ah ak) e ap n o m) x) q ao ao r (I (J aq e K al (w ae) k s b (L i f (b x f (M N O ah i d (P (Q (ag au ad av ab) g aw l o) R y ah) g aj S))))))
------------------------------------------------------------
a (A y (g aq j x s j B u af aj)) C ah y aj o (r an s b n ac ac (ax al j) w (D E ac af (ad F p s ay e w ai G ae) (ak ap q (H av ah ak) e ap n o m) x) q ao ao r (I (J aq e K al (w ae) k s b (L i f (b x f (M N O ah i d (P (Q (ag au ad av ab) g aw l o) R y ah) g aj S))))))
a (A y (ab ax w s B u af aj)) C ah y aj o (r an s b n ac ac (ax al j) w (D E ac af (ad F p s ay e w ai G ae) (ak ap q (H av ah ak) e ap n o m) x) q ao ao r (I (J aq e K al (w ae) k s b (L i f (b x f (M N O ah i d (P (Q (ag au ad av ab) g aw l o) R y ah) g aj S))))))
a (A y (ax w at x p ad ay ak ag h ac B aq al g)) C ah y aj o (r an s b n ac ac (ax al j) w (D E ac af (ad F p s ay e w ai G ae) (ak ap q (H av ah ak) e ap n o m) x) q ao ao r (I (J aq e K al (w ae) k s b (L i f (b x f (M N O ah i d (P (Q (ag au ad av ab) g aw l o) R y ah) g aj S))))))
a (A y (f r ag (b f) au j ak ad ar ad at ab aj at h ac B aq al g)) C ah y aj o (r an s b n ac ac (ax al j) w (D E ac af (ad F p s ay e w ai G ae) (ak ap q (H av ah ak) e ap n o m) x) q ao ao r (I (J aq e K al (w ae) k s b (L i f (b x f (M N O ah i d (P (Q (ag au ad av ab) g aw l o) R y ah) g aj S))))))
a (A y (l an ae ad ab q ac av at ac s at ag k x au j ak ad ar ad at ab aj at h ac B aq al g)) C ah y aj o (r an s b n ac ac (ax al j) w (D E ac af (ad F p s ay e w ai G ae) (ak ap q (H av ah ak) e ap n o m) x) q ao ao r (I (J aq e K al (w ae) k s b (L i f (b x f (M N O ah i d (P (Q (ag au ad av ab) g aw l o) R y ah) g aj S))))))
a (A y (ab at ar b f (z ag e k ad d ao aj r) ac av at ac s at ag k x au j ak ad ar ad at ab aj at h ac B aq al g)) C ah y aj o (r an s b n ac ac (ax al j) w (D E ac af (ad F p s ay e w ai G ae) (ak ap q (H av ah ak) e ap n o m) x) q ao ao r (I (J aq e K al (w ae) k s b (L i f (b x f (M N O ah i d (P (Q (ag au ad av ab) g aw l o) R y ah) g aj S))))))
a (A y (at w at x p ad ay ak ag h ac f aq al g at ac s at ag k x au j ak ad ar ad at ab aj at h ac B aq al g)) C ah y aj o (r an s b n ac ac (ax al j) w (D E ac af (ad F p s ay e w ai G ae) (ak ap q (H av ah ak) e ap n o m) x) q ao ao r (I (J aq e K al (w ae) k s b (L i f (b x f (M N O ah i d (P (Q (ag au ad av ab) g aw l o) R y ah) g aj S))))))
a (A y (x r at at z at aq a l ak (f ao ao) av p ad ay ak ag h ac f aq al g at ac s at ag k x au j ak ad ar ad at ab aj at h ac B aq al g)) C ah y aj o (r an s b n ac ac (ax al j) w (D E ac af (ad F p s ay e w ai G ae) (ak ap q (H av ah ak) e ap n o m) x) q ao ao r (I (J aq e K al (w ae) k s b (L i f (b x f (M N O ah i d (P (Q (ag au ad av ab) g aw l o) R y ah) g aj S))))))
a (A y (ap m l an r a d b ax h (g m) at ah at aq a l ak (f ao ao) av p ad ay ak ag h ac f aq al g at ac s at ag k x au j ak ad ar ad at ab aj at h ac B aq al g)) C ah y aj o (r an s b n ac ac (ax al j) w (D E ac af (ad F p s ay e w ai G ae) (ak ap q (H av ah ak) e ap n o m) x) q ao ao r (I (J aq e K al (w ae) k s b (L i f (b x f (M N O ah i d (P (Q (ag au ad av ab) g aw l o) R y ah) g aj S))))))
a (A y (t z (o an ae aj aa af l s) ax h (g m) at ah at aq a l ak (f ao ao) av p ad ay ak ag h ac f aq al g at ac s at ag k x au j ak ad ar ad at ab aj at h ac B aq al g)) C ah y aj o (r an s b n ac ac (ax al j) w (D E ac af (ad F p s ay e w ai G ae) (ak ap q (H av ah ak) e ap n o m) x) q ao ao r (I (J aq e K al (w ae) k s b (L i f (b x f (M N O ah i d (P (Q (ag au ad av ab) g aw l o) R y ah) g aj S))))))
a (A y (at a p y (o an ae aj aa af l s) (o an ae aj aa af l s) ar at aq a l ak (f ao ao) av p ad ay ak ag h ac f aq al g at ac s at ag k x au j ak ad ar ad at ab aj at h ac B aq al g)) C ah y aj o (r an s b n ac ac (ax al j) w (D E ac af (ad F p s ay e w ai G ae) (ak ap q (H av ah ak) e ap n o m) x) q ao ao r (I (J aq e K al (w ae) k s b (L i f (b x f (M N O ah i d (P (Q (ag au ad av ab) g aw l o) R y ah) g aj S))))))
a (A y (y r p p z p aq a l ak (f ao ao) av (o an ae aj aa af l s) (o an ae aj aa af l s) ar at aq a l ak (f ao ao) av p ad ay ak ag h ac f aq al g at ac s at ag k x au j ak ad ar ad at ab aj at h ac B aq al g)) C ah y aj o (r an s b n ac ac (ax al j) w (D E ac af (ad F p s ay e w ai G ae) (ak ap q (H av ah ak) e ap n o m) x) q ao ao r (I (J aq e K al (w ae) k s b (L i f (b x f (M N O ah i d (P (Q (ag au ad av ab) g aw l o) R y ah) g aj S))))))
a (A y (ar p al ah (z t af ar an p aa r x) t d z p aq a l ak (f ao ao) av (o an ae aj aa af l s) (o an ae aj aa af l s) ar at aq a l ak (f ao ao) av p ad ay ak ag h ac f aq al g at ac s at ag k x au j ak ad ar ad at ab aj at h ac B aq al g)) C ah y aj o (r an s b n ac ac (ax al j) w (D E ac af (ad F p s ay e w ai G ae) (ak ap q (H av ah ak) e ap n o m) x) q ao ao r (I (J aq e K al (w ae) k s b (L i f (b x f (M N O ah i d (P (Q (ag au ad av ab) g aw l o) R y ah) g aj S))))))
a (A y (an p an h w b ai m an al af ao (k i an) z p aq a l ak (f ao ao) av (o an ae aj aa af l s) (o an ae aj aa af l s) ar at aq a l ak (f ao ao) av p ad ay ak ag h ac f aq al g at ac s at ag k x au j ak ad ar ad at ab aj at h ac B aq al g)) C ah y aj o (r an s b n ac ac (ax al j) w (D E ac af (ad F p s ay e w ai G ae) (ak ap q (H av ah ak) e ap n o m) x) q ao ao r (I (J aq e K al (w ae) k s b (L i f (b x f (M N O ah i d (P (Q (ag au ad av ab) g aw l o) R y ah) g aj S))))))
a (A y (p ab (av ao) o b ah at (h c af ak k h ap) ai m an al af ao (k i an) z p aq a l ak (f ao ao) av (o an ae aj aa af l s) (o an ae aj aa af l s) ar at aq a l ak (f ao ao) av p ad ay ak ag h ac f aq al g at ac s at ag k x au j ak ad ar ad at ab aj at h ac B aq al g)) C ah y aj o (r an s b n ac ac (ax al j) w (D E ac af (ad F p s ay e w ai G ae) (ak ap q (H av ah ak) e ap n o m) x) q ao ao r (I (J aq e K al (w ae) k s b (L i f (b x f (M N O ah i d (P (Q (ag au ad av ab) g aw l o) R y ah) g aj S))))))
a (A y (u q o (ak u) t (aa z) o ao n w d y ar ah at (h c af ak k h ap) ai m an al af ao (k i an) z p aq a l ak (f ao ao) av (o an ae aj aa af l s) (o an ae aj aa af l s) ar at aq a l ak (f ao ao) av p ad ay ak ag h ac f aq al g at ac s at ag k x au j ak ad ar ad at ab aj at h ac B aq al g)) C ah y aj o (r an s b n ac ac (ax al j) w (D E ac af (ad F p s ay e w ai G ae) (ak ap q (H av ah ak) e ap n o m) x) q ao ao r (I (J aq e K al (w ae) k s b (L i f (b x f (M N O ah i d (P (Q (ag au ad av ab) g aw l o) R y ah) g aj S))))))
a (A y (aa z (k o) ad at ax ar n x z ap z n w d y ar ah at (h c af ak k h ap) ai m an al af ao (k i an) z p aq a l ak (f ao ao) av (o an ae aj aa af l s) (o an ae aj aa af l s) ar at aq a l ak (f ao ao) av p ad ay ak ag h ac f aq al g at ac s at ag k x au j ak ad ar ad at ab aj at h ac B aq al g)) C ah y aj o (r an s b n ac ac (ax al j) w (D E ac af (ad F p s ay e w ai G ae) (ak ap q (H av ah ak) e ap n o m) x) q ao ao r (I (J aq e K al (w ae) k s b (L i f (b x f (M N O ah i d (P (Q (ag au ad av ab) g aw l o) R y ah) g aj S))))))
a (A y (i (af av z ar ad an ap (ah t s) h ar ar) at ax ar n x z ap z n w d y ar ah at (h c af ak k h ap) ai m an al af ao (k i an) z p aq a l ak (f ao ao) av (o an ae aj aa af l s) (o an ae aj aa af l s) ar at aq a l ak (f ao ao) av p ad ay ak ag h ac f aq al g at ac s at ag k x au j ak ad ar ad at ab aj at h ac B aq al g)) C ah y aj o (r an s b n ac ac (ax al j) w (D E ac af (ad F p s ay e w ai G ae) (ak ap q (H av ah ak) e ap n o m) x) q ao ao r (I (J aq e K al (w ae) k s b (L i f (b x f (M N O ah i d (P (Q (ag au ad av ab) g aw l o) R y ah) g aj S))))))
a (A y (al f av z ap ax an r (ar (aa ao j)) ar n x z ap z n w d y ar ah at (h c af ak k h ap) ai m an al af ao (k i an) z p aq a l ak (f ao ao) av (o an ae aj aa af l s) (o an ae aj aa af l s) ar at aq a l ak (f ao ao) av p ad ay ak ag h ac f aq al g at ac s at ag k x au j ak ad ar ad at ab aj at h ac B aq al g)) C ah y aj o (r an s b n ac ac (ax al j) w (D E ac af (ad F p s ay e w ai G ae) (ak ap q (H av ah ak) e ap n o m) x) q ao ao r (I (J aq e K al (w ae) k s b (L i f (b x f (M N O ah i d (P (Q (ag au ad av ab) g aw l o) R y ah) g aj S))))))
a (A y (aa ak ao e an v v c v p ad s k ag v ak f av z ap ax an r (ar (aa ao j)) ar n x z ap z n w d y ar ah at (h c af ak k h ap) ai m an al af ao (k i an) z p aq a l ak (f ao ao) av (o an ae aj aa af l s) (o an ae aj aa af l s) ar at aq a l ak (f ao ao) av p ad ay ak ag h ac f aq al g at ac s at ag k x au j ak ad ar ad at ab aj at h ac B aq al g)) C ah y aj o (r an s b n ac ac (ax al j) w (D E ac af (ad F p s ay e w ai G ae) (ak ap q (H av ah ak) e ap n o m) x) q ao ao r (I (J aq e K al (w ae) k s b (L i f (b x f (M N O ah i d (P (Q (ag au ad av ab) g aw l o) R y ah) g aj S))))))
a (A y (i (af av ak ar ad an ap (ah t s) h ar ar) an v v c v p ad s k ag v ak f av z ap ax an r (ar (aa ao j)) ar n x z ap z n w d y ar ah at (h c af ak k h ap) ai m an al af ao (k i an) z p aq a l ak (f ao ao) av (o an ae aj aa af l s) (o an ae aj aa af l s) ar at aq a l ak (f ao ao) av p ad ay ak ag h ac f aq al g at ac s at ag k x au j ak ad ar ad at ab aj at h ac B aq al g)) C ah y aj o (r an s b n ac ac (ax al j) w (D E ac af (ad F p s ay e w ai G ae) (ak ap q (H av ah ak) e ap n o m) x) q ao ao r (I (J aq e K al (w ae) k s b (L i f (b x f (M N O ah i d (P (Q (ag au ad av ab) g aw l o) R y ah) g aj S))))))
a (A y (al f av z ap v an r (ar (aa ao j)) v c v p ad s k ag v ak f av z ap ax an r (ar (aa ao j)) ar n x z ap z n w d y ar ah at (h c af ak k h ap) ai m an al af ao (k i an) z p aq a l ak (f ao ao) av (o an ae aj aa af l s) (o an ae aj aa af l s) ar at aq a l ak (f ao ao) av p ad ay ak ag h ac f aq al g at ac s at ag k x au j ak ad ar ad at ab aj at h ac B aq al g)) C ah y aj o (r an s b n ac ac (ax al j) w (D E ac af (ad F p s ay e w ai G ae) (ak ap q (H av ah ak) e ap n o m) x) q ao ao r (I (J aq e K al (w ae) k s b (L i f (b x f (M N O ah i d (P (Q (ag au ad av ab) g aw l o) R y ah) g aj S))))))
a (A y (aa ak ao e an v v c v p ad s k ag v ak f av z ap v an r (ar (aa ao j)) v c v p ad s k ag v ak f av z ap ax an r (ar (aa ao j)) ar n x z ap z n w d y ar ah at (h c af ak k h ap) ai m an al af ao (k i an) z p aq a l ak (f ao ao) av (o an ae aj aa af l s) (o an ae aj aa af l s) ar at aq a l ak (f ao ao) av p ad ay ak ag h ac f aq al g at ac s at ag k x au j ak ad ar ad at ab aj at h ac B aq al g)) C ah y aj o (r an s b n ac ac (ax al j) w (D E ac af (ad F p s ay e w ai G ae) (ak ap q (H av ah ak) e ap n o m) x) q ao ao r (I (J aq e K al (w ae) k s b (L i f (b x f (M N O ah i d (P (Q (ag au ad av ab) g aw l o) R y ah) g aj S))))))
a (A y (i (af av ak ar ad an ap (ah t s) h ar ar) an v v c v p ad s k ag v ak f av z ap v an r (ar (aa ao j)) v c v p ad s k ag v ak f av z ap ax an r (ar (aa ao j)) ar n x z ap z n w d y ar ah at (h c af ak k h ap) ai m an al af ao (k i an) z p aq a l ak (f ao ao) av (o an ae aj aa af l s) (o an ae aj aa af l s) ar at aq a l ak (f ao ao) av p ad ay ak ag h ac f aq al g at ac s at ag k x au j ak ad ar ad at ab aj at h ac B aq al g)) C ah y aj o (r an s b n ac ac (ax al j) w (D E ac af (ad F p s ay e w ai G ae) (ak ap q (H av ah ak) e ap n o m) x) q ao ao r (I (J aq e K al (w ae) k s b (L i f (b x f (M N O ah i d (P (Q (ag au ad av ab) g aw l o) R y ah) g aj S))))))
a (A y (al f av z ap v an r (ar (aa ao j)) v c v p ad s k ag v ak f av z ap v an r (ar (aa ao j)) v c v p ad s k ag v ak f av z ap ax an r (ar (aa ao j)) ar n x z ap z n w d y ar ah at (h c af ak k h ap) ai m an al af ao (k i an) z p aq a l ak (f ao ao) av (o an ae aj aa af l s) (o an ae aj aa af l s) ar at aq a l ak (f ao ao) av p ad ay ak ag h ac f aq al g at ac s at ag k x au j ak ad ar ad at ab aj at h ac B aq al g)) C ah y aj o (r an s b n ac ac (ax al j) w (D E ac af (ad F p s ay e w ai G ae) (ak ap q (H av ah ak) e ap n o m) x) q ao ao r (I (J aq e K al (w ae) k s b (L i f (b x f (M N O ah i d (P (Q (ag au ad av ab) g aw l o) R y ah) g aj S))))))
a (A y (aa ak ao e an v v c v p ad s k ag v ak f av z ap v an r (ar (aa ao j)) v c v p ad s k ag v ak f av z ap v an r (ar (aa ao j)) v c v p ad s k ag v ak f av z ap ax an r (ar (aa ao j)) ar n x z ap z n w d y ar ah at (h c af ak k h ap) ai m an al af ao (k i an) z p aq a l ak (f ao ao) av (o an ae aj aa af l s) (o an ae aj aa af l s) ar at aq a l ak (f ao ao) av p ad ay ak ag h ac f aq al g at ac s at ag k x au j ak ad ar ad at ab aj at h ac B aq al g)) C ah y aj o (r an s b n ac ac (ax al j) w (D E ac af (ad F p s ay e w ai G ae) (ak ap q (H av ah ak) e ap n o m) x) q ao ao r (I (J aq e K al (w ae) k s b (L i f (b x f (M N O ah i d (P (Q (ag au ad av ab) g aw l o) R y ah) g aj S))))))
a (A y (i (af av ak ar ad an ap (ah t s) h ar ar) an v v c v p ad s k ag v ak f av z ap v an r (ar (aa ao j)) v c v p ad s k ag v ak f av z ap v an r (ar (aa ao j)) v c v p ad s k ag v ak f av z ap ax an r (ar (aa ao j)) ar n x z ap z n w d y ar ah at (h c af ak k h ap) ai m an al af ao (k i an) z p aq a l ak (f ao ao) av (o an ae aj aa af l s) (o an ae aj aa af l s) ar at aq a l ak (f ao ao) av p ad ay ak ag h ac f aq al g at ac s at ag k x au j ak ad ar ad at ab aj at h ac B aq al g)) C ah y aj o (r an s b n ac ac (ax al j) w (D E ac af (ad F p s ay e w ai G ae) (ak ap q (H av ah ak) e ap n o m) x) q ao ao r (I (J aq e K al (w ae) k s b (L i f (b x f (M N O ah i d (P (Q (ag au ad av ab) g aw l o) R y ah) g aj S))))))
a (A y (al f av z ap v an r (ar (aa ao j)) v c v p ad s k ag v ak f av z ap v an r (ar (aa ao j)) v c v p ad s k ag v ak f av z ap v an r (ar (aa ao j)) v c v p ad s k ag v ak f av z ap ax an r (ar (aa ao j)) ar n x z ap z n w d y ar ah at (h c af ak k h ap) ai m an al af ao (k i an) z p aq a l ak (f ao ao) av (o an ae aj aa af l s) (o an ae aj aa af l s) ar at aq a l ak (f ao ao) av p ad ay ak ag h ac f aq al g at ac s at ag k x au j ak ad ar ad at ab aj at h ac B aq al g)) C ah y aj o (r an s b n ac ac (ax al j) w (D E ac af (ad F p s ay e w ai G ae) (ak ap q (H av ah ak) e ap n o m) x) q ao ao r (I (J aq e K al (w ae) k s b (L i f (b x f (M N O ah i d (P (Q (ag au ad av ab) g aw l o) R y ah) g aj S))))))
a (A y (aa ak ao e an v v c v p ad s k ag v ak f av z ap v an r (ar (aa ao j)) v c v p ad s k ag v ak f av z ap v an r (ar (aa ao j)) v c v p ad s k ag v ak f av z ap v an r (ar (aa ao j)) v c v p ad s k ag v ak f av z ap ax an r (ar (aa ao j)) ar n x z ap z n w d y ar ah at (h c af ak k h ap) ai m an al af ao (k i an) z p aq a l ak (f ao ao) av (o an ae aj aa af l s) (o an ae aj aa af l s) ar at aq a l ak (f ao ao) av p ad ay ak ag h ac f aq al g at ac s at ag k x au j ak ad ar ad at ab aj at h ac B aq al g)) C ah y aj o (r an s b n ac ac (ax al j) w (D E ac af (ad F p s ay e w ai G ae) (ak ap q (H av ah ak) e ap n o m) x) q ao ao r (I (J aq e K al (w ae) k s b (L i f (b x f (M N O ah i d (P (Q (ag au ad av ab) g aw l o) R y ah) g aj S))))))
a (A y (i (af av ak ar ad an ap (ah t s) h ar ar) an v v c v p ad s k ag v ak f av z ap v an r (ar (aa ao j)) v c v p ad s k ag v ak f av z ap v an r (ar (aa ao j)) v c v p ad s k ag v ak f av z ap v an r (ar (aa ao j)) v c v p ad s k ag v ak f av z ap ax an r (ar (aa ao j)) ar n x z ap z n w d y ar ah at (h c af ak k h ap) ai m an al af ao (k i an) z p aq a l ak (f ao ao) av (o an ae aj aa af l s) (o an ae aj aa af l s) ar at aq a l ak (f ao ao) av p ad ay ak ag h ac f aq al g at ac s at ag k x au j ak ad ar ad at ab aj at h ac B aq al g)) C ah y aj o (r an s b n ac ac (ax al j) w (D E ac af (ad F p s ay e w ai G ae) (ak ap q (H av ah ak) e ap n o m) x) q ao ao r (I (J aq e K al (w ae) k s b (L i f (b x f (M N O ah i d (P (Q (ag au ad av ab) g aw l o) R y ah) g aj S))))))


