a ba az bg bd be bc bf bb ay bc (ae av bd c) (n ay) b
b ba az r ac ba az aa (x q)
c ba be az bb bd bf bg bc ad (bd u au r bc) ab ad (y au t aw f p)
d bc bg bd ba be az bf bb v am (az au c)
e az ba bb m p bb (r az ag ap r ab) ae
f bb ba az ao (h r ae (v az o) bb bb)
g bc ba bb az bd t r au s ad m
h bd bb bc ba az be p aj aa ay (ac ax) ag ab ar aa ba k ar c az t
i bc az bd bb ba b n f e az x s k am ba ah ah
j az r ah ao y az (am f q af ah az t)
k bb bc ba bd az p n (bd g (x p ac i p (au ab x q au b)))
l ba az av aq d x u b at ae
m be bd bf bc az bb ba al f h q ae az (aq aj) ad aa l ad am c az w
n az be bc bb bd ba ae x u au (ah ba h ba am al g)
o az aj (s r ah (ao (az an g x) z))
p bd be az bb ba bc bc ae (aa (k al (c (af at t d ao ai i ap))))
q ba bc bd az bb c (ao ae) bd u d au e bd y ae ah z ba ai w
r be bb az bd ba bc y (c a) ax k (at g z u) at ay
s bd bb az bc ba ae h ac ab k av bb m an o m (v f am)
t az bf be bd ba bc bg bb n ac b (e w bg) ac d g ab z n bf f w
u bd ba bb bc az aa m ai aq ag aq ai r ar ba (am au h bc ap)
v az ba bb bc n m bc j f (au aa az al az)
w bd az ba bc bb x g i m i az a
x bb az bd bc ba bc g al w w bc af (p l ax) ao c i at az ag
y bg bf be bc az bd ba bb bf (ad al) ar ac az be f f h az ap aq e d i
z bb az ba bc x ao ap j au bc al x au ba al al ak e al
aa bg bc ba be bb az bd bf m ba q bg
ab bd ba bb az bc be aa af (be ar)
ac az bd bc ba be bb y al aa d av k d aq be b an ay r e
ad bd ba bc bb az ap aq ar av w ai av u q aa aw r af (at l)
ae az bb ba ai (ax n (a am (ba (k e ba ab ag q l) aq az)))
af ba bd az be bb bc j bc ay l l ai au ap au (d j (m (au al bd ag)))
ag az ba bd bc bb p av bd ay aq aa (al (i ar bc (w ay ah bd) i i))
ah bb ba az bc c (n (ay (ay y) au) an (ao bc g) af h) d
ai bb bc ba az bd k e b ao af a n aa j ab y k am (d b) bb
aj bf az bb bd ba bc be t ak m b ap l e (q r al)
ak az ba t h am b d w (a a (az ah) f r j)
al az bc bb bd ba ax ab ag ak aa l (bd (ag z) ar e)
am bc bb bd ba az ay ak g bd av ad e az
an az ba n a k aq g ai ac (t n m (x ap m c d))
ao az at au ab z ag az j az m
ap az ba bg bc bd bb be bf ab m z aw aq be o d i u (k j ag) bc i
aq bg bd az bc be bf ba bb ah be m ae j ac aw s f (ac (ar az av aw ar ak))
ar bb ba az bc ag g t az p ba az (u am e az)
at az bb ba e x x ba ar ac m
au az k az az ak az
av be ba bd bc az bb aa (o j (bb a i am az) ak bd b h k f) aa
aw bf ba bb bc be bg bd az bd ai b (e w e ae) aa aa a at at u bf c t
ax bd az bb ba be bc o ad aa d al (j t aa t) ay q c k bc
ay be ba az bd bb bc e s ar a n w au aw ai s bd ak p a
main at (A a al) b ao B f ar x C k av ak D aq E F G c u ak H (u I f (i ah J (j K h (L ar M ap aj p ab a (ax ai N)) ap) t c (O P n e an s z (ak k ak Q ax ah i av (R f (l (aw (m t) au c e) (aq S q) aa am au))) s T w f U) (V an aa W X (Y Z o aj) p s q ag (AA av) AB) at s ab))
------------------------------------------------------------
at (A a al) b ao B f ar x C k av ak D aq E F G c u ak H (u I f (i ah J (j K h (L ar M ap aj p ab a (ax ai N)) ap) t c (O P n e an s z (ak k ak Q ax ah i av (R f (l (aw (m t) au c e) (aq S q) aa am au))) s T w f U) (V an aa W X (Y Z o aj) p s q ag (AA av) AB) at s ab))
e x x ao ar ac m B f ar x C k av ak D aq E F G c u ak H (u I f (i ah J (j K h (L ar M ap aj p ab a (ax ai N)) ap) t c (O P n e an s z (ak k ak Q ax ah i av (R f (l (aw (m t) au c e) (aq S q) aa am au))) s T w f U) (V an aa W X (Y Z o aj) p s q ag (AA av) AB) at s ab))
m p ao (r x ag ap r ab) ae ar ac m B f ar x C k av ak D aq E F G c u ak H (u I f (i ah J (j K h (L ar M ap aj p ab a (ax ai N)) ap) t c (O P n e an s z (ak k ak Q ax ah i av (R f (l (aw (m t) au c e) (aq S q) aa am au))) s T w f U) (V an aa W X (Y Z o aj) p s q ag (AA av) AB) at s ab))
al f h q ae ar (aq aj) ad aa l ad am c ar w B f ar x C k av ak D aq E F G c u ak H (u I f (i ah J (j K h (L ar M ap aj p ab a (ax ai N)) ap) t c (O P n e an s z (ak k ak Q ax ah i av (R f (l (aw (m t) au c e) (aq S q) aa am au))) s T w f U) (V an aa W X (Y Z o aj) p s q ag (AA av) AB) at s ab))
ax ab ag ak aa l (ae (ag z) ar e) (aq aj) ad aa l ad am c ar w B f ar x C k av ak D aq E F G c u ak H (u I f (i ah J (j K h (L ar M ap aj p ab a (ax ai N)) ap) t c (O P n e an s z (ak k ak Q ax ah i av (R f (l (aw (m t) au c e) (aq S q) aa am au))) s T w f U) (V an aa W X (Y Z o aj) p s q ag (AA av) AB) at s ab))
o ad aa d al (j t aa t) ay q c k (ae (ag z) ar e) (aq aj) ad aa l ad am c ar w B f ar x C k av ak D aq E F G c u ak H (u I f (i ah J (j K h (L ar M ap aj p ab a (ax ai N)) ap) t c (O P n e an s z (ak k ak Q ax ah i av (R f (l (aw (m t) au c e) (aq S q) aa am au))) s T w f U) (V an aa W X (Y Z o aj) p s q ag (AA av) AB) at s ab))
aj (s r ah (ao (ad an g x) z)) aa d al (j t aa t) ay q c k (ae (ag z) ar e) (aq aj) ad aa l ad am c ar w B f ar x C k av ak D aq E F G c u ak H (u I f (i ah J (j K h (L ar M ap aj p ab a (ax ai N)) ap) t c (O P n e an s z (ak k ak Q ax ah i av (R f (l (aw (m t) au c e) (aq S q) aa am au))) s T w f U) (V an aa W X (Y Z o aj) p s q ag (AA av) AB) at s ab))
t ak m b ap l e (q r al) c k (ae (ag z) ar e) (aq aj) ad aa l ad am c ar w B f ar x C k av ak D aq E F G c u ak H (u I f (i ah J (j K h (L ar M ap aj p ab a (ax ai N)) ap) t c (O P n e an s z (ak k ak Q ax ah i av (R f (l (aw (m t) au c e) (aq S q) aa am au))) s T w f U) (V an aa W X (Y Z o aj) p s q ag (AA av) AB) at s ab))
n ac b (e w (q r al)) ac d g ab z n m f w k (ae (ag z) ar e) (aq aj) ad aa l ad am c ar w B f ar x C k av ak D aq E F G c u ak H (u I f (i ah J (j K h (L ar M ap aj p ab a (ax ai N)) ap) t c (O P n e an s z (ak k ak Q ax ah i av (R f (l (aw (m t) au c e) (aq S q) aa am au))) s T w f U) (V an aa W X (Y Z o aj) p s q ag (AA av) AB) at s ab))
ae x u au (ah g h g am al g) ab z n m f w k (ae (ag z) ar e) (aq aj) ad aa l ad am c ar w B f ar x C k av ak D aq E F G c u ak H (u I f (i ah J (j K h (L ar M ap aj p ab a (ax ai N)) ap) t c (O P n e an s z (ak k ak Q ax ah i av (R f (l (aw (m t) au c e) (aq S q) aa am au))) s T w f U) (V an aa W X (Y Z o aj) p s q ag (AA av) AB) at s ab))
ai (ax n (a am (au (k e au ab ag q l) aq x))) (ah g h g am al g) ab z n m f w k (ae (ag z) ar e) (aq aj) ad aa l ad am c ar w B f ar x C k av ak D aq E F G c u ak H (u I f (i ah J (j K h (L ar M ap aj p ab a (ax ai N)) ap) t c (O P n e an s z (ak k ak Q ax ah i av (R f (l (aw (m t) au c e) (aq S q) aa am au))) s T w f U) (V an aa W X (Y Z o aj) p s q ag (AA av) AB) at s ab))
k e b ao af a n aa j ab y k am (d b) (ax n (a am (au (k e au ab ag q l) aq x))) m f w k (ae (ag z) ar e) (aq aj) ad aa l ad am c ar w B f ar x C k av ak D aq E F G c u ak H (u I f (i ah J (j K h (L ar M ap aj p ab a (ax ai N)) ap) t c (O P n e an s z (ak k ak Q ax ah i av (R f (l (aw (m t) au c e) (aq S q) aa am au))) s T w f U) (V an aa W X (Y Z o aj) p s q ag (AA av) AB) at s ab))
p n (af g (x p ac i p (au ab x q au b))) n aa j ab y k am (d b) (ax n (a am (au (k e au ab ag q l) aq x))) m f w k (ae (ag z) ar e) (aq aj) ad aa l ad am c ar w B f ar x C k av ak D aq E F G c u ak H (u I f (i ah J (j K h (L ar M ap aj p ab a (ax ai N)) ap) t c (O P n e an s z (ak k ak Q ax ah i av (R f (l (aw (m t) au c e) (aq S q) aa am au))) s T w f U) (V an aa W X (Y Z o aj) p s q ag (AA av) AB) at s ab))
ab ae (aa (k al (c (af at t d ao ai i ap)))) y k am (d b) (ax n (a am (au (k e au ab ag q l) aq x))) m f w k (ae (ag z) ar e) (aq aj) ad aa l ad am c ar w B f ar x C k av ak D aq E F G c u ak H (u I f (i ah J (j K h (L ar M ap aj p ab a (ax ai N)) ap) t c (O P n e an s z (ak k ak Q ax ah i av (R f (l (aw (m t) au c e) (aq S q) aa am au))) s T w f U) (V an aa W X (Y Z o aj) p s q ag (AA av) AB) at s ab))
aa af (d b ar) (ax n (a am (au (k e au ab ag q l) aq x))) m f w k (ae (ag z) ar e) (aq aj) ad aa l ad am c ar w B f ar x C k av ak D aq E F G c u ak H (u I f (i ah J (j K h (L ar M ap aj p ab a (ax ai N)) ap) t c (O P n e an s z (ak k ak Q ax ah i av (R f (l (aw (m t) au c e) (aq S q) aa am au))) s T w f U) (V an aa W X (Y Z o aj) p s q ag (AA av) AB) at s ab))
m (ax n (a am (au (k e au ab ag q l) aq x))) q af (aq aj) ad aa l ad am c ar w B f ar x C k av ak D aq E F G c u ak H (u I f (i ah J (j K h (L ar M ap aj p ab a (ax ai N)) ap) t c (O P n e an s z (ak k ak Q ax ah i av (R f (l (aw (m t) au c e) (aq S q) aa am au))) s T w f U) (V an aa W X (Y Z o aj) p s q ag (AA av) AB) at s ab))
al f h q ae ad (aq aj) ad aa l ad am c ad w ad am c ar w B f ar x C k av ak D aq E F G c u ak H (u I f (i ah J (j K h (L ar M ap aj p ab a (ax ai N)) ap) t c (O P n e an s z (ak k ak Q ax ah i av (R f (l (aw (m t) au c e) (aq S q) aa am au))) s T w f U) (V an aa W X (Y Z o aj) p s q ag (AA av) AB) at s ab))
ax ab ag ak aa l (ae (ag z) ar e) (aq aj) ad aa l ad am c ad w ad am c ar w B f ar x C k av ak D aq E F G c u ak H (u I f (i ah J (j K h (L ar M ap aj p ab a (ax ai N)) ap) t c (O P n e an s z (ak k ak Q ax ah i av (R f (l (aw (m t) au c e) (aq S q) aa am au))) s T w f U) (V an aa W X (Y Z o aj) p s q ag (AA av) AB) at s ab))
o ad aa d al (j t aa t) ay q c k (ae (ag z) ar e) (aq aj) ad aa l ad am c ad w ad am c ar w B f ar x C k av ak D aq E F G c u ak H (u I f (i ah J (j K h (L ar M ap aj p ab a (ax ai N)) ap) t c (O P n e an s z (ak k ak Q ax ah i av (R f (l (aw (m t) au c e) (aq S q) aa am au))) s T w f U) (V an aa W X (Y Z o aj) p s q ag (AA av) AB) at s ab))
aj (s r ah (ao (ad an g x) z)) aa d al (j t aa t) ay q c k (ae (ag z) ar e) (aq aj) ad aa l ad am c ad w ad am c ar w B f ar x C k av ak D aq E F G c u ak H (u I f (i ah J (j K h (L ar M ap aj p ab a (ax ai N)) ap) t c (O P n e an s z (ak k ak Q ax ah i av (R f (l (aw (m t) au c e) (aq S q) aa am au))) s T w f U) (V an aa W X (Y Z o aj) p s q ag (AA av) AB) at s ab))
t ak m b ap l e (q r al) c k (ae (ag z) ar e) (aq aj) ad aa l ad am c ad w ad am c ar w B f ar x C k av ak D aq E F G c u ak H (u I f (i ah J (j K h (L ar M ap aj p ab a (ax ai N)) ap) t c (O P n e an s z (ak k ak Q ax ah i av (R f (l (aw (m t) au c e) (aq S q) aa am au))) s T w f U) (V an aa W X (Y Z o aj) p s q ag (AA av) AB) at s ab))
n ac b (e w (q r al)) ac d g ab z n m f w k (ae (ag z) ar e) (aq aj) ad aa l ad am c ad w ad am c ar w B f ar x C k av ak D aq E F G c u ak H (u I f (i ah J (j K h (L ar M ap aj p ab a (ax ai N)) ap) t c (O P n e an s z (ak k ak Q ax ah i av (R f (l (aw (m t) au c e) (aq S q) aa am au))) s T w f U) (V an aa W X (Y Z o aj) p s q ag (AA av) AB) at s ab))
ae x u au (ah g h g am al g) ab z n m f w k (ae (ag z) ar e) (aq aj) ad aa l ad am c ad w ad am c ar w B f ar x C k av ak D aq E F G c u ak H (u I f (i ah J (j K h (L ar M ap aj p ab a (ax ai N)) ap) t c (O P n e an s z (ak k ak Q ax ah i av (R f (l (aw (m t) au c e) (aq S q) aa am au))) s T w f U) (V an aa W X (Y Z o aj) p s q ag (AA av) AB) at s ab))
ai (ax n (a am (au (k e au ab ag q l) aq x))) (ah g h g am al g) ab z n m f w k (ae (ag z) ar e) (aq aj) ad aa l ad am c ad w ad am c ar w B f ar x C k av ak D aq E F G c u ak H (u I f (i ah J (j K h (L ar M ap aj p ab a (ax ai N)) ap) t c (O P n e an s z (ak k ak Q ax ah i av (R f (l (aw (m t) au c e) (aq S q) aa am au))) s T w f U) (V an aa W X (Y Z o aj) p s q ag (AA av) AB) at s ab))
k e b ao af a n aa j ab y k am (d b) (ax n (a am (au (k e au ab ag q l) aq x))) m f w k (ae (ag z) ar e) (aq aj) ad aa l ad am c ad w ad am c ar w B f ar x C k av ak D aq E F G c u ak H (u I f (i ah J (j K h (L ar M ap aj p ab a (ax ai N)) ap) t c (O P n e an s z (ak k ak Q ax ah i av (R f (l (aw (m t) au c e) (aq S q) aa am au))) s T w f U) (V an aa W X (Y Z o aj) p s q ag (AA av) AB) at s ab))
p n (af g (x p ac i p (au ab x q au b))) n aa j ab y k am (d b) (ax n (a am (au (k e au ab ag q l) aq x))) m f w k (ae (ag z) ar e) (aq aj) ad aa l ad am c ad w ad am c ar w B f ar x C k av ak D aq E F G c u ak H (u I f (i ah J (j K h (L ar M ap aj p ab a (ax ai N)) ap) t c (O P n e an s z (ak k ak Q ax ah i av (R f (l (aw (m t) au c e) (aq S q) aa am au))) s T w f U) (V an aa W X (Y Z o aj) p s q ag (AA av) AB) at s ab))
ab ae (aa (k al (c (af at t d ao ai i ap)))) y k am (d b) (ax n (a am (au (k e au ab ag q l) aq x))) m f w k (ae (ag z) ar e) (aq aj) ad aa l ad am c ad w ad am c ar w B f ar x C k av ak D aq E F G c u ak H (u I f (i ah J (j K h (L ar M ap aj p ab a (ax ai N)) ap) t c (O P n e an s z (ak k ak Q ax ah i av (R f (l (aw (m t) au c e) (aq S q) aa am au))) s T w f U) (V an aa W X (Y Z o aj) p s q ag (AA av) AB) at s ab))
aa af (d b ar) (ax n (a am (au (k e au ab ag q l) aq x))) m f w k (ae (ag z) ar e) (aq aj) ad aa l ad am c ad w ad am c ar w B f ar x C k av ak D aq E F G c u ak H (u I f (i ah J (j K h (L ar M ap aj p ab a (ax ai N)) ap) t c (O P n e an s z (ak k ak Q ax ah i av (R f (l (aw (m t) au c e) (aq S q) aa am au))) s T w f U) (V an aa W X (Y Z o aj) p s q ag (AA av) AB) at s ab))
m (ax n (a am (au (k e au ab ag q l) aq x))) q af (aq aj) ad aa l ad am c ad w ad am c ar w B f ar x C k av ak D aq E F G c u ak H (u I f (i ah J (j K h (L ar M ap aj p ab a (ax ai N)) ap) t c (O P n e an s z (ak k ak Q ax ah i av (R f (l (aw (m t) au c e) (aq S q) aa am au))) s T w f U) (V an aa W X (Y Z o aj) p s q ag (AA av) AB) at s ab))
al f h q ae ad (aq aj) ad aa l ad am c ad w ad am c ad w ad am c ar w B f ar x C k av ak D aq E F G c u ak H (u I f (i ah J (j K h (L ar M ap aj p ab a (ax ai N)) ap) t c (O P n e an s z (ak k ak Q ax ah i av (R f (l (aw (m t) au c e) (aq S q) aa am au))) s T w f U) (V an aa W X (Y Z o aj) p s q ag (AA av) AB) at s ab))


