a bc ba bb az = ax bc au (m ar ad f o (ae ak w ar))
b bb az bc ba = i o ax y t at t t m ai k f ba h r am
c az = az t az y az ak v ah af y az q ag j
d ba bc az bb = bb al ap l k l c an i ao n (e a) at l an
e ba az = n (ad az) w z t m y j az az ax
f be bb bd bc ba az = af c e p ay ao w u r m aw bc be aj bb w
g bd bc ba az bb = ai p (ae aj ac aa a) o ak e
h bb bc az bd ba = ar (ak ba bc (ay (f j q ax a m)))
i bb bd bg be az bc ba bf = bc ap av (z ac aq u bb bg w j)
j bb be ba bd bf bc az = ae ai (ae c ar ai be bf) ah aa
k bd be bc bf ba az bg bb = ba ao t (ap u ba)
l az bb be ba bd bc = an aj e aj k (c u) av w ak n (bb av au au t)
m bc bb bd ba az = a (ae aq am bb)
n bc bb az ba = ad am s af (p (ah bb s x) q)
o be bc ba az bb bd = av (y l bc) d (ba aw s w f an) ak ar
p bd az bf ba bg bb be bc = t az f ah av aw (l (e h b)) al bf f
q bc bb ba az = aa at ah (l (z ar k j) i ag) n (ay k)
r bg ba az bb bf bc be bd = ai n i c u k (ap e)
s az = e ad ao az az az (ae au d) (o af)
t bb ba az = w az x w ap az z n v h
u ba bb bf be bd az bc = ac ao v ap i be (g (ax (ay (ak j)) ac)) j e
v az bb ba bc bd = aw r r ai av al ap am au ac
w az bd be ba bb bc = aj (m bd ak bc) (i az (q f aa (c aw e l)))
x az ba = ai e (am ae u (l (w ae y ax t aq w)))
y ba bb bd be bc az bf = az h x p c w bd ap u aj ac bd (ba i an)
z bb bc bd az bf be ba = bc (ap aj ap) c af (n (ad be ac))
aa az = az i o az ap am al ay h aq (j aw) (ar az j aj)
ab ba bb bf az be bg bd bc = az ay ak p (g ao (c y aq ap))
ac az = az aq z w w aj aw az (ae s z ao) (az d) ag
ad be az bb ba bc bd bf = al (t (av aa s) al ay)
ae az ba bc bb = h (o (o p o au) (ab ac m y) am) (t at) ag k
af ba bb bc bd az be = h ar aj f (aq x) (av ak s ak q h bb)
ag bc bg ba bf az bd bb be = z h (ao ao bg b x ba ap c (ay am am bc))
ah bc az ba be bg bd bb bf = bb e al l (j bf) t h ay q z (b f)
ai bd ba bb be bc bf az = m ag ac aq (j i) ay e bb q z ag bd
aj az ba be bc bb bf bd = be (f ah u aw bd be (at b (g bc x) ac h x bb))
ak bc bf bg bb ba bd az be = j o (p h (h av w d bc) bc) ah aq ap e ap
al az = ad c x ar an o ay aq n aq a b
am az = ay au ag (az az af) al p ac y z (af h aa r az)
an ba be bc bb az bd = m bc ai aa a ak (ai ah) n
ao az bc bb bd be ba bf = l w r au ba al p am j bc (bb e au) aq al n
ap az = ad l c ae ax (az z s)
aq be bf bc bd az ba bb = bc an m bc be n y au aa aj (ap s ax) o x
ar bd bc az bb ba = i b aq an ap ak bd h ah
at bb ba be bd az bc = ay z (ag ac) be k ac ap o ar bc j h bc az
au ba az bb = av af ay aw aw (e d az) ad j ba an v v
av bb be ba az bc bd = k ah bc h aq az at (az (g o an) bd (bb ah f))
aw az ba bb = u (at e (aq o (ao az e ba ar t)))
ax az ba = aj ad at ba (ak ba ak h l f k aq) y n j ac
ay ba bb bc az = c az e ae af ao bc j aw d (f (ap al g h av))
main = A B C h k n b (ax ah p at (D E g)) i F ae G (H l f (an I J (ah m ah n ay) (K ap ag (L M u (N O at aq k t) g w (P am Q z) au am ay R ag ab g i ag) al S (a (m af) T j (U (af (V ay ai (f (aj e o aq (W d) ai ae ab X y u (Y n au) n ap ar ad ae Z c j at v))) b ap ac am) z aq)))))
------------------------------------------------------------
A B C h k n b (ax ah p at (D E g)) i F ae G (H l f (an I J (ah m ah n ay) (K ap ag (L M u (N O at aq k t) g w (P am Q z) au am ay R ag ab g i ag) al S (a (m af) T j (U (af (V ay ai (f (aj e o aq (W d) ai ae ab X y u (Y n au) n ap ar ad ae Z c j at v))) b ap ac am) z aq)))))
A B C h k n b (aj ad at p (ak p ak h l f k aq) y n j ac at (D E g)) i F ae G (H l f (an I J (ah m ah n ay) (K ap ag (L M u (N O at aq k t) g w (P am Q z) au am ay R ag ab g i ag) al S (a (m af) T j (U (af (V ay ai (f (aj e o aq (W d) ai ae ab X y u (Y n au) n ap ar ad ae Z c j at v))) b ap ac am) z aq)))))
A B C h k n b (p (f ah u aw j p (at b (g (ak p ak h l f k aq) x) ac h x y)) ac at (D E g)) i F ae G (H l f (an I J (ah m ah n ay) (K ap ag (L M u (N O at aq k t) g w (P am Q z) au am ay R ag ab g i ag) al S (a (m af) T j (U (af (V ay ai (f (aj e o aq (W d) ai ae ab X y u (Y n au) n ap ar ad ae Z c j at v))) b ap ac am) z aq)))))
A B C h k n b (p (af c e p ay ao w u r m aw j ah aj u w) ac at (D E g)) i F ae G (H l f (an I J (ah m ah n ay) (K ap ag (L M u (N O at aq k t) g w (P am Q z) au am ay R ag ab g i ag) al S (a (m af) T j (U (af (V ay ai (f (aj e o aq (W d) ai ae ab X y u (Y n au) n ap ar ad ae Z c j at v))) b ap ac am) z aq)))))
A B C h k n b (p (h ar aj f (aq x) (av ak s ak q h e) u r m aw j ah aj u w) ac at (D E g)) i F ae G (H l f (an I J (ah m ah n ay) (K ap ag (L M u (N O at aq k t) g w (P am Q z) au am ay R ag ab g i ag) al S (a (m af) T j (U (af (V ay ai (f (aj e o aq (W d) ai ae ab X y u (Y n au) n ap ar ad ae Z c j at v))) b ap ac am) z aq)))))
A B C h k n b (p (ar (ak (av ak s ak q h e) aj (ay (f j q ax a m))) u r m aw j ah aj u w) ac at (D E g)) i F ae G (H l f (an I J (ah m ah n ay) (K ap ag (L M u (N O at aq k t) g w (P am Q z) au am ay R ag ab g i ag) al S (a (m af) T j (U (af (V ay ai (f (aj e o aq (W d) ai ae ab X y u (Y n au) n ap ar ad ae Z c j at v))) b ap ac am) z aq)))))
A B C h k n b (p (i b aq an ap ak (ak (av ak s ak q h e) aj (ay (f j q ax a m))) h ah j ah aj u w) ac at (D E g)) i F ae G (H l f (an I J (ah m ah n ay) (K ap ag (L M u (N O at aq k t) g w (P am Q z) au am ay R ag ab g i ag) al S (a (m af) T j (U (af (V ay ai (f (aj e o aq (W d) ai ae ab X y u (Y n au) n ap ar ad ae Z c j at v))) b ap ac am) z aq)))))
A B C h k n b (p (ak (av ak s ak q h e) aj (ay (f j q ax a m)) ap av (z ac aq u b an w j) j ah aj u w) ac at (D E g)) i F ae G (H l f (an I J (ah m ah n ay) (K ap ag (L M u (N O at aq k t) g w (P am Q z) au am ay R ag ab g i ag) al S (a (m af) T j (U (af (V ay ai (f (aj e o aq (W d) ai ae ab X y u (Y n au) n ap ar ad ae Z c j at v))) b ap ac am) z aq)))))
A B C h k n b (p (j o (p h (h av w d (av ak s ak q h e)) (av ak s ak q h e)) ah aq ap e ap aj u w) ac at (D E g)) i F ae G (H l f (an I J (ah m ah n ay) (K ap ag (L M u (N O at aq k t) g w (P am Q z) au am ay R ag ab g i ag) al S (a (m af) T j (U (af (V ay ai (f (aj e o aq (W d) ai ae ab X y u (Y n au) n ap ar ad ae Z c j at v))) b ap ac am) z aq)))))
A B C h k n b (p (ae ai (ae c ar ai (p h (h av w d (av ak s ak q h e)) (av ak s ak q h e)) ap) ah aa aj u w) ac at (D E g)) i F ae G (H l f (an I J (ah m ah n ay) (K ap ag (L M u (N O at aq k t) g w (P am Q z) au am ay R ag ab g i ag) al S (a (m af) T j (U (af (V ay ai (f (aj e o aq (W d) ai ae ab X y u (Y n au) n ap ar ad ae Z c j at v))) b ap ac am) z aq)))))
A B C h k n b (p (h (o (o p o au) (ab ac m y) am) (t at) ag k aj u w) ac at (D E g)) i F ae G (H l f (an I J (ah m ah n ay) (K ap ag (L M u (N O at aq k t) g w (P am Q z) au am ay R ag ab g i ag) al S (a (m af) T j (U (af (V ay ai (f (aj e o aq (W d) ai ae ab X y u (Y n au) n ap ar ad ae Z c j at v))) b ap ac am) z aq)))))
A B C h k n b (p (ar (ak aj (t at) (ay (f j q ax a m))) u w) ac at (D E g)) i F ae G (H l f (an I J (ah m ah n ay) (K ap ag (L M u (N O at aq k t) g w (P am Q z) au am ay R ag ab g i ag) al S (a (m af) T j (U (af (V ay ai (f (aj e o aq (W d) ai ae ab X y u (Y n au) n ap ar ad ae Z c j at v))) b ap ac am) z aq)))))
A B C h k n b (p (ar (ak aj (t at) (ay (f j q ax a m))) u w) ac at (D E g)) i F ae G (H l f (an I J (ah m ah n ay) (K ap ag (L M u (N O at aq k t) g w (P am Q z) au am ay R ag ab g i ag) al S (ax (m af) au (m ar ad f o (ae ak w ar))))))
A B C h k n b (p (ar (ak aj (t at) (ay (f j q ax a m))) u w) ac at (D E g)) i F ae G (H l f (an I J (ah m ah n ay) (K ap ag (L M u (N O at aq k t) g w (P am Q z) au am ay R ag ab g i ag) al S (aj ad at au (ak au ak h l f k aq) y n j ac (m ar ad f o (ae ak w ar))))))
A B C h k n b (p (ar (ak aj (t at) (ay (f j q ax a m))) u w) ac at (D E g)) i F ae G (H l f (an I J (ah m ah n ay) (K ap ag (L M u (N O at aq k t) g w (P am Q z) au am ay R ag ab g i ag) al S (au (f ah u aw j au (at b (g (ak au ak h l f k aq) x) ac h x y)) ac (m ar ad f o (ae ak w ar))))))
A B C h k n b (p (ar (ak aj (t at) (ay (f j q ax a m))) u w) ac at (D E g)) i F ae G (H l f (an I J (ah m ah n ay) (K ap ag (L M u (N O at aq k t) g w (P am Q z) au am ay R ag ab g i ag) al S (av af ay aw aw (e d ac) ad j (f ah u aw j au (at b (g (ak au ak h l f k aq) x) ac h x y)) an v v))))
A B C h k n b (p (ar (ak aj (t at) (ay (f j q ax a m))) u w) ac at (D E g)) i F ae G (H l f (an I J (ah m ah n ay) (K ap ag (L M u (N O at aq k t) g w (P am Q z) au am ay R ag ab g i ag) al S (k ah (e d ac) h aq aw at (aw (g o an) ad (af ah f)) j (f ah u aw j au (at b (g (ak au ak h l f k aq) x) ac h x y)) an v v))))
A B C h k n b (p (ar (ak aj (t at) (ay (f j q ax a m))) u w) ac at (D E g)) i F ae G (H l f (an I J (ah m ah n ay) (K ap ag (L M u (N O at aq k t) g w (P am Q z) au am ay R ag ab g i ag) al S (aw ao t (ap u aw) (f ah u aw j au (at b (g (ak au ak h l f k aq) x) ac h x y)) an v v))))
A B C h k n b (p (ar (ak aj (t at) (ay (f j q ax a m))) u w) ac at (D E g)) i F ae G (H l f (an I J (ah m ah n ay) (K ap ag (L M u (N O at aq k t) g w (P am Q z) au am ay R ag ab g i ag) al S (u (at e (aq o (ao ao e t ar t))) (f ah u aw j au (at b (g (ak au ak h l f k aq) x) ac h x y)) an v v))))
A B C h k n b (p (ar (ak aj (t at) (ay (f j q ax a m))) u w) ac at (D E g)) i F ae G (H l f (an I J (ah m ah n ay) (K ap ag (L M u (N O at aq k t) g w (P am Q z) au am ay R ag ab g i ag) al S (u (at e (aq o (ao ao e t ar t))) (af c e p ay ao w u r m aw j ah aj u w) an v v))))
A B C h k n b (p (ar (ak aj (t at) (ay (f j q ax a m))) u w) ac at (D E g)) i F ae G (H l f (an I J (ah m ah n ay) (K ap ag (L M u (N O at aq k t) g w (P am Q z) au am ay R ag ab g i ag) al S (u (at e (aq o (ao ao e t ar t))) (h ar aj f (aq x) (av ak s ak q h e) u r m aw j ah aj u w) an v v))))
A B C h k n b (p (ar (ak aj (t at) (ay (f j q ax a m))) u w) ac at (D E g)) i F ae G (H l f (an I J (ah m ah n ay) (K ap ag (L M u (N O at aq k t) g w (P am Q z) au am ay R ag ab g i ag) al S (u (at e (aq o (ao ao e t ar t))) (ar (ak (av ak s ak q h e) aj (ay (f j q ax a m))) u r m aw j ah aj u w) an v v))))
A B C h k n b (p (ar (ak aj (t at) (ay (f j q ax a m))) u w) ac at (D E g)) i F ae G (H l f (an I J (ah m ah n ay) (K ap ag (L M u (N O at aq k t) g w (P am Q z) au am ay R ag ab g i ag) al S (u (at e (aq o (ao ao e t ar t))) (i b aq an ap ak (ak (av ak s ak q h e) aj (ay (f j q ax a m))) h ah j ah aj u w) an v v))))
A B C h k n b (p (ar (ak aj (t at) (ay (f j q ax a m))) u w) ac at (D E g)) i F ae G (H l f (an I J (ah m ah n ay) (K ap ag (L M u (N O at aq k t) g w (P am Q z) au am ay R ag ab g i ag) al S (u (at e (aq o (ao ao e t ar t))) (ak (av ak s ak q h e) aj (ay (f j q ax a m)) ap av (z ac aq u b an w j) j ah aj u w) an v v))))
A B C h k n b (p (ar (ak aj (t at) (ay (f j q ax a m))) u w) ac at (D E g)) i F ae G (H l f (an I J (ah m ah n ay) (K ap ag (L M u (N O at aq k t) g w (P am Q z) au am ay R ag ab g i ag) al S (u (at e (aq o (ao ao e t ar t))) (j o (p h (h av w d (av ak s ak q h e)) (av ak s ak q h e)) ah aq ap e ap aj u w) an v v))))
A B C h k n b (p (ar (ak aj (t at) (ay (f j q ax a m))) u w) ac at (D E g)) i F ae G (H l f (an I J (ah m ah n ay) (K ap ag (L M u (N O at aq k t) g w (P am Q z) au am ay R ag ab g i ag) al S (u (at e (aq o (ao ao e t ar t))) (ae ai (ae c ar ai (p h (h av w d (av ak s ak q h e)) (av ak s ak q h e)) ap) ah aa aj u w) an v v))))
A B C h k n b (p (ar (ak aj (t at) (ay (f j q ax a m))) u w) ac at (D E g)) i F ae G (H l f (an I J (ah m ah n ay) (K ap ag (L M u (N O at aq k t) g w (P am Q z) au am ay R ag ab g i ag) al S (u (at e (aq o (ao ao e t ar t))) (h (o (o p o au) (ab ac m y) am) (t at) ag k aj u w) an v v))))
A B C h k n b (p (ar (ak aj (t at) (ay (f j q ax a m))) u w) ac at (D E g)) i F ae G (H l f (an I J (ah m ah n ay) (K ap ag (L M u (N O at aq k t) g w (P am Q z) au am ay R ag ab g i ag) al S (u (at e (aq o (ao ao e t ar t))) (ar (ak aj (t at) (ay (f j q ax a m))) u w) an v v))))


