a bf bg be bc bd bb ba az = aw bd u f ai ar ai l
b bd bc az be bb ba = t (aj s bb aq aq)
c ba az = s am k ba (m af) at ao t v aa am az q k h
d ba be bb bd bc az = e h g i ay al k
e ba bc az bb = ay an a m ai az q p t
f az bb ba = l az ax ad n (v h (aa am aq ad))
g bf bb az be bc bd ba = av b j ad bb am (bd (ay bd) s) x p
h az ba = b al al k ae j (an (al ah) y u) d
i ba bb az = o ak k (q r v ba y)
j bf az ba bc bb bd be = a t bb ak ab (m bd o ax)
k ba az bb bc = bb w e r au
l bf bb be bc bd az ba = q (an w (ag al bb ax) az)
m bc bd bf ba be az bb = ax t ac be z i h ai (aq aj u (ay an) w)
n bb bd bc az ba = aj ba av ap bb o bb x b q u p o k
o bb az ba = l av (z ap (f p) z al) aq
p bc bd az be bf ba bb = e au ad (d q am h i) z aa f ba
q az = j p ap ak b v az ar i j k i av
r ba az bb bc = q aw g ar f af (i w q al) (bb bb)
s be bb bf bg bd az ba bc = az l (d (an h be (aa bg i c ax))) az n
t bc ba bd bb az = aw ay ag am f (bd au) ar l bc
u bb be bd az bf bc bg ba = g t n v l t f bg be bb aa i ay (o d)
v ba be bg bc az bd bf bb = j p bg at ar aa ad ac ab (ax u aj)
w bd bc az ba bb = ag b ac ay ab bb ao j an p ay ba
x bb bc az be bd bg ba bf = v v (au ay a e q h an (aj a ap av bf af ax))
y bc ba bf bb bg az be bd = bg c aw at aj bg (bg r f o ba ba) w ba an
z bc bb bd ba az = p ab bc am
aa bc bb ba az = ao al ax (ac e (ad az (v ay i az bc o ay)))
ab ba az = ae (ar at r an d ba) z ar v ag ba
ac az bc bg bd ba bb be bf = ao at q bc an al p al ag ab x bb be ao c au
ad ba bb be az bc bd = bb p (y (i a f (d af ax b)))
ae ba bb az = az ah p l s t h (am ay bb ay)
af bd be az ba bf bb bc = bc q (au ae u ai ax k) c aj az c v e
ag ba bb az = bb p bb (k am ab ai an) s au az (o at d k ba)
ah bd az ba bc be bf bg bb = z bg af ao bb az g ak c ay d aj ao aw bb k
ai ba bc be bd az bf bb = ab bf ap i ad (av q) h am s aj at am bf
aj az ba bd be bc bb bf = ac s (d ak be (ak ba au n j j) ao ax be n g)
ak bb bd az be ba bc = v aj d aq av ay f ar a bc f ad n ag
al ba be bb az bc bd = m bc z ar am c m l au z x d ad ax f
am bd az bb bc be ba = ae at q ar au (r (aq z) an aw)
an ba bc be az bb bd bf = az i af ap (ao y am) d w (ak bc) ai aa
ao bb be bd bc ba az = v g ay ag (p (ax p) am ad) h y
ap ba bb az = a n ai (ar ag j) az al ad h e y ai f v
aq bd az bb be ba bc = af f af d av w f z z af
ar ba az bb = ay h x b ae w ae (aj (r bb v (p az az a)))
at az bb bc bf ba bd be = e bc ax av ar (av ao aj ak d ad m)
au bf bd be bb bc az ba = bd am o ak (ai o ba) y ah az e
av ba bf az bd bb bc bg be = ba f ax c ai (ab j ae ar ak)
aw az = a i (ab ah) (g ab)
ax bc az bb be bf bd ba = ap z d bd ab k bb aa ar av (y (u aw au ai))
ay bf bd bc az bb be ba = i h z (ba aa)
main = A B (C j (e (D af j ab ac i a (t am) y ap ax (q at y (E g F (G ao (H r (I an i)) r q)) t J K z L (c ad s ao ao M s ai (N O (z (ay (P Q at) ad R (S T am ao z (U V am (am z b)) (W (X ap p) Y n) al Z (AA (AB AC AD (af z ac AE ah at ay af x aq ay av AF n ao) ab av) AG AH j) f f av)))))))))
------------------------------------------------------------
A B (C j (e (D af j ab ac i a (t am) y ap ax (q at y (E g F (G ao (H r (I an i)) r q)) t J K z L (c ad s ao ao M s ai (N O (z (ay (P Q at) ad R (S T am ao z (U V am (am z b)) (W (X ap p) Y n) al Z (AA (AB AC AD (af z ac AE ah at ay af x aq ay av AF n ao) ab av) AG AH j) f f av)))))))))
A B (C j (e (D af j ab ac i a (t am) y ap ax (j p ap ak b v at ar i j k i av y (E g F (G ao (H r (I an i)) r q)) t J K z L (c ad s ao ao M s ai (N O (z (ay (P Q at) ad R (S T am ao z (U V am (am z b)) (W (X ap p) Y n) al Z (AA (AB AC AD (af z ac AE ah at ay af x aq ay av AF n ao) ab av) AG AH j) f f av)))))))))
A B (C j (e (D af j ab ac i a (t am) y ap ax (a t v ak ab (m at o ax) i j k i av y (E g F (G ao (H r (I an i)) r q)) t J K z L (c ad s ao ao M s ai (N O (z (ay (P Q at) ad R (S T am ao z (U V am (am z b)) (W (X ap p) Y n) al Z (AA (AB AC AD (af z ac AE ah at ay af x aq ay av AF n ao) ab av) AG AH j) f f av)))))))))
A B (C j (e (D af j ab ac i a (t am) y ap ax (aw (m at o ax) u f ai ar ai l i av y (E g F (G ao (H r (I an i)) r q)) t J K z L (c ad s ao ao M s ai (N O (z (ay (P Q at) ad R (S T am ao z (U V am (am z b)) (W (X ap p) Y n) al Z (AA (AB AC AD (af z ac AE ah at ay af x aq ay av AF n ao) ab av) AG AH j) f f av)))))))))
A B (C j (e (D af j ab ac i a (t am) y ap ax (a i (ab ah) (g ab) u f ai ar ai l i av y (E g F (G ao (H r (I an i)) r q)) t J K z L (c ad s ao ao M s ai (N O (z (ay (P Q at) ad R (S T am ao z (U V am (am z b)) (W (X ap p) Y n) al Z (AA (AB AC AD (af z ac AE ah at ay af x aq ay av AF n ao) ab av) AG AH j) f f av)))))))))
A B (C j (e (D af j ab ac i a (t am) y ap ax (aw f u f ai ar ai l l i av y (E g F (G ao (H r (I an i)) r q)) t J K z L (c ad s ao ao M s ai (N O (z (ay (P Q at) ad R (S T am ao z (U V am (am z b)) (W (X ap p) Y n) al Z (AA (AB AC AD (af z ac AE ah at ay af x aq ay av AF n ao) ab av) AG AH j) f f av)))))))))
A B (C j (e (D af j ab ac i a (t am) y ap ax (a i (ab ah) (g ab) u f ai ar ai l l i av y (E g F (G ao (H r (I an i)) r q)) t J K z L (c ad s ao ao M s ai (N O (z (ay (P Q at) ad R (S T am ao z (U V am (am z b)) (W (X ap p) Y n) al Z (AA (AB AC AD (af z ac AE ah at ay af x aq ay av AF n ao) ab av) AG AH j) f f av)))))))))
A B (C j (e (D af j ab ac i a (t am) y ap ax (aw f u f ai ar ai l l l i av y (E g F (G ao (H r (I an i)) r q)) t J K z L (c ad s ao ao M s ai (N O (z (ay (P Q at) ad R (S T am ao z (U V am (am z b)) (W (X ap p) Y n) al Z (AA (AB AC AD (af z ac AE ah at ay af x aq ay av AF n ao) ab av) AG AH j) f f av)))))))))
A B (C j (e (D af j ab ac i a (t am) y ap ax (a i (ab ah) (g ab) u f ai ar ai l l l i av y (E g F (G ao (H r (I an i)) r q)) t J K z L (c ad s ao ao M s ai (N O (z (ay (P Q at) ad R (S T am ao z (U V am (am z b)) (W (X ap p) Y n) al Z (AA (AB AC AD (af z ac AE ah at ay af x aq ay av AF n ao) ab av) AG AH j) f f av)))))))))
A B (C j (e (D af j ab ac i a (t am) y ap ax (aw f u f ai ar ai l l l l i av y (E g F (G ao (H r (I an i)) r q)) t J K z L (c ad s ao ao M s ai (N O (z (ay (P Q at) ad R (S T am ao z (U V am (am z b)) (W (X ap p) Y n) al Z (AA (AB AC AD (af z ac AE ah at ay af x aq ay av AF n ao) ab av) AG AH j) f f av)))))))))
A B (C j (e (D af j ab ac i a (t am) y ap ax (a i (ab ah) (g ab) u f ai ar ai l l l l i av y (E g F (G ao (H r (I an i)) r q)) t J K z L (c ad s ao ao M s ai (N O (z (ay (P Q at) ad R (S T am ao z (U V am (am z b)) (W (X ap p) Y n) al Z (AA (AB AC AD (af z ac AE ah at ay af x aq ay av AF n ao) ab av) AG AH j) f f av)))))))))
A B (C j (e (D af j ab ac i a (t am) y ap ax (aw f u f ai ar ai l l l l l i av y (E g F (G ao (H r (I an i)) r q)) t J K z L (c ad s ao ao M s ai (N O (z (ay (P Q at) ad R (S T am ao z (U V am (am z b)) (W (X ap p) Y n) al Z (AA (AB AC AD (af z ac AE ah at ay af x aq ay av AF n ao) ab av) AG AH j) f f av)))))))))
A B (C j (e (D af j ab ac i a (t am) y ap ax (a i (ab ah) (g ab) u f ai ar ai l l l l l i av y (E g F (G ao (H r (I an i)) r q)) t J K z L (c ad s ao ao M s ai (N O (z (ay (P Q at) ad R (S T am ao z (U V am (am z b)) (W (X ap p) Y n) al Z (AA (AB AC AD (af z ac AE ah at ay af x aq ay av AF n ao) ab av) AG AH j) f f av)))))))))
A B (C j (e (D af j ab ac i a (t am) y ap ax (aw f u f ai ar ai l l l l l l i av y (E g F (G ao (H r (I an i)) r q)) t J K z L (c ad s ao ao M s ai (N O (z (ay (P Q at) ad R (S T am ao z (U V am (am z b)) (W (X ap p) Y n) al Z (AA (AB AC AD (af z ac AE ah at ay af x aq ay av AF n ao) ab av) AG AH j) f f av)))))))))
A B (C j (e (D af j ab ac i a (t am) y ap ax (a i (ab ah) (g ab) u f ai ar ai l l l l l l i av y (E g F (G ao (H r (I an i)) r q)) t J K z L (c ad s ao ao M s ai (N O (z (ay (P Q at) ad R (S T am ao z (U V am (am z b)) (W (X ap p) Y n) al Z (AA (AB AC AD (af z ac AE ah at ay af x aq ay av AF n ao) ab av) AG AH j) f f av)))))))))
A B (C j (e (D af j ab ac i a (t am) y ap ax (aw f u f ai ar ai l l l l l l l i av y (E g F (G ao (H r (I an i)) r q)) t J K z L (c ad s ao ao M s ai (N O (z (ay (P Q at) ad R (S T am ao z (U V am (am z b)) (W (X ap p) Y n) al Z (AA (AB AC AD (af z ac AE ah at ay af x aq ay av AF n ao) ab av) AG AH j) f f av)))))))))
A B (C j (e (D af j ab ac i a (t am) y ap ax (a i (ab ah) (g ab) u f ai ar ai l l l l l l l i av y (E g F (G ao (H r (I an i)) r q)) t J K z L (c ad s ao ao M s ai (N O (z (ay (P Q at) ad R (S T am ao z (U V am (am z b)) (W (X ap p) Y n) al Z (AA (AB AC AD (af z ac AE ah at ay af x aq ay av AF n ao) ab av) AG AH j) f f av)))))))))
A B (C j (e (D af j ab ac i a (t am) y ap ax (aw f u f ai ar ai l l l l l l l l i av y (E g F (G ao (H r (I an i)) r q)) t J K z L (c ad s ao ao M s ai (N O (z (ay (P Q at) ad R (S T am ao z (U V am (am z b)) (W (X ap p) Y n) al Z (AA (AB AC AD (af z ac AE ah at ay af x aq ay av AF n ao) ab av) AG AH j) f f av)))))))))
A B (C j (e (D af j ab ac i a (t am) y ap ax (a i (ab ah) (g ab) u f ai ar ai l l l l l l l l i av y (E g F (G ao (H r (I an i)) r q)) t J K z L (c ad s ao ao M s ai (N O (z (ay (P Q at) ad R (S T am ao z (U V am (am z b)) (W (X ap p) Y n) al Z (AA (AB AC AD (af z ac AE ah at ay af x aq ay av AF n ao) ab av) AG AH j) f f av)))))))))
A B (C j (e (D af j ab ac i a (t am) y ap ax (aw f u f ai ar ai l l l l l l l l l i av y (E g F (G ao (H r (I an i)) r q)) t J K z L (c ad s ao ao M s ai (N O (z (ay (P Q at) ad R (S T am ao z (U V am (am z b)) (W (X ap p) Y n) al Z (AA (AB AC AD (af z ac AE ah at ay af x aq ay av AF n ao) ab av) AG AH j) f f av)))))))))
A B (C j (e (D af j ab ac i a (t am) y ap ax (a i (ab ah) (g ab) u f ai ar ai l l l l l l l l l i av y (E g F (G ao (H r (I an i)) r q)) t J K z L (c ad s ao ao M s ai (N O (z (ay (P Q at) ad R (S T am ao z (U V am (am z b)) (W (X ap p) Y n) al Z (AA (AB AC AD (af z ac AE ah at ay af x aq ay av AF n ao) ab av) AG AH j) f f av)))))))))
A B (C j (e (D af j ab ac i a (t am) y ap ax (aw f u f ai ar ai l l l l l l l l l l i av y (E g F (G ao (H r (I an i)) r q)) t J K z L (c ad s ao ao M s ai (N O (z (ay (P Q at) ad R (S T am ao z (U V am (am z b)) (W (X ap p) Y n) al Z (AA (AB AC AD (af z ac AE ah at ay af x aq ay av AF n ao) ab av) AG AH j) f f av)))))))))
A B (C j (e (D af j ab ac i a (t am) y ap ax (a i (ab ah) (g ab) u f ai ar ai l l l l l l l l l l i av y (E g F (G ao (H r (I an i)) r q)) t J K z L (c ad s ao ao M s ai (N O (z (ay (P Q at) ad R (S T am ao z (U V am (am z b)) (W (X ap p) Y n) al Z (AA (AB AC AD (af z ac AE ah at ay af x aq ay av AF n ao) ab av) AG AH j) f f av)))))))))
A B (C j (e (D af j ab ac i a (t am) y ap ax (aw f u f ai ar ai l l l l l l l l l l l i av y (E g F (G ao (H r (I an i)) r q)) t J K z L (c ad s ao ao M s ai (N O (z (ay (P Q at) ad R (S T am ao z (U V am (am z b)) (W (X ap p) Y n) al Z (AA (AB AC AD (af z ac AE ah at ay af x aq ay av AF n ao) ab av) AG AH j) f f av)))))))))
A B (C j (e (D af j ab ac i a (t am) y ap ax (a i (ab ah) (g ab) u f ai ar ai l l l l l l l l l l l i av y (E g F (G ao (H r (I an i)) r q)) t J K z L (c ad s ao ao M s ai (N O (z (ay (P Q at) ad R (S T am ao z (U V am (am z b)) (W (X ap p) Y n) al Z (AA (AB AC AD (af z ac AE ah at ay af x aq ay av AF n ao) ab av) AG AH j) f f av)))))))))
A B (C j (e (D af j ab ac i a (t am) y ap ax (aw f u f ai ar ai l l l l l l l l l l l l i av y (E g F (G ao (H r (I an i)) r q)) t J K z L (c ad s ao ao M s ai (N O (z (ay (P Q at) ad R (S T am ao z (U V am (am z b)) (W (X ap p) Y n) al Z (AA (AB AC AD (af z ac AE ah at ay af x aq ay av AF n ao) ab av) AG AH j) f f av)))))))))
A B (C j (e (D af j ab ac i a (t am) y ap ax (a i (ab ah) (g ab) u f ai ar ai l l l l l l l l l l l l i av y (E g F (G ao (H r (I an i)) r q)) t J K z L (c ad s ao ao M s ai (N O (z (ay (P Q at) ad R (S T am ao z (U V am (am z b)) (W (X ap p) Y n) al Z (AA (AB AC AD (af z ac AE ah at ay af x aq ay av AF n ao) ab av) AG AH j) f f av)))))))))
A B (C j (e (D af j ab ac i a (t am) y ap ax (aw f u f ai ar ai l l l l l l l l l l l l l i av y (E g F (G ao (H r (I an i)) r q)) t J K z L (c ad s ao ao M s ai (N O (z (ay (P Q at) ad R (S T am ao z (U V am (am z b)) (W (X ap p) Y n) al Z (AA (AB AC AD (af z ac AE ah at ay af x aq ay av AF n ao) ab av) AG AH j) f f av)))))))))
A B (C j (e (D af j ab ac i a (t am) y ap ax (a i (ab ah) (g ab) u f ai ar ai l l l l l l l l l l l l l i av y (E g F (G ao (H r (I an i)) r q)) t J K z L (c ad s ao ao M s ai (N O (z (ay (P Q at) ad R (S T am ao z (U V am (am z b)) (W (X ap p) Y n) al Z (AA (AB AC AD (af z ac AE ah at ay af x aq ay av AF n ao) ab av) AG AH j) f f av)))))))))
A B (C j (e (D af j ab ac i a (t am) y ap ax (aw f u f ai ar ai l l l l l l l l l l l l l l i av y (E g F (G ao (H r (I an i)) r q)) t J K z L (c ad s ao ao M s ai (N O (z (ay (P Q at) ad R (S T am ao z (U V am (am z b)) (W (X ap p) Y n) al Z (AA (AB AC AD (af z ac AE ah at ay af x aq ay av AF n ao) ab av) AG AH j) f f av)))))))))


