a bc bd ba bb be bf az = c (aa bf ba bf) bc (bd j y r bd aa s ae) y
b bd az bb ba bc = au ac ba g (w ac ay)
c az bc bd bb ba = ac bd
d bf az ba bb bd bg bc be = w p v bc z q ap t (bg bf ar c b c)
e bc bb az bd ba = af ba ba ai (ai au an ar) au bb ai
f bb bc az ba bd be = i y ak
g bc be az bf bd ba bb = ag y ah r am ai ao b bc w ad bc
h be az bc bb ba bd = be k (ba aj) al
i bc bb bd ba az be = l az be af ao o an a c ai (az f p) p s
j ba be bf bc bb az bd bg = ay t ba bd (x (d (ae e au) bf m g at y))
k bf bc be ba bb az bd bg = av z bb i s ba ag c b bb u ao l
l bc az ba bd bb be = ad d f ba ah j b (o (x (ay (ay al) n f az az)))
m bb bc bd ba az = p bd x i ah (s ay v)
n az bd bf be bc bb bg ba = y al aa bg ax
o bf ba bb be bc bd az = au i be n (az i j aa ab ak) bf d
p ba az = az (ap s ak az) a (aq (ay aq aw r))
q bc bb az bd ba = am (u ad ba ao (x o x))
r bf ba bc bb be az bd = be ab ba h q x bb
s be az bg ba bf bc bb bd = d aj ah ad z be ak d az ae
t bf ba be bd bb az bc = w r ak ap l ai (f (g bc au) bc)
u bc bb ba az = r bb ar z (g (az (n f ba ba ab k ar au)))
v az bc bb ba = av l al w k i m t (aa k) n y d b ab
w bc bb az ba = aj ba ag al n ax p c z (av (aq am ab an v))
x bd az bb be bc ba = z k m ae aq bd ao ay ai i l o
y az bc ba bd bb = z (u m) a an q ar ba (av (an c u af) (x e r))
z bd bb ba bc az = g k am (ap ad ay ai)
aa be bc bd ba az bb = ap (ar k r be ar v t (ay (ah s) az c f)) m
ab bf bb az bc be bd bg ba = b u av be (u bc ah ak ac w)
ac bc bd ba be bf az bb = au ak ai (e (al al (af (l o p av q ax))))
ad az ba = n k b az an ay x av ah (v (ab ak l))
ae az bb ba = ah av (aa (n ao) aw l ay at q)
af bb bc az ba = s (u k am)
ag az ba bf bb be bc bd = u ah ap k (bc d o (av az at at (s au u ay)))
ah be az ba bb bd bg bf bc = r ay (aw j) (aa (ba f ax)) e av u bb be q
ai az bf be bb bc ba bd = d x (an (bf (r k aw ah s e ac c s k aw)))
aj az bd bc bb ba = aq bb bc (ad ax am ba) bc bb
ak bd be ba az bb bf bc = a e x y s at an i ae
al ba bb az be bd bc = h ao t az bb ay (e l bd) at i g
am bd az bc be ba bb = e (ae bd ay ah k j ax ao)
an bd az bb bc ba = bb x (t (ba d (j ag ak) af ay ai af p) d)
ao az bc bf bd be bb ba bg = u p ap (ac t ar) (l (ah au v m bg) ae)
ap az bc ba bb = ak ae (aa (z d m a))
aq az be bd bb bc ba bf = af ad ae p ak ac ad bd ba (an k) a ay k f af
ar be bd ba bb bc az = ax k ac m aj r m g (ao (av (q bc j be j al)))
at bd bb ba bc be az = aq bb bb ad az (av af q (al (az (ac ae an aa aq) au)))
au ba az bb bc bd = d ab m (q aa (g m) j l (af ao bb q bc ba))
av bb be ba bd bf bc az = bb (ag x) (b d m)
aw ba az = ak am x ba (h (n ac)) al g t p aq q ax h n
ax bb bc bd az ba = t t ao q ac av ab u h p r ao n
ay bd be bc bb az bf bg ba = s bb bd (az (ai az be (be q ak) ai ab d))
main = au b h (an A h) B C v D h (i ax (E g F) G (H ag (I (aj J ax (K (p L g an h y M av) ao ak w u) l) aa N (av am aj) k ai)) at O (u (P Q R S (g b f v) c)) l) T am (U V a au (W X (o aj (Y aq (ao ak ak) d t aq) b) h g Z i ax AA (q h)) (AB ay ap AC aj x l ar (AD (AE n z at) j) AF ax))
------------------------------------------------------------
au b h (an A h) B C v D h (i ax (E g F) G (H ag (I (aj J ax (K (p L g an h y M av) ao ak w u) l) aa N (av am aj) k ai)) at O (u (P Q R S (g b f v) c)) l) T am (U V a au (W X (o aj (Y aq (ao ak ak) d t aq) b) h g Z i ax AA (q h)) (AB ay ap AC aj x l ar (AD (AE n z at) j) AF ax))
d ab m (q aa (g m) j l (af ao (an A h) q B b)) v D h (i ax (E g F) G (H ag (I (aj J ax (K (p L g an h y M av) ao ak w u) l) aa N (av am aj) k ai)) at O (u (P Q R S (g b f v) c)) l) T am (U V a au (W X (o aj (Y aq (ao ak ak) d t aq) b) h g Z i ax AA (q h)) (AB ay ap AC aj x l ar (AD (AE n z at) j) AF ax))
w p v (i ax (E g F) G (H ag (I (aj J ax (K (p L g an h y M av) ao ak w u) l) aa N (av am aj) k ai)) at O (u (P Q R S (g b f v) c)) l) z q ap t (h ab ar c b c) am (U V a au (W X (o aj (Y aq (ao ak ak) d t aq) b) h g Z i ax AA (q h)) (AB ay ap AC aj x l ar (AD (AE n z at) j) AF ax))
aj z ag al n ax p c z (av (aq am ab an v)) q ap t (h ab ar c b c) am (U V a au (W X (o aj (Y aq (ao ak ak) d t aq) b) h g Z i ax AA (q h)) (AB ay ap AC aj x l ar (AD (AE n z at) j) AF ax))
aq n al (ad ax am ax) al n p c z (av (aq am ab an v)) q ap t (h ab ar c b c) am (U V a au (W X (o aj (Y aq (ao ak ak) d t aq) b) h g Z i ax AA (q h)) (AB ay ap AC aj x l ar (AD (AE n z at) j) AF ax))
af ad ae p ak ac ad (ad ax am ax) p (an k) a ay k f af z (av (aq am ab an v)) q ap t (h ab ar c b c) am (U V a au (W X (o aj (Y aq (ao ak ak) d t aq) b) h g Z i ax AA (q h)) (AB ay ap AC aj x l ar (AD (AE n z at) j) AF ax))
s (u k am) ac ad (ad ax am ax) p (an k) a ay k f af z (av (aq am ab an v)) q ap t (h ab ar c b c) am (U V a au (W X (o aj (Y aq (ao ak ak) d t aq) b) h g Z i ax AA (q h)) (AB ay ap AC aj x l ar (AD (AE n z at) j) AF ax))
d aj ah ad z (u k am) ak d ac ae k f af z (av (aq am ab an v)) q ap t (h ab ar c b c) am (U V a au (W X (o aj (Y aq (ao ak ak) d t aq) b) h g Z i ax AA (q h)) (AB ay ap AC aj x l ar (AD (AE n z at) j) AF ax))
w p v d z q ap t (ak aj ar c b c) ae k f af z (av (aq am ab an v)) q ap t (h ab ar c b c) am (U V a au (W X (o aj (Y aq (ao ak ak) d t aq) b) h g Z i ax AA (q h)) (AB ay ap AC aj x l ar (AD (AE n z at) j) AF ax))
aj z ag al n ax p c z (av (aq am ab an v)) q ap t (ak aj ar c b c) ae k f af z (av (aq am ab an v)) q ap t (h ab ar c b c) am (U V a au (W X (o aj (Y aq (ao ak ak) d t aq) b) h g Z i ax AA (q h)) (AB ay ap AC aj x l ar (AD (AE n z at) j) AF ax))
aq n al (ad ax am ax) al n p c z (av (aq am ab an v)) q ap t (ak aj ar c b c) ae k f af z (av (aq am ab an v)) q ap t (h ab ar c b c) am (U V a au (W X (o aj (Y aq (ao ak ak) d t aq) b) h g Z i ax AA (q h)) (AB ay ap AC aj x l ar (AD (AE n z at) j) AF ax))
af ad ae p ak ac ad (ad ax am ax) p (an k) a ay k f af z (av (aq am ab an v)) q ap t (ak aj ar c b c) ae k f af z (av (aq am ab an v)) q ap t (h ab ar c b c) am (U V a au (W X (o aj (Y aq (ao ak ak) d t aq) b) h g Z i ax AA (q h)) (AB ay ap AC aj x l ar (AD (AE n z at) j) AF ax))
s (u k am) ac ad (ad ax am ax) p (an k) a ay k f af z (av (aq am ab an v)) q ap t (ak aj ar c b c) ae k f af z (av (aq am ab an v)) q ap t (h ab ar c b c) am (U V a au (W X (o aj (Y aq (ao ak ak) d t aq) b) h g Z i ax AA (q h)) (AB ay ap AC aj x l ar (AD (AE n z at) j) AF ax))
d aj ah ad z (u k am) ak d ac ae k f af z (av (aq am ab an v)) q ap t (ak aj ar c b c) ae k f af z (av (aq am ab an v)) q ap t (h ab ar c b c) am (U V a au (W X (o aj (Y aq (ao ak ak) d t aq) b) h g Z i ax AA (q h)) (AB ay ap AC aj x l ar (AD (AE n z at) j) AF ax))
w p v d z q ap t (ak aj ar c b c) ae k f af z (av (aq am ab an v)) q ap t (ak aj ar c b c) ae k f af z (av (aq am ab an v)) q ap t (h ab ar c b c) am (U V a au (W X (o aj (Y aq (ao ak ak) d t aq) b) h g Z i ax AA (q h)) (AB ay ap AC aj x l ar (AD (AE n z at) j) AF ax))
aj z ag al n ax p c z (av (aq am ab an v)) q ap t (ak aj ar c b c) ae k f af z (av (aq am ab an v)) q ap t (ak aj ar c b c) ae k f af z (av (aq am ab an v)) q ap t (h ab ar c b c) am (U V a au (W X (o aj (Y aq (ao ak ak) d t aq) b) h g Z i ax AA (q h)) (AB ay ap AC aj x l ar (AD (AE n z at) j) AF ax))
aq n al (ad ax am ax) al n p c z (av (aq am ab an v)) q ap t (ak aj ar c b c) ae k f af z (av (aq am ab an v)) q ap t (ak aj ar c b c) ae k f af z (av (aq am ab an v)) q ap t (h ab ar c b c) am (U V a au (W X (o aj (Y aq (ao ak ak) d t aq) b) h g Z i ax AA (q h)) (AB ay ap AC aj x l ar (AD (AE n z at) j) AF ax))
af ad ae p ak ac ad (ad ax am ax) p (an k) a ay k f af z (av (aq am ab an v)) q ap t (ak aj ar c b c) ae k f af z (av (aq am ab an v)) q ap t (ak aj ar c b c) ae k f af z (av (aq am ab an v)) q ap t (h ab ar c b c) am (U V a au (W X (o aj (Y aq (ao ak ak) d t aq) b) h g Z i ax AA (q h)) (AB ay ap AC aj x l ar (AD (AE n z at) j) AF ax))
s (u k am) ac ad (ad ax am ax) p (an k) a ay k f af z (av (aq am ab an v)) q ap t (ak aj ar c b c) ae k f af z (av (aq am ab an v)) q ap t (ak aj ar c b c) ae k f af z (av (aq am ab an v)) q ap t (h ab ar c b c) am (U V a au (W X (o aj (Y aq (ao ak ak) d t aq) b) h g Z i ax AA (q h)) (AB ay ap AC aj x l ar (AD (AE n z at) j) AF ax))
d aj ah ad z (u k am) ak d ac ae k f af z (av (aq am ab an v)) q ap t (ak aj ar c b c) ae k f af z (av (aq am ab an v)) q ap t (ak aj ar c b c) ae k f af z (av (aq am ab an v)) q ap t (h ab ar c b c) am (U V a au (W X (o aj (Y aq (ao ak ak) d t aq) b) h g Z i ax AA (q h)) (AB ay ap AC aj x l ar (AD (AE n z at) j) AF ax))
w p v d z q ap t (ak aj ar c b c) ae k f af z (av (aq am ab an v)) q ap t (ak aj ar c b c) ae k f af z (av (aq am ab an v)) q ap t (ak aj ar c b c) ae k f af z (av (aq am ab an v)) q ap t (h ab ar c b c) am (U V a au (W X (o aj (Y aq (ao ak ak) d t aq) b) h g Z i ax AA (q h)) (AB ay ap AC aj x l ar (AD (AE n z at) j) AF ax))
aj z ag al n ax p c z (av (aq am ab an v)) q ap t (ak aj ar c b c) ae k f af z (av (aq am ab an v)) q ap t (ak aj ar c b c) ae k f af z (av (aq am ab an v)) q ap t (ak aj ar c b c) ae k f af z (av (aq am ab an v)) q ap t (h ab ar c b c) am (U V a au (W X (o aj (Y aq (ao ak ak) d t aq) b) h g Z i ax AA (q h)) (AB ay ap AC aj x l ar (AD (AE n z at) j) AF ax))
aq n al (ad ax am ax) al n p c z (av (aq am ab an v)) q ap t (ak aj ar c b c) ae k f af z (av (aq am ab an v)) q ap t (ak aj ar c b c) ae k f af z (av (aq am ab an v)) q ap t (ak aj ar c b c) ae k f af z (av (aq am ab an v)) q ap t (h ab ar c b c) am (U V a au (W X (o aj (Y aq (ao ak ak) d t aq) b) h g Z i ax AA (q h)) (AB ay ap AC aj x l ar (AD (AE n z at) j) AF ax))
af ad ae p ak ac ad (ad ax am ax) p (an k) a ay k f af z (av (aq am ab an v)) q ap t (ak aj ar c b c) ae k f af z (av (aq am ab an v)) q ap t (ak aj ar c b c) ae k f af z (av (aq am ab an v)) q ap t (ak aj ar c b c) ae k f af z (av (aq am ab an v)) q ap t (h ab ar c b c) am (U V a au (W X (o aj (Y aq (ao ak ak) d t aq) b) h g Z i ax AA (q h)) (AB ay ap AC aj x l ar (AD (AE n z at) j) AF ax))
s (u k am) ac ad (ad ax am ax) p (an k) a ay k f af z (av (aq am ab an v)) q ap t (ak aj ar c b c) ae k f af z (av (aq am ab an v)) q ap t (ak aj ar c b c) ae k f af z (av (aq am ab an v)) q ap t (ak aj ar c b c) ae k f af z (av (aq am ab an v)) q ap t (h ab ar c b c) am (U V a au (W X (o aj (Y aq (ao ak ak) d t aq) b) h g Z i ax AA (q h)) (AB ay ap AC aj x l ar (AD (AE n z at) j) AF ax))
d aj ah ad z (u k am) ak d ac ae k f af z (av (aq am ab an v)) q ap t (ak aj ar c b c) ae k f af z (av (aq am ab an v)) q ap t (ak aj ar c b c) ae k f af z (av (aq am ab an v)) q ap t (ak aj ar c b c) ae k f af z (av (aq am ab an v)) q ap t (h ab ar c b c) am (U V a au (W X (o aj (Y aq (ao ak ak) d t aq) b) h g Z i ax AA (q h)) (AB ay ap AC aj x l ar (AD (AE n z at) j) AF ax))
w p v d z q ap t (ak aj ar c b c) ae k f af z (av (aq am ab an v)) q ap t (ak aj ar c b c) ae k f af z (av (aq am ab an v)) q ap t (ak aj ar c b c) ae k f af z (av (aq am ab an v)) q ap t (ak aj ar c b c) ae k f af z (av (aq am ab an v)) q ap t (h ab ar c b c) am (U V a au (W X (o aj (Y aq (ao ak ak) d t aq) b) h g Z i ax AA (q h)) (AB ay ap AC aj x l ar (AD (AE n z at) j) AF ax))
aj z ag al n ax p c z (av (aq am ab an v)) q ap t (ak aj ar c b c) ae k f af z (av (aq am ab an v)) q ap t (ak aj ar c b c) ae k f af z (av (aq am ab an v)) q ap t (ak aj ar c b c) ae k f af z (av (aq am ab an v)) q ap t (ak aj ar c b c) ae k f af z (av (aq am ab an v)) q ap t (h ab ar c b c) am (U V a au (W X (o aj (Y aq (ao ak ak) d t aq) b) h g Z i ax AA (q h)) (AB ay ap AC aj x l ar (AD (AE n z at) j) AF ax))
aq n al (ad ax am ax) al n p c z (av (aq am ab an v)) q ap t (ak aj ar c b c) ae k f af z (av (aq am ab an v)) q ap t (ak aj ar c b c) ae k f af z (av (aq am ab an v)) q ap t (ak aj ar c b c) ae k f af z (av (aq am ab an v)) q ap t (ak aj ar c b c) ae k f af z (av (aq am ab an v)) q ap t (h ab ar c b c) am (U V a au (W X (o aj (Y aq (ao ak ak) d t aq) b) h g Z i ax AA (q h)) (AB ay ap AC aj x l ar (AD (AE n z at) j) AF ax))
af ad ae p ak ac ad (ad ax am ax) p (an k) a ay k f af z (av (aq am ab an v)) q ap t (ak aj ar c b c) ae k f af z (av (aq am ab an v)) q ap t (ak aj ar c b c) ae k f af z (av (aq am ab an v)) q ap t (ak aj ar c b c) ae k f af z (av (aq am ab an v)) q ap t (ak aj ar c b c) ae k f af z (av (aq am ab an v)) q ap t (h ab ar c b c) am (U V a au (W X (o aj (Y aq (ao ak ak) d t aq) b) h g Z i ax AA (q h)) (AB ay ap AC aj x l ar (AD (AE n z at) j) AF ax))


