a bc bd az ba bb be bf ae (aw p (h ak o t ac bc ah x))
b bc be bd bf bb az ba bb (an (d a r bc n ai u bc) h l az)
c bb bd be bc az ba q r e (ab (k s) am q ae aq l)
d az ba aj ah r ah x s (az b u) (z q (at n ba ax))
e bf bc bb ba az be bd bb y ay an (n n aq g ad az d (ad f ao am))
f az bc ba bd bb ab (t an (av al ak aa)) x
g bc be bd ba bb az bf ab n bd (e z ay ar) r ap u af f d aq ah
h ba bd bb be bc az am o c q f ai
i az bc bb bd ba bc af au bc ad c t u bc ad m k
j az ba bc bd bb f (m u m c ao ap) (ac ax) (ah (ba v v ay) p h)
k bb bc ba az bd aq i af an au aj y ae ae az ap bd x ar (c av)
l az bd ba bc bb bd d aw (aj bb ag (ak (aw az a) bd ab ab ad af))
m ba bc az bb ay c aw az p af (al ah bc f) ar ap h
n bd bc az ba be bb am w av
o bd be az ba bc bf bb am aw bb (ac w bd (ai (a ao n ah aj p z a)))
p bb ba az j ah a s aa (ax bb (aq au q)) h k (l d) aw
q ba bd bf be bc bb az bg bf au ag s
r be bc ba bd bb az bf bf be al ag f
s bb az bc bf ba be bd ac g a ar (z ba) f bd f ak i ba ak al
t bb ba bc az am w (n ay aw ax (bb (ay (av (e s d) au al ax) af)))
u bc bd ba bb az ar d j ar k aa bb az z ba ah
v be ba bd bb az bc al ac aa i ad b aj (aq ak bb) e bc
w bd az ba bc bf be bb af (a q v i bc (bd bc am j am bc aa ak az aa))
x bc az ba bb y (au al ag (ba am b) aw (q af az) ah az ah j)
y bd az ba bc bb bd c m a ay bc (bc ad n)
z bb ba az ak (b a) (ag (o ad au) n (g ah)) c av
aa bb az ba bc be bd bd bd (a aq y be a (an w i) au bd t)
ab bc bb bd ba az g (ai ae u o p ba) aq an aa bb bc ad i ba x
ac bc az bb ba be bd j ar ao u ad k g ar (az ak ay n aa p h) aw
ad be ba bd bb az bc bd i ak be i ai w y
ae bc bf ba bb az bd be ah ao ad av be q ap ah k be ak l k y p
af az ba bb bc bd ak bc bb d ax m z aq q n ax
ag ba az aq (b az g ba) n ba ba a i y az (at d)
ah bb az bc ba bd be av af g o n q j bb (h ay) i s q ao
ai az bb bd ba bc be bf av ao az f bc x (ar x c r) p z ag (aa a)
aj be bd bf bb az bc ba ae ai bc al a ab av (v n h ba)
ak ba az bb aj ag ag aa af
al az ba bb ai bb (ab s k aq ae (u (j d ae aj ay k az)) ad)
am az bd bc bb ba n (aw ba (ag (bd a) s an av az k ab) ah) w ac
an ba bd az bb bc be be (ad (be aq m ax n ao aw) c)
ao be bc az bd ba bb b av t ak aq aa ae (j ay t (ak ae) ar)
ap ba bc bd bb az ak ab bc (ad c j g bc g (e (v d ah)) ag) i z
aq bd bf ba bc az bb be q ab (c bd ad m h z) an ay ak f
ar az a o d af az p (n c aw d b af)
at az ba aj ao af (az n al) y p ai ac j
au ba bc bf bd be az bb l ab ai (al (v (c (ad ak bc ax m bb ac))))
av bc az bb ba bd r aa l ae q bd f (y ay a (ap ac u al))
aw be az bg bc bf bb bd ba at z am (o (ac w be e))
ax ba bb bc az ba bc aj (ap c g) m ah
ay az ba u au d z (m w) e al an ac ak
main ak at av c A b v (B C v ab d t D (p s (i j ax i (E s ay F) (ay c m s ag al) (G ao ay ab u (o (H af af al (I ap (J aw K (L g am M N O (ac t) z ad k b an)) (P r aa (Q R (au j (S (T U ag ax c ac ap a) n l (al ad V q (aw W p (X Y z av) af) ai))) w) Z) ad) AA) AB AC au f AD ag ad)))))
------------------------------------------------------------
ak at av c A b v (B C v ab d t D (p s (i j ax i (E s ay F) (ay c m s ag al) (G ao ay ab u (o (H af af al (I ap (J aw K (L g am M N O (ac t) z ad k b an)) (P r aa (Q R (au j (S (T U ag ax c ac ap a) n l (al ad V q (aw W p (X Y z av) af) ai))) w) Z) ad) AA) AB AC au f AD ag ad)))))
aj ag ag aa af A b v (B C v ab d t D (p s (i j ax i (E s ay F) (ay c m s ag al) (G ao ay ab u (o (H af af al (I ap (J aw K (L g am M N O (ac t) z ad k b an)) (P r aa (Q R (au j (S (T U ag ax c ac ap a) n l (al ad V q (aw W p (X Y z av) af) ai))) w) Z) ad) AA) AB AC au f AD ag ad)))))
ae ai b al a ab av (v n h v) (B C v ab d t D (p s (i j ax i (E s ay F) (ay c m s ag al) (G ao ay ab u (o (H af af al (I ap (J aw K (L g am M N O (ac t) z ad k b an)) (P r aa (Q R (au j (S (T U ag ax c ac ap a) n l (al ad V q (aw W p (X Y z av) af) ai))) w) Z) ad) AA) AB AC au f AD ag ad)))))
ah ao ad av (v n h v) q ap ah k (v n h v) ak l k y p (B C v ab d t D (p s (i j ax i (E s ay F) (ay c m s ag al) (G ao ay ab u (o (H af af al (I ap (J aw K (L g am M N O (ac t) z ad k b an)) (P r aa (Q R (au j (S (T U ag ax c ac ap a) n l (al ad V q (aw W p (X Y z av) af) ai))) w) Z) ad) AA) AB AC au f AD ag ad)))))
av af g o n q j ao (h ay) i s q ao ah k (v n h v) ak l k y p (B C v ab d t D (p s (i j ax i (E s ay F) (ay c m s ag al) (G ao ay ab u (o (H af af al (I ap (J aw K (L g am M N O (ac t) z ad k b an)) (P r aa (Q R (au j (S (T U ag ax c ac ap a) n l (al ad V q (aw W p (X Y z av) af) ai))) w) Z) ad) AA) AB AC au f AD ag ad)))))
r aa l ae q q f (y ay a (ap ac u al)) j ao (h ay) i s q ao ah k (v n h v) ak l k y p (B C v ab d t D (p s (i j ax i (E s ay F) (ay c m s ag al) (G ao ay ab u (o (H af af al (I ap (J aw K (L g am M N O (ac t) z ad k b an)) (P r aa (Q R (au j (S (T U ag ax c ac ap a) n l (al ad V q (aw W p (X Y z av) af) ai))) w) Z) ad) AA) AB AC au f AD ag ad)))))
y ay a (ap ac u al) aa al ag f j ao (h ay) i s q ao ah k (v n h v) ak l k y p (B C v ab d t D (p s (i j ax i (E s ay F) (ay c m s ag al) (G ao ay ab u (o (H af af al (I ap (J aw K (L g am M N O (ac t) z ad k b an)) (P r aa (Q R (au j (S (T U ag ax c ac ap a) n l (al ad V q (aw W p (X Y z av) af) ai))) w) Z) ad) AA) AB AC au f AD ag ad)))))
ay c m a ay aa (aa ad n) ag f j ao (h ay) i s q ao ah k (v n h v) ak l k y p (B C v ab d t D (p s (i j ax i (E s ay F) (ay c m s ag al) (G ao ay ab u (o (H af af al (I ap (J aw K (L g am M N O (ac t) z ad k b an)) (P r aa (Q R (au j (S (T U ag ax c ac ap a) n l (al ad V q (aw W p (X Y z av) af) ai))) w) Z) ad) AA) AB AC au f AD ag ad)))))
u au d z (m w) e al an ac ak a ay aa (aa ad n) ag f j ao (h ay) i s q ao ah k (v n h v) ak l k y p (B C v ab d t D (p s (i j ax i (E s ay F) (ay c m s ag al) (G ao ay ab u (o (H af af al (I ap (J aw K (L g am M N O (ac t) z ad k b an)) (P r aa (Q R (au j (S (T U ag ax c ac ap a) n l (al ad V q (aw W p (X Y z av) af) ai))) w) Z) ad) AA) AB AC au f AD ag ad)))))
ar d j ar k aa (m w) e z z ah al an ac ak a ay aa (aa ad n) ag f j ao (h ay) i s q ao ah k (v n h v) ak l k y p (B C v ab d t D (p s (i j ax i (E s ay F) (ay c m s ag al) (G ao ay ab u (o (H af af al (I ap (J aw K (L g am M N O (ac t) z ad k b an)) (P r aa (Q R (au j (S (T U ag ax c ac ap a) n l (al ad V q (aw W p (X Y z av) af) ai))) w) Z) ad) AA) AB AC au f AD ag ad)))))
a o d af d p (n c aw d b af) j ar k aa (m w) e z z ah al an ac ak a ay aa (aa ad n) ag f j ao (h ay) i s q ao ah k (v n h v) ak l k y p (B C v ab d t D (p s (i j ax i (E s ay F) (ay c m s ag al) (G ao ay ab u (o (H af af al (I ap (J aw K (L g am M N O (ac t) z ad k b an)) (P r aa (Q R (au j (S (T U ag ax c ac ap a) n l (al ad V q (aw W p (X Y z av) af) ai))) w) Z) ad) AA) AB AC au f AD ag ad)))))
ae (aw p (h ak o t ac o ah x)) ar k aa (m w) e z z ah al an ac ak a ay aa (aa ad n) ag f j ao (h ay) i s q ao ah k (v n h v) ak l k y p (B C v ab d t D (p s (i j ax i (E s ay F) (ay c m s ag al) (G ao ay ab u (o (H af af al (I ap (J aw K (L g am M N O (ac t) z ad k b an)) (P r aa (Q R (au j (S (T U ag ax c ac ap a) n l (al ad V q (aw W p (X Y z av) af) ai))) w) Z) ad) AA) AB AC au f AD ag ad)))))
ah ao ad av z q ap ah k z ak l k y p z ah al an ac ak a ay aa (aa ad n) ag f j ao (h ay) i s q ao ah k (v n h v) ak l k y p (B C v ab d t D (p s (i j ax i (E s ay F) (ay c m s ag al) (G ao ay ab u (o (H af af al (I ap (J aw K (L g am M N O (ac t) z ad k b an)) (P r aa (Q R (au j (S (T U ag ax c ac ap a) n l (al ad V q (aw W p (X Y z av) af) ai))) w) Z) ad) AA) AB AC au f AD ag ad)))))
av af g o n q j ao (h ay) i s q ao ah k z ak l k y p z ah al an ac ak a ay aa (aa ad n) ag f j ao (h ay) i s q ao ah k (v n h v) ak l k y p (B C v ab d t D (p s (i j ax i (E s ay F) (ay c m s ag al) (G ao ay ab u (o (H af af al (I ap (J aw K (L g am M N O (ac t) z ad k b an)) (P r aa (Q R (au j (S (T U ag ax c ac ap a) n l (al ad V q (aw W p (X Y z av) af) ai))) w) Z) ad) AA) AB AC au f AD ag ad)))))
r aa l ae q q f (y ay a (ap ac u al)) j ao (h ay) i s q ao ah k z ak l k y p z ah al an ac ak a ay aa (aa ad n) ag f j ao (h ay) i s q ao ah k (v n h v) ak l k y p (B C v ab d t D (p s (i j ax i (E s ay F) (ay c m s ag al) (G ao ay ab u (o (H af af al (I ap (J aw K (L g am M N O (ac t) z ad k b an)) (P r aa (Q R (au j (S (T U ag ax c ac ap a) n l (al ad V q (aw W p (X Y z av) af) ai))) w) Z) ad) AA) AB AC au f AD ag ad)))))
y ay a (ap ac u al) aa al ag f j ao (h ay) i s q ao ah k z ak l k y p z ah al an ac ak a ay aa (aa ad n) ag f j ao (h ay) i s q ao ah k (v n h v) ak l k y p (B C v ab d t D (p s (i j ax i (E s ay F) (ay c m s ag al) (G ao ay ab u (o (H af af al (I ap (J aw K (L g am M N O (ac t) z ad k b an)) (P r aa (Q R (au j (S (T U ag ax c ac ap a) n l (al ad V q (aw W p (X Y z av) af) ai))) w) Z) ad) AA) AB AC au f AD ag ad)))))
ay c m a ay aa (aa ad n) ag f j ao (h ay) i s q ao ah k z ak l k y p z ah al an ac ak a ay aa (aa ad n) ag f j ao (h ay) i s q ao ah k (v n h v) ak l k y p (B C v ab d t D (p s (i j ax i (E s ay F) (ay c m s ag al) (G ao ay ab u (o (H af af al (I ap (J aw K (L g am M N O (ac t) z ad k b an)) (P r aa (Q R (au j (S (T U ag ax c ac ap a) n l (al ad V q (aw W p (X Y z av) af) ai))) w) Z) ad) AA) AB AC au f AD ag ad)))))
u au d z (m w) e al an ac ak a ay aa (aa ad n) ag f j ao (h ay) i s q ao ah k z ak l k y p z ah al an ac ak a ay aa (aa ad n) ag f j ao (h ay) i s q ao ah k (v n h v) ak l k y p (B C v ab d t D (p s (i j ax i (E s ay F) (ay c m s ag al) (G ao ay ab u (o (H af af al (I ap (J aw K (L g am M N O (ac t) z ad k b an)) (P r aa (Q R (au j (S (T U ag ax c ac ap a) n l (al ad V q (aw W p (X Y z av) af) ai))) w) Z) ad) AA) AB AC au f AD ag ad)))))
ar d j ar k aa (m w) e z z ah al an ac ak a ay aa (aa ad n) ag f j ao (h ay) i s q ao ah k z ak l k y p z ah al an ac ak a ay aa (aa ad n) ag f j ao (h ay) i s q ao ah k (v n h v) ak l k y p (B C v ab d t D (p s (i j ax i (E s ay F) (ay c m s ag al) (G ao ay ab u (o (H af af al (I ap (J aw K (L g am M N O (ac t) z ad k b an)) (P r aa (Q R (au j (S (T U ag ax c ac ap a) n l (al ad V q (aw W p (X Y z av) af) ai))) w) Z) ad) AA) AB AC au f AD ag ad)))))
a o d af d p (n c aw d b af) j ar k aa (m w) e z z ah al an ac ak a ay aa (aa ad n) ag f j ao (h ay) i s q ao ah k z ak l k y p z ah al an ac ak a ay aa (aa ad n) ag f j ao (h ay) i s q ao ah k (v n h v) ak l k y p (B C v ab d t D (p s (i j ax i (E s ay F) (ay c m s ag al) (G ao ay ab u (o (H af af al (I ap (J aw K (L g am M N O (ac t) z ad k b an)) (P r aa (Q R (au j (S (T U ag ax c ac ap a) n l (al ad V q (aw W p (X Y z av) af) ai))) w) Z) ad) AA) AB AC au f AD ag ad)))))
ae (aw p (h ak o t ac o ah x)) ar k aa (m w) e z z ah al an ac ak a ay aa (aa ad n) ag f j ao (h ay) i s q ao ah k z ak l k y p z ah al an ac ak a ay aa (aa ad n) ag f j ao (h ay) i s q ao ah k (v n h v) ak l k y p (B C v ab d t D (p s (i j ax i (E s ay F) (ay c m s ag al) (G ao ay ab u (o (H af af al (I ap (J aw K (L g am M N O (ac t) z ad k b an)) (P r aa (Q R (au j (S (T U ag ax c ac ap a) n l (al ad V q (aw W p (X Y z av) af) ai))) w) Z) ad) AA) AB AC au f AD ag ad)))))
ah ao ad av z q ap ah k z ak l k y p z ah al an ac ak a ay aa (aa ad n) ag f j ao (h ay) i s q ao ah k z ak l k y p z ah al an ac ak a ay aa (aa ad n) ag f j ao (h ay) i s q ao ah k (v n h v) ak l k y p (B C v ab d t D (p s (i j ax i (E s ay F) (ay c m s ag al) (G ao ay ab u (o (H af af al (I ap (J aw K (L g am M N O (ac t) z ad k b an)) (P r aa (Q R (au j (S (T U ag ax c ac ap a) n l (al ad V q (aw W p (X Y z av) af) ai))) w) Z) ad) AA) AB AC au f AD ag ad)))))
av af g o n q j ao (h ay) i s q ao ah k z ak l k y p z ah al an ac ak a ay aa (aa ad n) ag f j ao (h ay) i s q ao ah k z ak l k y p z ah al an ac ak a ay aa (aa ad n) ag f j ao (h ay) i s q ao ah k (v n h v) ak l k y p (B C v ab d t D (p s (i j ax i (E s ay F) (ay c m s ag al) (G ao ay ab u (o (H af af al (I ap (J aw K (L g am M N O (ac t) z ad k b an)) (P r aa (Q R (au j (S (T U ag ax c ac ap a) n l (al ad V q (aw W p (X Y z av) af) ai))) w) Z) ad) AA) AB AC au f AD ag ad)))))
r aa l ae q q f (y ay a (ap ac u al)) j ao (h ay) i s q ao ah k z ak l k y p z ah al an ac ak a ay aa (aa ad n) ag f j ao (h ay) i s q ao ah k z ak l k y p z ah al an ac ak a ay aa (aa ad n) ag f j ao (h ay) i s q ao ah k (v n h v) ak l k y p (B C v ab d t D (p s (i j ax i (E s ay F) (ay c m s ag al) (G ao ay ab u (o (H af af al (I ap (J aw K (L g am M N O (ac t) z ad k b an)) (P r aa (Q R (au j (S (T U ag ax c ac ap a) n l (al ad V q (aw W p (X Y z av) af) ai))) w) Z) ad) AA) AB AC au f AD ag ad)))))
y ay a (ap ac u al) aa al ag f j ao (h ay) i s q ao ah k z ak l k y p z ah al an ac ak a ay aa (aa ad n) ag f j ao (h ay) i s q ao ah k z ak l k y p z ah al an ac ak a ay aa (aa ad n) ag f j ao (h ay) i s q ao ah k (v n h v) ak l k y p (B C v ab d t D (p s (i j ax i (E s ay F) (ay c m s ag al) (G ao ay ab u (o (H af af al (I ap (J aw K (L g am M N O (ac t) z ad k b an)) (P r aa (Q R (au j (S (T U ag ax c ac ap a) n l (al ad V q (aw W p (X Y z av) af) ai))) w) Z) ad) AA) AB AC au f AD ag ad)))))
ay c m a ay aa (aa ad n) ag f j ao (h ay) i s q ao ah k z ak l k y p z ah al an ac ak a ay aa (aa ad n) ag f j ao (h ay) i s q ao ah k z ak l k y p z ah al an ac ak a ay aa (aa ad n) ag f j ao (h ay) i s q ao ah k (v n h v) ak l k y p (B C v ab d t D (p s (i j ax i (E s ay F) (ay c m s ag al) (G ao ay ab u (o (H af af al (I ap (J aw K (L g am M N O (ac t) z ad k b an)) (P r aa (Q R (au j (S (T U ag ax c ac ap a) n l (al ad V q (aw W p (X Y z av) af) ai))) w) Z) ad) AA) AB AC au f AD ag ad)))))
u au d z (m w) e al an ac ak a ay aa (aa ad n) ag f j ao (h ay) i s q ao ah k z ak l k y p z ah al an ac ak a ay aa (aa ad n) ag f j ao (h ay) i s q ao ah k z ak l k y p z ah al an ac ak a ay aa (aa ad n) ag f j ao (h ay) i s q ao ah k (v n h v) ak l k y p (B C v ab d t D (p s (i j ax i (E s ay F) (ay c m s ag al) (G ao ay ab u (o (H af af al (I ap (J aw K (L g am M N O (ac t) z ad k b an)) (P r aa (Q R (au j (S (T U ag ax c ac ap a) n l (al ad V q (aw W p (X Y z av) af) ai))) w) Z) ad) AA) AB AC au f AD ag ad)))))
ar d j ar k aa (m w) e z z ah al an ac ak a ay aa (aa ad n) ag f j ao (h ay) i s q ao ah k z ak l k y p z ah al an ac ak a ay aa (aa ad n) ag f j ao (h ay) i s q ao ah k z ak l k y p z ah al an ac ak a ay aa (aa ad n) ag f j ao (h ay) i s q ao ah k (v n h v) ak l k y p (B C v ab d t D (p s (i j ax i (E s ay F) (ay c m s ag al) (G ao ay ab u (o (H af af al (I ap (J aw K (L g am M N O (ac t) z ad k b an)) (P r aa (Q R (au j (S (T U ag ax c ac ap a) n l (al ad V q (aw W p (X Y z av) af) ai))) w) Z) ad) AA) AB AC au f AD ag ad)))))
a o d af d p (n c aw d b af) j ar k aa (m w) e z z ah al an ac ak a ay aa (aa ad n) ag f j ao (h ay) i s q ao ah k z ak l k y p z ah al an ac ak a ay aa (aa ad n) ag f j ao (h ay) i s q ao ah k z ak l k y p z ah al an ac ak a ay aa (aa ad n) ag f j ao (h ay) i s q ao ah k (v n h v) ak l k y p (B C v ab d t D (p s (i j ax i (E s ay F) (ay c m s ag al) (G ao ay ab u (o (H af af al (I ap (J aw K (L g am M N O (ac t) z ad k b an)) (P r aa (Q R (au j (S (T U ag ax c ac ap a) n l (al ad V q (aw W p (X Y z av) af) ai))) w) Z) ad) AA) AB AC au f AD ag ad)))))
ae (aw p (h ak o t ac o ah x)) ar k aa (m w) e z z ah al an ac ak a ay aa (aa ad n) ag f j ao (h ay) i s q ao ah k z ak l k y p z ah al an ac ak a ay aa (aa ad n) ag f j ao (h ay) i s q ao ah k z ak l k y p z ah al an ac ak a ay aa (aa ad n) ag f j ao (h ay) i s q ao ah k (v n h v) ak l k y p (B C v ab d t D (p s (i j ax i (E s ay F) (ay c m s ag al) (G ao ay ab u (o (H af af al (I ap (J aw K (L g am M N O (ac t) z ad k b an)) (P r aa (Q R (au j (S (T U ag ax c ac ap a) n l (al ad V q (aw W p (X Y z av) af) ai))) w) Z) ad) AA) AB AC au f AD ag ad)))))


