a az bb bc be ba bd bg bf o k av b au b az ac ag av af j aq
b bd be bc ba az bb ao x g a q (bb az t (t be l am aw) d bd)
c ba bf bc be bb az bd ao am x ab an an (q (u e aj (ah q al)) e al)
d bd ba az bb bc s ab (ae q ac bb ae) p (c ba) e ar ac ad bc
e ba bd bc bb az be bf am bc h bf ai m at af j o ay
f bb bc bd ba bf be az ad k e b b ba bb z
g bc be bd az ba bb w (ap (b a ba s)) ae y al z ab (e aw (ao ba) w)
h ba az bc be bd bb n d n (bb r aa x (az d (f ad al b)))
i bg bc az bd bb ba bf be e c v af a am b d h ar bc ao
j ba bb az bc ae x bc s ba ba e az aw ah x (n (av g au))
k bc bb ba bd az v o af b an (ba g au am i)
l az bb ba bb (aj (w i (d o ad) (ab az g w) c))
m bf bb az bg be ba bd bc q av au k ap (b ai bb an aq ay a x)
n az bb ba b e aa ay y bb al az (ba ad d)
o bc az bb be bd ba bd p bd t aa n g ar w u ar (ba ap x)
p bg bd be bc az bf bb ba aq ak j r ae ac ab ad
q bb bf ba az bg bd bc be d r be ar ai aa af
r bd az bf bb ba bc be bg p l f ba (bf (ax ak m h c) ae ar)
s bc bb be ba az bd v af (bb (an am ba a (aj ad (d d ax y ak) ae)) c)
t bb az ba af ai (ao az ba z aw aj x az s ad ba)
u bc az bb be bd ba bf aj (ah am) aa az ad (v ai) h q
v az ba bb k (au aa (k z az) ah b aa (c w) u)
w bd ba bc az bb ai s (bc au aq bb e v bb aq) bb r
x f y aq (aj at (ag g d v w al ao c v))
y bd bf be bc az bb ba bg k aw af l ay
z az ba bb bf bd be bc af (ax (a c (g b ba (ah b c d) ay)) k bd at q)
aa ba az bf be bc bd bb aw j (aq g (y ax q t r ab q (ad o h ar ac)))
ab bd be az bb bc ba bf x (bf be au) k an z az ak ah y
ac az bf bb bd ba be bg bc aj a (w (l bc aj ay))
ad ba az bc bb bd az bc x ao az y b ba c ah j d az ax p
ae bg bf ba bb bd bc az be be r af ah c ay m bd z (ac an au) ap ag
af ba bd bb bc be az k e ao x w av ag c l t
ag be bg bb bc bf bd az ba af at ak aw p al bf e aj ba ad am w t ay af
ah bb ba az bd bc d aq y
ai az bf bd bb ba bc be ao ag ah aj bd d (w az (aq aa (bb w an av at)))
aj ba bb az y (k n h z az ak t (t an l) bb t (e an a))
ak bd bf ba az be bc bb e k (v v (x an al f))
al bb az ba a an u d aa
am az t ad p m t ag r j c s q n
an bd bf bb ba az bc be bg ap aq al d o z af (r n aj i) d w x ah
ao bc bg bb az bf be bd ba t ba bd ag u be al r az b bg o v (z q)
ap bc bg ba bd bb az be bf j p ak ba ay l z t au bc an p ax
aq bc az ba bd bb o (at bb b bc bb ax) aw (bb at f) ac
ar ba bd bc az bb j n bd w (j a t k) ba j bb al ay bd aq
at bg bd bf az bb be ba bc g e h au m k ag ay a be be r l z
au az bb bd ba be bc ao a be j d l bb i y (t aw b (bc n az) c)
av bc be az bb ba bd al (bc at y e (r m o ae bc s (bd ax ba) l))
aw az bc ba bd bf be bb ag p b (ap i bc at i q) i ad ar ap av
ax bb az be bc ba bd z v ag aq f at a (q at al bd ao) ba f k r
ay ba bb az ba z aw (ak b z ai u bb f i)
main ap (aq (w ay) d (A (ag f aj B (ag (m ab))) af ak l C av t) p (u aj ap) (D (E am k (p q) ag w c aj (o at (ai ax) ax ad ad) j) F i) ad) G au H I p J ag K L M N O P d z ax au Q R (S (T x) at ae x) U a aq V w W X f q aa Y k c ah ax Z AA f AB (d (b z b) AC ae) AD (ao (AE AF AG AH))
------------------------------------------------------------
ap (aq (w ay) d (A (ag f aj B (ag (m ab))) af ak l C av t) p (u aj ap) (D (E am k (p q) ag w c aj (o at (ai ax) ax ad ad) j) F i) ad) G au H I p J ag K L M N O P d z ax au Q R (S (T x) at ae x) U a aq V w W X f q aa Y k c ah ax Z AA f AB (d (b z b) AC ae) AD (ao (AE AF AG AH))
j p ak au ay l z t au (aq (w ay) d (A (ag f aj B (ag (m ab))) af ak l C av t) p (u aj ap) (D (E am k (p q) ag w c aj (o at (ai ax) ax ad ad) j) F i) ad) an p ax K L M N O P d z ax au Q R (S (T x) at ae x) U a aq V w W X f q aa Y k c ah ax Z AA f AB (d (b z b) AC ae) AD (ao (AE AF AG AH))
ae x ay s p p e au aw ah x (n (av g au)) l z t au (aq (w ay) d (A (ag f aj B (ag (m ab))) af ak l C av t) p (u aj ap) (D (E am k (p q) ag w c aj (o at (ai ax) ax ad ad) j) F i) ad) an p ax K L M N O P d z ax au Q R (S (T x) at ae x) U a aq V w W X f q aa Y k c ah ax Z AA f AB (d (b z b) AC ae) AD (ao (AE AF AG AH))
aw r af ah c ay m p z (ac an au) ap ag ah x (n (av g au)) l z t au (aq (w ay) d (A (ag f aj B (ag (m ab))) af ak l C av t) p (u aj ap) (D (E am k (p q) ag w c aj (o at (ai ax) ax ad ad) j) F i) ad) an p ax K L M N O P d z ax au Q R (S (T x) at ae x) U a aq V w W X f q aa Y k c ah ax Z AA f AB (d (b z b) AC ae) AD (ao (AE AF AG AH))
ag p b (ap i af at i q) i ad ar ap av z (ac an au) ap ag ah x (n (av g au)) l z t au (aq (w ay) d (A (ag f aj B (ag (m ab))) af ak l C av t) p (u aj ap) (D (E am k (p q) ag w c aj (o at (ai ax) ax ad ad) j) F i) ad) an p ax K L M N O P d z ax au Q R (S (T x) at ae x) U a aq V w W X f q aa Y k c ah ax Z AA f AB (d (b z b) AC ae) AD (ao (AE AF AG AH))
af at ak aw p al ad e aj av ad am w t ay af z (ac an au) ap ag ah x (n (av g au)) l z t au (aq (w ay) d (A (ag f aj B (ag (m ab))) af ak l C av t) p (u aj ap) (D (E am k (p q) ag w c aj (o at (ai ax) ax ad ad) j) F i) ad) an p ax K L M N O P d z ax au Q R (S (T x) at ae x) U a aq V w W X f q aa Y k c ah ax Z AA f AB (d (b z b) AC ae) AD (ao (AE AF AG AH))
k e ao x w av ag c l t e aj av ad am w t ay af z (ac an au) ap ag ah x (n (av g au)) l z t au (aq (w ay) d (A (ag f aj B (ag (m ab))) af ak l C av t) p (u aj ap) (D (E am k (p q) ag w c aj (o at (ai ax) ax ad ad) j) F i) ad) an p ax K L M N O P d z ax au Q R (S (T x) at ae x) U a aq V w W X f q aa Y k c ah ax Z AA f AB (d (b z b) AC ae) AD (ao (AE AF AG AH))
v o af b an (x g au am i) ag c l t e aj av ad am w t ay af z (ac an au) ap ag ah x (n (av g au)) l z t au (aq (w ay) d (A (ag f aj B (ag (m ab))) af ak l C av t) p (u aj ap) (D (E am k (p q) ag w c aj (o at (ai ax) ax ad ad) j) F i) ad) an p ax K L M N O P d z ax au Q R (S (T x) at ae x) U a aq V w W X f q aa Y k c ah ax Z AA f AB (d (b z b) AC ae) AD (ao (AE AF AG AH))
k (au aa (k z o) ah b aa (c w) u) an (x g au am i) ag c l t e aj av ad am w t ay af z (ac an au) ap ag ah x (n (av g au)) l z t au (aq (w ay) d (A (ag f aj B (ag (m ab))) af ak l C av t) p (u aj ap) (D (E am k (p q) ag w c aj (o at (ai ax) ax ad ad) j) F i) ad) an p ax K L M N O P d z ax au Q R (S (T x) at ae x) U a aq V w W X f q aa Y k c ah ax Z AA f AB (d (b z b) AC ae) AD (ao (AE AF AG AH))
v o af b an (x g au am i g au am i) l t e aj av ad am w t ay af z (ac an au) ap ag ah x (n (av g au)) l z t au (aq (w ay) d (A (ag f aj B (ag (m ab))) af ak l C av t) p (u aj ap) (D (E am k (p q) ag w c aj (o at (ai ax) ax ad ad) j) F i) ad) an p ax K L M N O P d z ax au Q R (S (T x) at ae x) U a aq V w W X f q aa Y k c ah ax Z AA f AB (d (b z b) AC ae) AD (ao (AE AF AG AH))
k (au aa (k z o) ah b aa (c w) u) an (x g au am i g au am i) l t e aj av ad am w t ay af z (ac an au) ap ag ah x (n (av g au)) l z t au (aq (w ay) d (A (ag f aj B (ag (m ab))) af ak l C av t) p (u aj ap) (D (E am k (p q) ag w c aj (o at (ai ax) ax ad ad) j) F i) ad) an p ax K L M N O P d z ax au Q R (S (T x) at ae x) U a aq V w W X f q aa Y k c ah ax Z AA f AB (d (b z b) AC ae) AD (ao (AE AF AG AH))
v o af b an (x g au am i g au am i g au am i) e aj av ad am w t ay af z (ac an au) ap ag ah x (n (av g au)) l z t au (aq (w ay) d (A (ag f aj B (ag (m ab))) af ak l C av t) p (u aj ap) (D (E am k (p q) ag w c aj (o at (ai ax) ax ad ad) j) F i) ad) an p ax K L M N O P d z ax au Q R (S (T x) at ae x) U a aq V w W X f q aa Y k c ah ax Z AA f AB (d (b z b) AC ae) AD (ao (AE AF AG AH))
k (au aa (k z o) ah b aa (c w) u) an (x g au am i g au am i g au am i) e aj av ad am w t ay af z (ac an au) ap ag ah x (n (av g au)) l z t au (aq (w ay) d (A (ag f aj B (ag (m ab))) af ak l C av t) p (u aj ap) (D (E am k (p q) ag w c aj (o at (ai ax) ax ad ad) j) F i) ad) an p ax K L M N O P d z ax au Q R (S (T x) at ae x) U a aq V w W X f q aa Y k c ah ax Z AA f AB (d (b z b) AC ae) AD (ao (AE AF AG AH))
v o af b an (x g au am i g au am i g au am i g au am i) av ad am w t ay af z (ac an au) ap ag ah x (n (av g au)) l z t au (aq (w ay) d (A (ag f aj B (ag (m ab))) af ak l C av t) p (u aj ap) (D (E am k (p q) ag w c aj (o at (ai ax) ax ad ad) j) F i) ad) an p ax K L M N O P d z ax au Q R (S (T x) at ae x) U a aq V w W X f q aa Y k c ah ax Z AA f AB (d (b z b) AC ae) AD (ao (AE AF AG AH))
k (au aa (k z o) ah b aa (c w) u) an (x g au am i g au am i g au am i g au am i) av ad am w t ay af z (ac an au) ap ag ah x (n (av g au)) l z t au (aq (w ay) d (A (ag f aj B (ag (m ab))) af ak l C av t) p (u aj ap) (D (E am k (p q) ag w c aj (o at (ai ax) ax ad ad) j) F i) ad) an p ax K L M N O P d z ax au Q R (S (T x) at ae x) U a aq V w W X f q aa Y k c ah ax Z AA f AB (d (b z b) AC ae) AD (ao (AE AF AG AH))
v o af b an (x g au am i g au am i g au am i g au am i g au am i) am w t ay af z (ac an au) ap ag ah x (n (av g au)) l z t au (aq (w ay) d (A (ag f aj B (ag (m ab))) af ak l C av t) p (u aj ap) (D (E am k (p q) ag w c aj (o at (ai ax) ax ad ad) j) F i) ad) an p ax K L M N O P d z ax au Q R (S (T x) at ae x) U a aq V w W X f q aa Y k c ah ax Z AA f AB (d (b z b) AC ae) AD (ao (AE AF AG AH))
k (au aa (k z o) ah b aa (c w) u) an (x g au am i g au am i g au am i g au am i g au am i) am w t ay af z (ac an au) ap ag ah x (n (av g au)) l z t au (aq (w ay) d (A (ag f aj B (ag (m ab))) af ak l C av t) p (u aj ap) (D (E am k (p q) ag w c aj (o at (ai ax) ax ad ad) j) F i) ad) an p ax K L M N O P d z ax au Q R (S (T x) at ae x) U a aq V w W X f q aa Y k c ah ax Z AA f AB (d (b z b) AC ae) AD (ao (AE AF AG AH))
v o af b an (x g au am i g au am i g au am i g au am i g au am i g au am i) t ay af z (ac an au) ap ag ah x (n (av g au)) l z t au (aq (w ay) d (A (ag f aj B (ag (m ab))) af ak l C av t) p (u aj ap) (D (E am k (p q) ag w c aj (o at (ai ax) ax ad ad) j) F i) ad) an p ax K L M N O P d z ax au Q R (S (T x) at ae x) U a aq V w W X f q aa Y k c ah ax Z AA f AB (d (b z b) AC ae) AD (ao (AE AF AG AH))
k (au aa (k z o) ah b aa (c w) u) an (x g au am i g au am i g au am i g au am i g au am i g au am i) t ay af z (ac an au) ap ag ah x (n (av g au)) l z t au (aq (w ay) d (A (ag f aj B (ag (m ab))) af ak l C av t) p (u aj ap) (D (E am k (p q) ag w c aj (o at (ai ax) ax ad ad) j) F i) ad) an p ax K L M N O P d z ax au Q R (S (T x) at ae x) U a aq V w W X f q aa Y k c ah ax Z AA f AB (d (b z b) AC ae) AD (ao (AE AF AG AH))
v o af b an (x g au am i g au am i g au am i g au am i g au am i g au am i g au am i) af z (ac an au) ap ag ah x (n (av g au)) l z t au (aq (w ay) d (A (ag f aj B (ag (m ab))) af ak l C av t) p (u aj ap) (D (E am k (p q) ag w c aj (o at (ai ax) ax ad ad) j) F i) ad) an p ax K L M N O P d z ax au Q R (S (T x) at ae x) U a aq V w W X f q aa Y k c ah ax Z AA f AB (d (b z b) AC ae) AD (ao (AE AF AG AH))
k (au aa (k z o) ah b aa (c w) u) an (x g au am i g au am i g au am i g au am i g au am i g au am i g au am i) af z (ac an au) ap ag ah x (n (av g au)) l z t au (aq (w ay) d (A (ag f aj B (ag (m ab))) af ak l C av t) p (u aj ap) (D (E am k (p q) ag w c aj (o at (ai ax) ax ad ad) j) F i) ad) an p ax K L M N O P d z ax au Q R (S (T x) at ae x) U a aq V w W X f q aa Y k c ah ax Z AA f AB (d (b z b) AC ae) AD (ao (AE AF AG AH))
v o af b an (x g au am i g au am i g au am i g au am i g au am i g au am i g au am i g au am i) (ac an au) ap ag ah x (n (av g au)) l z t au (aq (w ay) d (A (ag f aj B (ag (m ab))) af ak l C av t) p (u aj ap) (D (E am k (p q) ag w c aj (o at (ai ax) ax ad ad) j) F i) ad) an p ax K L M N O P d z ax au Q R (S (T x) at ae x) U a aq V w W X f q aa Y k c ah ax Z AA f AB (d (b z b) AC ae) AD (ao (AE AF AG AH))
k (au aa (k z o) ah b aa (c w) u) an (x g au am i g au am i g au am i g au am i g au am i g au am i g au am i g au am i) (ac an au) ap ag ah x (n (av g au)) l z t au (aq (w ay) d (A (ag f aj B (ag (m ab))) af ak l C av t) p (u aj ap) (D (E am k (p q) ag w c aj (o at (ai ax) ax ad ad) j) F i) ad) an p ax K L M N O P d z ax au Q R (S (T x) at ae x) U a aq V w W X f q aa Y k c ah ax Z AA f AB (d (b z b) AC ae) AD (ao (AE AF AG AH))
v o af b an (x g au am i g au am i g au am i g au am i g au am i g au am i g au am i g au am i g au am i) ag ah x (n (av g au)) l z t au (aq (w ay) d (A (ag f aj B (ag (m ab))) af ak l C av t) p (u aj ap) (D (E am k (p q) ag w c aj (o at (ai ax) ax ad ad) j) F i) ad) an p ax K L M N O P d z ax au Q R (S (T x) at ae x) U a aq V w W X f q aa Y k c ah ax Z AA f AB (d (b z b) AC ae) AD (ao (AE AF AG AH))
k (au aa (k z o) ah b aa (c w) u) an (x g au am i g au am i g au am i g au am i g au am i g au am i g au am i g au am i g au am i) ag ah x (n (av g au)) l z t au (aq (w ay) d (A (ag f aj B (ag (m ab))) af ak l C av t) p (u aj ap) (D (E am k (p q) ag w c aj (o at (ai ax) ax ad ad) j) F i) ad) an p ax K L M N O P d z ax au Q R (S (T x) at ae x) U a aq V w W X f q aa Y k c ah ax Z AA f AB (d (b z b) AC ae) AD (ao (AE AF AG AH))
v o af b an (x g au am i g au am i g au am i g au am i g au am i g au am i g au am i g au am i g au am i g au am i) x (n (av g au)) l z t au (aq (w ay) d (A (ag f aj B (ag (m ab))) af ak l C av t) p (u aj ap) (D (E am k (p q) ag w c aj (o at (ai ax) ax ad ad) j) F i) ad) an p ax K L M N O P d z ax au Q R (S (T x) at ae x) U a aq V w W X f q aa Y k c ah ax Z AA f AB (d (b z b) AC ae) AD (ao (AE AF AG AH))
k (au aa (k z o) ah b aa (c w) u) an (x g au am i g au am i g au am i g au am i g au am i g au am i g au am i g au am i g au am i g au am i) x (n (av g au)) l z t au (aq (w ay) d (A (ag f aj B (ag (m ab))) af ak l C av t) p (u aj ap) (D (E am k (p q) ag w c aj (o at (ai ax) ax ad ad) j) F i) ad) an p ax K L M N O P d z ax au Q R (S (T x) at ae x) U a aq V w W X f q aa Y k c ah ax Z AA f AB (d (b z b) AC ae) AD (ao (AE AF AG AH))
v o af b an (x g au am i g au am i g au am i g au am i g au am i g au am i g au am i g au am i g au am i g au am i g au am i) l z t au (aq (w ay) d (A (ag f aj B (ag (m ab))) af ak l C av t) p (u aj ap) (D (E am k (p q) ag w c aj (o at (ai ax) ax ad ad) j) F i) ad) an p ax K L M N O P d z ax au Q R (S (T x) at ae x) U a aq V w W X f q aa Y k c ah ax Z AA f AB (d (b z b) AC ae) AD (ao (AE AF AG AH))
k (au aa (k z o) ah b aa (c w) u) an (x g au am i g au am i g au am i g au am i g au am i g au am i g au am i g au am i g au am i g au am i g au am i) l z t au (aq (w ay) d (A (ag f aj B (ag (m ab))) af ak l C av t) p (u aj ap) (D (E am k (p q) ag w c aj (o at (ai ax) ax ad ad) j) F i) ad) an p ax K L M N O P d z ax au Q R (S (T x) at ae x) U a aq V w W X f q aa Y k c ah ax Z AA f AB (d (b z b) AC ae) AD (ao (AE AF AG AH))
v o af b an (x g au am i g au am i g au am i g au am i g au am i g au am i g au am i g au am i g au am i g au am i g au am i g au am i) t au (aq (w ay) d (A (ag f aj B (ag (m ab))) af ak l C av t) p (u aj ap) (D (E am k (p q) ag w c aj (o at (ai ax) ax ad ad) j) F i) ad) an p ax K L M N O P d z ax au Q R (S (T x) at ae x) U a aq V w W X f q aa Y k c ah ax Z AA f AB (d (b z b) AC ae) AD (ao (AE AF AG AH))


