a ae = o ae o ae (x ae ae)
b ag af ae ai ah = g n l t ai v (k (n ad)) x
c af ae ag ah = w j p (h x) ad h n
d ae af = ab ab n
e ae ag af ai ah = ad w b c (ai ac)
f = v (e r ac n) q
g ae af = af z (ad ae (ae b f w))
h ag ae af = v w c (r f g k m) w
i = k r z l g y
j ae = ae (a a x)
k ae af = t z d ae n af ae
l = ad v k ab h k m ad a b
m = z f v b (z (e j h l) q)
n ae af ah ai ag = ac (p (c p q v))
o = d (f (b m) w)
p ae af = w v o c l j af
q ae = ae z ae r f ad ae
r ae = i l ab f d n
s ag af ae = v af af (ac af) k w z x e
t af ag ae = b f (f e) k k z ac
u ag ae af = y ae
v ae ag ai af ah = ab w aa o y ah ag ae h
w ah aj ag ae ai af = s b f ag l f g ae s
x ae ah ag af = k ad aa ac o h
y = p m z d
z ae = ae (r q v d)
aa ae af ag = m
ab ai ah ag aj ae af = ac u x (h p p k af)
ac af ag ae ah ai = h (s v (a z (v f q ae p)))
ad af ah ai ae ag = ah z h t z ac m q
main = u A (b g d a c aa w) t n o k (B z (l t (d z (f k ad (ac q) q) h C f l p (D aa ac y w (o E) b y j y g n u a z F x (ab x (G H ab b a) z I l aa) J p (f f) f)) o (l K q d L M k) n (x w j aa r ad k y N O t j r w y) P) (o g e Q ab c s) (R n) ad S)
------------------------------------------------------------
u A (b g d a c aa w) t n o k (B z (l t (d z (f k ad (ac q) q) h C f l p (D aa ac y w (o E) b y j y g n u a z F x (ab x (G H ab b a) z I l aa) J p (f f) f)) o (l K q d L M k) n (x w j aa r ad k y N O t j r w y) P) (o g e Q ab c s) (R n) ad S)
y (b g d a c aa w) n o k (B z (l t (d z (f k ad (ac q) q) h C f l p (D aa ac y w (o E) b y j y g n u a z F x (ab x (G H ab b a) z I l aa) J p (f f) f)) o (l K q d L M k) n (x w j aa r ad k y N O t j r w y) P) (o g e Q ab c s) (R n) ad S)
p m z d (b g d a c aa w) n o k (B z (l t (d z (f k ad (ac q) q) h C f l p (D aa ac y w (o E) b y j y g n u a z F x (ab x (G H ab b a) z I l aa) J p (f f) f)) o (l K q d L M k) n (x w j aa r ad k y N O t j r w y) P) (o g e Q ab c s) (R n) ad S)
w v o c l j z d (b g d a c aa w) n o k (B z (l t (d z (f k ad (ac q) q) h C f l p (D aa ac y w (o E) b y j y g n u a z F x (ab x (G H ab b a) z I l aa) J p (f f) f)) o (l K q d L M k) n (x w j aa r ad k y N O t j r w y) P) (o g e Q ab c s) (R n) ad S)
s b f c l f g l s d (b g d a c aa w) n o k (B z (l t (d z (f k ad (ac q) q) h C f l p (D aa ac y w (o E) b y j y g n u a z F x (ab x (G H ab b a) z I l aa) J p (f f) f)) o (l K q d L M k) n (x w j aa r ad k y N O t j r w y) P) (o g e Q ab c s) (R n) ad S)
v f f (ac f) k w z x e l f g l s d (b g d a c aa w) n o k (B z (l t (d z (f k ad (ac q) q) h C f l p (D aa ac y w (o E) b y j y g n u a z F x (ab x (G H ab b a) z I l aa) J p (f f) f)) o (l K q d L M k) n (x w j aa r ad k y N O t j r w y) P) (o g e Q ab c s) (R n) ad S)
ab w aa o y w f f h z x e l f g l s d (b g d a c aa w) n o k (B z (l t (d z (f k ad (ac q) q) h C f l p (D aa ac y w (o E) b y j y g n u a z F x (ab x (G H ab b a) z I l aa) J p (f f) f)) o (l K q d L M k) n (x w j aa r ad k y N O t j r w y) P) (o g e Q ab c s) (R n) ad S)
ac u x (h p p k f) f h z x e l f g l s d (b g d a c aa w) n o k (B z (l t (d z (f k ad (ac q) q) h C f l p (D aa ac y w (o E) b y j y g n u a z F x (ab x (G H ab b a) z I l aa) J p (f f) f)) o (l K q d L M k) n (x w j aa r ad k y N O t j r w y) P) (o g e Q ab c s) (R n) ad S)
h (s v (a z (v f q (h p p k f) p))) z x e l f g l s d (b g d a c aa w) n o k (B z (l t (d z (f k ad (ac q) q) h C f l p (D aa ac y w (o E) b y j y g n u a z F x (ab x (G H ab b a) z I l aa) J p (f f) f)) o (l K q d L M k) n (x w j aa r ad k y N O t j r w y) P) (o g e Q ab c s) (R n) ad S)
v w c (r f g k m) w e l f g l s d (b g d a c aa w) n o k (B z (l t (d z (f k ad (ac q) q) h C f l p (D aa ac y w (o E) b y j y g n u a z F x (ab x (G H ab b a) z I l aa) J p (f f) f)) o (l K q d L M k) n (x w j aa r ad k y N O t j r w y) P) (o g e Q ab c s) (R n) ad S)
ab w aa o y e c w h l f g l s d (b g d a c aa w) n o k (B z (l t (d z (f k ad (ac q) q) h C f l p (D aa ac y w (o E) b y j y g n u a z F x (ab x (G H ab b a) z I l aa) J p (f f) f)) o (l K q d L M k) n (x w j aa r ad k y N O t j r w y) P) (o g e Q ab c s) (R n) ad S)
ac u x (h p p k c) w h l f g l s d (b g d a c aa w) n o k (B z (l t (d z (f k ad (ac q) q) h C f l p (D aa ac y w (o E) b y j y g n u a z F x (ab x (G H ab b a) z I l aa) J p (f f) f)) o (l K q d L M k) n (x w j aa r ad k y N O t j r w y) P) (o g e Q ab c s) (R n) ad S)
h (s v (a z (v f q (h p p k c) p))) l f g l s d (b g d a c aa w) n o k (B z (l t (d z (f k ad (ac q) q) h C f l p (D aa ac y w (o E) b y j y g n u a z F x (ab x (G H ab b a) z I l aa) J p (f f) f)) o (l K q d L M k) n (x w j aa r ad k y N O t j r w y) P) (o g e Q ab c s) (R n) ad S)
v w c (r f g k m) w g l s d (b g d a c aa w) n o k (B z (l t (d z (f k ad (ac q) q) h C f l p (D aa ac y w (o E) b y j y g n u a z F x (ab x (G H ab b a) z I l aa) J p (f f) f)) o (l K q d L M k) n (x w j aa r ad k y N O t j r w y) P) (o g e Q ab c s) (R n) ad S)
ab w aa o y g c w h l s d (b g d a c aa w) n o k (B z (l t (d z (f k ad (ac q) q) h C f l p (D aa ac y w (o E) b y j y g n u a z F x (ab x (G H ab b a) z I l aa) J p (f f) f)) o (l K q d L M k) n (x w j aa r ad k y N O t j r w y) P) (o g e Q ab c s) (R n) ad S)
ac u x (h p p k c) w h l s d (b g d a c aa w) n o k (B z (l t (d z (f k ad (ac q) q) h C f l p (D aa ac y w (o E) b y j y g n u a z F x (ab x (G H ab b a) z I l aa) J p (f f) f)) o (l K q d L M k) n (x w j aa r ad k y N O t j r w y) P) (o g e Q ab c s) (R n) ad S)
h (s v (a z (v f q (h p p k c) p))) l s d (b g d a c aa w) n o k (B z (l t (d z (f k ad (ac q) q) h C f l p (D aa ac y w (o E) b y j y g n u a z F x (ab x (G H ab b a) z I l aa) J p (f f) f)) o (l K q d L M k) n (x w j aa r ad k y N O t j r w y) P) (o g e Q ab c s) (R n) ad S)
v w c (r f g k m) w d (b g d a c aa w) n o k (B z (l t (d z (f k ad (ac q) q) h C f l p (D aa ac y w (o E) b y j y g n u a z F x (ab x (G H ab b a) z I l aa) J p (f f) f)) o (l K q d L M k) n (x w j aa r ad k y N O t j r w y) P) (o g e Q ab c s) (R n) ad S)
ab w aa o y d c w h (b g d a c aa w) n o k (B z (l t (d z (f k ad (ac q) q) h C f l p (D aa ac y w (o E) b y j y g n u a z F x (ab x (G H ab b a) z I l aa) J p (f f) f)) o (l K q d L M k) n (x w j aa r ad k y N O t j r w y) P) (o g e Q ab c s) (R n) ad S)
ac u x (h p p k c) w h (b g d a c aa w) n o k (B z (l t (d z (f k ad (ac q) q) h C f l p (D aa ac y w (o E) b y j y g n u a z F x (ab x (G H ab b a) z I l aa) J p (f f) f)) o (l K q d L M k) n (x w j aa r ad k y N O t j r w y) P) (o g e Q ab c s) (R n) ad S)
h (s v (a z (v f q (h p p k c) p))) (b g d a c aa w) n o k (B z (l t (d z (f k ad (ac q) q) h C f l p (D aa ac y w (o E) b y j y g n u a z F x (ab x (G H ab b a) z I l aa) J p (f f) f)) o (l K q d L M k) n (x w j aa r ad k y N O t j r w y) P) (o g e Q ab c s) (R n) ad S)
v w c (r f g k m) w o k (B z (l t (d z (f k ad (ac q) q) h C f l p (D aa ac y w (o E) b y j y g n u a z F x (ab x (G H ab b a) z I l aa) J p (f f) f)) o (l K q d L M k) n (x w j aa r ad k y N O t j r w y) P) (o g e Q ab c s) (R n) ad S)
ab w aa o y o c w h k (B z (l t (d z (f k ad (ac q) q) h C f l p (D aa ac y w (o E) b y j y g n u a z F x (ab x (G H ab b a) z I l aa) J p (f f) f)) o (l K q d L M k) n (x w j aa r ad k y N O t j r w y) P) (o g e Q ab c s) (R n) ad S)
ac u x (h p p k c) w h k (B z (l t (d z (f k ad (ac q) q) h C f l p (D aa ac y w (o E) b y j y g n u a z F x (ab x (G H ab b a) z I l aa) J p (f f) f)) o (l K q d L M k) n (x w j aa r ad k y N O t j r w y) P) (o g e Q ab c s) (R n) ad S)
h (s v (a z (v f q (h p p k c) p))) k (B z (l t (d z (f k ad (ac q) q) h C f l p (D aa ac y w (o E) b y j y g n u a z F x (ab x (G H ab b a) z I l aa) J p (f f) f)) o (l K q d L M k) n (x w j aa r ad k y N O t j r w y) P) (o g e Q ab c s) (R n) ad S)
v w c (r f g k m) w
v w c (i l ab f d n g k m) w
v w c (k r z l g y l ab f d n g k m) w
v w c (t z d r n z r l g y l ab f d n g k m) w
v w c (b f (f e) k k z ac n z r l g y l ab f d n g k m) w


