a ba bb az x ad aw s u j ah (al w aq ac)
b ba bd bb be bg bc bf az t j y be bf f ag ba aj i z l e aj ai
c bd ba be bb az bc l az az (ae r au)
d bd be az ba bb bc al ay ar x ak ab l
e bc bd az bf bb ba be ah au (l (ah aw an c v u ak bf s))
f bg bc bd bb ba bf az be ab p az bd (be (ab ah aj af v t ap q be q))
g az az x ag ai (u al (ar az az ak ad) z d) b e
h bc az be bf bd bg bb ba aj (ba an (ad az k) bc bc ac) q (af ai at)
i ba az be bf bc bb bd ba s af b g ag bf g av ac w q k
j bc ba bd bb az x b (ac d bd (p aq) s az) ae ax
k ba az bb be bc bd v e (ac aa ag ae b aq bb)
l bb az be ba bd bc ao i u k an p p az (c aq b ba) ak ap p
m bd bb bf be ba az bc at n aj f (ba l u a v az bf) az (ad e d)
n bb bd az ba bc al ad au aw ag af ae bc aa bd bc
o bb be bc ba bd bf az v bc ae bf ah be aj ar e af ba ba ag p x x
p bb bd az bc ba az ah j z at ac (am ai) ak c bd ba bd
q az ba bb af y ba bb (h ba ba (aa s h i y aj) aw j)
r bd bc bb ba az ax ae z j (af bc n (ap h y (aw aj ax ay v af)))
s bd bc bf be az ba bb bg at (bc ao) an at
t bg bc az ba bd bf bb be bf (ay k) ag av (aj ad) n af al z bb
u az bd bb bc ba w ag ai g p ay aa
v bf ba az bb bc be bd t n aj k s f u f u u ap bd bc
w az bc ba bb bd bc aj (bb ba ah k j) (am (at ap k) t)
x bc bd be bb az ba u aj az bb (ai q j) d az q ae
y bc bb be az ba bd ai d ad az ad k g e d at aq ay ay bb j
z bf bb be bc ba bd az bf y (ao am j a x az bc) ar ae ak aa aj aj w
aa bd bc az ba bb ae i k z ae ac az bb (ai a) av (aj (o i p k))
ab ba be bc bb bd az j bb n t r ba au n (be ay ak u a d)
ac bc be az ba bd bb ai l o be ay (p g v am) ak ax
ad az ba bb am az o ak ar al aj
ae bd ba az bc bb n an v (k bd (aq i) c) s az s (m u)
af ba bb az ap b t h d (p ay ax ap q f ad ak)
ag bf bc be bb az bd ba bf c ah z (am ai ac bf) p bc q (y g be)
ah az be ba bd bc bb ax m (an (d (am (f ae u) bc aj))) x
ai bb bd bc ba az i r aj c y at u
aj bc ba bf bd bb be az ai n (j (d (be aa ac ac a i m l)))
ak ba bb az bc c ad (z ax) ar ay q ba az aa p e m an w
al az ba ac az w aa (at ba) ay ab p ag (ai a)
am bg ba be bb bd bc bf az al b (l aw ap (h ah m aa))
an az ba g p v d d (az aa aa ay av aq az) ag
ao az bc ba bb bd c (n (aa f af) p (az ae)) ah (h au d am q)
ap be bb bf bd bc az ba z be ac (y v aa au) aw am aa
aq ba bb be az bd bc af f bd aw m
ar ba bd bc az be bb ac af k q ax g (ah ac) l au
at bb az ba bc ba az ao ar (y r v am ba (av ay q) ae r) ba
au ba bb az be bc bg bf bd ad t p ae aj (a (p (ay i) h (r q) j p aq) w)
av az bd bc be bb ba m (t y at (au (aj ah az a f)))
aw bc bd be ba bb az l az (r aj a) bc u g s bd g (aa az al)
ax bd be bc az bf ba bb bg t (y ag ba u) af (aq h al) ac (bd bf (az ac) f)
ay ba bc bd be az bg bb bf aw (d aq (x be at (d z)) (w b) aj)
main A (B C D (ad m n aw (ah l ay am d f u (E ay) (F (G (H I J K ay) (g (L m M (x (N ad o O g)) ab e) ac) r aw (P Q i (m R S) (m f) (T m (t z U l at (am ay au aa l ae (r ay (aq V ai) W ae av)) (X (n a ad Y ab o g Z ak w) AA p AB ac al (ap v ab t AC au b r g ay o) AD ag e) ak k))))))))
------------------------------------------------------------
A (B C D (ad m n aw (ah l ay am d f u (E ay) (F (G (H I J K ay) (g (L m M (x (N ad o O g)) ab e) ac) r aw (P Q i (m R S) (m f) (T m (t z U l at (am ay au aa l ae (r ay (aq V ai) W ae av)) (X (n a ad Y ab o g Z ak w) AA p AB ac al (ap v ab t AC au b r g ay o) AD ag e) ak k))))))))
A (B C D (am m o ak ar al aj (ah l ay am d f u (E ay) (F (G (H I J K ay) (g (L m M (x (N ad o O g)) ab e) ac) r aw (P Q i (m R S) (m f) (T m (t z U l at (am ay au aa l ae (r ay (aq V ai) W ae av)) (X (n a ad Y ab o g Z ak w) AA p AB ac al (ap v ab t AC au b r g ay o) AD ag e) ak k))))))))
A (B C D (am m o ak ar al aj (ax m (an (d (am (f ae u) f aj))) x (E ay) (F (G (H I J K ay) (g (L m M (x (N ad o O g)) ab e) ac) r aw (P Q i (m R S) (m f) (T m (t z U l at (am ay au aa l ae (r ay (aq V ai) W ae av)) (X (n a ad Y ab o g Z ak w) AA p AB ac al (ap v ab t AC au b r g ay o) AD ag e) ak k))))))))
A (B C D (am m o ak ar al aj (ax m (an (d (am (f ae u) f aj))) x (E ay) (F (G (H I J K ay) (L m M (x (N ad o O g)) ab e x ag ai (u al (ar (L m M (x (N ad o O g)) ab e) (L m M (x (N ad o O g)) ab e) ak ad) z d) b e ac) r aw (P Q i (m R S) (m f) (T m (t z U l at (am ay au aa l ae (r ay (aq V ai) W ae av)) (X (n a ad Y ab o g Z ak w) AA p AB ac al (ap v ab t AC au b r g ay o) AD ag e) ak k))))))))
A (B C D (am m o ak ar al aj (ax m (an (d (am (f ae u) f aj))) x (E ay) (F (G (H I J K ay) (L m M (x (N ad o O g)) ab e x ag ai (u al (ar (L m M (x (N ad o O g)) ab e) (L m M (x (N ad o O g)) ab e) ak ad) z d) b e ac) r aw (P Q i (m R S) (m f) (T m (X (n a ad Y ab o g Z ak w) AA p AB ac al (ap v ab t AC au b r g ay o) AD ag e (ay k) ag av (aj ad) n af al z ak))))))))
A (B C D (am m o ak ar al aj (ax m (an (d (am (f ae u) f aj))) x (E ay) (F (G (H I J K ay) (L m M (x (N ad o O g)) ab e x ag ai (u al (ar (L m M (x (N ad o O g)) ab e) (L m M (x (N ad o O g)) ab e) ak ad) z d) b e ac) r aw (P Q i (m R S) (m f) (T m (X (al ad au aw ag af ae o aa ad o g Z ak w) AA p AB ac al (ap v ab t AC au b r g ay o) AD ag e (ay k) ag av (aj ad) n af al z ak))))))))
A (B C D (am m o ak ar al aj (ax m (an (d (am (f ae u) f aj))) x (E ay) (F (G (H I J K ay) (L m M (x (N ad o O g)) ab e x ag ai (u al (ar (L m M (x (N ad o O g)) ab e) (L m M (x (N ad o O g)) ab e) ak ad) z d) b e ac) r aw (P Q i (m R S) (m f) (T m (X (ac ad w aa (at au) ay ab p ag (ai a) aw ag af ae o aa ad o g Z ak w) AA p AB ac al (ap v ab t AC au b r g ay o) AD ag e (ay k) ag av (aj ad) n af al z ak))))))))
A (B C D (am m o ak ar al aj (ax m (an (d (am (f ae u) f aj))) x (E ay) (F (G (H I J K ay) (L m M (x (N ad o O g)) ab e x ag ai (u al (ar (L m M (x (N ad o O g)) ab e) (L m M (x (N ad o O g)) ab e) ak ad) z d) b e ac) r aw (P Q i (m R S) (m f) (T m (X (ai l o w ay (p g v am) ak ax p ag (ai a) aw ag af ae o aa ad o g Z ak w) AA p AB ac al (ap v ab t AC au b r g ay o) AD ag e (ay k) ag av (aj ad) n af al z ak))))))))
A (B C D (am m o ak ar al aj (ax m (an (d (am (f ae u) f aj))) x (E ay) (F (G (H I J K ay) (L m M (x (N ad o O g)) ab e x ag ai (u al (ar (L m M (x (N ad o O g)) ab e) (L m M (x (N ad o O g)) ab e) ak ad) z d) b e ac) r aw (P Q i (m R S) (m f) (T m (X (i r aj c y at u ak ax p ag (ai a) aw ag af ae o aa ad o g Z ak w) AA p AB ac al (ap v ab t AC au b r g ay o) AD ag e (ay k) ag av (aj ad) n af al z ak))))))))
A (B C D (am m o ak ar al aj (ax m (an (d (am (f ae u) f aj))) x (E ay) (F (G (H I J K ay) (L m M (x (N ad o O g)) ab e x ag ai (u al (ar (L m M (x (N ad o O g)) ab e) (L m M (x (N ad o O g)) ab e) ak ad) z d) b e ac) r aw (P Q i (m R S) (m f) (T m (X (r s af b g ag y g av ac w q k ax p ag (ai a) aw ag af ae o aa ad o g Z ak w) AA p AB ac al (ap v ab t AC au b r g ay o) AD ag e (ay k) ag av (aj ad) n af al z ak))))))))
A (B C D (am m o ak ar al aj (ax m (an (d (am (f ae u) f aj))) x (E ay) (F (G (H I J K ay) (L m M (x (N ad o O g)) ab e x ag ai (u al (ar (L m M (x (N ad o O g)) ab e) (L m M (x (N ad o O g)) ab e) ak ad) z d) b e ac) r aw (P Q i (m R S) (m f) (T m (X (ax ae z j (af af n (ap h y (aw aj ax ay v af))) y g av ac w q k ax p ag (ai a) aw ag af ae o aa ad o g Z ak w) AA p AB ac al (ap v ab t AC au b r g ay o) AD ag e (ay k) ag av (aj ad) n af al z ak))))))))
A (B C D (am m o ak ar al aj (ax m (an (d (am (f ae u) f aj))) x (E ay) (F (G (H I J K ay) (L m M (x (N ad o O g)) ab e x ag ai (u al (ar (L m M (x (N ad o O g)) ab e) (L m M (x (N ad o O g)) ab e) ak ad) z d) b e ac) r aw (P Q i (m R S) (m f) (T m (X (t (y ag g u) af (aq h al) ac (ae y (af af n (ap h y (aw aj ax ay v af)) ac) f) w q k ax p ag (ai a) aw ag af ae o aa ad o g Z ak w) AA p AB ac al (ap v ab t AC au b r g ay o) AD ag e (ay k) ag av (aj ad) n af al z ak))))))))
A (B C D (am m o ak ar al aj (ax m (an (d (am (f ae u) f aj))) x (E ay) (F (G (H I J K ay) (L m M (x (N ad o O g)) ab e x ag ai (u al (ar (L m M (x (N ad o O g)) ab e) (L m M (x (N ad o O g)) ab e) ak ad) z d) b e ac) r aw (P Q i (m R S) (m f) (T m (X (w (ay k) ag av (aj ad) n af al z q ax p ag (ai a) aw ag af ae o aa ad o g Z ak w) AA p AB ac al (ap v ab t AC au b r g ay o) AD ag e (ay k) ag av (aj ad) n af al z ak))))))))
A (B C D (am m o ak ar al aj (ax m (an (d (am (f ae u) f aj))) x (E ay) (F (G (H I J K ay) (L m M (x (N ad o O g)) ab e x ag ai (u al (ar (L m M (x (N ad o O g)) ab e) (L m M (x (N ad o O g)) ab e) ak ad) z d) b e ac) r aw (P Q i (m R S) (m f) (T m (X (ag aj (aj ad av ah k j) (am (at ap k) t) af al z q ax p ag (ai a) aw ag af ae o aa ad o g Z ak w) AA p AB ac al (ap v ab t AC au b r g ay o) AD ag e (ay k) ag av (aj ad) n af al z ak))))))))
A (B C D (am m o ak ar al aj (ax m (an (d (am (f ae u) f aj))) x (E ay) (F (G (H I J K ay) (L m M (x (N ad o O g)) ab e x ag ai (u al (ar (L m M (x (N ad o O g)) ab e) (L m M (x (N ad o O g)) ab e) ak ad) z d) b e ac) r aw (P Q i (m R S) (m f) (T m (X (aj c ah z (am ai ac aj) p (aj ad av ah k j) q (y g (am (at ap k) t)) ax p ag (ai a) aw ag af ae o aa ad o g Z ak w) AA p AB ac al (ap v ab t AC au b r g ay o) AD ag e (ay k) ag av (aj ad) n af al z ak))))))))
A (B C D (am m o ak ar al aj (ax m (an (d (am (f ae u) f aj))) x (E ay) (F (G (H I J K ay) (L m M (x (N ad o O g)) ab e x ag ai (u al (ar (L m M (x (N ad o O g)) ab e) (L m M (x (N ad o O g)) ab e) ak ad) z d) b e ac) r aw (P Q i (m R S) (m f) (T m (X (ai n (j (d (aj ad av ah k j aa ac ac a i m l))) (y g (am (at ap k) t)) ax p ag (ai a) aw ag af ae o aa ad o g Z ak w) AA p AB ac al (ap v ab t AC au b r g ay o) AD ag e (ay k) ag av (aj ad) n af al z ak))))))))
A (B C D (am m o ak ar al aj (ax m (an (d (am (f ae u) f aj))) x (E ay) (F (G (H I J K ay) (L m M (x (N ad o O g)) ab e x ag ai (u al (ar (L m M (x (N ad o O g)) ab e) (L m M (x (N ad o O g)) ab e) ak ad) z d) b e ac) r aw (P Q i (m R S) (m f) (T m (X (i r aj c y at u ag (ai a) aw ag af ae o aa ad o g Z ak w) AA p AB ac al (ap v ab t AC au b r g ay o) AD ag e (ay k) ag av (aj ad) n af al z ak))))))))
A (B C D (am m o ak ar al aj (ax m (an (d (am (f ae u) f aj))) x (E ay) (F (G (H I J K ay) (L m M (x (N ad o O g)) ab e x ag ai (u al (ar (L m M (x (N ad o O g)) ab e) (L m M (x (N ad o O g)) ab e) ak ad) z d) b e ac) r aw (P Q i (m R S) (m f) (T m (X (r s af b g ag y g av ac w q k (ai a) aw ag af ae o aa ad o g Z ak w) AA p AB ac al (ap v ab t AC au b r g ay o) AD ag e (ay k) ag av (aj ad) n af al z ak))))))))
A (B C D (am m o ak ar al aj (ax m (an (d (am (f ae u) f aj))) x (E ay) (F (G (H I J K ay) (L m M (x (N ad o O g)) ab e x ag ai (u al (ar (L m M (x (N ad o O g)) ab e) (L m M (x (N ad o O g)) ab e) ak ad) z d) b e ac) r aw (P Q i (m R S) (m f) (T m (X (ax ae z j (af af n (ap h y (aw aj ax ay v af))) y g av ac w q k (ai a) aw ag af ae o aa ad o g Z ak w) AA p AB ac al (ap v ab t AC au b r g ay o) AD ag e (ay k) ag av (aj ad) n af al z ak))))))))
A (B C D (am m o ak ar al aj (ax m (an (d (am (f ae u) f aj))) x (E ay) (F (G (H I J K ay) (L m M (x (N ad o O g)) ab e x ag ai (u al (ar (L m M (x (N ad o O g)) ab e) (L m M (x (N ad o O g)) ab e) ak ad) z d) b e ac) r aw (P Q i (m R S) (m f) (T m (X (t (y ag g u) af (aq h al) ac (ae y (af af n (ap h y (aw aj ax ay v af)) ac) f) w q k (ai a) aw ag af ae o aa ad o g Z ak w) AA p AB ac al (ap v ab t AC au b r g ay o) AD ag e (ay k) ag av (aj ad) n af al z ak))))))))
A (B C D (am m o ak ar al aj (ax m (an (d (am (f ae u) f aj))) x (E ay) (F (G (H I J K ay) (L m M (x (N ad o O g)) ab e x ag ai (u al (ar (L m M (x (N ad o O g)) ab e) (L m M (x (N ad o O g)) ab e) ak ad) z d) b e ac) r aw (P Q i (m R S) (m f) (T m (X (w (ay k) ag av (aj ad) n af al z q (ai a) aw ag af ae o aa ad o g Z ak w) AA p AB ac al (ap v ab t AC au b r g ay o) AD ag e (ay k) ag av (aj ad) n af al z ak))))))))
A (B C D (am m o ak ar al aj (ax m (an (d (am (f ae u) f aj))) x (E ay) (F (G (H I J K ay) (L m M (x (N ad o O g)) ab e x ag ai (u al (ar (L m M (x (N ad o O g)) ab e) (L m M (x (N ad o O g)) ab e) ak ad) z d) b e ac) r aw (P Q i (m R S) (m f) (T m (X (ag aj (aj ad av ah k j) (am (at ap k) t) af al z q (ai a) aw ag af ae o aa ad o g Z ak w) AA p AB ac al (ap v ab t AC au b r g ay o) AD ag e (ay k) ag av (aj ad) n af al z ak))))))))
A (B C D (am m o ak ar al aj (ax m (an (d (am (f ae u) f aj))) x (E ay) (F (G (H I J K ay) (L m M (x (N ad o O g)) ab e x ag ai (u al (ar (L m M (x (N ad o O g)) ab e) (L m M (x (N ad o O g)) ab e) ak ad) z d) b e ac) r aw (P Q i (m R S) (m f) (T m (X (aj c ah z (am ai ac aj) p (aj ad av ah k j) q (y g (am (at ap k) t)) (ai a) aw ag af ae o aa ad o g Z ak w) AA p AB ac al (ap v ab t AC au b r g ay o) AD ag e (ay k) ag av (aj ad) n af al z ak))))))))
A (B C D (am m o ak ar al aj (ax m (an (d (am (f ae u) f aj))) x (E ay) (F (G (H I J K ay) (L m M (x (N ad o O g)) ab e x ag ai (u al (ar (L m M (x (N ad o O g)) ab e) (L m M (x (N ad o O g)) ab e) ak ad) z d) b e ac) r aw (P Q i (m R S) (m f) (T m (X (ai n (j (d (aj ad av ah k j aa ac ac a i m l))) (y g (am (at ap k) t)) (ai a) aw ag af ae o aa ad o g Z ak w) AA p AB ac al (ap v ab t AC au b r g ay o) AD ag e (ay k) ag av (aj ad) n af al z ak))))))))
A (B C D (am m o ak ar al aj (ax m (an (d (am (f ae u) f aj))) x (E ay) (F (G (H I J K ay) (L m M (x (N ad o O g)) ab e x ag ai (u al (ar (L m M (x (N ad o O g)) ab e) (L m M (x (N ad o O g)) ab e) ak ad) z d) b e ac) r aw (P Q i (m R S) (m f) (T m (X (i r aj c y at u ag af ae o aa ad o g Z ak w) AA p AB ac al (ap v ab t AC au b r g ay o) AD ag e (ay k) ag av (aj ad) n af al z ak))))))))
A (B C D (am m o ak ar al aj (ax m (an (d (am (f ae u) f aj))) x (E ay) (F (G (H I J K ay) (L m M (x (N ad o O g)) ab e x ag ai (u al (ar (L m M (x (N ad o O g)) ab e) (L m M (x (N ad o O g)) ab e) ak ad) z d) b e ac) r aw (P Q i (m R S) (m f) (T m (X (r s af b g ag y g av ac w q k af ae o aa ad o g Z ak w) AA p AB ac al (ap v ab t AC au b r g ay o) AD ag e (ay k) ag av (aj ad) n af al z ak))))))))
A (B C D (am m o ak ar al aj (ax m (an (d (am (f ae u) f aj))) x (E ay) (F (G (H I J K ay) (L m M (x (N ad o O g)) ab e x ag ai (u al (ar (L m M (x (N ad o O g)) ab e) (L m M (x (N ad o O g)) ab e) ak ad) z d) b e ac) r aw (P Q i (m R S) (m f) (T m (X (ax ae z j (af af n (ap h y (aw aj ax ay v af))) y g av ac w q k af ae o aa ad o g Z ak w) AA p AB ac al (ap v ab t AC au b r g ay o) AD ag e (ay k) ag av (aj ad) n af al z ak))))))))
A (B C D (am m o ak ar al aj (ax m (an (d (am (f ae u) f aj))) x (E ay) (F (G (H I J K ay) (L m M (x (N ad o O g)) ab e x ag ai (u al (ar (L m M (x (N ad o O g)) ab e) (L m M (x (N ad o O g)) ab e) ak ad) z d) b e ac) r aw (P Q i (m R S) (m f) (T m (X (t (y ag g u) af (aq h al) ac (ae y (af af n (ap h y (aw aj ax ay v af)) ac) f) w q k af ae o aa ad o g Z ak w) AA p AB ac al (ap v ab t AC au b r g ay o) AD ag e (ay k) ag av (aj ad) n af al z ak))))))))
A (B C D (am m o ak ar al aj (ax m (an (d (am (f ae u) f aj))) x (E ay) (F (G (H I J K ay) (L m M (x (N ad o O g)) ab e x ag ai (u al (ar (L m M (x (N ad o O g)) ab e) (L m M (x (N ad o O g)) ab e) ak ad) z d) b e ac) r aw (P Q i (m R S) (m f) (T m (X (w (ay k) ag av (aj ad) n af al z q af ae o aa ad o g Z ak w) AA p AB ac al (ap v ab t AC au b r g ay o) AD ag e (ay k) ag av (aj ad) n af al z ak))))))))
A (B C D (am m o ak ar al aj (ax m (an (d (am (f ae u) f aj))) x (E ay) (F (G (H I J K ay) (L m M (x (N ad o O g)) ab e x ag ai (u al (ar (L m M (x (N ad o O g)) ab e) (L m M (x (N ad o O g)) ab e) ak ad) z d) b e ac) r aw (P Q i (m R S) (m f) (T m (X (ag aj (aj ad av ah k j) (am (at ap k) t) af al z q af ae o aa ad o g Z ak w) AA p AB ac al (ap v ab t AC au b r g ay o) AD ag e (ay k) ag av (aj ad) n af al z ak))))))))


