a bb bc be bd az bf ba = ap (j r (o w an v bb p)) ba (au ap ay l)
b bc az be ba bd bb = ay an (d (al (an aq))) c aj aj w y (ae (az p al aj))
c az ba bb bc = w d af az bc n bb k az a av (j aa)
d bb az ba bd bc = ad ar (o r (ay r p) aw)
e az be ba bb bc bd = c aj r ab g (g ar (bb z w ao) ag z)
f az = ak au (ag az) t (az az n (at e ac))
g bd bb be ba bc az = r c (aj e at) q bc ag q h am u ab av
h bb bc bf ba be az bd = z af t ak b v bb be be az al (j be)
i bc bb ba az bd = u (t ao (ai j ba (al ae bc am a p aw)))
j bc bd be az bb ba = u af h c d
k bc bb ba az bd = y av bc ba (aa y) al ad i
l ba bd bc bb az bf be = at (q u r bf (ab ac) bf ar az at n f c)
m az bb bc ba be bd = ba be ac (ae x ac (l g v h))
n bd bc bb bg ba be bf az = z (w h ai ay d k) ad (r ai bg a)
o bb bc be ba bd az = be (ba bc ak am ac az l q (y aw bd bd aj)) ag
p bf bg az bd be bc ba bb = az bd n h
q bb az bc bd ba = a ad (au (r ai g ao u ag ab am))
r az ba bb = al k am k s o ag ba p
s be ba bc bb bd az = r ak (n (bb (l af k) aj ar) be q) k
t bd bg ba bc bf az bb be = m n f f v l ah s v ap z j ak ad bd ad
u ba be bd az bb bg bf bc = af (be c) s (f o (av j be j (ba aa l h)))
v bb ba az bc bd = ag ak l aa g bd bd (ba e) ag
w bd bb bc az ba be = q (q al an af p) h (ae ab ar) ag s (az ap) at ai
x az bd ba bc bb = bc h c (bb ae) r i (am (ad al) az) bb at
y bb bc be bd ba bf bg az = i t m (ac q (bf u)) c
z az ba bc bd bb be bg bf = an (ao av aw l) x ag w ao i bf aw (n al)
aa bb ba az bc = av ad i a ac aq (ba l) x ao bc e q at
ab ba az = ai s (ag (ay ah e))
ac ba az bb bd be bc bf = ad a bc be (t ak)
ad be bc ba az bd bb = aj g z av l aj h f aa e ae ai x az aw l
ae ba az bd bc be bb = z am q n c au az ax bc ag be l d k aq
af bf bc bd bb ba bg be az = p ae (t ba (r aa z bc be ae b))
ag bc bb az bd ba be = w u av u bd aa (l ap l) f (aj i q e)
ah be ba az bd bc bb = ap u ae am
ai bd az bc ba bb = e r ax v l aa o
aj ba az bb = b ai (an ac g p) ao (f at) (aq p s (z bb az ba))
ak bc az bg bd bf bb ba be = ao s am (ah g g) bf i p aq aw z bd
al bb az ba bd bc = y j bb m ak a k ac av ao (x (h ap av aq bb))
am bb az ba = aa d ak (bb ak ax bb) (w aq ar ae av i bb q)
an az ba bd be bc bf bb = ad b af aa aw bd (z a at ak) at ad ag bb ah bc
ao bd be bc az bb bf ba = n o u aa (f ae k y ac p) t ac af
ap bf bb az bd be bg ba bc = n m h (u be ag) w au bc ai ax
aq ba az bb = aa w ba f ay o ab bb ab ak
ar bd bc be ba az bb = m aa (l p al) c
at az ba bb bc = r aj (bc y ab l az al) ax (u aq ab)
au bb bd az bc bg ba be bf = s f aj (z o) j y p (x v) v ac (ap r an)
av az bc bd ba bb = u j v (g (aq e u af) (k (au bb c h bc)))
aw az = aq aj (az ar e r (t e az) ae ax)
ax bc bb bd az be ba = o am w ao s x
ay bg bc bb az bd be ba bf = i (h at) ag (bb al af)
main = y an A c B f p (s (C v) o) d (af (au q (D d E q p ai) h (F ao aw (p h (ai v)) ay) (i (G aq (p o) (H (I J (c ak y) (at s ar c (K L av) p) (M ae j)) (o N) b (O m at) ag) au am) P ak ad) r ak ax b ab r q ae (Q an q a ak aj z ad ax v) t ap R ag) l al S (T ap) i r at (ag U V aa af x))
------------------------------------------------------------
y an A c B f p (s (C v) o) d (af (au q (D d E q p ai) h (F ao aw (p h (ai v)) ay) (i (G aq (p o) (H (I J (c ak y) (at s ar c (K L av) p) (M ae j)) (o N) b (O m at) ag) au am) P ak ad) r ak ax b ab r q ae (Q an q a ak aj z ad ax v) t ap R ag) l al S (T ap) i r at (ag U V aa af x))
i t m (ac q (p u)) c (af (au q (D d E q p ai) h (F ao aw (p h (ai v)) ay) (i (G aq (p o) (H (I J (c ak y) (at s ar c (K L av) p) (M ae j)) (o N) b (O m at) ag) au am) P ak ad) r ak ax b ab r q ae (Q an q a ak aj z ad ax v) t ap R ag) l al S (T ap) i r at (ag U V aa af x))
u (t ao (ai j (ac q (p u)) (al ae t am a p aw)))
u (t ao (ai j (ac q (p u)) (y j ae m ak a k ac av ao (x (h ap av aq ae)) aw)))
u (t ao (ai j (ac q (p u)) (i t m (ac q (k u)) c ao (x (h ap av aq ae)) aw)))
u (t ao (ai j (ac q (p u)) (u (t ao (ai j (ac q (k u)) (al ae t am a p aw))) (x (h ap av aq ae)) aw)))
u (t ao (ai j (ac q (p u)) (u (t ao (ai j (ac q (k u)) (y j ae m ak a k ac av ao (x (h ap av aq ae)) aw))) (x (h ap av aq ae)) aw)))
u (t ao (ai j (ac q (p u)) (u (t ao (ai j (ac q (k u)) (i t m (ac q (k u)) c ao (x (h ap av aq ae)) aw))) (x (h ap av aq ae)) aw)))
u (t ao (ai j (ac q (p u)) (u (t ao (ai j (ac q (k u)) (u (t ao (ai j (ac q (k u)) (al ae t am a p aw))) (x (h ap av aq ae)) aw))) (x (h ap av aq ae)) aw)))
u (t ao (ai j (ac q (p u)) (u (t ao (ai j (ac q (k u)) (u (t ao (ai j (ac q (k u)) (y j ae m ak a k ac av ao (x (h ap av aq ae)) aw))) (x (h ap av aq ae)) aw))) (x (h ap av aq ae)) aw)))
u (t ao (ai j (ac q (p u)) (u (t ao (ai j (ac q (k u)) (u (t ao (ai j (ac q (k u)) (i t m (ac q (k u)) c ao (x (h ap av aq ae)) aw))) (x (h ap av aq ae)) aw))) (x (h ap av aq ae)) aw)))
u (t ao (ai j (ac q (p u)) (u (t ao (ai j (ac q (k u)) (u (t ao (ai j (ac q (k u)) (u (t ao (ai j (ac q (k u)) (al ae t am a p aw))) (x (h ap av aq ae)) aw))) (x (h ap av aq ae)) aw))) (x (h ap av aq ae)) aw)))
u (t ao (ai j (ac q (p u)) (u (t ao (ai j (ac q (k u)) (u (t ao (ai j (ac q (k u)) (u (t ao (ai j (ac q (k u)) (y j ae m ak a k ac av ao (x (h ap av aq ae)) aw))) (x (h ap av aq ae)) aw))) (x (h ap av aq ae)) aw))) (x (h ap av aq ae)) aw)))
u (t ao (ai j (ac q (p u)) (u (t ao (ai j (ac q (k u)) (u (t ao (ai j (ac q (k u)) (u (t ao (ai j (ac q (k u)) (i t m (ac q (k u)) c ao (x (h ap av aq ae)) aw))) (x (h ap av aq ae)) aw))) (x (h ap av aq ae)) aw))) (x (h ap av aq ae)) aw)))
u (t ao (ai j (ac q (p u)) (u (t ao (ai j (ac q (k u)) (u (t ao (ai j (ac q (k u)) (u (t ao (ai j (ac q (k u)) (u (t ao (ai j (ac q (k u)) (al ae t am a p aw))) (x (h ap av aq ae)) aw))) (x (h ap av aq ae)) aw))) (x (h ap av aq ae)) aw))) (x (h ap av aq ae)) aw)))
u (t ao (ai j (ac q (p u)) (u (t ao (ai j (ac q (k u)) (u (t ao (ai j (ac q (k u)) (u (t ao (ai j (ac q (k u)) (u (t ao (ai j (ac q (k u)) (y j ae m ak a k ac av ao (x (h ap av aq ae)) aw))) (x (h ap av aq ae)) aw))) (x (h ap av aq ae)) aw))) (x (h ap av aq ae)) aw))) (x (h ap av aq ae)) aw)))
u (t ao (ai j (ac q (p u)) (u (t ao (ai j (ac q (k u)) (u (t ao (ai j (ac q (k u)) (u (t ao (ai j (ac q (k u)) (u (t ao (ai j (ac q (k u)) (i t m (ac q (k u)) c ao (x (h ap av aq ae)) aw))) (x (h ap av aq ae)) aw))) (x (h ap av aq ae)) aw))) (x (h ap av aq ae)) aw))) (x (h ap av aq ae)) aw)))
u (t ao (ai j (ac q (p u)) (u (t ao (ai j (ac q (k u)) (u (t ao (ai j (ac q (k u)) (u (t ao (ai j (ac q (k u)) (u (t ao (ai j (ac q (k u)) (u (t ao (ai j (ac q (k u)) (al ae t am a p aw))) (x (h ap av aq ae)) aw))) (x (h ap av aq ae)) aw))) (x (h ap av aq ae)) aw))) (x (h ap av aq ae)) aw))) (x (h ap av aq ae)) aw)))
u (t ao (ai j (ac q (p u)) (u (t ao (ai j (ac q (k u)) (u (t ao (ai j (ac q (k u)) (u (t ao (ai j (ac q (k u)) (u (t ao (ai j (ac q (k u)) (u (t ao (ai j (ac q (k u)) (y j ae m ak a k ac av ao (x (h ap av aq ae)) aw))) (x (h ap av aq ae)) aw))) (x (h ap av aq ae)) aw))) (x (h ap av aq ae)) aw))) (x (h ap av aq ae)) aw))) (x (h ap av aq ae)) aw)))
u (t ao (ai j (ac q (p u)) (u (t ao (ai j (ac q (k u)) (u (t ao (ai j (ac q (k u)) (u (t ao (ai j (ac q (k u)) (u (t ao (ai j (ac q (k u)) (u (t ao (ai j (ac q (k u)) (i t m (ac q (k u)) c ao (x (h ap av aq ae)) aw))) (x (h ap av aq ae)) aw))) (x (h ap av aq ae)) aw))) (x (h ap av aq ae)) aw))) (x (h ap av aq ae)) aw))) (x (h ap av aq ae)) aw)))
u (t ao (ai j (ac q (p u)) (u (t ao (ai j (ac q (k u)) (u (t ao (ai j (ac q (k u)) (u (t ao (ai j (ac q (k u)) (u (t ao (ai j (ac q (k u)) (u (t ao (ai j (ac q (k u)) (u (t ao (ai j (ac q (k u)) (al ae t am a p aw))) (x (h ap av aq ae)) aw))) (x (h ap av aq ae)) aw))) (x (h ap av aq ae)) aw))) (x (h ap av aq ae)) aw))) (x (h ap av aq ae)) aw))) (x (h ap av aq ae)) aw)))
u (t ao (ai j (ac q (p u)) (u (t ao (ai j (ac q (k u)) (u (t ao (ai j (ac q (k u)) (u (t ao (ai j (ac q (k u)) (u (t ao (ai j (ac q (k u)) (u (t ao (ai j (ac q (k u)) (u (t ao (ai j (ac q (k u)) (y j ae m ak a k ac av ao (x (h ap av aq ae)) aw))) (x (h ap av aq ae)) aw))) (x (h ap av aq ae)) aw))) (x (h ap av aq ae)) aw))) (x (h ap av aq ae)) aw))) (x (h ap av aq ae)) aw))) (x (h ap av aq ae)) aw)))
u (t ao (ai j (ac q (p u)) (u (t ao (ai j (ac q (k u)) (u (t ao (ai j (ac q (k u)) (u (t ao (ai j (ac q (k u)) (u (t ao (ai j (ac q (k u)) (u (t ao (ai j (ac q (k u)) (u (t ao (ai j (ac q (k u)) (i t m (ac q (k u)) c ao (x (h ap av aq ae)) aw))) (x (h ap av aq ae)) aw))) (x (h ap av aq ae)) aw))) (x (h ap av aq ae)) aw))) (x (h ap av aq ae)) aw))) (x (h ap av aq ae)) aw))) (x (h ap av aq ae)) aw)))
u (t ao (ai j (ac q (p u)) (u (t ao (ai j (ac q (k u)) (u (t ao (ai j (ac q (k u)) (u (t ao (ai j (ac q (k u)) (u (t ao (ai j (ac q (k u)) (u (t ao (ai j (ac q (k u)) (u (t ao (ai j (ac q (k u)) (u (t ao (ai j (ac q (k u)) (al ae t am a p aw))) (x (h ap av aq ae)) aw))) (x (h ap av aq ae)) aw))) (x (h ap av aq ae)) aw))) (x (h ap av aq ae)) aw))) (x (h ap av aq ae)) aw))) (x (h ap av aq ae)) aw))) (x (h ap av aq ae)) aw)))
u (t ao (ai j (ac q (p u)) (u (t ao (ai j (ac q (k u)) (u (t ao (ai j (ac q (k u)) (u (t ao (ai j (ac q (k u)) (u (t ao (ai j (ac q (k u)) (u (t ao (ai j (ac q (k u)) (u (t ao (ai j (ac q (k u)) (u (t ao (ai j (ac q (k u)) (y j ae m ak a k ac av ao (x (h ap av aq ae)) aw))) (x (h ap av aq ae)) aw))) (x (h ap av aq ae)) aw))) (x (h ap av aq ae)) aw))) (x (h ap av aq ae)) aw))) (x (h ap av aq ae)) aw))) (x (h ap av aq ae)) aw))) (x (h ap av aq ae)) aw)))
u (t ao (ai j (ac q (p u)) (u (t ao (ai j (ac q (k u)) (u (t ao (ai j (ac q (k u)) (u (t ao (ai j (ac q (k u)) (u (t ao (ai j (ac q (k u)) (u (t ao (ai j (ac q (k u)) (u (t ao (ai j (ac q (k u)) (u (t ao (ai j (ac q (k u)) (i t m (ac q (k u)) c ao (x (h ap av aq ae)) aw))) (x (h ap av aq ae)) aw))) (x (h ap av aq ae)) aw))) (x (h ap av aq ae)) aw))) (x (h ap av aq ae)) aw))) (x (h ap av aq ae)) aw))) (x (h ap av aq ae)) aw))) (x (h ap av aq ae)) aw)))
u (t ao (ai j (ac q (p u)) (u (t ao (ai j (ac q (k u)) (u (t ao (ai j (ac q (k u)) (u (t ao (ai j (ac q (k u)) (u (t ao (ai j (ac q (k u)) (u (t ao (ai j (ac q (k u)) (u (t ao (ai j (ac q (k u)) (u (t ao (ai j (ac q (k u)) (u (t ao (ai j (ac q (k u)) (al ae t am a p aw))) (x (h ap av aq ae)) aw))) (x (h ap av aq ae)) aw))) (x (h ap av aq ae)) aw))) (x (h ap av aq ae)) aw))) (x (h ap av aq ae)) aw))) (x (h ap av aq ae)) aw))) (x (h ap av aq ae)) aw))) (x (h ap av aq ae)) aw)))
u (t ao (ai j (ac q (p u)) (u (t ao (ai j (ac q (k u)) (u (t ao (ai j (ac q (k u)) (u (t ao (ai j (ac q (k u)) (u (t ao (ai j (ac q (k u)) (u (t ao (ai j (ac q (k u)) (u (t ao (ai j (ac q (k u)) (u (t ao (ai j (ac q (k u)) (u (t ao (ai j (ac q (k u)) (y j ae m ak a k ac av ao (x (h ap av aq ae)) aw))) (x (h ap av aq ae)) aw))) (x (h ap av aq ae)) aw))) (x (h ap av aq ae)) aw))) (x (h ap av aq ae)) aw))) (x (h ap av aq ae)) aw))) (x (h ap av aq ae)) aw))) (x (h ap av aq ae)) aw))) (x (h ap av aq ae)) aw)))
u (t ao (ai j (ac q (p u)) (u (t ao (ai j (ac q (k u)) (u (t ao (ai j (ac q (k u)) (u (t ao (ai j (ac q (k u)) (u (t ao (ai j (ac q (k u)) (u (t ao (ai j (ac q (k u)) (u (t ao (ai j (ac q (k u)) (u (t ao (ai j (ac q (k u)) (u (t ao (ai j (ac q (k u)) (i t m (ac q (k u)) c ao (x (h ap av aq ae)) aw))) (x (h ap av aq ae)) aw))) (x (h ap av aq ae)) aw))) (x (h ap av aq ae)) aw))) (x (h ap av aq ae)) aw))) (x (h ap av aq ae)) aw))) (x (h ap av aq ae)) aw))) (x (h ap av aq ae)) aw))) (x (h ap av aq ae)) aw)))
u (t ao (ai j (ac q (p u)) (u (t ao (ai j (ac q (k u)) (u (t ao (ai j (ac q (k u)) (u (t ao (ai j (ac q (k u)) (u (t ao (ai j (ac q (k u)) (u (t ao (ai j (ac q (k u)) (u (t ao (ai j (ac q (k u)) (u (t ao (ai j (ac q (k u)) (u (t ao (ai j (ac q (k u)) (u (t ao (ai j (ac q (k u)) (al ae t am a p aw))) (x (h ap av aq ae)) aw))) (x (h ap av aq ae)) aw))) (x (h ap av aq ae)) aw))) (x (h ap av aq ae)) aw))) (x (h ap av aq ae)) aw))) (x (h ap av aq ae)) aw))) (x (h ap av aq ae)) aw))) (x (h ap av aq ae)) aw))) (x (h ap av aq ae)) aw)))


