a bc bb bg bf bd az ba be ax (ah (aa (u bd (ai aw)) g) ap ae j)
b bf be bb bd az ba bc m aa (aa v r) e x m ay ab au
c bb az bc ba bg be bd bf p x a am ai at (n bg (b k k bb h))
d bf ba bb az bc be bd u aa aj (m y ag an w ag g (aj (ao ar ax bb ax)))
e bg bc bf ba bd bb be az ag at bb aw ak l c au
f ba bc az bb an l an p bc (g o) ba v az
g bd bb bc be ba az s n bd ap ao ae w (ar p au an bb) aq
h bd az ba bb bc d b (p ba m ba (bc (bb x ba w an ad u)))
i bd bb ba be bc az ar r
j be az ba bf bb bc bd bf ah n ak aw af at aq k ag m ah
k be az ba bc bb bd q (at l) h (e r ax) x af be
l bd az bc ba bb j ay x bd j g t ba ab ak at (ac (ae ad d o))
m bc bb bf be az ba bd bf (l g bd q ar ak af u u e bb am) x
n bb ba az bc bd az ad az ac r o c i ap h aa bd c
o bf bb az be ba bc bd l ae av i p bb l aj n y aq at i d
p az be bf bd bb ba bc ac al j aa ag ai ap ai a ak ao
q bb az ba bb ah bb j (ad (r (at o az v ar)))
r be ba bc bb bd az e (j p) c ar ax l (ai (s (w (bc aw aj ab c ap))))
s ba bc az bb bd bc x ay ay a
t az ba aw ba p n r z q m ay (ax az ah az d aa)
u bf bc ba az bb bd be bg b am ag q d (aj p r) (e (ba ao av))
v ba az bb bc q ae (g aw a) k ax p az i a bb ba ao
w bb bc bg az ba bf be bd l f c k be ar t aw aq y ag am p
x bc be bb bd az ba ar au (aq bd ah) a ap am av (aj ah (al h) aj o)
y az ba bd bb bc az i aq ah w ao
z bb ba az h e e b ba av x bb an af bb c an j f
aa c c at ah x (au k) o ag (ad f m u) i
ab az bc bd ba be bb y au am (g aj)
ac bb bg bc az ba bd bf be ba o q u a (c av) au c ai bc af t (bd h ah)
ad bc bd be ba bb az ax d q l ap ak bc f z b (ay j) ag k
ae bd ba bc be bb az bf az z (at (r av s) e ai)
af be az bd bc ba bb k s ar v o (x (o ab bd ba ah) ac)
ag az bb bc bd ba bf be ax d y (u u (h ae) (ac (a bb ax ac bb bf)))
ah az bc bg be bd ba bf bb f m ax
ai az bc bb be ba bd bg bf ac av (d be) af f (ag ba w p aj r at) i af
aj bb be ba bf bd bc bg az ay o j y ak aq y ae bb h ah
ak az bc bb bf bd be ba aj aj ad d (ax an)
al ba bf be az bd bb bc ai bd i (ay ax (aw au ay) n) ac bc c az n
am bb az ba az d ar z p x av m t ag m an a i
an az ba bb bc bd bb (q d x r (o h)) g bb
ao bb az ba bb ae w
ap az ba am ba ak az (ak d am an j ag (ba az ba) az) ar
aq az bb ba bc av z bc bc (ah (ah ag l ba) b z az ax q bc ap)
ar az ao ac o v ae s l ap g
at bb bc az ba b ay n ab au ap ax m (l y d) (a k)
au az ba ag w (d ar (ar at ba))
av be az ba bf bg bd bc bb an t bg (ac (ab d) al)
aw ba bb bc bd az ap ax bc at a b y
ax ba bb az ac x (i x l) h av t af u w bb ac ba ac n
ay az ba c ba v ai (at ak) t ab am
main ai ae A u B q a o (C ac D) E F aw (d (G ax H e f au l) ah I J j ax (l b) K ap (ad m) ax) L y M N (O P k ae at af ah i Q) R u S at at T au an (U V W X k ae Y al (Z (AA ae s) AB q (aa t k ap AC aw p o AD) AE e (AF al (AG AH AI p c)) (AJ h (x (AK d z AL m aj ae)))) AM) AN j
------------------------------------------------------------
ai ae A u B q a o (C ac D) E F aw (d (G ax H e f au l) ah I J j ax (l b) K ap (ad m) ax) L y M N (O P k ae at af ah i Q) R u S at at T au an (U V W X k ae Y al (Z (AA ae s) AB q (aa t k ap AC aw p o AD) AE e (AF al (AG AH AI p c)) (AJ h (x (AK d z AL m aj ae)))) AM) AN j
ac av (d B) af f (ag q w p aj r at) i af E F aw (d (G ax H e f au l) ah I J j ax (l b) K ap (ad m) ax) L y M N (O P k ae at af ah i Q) R u S at at T au an (U V W X k ae Y al (Z (AA ae s) AB q (aa t k ap AC aw p o AD) AE e (AF al (AG AH AI p c)) (AJ h (x (AK d z AL m aj ae)))) AM) AN j
ag q w p aj r at o q u a (c av) au c ai af af t (i h ah) F aw (d (G ax H e f au l) ah I J j ax (l b) K ap (ad m) ax) L y M N (O P k ae at af ah i Q) R u S at at T au an (U V W X k ae Y al (Z (AA ae s) AB q (aa t k ap AC aw p o AD) AE e (AF al (AG AH AI p c)) (AJ h (x (AK d z AL m aj ae)))) AM) AN j
ax d y (u u (h ae) (ac (a w ax ac w at))) q u a (c av) au c ai af af t (i h ah) F aw (d (G ax H e f au l) ah I J j ax (l b) K ap (ad m) ax) L y M N (O P k ae at af ah i Q) R u S at at T au an (U V W X k ae Y al (Z (AA ae s) AB q (aa t k ap AC aw p o AD) AE e (AF al (AG AH AI p c)) (AJ h (x (AK d z AL m aj ae)))) AM) AN j
ac x (i x l) h av t af u w y ac d ac n q u a (c av) au c ai af af t (i h ah) F aw (d (G ax H e f au l) ah I J j ax (l b) K ap (ad m) ax) L y M N (O P k ae at af ah i Q) R u S at at T au an (U V W X k ae Y al (Z (AA ae s) AB q (aa t k ap AC aw p o AD) AE e (AF al (AG AH AI p c)) (AJ h (x (AK d z AL m aj ae)))) AM) AN j
t o q u a (c av) au c ai h af t (af h ah) y ac d ac n q u a (c av) au c ai af af t (i h ah) F aw (d (G ax H e f au l) ah I J j ax (l b) K ap (ad m) ax) L y M N (O P k ae at af ah i Q) R u S at at T au an (U V W X k ae Y al (Z (AA ae s) AB q (aa t k ap AC aw p o AD) AE e (AF al (AG AH AI p c)) (AJ h (x (AK d z AL m aj ae)))) AM) AN j
aw q p n r z q m ay (ax o ah o d aa) u a (c av) au c ai h af t (af h ah) y ac d ac n q u a (c av) au c ai af af t (i h ah) F aw (d (G ax H e f au l) ah I J j ax (l b) K ap (ad m) ax) L y M N (O P k ae at af ah i Q) R u S at at T au an (U V W X k ae Y al (Z (AA ae s) AB q (aa t k ap AC aw p o AD) AE e (AF al (AG AH AI p c)) (AJ h (x (AK d z AL m aj ae)))) AM) AN j
ap ax n at a b y q m ay (ax o ah o d aa) u a (c av) au c ai h af t (af h ah) y ac d ac n q u a (c av) au c ai af af t (i h ah) F aw (d (G ax H e f au l) ah I J j ax (l b) K ap (ad m) ax) L y M N (O P k ae at af ah i Q) R u S at at T au an (U V W X k ae Y al (Z (AA ae s) AB q (aa t k ap AC aw p o AD) AE e (AF al (AG AH AI p c)) (AJ h (x (AK d z AL m aj ae)))) AM) AN j
am n ak ax (ak d am an j ag (n ax n) ax) ar at a b y q m ay (ax o ah o d aa) u a (c av) au c ai h af t (af h ah) y ac d ac n q u a (c av) au c ai af af t (i h ah) F aw (d (G ax H e f au l) ah I J j ax (l b) K ap (ad m) ax) L y M N (O P k ae at af ah i Q) R u S at at T au an (U V W X k ae Y al (Z (AA ae s) AB q (aa t k ap AC aw p o AD) AE e (AF al (AG AH AI p c)) (AJ h (x (AK d z AL m aj ae)))) AM) AN j
ak d ar z p x av m t ag m an a i (ak d am an j ag (n ax n) ax) ar at a b y q m ay (ax o ah o d aa) u a (c av) au c ai h af t (af h ah) y ac d ac n q u a (c av) au c ai af af t (i h ah) F aw (d (G ax H e f au l) ah I J j ax (l b) K ap (ad m) ax) L y M N (O P k ae at af ah i Q) R u S at at T au an (U V W X k ae Y al (Z (AA ae s) AB q (aa t k ap AC aw p o AD) AE e (AF al (AG AH AI p c)) (AJ h (x (AK d z AL m aj ae)))) AM) AN j
aj aj ad d (ax an) t ag m an a i (ak d am an j ag (n ax n) ax) ar at a b y q m ay (ax o ah o d aa) u a (c av) au c ai h af t (af h ah) y ac d ac n q u a (c av) au c ai af af t (i h ah) F aw (d (G ax H e f au l) ah I J j ax (l b) K ap (ad m) ax) L y M N (O P k ae at af ah i Q) R u S at at T au an (U V W X k ae Y al (Z (AA ae s) AB q (aa t k ap AC aw p o AD) AE e (AF al (AG AH AI p c)) (AJ h (x (AK d z AL m aj ae)))) AM) AN j
ay o j y ak aq y ae aj h ah a i (ak d am an j ag (n ax n) ax) ar at a b y q m ay (ax o ah o d aa) u a (c av) au c ai h af t (af h ah) y ac d ac n q u a (c av) au c ai af af t (i h ah) F aw (d (G ax H e f au l) ah I J j ax (l b) K ap (ad m) ax) L y M N (O P k ae at af ah i Q) R u S at at T au an (U V W X k ae Y al (Z (AA ae s) AB q (aa t k ap AC aw p o AD) AE e (AF al (AG AH AI p c)) (AJ h (x (AK d z AL m aj ae)))) AM) AN j
c j v ai (at ak) t ab am y ak aq y ae aj h ah a i (ak d am an j ag (n ax n) ax) ar at a b y q m ay (ax o ah o d aa) u a (c av) au c ai h af t (af h ah) y ac d ac n q u a (c av) au c ai af af t (i h ah) F aw (d (G ax H e f au l) ah I J j ax (l b) K ap (ad m) ax) L y M N (O P k ae at af ah i Q) R u S at at T au an (U V W X k ae Y al (Z (AA ae s) AB q (aa t k ap AC aw p o AD) AE e (AF al (AG AH AI p c)) (AJ h (x (AK d z AL m aj ae)))) AM) AN j
p x a am ai at (n t (b k k j h)) ak aq y ae aj h ah a i (ak d am an j ag (n ax n) ax) ar at a b y q m ay (ax o ah o d aa) u a (c av) au c ai h af t (af h ah) y ac d ac n q u a (c av) au c ai af af t (i h ah) F aw (d (G ax H e f au l) ah I J j ax (l b) K ap (ad m) ax) L y M N (O P k ae at af ah i Q) R u S at at T au an (U V W X k ae Y al (Z (AA ae s) AB q (aa t k ap AC aw p o AD) AE e (AF al (AG AH AI p c)) (AJ h (x (AK d z AL m aj ae)))) AM) AN j
ac al j aa ag ai ap ai a ak ao aq y ae aj h ah a i (ak d am an j ag (n ax n) ax) ar at a b y q m ay (ax o ah o d aa) u a (c av) au c ai h af t (af h ah) y ac d ac n q u a (c av) au c ai af af t (i h ah) F aw (d (G ax H e f au l) ah I J j ax (l b) K ap (ad m) ax) L y M N (O P k ae at af ah i Q) R u S at at T au an (U V W X k ae Y al (Z (AA ae s) AB q (aa t k ap AC aw p o AD) AE e (AF al (AG AH AI p c)) (AJ h (x (AK d z AL m aj ae)))) AM) AN j
ai o q u a (c av) au c ai aa af t (ap h ah) ak ao aq y ae aj h ah a i (ak d am an j ag (n ax n) ax) ar at a b y q m ay (ax o ah o d aa) u a (c av) au c ai h af t (af h ah) y ac d ac n q u a (c av) au c ai af af t (i h ah) F aw (d (G ax H e f au l) ah I J j ax (l b) K ap (ad m) ax) L y M N (O P k ae at af ah i Q) R u S at at T au an (U V W X k ae Y al (Z (AA ae s) AB q (aa t k ap AC aw p o AD) AE e (AF al (AG AH AI p c)) (AJ h (x (AK d z AL m aj ae)))) AM) AN j
ac av (d a) af f (ag (c av) w p aj r at) i af aa af t (ap h ah) ak ao aq y ae aj h ah a i (ak d am an j ag (n ax n) ax) ar at a b y q m ay (ax o ah o d aa) u a (c av) au c ai h af t (af h ah) y ac d ac n q u a (c av) au c ai af af t (i h ah) F aw (d (G ax H e f au l) ah I J j ax (l b) K ap (ad m) ax) L y M N (O P k ae at af ah i Q) R u S at at T au an (U V W X k ae Y al (Z (AA ae s) AB q (aa t k ap AC aw p o AD) AE e (AF al (AG AH AI p c)) (AJ h (x (AK d z AL m aj ae)))) AM) AN j
ag (c av) w p aj r at o q u a (c av) au c ai af af t (i h ah) af t (ap h ah) ak ao aq y ae aj h ah a i (ak d am an j ag (n ax n) ax) ar at a b y q m ay (ax o ah o d aa) u a (c av) au c ai h af t (af h ah) y ac d ac n q u a (c av) au c ai af af t (i h ah) F aw (d (G ax H e f au l) ah I J j ax (l b) K ap (ad m) ax) L y M N (O P k ae at af ah i Q) R u S at at T au an (U V W X k ae Y al (Z (AA ae s) AB q (aa t k ap AC aw p o AD) AE e (AF al (AG AH AI p c)) (AJ h (x (AK d z AL m aj ae)))) AM) AN j
ax d y (u u (h ae) (ac (a w ax ac w at))) q u a (c av) au c ai af af t (i h ah) af t (ap h ah) ak ao aq y ae aj h ah a i (ak d am an j ag (n ax n) ax) ar at a b y q m ay (ax o ah o d aa) u a (c av) au c ai h af t (af h ah) y ac d ac n q u a (c av) au c ai af af t (i h ah) F aw (d (G ax H e f au l) ah I J j ax (l b) K ap (ad m) ax) L y M N (O P k ae at af ah i Q) R u S at at T au an (U V W X k ae Y al (Z (AA ae s) AB q (aa t k ap AC aw p o AD) AE e (AF al (AG AH AI p c)) (AJ h (x (AK d z AL m aj ae)))) AM) AN j
ac x (i x l) h av t af u w y ac d ac n q u a (c av) au c ai af af t (i h ah) af t (ap h ah) ak ao aq y ae aj h ah a i (ak d am an j ag (n ax n) ax) ar at a b y q m ay (ax o ah o d aa) u a (c av) au c ai h af t (af h ah) y ac d ac n q u a (c av) au c ai af af t (i h ah) F aw (d (G ax H e f au l) ah I J j ax (l b) K ap (ad m) ax) L y M N (O P k ae at af ah i Q) R u S at at T au an (U V W X k ae Y al (Z (AA ae s) AB q (aa t k ap AC aw p o AD) AE e (AF al (AG AH AI p c)) (AJ h (x (AK d z AL m aj ae)))) AM) AN j
t o q u a (c av) au c ai h af t (af h ah) y ac d ac n q u a (c av) au c ai af af t (i h ah) af t (ap h ah) ak ao aq y ae aj h ah a i (ak d am an j ag (n ax n) ax) ar at a b y q m ay (ax o ah o d aa) u a (c av) au c ai h af t (af h ah) y ac d ac n q u a (c av) au c ai af af t (i h ah) F aw (d (G ax H e f au l) ah I J j ax (l b) K ap (ad m) ax) L y M N (O P k ae at af ah i Q) R u S at at T au an (U V W X k ae Y al (Z (AA ae s) AB q (aa t k ap AC aw p o AD) AE e (AF al (AG AH AI p c)) (AJ h (x (AK d z AL m aj ae)))) AM) AN j
aw q p n r z q m ay (ax o ah o d aa) u a (c av) au c ai h af t (af h ah) y ac d ac n q u a (c av) au c ai af af t (i h ah) af t (ap h ah) ak ao aq y ae aj h ah a i (ak d am an j ag (n ax n) ax) ar at a b y q m ay (ax o ah o d aa) u a (c av) au c ai h af t (af h ah) y ac d ac n q u a (c av) au c ai af af t (i h ah) F aw (d (G ax H e f au l) ah I J j ax (l b) K ap (ad m) ax) L y M N (O P k ae at af ah i Q) R u S at at T au an (U V W X k ae Y al (Z (AA ae s) AB q (aa t k ap AC aw p o AD) AE e (AF al (AG AH AI p c)) (AJ h (x (AK d z AL m aj ae)))) AM) AN j
ap ax n at a b y q m ay (ax o ah o d aa) u a (c av) au c ai h af t (af h ah) y ac d ac n q u a (c av) au c ai af af t (i h ah) af t (ap h ah) ak ao aq y ae aj h ah a i (ak d am an j ag (n ax n) ax) ar at a b y q m ay (ax o ah o d aa) u a (c av) au c ai h af t (af h ah) y ac d ac n q u a (c av) au c ai af af t (i h ah) F aw (d (G ax H e f au l) ah I J j ax (l b) K ap (ad m) ax) L y M N (O P k ae at af ah i Q) R u S at at T au an (U V W X k ae Y al (Z (AA ae s) AB q (aa t k ap AC aw p o AD) AE e (AF al (AG AH AI p c)) (AJ h (x (AK d z AL m aj ae)))) AM) AN j
am n ak ax (ak d am an j ag (n ax n) ax) ar at a b y q m ay (ax o ah o d aa) u a (c av) au c ai h af t (af h ah) y ac d ac n q u a (c av) au c ai af af t (i h ah) af t (ap h ah) ak ao aq y ae aj h ah a i (ak d am an j ag (n ax n) ax) ar at a b y q m ay (ax o ah o d aa) u a (c av) au c ai h af t (af h ah) y ac d ac n q u a (c av) au c ai af af t (i h ah) F aw (d (G ax H e f au l) ah I J j ax (l b) K ap (ad m) ax) L y M N (O P k ae at af ah i Q) R u S at at T au an (U V W X k ae Y al (Z (AA ae s) AB q (aa t k ap AC aw p o AD) AE e (AF al (AG AH AI p c)) (AJ h (x (AK d z AL m aj ae)))) AM) AN j
ak d ar z p x av m t ag m an a i (ak d am an j ag (n ax n) ax) ar at a b y q m ay (ax o ah o d aa) u a (c av) au c ai h af t (af h ah) y ac d ac n q u a (c av) au c ai af af t (i h ah) af t (ap h ah) ak ao aq y ae aj h ah a i (ak d am an j ag (n ax n) ax) ar at a b y q m ay (ax o ah o d aa) u a (c av) au c ai h af t (af h ah) y ac d ac n q u a (c av) au c ai af af t (i h ah) F aw (d (G ax H e f au l) ah I J j ax (l b) K ap (ad m) ax) L y M N (O P k ae at af ah i Q) R u S at at T au an (U V W X k ae Y al (Z (AA ae s) AB q (aa t k ap AC aw p o AD) AE e (AF al (AG AH AI p c)) (AJ h (x (AK d z AL m aj ae)))) AM) AN j
aj aj ad d (ax an) t ag m an a i (ak d am an j ag (n ax n) ax) ar at a b y q m ay (ax o ah o d aa) u a (c av) au c ai h af t (af h ah) y ac d ac n q u a (c av) au c ai af af t (i h ah) af t (ap h ah) ak ao aq y ae aj h ah a i (ak d am an j ag (n ax n) ax) ar at a b y q m ay (ax o ah o d aa) u a (c av) au c ai h af t (af h ah) y ac d ac n q u a (c av) au c ai af af t (i h ah) F aw (d (G ax H e f au l) ah I J j ax (l b) K ap (ad m) ax) L y M N (O P k ae at af ah i Q) R u S at at T au an (U V W X k ae Y al (Z (AA ae s) AB q (aa t k ap AC aw p o AD) AE e (AF al (AG AH AI p c)) (AJ h (x (AK d z AL m aj ae)))) AM) AN j
ay o j y ak aq y ae aj h ah a i (ak d am an j ag (n ax n) ax) ar at a b y q m ay (ax o ah o d aa) u a (c av) au c ai h af t (af h ah) y ac d ac n q u a (c av) au c ai af af t (i h ah) af t (ap h ah) ak ao aq y ae aj h ah a i (ak d am an j ag (n ax n) ax) ar at a b y q m ay (ax o ah o d aa) u a (c av) au c ai h af t (af h ah) y ac d ac n q u a (c av) au c ai af af t (i h ah) F aw (d (G ax H e f au l) ah I J j ax (l b) K ap (ad m) ax) L y M N (O P k ae at af ah i Q) R u S at at T au an (U V W X k ae Y al (Z (AA ae s) AB q (aa t k ap AC aw p o AD) AE e (AF al (AG AH AI p c)) (AJ h (x (AK d z AL m aj ae)))) AM) AN j
c j v ai (at ak) t ab am y ak aq y ae aj h ah a i (ak d am an j ag (n ax n) ax) ar at a b y q m ay (ax o ah o d aa) u a (c av) au c ai h af t (af h ah) y ac d ac n q u a (c av) au c ai af af t (i h ah) af t (ap h ah) ak ao aq y ae aj h ah a i (ak d am an j ag (n ax n) ax) ar at a b y q m ay (ax o ah o d aa) u a (c av) au c ai h af t (af h ah) y ac d ac n q u a (c av) au c ai af af t (i h ah) F aw (d (G ax H e f au l) ah I J j ax (l b) K ap (ad m) ax) L y M N (O P k ae at af ah i Q) R u S at at T au an (U V W X k ae Y al (Z (AA ae s) AB q (aa t k ap AC aw p o AD) AE e (AF al (AG AH AI p c)) (AJ h (x (AK d z AL m aj ae)))) AM) AN j
p x a am ai at (n t (b k k j h)) ak aq y ae aj h ah a i (ak d am an j ag (n ax n) ax) ar at a b y q m ay (ax o ah o d aa) u a (c av) au c ai h af t (af h ah) y ac d ac n q u a (c av) au c ai af af t (i h ah) af t (ap h ah) ak ao aq y ae aj h ah a i (ak d am an j ag (n ax n) ax) ar at a b y q m ay (ax o ah o d aa) u a (c av) au c ai h af t (af h ah) y ac d ac n q u a (c av) au c ai af af t (i h ah) F aw (d (G ax H e f au l) ah I J j ax (l b) K ap (ad m) ax) L y M N (O P k ae at af ah i Q) R u S at at T au an (U V W X k ae Y al (Z (AA ae s) AB q (aa t k ap AC aw p o AD) AE e (AF al (AG AH AI p c)) (AJ h (x (AK d z AL m aj ae)))) AM) AN j
ac al j aa ag ai ap ai a ak ao aq y ae aj h ah a i (ak d am an j ag (n ax n) ax) ar at a b y q m ay (ax o ah o d aa) u a (c av) au c ai h af t (af h ah) y ac d ac n q u a (c av) au c ai af af t (i h ah) af t (ap h ah) ak ao aq y ae aj h ah a i (ak d am an j ag (n ax n) ax) ar at a b y q m ay (ax o ah o d aa) u a (c av) au c ai h af t (af h ah) y ac d ac n q u a (c av) au c ai af af t (i h ah) F aw (d (G ax H e f au l) ah I J j ax (l b) K ap (ad m) ax) L y M N (O P k ae at af ah i Q) R u S at at T au an (U V W X k ae Y al (Z (AA ae s) AB q (aa t k ap AC aw p o AD) AE e (AF al (AG AH AI p c)) (AJ h (x (AK d z AL m aj ae)))) AM) AN j


