a be bc bb bd ba bf az = bd d ab az av j ak bb aq x m o ab ad
b bg be bb bd az bf ba bc = ag ah ag (be o (r be n (o q c c h) aw v)) s
c az bb ba = u ay am al bb ba g (bb (v at)) s ab ak
d bb ba az bc bd = j (e ax j bb ac) m n bd ba
e ba bb az bc = k d ac bb au y i aw ah ba z bc ak
f be bc bg bd bf bb ba az = i n ak aa bd af af m ac k ay ab bd h aq t
g az ba = ae (at j ah) o ag az ay p ba
h ba be bc bd az bb bf = ad (v (aa al aa g o bd) av z ao)
i az ba = f o aa ab e (ak ai aq (ae s p s ba o)) l at
j bd ba az bc bb = o ai w al au az bd
k bf ba bb bg bd bc be az = j e ai f o o an n v bb w s be
l bc ba bb az = af al ag ay (m ag (an r bb (ba am ax) (f ac ah) az))
m bb az ba bg be bf bc bd = h h ah ar (a am a) f ao a k ba ba (y ad h)
n az = al an a p az ad z
o bd az be ba bb bc = ax (ag al) ag ao be c ah k f ag az
p bd bb bf bc ba az be = bb z ax m (ah ax bb az ad g bc) n n aw aw k
q bc az ba be bf bd bb bg = g f ac w (at ba (e ak) s t) (ao aw)
r ba bc bb bd be az = t k av az aa v ba
s az be ba bd bb bc = af ar bb at an ab ad g (a (at x bb ap f y))
t bb bc ba bd az = o p (ae v x bb (f x aj ac) am) r ax af bb
u bb ba bg bf be bd az bc = ae bb e g (y al (ad aa) n bb ay) b ar (az w ap)
v be bd bc ba bf az bg bb = h ai ar o e q ap t i (aw h (p o bd k))
w az bd ba bc bb = p ak ax ag ak x e ag l p s v y k
x be bc bf ba bb az bd bg = ar t at (c i) ag y am s am
y bb bc az ba = au ae
z bf bd ba bg az bc bb be = y ae an an aq c (l au (m d (c ao aq ad ag)))
aa bb bc az bd ba = bd bd bd (bb av q)
ab bb ba az bc bd be = d (ag (l j ad av ay c ac)) be af
ac bc ba bb az bd be bf = i bf ah (be (x i l)) az q be bb ak d q
ad az ba = aw ac al az ba n (v c (aj (aw an aq ba y m t)))
ae ba az bb bc = q ak p z ba an a al r (o az k a l)
af az ba bb = x ap (n (az aw ay a b)) f ac p ar bb at bb
ag ba az = s b az ah az ao ab aq b t at (ak o)
ah bg ba bf bc az be bd bb = l j g ay af l ax at i z ak e az v
ai ba bd bf be bb bc az = ak (ap ao bd)
aj bd bb az bc ba = k ac b aa i ag (bb ap y) an m (ae l az)
ak bc bb ba az = ai au c d af ai z o u (ag az)
al ba bc bd bb bg az bf be = ag x t s ap b (h j bb av)
am az = ao c az aw r c a (a az) az au (l (ak az aq)) az
an be bg bb az ba bd bc bf = ba b (l e be bd j) (t aj p ao) be (ah at ac) a
ao ba bd bb az bc = v ay g s au t
ap az ba = h ba k ba p (ai n y ba) o ad (y ah)
aq bf bd be az bc ba bb = t ab bd x t ao (bd (au aa ao) q (g at av))
ar ba be bc bb bd az = n aw bd (w c) j l k e
at bb bd az ba bc = w ak am f (q f c am) h d q ag z (j an) ar
au bb ba az bc = ad (az az z l)
av bc bb ba az be bd = an v (e ag) m ak (ag ah az) be o w at (ao ai d)
aw az ba bb = ac az ai ba b (z j ae au (r ao ar))
ax be az ba bd bf bb bc = o d ae (bc n bf (bd i i t be) s s)
ay bd ba bc az bf bb be bg = aa (f af (e aa) a c bc (bc t) o l f) bf
main = ai at an ad A ar B C D (ax E av ao) F v G g aj al l af z H (I J (r (x ax (K L ae x (M j (aa (q ad (N (O s (P (ag ac Q ao al aj m u R ak) S e (ag (k aw) at e (ai b) aq ax T a)) (U am b k c (V r) j an (W X Y (Z av d l AA (w ao h AB AC AD ak j ah ar ae AE i)) a m e aq p AF)))))))))))
------------------------------------------------------------
ai at an ad A ar B C D (ax E av ao) F v G g aj al l af z H (I J (r (x ax (K L ae x (M j (aa (q ad (N (O s (P (ag ac Q ao al aj m u R ak) S e (ag (k aw) at e (ai b) aq ax T a)) (U am b k c (V r) j an (W X Y (Z av d l AA (w ao h AB AC AD ak j ah ar ae AE i)) a m e aq p AF)))))))))))
ak (ap ao an) D (ax E av ao) F v G g aj al l af z H (I J (r (x ax (K L ae x (M j (aa (q ad (N (O s (P (ag ac Q ao al aj m u R ak) S e (ag (k aw) at e (ai b) aq ax T a)) (U am b k c (V r) j an (W X Y (Z av d l AA (w ao h AB AC AD ak j ah ar ae AE i)) a m e aq p AF)))))))))))
ai au c d af ai z o u (ag F) v G g aj al l af z H (I J (r (x ax (K L ae x (M j (aa (q ad (N (O s (P (ag ac Q ao al aj m u R ak) S e (ag (k aw) at e (ai b) aq ax T a)) (U am b k c (V r) j an (W X Y (Z av d l AA (w ao h AB AC AD ak j ah ar ae AE i)) a m e aq p AF)))))))))))
ak (ap ao c) u (ag F) v G g aj al l af z H (I J (r (x ax (K L ae x (M j (aa (q ad (N (O s (P (ag ac Q ao al aj m u R ak) S e (ag (k aw) at e (ai b) aq ax T a)) (U am b k c (V r) j an (W X Y (Z av d l AA (w ao h AB AC AD ak j ah ar ae AE i)) a m e aq p AF)))))))))))
ai au c d af ai z o u (ag v) G g aj al l af z H (I J (r (x ax (K L ae x (M j (aa (q ad (N (O s (P (ag ac Q ao al aj m u R ak) S e (ag (k aw) at e (ai b) aq ax T a)) (U am b k c (V r) j an (W X Y (Z av d l AA (w ao h AB AC AD ak j ah ar ae AE i)) a m e aq p AF)))))))))))
ak (ap ao c) u (ag v) G g aj al l af z H (I J (r (x ax (K L ae x (M j (aa (q ad (N (O s (P (ag ac Q ao al aj m u R ak) S e (ag (k aw) at e (ai b) aq ax T a)) (U am b k c (V r) j an (W X Y (Z av d l AA (w ao h AB AC AD ak j ah ar ae AE i)) a m e aq p AF)))))))))))
ai au c d af ai z o u (ag G) g aj al l af z H (I J (r (x ax (K L ae x (M j (aa (q ad (N (O s (P (ag ac Q ao al aj m u R ak) S e (ag (k aw) at e (ai b) aq ax T a)) (U am b k c (V r) j an (W X Y (Z av d l AA (w ao h AB AC AD ak j ah ar ae AE i)) a m e aq p AF)))))))))))
ak (ap ao c) u (ag G) g aj al l af z H (I J (r (x ax (K L ae x (M j (aa (q ad (N (O s (P (ag ac Q ao al aj m u R ak) S e (ag (k aw) at e (ai b) aq ax T a)) (U am b k c (V r) j an (W X Y (Z av d l AA (w ao h AB AC AD ak j ah ar ae AE i)) a m e aq p AF)))))))))))
ai au c d af ai z o u (ag g) aj al l af z H (I J (r (x ax (K L ae x (M j (aa (q ad (N (O s (P (ag ac Q ao al aj m u R ak) S e (ag (k aw) at e (ai b) aq ax T a)) (U am b k c (V r) j an (W X Y (Z av d l AA (w ao h AB AC AD ak j ah ar ae AE i)) a m e aq p AF)))))))))))
ak (ap ao c) u (ag g) aj al l af z H (I J (r (x ax (K L ae x (M j (aa (q ad (N (O s (P (ag ac Q ao al aj m u R ak) S e (ag (k aw) at e (ai b) aq ax T a)) (U am b k c (V r) j an (W X Y (Z av d l AA (w ao h AB AC AD ak j ah ar ae AE i)) a m e aq p AF)))))))))))
ai au c d af ai z o u (ag aj) al l af z H (I J (r (x ax (K L ae x (M j (aa (q ad (N (O s (P (ag ac Q ao al aj m u R ak) S e (ag (k aw) at e (ai b) aq ax T a)) (U am b k c (V r) j an (W X Y (Z av d l AA (w ao h AB AC AD ak j ah ar ae AE i)) a m e aq p AF)))))))))))
ak (ap ao c) u (ag aj) al l af z H (I J (r (x ax (K L ae x (M j (aa (q ad (N (O s (P (ag ac Q ao al aj m u R ak) S e (ag (k aw) at e (ai b) aq ax T a)) (U am b k c (V r) j an (W X Y (Z av d l AA (w ao h AB AC AD ak j ah ar ae AE i)) a m e aq p AF)))))))))))
ai au c d af ai z o u (ag al) l af z H (I J (r (x ax (K L ae x (M j (aa (q ad (N (O s (P (ag ac Q ao al aj m u R ak) S e (ag (k aw) at e (ai b) aq ax T a)) (U am b k c (V r) j an (W X Y (Z av d l AA (w ao h AB AC AD ak j ah ar ae AE i)) a m e aq p AF)))))))))))
ak (ap ao c) u (ag al) l af z H (I J (r (x ax (K L ae x (M j (aa (q ad (N (O s (P (ag ac Q ao al aj m u R ak) S e (ag (k aw) at e (ai b) aq ax T a)) (U am b k c (V r) j an (W X Y (Z av d l AA (w ao h AB AC AD ak j ah ar ae AE i)) a m e aq p AF)))))))))))
ai au c d af ai z o u (ag l) af z H (I J (r (x ax (K L ae x (M j (aa (q ad (N (O s (P (ag ac Q ao al aj m u R ak) S e (ag (k aw) at e (ai b) aq ax T a)) (U am b k c (V r) j an (W X Y (Z av d l AA (w ao h AB AC AD ak j ah ar ae AE i)) a m e aq p AF)))))))))))
ak (ap ao c) u (ag l) af z H (I J (r (x ax (K L ae x (M j (aa (q ad (N (O s (P (ag ac Q ao al aj m u R ak) S e (ag (k aw) at e (ai b) aq ax T a)) (U am b k c (V r) j an (W X Y (Z av d l AA (w ao h AB AC AD ak j ah ar ae AE i)) a m e aq p AF)))))))))))
ai au c d af ai z o u (ag af) z H (I J (r (x ax (K L ae x (M j (aa (q ad (N (O s (P (ag ac Q ao al aj m u R ak) S e (ag (k aw) at e (ai b) aq ax T a)) (U am b k c (V r) j an (W X Y (Z av d l AA (w ao h AB AC AD ak j ah ar ae AE i)) a m e aq p AF)))))))))))
ak (ap ao c) u (ag af) z H (I J (r (x ax (K L ae x (M j (aa (q ad (N (O s (P (ag ac Q ao al aj m u R ak) S e (ag (k aw) at e (ai b) aq ax T a)) (U am b k c (V r) j an (W X Y (Z av d l AA (w ao h AB AC AD ak j ah ar ae AE i)) a m e aq p AF)))))))))))
ai au c d af ai z o u (ag z) H (I J (r (x ax (K L ae x (M j (aa (q ad (N (O s (P (ag ac Q ao al aj m u R ak) S e (ag (k aw) at e (ai b) aq ax T a)) (U am b k c (V r) j an (W X Y (Z av d l AA (w ao h AB AC AD ak j ah ar ae AE i)) a m e aq p AF)))))))))))
ak (ap ao c) u (ag z) H (I J (r (x ax (K L ae x (M j (aa (q ad (N (O s (P (ag ac Q ao al aj m u R ak) S e (ag (k aw) at e (ai b) aq ax T a)) (U am b k c (V r) j an (W X Y (Z av d l AA (w ao h AB AC AD ak j ah ar ae AE i)) a m e aq p AF)))))))))))
ai au c d af ai z o u (ag H) (I J (r (x ax (K L ae x (M j (aa (q ad (N (O s (P (ag ac Q ao al aj m u R ak) S e (ag (k aw) at e (ai b) aq ax T a)) (U am b k c (V r) j an (W X Y (Z av d l AA (w ao h AB AC AD ak j ah ar ae AE i)) a m e aq p AF)))))))))))
ak (ap ao c) u (ag H) (I J (r (x ax (K L ae x (M j (aa (q ad (N (O s (P (ag ac Q ao al aj m u R ak) S e (ag (k aw) at e (ai b) aq ax T a)) (U am b k c (V r) j an (W X Y (Z av d l AA (w ao h AB AC AD ak j ah ar ae AE i)) a m e aq p AF)))))))))))
ai au c d af ai z o u (ag (I J (r (x ax (K L ae x (M j (aa (q ad (N (O s (P (ag ac Q ao al aj m u R ak) S e (ag (k aw) at e (ai b) aq ax T a)) (U am b k c (V r) j an (W X Y (Z av d l AA (w ao h AB AC AD ak j ah ar ae AE i)) a m e aq p AF))))))))))))
ak (ap ao c) u (ag (I J (r (x ax (K L ae x (M j (aa (q ad (N (O s (P (ag ac Q ao al aj m u R ak) S e (ag (k aw) at e (ai b) aq ax T a)) (U am b k c (V r) j an (W X Y (Z av d l AA (w ao h AB AC AD ak j ah ar ae AE i)) a m e aq p AF))))))))))))
ak (h c k c p (ai n y c) o ad (y ah)) u (ag (I J (r (x ax (K L ae x (M j (aa (q ad (N (O s (P (ag ac Q ao al aj m u R ak) S e (ag (k aw) at e (ai b) aq ax T a)) (U am b k c (V r) j an (W X Y (Z av d l AA (w ao h AB AC AD ak j ah ar ae AE i)) a m e aq p AF))))))))))))
ak (ad (v (aa al aa g o p) av z ao) (y ah)) u (ag (I J (r (x ax (K L ae x (M j (aa (q ad (N (O s (P (ag ac Q ao al aj m u R ak) S e (ag (k aw) at e (ai b) aq ax T a)) (U am b k c (V r) j an (W X Y (Z av d l AA (w ao h AB AC AD ak j ah ar ae AE i)) a m e aq p AF))))))))))))
ak (aw ac al (v (aa al aa g o p) av z ao) (y ah) n (v c (aj (aw an aq (y ah) y m t)))) u (ag (I J (r (x ax (K L ae x (M j (aa (q ad (N (O s (P (ag ac Q ao al aj m u R ak) S e (ag (k aw) at e (ai b) aq ax T a)) (U am b k c (V r) j an (W X Y (Z av d l AA (w ao h AB AC AD ak j ah ar ae AE i)) a m e aq p AF))))))))))))
ak (ac ac ai al b (z j ae au (r ao ar)) (y ah) n (v c (aj (aw an aq (y ah) y m t)))) u (ag (I J (r (x ax (K L ae x (M j (aa (q ad (N (O s (P (ag ac Q ao al aj m u R ak) S e (ag (k aw) at e (ai b) aq ax T a)) (U am b k c (V r) j an (W X Y (Z av d l AA (w ao h AB AC AD ak j ah ar ae AE i)) a m e aq p AF))))))))))))
ak (i n ah (y ah (x i l)) b q (y ah) al ak d q (v c (aj (aw an aq (y ah) y m t)))) u (ag (I J (r (x ax (K L ae x (M j (aa (q ad (N (O s (P (ag ac Q ao al aj m u R ak) S e (ag (k aw) at e (ai b) aq ax T a)) (U am b k c (V r) j an (W X Y (Z av d l AA (w ao h AB AC AD ak j ah ar ae AE i)) a m e aq p AF))))))))))))
ak (f o aa ab e (ak ai aq (ae s p s ah o)) l at (y ah (x i l)) b q (y ah) al ak d q (v c (aj (aw an aq (y ah) y m t)))) u (ag (I J (r (x ax (K L ae x (M j (aa (q ad (N (O s (P (ag ac Q ao al aj m u R ak) S e (ag (k aw) at e (ai b) aq ax T a)) (U am b k c (V r) j an (W X Y (Z av d l AA (w ao h AB AC AD ak j ah ar ae AE i)) a m e aq p AF))))))))))))


