a ba az = ai l p ax aw aj g k m ab an az at ac h j
b az bg bf be bd bb ba bc = ax al ay g ap u ad o ay aj l u ar ag
c az bb bd bc be ba = ao (u (az (m r e) s)) (ar w)
d bd az bb ba bc be bf = ah af y ae an j bc q i u bd l l
e bb ba be bd az bc = af aa w be az ar at m aa ak a g bb v ar
f bb be ba bc bd az = m u h bb b (m ax (t ak) j av ba) c ba
g ba bb az = av aa ar d ak az e ae (ay aj) ab
h ba bc az bb bd = at i ay n ap k i ar af m (ba bb i ay)
i bb az ba = az ag aa (t s s au q) w av w x (w u) z
j az ba = au v az (g (l s az (x ar aj o) s ai g))
k bd be bg ba bf bc az bb = a ah (z g (r ax g al bb ak c n j aq ab))
l be ba bd bc bb bf az = az r o ae m b aa av ag w d an (b ap)
m az = az c az az
n az bc bf bg bb bd be ba = an z (ae bg y u) f g ad be e r
o bf ba be bd az bb bc = ad u y ap z w
p az bc bg ba be bf bb bd = ag ae l al (ay ba o b az) ac g bb a bg aw ap
q bb az ba bc = aj az g ap av (o av bc n) ap az h m o ba h
r az bc bd bf ba bb be = l am (bf (ae f) ae av bd (au ah (h ag) ap o))
s be bb bf ba az bg bc bd = n r bc c t ao
t ba be bd bc bf az bb = b p k aj ah an bb s ba b r i r s
u ba az bg bb bc bf be bd = ai (r n (z bg ao ae k ao m ar s b i))
v bc bb ba az = ae ba ai e j ac ac ak c ax b p c c aq ba
w bg bb be ba bd az bc bf = a am al d ai x ag x ax q ab o (p h)
x az bg ba bd bc bb bf be = ax (aj (k ai am at be u ak p bf g) ar) (h au)
y ba bc az bd be bb = p ad (j ap ai ak av)
z bb bf bc az bd ba bg be = bb n ag h a ad ai be ag aa ak
aa bc bb ba bd az = ak bd av d h ao (ai ao ag az v a)
ab bb bc bf az bd be ba = q ai (ai az aa aw)
ac bd ba az bb bc = k au aa (a f f ay u) bb aa t j h bd ai
ad bb az ba = am ar at m ba (d (al r h) i h)
ae bc bd az ba bb be bf = y az v s be c q e ah ar ad av be a
af ba az bb = az ab ap (az z (x (u o ba bb ae)) au c) k h
ag be ba az bf bc bb bd = al (k bf a) al ab j q s ae
ah bg bc be bf ba az bb bd = ar (af e a) (n (az av) (ax (ag aa ba ae) (m d) az ar))
ai bb ba bc az = l av (v c r) (bc y) a ar (d av a ae ah am) aq
aj bd be bb bf bg bc az ba = au bd af d d (r m) am x bb al k ba (ay f)
ak ba az bc bb = ao aj au ab (ax ah (ad y (o ac w ag bc ad) ba) ao)
al bd ba az bc be bb = m (ah s an n am ae) k g q o an ag (ax p x)
am be bd ba bb bf az bc = ak au ad ax o h p av l ak s ak e
an bc ba bb az = az ak au (k au bc ab bb ai)
ao ba be bc bb az bd = x az z (am (k al) ba (ap (t be u) m m))
ap bd bb ba bc az = aa n ab ay bc i ad n a ae
aq bb bf bd bc az be ba bg = p aw ak i az t (ah bf)
ar bg be ba bb bc bf az bd = d (w bc ae ao) aa t j (ae m d) ag r ax am ac
at bb az ba bd be bc bf = aa an i aw ar m az ar h ah f i q be af
au bd bc az bf bb be ba bg = c t bb e ap (aw ag o a)
av bd be ba az bc bb = bb s (at bc (b bd) q)
aw be bd bc bf az ba bb = b y z f ac bd bc (a ae) am ad bc i w be
ax bd ba bc az be bb = g ar d bd (ac (m a be am) g n g)
ay ba bb az = b az (c ao (bb h ai m (d g t s) g az y) g)
main = an aa ah (A (B k ao ao af s c ag t (C s D s ae E F ay aa G af aj aq (ae r) l av (aa o ay H n u) y ai ay ab af ay t aq u an l ae) (I J K L M (ac af (f N z v) aw) O y P) m ap) ah e ay (an ao r l ab c Q ak (R (S e T (m c (U V W ar t t af d))) (X ap ay c i q d ac ax Y))))
------------------------------------------------------------
an aa ah (A (B k ao ao af s c ag t (C s D s ae E F ay aa G af aj aq (ae r) l av (aa o ay H n u) y ai ay ab af ay t aq u an l ae) (I J K L M (ac af (f N z v) aw) O y P) m ap) ah e ay (an ao r l ab c Q ak (R (S e T (m c (U V W ar t t af d))) (X ap ay c i q d ac ax Y))))
an aa ah (A (B k ao ao af s c ag t (C s D s ae E F ay aa G af aj aq (ae r) l av (ak n av d h ao (ai ao ag u v a)) y ai ay ab af ay t aq u an l ae) (I J K L M (ac af (f N z v) aw) O y P) m ap) ah e ay (an ao r l ab c Q ak (R (S e T (m c (U V W ar t t af d))) (X ap ay c i q d ac ax Y))))
an aa ah (A (B k ao ao af s c ag t (C s D s ae E F ay aa G af aj aq (ae r) l av (ao aj au ab (ax ah (ad y (o ac w ag d ad) n) ao) ao (ai ao ag u v a)) y ai ay ab af ay t aq u an l ae) (I J K L M (ac af (f N z v) aw) O y P) m ap) ah e ay (an ao r l ab c Q ak (R (S e T (m c (U V W ar t t af d))) (X ap ay c i q d ac ax Y))))
an aa ah (A (B k ao ao af s c ag t (C s D s ae E F ay aa G af aj aq (ae r) l av (x ao z (am (k al) aj (ap (t au u) m m))) y ai ay ab af ay t aq u an l ae) (I J K L M (ac af (f N z v) aw) O y P) m ap) ah e ay (an ao r l ab c Q ak (R (S e T (m c (U V W ar t t af d))) (X ap ay c i q d ac ax Y))))
an aa ah (A (B k ao ao af s c ag t (C s D s ae E F ay aa G af aj aq (ae r) l av (x ao z (am (k al) aj (ap (t au u) m m))) y ai ay ab af ay t aq u an l ae) (I J K L M (ac af (f N z v) aw) O y P) m ap) ah e ay (ab ak au (k au ao ab l ai) c Q ak (R (S e T (m c (U V W ar t t af d))) (X ap ay c i q d ac ax Y))))
an aa ah (A (B k ao ao af s c ag t (C s D s ae E F ay aa G af aj aq (ae r) l av (x ao z (am (k al) aj (ap (t au u) m m))) y ai ay ab af ay t aq u an l ae) (I J K L M (ac af (f N z v) aw) O y P) m ap) ah e ay (q ai (ai c aa aw)))


