a ba bb az = az e at ba q ag bb az ae i az (ac ac)
b bd az be bb bc ba = v al be (az v aq (au a j aw) g z)
c az ba = ay ap h d v (al ae ba n) t t
d bc ba bd be bg az bf bb = ax bf ad aa be (bd f ae ao au) s (u w) (bg n ar)
e bf az bb bg ba bd be bc = aj ax g aj bb (ah (ae w ad g an ak z av) av)
f ba bb az = ad ag bb az (u e s) ba aq ah av w an
g bd bf ba bb az be bc = z r ac l o ai (q d z bd) aj b h
h bd be az bg ba bf bc bb = av bd af e j aq ae t
i be bf bc ba az bd bb = l l be ae af bc q m f ao k (s j)
j az ba bb bd bc = ae au ai y bd
k be bd az bb bc ba = w bc az av (a al) ai ag m an (ap o) aa (e r aw)
l ba bd be bb az bc bf = k (ag a e ag ag al) (aq ap bc) aw
m az ba bb = i az p g ar t c al n (y p ar aj bb)
n ba bb bd az bc = m (c az) al d ai aq aa b l j (ay (y ak l) az)
o be bb bd bf az bc ba = f ah av at n d (w ad) ad ax q at v ba g
p bd az bc ba bb = s au ao ax (ag ba) c ab (ap bb au ai au n)
q az bb bc bg be bf ba bd = ac ak aq d an u ay c (ad j j ai)
r be az ba bb bc bf bd = w ai ac ba (w (az (am ah z y) an))
s bb ba bc bd az = az ak f (i k ay i) ak (ao p)
t ba az = ax x b (ba f af af) ba d av
u ba az bb = ae y c x r bb bb aw w ab ax ao h
v ba az bb = ai ao p al bb az f (m ba) ad
w bd ba be az bg bc bb bf = ba ax p i ar e al y (ae ap ab) m (ah ai aq)
x ba bb az = af av t k b ba (p az) (w a ai h (bb az u) ai)
y bb az ba bc = r (g (bc ag ar bb p n w ba az)) a ah p
z be ba bc bd bb bg az bf = bb aj ao (l af y (n ar o ab) aw)
aa bd bb bc az ba = au c (au ah t az ay ay) d ap (ax am) ba
ab ba bb az bd bc = o (q x (bd bb) (u al (h u ac) bb t al k))
ac bc bd az ba bb = az bc (r ar bc (j a v y d ap x) y av av aq)
ad ba az = m ap (u at ac (ae j j b ay))
ae be bb bf az ba bd bc = au an z y (w i f ah) q bb
af ba bb az bc be bd bf bg = av ba j c be bd z k g bg d aj s aw h
ag bf bc bb ba az bg be bd = af z (a (ad h q w (aa ah aa) m (at ao ax av)))
ah bc ba az bb bd bf be = ai ae (ao h e am t am) m o bd
ai ba be bd az bb bc = q (ac k (g i) ao q aw bc z at)
aj bd bb be ba az bc = aq ak (f be) ar (ah (d an ab j j e af p x))
ak ba bb bc az = af aa u k o m ar aq aj k m (n ap) ai ax
al bc bf ba bb bd be az = bf au (av (at aj c o) c n e d z) e x ab
am az bc bf ba bd bb be = s al bb an m (av ax an y ao az ax)
an az bc bd be bb ba = g l ao ap i bc
ao bf ba bc bg bd be bb az = n o ah (aj ay (g am) x) m
ap bg bd bf ba be az bb bc = ba k al az k bf an (av (h c) n bc) a
aq bd az ba be bg bf bb bc = au o (ag (bg be (ab h l ad)))
ar bd bc az be ba bb bf = ai aj ac w
at bb ba az bc = n aj ak u (z s bc f ae) v ac n (ai (x p m))
au bf ba az bc bb bd be = at (ab (b (bc at av) ae aa i))
av bd bb bc az be bf ba = m af ag (bd e b al)
aw ba az = az ax af al ac ba (az w aq)
ax be bb bf ba az bd bc bg = l ae (q at (g (p q (x f g) w k ay x bf)))
ay bb be bg bf bc bd ba az = g e af (s bf az be c q bb) an ad k
main = aw am A B (aw ag ak aq (C am) (D E au) w o aa al) F p t (G H m I an J av ab aw e r K g t af) ag ai L (M ab ab d ax (p ax m (ah (N O ad an) P k y Q (R S ap (ar T z ap c U) c (q (V aj (W aw z av X s a) (q (a (x (Y ao) z (Z t aw (AA AB o t ak) j w j an aa) s)) ah af))) t) aw h)))
------------------------------------------------------------
aw am A B (aw ag ak aq (C am) (D E au) w o aa al) F p t (G H m I an J av ab aw e r K g t af) ag ai L (M ab ab d ax (p ax m (ah (N O ad an) P k y Q (R S ap (ar T z ap c U) c (q (V aj (W aw z av X s a) (q (a (x (Y ao) z (Z t aw (AA AB o t ak) j w j an aa) s)) ah af))) t) aw h)))
A ax af al ac am (A w aq) B (aw ag ak aq (C am) (D E au) w o aa al) F p t (G H m I an J av ab aw e r K g t af) ag ai L (M ab ab d ax (p ax m (ah (N O ad an) P k y Q (R S ap (ar T z ap c U) c (q (V aj (W aw z av X s a) (q (a (x (Y ao) z (Z t aw (AA AB o t ak) j w j an aa) s)) ah af))) t) aw h)))
A ax af al ac am (A w aq) B (ak ax af al ac ag (ak w aq) aq (C am) (D E au) w o aa al) F p t (G H m I an J av ab aw e r K g t af) ag ai L (M ab ab d ax (p ax m (ah (N O ad an) P k y Q (R S ap (ar T z ap c U) c (q (V aj (W aw z av X s a) (q (a (x (Y ao) z (Z t aw (AA AB o t ak) j w j an aa) s)) ah af))) t) aw h)))
A ax af al ac am (A w aq) B (af aa u k o m ar aq aj k m (n ap) ai ax ag (ak w aq) aq (C am) (D E au) w o aa al) F p t (G H m I an J av ab aw e r K g t af) ag ai L (M ab ab d ax (p ax m (ah (N O ad an) P k y Q (R S ap (ar T z ap c U) c (q (V aj (W aw z av X s a) (q (a (x (Y ao) z (Z t aw (AA AB o t ak) j w j an aa) s)) ah af))) t) aw h)))
A ax af al ac am (A w aq) B (av aa j c m ar z k g aj d aj s aw h k m (n ap) ai ax ag (ak w aq) aq (C am) (D E au) w o aa al) F p t (G H m I an J av ab aw e r K g t af) ag ai L (M ab ab d ax (p ax m (ah (N O ad an) P k y Q (R S ap (ar T z ap c U) c (q (V aj (W aw z av X s a) (q (a (x (Y ao) z (Z t aw (AA AB o t ak) j w j an aa) s)) ah af))) t) aw h)))
A ax af al ac am (A w aq) B (m af ag (aa e b al) g aj d aj s aw h k m (n ap) ai ax ag (ak w aq) aq (C am) (D E au) w o aa al) F p t (G H m I an J av ab aw e r K g t af) ag ai L (M ab ab d ax (p ax m (ah (N O ad an) P k y Q (R S ap (ar T z ap c U) c (q (V aj (W aw z av X s a) (q (a (x (Y ao) z (Z t aw (AA AB o t ak) j w j an aa) s)) ah af))) t) aw h)))
A ax af al ac am (A w aq) B (i af p g ar t c al n (y p ar aj (aa e b al)) g aj d aj s aw h k m (n ap) ai ax ag (ak w aq) aq (C am) (D E au) w o aa al) F p t (G H m I an J av ab aw e r K g t af) ag ai L (M ab ab d ax (p ax m (ah (N O ad an) P k y Q (R S ap (ar T z ap c U) c (q (V aj (W aw z av X s a) (q (a (x (Y ao) z (Z t aw (AA AB o t ak) j w j an aa) s)) ah af))) t) aw h)))
A ax af al ac am (A w aq) B (l l af ae af g q m f ao k (s j) n (y p ar aj (aa e b al)) g aj d aj s aw h k m (n ap) ai ax ag (ak w aq) aq (C am) (D E au) w o aa al) F p t (G H m I an J av ab aw e r K g t af) ag ai L (M ab ab d ax (p ax m (ah (N O ad an) P k y Q (R S ap (ar T z ap c U) c (q (V aj (W aw z av X s a) (q (a (x (Y ao) z (Z t aw (AA AB o t ak) j w j an aa) s)) ah af))) t) aw h)))
A ax af al ac am (A w aq) B (k (ag a e ag ag al) (aq ap q) aw f ao k (s j) n (y p ar aj (aa e b al)) g aj d aj s aw h k m (n ap) ai ax ag (ak w aq) aq (C am) (D E au) w o aa al) F p t (G H m I an J av ab aw e r K g t af) ag ai L (M ab ab d ax (p ax m (ah (N O ad an) P k y Q (R S ap (ar T z ap c U) c (q (V aj (W aw z av X s a) (q (a (x (Y ao) z (Z t aw (AA AB o t ak) j w j an aa) s)) ah af))) t) aw h)))
A ax af al ac am (A w aq) B (w ao aw av (a al) ai ag m an (ap o) aa (e r aw) (s j) n (y p ar aj (aa e b al)) g aj d aj s aw h k m (n ap) ai ax ag (ak w aq) aq (C am) (D E au) w o aa al) F p t (G H m I an J av ab aw e r K g t af) ag ai L (M ab ab d ax (p ax m (ah (N O ad an) P k y Q (R S ap (ar T z ap c U) c (q (V aj (W aw z av X s a) (q (a (x (Y ao) z (Z t aw (AA AB o t ak) j w j an aa) s)) ah af))) t) aw h)))
A ax af al ac am (A w aq) B (aw ax p i ar e al y (ae ap ab) m (ah ai aq) (ap o) aa (e r aw) (s j) n (y p ar aj (aa e b al)) g aj d aj s aw h k m (n ap) ai ax ag (ak w aq) aq (C am) (D E au) w o aa al) F p t (G H m I an J av ab aw e r K g t af) ag ai L (M ab ab d ax (p ax m (ah (N O ad an) P k y Q (R S ap (ar T z ap c U) c (q (V aj (W aw z av X s a) (q (a (x (Y ao) z (Z t aw (AA AB o t ak) j w j an aa) s)) ah af))) t) aw h)))
A ax af al ac am (A w aq) B (p ax af al ac ax (p w aq) i ar e al y (ae ap ab) m (ah ai aq) (ap o) aa (e r aw) (s j) n (y p ar aj (aa e b al)) g aj d aj s aw h k m (n ap) ai ax ag (ak w aq) aq (C am) (D E au) w o aa al) F p t (G H m I an J av ab aw e r K g t af) ag ai L (M ab ab d ax (p ax m (ah (N O ad an) P k y Q (R S ap (ar T z ap c U) c (q (V aj (W aw z av X s a) (q (a (x (Y ao) z (Z t aw (AA AB o t ak) j w j an aa) s)) ah af))) t) aw h)))
A ax af al ac am (A w aq) B (s au ao ax (ag ac) c ab (ap ax au ai au n) (p w aq) i ar e al y (ae ap ab) m (ah ai aq) (ap o) aa (e r aw) (s j) n (y p ar aj (aa e b al)) g aj d aj s aw h k m (n ap) ai ax ag (ak w aq) aq (C am) (D E au) w o aa al) F p t (G H m I an J av ab aw e r K g t af) ag ai L (M ab ab d ax (p ax m (ah (N O ad an) P k y Q (R S ap (ar T z ap c U) c (q (V aj (W aw z av X s a) (q (a (x (Y ao) z (Z t aw (AA AB o t ak) j w j an aa) s)) ah af))) t) aw h)))
A ax af al ac am (A w aq) B (c ak f (i k ay i) ak (ao p) ab (ap ax au ai au n) (p w aq) i ar e al y (ae ap ab) m (ah ai aq) (ap o) aa (e r aw) (s j) n (y p ar aj (aa e b al)) g aj d aj s aw h k m (n ap) ai ax ag (ak w aq) aq (C am) (D E au) w o aa al) F p t (G H m I an J av ab aw e r K g t af) ag ai L (M ab ab d ax (p ax m (ah (N O ad an) P k y Q (R S ap (ar T z ap c U) c (q (V aj (W aw z av X s a) (q (a (x (Y ao) z (Z t aw (AA AB o t ak) j w j an aa) s)) ah af))) t) aw h)))
A ax af al ac am (A w aq) B (ay ap h d v (al ae f n) t t (i k ay i) ak (ao p) ab (ap ax au ai au n) (p w aq) i ar e al y (ae ap ab) m (ah ai aq) (ap o) aa (e r aw) (s j) n (y p ar aj (aa e b al)) g aj d aj s aw h k m (n ap) ai ax ag (ak w aq) aq (C am) (D E au) w o aa al) F p t (G H m I an J av ab aw e r K g t af) ag ai L (M ab ab d ax (p ax m (ah (N O ad an) P k y Q (R S ap (ar T z ap c U) c (q (V aj (W aw z av X s a) (q (a (x (Y ao) z (Z t aw (AA AB o t ak) j w j an aa) s)) ah af))) t) aw h)))
A ax af al ac am (A w aq) B (g e af (s v (i k ay i) h c q ap) an ad k ak (ao p) ab (ap ax au ai au n) (p w aq) i ar e al y (ae ap ab) m (ah ai aq) (ap o) aa (e r aw) (s j) n (y p ar aj (aa e b al)) g aj d aj s aw h k m (n ap) ai ax ag (ak w aq) aq (C am) (D E au) w o aa al) F p t (G H m I an J av ab aw e r K g t af) ag ai L (M ab ab d ax (p ax m (ah (N O ad an) P k y Q (R S ap (ar T z ap c U) c (q (V aj (W aw z av X s a) (q (a (x (Y ao) z (Z t aw (AA AB o t ak) j w j an aa) s)) ah af))) t) aw h)))
A ax af al ac am (A w aq) B (z r ac l o ai (q d z e) aj b h (ao p) ab (ap ax au ai au n) (p w aq) i ar e al y (ae ap ab) m (ah ai aq) (ap o) aa (e r aw) (s j) n (y p ar aj (aa e b al)) g aj d aj s aw h k m (n ap) ai ax ag (ak w aq) aq (C am) (D E au) w o aa al) F p t (G H m I an J av ab aw e r K g t af) ag ai L (M ab ab d ax (p ax m (ah (N O ad an) P k y Q (R S ap (ar T z ap c U) c (q (V aj (W aw z av X s a) (q (a (x (Y ao) z (Z t aw (AA AB o t ak) j w j an aa) s)) ah af))) t) aw h)))
A ax af al ac am (A w aq) B (ai aj ao (l af y (n ar o ab) aw) h (ao p) ab (ap ax au ai au n) (p w aq) i ar e al y (ae ap ab) m (ah ai aq) (ap o) aa (e r aw) (s j) n (y p ar aj (aa e b al)) g aj d aj s aw h k m (n ap) ai ax ag (ak w aq) aq (C am) (D E au) w o aa al) F p t (G H m I an J av ab aw e r K g t af) ag ai L (M ab ab d ax (p ax m (ah (N O ad an) P k y Q (R S ap (ar T z ap c U) c (q (V aj (W aw z av X s a) (q (a (x (Y ao) z (Z t aw (AA AB o t ak) j w j an aa) s)) ah af))) t) aw h)))
A ax af al ac am (A w aq) B (q (ac k (g i) ao q aw ab z at) (ap ax au ai au n) (p w aq) i ar e al y (ae ap ab) m (ah ai aq) (ap o) aa (e r aw) (s j) n (y p ar aj (aa e b al)) g aj d aj s aw h k m (n ap) ai ax ag (ak w aq) aq (C am) (D E au) w o aa al) F p t (G H m I an J av ab aw e r K g t af) ag ai L (M ab ab d ax (p ax m (ah (N O ad an) P k y Q (R S ap (ar T z ap c U) c (q (V aj (W aw z av X s a) (q (a (x (Y ao) z (Z t aw (AA AB o t ak) j w j an aa) s)) ah af))) t) aw h)))
A ax af al ac am (A w aq) B (ac ak aq d an u ay c (ad j j ai) (ae ap ab) m (ah ai aq) (ap o) aa (e r aw) (s j) n (y p ar aj (aa e b al)) g aj d aj s aw h k m (n ap) ai ax ag (ak w aq) aq (C am) (D E au) w o aa al) F p t (G H m I an J av ab aw e r K g t af) ag ai L (M ab ab d ax (p ax m (ah (N O ad an) P k y Q (R S ap (ar T z ap c U) c (q (V aj (W aw z av X s a) (q (a (x (Y ao) z (Z t aw (AA AB o t ak) j w j an aa) s)) ah af))) t) aw h)))
A ax af al ac am (A w aq) B (d ak (r ar ak (j a v y d ap x) y av av aq) ay c (ad j j ai) (ae ap ab) m (ah ai aq) (ap o) aa (e r aw) (s j) n (y p ar aj (aa e b al)) g aj d aj s aw h k m (n ap) ai ax ag (ak w aq) aq (C am) (D E au) w o aa al) F p t (G H m I an J av ab aw e r K g t af) ag ai L (M ab ab d ax (p ax m (ah (N O ad an) P k y Q (R S ap (ar T z ap c U) c (q (V aj (W aw z av X s a) (q (a (x (Y ao) z (Z t aw (AA AB o t ak) j w j an aa) s)) ah af))) t) aw h)))
A ax af al ac am (A w aq) B (ax m ad aa c (ay f ae ao au) s (u w) (ad j j ai n ar) (ap o) aa (e r aw) (s j) n (y p ar aj (aa e b al)) g aj d aj s aw h k m (n ap) ai ax ag (ak w aq) aq (C am) (D E au) w o aa al) F p t (G H m I an J av ab aw e r K g t af) ag ai L (M ab ab d ax (p ax m (ah (N O ad an) P k y Q (R S ap (ar T z ap c U) c (q (V aj (W aw z av X s a) (q (a (x (Y ao) z (Z t aw (AA AB o t ak) j w j an aa) s)) ah af))) t) aw h)))
A ax af al ac am (A w aq) B (l ae (q at (g (p q (x f g) w k ay x aa))) (ap o) aa (e r aw) (s j) n (y p ar aj (aa e b al)) g aj d aj s aw h k m (n ap) ai ax ag (ak w aq) aq (C am) (D E au) w o aa al) F p t (G H m I an J av ab aw e r K g t af) ag ai L (M ab ab d ax (p ax m (ah (N O ad an) P k y Q (R S ap (ar T z ap c U) c (q (V aj (W aw z av X s a) (q (a (x (Y ao) z (Z t aw (AA AB o t ak) j w j an aa) s)) ah af))) t) aw h)))
A ax af al ac am (A w aq) B (k (ag a e ag ag al) (aq ap (s j)) aw (y p ar aj (aa e b al)) g aj d aj s aw h k m (n ap) ai ax ag (ak w aq) aq (C am) (D E au) w o aa al) F p t (G H m I an J av ab aw e r K g t af) ag ai L (M ab ab d ax (p ax m (ah (N O ad an) P k y Q (R S ap (ar T z ap c U) c (q (V aj (W aw z av X s a) (q (a (x (Y ao) z (Z t aw (AA AB o t ak) j w j an aa) s)) ah af))) t) aw h)))
A ax af al ac am (A w aq) B (w g aw av (a al) ai ag m an (ap o) aa (e r aw) d aj s aw h k m (n ap) ai ax ag (ak w aq) aq (C am) (D E au) w o aa al) F p t (G H m I an J av ab aw e r K g t af) ag ai L (M ab ab d ax (p ax m (ah (N O ad an) P k y Q (R S ap (ar T z ap c U) c (q (V aj (W aw z av X s a) (q (a (x (Y ao) z (Z t aw (AA AB o t ak) j w j an aa) s)) ah af))) t) aw h)))
A ax af al ac am (A w aq) B (aw ax p i ar e al y (ae ap ab) m (ah ai aq) (ap o) aa (e r aw) d aj s aw h k m (n ap) ai ax ag (ak w aq) aq (C am) (D E au) w o aa al) F p t (G H m I an J av ab aw e r K g t af) ag ai L (M ab ab d ax (p ax m (ah (N O ad an) P k y Q (R S ap (ar T z ap c U) c (q (V aj (W aw z av X s a) (q (a (x (Y ao) z (Z t aw (AA AB o t ak) j w j an aa) s)) ah af))) t) aw h)))
A ax af al ac am (A w aq) B (p ax af al ac ax (p w aq) i ar e al y (ae ap ab) m (ah ai aq) (ap o) aa (e r aw) d aj s aw h k m (n ap) ai ax ag (ak w aq) aq (C am) (D E au) w o aa al) F p t (G H m I an J av ab aw e r K g t af) ag ai L (M ab ab d ax (p ax m (ah (N O ad an) P k y Q (R S ap (ar T z ap c U) c (q (V aj (W aw z av X s a) (q (a (x (Y ao) z (Z t aw (AA AB o t ak) j w j an aa) s)) ah af))) t) aw h)))
A ax af al ac am (A w aq) B (s au ao ax (ag ac) c ab (ap ax au ai au n) (p w aq) i ar e al y (ae ap ab) m (ah ai aq) (ap o) aa (e r aw) d aj s aw h k m (n ap) ai ax ag (ak w aq) aq (C am) (D E au) w o aa al) F p t (G H m I an J av ab aw e r K g t af) ag ai L (M ab ab d ax (p ax m (ah (N O ad an) P k y Q (R S ap (ar T z ap c U) c (q (V aj (W aw z av X s a) (q (a (x (Y ao) z (Z t aw (AA AB o t ak) j w j an aa) s)) ah af))) t) aw h)))
A ax af al ac am (A w aq) B (c ak f (i k ay i) ak (ao p) ab (ap ax au ai au n) (p w aq) i ar e al y (ae ap ab) m (ah ai aq) (ap o) aa (e r aw) d aj s aw h k m (n ap) ai ax ag (ak w aq) aq (C am) (D E au) w o aa al) F p t (G H m I an J av ab aw e r K g t af) ag ai L (M ab ab d ax (p ax m (ah (N O ad an) P k y Q (R S ap (ar T z ap c U) c (q (V aj (W aw z av X s a) (q (a (x (Y ao) z (Z t aw (AA AB o t ak) j w j an aa) s)) ah af))) t) aw h)))
A ax af al ac am (A w aq) B (ay ap h d v (al ae f n) t t (i k ay i) ak (ao p) ab (ap ax au ai au n) (p w aq) i ar e al y (ae ap ab) m (ah ai aq) (ap o) aa (e r aw) d aj s aw h k m (n ap) ai ax ag (ak w aq) aq (C am) (D E au) w o aa al) F p t (G H m I an J av ab aw e r K g t af) ag ai L (M ab ab d ax (p ax m (ah (N O ad an) P k y Q (R S ap (ar T z ap c U) c (q (V aj (W aw z av X s a) (q (a (x (Y ao) z (Z t aw (AA AB o t ak) j w j an aa) s)) ah af))) t) aw h)))


