a az bf be bb bc bd ba m u bd aw b bf bd (m ai r aj be t ae)
b bb az ba q o ap (ba u c ay az) u
c az bb ba be bd bg bc bf s z
d bc az ba bb af q aq (ag o ao az an) az (i (t bb) p q)
e az bb bc ba n ao av t ax ai m (i ar f j)
f bb bc ba az bd be av j au h (bd z b) o aj z (h aj am)
g ba bc be bb az bd u am ab n ak (s n (ad (ax ab az e ai au)))
h az aw (ab az (w q y ac))
i be bc ba bb bd az be (e ao (at al aa o ay ae))
j bd bc bb ba az al ai aj d ao ag aq ap bc ay d s z
k az be bb bf bc bd ba bg az g d u e bg f n (bg a q af (b ao ax))
l az az u q an (an (az az az d k q w q c ac))
m bb az bc ba x (az z bc aj) r f k al
n az ba ae h ab ar ax s
o bd ba bc az bb bd x i
p ba bd bb az bc ac bd (b aa) (c au (aj bd) d x j g a) x
q ba bc bb az bd be bd ae az u (af af g aa)
r az bb bc ba bd ak af m aq q bc al (ak w av (j az ak))
s ba bb az an ah w at ab af bb (aa m aw ar e) ba ad am
t bf bb ba bc bg az be bd aa p bc aj az c aa bc aq ba bg c (ax b) aq k
u az x az am (d ao) ao y ah (ar (b c az p e) ao x)
v bc az ba bd bb a k bc al (au ba k (aj bd)) bd q ag av
w az ba bc bd bb be q ah ar (aw ba f at at ad) bb ad at ah
x bb bc ba az v ah bc az ag e (aj d az az ap ay aa) bc aw aa
y bb ba be bf bc az bd r bf aq (ar j al) al ai (ay bd ae ak (aj an) s) k
z bb bc ba bd bf be az f (be av i bc m ao ah be bd (g (aq ap) y ax j))
aa az bb bd bc ba x m bd a au h k c (r ac bb i az) o
ab bf be ba bc bd bb az ae bb ak b am aj g n (ac (u l)) aj be j aj
ac bd bb be az bf ba bc ai p v g ah ay aw
ad ba az bb l y aq h ba n ak l
ae bc bb be bd bf bg ba az af bg ad (ap ax) al bc ao g (ai al an al s t)
af aw i (d ai ax l) d an z
ag az aa au (g q ap a r z (az (az c h az) az)) o
ah bd bc az ba bb aq bc (az t ar) r y an an f (aj x p ae)
ai az bc bb bd ba aj b e v aw x aq ae (an (x v) (av n) aa h)
aj bg bc az ba bb bf bd be o bd ak ak bd (l o a)
ak be az bc bg ba bd bf bb t u ao az aw (e d) am a ax ah
al bb ba az aj ak ad (az s h at (az a ay ah d))
am bc bb bd ba be az g e ar g
an bf ba bc bd az bb be w (f af s) bb r ac b az ak o (g ab e)
ao bd ba be bb bc az j bb z o ab bb aa g
ap be ba bf bc bb bd az g x b (bd ba f ab ar) i bd s (s aa) ad
aq ba bd bb bc az be bf bg ag bd bc r ap t am (m ah ar)
ar ba az bc bb ao ai b aa
at bb bd ba bg be bf bc az ah ae (a (am au y) g aj bf) c
au be bc az bd bb ba o x af ac (y u) ag a
av be bc bd ba bb az bf e (h (a g am v s) h an u bf)
aw bc az ba bb aj ak ah af an h az ao aa at i ar bc bb ac ac
ax bf az ba bc bd bb be av am l b r z bb bd aq aq (l ba t ap) ag
ay az bb ba ad an ab (ax av g ar (c l) e ar)
main A (B ah ac al ai ak x (C r (b at al z af h (z y D h ai E ar) a c)) i m) aq (c l ak ay (F G r an (H aw p (c ab j) (k ao j p ac al I af J av c i k l) ag x (K v v L (M v u (ao j af (N ar) au) au)) o w ax ap O e an P d ai Q aq b at f R (p w ap S) e) v i at ar s k) T)
------------------------------------------------------------
A (B ah ac al ai ak x (C r (b at al z af h (z y D h ai E ar) a c)) i m) aq (c l ak ay (F G r an (H aw p (c ab j) (k ao j p ac al I af J av c i k l) ag x (K v v L (M v u (ao j af (N ar) au) au)) o w ax ap O e an P d ai Q aq b at f R (p w ap S) e) v i at ar s k) T)
A (B ah ac al ai ak x (C r (q o ap (z u c ay al) u af h (z y D h ai E ar) a c)) i m) aq (c l ak ay (F G r an (H aw p (c ab j) (k ao j p ac al I af J av c i k l) ag x (K v v L (M v u (ao j af (N ar) au) au)) o w ax ap O e an P d ai Q aq b at f R (p w ap S) e) v i at ar s k) T)
A (B ah ac al ai ak x (C r (af ae u u (af af g aa) (z y D h ai E ar) a c)) i m) aq (c l ak ay (F G r an (H aw p (c ab j) (k ao j p ac al I af J av c i k l) ag x (K v v L (M v u (ao j af (N ar) au) au)) o w ax ap O e an P d ai Q aq b at f R (p w ap S) e) v i at ar s k) T)
A (B ah ac al ai ak x (C r (aw i (d ai ax l) d an z ae u u (af af g aa) (z y D h ai E ar) a c)) i m) aq (c l ak ay (F G r an (H aw p (c ab j) (k ao j p ac al I af J av c i k l) ag x (K v v L (M v u (ao j af (N ar) au) au)) o w ax ap O e an P d ai Q aq b at f R (p w ap S) e) v i at ar s k) T)
A (B ah ac al ai ak x (C r (aj ak ah af an h (d ai ax l) ao aa at i ar i an ac ac z ae u u (af af g aa) (z y D h ai E ar) a c)) i m) aq (c l ak ay (F G r an (H aw p (c ab j) (k ao j p ac al I af J av c i k l) ag x (K v v L (M v u (ao j af (N ar) au) au)) o w ax ap O e an P d ai Q aq b at f R (p w ap S) e) v i at ar s k) T)
A (B ah ac al ai ak x (C r (o ao ak ak ao (l o a) at i ar i an ac ac z ae u u (af af g aa) (z y D h ai E ar) a c)) i m) aq (c l ak ay (F G r an (H aw p (c ab j) (k ao j p ac al I af J av c i k l) ag x (K v v L (M v u (ao j af (N ar) au) au)) o w ax ap O e an P d ai Q aq b at f R (p w ap S) e) v i at ar s k) T)
A (B ah ac al ai ak x (C r (ao x i at i ar i an ac ac z ae u u (af af g aa) (z y D h ai E ar) a c)) i m) aq (c l ak ay (F G r an (H aw p (c ab j) (k ao j p ac al I af J av c i k l) ag x (K v v L (M v u (ao j af (N ar) au) au)) o w ax ap O e an P d ai Q aq b at f R (p w ap S) e) v i at ar s k) T)
A (B ah ac al ai ak x (C r (j i z o ab i aa g an ac ac z ae u u (af af g aa) (z y D h ai E ar) a c)) i m) aq (c l ak ay (F G r an (H aw p (c ab j) (k ao j p ac al I af J av c i k l) ag x (K v v L (M v u (ao j af (N ar) au) au)) o w ax ap O e an P d ai Q aq b at f R (p w ap S) e) v i at ar s k) T)
A (B ah ac al ai ak x (C r (al ai aj d ao ag aq ap z ay d s z aa g an ac ac z ae u u (af af g aa) (z y D h ai E ar) a c)) i m) aq (c l ak ay (F G r an (H aw p (c ab j) (k ao j p ac al I af J av c i k l) ag x (K v v L (M v u (ao j af (N ar) au) au)) o w ax ap O e an P d ai Q aq b at f R (p w ap S) e) v i at ar s k) T)
A (B ah ac al ai ak x (C r (aj ak ad (d s h at (d a ay ah d)) ao ag aq ap z ay d s z aa g an ac ac z ae u u (af af g aa) (z y D h ai E ar) a c)) i m) aq (c l ak ay (F G r an (H aw p (c ab j) (k ao j p ac al I af J av c i k l) ag x (K v v L (M v u (ao j af (N ar) au) au)) o w ax ap O e an P d ai Q aq b at f R (p w ap S) e) v i at ar s k) T)
A (B ah ac al ai ak x (C r (o ap ak ak ap (l o a) ay d s z aa g an ac ac z ae u u (af af g aa) (z y D h ai E ar) a c)) i m) aq (c l ak ay (F G r an (H aw p (c ab j) (k ao j p ac al I af J av c i k l) ag x (K v v L (M v u (ao j af (N ar) au) au)) o w ax ap O e an P d ai Q aq b at f R (p w ap S) e) v i at ar s k) T)
A (B ah ac al ai ak x (C r (ap x i ay d s z aa g an ac ac z ae u u (af af g aa) (z y D h ai E ar) a c)) i m) aq (c l ak ay (F G r an (H aw p (c ab j) (k ao j p ac al I af J av c i k l) ag x (K v v L (M v u (ao j af (N ar) au) au)) o w ax ap O e an P d ai Q aq b at f R (p w ap S) e) v i at ar s k) T)
A (B ah ac al ai ak x (C r (g x b (z i f ab ar) i z s (s aa) ad g an ac ac z ae u u (af af g aa) (z y D h ai E ar) a c)) i m) aq (c l ak ay (F G r an (H aw p (c ab j) (k ao j p ac al I af J av c i k l) ag x (K v v L (M v u (ao j af (N ar) au) au)) o w ax ap O e an P d ai Q aq b at f R (p w ap S) e) v i at ar s k) T)
A (B ah ac al ai ak x (C r (u am ab n ak (s n (ad (ax ab z e ai au))) (s aa) ad g an ac ac z ae u u (af af g aa) (z y D h ai E ar) a c)) i m) aq (c l ak ay (F G r an (H aw p (c ab j) (k ao j p ac al I af J av c i k l) ag x (K v v L (M v u (ao j af (N ar) au) au)) o w ax ap O e an P d ai Q aq b at f R (p w ap S) e) v i at ar s k) T)
A (B ah ac al ai ak x (C r (x am am (d ao) ao y ah (ar (b c am p e) ao x) ab n ak (s n (ad (ax ab z e ai au))) (s aa) ad g an ac ac z ae u u (af af g aa) (z y D h ai E ar) a c)) i m) aq (c l ak ay (F G r an (H aw p (c ab j) (k ao j p ac al I af J av c i k l) ag x (K v v L (M v u (ao j af (N ar) au) au)) o w ax ap O e an P d ai Q aq b at f R (p w ap S) e) v i at ar s k) T)
A (B ah ac al ai ak x (C r (v ah am ao ag e (aj d ao ao ap ay aa) am aw aa y ah (ar (b c am p e) ao x) ab n ak (s n (ad (ax ab z e ai au))) (s aa) ad g an ac ac z ae u u (af af g aa) (z y D h ai E ar) a c)) i m) aq (c l ak ay (F G r an (H aw p (c ab j) (k ao j p ac al I af J av c i k l) ag x (K v v L (M v u (ao j af (N ar) au) au)) o w ax ap O e an P d ai Q aq b at f R (p w ap S) e) v i at ar s k) T)
A (B ah ac al ai ak x (C r (a k ah al (au ao k (aj ag)) ag q ag av (aj d ao ao ap ay aa) am aw aa y ah (ar (b c am p e) ao x) ab n ak (s n (ad (ax ab z e ai au))) (s aa) ad g an ac ac z ae u u (af af g aa) (z y D h ai E ar) a c)) i m) aq (c l ak ay (F G r an (H aw p (c ab j) (k ao j p ac al I af J av c i k l) ag x (K v v L (M v u (ao j af (N ar) au) au)) o w ax ap O e an P d ai Q aq b at f R (p w ap S) e) v i at ar s k) T)
A (B ah ac al ai ak x (C r (m u q aw b ah q (m ai r aj al t ae) av (aj d ao ao ap ay aa) am aw aa y ah (ar (b c am p e) ao x) ab n ak (s n (ad (ax ab z e ai au))) (s aa) ad g an ac ac z ae u u (af af g aa) (z y D h ai E ar) a c)) i m) aq (c l ak ay (F G r an (H aw p (c ab j) (k ao j p ac al I af J av c i k l) ag x (K v v L (M v u (ao j af (N ar) au) au)) o w ax ap O e an P d ai Q aq b at f R (p w ap S) e) v i at ar s k) T)
A (B ah ac al ai ak x (C r (x (q z aw aj) r f k al ah q (m ai r aj al t ae) av (aj d ao ao ap ay aa) am aw aa y ah (ar (b c am p e) ao x) ab n ak (s n (ad (ax ab z e ai au))) (s aa) ad g an ac ac z ae u u (af af g aa) (z y D h ai E ar) a c)) i m) aq (c l ak ay (F G r an (H aw p (c ab j) (k ao j p ac al I af J av c i k l) ag x (K v v L (M v u (ao j af (N ar) au) au)) o w ax ap O e an P d ai Q aq b at f R (p w ap S) e) v i at ar s k) T)
A (B ah ac al ai ak x (C r (v ah r k ag e (aj d k k ap ay aa) r aw aa al ah q (m ai r aj al t ae) av (aj d ao ao ap ay aa) am aw aa y ah (ar (b c am p e) ao x) ab n ak (s n (ad (ax ab z e ai au))) (s aa) ad g an ac ac z ae u u (af af g aa) (z y D h ai E ar) a c)) i m) aq (c l ak ay (F G r an (H aw p (c ab j) (k ao j p ac al I af J av c i k l) ag x (K v v L (M v u (ao j af (N ar) au) au)) o w ax ap O e an P d ai Q aq b at f R (p w ap S) e) v i at ar s k) T)
A (B ah ac al ai ak x (C r (a k ah al (au k k (aj ag)) ag q ag av (aj d k k ap ay aa) r aw aa al ah q (m ai r aj al t ae) av (aj d ao ao ap ay aa) am aw aa y ah (ar (b c am p e) ao x) ab n ak (s n (ad (ax ab z e ai au))) (s aa) ad g an ac ac z ae u u (af af g aa) (z y D h ai E ar) a c)) i m) aq (c l ak ay (F G r an (H aw p (c ab j) (k ao j p ac al I af J av c i k l) ag x (K v v L (M v u (ao j af (N ar) au) au)) o w ax ap O e an P d ai Q aq b at f R (p w ap S) e) v i at ar s k) T)
A (B ah ac al ai ak x (C r (m u q aw b ah q (m ai r aj al t ae) av (aj d k k ap ay aa) r aw aa al ah q (m ai r aj al t ae) av (aj d ao ao ap ay aa) am aw aa y ah (ar (b c am p e) ao x) ab n ak (s n (ad (ax ab z e ai au))) (s aa) ad g an ac ac z ae u u (af af g aa) (z y D h ai E ar) a c)) i m) aq (c l ak ay (F G r an (H aw p (c ab j) (k ao j p ac al I af J av c i k l) ag x (K v v L (M v u (ao j af (N ar) au) au)) o w ax ap O e an P d ai Q aq b at f R (p w ap S) e) v i at ar s k) T)
A (B ah ac al ai ak x (C r (x (q z aw aj) r f k al ah q (m ai r aj al t ae) av (aj d k k ap ay aa) r aw aa al ah q (m ai r aj al t ae) av (aj d ao ao ap ay aa) am aw aa y ah (ar (b c am p e) ao x) ab n ak (s n (ad (ax ab z e ai au))) (s aa) ad g an ac ac z ae u u (af af g aa) (z y D h ai E ar) a c)) i m) aq (c l ak ay (F G r an (H aw p (c ab j) (k ao j p ac al I af J av c i k l) ag x (K v v L (M v u (ao j af (N ar) au) au)) o w ax ap O e an P d ai Q aq b at f R (p w ap S) e) v i at ar s k) T)
A (B ah ac al ai ak x (C r (v ah r k ag e (aj d k k ap ay aa) r aw aa al ah q (m ai r aj al t ae) av (aj d k k ap ay aa) r aw aa al ah q (m ai r aj al t ae) av (aj d ao ao ap ay aa) am aw aa y ah (ar (b c am p e) ao x) ab n ak (s n (ad (ax ab z e ai au))) (s aa) ad g an ac ac z ae u u (af af g aa) (z y D h ai E ar) a c)) i m) aq (c l ak ay (F G r an (H aw p (c ab j) (k ao j p ac al I af J av c i k l) ag x (K v v L (M v u (ao j af (N ar) au) au)) o w ax ap O e an P d ai Q aq b at f R (p w ap S) e) v i at ar s k) T)
A (B ah ac al ai ak x (C r (a k ah al (au k k (aj ag)) ag q ag av (aj d k k ap ay aa) r aw aa al ah q (m ai r aj al t ae) av (aj d k k ap ay aa) r aw aa al ah q (m ai r aj al t ae) av (aj d ao ao ap ay aa) am aw aa y ah (ar (b c am p e) ao x) ab n ak (s n (ad (ax ab z e ai au))) (s aa) ad g an ac ac z ae u u (af af g aa) (z y D h ai E ar) a c)) i m) aq (c l ak ay (F G r an (H aw p (c ab j) (k ao j p ac al I af J av c i k l) ag x (K v v L (M v u (ao j af (N ar) au) au)) o w ax ap O e an P d ai Q aq b at f R (p w ap S) e) v i at ar s k) T)
A (B ah ac al ai ak x (C r (m u q aw b ah q (m ai r aj al t ae) av (aj d k k ap ay aa) r aw aa al ah q (m ai r aj al t ae) av (aj d k k ap ay aa) r aw aa al ah q (m ai r aj al t ae) av (aj d ao ao ap ay aa) am aw aa y ah (ar (b c am p e) ao x) ab n ak (s n (ad (ax ab z e ai au))) (s aa) ad g an ac ac z ae u u (af af g aa) (z y D h ai E ar) a c)) i m) aq (c l ak ay (F G r an (H aw p (c ab j) (k ao j p ac al I af J av c i k l) ag x (K v v L (M v u (ao j af (N ar) au) au)) o w ax ap O e an P d ai Q aq b at f R (p w ap S) e) v i at ar s k) T)
A (B ah ac al ai ak x (C r (x (q z aw aj) r f k al ah q (m ai r aj al t ae) av (aj d k k ap ay aa) r aw aa al ah q (m ai r aj al t ae) av (aj d k k ap ay aa) r aw aa al ah q (m ai r aj al t ae) av (aj d ao ao ap ay aa) am aw aa y ah (ar (b c am p e) ao x) ab n ak (s n (ad (ax ab z e ai au))) (s aa) ad g an ac ac z ae u u (af af g aa) (z y D h ai E ar) a c)) i m) aq (c l ak ay (F G r an (H aw p (c ab j) (k ao j p ac al I af J av c i k l) ag x (K v v L (M v u (ao j af (N ar) au) au)) o w ax ap O e an P d ai Q aq b at f R (p w ap S) e) v i at ar s k) T)
A (B ah ac al ai ak x (C r (v ah r k ag e (aj d k k ap ay aa) r aw aa al ah q (m ai r aj al t ae) av (aj d k k ap ay aa) r aw aa al ah q (m ai r aj al t ae) av (aj d k k ap ay aa) r aw aa al ah q (m ai r aj al t ae) av (aj d ao ao ap ay aa) am aw aa y ah (ar (b c am p e) ao x) ab n ak (s n (ad (ax ab z e ai au))) (s aa) ad g an ac ac z ae u u (af af g aa) (z y D h ai E ar) a c)) i m) aq (c l ak ay (F G r an (H aw p (c ab j) (k ao j p ac al I af J av c i k l) ag x (K v v L (M v u (ao j af (N ar) au) au)) o w ax ap O e an P d ai Q aq b at f R (p w ap S) e) v i at ar s k) T)
A (B ah ac al ai ak x (C r (a k ah al (au k k (aj ag)) ag q ag av (aj d k k ap ay aa) r aw aa al ah q (m ai r aj al t ae) av (aj d k k ap ay aa) r aw aa al ah q (m ai r aj al t ae) av (aj d k k ap ay aa) r aw aa al ah q (m ai r aj al t ae) av (aj d ao ao ap ay aa) am aw aa y ah (ar (b c am p e) ao x) ab n ak (s n (ad (ax ab z e ai au))) (s aa) ad g an ac ac z ae u u (af af g aa) (z y D h ai E ar) a c)) i m) aq (c l ak ay (F G r an (H aw p (c ab j) (k ao j p ac al I af J av c i k l) ag x (K v v L (M v u (ao j af (N ar) au) au)) o w ax ap O e an P d ai Q aq b at f R (p w ap S) e) v i at ar s k) T)
A (B ah ac al ai ak x (C r (m u q aw b ah q (m ai r aj al t ae) av (aj d k k ap ay aa) r aw aa al ah q (m ai r aj al t ae) av (aj d k k ap ay aa) r aw aa al ah q (m ai r aj al t ae) av (aj d k k ap ay aa) r aw aa al ah q (m ai r aj al t ae) av (aj d ao ao ap ay aa) am aw aa y ah (ar (b c am p e) ao x) ab n ak (s n (ad (ax ab z e ai au))) (s aa) ad g an ac ac z ae u u (af af g aa) (z y D h ai E ar) a c)) i m) aq (c l ak ay (F G r an (H aw p (c ab j) (k ao j p ac al I af J av c i k l) ag x (K v v L (M v u (ao j af (N ar) au) au)) o w ax ap O e an P d ai Q aq b at f R (p w ap S) e) v i at ar s k) T)


