a bc az bb ba = g (b ay ax (l z q) p g bb ab)
b bb ba bf bg be bd bc az = s ba ai (ak d) aj aq (ag bg (bd av ba))
c az be ba bd bc bf bb bg = n x u h (ac bb) x z (z f) ay ay ah
d bb az bc ba bd = ak (au av z ak l y (k i s m h m au))
e bf be bb az bg ba bd bc = af (ag ap n) (g ar w s aq)
f az bc bd be bb ba = l az z az ao (ag x (aw h ab r az p))
g bb az bc ba = bc ai ar ap x v s au ao (m k c bb) bc aw
h ba az bb = az aj bb at f u
i bb bc be bd bf az ba = ad c au
j bb bc ba bd az = bb o g at (bc bd g) i ba av ai (l (ay ah ai at))
k bc ba bb az = ah w bc f ay (bb ad) ad h bb (az d ab s aq)
l bc bb az ba = at au at (ab j) r (v ag) (aj u q)
m ba bd az bc bb = c ao y (n am) (av ac) ap av ae
n bd ba bb bc be az bf bg = av d ak (be (b (ag aw ae bb al) af) m d t l bd)
o be bb ba az bd bc = ab (ag ay) ac ak j w ao aj (k (e be bb g y ai))
p be ba bb az bf bc bd = am be at (af q t)
q az ba = f ak (j (y aa (k t o (az (ag z) ba aw ae v a))))
r ba az = a au (ap ae (aq aw at ap ba) ap x)
s az bd bc bb ba = a q aj w (ai az ac d) o ai (ae n x av an)
t bc be bb ba bd az = s n g ac ab aq bb ad be (at u q) ad ah
u be bb bd bf bc ba az = ai ao t (ak ba bf v bb k bd w ac aj be)
v az = af aq (al o y (aa am i m))
w bd bb ba az bc = ai b ag v (bc az bc f b bc)
x ba bb az bc = y d (ad bb w aa (av an r) ak f)
y az bg bb ba bd be bf bc = ai ba bd aw x c ax ay i q a at b ac ah aj
z be bd bc ba az bb = ay ac e (ag az) i s (m ar ai) ag
aa bc bd bf ba be bb az = aq ag bf l r (ba (ay aw) bf ai at ar) ay ba m
ab ba bg bd bb az bf be bc = ay l aw ao aa an b al ap av ak s ak o ac bb
ac bb ba bd az be bc = ad aj q g az s be aw au ad an h
ad bf bc bb ba az be bd = x b i ay v ae r v bf t x aj t
ae az = x p o d s i u at ao (u l am aw)
af bc bg bb ba be bf az bd = m u a az i aj i z aq u t bg (az bc)
ag ba bf az bd bb bc be bg = ak w f n au az ac f w bd l (bd (ar ah d j))
ah bb ba bc az = l aa ao ai y ap (g bb)
ai az ba = u n l al r j ak
aj be bc ba bd az bb = af ah (u (s (n y) al (an au av) ai l))
ak ba az bb = l c l aa ay s q ad t e ag
al az ba = ba (r c) ax av ag ae az ab az (af t (ai ba) an t)
am bd be bc bb az ba bf = af s g c az aa ba ag bc (i m bf o ao) ai
an ba bd bg az bb bc be bf = g (n q aj l r) ah d f al l aw (ak x a)
ao ba bb az be bd bc bf bg = e (ag (aq am (e ay b) v an g) bc ax au)
ap bb ba bf bd bc az be bg = j bb aj v bc au (j h) (i (z v bd o ak) n)
aq bc bd bf ba be az bb = k e ap v j z ag p bc ao ac aw i be bc
ar bb ba az = o ay (k aj ad) t c
at az bb bc bd ba = ak bb ba g (ba v ag) s ad m ap ax au (aj d)
au az bd be bc bb ba = e p at ap ar al aj g (al bb)
av bf bc bd bb be ba az = ax ab af ae f au e ac ak
aw be bd az bb ba bc = be au ar bb
ax az bc be bb ba bd = aq av av (bd ai ba)
ay be bd az bb ba bc = b f (z bc) w ad h m (ab (be ac (ad ax an aw az)))
main = q (A B (u e) C ah g (D ap) s) h (E k F g l) f af x G H m (I J (b g f (K (v (L f q q ac ah f (M aa c ak (N (av aw i v O x ah g (o d aq l ak k ax al ax) am) ai (p y) aj ac P Q ac u (R (aq m) g (S z aq o w ab) l d ao af) n) (h l (a T (U n h) g h)) g r w ak ao f)) an))))
------------------------------------------------------------
q (A B (u e) C ah g (D ap) s) h (E k F g l) f af x G H m (I J (b g f (K (v (L f q q ac ah f (M aa c ak (N (av aw i v O x ah g (o d aq l ak k ax al ax) am) ai (p y) aj ac P Q ac u (R (aq m) g (S z aq o w ab) l d ao af) n) (h l (a T (U n h) g h)) g r w ak ao f)) an))))
f ak (j (y aa (k t o (A B (u e) C ah g (D ap) s (ag z) h aw ae v a)))) (E k F g l) f af x G H m (I J (b g f (K (v (L f q q ac ah f (M aa c ak (N (av aw i v O x ah g (o d aq l ak k ax al ax) am) ai (p y) aj ac P Q ac u (R (aq m) g (S z aq o w ab) l d ao af) n) (h l (a T (U n h) g h)) g r w ak ao f)) an))))
l ak z ak ao (ag x (aw h ab r ak p)) G H m (I J (b g f (K (v (L f q q ac ah f (M aa c ak (N (av aw i v O x ah g (o d aq l ak k ax al ax) am) ai (p y) aj ac P Q ac u (R (aq m) g (S z aq o w ab) l d ao af) n) (h l (a T (U n h) g h)) g r w ak ao f)) an))))
at au at (ab j) r (v ag) (aj u q) (ag x (aw h ab r ak p)) G H m (I J (b g f (K (v (L f q q ac ah f (M aa c ak (N (av aw i v O x ah g (o d aq l ak k ax al ax) am) ai (p y) aj ac P Q ac u (R (aq m) g (S z aq o w ab) l d ao af) n) (h l (a T (U n h) g h)) g r w ak ao f)) an))))
ak at (v ag) g (v ag v ag) s ad m ap ax au (aj d) (aj u q) (ag x (aw h ab r ak p)) G H m (I J (b g f (K (v (L f q q ac ah f (M aa c ak (N (av aw i v O x ah g (o d aq l ak k ax al ax) am) ai (p y) aj ac P Q ac u (R (aq m) g (S z aq o w ab) l d ao af) n) (h l (a T (U n h) g h)) g r w ak ao f)) an))))
l c l aa ay s q ad t e ag (v ag v ag) s ad m ap ax au (aj d) (aj u q) (ag x (aw h ab r ak p)) G H m (I J (b g f (K (v (L f q q ac ah f (M aa c ak (N (av aw i v O x ah g (o d aq l ak k ax al ax) am) ai (p y) aj ac P Q ac u (R (aq m) g (S z aq o w ab) l d ao af) n) (h l (a T (U n h) g h)) g r w ak ao f)) an))))
at au at (ab j) r (v ag) (aj u q) s q ad t e ag (v ag v ag) s ad m ap ax au (aj d) (aj u q) (ag x (aw h ab r ak p)) G H m (I J (b g f (K (v (L f q q ac ah f (M aa c ak (N (av aw i v O x ah g (o d aq l ak k ax al ax) am) ai (p y) aj ac P Q ac u (R (aq m) g (S z aq o w ab) l d ao af) n) (h l (a T (U n h) g h)) g r w ak ao f)) an))))
ak at (v ag) g (v ag v ag) s ad m ap ax au (aj d) (aj u q) s q ad t e ag (v ag v ag) s ad m ap ax au (aj d) (aj u q) (ag x (aw h ab r ak p)) G H m (I J (b g f (K (v (L f q q ac ah f (M aa c ak (N (av aw i v O x ah g (o d aq l ak k ax al ax) am) ai (p y) aj ac P Q ac u (R (aq m) g (S z aq o w ab) l d ao af) n) (h l (a T (U n h) g h)) g r w ak ao f)) an))))
l c l aa ay s q ad t e ag (v ag v ag) s ad m ap ax au (aj d) (aj u q) s q ad t e ag (v ag v ag) s ad m ap ax au (aj d) (aj u q) (ag x (aw h ab r ak p)) G H m (I J (b g f (K (v (L f q q ac ah f (M aa c ak (N (av aw i v O x ah g (o d aq l ak k ax al ax) am) ai (p y) aj ac P Q ac u (R (aq m) g (S z aq o w ab) l d ao af) n) (h l (a T (U n h) g h)) g r w ak ao f)) an))))
at au at (ab j) r (v ag) (aj u q) s q ad t e ag (v ag v ag) s ad m ap ax au (aj d) (aj u q) s q ad t e ag (v ag v ag) s ad m ap ax au (aj d) (aj u q) (ag x (aw h ab r ak p)) G H m (I J (b g f (K (v (L f q q ac ah f (M aa c ak (N (av aw i v O x ah g (o d aq l ak k ax al ax) am) ai (p y) aj ac P Q ac u (R (aq m) g (S z aq o w ab) l d ao af) n) (h l (a T (U n h) g h)) g r w ak ao f)) an))))
ak at (v ag) g (v ag v ag) s ad m ap ax au (aj d) (aj u q) s q ad t e ag (v ag v ag) s ad m ap ax au (aj d) (aj u q) s q ad t e ag (v ag v ag) s ad m ap ax au (aj d) (aj u q) (ag x (aw h ab r ak p)) G H m (I J (b g f (K (v (L f q q ac ah f (M aa c ak (N (av aw i v O x ah g (o d aq l ak k ax al ax) am) ai (p y) aj ac P Q ac u (R (aq m) g (S z aq o w ab) l d ao af) n) (h l (a T (U n h) g h)) g r w ak ao f)) an))))
l c l aa ay s q ad t e ag (v ag v ag) s ad m ap ax au (aj d) (aj u q) s q ad t e ag (v ag v ag) s ad m ap ax au (aj d) (aj u q) s q ad t e ag (v ag v ag) s ad m ap ax au (aj d) (aj u q) (ag x (aw h ab r ak p)) G H m (I J (b g f (K (v (L f q q ac ah f (M aa c ak (N (av aw i v O x ah g (o d aq l ak k ax al ax) am) ai (p y) aj ac P Q ac u (R (aq m) g (S z aq o w ab) l d ao af) n) (h l (a T (U n h) g h)) g r w ak ao f)) an))))
at au at (ab j) r (v ag) (aj u q) s q ad t e ag (v ag v ag) s ad m ap ax au (aj d) (aj u q) s q ad t e ag (v ag v ag) s ad m ap ax au (aj d) (aj u q) s q ad t e ag (v ag v ag) s ad m ap ax au (aj d) (aj u q) (ag x (aw h ab r ak p)) G H m (I J (b g f (K (v (L f q q ac ah f (M aa c ak (N (av aw i v O x ah g (o d aq l ak k ax al ax) am) ai (p y) aj ac P Q ac u (R (aq m) g (S z aq o w ab) l d ao af) n) (h l (a T (U n h) g h)) g r w ak ao f)) an))))
ak at (v ag) g (v ag v ag) s ad m ap ax au (aj d) (aj u q) s q ad t e ag (v ag v ag) s ad m ap ax au (aj d) (aj u q) s q ad t e ag (v ag v ag) s ad m ap ax au (aj d) (aj u q) s q ad t e ag (v ag v ag) s ad m ap ax au (aj d) (aj u q) (ag x (aw h ab r ak p)) G H m (I J (b g f (K (v (L f q q ac ah f (M aa c ak (N (av aw i v O x ah g (o d aq l ak k ax al ax) am) ai (p y) aj ac P Q ac u (R (aq m) g (S z aq o w ab) l d ao af) n) (h l (a T (U n h) g h)) g r w ak ao f)) an))))
l c l aa ay s q ad t e ag (v ag v ag) s ad m ap ax au (aj d) (aj u q) s q ad t e ag (v ag v ag) s ad m ap ax au (aj d) (aj u q) s q ad t e ag (v ag v ag) s ad m ap ax au (aj d) (aj u q) s q ad t e ag (v ag v ag) s ad m ap ax au (aj d) (aj u q) (ag x (aw h ab r ak p)) G H m (I J (b g f (K (v (L f q q ac ah f (M aa c ak (N (av aw i v O x ah g (o d aq l ak k ax al ax) am) ai (p y) aj ac P Q ac u (R (aq m) g (S z aq o w ab) l d ao af) n) (h l (a T (U n h) g h)) g r w ak ao f)) an))))
at au at (ab j) r (v ag) (aj u q) s q ad t e ag (v ag v ag) s ad m ap ax au (aj d) (aj u q) s q ad t e ag (v ag v ag) s ad m ap ax au (aj d) (aj u q) s q ad t e ag (v ag v ag) s ad m ap ax au (aj d) (aj u q) s q ad t e ag (v ag v ag) s ad m ap ax au (aj d) (aj u q) (ag x (aw h ab r ak p)) G H m (I J (b g f (K (v (L f q q ac ah f (M aa c ak (N (av aw i v O x ah g (o d aq l ak k ax al ax) am) ai (p y) aj ac P Q ac u (R (aq m) g (S z aq o w ab) l d ao af) n) (h l (a T (U n h) g h)) g r w ak ao f)) an))))
ak at (v ag) g (v ag v ag) s ad m ap ax au (aj d) (aj u q) s q ad t e ag (v ag v ag) s ad m ap ax au (aj d) (aj u q) s q ad t e ag (v ag v ag) s ad m ap ax au (aj d) (aj u q) s q ad t e ag (v ag v ag) s ad m ap ax au (aj d) (aj u q) s q ad t e ag (v ag v ag) s ad m ap ax au (aj d) (aj u q) (ag x (aw h ab r ak p)) G H m (I J (b g f (K (v (L f q q ac ah f (M aa c ak (N (av aw i v O x ah g (o d aq l ak k ax al ax) am) ai (p y) aj ac P Q ac u (R (aq m) g (S z aq o w ab) l d ao af) n) (h l (a T (U n h) g h)) g r w ak ao f)) an))))
l c l aa ay s q ad t e ag (v ag v ag) s ad m ap ax au (aj d) (aj u q) s q ad t e ag (v ag v ag) s ad m ap ax au (aj d) (aj u q) s q ad t e ag (v ag v ag) s ad m ap ax au (aj d) (aj u q) s q ad t e ag (v ag v ag) s ad m ap ax au (aj d) (aj u q) s q ad t e ag (v ag v ag) s ad m ap ax au (aj d) (aj u q) (ag x (aw h ab r ak p)) G H m (I J (b g f (K (v (L f q q ac ah f (M aa c ak (N (av aw i v O x ah g (o d aq l ak k ax al ax) am) ai (p y) aj ac P Q ac u (R (aq m) g (S z aq o w ab) l d ao af) n) (h l (a T (U n h) g h)) g r w ak ao f)) an))))
at au at (ab j) r (v ag) (aj u q) s q ad t e ag (v ag v ag) s ad m ap ax au (aj d) (aj u q) s q ad t e ag (v ag v ag) s ad m ap ax au (aj d) (aj u q) s q ad t e ag (v ag v ag) s ad m ap ax au (aj d) (aj u q) s q ad t e ag (v ag v ag) s ad m ap ax au (aj d) (aj u q) s q ad t e ag (v ag v ag) s ad m ap ax au (aj d) (aj u q) (ag x (aw h ab r ak p)) G H m (I J (b g f (K (v (L f q q ac ah f (M aa c ak (N (av aw i v O x ah g (o d aq l ak k ax al ax) am) ai (p y) aj ac P Q ac u (R (aq m) g (S z aq o w ab) l d ao af) n) (h l (a T (U n h) g h)) g r w ak ao f)) an))))
ak at (v ag) g (v ag v ag) s ad m ap ax au (aj d) (aj u q) s q ad t e ag (v ag v ag) s ad m ap ax au (aj d) (aj u q) s q ad t e ag (v ag v ag) s ad m ap ax au (aj d) (aj u q) s q ad t e ag (v ag v ag) s ad m ap ax au (aj d) (aj u q) s q ad t e ag (v ag v ag) s ad m ap ax au (aj d) (aj u q) s q ad t e ag (v ag v ag) s ad m ap ax au (aj d) (aj u q) (ag x (aw h ab r ak p)) G H m (I J (b g f (K (v (L f q q ac ah f (M aa c ak (N (av aw i v O x ah g (o d aq l ak k ax al ax) am) ai (p y) aj ac P Q ac u (R (aq m) g (S z aq o w ab) l d ao af) n) (h l (a T (U n h) g h)) g r w ak ao f)) an))))
l c l aa ay s q ad t e ag (v ag v ag) s ad m ap ax au (aj d) (aj u q) s q ad t e ag (v ag v ag) s ad m ap ax au (aj d) (aj u q) s q ad t e ag (v ag v ag) s ad m ap ax au (aj d) (aj u q) s q ad t e ag (v ag v ag) s ad m ap ax au (aj d) (aj u q) s q ad t e ag (v ag v ag) s ad m ap ax au (aj d) (aj u q) s q ad t e ag (v ag v ag) s ad m ap ax au (aj d) (aj u q) (ag x (aw h ab r ak p)) G H m (I J (b g f (K (v (L f q q ac ah f (M aa c ak (N (av aw i v O x ah g (o d aq l ak k ax al ax) am) ai (p y) aj ac P Q ac u (R (aq m) g (S z aq o w ab) l d ao af) n) (h l (a T (U n h) g h)) g r w ak ao f)) an))))
at au at (ab j) r (v ag) (aj u q) s q ad t e ag (v ag v ag) s ad m ap ax au (aj d) (aj u q) s q ad t e ag (v ag v ag) s ad m ap ax au (aj d) (aj u q) s q ad t e ag (v ag v ag) s ad m ap ax au (aj d) (aj u q) s q ad t e ag (v ag v ag) s ad m ap ax au (aj d) (aj u q) s q ad t e ag (v ag v ag) s ad m ap ax au (aj d) (aj u q) s q ad t e ag (v ag v ag) s ad m ap ax au (aj d) (aj u q) (ag x (aw h ab r ak p)) G H m (I J (b g f (K (v (L f q q ac ah f (M aa c ak (N (av aw i v O x ah g (o d aq l ak k ax al ax) am) ai (p y) aj ac P Q ac u (R (aq m) g (S z aq o w ab) l d ao af) n) (h l (a T (U n h) g h)) g r w ak ao f)) an))))
ak at (v ag) g (v ag v ag) s ad m ap ax au (aj d) (aj u q) s q ad t e ag (v ag v ag) s ad m ap ax au (aj d) (aj u q) s q ad t e ag (v ag v ag) s ad m ap ax au (aj d) (aj u q) s q ad t e ag (v ag v ag) s ad m ap ax au (aj d) (aj u q) s q ad t e ag (v ag v ag) s ad m ap ax au (aj d) (aj u q) s q ad t e ag (v ag v ag) s ad m ap ax au (aj d) (aj u q) s q ad t e ag (v ag v ag) s ad m ap ax au (aj d) (aj u q) (ag x (aw h ab r ak p)) G H m (I J (b g f (K (v (L f q q ac ah f (M aa c ak (N (av aw i v O x ah g (o d aq l ak k ax al ax) am) ai (p y) aj ac P Q ac u (R (aq m) g (S z aq o w ab) l d ao af) n) (h l (a T (U n h) g h)) g r w ak ao f)) an))))
l c l aa ay s q ad t e ag (v ag v ag) s ad m ap ax au (aj d) (aj u q) s q ad t e ag (v ag v ag) s ad m ap ax au (aj d) (aj u q) s q ad t e ag (v ag v ag) s ad m ap ax au (aj d) (aj u q) s q ad t e ag (v ag v ag) s ad m ap ax au (aj d) (aj u q) s q ad t e ag (v ag v ag) s ad m ap ax au (aj d) (aj u q) s q ad t e ag (v ag v ag) s ad m ap ax au (aj d) (aj u q) s q ad t e ag (v ag v ag) s ad m ap ax au (aj d) (aj u q) (ag x (aw h ab r ak p)) G H m (I J (b g f (K (v (L f q q ac ah f (M aa c ak (N (av aw i v O x ah g (o d aq l ak k ax al ax) am) ai (p y) aj ac P Q ac u (R (aq m) g (S z aq o w ab) l d ao af) n) (h l (a T (U n h) g h)) g r w ak ao f)) an))))
at au at (ab j) r (v ag) (aj u q) s q ad t e ag (v ag v ag) s ad m ap ax au (aj d) (aj u q) s q ad t e ag (v ag v ag) s ad m ap ax au (aj d) (aj u q) s q ad t e ag (v ag v ag) s ad m ap ax au (aj d) (aj u q) s q ad t e ag (v ag v ag) s ad m ap ax au (aj d) (aj u q) s q ad t e ag (v ag v ag) s ad m ap ax au (aj d) (aj u q) s q ad t e ag (v ag v ag) s ad m ap ax au (aj d) (aj u q) s q ad t e ag (v ag v ag) s ad m ap ax au (aj d) (aj u q) (ag x (aw h ab r ak p)) G H m (I J (b g f (K (v (L f q q ac ah f (M aa c ak (N (av aw i v O x ah g (o d aq l ak k ax al ax) am) ai (p y) aj ac P Q ac u (R (aq m) g (S z aq o w ab) l d ao af) n) (h l (a T (U n h) g h)) g r w ak ao f)) an))))
ak at (v ag) g (v ag v ag) s ad m ap ax au (aj d) (aj u q) s q ad t e ag (v ag v ag) s ad m ap ax au (aj d) (aj u q) s q ad t e ag (v ag v ag) s ad m ap ax au (aj d) (aj u q) s q ad t e ag (v ag v ag) s ad m ap ax au (aj d) (aj u q) s q ad t e ag (v ag v ag) s ad m ap ax au (aj d) (aj u q) s q ad t e ag (v ag v ag) s ad m ap ax au (aj d) (aj u q) s q ad t e ag (v ag v ag) s ad m ap ax au (aj d) (aj u q) s q ad t e ag (v ag v ag) s ad m ap ax au (aj d) (aj u q) (ag x (aw h ab r ak p)) G H m (I J (b g f (K (v (L f q q ac ah f (M aa c ak (N (av aw i v O x ah g (o d aq l ak k ax al ax) am) ai (p y) aj ac P Q ac u (R (aq m) g (S z aq o w ab) l d ao af) n) (h l (a T (U n h) g h)) g r w ak ao f)) an))))
l c l aa ay s q ad t e ag (v ag v ag) s ad m ap ax au (aj d) (aj u q) s q ad t e ag (v ag v ag) s ad m ap ax au (aj d) (aj u q) s q ad t e ag (v ag v ag) s ad m ap ax au (aj d) (aj u q) s q ad t e ag (v ag v ag) s ad m ap ax au (aj d) (aj u q) s q ad t e ag (v ag v ag) s ad m ap ax au (aj d) (aj u q) s q ad t e ag (v ag v ag) s ad m ap ax au (aj d) (aj u q) s q ad t e ag (v ag v ag) s ad m ap ax au (aj d) (aj u q) s q ad t e ag (v ag v ag) s ad m ap ax au (aj d) (aj u q) (ag x (aw h ab r ak p)) G H m (I J (b g f (K (v (L f q q ac ah f (M aa c ak (N (av aw i v O x ah g (o d aq l ak k ax al ax) am) ai (p y) aj ac P Q ac u (R (aq m) g (S z aq o w ab) l d ao af) n) (h l (a T (U n h) g h)) g r w ak ao f)) an))))
at au at (ab j) r (v ag) (aj u q) s q ad t e ag (v ag v ag) s ad m ap ax au (aj d) (aj u q) s q ad t e ag (v ag v ag) s ad m ap ax au (aj d) (aj u q) s q ad t e ag (v ag v ag) s ad m ap ax au (aj d) (aj u q) s q ad t e ag (v ag v ag) s ad m ap ax au (aj d) (aj u q) s q ad t e ag (v ag v ag) s ad m ap ax au (aj d) (aj u q) s q ad t e ag (v ag v ag) s ad m ap ax au (aj d) (aj u q) s q ad t e ag (v ag v ag) s ad m ap ax au (aj d) (aj u q) s q ad t e ag (v ag v ag) s ad m ap ax au (aj d) (aj u q) (ag x (aw h ab r ak p)) G H m (I J (b g f (K (v (L f q q ac ah f (M aa c ak (N (av aw i v O x ah g (o d aq l ak k ax al ax) am) ai (p y) aj ac P Q ac u (R (aq m) g (S z aq o w ab) l d ao af) n) (h l (a T (U n h) g h)) g r w ak ao f)) an))))
ak at (v ag) g (v ag v ag) s ad m ap ax au (aj d) (aj u q) s q ad t e ag (v ag v ag) s ad m ap ax au (aj d) (aj u q) s q ad t e ag (v ag v ag) s ad m ap ax au (aj d) (aj u q) s q ad t e ag (v ag v ag) s ad m ap ax au (aj d) (aj u q) s q ad t e ag (v ag v ag) s ad m ap ax au (aj d) (aj u q) s q ad t e ag (v ag v ag) s ad m ap ax au (aj d) (aj u q) s q ad t e ag (v ag v ag) s ad m ap ax au (aj d) (aj u q) s q ad t e ag (v ag v ag) s ad m ap ax au (aj d) (aj u q) s q ad t e ag (v ag v ag) s ad m ap ax au (aj d) (aj u q) (ag x (aw h ab r ak p)) G H m (I J (b g f (K (v (L f q q ac ah f (M aa c ak (N (av aw i v O x ah g (o d aq l ak k ax al ax) am) ai (p y) aj ac P Q ac u (R (aq m) g (S z aq o w ab) l d ao af) n) (h l (a T (U n h) g h)) g r w ak ao f)) an))))
l c l aa ay s q ad t e ag (v ag v ag) s ad m ap ax au (aj d) (aj u q) s q ad t e ag (v ag v ag) s ad m ap ax au (aj d) (aj u q) s q ad t e ag (v ag v ag) s ad m ap ax au (aj d) (aj u q) s q ad t e ag (v ag v ag) s ad m ap ax au (aj d) (aj u q) s q ad t e ag (v ag v ag) s ad m ap ax au (aj d) (aj u q) s q ad t e ag (v ag v ag) s ad m ap ax au (aj d) (aj u q) s q ad t e ag (v ag v ag) s ad m ap ax au (aj d) (aj u q) s q ad t e ag (v ag v ag) s ad m ap ax au (aj d) (aj u q) s q ad t e ag (v ag v ag) s ad m ap ax au (aj d) (aj u q) (ag x (aw h ab r ak p)) G H m (I J (b g f (K (v (L f q q ac ah f (M aa c ak (N (av aw i v O x ah g (o d aq l ak k ax al ax) am) ai (p y) aj ac P Q ac u (R (aq m) g (S z aq o w ab) l d ao af) n) (h l (a T (U n h) g h)) g r w ak ao f)) an))))


