a az bd bb bc ba aw g b (ak ae ae)
b ba bb az bb (al (n at j t) (ba (ao aq ai ac)) az ah av e)
c bf bb az be bd bc ba ab (bb r (ar ak u s (az z k ad) az bd) az at a)
d az ba ba s h ai ao
e bd az bf be bc ba bb aj k au (b u) be bc (aj ai) p n ac bc k
f be bg az bb bd bf bc ba aa ax d ar b z bb y bf h al ba be e
g az bb bc ba au (aa bc) av bc bb ap (j y q)
h bd bf be az bc bb ba v m af j u an j u g (al j ba) z e k
i bc bd az bb ba r (h bc (aa n bb bc) aw) (z (az ad)) au z
j bb bd ba az bc ay ar ab an (ay s an bd az av ak ai)
k bf bc az bd ba be bb s aj am ba w az j be (r bc) aq (am z ai) b
l bb ba az a bb am g ak i ax c v am c
m bb az bc ba l bc w ax ac at l am
n az ba bb bc ad t t k ba r az (p u ag)
o az bc bf ba bd be bb ba bd ap ag av aw y l k ad ai ao
p bf az bd ba be bb bc bg ar (bb ay g (i t aq) c az t k)
q az ba bb ba at (bb (ag ac n ba ay)) ay k ba (h p) az az
r ba bb bd be az bc aj w aq aa am ag (ba af (be ay aj) z) z
s ba bg be az bf bd bc bb ba (ba (g (u aq (ai (a af p ay b x ab a)) ax) bc))
t bc az be ba bb bd h q q at ad (bd (av (u l ak w)) av)
u bb az ba az (ba bb (ab x t w (az ai bb g r ar ak ab az)))
v az bd bc ba bb be bd (c k p y z) at y bd i (be aj be ar w)
w az ba bb ba aa aa aj (t ba az (x m m))
x bb ba bc az s bb j ay a (aw p ac ao (bb ae)) n
y bd bc ba bb be az ag av c ak (ad s be am (ad ao (j u) al) be)
z ba bb bc bd az l q e ba bb aj v ac
aa be ba bb bd bc az bf c v aj y x w ae ar ba l ao ak d al z ar
ab bd bb bf az bc be ba ad (ac j s ae t u g j t ap)
ac be bd bc bb ba az aa (s (ah (r (ar g) at o aw bc am j al)))
ad az bb bd ba bc aa (u j u) (z p)
ae ba bc bd bf az bg be bb j i p (u az ac bc ba l (e (ad z) u n) bb j)
af bc ba az bb y aw f f c z l ak ah av (aj m)
ag ba bb az ah ba g ba d at (ap am (a c ay ad k ae))
ah bd bc be az ba bf bb bg w ao b ax l e ag t (p ac)
ai az e az az l ax aa ah (b ag) az (ad ap av r)
aj az bb be bd bc ba r z e h n
ak ba bc bb az bd bb (f bd m (aq l v w) (t x av t))
al az ba ag ak a ba (aa ba am (g ab c ag aw av))
am be ba bc bf bd az bb ap (ag (ai z aa o y) ad v) aq i ak al av
an bb bg bf az ba be bc bd z (q aw) b ax ax ad be am bd
ao bb bd bc ba az e ag ah al w bd x p l aa b
ap az ba bb ah ae g ah af (u am) b v bb at (ba q ai bb p)
aq az bb ba f b ad ao ao (f ae ba) az c
ar az bb ba bc af ac y bb n bb
at az bf bc be bd bb ba s al bc bc t (bd (z o (bd b ad ak k)))
au ba bb az bb z ay h ah ap m h ba e s
av ba az k (ak ba (aa an (u (p k ba al ax az ae))))
aw be ba bf bd bc az bb bb ai (al au o av bc i)
ax az bf bc ba bd bb be bg s g j bg be aq h
ay bd ba bc az bb z ax j h (c aw)
main A B x ap l i aq a (C b o ah) D av w E ap ae F G av q (h ad) al aj (H ac ah (au m) s h) I J K j L M ad ad q ab N O ad aj at (o P Q at R (S (ad ax (T af U V af aa h) y (ac v (W q ay d ar f at ad e am w ag ay) e ae ar) ae d af af (w (d (h m f ad u al) ae) X al g) ae ac)))
------------------------------------------------------------
A B x ap l i aq a (C b o ah) D av w E ap ae F G av q (h ad) al aj (H ac ah (au m) s h) I J K j L M ad ad q ab N O ad aj at (o P Q at R (S (ad ax (T af U V af aa h) y (ac v (W q ay d ar f at ad e am w ag ay) e ae ar) ae d af af (w (d (h m f ad u al) ae) X al g) ae ac)))
A B x ap l i aq a (C b o ah) D av w E ap ae F G av q (h ad) al aj (H ac ah (au m) s h) I J K j L M ad ad q ab N O ad aj at (o P Q at R (S (aa (u j u) (z p) d af af (w (d (h m f ad u al) ae) X al g) ae ac)))
A B x ap l i aq a (C b o ah) D av w E ap ae F G av q (h ad) al aj (H ac ah (au m) s h) I J K j L M ad ad q ab N O ad aj at (o P Q at R (S (c v aj y x w ae ar (z p) l ao ak d al z ar ac)))
A B x ap l i aq a (C b o ah) D av w E ap ae F G av q (h ad) al aj (H ac ah (au m) s h) I J K j L M ad ad q ab N O ad aj at (o P Q at R (S (ab (aj r (ar ak u s (y z k ad) y w) y at a) (z p) l ao ak d al z ar ac)))
A B x ap l i aq a (C b o ah) D av w E ap ae F G av q (h ad) al aj (H ac ah (au m) s h) I J K j L M ad ad q ab N O ad aj at (o P Q at R (S (ad (ac j s ae t u g j t ap) z ar ac)))
A B x ap l i aq a (C b o ah) D av w E ap ae F G av q (h ad) al aj (H ac ah (au m) s h) I J K j L M ad ad q ab N O ad aj at (o P Q at R (S (ad (aa (s (ah (r (ar g) at o aw ae am j al))) j t ap) z ar ac)))
A B x ap l i aq a (C b o ah) D av w E ap ae F G av q (h ad) al aj (H ac ah (au m) s h) I J K j L M ad ad q ab N O ad aj at (o P Q at R (S (ad (aa (s (ah (aj w aq aa am ag (ar g af (aw ay aj) z) z j al))) j t ap) z ar ac)))
A B x ap l i aq a (C b o ah) D av w E ap ae F G av q (h ad) al aj (H ac ah (au m) s h) I J K j L M ad ad q ab N O ad aj at (o P Q at R (S (ad (aa (s (ah (r z e h n z j al))) j t ap) z ar ac)))
A B x ap l i aq a (C b o ah) D av w E ap ae F G av q (h ad) al aj (H ac ah (au m) s h) I J K j L M ad ad q ab N O ad aj at (o P Q at R (S (ad (aa (s (ah (aj w aq aa am ag (z af (n ay aj) z) z al))) j t ap) z ar ac)))
A B x ap l i aq a (C b o ah) D av w E ap ae F G av q (h ad) al aj (H ac ah (au m) s h) I J K j L M ad ad q ab N O ad aj at (o P Q at R (S (ad (aa (s (ah (r z e h n z al))) j t ap) z ar ac)))
A B x ap l i aq a (C b o ah) D av w E ap ae F G av q (h ad) al aj (H ac ah (au m) s h) I J K j L M ad ad q ab N O ad aj at (o P Q at R (S (ad (aa (s (ah (aj w aq aa am ag (z af (n ay aj) z) z))) j t ap) z ar ac)))
A B x ap l i aq a (C b o ah) D av w E ap ae F G av q (h ad) al aj (H ac ah (au m) s h) I J K j L M ad ad q ab N O ad aj at (o P Q at R (S (ad (aa (s (ah (r z e h n z))) j t ap) z ar ac)))


