a bb az ba = az e x az h az ao an u c ah
b be bf ba bd bc az bg bb = w at ad d s (n g (x q ax ak am))
c bb bc az ba = e (aa d (ap k az) am ae s u p) h x av y
d ba bb bc az = y u k q aq ba ad (bc bc y ay g)
e bb bd az be bc bf ba = d ao (f (az ag (av ba) h b b be ak q))
f ba az = ao j (ap (aw (at az g ap l) ap af))
g bd bc bb az be ba = r bc w (ap (v f bd p am p b a h))
h az bc ba bb = ar n f u az ae (b al ay ao (b g ak) ae)
i ba bc bb az bd = k ah z (bd (n aq b at) c g)
j bc bb az ba bd be = ap af az u e ad y ad ap y i an
k bf bb ba be bc bd bg az = ba (be ar a at (be az d v at q ba v bb y n))
l az ba = p i aa a ap
m az bb ba bd be bf bc = l b j au bd bc p h ar ay ae ae
n bd bc bg bb az bf ba be = af a (ao z (i v i au ba)) q aa
o bf bd ba az bb be bc = ag ag j bb i ab r ar av i ae bf e be
p bc bf ba bd bb be az = ay ae ak az c o i u f az be u
q az bc ba bb bd = h ab bd (bd an (l (aq (o v a at j r))))
r bb bf bc be az bd ba = a bc (av a s aa) ba av m j s aj i be x
s bd bc ba be bb az = aj ao b h c ap (m ax az az) ap h ak
t az = aw az q al l ay au aw az
u be ba bf bb bc bg az bd = ae (k bc) c ah e h bf h aq av l i ak b j
v ba bc bd bb az be = aa aa af (am ak h bd p ai s au)
w ba bb bc az = ah bb (ad h aw (c ba az) y az t) ap ad an s ap
x ba be az bc bd bb = af am c bc s (av g ax g) s (aj j q)
y bf bb ba be bc bd az = r aj b aq k b ac (ao be bf w ba (u ax j)) aa
z ba az = j aq (ak f (ay d w v (h am d) aa ai f))
aa az = n ac ar ap ad i p j
ab bb az ba bc = ay (g bb l (ah d e (s aw at ak)))
ac bb bc bd az ba = a aq l z (d o (j m)) r ai av (j r ba i g)
ad bg bc az ba bb bd bf be = az az h y aq au at h
ae bd az be bc bf ba bb = i bb ay m q al au bc e r
af bf az bc bd ba be bb = x bb aa m p v o ae (aa bc (v (p av ac ai)))
ag ba be bf bb bc bd az = p ak ah k bd az ak (bb ad) at
ah be bc bd az bb ba = z (af d g) ai g ak j ay ar u am v (ai aj an)
ai az bb be bf bc bd ba bg = aa h (m ae ab at p ay)
aj bb bd bg be az ba bc bf = bg av g v p az ae (b bf n l) aa ba
ak az bg bb ba bd be bc bf = bf q ad s z j bc an (n t (w n q))
al bb az bc bd ba = ab ay (ax aa m an bc j) c w
am az = f az ag az ah b ab ae
an bd bc ba bb az be = av bb x (ao (ao x j)) x f aa ah aq (z ar p) r
ao az bb ba = a (ba ak ac) m u m av (ba (k l bb k aj bb t))
ap bb az bd be bc ba bf = bd ag f aw am
aq ba az bc bd bb be = e ah ag ae ak q k (ak be ar) ay (z (ba ar ae))
ar bc bd bb ba be az = af ai az g u (bd ab av) j ab az at
at bb bc az ba = i av am o
au be bd bc az ba bf bg bb = ad (bg (ao bc ae ac) x ao) t ad ak an av
av bb az ba = bb aq ba aq a p aa ba (s b)
aw az = k ag w (ad at) (az ar ai) al av (y at) ab
ax az bf bc bb ba bd be = av f (c (bc v)) a (ai bb y) y ae am
ay ba bd az bb bc = x o am ac aa (y (aq ax aw bc))
main = A B (u aj ap ax C (av aj)) c D j (f k o m a) k aw o ay E (F G H (u n g) I J K (a (ap am (q ah ae (ad L (ar (c (aa M))) (w N)) (ac O aa at))) e ah P) (ap Q R (af av d ar) f ag (an S T) v) u ap U (a p (ak (V p (x (ac j) n w W) b o) (c (X Y (k ac (Z ac) (AA (AB an) AC w aa au aw b ak) e b))))))
------------------------------------------------------------
A B (u aj ap ax C (av aj)) c D j (f k o m a) k aw o ay E (F G H (u n g) I J K (a (ap am (q ah ae (ad L (ar (c (aa M))) (w N)) (ac O aa at))) e ah P) (ap Q R (af av d ar) f ag (an S T) v) u ap U (a p (ak (V p (x (ac j) n w W) b o) (c (X Y (k ac (Z ac) (AA (AB an) AC w aa au aw b ak) e b))))))
A B (u aj ap ax C (av aj)) c D j (ao j (ap (aw (at o g ap l) ap af)) m a) k aw o ay E (F G H (u n g) I J K (a (ap am (q ah ae (ad L (ar (c (aa M))) (w N)) (ac O aa at))) e ah P) (ap Q R (af av d ar) f ag (an S T) v) u ap U (a p (ak (V p (x (ac j) n w W) b o) (c (X Y (k ac (Z ac) (AA (AB an) AC w aa au aw b ak) e b))))))
A B (u aj ap ax C (av aj)) c D j (a (m ak ac) m u m av (m (k l (ap (aw (at o g ap l) ap af)) k aj (ap (aw (at o g ap l) ap af)) t)) a) k aw o ay E (F G H (u n g) I J K (a (ap am (q ah ae (ad L (ar (c (aa M))) (w N)) (ac O aa at))) e ah P) (ap Q R (af av d ar) f ag (an S T) v) u ap U (a p (ak (V p (x (ac j) n w W) b o) (c (X Y (k ac (Z ac) (AA (AB an) AC w aa au aw b ak) e b))))))
A B (u aj ap ax C (av aj)) c D j (m e x m h m ao an u c ah m av (m (k l (ap (aw (at o g ap l) ap af)) k aj (ap (aw (at o g ap l) ap af)) t)) a) k aw o ay E (F G H (u n g) I J K (a (ap am (q ah ae (ad L (ar (c (aa M))) (w N)) (ac O aa at))) e ah P) (ap Q R (af av d ar) f ag (an S T) v) u ap U (a p (ak (V p (x (ac j) n w W) b o) (c (X Y (k ac (Z ac) (AA (AB an) AC w aa au aw b ak) e b))))))
A B (u aj ap ax C (av aj)) c D j (l b j au h an p h ar ay ae ae u c ah m av (m (k l (ap (aw (at o g ap l) ap af)) k aj (ap (aw (at o g ap l) ap af)) t)) a) k aw o ay E (F G H (u n g) I J K (a (ap am (q ah ae (ad L (ar (c (aa M))) (w N)) (ac O aa at))) e ah P) (ap Q R (af av d ar) f ag (an S T) v) u ap U (a p (ak (V p (x (ac j) n w W) b o) (c (X Y (k ac (Z ac) (AA (AB an) AC w aa au aw b ak) e b))))))
A B (u aj ap ax C (av aj)) c D j (p i aa a ap au h an p h ar ay ae ae u c ah m av (m (k l (ap (aw (at o g ap l) ap af)) k aj (ap (aw (at o g ap l) ap af)) t)) a) k aw o ay E (F G H (u n g) I J K (a (ap am (q ah ae (ad L (ar (c (aa M))) (w N)) (ac O aa at))) e ah P) (ap Q R (af av d ar) f ag (an S T) v) u ap U (a p (ak (V p (x (ac j) n w W) b o) (c (X Y (k ac (Z ac) (AA (AB an) AC w aa au aw b ak) e b))))))
A B (u aj ap ax C (av aj)) c D j (ay ae ak an c o i u f an h u p h ar ay ae ae u c ah m av (m (k l (ap (aw (at o g ap l) ap af)) k aj (ap (aw (at o g ap l) ap af)) t)) a) k aw o ay E (F G H (u n g) I J K (a (ap am (q ah ae (ad L (ar (c (aa M))) (w N)) (ac O aa at))) e ah P) (ap Q R (af av d ar) f ag (an S T) v) u ap U (a p (ak (V p (x (ac j) n w W) b o) (c (X Y (k ac (Z ac) (AA (AB an) AC w aa au aw b ak) e b))))))
A B (u aj ap ax C (av aj)) c D j (x o am ac aa (y (aq ax aw o)) i u f an h u p h ar ay ae ae u c ah m av (m (k l (ap (aw (at o g ap l) ap af)) k aj (ap (aw (at o g ap l) ap af)) t)) a) k aw o ay E (F G H (u n g) I J K (a (ap am (q ah ae (ad L (ar (c (aa M))) (w N)) (ac O aa at))) e ah P) (ap Q R (af av d ar) f ag (an S T) v) u ap U (a p (ak (V p (x (ac j) n w W) b o) (c (X Y (k ac (Z ac) (AA (AB an) AC w aa au aw b ak) e b))))))
A B (u aj ap ax C (av aj)) c D j (af am c aa s (av g ax g) s (aj j q) u f an h u p h ar ay ae ae u c ah m av (m (k l (ap (aw (at o g ap l) ap af)) k aj (ap (aw (at o g ap l) ap af)) t)) a) k aw o ay E (F G H (u n g) I J K (a (ap am (q ah ae (ad L (ar (c (aa M))) (w N)) (ac O aa at))) e ah P) (ap Q R (af av d ar) f ag (an S T) v) u ap U (a p (ak (V p (x (ac j) n w W) b o) (c (X Y (k ac (Z ac) (AA (AB an) AC w aa au aw b ak) e b))))))
A B (u aj ap ax C (av aj)) c D j (x (aj j q) aa m p v o ae (aa aa (v (p av ac ai))) u f an h u p h ar ay ae ae u c ah m av (m (k l (ap (aw (at o g ap l) ap af)) k aj (ap (aw (at o g ap l) ap af)) t)) a) k aw o ay E (F G H (u n g) I J K (a (ap am (q ah ae (ad L (ar (c (aa M))) (w N)) (ac O aa at))) e ah P) (ap Q R (af av d ar) f ag (an S T) v) u ap U (a p (ak (V p (x (ac j) n w W) b o) (c (X Y (k ac (Z ac) (AA (AB an) AC w aa au aw b ak) e b))))))
A B (u aj ap ax C (av aj)) c D j (af am c p s (av g ax g) s (aj j q) ae (aa aa (v (p av ac ai))) u f an h u p h ar ay ae ae u c ah m av (m (k l (ap (aw (at o g ap l) ap af)) k aj (ap (aw (at o g ap l) ap af)) t)) a) k aw o ay E (F G H (u n g) I J K (a (ap am (q ah ae (ad L (ar (c (aa M))) (w N)) (ac O aa at))) e ah P) (ap Q R (af av d ar) f ag (an S T) v) u ap U (a p (ak (V p (x (ac j) n w W) b o) (c (X Y (k ac (Z ac) (AA (AB an) AC w aa au aw b ak) e b))))))
A B (u aj ap ax C (av aj)) c D j (x (aj j q) aa m p v o ae (aa p (v (p av ac ai))) ae (aa aa (v (p av ac ai))) u f an h u p h ar ay ae ae u c ah m av (m (k l (ap (aw (at o g ap l) ap af)) k aj (ap (aw (at o g ap l) ap af)) t)) a) k aw o ay E (F G H (u n g) I J K (a (ap am (q ah ae (ad L (ar (c (aa M))) (w N)) (ac O aa at))) e ah P) (ap Q R (af av d ar) f ag (an S T) v) u ap U (a p (ak (V p (x (ac j) n w W) b o) (c (X Y (k ac (Z ac) (AA (AB an) AC w aa au aw b ak) e b))))))
A B (u aj ap ax C (av aj)) c D j (af am c p s (av g ax g) s (aj j q) ae (aa p (v (p av ac ai))) ae (aa aa (v (p av ac ai))) u f an h u p h ar ay ae ae u c ah m av (m (k l (ap (aw (at o g ap l) ap af)) k aj (ap (aw (at o g ap l) ap af)) t)) a) k aw o ay E (F G H (u n g) I J K (a (ap am (q ah ae (ad L (ar (c (aa M))) (w N)) (ac O aa at))) e ah P) (ap Q R (af av d ar) f ag (an S T) v) u ap U (a p (ak (V p (x (ac j) n w W) b o) (c (X Y (k ac (Z ac) (AA (AB an) AC w aa au aw b ak) e b))))))
A B (u aj ap ax C (av aj)) c D j (x (aj j q) aa m p v o ae (aa p (v (p av ac ai))) ae (aa p (v (p av ac ai))) ae (aa aa (v (p av ac ai))) u f an h u p h ar ay ae ae u c ah m av (m (k l (ap (aw (at o g ap l) ap af)) k aj (ap (aw (at o g ap l) ap af)) t)) a) k aw o ay E (F G H (u n g) I J K (a (ap am (q ah ae (ad L (ar (c (aa M))) (w N)) (ac O aa at))) e ah P) (ap Q R (af av d ar) f ag (an S T) v) u ap U (a p (ak (V p (x (ac j) n w W) b o) (c (X Y (k ac (Z ac) (AA (AB an) AC w aa au aw b ak) e b))))))
A B (u aj ap ax C (av aj)) c D j (af am c p s (av g ax g) s (aj j q) ae (aa p (v (p av ac ai))) ae (aa p (v (p av ac ai))) ae (aa aa (v (p av ac ai))) u f an h u p h ar ay ae ae u c ah m av (m (k l (ap (aw (at o g ap l) ap af)) k aj (ap (aw (at o g ap l) ap af)) t)) a) k aw o ay E (F G H (u n g) I J K (a (ap am (q ah ae (ad L (ar (c (aa M))) (w N)) (ac O aa at))) e ah P) (ap Q R (af av d ar) f ag (an S T) v) u ap U (a p (ak (V p (x (ac j) n w W) b o) (c (X Y (k ac (Z ac) (AA (AB an) AC w aa au aw b ak) e b))))))
A B (u aj ap ax C (av aj)) c D j (x (aj j q) aa m p v o ae (aa p (v (p av ac ai))) ae (aa p (v (p av ac ai))) ae (aa p (v (p av ac ai))) ae (aa aa (v (p av ac ai))) u f an h u p h ar ay ae ae u c ah m av (m (k l (ap (aw (at o g ap l) ap af)) k aj (ap (aw (at o g ap l) ap af)) t)) a) k aw o ay E (F G H (u n g) I J K (a (ap am (q ah ae (ad L (ar (c (aa M))) (w N)) (ac O aa at))) e ah P) (ap Q R (af av d ar) f ag (an S T) v) u ap U (a p (ak (V p (x (ac j) n w W) b o) (c (X Y (k ac (Z ac) (AA (AB an) AC w aa au aw b ak) e b))))))
A B (u aj ap ax C (av aj)) c D j (af am c p s (av g ax g) s (aj j q) ae (aa p (v (p av ac ai))) ae (aa p (v (p av ac ai))) ae (aa p (v (p av ac ai))) ae (aa aa (v (p av ac ai))) u f an h u p h ar ay ae ae u c ah m av (m (k l (ap (aw (at o g ap l) ap af)) k aj (ap (aw (at o g ap l) ap af)) t)) a) k aw o ay E (F G H (u n g) I J K (a (ap am (q ah ae (ad L (ar (c (aa M))) (w N)) (ac O aa at))) e ah P) (ap Q R (af av d ar) f ag (an S T) v) u ap U (a p (ak (V p (x (ac j) n w W) b o) (c (X Y (k ac (Z ac) (AA (AB an) AC w aa au aw b ak) e b))))))
A B (u aj ap ax C (av aj)) c D j (x (aj j q) aa m p v o ae (aa p (v (p av ac ai))) ae (aa p (v (p av ac ai))) ae (aa p (v (p av ac ai))) ae (aa p (v (p av ac ai))) ae (aa aa (v (p av ac ai))) u f an h u p h ar ay ae ae u c ah m av (m (k l (ap (aw (at o g ap l) ap af)) k aj (ap (aw (at o g ap l) ap af)) t)) a) k aw o ay E (F G H (u n g) I J K (a (ap am (q ah ae (ad L (ar (c (aa M))) (w N)) (ac O aa at))) e ah P) (ap Q R (af av d ar) f ag (an S T) v) u ap U (a p (ak (V p (x (ac j) n w W) b o) (c (X Y (k ac (Z ac) (AA (AB an) AC w aa au aw b ak) e b))))))
A B (u aj ap ax C (av aj)) c D j (af am c p s (av g ax g) s (aj j q) ae (aa p (v (p av ac ai))) ae (aa p (v (p av ac ai))) ae (aa p (v (p av ac ai))) ae (aa p (v (p av ac ai))) ae (aa aa (v (p av ac ai))) u f an h u p h ar ay ae ae u c ah m av (m (k l (ap (aw (at o g ap l) ap af)) k aj (ap (aw (at o g ap l) ap af)) t)) a) k aw o ay E (F G H (u n g) I J K (a (ap am (q ah ae (ad L (ar (c (aa M))) (w N)) (ac O aa at))) e ah P) (ap Q R (af av d ar) f ag (an S T) v) u ap U (a p (ak (V p (x (ac j) n w W) b o) (c (X Y (k ac (Z ac) (AA (AB an) AC w aa au aw b ak) e b))))))
A B (u aj ap ax C (av aj)) c D j (x (aj j q) aa m p v o ae (aa p (v (p av ac ai))) ae (aa p (v (p av ac ai))) ae (aa p (v (p av ac ai))) ae (aa p (v (p av ac ai))) ae (aa p (v (p av ac ai))) ae (aa aa (v (p av ac ai))) u f an h u p h ar ay ae ae u c ah m av (m (k l (ap (aw (at o g ap l) ap af)) k aj (ap (aw (at o g ap l) ap af)) t)) a) k aw o ay E (F G H (u n g) I J K (a (ap am (q ah ae (ad L (ar (c (aa M))) (w N)) (ac O aa at))) e ah P) (ap Q R (af av d ar) f ag (an S T) v) u ap U (a p (ak (V p (x (ac j) n w W) b o) (c (X Y (k ac (Z ac) (AA (AB an) AC w aa au aw b ak) e b))))))
A B (u aj ap ax C (av aj)) c D j (af am c p s (av g ax g) s (aj j q) ae (aa p (v (p av ac ai))) ae (aa p (v (p av ac ai))) ae (aa p (v (p av ac ai))) ae (aa p (v (p av ac ai))) ae (aa p (v (p av ac ai))) ae (aa aa (v (p av ac ai))) u f an h u p h ar ay ae ae u c ah m av (m (k l (ap (aw (at o g ap l) ap af)) k aj (ap (aw (at o g ap l) ap af)) t)) a) k aw o ay E (F G H (u n g) I J K (a (ap am (q ah ae (ad L (ar (c (aa M))) (w N)) (ac O aa at))) e ah P) (ap Q R (af av d ar) f ag (an S T) v) u ap U (a p (ak (V p (x (ac j) n w W) b o) (c (X Y (k ac (Z ac) (AA (AB an) AC w aa au aw b ak) e b))))))
A B (u aj ap ax C (av aj)) c D j (x (aj j q) aa m p v o ae (aa p (v (p av ac ai))) ae (aa p (v (p av ac ai))) ae (aa p (v (p av ac ai))) ae (aa p (v (p av ac ai))) ae (aa p (v (p av ac ai))) ae (aa p (v (p av ac ai))) ae (aa aa (v (p av ac ai))) u f an h u p h ar ay ae ae u c ah m av (m (k l (ap (aw (at o g ap l) ap af)) k aj (ap (aw (at o g ap l) ap af)) t)) a) k aw o ay E (F G H (u n g) I J K (a (ap am (q ah ae (ad L (ar (c (aa M))) (w N)) (ac O aa at))) e ah P) (ap Q R (af av d ar) f ag (an S T) v) u ap U (a p (ak (V p (x (ac j) n w W) b o) (c (X Y (k ac (Z ac) (AA (AB an) AC w aa au aw b ak) e b))))))
A B (u aj ap ax C (av aj)) c D j (af am c p s (av g ax g) s (aj j q) ae (aa p (v (p av ac ai))) ae (aa p (v (p av ac ai))) ae (aa p (v (p av ac ai))) ae (aa p (v (p av ac ai))) ae (aa p (v (p av ac ai))) ae (aa p (v (p av ac ai))) ae (aa aa (v (p av ac ai))) u f an h u p h ar ay ae ae u c ah m av (m (k l (ap (aw (at o g ap l) ap af)) k aj (ap (aw (at o g ap l) ap af)) t)) a) k aw o ay E (F G H (u n g) I J K (a (ap am (q ah ae (ad L (ar (c (aa M))) (w N)) (ac O aa at))) e ah P) (ap Q R (af av d ar) f ag (an S T) v) u ap U (a p (ak (V p (x (ac j) n w W) b o) (c (X Y (k ac (Z ac) (AA (AB an) AC w aa au aw b ak) e b))))))
A B (u aj ap ax C (av aj)) c D j (x (aj j q) aa m p v o ae (aa p (v (p av ac ai))) ae (aa p (v (p av ac ai))) ae (aa p (v (p av ac ai))) ae (aa p (v (p av ac ai))) ae (aa p (v (p av ac ai))) ae (aa p (v (p av ac ai))) ae (aa p (v (p av ac ai))) ae (aa aa (v (p av ac ai))) u f an h u p h ar ay ae ae u c ah m av (m (k l (ap (aw (at o g ap l) ap af)) k aj (ap (aw (at o g ap l) ap af)) t)) a) k aw o ay E (F G H (u n g) I J K (a (ap am (q ah ae (ad L (ar (c (aa M))) (w N)) (ac O aa at))) e ah P) (ap Q R (af av d ar) f ag (an S T) v) u ap U (a p (ak (V p (x (ac j) n w W) b o) (c (X Y (k ac (Z ac) (AA (AB an) AC w aa au aw b ak) e b))))))
A B (u aj ap ax C (av aj)) c D j (af am c p s (av g ax g) s (aj j q) ae (aa p (v (p av ac ai))) ae (aa p (v (p av ac ai))) ae (aa p (v (p av ac ai))) ae (aa p (v (p av ac ai))) ae (aa p (v (p av ac ai))) ae (aa p (v (p av ac ai))) ae (aa p (v (p av ac ai))) ae (aa aa (v (p av ac ai))) u f an h u p h ar ay ae ae u c ah m av (m (k l (ap (aw (at o g ap l) ap af)) k aj (ap (aw (at o g ap l) ap af)) t)) a) k aw o ay E (F G H (u n g) I J K (a (ap am (q ah ae (ad L (ar (c (aa M))) (w N)) (ac O aa at))) e ah P) (ap Q R (af av d ar) f ag (an S T) v) u ap U (a p (ak (V p (x (ac j) n w W) b o) (c (X Y (k ac (Z ac) (AA (AB an) AC w aa au aw b ak) e b))))))
A B (u aj ap ax C (av aj)) c D j (x (aj j q) aa m p v o ae (aa p (v (p av ac ai))) ae (aa p (v (p av ac ai))) ae (aa p (v (p av ac ai))) ae (aa p (v (p av ac ai))) ae (aa p (v (p av ac ai))) ae (aa p (v (p av ac ai))) ae (aa p (v (p av ac ai))) ae (aa p (v (p av ac ai))) ae (aa aa (v (p av ac ai))) u f an h u p h ar ay ae ae u c ah m av (m (k l (ap (aw (at o g ap l) ap af)) k aj (ap (aw (at o g ap l) ap af)) t)) a) k aw o ay E (F G H (u n g) I J K (a (ap am (q ah ae (ad L (ar (c (aa M))) (w N)) (ac O aa at))) e ah P) (ap Q R (af av d ar) f ag (an S T) v) u ap U (a p (ak (V p (x (ac j) n w W) b o) (c (X Y (k ac (Z ac) (AA (AB an) AC w aa au aw b ak) e b))))))
A B (u aj ap ax C (av aj)) c D j (af am c p s (av g ax g) s (aj j q) ae (aa p (v (p av ac ai))) ae (aa p (v (p av ac ai))) ae (aa p (v (p av ac ai))) ae (aa p (v (p av ac ai))) ae (aa p (v (p av ac ai))) ae (aa p (v (p av ac ai))) ae (aa p (v (p av ac ai))) ae (aa p (v (p av ac ai))) ae (aa aa (v (p av ac ai))) u f an h u p h ar ay ae ae u c ah m av (m (k l (ap (aw (at o g ap l) ap af)) k aj (ap (aw (at o g ap l) ap af)) t)) a) k aw o ay E (F G H (u n g) I J K (a (ap am (q ah ae (ad L (ar (c (aa M))) (w N)) (ac O aa at))) e ah P) (ap Q R (af av d ar) f ag (an S T) v) u ap U (a p (ak (V p (x (ac j) n w W) b o) (c (X Y (k ac (Z ac) (AA (AB an) AC w aa au aw b ak) e b))))))
A B (u aj ap ax C (av aj)) c D j (x (aj j q) aa m p v o ae (aa p (v (p av ac ai))) ae (aa p (v (p av ac ai))) ae (aa p (v (p av ac ai))) ae (aa p (v (p av ac ai))) ae (aa p (v (p av ac ai))) ae (aa p (v (p av ac ai))) ae (aa p (v (p av ac ai))) ae (aa p (v (p av ac ai))) ae (aa p (v (p av ac ai))) ae (aa aa (v (p av ac ai))) u f an h u p h ar ay ae ae u c ah m av (m (k l (ap (aw (at o g ap l) ap af)) k aj (ap (aw (at o g ap l) ap af)) t)) a) k aw o ay E (F G H (u n g) I J K (a (ap am (q ah ae (ad L (ar (c (aa M))) (w N)) (ac O aa at))) e ah P) (ap Q R (af av d ar) f ag (an S T) v) u ap U (a p (ak (V p (x (ac j) n w W) b o) (c (X Y (k ac (Z ac) (AA (AB an) AC w aa au aw b ak) e b))))))
A B (u aj ap ax C (av aj)) c D j (af am c p s (av g ax g) s (aj j q) ae (aa p (v (p av ac ai))) ae (aa p (v (p av ac ai))) ae (aa p (v (p av ac ai))) ae (aa p (v (p av ac ai))) ae (aa p (v (p av ac ai))) ae (aa p (v (p av ac ai))) ae (aa p (v (p av ac ai))) ae (aa p (v (p av ac ai))) ae (aa p (v (p av ac ai))) ae (aa aa (v (p av ac ai))) u f an h u p h ar ay ae ae u c ah m av (m (k l (ap (aw (at o g ap l) ap af)) k aj (ap (aw (at o g ap l) ap af)) t)) a) k aw o ay E (F G H (u n g) I J K (a (ap am (q ah ae (ad L (ar (c (aa M))) (w N)) (ac O aa at))) e ah P) (ap Q R (af av d ar) f ag (an S T) v) u ap U (a p (ak (V p (x (ac j) n w W) b o) (c (X Y (k ac (Z ac) (AA (AB an) AC w aa au aw b ak) e b))))))
A B (u aj ap ax C (av aj)) c D j (x (aj j q) aa m p v o ae (aa p (v (p av ac ai))) ae (aa p (v (p av ac ai))) ae (aa p (v (p av ac ai))) ae (aa p (v (p av ac ai))) ae (aa p (v (p av ac ai))) ae (aa p (v (p av ac ai))) ae (aa p (v (p av ac ai))) ae (aa p (v (p av ac ai))) ae (aa p (v (p av ac ai))) ae (aa p (v (p av ac ai))) ae (aa aa (v (p av ac ai))) u f an h u p h ar ay ae ae u c ah m av (m (k l (ap (aw (at o g ap l) ap af)) k aj (ap (aw (at o g ap l) ap af)) t)) a) k aw o ay E (F G H (u n g) I J K (a (ap am (q ah ae (ad L (ar (c (aa M))) (w N)) (ac O aa at))) e ah P) (ap Q R (af av d ar) f ag (an S T) v) u ap U (a p (ak (V p (x (ac j) n w W) b o) (c (X Y (k ac (Z ac) (AA (AB an) AC w aa au aw b ak) e b))))))


