a bg bb bc az ba bf be bd aw am bf ae (bb (ad aj) ah (f m (aa aq ae e ay aj)))
b bd bb be bf bc az ba au k g (af ay) az aq (i az) z (bb i bb)
c bb bc az bd ba bc f ai bd k ai al bc ab ad g (ao ak az) aq
d az ba am g c ao e p al ah (u a r)
e az ba n ar l y c ag (ba aq u) ap ba
f bb az ba ac n l au (aa (ax ak (h g) ba al p e m))
g bd be az bb bf bc ba w aj q ax f z (l al) f ae
h ba bc bd bb az be u bd r (be v) (g bd d) aw s ak
i az o ap az ar an ar af
j az ba bb x z ah aj (r b y l) ag at ag b al
k bf be bb az bc ba bd bc au bc ab ab ag v h h n m m ae (x z)
l bd bf bb ba az bc bg be ay c ak x (u at b x)
m ba bb bc bf bg bd be az i q (ak (f bd (af aq) ba c u t)) ao al
n bc az bd bb ba az s g x aj ab o x bb (i ao) (i ag bc)
o bc ba be az bb bd ap (s ax (e ap m at (y t bc ar (a ay bd v au))))
p az bc bd bb ba n ad (al (s (e c k at ax ar j) aq ad ay))
q az bb ba z o p ak ac ba i (s (af (ac ay d) n ba) ab)
r bb bd ba bc az ac (k am bd y) aj
s be az bd bc ba bb aq av c al j m (ab j) az r t k
t bb az ba al ac (v n az ba g a az)
u bd az be bf ba bb bc bg f z g n ao am ae ba i bb n r p y n
v ba bd az bg be bf bb bc at c aj (g az ar (f i au ax)) y bd
w bb bc bd ba az bf be bg ao af p c
x az ad ab l az (w az az e az az s (az az aa az ax))
y be bf bb bd ba az bc bd (b am ao) b at ac ah
z bc ba az bb b aa a (m aq v (x az o ax y a aa))
aa be bb bc az ba bd s h d s au h u ay ae d h ax aq k
ab bd az bb bc ba be bf bb (aw e bf b) aj be f af j l ac
ac bb az ba an u ay f ao t g az z af j h
ad ba bb bc az bd be u ab b av aq bd be az
ae bb bc az ba bb s ag n a a bc ba (t (h t) l am k)
af bc bb bd ba be az s ab t b r (bb o an)
ag az bc ba bb au (at ar z m (am aq ax) ae)
ah be bc bd bb az ba bf p z ay ax g ag z aa o aq ay be x be ar aq
ai ba az w aj (ba z g) (t ag) a az y (f ak) aj
aj bf bc bb bd az be ba r r u bf ai (o m v bb j)
ak bb ba bc az g u ar j av s bc p x h u am (s bb)
al bc bb be ba bd bf bg az k ak w f q c q j u aq aa (av bb bc)
am bb az ba ab ao (ap af g o f) al i
an be bb ba bc bd az q y af ay j y d (n at j au)
ao az i ax au n f k a r az (an t ae)
ap bc bb az bd ba bd (bc a aq x) i
aq bd az bb ba bc ai u z e al aw (az ar ao) (w i c)
ar az b ag an az (ag (b (al af az)) j az h az az i ay)
at az h ax x p ao ah ak u az ah az av ae ab
au bf ba bd bc bb be az k p ac s bd y c n an
av bd bb az bc ba x at s am aw k (f ad ap ar z)
aw bd be az bb ba bc bf al p t ad (af u) o (j bb) (ar ab n ba k)
ax bb ba bd az bc bf be ai bd d r (ba bc (t bf i))
ay bb bd bc az bf ba be am ap be bc s (ab ao t) ah bf (c ax) (n a al ax)
main t ah s v A B C D ay t (E e k) F c G H (d (al (j ax al (aj I (z al (e (au j n (J l w al K) L d w M c)))) N e (O ap am ag n (af (l (aw an) (h h aa c P j h ac ab o)) Q o (e k (o f af)) (ai t ax am al) ao o af (l m v (R g S b (y (e z T) j U) aj an al h) l an V af ad z W))))))
------------------------------------------------------------
t ah s v A B C D ay t (E e k) F c G H (d (al (j ax al (aj I (z al (e (au j n (J l w al K) L d w M c)))) N e (O ap am ag n (af (l (aw an) (h h aa c P j h ac ab o)) Q o (e k (o f af)) (ai t ax am al) ao o af (l m v (R g S b (y (e z T) j U) aj an al h) l an V af ad z W))))))
al ac (v n s v g a s) A B C D ay t (E e k) F c G H (d (al (j ax al (aj I (z al (e (au j n (J l w al K) L d w M c)))) N e (O ap am ag n (af (l (aw an) (h h aa c P j h ac ab o)) Q o (e k (o f af)) (ai t ax am al) ao o af (l m v (R g S b (y (e z T) j U) aj an al h) l an V af ad z W))))))
k ak w f q c q j u aq aa (av (v n s v g a s) ac) (E e k) F c G H (d (al (j ax al (aj I (z al (e (au j n (J l w al K) L d w M c)))) N e (O ap am ag n (af (l (aw an) (h h aa c P j h ac ab o)) Q o (e k (o f af)) (ai t ax am al) ao o af (l m v (R g S b (y (e z T) j U) aj an al h) l an V af ad z W))))))
c au c ab ab ag v h h n m m ae (x z) u aq aa (av (v n s v g a s) ac) (E e k) F c G H (d (al (j ax al (aj I (z al (e (au j n (J l w al K) L d w M c)))) N e (O ap am ag n (af (l (aw an) (h h aa c P j h ac ab o)) Q o (e k (o f af)) (ai t ax am al) ao o af (l m v (R g S b (y (e z T) j U) aj an al h) l an V af ad z W))))))
c f ai ab k ai al c ab ad g (ao ak ab) aq v h h n m m ae (x z) u aq aa (av (v n s v g a s) ac) (E e k) F c G H (d (al (j ax al (aj I (z al (e (au j n (J l w al K) L d w M c)))) N e (O ap am ag n (af (l (aw an) (h h aa c P j h ac ab o)) Q o (e k (o f af)) (ai t ax am al) ao o af (l m v (R g S b (y (e z T) j U) aj an al h) l an V af ad z W))))))
ai f ai k k ai al ai ab ad g (ao ak ab) aq al c ab ad g (ao ak ab) aq v h h n m m ae (x z) u aq aa (av (v n s v g a s) ac) (E e k) F c G H (d (al (j ax al (aj I (z al (e (au j n (J l w al K) L d w M c)))) N e (O ap am ag n (af (l (aw an) (h h aa c P j h ac ab o)) Q o (e k (o f af)) (ai t ax am al) ao o af (l m v (R g S b (y (e z T) j U) aj an al h) l an V af ad z W))))))
w aj (f z g) (t ag) a ai y (f ak) aj k k ai al ai ab ad g (ao ak ab) aq al c ab ad g (ao ak ab) aq v h h n m m ae (x z) u aq aa (av (v n s v g a s) ac) (E e k) F c G H (d (al (j ax al (aj I (z al (e (au j n (J l w al K) L d w M c)))) N e (O ap am ag n (af (l (aw an) (h h aa c P j h ac ab o)) Q o (e k (o f af)) (ai t ax am al) ao o af (l m v (R g S b (y (e z T) j U) aj an al h) l an V af ad z W))))))
ao af p c k k ai al ai ab ad g (ao ak ab) aq al c ab ad g (ao ak ab) aq v h h n m m ae (x z) u aq aa (av (v n s v g a s) ac) (E e k) F c G H (d (al (j ax al (aj I (z al (e (au j n (J l w al K) L d w M c)))) N e (O ap am ag n (af (l (aw an) (h h aa c P j h ac ab o)) Q o (e k (o f af)) (ai t ax am al) ao o af (l m v (R g S b (y (e z T) j U) aj an al h) l an V af ad z W))))))
i ax au n f k a r af (an t ae) p c k k ai al ai ab ad g (ao ak ab) aq al c ab ad g (ao ak ab) aq v h h n m m ae (x z) u aq aa (av (v n s v g a s) ac) (E e k) F c G H (d (al (j ax al (aj I (z al (e (au j n (J l w al K) L d w M c)))) N e (O ap am ag n (af (l (aw an) (h h aa c P j h ac ab o)) Q o (e k (o f af)) (ai t ax am al) ao o af (l m v (R g S b (y (e z T) j U) aj an al h) l an V af ad z W))))))
o ap ax ar an ar af au n f k a r af (an t ae) p c k k ai al ai ab ad g (ao ak ab) aq al c ab ad g (ao ak ab) aq v h h n m m ae (x z) u aq aa (av (v n s v g a s) ac) (E e k) F c G H (d (al (j ax al (aj I (z al (e (au j n (J l w al K) L d w M c)))) N e (O ap am ag n (af (l (aw an) (h h aa c P j h ac ab o)) Q o (e k (o f af)) (ai t ax am al) ao o af (l m v (R g S b (y (e z T) j U) aj an al h) l an V af ad z W))))))
ap (s ax (e ap m at (y t ap ar (a ay af v au)))) au n f k a r af (an t ae) p c k k ai al ai ab ad g (ao ak ab) aq al c ab ad g (ao ak ab) aq v h h n m m ae (x z) u aq aa (av (v n s v g a s) ac) (E e k) F c G H (d (al (j ax al (aj I (z al (e (au j n (J l w al K) L d w M c)))) N e (O ap am ag n (af (l (aw an) (h h aa c P j h ac ab o)) Q o (e k (o f af)) (ai t ax am al) ao o af (l m v (R g S b (y (e z T) j U) aj an al h) l an V af ad z W))))))
f (s ax (e ap m at (y t ap ar (a ay af v au))) a aq x) i a r af (an t ae) p c k k ai al ai ab ad g (ao ak ab) aq al c ab ad g (ao ak ab) aq v h h n m m ae (x z) u aq aa (av (v n s v g a s) ac) (E e k) F c G H (d (al (j ax al (aj I (z al (e (au j n (J l w al K) L d w M c)))) N e (O ap am ag n (af (l (aw an) (h h aa c P j h ac ab o)) Q o (e k (o f af)) (ai t ax am al) ao o af (l m v (R g S b (y (e z T) j U) aj an al h) l an V af ad z W))))))
ac n l au (aa (ax ak (h g) a al p e m)) r af (an t ae) p c k k ai al ai ab ad g (ao ak ab) aq al c ab ad g (ao ak ab) aq v h h n m m ae (x z) u aq aa (av (v n s v g a s) ac) (E e k) F c G H (d (al (j ax al (aj I (z al (e (au j n (J l w al K) L d w M c)))) N e (O ap am ag n (af (l (aw an) (h h aa c P j h ac ab o)) Q o (e k (o f af)) (ai t ax am al) ao o af (l m v (R g S b (y (e z T) j U) aj an al h) l an V af ad z W))))))
an u ay f ao t g l z af j h (aa (ax ak (h g) a al p e m)) r af (an t ae) p c k k ai al ai ab ad g (ao ak ab) aq al c ab ad g (ao ak ab) aq v h h n m m ae (x z) u aq aa (av (v n s v g a s) ac) (E e k) F c G H (d (al (j ax al (aj I (z al (e (au j n (J l w al K) L d w M c)))) N e (O ap am ag n (af (l (aw an) (h h aa c P j h ac ab o)) Q o (e k (o f af)) (ai t ax am al) ao o af (l m v (R g S b (y (e z T) j U) aj an al h) l an V af ad z W))))))
q y af ay j y d (n at j au) l z af j h (aa (ax ak (h g) a al p e m)) r af (an t ae) p c k k ai al ai ab ad g (ao ak ab) aq al c ab ad g (ao ak ab) aq v h h n m m ae (x z) u aq aa (av (v n s v g a s) ac) (E e k) F c G H (d (al (j ax al (aj I (z al (e (au j n (J l w al K) L d w M c)))) N e (O ap am ag n (af (l (aw an) (h h aa c P j h ac ab o)) Q o (e k (o f af)) (ai t ax am al) ao o af (l m v (R g S b (y (e z T) j U) aj an al h) l an V af ad z W))))))
z o p ak ac ay i (s (af (ac ay d) n ay) ab) j y d (n at j au) l z af j h (aa (ax ak (h g) a al p e m)) r af (an t ae) p c k k ai al ai ab ad g (ao ak ab) aq al c ab ad g (ao ak ab) aq v h h n m m ae (x z) u aq aa (av (v n s v g a s) ac) (E e k) F c G H (d (al (j ax al (aj I (z al (e (au j n (J l w al K) L d w M c)))) N e (O ap am ag n (af (l (aw an) (h h aa c P j h ac ab o)) Q o (e k (o f af)) (ai t ax am al) ao o af (l m v (R g S b (y (e z T) j U) aj an al h) l an V af ad z W))))))
b aa a (m aq v (x ak o ax y a aa)) ay i (s (af (ac ay d) n ay) ab) j y d (n at j au) l z af j h (aa (ax ak (h g) a al p e m)) r af (an t ae) p c k k ai al ai ab ad g (ao ak ab) aq al c ab ad g (ao ak ab) aq v h h n m m ae (x z) u aq aa (av (v n s v g a s) ac) (E e k) F c G H (d (al (j ax al (aj I (z al (e (au j n (J l w al K) L d w M c)))) N e (O ap am ag n (af (l (aw an) (h h aa c P j h ac ab o)) Q o (e k (o f af)) (ai t ax am al) ao o af (l m v (R g S b (y (e z T) j U) aj an al h) l an V af ad z W))))))
au k g (af ay) (s (af (ac ay d) n ay) ab) aq (i (s (af (ac ay d) n ay) ab)) z (a i a) y d (n at j au) l z af j h (aa (ax ak (h g) a al p e m)) r af (an t ae) p c k k ai al ai ab ad g (ao ak ab) aq al c ab ad g (ao ak ab) aq v h h n m m ae (x z) u aq aa (av (v n s v g a s) ac) (E e k) F c G H (d (al (j ax al (aj I (z al (e (au j n (J l w al K) L d w M c)))) N e (O ap am ag n (af (l (aw an) (h h aa c P j h ac ab o)) Q o (e k (o f af)) (ai t ax am al) ao o af (l m v (R g S b (y (e z T) j U) aj an al h) l an V af ad z W))))))
k p ac s (af ay) y c n an (a i a) y d (n at j au) l z af j h (aa (ax ak (h g) a al p e m)) r af (an t ae) p c k k ai al ai ab ad g (ao ak ab) aq al c ab ad g (ao ak ab) aq v h h n m m ae (x z) u aq aa (av (v n s v g a s) ac) (E e k) F c G H (d (al (j ax al (aj I (z al (e (au j n (J l w al K) L d w M c)))) N e (O ap am ag n (af (l (aw an) (h h aa c P j h ac ab o)) Q o (e k (o f af)) (ai t ax am al) ao o af (l m v (R g S b (y (e z T) j U) aj an al h) l an V af ad z W))))))
y au y ab ab ag v h h n m m ae (x z) an (a i a) y d (n at j au) l z af j h (aa (ax ak (h g) a al p e m)) r af (an t ae) p c k k ai al ai ab ad g (ao ak ab) aq al c ab ad g (ao ak ab) aq v h h n m m ae (x z) u aq aa (av (v n s v g a s) ac) (E e k) F c G H (d (al (j ax al (aj I (z al (e (au j n (J l w al K) L d w M c)))) N e (O ap am ag n (af (l (aw an) (h h aa c P j h ac ab o)) Q o (e k (o f af)) (ai t ax am al) ao o af (l m v (R g S b (y (e z T) j U) aj an al h) l an V af ad z W))))))
ab (b am ao) b at ac ah h n m m ae (x z) an (a i a) y d (n at j au) l z af j h (aa (ax ak (h g) a al p e m)) r af (an t ae) p c k k ai al ai ab ad g (ao ak ab) aq al c ab ad g (ao ak ab) aq v h h n m m ae (x z) u aq aa (av (v n s v g a s) ac) (E e k) F c G H (d (al (j ax al (aj I (z al (e (au j n (J l w al K) L d w M c)))) N e (O ap am ag n (af (l (aw an) (h h aa c P j h ac ab o)) Q o (e k (o f af)) (ai t ax am al) ao o af (l m v (R g S b (y (e z T) j U) aj an al h) l an V af ad z W))))))
at (aw e n b) aj h f af j l ac m m ae (x z) an (a i a) y d (n at j au) l z af j h (aa (ax ak (h g) a al p e m)) r af (an t ae) p c k k ai al ai ab ad g (ao ak ab) aq al c ab ad g (ao ak ab) aq v h h n m m ae (x z) u aq aa (av (v n s v g a s) ac) (E e k) F c G H (d (al (j ax al (aj I (z al (e (au j n (J l w al K) L d w M c)))) N e (O ap am ag n (af (l (aw an) (h h aa c P j h ac ab o)) Q o (e k (o f af)) (ai t ax am al) ao o af (l m v (R g S b (y (e z T) j U) aj an al h) l an V af ad z W))))))
h ax x p ao ah ak u (aw e n b) ah (aw e n b) av ae ab aj h f af j l ac m m ae (x z) an (a i a) y d (n at j au) l z af j h (aa (ax ak (h g) a al p e m)) r af (an t ae) p c k k ai al ai ab ad g (ao ak ab) aq al c ab ad g (ao ak ab) aq v h h n m m ae (x z) u aq aa (av (v n s v g a s) ac) (E e k) F c G H (d (al (j ax al (aj I (z al (e (au j n (J l w al K) L d w M c)))) N e (O ap am ag n (af (l (aw an) (h h aa c P j h ac ab o)) Q o (e k (o f af)) (ai t ax am al) ao o af (l m v (R g S b (y (e z T) j U) aj an al h) l an V af ad z W))))))
u p r (ak v) (g p d) aw s ak u (aw e n b) ah (aw e n b) av ae ab aj h f af j l ac m m ae (x z) an (a i a) y d (n at j au) l z af j h (aa (ax ak (h g) a al p e m)) r af (an t ae) p c k k ai al ai ab ad g (ao ak ab) aq al c ab ad g (ao ak ab) aq v h h n m m ae (x z) u aq aa (av (v n s v g a s) ac) (E e k) F c G H (d (al (j ax al (aj I (z al (e (au j n (J l w al K) L d w M c)))) N e (O ap am ag n (af (l (aw an) (h h aa c P j h ac ab o)) Q o (e k (o f af)) (ai t ax am al) ao o af (l m v (R g S b (y (e z T) j U) aj an al h) l an V af ad z W))))))
f z g n ao am ae aw i s n r p y n (aw e n b) ah (aw e n b) av ae ab aj h f af j l ac m m ae (x z) an (a i a) y d (n at j au) l z af j h (aa (ax ak (h g) a al p e m)) r af (an t ae) p c k k ai al ai ab ad g (ao ak ab) aq al c ab ad g (ao ak ab) aq v h h n m m ae (x z) u aq aa (av (v n s v g a s) ac) (E e k) F c G H (d (al (j ax al (aj I (z al (e (au j n (J l w al K) L d w M c)))) N e (O ap am ag n (af (l (aw an) (h h aa c P j h ac ab o)) Q o (e k (o f af)) (ai t ax am al) ao o af (l m v (R g S b (y (e z T) j U) aj an al h) l an V af ad z W))))))
ac n l au (aa (ax ak (h g) n al p e m)) ao am ae aw i s n r p y n (aw e n b) ah (aw e n b) av ae ab aj h f af j l ac m m ae (x z) an (a i a) y d (n at j au) l z af j h (aa (ax ak (h g) a al p e m)) r af (an t ae) p c k k ai al ai ab ad g (ao ak ab) aq al c ab ad g (ao ak ab) aq v h h n m m ae (x z) u aq aa (av (v n s v g a s) ac) (E e k) F c G H (d (al (j ax al (aj I (z al (e (au j n (J l w al K) L d w M c)))) N e (O ap am ag n (af (l (aw an) (h h aa c P j h ac ab o)) Q o (e k (o f af)) (ai t ax am al) ao o af (l m v (R g S b (y (e z T) j U) aj an al h) l an V af ad z W))))))
an u ay f ao t g l z af j h (aa (ax ak (h g) n al p e m)) ao am ae aw i s n r p y n (aw e n b) ah (aw e n b) av ae ab aj h f af j l ac m m ae (x z) an (a i a) y d (n at j au) l z af j h (aa (ax ak (h g) a al p e m)) r af (an t ae) p c k k ai al ai ab ad g (ao ak ab) aq al c ab ad g (ao ak ab) aq v h h n m m ae (x z) u aq aa (av (v n s v g a s) ac) (E e k) F c G H (d (al (j ax al (aj I (z al (e (au j n (J l w al K) L d w M c)))) N e (O ap am ag n (af (l (aw an) (h h aa c P j h ac ab o)) Q o (e k (o f af)) (ai t ax am al) ao o af (l m v (R g S b (y (e z T) j U) aj an al h) l an V af ad z W))))))
q y af ay j y d (n at j au) l z af j h (aa (ax ak (h g) n al p e m)) ao am ae aw i s n r p y n (aw e n b) ah (aw e n b) av ae ab aj h f af j l ac m m ae (x z) an (a i a) y d (n at j au) l z af j h (aa (ax ak (h g) a al p e m)) r af (an t ae) p c k k ai al ai ab ad g (ao ak ab) aq al c ab ad g (ao ak ab) aq v h h n m m ae (x z) u aq aa (av (v n s v g a s) ac) (E e k) F c G H (d (al (j ax al (aj I (z al (e (au j n (J l w al K) L d w M c)))) N e (O ap am ag n (af (l (aw an) (h h aa c P j h ac ab o)) Q o (e k (o f af)) (ai t ax am al) ao o af (l m v (R g S b (y (e z T) j U) aj an al h) l an V af ad z W))))))
z o p ak ac ay i (s (af (ac ay d) n ay) ab) j y d (n at j au) l z af j h (aa (ax ak (h g) n al p e m)) ao am ae aw i s n r p y n (aw e n b) ah (aw e n b) av ae ab aj h f af j l ac m m ae (x z) an (a i a) y d (n at j au) l z af j h (aa (ax ak (h g) a al p e m)) r af (an t ae) p c k k ai al ai ab ad g (ao ak ab) aq al c ab ad g (ao ak ab) aq v h h n m m ae (x z) u aq aa (av (v n s v g a s) ac) (E e k) F c G H (d (al (j ax al (aj I (z al (e (au j n (J l w al K) L d w M c)))) N e (O ap am ag n (af (l (aw an) (h h aa c P j h ac ab o)) Q o (e k (o f af)) (ai t ax am al) ao o af (l m v (R g S b (y (e z T) j U) aj an al h) l an V af ad z W))))))
b aa a (m aq v (x ak o ax y a aa)) ay i (s (af (ac ay d) n ay) ab) j y d (n at j au) l z af j h (aa (ax ak (h g) n al p e m)) ao am ae aw i s n r p y n (aw e n b) ah (aw e n b) av ae ab aj h f af j l ac m m ae (x z) an (a i a) y d (n at j au) l z af j h (aa (ax ak (h g) a al p e m)) r af (an t ae) p c k k ai al ai ab ad g (ao ak ab) aq al c ab ad g (ao ak ab) aq v h h n m m ae (x z) u aq aa (av (v n s v g a s) ac) (E e k) F c G H (d (al (j ax al (aj I (z al (e (au j n (J l w al K) L d w M c)))) N e (O ap am ag n (af (l (aw an) (h h aa c P j h ac ab o)) Q o (e k (o f af)) (ai t ax am al) ao o af (l m v (R g S b (y (e z T) j U) aj an al h) l an V af ad z W))))))


