a bf bg ba az bd bc be bb ap k h (au x bg) y (be v) (am ax at)
b ba bc bb bd az az y a bb j bd q aa ar d
c bc ba bd bf bb az be e z bf at (s ag ar v) p
d be ba az bf bd bc bg bb bc ap (z v am) bc bf z o b
e be bc az bd ba bb ag ak v o n ao ah aj bd al g aq t
f bb az bc ba bd o j a al s p (af (u m n an au h z))
g ba be bc bf bb bd az at ac r p (k (an ay)) ag
h az ba au b (ah (j az ab af v))
i bd bb bc az ba be bf bc g ah (y bd am ay q ad e) ac m
j ba bg bf bd be bb bc az ae al bd bg aq bf (ag z ad ay h an bd u)
k bb be az bc ba bd b ai ao ah u (ab g) be u v z ba ai (be h)
l bc bb bd az ba ag bc x w (q ap bc) r
m ba be bd az bc bb r d w z bd bd ak n (ar ai ar x aw ac)
n bc az ba bb bd t (m (i af ak y s an (bb q a) av ao))
o az bd ba bg bf bb bc be i g ba (t v ad) ap (n (ax r (ax t bf ai) be)) r
p bc bf bd ba bb be az g ap (at be ap c (ag a) ar) aq (l ay o)
q bb ba bc az ba m ag ay d v az (ao aw)
r bc bb be ba az bd ak u (ap ak y n) am
s bc bb ba az bd ae b p al bc m ba i c ax (ab z t)
t az am q q az af (ag az)
u bd bf bg bb bc ba az be ad b bb ag ay am e al ad (ar am (t h) be ak d)
v be bc bd az bf bb bg ba u ao h be ad x az (a an ah at ab an)
w bf bc bg az ba bd be bb az h az y aj v d aa y ar bc bc ak (h z ag)
x az bc bb bd ba f v c ab r s aw ah an z r r aa at
y bc az ba bb o (al w) (ap (e ar)) ad a az aw ay bb h
z az bd bb be bc ba ai i (q ax ab av h ar)
aa bd be bg az ba bf bc bb ao y (ap l bb (aj bb y aj h) (bf ay y ag l))
ab bb bc ba az bb s ap aq bb r ag b ay k ba
ac bb bd be bf bc bg az ba ap x d (ak (z (r (e e l ah)) t am) ao aa) aw l
ad az bb ba w i bb bb j (al (au (al af ba n) az))
ae bc ba az be bb bd r be ar ai ag h (al an) ap ap g ak af
af ba bd az bb bc ba ap ay (c ai bb aw t) ah am (an ao t)
ag bb bd ba bc az bg bf be am p al ar ao aq az r bd v bg az
ah bf az bc bd bb be ba l d bc (be bb z ap)
ai ba bc az bb au a m g (ad ad ay z bc au x al aj az w j)
aj bb ba bd be bf bg bc az bf ag ak d ba ag bg bd (h i)
ak bb bc bd az ba ai (z (ad (ae al ab ad f aa af u au) v az l))
al bf ba az bb bd bc be f an az (n f ar af h f aa bb ao an a)
am az bd bc bb ba bd p av m w av a aj bd ag (e w u)
an az ba bd bb be bc d z (ah bc am ae) l bb (x ac) ar
ao bb az ba e aa ad f (aa i ar ba h) v c z at (bb e) j
ap az bb ba bd be bc x g (be y i) ai aw am ax af (f r) v l l
aq az t ay u q q (d h ah ab j t)
ar ba be az bc bd bb p az v g ah ah bb af ae s ag bd a
at be bf bc bd ba az bb i (d bc (ba aj)) i s ay aj s (aq au e)
au bg be bd ba bb bc bf az z an ak ad ay ae ae aj (j ak aw)
av bd be bc ba az bb bf bg y bf bg x ab e (q m o (y a bb aj v aw)) bb
aw bd az be ba bc bb aq au bc g c av k ac
ax az ba bb a az k c m ao ak ag i ac ag (p aj ab ap)
ay be bc bd bf az bb ba ad be ap (n s) ao at ai
main ap ar ac ag A B l C am ac D E a m aa ae w F G (H I an aq) z (J K (L x af (d M (w ag N i c O ac P Q x e b aa R ac r q (v al ap S s ao T aj d q r p a (U V (W x aw f u (k (X ap) n (au Y) Z) (g au aa l ai AA) f (AB i ar ab) a AC ak) (ai z y n)) (AD al) AE ac)) ao)) h j)
------------------------------------------------------------
ap ar ac ag A B l C am ac D E a m aa ae w F G (H I an aq) z (J K (L x af (d M (w ag N i c O ac P Q x e b aa R ac r q (v al ap S s ao T aj d q r p a (U V (W x aw f u (k (X ap) n (au Y) Z) (g au aa l ai AA) f (AB i ar ab) a AC ak) (ai z y n)) (AD al) AE ac)) ao)) h j)
x g (B y i) ai aw am ax af (f r) v l l C am ac D E a m aa ae w F G (H I an aq) z (J K (L x af (d M (w ag N i c O ac P Q x e b aa R ac r q (v al ap S s ao T aj d q r p a (U V (W x aw f u (k (X ap) n (au Y) Z) (g au aa l ai AA) f (AB i ar ab) a AC ak) (ai z y n)) (AD al) AE ac)) ao)) h j)
f v c ab r s aw ah an z r r aa at ax af (f r) v l l C am ac D E a m aa ae w F G (H I an aq) z (J K (L x af (d M (w ag N i c O ac P Q x e b aa R ac r q (v al ap S s ao T aj d q r p a (U V (W x aw f u (k (X ap) n (au Y) Z) (g au aa l ai AA) f (AB i ar ab) a AC ak) (ai z y n)) (AD al) AE ac)) ao)) h j)
o j a al s p (af (u m n an au h z)) aw ah an z r r aa at ax af (f r) v l l C am ac D E a m aa ae w F G (H I an aq) z (J K (L x af (d M (w ag N i c O ac P Q x e b aa R ac r q (v al ap S s ao T aj d q r p a (U V (W x aw f u (k (X ap) n (au Y) Z) (g au aa l ai AA) f (AB i ar ab) a AC ak) (ai z y n)) (AD al) AE ac)) ao)) h j)
i g al (t v ad) ap (n (ax r (ax t p ai) ah)) r an z r r aa at ax af (f r) v l l C am ac D E a m aa ae w F G (H I an aq) z (J K (L x af (d M (w ag N i c O ac P Q x e b aa R ac r q (v al ap S s ao T aj d q r p a (U V (W x aw f u (k (X ap) n (au Y) Z) (g au aa l ai AA) f (AB i ar ab) a AC ak) (ai z y n)) (AD al) AE ac)) ao)) h j)
t v ad g ah (y g am ay q ad e) ac m z r r aa at ax af (f r) v l l C am ac D E a m aa ae w F G (H I an aq) z (J K (L x af (d M (w ag N i c O ac P Q x e b aa R ac r q (v al ap S s ao T aj d q r p a (U V (W x aw f u (k (X ap) n (au Y) Z) (g au aa l ai AA) f (AB i ar ab) a AC ak) (ai z y n)) (AD al) AE ac)) ao)) h j)
am q q v af (ag v) ad g ah (y g am ay q ad e) ac m z r r aa at ax af (f r) v l l C am ac D E a m aa ae w F G (H I an aq) z (J K (L x af (d M (w ag N i c O ac P Q x e b aa R ac r q (v al ap S s ao T aj d q r p a (U V (W x aw f u (k (X ap) n (au Y) Z) (g au aa l ai AA) f (AB i ar ab) a AC ak) (ai z y n)) (AD al) AE ac)) ao)) h j)
q p av m w av a aj q ag (e w u) ad g ah (y g am ay q ad e) ac m z r r aa at ax af (f r) v l l C am ac D E a m aa ae w F G (H I an aq) z (J K (L x af (d M (w ag N i c O ac P Q x e b aa R ac r q (v al ap S s ao T aj d q r p a (U V (W x aw f u (k (X ap) n (au Y) Z) (g au aa l ai AA) f (AB i ar ab) a AC ak) (ai z y n)) (AD al) AE ac)) ao)) h j)
av m ag ay d v w (ao aw) av a aj q ag (e w u) ad g ah (y g am ay q ad e) ac m z r r aa at ax af (f r) v l l C am ac D E a m aa ae w F G (H I an aq) z (J K (L x af (d M (w ag N i c O ac P Q x e b aa R ac r q (v al ap S s ao T aj d q r p a (U V (W x aw f u (k (X ap) n (au Y) Z) (g au aa l ai AA) f (AB i ar ab) a AC ak) (ai z y n)) (AD al) AE ac)) ao)) h j)
y (ao aw) av x ab e (q m o (y a w aj v aw)) w a aj q ag (e w u) ad g ah (y g am ay q ad e) ac m z r r aa at ax af (f r) v l l C am ac D E a m aa ae w F G (H I an aq) z (J K (L x af (d M (w ag N i c O ac P Q x e b aa R ac r q (v al ap S s ao T aj d q r p a (U V (W x aw f u (k (X ap) n (au Y) Z) (g au aa l ai AA) f (AB i ar ab) a AC ak) (ai z y n)) (AD al) AE ac)) ao)) h j)
o (al w) (ap (e ar)) ad a av aw ay ab h e (q m o (y a w aj v aw)) w a aj q ag (e w u) ad g ah (y g am ay q ad e) ac m z r r aa at ax af (f r) v l l C am ac D E a m aa ae w F G (H I an aq) z (J K (L x af (d M (w ag N i c O ac P Q x e b aa R ac r q (v al ap S s ao T aj d q r p a (U V (W x aw f u (k (X ap) n (au Y) Z) (g au aa l ai AA) f (AB i ar ab) a AC ak) (ai z y n)) (AD al) AE ac)) ao)) h j)
i g ad (t v ad) ap (n (ax r (ax t av ai) ab)) r h e (q m o (y a w aj v aw)) w a aj q ag (e w u) ad g ah (y g am ay q ad e) ac m z r r aa at ax af (f r) v l l C am ac D E a m aa ae w F G (H I an aq) z (J K (L x af (d M (w ag N i c O ac P Q x e b aa R ac r q (v al ap S s ao T aj d q r p a (U V (W x aw f u (k (X ap) n (au Y) Z) (g au aa l ai AA) f (AB i ar ab) a AC ak) (ai z y n)) (AD al) AE ac)) ao)) h j)
t v ad g ah (y g am ay q ad e) ac m e (q m o (y a w aj v aw)) w a aj q ag (e w u) ad g ah (y g am ay q ad e) ac m z r r aa at ax af (f r) v l l C am ac D E a m aa ae w F G (H I an aq) z (J K (L x af (d M (w ag N i c O ac P Q x e b aa R ac r q (v al ap S s ao T aj d q r p a (U V (W x aw f u (k (X ap) n (au Y) Z) (g au aa l ai AA) f (AB i ar ab) a AC ak) (ai z y n)) (AD al) AE ac)) ao)) h j)
am q q v af (ag v) ad g ah (y g am ay q ad e) ac m e (q m o (y a w aj v aw)) w a aj q ag (e w u) ad g ah (y g am ay q ad e) ac m z r r aa at ax af (f r) v l l C am ac D E a m aa ae w F G (H I an aq) z (J K (L x af (d M (w ag N i c O ac P Q x e b aa R ac r q (v al ap S s ao T aj d q r p a (U V (W x aw f u (k (X ap) n (au Y) Z) (g au aa l ai AA) f (AB i ar ab) a AC ak) (ai z y n)) (AD al) AE ac)) ao)) h j)
q p av m w av a aj q ag (e w u) ad g ah (y g am ay q ad e) ac m e (q m o (y a w aj v aw)) w a aj q ag (e w u) ad g ah (y g am ay q ad e) ac m z r r aa at ax af (f r) v l l C am ac D E a m aa ae w F G (H I an aq) z (J K (L x af (d M (w ag N i c O ac P Q x e b aa R ac r q (v al ap S s ao T aj d q r p a (U V (W x aw f u (k (X ap) n (au Y) Z) (g au aa l ai AA) f (AB i ar ab) a AC ak) (ai z y n)) (AD al) AE ac)) ao)) h j)
av m ag ay d v w (ao aw) av a aj q ag (e w u) ad g ah (y g am ay q ad e) ac m e (q m o (y a w aj v aw)) w a aj q ag (e w u) ad g ah (y g am ay q ad e) ac m z r r aa at ax af (f r) v l l C am ac D E a m aa ae w F G (H I an aq) z (J K (L x af (d M (w ag N i c O ac P Q x e b aa R ac r q (v al ap S s ao T aj d q r p a (U V (W x aw f u (k (X ap) n (au Y) Z) (g au aa l ai AA) f (AB i ar ab) a AC ak) (ai z y n)) (AD al) AE ac)) ao)) h j)
y (ao aw) av x ab e (q m o (y a w aj v aw)) w a aj q ag (e w u) ad g ah (y g am ay q ad e) ac m e (q m o (y a w aj v aw)) w a aj q ag (e w u) ad g ah (y g am ay q ad e) ac m z r r aa at ax af (f r) v l l C am ac D E a m aa ae w F G (H I an aq) z (J K (L x af (d M (w ag N i c O ac P Q x e b aa R ac r q (v al ap S s ao T aj d q r p a (U V (W x aw f u (k (X ap) n (au Y) Z) (g au aa l ai AA) f (AB i ar ab) a AC ak) (ai z y n)) (AD al) AE ac)) ao)) h j)
o (al w) (ap (e ar)) ad a av aw ay ab h e (q m o (y a w aj v aw)) w a aj q ag (e w u) ad g ah (y g am ay q ad e) ac m e (q m o (y a w aj v aw)) w a aj q ag (e w u) ad g ah (y g am ay q ad e) ac m z r r aa at ax af (f r) v l l C am ac D E a m aa ae w F G (H I an aq) z (J K (L x af (d M (w ag N i c O ac P Q x e b aa R ac r q (v al ap S s ao T aj d q r p a (U V (W x aw f u (k (X ap) n (au Y) Z) (g au aa l ai AA) f (AB i ar ab) a AC ak) (ai z y n)) (AD al) AE ac)) ao)) h j)
i g ad (t v ad) ap (n (ax r (ax t av ai) ab)) r h e (q m o (y a w aj v aw)) w a aj q ag (e w u) ad g ah (y g am ay q ad e) ac m e (q m o (y a w aj v aw)) w a aj q ag (e w u) ad g ah (y g am ay q ad e) ac m z r r aa at ax af (f r) v l l C am ac D E a m aa ae w F G (H I an aq) z (J K (L x af (d M (w ag N i c O ac P Q x e b aa R ac r q (v al ap S s ao T aj d q r p a (U V (W x aw f u (k (X ap) n (au Y) Z) (g au aa l ai AA) f (AB i ar ab) a AC ak) (ai z y n)) (AD al) AE ac)) ao)) h j)
t v ad g ah (y g am ay q ad e) ac m e (q m o (y a w aj v aw)) w a aj q ag (e w u) ad g ah (y g am ay q ad e) ac m e (q m o (y a w aj v aw)) w a aj q ag (e w u) ad g ah (y g am ay q ad e) ac m z r r aa at ax af (f r) v l l C am ac D E a m aa ae w F G (H I an aq) z (J K (L x af (d M (w ag N i c O ac P Q x e b aa R ac r q (v al ap S s ao T aj d q r p a (U V (W x aw f u (k (X ap) n (au Y) Z) (g au aa l ai AA) f (AB i ar ab) a AC ak) (ai z y n)) (AD al) AE ac)) ao)) h j)
am q q v af (ag v) ad g ah (y g am ay q ad e) ac m e (q m o (y a w aj v aw)) w a aj q ag (e w u) ad g ah (y g am ay q ad e) ac m e (q m o (y a w aj v aw)) w a aj q ag (e w u) ad g ah (y g am ay q ad e) ac m z r r aa at ax af (f r) v l l C am ac D E a m aa ae w F G (H I an aq) z (J K (L x af (d M (w ag N i c O ac P Q x e b aa R ac r q (v al ap S s ao T aj d q r p a (U V (W x aw f u (k (X ap) n (au Y) Z) (g au aa l ai AA) f (AB i ar ab) a AC ak) (ai z y n)) (AD al) AE ac)) ao)) h j)
q p av m w av a aj q ag (e w u) ad g ah (y g am ay q ad e) ac m e (q m o (y a w aj v aw)) w a aj q ag (e w u) ad g ah (y g am ay q ad e) ac m e (q m o (y a w aj v aw)) w a aj q ag (e w u) ad g ah (y g am ay q ad e) ac m z r r aa at ax af (f r) v l l C am ac D E a m aa ae w F G (H I an aq) z (J K (L x af (d M (w ag N i c O ac P Q x e b aa R ac r q (v al ap S s ao T aj d q r p a (U V (W x aw f u (k (X ap) n (au Y) Z) (g au aa l ai AA) f (AB i ar ab) a AC ak) (ai z y n)) (AD al) AE ac)) ao)) h j)
av m ag ay d v w (ao aw) av a aj q ag (e w u) ad g ah (y g am ay q ad e) ac m e (q m o (y a w aj v aw)) w a aj q ag (e w u) ad g ah (y g am ay q ad e) ac m e (q m o (y a w aj v aw)) w a aj q ag (e w u) ad g ah (y g am ay q ad e) ac m z r r aa at ax af (f r) v l l C am ac D E a m aa ae w F G (H I an aq) z (J K (L x af (d M (w ag N i c O ac P Q x e b aa R ac r q (v al ap S s ao T aj d q r p a (U V (W x aw f u (k (X ap) n (au Y) Z) (g au aa l ai AA) f (AB i ar ab) a AC ak) (ai z y n)) (AD al) AE ac)) ao)) h j)
y (ao aw) av x ab e (q m o (y a w aj v aw)) w a aj q ag (e w u) ad g ah (y g am ay q ad e) ac m e (q m o (y a w aj v aw)) w a aj q ag (e w u) ad g ah (y g am ay q ad e) ac m e (q m o (y a w aj v aw)) w a aj q ag (e w u) ad g ah (y g am ay q ad e) ac m z r r aa at ax af (f r) v l l C am ac D E a m aa ae w F G (H I an aq) z (J K (L x af (d M (w ag N i c O ac P Q x e b aa R ac r q (v al ap S s ao T aj d q r p a (U V (W x aw f u (k (X ap) n (au Y) Z) (g au aa l ai AA) f (AB i ar ab) a AC ak) (ai z y n)) (AD al) AE ac)) ao)) h j)
o (al w) (ap (e ar)) ad a av aw ay ab h e (q m o (y a w aj v aw)) w a aj q ag (e w u) ad g ah (y g am ay q ad e) ac m e (q m o (y a w aj v aw)) w a aj q ag (e w u) ad g ah (y g am ay q ad e) ac m e (q m o (y a w aj v aw)) w a aj q ag (e w u) ad g ah (y g am ay q ad e) ac m z r r aa at ax af (f r) v l l C am ac D E a m aa ae w F G (H I an aq) z (J K (L x af (d M (w ag N i c O ac P Q x e b aa R ac r q (v al ap S s ao T aj d q r p a (U V (W x aw f u (k (X ap) n (au Y) Z) (g au aa l ai AA) f (AB i ar ab) a AC ak) (ai z y n)) (AD al) AE ac)) ao)) h j)
i g ad (t v ad) ap (n (ax r (ax t av ai) ab)) r h e (q m o (y a w aj v aw)) w a aj q ag (e w u) ad g ah (y g am ay q ad e) ac m e (q m o (y a w aj v aw)) w a aj q ag (e w u) ad g ah (y g am ay q ad e) ac m e (q m o (y a w aj v aw)) w a aj q ag (e w u) ad g ah (y g am ay q ad e) ac m z r r aa at ax af (f r) v l l C am ac D E a m aa ae w F G (H I an aq) z (J K (L x af (d M (w ag N i c O ac P Q x e b aa R ac r q (v al ap S s ao T aj d q r p a (U V (W x aw f u (k (X ap) n (au Y) Z) (g au aa l ai AA) f (AB i ar ab) a AC ak) (ai z y n)) (AD al) AE ac)) ao)) h j)
t v ad g ah (y g am ay q ad e) ac m e (q m o (y a w aj v aw)) w a aj q ag (e w u) ad g ah (y g am ay q ad e) ac m e (q m o (y a w aj v aw)) w a aj q ag (e w u) ad g ah (y g am ay q ad e) ac m e (q m o (y a w aj v aw)) w a aj q ag (e w u) ad g ah (y g am ay q ad e) ac m z r r aa at ax af (f r) v l l C am ac D E a m aa ae w F G (H I an aq) z (J K (L x af (d M (w ag N i c O ac P Q x e b aa R ac r q (v al ap S s ao T aj d q r p a (U V (W x aw f u (k (X ap) n (au Y) Z) (g au aa l ai AA) f (AB i ar ab) a AC ak) (ai z y n)) (AD al) AE ac)) ao)) h j)
am q q v af (ag v) ad g ah (y g am ay q ad e) ac m e (q m o (y a w aj v aw)) w a aj q ag (e w u) ad g ah (y g am ay q ad e) ac m e (q m o (y a w aj v aw)) w a aj q ag (e w u) ad g ah (y g am ay q ad e) ac m e (q m o (y a w aj v aw)) w a aj q ag (e w u) ad g ah (y g am ay q ad e) ac m z r r aa at ax af (f r) v l l C am ac D E a m aa ae w F G (H I an aq) z (J K (L x af (d M (w ag N i c O ac P Q x e b aa R ac r q (v al ap S s ao T aj d q r p a (U V (W x aw f u (k (X ap) n (au Y) Z) (g au aa l ai AA) f (AB i ar ab) a AC ak) (ai z y n)) (AD al) AE ac)) ao)) h j)
q p av m w av a aj q ag (e w u) ad g ah (y g am ay q ad e) ac m e (q m o (y a w aj v aw)) w a aj q ag (e w u) ad g ah (y g am ay q ad e) ac m e (q m o (y a w aj v aw)) w a aj q ag (e w u) ad g ah (y g am ay q ad e) ac m e (q m o (y a w aj v aw)) w a aj q ag (e w u) ad g ah (y g am ay q ad e) ac m z r r aa at ax af (f r) v l l C am ac D E a m aa ae w F G (H I an aq) z (J K (L x af (d M (w ag N i c O ac P Q x e b aa R ac r q (v al ap S s ao T aj d q r p a (U V (W x aw f u (k (X ap) n (au Y) Z) (g au aa l ai AA) f (AB i ar ab) a AC ak) (ai z y n)) (AD al) AE ac)) ao)) h j)
av m ag ay d v w (ao aw) av a aj q ag (e w u) ad g ah (y g am ay q ad e) ac m e (q m o (y a w aj v aw)) w a aj q ag (e w u) ad g ah (y g am ay q ad e) ac m e (q m o (y a w aj v aw)) w a aj q ag (e w u) ad g ah (y g am ay q ad e) ac m e (q m o (y a w aj v aw)) w a aj q ag (e w u) ad g ah (y g am ay q ad e) ac m z r r aa at ax af (f r) v l l C am ac D E a m aa ae w F G (H I an aq) z (J K (L x af (d M (w ag N i c O ac P Q x e b aa R ac r q (v al ap S s ao T aj d q r p a (U V (W x aw f u (k (X ap) n (au Y) Z) (g au aa l ai AA) f (AB i ar ab) a AC ak) (ai z y n)) (AD al) AE ac)) ao)) h j)


