a bc bd az bb be ba = q f ai b k bb
b bd bc ba bb az = e bb u (ba ap z bd y n)
c ba bb az = bb an u al (an o ag) ap l (ae az r)
d bc ba be bg az bf bb bd = c aq m u ae al bg g j ap ag (av bg am p)
e bd az bb bf be bc ba = ag bc aa c (f ba aj i ae f ar a s) g at
f bf bc bb bd be az ba = g an bb (ax az am az ax c ax)
g be ba bb bd bc az = ay be (az t ba aw (u af aa at aw))
h bc ba bb az bd = an ag ba at r ai f (ad ap) l bb
i bb bc ba az = u ap (k aj)
j bb az bc ba = ay at ar (r ah ag) av p (ba ao aa) (l bb am g h)
k be bb ba bc az bf bd = au bb an o
l bb ba be bc bd bf az bg = ai au bg ai o m y au z ae ak o
m az ba bf bb bc bg bd be = ab o t av bg bg t j i ao (aw ae ag aj k)
n bc ba bb az = ay e q (c aw) aw ae at ax (af ai ah (ae t d))
o ba az bb bc = q au y (ak (ag az u) ai ap ar al bb) am
p bb bf bc bg bd be az ba = av i aj w au
q ba bg bb be bf bc az bd = ah ag aw (bb (s bf t ax ad l k an))
r az ba bc bd be bb = s ah o aa bb (bd be au bb x (o h (bb ae)) h be)
s az bb be bf ba bd bc = z be ba (ap k (n ao d v u az a bb))
t bf bb bd be ba bg az bc = a ab ab ay af w (j z am al n c ar m)
u bb bd bf be az ba bc = a aa d h c
v az bc bg bd ba bb be bf = aq (s ad bd) d bc n i ag g c ay aw ar
w bd az bb be ba bf bc = h d ax r x s q ba
x ba bb bd bc az = aw ak ad i p ac aj
y bb be bf ba az bd bc = ay (ae (p h bd (bf o r) i (i am u) z))
z bb bg be ba bd az bf bc = bc h at bd (r w x r j w ac (v u aw ay al))
aa az ba = ba ay ab ba (az k q (u (f aj) ax) y)
ab az = ae av ar d ap az x
ac bc be bb az ba bd = h f af m i y q z be h av aw
ad ba bc be bb bd bg bf az = ba (o f (az aw (af av (e w ab n)) a) bc h)
ae bc ba be bd bb az = al av ag am t au c d o an d aj k
af ba az = ai ay ah (e (av i) az (ac t) z k q) ae w k
ag bc bb ba az bd = ad (b ai i ao ab l)
ah bb az bc be ba bd = q v aa d ag an p
ai be bf bc bd ba bg az bb = m t ad ar be
aj bg bc be bf bb ba az bd = j (av am b az) b aw z ac j av am bg be
ak bf bb be bc bd az ba = m be z (ba af) ax t s
al bd bb az bf bc ba be = av s ay ah ae ba ao ar af be aw ai ax at ab l
am bb ba az = ba (w av au ba ah e) e (ax ba al) ak z aq az
an ba bb bc az be bd = a ak (d ai x al) t at aq u at
ao bc be bb bf bd ba az = bf ba y be o am al au (c bd al) ba i al ba g
ap az ba = aw at ai (i j ag aw ai) (am ba c aq x ao)
aq bd az bc bb ba = am ar (bc ao bc u z x ac)
ar be bc ba bd az bg bb bf = an o r m bc ao (av al ao s (b w) ax)
at = j (e au) f al
au bc ba az bb = n (ba (ah i az am (u p az v)))
av az = ag ac s az j ae au ay e au m ac
aw bd az bc bb be ba = ap h z
ax bb ba az = u h (h az) m ar
ay ba az bd be bc bb = ap i (ar (c aa an ax bd ap be aj) (bd ad aa al x))
main = j A ai t B (y o j ay ak) ak C D ap r aj E F G (ao aq (d t aw aj p ax aq (ab k f) (H (I ad) ad ai) y (J q K c (x k (L al an (al w w ak (ak i) aa e) an) f))) M i ax (au r)) N k ai O (P Q (R ar) (S T m al p v k ag c) ai U (V x av j (W (X (s (Y aj Z AA AB AC au ax) ad) AD ag g) AE)))
------------------------------------------------------------
j A ai t B (y o j ay ak) ak C D ap r aj E F G (ao aq (d t aw aj p ax aq (ab k f) (H (I ad) ad ai) y (J q K c (x k (L al an (al w w ak (ak i) aa e) an) f))) M i ax (au r)) N k ai O (P Q (R ar) (S T m al p v k ag c) ai U (V x av j (W (X (s (Y aj Z AA AB AC au ax) ad) AD ag g) AE)))
ay at ar (r ah ag) av p (B ao aa) (l A am g h) (y o j ay ak) ak C D ap r aj E F G (ao aq (d t aw aj p ax aq (ab k f) (H (I ad) ad ai) y (J q K c (x k (L al an (al w w ak (ak i) aa e) an) f))) M i ax (au r)) N k ai O (P Q (R ar) (S T m al p v k ag c) ai U (V x av j (W (X (s (Y aj Z AA AB AC au ax) ad) AD ag g) AE)))
ap i (ar (c aa an ax (r ah ag) ap av aj) (r ah ag ad aa al x)) (l A am g h) (y o j ay ak) ak C D ap r aj E F G (ao aq (d t aw aj p ax aq (ab k f) (H (I ad) ad ai) y (J q K c (x k (L al an (al w w ak (ak i) aa e) an) f))) M i ax (au r)) N k ai O (P Q (R ar) (S T m al p v k ag c) ai U (V x av j (W (X (s (Y aj Z AA AB AC au ax) ad) AD ag g) AE)))
aw at ai (i j ag aw ai) (am (ar (c aa an ax (r ah ag) ap av aj) (r ah ag ad aa al x)) c aq x ao) (l A am g h) (y o j ay ak) ak C D ap r aj E F G (ao aq (d t aw aj p ax aq (ab k f) (H (I ad) ad ai) y (J q K c (x k (L al an (al w w ak (ak i) aa e) an) f))) M i ax (au r)) N k ai O (P Q (R ar) (S T m al p v k ag c) ai U (V x av j (W (X (s (Y aj Z AA AB AC au ax) ad) AD ag g) AE)))
ap h z ak C D ap r aj E F G (ao aq (d t aw aj p ax aq (ab k f) (H (I ad) ad ai) y (J q K c (x k (L al an (al w w ak (ak i) aa e) an) f))) M i ax (au r)) N k ai O (P Q (R ar) (S T m al p v k ag c) ai U (V x av j (W (X (s (Y aj Z AA AB AC au ax) ad) AD ag g) AE)))
aw at ai (i j ag aw ai) (am z c aq x ao) ak C D ap r aj E F G (ao aq (d t aw aj p ax aq (ab k f) (H (I ad) ad ai) y (J q K c (x k (L al an (al w w ak (ak i) aa e) an) f))) M i ax (au r)) N k ai O (P Q (R ar) (S T m al p v k ag c) ai U (V x av j (W (X (s (Y aj Z AA AB AC au ax) ad) AD ag g) AE)))
ap h z D ap r aj E F G (ao aq (d t aw aj p ax aq (ab k f) (H (I ad) ad ai) y (J q K c (x k (L al an (al w w ak (ak i) aa e) an) f))) M i ax (au r)) N k ai O (P Q (R ar) (S T m al p v k ag c) ai U (V x av j (W (X (s (Y aj Z AA AB AC au ax) ad) AD ag g) AE)))
aw at ai (i j ag aw ai) (am z c aq x ao) D ap r aj E F G (ao aq (d t aw aj p ax aq (ab k f) (H (I ad) ad ai) y (J q K c (x k (L al an (al w w ak (ak i) aa e) an) f))) M i ax (au r)) N k ai O (P Q (R ar) (S T m al p v k ag c) ai U (V x av j (W (X (s (Y aj Z AA AB AC au ax) ad) AD ag g) AE)))
ap h z r aj E F G (ao aq (d t aw aj p ax aq (ab k f) (H (I ad) ad ai) y (J q K c (x k (L al an (al w w ak (ak i) aa e) an) f))) M i ax (au r)) N k ai O (P Q (R ar) (S T m al p v k ag c) ai U (V x av j (W (X (s (Y aj Z AA AB AC au ax) ad) AD ag g) AE)))
aw at ai (i j ag aw ai) (am z c aq x ao) r aj E F G (ao aq (d t aw aj p ax aq (ab k f) (H (I ad) ad ai) y (J q K c (x k (L al an (al w w ak (ak i) aa e) an) f))) M i ax (au r)) N k ai O (P Q (R ar) (S T m al p v k ag c) ai U (V x av j (W (X (s (Y aj Z AA AB AC au ax) ad) AD ag g) AE)))
ap h z E F G (ao aq (d t aw aj p ax aq (ab k f) (H (I ad) ad ai) y (J q K c (x k (L al an (al w w ak (ak i) aa e) an) f))) M i ax (au r)) N k ai O (P Q (R ar) (S T m al p v k ag c) ai U (V x av j (W (X (s (Y aj Z AA AB AC au ax) ad) AD ag g) AE)))
aw at ai (i j ag aw ai) (am z c aq x ao) E F G (ao aq (d t aw aj p ax aq (ab k f) (H (I ad) ad ai) y (J q K c (x k (L al an (al w w ak (ak i) aa e) an) f))) M i ax (au r)) N k ai O (P Q (R ar) (S T m al p v k ag c) ai U (V x av j (W (X (s (Y aj Z AA AB AC au ax) ad) AD ag g) AE)))
ap h z G (ao aq (d t aw aj p ax aq (ab k f) (H (I ad) ad ai) y (J q K c (x k (L al an (al w w ak (ak i) aa e) an) f))) M i ax (au r)) N k ai O (P Q (R ar) (S T m al p v k ag c) ai U (V x av j (W (X (s (Y aj Z AA AB AC au ax) ad) AD ag g) AE)))
aw at ai (i j ag aw ai) (am z c aq x ao) G (ao aq (d t aw aj p ax aq (ab k f) (H (I ad) ad ai) y (J q K c (x k (L al an (al w w ak (ak i) aa e) an) f))) M i ax (au r)) N k ai O (P Q (R ar) (S T m al p v k ag c) ai U (V x av j (W (X (s (Y aj Z AA AB AC au ax) ad) AD ag g) AE)))
ap h z N k ai O (P Q (R ar) (S T m al p v k ag c) ai U (V x av j (W (X (s (Y aj Z AA AB AC au ax) ad) AD ag g) AE)))
aw at ai (i j ag aw ai) (am z c aq x ao) N k ai O (P Q (R ar) (S T m al p v k ag c) ai U (V x av j (W (X (s (Y aj Z AA AB AC au ax) ad) AD ag g) AE)))
ap h z ai O (P Q (R ar) (S T m al p v k ag c) ai U (V x av j (W (X (s (Y aj Z AA AB AC au ax) ad) AD ag g) AE)))
aw at ai (i j ag aw ai) (am z c aq x ao) ai O (P Q (R ar) (S T m al p v k ag c) ai U (V x av j (W (X (s (Y aj Z AA AB AC au ax) ad) AD ag g) AE)))
ap h z (P Q (R ar) (S T m al p v k ag c) ai U (V x av j (W (X (s (Y aj Z AA AB AC au ax) ad) AD ag g) AE)))
aw at ai (i j ag aw ai) (am z c aq x ao) (P Q (R ar) (S T m al p v k ag c) ai U (V x av j (W (X (s (Y aj Z AA AB AC au ax) ad) AD ag g) AE)))
aw at ai (u ap (k aj)) (am z c aq x ao) (P Q (R ar) (S T m al p v k ag c) ai U (V x av j (W (X (s (Y aj Z AA AB AC au ax) ad) AD ag g) AE)))
aw at ai (u ap (k aj)) (c (w av au c ah e) e (ax c al) ak z aq aq x ao) (P Q (R ar) (S T m al p v k ag c) ai U (V x av j (W (X (s (Y aj Z AA AB AC au ax) ad) AD ag g) AE)))
aw at ai (u ap (k aj)) (e an u al (an o ag) ap l (ae (ax c al) r) ak z aq aq x ao) (P Q (R ar) (S T m al p v k ag c) ai U (V x av j (W (X (s (Y aj Z AA AB AC au ax) ad) AD ag g) AE)))
aw at ai (u ap (k aj)) (ag l aa c (f (ae (ax c al) r) aj i ae f ar a s) g at ak z aq aq x ao) (P Q (R ar) (S T m al p v k ag c) ai U (V x av j (W (X (s (Y aj Z AA AB AC au ax) ad) AD ag g) AE)))
aw at ai (u ap (k aj)) (ad (b ai i ao ab l) at ak z aq aq x ao) (P Q (R ar) (S T m al p v k ag c) ai U (V x av j (W (X (s (Y aj Z AA AB AC au ax) ad) AD ag g) AE)))
aw at ai (u ap (k aj)) (b ai i ao ab l (o f (ao aw (af av (e w ab n)) a) at h)) (P Q (R ar) (S T m al p v k ag c) ai U (V x av j (W (X (s (Y aj Z AA AB AC au ax) ad) AD ag g) AE)))
aw at ai (u ap (k aj)) (e ab u (ao ap z ai y n) (o f (ao aw (af av (e w ab n)) a) at h)) (P Q (R ar) (S T m al p v k ag c) ai U (V x av j (W (X (s (Y aj Z AA AB AC au ax) ad) AD ag g) AE)))
aw at ai (u ap (k aj)) (e ab u (ao ap z ai y n) (q au y (ak (ag (ao aw (af av (e w ab n)) a) u) ai ap ar al at) am)) (P Q (R ar) (S T m al p v k ag c) ai U (V x av j (W (X (s (Y aj Z AA AB AC au ax) ad) AD ag g) AE)))
aw at ai (u ap (k aj)) (e ab u (ao ap z ai y n) (q au y (ak (ag (ao aw (ai ay ah (e (av i) (e w ab n) (ac t) z k q) ae w k) a) u) ai ap ar al at) am)) (P Q (R ar) (S T m al p v k ag c) ai U (V x av j (W (X (s (Y aj Z AA AB AC au ax) ad) AD ag g) AE)))
aw at ai (u ap (k aj)) (e ab u (ao ap z ai y n) (q au y (ak (ag (ao aw (ai ay ah (e (ag ac s i j ae au ay e au m ac) (e w ab n) (ac t) z k q) ae w k) a) u) ai ap ar al at) am)) (P Q (R ar) (S T m al p v k ag c) ai U (V x av j (W (X (s (Y aj Z AA AB AC au ax) ad) AD ag g) AE)))


