a ba be az bb bd bc aj i at ae y l p aa t x am i
b be ba az bc bf bb bd aw bb ag v s n ap o aj be ac az u v an
c bd az bb be bc ba aj d (au bc ag (u at d) w) g i ay
d az bb bd ba bc an az h aw aj bd ay ae av bc ap (h e)
e bb ba az bc ab bc aj (q k f l au aq az y v) t bb az bb
f az m az k p aq ah x (x l w w aa az aq aa) aw
g bc bb az ba ai (p at j ad az (a ai av ag (a ao o) aa))
h ba bd be bc bb az ar az bd (bb m o (b ak ba a c) al p) an
i az am az l ar az q az ao az ak e ad y ab m ab
j bc bd az bb ba be bd (x o ac x au h c e) aw ab ah be t at d
k ba az bb f ai an h ai bb aj t w au
l ba az bb bc ac ar w ab ar ao e v an av ak
m bc bd ba bb az u ag (t aq aw (al p (ah p) aq (v g f at)))
n be bd ba bc az bb bf bg ae ad (bc ah) (g m (bb (ac (ai ar t an bd bb h))))
o az ba bb bd bc f at s
p bb bf az bg bd be bc ba an q s ah aq bc ay x ay v (bc c (ay t bg q))
q ba bb be az bd bc aj c bd (af be al) (aw x) (au au (p p y e))
r bf be bb bd az bc ba ap ai (av z) be l ab av
s az bd ba bc bf bb be au (az w d) r f ai ap i l aa
t az ba be bd bc bb o y q g af an q ba bb v (m p e ao)
u ba az au n ad i e au aa c ae ah s f l x
v bg ba bf bc bb az bd be az d q r u ab ba (ae ak)
w az f (az ap) (ac az) av ae (r aj aj f)
x bd be bb bc ba az ae r (ac (av g ay ar bd f ao am))
y az ba bb w ap (aj j ay s am)
z az bg bc ba bd be bf bb az ae x q af j
aa ba az z z a ah av at (ak (ah r ao af))
ab bc az bb bd ba be w f o ae (a ar g) (p (bd au aq ae be) aq)
ac bb bc ba az b ag u ag (az at k l) az (bb q) ba ah
ad bd bb ba az bf be bc ar ah o z ap az h b ak z
ae be az bd ba bc bb bf bg i y t aj ay ad ax t w (aw ao y)
af ba bb az bf bd be bc bg q ay y ae ab (aj az) ad s bb ag ab an am au ao
ag bb ba az l bb ac v am ah n g y v am h
ah bb az ba r f j am d o r q i aj aa g
ai be bd bb az bc bf ba r v aa k al q k d aj af b be ak (ae af ak)
aj be bf ba bg bc bb bd az g aq q av ag q ac ag w ae b b
ak bb az ba bb aj az a ao az aq ap e f y al w
al bb ba az af az ay (k au) p ba d p (w ab) o
am bg be ba az bb bf bc bd ac (v o) ba f bb an e az au av (ae az aq u)
an ba az ag (ba ad) (m az) ak m k az
ao be bd bc bf az bb ba be (ak (t bc az) (az w p s aq))
ap be bc az bb ba bd l r at f x e b bc m z al y (b m am ak)
aq bd bb ba bc az bf be ax at e a bb ap ay
ar bb az ba az aw (j az ba ba ae ak aj bb ax) ao v i
at bb ba az ae bb ap (ba i ax) bb i
au bc bd bb az bf bg ba be ay o w o ai bb
av ba bg bc bd az be bf bb x bg (aj (i az am t am h be a ah) v t) (y be)
aw bd ba az bb bc bf be ae (p bf bc ad ai ah) az
ax az ba ay ba az i ak ba (r ad ba ag (b w q) (aj ba x))
ay az a j (aa al ao n af au o e (ac ak w az am))
main A c au w l B ak (C D (w (aq (ax aa at ag (E e (w d) ah F (y (z ay) G c an m (H aq I ag j al q) J) ai av am) ah) ap aj) i al l k ac f l (K L b j aj aw av s r) i ac) M (N j (al f ai (ab (w ai s (w ao (av ar O P Q R l ae (S aw (ap ae T am) aa (U V g ax af ap W X ax ac Y Z ao)))))))))
------------------------------------------------------------
A c au w l B ak (C D (w (aq (ax aa at ag (E e (w d) ah F (y (z ay) G c an m (H aq I ag j al q) J) ai av am) ah) ap aj) i al l k ac f l (K L b j aj aw av s r) i ac) M (N j (al f ai (ab (w ai s (w ao (av ar O P Q R l ae (S aw (ap ae T am) aa (U V g ax af ap W X ax ac Y Z ao)))))))))
A c au w l B ak (C D (f (aq (ax aa at ag (E e (w d) ah F (y (z ay) G c an m (H aq I ag j al q) J) ai av am) ah) ap aj ap) (ac (aq (ax aa at ag (E e (w d) ah F (y (z ay) G c an m (H aq I ag j al q) J) ai av am) ah) ap aj)) av ae (r aj aj f) i al l k ac f l (K L b j aj aw av s r) i ac) M (N j (al f ai (ab (w ai s (w ao (av ar O P Q R l ae (S aw (ap ae T am) aa (U V g ax af ap W X ax ac Y Z ao)))))))))
A c au w l B ak (C D (m (aq (ax aa at ag (E e (w d) ah F (y (z ay) G c an m (H aq I ag j al q) J) ai av am) ah) ap aj ap) k p aq ah x (x l w w aa (aq (ax aa at ag (E e (w d) ah F (y (z ay) G c an m (H aq I ag j al q) J) ai av am) ah) ap aj ap) aq aa) aw (ac (aq (ax aa at ag (E e (w d) ah F (y (z ay) G c an m (H aq I ag j al q) J) ai av am) ah) ap aj)) av ae (r aj aj f) i al l k ac f l (K L b j aj aw av s r) i ac) M (N j (al f ai (ab (w ai s (w ao (av ar O P Q R l ae (S aw (ap ae T am) aa (U V g ax af ap W X ax ac Y Z ao)))))))))
A c au w l B ak (C D (u ag (t aq aw (al p (ah p) aq (v g f at))) x (x l w w aa (aq (ax aa at ag (E e (w d) ah F (y (z ay) G c an m (H aq I ag j al q) J) ai av am) ah) ap aj ap) aq aa) aw (ac (aq (ax aa at ag (E e (w d) ah F (y (z ay) G c an m (H aq I ag j al q) J) ai av am) ah) ap aj)) av ae (r aj aj f) i al l k ac f l (K L b j aj aw av s r) i ac) M (N j (al f ai (ab (w ai s (w ao (av ar O P Q R l ae (S aw (ap ae T am) aa (U V g ax af ap W X ax ac Y Z ao)))))))))
A c au w l B ak (C D (au n ad i e au aa c ae ah s f l x x (x l w w aa (aq (ax aa at ag (E e (w d) ah F (y (z ay) G c an m (H aq I ag j al q) J) ai av am) ah) ap aj ap) aq aa) aw (ac (aq (ax aa at ag (E e (w d) ah F (y (z ay) G c an m (H aq I ag j al q) J) ai av am) ah) ap aj)) av ae (r aj aj f) i al l k ac f l (K L b j aj aw av s r) i ac) M (N j (al f ai (ab (w ai s (w ao (av ar O P Q R l ae (S aw (ap ae T am) aa (U V g ax af ap W X ax ac Y Z ao)))))))))
A c au w l B ak (C D (ay o w o ai i ah s f l x x (x l w w aa (aq (ax aa at ag (E e (w d) ah F (y (z ay) G c an m (H aq I ag j al q) J) ai av am) ah) ap aj ap) aq aa) aw (ac (aq (ax aa at ag (E e (w d) ah F (y (z ay) G c an m (H aq I ag j al q) J) ai av am) ah) ap aj)) av ae (r aj aj f) i al l k ac f l (K L b j aj aw av s r) i ac) M (N j (al f ai (ab (w ai s (w ao (av ar O P Q R l ae (S aw (ap ae T am) aa (U V g ax af ap W X ax ac Y Z ao)))))))))
A c au w l B ak (C D (a j (aa al ao n af au o e (ac ak w o am)) w o ai i ah s f l x x (x l w w aa (aq (ax aa at ag (E e (w d) ah F (y (z ay) G c an m (H aq I ag j al q) J) ai av am) ah) ap aj ap) aq aa) aw (ac (aq (ax aa at ag (E e (w d) ah F (y (z ay) G c an m (H aq I ag j al q) J) ai av am) ah) ap aj)) av ae (r aj aj f) i al l k ac f l (K L b j aj aw av s r) i ac) M (N j (al f ai (ab (w ai s (w ao (av ar O P Q R l ae (S aw (ap ae T am) aa (U V g ax af ap W X ax ac Y Z ao)))))))))
A c au w l B ak (C D (aj i at ae y l p aa t x am i ah s f l x x (x l w w aa (aq (ax aa at ag (E e (w d) ah F (y (z ay) G c an m (H aq I ag j al q) J) ai av am) ah) ap aj ap) aq aa) aw (ac (aq (ax aa at ag (E e (w d) ah F (y (z ay) G c an m (H aq I ag j al q) J) ai av am) ah) ap aj)) av ae (r aj aj f) i al l k ac f l (K L b j aj aw av s r) i ac) M (N j (al f ai (ab (w ai s (w ao (av ar O P Q R l ae (S aw (ap ae T am) aa (U V g ax af ap W X ax ac Y Z ao)))))))))
A c au w l B ak (C D (g aq q av ag q ac ag w ae b b x am i ah s f l x x (x l w w aa (aq (ax aa at ag (E e (w d) ah F (y (z ay) G c an m (H aq I ag j al q) J) ai av am) ah) ap aj ap) aq aa) aw (ac (aq (ax aa at ag (E e (w d) ah F (y (z ay) G c an m (H aq I ag j al q) J) ai av am) ah) ap aj)) av ae (r aj aj f) i al l k ac f l (K L b j aj aw av s r) i ac) M (N j (al f ai (ab (w ai s (w ao (av ar O P Q R l ae (S aw (ap ae T am) aa (U V g ax af ap W X ax ac Y Z ao)))))))))
A c au w l B ak (C D (ai (p at j ad av (a ai av ag (a ao o) aa)) q ac ag w ae b b x am i ah s f l x x (x l w w aa (aq (ax aa at ag (E e (w d) ah F (y (z ay) G c an m (H aq I ag j al q) J) ai av am) ah) ap aj ap) aq aa) aw (ac (aq (ax aa at ag (E e (w d) ah F (y (z ay) G c an m (H aq I ag j al q) J) ai av am) ah) ap aj)) av ae (r aj aj f) i al l k ac f l (K L b j aj aw av s r) i ac) M (N j (al f ai (ab (w ai s (w ao (av ar O P Q R l ae (S aw (ap ae T am) aa (U V g ax af ap W X ax ac Y Z ao)))))))))
A c au w l B ak (C D (r v aa k al q k d aj af b (p at j ad av (a ai av ag (a ao o) aa)) ak (ae af ak) b x am i ah s f l x x (x l w w aa (aq (ax aa at ag (E e (w d) ah F (y (z ay) G c an m (H aq I ag j al q) J) ai av am) ah) ap aj ap) aq aa) aw (ac (aq (ax aa at ag (E e (w d) ah F (y (z ay) G c an m (H aq I ag j al q) J) ai av am) ah) ap aj)) av ae (r aj aj f) i al l k ac f l (K L b j aj aw av s r) i ac) M (N j (al f ai (ab (w ai s (w ao (av ar O P Q R l ae (S aw (ap ae T am) aa (U V g ax af ap W X ax ac Y Z ao)))))))))
A c au w l B ak (C D (ap ai (av z) aa l ab av aj af b (p at j ad av (a ai av ag (a ao o) aa)) ak (ae af ak) b x am i ah s f l x x (x l w w aa (aq (ax aa at ag (E e (w d) ah F (y (z ay) G c an m (H aq I ag j al q) J) ai av am) ah) ap aj ap) aq aa) aw (ac (aq (ax aa at ag (E e (w d) ah F (y (z ay) G c an m (H aq I ag j al q) J) ai av am) ah) ap aj)) av ae (r aj aj f) i al l k ac f l (K L b j aj aw av s r) i ac) M (N j (al f ai (ab (w ai s (w ao (av ar O P Q R l ae (S aw (ap ae T am) aa (U V g ax af ap W X ax ac Y Z ao)))))))))
A c au w l B ak (C D (l r at f x e b (av z) m z al y (b m am ak) aj af b (p at j ad av (a ai av ag (a ao o) aa)) ak (ae af ak) b x am i ah s f l x x (x l w w aa (aq (ax aa at ag (E e (w d) ah F (y (z ay) G c an m (H aq I ag j al q) J) ai av am) ah) ap aj ap) aq aa) aw (ac (aq (ax aa at ag (E e (w d) ah F (y (z ay) G c an m (H aq I ag j al q) J) ai av am) ah) ap aj)) av ae (r aj aj f) i al l k ac f l (K L b j aj aw av s r) i ac) M (N j (al f ai (ab (w ai s (w ao (av ar O P Q R l ae (S aw (ap ae T am) aa (U V g ax af ap W X ax ac Y Z ao)))))))))
A c au w l B ak (C D (ac ar w ab ar ao e v an av ak e b (av z) m z al y (b m am ak) aj af b (p at j ad av (a ai av ag (a ao o) aa)) ak (ae af ak) b x am i ah s f l x x (x l w w aa (aq (ax aa at ag (E e (w d) ah F (y (z ay) G c an m (H aq I ag j al q) J) ai av am) ah) ap aj ap) aq aa) aw (ac (aq (ax aa at ag (E e (w d) ah F (y (z ay) G c an m (H aq I ag j al q) J) ai av am) ah) ap aj)) av ae (r aj aj f) i al l k ac f l (K L b j aj aw av s r) i ac) M (N j (al f ai (ab (w ai s (w ao (av ar O P Q R l ae (S aw (ap ae T am) aa (U V g ax af ap W X ax ac Y Z ao)))))))))
A c au w l B ak (C D (b ag u ag (ar at k l) ar (ar q) ab ah ao e v an av ak e b (av z) m z al y (b m am ak) aj af b (p at j ad av (a ai av ag (a ao o) aa)) ak (ae af ak) b x am i ah s f l x x (x l w w aa (aq (ax aa at ag (E e (w d) ah F (y (z ay) G c an m (H aq I ag j al q) J) ai av am) ah) ap aj ap) aq aa) aw (ac (aq (ax aa at ag (E e (w d) ah F (y (z ay) G c an m (H aq I ag j al q) J) ai av am) ah) ap aj)) av ae (r aj aj f) i al l k ac f l (K L b j aj aw av s r) i ac) M (N j (al f ai (ab (w ai s (w ao (av ar O P Q R l ae (S aw (ap ae T am) aa (U V g ax af ap W X ax ac Y Z ao)))))))))
A c au w l B ak (C D (aw (ar q) ag v s n ap o aj ag ac ag u v an ah ao e v an av ak e b (av z) m z al y (b m am ak) aj af b (p at j ad av (a ai av ag (a ao o) aa)) ak (ae af ak) b x am i ah s f l x x (x l w w aa (aq (ax aa at ag (E e (w d) ah F (y (z ay) G c an m (H aq I ag j al q) J) ai av am) ah) ap aj ap) aq aa) aw (ac (aq (ax aa at ag (E e (w d) ah F (y (z ay) G c an m (H aq I ag j al q) J) ai av am) ah) ap aj)) av ae (r aj aj f) i al l k ac f l (K L b j aj aw av s r) i ac) M (N j (al f ai (ab (w ai s (w ao (av ar O P Q R l ae (S aw (ap ae T am) aa (U V g ax af ap W X ax ac Y Z ao)))))))))
A c au w l B ak (C D (ae (p ap n ad ai ah) v aj ag ac ag u v an ah ao e v an av ak e b (av z) m z al y (b m am ak) aj af b (p at j ad av (a ai av ag (a ao o) aa)) ak (ae af ak) b x am i ah s f l x x (x l w w aa (aq (ax aa at ag (E e (w d) ah F (y (z ay) G c an m (H aq I ag j al q) J) ai av am) ah) ap aj ap) aq aa) aw (ac (aq (ax aa at ag (E e (w d) ah F (y (z ay) G c an m (H aq I ag j al q) J) ai av am) ah) ap aj)) av ae (r aj aj f) i al l k ac f l (K L b j aj aw av s r) i ac) M (N j (al f ai (ab (w ai s (w ao (av ar O P Q R l ae (S aw (ap ae T am) aa (U V g ax af ap W X ax ac Y Z ao)))))))))
A c au w l B ak (C D (i y t aj ay ad ax t w (aw ao y) an ah ao e v an av ak e b (av z) m z al y (b m am ak) aj af b (p at j ad av (a ai av ag (a ao o) aa)) ak (ae af ak) b x am i ah s f l x x (x l w w aa (aq (ax aa at ag (E e (w d) ah F (y (z ay) G c an m (H aq I ag j al q) J) ai av am) ah) ap aj ap) aq aa) aw (ac (aq (ax aa at ag (E e (w d) ah F (y (z ay) G c an m (H aq I ag j al q) J) ai av am) ah) ap aj)) av ae (r aj aj f) i al l k ac f l (K L b j aj aw av s r) i ac) M (N j (al f ai (ab (w ai s (w ao (av ar O P Q R l ae (S aw (ap ae T am) aa (U V g ax af ap W X ax ac Y Z ao)))))))))
A c au w l B ak (C D (am y l ar y q y ao y ak e ad y ab m ab t aj ay ad ax t w (aw ao y) an ah ao e v an av ak e b (av z) m z al y (b m am ak) aj af b (p at j ad av (a ai av ag (a ao o) aa)) ak (ae af ak) b x am i ah s f l x x (x l w w aa (aq (ax aa at ag (E e (w d) ah F (y (z ay) G c an m (H aq I ag j al q) J) ai av am) ah) ap aj ap) aq aa) aw (ac (aq (ax aa at ag (E e (w d) ah F (y (z ay) G c an m (H aq I ag j al q) J) ai av am) ah) ap aj)) av ae (r aj aj f) i al l k ac f l (K L b j aj aw av s r) i ac) M (N j (al f ai (ab (w ai s (w ao (av ar O P Q R l ae (S aw (ap ae T am) aa (U V g ax af ap W X ax ac Y Z ao)))))))))
A c au w l B ak (C D (ac (v o) ar f q an e y au av (ae y aq u) ak e ad y ab m ab t aj ay ad ax t w (aw ao y) an ah ao e v an av ak e b (av z) m z al y (b m am ak) aj af b (p at j ad av (a ai av ag (a ao o) aa)) ak (ae af ak) b x am i ah s f l x x (x l w w aa (aq (ax aa at ag (E e (w d) ah F (y (z ay) G c an m (H aq I ag j al q) J) ai av am) ah) ap aj ap) aq aa) aw (ac (aq (ax aa at ag (E e (w d) ah F (y (z ay) G c an m (H aq I ag j al q) J) ai av am) ah) ap aj)) av ae (r aj aj f) i al l k ac f l (K L b j aj aw av s r) i ac) M (N j (al f ai (ab (w ai s (w ao (av ar O P Q R l ae (S aw (ap ae T am) aa (U V g ax af ap W X ax ac Y Z ao)))))))))
A c au w l B ak (C D (b ag u ag (q at k l) q (v o q) f ah an e y au av (ae y aq u) ak e ad y ab m ab t aj ay ad ax t w (aw ao y) an ah ao e v an av ak e b (av z) m z al y (b m am ak) aj af b (p at j ad av (a ai av ag (a ao o) aa)) ak (ae af ak) b x am i ah s f l x x (x l w w aa (aq (ax aa at ag (E e (w d) ah F (y (z ay) G c an m (H aq I ag j al q) J) ai av am) ah) ap aj ap) aq aa) aw (ac (aq (ax aa at ag (E e (w d) ah F (y (z ay) G c an m (H aq I ag j al q) J) ai av am) ah) ap aj)) av ae (r aj aj f) i al l k ac f l (K L b j aj aw av s r) i ac) M (N j (al f ai (ab (w ai s (w ao (av ar O P Q R l ae (S aw (ap ae T am) aa (U V g ax af ap W X ax ac Y Z ao)))))))))
A c au w l B ak (C D (aw (v o q) ag v s n ap o aj ag ac ag u v an ah an e y au av (ae y aq u) ak e ad y ab m ab t aj ay ad ax t w (aw ao y) an ah ao e v an av ak e b (av z) m z al y (b m am ak) aj af b (p at j ad av (a ai av ag (a ao o) aa)) ak (ae af ak) b x am i ah s f l x x (x l w w aa (aq (ax aa at ag (E e (w d) ah F (y (z ay) G c an m (H aq I ag j al q) J) ai av am) ah) ap aj ap) aq aa) aw (ac (aq (ax aa at ag (E e (w d) ah F (y (z ay) G c an m (H aq I ag j al q) J) ai av am) ah) ap aj)) av ae (r aj aj f) i al l k ac f l (K L b j aj aw av s r) i ac) M (N j (al f ai (ab (w ai s (w ao (av ar O P Q R l ae (S aw (ap ae T am) aa (U V g ax af ap W X ax ac Y Z ao)))))))))
A c au w l B ak (C D (ae (p ap n ad ai ah) v aj ag ac ag u v an ah an e y au av (ae y aq u) ak e ad y ab m ab t aj ay ad ax t w (aw ao y) an ah ao e v an av ak e b (av z) m z al y (b m am ak) aj af b (p at j ad av (a ai av ag (a ao o) aa)) ak (ae af ak) b x am i ah s f l x x (x l w w aa (aq (ax aa at ag (E e (w d) ah F (y (z ay) G c an m (H aq I ag j al q) J) ai av am) ah) ap aj ap) aq aa) aw (ac (aq (ax aa at ag (E e (w d) ah F (y (z ay) G c an m (H aq I ag j al q) J) ai av am) ah) ap aj)) av ae (r aj aj f) i al l k ac f l (K L b j aj aw av s r) i ac) M (N j (al f ai (ab (w ai s (w ao (av ar O P Q R l ae (S aw (ap ae T am) aa (U V g ax af ap W X ax ac Y Z ao)))))))))
A c au w l B ak (C D (i y t aj ay ad ax t w (aw ao y) an ah an e y au av (ae y aq u) ak e ad y ab m ab t aj ay ad ax t w (aw ao y) an ah ao e v an av ak e b (av z) m z al y (b m am ak) aj af b (p at j ad av (a ai av ag (a ao o) aa)) ak (ae af ak) b x am i ah s f l x x (x l w w aa (aq (ax aa at ag (E e (w d) ah F (y (z ay) G c an m (H aq I ag j al q) J) ai av am) ah) ap aj ap) aq aa) aw (ac (aq (ax aa at ag (E e (w d) ah F (y (z ay) G c an m (H aq I ag j al q) J) ai av am) ah) ap aj)) av ae (r aj aj f) i al l k ac f l (K L b j aj aw av s r) i ac) M (N j (al f ai (ab (w ai s (w ao (av ar O P Q R l ae (S aw (ap ae T am) aa (U V g ax af ap W X ax ac Y Z ao)))))))))
A c au w l B ak (C D (am y l ar y q y ao y ak e ad y ab m ab t aj ay ad ax t w (aw ao y) an ah an e y au av (ae y aq u) ak e ad y ab m ab t aj ay ad ax t w (aw ao y) an ah ao e v an av ak e b (av z) m z al y (b m am ak) aj af b (p at j ad av (a ai av ag (a ao o) aa)) ak (ae af ak) b x am i ah s f l x x (x l w w aa (aq (ax aa at ag (E e (w d) ah F (y (z ay) G c an m (H aq I ag j al q) J) ai av am) ah) ap aj ap) aq aa) aw (ac (aq (ax aa at ag (E e (w d) ah F (y (z ay) G c an m (H aq I ag j al q) J) ai av am) ah) ap aj)) av ae (r aj aj f) i al l k ac f l (K L b j aj aw av s r) i ac) M (N j (al f ai (ab (w ai s (w ao (av ar O P Q R l ae (S aw (ap ae T am) aa (U V g ax af ap W X ax ac Y Z ao)))))))))
A c au w l B ak (C D (ac (v o) ar f q an e y au av (ae y aq u) ak e ad y ab m ab t aj ay ad ax t w (aw ao y) an ah an e y au av (ae y aq u) ak e ad y ab m ab t aj ay ad ax t w (aw ao y) an ah ao e v an av ak e b (av z) m z al y (b m am ak) aj af b (p at j ad av (a ai av ag (a ao o) aa)) ak (ae af ak) b x am i ah s f l x x (x l w w aa (aq (ax aa at ag (E e (w d) ah F (y (z ay) G c an m (H aq I ag j al q) J) ai av am) ah) ap aj ap) aq aa) aw (ac (aq (ax aa at ag (E e (w d) ah F (y (z ay) G c an m (H aq I ag j al q) J) ai av am) ah) ap aj)) av ae (r aj aj f) i al l k ac f l (K L b j aj aw av s r) i ac) M (N j (al f ai (ab (w ai s (w ao (av ar O P Q R l ae (S aw (ap ae T am) aa (U V g ax af ap W X ax ac Y Z ao)))))))))
A c au w l B ak (C D (b ag u ag (q at k l) q (v o q) f ah an e y au av (ae y aq u) ak e ad y ab m ab t aj ay ad ax t w (aw ao y) an ah an e y au av (ae y aq u) ak e ad y ab m ab t aj ay ad ax t w (aw ao y) an ah ao e v an av ak e b (av z) m z al y (b m am ak) aj af b (p at j ad av (a ai av ag (a ao o) aa)) ak (ae af ak) b x am i ah s f l x x (x l w w aa (aq (ax aa at ag (E e (w d) ah F (y (z ay) G c an m (H aq I ag j al q) J) ai av am) ah) ap aj ap) aq aa) aw (ac (aq (ax aa at ag (E e (w d) ah F (y (z ay) G c an m (H aq I ag j al q) J) ai av am) ah) ap aj)) av ae (r aj aj f) i al l k ac f l (K L b j aj aw av s r) i ac) M (N j (al f ai (ab (w ai s (w ao (av ar O P Q R l ae (S aw (ap ae T am) aa (U V g ax af ap W X ax ac Y Z ao)))))))))
A c au w l B ak (C D (aw (v o q) ag v s n ap o aj ag ac ag u v an ah an e y au av (ae y aq u) ak e ad y ab m ab t aj ay ad ax t w (aw ao y) an ah an e y au av (ae y aq u) ak e ad y ab m ab t aj ay ad ax t w (aw ao y) an ah ao e v an av ak e b (av z) m z al y (b m am ak) aj af b (p at j ad av (a ai av ag (a ao o) aa)) ak (ae af ak) b x am i ah s f l x x (x l w w aa (aq (ax aa at ag (E e (w d) ah F (y (z ay) G c an m (H aq I ag j al q) J) ai av am) ah) ap aj ap) aq aa) aw (ac (aq (ax aa at ag (E e (w d) ah F (y (z ay) G c an m (H aq I ag j al q) J) ai av am) ah) ap aj)) av ae (r aj aj f) i al l k ac f l (K L b j aj aw av s r) i ac) M (N j (al f ai (ab (w ai s (w ao (av ar O P Q R l ae (S aw (ap ae T am) aa (U V g ax af ap W X ax ac Y Z ao)))))))))
A c au w l B ak (C D (ae (p ap n ad ai ah) v aj ag ac ag u v an ah an e y au av (ae y aq u) ak e ad y ab m ab t aj ay ad ax t w (aw ao y) an ah an e y au av (ae y aq u) ak e ad y ab m ab t aj ay ad ax t w (aw ao y) an ah ao e v an av ak e b (av z) m z al y (b m am ak) aj af b (p at j ad av (a ai av ag (a ao o) aa)) ak (ae af ak) b x am i ah s f l x x (x l w w aa (aq (ax aa at ag (E e (w d) ah F (y (z ay) G c an m (H aq I ag j al q) J) ai av am) ah) ap aj ap) aq aa) aw (ac (aq (ax aa at ag (E e (w d) ah F (y (z ay) G c an m (H aq I ag j al q) J) ai av am) ah) ap aj)) av ae (r aj aj f) i al l k ac f l (K L b j aj aw av s r) i ac) M (N j (al f ai (ab (w ai s (w ao (av ar O P Q R l ae (S aw (ap ae T am) aa (U V g ax af ap W X ax ac Y Z ao)))))))))
A c au w l B ak (C D (i y t aj ay ad ax t w (aw ao y) an ah an e y au av (ae y aq u) ak e ad y ab m ab t aj ay ad ax t w (aw ao y) an ah an e y au av (ae y aq u) ak e ad y ab m ab t aj ay ad ax t w (aw ao y) an ah ao e v an av ak e b (av z) m z al y (b m am ak) aj af b (p at j ad av (a ai av ag (a ao o) aa)) ak (ae af ak) b x am i ah s f l x x (x l w w aa (aq (ax aa at ag (E e (w d) ah F (y (z ay) G c an m (H aq I ag j al q) J) ai av am) ah) ap aj ap) aq aa) aw (ac (aq (ax aa at ag (E e (w d) ah F (y (z ay) G c an m (H aq I ag j al q) J) ai av am) ah) ap aj)) av ae (r aj aj f) i al l k ac f l (K L b j aj aw av s r) i ac) M (N j (al f ai (ab (w ai s (w ao (av ar O P Q R l ae (S aw (ap ae T am) aa (U V g ax af ap W X ax ac Y Z ao)))))))))


