a be ba bc bd bg az bf bb = z e ah bd z (bb aq am) d au (t w m)
b bc bg bd bb bf az be ba = ac w (ap f) t ao a az ap p ak w at c o
c ba az bb bc bf bd be = ax y aw bc b az w (av f m) an
d az bd bc ba bg bb be bf = ay aq (n j (ai am ar (ax n c) af bb ag ao))
e bc bb ba bf be az bd = aj at ax am j (ba ax bd ag d)
f az be bb ba bg bf bd bc = ax (ak q bb ao j) aq bf be be i l
g bb ba az bf bg bd be bc = a (av bg) af e (bf z (j bd)) i u aj bg j
h az be bc ba bd bb = av (u ao) (ba d t k o n) av f
i ba bd az bb bc = d af ap aw af ba (s ap ba p aa ag (r h) ak)
j bd ba az bb bc = f v w ad w bd ac (aw ac) am ao ae ay p y aw
k az bd bc ba bb = ab ae d v z f ah av b x (b (ad az q d))
l bb az bc bd ba = ai an h ab az f bb (af an au) aa
m bg bc be bb bd ba az bf = ap (aw am ba af (ba x (n bf k at)) g) n l ae
n bg bc az bb bf ba be bd = h (u (aw (aq t) f be) bg az bc r h) o k at
o bd bc ba az bb = az aw l ba m l (u ac bd ac z l) bb am ad
p bb be az bd bc bf ba = an aa (ag (a v s az)) ao y
q az ba bb bd bc = s ap f ao bc p v l ai ad b h al a x u
r be bf bc bd bb az ba = v f ao (n ag)
s ba bc az be bd bb = r bc ag ay (am (r ab t))
t bd az bc bb be ba bf = x q ao bc aa g w ae b (am g) an
u bc ba bb bd az = s g t bb x aw (v ac av)
v bc az ba be bb bg bd bf = f f k bg
w be bd bb bc az ba = az a bc f y ah ax ah h q
x ba az = ad (h s o z) r ay a aj o p az
y bg bb be az ba bc bd bf = r ai p ba at l o ai (q q bg ap) av
z be bb bf bg az ba bd bc = ap ba bf bb d aa av r x o d q aa
aa ba be bc bd bf az bb bg = bb aw aq ad f g be t (au aw (p z az ap ar ag))
ab be bc bd az bb ba = ba (az t n) af ap ad j ba bd aq ac bc
ac be ba bc bb bd az = af au af h n e ax aj be k g
ad az be bd bb bc ba = ap (ay aq at q aa (i (av ba bc af z) p r))
ae ba bc bf az be bb bd = s bb (q at af ab (bf r e ai (ab ap i s) at))
af bf be bd bc ba bb az = m (ac a (m b c) b (ak (f c ar at) q ar bf al))
ag ba az bb = an (o (ai (o aw n q (i (b ap n) ba) b ak bb)))
ah bb be bd bf ba bc az = au l ac (m n) bb (av (p j t k at) ar) ac
ai az = ao ap h ax v ay (p (ad x ap) am s z)
aj bd bc az ba bb = am ao w am t f (ac (u s ap am au) (ae au)) e f
ak az ba = e aj f (s az z az n ai av (m s an) t z ag)
al az bc bd ba bb = ao y (af (h (bd (ay az bc w) av k ba g m)))
am bg az bd be bc bf bb ba = c ad z f bg af u (n p)
an bd ba be bb bc bf az = f (ap ap bf g y n ab p (bc (aw q ar) s az b))
ao bf ba be az bg bd bb bc = bb o (h (e (at ac) k av ay t aa ae)) at j bf
ap bf be bb bg ba bd bc az = bd ay b (at e (bc ad)) aa bf k
aq bb ba az bc = ap (c (q ag i u (ak at ag ag ab) af b) ar)
ar ba bb az bc = bb ak an ay l bc ba aw al z
at be ba bc bb az bd = af m au (l v (az bc) (bb f ag k))
au bb az ba = am ap ap az ah i ad az x t w a aq
av bb be bd ba az bc = e t p (e ad (g aj)) aa bb ai an (au k) ak
aw az ba be bg bd bc bf bb = ad ay k b (q c t ak bb o j (az ak z v))
ax ba bd bb bg bf bc az be = u ai (p ae (ar d) (u v bg) av i)
ay bb ba bc az bd = l ab v ag ai q (aw l ag)
main = c an ai s m (ar k au at y t t) ah A B (C (D E (w r u F) ay ab G h H av (I J v) t) ai) K L M N at at O (P b (Q o)) q ap R ah S (a g z ae (T (at U l ap ae (V ah) z (o at ai an ae a ax l (f e ar (W ae X ae s (o (Y af))) (Z AA ab aa ay e r (ay u) ak j ao ae o) ah at r AB) ax))))
------------------------------------------------------------
c an ai s m (ar k au at y t t) ah A B (C (D E (w r u F) ay ab G h H av (I J v) t) ai) K L M N at at O (P b (Q o)) q ap R ah S (a g z ae (T (at U l ap ae (V ah) z (o at ai an ae a ax l (f e ar (W ae X ae s (o (Y af))) (Z AA ab aa ay e r (ay u) ak j ao ae o) ah at r AB) ax))))
ax y aw m b ai w (av f m) an B (C (D E (w r u F) ay ab G h H av (I J v) t) ai) K L M N at at O (P b (Q o)) q ap R ah S (a g z ae (T (at U l ap ae (V ah) z (o at ai an ae a ax l (f e ar (W ae X ae s (o (Y af))) (Z AA ab aa ay e r (ay u) ak j ao ae o) ah at r AB) ax))))
u ai (p ae (ar d) (u v b) av i) B (C (D E (w r u F) ay ab G h H av (I J v) t) ai) K L M N at at O (P b (Q o)) q ap R ah S (a g z ae (T (at U l ap ae (V ah) z (o at ai an ae a ax l (f e ar (W ae X ae s (o (Y af))) (Z AA ab aa ay e r (ay u) ak j ao ae o) ah at r AB) ax))))
s g t B x aw (v ac av) L M N at at O (P b (Q o)) q ap R ah S (a g z ae (T (at U l ap ae (V ah) z (o at ai an ae a ax l (f e ar (W ae X ae s (o (Y af))) (Z AA ab aa ay e r (ay u) ak j ao ae o) ah at r AB) ax))))
r t ag ay (am (r ab t)) L M N at at O (P b (Q o)) q ap R ah S (a g z ae (T (at U l ap ae (V ah) z (o at ai an ae a ax l (f e ar (W ae X ae s (o (Y af))) (Z AA ab aa ay e r (ay u) ak j ao ae o) ah at r AB) ax))))
v f ao (n ag) at at O (P b (Q o)) q ap R ah S (a g z ae (T (at U l ap ae (V ah) z (o at ai an ae a ax l (f e ar (W ae X ae s (o (Y af))) (Z AA ab aa ay e r (ay u) ak j ao ae o) ah at r AB) ax))))
f f k O ap R ah S (a g z ae (T (at U l ap ae (V ah) z (o at ai an ae a ax l (f e ar (W ae X ae s (o (Y af))) (Z AA ab aa ay e r (ay u) ak j ao ae o) ah at r AB) ax))))
ax (ak q O ao j) aq ah k k i l
ax (e aj f (s q z q n ai av (m s an) t z ag) ao j) aq ah k k i l
ax (e aj f (r z ag ay (am (r ab t)) (m s an) t z ag) ao j) aq ah k k i l
ax (e aj f (v f ao (n ag) ag) ao j) aq ah k k i l


