a ba az = ar t ba ar aa (az r (w ax x) az ai af)
b ba bb bc az = c w t bb p (ao bb aj (ae ay) ak) ag ae q i
c az ba bc bb be bd = al ay ba l (a ap au at) ar (ap s (ae m ab) am) ae
d ba bc az bb = ak s s ax s (ax c av o av az o aq)
e az ba = al p ac p ac ar an (w ai u) au ao af (f c)
f bc be bb az bf bg ba bd = s (ao an s bc at ay)
g az bc bb ba = z an d ba e ak aa aq b af (w al) x
h bg bc bf az be ba bb bd = ah y ao bb ao (c o az ax s)
i bf bd bb az bc be ba = ax x at ay n j k ag r w k ak (at f)
j bc bb ba az = aj f a an az
k be bc az bg bf bb ba bd = z ah (b o b ae y (bd n s az))
l bb az ba bc = al al ac k at r ah (z az av e x i) c bc
m bf ba bd az bc bb be = n l t ac w (g (ah (am a aq at ao) s))
n bf bg az be bc bb bd ba = t am az aa o
o ba az bb = v ag at ag az aq ap ah ba
p bg bd az bb ba bc bf be = x ar af am ar ah ax c (l (h ab) (ac x h g))
q az bb ba = aa b az e aq ba u l ap
r bc bb bd bg be az ba bf = c (j (q af h ba) ac an ad v) q n ba o
s bb be ba bd az bc = aw aj ah v n h f au av aj ar ax ao
t az ba bc bb = s (ao y w) (e au aa a r a g ae)
u ba bd bb az bc = ac ay s (t e (at (al (af ba au az bd al f))))
v bc bd az ba bb = aj (ah ah at au ba an y al)
w az bd be ba bb bc = j (ak ak d) (j j ak bb q f ap ap bc i)
x ba bf be bd bb az bg bc = f n az az bb n bf w e
y ba bd bb bc az = i s ba aj
z az ba = c w an az p
aa bd ba az bc bb be = ao n t y au r m b c ae c ay n bc (u bc)
ab bd az be bc bb ba bf = k p au aj z a (ah ag) bb (j y ah) au ac
ac ba az = an (aa n ba) g ai p
ad az = i an d s ax q n az o ap am l
ae bc ba bb bd az = p e aj m i n (k am a bc)
af bf be ba bd bc bb az = s ab z (r (ai b al) an z d g) o aq (d ax)
ag az = az az w ae am ac ae j
ah bb bc ba bd az = q ay (an t r o)
ai bb az bd bg bc bf ba be = ac be t j an bg k f r v (ag aj) t y
aj bg be bc ba az bd bf bb = az ao d (ac i i ah) ak a bg aa l
ak ba bc bb az = s ba y g ap u x n h ab ao (w al f bb) ad
al ba az = e i e ba ai av aa an av ak y g a
am ba bb az bc = bb ag bc x j (i t)
an bf be bd bb bc az ba = af ao bb (af h x)
ao bb bf ba bd be az bg bc = af at i aj ax ap ad h
ap bd be bc ba bb az = o s w af ay l (q i j)
aq az ba = ay aa q k al (r j) q ak af f o
ar be ba az bb bd bc = bb b at aw ao au ak be ak al ax bb u q ad
at bb bf bc bd be bg az ba = b ax u b f y ao an (aq bd bd (av x z ac q))
au az bb ba = am y (ar i) aw r ba ba av (e bb (ax aa az ar))
av az ba = n af aa o aq i h s an (y i y)
aw bd bg bf bb ba be bc az = ak l al y at t ah c af
ax be bc bb az bd ba = bb n b (b am (bd (w bd ba au aq)))
ay ba bd az bc bb be bf = av ar ap bb e am z c m aa (aj am) j
main = A b ag B C ao f w D c E o (w ak) F (an ax o aq (s (l o u ax ag ah av ai) an) (aa i b G ah d ag (H (I b ab) J K aq an j at L (M s f N) ag j an (ap r w ar s O w) aw ap P) am ae af (aa h (z av (v x (Q z (R p at S ag ae (T d U z) r u) (u am an s aa V al au aq ag) af aj) b)))))
------------------------------------------------------------
A b ag B C ao f w D c E o (w ak) F (an ax o aq (s (l o u ax ag ah av ai) an) (aa i b G ah d ag (H (I b ab) J K aq an j at L (M s f N) ag j an (ap r w ar s O w) aw ap P) am ae af (aa h (z av (v x (Q z (R p at S ag ae (T d U z) r u) (u am an s aa V al au aq ag) af aj) b)))))
A b ag B C ao f w D c E o (w ak) F (an ax o aq (s (al al ac k at r ah (z u av e x i) c ag ah av ai) an) (aa i b G ah d ag (H (I b ab) J K aq an j at L (M s f N) ag j an (ap r w ar s O w) aw ap P) am ae af (aa h (z av (v x (Q z (R p at S ag ae (T d U z) r u) (u am an s aa V al au aq ag) af aj) b)))))
A b ag B C ao f w D c E o (w ak) F (an ax o aq (s (e i e al ai av aa an av ak y g a k at r ah (z u av e x i) c ag ah av ai) an) (aa i b G ah d ag (H (I b ab) J K aq an j at L (M s f N) ag j an (ap r w ar s O w) aw ap P) am ae af (aa h (z av (v x (Q z (R p at S ag ae (T d U z) r u) (u am an s aa V al au aq ag) af aj) b)))))
A b ag B C ao f w D c E o (w ak) F (an ax o aq (s (al p ac p ac ar an (w ai u) au ao af (f c) al ai av aa an av ak y g a k at r ah (z u av e x i) c ag ah av ai) an) (aa i b G ah d ag (H (I b ab) J K aq an j at L (M s f N) ag j an (ap r w ar s O w) aw ap P) am ae af (aa h (z av (v x (Q z (R p at S ag ae (T d U z) r u) (u am an s aa V al au aq ag) af aj) b)))))
A b ag B C ao f w D c E o (w ak) F (an ax o aq (s (e i e p ai av aa an av ak y g a p ac ar an (w ai u) au ao af (f c) al ai av aa an av ak y g a k at r ah (z u av e x i) c ag ah av ai) an) (aa i b G ah d ag (H (I b ab) J K aq an j at L (M s f N) ag j an (ap r w ar s O w) aw ap P) am ae af (aa h (z av (v x (Q z (R p at S ag ae (T d U z) r u) (u am an s aa V al au aq ag) af aj) b)))))
A b ag B C ao f w D c E o (w ak) F (an ax o aq (s (al p ac p ac ar an (w ai u) au ao af (f c) p ai av aa an av ak y g a p ac ar an (w ai u) au ao af (f c) al ai av aa an av ak y g a k at r ah (z u av e x i) c ag ah av ai) an) (aa i b G ah d ag (H (I b ab) J K aq an j at L (M s f N) ag j an (ap r w ar s O w) aw ap P) am ae af (aa h (z av (v x (Q z (R p at S ag ae (T d U z) r u) (u am an s aa V al au aq ag) af aj) b)))))
A b ag B C ao f w D c E o (w ak) F (an ax o aq (s (e i e p ai av aa an av ak y g a p ac ar an (w ai u) au ao af (f c) p ai av aa an av ak y g a p ac ar an (w ai u) au ao af (f c) al ai av aa an av ak y g a k at r ah (z u av e x i) c ag ah av ai) an) (aa i b G ah d ag (H (I b ab) J K aq an j at L (M s f N) ag j an (ap r w ar s O w) aw ap P) am ae af (aa h (z av (v x (Q z (R p at S ag ae (T d U z) r u) (u am an s aa V al au aq ag) af aj) b)))))
A b ag B C ao f w D c E o (w ak) F (an ax o aq (s (al p ac p ac ar an (w ai u) au ao af (f c) p ai av aa an av ak y g a p ac ar an (w ai u) au ao af (f c) p ai av aa an av ak y g a p ac ar an (w ai u) au ao af (f c) al ai av aa an av ak y g a k at r ah (z u av e x i) c ag ah av ai) an) (aa i b G ah d ag (H (I b ab) J K aq an j at L (M s f N) ag j an (ap r w ar s O w) aw ap P) am ae af (aa h (z av (v x (Q z (R p at S ag ae (T d U z) r u) (u am an s aa V al au aq ag) af aj) b)))))
A b ag B C ao f w D c E o (w ak) F (an ax o aq (s (e i e p ai av aa an av ak y g a p ac ar an (w ai u) au ao af (f c) p ai av aa an av ak y g a p ac ar an (w ai u) au ao af (f c) p ai av aa an av ak y g a p ac ar an (w ai u) au ao af (f c) al ai av aa an av ak y g a k at r ah (z u av e x i) c ag ah av ai) an) (aa i b G ah d ag (H (I b ab) J K aq an j at L (M s f N) ag j an (ap r w ar s O w) aw ap P) am ae af (aa h (z av (v x (Q z (R p at S ag ae (T d U z) r u) (u am an s aa V al au aq ag) af aj) b)))))
A b ag B C ao f w D c E o (w ak) F (an ax o aq (s (al p ac p ac ar an (w ai u) au ao af (f c) p ai av aa an av ak y g a p ac ar an (w ai u) au ao af (f c) p ai av aa an av ak y g a p ac ar an (w ai u) au ao af (f c) p ai av aa an av ak y g a p ac ar an (w ai u) au ao af (f c) al ai av aa an av ak y g a k at r ah (z u av e x i) c ag ah av ai) an) (aa i b G ah d ag (H (I b ab) J K aq an j at L (M s f N) ag j an (ap r w ar s O w) aw ap P) am ae af (aa h (z av (v x (Q z (R p at S ag ae (T d U z) r u) (u am an s aa V al au aq ag) af aj) b)))))
A b ag B C ao f w D c E o (w ak) F (an ax o aq (s (e i e p ai av aa an av ak y g a p ac ar an (w ai u) au ao af (f c) p ai av aa an av ak y g a p ac ar an (w ai u) au ao af (f c) p ai av aa an av ak y g a p ac ar an (w ai u) au ao af (f c) p ai av aa an av ak y g a p ac ar an (w ai u) au ao af (f c) al ai av aa an av ak y g a k at r ah (z u av e x i) c ag ah av ai) an) (aa i b G ah d ag (H (I b ab) J K aq an j at L (M s f N) ag j an (ap r w ar s O w) aw ap P) am ae af (aa h (z av (v x (Q z (R p at S ag ae (T d U z) r u) (u am an s aa V al au aq ag) af aj) b)))))
A b ag B C ao f w D c E o (w ak) F (an ax o aq (s (al p ac p ac ar an (w ai u) au ao af (f c) p ai av aa an av ak y g a p ac ar an (w ai u) au ao af (f c) p ai av aa an av ak y g a p ac ar an (w ai u) au ao af (f c) p ai av aa an av ak y g a p ac ar an (w ai u) au ao af (f c) p ai av aa an av ak y g a p ac ar an (w ai u) au ao af (f c) al ai av aa an av ak y g a k at r ah (z u av e x i) c ag ah av ai) an) (aa i b G ah d ag (H (I b ab) J K aq an j at L (M s f N) ag j an (ap r w ar s O w) aw ap P) am ae af (aa h (z av (v x (Q z (R p at S ag ae (T d U z) r u) (u am an s aa V al au aq ag) af aj) b)))))
A b ag B C ao f w D c E o (w ak) F (an ax o aq (s (e i e p ai av aa an av ak y g a p ac ar an (w ai u) au ao af (f c) p ai av aa an av ak y g a p ac ar an (w ai u) au ao af (f c) p ai av aa an av ak y g a p ac ar an (w ai u) au ao af (f c) p ai av aa an av ak y g a p ac ar an (w ai u) au ao af (f c) p ai av aa an av ak y g a p ac ar an (w ai u) au ao af (f c) al ai av aa an av ak y g a k at r ah (z u av e x i) c ag ah av ai) an) (aa i b G ah d ag (H (I b ab) J K aq an j at L (M s f N) ag j an (ap r w ar s O w) aw ap P) am ae af (aa h (z av (v x (Q z (R p at S ag ae (T d U z) r u) (u am an s aa V al au aq ag) af aj) b)))))
A b ag B C ao f w D c E o (w ak) F (an ax o aq (s (al p ac p ac ar an (w ai u) au ao af (f c) p ai av aa an av ak y g a p ac ar an (w ai u) au ao af (f c) p ai av aa an av ak y g a p ac ar an (w ai u) au ao af (f c) p ai av aa an av ak y g a p ac ar an (w ai u) au ao af (f c) p ai av aa an av ak y g a p ac ar an (w ai u) au ao af (f c) p ai av aa an av ak y g a p ac ar an (w ai u) au ao af (f c) al ai av aa an av ak y g a k at r ah (z u av e x i) c ag ah av ai) an) (aa i b G ah d ag (H (I b ab) J K aq an j at L (M s f N) ag j an (ap r w ar s O w) aw ap P) am ae af (aa h (z av (v x (Q z (R p at S ag ae (T d U z) r u) (u am an s aa V al au aq ag) af aj) b)))))
A b ag B C ao f w D c E o (w ak) F (an ax o aq (s (e i e p ai av aa an av ak y g a p ac ar an (w ai u) au ao af (f c) p ai av aa an av ak y g a p ac ar an (w ai u) au ao af (f c) p ai av aa an av ak y g a p ac ar an (w ai u) au ao af (f c) p ai av aa an av ak y g a p ac ar an (w ai u) au ao af (f c) p ai av aa an av ak y g a p ac ar an (w ai u) au ao af (f c) p ai av aa an av ak y g a p ac ar an (w ai u) au ao af (f c) al ai av aa an av ak y g a k at r ah (z u av e x i) c ag ah av ai) an) (aa i b G ah d ag (H (I b ab) J K aq an j at L (M s f N) ag j an (ap r w ar s O w) aw ap P) am ae af (aa h (z av (v x (Q z (R p at S ag ae (T d U z) r u) (u am an s aa V al au aq ag) af aj) b)))))
A b ag B C ao f w D c E o (w ak) F (an ax o aq (s (al p ac p ac ar an (w ai u) au ao af (f c) p ai av aa an av ak y g a p ac ar an (w ai u) au ao af (f c) p ai av aa an av ak y g a p ac ar an (w ai u) au ao af (f c) p ai av aa an av ak y g a p ac ar an (w ai u) au ao af (f c) p ai av aa an av ak y g a p ac ar an (w ai u) au ao af (f c) p ai av aa an av ak y g a p ac ar an (w ai u) au ao af (f c) p ai av aa an av ak y g a p ac ar an (w ai u) au ao af (f c) al ai av aa an av ak y g a k at r ah (z u av e x i) c ag ah av ai) an) (aa i b G ah d ag (H (I b ab) J K aq an j at L (M s f N) ag j an (ap r w ar s O w) aw ap P) am ae af (aa h (z av (v x (Q z (R p at S ag ae (T d U z) r u) (u am an s aa V al au aq ag) af aj) b)))))
A b ag B C ao f w D c E o (w ak) F (an ax o aq (s (e i e p ai av aa an av ak y g a p ac ar an (w ai u) au ao af (f c) p ai av aa an av ak y g a p ac ar an (w ai u) au ao af (f c) p ai av aa an av ak y g a p ac ar an (w ai u) au ao af (f c) p ai av aa an av ak y g a p ac ar an (w ai u) au ao af (f c) p ai av aa an av ak y g a p ac ar an (w ai u) au ao af (f c) p ai av aa an av ak y g a p ac ar an (w ai u) au ao af (f c) p ai av aa an av ak y g a p ac ar an (w ai u) au ao af (f c) al ai av aa an av ak y g a k at r ah (z u av e x i) c ag ah av ai) an) (aa i b G ah d ag (H (I b ab) J K aq an j at L (M s f N) ag j an (ap r w ar s O w) aw ap P) am ae af (aa h (z av (v x (Q z (R p at S ag ae (T d U z) r u) (u am an s aa V al au aq ag) af aj) b)))))
A b ag B C ao f w D c E o (w ak) F (an ax o aq (s (al p ac p ac ar an (w ai u) au ao af (f c) p ai av aa an av ak y g a p ac ar an (w ai u) au ao af (f c) p ai av aa an av ak y g a p ac ar an (w ai u) au ao af (f c) p ai av aa an av ak y g a p ac ar an (w ai u) au ao af (f c) p ai av aa an av ak y g a p ac ar an (w ai u) au ao af (f c) p ai av aa an av ak y g a p ac ar an (w ai u) au ao af (f c) p ai av aa an av ak y g a p ac ar an (w ai u) au ao af (f c) p ai av aa an av ak y g a p ac ar an (w ai u) au ao af (f c) al ai av aa an av ak y g a k at r ah (z u av e x i) c ag ah av ai) an) (aa i b G ah d ag (H (I b ab) J K aq an j at L (M s f N) ag j an (ap r w ar s O w) aw ap P) am ae af (aa h (z av (v x (Q z (R p at S ag ae (T d U z) r u) (u am an s aa V al au aq ag) af aj) b)))))
A b ag B C ao f w D c E o (w ak) F (an ax o aq (s (e i e p ai av aa an av ak y g a p ac ar an (w ai u) au ao af (f c) p ai av aa an av ak y g a p ac ar an (w ai u) au ao af (f c) p ai av aa an av ak y g a p ac ar an (w ai u) au ao af (f c) p ai av aa an av ak y g a p ac ar an (w ai u) au ao af (f c) p ai av aa an av ak y g a p ac ar an (w ai u) au ao af (f c) p ai av aa an av ak y g a p ac ar an (w ai u) au ao af (f c) p ai av aa an av ak y g a p ac ar an (w ai u) au ao af (f c) p ai av aa an av ak y g a p ac ar an (w ai u) au ao af (f c) al ai av aa an av ak y g a k at r ah (z u av e x i) c ag ah av ai) an) (aa i b G ah d ag (H (I b ab) J K aq an j at L (M s f N) ag j an (ap r w ar s O w) aw ap P) am ae af (aa h (z av (v x (Q z (R p at S ag ae (T d U z) r u) (u am an s aa V al au aq ag) af aj) b)))))
A b ag B C ao f w D c E o (w ak) F (an ax o aq (s (al p ac p ac ar an (w ai u) au ao af (f c) p ai av aa an av ak y g a p ac ar an (w ai u) au ao af (f c) p ai av aa an av ak y g a p ac ar an (w ai u) au ao af (f c) p ai av aa an av ak y g a p ac ar an (w ai u) au ao af (f c) p ai av aa an av ak y g a p ac ar an (w ai u) au ao af (f c) p ai av aa an av ak y g a p ac ar an (w ai u) au ao af (f c) p ai av aa an av ak y g a p ac ar an (w ai u) au ao af (f c) p ai av aa an av ak y g a p ac ar an (w ai u) au ao af (f c) p ai av aa an av ak y g a p ac ar an (w ai u) au ao af (f c) al ai av aa an av ak y g a k at r ah (z u av e x i) c ag ah av ai) an) (aa i b G ah d ag (H (I b ab) J K aq an j at L (M s f N) ag j an (ap r w ar s O w) aw ap P) am ae af (aa h (z av (v x (Q z (R p at S ag ae (T d U z) r u) (u am an s aa V al au aq ag) af aj) b)))))
A b ag B C ao f w D c E o (w ak) F (an ax o aq (s (e i e p ai av aa an av ak y g a p ac ar an (w ai u) au ao af (f c) p ai av aa an av ak y g a p ac ar an (w ai u) au ao af (f c) p ai av aa an av ak y g a p ac ar an (w ai u) au ao af (f c) p ai av aa an av ak y g a p ac ar an (w ai u) au ao af (f c) p ai av aa an av ak y g a p ac ar an (w ai u) au ao af (f c) p ai av aa an av ak y g a p ac ar an (w ai u) au ao af (f c) p ai av aa an av ak y g a p ac ar an (w ai u) au ao af (f c) p ai av aa an av ak y g a p ac ar an (w ai u) au ao af (f c) p ai av aa an av ak y g a p ac ar an (w ai u) au ao af (f c) al ai av aa an av ak y g a k at r ah (z u av e x i) c ag ah av ai) an) (aa i b G ah d ag (H (I b ab) J K aq an j at L (M s f N) ag j an (ap r w ar s O w) aw ap P) am ae af (aa h (z av (v x (Q z (R p at S ag ae (T d U z) r u) (u am an s aa V al au aq ag) af aj) b)))))
A b ag B C ao f w D c E o (w ak) F (an ax o aq (s (al p ac p ac ar an (w ai u) au ao af (f c) p ai av aa an av ak y g a p ac ar an (w ai u) au ao af (f c) p ai av aa an av ak y g a p ac ar an (w ai u) au ao af (f c) p ai av aa an av ak y g a p ac ar an (w ai u) au ao af (f c) p ai av aa an av ak y g a p ac ar an (w ai u) au ao af (f c) p ai av aa an av ak y g a p ac ar an (w ai u) au ao af (f c) p ai av aa an av ak y g a p ac ar an (w ai u) au ao af (f c) p ai av aa an av ak y g a p ac ar an (w ai u) au ao af (f c) p ai av aa an av ak y g a p ac ar an (w ai u) au ao af (f c) p ai av aa an av ak y g a p ac ar an (w ai u) au ao af (f c) al ai av aa an av ak y g a k at r ah (z u av e x i) c ag ah av ai) an) (aa i b G ah d ag (H (I b ab) J K aq an j at L (M s f N) ag j an (ap r w ar s O w) aw ap P) am ae af (aa h (z av (v x (Q z (R p at S ag ae (T d U z) r u) (u am an s aa V al au aq ag) af aj) b)))))
A b ag B C ao f w D c E o (w ak) F (an ax o aq (s (e i e p ai av aa an av ak y g a p ac ar an (w ai u) au ao af (f c) p ai av aa an av ak y g a p ac ar an (w ai u) au ao af (f c) p ai av aa an av ak y g a p ac ar an (w ai u) au ao af (f c) p ai av aa an av ak y g a p ac ar an (w ai u) au ao af (f c) p ai av aa an av ak y g a p ac ar an (w ai u) au ao af (f c) p ai av aa an av ak y g a p ac ar an (w ai u) au ao af (f c) p ai av aa an av ak y g a p ac ar an (w ai u) au ao af (f c) p ai av aa an av ak y g a p ac ar an (w ai u) au ao af (f c) p ai av aa an av ak y g a p ac ar an (w ai u) au ao af (f c) p ai av aa an av ak y g a p ac ar an (w ai u) au ao af (f c) al ai av aa an av ak y g a k at r ah (z u av e x i) c ag ah av ai) an) (aa i b G ah d ag (H (I b ab) J K aq an j at L (M s f N) ag j an (ap r w ar s O w) aw ap P) am ae af (aa h (z av (v x (Q z (R p at S ag ae (T d U z) r u) (u am an s aa V al au aq ag) af aj) b)))))
A b ag B C ao f w D c E o (w ak) F (an ax o aq (s (al p ac p ac ar an (w ai u) au ao af (f c) p ai av aa an av ak y g a p ac ar an (w ai u) au ao af (f c) p ai av aa an av ak y g a p ac ar an (w ai u) au ao af (f c) p ai av aa an av ak y g a p ac ar an (w ai u) au ao af (f c) p ai av aa an av ak y g a p ac ar an (w ai u) au ao af (f c) p ai av aa an av ak y g a p ac ar an (w ai u) au ao af (f c) p ai av aa an av ak y g a p ac ar an (w ai u) au ao af (f c) p ai av aa an av ak y g a p ac ar an (w ai u) au ao af (f c) p ai av aa an av ak y g a p ac ar an (w ai u) au ao af (f c) p ai av aa an av ak y g a p ac ar an (w ai u) au ao af (f c) p ai av aa an av ak y g a p ac ar an (w ai u) au ao af (f c) al ai av aa an av ak y g a k at r ah (z u av e x i) c ag ah av ai) an) (aa i b G ah d ag (H (I b ab) J K aq an j at L (M s f N) ag j an (ap r w ar s O w) aw ap P) am ae af (aa h (z av (v x (Q z (R p at S ag ae (T d U z) r u) (u am an s aa V al au aq ag) af aj) b)))))
A b ag B C ao f w D c E o (w ak) F (an ax o aq (s (e i e p ai av aa an av ak y g a p ac ar an (w ai u) au ao af (f c) p ai av aa an av ak y g a p ac ar an (w ai u) au ao af (f c) p ai av aa an av ak y g a p ac ar an (w ai u) au ao af (f c) p ai av aa an av ak y g a p ac ar an (w ai u) au ao af (f c) p ai av aa an av ak y g a p ac ar an (w ai u) au ao af (f c) p ai av aa an av ak y g a p ac ar an (w ai u) au ao af (f c) p ai av aa an av ak y g a p ac ar an (w ai u) au ao af (f c) p ai av aa an av ak y g a p ac ar an (w ai u) au ao af (f c) p ai av aa an av ak y g a p ac ar an (w ai u) au ao af (f c) p ai av aa an av ak y g a p ac ar an (w ai u) au ao af (f c) p ai av aa an av ak y g a p ac ar an (w ai u) au ao af (f c) al ai av aa an av ak y g a k at r ah (z u av e x i) c ag ah av ai) an) (aa i b G ah d ag (H (I b ab) J K aq an j at L (M s f N) ag j an (ap r w ar s O w) aw ap P) am ae af (aa h (z av (v x (Q z (R p at S ag ae (T d U z) r u) (u am an s aa V al au aq ag) af aj) b)))))
A b ag B C ao f w D c E o (w ak) F (an ax o aq (s (al p ac p ac ar an (w ai u) au ao af (f c) p ai av aa an av ak y g a p ac ar an (w ai u) au ao af (f c) p ai av aa an av ak y g a p ac ar an (w ai u) au ao af (f c) p ai av aa an av ak y g a p ac ar an (w ai u) au ao af (f c) p ai av aa an av ak y g a p ac ar an (w ai u) au ao af (f c) p ai av aa an av ak y g a p ac ar an (w ai u) au ao af (f c) p ai av aa an av ak y g a p ac ar an (w ai u) au ao af (f c) p ai av aa an av ak y g a p ac ar an (w ai u) au ao af (f c) p ai av aa an av ak y g a p ac ar an (w ai u) au ao af (f c) p ai av aa an av ak y g a p ac ar an (w ai u) au ao af (f c) p ai av aa an av ak y g a p ac ar an (w ai u) au ao af (f c) p ai av aa an av ak y g a p ac ar an (w ai u) au ao af (f c) al ai av aa an av ak y g a k at r ah (z u av e x i) c ag ah av ai) an) (aa i b G ah d ag (H (I b ab) J K aq an j at L (M s f N) ag j an (ap r w ar s O w) aw ap P) am ae af (aa h (z av (v x (Q z (R p at S ag ae (T d U z) r u) (u am an s aa V al au aq ag) af aj) b)))))
A b ag B C ao f w D c E o (w ak) F (an ax o aq (s (e i e p ai av aa an av ak y g a p ac ar an (w ai u) au ao af (f c) p ai av aa an av ak y g a p ac ar an (w ai u) au ao af (f c) p ai av aa an av ak y g a p ac ar an (w ai u) au ao af (f c) p ai av aa an av ak y g a p ac ar an (w ai u) au ao af (f c) p ai av aa an av ak y g a p ac ar an (w ai u) au ao af (f c) p ai av aa an av ak y g a p ac ar an (w ai u) au ao af (f c) p ai av aa an av ak y g a p ac ar an (w ai u) au ao af (f c) p ai av aa an av ak y g a p ac ar an (w ai u) au ao af (f c) p ai av aa an av ak y g a p ac ar an (w ai u) au ao af (f c) p ai av aa an av ak y g a p ac ar an (w ai u) au ao af (f c) p ai av aa an av ak y g a p ac ar an (w ai u) au ao af (f c) p ai av aa an av ak y g a p ac ar an (w ai u) au ao af (f c) al ai av aa an av ak y g a k at r ah (z u av e x i) c ag ah av ai) an) (aa i b G ah d ag (H (I b ab) J K aq an j at L (M s f N) ag j an (ap r w ar s O w) aw ap P) am ae af (aa h (z av (v x (Q z (R p at S ag ae (T d U z) r u) (u am an s aa V al au aq ag) af aj) b)))))
A b ag B C ao f w D c E o (w ak) F (an ax o aq (s (al p ac p ac ar an (w ai u) au ao af (f c) p ai av aa an av ak y g a p ac ar an (w ai u) au ao af (f c) p ai av aa an av ak y g a p ac ar an (w ai u) au ao af (f c) p ai av aa an av ak y g a p ac ar an (w ai u) au ao af (f c) p ai av aa an av ak y g a p ac ar an (w ai u) au ao af (f c) p ai av aa an av ak y g a p ac ar an (w ai u) au ao af (f c) p ai av aa an av ak y g a p ac ar an (w ai u) au ao af (f c) p ai av aa an av ak y g a p ac ar an (w ai u) au ao af (f c) p ai av aa an av ak y g a p ac ar an (w ai u) au ao af (f c) p ai av aa an av ak y g a p ac ar an (w ai u) au ao af (f c) p ai av aa an av ak y g a p ac ar an (w ai u) au ao af (f c) p ai av aa an av ak y g a p ac ar an (w ai u) au ao af (f c) p ai av aa an av ak y g a p ac ar an (w ai u) au ao af (f c) al ai av aa an av ak y g a k at r ah (z u av e x i) c ag ah av ai) an) (aa i b G ah d ag (H (I b ab) J K aq an j at L (M s f N) ag j an (ap r w ar s O w) aw ap P) am ae af (aa h (z av (v x (Q z (R p at S ag ae (T d U z) r u) (u am an s aa V al au aq ag) af aj) b)))))
A b ag B C ao f w D c E o (w ak) F (an ax o aq (s (e i e p ai av aa an av ak y g a p ac ar an (w ai u) au ao af (f c) p ai av aa an av ak y g a p ac ar an (w ai u) au ao af (f c) p ai av aa an av ak y g a p ac ar an (w ai u) au ao af (f c) p ai av aa an av ak y g a p ac ar an (w ai u) au ao af (f c) p ai av aa an av ak y g a p ac ar an (w ai u) au ao af (f c) p ai av aa an av ak y g a p ac ar an (w ai u) au ao af (f c) p ai av aa an av ak y g a p ac ar an (w ai u) au ao af (f c) p ai av aa an av ak y g a p ac ar an (w ai u) au ao af (f c) p ai av aa an av ak y g a p ac ar an (w ai u) au ao af (f c) p ai av aa an av ak y g a p ac ar an (w ai u) au ao af (f c) p ai av aa an av ak y g a p ac ar an (w ai u) au ao af (f c) p ai av aa an av ak y g a p ac ar an (w ai u) au ao af (f c) p ai av aa an av ak y g a p ac ar an (w ai u) au ao af (f c) al ai av aa an av ak y g a k at r ah (z u av e x i) c ag ah av ai) an) (aa i b G ah d ag (H (I b ab) J K aq an j at L (M s f N) ag j an (ap r w ar s O w) aw ap P) am ae af (aa h (z av (v x (Q z (R p at S ag ae (T d U z) r u) (u am an s aa V al au aq ag) af aj) b)))))
A b ag B C ao f w D c E o (w ak) F (an ax o aq (s (al p ac p ac ar an (w ai u) au ao af (f c) p ai av aa an av ak y g a p ac ar an (w ai u) au ao af (f c) p ai av aa an av ak y g a p ac ar an (w ai u) au ao af (f c) p ai av aa an av ak y g a p ac ar an (w ai u) au ao af (f c) p ai av aa an av ak y g a p ac ar an (w ai u) au ao af (f c) p ai av aa an av ak y g a p ac ar an (w ai u) au ao af (f c) p ai av aa an av ak y g a p ac ar an (w ai u) au ao af (f c) p ai av aa an av ak y g a p ac ar an (w ai u) au ao af (f c) p ai av aa an av ak y g a p ac ar an (w ai u) au ao af (f c) p ai av aa an av ak y g a p ac ar an (w ai u) au ao af (f c) p ai av aa an av ak y g a p ac ar an (w ai u) au ao af (f c) p ai av aa an av ak y g a p ac ar an (w ai u) au ao af (f c) p ai av aa an av ak y g a p ac ar an (w ai u) au ao af (f c) p ai av aa an av ak y g a p ac ar an (w ai u) au ao af (f c) al ai av aa an av ak y g a k at r ah (z u av e x i) c ag ah av ai) an) (aa i b G ah d ag (H (I b ab) J K aq an j at L (M s f N) ag j an (ap r w ar s O w) aw ap P) am ae af (aa h (z av (v x (Q z (R p at S ag ae (T d U z) r u) (u am an s aa V al au aq ag) af aj) b)))))


