a az = am av (az ao g ac az g) aq n ax az
b bd be ba az bc bb bf = u (af o q g k u (y ab w)) ac p j aw aq
c bc bb ba az bd = u bd ae ba bb aa ar j ad v bc ag
d ba bd az bb bc = az ay f aw bd r at au e
e be az ba bd bc bf bb = ae b ay au (h ab av y aq r ao u ar)
f az bc bb ba = ba (k h z) k ah a
g ba az bc bb = r ax ae y (ad j) (f bb aa) (h ab)
h bd bf ba bg be bb az bc = ad ax j (be ah (aa ae i e r) av aa) i am
i bd be bb ba az bg bf bc = ax x e be ba ak am c x (b b) aj ab n m
j be bd bc az ba bb = x a (al bb u u (b h) aq ak o)
k bb ba bc az bd be = o (aq z l a ap c av bd) (n w ao)
l bb bc bg az bd ba be bf = z (bb (e (f ag)) ah (b az) an)
m az be bf bc bb bd ba = e an y (c (w o (z ah u bf ad) am ar at))
n bd bc be bb az ba = bc g j af ab p ax x ag k (k ao ai ac q f)
o az ba = x i ay ba (ae (ba a p ag z aw n ag s n r))
p bc bb az ba = aq (ab ak av (q bc (av ae) y f) w x am ai)
q ba bb az = ba af (bb bb) au c v j m h ap aq
r ba az = ba n y am az az az ao (aj h ah) ax aa q (au ai)
s bd be bb bf az bc ba = d v t au a ag be (k ak (r an ag)) bc ap p
t bf az bc bd ba bb be = aq l ad al a l (bf an r (an f aq) aa) aj
u bd bc az bb ba = a v (a (y e (bc ag i j) (ay az am e)) bb) aw ba
v bc bd az ba bb be = c c m ab (at g q) ba aw av ab ac o az u
w bg az ba bd bc bf bb be = a f aw (be am s a an i (y o be)) k
x bg az bf bc ba bb bd be = b (ad ah t q (ag af g l b h))
y az ba bb bc = s v (ba az (q q bb ba)) al (ar ay ao)
z bb ba az bc bd = r ba bd bb aw ai ap ab bd (s at)
aa bb bd az bc ba = ao i t ba bd ad ay e
ab bd bg bb ba bc az bf be = e (ag s e bd) ap (aa be) y (af i h am) aj (q y)
ac bc ba bb be az bd = bb (i (ak (l e (b al d ag be t h d))))
ad bb ba bc bf bd be az = ab aa ao (w am l) a bf ao bd x ab aw
ae az = ah b (au az) az e (ab ap (ap az ak s ah))
af bc bd az be bb ba = q ba bd v ag l ax ab ap ag bd aq ap
ag az = aw j az az af az o
ah az bg bf be bc ba bd bb = az be am (ai (ay y a))
ai bc az bb ba = x i (ar j af ap) e (ag j b o)
aj az ba bb = ab e c aw ai bb aa an (bb ax q) (k w)
ak ba bc be az bf bd bb = a ag av ah w bf (az ac) f az bf i ab n aq
al az ba bb = ba ah an d
am az bf bd bc ba be bg bb = z j ap aa (t k) m av av ao bc ae v j az
an be bf bb az bc ba bd = z (w z (k q) a r (y (ap bb aj be u al av)))
ao bb be bc bd az bf ba = af (s au ba (i aq af w (w t n bb f bc)))
ap = s r an aa u h h l (g ak aa) u o am ag aq
aq az bb be ba bc bd = n av (q ad (an d ag u ay aw bb ak) be)
ar bd bf az bb be bc ba = b ag v d ae aw a av f af w p r
at az bb ba bd bc = a ay ag an bb ap bd (ap az b k bb ba ae r)
au ba az = ax ay ab (az y) q ap m y (ba v) (av j)
av be bc az bb bd ba bf = g n (e p ar ah) i (s (ao l u a ah v))
aw az ba bc bb = y j ar ao b bb (ak q bc)
ax ba az bb bd bc = r (s h (bc bc ai ak ba ba) ac aj) m al (y l) az
ay ba bd az be bc bb = m s u d (f f ba an) (ai ae (ba s) af)
main = aq ao (A B t y (aq m at) av a au q C) k (D (j a g ar) n E (c (F ae G ag (am ac) ac ag (aa x b m (H n I f J) n ax ag K aj p)) s L w f ae (y b (ap am au) (M N ay ax) ae) (O ak i d s (h (ag an ac t d aw P) ad) e r aa ap e (Q R S T p l at U ap i e) V u (W at) ab) X a ao Y))
------------------------------------------------------------
aq ao (A B t y (aq m at) av a au q C) k (D (j a g ar) n E (c (F ae G ag (am ac) ac ag (aa x b m (H n I f J) n ax ag K aj p)) s L w f ae (y b (ap am au) (M N ay ax) ae) (O ak i d s (h (ag an ac t d aw P) ad) e r aa ap e (Q R S T p l at U ap i e) V u (W at) ab) X a ao Y))
aq ao (A B t y (aq m at) av a au q C) k (D (j a g ar) n E (u f ae L s aa ar j ad v (F ae G ag (am ac) ac ag (aa x b m (H n I f J) n ax ag K aj p)) ag ae (y b (ap am au) (M N ay ax) ae) (O ak i d s (h (ag an ac t d aw P) ad) e r aa ap e (Q R S T p l at U ap i e) V u (W at) ab) X a ao Y))
aq ao (A B t y (aq m at) av a au q C) k (D (j a g ar) n E (a v (a (y e (ae ag i j) (ay L am e)) s) aw aa ar j ad v (F ae G ag (am ac) ac ag (aa x b m (H n I f J) n ax ag K aj p)) ag ae (y b (ap am au) (M N ay ax) ae) (O ak i d s (h (ag an ac t d aw P) ad) e r aa ap e (Q R S T p l at U ap i e) V u (W at) ab) X a ao Y))
aq ao (A B t y (aq m at) av a au q C) k (D (j a g ar) n E (am av (v ao g ac v g) aq n ax v (a (y e (ae ag i j) (ay L am e)) s) aw aa ar j ad v (F ae G ag (am ac) ac ag (aa x b m (H n I f J) n ax ag K aj p)) ag ae (y b (ap am au) (M N ay ax) ae) (O ak i d s (h (ag an ac t d aw P) ad) e r aa ap e (Q R S T p l at U ap i e) V u (W at) ab) X a ao Y))
aq ao (A B t y (aq m at) av a au q C) k (D (j a g ar) n E (z j ap aa (t k) m av av ao n ae v j av aa ar j ad v (F ae G ag (am ac) ac ag (aa x b m (H n I f J) n ax ag K aj p)) ag ae (y b (ap am au) (M N ay ax) ae) (O ak i d s (h (ag an ac t d aw P) ad) e r aa ap e (Q R S T p l at U ap i e) V u (W at) ab) X a ao Y))
aq ao (A B t y (aq m at) av a au q C) k (D (j a g ar) n E (r ap m j aw ai ap ab m (s at) av av ao n ae v j av aa ar j ad v (F ae G ag (am ac) ac ag (aa x b m (H n I f J) n ax ag K aj p)) ag ae (y b (ap am au) (M N ay ax) ae) (O ak i d s (h (ag an ac t d aw P) ad) e r aa ap e (Q R S T p l at U ap i e) V u (W at) ab) X a ao Y))
aq ao (A B t y (aq m at) av a au q C) k (D (j a g ar) n E (ap n y am m m m ao (aj h ah) ax aa q (au ai) j aw ai ap ab m (s at) av av ao n ae v j av aa ar j ad v (F ae G ag (am ac) ac ag (aa x b m (H n I f J) n ax ag K aj p)) ag ae (y b (ap am au) (M N ay ax) ae) (O ak i d s (h (ag an ac t d aw P) ad) e r aa ap e (Q R S T p l at U ap i e) V u (W at) ab) X a ao Y))
aq ao (A B t y (aq m at) av a au q C) k (D (j a g ar) n E (s r an aa u h h l (g ak aa) u o am ag aq n y am m m m ao (aj h ah) ax aa q (au ai) j aw ai ap ab m (s at) av av ao n ae v j av aa ar j ad v (F ae G ag (am ac) ac ag (aa x b m (H n I f J) n ax ag K aj p)) ag ae (y b (ap am au) (M N ay ax) ae) (O ak i d s (h (ag an ac t d aw P) ad) e r aa ap e (Q R S T p l at U ap i e) V u (W at) ab) X a ao Y))
aq ao (A B t y (aq m at) av a au q C) k (D (j a g ar) n E (d v t au a ag an (k ak (r an ag)) h ap p (g ak aa) u o am ag aq n y am m m m ao (aj h ah) ax aa q (au ai) j aw ai ap ab m (s at) av av ao n ae v j av aa ar j ad v (F ae G ag (am ac) ac ag (aa x b m (H n I f J) n ax ag K aj p)) ag ae (y b (ap am au) (M N ay ax) ae) (O ak i d s (h (ag an ac t d aw P) ad) e r aa ap e (Q R S T p l at U ap i e) V u (W at) ab) X a ao Y))
aq ao (A B t y (aq m at) av a au q C) k (D (j a g ar) n E (au ay f aw t r at au e an (k ak (r an ag)) h ap p (g ak aa) u o am ag aq n y am m m m ao (aj h ah) ax aa q (au ai) j aw ai ap ab m (s at) av av ao n ae v j av aa ar j ad v (F ae G ag (am ac) ac ag (aa x b m (H n I f J) n ax ag K aj p)) ag ae (y b (ap am au) (M N ay ax) ae) (O ak i d s (h (ag an ac t d aw P) ad) e r aa ap e (Q R S T p l at U ap i e) V u (W at) ab) X a ao Y))
aq ao (A B t y (aq m at) av a au q C) k (D (j a g ar) n E (ax ay ab (f y) q ap m y (ay v) (av j) aw t r at au e an (k ak (r an ag)) h ap p (g ak aa) u o am ag aq n y am m m m ao (aj h ah) ax aa q (au ai) j aw ai ap ab m (s at) av av ao n ae v j av aa ar j ad v (F ae G ag (am ac) ac ag (aa x b m (H n I f J) n ax ag K aj p)) ag ae (y b (ap am au) (M N ay ax) ae) (O ak i d s (h (ag an ac t d aw P) ad) e r aa ap e (Q R S T p l at U ap i e) V u (W at) ab) X a ao Y))
aq ao (A B t y (aq m at) av a au q C) k (D (j a g ar) n E (r (s h (ap ap ai ak ay ay) ac aj) m al (y l) ab m y (ay v) (av j) aw t r at au e an (k ak (r an ag)) h ap p (g ak aa) u o am ag aq n y am m m m ao (aj h ah) ax aa q (au ai) j aw ai ap ab m (s at) av av ao n ae v j av aa ar j ad v (F ae G ag (am ac) ac ag (aa x b m (H n I f J) n ax ag K aj p)) ag ae (y b (ap am au) (M N ay ax) ae) (O ak i d s (h (ag an ac t d aw P) ad) e r aa ap e (Q R S T p l at U ap i e) V u (W at) ab) X a ao Y))
aq ao (A B t y (aq m at) av a au q C) k (D (j a g ar) n E (s h (ap ap ai ak ay ay) ac aj n y am m m m ao (aj h ah) ax aa q (au ai) al (y l) ab m y (ay v) (av j) aw t r at au e an (k ak (r an ag)) h ap p (g ak aa) u o am ag aq n y am m m m ao (aj h ah) ax aa q (au ai) j aw ai ap ab m (s at) av av ao n ae v j av aa ar j ad v (F ae G ag (am ac) ac ag (aa x b m (H n I f J) n ax ag K aj p)) ag ae (y b (ap am au) (M N ay ax) ae) (O ak i d s (h (ag an ac t d aw P) ad) e r aa ap e (Q R S T p l at U ap i e) V u (W at) ab) X a ao Y))
aq ao (A B t y (aq m at) av a au q C) k (D (j a g ar) n E (d v t au a ag (ap ap ai ak ay ay) (k ak (r an ag)) y ap p m m m ao (aj h ah) ax aa q (au ai) al (y l) ab m y (ay v) (av j) aw t r at au e an (k ak (r an ag)) h ap p (g ak aa) u o am ag aq n y am m m m ao (aj h ah) ax aa q (au ai) j aw ai ap ab m (s at) av av ao n ae v j av aa ar j ad v (F ae G ag (am ac) ac ag (aa x b m (H n I f J) n ax ag K aj p)) ag ae (y b (ap am au) (M N ay ax) ae) (O ak i d s (h (ag an ac t d aw P) ad) e r aa ap e (Q R S T p l at U ap i e) V u (W at) ab) X a ao Y))
aq ao (A B t y (aq m at) av a au q C) k (D (j a g ar) n E (au ay f aw t r at au e (ap ap ai ak ay ay) (k ak (r an ag)) y ap p m m m ao (aj h ah) ax aa q (au ai) al (y l) ab m y (ay v) (av j) aw t r at au e an (k ak (r an ag)) h ap p (g ak aa) u o am ag aq n y am m m m ao (aj h ah) ax aa q (au ai) j aw ai ap ab m (s at) av av ao n ae v j av aa ar j ad v (F ae G ag (am ac) ac ag (aa x b m (H n I f J) n ax ag K aj p)) ag ae (y b (ap am au) (M N ay ax) ae) (O ak i d s (h (ag an ac t d aw P) ad) e r aa ap e (Q R S T p l at U ap i e) V u (W at) ab) X a ao Y))
aq ao (A B t y (aq m at) av a au q C) k (D (j a g ar) n E (ax ay ab (f y) q ap m y (ay v) (av j) aw t r at au e (ap ap ai ak ay ay) (k ak (r an ag)) y ap p m m m ao (aj h ah) ax aa q (au ai) al (y l) ab m y (ay v) (av j) aw t r at au e an (k ak (r an ag)) h ap p (g ak aa) u o am ag aq n y am m m m ao (aj h ah) ax aa q (au ai) j aw ai ap ab m (s at) av av ao n ae v j av aa ar j ad v (F ae G ag (am ac) ac ag (aa x b m (H n I f J) n ax ag K aj p)) ag ae (y b (ap am au) (M N ay ax) ae) (O ak i d s (h (ag an ac t d aw P) ad) e r aa ap e (Q R S T p l at U ap i e) V u (W at) ab) X a ao Y))
aq ao (A B t y (aq m at) av a au q C) k (D (j a g ar) n E (r (s h (ap ap ai ak ay ay) ac aj) m al (y l) ab m y (ay v) (av j) aw t r at au e (ap ap ai ak ay ay) (k ak (r an ag)) y ap p m m m ao (aj h ah) ax aa q (au ai) al (y l) ab m y (ay v) (av j) aw t r at au e an (k ak (r an ag)) h ap p (g ak aa) u o am ag aq n y am m m m ao (aj h ah) ax aa q (au ai) j aw ai ap ab m (s at) av av ao n ae v j av aa ar j ad v (F ae G ag (am ac) ac ag (aa x b m (H n I f J) n ax ag K aj p)) ag ae (y b (ap am au) (M N ay ax) ae) (O ak i d s (h (ag an ac t d aw P) ad) e r aa ap e (Q R S T p l at U ap i e) V u (W at) ab) X a ao Y))
aq ao (A B t y (aq m at) av a au q C) k (D (j a g ar) n E (s h (ap ap ai ak ay ay) ac aj n y am m m m ao (aj h ah) ax aa q (au ai) al (y l) ab m y (ay v) (av j) aw t r at au e (ap ap ai ak ay ay) (k ak (r an ag)) y ap p m m m ao (aj h ah) ax aa q (au ai) al (y l) ab m y (ay v) (av j) aw t r at au e an (k ak (r an ag)) h ap p (g ak aa) u o am ag aq n y am m m m ao (aj h ah) ax aa q (au ai) j aw ai ap ab m (s at) av av ao n ae v j av aa ar j ad v (F ae G ag (am ac) ac ag (aa x b m (H n I f J) n ax ag K aj p)) ag ae (y b (ap am au) (M N ay ax) ae) (O ak i d s (h (ag an ac t d aw P) ad) e r aa ap e (Q R S T p l at U ap i e) V u (W at) ab) X a ao Y))
aq ao (A B t y (aq m at) av a au q C) k (D (j a g ar) n E (d v t au a ag (ap ap ai ak ay ay) (k ak (r an ag)) y ap p m m m ao (aj h ah) ax aa q (au ai) al (y l) ab m y (ay v) (av j) aw t r at au e (ap ap ai ak ay ay) (k ak (r an ag)) y ap p m m m ao (aj h ah) ax aa q (au ai) al (y l) ab m y (ay v) (av j) aw t r at au e an (k ak (r an ag)) h ap p (g ak aa) u o am ag aq n y am m m m ao (aj h ah) ax aa q (au ai) j aw ai ap ab m (s at) av av ao n ae v j av aa ar j ad v (F ae G ag (am ac) ac ag (aa x b m (H n I f J) n ax ag K aj p)) ag ae (y b (ap am au) (M N ay ax) ae) (O ak i d s (h (ag an ac t d aw P) ad) e r aa ap e (Q R S T p l at U ap i e) V u (W at) ab) X a ao Y))
aq ao (A B t y (aq m at) av a au q C) k (D (j a g ar) n E (au ay f aw t r at au e (ap ap ai ak ay ay) (k ak (r an ag)) y ap p m m m ao (aj h ah) ax aa q (au ai) al (y l) ab m y (ay v) (av j) aw t r at au e (ap ap ai ak ay ay) (k ak (r an ag)) y ap p m m m ao (aj h ah) ax aa q (au ai) al (y l) ab m y (ay v) (av j) aw t r at au e an (k ak (r an ag)) h ap p (g ak aa) u o am ag aq n y am m m m ao (aj h ah) ax aa q (au ai) j aw ai ap ab m (s at) av av ao n ae v j av aa ar j ad v (F ae G ag (am ac) ac ag (aa x b m (H n I f J) n ax ag K aj p)) ag ae (y b (ap am au) (M N ay ax) ae) (O ak i d s (h (ag an ac t d aw P) ad) e r aa ap e (Q R S T p l at U ap i e) V u (W at) ab) X a ao Y))
aq ao (A B t y (aq m at) av a au q C) k (D (j a g ar) n E (ax ay ab (f y) q ap m y (ay v) (av j) aw t r at au e (ap ap ai ak ay ay) (k ak (r an ag)) y ap p m m m ao (aj h ah) ax aa q (au ai) al (y l) ab m y (ay v) (av j) aw t r at au e (ap ap ai ak ay ay) (k ak (r an ag)) y ap p m m m ao (aj h ah) ax aa q (au ai) al (y l) ab m y (ay v) (av j) aw t r at au e an (k ak (r an ag)) h ap p (g ak aa) u o am ag aq n y am m m m ao (aj h ah) ax aa q (au ai) j aw ai ap ab m (s at) av av ao n ae v j av aa ar j ad v (F ae G ag (am ac) ac ag (aa x b m (H n I f J) n ax ag K aj p)) ag ae (y b (ap am au) (M N ay ax) ae) (O ak i d s (h (ag an ac t d aw P) ad) e r aa ap e (Q R S T p l at U ap i e) V u (W at) ab) X a ao Y))
aq ao (A B t y (aq m at) av a au q C) k (D (j a g ar) n E (r (s h (ap ap ai ak ay ay) ac aj) m al (y l) ab m y (ay v) (av j) aw t r at au e (ap ap ai ak ay ay) (k ak (r an ag)) y ap p m m m ao (aj h ah) ax aa q (au ai) al (y l) ab m y (ay v) (av j) aw t r at au e (ap ap ai ak ay ay) (k ak (r an ag)) y ap p m m m ao (aj h ah) ax aa q (au ai) al (y l) ab m y (ay v) (av j) aw t r at au e an (k ak (r an ag)) h ap p (g ak aa) u o am ag aq n y am m m m ao (aj h ah) ax aa q (au ai) j aw ai ap ab m (s at) av av ao n ae v j av aa ar j ad v (F ae G ag (am ac) ac ag (aa x b m (H n I f J) n ax ag K aj p)) ag ae (y b (ap am au) (M N ay ax) ae) (O ak i d s (h (ag an ac t d aw P) ad) e r aa ap e (Q R S T p l at U ap i e) V u (W at) ab) X a ao Y))
aq ao (A B t y (aq m at) av a au q C) k (D (j a g ar) n E (s h (ap ap ai ak ay ay) ac aj n y am m m m ao (aj h ah) ax aa q (au ai) al (y l) ab m y (ay v) (av j) aw t r at au e (ap ap ai ak ay ay) (k ak (r an ag)) y ap p m m m ao (aj h ah) ax aa q (au ai) al (y l) ab m y (ay v) (av j) aw t r at au e (ap ap ai ak ay ay) (k ak (r an ag)) y ap p m m m ao (aj h ah) ax aa q (au ai) al (y l) ab m y (ay v) (av j) aw t r at au e an (k ak (r an ag)) h ap p (g ak aa) u o am ag aq n y am m m m ao (aj h ah) ax aa q (au ai) j aw ai ap ab m (s at) av av ao n ae v j av aa ar j ad v (F ae G ag (am ac) ac ag (aa x b m (H n I f J) n ax ag K aj p)) ag ae (y b (ap am au) (M N ay ax) ae) (O ak i d s (h (ag an ac t d aw P) ad) e r aa ap e (Q R S T p l at U ap i e) V u (W at) ab) X a ao Y))
aq ao (A B t y (aq m at) av a au q C) k (D (j a g ar) n E (d v t au a ag (ap ap ai ak ay ay) (k ak (r an ag)) y ap p m m m ao (aj h ah) ax aa q (au ai) al (y l) ab m y (ay v) (av j) aw t r at au e (ap ap ai ak ay ay) (k ak (r an ag)) y ap p m m m ao (aj h ah) ax aa q (au ai) al (y l) ab m y (ay v) (av j) aw t r at au e (ap ap ai ak ay ay) (k ak (r an ag)) y ap p m m m ao (aj h ah) ax aa q (au ai) al (y l) ab m y (ay v) (av j) aw t r at au e an (k ak (r an ag)) h ap p (g ak aa) u o am ag aq n y am m m m ao (aj h ah) ax aa q (au ai) j aw ai ap ab m (s at) av av ao n ae v j av aa ar j ad v (F ae G ag (am ac) ac ag (aa x b m (H n I f J) n ax ag K aj p)) ag ae (y b (ap am au) (M N ay ax) ae) (O ak i d s (h (ag an ac t d aw P) ad) e r aa ap e (Q R S T p l at U ap i e) V u (W at) ab) X a ao Y))
aq ao (A B t y (aq m at) av a au q C) k (D (j a g ar) n E (au ay f aw t r at au e (ap ap ai ak ay ay) (k ak (r an ag)) y ap p m m m ao (aj h ah) ax aa q (au ai) al (y l) ab m y (ay v) (av j) aw t r at au e (ap ap ai ak ay ay) (k ak (r an ag)) y ap p m m m ao (aj h ah) ax aa q (au ai) al (y l) ab m y (ay v) (av j) aw t r at au e (ap ap ai ak ay ay) (k ak (r an ag)) y ap p m m m ao (aj h ah) ax aa q (au ai) al (y l) ab m y (ay v) (av j) aw t r at au e an (k ak (r an ag)) h ap p (g ak aa) u o am ag aq n y am m m m ao (aj h ah) ax aa q (au ai) j aw ai ap ab m (s at) av av ao n ae v j av aa ar j ad v (F ae G ag (am ac) ac ag (aa x b m (H n I f J) n ax ag K aj p)) ag ae (y b (ap am au) (M N ay ax) ae) (O ak i d s (h (ag an ac t d aw P) ad) e r aa ap e (Q R S T p l at U ap i e) V u (W at) ab) X a ao Y))
aq ao (A B t y (aq m at) av a au q C) k (D (j a g ar) n E (ax ay ab (f y) q ap m y (ay v) (av j) aw t r at au e (ap ap ai ak ay ay) (k ak (r an ag)) y ap p m m m ao (aj h ah) ax aa q (au ai) al (y l) ab m y (ay v) (av j) aw t r at au e (ap ap ai ak ay ay) (k ak (r an ag)) y ap p m m m ao (aj h ah) ax aa q (au ai) al (y l) ab m y (ay v) (av j) aw t r at au e (ap ap ai ak ay ay) (k ak (r an ag)) y ap p m m m ao (aj h ah) ax aa q (au ai) al (y l) ab m y (ay v) (av j) aw t r at au e an (k ak (r an ag)) h ap p (g ak aa) u o am ag aq n y am m m m ao (aj h ah) ax aa q (au ai) j aw ai ap ab m (s at) av av ao n ae v j av aa ar j ad v (F ae G ag (am ac) ac ag (aa x b m (H n I f J) n ax ag K aj p)) ag ae (y b (ap am au) (M N ay ax) ae) (O ak i d s (h (ag an ac t d aw P) ad) e r aa ap e (Q R S T p l at U ap i e) V u (W at) ab) X a ao Y))
aq ao (A B t y (aq m at) av a au q C) k (D (j a g ar) n E (r (s h (ap ap ai ak ay ay) ac aj) m al (y l) ab m y (ay v) (av j) aw t r at au e (ap ap ai ak ay ay) (k ak (r an ag)) y ap p m m m ao (aj h ah) ax aa q (au ai) al (y l) ab m y (ay v) (av j) aw t r at au e (ap ap ai ak ay ay) (k ak (r an ag)) y ap p m m m ao (aj h ah) ax aa q (au ai) al (y l) ab m y (ay v) (av j) aw t r at au e (ap ap ai ak ay ay) (k ak (r an ag)) y ap p m m m ao (aj h ah) ax aa q (au ai) al (y l) ab m y (ay v) (av j) aw t r at au e an (k ak (r an ag)) h ap p (g ak aa) u o am ag aq n y am m m m ao (aj h ah) ax aa q (au ai) j aw ai ap ab m (s at) av av ao n ae v j av aa ar j ad v (F ae G ag (am ac) ac ag (aa x b m (H n I f J) n ax ag K aj p)) ag ae (y b (ap am au) (M N ay ax) ae) (O ak i d s (h (ag an ac t d aw P) ad) e r aa ap e (Q R S T p l at U ap i e) V u (W at) ab) X a ao Y))
aq ao (A B t y (aq m at) av a au q C) k (D (j a g ar) n E (s h (ap ap ai ak ay ay) ac aj n y am m m m ao (aj h ah) ax aa q (au ai) al (y l) ab m y (ay v) (av j) aw t r at au e (ap ap ai ak ay ay) (k ak (r an ag)) y ap p m m m ao (aj h ah) ax aa q (au ai) al (y l) ab m y (ay v) (av j) aw t r at au e (ap ap ai ak ay ay) (k ak (r an ag)) y ap p m m m ao (aj h ah) ax aa q (au ai) al (y l) ab m y (ay v) (av j) aw t r at au e (ap ap ai ak ay ay) (k ak (r an ag)) y ap p m m m ao (aj h ah) ax aa q (au ai) al (y l) ab m y (ay v) (av j) aw t r at au e an (k ak (r an ag)) h ap p (g ak aa) u o am ag aq n y am m m m ao (aj h ah) ax aa q (au ai) j aw ai ap ab m (s at) av av ao n ae v j av aa ar j ad v (F ae G ag (am ac) ac ag (aa x b m (H n I f J) n ax ag K aj p)) ag ae (y b (ap am au) (M N ay ax) ae) (O ak i d s (h (ag an ac t d aw P) ad) e r aa ap e (Q R S T p l at U ap i e) V u (W at) ab) X a ao Y))
aq ao (A B t y (aq m at) av a au q C) k (D (j a g ar) n E (d v t au a ag (ap ap ai ak ay ay) (k ak (r an ag)) y ap p m m m ao (aj h ah) ax aa q (au ai) al (y l) ab m y (ay v) (av j) aw t r at au e (ap ap ai ak ay ay) (k ak (r an ag)) y ap p m m m ao (aj h ah) ax aa q (au ai) al (y l) ab m y (ay v) (av j) aw t r at au e (ap ap ai ak ay ay) (k ak (r an ag)) y ap p m m m ao (aj h ah) ax aa q (au ai) al (y l) ab m y (ay v) (av j) aw t r at au e (ap ap ai ak ay ay) (k ak (r an ag)) y ap p m m m ao (aj h ah) ax aa q (au ai) al (y l) ab m y (ay v) (av j) aw t r at au e an (k ak (r an ag)) h ap p (g ak aa) u o am ag aq n y am m m m ao (aj h ah) ax aa q (au ai) j aw ai ap ab m (s at) av av ao n ae v j av aa ar j ad v (F ae G ag (am ac) ac ag (aa x b m (H n I f J) n ax ag K aj p)) ag ae (y b (ap am au) (M N ay ax) ae) (O ak i d s (h (ag an ac t d aw P) ad) e r aa ap e (Q R S T p l at U ap i e) V u (W at) ab) X a ao Y))
aq ao (A B t y (aq m at) av a au q C) k (D (j a g ar) n E (au ay f aw t r at au e (ap ap ai ak ay ay) (k ak (r an ag)) y ap p m m m ao (aj h ah) ax aa q (au ai) al (y l) ab m y (ay v) (av j) aw t r at au e (ap ap ai ak ay ay) (k ak (r an ag)) y ap p m m m ao (aj h ah) ax aa q (au ai) al (y l) ab m y (ay v) (av j) aw t r at au e (ap ap ai ak ay ay) (k ak (r an ag)) y ap p m m m ao (aj h ah) ax aa q (au ai) al (y l) ab m y (ay v) (av j) aw t r at au e (ap ap ai ak ay ay) (k ak (r an ag)) y ap p m m m ao (aj h ah) ax aa q (au ai) al (y l) ab m y (ay v) (av j) aw t r at au e an (k ak (r an ag)) h ap p (g ak aa) u o am ag aq n y am m m m ao (aj h ah) ax aa q (au ai) j aw ai ap ab m (s at) av av ao n ae v j av aa ar j ad v (F ae G ag (am ac) ac ag (aa x b m (H n I f J) n ax ag K aj p)) ag ae (y b (ap am au) (M N ay ax) ae) (O ak i d s (h (ag an ac t d aw P) ad) e r aa ap e (Q R S T p l at U ap i e) V u (W at) ab) X a ao Y))


