a ba bb az az u aw ag m p c
b bg be bc bb bd az bf ba ad (aa v ab) ag ak ae bd (y (bf af ax) ao)
c az bd bc bg ba bf be bb av ba e aa i (x au r (aw (at a v) bb ag))
d bg be az bb bf bc ba bd u w be (aw bd bc t) l an av at e
e bb bd be ba az bc q ah aw (i bd o w) az ab f (t ao)
f bc ba bb az t (s aw q ar j) o (aj ar ad u e ba) n y
g az ag aa z (q j m) az az aq az n h y
h ba bc az bb ba bb ac (g d (ba u q v t) ah)
i bg bc bd be bf ba az bb p aw (aa (v (s h av ar au p ar r h t m e)))
j be ba bd az bf bc bb ai an ak i ah ak r q ae
k bd bb bc bg ba bf az be d (ac bb (s bb w av av (d v ap aa)))
l az bd ba bb bc bf be av ad bf ai ap ai ab aq ay v ah at c
m az bb ba bc bb ad bb af (az z aw z av x q)
n be bb az bc ba bd u ah bc ak az ba ax (a f) w ah (an af)
o az ba bb x (bb at au b) h ba
p bg bf az be ba bb bc bd u ah aa d (t s ba) q au l ad
q bb bd az bg ba bc be bf aw ba p a ax aq at an ap be (a (bb d) ba c l)
r bb bc bf az bd ba be b ai ba a be s ac ba ai ak
s bc ba bb az ar ac e ba r
t bc bb az bd ba bd p r ai b (n s (u l ae (aq ar))) at k
u bg bd bf bb az ba be bc an bd ak (aa bc) (s ba ao al) z l t ai t
v ba bb be bd az bc bf aa an (j f b f ao be q b)
w az ad ag (aw ad v l u (ah az af at aj))
x bc bb ba az n o ay (ai ag) av (aq ax aa i af) ab
y bf bc bd bb az ba be az q ab be bc bf t at ap (at ap (q ar g)) au
z bf bg be bb ba bd bc az bc bd k q ba r e (f a (j bd h o) ao) ao
aa bc bf az bg be bb bd ba bf az u g a a (t aq i l p ax) d j i r
ab ba az az y ac ap v ap av c ai q ak az al p f
ac bd ba bb az bc az bb am e bd n ai an v az w az n ae
ad bd bc bb bf be ba az v au b ah bd ae (aw aa au (az bb aj bb) ba az)
ae bb ba az bb ba al p t a (h ac z bb s ar) n
af az bb ba ba t s r k v (z au) q k al (g v w) az l
ag bb bc ba az v e f ba (f at z af au)
ah az bg be bc bb bd bf ba d f h v aq bg aj bb (w n)
ai bd az bf ba bb bc be at f q m bd (aq al z) bd ad
aj bg bc bd bb be bf ba az o ak j k m ai e au ak ax (ax be q az)
ak bc bd az be ba bf bg bb u aw o z aq d e av k c
al i aw ap ap a ah k aq ae (i ao) an
am az ba g v an ap (p v w ae au y) a
an az ba z ba (ax ag aw al f s ba) af p
ao bb az bd bc ba an ar ba ar ay g j (v av)
ap bc bb ba bd az f af k aj aa bb (ag (z aw) u) (l f s)
aq az aa n ae l au m (ar s az (n y t p aj am))
ar be bd ba bb az bc bf l d e av s bf d av u (v an c af g aw aa)
at az ba bb u q c aa e az ay ak c az ao aj ba z bb
au bc bb az ba s af c bc af bc r an az ba x at c
av az bb bc bd be ba bf x (f (ac ad)) a au aj
aw be az bb bd bf ba bc bg bc y l (ay a bg p at (ba bb bg d ao g ay l))
ax bd ba az bc bb m am x u (aj bb az aq) ah ah (at az)
ay bd bc az ba bb ab s h a bc bc aw k j k s
main A at ag B (x C f (f c j) al (D n e (ac aw av n d) (af ag (an at h (E y o) k ax) o F h i) (i ao) am z ag) ap b ah) au (G H ap o) p I ak ag (a m aw) J K (L aq (M o ao c) (N O u (k (p (P Q ad q n z v l) (R ab (av aw w ad S aw d) (T k v aw z ay e c) m g) f c) l c n) ay q))
------------------------------------------------------------
A at ag B (x C f (f c j) al (D n e (ac aw av n d) (af ag (an at h (E y o) k ax) o F h i) (i ao) am z ag) ap b ah) au (G H ap o) p I ak ag (a m aw) J K (L aq (M o ao c) (N O u (k (p (P Q ad q n z v l) (R ab (av aw w ad S aw d) (T k v aw z ay e c) m g) f c) l c n) ay q))
A at ag B (n o ay (ai ag) av (aq ax aa i af) ab (D n e (ac aw av n d) (af ag (an at h (E y o) k ax) o F h i) (i ao) am z ag) ap b ah) au (G H ap o) p I ak ag (a m aw) J K (L aq (M o ao c) (N O u (k (p (P Q ad q n z v l) (R ab (av aw w ad S aw d) (T k v aw z ay e c) m g) f c) l c n) ay q))
A at ag B (u ah av ak (ai ag) (aq ax aa i af) ax (a f) w ah (an af) (D n e (ac aw av n d) (af ag (an at h (E y o) k ax) o F h i) (i ao) am z ag) ap b ah) au (G H ap o) p I ak ag (a m aw) J K (L aq (M o ao c) (N O u (k (p (P Q ad q n z v l) (R ab (av aw w ad S aw d) (T k v aw z ay e c) m g) f c) l c n) ay q))
A at ag B (an av ak (aa w) (s ax ao al) z l t ai t ah (an af) (D n e (ac aw av n d) (af ag (an at h (E y o) k ax) o F h i) (i ao) am z ag) ap b ah) au (G H ap o) p I ak ag (a m aw) J K (L aq (M o ao c) (N O u (k (p (P Q ad q n z v l) (R ab (av aw w ad S aw d) (T k v aw z ay e c) m g) f c) l c n) ay q))
A at ag B (z ak (ax ag aw al f s ak) af p (aa w) (s ax ao al) z l t ai t ah (an af) (D n e (ac aw av n d) (af ag (an at h (E y o) k ax) o F h i) (i ao) am z ag) ap b ah) au (G H ap o) p I ak ag (a m aw) J K (L aq (M o ao c) (N O u (k (p (P Q ad q n z v l) (R ab (av aw w ad S aw d) (T k v aw z ay e c) m g) f c) l c n) ay q))
A at ag B (z (s ax ao al) k q (aa w) r e (f a (j (s ax ao al) h o) ao) ao t ai t ah (an af) (D n e (ac aw av n d) (af ag (an at h (E y o) k ax) o F h i) (i ao) am z ag) ap b ah) au (G H ap o) p I ak ag (a m aw) J K (L aq (M o ao c) (N O u (k (p (P Q ad q n z v l) (R ab (av aw w ad S aw d) (T k v aw z ay e c) m g) f c) l c n) ay q))
A at ag B (f a (j (s ax ao al) h o) ao e k q r r e (f a (j e h o) ao) ao t ai t ah (an af) (D n e (ac aw av n d) (af ag (an at h (E y o) k ax) o F h i) (i ao) am z ag) ap b ah) au (G H ap o) p I ak ag (a m aw) J K (L aq (M o ao c) (N O u (k (p (P Q ad q n z v l) (R ab (av aw w ad S aw d) (T k v aw z ay e c) m g) f c) l c n) ay q))
A at ag B (t (s aw q ar j) o (aj ar ad u e (j (s ax ao al) h o)) n y k q r r e (f a (j e h o) ao) ao t ai t ah (an af) (D n e (ac aw av n d) (af ag (an at h (E y o) k ax) o F h i) (i ao) am z ag) ap b ah) au (G H ap o) p I ak ag (a m aw) J K (L aq (M o ao c) (N O u (k (p (P Q ad q n z v l) (R ab (av aw w ad S aw d) (T k v aw z ay e c) m g) f c) l c n) ay q))
A at ag B (n p r ai b (n s (u l ae (aq ar))) at k k q r r e (f a (j e h o) ao) ao t ai t ah (an af) (D n e (ac aw av n d) (af ag (an at h (E y o) k ax) o F h i) (i ao) am z ag) ap b ah) au (G H ap o) p I ak ag (a m aw) J K (L aq (M o ao c) (N O u (k (p (P Q ad q n z v l) (R ab (av aw w ad S aw d) (T k v aw z ay e c) m g) f c) l c n) ay q))
A at ag B (u ah b ak ai (n s (u l ae (aq ar))) ax (a f) w ah (an af) k k q r r e (f a (j e h o) ao) ao t ai t ah (an af) (D n e (ac aw av n d) (af ag (an at h (E y o) k ax) o F h i) (i ao) am z ag) ap b ah) au (G H ap o) p I ak ag (a m aw) J K (L aq (M o ao c) (N O u (k (p (P Q ad q n z v l) (R ab (av aw w ad S aw d) (T k v aw z ay e c) m g) f c) l c n) ay q))
A at ag B (an b ak (aa w) (s ax ao al) z l t ai t ah (an af) k k q r r e (f a (j e h o) ao) ao t ai t ah (an af) (D n e (ac aw av n d) (af ag (an at h (E y o) k ax) o F h i) (i ao) am z ag) ap b ah) au (G H ap o) p I ak ag (a m aw) J K (L aq (M o ao c) (N O u (k (p (P Q ad q n z v l) (R ab (av aw w ad S aw d) (T k v aw z ay e c) m g) f c) l c n) ay q))
A at ag B (z ak (ax ag aw al f s ak) af p (aa w) (s ax ao al) z l t ai t ah (an af) k k q r r e (f a (j e h o) ao) ao t ai t ah (an af) (D n e (ac aw av n d) (af ag (an at h (E y o) k ax) o F h i) (i ao) am z ag) ap b ah) au (G H ap o) p I ak ag (a m aw) J K (L aq (M o ao c) (N O u (k (p (P Q ad q n z v l) (R ab (av aw w ad S aw d) (T k v aw z ay e c) m g) f c) l c n) ay q))
A at ag B (z (s ax ao al) k q (aa w) r e (f a (j (s ax ao al) h o) ao) ao t ai t ah (an af) k k q r r e (f a (j e h o) ao) ao t ai t ah (an af) (D n e (ac aw av n d) (af ag (an at h (E y o) k ax) o F h i) (i ao) am z ag) ap b ah) au (G H ap o) p I ak ag (a m aw) J K (L aq (M o ao c) (N O u (k (p (P Q ad q n z v l) (R ab (av aw w ad S aw d) (T k v aw z ay e c) m g) f c) l c n) ay q))
A at ag B (f a (j (s ax ao al) h o) ao e k q r r e (f a (j e h o) ao) ao t ai t ah (an af) k k q r r e (f a (j e h o) ao) ao t ai t ah (an af) (D n e (ac aw av n d) (af ag (an at h (E y o) k ax) o F h i) (i ao) am z ag) ap b ah) au (G H ap o) p I ak ag (a m aw) J K (L aq (M o ao c) (N O u (k (p (P Q ad q n z v l) (R ab (av aw w ad S aw d) (T k v aw z ay e c) m g) f c) l c n) ay q))
A at ag B (t (s aw q ar j) o (aj ar ad u e (j (s ax ao al) h o)) n y k q r r e (f a (j e h o) ao) ao t ai t ah (an af) k k q r r e (f a (j e h o) ao) ao t ai t ah (an af) (D n e (ac aw av n d) (af ag (an at h (E y o) k ax) o F h i) (i ao) am z ag) ap b ah) au (G H ap o) p I ak ag (a m aw) J K (L aq (M o ao c) (N O u (k (p (P Q ad q n z v l) (R ab (av aw w ad S aw d) (T k v aw z ay e c) m g) f c) l c n) ay q))
A at ag B (n p r ai b (n s (u l ae (aq ar))) at k k q r r e (f a (j e h o) ao) ao t ai t ah (an af) k k q r r e (f a (j e h o) ao) ao t ai t ah (an af) (D n e (ac aw av n d) (af ag (an at h (E y o) k ax) o F h i) (i ao) am z ag) ap b ah) au (G H ap o) p I ak ag (a m aw) J K (L aq (M o ao c) (N O u (k (p (P Q ad q n z v l) (R ab (av aw w ad S aw d) (T k v aw z ay e c) m g) f c) l c n) ay q))
A at ag B (u ah b ak ai (n s (u l ae (aq ar))) ax (a f) w ah (an af) k k q r r e (f a (j e h o) ao) ao t ai t ah (an af) k k q r r e (f a (j e h o) ao) ao t ai t ah (an af) (D n e (ac aw av n d) (af ag (an at h (E y o) k ax) o F h i) (i ao) am z ag) ap b ah) au (G H ap o) p I ak ag (a m aw) J K (L aq (M o ao c) (N O u (k (p (P Q ad q n z v l) (R ab (av aw w ad S aw d) (T k v aw z ay e c) m g) f c) l c n) ay q))
A at ag B (an b ak (aa w) (s ax ao al) z l t ai t ah (an af) k k q r r e (f a (j e h o) ao) ao t ai t ah (an af) k k q r r e (f a (j e h o) ao) ao t ai t ah (an af) (D n e (ac aw av n d) (af ag (an at h (E y o) k ax) o F h i) (i ao) am z ag) ap b ah) au (G H ap o) p I ak ag (a m aw) J K (L aq (M o ao c) (N O u (k (p (P Q ad q n z v l) (R ab (av aw w ad S aw d) (T k v aw z ay e c) m g) f c) l c n) ay q))
A at ag B (z ak (ax ag aw al f s ak) af p (aa w) (s ax ao al) z l t ai t ah (an af) k k q r r e (f a (j e h o) ao) ao t ai t ah (an af) k k q r r e (f a (j e h o) ao) ao t ai t ah (an af) (D n e (ac aw av n d) (af ag (an at h (E y o) k ax) o F h i) (i ao) am z ag) ap b ah) au (G H ap o) p I ak ag (a m aw) J K (L aq (M o ao c) (N O u (k (p (P Q ad q n z v l) (R ab (av aw w ad S aw d) (T k v aw z ay e c) m g) f c) l c n) ay q))
A at ag B (z (s ax ao al) k q (aa w) r e (f a (j (s ax ao al) h o) ao) ao t ai t ah (an af) k k q r r e (f a (j e h o) ao) ao t ai t ah (an af) k k q r r e (f a (j e h o) ao) ao t ai t ah (an af) (D n e (ac aw av n d) (af ag (an at h (E y o) k ax) o F h i) (i ao) am z ag) ap b ah) au (G H ap o) p I ak ag (a m aw) J K (L aq (M o ao c) (N O u (k (p (P Q ad q n z v l) (R ab (av aw w ad S aw d) (T k v aw z ay e c) m g) f c) l c n) ay q))
A at ag B (f a (j (s ax ao al) h o) ao e k q r r e (f a (j e h o) ao) ao t ai t ah (an af) k k q r r e (f a (j e h o) ao) ao t ai t ah (an af) k k q r r e (f a (j e h o) ao) ao t ai t ah (an af) (D n e (ac aw av n d) (af ag (an at h (E y o) k ax) o F h i) (i ao) am z ag) ap b ah) au (G H ap o) p I ak ag (a m aw) J K (L aq (M o ao c) (N O u (k (p (P Q ad q n z v l) (R ab (av aw w ad S aw d) (T k v aw z ay e c) m g) f c) l c n) ay q))
A at ag B (t (s aw q ar j) o (aj ar ad u e (j (s ax ao al) h o)) n y k q r r e (f a (j e h o) ao) ao t ai t ah (an af) k k q r r e (f a (j e h o) ao) ao t ai t ah (an af) k k q r r e (f a (j e h o) ao) ao t ai t ah (an af) (D n e (ac aw av n d) (af ag (an at h (E y o) k ax) o F h i) (i ao) am z ag) ap b ah) au (G H ap o) p I ak ag (a m aw) J K (L aq (M o ao c) (N O u (k (p (P Q ad q n z v l) (R ab (av aw w ad S aw d) (T k v aw z ay e c) m g) f c) l c n) ay q))
A at ag B (n p r ai b (n s (u l ae (aq ar))) at k k q r r e (f a (j e h o) ao) ao t ai t ah (an af) k k q r r e (f a (j e h o) ao) ao t ai t ah (an af) k k q r r e (f a (j e h o) ao) ao t ai t ah (an af) (D n e (ac aw av n d) (af ag (an at h (E y o) k ax) o F h i) (i ao) am z ag) ap b ah) au (G H ap o) p I ak ag (a m aw) J K (L aq (M o ao c) (N O u (k (p (P Q ad q n z v l) (R ab (av aw w ad S aw d) (T k v aw z ay e c) m g) f c) l c n) ay q))
A at ag B (u ah b ak ai (n s (u l ae (aq ar))) ax (a f) w ah (an af) k k q r r e (f a (j e h o) ao) ao t ai t ah (an af) k k q r r e (f a (j e h o) ao) ao t ai t ah (an af) k k q r r e (f a (j e h o) ao) ao t ai t ah (an af) (D n e (ac aw av n d) (af ag (an at h (E y o) k ax) o F h i) (i ao) am z ag) ap b ah) au (G H ap o) p I ak ag (a m aw) J K (L aq (M o ao c) (N O u (k (p (P Q ad q n z v l) (R ab (av aw w ad S aw d) (T k v aw z ay e c) m g) f c) l c n) ay q))
A at ag B (an b ak (aa w) (s ax ao al) z l t ai t ah (an af) k k q r r e (f a (j e h o) ao) ao t ai t ah (an af) k k q r r e (f a (j e h o) ao) ao t ai t ah (an af) k k q r r e (f a (j e h o) ao) ao t ai t ah (an af) (D n e (ac aw av n d) (af ag (an at h (E y o) k ax) o F h i) (i ao) am z ag) ap b ah) au (G H ap o) p I ak ag (a m aw) J K (L aq (M o ao c) (N O u (k (p (P Q ad q n z v l) (R ab (av aw w ad S aw d) (T k v aw z ay e c) m g) f c) l c n) ay q))
A at ag B (z ak (ax ag aw al f s ak) af p (aa w) (s ax ao al) z l t ai t ah (an af) k k q r r e (f a (j e h o) ao) ao t ai t ah (an af) k k q r r e (f a (j e h o) ao) ao t ai t ah (an af) k k q r r e (f a (j e h o) ao) ao t ai t ah (an af) (D n e (ac aw av n d) (af ag (an at h (E y o) k ax) o F h i) (i ao) am z ag) ap b ah) au (G H ap o) p I ak ag (a m aw) J K (L aq (M o ao c) (N O u (k (p (P Q ad q n z v l) (R ab (av aw w ad S aw d) (T k v aw z ay e c) m g) f c) l c n) ay q))
A at ag B (z (s ax ao al) k q (aa w) r e (f a (j (s ax ao al) h o) ao) ao t ai t ah (an af) k k q r r e (f a (j e h o) ao) ao t ai t ah (an af) k k q r r e (f a (j e h o) ao) ao t ai t ah (an af) k k q r r e (f a (j e h o) ao) ao t ai t ah (an af) (D n e (ac aw av n d) (af ag (an at h (E y o) k ax) o F h i) (i ao) am z ag) ap b ah) au (G H ap o) p I ak ag (a m aw) J K (L aq (M o ao c) (N O u (k (p (P Q ad q n z v l) (R ab (av aw w ad S aw d) (T k v aw z ay e c) m g) f c) l c n) ay q))
A at ag B (f a (j (s ax ao al) h o) ao e k q r r e (f a (j e h o) ao) ao t ai t ah (an af) k k q r r e (f a (j e h o) ao) ao t ai t ah (an af) k k q r r e (f a (j e h o) ao) ao t ai t ah (an af) k k q r r e (f a (j e h o) ao) ao t ai t ah (an af) (D n e (ac aw av n d) (af ag (an at h (E y o) k ax) o F h i) (i ao) am z ag) ap b ah) au (G H ap o) p I ak ag (a m aw) J K (L aq (M o ao c) (N O u (k (p (P Q ad q n z v l) (R ab (av aw w ad S aw d) (T k v aw z ay e c) m g) f c) l c n) ay q))
A at ag B (t (s aw q ar j) o (aj ar ad u e (j (s ax ao al) h o)) n y k q r r e (f a (j e h o) ao) ao t ai t ah (an af) k k q r r e (f a (j e h o) ao) ao t ai t ah (an af) k k q r r e (f a (j e h o) ao) ao t ai t ah (an af) k k q r r e (f a (j e h o) ao) ao t ai t ah (an af) (D n e (ac aw av n d) (af ag (an at h (E y o) k ax) o F h i) (i ao) am z ag) ap b ah) au (G H ap o) p I ak ag (a m aw) J K (L aq (M o ao c) (N O u (k (p (P Q ad q n z v l) (R ab (av aw w ad S aw d) (T k v aw z ay e c) m g) f c) l c n) ay q))
A at ag B (n p r ai b (n s (u l ae (aq ar))) at k k q r r e (f a (j e h o) ao) ao t ai t ah (an af) k k q r r e (f a (j e h o) ao) ao t ai t ah (an af) k k q r r e (f a (j e h o) ao) ao t ai t ah (an af) k k q r r e (f a (j e h o) ao) ao t ai t ah (an af) (D n e (ac aw av n d) (af ag (an at h (E y o) k ax) o F h i) (i ao) am z ag) ap b ah) au (G H ap o) p I ak ag (a m aw) J K (L aq (M o ao c) (N O u (k (p (P Q ad q n z v l) (R ab (av aw w ad S aw d) (T k v aw z ay e c) m g) f c) l c n) ay q))


