a af ae ag = p z af w s r af
b ae = i o (p (ab (j ae g) y))
c ae af ah ag ai = aa af j i (ag e ad)
d ai af ae aj ag ah = t n p ab a ac ai m
e ae af ag = ad (q u)
f = aa w aa (x j s t)
g af ai ah ag ae = ad l a u ai r ai f ah y
h ai ah af ae ag = k ah s j l
i af ag ae = p ad p af
j ae = aa r b
k af ah ag ae aj ai = q e j j y q q ah
l = q m
m ae af = a (w (ab ac p af af))
n ae af = x ab aa g ae
o = c w ac
p ae = ac ae n w f ac
q ae = k o r (r g h z u) g
r ag ai ae ah af = ae (e t b o z n)
s af ae = k ac (aa f f f x)
t ai af ae ag aj ah = g
u ae ag ai af ah = t ai af b ad ah ae l p e
v aj ag ae ai af ah = ac b k x (ad f o r)
w = p
x = r s t d
y ag ae ai ah af = h (k c) ae
z ae = ae m n v q v g a (h ae)
aa ae = g
ab ae = r x k r
ac ae = w g b ae
ad af ae ag ah = e a r b (ah w y) p
main = A B h t C x D E s F G (H h I) l w J s e j (K b) L M N O f aa (h d m P Q a s (y R)) ac S d ac j m aa T ab e U z (V o t f W (X f Y Z x (y k c h l (AA c) q q (AB m)) o (x AC (v r k) (AD f e AE (j m (AF (AG AH (AI AJ AK AL t AM n e h AN c s AO s ac))))))))
------------------------------------------------------------
A B h t C x D E s F G (H h I) l w J s e j (K b) L M N O f aa (h d m P Q a s (y R)) ac S d ac j m aa T ab e U z (V o t f W (X f Y Z x (y k c h l (AA c) q q (AB m)) o (x AC (v r k) (AD f e AE (j m (AF (AG AH (AI AJ AK AL t AM n e h AN c s AO s ac))))))))
A B h t C x D E s F G (H h I) l w J s e j (K b) L M N O f aa (k m s j l s (y R)) ac S d ac j m aa T ab e U z (V o t f W (X f Y Z x (y k c h l (AA c) q q (AB m)) o (x AC (v r k) (AD f e AE (j m (AF (AG AH (AI AJ AK AL t AM n e h AN c s AO s ac))))))))
A B h t C x D E s F G (H h I) l w J s e j (K b) L M N O f aa (q e j j y q q s) ac S d ac j m aa T ab e U z (V o t f W (X f Y Z x (y k c h l (AA c) q q (AB m)) o (x AC (v r k) (AD f e AE (j m (AF (AG AH (AI AJ AK AL t AM n e h AN c s AO s ac))))))))
A B h t C x D E s F G (H h I) l w J s e j (K b) L M N O f aa (k o r (r g h z u) g j j y q q s) ac S d ac j m aa T ab e U z (V o t f W (X f Y Z x (y k c h l (AA c) q q (AB m)) o (x AC (v r k) (AD f e AE (j m (AF (AG AH (AI AJ AK AL t AM n e h AN c s AO s ac))))))))
A B h t C x D E s F G (H h I) l w J s e j (K b) L M N O f aa (q e j j y q q r y q q s) ac S d ac j m aa T ab e U z (V o t f W (X f Y Z x (y k c h l (AA c) q q (AB m)) o (x AC (v r k) (AD f e AE (j m (AF (AG AH (AI AJ AK AL t AM n e h AN c s AO s ac))))))))
A B h t C x D E s F G (H h I) l w J s e j (K b) L M N O f aa (k o r (r g h z u) g j j y q q r y q q s) ac S d ac j m aa T ab e U z (V o t f W (X f Y Z x (y k c h l (AA c) q q (AB m)) o (x AC (v r k) (AD f e AE (j m (AF (AG AH (AI AJ AK AL t AM n e h AN c s AO s ac))))))))
A B h t C x D E s F G (H h I) l w J s e j (K b) L M N O f aa (q e j j y q q r y q q r y q q s) ac S d ac j m aa T ab e U z (V o t f W (X f Y Z x (y k c h l (AA c) q q (AB m)) o (x AC (v r k) (AD f e AE (j m (AF (AG AH (AI AJ AK AL t AM n e h AN c s AO s ac))))))))
A B h t C x D E s F G (H h I) l w J s e j (K b) L M N O f aa (k o r (r g h z u) g j j y q q r y q q r y q q s) ac S d ac j m aa T ab e U z (V o t f W (X f Y Z x (y k c h l (AA c) q q (AB m)) o (x AC (v r k) (AD f e AE (j m (AF (AG AH (AI AJ AK AL t AM n e h AN c s AO s ac))))))))
A B h t C x D E s F G (H h I) l w J s e j (K b) L M N O f aa (q e j j y q q r y q q r y q q r y q q s) ac S d ac j m aa T ab e U z (V o t f W (X f Y Z x (y k c h l (AA c) q q (AB m)) o (x AC (v r k) (AD f e AE (j m (AF (AG AH (AI AJ AK AL t AM n e h AN c s AO s ac))))))))
A B h t C x D E s F G (H h I) l w J s e j (K b) L M N O f aa (k o r (r g h z u) g j j y q q r y q q r y q q r y q q s) ac S d ac j m aa T ab e U z (V o t f W (X f Y Z x (y k c h l (AA c) q q (AB m)) o (x AC (v r k) (AD f e AE (j m (AF (AG AH (AI AJ AK AL t AM n e h AN c s AO s ac))))))))
A B h t C x D E s F G (H h I) l w J s e j (K b) L M N O f aa (q e j j y q q r y q q r y q q r y q q r y q q s) ac S d ac j m aa T ab e U z (V o t f W (X f Y Z x (y k c h l (AA c) q q (AB m)) o (x AC (v r k) (AD f e AE (j m (AF (AG AH (AI AJ AK AL t AM n e h AN c s AO s ac))))))))
A B h t C x D E s F G (H h I) l w J s e j (K b) L M N O f aa (k o r (r g h z u) g j j y q q r y q q r y q q r y q q r y q q s) ac S d ac j m aa T ab e U z (V o t f W (X f Y Z x (y k c h l (AA c) q q (AB m)) o (x AC (v r k) (AD f e AE (j m (AF (AG AH (AI AJ AK AL t AM n e h AN c s AO s ac))))))))
A B h t C x D E s F G (H h I) l w J s e j (K b) L M N O f aa (q e j j y q q r y q q r y q q r y q q r y q q r y q q s) ac S d ac j m aa T ab e U z (V o t f W (X f Y Z x (y k c h l (AA c) q q (AB m)) o (x AC (v r k) (AD f e AE (j m (AF (AG AH (AI AJ AK AL t AM n e h AN c s AO s ac))))))))
A B h t C x D E s F G (H h I) l w J s e j (K b) L M N O f aa (k o r (r g h z u) g j j y q q r y q q r y q q r y q q r y q q r y q q s) ac S d ac j m aa T ab e U z (V o t f W (X f Y Z x (y k c h l (AA c) q q (AB m)) o (x AC (v r k) (AD f e AE (j m (AF (AG AH (AI AJ AK AL t AM n e h AN c s AO s ac))))))))
A B h t C x D E s F G (H h I) l w J s e j (K b) L M N O f aa (q e j j y q q r y q q r y q q r y q q r y q q r y q q r y q q s) ac S d ac j m aa T ab e U z (V o t f W (X f Y Z x (y k c h l (AA c) q q (AB m)) o (x AC (v r k) (AD f e AE (j m (AF (AG AH (AI AJ AK AL t AM n e h AN c s AO s ac))))))))
A B h t C x D E s F G (H h I) l w J s e j (K b) L M N O f aa (k o r (r g h z u) g j j y q q r y q q r y q q r y q q r y q q r y q q r y q q s) ac S d ac j m aa T ab e U z (V o t f W (X f Y Z x (y k c h l (AA c) q q (AB m)) o (x AC (v r k) (AD f e AE (j m (AF (AG AH (AI AJ AK AL t AM n e h AN c s AO s ac))))))))
A B h t C x D E s F G (H h I) l w J s e j (K b) L M N O f aa (q e j j y q q r y q q r y q q r y q q r y q q r y q q r y q q r y q q s) ac S d ac j m aa T ab e U z (V o t f W (X f Y Z x (y k c h l (AA c) q q (AB m)) o (x AC (v r k) (AD f e AE (j m (AF (AG AH (AI AJ AK AL t AM n e h AN c s AO s ac))))))))
A B h t C x D E s F G (H h I) l w J s e j (K b) L M N O f aa (k o r (r g h z u) g j j y q q r y q q r y q q r y q q r y q q r y q q r y q q r y q q s) ac S d ac j m aa T ab e U z (V o t f W (X f Y Z x (y k c h l (AA c) q q (AB m)) o (x AC (v r k) (AD f e AE (j m (AF (AG AH (AI AJ AK AL t AM n e h AN c s AO s ac))))))))
A B h t C x D E s F G (H h I) l w J s e j (K b) L M N O f aa (q e j j y q q r y q q r y q q r y q q r y q q r y q q r y q q r y q q r y q q s) ac S d ac j m aa T ab e U z (V o t f W (X f Y Z x (y k c h l (AA c) q q (AB m)) o (x AC (v r k) (AD f e AE (j m (AF (AG AH (AI AJ AK AL t AM n e h AN c s AO s ac))))))))
A B h t C x D E s F G (H h I) l w J s e j (K b) L M N O f aa (k o r (r g h z u) g j j y q q r y q q r y q q r y q q r y q q r y q q r y q q r y q q r y q q s) ac S d ac j m aa T ab e U z (V o t f W (X f Y Z x (y k c h l (AA c) q q (AB m)) o (x AC (v r k) (AD f e AE (j m (AF (AG AH (AI AJ AK AL t AM n e h AN c s AO s ac))))))))
A B h t C x D E s F G (H h I) l w J s e j (K b) L M N O f aa (q e j j y q q r y q q r y q q r y q q r y q q r y q q r y q q r y q q r y q q r y q q s) ac S d ac j m aa T ab e U z (V o t f W (X f Y Z x (y k c h l (AA c) q q (AB m)) o (x AC (v r k) (AD f e AE (j m (AF (AG AH (AI AJ AK AL t AM n e h AN c s AO s ac))))))))
A B h t C x D E s F G (H h I) l w J s e j (K b) L M N O f aa (k o r (r g h z u) g j j y q q r y q q r y q q r y q q r y q q r y q q r y q q r y q q r y q q r y q q s) ac S d ac j m aa T ab e U z (V o t f W (X f Y Z x (y k c h l (AA c) q q (AB m)) o (x AC (v r k) (AD f e AE (j m (AF (AG AH (AI AJ AK AL t AM n e h AN c s AO s ac))))))))
A B h t C x D E s F G (H h I) l w J s e j (K b) L M N O f aa (q e j j y q q r y q q r y q q r y q q r y q q r y q q r y q q r y q q r y q q r y q q r y q q s) ac S d ac j m aa T ab e U z (V o t f W (X f Y Z x (y k c h l (AA c) q q (AB m)) o (x AC (v r k) (AD f e AE (j m (AF (AG AH (AI AJ AK AL t AM n e h AN c s AO s ac))))))))
A B h t C x D E s F G (H h I) l w J s e j (K b) L M N O f aa (k o r (r g h z u) g j j y q q r y q q r y q q r y q q r y q q r y q q r y q q r y q q r y q q r y q q r y q q s) ac S d ac j m aa T ab e U z (V o t f W (X f Y Z x (y k c h l (AA c) q q (AB m)) o (x AC (v r k) (AD f e AE (j m (AF (AG AH (AI AJ AK AL t AM n e h AN c s AO s ac))))))))
A B h t C x D E s F G (H h I) l w J s e j (K b) L M N O f aa (q e j j y q q r y q q r y q q r y q q r y q q r y q q r y q q r y q q r y q q r y q q r y q q r y q q s) ac S d ac j m aa T ab e U z (V o t f W (X f Y Z x (y k c h l (AA c) q q (AB m)) o (x AC (v r k) (AD f e AE (j m (AF (AG AH (AI AJ AK AL t AM n e h AN c s AO s ac))))))))
A B h t C x D E s F G (H h I) l w J s e j (K b) L M N O f aa (k o r (r g h z u) g j j y q q r y q q r y q q r y q q r y q q r y q q r y q q r y q q r y q q r y q q r y q q r y q q s) ac S d ac j m aa T ab e U z (V o t f W (X f Y Z x (y k c h l (AA c) q q (AB m)) o (x AC (v r k) (AD f e AE (j m (AF (AG AH (AI AJ AK AL t AM n e h AN c s AO s ac))))))))
A B h t C x D E s F G (H h I) l w J s e j (K b) L M N O f aa (q e j j y q q r y q q r y q q r y q q r y q q r y q q r y q q r y q q r y q q r y q q r y q q r y q q r y q q s) ac S d ac j m aa T ab e U z (V o t f W (X f Y Z x (y k c h l (AA c) q q (AB m)) o (x AC (v r k) (AD f e AE (j m (AF (AG AH (AI AJ AK AL t AM n e h AN c s AO s ac))))))))
A B h t C x D E s F G (H h I) l w J s e j (K b) L M N O f aa (k o r (r g h z u) g j j y q q r y q q r y q q r y q q r y q q r y q q r y q q r y q q r y q q r y q q r y q q r y q q r y q q s) ac S d ac j m aa T ab e U z (V o t f W (X f Y Z x (y k c h l (AA c) q q (AB m)) o (x AC (v r k) (AD f e AE (j m (AF (AG AH (AI AJ AK AL t AM n e h AN c s AO s ac))))))))
A B h t C x D E s F G (H h I) l w J s e j (K b) L M N O f aa (q e j j y q q r y q q r y q q r y q q r y q q r y q q r y q q r y q q r y q q r y q q r y q q r y q q r y q q r y q q s) ac S d ac j m aa T ab e U z (V o t f W (X f Y Z x (y k c h l (AA c) q q (AB m)) o (x AC (v r k) (AD f e AE (j m (AF (AG AH (AI AJ AK AL t AM n e h AN c s AO s ac))))))))
A B h t C x D E s F G (H h I) l w J s e j (K b) L M N O f aa (k o r (r g h z u) g j j y q q r y q q r y q q r y q q r y q q r y q q r y q q r y q q r y q q r y q q r y q q r y q q r y q q r y q q s) ac S d ac j m aa T ab e U z (V o t f W (X f Y Z x (y k c h l (AA c) q q (AB m)) o (x AC (v r k) (AD f e AE (j m (AF (AG AH (AI AJ AK AL t AM n e h AN c s AO s ac))))))))


