a ba bc az bb e av r l ba ar x (i (bb ao s ar) p) v o
b bg bd ba be bf bc bb az ah ai bg bb ac (am (aq t) bf au ab)
c ba az bc bg bf bb be bd b (w f (z t ba bg y) e)
d bd ba bb be bc az aq g aj al bc c ai bd (s t) ac al (af r ap ab)
e az bc bd bb ba ar g av ay v a s at i al au bd (h (w ap) at)
f az ba v az ak (ba m al ap (k ba) az) (j af ay) ax ba ak
g bd bb az ba bc be f at ba s bc ab al ax t al ao h h z ao
h be az bb ba bf bc bd bg e ba e (ad ab bf)
i ba az ay ac ao (aw ba) c y ab s (ay (ai ah)) w (j b ba)
j az bc ba bb q bb f bb au e ba
k az bb bf ba bc be bd bb g i ap (al x be) (aa bc y aq) aw
l bb az ba bc p aj ar v u aq ac y ak
m bc bd az bf be bb ba bg ax ah az (w (i bf) bg bf az af bg) (ak q) bf (aa e)
n bc be bb bf bd az ba bg bc bf bd aa c af u aa
o az bd ba bb bc ah ai am g p av (e an) n az ag m
p az bb bg bf bc be bd ba x c ae (bf (an m aj w bg h be bf (s at bf ar)))
q az bc bb bd bg bf ba be h (u aw (i ao ba n aq ap aw ah av af al))
r ba bb az av ap (k ah l az aa e) (ar ag (ar g z i i s))
s az bb ba ay (ax ad) t c ba (y (ad i az bb af ad a an))
t az ba bb ae d az az az v y aj r aq i h
u bf ba az bd bc bb be aw al a an h ar j l av ba (t y)
v az bd ba bb bc u e g ai (ap ai ab bc) bd at
w az bc bb bd ba bb az ap bd (ag at) (ap (b an bd (ab ah bb) af) bd aj)
x az ay ar az aj o ap r z am (c h ao b) ah
y bf bd ba az bb bc be at bb ap be (f (q ad h f b)) ac p ab (ag bd)
z az ba bb bf bd bc be y o aa am d l bc aj ap ay (am bc) h
aa bb az ba bd bc l (ba ai bd bb q ac (d v h bc bc))
ab bd be az bb bf ba bc bf af aj ak bd w ay v ay ao c af be
ac az be bd ba bf bc bb ab l ar (ad m h (ay m au az) bd) al
ad ba bf az bd bc bb be bg b au z at r bd g e ae
ae bd az be bf bc bb ba av (bd z bf) ag
af az bc bd be ba bb ag ag z (r ay ag) ag (q aw (a d at))
ag bb az ba aw aw f i u h ai au au ay ak x y z f
ah az ba bc bb j (o af q) k h (ax az ao) bc
ai bd bg be bb az bf bc ba z (ah (m al w w ah bd) z s)
aj az ba a aw u k ao au (z (az az at aa an o m aq))
ak bd bg bf be bc az ba bb r am av
al az ba t e i az o au ag t am (ba n p) ad
am ba az bb bc ae a bb k (az w v n a (f d) e l x p r)
an bc bb ba az a a s ap bc v r s o at
ao az bc bb ba t k bc av ar v aw q n
ap be bf bb ba bd bc az ab ar ad af (ay bf v w ac (e t ac x ad) ad c)
aq ba bf az be bc bb bg bd n ab aj av c bb e au al ah c aa be
ar bb az ba ap j az bb k (am d al ag (af (aj i n i ao l)))
at be az bb bd ba bc bf e bd i ab ak y r bb n g (az ae)
au bf ba az be bd bg bc bb e p ay f v (ao w ae bb ah t ak bc)
av ba az bb bd bc i aq x o y az v ae (q ak j v) (ai (al b bd))
aw bb bc ba az bc az r (v (ax x aj) j ao am)
ax ba bb bc bf be az bd s au e x af (be t ap u au ao m) ak
ay bb bd be bg bf bc ba az an am bb ba ba z (ac bd e l)
main A i B C D (E (F G ai m (H I ap) h aj (m (J (K L M (an (N O af)) aj) k (n o ad at o (P al) aq g au ao Q ag u av l) k d n g d v s (ad ae aq u (R m k y (y (S aw) b (aq d g at)) al T U) j (V al W j y (an o) aw ae i au b X) w w (a aq) g (Y Z au AA v n AB ab)) aj t q i m))))
------------------------------------------------------------
A i B C D (E (F G ai m (H I ap) h aj (m (J (K L M (an (N O af)) aj) k (n o ad at o (P al) aq g au ao Q ag u av l) k d n g d v s (ad ae aq u (R m k y (y (S aw) b (aq d g at)) al T U) j (V al W j y (an o) aw ae i au b X) w w (a aq) g (Y Z au AA v n AB ab)) aj t q i m))))
A i B C D (E (F G ai m (H I ap) h aj (m (J (K L M (an (N O af)) aj) k (o o (P al) aa c af u aa ao Q ag u av l) k d n g d v s (ad ae aq u (R m k y (y (S aw) b (aq d g at)) al T U) j (V al W j y (an o) aw ae i au b X) w w (a aq) g (Y Z au AA v n AB ab)) aj t q i m))))
A i B C D (E (F G ai m (H I ap) h aj (m (J (K L M (an (N O af)) aj) k (ah ai am g p av (e an) n o ag m u aa ao Q ag u av l) k d n g d v s (ad ae aq u (R m k y (y (S aw) b (aq d g at)) al T U) j (V al W j y (an o) aw ae i au b X) w w (a aq) g (Y Z au AA v n AB ab)) aj t q i m))))
A i B C D (E (F G ai m (H I ap) h aj (m (J (K L M (an (N O af)) aj) k (j (o af q) k h (ax ai ao) g av (e an) n o ag m u aa ao Q ag u av l) k d n g d v s (ad ae aq u (R m k y (y (S aw) b (aq d g at)) al T U) j (V al W j y (an o) aw ae i au b X) w w (a aq) g (Y Z au AA v n AB ab)) aj t q i m))))
A i B C D (E (F G ai m (H I ap) h aj (m (J (K L M (an (N O af)) aj) k (q (ax ai ao) f (ax ai ao) au e h g av (e an) n o ag m u aa ao Q ag u av l) k d n g d v s (ad ae aq u (R m k y (y (S aw) b (aq d g at)) al T U) j (V al W j y (an o) aw ae i au b X) w w (a aq) g (Y Z au AA v n AB ab)) aj t q i m))))
A i B C D (E (F G ai m (H I ap) h aj (m (J (K L M (an (N O af)) aj) k (h (u aw (i ao g n aq ap aw ah av af al)) (e an) n o ag m u aa ao Q ag u av l) k d n g d v s (ad ae aq u (R m k y (y (S aw) b (aq d g at)) al T U) j (V al W j y (an o) aw ae i au b X) w w (a aq) g (Y Z au AA v n AB ab)) aj t q i m))))
A i B C D (E (F G ai m (H I ap) h aj (m (J (K L M (an (N O af)) aj) k (e o e (ad ab ag) ao Q ag u av l) k d n g d v s (ad ae aq u (R m k y (y (S aw) b (aq d g at)) al T U) j (V al W j y (an o) aw ae i au b X) w w (a aq) g (Y Z au AA v n AB ab)) aj t q i m))))
A i B C D (E (F G ai m (H I ap) h aj (m (J (K L M (an (N O af)) aj) k (ar g av ay v a s at i al au (ad ab ag) (h (w ap) at) ag u av l) k d n g d v s (ad ae aq u (R m k y (y (S aw) b (aq d g at)) al T U) j (V al W j y (an o) aw ae i au b X) w w (a aq) g (Y Z au AA v n AB ab)) aj t q i m))))
A i B C D (E (F G ai m (H I ap) h aj (m (J (K L M (an (N O af)) aj) k (ap j av g k (am d al ag (af (aj i n i ao l))) v a s at i al au (ad ab ag) (h (w ap) at) ag u av l) k d n g d v s (ad ae aq u (R m k y (y (S aw) b (aq d g at)) al T U) j (V al W j y (an o) aw ae i au b X) w w (a aq) g (Y Z au AA v n AB ab)) aj t q i m))))
A i B C D (E (F G ai m (H I ap) h aj (m (J (K L M (an (N O af)) aj) k (ab ar ad af (ay av v w ac (e t ac x ad) ad c) s at i al au (ad ab ag) (h (w ap) at) ag u av l) k d n g d v s (ad ae aq u (R m k y (y (S aw) b (aq d g at)) al T U) j (V al W j y (an o) aw ae i au b X) w w (a aq) g (Y Z au AA v n AB ab)) aj t q i m))))
A i B C D (E (F G ai m (H I ap) h aj (m (J (K L M (an (N O af)) aj) k (s af aj ak ar w ay v ay ao c af ad al au (ad ab ag) (h (w ap) at) ag u av l) k d n g d v s (ad ae aq u (R m k y (y (S aw) b (aq d g at)) al T U) j (V al W j y (an o) aw ae i au b X) w w (a aq) g (Y Z au AA v n AB ab)) aj t q i m))))
A i B C D (E (F G ai m (H I ap) h aj (m (J (K L M (an (N O af)) aj) k (ay (ax ad) t c ak (y (ad i af aj af ad a an)) ar w ay v ay ao c af ad al au (ad ab ag) (h (w ap) at) ag u av l) k d n g d v s (ad ae aq u (R m k y (y (S aw) b (aq d g at)) al T U) j (V al W j y (an o) aw ae i au b X) w w (a aq) g (Y Z au AA v n AB ab)) aj t q i m))))
A i B C D (E (F G ai m (H I ap) h aj (m (J (K L M (an (N O af)) aj) k (an am (ax ad) w w z (ac t e l) v ay ao c af ad al au (ad ab ag) (h (w ap) at) ag u av l) k d n g d v s (ad ae aq u (R m k y (y (S aw) b (aq d g at)) al T U) j (V al W j y (an o) aw ae i au b X) w w (a aq) g (Y Z au AA v n AB ab)) aj t q i m))))
A i B C D (E (F G ai m (H I ap) h aj (m (J (K L M (an (N O af)) aj) k (a a s ap am v r s o at z (ac t e l) v ay ao c af ad al au (ad ab ag) (h (w ap) at) ag u av l) k d n g d v s (ad ae aq u (R m k y (y (S aw) b (aq d g at)) al T U) j (V al W j y (an o) aw ae i au b X) w w (a aq) g (Y Z au AA v n AB ab)) aj t q i m))))
A i B C D (E (F G ai m (H I ap) h aj (m (J (K L M (an (N O af)) aj) k (e av r l a ar x (i (am ao s ar) p) v o v r s o at z (ac t e l) v ay ao c af ad al au (ad ab ag) (h (w ap) at) ag u av l) k d n g d v s (ad ae aq u (R m k y (y (S aw) b (aq d g at)) al T U) j (V al W j y (an o) aw ae i au b X) w w (a aq) g (Y Z au AA v n AB ab)) aj t q i m))))
A i B C D (E (F G ai m (H I ap) h aj (m (J (K L M (an (N O af)) aj) k (ar g av ay v a s at i al au l (h (w ap) at) x (i (am ao s ar) p) v o v r s o at z (ac t e l) v ay ao c af ad al au (ad ab ag) (h (w ap) at) ag u av l) k d n g d v s (ad ae aq u (R m k y (y (S aw) b (aq d g at)) al T U) j (V al W j y (an o) aw ae i au b X) w w (a aq) g (Y Z au AA v n AB ab)) aj t q i m))))
A i B C D (E (F G ai m (H I ap) h aj (m (J (K L M (an (N O af)) aj) k (ap j av g k (am d al ag (af (aj i n i ao l))) v a s at i al au l (h (w ap) at) x (i (am ao s ar) p) v o v r s o at z (ac t e l) v ay ao c af ad al au (ad ab ag) (h (w ap) at) ag u av l) k d n g d v s (ad ae aq u (R m k y (y (S aw) b (aq d g at)) al T U) j (V al W j y (an o) aw ae i au b X) w w (a aq) g (Y Z au AA v n AB ab)) aj t q i m))))
A i B C D (E (F G ai m (H I ap) h aj (m (J (K L M (an (N O af)) aj) k (ab ar ad af (ay av v w ac (e t ac x ad) ad c) s at i al au l (h (w ap) at) x (i (am ao s ar) p) v o v r s o at z (ac t e l) v ay ao c af ad al au (ad ab ag) (h (w ap) at) ag u av l) k d n g d v s (ad ae aq u (R m k y (y (S aw) b (aq d g at)) al T U) j (V al W j y (an o) aw ae i au b X) w w (a aq) g (Y Z au AA v n AB ab)) aj t q i m))))
A i B C D (E (F G ai m (H I ap) h aj (m (J (K L M (an (N O af)) aj) k (s af aj ak ar w ay v ay ao c af ad al au l (h (w ap) at) x (i (am ao s ar) p) v o v r s o at z (ac t e l) v ay ao c af ad al au (ad ab ag) (h (w ap) at) ag u av l) k d n g d v s (ad ae aq u (R m k y (y (S aw) b (aq d g at)) al T U) j (V al W j y (an o) aw ae i au b X) w w (a aq) g (Y Z au AA v n AB ab)) aj t q i m))))
A i B C D (E (F G ai m (H I ap) h aj (m (J (K L M (an (N O af)) aj) k (ay (ax ad) t c ak (y (ad i af aj af ad a an)) ar w ay v ay ao c af ad al au l (h (w ap) at) x (i (am ao s ar) p) v o v r s o at z (ac t e l) v ay ao c af ad al au (ad ab ag) (h (w ap) at) ag u av l) k d n g d v s (ad ae aq u (R m k y (y (S aw) b (aq d g at)) al T U) j (V al W j y (an o) aw ae i au b X) w w (a aq) g (Y Z au AA v n AB ab)) aj t q i m))))
A i B C D (E (F G ai m (H I ap) h aj (m (J (K L M (an (N O af)) aj) k (an am (ax ad) w w z (ac t e l) v ay ao c af ad al au l (h (w ap) at) x (i (am ao s ar) p) v o v r s o at z (ac t e l) v ay ao c af ad al au (ad ab ag) (h (w ap) at) ag u av l) k d n g d v s (ad ae aq u (R m k y (y (S aw) b (aq d g at)) al T U) j (V al W j y (an o) aw ae i au b X) w w (a aq) g (Y Z au AA v n AB ab)) aj t q i m))))
A i B C D (E (F G ai m (H I ap) h aj (m (J (K L M (an (N O af)) aj) k (a a s ap am v r s o at z (ac t e l) v ay ao c af ad al au l (h (w ap) at) x (i (am ao s ar) p) v o v r s o at z (ac t e l) v ay ao c af ad al au (ad ab ag) (h (w ap) at) ag u av l) k d n g d v s (ad ae aq u (R m k y (y (S aw) b (aq d g at)) al T U) j (V al W j y (an o) aw ae i au b X) w w (a aq) g (Y Z au AA v n AB ab)) aj t q i m))))
A i B C D (E (F G ai m (H I ap) h aj (m (J (K L M (an (N O af)) aj) k (e av r l a ar x (i (am ao s ar) p) v o v r s o at z (ac t e l) v ay ao c af ad al au l (h (w ap) at) x (i (am ao s ar) p) v o v r s o at z (ac t e l) v ay ao c af ad al au (ad ab ag) (h (w ap) at) ag u av l) k d n g d v s (ad ae aq u (R m k y (y (S aw) b (aq d g at)) al T U) j (V al W j y (an o) aw ae i au b X) w w (a aq) g (Y Z au AA v n AB ab)) aj t q i m))))
A i B C D (E (F G ai m (H I ap) h aj (m (J (K L M (an (N O af)) aj) k (ar g av ay v a s at i al au l (h (w ap) at) x (i (am ao s ar) p) v o v r s o at z (ac t e l) v ay ao c af ad al au l (h (w ap) at) x (i (am ao s ar) p) v o v r s o at z (ac t e l) v ay ao c af ad al au (ad ab ag) (h (w ap) at) ag u av l) k d n g d v s (ad ae aq u (R m k y (y (S aw) b (aq d g at)) al T U) j (V al W j y (an o) aw ae i au b X) w w (a aq) g (Y Z au AA v n AB ab)) aj t q i m))))
A i B C D (E (F G ai m (H I ap) h aj (m (J (K L M (an (N O af)) aj) k (ap j av g k (am d al ag (af (aj i n i ao l))) v a s at i al au l (h (w ap) at) x (i (am ao s ar) p) v o v r s o at z (ac t e l) v ay ao c af ad al au l (h (w ap) at) x (i (am ao s ar) p) v o v r s o at z (ac t e l) v ay ao c af ad al au (ad ab ag) (h (w ap) at) ag u av l) k d n g d v s (ad ae aq u (R m k y (y (S aw) b (aq d g at)) al T U) j (V al W j y (an o) aw ae i au b X) w w (a aq) g (Y Z au AA v n AB ab)) aj t q i m))))
A i B C D (E (F G ai m (H I ap) h aj (m (J (K L M (an (N O af)) aj) k (ab ar ad af (ay av v w ac (e t ac x ad) ad c) s at i al au l (h (w ap) at) x (i (am ao s ar) p) v o v r s o at z (ac t e l) v ay ao c af ad al au l (h (w ap) at) x (i (am ao s ar) p) v o v r s o at z (ac t e l) v ay ao c af ad al au (ad ab ag) (h (w ap) at) ag u av l) k d n g d v s (ad ae aq u (R m k y (y (S aw) b (aq d g at)) al T U) j (V al W j y (an o) aw ae i au b X) w w (a aq) g (Y Z au AA v n AB ab)) aj t q i m))))
A i B C D (E (F G ai m (H I ap) h aj (m (J (K L M (an (N O af)) aj) k (s af aj ak ar w ay v ay ao c af ad al au l (h (w ap) at) x (i (am ao s ar) p) v o v r s o at z (ac t e l) v ay ao c af ad al au l (h (w ap) at) x (i (am ao s ar) p) v o v r s o at z (ac t e l) v ay ao c af ad al au (ad ab ag) (h (w ap) at) ag u av l) k d n g d v s (ad ae aq u (R m k y (y (S aw) b (aq d g at)) al T U) j (V al W j y (an o) aw ae i au b X) w w (a aq) g (Y Z au AA v n AB ab)) aj t q i m))))
A i B C D (E (F G ai m (H I ap) h aj (m (J (K L M (an (N O af)) aj) k (ay (ax ad) t c ak (y (ad i af aj af ad a an)) ar w ay v ay ao c af ad al au l (h (w ap) at) x (i (am ao s ar) p) v o v r s o at z (ac t e l) v ay ao c af ad al au l (h (w ap) at) x (i (am ao s ar) p) v o v r s o at z (ac t e l) v ay ao c af ad al au (ad ab ag) (h (w ap) at) ag u av l) k d n g d v s (ad ae aq u (R m k y (y (S aw) b (aq d g at)) al T U) j (V al W j y (an o) aw ae i au b X) w w (a aq) g (Y Z au AA v n AB ab)) aj t q i m))))
A i B C D (E (F G ai m (H I ap) h aj (m (J (K L M (an (N O af)) aj) k (an am (ax ad) w w z (ac t e l) v ay ao c af ad al au l (h (w ap) at) x (i (am ao s ar) p) v o v r s o at z (ac t e l) v ay ao c af ad al au l (h (w ap) at) x (i (am ao s ar) p) v o v r s o at z (ac t e l) v ay ao c af ad al au (ad ab ag) (h (w ap) at) ag u av l) k d n g d v s (ad ae aq u (R m k y (y (S aw) b (aq d g at)) al T U) j (V al W j y (an o) aw ae i au b X) w w (a aq) g (Y Z au AA v n AB ab)) aj t q i m))))
A i B C D (E (F G ai m (H I ap) h aj (m (J (K L M (an (N O af)) aj) k (a a s ap am v r s o at z (ac t e l) v ay ao c af ad al au l (h (w ap) at) x (i (am ao s ar) p) v o v r s o at z (ac t e l) v ay ao c af ad al au l (h (w ap) at) x (i (am ao s ar) p) v o v r s o at z (ac t e l) v ay ao c af ad al au (ad ab ag) (h (w ap) at) ag u av l) k d n g d v s (ad ae aq u (R m k y (y (S aw) b (aq d g at)) al T U) j (V al W j y (an o) aw ae i au b X) w w (a aq) g (Y Z au AA v n AB ab)) aj t q i m))))


