a ae af aj ag ah ai = u aa g g ae e
b ah ag ae af ai = h t u s o c p af i m k
c ae af ag ai ah = w (o i ab ab v b ai o)
d aj af ai ah ag ae = ad ab z l o ab b k ah e u
e ai af ae ah ag = n (c aa ae k j) ab
f af ae ag = p (j b ab d) g
g = e (ab s w c n)
h ae = u (ae o z e t m k m r e k q y r ab z)
i ah ag af ae = n (v z) g u ag e g a j y
j = z (l e g w r b l a r q m aa o ab q)
k = d n s n l s
l ae ag af = ad (c t p s h f k j s a h r y ae t)
m = l h x a ad
n ah af ag aj ai ae = ah (o j t v m x s af d) i r e g k s s
o af ae = n (ac u n ac af d g q) s l ab f z f f
p ah ae af ag = z x h aa l w z t
q = ab (aa (e (ad d) o u ab t) m a x ab a) i h h
r ag af ai ae ah = w (aa v q y j p e ab x s a y i ad ag q v)
s ai af ag ae ah = ad (e y x t p a) y t r
t = u ab ac d f aa q d w j m h n
u = w (y c e) g t z p ac b a e h q ab aa t
v ae = b (a (ae o) o) ac u n ac u n
w ag ae af = t ae l r v y ac f v ad z
x af ah ag ae = h a ae q j f e
y ae = k l r s w ae r s b w t i r ae a n h
z = k (d m u ac g g s e t ad y)
aa aj af ae ai ah ag = o (l (d z) o t f t) x p d r u z p
ab af ae = ac (b d g n q q j n q c d g h t) z
ac ag ae ah ai af aj = j (r u v a r ad d) z l j a i m h h af u
ad ae = p (a (m i) b aa a c r e h y w ab l m h)
main = A (B (m (C (c (o (z (m k u D e t k f d E z r) F b G ab z c o ab ab H I ac a a J k ad d g n q K L m M a g a j p d s ac t N O P Q R k r k m ab t i S j T z U V j W X Y w Z AA AB AC b) AD AE AF u AG r x ab) n AH AI s AJ s AK AL AM g AN))))
------------------------------------------------------------
A (B (m (C (c (o (z (m k u D e t k f d E z r) F b G ab z c o ab ab H I ac a a J k ad d g n q K L m M a g a j p d s ac t N O P Q R k r k m ab t i S j T z U V j W X Y w Z AA AB AC b) AD AE AF u AG r x ab) n AH AI s AJ s AK AL AM g AN))))
A (B (l h x a ad (C (c (o (z (m k u D e t k f d E z r) F b G ab z c o ab ab H I ac a a J k ad d g n q K L m M a g a j p d s ac t N O P Q R k r k m ab t i S j T z U V j W X Y w Z AA AB AC b) AD AE AF u AG r x ab) n AH AI s AJ s AK AL AM g AN))))
A (B (ad (c t p s h f k j s a h r y h t) ad (C (c (o (z (m k u D e t k f d E z r) F b G ab z c o ab ab H I ac a a J k ad d g n q K L m M a g a j p d s ac t N O P Q R k r k m ab t i S j T z U V j W X Y w Z AA AB AC b) AD AE AF u AG r x ab) n AH AI s AJ s AK AL AM g AN))))
A (B (p (a (m i) b aa a c r e h y w ab l m h) ad (C (c (o (z (m k u D e t k f d E z r) F b G ab z c o ab ab H I ac a a J k ad d g n q K L m M a g a j p d s ac t N O P Q R k r k m ab t i S j T z U V j W X Y w Z AA AB AC b) AD AE AF u AG r x ab) n AH AI s AJ s AK AL AM g AN))))
A (B (p (u aa g g (m i) e e h y w ab l m h) ad (C (c (o (z (m k u D e t k f d E z r) F b G ab z c o ab ab H I ac a a J k ad d g n q K L m M a g a j p d s ac t N O P Q R k r k m ab t i S j T z U V j W X Y w Z AA AB AC b) AD AE AF u AG r x ab) n AH AI s AJ s AK AL AM g AN))))
A (B (p (w (y c e) g t z p ac b a e h q ab aa t aa g g (m i) e e h y w ab l m h) ad (C (c (o (z (m k u D e t k f d E z r) F b G ab z c o ab ab H I ac a a J k ad d g n q K L m M a g a j p d s ac t N O P Q R k r k m ab t i S j T z U V j W X Y w Z AA AB AC b) AD AE AF u AG r x ab) n AH AI s AJ s AK AL AM g AN))))
A (B (p (t g l r v y ac f v ad z z p ac b a e h q ab aa t aa g g (m i) e e h y w ab l m h) ad (C (c (o (z (m k u D e t k f d E z r) F b G ab z c o ab ab H I ac a a J k ad d g n q K L m M a g a j p d s ac t N O P Q R k r k m ab t i S j T z U V j W X Y w Z AA AB AC b) AD AE AF u AG r x ab) n AH AI s AJ s AK AL AM g AN))))
A (B (p (u ab ac d f aa q d w j m h n g l r v y ac f v ad z z p ac b a e h q ab aa t aa g g (m i) e e h y w ab l m h) ad (C (c (o (z (m k u D e t k f d E z r) F b G ab z c o ab ab H I ac a a J k ad d g n q K L m M a g a j p d s ac t N O P Q R k r k m ab t i S j T z U V j W X Y w Z AA AB AC b) AD AE AF u AG r x ab) n AH AI s AJ s AK AL AM g AN))))
A (B (p (w (y c e) g t z p ac b a e h q ab aa t ab ac d f aa q d w j m h n g l r v y ac f v ad z z p ac b a e h q ab aa t aa g g (m i) e e h y w ab l m h) ad (C (c (o (z (m k u D e t k f d E z r) F b G ab z c o ab ab H I ac a a J k ad d g n q K L m M a g a j p d s ac t N O P Q R k r k m ab t i S j T z U V j W X Y w Z AA AB AC b) AD AE AF u AG r x ab) n AH AI s AJ s AK AL AM g AN))))
A (B (p (t g l r v y ac f v ad z z p ac b a e h q ab aa t ab ac d f aa q d w j m h n g l r v y ac f v ad z z p ac b a e h q ab aa t aa g g (m i) e e h y w ab l m h) ad (C (c (o (z (m k u D e t k f d E z r) F b G ab z c o ab ab H I ac a a J k ad d g n q K L m M a g a j p d s ac t N O P Q R k r k m ab t i S j T z U V j W X Y w Z AA AB AC b) AD AE AF u AG r x ab) n AH AI s AJ s AK AL AM g AN))))
A (B (p (u ab ac d f aa q d w j m h n g l r v y ac f v ad z z p ac b a e h q ab aa t ab ac d f aa q d w j m h n g l r v y ac f v ad z z p ac b a e h q ab aa t aa g g (m i) e e h y w ab l m h) ad (C (c (o (z (m k u D e t k f d E z r) F b G ab z c o ab ab H I ac a a J k ad d g n q K L m M a g a j p d s ac t N O P Q R k r k m ab t i S j T z U V j W X Y w Z AA AB AC b) AD AE AF u AG r x ab) n AH AI s AJ s AK AL AM g AN))))
A (B (p (w (y c e) g t z p ac b a e h q ab aa t ab ac d f aa q d w j m h n g l r v y ac f v ad z z p ac b a e h q ab aa t ab ac d f aa q d w j m h n g l r v y ac f v ad z z p ac b a e h q ab aa t aa g g (m i) e e h y w ab l m h) ad (C (c (o (z (m k u D e t k f d E z r) F b G ab z c o ab ab H I ac a a J k ad d g n q K L m M a g a j p d s ac t N O P Q R k r k m ab t i S j T z U V j W X Y w Z AA AB AC b) AD AE AF u AG r x ab) n AH AI s AJ s AK AL AM g AN))))
A (B (p (t g l r v y ac f v ad z z p ac b a e h q ab aa t ab ac d f aa q d w j m h n g l r v y ac f v ad z z p ac b a e h q ab aa t ab ac d f aa q d w j m h n g l r v y ac f v ad z z p ac b a e h q ab aa t aa g g (m i) e e h y w ab l m h) ad (C (c (o (z (m k u D e t k f d E z r) F b G ab z c o ab ab H I ac a a J k ad d g n q K L m M a g a j p d s ac t N O P Q R k r k m ab t i S j T z U V j W X Y w Z AA AB AC b) AD AE AF u AG r x ab) n AH AI s AJ s AK AL AM g AN))))
A (B (p (u ab ac d f aa q d w j m h n g l r v y ac f v ad z z p ac b a e h q ab aa t ab ac d f aa q d w j m h n g l r v y ac f v ad z z p ac b a e h q ab aa t ab ac d f aa q d w j m h n g l r v y ac f v ad z z p ac b a e h q ab aa t aa g g (m i) e e h y w ab l m h) ad (C (c (o (z (m k u D e t k f d E z r) F b G ab z c o ab ab H I ac a a J k ad d g n q K L m M a g a j p d s ac t N O P Q R k r k m ab t i S j T z U V j W X Y w Z AA AB AC b) AD AE AF u AG r x ab) n AH AI s AJ s AK AL AM g AN))))
A (B (p (w (y c e) g t z p ac b a e h q ab aa t ab ac d f aa q d w j m h n g l r v y ac f v ad z z p ac b a e h q ab aa t ab ac d f aa q d w j m h n g l r v y ac f v ad z z p ac b a e h q ab aa t ab ac d f aa q d w j m h n g l r v y ac f v ad z z p ac b a e h q ab aa t aa g g (m i) e e h y w ab l m h) ad (C (c (o (z (m k u D e t k f d E z r) F b G ab z c o ab ab H I ac a a J k ad d g n q K L m M a g a j p d s ac t N O P Q R k r k m ab t i S j T z U V j W X Y w Z AA AB AC b) AD AE AF u AG r x ab) n AH AI s AJ s AK AL AM g AN))))
A (B (p (t g l r v y ac f v ad z z p ac b a e h q ab aa t ab ac d f aa q d w j m h n g l r v y ac f v ad z z p ac b a e h q ab aa t ab ac d f aa q d w j m h n g l r v y ac f v ad z z p ac b a e h q ab aa t ab ac d f aa q d w j m h n g l r v y ac f v ad z z p ac b a e h q ab aa t aa g g (m i) e e h y w ab l m h) ad (C (c (o (z (m k u D e t k f d E z r) F b G ab z c o ab ab H I ac a a J k ad d g n q K L m M a g a j p d s ac t N O P Q R k r k m ab t i S j T z U V j W X Y w Z AA AB AC b) AD AE AF u AG r x ab) n AH AI s AJ s AK AL AM g AN))))
A (B (p (u ab ac d f aa q d w j m h n g l r v y ac f v ad z z p ac b a e h q ab aa t ab ac d f aa q d w j m h n g l r v y ac f v ad z z p ac b a e h q ab aa t ab ac d f aa q d w j m h n g l r v y ac f v ad z z p ac b a e h q ab aa t ab ac d f aa q d w j m h n g l r v y ac f v ad z z p ac b a e h q ab aa t aa g g (m i) e e h y w ab l m h) ad (C (c (o (z (m k u D e t k f d E z r) F b G ab z c o ab ab H I ac a a J k ad d g n q K L m M a g a j p d s ac t N O P Q R k r k m ab t i S j T z U V j W X Y w Z AA AB AC b) AD AE AF u AG r x ab) n AH AI s AJ s AK AL AM g AN))))
A (B (p (w (y c e) g t z p ac b a e h q ab aa t ab ac d f aa q d w j m h n g l r v y ac f v ad z z p ac b a e h q ab aa t ab ac d f aa q d w j m h n g l r v y ac f v ad z z p ac b a e h q ab aa t ab ac d f aa q d w j m h n g l r v y ac f v ad z z p ac b a e h q ab aa t ab ac d f aa q d w j m h n g l r v y ac f v ad z z p ac b a e h q ab aa t aa g g (m i) e e h y w ab l m h) ad (C (c (o (z (m k u D e t k f d E z r) F b G ab z c o ab ab H I ac a a J k ad d g n q K L m M a g a j p d s ac t N O P Q R k r k m ab t i S j T z U V j W X Y w Z AA AB AC b) AD AE AF u AG r x ab) n AH AI s AJ s AK AL AM g AN))))
A (B (p (t g l r v y ac f v ad z z p ac b a e h q ab aa t ab ac d f aa q d w j m h n g l r v y ac f v ad z z p ac b a e h q ab aa t ab ac d f aa q d w j m h n g l r v y ac f v ad z z p ac b a e h q ab aa t ab ac d f aa q d w j m h n g l r v y ac f v ad z z p ac b a e h q ab aa t ab ac d f aa q d w j m h n g l r v y ac f v ad z z p ac b a e h q ab aa t aa g g (m i) e e h y w ab l m h) ad (C (c (o (z (m k u D e t k f d E z r) F b G ab z c o ab ab H I ac a a J k ad d g n q K L m M a g a j p d s ac t N O P Q R k r k m ab t i S j T z U V j W X Y w Z AA AB AC b) AD AE AF u AG r x ab) n AH AI s AJ s AK AL AM g AN))))
A (B (p (u ab ac d f aa q d w j m h n g l r v y ac f v ad z z p ac b a e h q ab aa t ab ac d f aa q d w j m h n g l r v y ac f v ad z z p ac b a e h q ab aa t ab ac d f aa q d w j m h n g l r v y ac f v ad z z p ac b a e h q ab aa t ab ac d f aa q d w j m h n g l r v y ac f v ad z z p ac b a e h q ab aa t ab ac d f aa q d w j m h n g l r v y ac f v ad z z p ac b a e h q ab aa t aa g g (m i) e e h y w ab l m h) ad (C (c (o (z (m k u D e t k f d E z r) F b G ab z c o ab ab H I ac a a J k ad d g n q K L m M a g a j p d s ac t N O P Q R k r k m ab t i S j T z U V j W X Y w Z AA AB AC b) AD AE AF u AG r x ab) n AH AI s AJ s AK AL AM g AN))))
A (B (p (w (y c e) g t z p ac b a e h q ab aa t ab ac d f aa q d w j m h n g l r v y ac f v ad z z p ac b a e h q ab aa t ab ac d f aa q d w j m h n g l r v y ac f v ad z z p ac b a e h q ab aa t ab ac d f aa q d w j m h n g l r v y ac f v ad z z p ac b a e h q ab aa t ab ac d f aa q d w j m h n g l r v y ac f v ad z z p ac b a e h q ab aa t ab ac d f aa q d w j m h n g l r v y ac f v ad z z p ac b a e h q ab aa t aa g g (m i) e e h y w ab l m h) ad (C (c (o (z (m k u D e t k f d E z r) F b G ab z c o ab ab H I ac a a J k ad d g n q K L m M a g a j p d s ac t N O P Q R k r k m ab t i S j T z U V j W X Y w Z AA AB AC b) AD AE AF u AG r x ab) n AH AI s AJ s AK AL AM g AN))))
A (B (p (t g l r v y ac f v ad z z p ac b a e h q ab aa t ab ac d f aa q d w j m h n g l r v y ac f v ad z z p ac b a e h q ab aa t ab ac d f aa q d w j m h n g l r v y ac f v ad z z p ac b a e h q ab aa t ab ac d f aa q d w j m h n g l r v y ac f v ad z z p ac b a e h q ab aa t ab ac d f aa q d w j m h n g l r v y ac f v ad z z p ac b a e h q ab aa t ab ac d f aa q d w j m h n g l r v y ac f v ad z z p ac b a e h q ab aa t aa g g (m i) e e h y w ab l m h) ad (C (c (o (z (m k u D e t k f d E z r) F b G ab z c o ab ab H I ac a a J k ad d g n q K L m M a g a j p d s ac t N O P Q R k r k m ab t i S j T z U V j W X Y w Z AA AB AC b) AD AE AF u AG r x ab) n AH AI s AJ s AK AL AM g AN))))
A (B (p (u ab ac d f aa q d w j m h n g l r v y ac f v ad z z p ac b a e h q ab aa t ab ac d f aa q d w j m h n g l r v y ac f v ad z z p ac b a e h q ab aa t ab ac d f aa q d w j m h n g l r v y ac f v ad z z p ac b a e h q ab aa t ab ac d f aa q d w j m h n g l r v y ac f v ad z z p ac b a e h q ab aa t ab ac d f aa q d w j m h n g l r v y ac f v ad z z p ac b a e h q ab aa t ab ac d f aa q d w j m h n g l r v y ac f v ad z z p ac b a e h q ab aa t aa g g (m i) e e h y w ab l m h) ad (C (c (o (z (m k u D e t k f d E z r) F b G ab z c o ab ab H I ac a a J k ad d g n q K L m M a g a j p d s ac t N O P Q R k r k m ab t i S j T z U V j W X Y w Z AA AB AC b) AD AE AF u AG r x ab) n AH AI s AJ s AK AL AM g AN))))
A (B (p (w (y c e) g t z p ac b a e h q ab aa t ab ac d f aa q d w j m h n g l r v y ac f v ad z z p ac b a e h q ab aa t ab ac d f aa q d w j m h n g l r v y ac f v ad z z p ac b a e h q ab aa t ab ac d f aa q d w j m h n g l r v y ac f v ad z z p ac b a e h q ab aa t ab ac d f aa q d w j m h n g l r v y ac f v ad z z p ac b a e h q ab aa t ab ac d f aa q d w j m h n g l r v y ac f v ad z z p ac b a e h q ab aa t ab ac d f aa q d w j m h n g l r v y ac f v ad z z p ac b a e h q ab aa t aa g g (m i) e e h y w ab l m h) ad (C (c (o (z (m k u D e t k f d E z r) F b G ab z c o ab ab H I ac a a J k ad d g n q K L m M a g a j p d s ac t N O P Q R k r k m ab t i S j T z U V j W X Y w Z AA AB AC b) AD AE AF u AG r x ab) n AH AI s AJ s AK AL AM g AN))))
A (B (p (t g l r v y ac f v ad z z p ac b a e h q ab aa t ab ac d f aa q d w j m h n g l r v y ac f v ad z z p ac b a e h q ab aa t ab ac d f aa q d w j m h n g l r v y ac f v ad z z p ac b a e h q ab aa t ab ac d f aa q d w j m h n g l r v y ac f v ad z z p ac b a e h q ab aa t ab ac d f aa q d w j m h n g l r v y ac f v ad z z p ac b a e h q ab aa t ab ac d f aa q d w j m h n g l r v y ac f v ad z z p ac b a e h q ab aa t ab ac d f aa q d w j m h n g l r v y ac f v ad z z p ac b a e h q ab aa t aa g g (m i) e e h y w ab l m h) ad (C (c (o (z (m k u D e t k f d E z r) F b G ab z c o ab ab H I ac a a J k ad d g n q K L m M a g a j p d s ac t N O P Q R k r k m ab t i S j T z U V j W X Y w Z AA AB AC b) AD AE AF u AG r x ab) n AH AI s AJ s AK AL AM g AN))))
A (B (p (u ab ac d f aa q d w j m h n g l r v y ac f v ad z z p ac b a e h q ab aa t ab ac d f aa q d w j m h n g l r v y ac f v ad z z p ac b a e h q ab aa t ab ac d f aa q d w j m h n g l r v y ac f v ad z z p ac b a e h q ab aa t ab ac d f aa q d w j m h n g l r v y ac f v ad z z p ac b a e h q ab aa t ab ac d f aa q d w j m h n g l r v y ac f v ad z z p ac b a e h q ab aa t ab ac d f aa q d w j m h n g l r v y ac f v ad z z p ac b a e h q ab aa t ab ac d f aa q d w j m h n g l r v y ac f v ad z z p ac b a e h q ab aa t aa g g (m i) e e h y w ab l m h) ad (C (c (o (z (m k u D e t k f d E z r) F b G ab z c o ab ab H I ac a a J k ad d g n q K L m M a g a j p d s ac t N O P Q R k r k m ab t i S j T z U V j W X Y w Z AA AB AC b) AD AE AF u AG r x ab) n AH AI s AJ s AK AL AM g AN))))
A (B (p (w (y c e) g t z p ac b a e h q ab aa t ab ac d f aa q d w j m h n g l r v y ac f v ad z z p ac b a e h q ab aa t ab ac d f aa q d w j m h n g l r v y ac f v ad z z p ac b a e h q ab aa t ab ac d f aa q d w j m h n g l r v y ac f v ad z z p ac b a e h q ab aa t ab ac d f aa q d w j m h n g l r v y ac f v ad z z p ac b a e h q ab aa t ab ac d f aa q d w j m h n g l r v y ac f v ad z z p ac b a e h q ab aa t ab ac d f aa q d w j m h n g l r v y ac f v ad z z p ac b a e h q ab aa t ab ac d f aa q d w j m h n g l r v y ac f v ad z z p ac b a e h q ab aa t aa g g (m i) e e h y w ab l m h) ad (C (c (o (z (m k u D e t k f d E z r) F b G ab z c o ab ab H I ac a a J k ad d g n q K L m M a g a j p d s ac t N O P Q R k r k m ab t i S j T z U V j W X Y w Z AA AB AC b) AD AE AF u AG r x ab) n AH AI s AJ s AK AL AM g AN))))
A (B (p (t g l r v y ac f v ad z z p ac b a e h q ab aa t ab ac d f aa q d w j m h n g l r v y ac f v ad z z p ac b a e h q ab aa t ab ac d f aa q d w j m h n g l r v y ac f v ad z z p ac b a e h q ab aa t ab ac d f aa q d w j m h n g l r v y ac f v ad z z p ac b a e h q ab aa t ab ac d f aa q d w j m h n g l r v y ac f v ad z z p ac b a e h q ab aa t ab ac d f aa q d w j m h n g l r v y ac f v ad z z p ac b a e h q ab aa t ab ac d f aa q d w j m h n g l r v y ac f v ad z z p ac b a e h q ab aa t ab ac d f aa q d w j m h n g l r v y ac f v ad z z p ac b a e h q ab aa t aa g g (m i) e e h y w ab l m h) ad (C (c (o (z (m k u D e t k f d E z r) F b G ab z c o ab ab H I ac a a J k ad d g n q K L m M a g a j p d s ac t N O P Q R k r k m ab t i S j T z U V j W X Y w Z AA AB AC b) AD AE AF u AG r x ab) n AH AI s AJ s AK AL AM g AN))))
A (B (p (u ab ac d f aa q d w j m h n g l r v y ac f v ad z z p ac b a e h q ab aa t ab ac d f aa q d w j m h n g l r v y ac f v ad z z p ac b a e h q ab aa t ab ac d f aa q d w j m h n g l r v y ac f v ad z z p ac b a e h q ab aa t ab ac d f aa q d w j m h n g l r v y ac f v ad z z p ac b a e h q ab aa t ab ac d f aa q d w j m h n g l r v y ac f v ad z z p ac b a e h q ab aa t ab ac d f aa q d w j m h n g l r v y ac f v ad z z p ac b a e h q ab aa t ab ac d f aa q d w j m h n g l r v y ac f v ad z z p ac b a e h q ab aa t ab ac d f aa q d w j m h n g l r v y ac f v ad z z p ac b a e h q ab aa t aa g g (m i) e e h y w ab l m h) ad (C (c (o (z (m k u D e t k f d E z r) F b G ab z c o ab ab H I ac a a J k ad d g n q K L m M a g a j p d s ac t N O P Q R k r k m ab t i S j T z U V j W X Y w Z AA AB AC b) AD AE AF u AG r x ab) n AH AI s AJ s AK AL AM g AN))))
A (B (p (w (y c e) g t z p ac b a e h q ab aa t ab ac d f aa q d w j m h n g l r v y ac f v ad z z p ac b a e h q ab aa t ab ac d f aa q d w j m h n g l r v y ac f v ad z z p ac b a e h q ab aa t ab ac d f aa q d w j m h n g l r v y ac f v ad z z p ac b a e h q ab aa t ab ac d f aa q d w j m h n g l r v y ac f v ad z z p ac b a e h q ab aa t ab ac d f aa q d w j m h n g l r v y ac f v ad z z p ac b a e h q ab aa t ab ac d f aa q d w j m h n g l r v y ac f v ad z z p ac b a e h q ab aa t ab ac d f aa q d w j m h n g l r v y ac f v ad z z p ac b a e h q ab aa t ab ac d f aa q d w j m h n g l r v y ac f v ad z z p ac b a e h q ab aa t aa g g (m i) e e h y w ab l m h) ad (C (c (o (z (m k u D e t k f d E z r) F b G ab z c o ab ab H I ac a a J k ad d g n q K L m M a g a j p d s ac t N O P Q R k r k m ab t i S j T z U V j W X Y w Z AA AB AC b) AD AE AF u AG r x ab) n AH AI s AJ s AK AL AM g AN))))


