a ah ag ae af x (o z af k u ab x c ah ag b)
b ae af k (d v e ab x y j j c t m t ac)
c ab (l e q)
d ai ag ae af ah v (j n z h h x k) e
e af ae q (r o (u m u) ac k)
f ae m h i p k o k g c e ad w u u
g ae q (k z l ac d u d e e v i j k ad)
h ae af y (w (c af w ab r f) t x x c q n c)
i af ag ae ad (s (g m q h h l w p r x u e m j q))
j ab (a ab) ac b p m n
k af ae u (g (h c f i) r t w) y ae c y e m v
l ae af aa r aa g w
m ae aj ag ai af ah b i a b l ac aj
n ae x (i (ae (o (c ab i v y g aa t e o j) x k)))
o ag af ah ae m i x ae x x n m ac ag
p af aj ag ah ai ae l h x v t n l o h w
q aj ae af ag ah ai n (d aa) (p r c m) i ac ac w g
r ah ae ag af l (ac (a t z z q f o g o)) e j u
s ah ag ae af ai aj p (y (h o g d x y ag p y l a r f z ad))
t ae af a j f a r r y ad h y
u af ai ah ag ae d (r z v aa m z p b n p ad h v ac ag t)
v t t u o x c r n w r k y s
w ae f (v ae o ae o p u u p n x ae j)
x ag ae ah af ai f m q ag n o w m g z n m f c
y af ae ag ag (i l af g o) d g b z z g p w v aa
z ae ag af f h a i a ad u
aa ae ah ai af ag h (f v) r u u s ac v z ac o k
ab aj af ah ai ag ae k (ad p q i j o aa) i r i g aa o ad af
ac af ag ai ah ae p g
ad w (p d s a ab n u r) a ab q
main ac (o (A (B C (h (n (l (e (q e D E p a a) j F G H I J w t r y h l j j a o ac d s s m) t h) ac o j a m u j c e y v n K L k M N O o ab w v P Q u ab m R S w m ab T k U V d r ab W n ad a g) X ad Y Z y e p) ac s AA AB AC AD AE q a AF)))
------------------------------------------------------------
ac (o (A (B C (h (n (l (e (q e D E p a a) j F G H I J w t r y h l j j a o ac d s s m) t h) ac o j a m u j c e y v n K L k M N O o ab w v P Q u ab m R S w m ab T k U V d r ab W n ad a g) X ad Y Z y e p) ac s AA AB AC AD AE q a AF)))
ac (o (A (B C (y (w (c X w ab r f) t x x c q n c) ad Y Z y e p) ac s AA AB AC AD AE q a AF)))
ac (o (A (B C (Y (i l (w (c X w ab r f) t x x c q n c) g o) d g b z z g p w v aa Z y e p) ac s AA AB AC AD AE q a AF)))
ac (o (A (B C (Y (ad (s (g m q h h l w p r x u e m j q)) o) d g b z z g p w v aa Z y e p) ac s AA AB AC AD AE q a AF)))
ac (o (A (B C (Y (w (p d s a ab n u r) a ab q (s (g m q h h l w p r x u e m j q)) o) d g b z z g p w v aa Z y e p) ac s AA AB AC AD AE q a AF)))
ac (o (A (B C (Y (f (v (p d s a ab n u r) o (p d s a ab n u r) o p u u p n x (p d s a ab n u r) j) a ab q (s (g m q h h l w p r x u e m j q)) o) d g b z z g p w v aa Z y e p) ac s AA AB AC AD AE q a AF)))
ac (o (A (B C (Y (m h i p k o k g c e ad w u u a ab q (s (g m q h h l w p r x u e m j q)) o) d g b z z g p w v aa Z y e p) ac s AA AB AC AD AE q a AF)))
ac (o (A (B C (Y (b i a b l ac i g c e ad w u u a ab q (s (g m q h h l w p r x u e m j q)) o) d g b z z g p w v aa Z y e p) ac s AA AB AC AD AE q a AF)))
ac (o (A (B C (Y (k (d v e ab x y j j c t m t ac) b l ac i g c e ad w u u a ab q (s (g m q h h l w p r x u e m j q)) o) d g b z z g p w v aa Z y e p) ac s AA AB AC AD AE q a AF)))
ac (o (A (B C (Y (u (g (h c f i) r t w) y b c y e m v l ac i g c e ad w u u a ab q (s (g m q h h l w p r x u e m j q)) o) d g b z z g p w v aa Z y e p) ac s AA AB AC AD AE q a AF)))
ac (o (A (B C (Y (d (r z v aa m z p b n p ad h v ac c t) e m v l ac i g c e ad w u u a ab q (s (g m q h h l w p r x u e m j q)) o) d g b z z g p w v aa Z y e p) ac s AA AB AC AD AE q a AF)))
ac (o (A (B C (Y (v (j n z h h x k) e ac i g c e ad w u u a ab q (s (g m q h h l w p r x u e m j q)) o) d g b z z g p w v aa Z y e p) ac s AA AB AC AD AE q a AF)))
ac (o (A (B C (Y (t t u o x c r n w r k y s (j n z h h x k) e ac i g c e ad w u u a ab q (s (g m q h h l w p r x u e m j q)) o) d g b z z g p w v aa Z y e p) ac s AA AB AC AD AE q a AF)))
ac (o (A (B C (Y (a j f a r r y ad h y o x c r n w r k y s (j n z h h x k) e ac i g c e ad w u u a ab q (s (g m q h h l w p r x u e m j q)) o) d g b z z g p w v aa Z y e p) ac s AA AB AC AD AE q a AF)))
ac (o (A (B C (Y (x (o z r k u ab x c j f b) r y ad h y o x c r n w r k y s (j n z h h x k) e ac i g c e ad w u u a ab q (s (g m q h h l w p r x u e m j q)) o) d g b z z g p w v aa Z y e p) ac s AA AB AC AD AE q a AF)))
ac (o (A (B C (Y (f m q (o z r k u ab x c j f b) n o w m g z n m f c y o x c r n w r k y s (j n z h h x k) e ac i g c e ad w u u a ab q (s (g m q h h l w p r x u e m j q)) o) d g b z z g p w v aa Z y e p) ac s AA AB AC AD AE q a AF)))
ac (o (A (B C (Y (m h i p k o k g c e ad w u u q (o z r k u ab x c j f b) n o w m g z n m f c y o x c r n w r k y s (j n z h h x k) e ac i g c e ad w u u a ab q (s (g m q h h l w p r x u e m j q)) o) d g b z z g p w v aa Z y e p) ac s AA AB AC AD AE q a AF)))
ac (o (A (B C (Y (b i a b l ac i g c e ad w u u q (o z r k u ab x c j f b) n o w m g z n m f c y o x c r n w r k y s (j n z h h x k) e ac i g c e ad w u u a ab q (s (g m q h h l w p r x u e m j q)) o) d g b z z g p w v aa Z y e p) ac s AA AB AC AD AE q a AF)))
ac (o (A (B C (Y (k (d v e ab x y j j c t m t ac) b l ac i g c e ad w u u q (o z r k u ab x c j f b) n o w m g z n m f c y o x c r n w r k y s (j n z h h x k) e ac i g c e ad w u u a ab q (s (g m q h h l w p r x u e m j q)) o) d g b z z g p w v aa Z y e p) ac s AA AB AC AD AE q a AF)))
ac (o (A (B C (Y (u (g (h c f i) r t w) y b c y e m v l ac i g c e ad w u u q (o z r k u ab x c j f b) n o w m g z n m f c y o x c r n w r k y s (j n z h h x k) e ac i g c e ad w u u a ab q (s (g m q h h l w p r x u e m j q)) o) d g b z z g p w v aa Z y e p) ac s AA AB AC AD AE q a AF)))
ac (o (A (B C (Y (d (r z v aa m z p b n p ad h v ac c t) e m v l ac i g c e ad w u u q (o z r k u ab x c j f b) n o w m g z n m f c y o x c r n w r k y s (j n z h h x k) e ac i g c e ad w u u a ab q (s (g m q h h l w p r x u e m j q)) o) d g b z z g p w v aa Z y e p) ac s AA AB AC AD AE q a AF)))
ac (o (A (B C (Y (v (j n z h h x k) e ac i g c e ad w u u q (o z r k u ab x c j f b) n o w m g z n m f c y o x c r n w r k y s (j n z h h x k) e ac i g c e ad w u u a ab q (s (g m q h h l w p r x u e m j q)) o) d g b z z g p w v aa Z y e p) ac s AA AB AC AD AE q a AF)))
ac (o (A (B C (Y (t t u o x c r n w r k y s (j n z h h x k) e ac i g c e ad w u u q (o z r k u ab x c j f b) n o w m g z n m f c y o x c r n w r k y s (j n z h h x k) e ac i g c e ad w u u a ab q (s (g m q h h l w p r x u e m j q)) o) d g b z z g p w v aa Z y e p) ac s AA AB AC AD AE q a AF)))
ac (o (A (B C (Y (a j f a r r y ad h y o x c r n w r k y s (j n z h h x k) e ac i g c e ad w u u q (o z r k u ab x c j f b) n o w m g z n m f c y o x c r n w r k y s (j n z h h x k) e ac i g c e ad w u u a ab q (s (g m q h h l w p r x u e m j q)) o) d g b z z g p w v aa Z y e p) ac s AA AB AC AD AE q a AF)))
ac (o (A (B C (Y (x (o z r k u ab x c j f b) r y ad h y o x c r n w r k y s (j n z h h x k) e ac i g c e ad w u u q (o z r k u ab x c j f b) n o w m g z n m f c y o x c r n w r k y s (j n z h h x k) e ac i g c e ad w u u a ab q (s (g m q h h l w p r x u e m j q)) o) d g b z z g p w v aa Z y e p) ac s AA AB AC AD AE q a AF)))
ac (o (A (B C (Y (f m q (o z r k u ab x c j f b) n o w m g z n m f c y o x c r n w r k y s (j n z h h x k) e ac i g c e ad w u u q (o z r k u ab x c j f b) n o w m g z n m f c y o x c r n w r k y s (j n z h h x k) e ac i g c e ad w u u a ab q (s (g m q h h l w p r x u e m j q)) o) d g b z z g p w v aa Z y e p) ac s AA AB AC AD AE q a AF)))
ac (o (A (B C (Y (m h i p k o k g c e ad w u u q (o z r k u ab x c j f b) n o w m g z n m f c y o x c r n w r k y s (j n z h h x k) e ac i g c e ad w u u q (o z r k u ab x c j f b) n o w m g z n m f c y o x c r n w r k y s (j n z h h x k) e ac i g c e ad w u u a ab q (s (g m q h h l w p r x u e m j q)) o) d g b z z g p w v aa Z y e p) ac s AA AB AC AD AE q a AF)))
ac (o (A (B C (Y (b i a b l ac i g c e ad w u u q (o z r k u ab x c j f b) n o w m g z n m f c y o x c r n w r k y s (j n z h h x k) e ac i g c e ad w u u q (o z r k u ab x c j f b) n o w m g z n m f c y o x c r n w r k y s (j n z h h x k) e ac i g c e ad w u u a ab q (s (g m q h h l w p r x u e m j q)) o) d g b z z g p w v aa Z y e p) ac s AA AB AC AD AE q a AF)))
ac (o (A (B C (Y (k (d v e ab x y j j c t m t ac) b l ac i g c e ad w u u q (o z r k u ab x c j f b) n o w m g z n m f c y o x c r n w r k y s (j n z h h x k) e ac i g c e ad w u u q (o z r k u ab x c j f b) n o w m g z n m f c y o x c r n w r k y s (j n z h h x k) e ac i g c e ad w u u a ab q (s (g m q h h l w p r x u e m j q)) o) d g b z z g p w v aa Z y e p) ac s AA AB AC AD AE q a AF)))
ac (o (A (B C (Y (u (g (h c f i) r t w) y b c y e m v l ac i g c e ad w u u q (o z r k u ab x c j f b) n o w m g z n m f c y o x c r n w r k y s (j n z h h x k) e ac i g c e ad w u u q (o z r k u ab x c j f b) n o w m g z n m f c y o x c r n w r k y s (j n z h h x k) e ac i g c e ad w u u a ab q (s (g m q h h l w p r x u e m j q)) o) d g b z z g p w v aa Z y e p) ac s AA AB AC AD AE q a AF)))


