a = z i ac u b m
b = z (w (w c) z (p aa)) (v k) i g o i n
c ah ag ae af = j s h q f o z i a aa z v o z
d ae ag af = ab (u aa g s z r o y ab s j a e h) t f
e = l (z (q z n d i k k g ac d q ad v) b n)
f af ag ah aj ae ai = k (aa (w (n p j) w b) ad aa n u n a)
g af ae = j aa t aa r q j z m i m ab x w h r o
h af ae = ae (r ac af w v g u p j t aa d x n l k j)
i ag af ae = a ab p b a t r a y b w m m
j ae = aa (m (ae h ae) p e x u w)
k af ai ah ae aj ag = t (ac (c f b j g ad z g n i) o h)
l ae af = j z i w n r n x v f
m ai ag ae af aj ah = k (i (b ab ab j k h u) p s p f) d t f r u
n ae aj af ah ai ag = d f k ab t p i r q y
o ae = i (h x c d q ad y ae aa a a v x) w c
p ag ah af ae = n k (v n e i i g s v a o ab o a t) ad
q = g j v f v v p p k
r af ah ae ag = m (s z c p ag q ah y ad ac d g)
s af ah ag ae = y (d b t v i r af f k z ac i l w p t) aa
t ah ag ae af = h (h c) q q k x k h
u aj ah ag ai af ae = n (f (f w ab af ab r ac b ac n i) w v)
v ah ai ae af ag aj = r p r k d ac i ae h ac ad a c q
w ae ag af = ab (t (ac d a q ae q q p) g m)
x ai ae ag ah af = z (h d b c y t a n aa o g n ai e) u q
y ae ah ag af ai = f (ad w ad f) f (c x) ab r w
z ae ag af = aa (u y p b c e a a s j af a ac)
aa ae = n u v f k g ab ae j
ab ah ae ag af = d k ac j ac
ac ae = v j x s ad u p
ad ag af ae = c (c aa af d s s o y q i b y aa) l i d
main = A (w (h (x (B (c (C (m (D (u c r h o ab) E F G aa r) g f d g H I q J r K L x r y l c h f h M N O P Q q x R S T U i e d V W u g w X j w Y o Z AA a j AB ab ac o e AC AD aa r AE g AF AG ab r ac e j AH AI AJ h f o l AK i AL x AM AN v j)))))))
------------------------------------------------------------
A (w (h (x (B (c (C (m (D (u c r h o ab) E F G aa r) g f d g H I q J r K L x r y l c h f h M N O P Q q x R S T U i e d V W u g w X j w Y o Z AA a j AB ab ac o e AC AD aa r AE g AF AG ab r ac e j AH AI AJ h f o l AK i AL x AM AN v j)))))))
A (w (h (x (B (c (C (k (i (b ab ab j k h u) p s p f) d t f r u I q J r K L x r y l c h f h M N O P Q q x R S T U i e d V W u g w X j w Y o Z AA a j AB ab ac o e AC AD aa r AE g AF AG ab r ac e j AH AI AJ h f o l AK i AL x AM AN v j)))))))
A (w (h (x (B (c (C (t (ac (c f b j g ad z g n i) o h) I q J r K L x r y l c h f h M N O P Q q x R S T U i e d V W u g w X j w Y o Z AA a j AB ab ac o e AC AD aa r AE g AF AG ab r ac e j AH AI AJ h f o l AK i AL x AM AN v j)))))))
A (w (h (x (B (c (C (h (h c) q q k x k h r K L x r y l c h f h M N O P Q q x R S T U i e d V W u g w X j w Y o Z AA a j AB ab ac o e AC AD aa r AE g AF AG ab r ac e j AH AI AJ h f o l AK i AL x AM AN v j)))))))
A (w (h (x (B (c (C (q (r ac (h c) w v g u p j t aa d x n l k j) q k x k h r K L x r y l c h f h M N O P Q q x R S T U i e d V W u g w X j w Y o Z AA a j AB ab ac o e AC AD aa r AE g AF AG ab r ac e j AH AI AJ h f o l AK i AL x AM AN v j)))))))
A (w (h (x (B (c (C (g j v f v v p p k (r ac (h c) w v g u p j t aa d x n l k j) q k x k h r K L x r y l c h f h M N O P Q q x R S T U i e d V W u g w X j w Y o Z AA a j AB ab ac o e AC AD aa r AE g AF AG ab r ac e j AH AI AJ h f o l AK i AL x AM AN v j)))))))
A (w (h (x (B (c (C (j aa t aa r q j z m i m ab x w h r o f v v p p k (r ac (h c) w v g u p j t aa d x n l k j) q k x k h r K L x r y l c h f h M N O P Q q x R S T U i e d V W u g w X j w Y o Z AA a j AB ab ac o e AC AD aa r AE g AF AG ab r ac e j AH AI AJ h f o l AK i AL x AM AN v j)))))))
A (w (h (x (B (c (C (aa (m (aa h aa) p e x u w) t aa r q j z m i m ab x w h r o f v v p p k (r ac (h c) w v g u p j t aa d x n l k j) q k x k h r K L x r y l c h f h M N O P Q q x R S T U i e d V W u g w X j w Y o Z AA a j AB ab ac o e AC AD aa r AE g AF AG ab r ac e j AH AI AJ h f o l AK i AL x AM AN v j)))))))
A (w (h (x (B (c (C (n u v f k g ab (m (aa h aa) p e x u w) j t aa r q j z m i m ab x w h r o f v v p p k (r ac (h c) w v g u p j t aa d x n l k j) q k x k h r K L x r y l c h f h M N O P Q q x R S T U i e d V W u g w X j w Y o Z AA a j AB ab ac o e AC AD aa r AE g AF AG ab r ac e j AH AI AJ h f o l AK i AL x AM AN v j)))))))
A (w (h (x (B (c (C (d f k ab t p i r q y (m (aa h aa) p e x u w) j t aa r q j z m i m ab x w h r o f v v p p k (r ac (h c) w v g u p j t aa d x n l k j) q k x k h r K L x r y l c h f h M N O P Q q x R S T U i e d V W u g w X j w Y o Z AA a j AB ab ac o e AC AD aa r AE g AF AG ab r ac e j AH AI AJ h f o l AK i AL x AM AN v j)))))))
A (w (h (x (B (c (C (ab (u aa g s z r o y ab s j a e h) t f t p i r q y (m (aa h aa) p e x u w) j t aa r q j z m i m ab x w h r o f v v p p k (r ac (h c) w v g u p j t aa d x n l k j) q k x k h r K L x r y l c h f h M N O P Q q x R S T U i e d V W u g w X j w Y o Z AA a j AB ab ac o e AC AD aa r AE g AF AG ab r ac e j AH AI AJ h f o l AK i AL x AM AN v j)))))))
A (w (h (x (B (c (C (d k ac j ac p i r q y (m (aa h aa) p e x u w) j t aa r q j z m i m ab x w h r o f v v p p k (r ac (h c) w v g u p j t aa d x n l k j) q k x k h r K L x r y l c h f h M N O P Q q x R S T U i e d V W u g w X j w Y o Z AA a j AB ab ac o e AC AD aa r AE g AF AG ab r ac e j AH AI AJ h f o l AK i AL x AM AN v j)))))))
A (w (h (x (B (c (C (ab (u aa g s z r o y ab s j a e h) t f ac p i r q y (m (aa h aa) p e x u w) j t aa r q j z m i m ab x w h r o f v v p p k (r ac (h c) w v g u p j t aa d x n l k j) q k x k h r K L x r y l c h f h M N O P Q q x R S T U i e d V W u g w X j w Y o Z AA a j AB ab ac o e AC AD aa r AE g AF AG ab r ac e j AH AI AJ h f o l AK i AL x AM AN v j)))))))
A (w (h (x (B (c (C (d k ac j ac p i r q y (m (aa h aa) p e x u w) j t aa r q j z m i m ab x w h r o f v v p p k (r ac (h c) w v g u p j t aa d x n l k j) q k x k h r K L x r y l c h f h M N O P Q q x R S T U i e d V W u g w X j w Y o Z AA a j AB ab ac o e AC AD aa r AE g AF AG ab r ac e j AH AI AJ h f o l AK i AL x AM AN v j)))))))
A (w (h (x (B (c (C (ab (u aa g s z r o y ab s j a e h) t f ac p i r q y (m (aa h aa) p e x u w) j t aa r q j z m i m ab x w h r o f v v p p k (r ac (h c) w v g u p j t aa d x n l k j) q k x k h r K L x r y l c h f h M N O P Q q x R S T U i e d V W u g w X j w Y o Z AA a j AB ab ac o e AC AD aa r AE g AF AG ab r ac e j AH AI AJ h f o l AK i AL x AM AN v j)))))))
A (w (h (x (B (c (C (d k ac j ac p i r q y (m (aa h aa) p e x u w) j t aa r q j z m i m ab x w h r o f v v p p k (r ac (h c) w v g u p j t aa d x n l k j) q k x k h r K L x r y l c h f h M N O P Q q x R S T U i e d V W u g w X j w Y o Z AA a j AB ab ac o e AC AD aa r AE g AF AG ab r ac e j AH AI AJ h f o l AK i AL x AM AN v j)))))))
A (w (h (x (B (c (C (ab (u aa g s z r o y ab s j a e h) t f ac p i r q y (m (aa h aa) p e x u w) j t aa r q j z m i m ab x w h r o f v v p p k (r ac (h c) w v g u p j t aa d x n l k j) q k x k h r K L x r y l c h f h M N O P Q q x R S T U i e d V W u g w X j w Y o Z AA a j AB ab ac o e AC AD aa r AE g AF AG ab r ac e j AH AI AJ h f o l AK i AL x AM AN v j)))))))
A (w (h (x (B (c (C (d k ac j ac p i r q y (m (aa h aa) p e x u w) j t aa r q j z m i m ab x w h r o f v v p p k (r ac (h c) w v g u p j t aa d x n l k j) q k x k h r K L x r y l c h f h M N O P Q q x R S T U i e d V W u g w X j w Y o Z AA a j AB ab ac o e AC AD aa r AE g AF AG ab r ac e j AH AI AJ h f o l AK i AL x AM AN v j)))))))
A (w (h (x (B (c (C (ab (u aa g s z r o y ab s j a e h) t f ac p i r q y (m (aa h aa) p e x u w) j t aa r q j z m i m ab x w h r o f v v p p k (r ac (h c) w v g u p j t aa d x n l k j) q k x k h r K L x r y l c h f h M N O P Q q x R S T U i e d V W u g w X j w Y o Z AA a j AB ab ac o e AC AD aa r AE g AF AG ab r ac e j AH AI AJ h f o l AK i AL x AM AN v j)))))))
A (w (h (x (B (c (C (d k ac j ac p i r q y (m (aa h aa) p e x u w) j t aa r q j z m i m ab x w h r o f v v p p k (r ac (h c) w v g u p j t aa d x n l k j) q k x k h r K L x r y l c h f h M N O P Q q x R S T U i e d V W u g w X j w Y o Z AA a j AB ab ac o e AC AD aa r AE g AF AG ab r ac e j AH AI AJ h f o l AK i AL x AM AN v j)))))))
A (w (h (x (B (c (C (ab (u aa g s z r o y ab s j a e h) t f ac p i r q y (m (aa h aa) p e x u w) j t aa r q j z m i m ab x w h r o f v v p p k (r ac (h c) w v g u p j t aa d x n l k j) q k x k h r K L x r y l c h f h M N O P Q q x R S T U i e d V W u g w X j w Y o Z AA a j AB ab ac o e AC AD aa r AE g AF AG ab r ac e j AH AI AJ h f o l AK i AL x AM AN v j)))))))
A (w (h (x (B (c (C (d k ac j ac p i r q y (m (aa h aa) p e x u w) j t aa r q j z m i m ab x w h r o f v v p p k (r ac (h c) w v g u p j t aa d x n l k j) q k x k h r K L x r y l c h f h M N O P Q q x R S T U i e d V W u g w X j w Y o Z AA a j AB ab ac o e AC AD aa r AE g AF AG ab r ac e j AH AI AJ h f o l AK i AL x AM AN v j)))))))
A (w (h (x (B (c (C (ab (u aa g s z r o y ab s j a e h) t f ac p i r q y (m (aa h aa) p e x u w) j t aa r q j z m i m ab x w h r o f v v p p k (r ac (h c) w v g u p j t aa d x n l k j) q k x k h r K L x r y l c h f h M N O P Q q x R S T U i e d V W u g w X j w Y o Z AA a j AB ab ac o e AC AD aa r AE g AF AG ab r ac e j AH AI AJ h f o l AK i AL x AM AN v j)))))))
A (w (h (x (B (c (C (d k ac j ac p i r q y (m (aa h aa) p e x u w) j t aa r q j z m i m ab x w h r o f v v p p k (r ac (h c) w v g u p j t aa d x n l k j) q k x k h r K L x r y l c h f h M N O P Q q x R S T U i e d V W u g w X j w Y o Z AA a j AB ab ac o e AC AD aa r AE g AF AG ab r ac e j AH AI AJ h f o l AK i AL x AM AN v j)))))))
A (w (h (x (B (c (C (ab (u aa g s z r o y ab s j a e h) t f ac p i r q y (m (aa h aa) p e x u w) j t aa r q j z m i m ab x w h r o f v v p p k (r ac (h c) w v g u p j t aa d x n l k j) q k x k h r K L x r y l c h f h M N O P Q q x R S T U i e d V W u g w X j w Y o Z AA a j AB ab ac o e AC AD aa r AE g AF AG ab r ac e j AH AI AJ h f o l AK i AL x AM AN v j)))))))
A (w (h (x (B (c (C (d k ac j ac p i r q y (m (aa h aa) p e x u w) j t aa r q j z m i m ab x w h r o f v v p p k (r ac (h c) w v g u p j t aa d x n l k j) q k x k h r K L x r y l c h f h M N O P Q q x R S T U i e d V W u g w X j w Y o Z AA a j AB ab ac o e AC AD aa r AE g AF AG ab r ac e j AH AI AJ h f o l AK i AL x AM AN v j)))))))
A (w (h (x (B (c (C (ab (u aa g s z r o y ab s j a e h) t f ac p i r q y (m (aa h aa) p e x u w) j t aa r q j z m i m ab x w h r o f v v p p k (r ac (h c) w v g u p j t aa d x n l k j) q k x k h r K L x r y l c h f h M N O P Q q x R S T U i e d V W u g w X j w Y o Z AA a j AB ab ac o e AC AD aa r AE g AF AG ab r ac e j AH AI AJ h f o l AK i AL x AM AN v j)))))))
A (w (h (x (B (c (C (d k ac j ac p i r q y (m (aa h aa) p e x u w) j t aa r q j z m i m ab x w h r o f v v p p k (r ac (h c) w v g u p j t aa d x n l k j) q k x k h r K L x r y l c h f h M N O P Q q x R S T U i e d V W u g w X j w Y o Z AA a j AB ab ac o e AC AD aa r AE g AF AG ab r ac e j AH AI AJ h f o l AK i AL x AM AN v j)))))))
A (w (h (x (B (c (C (ab (u aa g s z r o y ab s j a e h) t f ac p i r q y (m (aa h aa) p e x u w) j t aa r q j z m i m ab x w h r o f v v p p k (r ac (h c) w v g u p j t aa d x n l k j) q k x k h r K L x r y l c h f h M N O P Q q x R S T U i e d V W u g w X j w Y o Z AA a j AB ab ac o e AC AD aa r AE g AF AG ab r ac e j AH AI AJ h f o l AK i AL x AM AN v j)))))))
A (w (h (x (B (c (C (d k ac j ac p i r q y (m (aa h aa) p e x u w) j t aa r q j z m i m ab x w h r o f v v p p k (r ac (h c) w v g u p j t aa d x n l k j) q k x k h r K L x r y l c h f h M N O P Q q x R S T U i e d V W u g w X j w Y o Z AA a j AB ab ac o e AC AD aa r AE g AF AG ab r ac e j AH AI AJ h f o l AK i AL x AM AN v j)))))))


