a ae af ag = ad aa d ae
b ag ah aj ae ai af = j m l v m v ag y n
c ae ai af ag aj ah = l (e (y ae q f r m f ac l r f d w ac)) ab q
d ag ae af ah = s y f ah c o h ad
e ai ah ae ag af aj = x (w (g r) u q o d l i p y y x r)
f af aj ae ai ag ah = ad (e m s ad) aa d q u q h p a ae ac l
g ai ah af ae ag = ad (q u y ab l x v b j r u w j o l)
h = d (g (s l j ab d a p y aa r m r) j q)
i ae af = u (j ae af v aa f h u a k ae d d p z d)
j ah ae af ag = e (x f b q f) w m ag w y
k ag ae af = y t s z z ag
l ag ae ah aj af ai = e (r x o w c af u ac t r f h i k a j h)
m ag ae ah af = ab ab f
n ag ae af = j s b v x o u z y c l f j ae z l
o ae = ad ae r b q d l q j z n
p ag af ae ah = w u (d i) h z ab c l y c x g z y
q ae ah ag af = c c ab a k c ac w aa i o
r ag af ae = v
s ah ag aj af ae ai = x c p m c k c b y c l k x
t ag ah af ae = s (g y) z ab y ad m b
u ag ah af ae = f k ac i l b n q i c ad g q m
v ae = r x q x aa ac u g g w s a x a ae q
w af ah ai ag ae = h (n s z v b h t o p u z q f)
x ai ag ah aj ae af = aj (c s c h) e ab h o s d b l ad
y aj ae ag af ah ai = z (j (ac ae af a) ab) ad l z d e c b
z = c (f a u f)
aa ah ae ag af ai = ad (k (k ae q n) k af k) v g h d g ad ae
ab ae af = a (w u d d e a e) d m
ac ae af ag ah = d ab ad ab i h p r z z y h
ad af ae = f p
main = g (r (a (A (o (B (b d C j l D h E F z i G d b f H I j) e k J c l t u i K q w ad c L c q t c t g c g) M q N O c P Q c b b l aa R z S T aa p q j j y aa x U V W p m l l) z s aa v f v k X Y Z p o o w ab ab t x) e j ad AA ab))
------------------------------------------------------------
g (r (a (A (o (B (b d C j l D h E F z i G d b f H I j) e k J c l t u i K q w ad c L c q t c t g c g) M q N O c P Q c b b l aa R z S T aa p q j j y aa x U V W p m l l) z s aa v f v k X Y Z p o o w ab ab t x) e j ad AA ab))
g (r (ad aa d (A (o (B (b d C j l D h E F z i G d b f H I j) e k J c l t u i K q w ad c L c q t c t g c g) M q N O c P Q c b b l aa R z S T aa p q j j y aa x U V W p m l l) z s aa v f v k X Y Z p o o w ab ab t x) ad AA ab))
g (r (f p (A (o (B (b d C j l D h E F z i G d b f H I j) e k J c l t u i K q w ad c L c q t c t g c g) M q N O c P Q c b b l aa R z S T aa p q j j y aa x U V W p m l l) z s aa v f v k X Y Z p o o w ab ab t x) ad AA ab))
g (r (f p (A (ad (B (b d C j l D h E F z i G d b f H I j) e k J c l t u i K q w ad c L c q t c t g c g) r b q d l q j z n M q N O c P Q c b b l aa R z S T aa p q j j y aa x U V W p m l l) z s aa v f v k X Y Z p o o w ab ab t x) ad AA ab))
g (r (f p (A (f p b q d l q j z n M q N O c P Q c b b l aa R z S T aa p q j j y aa x U V W p m l l) z s aa v f v k X Y Z p o o w ab ab t x) ad AA ab))
g (r (f p (A (ad (e m s ad) aa d q u q h p a q ac l j z n M q N O c P Q c b b l aa R z S T aa p q j j y aa x U V W p m l l) z s aa v f v k X Y Z p o o w ab ab t x) ad AA ab))
g (r (f p (A (f p d q u q h p a q ac l j z n M q N O c P Q c b b l aa R z S T aa p q j j y aa x U V W p m l l) z s aa v f v k X Y Z p o o w ab ab t x) ad AA ab))
g (r (f p (A (ad (e m s ad) aa d q u q h p a q ac l p a q ac l j z n M q N O c P Q c b b l aa R z S T aa p q j j y aa x U V W p m l l) z s aa v f v k X Y Z p o o w ab ab t x) ad AA ab))
g (r (f p (A (f p d q u q h p a q ac l p a q ac l j z n M q N O c P Q c b b l aa R z S T aa p q j j y aa x U V W p m l l) z s aa v f v k X Y Z p o o w ab ab t x) ad AA ab))
g (r (f p (A (ad (e m s ad) aa d q u q h p a q ac l p a q ac l p a q ac l j z n M q N O c P Q c b b l aa R z S T aa p q j j y aa x U V W p m l l) z s aa v f v k X Y Z p o o w ab ab t x) ad AA ab))
g (r (f p (A (f p d q u q h p a q ac l p a q ac l p a q ac l j z n M q N O c P Q c b b l aa R z S T aa p q j j y aa x U V W p m l l) z s aa v f v k X Y Z p o o w ab ab t x) ad AA ab))
g (r (f p (A (ad (e m s ad) aa d q u q h p a q ac l p a q ac l p a q ac l p a q ac l j z n M q N O c P Q c b b l aa R z S T aa p q j j y aa x U V W p m l l) z s aa v f v k X Y Z p o o w ab ab t x) ad AA ab))
g (r (f p (A (f p d q u q h p a q ac l p a q ac l p a q ac l p a q ac l j z n M q N O c P Q c b b l aa R z S T aa p q j j y aa x U V W p m l l) z s aa v f v k X Y Z p o o w ab ab t x) ad AA ab))
g (r (f p (A (ad (e m s ad) aa d q u q h p a q ac l p a q ac l p a q ac l p a q ac l p a q ac l j z n M q N O c P Q c b b l aa R z S T aa p q j j y aa x U V W p m l l) z s aa v f v k X Y Z p o o w ab ab t x) ad AA ab))
g (r (f p (A (f p d q u q h p a q ac l p a q ac l p a q ac l p a q ac l p a q ac l j z n M q N O c P Q c b b l aa R z S T aa p q j j y aa x U V W p m l l) z s aa v f v k X Y Z p o o w ab ab t x) ad AA ab))
g (r (f p (A (ad (e m s ad) aa d q u q h p a q ac l p a q ac l p a q ac l p a q ac l p a q ac l p a q ac l j z n M q N O c P Q c b b l aa R z S T aa p q j j y aa x U V W p m l l) z s aa v f v k X Y Z p o o w ab ab t x) ad AA ab))
g (r (f p (A (f p d q u q h p a q ac l p a q ac l p a q ac l p a q ac l p a q ac l p a q ac l j z n M q N O c P Q c b b l aa R z S T aa p q j j y aa x U V W p m l l) z s aa v f v k X Y Z p o o w ab ab t x) ad AA ab))
g (r (f p (A (ad (e m s ad) aa d q u q h p a q ac l p a q ac l p a q ac l p a q ac l p a q ac l p a q ac l p a q ac l j z n M q N O c P Q c b b l aa R z S T aa p q j j y aa x U V W p m l l) z s aa v f v k X Y Z p o o w ab ab t x) ad AA ab))
g (r (f p (A (f p d q u q h p a q ac l p a q ac l p a q ac l p a q ac l p a q ac l p a q ac l p a q ac l j z n M q N O c P Q c b b l aa R z S T aa p q j j y aa x U V W p m l l) z s aa v f v k X Y Z p o o w ab ab t x) ad AA ab))
g (r (f p (A (ad (e m s ad) aa d q u q h p a q ac l p a q ac l p a q ac l p a q ac l p a q ac l p a q ac l p a q ac l p a q ac l j z n M q N O c P Q c b b l aa R z S T aa p q j j y aa x U V W p m l l) z s aa v f v k X Y Z p o o w ab ab t x) ad AA ab))
g (r (f p (A (f p d q u q h p a q ac l p a q ac l p a q ac l p a q ac l p a q ac l p a q ac l p a q ac l p a q ac l j z n M q N O c P Q c b b l aa R z S T aa p q j j y aa x U V W p m l l) z s aa v f v k X Y Z p o o w ab ab t x) ad AA ab))
g (r (f p (A (ad (e m s ad) aa d q u q h p a q ac l p a q ac l p a q ac l p a q ac l p a q ac l p a q ac l p a q ac l p a q ac l p a q ac l j z n M q N O c P Q c b b l aa R z S T aa p q j j y aa x U V W p m l l) z s aa v f v k X Y Z p o o w ab ab t x) ad AA ab))
g (r (f p (A (f p d q u q h p a q ac l p a q ac l p a q ac l p a q ac l p a q ac l p a q ac l p a q ac l p a q ac l p a q ac l j z n M q N O c P Q c b b l aa R z S T aa p q j j y aa x U V W p m l l) z s aa v f v k X Y Z p o o w ab ab t x) ad AA ab))
g (r (f p (A (ad (e m s ad) aa d q u q h p a q ac l p a q ac l p a q ac l p a q ac l p a q ac l p a q ac l p a q ac l p a q ac l p a q ac l p a q ac l j z n M q N O c P Q c b b l aa R z S T aa p q j j y aa x U V W p m l l) z s aa v f v k X Y Z p o o w ab ab t x) ad AA ab))
g (r (f p (A (f p d q u q h p a q ac l p a q ac l p a q ac l p a q ac l p a q ac l p a q ac l p a q ac l p a q ac l p a q ac l p a q ac l j z n M q N O c P Q c b b l aa R z S T aa p q j j y aa x U V W p m l l) z s aa v f v k X Y Z p o o w ab ab t x) ad AA ab))
g (r (f p (A (ad (e m s ad) aa d q u q h p a q ac l p a q ac l p a q ac l p a q ac l p a q ac l p a q ac l p a q ac l p a q ac l p a q ac l p a q ac l p a q ac l j z n M q N O c P Q c b b l aa R z S T aa p q j j y aa x U V W p m l l) z s aa v f v k X Y Z p o o w ab ab t x) ad AA ab))
g (r (f p (A (f p d q u q h p a q ac l p a q ac l p a q ac l p a q ac l p a q ac l p a q ac l p a q ac l p a q ac l p a q ac l p a q ac l p a q ac l j z n M q N O c P Q c b b l aa R z S T aa p q j j y aa x U V W p m l l) z s aa v f v k X Y Z p o o w ab ab t x) ad AA ab))
g (r (f p (A (ad (e m s ad) aa d q u q h p a q ac l p a q ac l p a q ac l p a q ac l p a q ac l p a q ac l p a q ac l p a q ac l p a q ac l p a q ac l p a q ac l p a q ac l j z n M q N O c P Q c b b l aa R z S T aa p q j j y aa x U V W p m l l) z s aa v f v k X Y Z p o o w ab ab t x) ad AA ab))
g (r (f p (A (f p d q u q h p a q ac l p a q ac l p a q ac l p a q ac l p a q ac l p a q ac l p a q ac l p a q ac l p a q ac l p a q ac l p a q ac l p a q ac l j z n M q N O c P Q c b b l aa R z S T aa p q j j y aa x U V W p m l l) z s aa v f v k X Y Z p o o w ab ab t x) ad AA ab))
g (r (f p (A (ad (e m s ad) aa d q u q h p a q ac l p a q ac l p a q ac l p a q ac l p a q ac l p a q ac l p a q ac l p a q ac l p a q ac l p a q ac l p a q ac l p a q ac l p a q ac l j z n M q N O c P Q c b b l aa R z S T aa p q j j y aa x U V W p m l l) z s aa v f v k X Y Z p o o w ab ab t x) ad AA ab))


