a z (o f m f b t l i x m d k ad u y g m)
b af ag ae r (k m e n ad ag ac ac e j s d d ac s) l
c s p m e l b x r w x r q
d f (k ac e v u t j) e ad ad ad
e t (ac t z j ac l ab y a y u ab b u s i)
f ag ae af ac t (n s s s q b y c r aa j aa x)
g ai ag ah af ae aj ab i (ab l d c) b ac b ah c j i
h ag ai ah af aj ae k (q (a (m x q j) u j l a l q) ai r k)
i ae af ag v (o ad) (g n) o ad p a o b ag ag f
j q
k ah af ae ag q (y c s o e a v) i r a
l ae ah ag af z (m u u o n)
m ag af ae x (y b u ad u g d r k z k u ac q t) r ac
n ae t (o o v w t q l c u s j e) g ad b h
o ag af ah ae v (l q) h (ac f)
p ae af i z a z q m b b b aa n x y
q ai aj ah af ag ae f (s ac (ag r g a) h b t f p r ad r ae l)
r ae af x ab (l w p)
s af ag ae ac (m i e h f) d b p o ab q aa
t ah ag af ae ai ah (k (b o q z q z w c u e))
u ae l (k p o c m f k v b)
v ae ae m p x e j j u z l o h f l z
w ah ae ag af ab ae (g ad) z z t ab r l u b n
x t (y u w e w o n k g n ac l j d v)
y ai ag ah af ae ag d t j i
z ah ag ae af h (y ad j) w af t s h u
aa ae af m (n (i (t u z u f h ad) y b y a p) o k ac)
ab ag ae af af aa (ae r p) z y x ag e x d b k aa a
ac af ah ag ae o (o (c h ab a t)) v l z u x r t t w
ad af ae ab f e o h y
main q (A (c (B C (D (y (r (E (r r (F m) G H I J c r k r aa K z y ad p ad t L M N e h x O a P l Q g k d R S a T p q U V W g f aa X f) d Y l i Z AA e AB k AC AD d p ac) z c j aa p AE m ab AF aa j AG c AH g f aa x s AI h p l p m q AJ b t))))))
------------------------------------------------------------
q (A (c (B C (D (y (r (E (r r (F m) G H I J c r k r aa K z y ad p ad t L M N e h x O a P l Q g k d R S a T p q U V W g f aa X f) d Y l i Z AA e AB k AC AD d p ac) z c j aa p AE m ab AF aa j AG c AH g f aa x s AI h p l p m q AJ b t))))))
q (A (s p m e l b x r w x r q (B C (D (y (r (E (r r (F m) G H I J c r k r aa K z y ad p ad t L M N e h x O a P l Q g k d R S a T p q U V W g f aa X f) d Y l i Z AA e AB k AC AD d p ac) z c j aa p AE m ab AF aa j AG c AH g f aa x s AI h p l p m q AJ b t))))))
q (A (ac (m i e h f) d b p o ab q aa l b x r w x r q (B C (D (y (r (E (r r (F m) G H I J c r k r aa K z y ad p ad t L M N e h x O a P l Q g k d R S a T p q U V W g f aa X f) d Y l i Z AA e AB k AC AD d p ac) z c j aa p AE m ab AF aa j AG c AH g f aa x s AI h p l p m q AJ b t))))))
q (A (o (o (c h ab a t)) v l z u x r t t w o ab q aa l b x r w x r q (B C (D (y (r (E (r r (F m) G H I J c r k r aa K z y ad p ad t L M N e h x O a P l Q g k d R S a T p q U V W g f aa X f) d Y l i Z AA e AB k AC AD d p ac) z c j aa p AE m ab AF aa j AG c AH g f aa x s AI h p l p m q AJ b t))))))
q (A (v (l q) h (ac f) u x r t t w o ab q aa l b x r w x r q (B C (D (y (r (E (r r (F m) G H I J c r k r aa K z y ad p ad t L M N e h x O a P l Q g k d R S a T p q U V W g f aa X f) d Y l i Z AA e AB k AC AD d p ac) z c j aa p AE m ab AF aa j AG c AH g f aa x s AI h p l p m q AJ b t))))))
q (A (l q m p x e j j u z l o h f l z h (ac f) u x r t t w o ab q aa l b x r w x r q (B C (D (y (r (E (r r (F m) G H I J c r k r aa K z y ad p ad t L M N e h x O a P l Q g k d R S a T p q U V W g f aa X f) d Y l i Z AA e AB k AC AD d p ac) z c j aa p AE m ab AF aa j AG c AH g f aa x s AI h p l p m q AJ b t))))))
q (A (z (m u u o n) e j j u z l o h f l z h (ac f) u x r t t w o ab q aa l b x r w x r q (B C (D (y (r (E (r r (F m) G H I J c r k r aa K z y ad p ad t L M N e h x O a P l Q g k d R S a T p q U V W g f aa X f) d Y l i Z AA e AB k AC AD d p ac) z c j aa p AE m ab AF aa j AG c AH g f aa x s AI h p l p m q AJ b t))))))
q (A (h (y ad j) w j t s h u u z l o h f l z h (ac f) u x r t t w o ab q aa l b x r w x r q (B C (D (y (r (E (r r (F m) G H I J c r k r aa K z y ad p ad t L M N e h x O a P l Q g k d R S a T p q U V W g f aa X f) d Y l i Z AA e AB k AC AD d p ac) z c j aa p AE m ab AF aa j AG c AH g f aa x s AI h p l p m q AJ b t))))))
q (A (k (q (a (m x q j) u j l a l q) w r k) u u z l o h f l z h (ac f) u x r t t w o ab q aa l b x r w x r q (B C (D (y (r (E (r r (F m) G H I J c r k r aa K z y ad p ad t L M N e h x O a P l Q g k d R S a T p q U V W g f aa X f) d Y l i Z AA e AB k AC AD d p ac) z c j aa p AE m ab AF aa j AG c AH g f aa x s AI h p l p m q AJ b t))))))
q (A (q (y c s o e a v) i r a l o h f l z h (ac f) u x r t t w o ab q aa l b x r w x r q (B C (D (y (r (E (r r (F m) G H I J c r k r aa K z y ad p ad t L M N e h x O a P l Q g k d R S a T p q U V W g f aa X f) d Y l i Z AA e AB k AC AD d p ac) z c j aa p AE m ab AF aa j AG c AH g f aa x s AI h p l p m q AJ b t))))))
q (A (f (s ac (l r g a) h b t f p r ad r o l) h f l z h (ac f) u x r t t w o ab q aa l b x r w x r q (B C (D (y (r (E (r r (F m) G H I J c r k r aa K z y ad p ad t L M N e h x O a P l Q g k d R S a T p q U V W g f aa X f) d Y l i Z AA e AB k AC AD d p ac) z c j aa p AE m ab AF aa j AG c AH g f aa x s AI h p l p m q AJ b t))))))
q (A (ac t (n s s s q b y c r aa j aa x) l z h (ac f) u x r t t w o ab q aa l b x r w x r q (B C (D (y (r (E (r r (F m) G H I J c r k r aa K z y ad p ad t L M N e h x O a P l Q g k d R S a T p q U V W g f aa X f) d Y l i Z AA e AB k AC AD d p ac) z c j aa p AE m ab AF aa j AG c AH g f aa x s AI h p l p m q AJ b t))))))
q (A (o (o (c h ab a t)) v l z u x r t t w h (ac f) u x r t t w o ab q aa l b x r w x r q (B C (D (y (r (E (r r (F m) G H I J c r k r aa K z y ad p ad t L M N e h x O a P l Q g k d R S a T p q U V W g f aa X f) d Y l i Z AA e AB k AC AD d p ac) z c j aa p AE m ab AF aa j AG c AH g f aa x s AI h p l p m q AJ b t))))))
q (A (v (l q) h (ac f) u x r t t w h (ac f) u x r t t w o ab q aa l b x r w x r q (B C (D (y (r (E (r r (F m) G H I J c r k r aa K z y ad p ad t L M N e h x O a P l Q g k d R S a T p q U V W g f aa X f) d Y l i Z AA e AB k AC AD d p ac) z c j aa p AE m ab AF aa j AG c AH g f aa x s AI h p l p m q AJ b t))))))
q (A (l q m p x e j j u z l o h f l z h (ac f) u x r t t w h (ac f) u x r t t w o ab q aa l b x r w x r q (B C (D (y (r (E (r r (F m) G H I J c r k r aa K z y ad p ad t L M N e h x O a P l Q g k d R S a T p q U V W g f aa X f) d Y l i Z AA e AB k AC AD d p ac) z c j aa p AE m ab AF aa j AG c AH g f aa x s AI h p l p m q AJ b t))))))
q (A (z (m u u o n) e j j u z l o h f l z h (ac f) u x r t t w h (ac f) u x r t t w o ab q aa l b x r w x r q (B C (D (y (r (E (r r (F m) G H I J c r k r aa K z y ad p ad t L M N e h x O a P l Q g k d R S a T p q U V W g f aa X f) d Y l i Z AA e AB k AC AD d p ac) z c j aa p AE m ab AF aa j AG c AH g f aa x s AI h p l p m q AJ b t))))))
q (A (h (y ad j) w j t s h u u z l o h f l z h (ac f) u x r t t w h (ac f) u x r t t w o ab q aa l b x r w x r q (B C (D (y (r (E (r r (F m) G H I J c r k r aa K z y ad p ad t L M N e h x O a P l Q g k d R S a T p q U V W g f aa X f) d Y l i Z AA e AB k AC AD d p ac) z c j aa p AE m ab AF aa j AG c AH g f aa x s AI h p l p m q AJ b t))))))
q (A (k (q (a (m x q j) u j l a l q) w r k) u u z l o h f l z h (ac f) u x r t t w h (ac f) u x r t t w o ab q aa l b x r w x r q (B C (D (y (r (E (r r (F m) G H I J c r k r aa K z y ad p ad t L M N e h x O a P l Q g k d R S a T p q U V W g f aa X f) d Y l i Z AA e AB k AC AD d p ac) z c j aa p AE m ab AF aa j AG c AH g f aa x s AI h p l p m q AJ b t))))))
q (A (q (y c s o e a v) i r a l o h f l z h (ac f) u x r t t w h (ac f) u x r t t w o ab q aa l b x r w x r q (B C (D (y (r (E (r r (F m) G H I J c r k r aa K z y ad p ad t L M N e h x O a P l Q g k d R S a T p q U V W g f aa X f) d Y l i Z AA e AB k AC AD d p ac) z c j aa p AE m ab AF aa j AG c AH g f aa x s AI h p l p m q AJ b t))))))
q (A (f (s ac (l r g a) h b t f p r ad r o l) h f l z h (ac f) u x r t t w h (ac f) u x r t t w o ab q aa l b x r w x r q (B C (D (y (r (E (r r (F m) G H I J c r k r aa K z y ad p ad t L M N e h x O a P l Q g k d R S a T p q U V W g f aa X f) d Y l i Z AA e AB k AC AD d p ac) z c j aa p AE m ab AF aa j AG c AH g f aa x s AI h p l p m q AJ b t))))))
q (A (ac t (n s s s q b y c r aa j aa x) l z h (ac f) u x r t t w h (ac f) u x r t t w o ab q aa l b x r w x r q (B C (D (y (r (E (r r (F m) G H I J c r k r aa K z y ad p ad t L M N e h x O a P l Q g k d R S a T p q U V W g f aa X f) d Y l i Z AA e AB k AC AD d p ac) z c j aa p AE m ab AF aa j AG c AH g f aa x s AI h p l p m q AJ b t))))))
q (A (o (o (c h ab a t)) v l z u x r t t w h (ac f) u x r t t w h (ac f) u x r t t w o ab q aa l b x r w x r q (B C (D (y (r (E (r r (F m) G H I J c r k r aa K z y ad p ad t L M N e h x O a P l Q g k d R S a T p q U V W g f aa X f) d Y l i Z AA e AB k AC AD d p ac) z c j aa p AE m ab AF aa j AG c AH g f aa x s AI h p l p m q AJ b t))))))
q (A (v (l q) h (ac f) u x r t t w h (ac f) u x r t t w h (ac f) u x r t t w o ab q aa l b x r w x r q (B C (D (y (r (E (r r (F m) G H I J c r k r aa K z y ad p ad t L M N e h x O a P l Q g k d R S a T p q U V W g f aa X f) d Y l i Z AA e AB k AC AD d p ac) z c j aa p AE m ab AF aa j AG c AH g f aa x s AI h p l p m q AJ b t))))))
q (A (l q m p x e j j u z l o h f l z h (ac f) u x r t t w h (ac f) u x r t t w h (ac f) u x r t t w o ab q aa l b x r w x r q (B C (D (y (r (E (r r (F m) G H I J c r k r aa K z y ad p ad t L M N e h x O a P l Q g k d R S a T p q U V W g f aa X f) d Y l i Z AA e AB k AC AD d p ac) z c j aa p AE m ab AF aa j AG c AH g f aa x s AI h p l p m q AJ b t))))))
q (A (z (m u u o n) e j j u z l o h f l z h (ac f) u x r t t w h (ac f) u x r t t w h (ac f) u x r t t w o ab q aa l b x r w x r q (B C (D (y (r (E (r r (F m) G H I J c r k r aa K z y ad p ad t L M N e h x O a P l Q g k d R S a T p q U V W g f aa X f) d Y l i Z AA e AB k AC AD d p ac) z c j aa p AE m ab AF aa j AG c AH g f aa x s AI h p l p m q AJ b t))))))
q (A (h (y ad j) w j t s h u u z l o h f l z h (ac f) u x r t t w h (ac f) u x r t t w h (ac f) u x r t t w o ab q aa l b x r w x r q (B C (D (y (r (E (r r (F m) G H I J c r k r aa K z y ad p ad t L M N e h x O a P l Q g k d R S a T p q U V W g f aa X f) d Y l i Z AA e AB k AC AD d p ac) z c j aa p AE m ab AF aa j AG c AH g f aa x s AI h p l p m q AJ b t))))))
q (A (k (q (a (m x q j) u j l a l q) w r k) u u z l o h f l z h (ac f) u x r t t w h (ac f) u x r t t w h (ac f) u x r t t w o ab q aa l b x r w x r q (B C (D (y (r (E (r r (F m) G H I J c r k r aa K z y ad p ad t L M N e h x O a P l Q g k d R S a T p q U V W g f aa X f) d Y l i Z AA e AB k AC AD d p ac) z c j aa p AE m ab AF aa j AG c AH g f aa x s AI h p l p m q AJ b t))))))
q (A (q (y c s o e a v) i r a l o h f l z h (ac f) u x r t t w h (ac f) u x r t t w h (ac f) u x r t t w o ab q aa l b x r w x r q (B C (D (y (r (E (r r (F m) G H I J c r k r aa K z y ad p ad t L M N e h x O a P l Q g k d R S a T p q U V W g f aa X f) d Y l i Z AA e AB k AC AD d p ac) z c j aa p AE m ab AF aa j AG c AH g f aa x s AI h p l p m q AJ b t))))))
q (A (f (s ac (l r g a) h b t f p r ad r o l) h f l z h (ac f) u x r t t w h (ac f) u x r t t w h (ac f) u x r t t w o ab q aa l b x r w x r q (B C (D (y (r (E (r r (F m) G H I J c r k r aa K z y ad p ad t L M N e h x O a P l Q g k d R S a T p q U V W g f aa X f) d Y l i Z AA e AB k AC AD d p ac) z c j aa p AE m ab AF aa j AG c AH g f aa x s AI h p l p m q AJ b t))))))
q (A (ac t (n s s s q b y c r aa j aa x) l z h (ac f) u x r t t w h (ac f) u x r t t w h (ac f) u x r t t w o ab q aa l b x r w x r q (B C (D (y (r (E (r r (F m) G H I J c r k r aa K z y ad p ad t L M N e h x O a P l Q g k d R S a T p q U V W g f aa X f) d Y l i Z AA e AB k AC AD d p ac) z c j aa p AE m ab AF aa j AG c AH g f aa x s AI h p l p m q AJ b t))))))


