a ae af m (s j o t) z v ab w u ac e m m
b ae ah af ag aa h (ad (ac t ad q) (q d t) h) w y j x
c ag af ae t (z a ab r d l)
d ag af ai ae ah e e ac g ad z o k i h z ab k z o ac
e ag ae af v (ad v s d s n x d) z p y ad m d p
f af ae ag ah p (d i m) p g m u ab i
g ag ah af ai ae b b
h ag af ae m (z (r (p ae t k ad ac c) c i aa aa f k d))
i y u u c t ac e y e u l b
j af ae v af k a v s af i c g
k ah ag ai af ae a ab ag j ad aa o d
l ai ae ah ag af aj c (b ah b ac z w ah d) o v e i z ab g i
m ae g (x t (x aa g) w y ae w b l j x x) s
n ai af ag ae ah y ad w
o af ag ai ae ah ad ai (s z h b) r h g d f t h u
p ah ag ae af u (c (c k aa af ab a i q c s ae e c) ah g x)
q ae a u ae ae n ae b t
r af ae k z x p o y ad e q
s af ae a c ad j ac i
t af ag ae aa (d p c o j o ae x v) a l c p v j z
u ae af ag m (z w b n)
v ah ag ai af ae a (e (ab o m i b) b o ac u h m w l e z)
w af ag ae ah q af m m g q o ae i aa g j d o v o
x ag ae af h (s y t e c l j ac d p)
y ae ai ah ag af c (af i) v q t ab r ad u j n k k q
z ae v (i h i o c w g i) i c o p t ab ae
aa af ae t t c o
ab ae af o (v aa l n j f c ae m w i e m l z) q
ac ai ah ae af ag r (s k s i c) s c y q e g f x g
ad ae v (ac e n) q ab c s c j i t f y
main g (x (A (l (n (B n v f f k c z ad y f z ac m p C x m D b t r E F x t i ad G H I q J K p o c s aa L o M N O w P e l u ac s h Q d ad aa R S q w l c T o z) aa y m j ab f c U l s V W X ac Y h Z AA AB AC h p x AD ab x e a) h c)))
------------------------------------------------------------
g (x (A (l (n (B n v f f k c z ad y f z ac m p C x m D b t r E F x t i ad G H I q J K p o c s aa L o M N O w P e l u ac s h Q d ad aa R S q w l c T o z) aa y m j ab f c U l s V W X ac Y h Z AA AB AC h p x AD ab x e a) h c)))
g (x (A (l (y ad w ab f c U l s V W X ac Y h Z AA AB AC h p x AD ab x e a) h c)))
g (x (A (l (c (c i) v q t ab r ad u j n k k q U l s V W X ac Y h Z AA AB AC h p x AD ab x e a) h c)))
g (x (A (l (t (z a ab r d l) t ab r ad u j n k k q U l s V W X ac Y h Z AA AB AC h p x AD ab x e a) h c)))
g (x (A (l (aa (d p c o j o ab x v) a l c p v j z r ad u j n k k q U l s V W X ac Y h Z AA AB AC h p x AD ab x e a) h c)))
g (x (A (l (t t c o l c p v j z r ad u j n k k q U l s V W X ac Y h Z AA AB AC h p x AD ab x e a) h c)))
g (x (A (l (aa (d p c o j o o x v) a l c p v j z l c p v j z r ad u j n k k q U l s V W X ac Y h Z AA AB AC h p x AD ab x e a) h c)))
g (x (A (l (t t c o l c p v j z l c p v j z r ad u j n k k q U l s V W X ac Y h Z AA AB AC h p x AD ab x e a) h c)))
g (x (A (l (aa (d p c o j o o x v) a l c p v j z l c p v j z l c p v j z r ad u j n k k q U l s V W X ac Y h Z AA AB AC h p x AD ab x e a) h c)))
g (x (A (l (t t c o l c p v j z l c p v j z l c p v j z r ad u j n k k q U l s V W X ac Y h Z AA AB AC h p x AD ab x e a) h c)))
g (x (A (l (aa (d p c o j o o x v) a l c p v j z l c p v j z l c p v j z l c p v j z r ad u j n k k q U l s V W X ac Y h Z AA AB AC h p x AD ab x e a) h c)))
g (x (A (l (t t c o l c p v j z l c p v j z l c p v j z l c p v j z r ad u j n k k q U l s V W X ac Y h Z AA AB AC h p x AD ab x e a) h c)))
g (x (A (l (aa (d p c o j o o x v) a l c p v j z l c p v j z l c p v j z l c p v j z l c p v j z r ad u j n k k q U l s V W X ac Y h Z AA AB AC h p x AD ab x e a) h c)))
g (x (A (l (t t c o l c p v j z l c p v j z l c p v j z l c p v j z l c p v j z r ad u j n k k q U l s V W X ac Y h Z AA AB AC h p x AD ab x e a) h c)))
g (x (A (l (aa (d p c o j o o x v) a l c p v j z l c p v j z l c p v j z l c p v j z l c p v j z l c p v j z r ad u j n k k q U l s V W X ac Y h Z AA AB AC h p x AD ab x e a) h c)))
g (x (A (l (t t c o l c p v j z l c p v j z l c p v j z l c p v j z l c p v j z l c p v j z r ad u j n k k q U l s V W X ac Y h Z AA AB AC h p x AD ab x e a) h c)))
g (x (A (l (aa (d p c o j o o x v) a l c p v j z l c p v j z l c p v j z l c p v j z l c p v j z l c p v j z l c p v j z r ad u j n k k q U l s V W X ac Y h Z AA AB AC h p x AD ab x e a) h c)))
g (x (A (l (t t c o l c p v j z l c p v j z l c p v j z l c p v j z l c p v j z l c p v j z l c p v j z r ad u j n k k q U l s V W X ac Y h Z AA AB AC h p x AD ab x e a) h c)))
g (x (A (l (aa (d p c o j o o x v) a l c p v j z l c p v j z l c p v j z l c p v j z l c p v j z l c p v j z l c p v j z l c p v j z r ad u j n k k q U l s V W X ac Y h Z AA AB AC h p x AD ab x e a) h c)))
g (x (A (l (t t c o l c p v j z l c p v j z l c p v j z l c p v j z l c p v j z l c p v j z l c p v j z l c p v j z r ad u j n k k q U l s V W X ac Y h Z AA AB AC h p x AD ab x e a) h c)))
g (x (A (l (aa (d p c o j o o x v) a l c p v j z l c p v j z l c p v j z l c p v j z l c p v j z l c p v j z l c p v j z l c p v j z l c p v j z r ad u j n k k q U l s V W X ac Y h Z AA AB AC h p x AD ab x e a) h c)))
g (x (A (l (t t c o l c p v j z l c p v j z l c p v j z l c p v j z l c p v j z l c p v j z l c p v j z l c p v j z l c p v j z r ad u j n k k q U l s V W X ac Y h Z AA AB AC h p x AD ab x e a) h c)))
g (x (A (l (aa (d p c o j o o x v) a l c p v j z l c p v j z l c p v j z l c p v j z l c p v j z l c p v j z l c p v j z l c p v j z l c p v j z l c p v j z r ad u j n k k q U l s V W X ac Y h Z AA AB AC h p x AD ab x e a) h c)))
g (x (A (l (t t c o l c p v j z l c p v j z l c p v j z l c p v j z l c p v j z l c p v j z l c p v j z l c p v j z l c p v j z l c p v j z r ad u j n k k q U l s V W X ac Y h Z AA AB AC h p x AD ab x e a) h c)))
g (x (A (l (aa (d p c o j o o x v) a l c p v j z l c p v j z l c p v j z l c p v j z l c p v j z l c p v j z l c p v j z l c p v j z l c p v j z l c p v j z l c p v j z r ad u j n k k q U l s V W X ac Y h Z AA AB AC h p x AD ab x e a) h c)))
g (x (A (l (t t c o l c p v j z l c p v j z l c p v j z l c p v j z l c p v j z l c p v j z l c p v j z l c p v j z l c p v j z l c p v j z l c p v j z r ad u j n k k q U l s V W X ac Y h Z AA AB AC h p x AD ab x e a) h c)))
g (x (A (l (aa (d p c o j o o x v) a l c p v j z l c p v j z l c p v j z l c p v j z l c p v j z l c p v j z l c p v j z l c p v j z l c p v j z l c p v j z l c p v j z l c p v j z r ad u j n k k q U l s V W X ac Y h Z AA AB AC h p x AD ab x e a) h c)))
g (x (A (l (t t c o l c p v j z l c p v j z l c p v j z l c p v j z l c p v j z l c p v j z l c p v j z l c p v j z l c p v j z l c p v j z l c p v j z l c p v j z r ad u j n k k q U l s V W X ac Y h Z AA AB AC h p x AD ab x e a) h c)))
g (x (A (l (aa (d p c o j o o x v) a l c p v j z l c p v j z l c p v j z l c p v j z l c p v j z l c p v j z l c p v j z l c p v j z l c p v j z l c p v j z l c p v j z l c p v j z l c p v j z r ad u j n k k q U l s V W X ac Y h Z AA AB AC h p x AD ab x e a) h c)))
g (x (A (l (t t c o l c p v j z l c p v j z l c p v j z l c p v j z l c p v j z l c p v j z l c p v j z l c p v j z l c p v j z l c p v j z l c p v j z l c p v j z l c p v j z r ad u j n k k q U l s V W X ac Y h Z AA AB AC h p x AD ab x e a) h c)))


