a aj ag ai ae ah af = x (b (ah x n o u) p)
b af ae ag = aa (p h s p) z w ab n e i y u w ae
c ai aj ag ah af ae = e (ad (r l ah w d l n ad v)) p
d ae af = b (ab (i z) (aa ac) c c i h ae t) f c a
e ae = a (ad n) ae v ac s g h s m ac
f = m ad a ad b d n c b h j ad k z s o ab
g ae = ab (t z r) q u c
h ah ag ae af = u (a l s o) o w g
i ae ah af ag = x (v m aa x z ab ad z) ad
j ag af ah ae ai = y (q (ah i i h r y s l) y m ab) k e x e
k ae af ah ag = n (r x z) o v y ah ae r f o o j w
l aj af ag ae ah ai = d (u b g k ai f y b n aa j j j h h)
m ag af ae = w
n af ag ae = p l h p z k s ae ad d e r c u p
o af ag ae = f (n (q j l a ac y l) h q) q k q
p ae = q (t i ac ac d) w g w o i o ac a y a
q ae ag af ah = y w (aa (z aa) y k n t aa t)
r ag ae af = u (v (a v s a v af q j f n c e t g q))
s af ag ai ah ae aj = o e ac q ad af d j r e e k t k
t ae = ac (u ab q k z h ab y j k ad k ac a)
u af ae ag ah = i r a aa p p g ad p d k h a w
v af ae = w (d q) l z f x l j y b t j l a ad c
w ae = u (ae u o y v) p aa ad p e k h j v
x ae = g k j l a ab j ab
y ae af = q (a g d k ac n n p ae a b q w f ac)
z ae = i (l e j ae f d i ad m c)
aa ae ag af = u b s x j x a i
ab ag ae af ai ah = k (k (t (c o) e s w b h k q aa q aa aa))
ac ae ag af = aa b h m m a j q ag m l l s ad a r
ad ae ai aj ag af ah = b af y r c j j v b
main = A (B (C (b (k (ad (m (D (k (E (y (ad (p (t (e (ac F v) aa G H u) z I y J q) K L d i k j ac) x n a b o u o)) ad M N k a i b O q aa P c g Q R S T g U i ac V l t o p y ac r W X i Y b l k v g z c k k e Z s w a AA r) m q a l u a h b aa aa))))))))
------------------------------------------------------------
A (B (C (b (k (ad (m (D (k (E (y (ad (p (t (e (ac F v) aa G H u) z I y J q) K L d i k j ac) x n a b o u o)) ad M N k a i b O q aa P c g Q R S T g U i ac V l t o p y ac r W X i Y b l k v g z c k k e Z s w a AA r) m q a l u a h b aa aa))))))))
A (B (C (b (k (ad (m (D (n (r x z) o v y q (E (y (ad (p (t (e (ac F v) aa G H u) z I y J q) K L d i k j ac) x n a b o u o)) ad M N k a i b O q aa P c g Q R S T g U i ac V l t o p y ac r W X i Y b l k v g z c k k e Z s w a AA r) r f o o j w l u a h b aa aa))))))))
A (B (C (b (k (ad (m (D (p l h p z k s v ad d e r c u p y q (E (y (ad (p (t (e (ac F v) aa G H u) z I y J q) K L d i k j ac) x n a b o u o)) ad M N k a i b O q aa P c g Q R S T g U i ac V l t o p y ac r W X i Y b l k v g z c k k e Z s w a AA r) r f o o j w l u a h b aa aa))))))))
A (B (C (b (k (ad (m (D (q (t i ac ac d) w g w o i o ac a y a h p z k s v ad d e r c u p y q (E (y (ad (p (t (e (ac F v) aa G H u) z I y J q) K L d i k j ac) x n a b o u o)) ad M N k a i b O q aa P c g Q R S T g U i ac V l t o p y ac r W X i Y b l k v g z c k k e Z s w a AA r) r f o o j w l u a h b aa aa))))))))
A (B (C (b (k (ad (m (D (y w (aa (z aa) y k n t aa t) o i o ac a y a h p z k s v ad d e r c u p y q (E (y (ad (p (t (e (ac F v) aa G H u) z I y J q) K L d i k j ac) x n a b o u o)) ad M N k a i b O q aa P c g Q R S T g U i ac V l t o p y ac r W X i Y b l k v g z c k k e Z s w a AA r) r f o o j w l u a h b aa aa))))))))
A (B (C (b (k (ad (m (D (q (a g d k ac n n p w a b q w f ac) o i o ac a y a h p z k s v ad d e r c u p y q (E (y (ad (p (t (e (ac F v) aa G H u) z I y J q) K L d i k j ac) x n a b o u o)) ad M N k a i b O q aa P c g Q R S T g U i ac V l t o p y ac r W X i Y b l k v g z c k k e Z s w a AA r) r f o o j w l u a h b aa aa))))))))
A (B (C (b (k (ad (m (D (y w (aa (z aa) y k n t aa t) ac a y a h p z k s v ad d e r c u p y q (E (y (ad (p (t (e (ac F v) aa G H u) z I y J q) K L d i k j ac) x n a b o u o)) ad M N k a i b O q aa P c g Q R S T g U i ac V l t o p y ac r W X i Y b l k v g z c k k e Z s w a AA r) r f o o j w l u a h b aa aa))))))))
A (B (C (b (k (ad (m (D (q (a g d k ac n n p w a b q w f ac) ac a y a h p z k s v ad d e r c u p y q (E (y (ad (p (t (e (ac F v) aa G H u) z I y J q) K L d i k j ac) x n a b o u o)) ad M N k a i b O q aa P c g Q R S T g U i ac V l t o p y ac r W X i Y b l k v g z c k k e Z s w a AA r) r f o o j w l u a h b aa aa))))))))
A (B (C (b (k (ad (m (D (y w (aa (z aa) y k n t aa t) a h p z k s v ad d e r c u p y q (E (y (ad (p (t (e (ac F v) aa G H u) z I y J q) K L d i k j ac) x n a b o u o)) ad M N k a i b O q aa P c g Q R S T g U i ac V l t o p y ac r W X i Y b l k v g z c k k e Z s w a AA r) r f o o j w l u a h b aa aa))))))))
A (B (C (b (k (ad (m (D (q (a g d k ac n n p w a b q w f ac) a h p z k s v ad d e r c u p y q (E (y (ad (p (t (e (ac F v) aa G H u) z I y J q) K L d i k j ac) x n a b o u o)) ad M N k a i b O q aa P c g Q R S T g U i ac V l t o p y ac r W X i Y b l k v g z c k k e Z s w a AA r) r f o o j w l u a h b aa aa))))))))
A (B (C (b (k (ad (m (D (y w (aa (z aa) y k n t aa t) z k s v ad d e r c u p y q (E (y (ad (p (t (e (ac F v) aa G H u) z I y J q) K L d i k j ac) x n a b o u o)) ad M N k a i b O q aa P c g Q R S T g U i ac V l t o p y ac r W X i Y b l k v g z c k k e Z s w a AA r) r f o o j w l u a h b aa aa))))))))
A (B (C (b (k (ad (m (D (q (a g d k ac n n p w a b q w f ac) z k s v ad d e r c u p y q (E (y (ad (p (t (e (ac F v) aa G H u) z I y J q) K L d i k j ac) x n a b o u o)) ad M N k a i b O q aa P c g Q R S T g U i ac V l t o p y ac r W X i Y b l k v g z c k k e Z s w a AA r) r f o o j w l u a h b aa aa))))))))
A (B (C (b (k (ad (m (D (y w (aa (z aa) y k n t aa t) v ad d e r c u p y q (E (y (ad (p (t (e (ac F v) aa G H u) z I y J q) K L d i k j ac) x n a b o u o)) ad M N k a i b O q aa P c g Q R S T g U i ac V l t o p y ac r W X i Y b l k v g z c k k e Z s w a AA r) r f o o j w l u a h b aa aa))))))))
A (B (C (b (k (ad (m (D (q (a g d k ac n n p w a b q w f ac) v ad d e r c u p y q (E (y (ad (p (t (e (ac F v) aa G H u) z I y J q) K L d i k j ac) x n a b o u o)) ad M N k a i b O q aa P c g Q R S T g U i ac V l t o p y ac r W X i Y b l k v g z c k k e Z s w a AA r) r f o o j w l u a h b aa aa))))))))
A (B (C (b (k (ad (m (D (y w (aa (z aa) y k n t aa t) e r c u p y q (E (y (ad (p (t (e (ac F v) aa G H u) z I y J q) K L d i k j ac) x n a b o u o)) ad M N k a i b O q aa P c g Q R S T g U i ac V l t o p y ac r W X i Y b l k v g z c k k e Z s w a AA r) r f o o j w l u a h b aa aa))))))))
A (B (C (b (k (ad (m (D (q (a g d k ac n n p w a b q w f ac) e r c u p y q (E (y (ad (p (t (e (ac F v) aa G H u) z I y J q) K L d i k j ac) x n a b o u o)) ad M N k a i b O q aa P c g Q R S T g U i ac V l t o p y ac r W X i Y b l k v g z c k k e Z s w a AA r) r f o o j w l u a h b aa aa))))))))
A (B (C (b (k (ad (m (D (y w (aa (z aa) y k n t aa t) u p y q (E (y (ad (p (t (e (ac F v) aa G H u) z I y J q) K L d i k j ac) x n a b o u o)) ad M N k a i b O q aa P c g Q R S T g U i ac V l t o p y ac r W X i Y b l k v g z c k k e Z s w a AA r) r f o o j w l u a h b aa aa))))))))
A (B (C (b (k (ad (m (D (q (a g d k ac n n p w a b q w f ac) u p y q (E (y (ad (p (t (e (ac F v) aa G H u) z I y J q) K L d i k j ac) x n a b o u o)) ad M N k a i b O q aa P c g Q R S T g U i ac V l t o p y ac r W X i Y b l k v g z c k k e Z s w a AA r) r f o o j w l u a h b aa aa))))))))
A (B (C (b (k (ad (m (D (y w (aa (z aa) y k n t aa t) q (E (y (ad (p (t (e (ac F v) aa G H u) z I y J q) K L d i k j ac) x n a b o u o)) ad M N k a i b O q aa P c g Q R S T g U i ac V l t o p y ac r W X i Y b l k v g z c k k e Z s w a AA r) r f o o j w l u a h b aa aa))))))))
A (B (C (b (k (ad (m (D (q (a g d k ac n n p w a b q w f ac) q (E (y (ad (p (t (e (ac F v) aa G H u) z I y J q) K L d i k j ac) x n a b o u o)) ad M N k a i b O q aa P c g Q R S T g U i ac V l t o p y ac r W X i Y b l k v g z c k k e Z s w a AA r) r f o o j w l u a h b aa aa))))))))
A (B (C (b (k (ad (m (D (y w (aa (z aa) y k n t aa t) f o o j w l u a h b aa aa))))))))
A (B (C (b (k (ad (m (D (q (a g d k ac n n p w a b q w f ac) f o o j w l u a h b aa aa))))))))
A (B (C (b (k (ad (m (D (y w (aa (z aa) y k n t aa t) j w l u a h b aa aa))))))))
A (B (C (b (k (ad (m (D (q (a g d k ac n n p w a b q w f ac) j w l u a h b aa aa))))))))
A (B (C (b (k (ad (m (D (y w (aa (z aa) y k n t aa t) u a h b aa aa))))))))
A (B (C (b (k (ad (m (D (q (a g d k ac n n p w a b q w f ac) u a h b aa aa))))))))
A (B (C (b (k (ad (m (D (y w (aa (z aa) y k n t aa t) b aa aa))))))))
A (B (C (b (k (ad (m (D (q (a g d k ac n n p w a b q w f ac) b aa aa))))))))
A (B (C (b (k (ad (m (D (y w (aa (z aa) y k n t aa t)))))))))
A (B (C (b (k (ad (m (D (q (a g d k ac n n p w a b q w f ac)))))))))


