a ah af ai ae ag z (k p j q ac) x
b ae ag af ah a (g q q v u z s e i af d) m m d n v ab
c ae af d (ae (x j l) e z f l s a n v x m)
d ag ah ae ai af i (m k e) ac n x aa x ac n aa y l i z u
e ae v c m t w b v ad x v ab l b d
f ae q (u (t t) b) p b
g af ae i j q x j b f a v f e p f i s
h ae ah ag af n (w ac w j v i x t)
i ai ae ah ag af ac (p (u l) w b j l f x o o h)
j ah ag af ae aj ai ab (ad ac t o c y ag c) t ag o z ac w x
k ai ah af ae ag p q ah b a ab p d l j
l ai ae af ah ag z (aa (t ad k) e t ai) y b (o y)
m ae af l (l l h s) l k t n
n ae h aa z g g g p
o ae b ad c z a p y f j u ab ae r d ab b
p af ag ah ae ai ae r ai e v x f a y f t u c o ac o aa u
q af ai ah ae ag o d aa ab o i ad t w w n z d f
r af ae t (m ad s) b z e t i v j g n z w v d
s af ae ag e (b r ad t a x m i b a w)
t af ag ai ae ah n (d e b b g ac ad d ag y v v p a)
u ag af ah ai ae ac (b aa o w y a ai x f w m ad l)
v ae a j r f z k y h b i l ac x
w af ai aj ag ah ae l (s z c n)
x af ae ah ag ai i (u b aa v ad j a h f p e ad w h)
y ae b p s aa x j c u q o
z ae ag af o (af (d f) p h o d v) x ad w ab x ac h h
aa t (ad (m w m j q z x v)) s
ab ag ae af z u r v s h b v j b
ac ag ai ah af ae aj l (u z) u v x aj aa n y ad a m e
ad ah ae ai ag af aj a b u n aa p x e h ab x f y
main A (ac (ac (b (i (q (B (aa (C (h (D E c u c s w F g G n) H I q J K L M N O P y y g Q R j S T U p d V v W X Y z d t x p l Z r ab a n w m z l) AA t AB AC AD AE AF AG t AH AI AJ q u u o o AK d AL AM x t c x t c q aa i p ad c u t g AN i))))))))
------------------------------------------------------------
A (ac (ac (b (i (q (B (aa (C (h (D E c u c s w F g G n) H I q J K L M N O P y y g Q R j S T U p d V v W X Y z d t x p l Z r ab a n w m z l) AA t AB AC AD AE AF AG t AH AI AJ q u u o o AK d AL AM x t c x t c q aa i p ad c u t g AN i))))))))
A (ac (ac (b (i (q (B (t (ad (m w m j q z x v)) s (C (h (D E c u c s w F g G n) H I q J K L M N O P y y g Q R j S T U p d V v W X Y z d t x p l Z r ab a n w m z l) AA t AB AC AD AE AF AG t AH AI AJ q u u o o AK d AL AM x t c x t c q aa i p ad c u t g AN i))))))))
A (ac (ac (b (i (q (B (t (ad (l (l l h s) l k t n j q z x v)) s (C (h (D E c u c s w F g G n) H I q J K L M N O P y y g Q R j S T U p d V v W X Y z d t x p l Z r ab a n w m z l) AA t AB AC AD AE AF AG t AH AI AJ q u u o o AK d AL AM x t c x t c q aa i p ad c u t g AN i))))))))
A (ac (ac (b (i (q (B (t (ad (z (aa (t ad k) e t (l l h s)) y b (o y) j q z x v)) s (C (h (D E c u c s w F g G n) H I q J K L M N O P y y g Q R j S T U p d V v W X Y z d t x p l Z r ab a n w m z l) AA t AB AC AD AE AF AG t AH AI AJ q u u o o AK d AL AM x t c x t c q aa i p ad c u t g AN i))))))))
A (ac (ac (b (i (q (B (t (ad (o (b (d f) p h o d v) x ad w ab x ac h h (o y) j q z x v)) s (C (h (D E c u c s w F g G n) H I q J K L M N O P y y g Q R j S T U p d V v W X Y z d t x p l Z r ab a n w m z l) AA t AB AC AD AE AF AG t AH AI AJ q u u o o AK d AL AM x t c x t c q aa i p ad c u t g AN i))))))))
A (ac (ac (b (i (q (B (t (ad (b ad c z a p y f j u ab (b (d f) p h o d v) r d ab b x ad w ab x ac h h (o y) j q z x v)) s (C (h (D E c u c s w F g G n) H I q J K L M N O P y y g Q R j S T U p d V v W X Y z d t x p l Z r ab a n w m z l) AA t AB AC AD AE AF AG t AH AI AJ q u u o o AK d AL AM x t c x t c q aa i p ad c u t g AN i))))))))
A (ac (ac (b (i (q (B (t (ad (a (g q q v u z s e i z d) m m d n v ab p y f j u ab (b (d f) p h o d v) r d ab b x ad w ab x ac h h (o y) j q z x v)) s (C (h (D E c u c s w F g G n) H I q J K L M N O P y y g Q R j S T U p d V v W X Y z d t x p l Z r ab a n w m z l) AA t AB AC AD AE AF AG t AH AI AJ q u u o o AK d AL AM x t c x t c q aa i p ad c u t g AN i))))))))
A (ac (ac (b (i (q (B (t (ad (z (k p j q ac) x v ab p y f j u ab (b (d f) p h o d v) r d ab b x ad w ab x ac h h (o y) j q z x v)) s (C (h (D E c u c s w F g G n) H I q J K L M N O P y y g Q R j S T U p d V v W X Y z d t x p l Z r ab a n w m z l) AA t AB AC AD AE AF AG t AH AI AJ q u u o o AK d AL AM x t c x t c q aa i p ad c u t g AN i))))))))
A (ac (ac (b (i (q (B (t (ad (o (v (d f) p h o d v) x ad w ab x ac h h ab p y f j u ab (b (d f) p h o d v) r d ab b x ad w ab x ac h h (o y) j q z x v)) s (C (h (D E c u c s w F g G n) H I q J K L M N O P y y g Q R j S T U p d V v W X Y z d t x p l Z r ab a n w m z l) AA t AB AC AD AE AF AG t AH AI AJ q u u o o AK d AL AM x t c x t c q aa i p ad c u t g AN i))))))))
A (ac (ac (b (i (q (B (t (ad (b ad c z a p y f j u ab (v (d f) p h o d v) r d ab b x ad w ab x ac h h ab p y f j u ab (b (d f) p h o d v) r d ab b x ad w ab x ac h h (o y) j q z x v)) s (C (h (D E c u c s w F g G n) H I q J K L M N O P y y g Q R j S T U p d V v W X Y z d t x p l Z r ab a n w m z l) AA t AB AC AD AE AF AG t AH AI AJ q u u o o AK d AL AM x t c x t c q aa i p ad c u t g AN i))))))))
A (ac (ac (b (i (q (B (t (ad (a (g q q v u z s e i z d) m m d n v ab p y f j u ab (v (d f) p h o d v) r d ab b x ad w ab x ac h h ab p y f j u ab (b (d f) p h o d v) r d ab b x ad w ab x ac h h (o y) j q z x v)) s (C (h (D E c u c s w F g G n) H I q J K L M N O P y y g Q R j S T U p d V v W X Y z d t x p l Z r ab a n w m z l) AA t AB AC AD AE AF AG t AH AI AJ q u u o o AK d AL AM x t c x t c q aa i p ad c u t g AN i))))))))
A (ac (ac (b (i (q (B (t (ad (z (k p j q ac) x v ab p y f j u ab (v (d f) p h o d v) r d ab b x ad w ab x ac h h ab p y f j u ab (b (d f) p h o d v) r d ab b x ad w ab x ac h h (o y) j q z x v)) s (C (h (D E c u c s w F g G n) H I q J K L M N O P y y g Q R j S T U p d V v W X Y z d t x p l Z r ab a n w m z l) AA t AB AC AD AE AF AG t AH AI AJ q u u o o AK d AL AM x t c x t c q aa i p ad c u t g AN i))))))))
A (ac (ac (b (i (q (B (t (ad (o (v (d f) p h o d v) x ad w ab x ac h h ab p y f j u ab (v (d f) p h o d v) r d ab b x ad w ab x ac h h ab p y f j u ab (b (d f) p h o d v) r d ab b x ad w ab x ac h h (o y) j q z x v)) s (C (h (D E c u c s w F g G n) H I q J K L M N O P y y g Q R j S T U p d V v W X Y z d t x p l Z r ab a n w m z l) AA t AB AC AD AE AF AG t AH AI AJ q u u o o AK d AL AM x t c x t c q aa i p ad c u t g AN i))))))))
A (ac (ac (b (i (q (B (t (ad (b ad c z a p y f j u ab (v (d f) p h o d v) r d ab b x ad w ab x ac h h ab p y f j u ab (v (d f) p h o d v) r d ab b x ad w ab x ac h h ab p y f j u ab (b (d f) p h o d v) r d ab b x ad w ab x ac h h (o y) j q z x v)) s (C (h (D E c u c s w F g G n) H I q J K L M N O P y y g Q R j S T U p d V v W X Y z d t x p l Z r ab a n w m z l) AA t AB AC AD AE AF AG t AH AI AJ q u u o o AK d AL AM x t c x t c q aa i p ad c u t g AN i))))))))
A (ac (ac (b (i (q (B (t (ad (a (g q q v u z s e i z d) m m d n v ab p y f j u ab (v (d f) p h o d v) r d ab b x ad w ab x ac h h ab p y f j u ab (v (d f) p h o d v) r d ab b x ad w ab x ac h h ab p y f j u ab (b (d f) p h o d v) r d ab b x ad w ab x ac h h (o y) j q z x v)) s (C (h (D E c u c s w F g G n) H I q J K L M N O P y y g Q R j S T U p d V v W X Y z d t x p l Z r ab a n w m z l) AA t AB AC AD AE AF AG t AH AI AJ q u u o o AK d AL AM x t c x t c q aa i p ad c u t g AN i))))))))
A (ac (ac (b (i (q (B (t (ad (z (k p j q ac) x v ab p y f j u ab (v (d f) p h o d v) r d ab b x ad w ab x ac h h ab p y f j u ab (v (d f) p h o d v) r d ab b x ad w ab x ac h h ab p y f j u ab (b (d f) p h o d v) r d ab b x ad w ab x ac h h (o y) j q z x v)) s (C (h (D E c u c s w F g G n) H I q J K L M N O P y y g Q R j S T U p d V v W X Y z d t x p l Z r ab a n w m z l) AA t AB AC AD AE AF AG t AH AI AJ q u u o o AK d AL AM x t c x t c q aa i p ad c u t g AN i))))))))
A (ac (ac (b (i (q (B (t (ad (o (v (d f) p h o d v) x ad w ab x ac h h ab p y f j u ab (v (d f) p h o d v) r d ab b x ad w ab x ac h h ab p y f j u ab (v (d f) p h o d v) r d ab b x ad w ab x ac h h ab p y f j u ab (b (d f) p h o d v) r d ab b x ad w ab x ac h h (o y) j q z x v)) s (C (h (D E c u c s w F g G n) H I q J K L M N O P y y g Q R j S T U p d V v W X Y z d t x p l Z r ab a n w m z l) AA t AB AC AD AE AF AG t AH AI AJ q u u o o AK d AL AM x t c x t c q aa i p ad c u t g AN i))))))))
A (ac (ac (b (i (q (B (t (ad (b ad c z a p y f j u ab (v (d f) p h o d v) r d ab b x ad w ab x ac h h ab p y f j u ab (v (d f) p h o d v) r d ab b x ad w ab x ac h h ab p y f j u ab (v (d f) p h o d v) r d ab b x ad w ab x ac h h ab p y f j u ab (b (d f) p h o d v) r d ab b x ad w ab x ac h h (o y) j q z x v)) s (C (h (D E c u c s w F g G n) H I q J K L M N O P y y g Q R j S T U p d V v W X Y z d t x p l Z r ab a n w m z l) AA t AB AC AD AE AF AG t AH AI AJ q u u o o AK d AL AM x t c x t c q aa i p ad c u t g AN i))))))))
A (ac (ac (b (i (q (B (t (ad (a (g q q v u z s e i z d) m m d n v ab p y f j u ab (v (d f) p h o d v) r d ab b x ad w ab x ac h h ab p y f j u ab (v (d f) p h o d v) r d ab b x ad w ab x ac h h ab p y f j u ab (v (d f) p h o d v) r d ab b x ad w ab x ac h h ab p y f j u ab (b (d f) p h o d v) r d ab b x ad w ab x ac h h (o y) j q z x v)) s (C (h (D E c u c s w F g G n) H I q J K L M N O P y y g Q R j S T U p d V v W X Y z d t x p l Z r ab a n w m z l) AA t AB AC AD AE AF AG t AH AI AJ q u u o o AK d AL AM x t c x t c q aa i p ad c u t g AN i))))))))
A (ac (ac (b (i (q (B (t (ad (z (k p j q ac) x v ab p y f j u ab (v (d f) p h o d v) r d ab b x ad w ab x ac h h ab p y f j u ab (v (d f) p h o d v) r d ab b x ad w ab x ac h h ab p y f j u ab (v (d f) p h o d v) r d ab b x ad w ab x ac h h ab p y f j u ab (b (d f) p h o d v) r d ab b x ad w ab x ac h h (o y) j q z x v)) s (C (h (D E c u c s w F g G n) H I q J K L M N O P y y g Q R j S T U p d V v W X Y z d t x p l Z r ab a n w m z l) AA t AB AC AD AE AF AG t AH AI AJ q u u o o AK d AL AM x t c x t c q aa i p ad c u t g AN i))))))))
A (ac (ac (b (i (q (B (t (ad (o (v (d f) p h o d v) x ad w ab x ac h h ab p y f j u ab (v (d f) p h o d v) r d ab b x ad w ab x ac h h ab p y f j u ab (v (d f) p h o d v) r d ab b x ad w ab x ac h h ab p y f j u ab (v (d f) p h o d v) r d ab b x ad w ab x ac h h ab p y f j u ab (b (d f) p h o d v) r d ab b x ad w ab x ac h h (o y) j q z x v)) s (C (h (D E c u c s w F g G n) H I q J K L M N O P y y g Q R j S T U p d V v W X Y z d t x p l Z r ab a n w m z l) AA t AB AC AD AE AF AG t AH AI AJ q u u o o AK d AL AM x t c x t c q aa i p ad c u t g AN i))))))))
A (ac (ac (b (i (q (B (t (ad (b ad c z a p y f j u ab (v (d f) p h o d v) r d ab b x ad w ab x ac h h ab p y f j u ab (v (d f) p h o d v) r d ab b x ad w ab x ac h h ab p y f j u ab (v (d f) p h o d v) r d ab b x ad w ab x ac h h ab p y f j u ab (v (d f) p h o d v) r d ab b x ad w ab x ac h h ab p y f j u ab (b (d f) p h o d v) r d ab b x ad w ab x ac h h (o y) j q z x v)) s (C (h (D E c u c s w F g G n) H I q J K L M N O P y y g Q R j S T U p d V v W X Y z d t x p l Z r ab a n w m z l) AA t AB AC AD AE AF AG t AH AI AJ q u u o o AK d AL AM x t c x t c q aa i p ad c u t g AN i))))))))
A (ac (ac (b (i (q (B (t (ad (a (g q q v u z s e i z d) m m d n v ab p y f j u ab (v (d f) p h o d v) r d ab b x ad w ab x ac h h ab p y f j u ab (v (d f) p h o d v) r d ab b x ad w ab x ac h h ab p y f j u ab (v (d f) p h o d v) r d ab b x ad w ab x ac h h ab p y f j u ab (v (d f) p h o d v) r d ab b x ad w ab x ac h h ab p y f j u ab (b (d f) p h o d v) r d ab b x ad w ab x ac h h (o y) j q z x v)) s (C (h (D E c u c s w F g G n) H I q J K L M N O P y y g Q R j S T U p d V v W X Y z d t x p l Z r ab a n w m z l) AA t AB AC AD AE AF AG t AH AI AJ q u u o o AK d AL AM x t c x t c q aa i p ad c u t g AN i))))))))
A (ac (ac (b (i (q (B (t (ad (z (k p j q ac) x v ab p y f j u ab (v (d f) p h o d v) r d ab b x ad w ab x ac h h ab p y f j u ab (v (d f) p h o d v) r d ab b x ad w ab x ac h h ab p y f j u ab (v (d f) p h o d v) r d ab b x ad w ab x ac h h ab p y f j u ab (v (d f) p h o d v) r d ab b x ad w ab x ac h h ab p y f j u ab (b (d f) p h o d v) r d ab b x ad w ab x ac h h (o y) j q z x v)) s (C (h (D E c u c s w F g G n) H I q J K L M N O P y y g Q R j S T U p d V v W X Y z d t x p l Z r ab a n w m z l) AA t AB AC AD AE AF AG t AH AI AJ q u u o o AK d AL AM x t c x t c q aa i p ad c u t g AN i))))))))
A (ac (ac (b (i (q (B (t (ad (o (v (d f) p h o d v) x ad w ab x ac h h ab p y f j u ab (v (d f) p h o d v) r d ab b x ad w ab x ac h h ab p y f j u ab (v (d f) p h o d v) r d ab b x ad w ab x ac h h ab p y f j u ab (v (d f) p h o d v) r d ab b x ad w ab x ac h h ab p y f j u ab (v (d f) p h o d v) r d ab b x ad w ab x ac h h ab p y f j u ab (b (d f) p h o d v) r d ab b x ad w ab x ac h h (o y) j q z x v)) s (C (h (D E c u c s w F g G n) H I q J K L M N O P y y g Q R j S T U p d V v W X Y z d t x p l Z r ab a n w m z l) AA t AB AC AD AE AF AG t AH AI AJ q u u o o AK d AL AM x t c x t c q aa i p ad c u t g AN i))))))))
A (ac (ac (b (i (q (B (t (ad (b ad c z a p y f j u ab (v (d f) p h o d v) r d ab b x ad w ab x ac h h ab p y f j u ab (v (d f) p h o d v) r d ab b x ad w ab x ac h h ab p y f j u ab (v (d f) p h o d v) r d ab b x ad w ab x ac h h ab p y f j u ab (v (d f) p h o d v) r d ab b x ad w ab x ac h h ab p y f j u ab (v (d f) p h o d v) r d ab b x ad w ab x ac h h ab p y f j u ab (b (d f) p h o d v) r d ab b x ad w ab x ac h h (o y) j q z x v)) s (C (h (D E c u c s w F g G n) H I q J K L M N O P y y g Q R j S T U p d V v W X Y z d t x p l Z r ab a n w m z l) AA t AB AC AD AE AF AG t AH AI AJ q u u o o AK d AL AM x t c x t c q aa i p ad c u t g AN i))))))))
A (ac (ac (b (i (q (B (t (ad (a (g q q v u z s e i z d) m m d n v ab p y f j u ab (v (d f) p h o d v) r d ab b x ad w ab x ac h h ab p y f j u ab (v (d f) p h o d v) r d ab b x ad w ab x ac h h ab p y f j u ab (v (d f) p h o d v) r d ab b x ad w ab x ac h h ab p y f j u ab (v (d f) p h o d v) r d ab b x ad w ab x ac h h ab p y f j u ab (v (d f) p h o d v) r d ab b x ad w ab x ac h h ab p y f j u ab (b (d f) p h o d v) r d ab b x ad w ab x ac h h (o y) j q z x v)) s (C (h (D E c u c s w F g G n) H I q J K L M N O P y y g Q R j S T U p d V v W X Y z d t x p l Z r ab a n w m z l) AA t AB AC AD AE AF AG t AH AI AJ q u u o o AK d AL AM x t c x t c q aa i p ad c u t g AN i))))))))
A (ac (ac (b (i (q (B (t (ad (z (k p j q ac) x v ab p y f j u ab (v (d f) p h o d v) r d ab b x ad w ab x ac h h ab p y f j u ab (v (d f) p h o d v) r d ab b x ad w ab x ac h h ab p y f j u ab (v (d f) p h o d v) r d ab b x ad w ab x ac h h ab p y f j u ab (v (d f) p h o d v) r d ab b x ad w ab x ac h h ab p y f j u ab (v (d f) p h o d v) r d ab b x ad w ab x ac h h ab p y f j u ab (b (d f) p h o d v) r d ab b x ad w ab x ac h h (o y) j q z x v)) s (C (h (D E c u c s w F g G n) H I q J K L M N O P y y g Q R j S T U p d V v W X Y z d t x p l Z r ab a n w m z l) AA t AB AC AD AE AF AG t AH AI AJ q u u o o AK d AL AM x t c x t c q aa i p ad c u t g AN i))))))))
A (ac (ac (b (i (q (B (t (ad (o (v (d f) p h o d v) x ad w ab x ac h h ab p y f j u ab (v (d f) p h o d v) r d ab b x ad w ab x ac h h ab p y f j u ab (v (d f) p h o d v) r d ab b x ad w ab x ac h h ab p y f j u ab (v (d f) p h o d v) r d ab b x ad w ab x ac h h ab p y f j u ab (v (d f) p h o d v) r d ab b x ad w ab x ac h h ab p y f j u ab (v (d f) p h o d v) r d ab b x ad w ab x ac h h ab p y f j u ab (b (d f) p h o d v) r d ab b x ad w ab x ac h h (o y) j q z x v)) s (C (h (D E c u c s w F g G n) H I q J K L M N O P y y g Q R j S T U p d V v W X Y z d t x p l Z r ab a n w m z l) AA t AB AC AD AE AF AG t AH AI AJ q u u o o AK d AL AM x t c x t c q aa i p ad c u t g AN i))))))))
A (ac (ac (b (i (q (B (t (ad (b ad c z a p y f j u ab (v (d f) p h o d v) r d ab b x ad w ab x ac h h ab p y f j u ab (v (d f) p h o d v) r d ab b x ad w ab x ac h h ab p y f j u ab (v (d f) p h o d v) r d ab b x ad w ab x ac h h ab p y f j u ab (v (d f) p h o d v) r d ab b x ad w ab x ac h h ab p y f j u ab (v (d f) p h o d v) r d ab b x ad w ab x ac h h ab p y f j u ab (v (d f) p h o d v) r d ab b x ad w ab x ac h h ab p y f j u ab (b (d f) p h o d v) r d ab b x ad w ab x ac h h (o y) j q z x v)) s (C (h (D E c u c s w F g G n) H I q J K L M N O P y y g Q R j S T U p d V v W X Y z d t x p l Z r ab a n w m z l) AA t AB AC AD AE AF AG t AH AI AJ q u u o o AK d AL AM x t c x t c q aa i p ad c u t g AN i))))))))


