a ae af ag x (e f j ac j g) p v t p ab
b ah ae af ag j (w r d a ac r ag g c l ad)
c ae z (f (ae (q b i) f ae u p ac ac o ad) b a)
d f o s w u r b c ab b u
e af ah ai ae ag n s j j f p t z f
f ae af y d w aa m r
g af ag ae ai ah aa (t (t q s n r s b w y ac l))
h ag af ae v z af c g af ac ad k n l c u a v v y i
i ae q (a o a ad ae u y f ab k n u j)
j l h x l g t r c ac x h u
k ai ag af ah aj ae v (m (t (v aa) x) aj ad ad l ac a m j t d w)
l ae e m b ac ad aa aa k t a e ad
m ai af ag ae ah e (y ab b x o y r f a v p)
n ag ah af ae i (ab w a ah l x) q h h w e c r p af j
o af ae ag i x k j f u u y ae
p e d
q ag af ae o (ac af ab v d t m k u u) a v
r af ae e o h v ab l
s ae a (p r) m
t ae z (ae k u ac) ae
u aj ai ae af ah ag r (f i) p q
v ah ag af ae s ae c d j ab e s m j aa f
w ag ai ah af ae l (s z u) j ab d r ai v
x ah ae af ag f i r c t n n ac g c n g p s
y b g z d v p ac aa g
z o n (g (p u b o aa t k g) x n x)
aa ag af ae n (t q c e k x ac s ab y x a v ad q p)
ab aj af ai ae ah ag e l u d e h d z
ac ae ai af ah ag ad (p d c l r) (s h) k z q k t e t v ab g
ad af ag ae u k e c q g p z i c ab x l e c h c e
main A (z (v (ac (r (B C (D (c r ad e t k) E v i a F ab y i G H I p h n J d h K L M s s x f s o d v N c O k e P q z p t z n c j Q ac o e R t) S aa s c f d ad o s m T U k a w V W X Y a aa m a n n w Z t v s j u a r c) p AA AB))))
------------------------------------------------------------
A (z (v (ac (r (B C (D (c r ad e t k) E v i a F ab y i G H I p h n J d h K L M s s x f s o d v N c O k e P q z p t z n c j Q ac o e R t) S aa s c f d ad o s m T U k a w V W X Y a aa m a n n w Z t v s j u a r c) p AA AB))))
A (o n (g (p u b o aa t k g) x n x) (v (ac (r (B C (D (c r ad e t k) E v i a F ab y i G H I p h n J d h K L M s s x f s o d v N c O k e P q z p t z n c j Q ac o e R t) S aa s c f d ad o s m T U k a w V W X Y a aa m a n n w Z t v s j u a r c) p AA AB))))
A (i x k j f u u y (g (p u b o aa t k g) x n x))
A (q (a o a ad x u y f ab k n u j) k j f u u y (g (p u b o aa t k g) x n x))
A (o (ac k ab v d t m k u u) a v f u u y (g (p u b o aa t k g) x n x))
A (i x k j f u u y a f u u y (g (p u b o aa t k g) x n x))
A (q (a o a ad x u y f ab k n u j) k j f u u y a f u u y (g (p u b o aa t k g) x n x))
A (o (ac k ab v d t m k u u) a v f u u y a f u u y (g (p u b o aa t k g) x n x))
A (i x k j f u u y a f u u y a f u u y (g (p u b o aa t k g) x n x))
A (q (a o a ad x u y f ab k n u j) k j f u u y a f u u y a f u u y (g (p u b o aa t k g) x n x))
A (o (ac k ab v d t m k u u) a v f u u y a f u u y a f u u y (g (p u b o aa t k g) x n x))
A (i x k j f u u y a f u u y a f u u y a f u u y (g (p u b o aa t k g) x n x))
A (q (a o a ad x u y f ab k n u j) k j f u u y a f u u y a f u u y a f u u y (g (p u b o aa t k g) x n x))
A (o (ac k ab v d t m k u u) a v f u u y a f u u y a f u u y a f u u y (g (p u b o aa t k g) x n x))
A (i x k j f u u y a f u u y a f u u y a f u u y a f u u y (g (p u b o aa t k g) x n x))
A (q (a o a ad x u y f ab k n u j) k j f u u y a f u u y a f u u y a f u u y a f u u y (g (p u b o aa t k g) x n x))
A (o (ac k ab v d t m k u u) a v f u u y a f u u y a f u u y a f u u y a f u u y (g (p u b o aa t k g) x n x))
A (i x k j f u u y a f u u y a f u u y a f u u y a f u u y a f u u y (g (p u b o aa t k g) x n x))
A (q (a o a ad x u y f ab k n u j) k j f u u y a f u u y a f u u y a f u u y a f u u y a f u u y (g (p u b o aa t k g) x n x))
A (o (ac k ab v d t m k u u) a v f u u y a f u u y a f u u y a f u u y a f u u y a f u u y (g (p u b o aa t k g) x n x))
A (i x k j f u u y a f u u y a f u u y a f u u y a f u u y a f u u y a f u u y (g (p u b o aa t k g) x n x))
A (q (a o a ad x u y f ab k n u j) k j f u u y a f u u y a f u u y a f u u y a f u u y a f u u y a f u u y (g (p u b o aa t k g) x n x))
A (o (ac k ab v d t m k u u) a v f u u y a f u u y a f u u y a f u u y a f u u y a f u u y a f u u y (g (p u b o aa t k g) x n x))
A (i x k j f u u y a f u u y a f u u y a f u u y a f u u y a f u u y a f u u y a f u u y (g (p u b o aa t k g) x n x))
A (q (a o a ad x u y f ab k n u j) k j f u u y a f u u y a f u u y a f u u y a f u u y a f u u y a f u u y a f u u y (g (p u b o aa t k g) x n x))
A (o (ac k ab v d t m k u u) a v f u u y a f u u y a f u u y a f u u y a f u u y a f u u y a f u u y a f u u y (g (p u b o aa t k g) x n x))
A (i x k j f u u y a f u u y a f u u y a f u u y a f u u y a f u u y a f u u y a f u u y a f u u y (g (p u b o aa t k g) x n x))
A (q (a o a ad x u y f ab k n u j) k j f u u y a f u u y a f u u y a f u u y a f u u y a f u u y a f u u y a f u u y a f u u y (g (p u b o aa t k g) x n x))
A (o (ac k ab v d t m k u u) a v f u u y a f u u y a f u u y a f u u y a f u u y a f u u y a f u u y a f u u y a f u u y (g (p u b o aa t k g) x n x))
A (i x k j f u u y a f u u y a f u u y a f u u y a f u u y a f u u y a f u u y a f u u y a f u u y a f u u y (g (p u b o aa t k g) x n x))


