a af ag ae ah = ah l b ag (ab x af) n
b ai ae ag af ah = ai (y n ab)
c = m w f t (h e (e f a b))
d ae ag ai ah af aj = h a ab
e aj ai af ae ah ag = v (t h (v w) u h aj)
f = v
g ae = q o (v ad f)
h ah ai ae ag af = b f b ah
i ag af ae = a aa h r (ag d m)
j ah ae ai ag af = l
k ah aj ae ag ai af = v t y (af l ae h)
l af ae = j b e o s f q
m = s t
n af ae ag ah = z y d
o ae = v aa q ae d t (ad (b t r))
p af ag ae = ae o h s
q ae af = x w (v j af) aa
r = v g d d l b a c y f
s ae ag af = t k d ae f af
t ae = ae g g (ae ad x q)
u ae ah ai ag af = af s m i ae
v ah ag ai ae af = a (y s n ad u) ae f
w ae ah af aj ag ai = l ac r q i v
x ae af ah ag = j n ah a k
y = u w (o d) g ac
z ae = ae ae (w e) ae x
aa af ae = p v t g ae
ab ae ag af ah = ac af w aa r q v u n
ac af ag ae ah = b ah j w i l (h w)
ad ah ae ag af = b
main = l (f f (k ad d A (e l x (o (B (C x ad) (ad D u) t aa ad i) b j k) (s ad) c (c (i j d ab g) (E (v v (F k ad) i) n h t y (b r z ab (w G u) n) (H k (s I u (J z K) a n g c (g (j l) (v n q i n i g))) a k j q o a))) c (L M u (N j f x t (r j) m v p) O) x f k z)))
------------------------------------------------------------
l (f f (k ad d A (e l x (o (B (C x ad) (ad D u) t aa ad i) b j k) (s ad) c (c (i j d ab g) (E (v v (F k ad) i) n h t y (b r z ab (w G u) n) (H k (s I u (J z K) a n g c (g (j l) (v n q i n i g))) a k j q o a))) c (L M u (N j f x t (r j) m v p) O) x f k z)))
l (v f (k ad d A (e l x (o (B (C x ad) (ad D u) t aa ad i) b j k) (s ad) c (c (i j d ab g) (E (v v (F k ad) i) n h t y (b r z ab (w G u) n) (H k (s I u (J z K) a n g c (g (j l) (v n q i n i g))) a k j q o a))) c (L M u (N j f x t (r j) m v p) O) x f k z)))
l (v v (k ad d A (e l x (o (B (C x ad) (ad D u) t aa ad i) b j k) (s ad) c (c (i j d ab g) (E (v v (F k ad) i) n h t y (b r z ab (w G u) n) (H k (s I u (J z K) a n g c (g (j l) (v n q i n i g))) a k j q o a))) c (L M u (N j f x t (r j) m v p) O) x f k z)))
l (v v (k ad d A (v (t h (v w) u h l) c (L M u (N j f x t (r j) m v p) O) x f k z)))
l (v v (k ad d A (a (y s n ad u) x f k z)))
l (v v (k ad d A (k l b x (ab x (y s n ad u)) n z)))
l (v v (k ad d A (v t y (z l x h))))
l (v v (k ad d A (v t (u w (o d) g ac) (z l x h))))
l (v v (k ad d A (v t (u w (v aa q d d t (ad (b t r))) g ac) (z l x h))))
l (v v (k ad d A (v t (u w (a (y s n ad u) d f (ad (b t r))) g ac) (z l x h))))
l (v v (k ad d A (v t (u w (ad (b t r) l b d (ab x (y s n ad u)) n) g ac) (z l x h))))
l (v v (k ad d A (v t (u w (b (ab x (y s n ad u)) n) g ac) (z l x h))))
l (v v (k ad d A (v t (u w (b (ab x (u w (o d) g ac s n ad u)) n) g ac) (z l x h))))
l (v v (k ad d A (v t (u w (b (ab x (s s m i w n ad u)) n) g ac) (z l x h))))
l (v v (k ad d A (v t (u w (b (ab x (t k d s f i w n ad u)) n) g ac) (z l x h))))
l (v v (k ad d A (v t (u w (b (ab x (k g g (k ad x q) d s f i w n ad u)) n) g ac) (z l x h))))
l (v v (k ad d A (v t (u w (b (ab x (v t y (f l (k ad x q) h) i w n ad u)) n) g ac) (z l x h))))
l (v v (k ad d A (v t (u w (b (ab x (a (y s n ad u) i f n ad u)) n) g ac) (z l x h))))
l (v v (k ad d A (v t (u w (b (ab x (n l b i (ab x (y s n ad u)) n ad u)) n) g ac) (z l x h))))
l (v v (k ad d A (v t (u w (b (ab x (z y d n ad u)) n) g ac) (z l x h))))
l (v v (k ad d A (v t (u w (b (ab x (y y (w e) y x d n ad u)) n) g ac) (z l x h))))
l (v v (k ad d A (v t (u w (b (ab x (u w (o d) g ac y (w e) y x d n ad u)) n) g ac) (z l x h))))
l (v v (k ad d A (v t (u w (b (ab x (y s m i w (w e) y x d n ad u)) n) g ac) (z l x h))))
l (v v (k ad d A (v t (u w (b (ab x (u w (o d) g ac s m i w (w e) y x d n ad u)) n) g ac) (z l x h))))
l (v v (k ad d A (v t (u w (b (ab x (s s m i w m i w (w e) y x d n ad u)) n) g ac) (z l x h))))
l (v v (k ad d A (v t (u w (b (ab x (t k d s f i w m i w (w e) y x d n ad u)) n) g ac) (z l x h))))
l (v v (k ad d A (v t (u w (b (ab x (k g g (k ad x q) d s f i w m i w (w e) y x d n ad u)) n) g ac) (z l x h))))
l (v v (k ad d A (v t (u w (b (ab x (v t y (f l (k ad x q) h) i w m i w (w e) y x d n ad u)) n) g ac) (z l x h))))
l (v v (k ad d A (v t (u w (b (ab x (a (y s n ad u) i f m i w (w e) y x d n ad u)) n) g ac) (z l x h))))
l (v v (k ad d A (v t (u w (b (ab x (m l b i (ab x (y s n ad u)) n i w (w e) y x d n ad u)) n) g ac) (z l x h))))


