a ae = u (q w ac m h z r d u x k f d)
b aj af ae ai ah ag = z q p m ac j c w
c af ag ah ae = h r o (s w) k r p
d ah ag ae af = t (l af ab c x ac) t l
e ag ah ae af = ad c aa o ah n n t ab
f ae af = b (h i d a a s l o d x z q r x)
g af ag ae = q b n x aa m d v aa e l c m i u y v ab
h = ad t ab j u
i af ae = c m ac x af j
j ae ag ah af = h
k ag ae af = ac o b d n q e l y u y af j ad y f
l ae af = n
m ah af ag ae ai = w (l g) c n b j n l
n ag ai ae ah af = x (e j z r v v ab h ac r)
o ai ag ae ah af = k (s (t ai z n) j n ab s t i d g f f b)
p ag ae af = i (b m (ab y s k r f aa k) e) b q
q = c b
r ai af ae ag aj ah = e y v aa v ac ac aj ac k w ab t g
s ae af = ab (t g q x ad q x e l) h z a
t = ab i j d ad g z i b n r
u ae ag af = a e i b m v k n l ag o
v ae ag af = f (w (ab x) t y f r) w i f k h d w p j
w = n m g p i b v z p b y q z h k e z s
x ae ag af = t h s
y ag ah ae ai af = j r z z n
z ag ae af = s ab h s u ad c k aa q c v g i
aa ai af ag ah ae = u d k ad o ag q z n a f z ab u t
ab ae ag af = v l ad i
ac ae = h b
ad = u (t n j d l x l s o aa m ab i t v)
main = A (B (C (D (E (y (ab (s (F p q G r k ac H I ab J b K o L M ad c v b) x f N ad O q P Q y R S l T r U V m W aa X Y m b v w i) k Z aa m m o AA j aa y ab u AB AC p AD AE r c AF AG f h j e AH s aa AI AJ AK a k) AL j aa c s AM x AN AO AP y y b)))))
------------------------------------------------------------
A (B (C (D (E (y (ab (s (F p q G r k ac H I ab J b K o L M ad c v b) x f N ad O q P Q y R S l T r U V m W aa X Y m b v w i) k Z aa m m o AA j aa y ab u AB AC p AD AE r c AF AG f h j e AH s aa AI AJ AK a k) AL j aa c s AM x AN AO AP y y b)))))
A (B (C (D (E (j r z z n s AM x AN AO AP y y b)))))
A (B (C (D (E (h s AM x AN AO AP y y b)))))
A (B (C (D (E (ad t ab j u s AM x AN AO AP y y b)))))
A (B (C (D (E (u (t n j d l x l s o aa m ab i t v) t ab j u s AM x AN AO AP y y b)))))
A (B (C (D (E (a e i b m v k n l t o j u s AM x AN AO AP y y b)))))
A (B (C (D (E (u (q w ac m h z r d u x k f d) i b m v k n l t o j u s AM x AN AO AP y y b)))))
A (B (C (D (E (a e i b m v k n l i o m v k n l t o j u s AM x AN AO AP y y b)))))
A (B (C (D (E (u (q w ac m h z r d u x k f d) i b m v k n l i o m v k n l t o j u s AM x AN AO AP y y b)))))
A (B (C (D (E (a e i b m v k n l i o m v k n l i o m v k n l t o j u s AM x AN AO AP y y b)))))
A (B (C (D (E (u (q w ac m h z r d u x k f d) i b m v k n l i o m v k n l i o m v k n l t o j u s AM x AN AO AP y y b)))))
A (B (C (D (E (a e i b m v k n l i o m v k n l i o m v k n l i o m v k n l t o j u s AM x AN AO AP y y b)))))
A (B (C (D (E (u (q w ac m h z r d u x k f d) i b m v k n l i o m v k n l i o m v k n l i o m v k n l t o j u s AM x AN AO AP y y b)))))
A (B (C (D (E (a e i b m v k n l i o m v k n l i o m v k n l i o m v k n l i o m v k n l t o j u s AM x AN AO AP y y b)))))
A (B (C (D (E (u (q w ac m h z r d u x k f d) i b m v k n l i o m v k n l i o m v k n l i o m v k n l i o m v k n l t o j u s AM x AN AO AP y y b)))))
A (B (C (D (E (a e i b m v k n l i o m v k n l i o m v k n l i o m v k n l i o m v k n l i o m v k n l t o j u s AM x AN AO AP y y b)))))
A (B (C (D (E (u (q w ac m h z r d u x k f d) i b m v k n l i o m v k n l i o m v k n l i o m v k n l i o m v k n l i o m v k n l t o j u s AM x AN AO AP y y b)))))
A (B (C (D (E (a e i b m v k n l i o m v k n l i o m v k n l i o m v k n l i o m v k n l i o m v k n l i o m v k n l t o j u s AM x AN AO AP y y b)))))
A (B (C (D (E (u (q w ac m h z r d u x k f d) i b m v k n l i o m v k n l i o m v k n l i o m v k n l i o m v k n l i o m v k n l i o m v k n l t o j u s AM x AN AO AP y y b)))))
A (B (C (D (E (a e i b m v k n l i o m v k n l i o m v k n l i o m v k n l i o m v k n l i o m v k n l i o m v k n l i o m v k n l t o j u s AM x AN AO AP y y b)))))
A (B (C (D (E (u (q w ac m h z r d u x k f d) i b m v k n l i o m v k n l i o m v k n l i o m v k n l i o m v k n l i o m v k n l i o m v k n l i o m v k n l t o j u s AM x AN AO AP y y b)))))
A (B (C (D (E (a e i b m v k n l i o m v k n l i o m v k n l i o m v k n l i o m v k n l i o m v k n l i o m v k n l i o m v k n l i o m v k n l t o j u s AM x AN AO AP y y b)))))
A (B (C (D (E (u (q w ac m h z r d u x k f d) i b m v k n l i o m v k n l i o m v k n l i o m v k n l i o m v k n l i o m v k n l i o m v k n l i o m v k n l i o m v k n l t o j u s AM x AN AO AP y y b)))))
A (B (C (D (E (a e i b m v k n l i o m v k n l i o m v k n l i o m v k n l i o m v k n l i o m v k n l i o m v k n l i o m v k n l i o m v k n l i o m v k n l t o j u s AM x AN AO AP y y b)))))
A (B (C (D (E (u (q w ac m h z r d u x k f d) i b m v k n l i o m v k n l i o m v k n l i o m v k n l i o m v k n l i o m v k n l i o m v k n l i o m v k n l i o m v k n l i o m v k n l t o j u s AM x AN AO AP y y b)))))
A (B (C (D (E (a e i b m v k n l i o m v k n l i o m v k n l i o m v k n l i o m v k n l i o m v k n l i o m v k n l i o m v k n l i o m v k n l i o m v k n l i o m v k n l t o j u s AM x AN AO AP y y b)))))
A (B (C (D (E (u (q w ac m h z r d u x k f d) i b m v k n l i o m v k n l i o m v k n l i o m v k n l i o m v k n l i o m v k n l i o m v k n l i o m v k n l i o m v k n l i o m v k n l i o m v k n l t o j u s AM x AN AO AP y y b)))))
A (B (C (D (E (a e i b m v k n l i o m v k n l i o m v k n l i o m v k n l i o m v k n l i o m v k n l i o m v k n l i o m v k n l i o m v k n l i o m v k n l i o m v k n l i o m v k n l t o j u s AM x AN AO AP y y b)))))
A (B (C (D (E (u (q w ac m h z r d u x k f d) i b m v k n l i o m v k n l i o m v k n l i o m v k n l i o m v k n l i o m v k n l i o m v k n l i o m v k n l i o m v k n l i o m v k n l i o m v k n l i o m v k n l t o j u s AM x AN AO AP y y b)))))
A (B (C (D (E (a e i b m v k n l i o m v k n l i o m v k n l i o m v k n l i o m v k n l i o m v k n l i o m v k n l i o m v k n l i o m v k n l i o m v k n l i o m v k n l i o m v k n l i o m v k n l t o j u s AM x AN AO AP y y b)))))


