a af ag ae ah k (d y af i u k t o u ag) o o l k ac t ab
b af ai ah ae ag a (a e i u (f h)) q q d e p s f
c ae r q w ae o m p
d af ae u a n a y
e aj ah ai ag ae af i k z i y q i n n z n r h q ai z c
f o (x aa k w o k ad y h ad j q c i)
g n (ad (d ac p n aa u m t) x aa k q u l)
h ag af ae ah ae (r (q c i) k e) ab x ah s m p t d l j f
i ae n (d (aa b t m a) p a y b z b n)
j ag ai aj af ah ae g (c w ab) d ac t p e e b e e s o
k ae f (w s i) c l y e l
l ae c (q ae aa o) aa j p s v k z m
m ad d k
n ag ai ae ah aj af ab (g s t p s a aa b b ah aa aa m u)
o ae a (i (s i aa f e aa g b q k aa s))
p ae ag af q (x (y (s x z m aa k q l z q ab v x d)))
q af ae ag v (ab i aa p b h h y u l t c j f ag)
r ae y (j (ac (e ad l i i) c m d g) t p a ab ae)
s ag ai ah ae af o (l l ac d ae v)
t ag ah ae af w (g (l ad (o d) (j d k k)) ab d) g ah x
u af ag ae ah ai l (g j aa z s n ab e l f m i ac t) i
v w c l ab l t k j q m
w ae ah ag af e y (ag u t g l h d x c b k r q b h)
x ae ag ai af ah aj j ac m
y ae af ad (s (l l af k) r t t m ad t m af ac b m) q
z ae ag ah af l (r (j j q ad ad p) s)
aa ag ae af j (ae p) f i l ad
ab g e u a o ad d v j
ac ae q u i ab m a a aa v k
ad af ae t (w b l e) t d m p q d v
main a (A B (C (D (E (i (F (b ab o f G H I J K L z m x k b b M N O d P Q R a z S b d d l d T k z v) U m d) ab y v V p W X Y ab Z k AA a s AB AC w d AD AE AF AG AH AI m s r AJ f b) ab AK AL AM AN m z a AO j AP m) AQ y m AR AT AU AV n) s) AW AX w)
------------------------------------------------------------
a (A B (C (D (E (i (F (b ab o f G H I J K L z m x k b b M N O d P Q R a z S b d d l d T k z v) U m d) ab y v V p W X Y ab Z k AA a s AB AC w d AD AE AF AG AH AI m s r AJ f b) ab AK AL AM AN m z a AO j AP m) AQ y m AR AT AU AV n) s) AW AX w)
a (A B (C (D (E (n (d (aa b t m a) p a y b z b n) ab y v V p W X Y ab Z k AA a s AB AC w d AD AE AF AG AH AI m s r AJ f b) ab AK AL AM AN m z a AO j AP m) AQ y m AR AT AU AV n) s) AW AX w)
a (A B (C (D (E (ab (g s t p s a aa b b v aa aa m u) W X Y ab Z k AA a s AB AC w d AD AE AF AG AH AI m s r AJ f b) ab AK AL AM AN m z a AO j AP m) AQ y m AR AT AU AV n) s) AW AX w)
a (A B (C (D (E (g e u a o ad d v j (g s t p s a aa b b v aa aa m u) W X Y ab Z k AA a s AB AC w d AD AE AF AG AH AI m s r AJ f b) ab AK AL AM AN m z a AO j AP m) AQ y m AR AT AU AV n) s) AW AX w)
a (A B (C (D (E (n (ad (d ac p n aa u m t) x aa k q u l) e u a o ad d v j (g s t p s a aa b b v aa aa m u) W X Y ab Z k AA a s AB AC w d AD AE AF AG AH AI m s r AJ f b) ab AK AL AM AN m z a AO j AP m) AQ y m AR AT AU AV n) s) AW AX w)
a (A B (C (D (E (ab (g s t p s a aa b b a aa aa m u) d v j (g s t p s a aa b b v aa aa m u) W X Y ab Z k AA a s AB AC w d AD AE AF AG AH AI m s r AJ f b) ab AK AL AM AN m z a AO j AP m) AQ y m AR AT AU AV n) s) AW AX w)
a (A B (C (D (E (g e u a o ad d v j (g s t p s a aa b b a aa aa m u) d v j (g s t p s a aa b b v aa aa m u) W X Y ab Z k AA a s AB AC w d AD AE AF AG AH AI m s r AJ f b) ab AK AL AM AN m z a AO j AP m) AQ y m AR AT AU AV n) s) AW AX w)
a (A B (C (D (E (n (ad (d ac p n aa u m t) x aa k q u l) e u a o ad d v j (g s t p s a aa b b a aa aa m u) d v j (g s t p s a aa b b v aa aa m u) W X Y ab Z k AA a s AB AC w d AD AE AF AG AH AI m s r AJ f b) ab AK AL AM AN m z a AO j AP m) AQ y m AR AT AU AV n) s) AW AX w)
a (A B (C (D (E (ab (g s t p s a aa b b a aa aa m u) d v j (g s t p s a aa b b a aa aa m u) d v j (g s t p s a aa b b v aa aa m u) W X Y ab Z k AA a s AB AC w d AD AE AF AG AH AI m s r AJ f b) ab AK AL AM AN m z a AO j AP m) AQ y m AR AT AU AV n) s) AW AX w)
a (A B (C (D (E (g e u a o ad d v j (g s t p s a aa b b a aa aa m u) d v j (g s t p s a aa b b a aa aa m u) d v j (g s t p s a aa b b v aa aa m u) W X Y ab Z k AA a s AB AC w d AD AE AF AG AH AI m s r AJ f b) ab AK AL AM AN m z a AO j AP m) AQ y m AR AT AU AV n) s) AW AX w)
a (A B (C (D (E (n (ad (d ac p n aa u m t) x aa k q u l) e u a o ad d v j (g s t p s a aa b b a aa aa m u) d v j (g s t p s a aa b b a aa aa m u) d v j (g s t p s a aa b b v aa aa m u) W X Y ab Z k AA a s AB AC w d AD AE AF AG AH AI m s r AJ f b) ab AK AL AM AN m z a AO j AP m) AQ y m AR AT AU AV n) s) AW AX w)
a (A B (C (D (E (ab (g s t p s a aa b b a aa aa m u) d v j (g s t p s a aa b b a aa aa m u) d v j (g s t p s a aa b b a aa aa m u) d v j (g s t p s a aa b b v aa aa m u) W X Y ab Z k AA a s AB AC w d AD AE AF AG AH AI m s r AJ f b) ab AK AL AM AN m z a AO j AP m) AQ y m AR AT AU AV n) s) AW AX w)
a (A B (C (D (E (g e u a o ad d v j (g s t p s a aa b b a aa aa m u) d v j (g s t p s a aa b b a aa aa m u) d v j (g s t p s a aa b b a aa aa m u) d v j (g s t p s a aa b b v aa aa m u) W X Y ab Z k AA a s AB AC w d AD AE AF AG AH AI m s r AJ f b) ab AK AL AM AN m z a AO j AP m) AQ y m AR AT AU AV n) s) AW AX w)
a (A B (C (D (E (n (ad (d ac p n aa u m t) x aa k q u l) e u a o ad d v j (g s t p s a aa b b a aa aa m u) d v j (g s t p s a aa b b a aa aa m u) d v j (g s t p s a aa b b a aa aa m u) d v j (g s t p s a aa b b v aa aa m u) W X Y ab Z k AA a s AB AC w d AD AE AF AG AH AI m s r AJ f b) ab AK AL AM AN m z a AO j AP m) AQ y m AR AT AU AV n) s) AW AX w)
a (A B (C (D (E (ab (g s t p s a aa b b a aa aa m u) d v j (g s t p s a aa b b a aa aa m u) d v j (g s t p s a aa b b a aa aa m u) d v j (g s t p s a aa b b a aa aa m u) d v j (g s t p s a aa b b v aa aa m u) W X Y ab Z k AA a s AB AC w d AD AE AF AG AH AI m s r AJ f b) ab AK AL AM AN m z a AO j AP m) AQ y m AR AT AU AV n) s) AW AX w)
a (A B (C (D (E (g e u a o ad d v j (g s t p s a aa b b a aa aa m u) d v j (g s t p s a aa b b a aa aa m u) d v j (g s t p s a aa b b a aa aa m u) d v j (g s t p s a aa b b a aa aa m u) d v j (g s t p s a aa b b v aa aa m u) W X Y ab Z k AA a s AB AC w d AD AE AF AG AH AI m s r AJ f b) ab AK AL AM AN m z a AO j AP m) AQ y m AR AT AU AV n) s) AW AX w)
a (A B (C (D (E (n (ad (d ac p n aa u m t) x aa k q u l) e u a o ad d v j (g s t p s a aa b b a aa aa m u) d v j (g s t p s a aa b b a aa aa m u) d v j (g s t p s a aa b b a aa aa m u) d v j (g s t p s a aa b b a aa aa m u) d v j (g s t p s a aa b b v aa aa m u) W X Y ab Z k AA a s AB AC w d AD AE AF AG AH AI m s r AJ f b) ab AK AL AM AN m z a AO j AP m) AQ y m AR AT AU AV n) s) AW AX w)
a (A B (C (D (E (ab (g s t p s a aa b b a aa aa m u) d v j (g s t p s a aa b b a aa aa m u) d v j (g s t p s a aa b b a aa aa m u) d v j (g s t p s a aa b b a aa aa m u) d v j (g s t p s a aa b b a aa aa m u) d v j (g s t p s a aa b b v aa aa m u) W X Y ab Z k AA a s AB AC w d AD AE AF AG AH AI m s r AJ f b) ab AK AL AM AN m z a AO j AP m) AQ y m AR AT AU AV n) s) AW AX w)
a (A B (C (D (E (g e u a o ad d v j (g s t p s a aa b b a aa aa m u) d v j (g s t p s a aa b b a aa aa m u) d v j (g s t p s a aa b b a aa aa m u) d v j (g s t p s a aa b b a aa aa m u) d v j (g s t p s a aa b b a aa aa m u) d v j (g s t p s a aa b b v aa aa m u) W X Y ab Z k AA a s AB AC w d AD AE AF AG AH AI m s r AJ f b) ab AK AL AM AN m z a AO j AP m) AQ y m AR AT AU AV n) s) AW AX w)
a (A B (C (D (E (n (ad (d ac p n aa u m t) x aa k q u l) e u a o ad d v j (g s t p s a aa b b a aa aa m u) d v j (g s t p s a aa b b a aa aa m u) d v j (g s t p s a aa b b a aa aa m u) d v j (g s t p s a aa b b a aa aa m u) d v j (g s t p s a aa b b a aa aa m u) d v j (g s t p s a aa b b v aa aa m u) W X Y ab Z k AA a s AB AC w d AD AE AF AG AH AI m s r AJ f b) ab AK AL AM AN m z a AO j AP m) AQ y m AR AT AU AV n) s) AW AX w)
a (A B (C (D (E (ab (g s t p s a aa b b a aa aa m u) d v j (g s t p s a aa b b a aa aa m u) d v j (g s t p s a aa b b a aa aa m u) d v j (g s t p s a aa b b a aa aa m u) d v j (g s t p s a aa b b a aa aa m u) d v j (g s t p s a aa b b a aa aa m u) d v j (g s t p s a aa b b v aa aa m u) W X Y ab Z k AA a s AB AC w d AD AE AF AG AH AI m s r AJ f b) ab AK AL AM AN m z a AO j AP m) AQ y m AR AT AU AV n) s) AW AX w)
a (A B (C (D (E (g e u a o ad d v j (g s t p s a aa b b a aa aa m u) d v j (g s t p s a aa b b a aa aa m u) d v j (g s t p s a aa b b a aa aa m u) d v j (g s t p s a aa b b a aa aa m u) d v j (g s t p s a aa b b a aa aa m u) d v j (g s t p s a aa b b a aa aa m u) d v j (g s t p s a aa b b v aa aa m u) W X Y ab Z k AA a s AB AC w d AD AE AF AG AH AI m s r AJ f b) ab AK AL AM AN m z a AO j AP m) AQ y m AR AT AU AV n) s) AW AX w)
a (A B (C (D (E (n (ad (d ac p n aa u m t) x aa k q u l) e u a o ad d v j (g s t p s a aa b b a aa aa m u) d v j (g s t p s a aa b b a aa aa m u) d v j (g s t p s a aa b b a aa aa m u) d v j (g s t p s a aa b b a aa aa m u) d v j (g s t p s a aa b b a aa aa m u) d v j (g s t p s a aa b b a aa aa m u) d v j (g s t p s a aa b b v aa aa m u) W X Y ab Z k AA a s AB AC w d AD AE AF AG AH AI m s r AJ f b) ab AK AL AM AN m z a AO j AP m) AQ y m AR AT AU AV n) s) AW AX w)
a (A B (C (D (E (ab (g s t p s a aa b b a aa aa m u) d v j (g s t p s a aa b b a aa aa m u) d v j (g s t p s a aa b b a aa aa m u) d v j (g s t p s a aa b b a aa aa m u) d v j (g s t p s a aa b b a aa aa m u) d v j (g s t p s a aa b b a aa aa m u) d v j (g s t p s a aa b b a aa aa m u) d v j (g s t p s a aa b b v aa aa m u) W X Y ab Z k AA a s AB AC w d AD AE AF AG AH AI m s r AJ f b) ab AK AL AM AN m z a AO j AP m) AQ y m AR AT AU AV n) s) AW AX w)
a (A B (C (D (E (g e u a o ad d v j (g s t p s a aa b b a aa aa m u) d v j (g s t p s a aa b b a aa aa m u) d v j (g s t p s a aa b b a aa aa m u) d v j (g s t p s a aa b b a aa aa m u) d v j (g s t p s a aa b b a aa aa m u) d v j (g s t p s a aa b b a aa aa m u) d v j (g s t p s a aa b b a aa aa m u) d v j (g s t p s a aa b b v aa aa m u) W X Y ab Z k AA a s AB AC w d AD AE AF AG AH AI m s r AJ f b) ab AK AL AM AN m z a AO j AP m) AQ y m AR AT AU AV n) s) AW AX w)
a (A B (C (D (E (n (ad (d ac p n aa u m t) x aa k q u l) e u a o ad d v j (g s t p s a aa b b a aa aa m u) d v j (g s t p s a aa b b a aa aa m u) d v j (g s t p s a aa b b a aa aa m u) d v j (g s t p s a aa b b a aa aa m u) d v j (g s t p s a aa b b a aa aa m u) d v j (g s t p s a aa b b a aa aa m u) d v j (g s t p s a aa b b a aa aa m u) d v j (g s t p s a aa b b v aa aa m u) W X Y ab Z k AA a s AB AC w d AD AE AF AG AH AI m s r AJ f b) ab AK AL AM AN m z a AO j AP m) AQ y m AR AT AU AV n) s) AW AX w)
a (A B (C (D (E (ab (g s t p s a aa b b a aa aa m u) d v j (g s t p s a aa b b a aa aa m u) d v j (g s t p s a aa b b a aa aa m u) d v j (g s t p s a aa b b a aa aa m u) d v j (g s t p s a aa b b a aa aa m u) d v j (g s t p s a aa b b a aa aa m u) d v j (g s t p s a aa b b a aa aa m u) d v j (g s t p s a aa b b a aa aa m u) d v j (g s t p s a aa b b v aa aa m u) W X Y ab Z k AA a s AB AC w d AD AE AF AG AH AI m s r AJ f b) ab AK AL AM AN m z a AO j AP m) AQ y m AR AT AU AV n) s) AW AX w)
a (A B (C (D (E (g e u a o ad d v j (g s t p s a aa b b a aa aa m u) d v j (g s t p s a aa b b a aa aa m u) d v j (g s t p s a aa b b a aa aa m u) d v j (g s t p s a aa b b a aa aa m u) d v j (g s t p s a aa b b a aa aa m u) d v j (g s t p s a aa b b a aa aa m u) d v j (g s t p s a aa b b a aa aa m u) d v j (g s t p s a aa b b a aa aa m u) d v j (g s t p s a aa b b v aa aa m u) W X Y ab Z k AA a s AB AC w d AD AE AF AG AH AI m s r AJ f b) ab AK AL AM AN m z a AO j AP m) AQ y m AR AT AU AV n) s) AW AX w)
a (A B (C (D (E (n (ad (d ac p n aa u m t) x aa k q u l) e u a o ad d v j (g s t p s a aa b b a aa aa m u) d v j (g s t p s a aa b b a aa aa m u) d v j (g s t p s a aa b b a aa aa m u) d v j (g s t p s a aa b b a aa aa m u) d v j (g s t p s a aa b b a aa aa m u) d v j (g s t p s a aa b b a aa aa m u) d v j (g s t p s a aa b b a aa aa m u) d v j (g s t p s a aa b b a aa aa m u) d v j (g s t p s a aa b b v aa aa m u) W X Y ab Z k AA a s AB AC w d AD AE AF AG AH AI m s r AJ f b) ab AK AL AM AN m z a AO j AP m) AQ y m AR AT AU AV n) s) AW AX w)
a (A B (C (D (E (ab (g s t p s a aa b b a aa aa m u) d v j (g s t p s a aa b b a aa aa m u) d v j (g s t p s a aa b b a aa aa m u) d v j (g s t p s a aa b b a aa aa m u) d v j (g s t p s a aa b b a aa aa m u) d v j (g s t p s a aa b b a aa aa m u) d v j (g s t p s a aa b b a aa aa m u) d v j (g s t p s a aa b b a aa aa m u) d v j (g s t p s a aa b b a aa aa m u) d v j (g s t p s a aa b b v aa aa m u) W X Y ab Z k AA a s AB AC w d AD AE AF AG AH AI m s r AJ f b) ab AK AL AM AN m z a AO j AP m) AQ y m AR AT AU AV n) s) AW AX w)


