a af ae ah ai ag aj = y v ad u ah l i
b af ae = ac (o (ae t q u n e j x c p h f))
c ae ag aj ai af ah = q a q x b ac p ac j v b
d ag af ae = l ac (ad (e t aa) h m o ab b ae) j x w s aa
e af ag ah ae = z (f (a p) (d u) l y r ad h a y) w k x t d
f ae = y l k ac n ae w p d i ae m
g ah ae af ag = y y u
h = d (o aa v l g q f n g j ab)
i af ae = ab q l g q
j af ae = ac (u (a r i m m g m y f z h aa d af) ac)
k ae = u (w (ab (m (u i h) b aa ae x y e v f s)))
l af ae ag = m ag aa m i a j aa g
m ai ag af ah ae = h (e (af p u t w ac s l b g) u o ab l ad)
n ae af = s (o g q ad m s af h ab d g v m g j ad ac)
o ae = r i h h k e w aa n ad r q aa c ab ac k d
p af ah ai ag aj ae = e (y (ac c ab f l) ad r g n v u r u b q l)
q ae aj ai ah af ag = r (y (e r) p v ac y b f t ac x n j)
r af ah ae ag = q ac
s ae = e (l b ae l n p m f ac t e v)
t af ae = o ab (z v y f) (b af) af d u ac o
u af ah ae ag ai = f (aa (h af a n v f) ad (ac t a) x ad f n ac y)
v ae ag af = j y q (o o) y ab s b af
w ae = ad o n e z i g f ac o v ae
x ae = l (s r v) a a s n
y af aj ag ae ai ah = m (k e k t o t c ad w u q) b q x m
z ah ae af ag = m t c
aa = r k v y ad z j d ac l n c i a u y f
ab ah ai ae af ag = n p c w p x t aa
ac ae af = y i aa j y v b k b
ad ae ai ag af ah = e (af t a h a i aa r n) m
main = A (aa (B (C (x (w (D q (ad (E F G n H I z r J K g L M N y O q b i r s P Q R ad S l T s e c g U s r s j p x V ab) t r y r W X e d Y Z AA c p AB AC p AD w y u j r AE AF e AG AH AI k l t AJ AK c p v) p aa AL AM l AN o r))) AO AP AQ c ad ab)))
------------------------------------------------------------
A (aa (B (C (x (w (D q (ad (E F G n H I z r J K g L M N y O q b i r s P Q R ad S l T s e c g U s r s j p x V ab) t r y r W X e d Y Z AA c p AB AC p AD w y u j r AE AF e AG AH AI k l t AJ AK c p v) p aa AL AM l AN o r))) AO AP AQ c ad ab)))
A (r k v y ad z j d ac l n c i a u y f (B (C (x (w (D q (ad (E F G n H I z r J K g L M N y O q b i r s P Q R ad S l T s e c g U s r s j p x V ab) t r y r W X e d Y Z AA c p AB AC p AD w y u j r AE AF e AG AH AI k l t AJ AK c p v) p aa AL AM l AN o r))) AO AP AQ c ad ab)))
A (q ac z j d ac l n c i a u y f (B (C (x (w (D q (ad (E F G n H I z r J K g L M N y O q b i r s P Q R ad S l T s e c g U s r s j p x V ab) t r y r W X e d Y Z AA c p AB AC p AD w y u j r AE AF e AG AH AI k l t AJ AK c p v) p aa AL AM l AN o r))) AO AP AQ c ad ab)))
A (r (y (e r) p v ac y b f t ac x n j) n c i a u y f (B (C (x (w (D q (ad (E F G n H I z r J K g L M N y O q b i r s P Q R ad S l T s e c g U s r s j p x V ab) t r y r W X e d Y Z AA c p AB AC p AD w y u j r AE AF e AG AH AI k l t AJ AK c p v) p aa AL AM l AN o r))) AO AP AQ c ad ab)))
A (q ac a u y f (B (C (x (w (D q (ad (E F G n H I z r J K g L M N y O q b i r s P Q R ad S l T s e c g U s r s j p x V ab) t r y r W X e d Y Z AA c p AB AC p AD w y u j r AE AF e AG AH AI k l t AJ AK c p v) p aa AL AM l AN o r))) AO AP AQ c ad ab)))
A (r (y (e r) p v ac y b f t ac x n j))
A (r (m (k e k t o t c ad w u q) b q x m f t ac x n j))
A (r (h (e (q p u t w ac s l b g) u o ab l ad) f t ac x n j))
A (r (d (o aa v l g q f n g j ab) (e (q p u t w ac s l b g) u o ab l ad) f t ac x n j))
A (r (l ac (ad (e t aa) h m o ab b f) j x w s aa t ac x n j))
A (r (m j aa m i a j aa g x w s aa t ac x n j))
A (r (h (e (m p u t w ac s l b g) u o ab l ad) j aa g x w s aa t ac x n j))
A (r (d (o aa v l g q f n g j ab) (e (m p u t w ac s l b g) u o ab l ad) j aa g x w s aa t ac x n j))
A (r (l ac (ad (e t aa) h m o ab b j) j x w s aa aa g x w s aa t ac x n j))
A (r (m j aa m i a j aa g x w s aa aa g x w s aa t ac x n j))
A (r (h (e (m p u t w ac s l b g) u o ab l ad) j aa g x w s aa aa g x w s aa t ac x n j))
A (r (d (o aa v l g q f n g j ab) (e (m p u t w ac s l b g) u o ab l ad) j aa g x w s aa aa g x w s aa t ac x n j))
A (r (l ac (ad (e t aa) h m o ab b j) j x w s aa aa g x w s aa aa g x w s aa t ac x n j))
A (r (m j aa m i a j aa g x w s aa aa g x w s aa aa g x w s aa t ac x n j))
A (r (h (e (m p u t w ac s l b g) u o ab l ad) j aa g x w s aa aa g x w s aa aa g x w s aa t ac x n j))
A (r (d (o aa v l g q f n g j ab) (e (m p u t w ac s l b g) u o ab l ad) j aa g x w s aa aa g x w s aa aa g x w s aa t ac x n j))
A (r (l ac (ad (e t aa) h m o ab b j) j x w s aa aa g x w s aa aa g x w s aa aa g x w s aa t ac x n j))
A (r (m j aa m i a j aa g x w s aa aa g x w s aa aa g x w s aa aa g x w s aa t ac x n j))
A (r (h (e (m p u t w ac s l b g) u o ab l ad) j aa g x w s aa aa g x w s aa aa g x w s aa aa g x w s aa t ac x n j))
A (r (d (o aa v l g q f n g j ab) (e (m p u t w ac s l b g) u o ab l ad) j aa g x w s aa aa g x w s aa aa g x w s aa aa g x w s aa t ac x n j))
A (r (l ac (ad (e t aa) h m o ab b j) j x w s aa aa g x w s aa aa g x w s aa aa g x w s aa aa g x w s aa t ac x n j))
A (r (m j aa m i a j aa g x w s aa aa g x w s aa aa g x w s aa aa g x w s aa aa g x w s aa t ac x n j))
A (r (h (e (m p u t w ac s l b g) u o ab l ad) j aa g x w s aa aa g x w s aa aa g x w s aa aa g x w s aa aa g x w s aa t ac x n j))
A (r (d (o aa v l g q f n g j ab) (e (m p u t w ac s l b g) u o ab l ad) j aa g x w s aa aa g x w s aa aa g x w s aa aa g x w s aa aa g x w s aa t ac x n j))
A (r (l ac (ad (e t aa) h m o ab b j) j x w s aa aa g x w s aa aa g x w s aa aa g x w s aa aa g x w s aa aa g x w s aa t ac x n j))


