a = k (y y f y t s b h k u y ad)
b af ae ai ag aj ah = p (c z e ab m ab f aa d l) i ai c u n ad c
c ag ah af ae = b (s d n o l k d p af z r h h t d) g o
d af ae = g (c h m i s) b aa c i t ac b
e ae = t w o m ae ae s l c aa p g p ad z z r d
f ae = s l ae s ae i n
g ai aj ae af ah ag = a ad s q n y u e f ab z r k i k
h = n (ab (n b q) a ad ac)
i ah ag ae af = ag (q (e (w c) ae h l h ab) k f x s s u)
j af ae = z af p ab y x y e y n i z
k ae af ag ai aj ah = aj (m (ac y ad i b o b aa b a c) a)
l af ae = r ab s o g ad g af
m = e (f h g u l c) (n o) v aa c d e aa
n aj af ah ai ag ae = ah (t (h r f t z b r w e q i ag d))
o af ae ah ai aj ag = u (ab (ah aa m j v)) (x c) d t c b p ah b
p af ag ae = r (b r t h n s g l)
q = h (s ac ad) v l aa ad a t ad c
r ae ag af ah = q x aa aa ag b h a a
s ae af = r (af q ac r o ad f h m) j k y m r
t ae ag af = ab i
u ae = r (g m t l o c aa b ad aa q ae q d)
v = w u u z m u z l ac ab p t b g t e b
w = t ab d s ac m
x = g u q u a c f n ad p
y af ag ah ae = w (h k w p x i d aa m w a d w v ag f) e
z ah ae ag ai af = b n n u l t
aa ae = ae (j (c (g m o d) p ab o d ab) p y i) s i
ab ae af ah ag = p (o ah ac r i b s aa e y n q p x e) e
ac ag af ae ai ah aj = h h p w i
ad af ai ag ae ah = t (c ag w h) i
main = A (u (B (t (v (a (C (D (n (y k y g j o x aa)) E F G m b x k ab aa ac H I f a aa m) J K L x l f M N O a P k f Q R t S r g z y u a ab f a aa d p h T U V u W X Y Z k x f AA ad) q z d) c d v e e) w t k u AB AC t) z ac AD m k f m AE o))
------------------------------------------------------------
A (u (B (t (v (a (C (D (n (y k y g j o x aa)) E F G m b x k ab aa ac H I f a aa m) J K L x l f M N O a P k f Q R t S r g z y u a ab f a aa d p h T U V u W X Y Z k x f AA ad) q z d) c d v e e) w t k u AB AC t) z ac AD m k f m AE o))
A (r (g m t l o c aa b ad aa q (B (t (v (a (C (D (n (y k y g j o x aa)) E F G m b x k ab aa ac H I f a aa m) J K L x l f M N O a P k f Q R t S r g z y u a ab f a aa d p h T U V u W X Y Z k x f AA ad) q z d) c d v e e) w t k u AB AC t) z ac AD m k f m AE o) q d))
A (r (a ad s q n y u e f ab z r k i k b ad aa q (B (t (v (a (C (D (n (y k y g j o x aa)) E F G m b x k ab aa ac H I f a aa m) J K L x l f M N O a P k f Q R t S r g z y u a ab f a aa d p h T U V u W X Y Z k x f AA ad) q z d) c d v e e) w t k u AB AC t) z ac AD m k f m AE o) q d))
A (r (k (y y f y t s b h k u y ad) ad s q n y u e f ab z r k i k b ad aa q (B (t (v (a (C (D (n (y k y g j o x aa)) E F G m b x k ab aa ac H I f a aa m) J K L x l f M N O a P k f Q R t S r g z y u a ab f a aa d p h T U V u W X Y Z k x f AA ad) q z d) c d v e e) w t k u AB AC t) z ac AD m k f m AE o) q d))
A (r (n (m (ac y ad i b o b aa b a c) a) u e f ab z r k i k b ad aa q (B (t (v (a (C (D (n (y k y g j o x aa)) E F G m b x k ab aa ac H I f a aa m) J K L x l f M N O a P k f Q R t S r g z y u a ab f a aa d p h T U V u W X Y Z k x f AA ad) q z d) c d v e e) w t k u AB AC t) z ac AD m k f m AE o) q d))
A (r (e (t (h r f t z b r w e q i ab d)) r k i k b ad aa q (B (t (v (a (C (D (n (y k y g j o x aa)) E F G m b x k ab aa ac H I f a aa m) J K L x l f M N O a P k f Q R t S r g z y u a ab f a aa d p h T U V u W X Y Z k x f AA ad) q z d) c d v e e) w t k u AB AC t) z ac AD m k f m AE o) q d))
A (r (t w o m (t (h r f t z b r w e q i ab d)) (t (h r f t z b r w e q i ab d)) s l c aa p g p ad z z r d r k i k b ad aa q (B (t (v (a (C (D (n (y k y g j o x aa)) E F G m b x k ab aa ac H I f a aa m) J K L x l f M N O a P k f Q R t S r g z y u a ab f a aa d p h T U V u W X Y Z k x f AA ad) q z d) c d v e e) w t k u AB AC t) z ac AD m k f m AE o) q d))
A (r (ab i (t (h r f t z b r w e q i ab d)) (t (h r f t z b r w e q i ab d)) s l c aa p g p ad z z r d r k i k b ad aa q (B (t (v (a (C (D (n (y k y g j o x aa)) E F G m b x k ab aa ac H I f a aa m) J K L x l f M N O a P k f Q R t S r g z y u a ab f a aa d p h T U V u W X Y Z k x f AA ad) q z d) c d v e e) w t k u AB AC t) z ac AD m k f m AE o) q d))
A (r (p (o (t (h r f t z b r w e q i ab d)) ac r i b s aa e y n q p x e) e l c aa p g p ad z z r d r k i k b ad aa q (B (t (v (a (C (D (n (y k y g j o x aa)) E F G m b x k ab aa ac H I f a aa m) J K L x l f M N O a P k f Q R t S r g z y u a ab f a aa d p h T U V u W X Y Z k x f AA ad) q z d) c d v e e) w t k u AB AC t) z ac AD m k f m AE o) q d))
A (r (r (b r t h n s g l) c aa p g p ad z z r d r k i k b ad aa q (B (t (v (a (C (D (n (y k y g j o x aa)) E F G m b x k ab aa ac H I f a aa m) J K L x l f M N O a P k f Q R t S r g z y u a ab f a aa d p h T U V u W X Y Z k x f AA ad) q z d) c d v e e) w t k u AB AC t) z ac AD m k f m AE o) q d))
A (r (q x aa aa c b h a a g p ad z z r d r k i k b ad aa q (B (t (v (a (C (D (n (y k y g j o x aa)) E F G m b x k ab aa ac H I f a aa m) J K L x l f M N O a P k f Q R t S r g z y u a ab f a aa d p h T U V u W X Y Z k x f AA ad) q z d) c d v e e) w t k u AB AC t) z ac AD m k f m AE o) q d))
A (r (h (s ac ad) v l aa ad a t ad c x aa aa c b h a a g p ad z z r d r k i k b ad aa q (B (t (v (a (C (D (n (y k y g j o x aa)) E F G m b x k ab aa ac H I f a aa m) J K L x l f M N O a P k f Q R t S r g z y u a ab f a aa d p h T U V u W X Y Z k x f AA ad) q z d) c d v e e) w t k u AB AC t) z ac AD m k f m AE o) q d))
A (r (n (ab (n b q) a ad ac) (s ac ad) v l aa ad a t ad c x aa aa c b h a a g p ad z z r d r k i k b ad aa q (B (t (v (a (C (D (n (y k y g j o x aa)) E F G m b x k ab aa ac H I f a aa m) J K L x l f M N O a P k f Q R t S r g z y u a ab f a aa d p h T U V u W X Y Z k x f AA ad) q z d) c d v e e) w t k u AB AC t) z ac AD m k f m AE o) q d))
A (r (v (t (h r f t z b r w e q i aa d)) a t ad c x aa aa c b h a a g p ad z z r d r k i k b ad aa q (B (t (v (a (C (D (n (y k y g j o x aa)) E F G m b x k ab aa ac H I f a aa m) J K L x l f M N O a P k f Q R t S r g z y u a ab f a aa d p h T U V u W X Y Z k x f AA ad) q z d) c d v e e) w t k u AB AC t) z ac AD m k f m AE o) q d))
A (r (w u u z m u z l ac ab p t b g t e b (t (h r f t z b r w e q i aa d)) a t ad c x aa aa c b h a a g p ad z z r d r k i k b ad aa q (B (t (v (a (C (D (n (y k y g j o x aa)) E F G m b x k ab aa ac H I f a aa m) J K L x l f M N O a P k f Q R t S r g z y u a ab f a aa d p h T U V u W X Y Z k x f AA ad) q z d) c d v e e) w t k u AB AC t) z ac AD m k f m AE o) q d))
A (r (t ab d s ac m u u z m u z l ac ab p t b g t e b (t (h r f t z b r w e q i aa d)) a t ad c x aa aa c b h a a g p ad z z r d r k i k b ad aa q (B (t (v (a (C (D (n (y k y g j o x aa)) E F G m b x k ab aa ac H I f a aa m) J K L x l f M N O a P k f Q R t S r g z y u a ab f a aa d p h T U V u W X Y Z k x f AA ad) q z d) c d v e e) w t k u AB AC t) z ac AD m k f m AE o) q d))
A (r (ab i ac m u u z m u z l ac ab p t b g t e b (t (h r f t z b r w e q i aa d)) a t ad c x aa aa c b h a a g p ad z z r d r k i k b ad aa q (B (t (v (a (C (D (n (y k y g j o x aa)) E F G m b x k ab aa ac H I f a aa m) J K L x l f M N O a P k f Q R t S r g z y u a ab f a aa d p h T U V u W X Y Z k x f AA ad) q z d) c d v e e) w t k u AB AC t) z ac AD m k f m AE o) q d))
A (r (p (o m ac r i b s aa e y n q p x e) e u z m u z l ac ab p t b g t e b (t (h r f t z b r w e q i aa d)) a t ad c x aa aa c b h a a g p ad z z r d r k i k b ad aa q (B (t (v (a (C (D (n (y k y g j o x aa)) E F G m b x k ab aa ac H I f a aa m) J K L x l f M N O a P k f Q R t S r g z y u a ab f a aa d p h T U V u W X Y Z k x f AA ad) q z d) c d v e e) w t k u AB AC t) z ac AD m k f m AE o) q d))
A (r (r (b r t h n s g l) z m u z l ac ab p t b g t e b (t (h r f t z b r w e q i aa d)) a t ad c x aa aa c b h a a g p ad z z r d r k i k b ad aa q (B (t (v (a (C (D (n (y k y g j o x aa)) E F G m b x k ab aa ac H I f a aa m) J K L x l f M N O a P k f Q R t S r g z y u a ab f a aa d p h T U V u W X Y Z k x f AA ad) q z d) c d v e e) w t k u AB AC t) z ac AD m k f m AE o) q d))
A (r (q x aa aa z b h a a z l ac ab p t b g t e b (t (h r f t z b r w e q i aa d)) a t ad c x aa aa c b h a a g p ad z z r d r k i k b ad aa q (B (t (v (a (C (D (n (y k y g j o x aa)) E F G m b x k ab aa ac H I f a aa m) J K L x l f M N O a P k f Q R t S r g z y u a ab f a aa d p h T U V u W X Y Z k x f AA ad) q z d) c d v e e) w t k u AB AC t) z ac AD m k f m AE o) q d))
A (r (h (s ac ad) v l aa ad a t ad c x aa aa z b h a a z l ac ab p t b g t e b (t (h r f t z b r w e q i aa d)) a t ad c x aa aa c b h a a g p ad z z r d r k i k b ad aa q (B (t (v (a (C (D (n (y k y g j o x aa)) E F G m b x k ab aa ac H I f a aa m) J K L x l f M N O a P k f Q R t S r g z y u a ab f a aa d p h T U V u W X Y Z k x f AA ad) q z d) c d v e e) w t k u AB AC t) z ac AD m k f m AE o) q d))
A (r (n (ab (n b q) a ad ac) (s ac ad) v l aa ad a t ad c x aa aa z b h a a z l ac ab p t b g t e b (t (h r f t z b r w e q i aa d)) a t ad c x aa aa c b h a a g p ad z z r d r k i k b ad aa q (B (t (v (a (C (D (n (y k y g j o x aa)) E F G m b x k ab aa ac H I f a aa m) J K L x l f M N O a P k f Q R t S r g z y u a ab f a aa d p h T U V u W X Y Z k x f AA ad) q z d) c d v e e) w t k u AB AC t) z ac AD m k f m AE o) q d))
A (r (v (t (h r f t z b r w e q i aa d)) a t ad c x aa aa z b h a a z l ac ab p t b g t e b (t (h r f t z b r w e q i aa d)) a t ad c x aa aa c b h a a g p ad z z r d r k i k b ad aa q (B (t (v (a (C (D (n (y k y g j o x aa)) E F G m b x k ab aa ac H I f a aa m) J K L x l f M N O a P k f Q R t S r g z y u a ab f a aa d p h T U V u W X Y Z k x f AA ad) q z d) c d v e e) w t k u AB AC t) z ac AD m k f m AE o) q d))
A (r (w u u z m u z l ac ab p t b g t e b (t (h r f t z b r w e q i aa d)) a t ad c x aa aa z b h a a z l ac ab p t b g t e b (t (h r f t z b r w e q i aa d)) a t ad c x aa aa c b h a a g p ad z z r d r k i k b ad aa q (B (t (v (a (C (D (n (y k y g j o x aa)) E F G m b x k ab aa ac H I f a aa m) J K L x l f M N O a P k f Q R t S r g z y u a ab f a aa d p h T U V u W X Y Z k x f AA ad) q z d) c d v e e) w t k u AB AC t) z ac AD m k f m AE o) q d))
A (r (t ab d s ac m u u z m u z l ac ab p t b g t e b (t (h r f t z b r w e q i aa d)) a t ad c x aa aa z b h a a z l ac ab p t b g t e b (t (h r f t z b r w e q i aa d)) a t ad c x aa aa c b h a a g p ad z z r d r k i k b ad aa q (B (t (v (a (C (D (n (y k y g j o x aa)) E F G m b x k ab aa ac H I f a aa m) J K L x l f M N O a P k f Q R t S r g z y u a ab f a aa d p h T U V u W X Y Z k x f AA ad) q z d) c d v e e) w t k u AB AC t) z ac AD m k f m AE o) q d))
A (r (ab i ac m u u z m u z l ac ab p t b g t e b (t (h r f t z b r w e q i aa d)) a t ad c x aa aa z b h a a z l ac ab p t b g t e b (t (h r f t z b r w e q i aa d)) a t ad c x aa aa c b h a a g p ad z z r d r k i k b ad aa q (B (t (v (a (C (D (n (y k y g j o x aa)) E F G m b x k ab aa ac H I f a aa m) J K L x l f M N O a P k f Q R t S r g z y u a ab f a aa d p h T U V u W X Y Z k x f AA ad) q z d) c d v e e) w t k u AB AC t) z ac AD m k f m AE o) q d))
A (r (p (o m ac r i b s aa e y n q p x e) e u z m u z l ac ab p t b g t e b (t (h r f t z b r w e q i aa d)) a t ad c x aa aa z b h a a z l ac ab p t b g t e b (t (h r f t z b r w e q i aa d)) a t ad c x aa aa c b h a a g p ad z z r d r k i k b ad aa q (B (t (v (a (C (D (n (y k y g j o x aa)) E F G m b x k ab aa ac H I f a aa m) J K L x l f M N O a P k f Q R t S r g z y u a ab f a aa d p h T U V u W X Y Z k x f AA ad) q z d) c d v e e) w t k u AB AC t) z ac AD m k f m AE o) q d))
A (r (r (b r t h n s g l) z m u z l ac ab p t b g t e b (t (h r f t z b r w e q i aa d)) a t ad c x aa aa z b h a a z l ac ab p t b g t e b (t (h r f t z b r w e q i aa d)) a t ad c x aa aa c b h a a g p ad z z r d r k i k b ad aa q (B (t (v (a (C (D (n (y k y g j o x aa)) E F G m b x k ab aa ac H I f a aa m) J K L x l f M N O a P k f Q R t S r g z y u a ab f a aa d p h T U V u W X Y Z k x f AA ad) q z d) c d v e e) w t k u AB AC t) z ac AD m k f m AE o) q d))
A (r (q x aa aa z b h a a z l ac ab p t b g t e b (t (h r f t z b r w e q i aa d)) a t ad c x aa aa z b h a a z l ac ab p t b g t e b (t (h r f t z b r w e q i aa d)) a t ad c x aa aa c b h a a g p ad z z r d r k i k b ad aa q (B (t (v (a (C (D (n (y k y g j o x aa)) E F G m b x k ab aa ac H I f a aa m) J K L x l f M N O a P k f Q R t S r g z y u a ab f a aa d p h T U V u W X Y Z k x f AA ad) q z d) c d v e e) w t k u AB AC t) z ac AD m k f m AE o) q d))
A (r (h (s ac ad) v l aa ad a t ad c x aa aa z b h a a z l ac ab p t b g t e b (t (h r f t z b r w e q i aa d)) a t ad c x aa aa z b h a a z l ac ab p t b g t e b (t (h r f t z b r w e q i aa d)) a t ad c x aa aa c b h a a g p ad z z r d r k i k b ad aa q (B (t (v (a (C (D (n (y k y g j o x aa)) E F G m b x k ab aa ac H I f a aa m) J K L x l f M N O a P k f Q R t S r g z y u a ab f a aa d p h T U V u W X Y Z k x f AA ad) q z d) c d v e e) w t k u AB AC t) z ac AD m k f m AE o) q d))


