a = d (i s o d k z r b q)
b af ag ah ae = ad (w i)
c ae af = w e s l n g k
d ai ah ag ae af = w a h u k (g j)
e af ag ae = m o r y h
f af ai ah ae ag = ac g ag h d af t i
g ag af ah ai ae = t (ad h o) w
h ae = ae e m
i ae = ae (n ae ae ab)
j ae = ae aa x i n a (x i)
k af ae = g p y
l ah ae af ai ag = s ag y h (i n s ai)
m af ah aj ae ag ai = ab
n ae = h u
o af ae ag = p
p ae af = i aa af
q = t p a e
r af ae ag ah = t (p n j) g i z h
s ae ag af = g
t ae af ag = n a af aa ab b n
u ah af ai ag ae = k ae
v ah af ae ag = aa ac a h g
w = x ad q (e (v ac o g b))
x ag af ae = o w
y af ae ag = aa i (x b c) x
z = ac v c g j h u i
aa ae = ac
ab ah af ae ag = x (af e) k
ac ae = u m a h r ab u
ad ae af ah ag = ag j (ae ag) r x
main = A t t (v g (x B) b e g c (r (c v t aa v p l)) k C u D E (F r e j n G) (i (H w x ad) s d ac s) s p (I ad (z (h (aa ab d J) (K k ab r) L h u (M f o u N (O j (p g a) r n (P Q (R S k) (y q (T e) (r l) (U d (V a w (h W X aa v) j) Y k)) o o Z AA m r i)) o)))))
------------------------------------------------------------
A t t (v g (x B) b e g c (r (c v t aa v p l)) k C u D E (F r e j n G) (i (H w x ad) s d ac s) s p (I ad (z (h (aa ab d J) (K k ab r) L h u (M f o u N (O j (p g a) r n (P Q (R S k) (y q (T e) (r l) (U d (V a w (h W X aa v) j) Y k)) o o Z AA m r i)) o)))))
A t t (aa ac a h g g c (r (c v t aa v p l)) k C u D E (F r e j n G) (i (H w x ad) s d ac s) s p (I ad (z (h (aa ab d J) (K k ab r) L h u (M f o u N (O j (p g a) r n (P Q (R S k) (y q (T e) (r l) (U d (V a w (h W X aa v) j) Y k)) o o Z AA m r i)) o)))))
A t t (ac a h g g c (r (c v t aa v p l)) k C u D E (F r e j n G) (i (H w x ad) s d ac s) s p (I ad (z (h (aa ab d J) (K k ab r) L h u (M f o u N (O j (p g a) r n (P Q (R S k) (y q (T e) (r l) (U d (V a w (h W X aa v) j) Y k)) o o Z AA m r i)) o)))))
A t t (u m a h r ab u h g g c (r (c v t aa v p l)) k C u D E (F r e j n G) (i (H w x ad) s d ac s) s p (I ad (z (h (aa ab d J) (K k ab r) L h u (M f o u N (O j (p g a) r n (P Q (R S k) (y q (T e) (r l) (U d (V a w (h W X aa v) j) Y k)) o o Z AA m r i)) o)))))
A t t (k ab u h g g c (r (c v t aa v p l)) k C u D E (F r e j n G) (i (H w x ad) s d ac s) s p (I ad (z (h (aa ab d J) (K k ab r) L h u (M f o u N (O j (p g a) r n (P Q (R S k) (y q (T e) (r l) (U d (V a w (h W X aa v) j) Y k)) o o Z AA m r i)) o)))))
A t t (g p y h g g c (r (c v t aa v p l)) k C u D E (F r e j n G) (i (H w x ad) s d ac s) s p (I ad (z (h (aa ab d J) (K k ab r) L h u (M f o u N (O j (p g a) r n (P Q (R S k) (y q (T e) (r l) (U d (V a w (h W X aa v) j) Y k)) o o Z AA m r i)) o)))))
A t t (t (ad h o) w c (r (c v t aa v p l)) k C u D E (F r e j n G) (i (H w x ad) s d ac s) s p (I ad (z (h (aa ab d J) (K k ab r) L h u (M f o u N (O j (p g a) r n (P Q (R S k) (y q (T e) (r l) (U d (V a w (h W X aa v) j) Y k)) o o Z AA m r i)) o)))))
A t t (n a w aa ab b n (r (c v t aa v p l)) k C u D E (F r e j n G) (i (H w x ad) s d ac s) s p (I ad (z (h (aa ab d J) (K k ab r) L h u (M f o u N (O j (p g a) r n (P Q (R S k) (y q (T e) (r l) (U d (V a w (h W X aa v) j) Y k)) o o Z AA m r i)) o)))))
A t t (h u w aa ab b n (r (c v t aa v p l)) k C u D E (F r e j n G) (i (H w x ad) s d ac s) s p (I ad (z (h (aa ab d J) (K k ab r) L h u (M f o u N (O j (p g a) r n (P Q (R S k) (y q (T e) (r l) (U d (V a w (h W X aa v) j) Y k)) o o Z AA m r i)) o)))))
A t t (u e m w aa ab b n (r (c v t aa v p l)) k C u D E (F r e j n G) (i (H w x ad) s d ac s) s p (I ad (z (h (aa ab d J) (K k ab r) L h u (M f o u N (O j (p g a) r n (P Q (R S k) (y q (T e) (r l) (U d (V a w (h W X aa v) j) Y k)) o o Z AA m r i)) o)))))
A t t (k ab b n (r (c v t aa v p l)) k C u D E (F r e j n G) (i (H w x ad) s d ac s) s p (I ad (z (h (aa ab d J) (K k ab r) L h u (M f o u N (O j (p g a) r n (P Q (R S k) (y q (T e) (r l) (U d (V a w (h W X aa v) j) Y k)) o o Z AA m r i)) o)))))
A t t (g p y n (r (c v t aa v p l)) k C u D E (F r e j n G) (i (H w x ad) s d ac s) s p (I ad (z (h (aa ab d J) (K k ab r) L h u (M f o u N (O j (p g a) r n (P Q (R S k) (y q (T e) (r l) (U d (V a w (h W X aa v) j) Y k)) o o Z AA m r i)) o)))))
A t t (t (ad h o) w C u D E (F r e j n G) (i (H w x ad) s d ac s) s p (I ad (z (h (aa ab d J) (K k ab r) L h u (M f o u N (O j (p g a) r n (P Q (R S k) (y q (T e) (r l) (U d (V a w (h W X aa v) j) Y k)) o o Z AA m r i)) o)))))
A t t (n a w aa ab b n u D E (F r e j n G) (i (H w x ad) s d ac s) s p (I ad (z (h (aa ab d J) (K k ab r) L h u (M f o u N (O j (p g a) r n (P Q (R S k) (y q (T e) (r l) (U d (V a w (h W X aa v) j) Y k)) o o Z AA m r i)) o)))))
A t t (h u w aa ab b n u D E (F r e j n G) (i (H w x ad) s d ac s) s p (I ad (z (h (aa ab d J) (K k ab r) L h u (M f o u N (O j (p g a) r n (P Q (R S k) (y q (T e) (r l) (U d (V a w (h W X aa v) j) Y k)) o o Z AA m r i)) o)))))
A t t (u e m w aa ab b n u D E (F r e j n G) (i (H w x ad) s d ac s) s p (I ad (z (h (aa ab d J) (K k ab r) L h u (M f o u N (O j (p g a) r n (P Q (R S k) (y q (T e) (r l) (U d (V a w (h W X aa v) j) Y k)) o o Z AA m r i)) o)))))
A t t (k ab b n u D E (F r e j n G) (i (H w x ad) s d ac s) s p (I ad (z (h (aa ab d J) (K k ab r) L h u (M f o u N (O j (p g a) r n (P Q (R S k) (y q (T e) (r l) (U d (V a w (h W X aa v) j) Y k)) o o Z AA m r i)) o)))))
A t t (g p y n u D E (F r e j n G) (i (H w x ad) s d ac s) s p (I ad (z (h (aa ab d J) (K k ab r) L h u (M f o u N (O j (p g a) r n (P Q (R S k) (y q (T e) (r l) (U d (V a w (h W X aa v) j) Y k)) o o Z AA m r i)) o)))))
A t t (t (ad h o) w E (F r e j n G) (i (H w x ad) s d ac s) s p (I ad (z (h (aa ab d J) (K k ab r) L h u (M f o u N (O j (p g a) r n (P Q (R S k) (y q (T e) (r l) (U d (V a w (h W X aa v) j) Y k)) o o Z AA m r i)) o)))))
A t t (n a w aa ab b n (F r e j n G) (i (H w x ad) s d ac s) s p (I ad (z (h (aa ab d J) (K k ab r) L h u (M f o u N (O j (p g a) r n (P Q (R S k) (y q (T e) (r l) (U d (V a w (h W X aa v) j) Y k)) o o Z AA m r i)) o)))))
A t t (h u w aa ab b n (F r e j n G) (i (H w x ad) s d ac s) s p (I ad (z (h (aa ab d J) (K k ab r) L h u (M f o u N (O j (p g a) r n (P Q (R S k) (y q (T e) (r l) (U d (V a w (h W X aa v) j) Y k)) o o Z AA m r i)) o)))))
A t t (u e m w aa ab b n (F r e j n G) (i (H w x ad) s d ac s) s p (I ad (z (h (aa ab d J) (K k ab r) L h u (M f o u N (O j (p g a) r n (P Q (R S k) (y q (T e) (r l) (U d (V a w (h W X aa v) j) Y k)) o o Z AA m r i)) o)))))
A t t (k ab b n (F r e j n G) (i (H w x ad) s d ac s) s p (I ad (z (h (aa ab d J) (K k ab r) L h u (M f o u N (O j (p g a) r n (P Q (R S k) (y q (T e) (r l) (U d (V a w (h W X aa v) j) Y k)) o o Z AA m r i)) o)))))
A t t (g p y n (F r e j n G) (i (H w x ad) s d ac s) s p (I ad (z (h (aa ab d J) (K k ab r) L h u (M f o u N (O j (p g a) r n (P Q (R S k) (y q (T e) (r l) (U d (V a w (h W X aa v) j) Y k)) o o Z AA m r i)) o)))))
A t t (t (ad h o) w s p (I ad (z (h (aa ab d J) (K k ab r) L h u (M f o u N (O j (p g a) r n (P Q (R S k) (y q (T e) (r l) (U d (V a w (h W X aa v) j) Y k)) o o Z AA m r i)) o)))))
A t t (n a w aa ab b n p (I ad (z (h (aa ab d J) (K k ab r) L h u (M f o u N (O j (p g a) r n (P Q (R S k) (y q (T e) (r l) (U d (V a w (h W X aa v) j) Y k)) o o Z AA m r i)) o)))))
A t t (h u w aa ab b n p (I ad (z (h (aa ab d J) (K k ab r) L h u (M f o u N (O j (p g a) r n (P Q (R S k) (y q (T e) (r l) (U d (V a w (h W X aa v) j) Y k)) o o Z AA m r i)) o)))))
A t t (u e m w aa ab b n p (I ad (z (h (aa ab d J) (K k ab r) L h u (M f o u N (O j (p g a) r n (P Q (R S k) (y q (T e) (r l) (U d (V a w (h W X aa v) j) Y k)) o o Z AA m r i)) o)))))
A t t (k ab b n p (I ad (z (h (aa ab d J) (K k ab r) L h u (M f o u N (O j (p g a) r n (P Q (R S k) (y q (T e) (r l) (U d (V a w (h W X aa v) j) Y k)) o o Z AA m r i)) o)))))
A t t (g p y n p (I ad (z (h (aa ab d J) (K k ab r) L h u (M f o u N (O j (p g a) r n (P Q (R S k) (y q (T e) (r l) (U d (V a w (h W X aa v) j) Y k)) o o Z AA m r i)) o)))))


