a af ag ae ah = ad
b ah af ae ag ai = n c
c ae af = q af t y ab
d ae af ag = i (t ab ac (j x ag) af)
e af ae = j m o d
f ae af = k c x w r aa v w u
g ae = w
h ae ag af = x
i af ae ag = p
j ae ag af ah = h
k aj ai ag af ae ah = ad e m v (r u u g)
l = k h x e (n g) aa ab e g
m ae af ag = o h ae n i ac ad r ag
n ae af = af
o ai ag aj ae af ah = y d ac ag ai ae
p af ae = v i n af (n s x) k
q af ae ag ai ah = f r n ab u f
r af ae = c ac (ad u h e)
s ae = f g a aa i
t ai af ag ae aj ah = o l
u ae af = k y (o af z (ac p) s q)
v ae = s ae (ac (p s m z g))
w ai ae af ah aj ag = af
x ag ai ah ae af = q b ai ac u d af ab (ac ah)
y ah ae ag af = p (w (b a j e) z r)
z ah ag af ae = x m (c v ah g e)
aa ae af = e y r q f j i s (l r)
ab ah ae af ai ag = af (k m m (b (w w z o n)))
ac = n c v n ab q (b b f)
ad ae ag af = b r (ag ag e s y)
main = z l ac aa (ab s) c A v v B (q C c (D E F s l l k c n r ab) j G t H I t j (u ad) y y J K ab (L M (N a O P Q ab) r (R w) S (ac m z a l T U (ad l V) (W ac g p) j l) q) j x z) X c Y t Z z i (l k a b (g AA (h AB r t l c u) (AC s) w k) z p w) q x
------------------------------------------------------------
z l ac aa (ab s) c A v v B (q C c (D E F s l l k c n r ab) j G t H I t j (u ad) y y J K ab (L M (N a O P Q ab) r (R w) S (ac m z a l T U (ad l V) (W ac g p) j l) q) j x z) X c Y t Z z i (l k a b (g AA (h AB r t l c u) (AC s) w k) z p w) q x
x m (c v l g e) c A v v B (q C c (D E F s l l k c n r ab) j G t H I t j (u ad) y y J K ab (L M (N a O P Q ab) r (R w) S (ac m z a l T U (ad l V) (W ac g p) j l) q) j x z) X c Y t Z z i (l k a b (g AA (h AB r t l c u) (AC s) w k) z p w) q x
q b (c v l g e) ac u d v ab (ac c) v B (q C c (D E F s l l k c n r ab) j G t H I t j (u ad) y y J K ab (L M (N a O P Q ab) r (R w) S (ac m z a l T U (ad l V) (W ac g p) j l) q) j x z) X c Y t Z z i (l k a b (g AA (h AB r t l c u) (AC s) w k) z p w) q x
f r n ab u f v ab (ac c) v B (q C c (D E F s l l k c n r ab) j G t H I t j (u ad) y y J K ab (L M (N a O P Q ab) r (R w) S (ac m z a l T U (ad l V) (W ac g p) j l) q) j x z) X c Y t Z z i (l k a b (g AA (h AB r t l c u) (AC s) w k) z p w) q x
k c x w r aa v w u ab u f v ab (ac c) v B (q C c (D E F s l l k c n r ab) j G t H I t j (u ad) y y J K ab (L M (N a O P Q ab) r (R w) S (ac m z a l T U (ad l V) (W ac g p) j l) q) j x z) X c Y t Z z i (l k a b (g AA (h AB r t l c u) (AC s) w k) z p w) q x
ad e m v (r u u g) w u ab u f v ab (ac c) v B (q C c (D E F s l l k c n r ab) j G t H I t j (u ad) y y J K ab (L M (N a O P Q ab) r (R w) S (ac m z a l T U (ad l V) (W ac g p) j l) q) j x z) X c Y t Z z i (l k a b (g AA (h AB r t l c u) (AC s) w k) z p w) q x
b r (m m e s y) (r u u g) w u ab u f v ab (ac c) v B (q C c (D E F s l l k c n r ab) j G t H I t j (u ad) y y J K ab (L M (N a O P Q ab) r (R w) S (ac m z a l T U (ad l V) (W ac g p) j l) q) j x z) X c Y t Z z i (l k a b (g AA (h AB r t l c u) (AC s) w k) z p w) q x
n c ab u f v ab (ac c) v B (q C c (D E F s l l k c n r ab) j G t H I t j (u ad) y y J K ab (L M (N a O P Q ab) r (R w) S (ac m z a l T U (ad l V) (W ac g p) j l) q) j x z) X c Y t Z z i (l k a b (g AA (h AB r t l c u) (AC s) w k) z p w) q x
ab u f v ab (ac c) v B (q C c (D E F s l l k c n r ab) j G t H I t j (u ad) y y J K ab (L M (N a O P Q ab) r (R w) S (ac m z a l T U (ad l V) (W ac g p) j l) q) j x z) X c Y t Z z i (l k a b (g AA (h AB r t l c u) (AC s) w k) z p w) q x
v (k m m (b (w w z o n))) v B (q C c (D E F s l l k c n r ab) j G t H I t j (u ad) y y J K ab (L M (N a O P Q ab) r (R w) S (ac m z a l T U (ad l V) (W ac g p) j l) q) j x z) X c Y t Z z i (l k a b (g AA (h AB r t l c u) (AC s) w k) z p w) q x
s (k m m (b (w w z o n))) (ac (p s m z g)) v B (q C c (D E F s l l k c n r ab) j G t H I t j (u ad) y y J K ab (L M (N a O P Q ab) r (R w) S (ac m z a l T U (ad l V) (W ac g p) j l) q) j x z) X c Y t Z z i (l k a b (g AA (h AB r t l c u) (AC s) w k) z p w) q x
f g a aa i (ac (p s m z g)) v B (q C c (D E F s l l k c n r ab) j G t H I t j (u ad) y y J K ab (L M (N a O P Q ab) r (R w) S (ac m z a l T U (ad l V) (W ac g p) j l) q) j x z) X c Y t Z z i (l k a b (g AA (h AB r t l c u) (AC s) w k) z p w) q x
k c x w r aa v w u aa i (ac (p s m z g)) v B (q C c (D E F s l l k c n r ab) j G t H I t j (u ad) y y J K ab (L M (N a O P Q ab) r (R w) S (ac m z a l T U (ad l V) (W ac g p) j l) q) j x z) X c Y t Z z i (l k a b (g AA (h AB r t l c u) (AC s) w k) z p w) q x
ad e m v (r u u g) w u aa i (ac (p s m z g)) v B (q C c (D E F s l l k c n r ab) j G t H I t j (u ad) y y J K ab (L M (N a O P Q ab) r (R w) S (ac m z a l T U (ad l V) (W ac g p) j l) q) j x z) X c Y t Z z i (l k a b (g AA (h AB r t l c u) (AC s) w k) z p w) q x
b r (m m e s y) (r u u g) w u aa i (ac (p s m z g)) v B (q C c (D E F s l l k c n r ab) j G t H I t j (u ad) y y J K ab (L M (N a O P Q ab) r (R w) S (ac m z a l T U (ad l V) (W ac g p) j l) q) j x z) X c Y t Z z i (l k a b (g AA (h AB r t l c u) (AC s) w k) z p w) q x
n c aa i (ac (p s m z g)) v B (q C c (D E F s l l k c n r ab) j G t H I t j (u ad) y y J K ab (L M (N a O P Q ab) r (R w) S (ac m z a l T U (ad l V) (W ac g p) j l) q) j x z) X c Y t Z z i (l k a b (g AA (h AB r t l c u) (AC s) w k) z p w) q x
aa i (ac (p s m z g)) v B (q C c (D E F s l l k c n r ab) j G t H I t j (u ad) y y J K ab (L M (N a O P Q ab) r (R w) S (ac m z a l T U (ad l V) (W ac g p) j l) q) j x z) X c Y t Z z i (l k a b (g AA (h AB r t l c u) (AC s) w k) z p w) q x
e y r q f j i s (l r) v B (q C c (D E F s l l k c n r ab) j G t H I t j (u ad) y y J K ab (L M (N a O P Q ab) r (R w) S (ac m z a l T U (ad l V) (W ac g p) j l) q) j x z) X c Y t Z z i (l k a b (g AA (h AB r t l c u) (AC s) w k) z p w) q x
j m o d q f j i s (l r) v B (q C c (D E F s l l k c n r ab) j G t H I t j (u ad) y y J K ab (L M (N a O P Q ab) r (R w) S (ac m z a l T U (ad l V) (W ac g p) j l) q) j x z) X c Y t Z z i (l k a b (g AA (h AB r t l c u) (AC s) w k) z p w) q x
h f j i s (l r) v B (q C c (D E F s l l k c n r ab) j G t H I t j (u ad) y y J K ab (L M (N a O P Q ab) r (R w) S (ac m z a l T U (ad l V) (W ac g p) j l) q) j x z) X c Y t Z z i (l k a b (g AA (h AB r t l c u) (AC s) w k) z p w) q x
x s (l r) v B (q C c (D E F s l l k c n r ab) j G t H I t j (u ad) y y J K ab (L M (N a O P Q ab) r (R w) S (ac m z a l T U (ad l V) (W ac g p) j l) q) j x z) X c Y t Z z i (l k a b (g AA (h AB r t l c u) (AC s) w k) z p w) q x
q b (l r) ac u d (q C c (D E F s l l k c n r ab) j G t H I t j (u ad) y y J K ab (L M (N a O P Q ab) r (R w) S (ac m z a l T U (ad l V) (W ac g p) j l) q) j x z) ab (ac v) X c Y t Z z i (l k a b (g AA (h AB r t l c u) (AC s) w k) z p w) q x
f r n ab u f (q C c (D E F s l l k c n r ab) j G t H I t j (u ad) y y J K ab (L M (N a O P Q ab) r (R w) S (ac m z a l T U (ad l V) (W ac g p) j l) q) j x z) ab (ac v) X c Y t Z z i (l k a b (g AA (h AB r t l c u) (AC s) w k) z p w) q x
k c x w r aa v w u ab u f (q C c (D E F s l l k c n r ab) j G t H I t j (u ad) y y J K ab (L M (N a O P Q ab) r (R w) S (ac m z a l T U (ad l V) (W ac g p) j l) q) j x z) ab (ac v) X c Y t Z z i (l k a b (g AA (h AB r t l c u) (AC s) w k) z p w) q x
ad e m v (r u u g) w u ab u f (q C c (D E F s l l k c n r ab) j G t H I t j (u ad) y y J K ab (L M (N a O P Q ab) r (R w) S (ac m z a l T U (ad l V) (W ac g p) j l) q) j x z) ab (ac v) X c Y t Z z i (l k a b (g AA (h AB r t l c u) (AC s) w k) z p w) q x
b r (m m e s y) (r u u g) w u ab u f (q C c (D E F s l l k c n r ab) j G t H I t j (u ad) y y J K ab (L M (N a O P Q ab) r (R w) S (ac m z a l T U (ad l V) (W ac g p) j l) q) j x z) ab (ac v) X c Y t Z z i (l k a b (g AA (h AB r t l c u) (AC s) w k) z p w) q x
n c ab u f (q C c (D E F s l l k c n r ab) j G t H I t j (u ad) y y J K ab (L M (N a O P Q ab) r (R w) S (ac m z a l T U (ad l V) (W ac g p) j l) q) j x z) ab (ac v) X c Y t Z z i (l k a b (g AA (h AB r t l c u) (AC s) w k) z p w) q x
ab u f (q C c (D E F s l l k c n r ab) j G t H I t j (u ad) y y J K ab (L M (N a O P Q ab) r (R w) S (ac m z a l T U (ad l V) (W ac g p) j l) q) j x z) ab (ac v) X c Y t Z z i (l k a b (g AA (h AB r t l c u) (AC s) w k) z p w) q x
q C c (D E F s l l k c n r ab) j G t H I t j (u ad) y y J K ab (L M (N a O P Q ab) r (R w) S (ac m z a l T U (ad l V) (W ac g p) j l) q) j x z (k m m (b (w w z o n))) X c Y t Z z i (l k a b (g AA (h AB r t l c u) (AC s) w k) z p w) q x
f r n ab u f t H I t j (u ad) y y J K ab (L M (N a O P Q ab) r (R w) S (ac m z a l T U (ad l V) (W ac g p) j l) q) j x z (k m m (b (w w z o n))) X c Y t Z z i (l k a b (g AA (h AB r t l c u) (AC s) w k) z p w) q x


