a ag ai ae ah aj af b f w t d m z h
b af ae ag ah o f h h s e v j ac u z
c ae z (aa (u j d) k v q b e) ae ac aa u a r g
d ag af ah ae a p t z h ac ab e p m z c l y u g
e ae af t ae n g ad aa ab p ab q h
f af ae b (a ae) g ab m aa e ab ae w w c d
g ae ah af ag ab u (x (y y p o w e j) n v o ac n b n) n
h ae af ag b (b e i) v y u m n c w t f j
i ae ag af w (y (q ad ab q u o a aa) l w q l m aa e)
j af ae aj ai ah ag w (n ah i) c ai i q
k ah ag ai aj af ae e (x u aa i ag e l h r c)
l ae ai ag af ah r ai n k h ac g h ae a ab t q e u aa
m af aj ag ai ae ah n (j y d ad t) ad x x r v
n ae ac (ac j ae) r q ad p z ab y m t ad i
o ae af ag i (m (ad z e q h ab b s l m c h r) v n aa)
p aj af ah ae ag ai x c s o ad y h o j aa ai ad
q af ag ae ah y (ad f f r r v i ab c) aa ab g b aa c c
r ah ai aj ae ag af s j k w j b e d ab af w x g w a
s ag ae af i p g g v a p af l z g q e t k r af
t ag af ae c b w p w w j
u y (y (c n o ab m r g a) v m o d i) w t
v p (k b ac ac c b w p p t aa r i)
w ai af ah aj ae ag aa (e e r o ad d d z h i)
x ae s (j h ad s ae a l u ae ae e p l v b z)
y af ag ae d (w (h h) z) ae w af b c w ad f z o
z ae af f (ae (f a f e) k j af h c) h b y s h
aa ae ah ag af aj ai i (t q z w d) l d ad u r i p g
ab ae af m (f (a d t b x z c z i d e z w c f a))
ac ah aj af ag ae ai l (o h i f z b u m j x g) d
ad ai ae ah ag af g (j h k x j h x p p t v d u p)
main w (A (i ad (B (C (l b i c g r g D E F G w H I k w d b m J K h c z v i L M N O n P Q R S T j U f h z e r d V q W X Y a aa n Z g) y v b z j a ad n AA AB i AC r k q AD AE v a c e AF AG AH ad ac e e ad j l) AI r l w ad AJ AK AL AM)))
------------------------------------------------------------
w (A (i ad (B (C (l b i c g r g D E F G w H I k w d b m J K h c z v i L M N O n P Q R S T j U f h z e r d V q W X Y a aa n Z g) y v b z j a ad n AA AB i AC r k q AD AE v a c e AF AG AH ad ac e e ad j l) AI r l w ad AJ AK AL AM)))
w (A (i ad (B (C (r i n k h ac g h b a ab t q e u aa g D E F G w H I k w d b m J K h c z v i L M N O n P Q R S T j U f h z e r d V q W X Y a aa n Z g) y v b z j a ad n AA AB i AC r k q AD AE v a c e AF AG AH ad ac e e ad j l) AI r l w ad AJ AK AL AM)))
w (A (i ad (B (C (s j k w j b e d ab g w x g w a h b a ab t q e u aa g D E F G w H I k w d b m J K h c z v i L M N O n P Q R S T j U f h z e r d V q W X Y a aa n Z g) y v b z j a ad n AA AB i AC r k q AD AE v a c e AF AG AH ad ac e e ad j l) AI r l w ad AJ AK AL AM)))
w (A (i ad (B (C (i p g g v a p w l z g q e t k r w j b e d ab g w x g w a h b a ab t q e u aa g D E F G w H I k w d b m J K h c z v i L M N O n P Q R S T j U f h z e r d V q W X Y a aa n Z g) y v b z j a ad n AA AB i AC r k q AD AE v a c e AF AG AH ad ac e e ad j l) AI r l w ad AJ AK AL AM)))
w (A (i ad (B (C (w (y (q ad ab q u o a aa) l w q l m aa e) v a p w l z g q e t k r w j b e d ab g w x g w a h b a ab t q e u aa g D E F G w H I k w d b m J K h c z v i L M N O n P Q R S T j U f h z e r d V q W X Y a aa n Z g) y v b z j a ad n AA AB i AC r k q AD AE v a c e AF AG AH ad ac e e ad j l) AI r l w ad AJ AK AL AM)))
w (A (i ad (B (C (aa (e e r o ad d d z h i) z g q e t k r w j b e d ab g w x g w a h b a ab t q e u aa g D E F G w H I k w d b m J K h c z v i L M N O n P Q R S T j U f h z e r d V q W X Y a aa n Z g) y v b z j a ad n AA AB i AC r k q AD AE v a c e AF AG AH ad ac e e ad j l) AI r l w ad AJ AK AL AM)))
w (A (i ad (B (C (i (t q z w d) l d ad u r i p g k r w j b e d ab g w x g w a h b a ab t q e u aa g D E F G w H I k w d b m J K h c z v i L M N O n P Q R S T j U f h z e r d V q W X Y a aa n Z g) y v b z j a ad n AA AB i AC r k q AD AE v a c e AF AG AH ad ac e e ad j l) AI r l w ad AJ AK AL AM)))
w (A (i ad (B (C (w (y (q ad ab q u o a aa) l w q l m aa e) ad u r i p g k r w j b e d ab g w x g w a h b a ab t q e u aa g D E F G w H I k w d b m J K h c z v i L M N O n P Q R S T j U f h z e r d V q W X Y a aa n Z g) y v b z j a ad n AA AB i AC r k q AD AE v a c e AF AG AH ad ac e e ad j l) AI r l w ad AJ AK AL AM)))
w (A (i ad (B (C (aa (e e r o ad d d z h i) g k r w j b e d ab g w x g w a h b a ab t q e u aa g D E F G w H I k w d b m J K h c z v i L M N O n P Q R S T j U f h z e r d V q W X Y a aa n Z g) y v b z j a ad n AA AB i AC r k q AD AE v a c e AF AG AH ad ac e e ad j l) AI r l w ad AJ AK AL AM)))
w (A (i ad (B (C (i (t q z w d) l d ad u r i p g b e d ab g w x g w a h b a ab t q e u aa g D E F G w H I k w d b m J K h c z v i L M N O n P Q R S T j U f h z e r d V q W X Y a aa n Z g) y v b z j a ad n AA AB i AC r k q AD AE v a c e AF AG AH ad ac e e ad j l) AI r l w ad AJ AK AL AM)))
w (A (i ad (B (C (w (y (q ad ab q u o a aa) l w q l m aa e) ad u r i p g b e d ab g w x g w a h b a ab t q e u aa g D E F G w H I k w d b m J K h c z v i L M N O n P Q R S T j U f h z e r d V q W X Y a aa n Z g) y v b z j a ad n AA AB i AC r k q AD AE v a c e AF AG AH ad ac e e ad j l) AI r l w ad AJ AK AL AM)))
w (A (i ad (B (C (aa (e e r o ad d d z h i) g b e d ab g w x g w a h b a ab t q e u aa g D E F G w H I k w d b m J K h c z v i L M N O n P Q R S T j U f h z e r d V q W X Y a aa n Z g) y v b z j a ad n AA AB i AC r k q AD AE v a c e AF AG AH ad ac e e ad j l) AI r l w ad AJ AK AL AM)))
w (A (i ad (B (C (i (t q z w d) l d ad u r i p g g w x g w a h b a ab t q e u aa g D E F G w H I k w d b m J K h c z v i L M N O n P Q R S T j U f h z e r d V q W X Y a aa n Z g) y v b z j a ad n AA AB i AC r k q AD AE v a c e AF AG AH ad ac e e ad j l) AI r l w ad AJ AK AL AM)))
w (A (i ad (B (C (w (y (q ad ab q u o a aa) l w q l m aa e) ad u r i p g g w x g w a h b a ab t q e u aa g D E F G w H I k w d b m J K h c z v i L M N O n P Q R S T j U f h z e r d V q W X Y a aa n Z g) y v b z j a ad n AA AB i AC r k q AD AE v a c e AF AG AH ad ac e e ad j l) AI r l w ad AJ AK AL AM)))
w (A (i ad (B (C (aa (e e r o ad d d z h i) g g w x g w a h b a ab t q e u aa g D E F G w H I k w d b m J K h c z v i L M N O n P Q R S T j U f h z e r d V q W X Y a aa n Z g) y v b z j a ad n AA AB i AC r k q AD AE v a c e AF AG AH ad ac e e ad j l) AI r l w ad AJ AK AL AM)))
w (A (i ad (B (C (i (t q z w d) l d ad u r i p g w a h b a ab t q e u aa g D E F G w H I k w d b m J K h c z v i L M N O n P Q R S T j U f h z e r d V q W X Y a aa n Z g) y v b z j a ad n AA AB i AC r k q AD AE v a c e AF AG AH ad ac e e ad j l) AI r l w ad AJ AK AL AM)))
w (A (i ad (B (C (w (y (q ad ab q u o a aa) l w q l m aa e) ad u r i p g w a h b a ab t q e u aa g D E F G w H I k w d b m J K h c z v i L M N O n P Q R S T j U f h z e r d V q W X Y a aa n Z g) y v b z j a ad n AA AB i AC r k q AD AE v a c e AF AG AH ad ac e e ad j l) AI r l w ad AJ AK AL AM)))
w (A (i ad (B (C (aa (e e r o ad d d z h i) g w a h b a ab t q e u aa g D E F G w H I k w d b m J K h c z v i L M N O n P Q R S T j U f h z e r d V q W X Y a aa n Z g) y v b z j a ad n AA AB i AC r k q AD AE v a c e AF AG AH ad ac e e ad j l) AI r l w ad AJ AK AL AM)))
w (A (i ad (B (C (i (t q z w d) l d ad u r i p g a ab t q e u aa g D E F G w H I k w d b m J K h c z v i L M N O n P Q R S T j U f h z e r d V q W X Y a aa n Z g) y v b z j a ad n AA AB i AC r k q AD AE v a c e AF AG AH ad ac e e ad j l) AI r l w ad AJ AK AL AM)))
w (A (i ad (B (C (w (y (q ad ab q u o a aa) l w q l m aa e) ad u r i p g a ab t q e u aa g D E F G w H I k w d b m J K h c z v i L M N O n P Q R S T j U f h z e r d V q W X Y a aa n Z g) y v b z j a ad n AA AB i AC r k q AD AE v a c e AF AG AH ad ac e e ad j l) AI r l w ad AJ AK AL AM)))
w (A (i ad (B (C (aa (e e r o ad d d z h i) g a ab t q e u aa g D E F G w H I k w d b m J K h c z v i L M N O n P Q R S T j U f h z e r d V q W X Y a aa n Z g) y v b z j a ad n AA AB i AC r k q AD AE v a c e AF AG AH ad ac e e ad j l) AI r l w ad AJ AK AL AM)))
w (A (i ad (B (C (i (t q z w d) l d ad u r i p g e u aa g D E F G w H I k w d b m J K h c z v i L M N O n P Q R S T j U f h z e r d V q W X Y a aa n Z g) y v b z j a ad n AA AB i AC r k q AD AE v a c e AF AG AH ad ac e e ad j l) AI r l w ad AJ AK AL AM)))
w (A (i ad (B (C (w (y (q ad ab q u o a aa) l w q l m aa e) ad u r i p g e u aa g D E F G w H I k w d b m J K h c z v i L M N O n P Q R S T j U f h z e r d V q W X Y a aa n Z g) y v b z j a ad n AA AB i AC r k q AD AE v a c e AF AG AH ad ac e e ad j l) AI r l w ad AJ AK AL AM)))
w (A (i ad (B (C (aa (e e r o ad d d z h i) g e u aa g D E F G w H I k w d b m J K h c z v i L M N O n P Q R S T j U f h z e r d V q W X Y a aa n Z g) y v b z j a ad n AA AB i AC r k q AD AE v a c e AF AG AH ad ac e e ad j l) AI r l w ad AJ AK AL AM)))
w (A (i ad (B (C (i (t q z w d) l d ad u r i p g D E F G w H I k w d b m J K h c z v i L M N O n P Q R S T j U f h z e r d V q W X Y a aa n Z g) y v b z j a ad n AA AB i AC r k q AD AE v a c e AF AG AH ad ac e e ad j l) AI r l w ad AJ AK AL AM)))
w (A (i ad (B (C (w (y (q ad ab q u o a aa) l w q l m aa e) ad u r i p g D E F G w H I k w d b m J K h c z v i L M N O n P Q R S T j U f h z e r d V q W X Y a aa n Z g) y v b z j a ad n AA AB i AC r k q AD AE v a c e AF AG AH ad ac e e ad j l) AI r l w ad AJ AK AL AM)))
w (A (i ad (B (C (aa (e e r o ad d d z h i) g D E F G w H I k w d b m J K h c z v i L M N O n P Q R S T j U f h z e r d V q W X Y a aa n Z g) y v b z j a ad n AA AB i AC r k q AD AE v a c e AF AG AH ad ac e e ad j l) AI r l w ad AJ AK AL AM)))
w (A (i ad (B (C (i (t q z w d) l d ad u r i p g w H I k w d b m J K h c z v i L M N O n P Q R S T j U f h z e r d V q W X Y a aa n Z g) y v b z j a ad n AA AB i AC r k q AD AE v a c e AF AG AH ad ac e e ad j l) AI r l w ad AJ AK AL AM)))
w (A (i ad (B (C (w (y (q ad ab q u o a aa) l w q l m aa e) ad u r i p g w H I k w d b m J K h c z v i L M N O n P Q R S T j U f h z e r d V q W X Y a aa n Z g) y v b z j a ad n AA AB i AC r k q AD AE v a c e AF AG AH ad ac e e ad j l) AI r l w ad AJ AK AL AM)))
w (A (i ad (B (C (aa (e e r o ad d d z h i) g w H I k w d b m J K h c z v i L M N O n P Q R S T j U f h z e r d V q W X Y a aa n Z g) y v b z j a ad n AA AB i AC r k q AD AE v a c e AF AG AH ad ac e e ad j l) AI r l w ad AJ AK AL AM)))


