a = v (o s v c v b l) w x t v x n t z h
b = h z p i y j h u d z p z h j f p s
c ah ag ai ae af = z (j aa z j z a ab f h ae ab)
d af ae = z (e o u n n l j aa af ab h) z z
e af ae = g (m d) b j w n p ab d v d
f ah ag aj af ae ai = e (r n x a d s) a i x y i aa i z r
g ae ag af ah = c (ab d ab h f z p q u a ac a ad) r r af
h ag af ae = g t ab i
i af ag ae = af ae (m ab (u (t h h s b w o z q o) j f q))
j ah ai af ag ae = z d n e ac r r k a
k ae ag af = r (y (o (i u)) j ag af aa x n) v l
l ae af = ab b z ad n s p
m ae = j (s (r (w y) w k h u h ae ae) r q y d)
n ae af ag = l (c ab p aa s r r o a m y j) d w u
o af ae = m (l (af k q h aa ac f) a n) e b k
p ae af = x (w m b v) t n j t t
q ag ai ae aj ah af = f (b g n n af a t k ad) o
r af ae = z ac k n
s ae ag af = k p v o h e
t af ae = d x d s z x b
u af ag ae ah = ad (s x a j aa j k h) q ab z m o a
v = m (k c) d t b p p t t y ad f n c w x
w ag af ae = m (x (j ab f r o aa j j aa aa ad r) y r)
x af ah ag ae = ah e aa q y d s
y af ae = r (aa ac t g a e k d e ac q e e r i)
z ah af ae ag = y (l a c u x) b
aa af ag ae ah = z (u i b p k m q)
ab af ae = e (p i p k m g) aa g
ac af ae = ad p (g w m c) n ae
ad ae af ag = t (z ae d p w r k) af ac k p c
main = A (B (C (m (D (E h t F b G H x m r n I v l J K L M N d O P Q x k R w p S b v h e j T U f V ab W X Y Z d u) h n) t y l x AA AB c AC q ab k f ac d h l d AD ad AE AF s AG AH AI AJ a ad AK z AL AM y AN y h) a v aa AO f q h AP q f AQ f))
------------------------------------------------------------
A (B (C (m (D (E h t F b G H x m r n I v l J K L M N d O P Q x k R w p S b v h e j T U f V ab W X Y Z d u) h n) t y l x AA AB c AC q ab k f ac d h l d AD ad AE AF s AG AH AI AJ a ad AK z AL AM y AN y h) a v aa AO f q h AP q f AQ f))
A (B (C (j (s (r (w y) w k h u h (D (E h t F b G H x m r n I v l J K L M N d O P Q x k R w p S b v h e j T U f V ab W X Y Z d u) h n) (D (E h t F b G H x m r n I v l J K L M N d O P Q x k R w p S b v h e j T U f V ab W X Y Z d u) h n)) r q y d) t y l x AA AB c AC q ab k f ac d h l d AD ad AE AF s AG AH AI AJ a ad AK z AL AM y AN y h) a v aa AO f q h AP q f AQ f))
A (B (C (z d n e ac r r k a AA AB c AC q ab k f ac d h l d AD ad AE AF s AG AH AI AJ a ad AK z AL AM y AN y h) a v aa AO f q h AP q f AQ f))
A (B (C (y (l a c u x) b r r k a AA AB c AC q ab k f ac d h l d AD ad AE AF s AG AH AI AJ a ad AK z AL AM y AN y h) a v aa AO f q h AP q f AQ f))
A (B (C (r (aa ac t g a e k d e ac q e e r i) r r k a AA AB c AC q ab k f ac d h l d AD ad AE AF s AG AH AI AJ a ad AK z AL AM y AN y h) a v aa AO f q h AP q f AQ f))
A (B (C (z ac k n r k a AA AB c AC q ab k f ac d h l d AD ad AE AF s AG AH AI AJ a ad AK z AL AM y AN y h) a v aa AO f q h AP q f AQ f))
A (B (C (y (l a c u x) b k a AA AB c AC q ab k f ac d h l d AD ad AE AF s AG AH AI AJ a ad AK z AL AM y AN y h) a v aa AO f q h AP q f AQ f))
A (B (C (r (aa ac t g a e k d e ac q e e r i) k a AA AB c AC q ab k f ac d h l d AD ad AE AF s AG AH AI AJ a ad AK z AL AM y AN y h) a v aa AO f q h AP q f AQ f))
A (B (C (z ac k n a AA AB c AC q ab k f ac d h l d AD ad AE AF s AG AH AI AJ a ad AK z AL AM y AN y h) a v aa AO f q h AP q f AQ f))
A (B (C (y (l a c u x) b AA AB c AC q ab k f ac d h l d AD ad AE AF s AG AH AI AJ a ad AK z AL AM y AN y h) a v aa AO f q h AP q f AQ f))
A (B (C (r (aa ac t g a e k d e ac q e e r i) AA AB c AC q ab k f ac d h l d AD ad AE AF s AG AH AI AJ a ad AK z AL AM y AN y h) a v aa AO f q h AP q f AQ f))
A (B (C (z ac k n AB c AC q ab k f ac d h l d AD ad AE AF s AG AH AI AJ a ad AK z AL AM y AN y h) a v aa AO f q h AP q f AQ f))
A (B (C (y (l a c u x) b c AC q ab k f ac d h l d AD ad AE AF s AG AH AI AJ a ad AK z AL AM y AN y h) a v aa AO f q h AP q f AQ f))
A (B (C (r (aa ac t g a e k d e ac q e e r i) c AC q ab k f ac d h l d AD ad AE AF s AG AH AI AJ a ad AK z AL AM y AN y h) a v aa AO f q h AP q f AQ f))
A (B (C (z ac k n AC q ab k f ac d h l d AD ad AE AF s AG AH AI AJ a ad AK z AL AM y AN y h) a v aa AO f q h AP q f AQ f))
A (B (C (y (l a c u x) b q ab k f ac d h l d AD ad AE AF s AG AH AI AJ a ad AK z AL AM y AN y h) a v aa AO f q h AP q f AQ f))
A (B (C (r (aa ac t g a e k d e ac q e e r i) q ab k f ac d h l d AD ad AE AF s AG AH AI AJ a ad AK z AL AM y AN y h) a v aa AO f q h AP q f AQ f))
A (B (C (z ac k n ab k f ac d h l d AD ad AE AF s AG AH AI AJ a ad AK z AL AM y AN y h) a v aa AO f q h AP q f AQ f))
A (B (C (y (l a c u x) b k f ac d h l d AD ad AE AF s AG AH AI AJ a ad AK z AL AM y AN y h) a v aa AO f q h AP q f AQ f))
A (B (C (r (aa ac t g a e k d e ac q e e r i) k f ac d h l d AD ad AE AF s AG AH AI AJ a ad AK z AL AM y AN y h) a v aa AO f q h AP q f AQ f))
A (B (C (z ac k n f ac d h l d AD ad AE AF s AG AH AI AJ a ad AK z AL AM y AN y h) a v aa AO f q h AP q f AQ f))
A (B (C (y (l a c u x) b ac d h l d AD ad AE AF s AG AH AI AJ a ad AK z AL AM y AN y h) a v aa AO f q h AP q f AQ f))
A (B (C (r (aa ac t g a e k d e ac q e e r i) ac d h l d AD ad AE AF s AG AH AI AJ a ad AK z AL AM y AN y h) a v aa AO f q h AP q f AQ f))
A (B (C (z ac k n d h l d AD ad AE AF s AG AH AI AJ a ad AK z AL AM y AN y h) a v aa AO f q h AP q f AQ f))
A (B (C (y (l a c u x) b h l d AD ad AE AF s AG AH AI AJ a ad AK z AL AM y AN y h) a v aa AO f q h AP q f AQ f))
A (B (C (r (aa ac t g a e k d e ac q e e r i) h l d AD ad AE AF s AG AH AI AJ a ad AK z AL AM y AN y h) a v aa AO f q h AP q f AQ f))
A (B (C (z ac k n l d AD ad AE AF s AG AH AI AJ a ad AK z AL AM y AN y h) a v aa AO f q h AP q f AQ f))
A (B (C (y (l a c u x) b d AD ad AE AF s AG AH AI AJ a ad AK z AL AM y AN y h) a v aa AO f q h AP q f AQ f))
A (B (C (r (aa ac t g a e k d e ac q e e r i) d AD ad AE AF s AG AH AI AJ a ad AK z AL AM y AN y h) a v aa AO f q h AP q f AQ f))
A (B (C (z ac k n AD ad AE AF s AG AH AI AJ a ad AK z AL AM y AN y h) a v aa AO f q h AP q f AQ f))


