a ah ae af ag ai q (s o n p b ad c k t b z) s g b n
b af ah ae ag aa
c w (k (y ab r d v t s ab k b s)) v x ac o
d ae af f (e p o x f i) w aa y af v ab y u i ad
e y c o f l ac y
f ae af r (u z af y u b q x ad n u y c b)
g af aj ah ai ae ag x d aa
h af ae af (i n aa) g o a ad w aa x f m ad w u f c
i a n o v z c x o s q f s v d n z
j af ah ag ae ad (y h n n d c e ad ad af l v c n ae k l)
k af ag ae i (g (i x a j b t j o p ac ag f) ad v s i)
l n (q s o i j)
m ag af ae z (k s c k g l n) y b
n ah ae af ag ai z (i ai d y m g y v x c l ah aa m e i)
o ae w (b (g (p (g m g x y h) (s k ac z) aa) n) ae) ab
p ae af ag ab (z (t d ac z n y ae ab b t) h w)
q u ac i h
r ae af g (o (i f) u (v j m t b))
s af ah ag ae k j (x v g ag u aa ae k j u z h l d)
t ae af ai ah ag b z a e l z w b s o w c b v h q ad
u af ae d (p (o (b (w i j) af s) l l e d ab) p)
v ae e s d t s i g g f ab k e r g x h q g
w af ai ag aj ae ah ab (v q e v j a u s ag g a i f x f ad)
x ae af t s e s d l af y b ac i p s u l j
y af ah ae ag z (o ac) a f ag j q l b ac u n n ab z u w
z aj ag ae ah af ai k (af (h t af i) m) (ad v) aa g o
aa af ae e q (ad b ab z e w n h b i ae ae ae w)
ab ag ae af s (w (ad ac ac g ae c j) e ad o l g ag b)
ac ah af ae ag aa r u (p q s h f l o i y i) i ab v m
ad ag af ah ae ai aj b (a y m aa f t ag x u f)
main h (A (B (l (C (l (D y (E i t F aa G d b g r l t s H ac I d J e m m o ad n u ac l d y p t l a r) ab t v g n K g y p x L r d f ac M N O P Q e e a u R a d S c k e ad T ac U a V y) W y u X a x) Y ad n Z ad ad y AA f a z e ad r))))
------------------------------------------------------------
h (A (B (l (C (l (D y (E i t F aa G d b g r l t s H ac I d J e m m o ad n u ac l d y p t l a r) ab t v g n K g y p x L r d f ac M N O P Q e e a u R a d S c k e ad T ac U a V y) W y u X a x) Y ad n Z ad ad y AA f a z e ad r))))
h (A (B (n (q s o i j) (C (l (D y (E i t F aa G d b g r l t s H ac I d J e m m o ad n u ac l d y p t l a r) ab t v g n K g y p x L r d f ac M N O P Q e e a u R a d S c k e ad T ac U a V y) W y u X a x) Y ad n Z ad ad y AA f a z e ad r))))
h (A (B (n (u ac i h s o i j) (C (l (D y (E i t F aa G d b g r l t s H ac I d J e m m o ad n u ac l d y p t l a r) ab t v g n K g y p x L r d f ac M N O P Q e e a u R a d S c k e ad T ac U a V y) W y u X a x) Y ad n Z ad ad y AA f a z e ad r))))
h (A (B (n (d (p (o (b (w i j) ac s) l l e d ab) p) h s o i j) (C (l (D y (E i t F aa G d b g r l t s H ac I d J e m m o ad n u ac l d y p t l a r) ab t v g n K g y p x L r d f ac M N O P Q e e a u R a d S c k e ad T ac U a V y) W y u X a x) Y ad n Z ad ad y AA f a z e ad r))))
h (A (B (n (f (e p o x f i) w aa y h v ab y u i ad s o i j) (C (l (D y (E i t F aa G d b g r l t s H ac I d J e m m o ad n u ac l d y p t l a r) ab t v g n K g y p x L r d f ac M N O P Q e e a u R a d S c k e ad T ac U a V y) W y u X a x) Y ad n Z ad ad y AA f a z e ad r))))
h (A (B (n (r (u z w y u b q x ad n u y c b) aa y h v ab y u i ad s o i j) (C (l (D y (E i t F aa G d b g r l t s H ac I d J e m m o ad n u ac l d y p t l a r) ab t v g n K g y p x L r d f ac M N O P Q e e a u R a d S c k e ad T ac U a V y) W y u X a x) Y ad n Z ad ad y AA f a z e ad r))))
h (A (B (n (g (o (i f) u (v j m t b)) y h v ab y u i ad s o i j) (C (l (D y (E i t F aa G d b g r l t s H ac I d J e m m o ad n u ac l d y p t l a r) ab t v g n K g y p x L r d f ac M N O P Q e e a u R a d S c k e ad T ac U a V y) W y u X a x) Y ad n Z ad ad y AA f a z e ad r))))
h (A (B (n (x d aa u i ad s o i j) (C (l (D y (E i t F aa G d b g r l t s H ac I d J e m m o ad n u ac l d y p t l a r) ab t v g n K g y p x L r d f ac M N O P Q e e a u R a d S c k e ad T ac U a V y) W y u X a x) Y ad n Z ad ad y AA f a z e ad r))))
h (A (B (n (t s e s d l aa y b ac i p s u l j u i ad s o i j) (C (l (D y (E i t F aa G d b g r l t s H ac I d J e m m o ad n u ac l d y p t l a r) ab t v g n K g y p x L r d f ac M N O P Q e e a u R a d S c k e ad T ac U a V y) W y u X a x) Y ad n Z ad ad y AA f a z e ad r))))
h (A (B (n (b z a e l z w b s o w c b v h q ad aa y b ac i p s u l j u i ad s o i j) (C (l (D y (E i t F aa G d b g r l t s H ac I d J e m m o ad n u ac l d y p t l a r) ab t v g n K g y p x L r d f ac M N O P Q e e a u R a d S c k e ad T ac U a V y) W y u X a x) Y ad n Z ad ad y AA f a z e ad r))))
h (A (B (n (aa z w b s o w c b v h q ad aa y b ac i p s u l j u i ad s o i j) (C (l (D y (E i t F aa G d b g r l t s H ac I d J e m m o ad n u ac l d y p t l a r) ab t v g n K g y p x L r d f ac M N O P Q e e a u R a d S c k e ad T ac U a V y) W y u X a x) Y ad n Z ad ad y AA f a z e ad r))))
h (A (B (n (e q (ad b ab z e w n h b i w w w w) b s o w c b v h q ad aa y b ac i p s u l j u i ad s o i j) (C (l (D y (E i t F aa G d b g r l t s H ac I d J e m m o ad n u ac l d y p t l a r) ab t v g n K g y p x L r d f ac M N O P Q e e a u R a d S c k e ad T ac U a V y) W y u X a x) Y ad n Z ad ad y AA f a z e ad r))))
h (A (B (n (y c o f l ac y q (ad b ab z e w n h b i w w w w) b s o w c b v h q ad aa y b ac i p s u l j u i ad s o i j) (C (l (D y (E i t F aa G d b g r l t s H ac I d J e m m o ad n u ac l d y p t l a r) ab t v g n K g y p x L r d f ac M N O P Q e e a u R a d S c k e ad T ac U a V y) W y u X a x) Y ad n Z ad ad y AA f a z e ad r))))
h (A (B (n (z (o ac) a f l j q l b ac u n n ab z u w ac y q (ad b ab z e w n h b i w w w w) b s o w c b v h q ad aa y b ac i p s u l j u i ad s o i j) (C (l (D y (E i t F aa G d b g r l t s H ac I d J e m m o ad n u ac l d y p t l a r) ab t v g n K g y p x L r d f ac M N O P Q e e a u R a d S c k e ad T ac U a V y) W y u X a x) Y ad n Z ad ad y AA f a z e ad r))))
h (A (B (n (k (j (h t j i) m) (ad v) aa g o l b ac u n n ab z u w ac y q (ad b ab z e w n h b i w w w w) b s o w c b v h q ad aa y b ac i p s u l j u i ad s o i j) (C (l (D y (E i t F aa G d b g r l t s H ac I d J e m m o ad n u ac l d y p t l a r) ab t v g n K g y p x L r d f ac M N O P Q e e a u R a d S c k e ad T ac U a V y) W y u X a x) Y ad n Z ad ad y AA f a z e ad r))))
h (A (B (n (i (g (i x a j b t j o p ac (ad v) f) ad v s i) g o l b ac u n n ab z u w ac y q (ad b ab z e w n h b i w w w w) b s o w c b v h q ad aa y b ac i p s u l j u i ad s o i j) (C (l (D y (E i t F aa G d b g r l t s H ac I d J e m m o ad n u ac l d y p t l a r) ab t v g n K g y p x L r d f ac M N O P Q e e a u R a d S c k e ad T ac U a V y) W y u X a x) Y ad n Z ad ad y AA f a z e ad r))))
h (A (B (n (a n o v z c x o s q f s v d n z (g (i x a j b t j o p ac (ad v) f) ad v s i) g o l b ac u n n ab z u w ac y q (ad b ab z e w n h b i w w w w) b s o w c b v h q ad aa y b ac i p s u l j u i ad s o i j) (C (l (D y (E i t F aa G d b g r l t s H ac I d J e m m o ad n u ac l d y p t l a r) ab t v g n K g y p x L r d f ac M N O P Q e e a u R a d S c k e ad T ac U a V y) W y u X a x) Y ad n Z ad ad y AA f a z e ad r))))
h (A (B (n (q (s o n p b ad c k t b z) s g b n x o s q f s v d n z (g (i x a j b t j o p ac (ad v) f) ad v s i) g o l b ac u n n ab z u w ac y q (ad b ab z e w n h b i w w w w) b s o w c b v h q ad aa y b ac i p s u l j u i ad s o i j) (C (l (D y (E i t F aa G d b g r l t s H ac I d J e m m o ad n u ac l d y p t l a r) ab t v g n K g y p x L r d f ac M N O P Q e e a u R a d S c k e ad T ac U a V y) W y u X a x) Y ad n Z ad ad y AA f a z e ad r))))
h (A (B (n (u ac i h (s o n p b ad c k t b z) s g b n x o s q f s v d n z (g (i x a j b t j o p ac (ad v) f) ad v s i) g o l b ac u n n ab z u w ac y q (ad b ab z e w n h b i w w w w) b s o w c b v h q ad aa y b ac i p s u l j u i ad s o i j) (C (l (D y (E i t F aa G d b g r l t s H ac I d J e m m o ad n u ac l d y p t l a r) ab t v g n K g y p x L r d f ac M N O P Q e e a u R a d S c k e ad T ac U a V y) W y u X a x) Y ad n Z ad ad y AA f a z e ad r))))
h (A (B (n (d (p (o (b (w i j) ac s) l l e d ab) p) h (s o n p b ad c k t b z) s g b n x o s q f s v d n z (g (i x a j b t j o p ac (ad v) f) ad v s i) g o l b ac u n n ab z u w ac y q (ad b ab z e w n h b i w w w w) b s o w c b v h q ad aa y b ac i p s u l j u i ad s o i j) (C (l (D y (E i t F aa G d b g r l t s H ac I d J e m m o ad n u ac l d y p t l a r) ab t v g n K g y p x L r d f ac M N O P Q e e a u R a d S c k e ad T ac U a V y) W y u X a x) Y ad n Z ad ad y AA f a z e ad r))))
h (A (B (n (f (e p o x f i) w aa y h v ab y u i ad (s o n p b ad c k t b z) s g b n x o s q f s v d n z (g (i x a j b t j o p ac (ad v) f) ad v s i) g o l b ac u n n ab z u w ac y q (ad b ab z e w n h b i w w w w) b s o w c b v h q ad aa y b ac i p s u l j u i ad s o i j) (C (l (D y (E i t F aa G d b g r l t s H ac I d J e m m o ad n u ac l d y p t l a r) ab t v g n K g y p x L r d f ac M N O P Q e e a u R a d S c k e ad T ac U a V y) W y u X a x) Y ad n Z ad ad y AA f a z e ad r))))
h (A (B (n (r (u z w y u b q x ad n u y c b) aa y h v ab y u i ad (s o n p b ad c k t b z) s g b n x o s q f s v d n z (g (i x a j b t j o p ac (ad v) f) ad v s i) g o l b ac u n n ab z u w ac y q (ad b ab z e w n h b i w w w w) b s o w c b v h q ad aa y b ac i p s u l j u i ad s o i j) (C (l (D y (E i t F aa G d b g r l t s H ac I d J e m m o ad n u ac l d y p t l a r) ab t v g n K g y p x L r d f ac M N O P Q e e a u R a d S c k e ad T ac U a V y) W y u X a x) Y ad n Z ad ad y AA f a z e ad r))))
h (A (B (n (g (o (i f) u (v j m t b)) y h v ab y u i ad (s o n p b ad c k t b z) s g b n x o s q f s v d n z (g (i x a j b t j o p ac (ad v) f) ad v s i) g o l b ac u n n ab z u w ac y q (ad b ab z e w n h b i w w w w) b s o w c b v h q ad aa y b ac i p s u l j u i ad s o i j) (C (l (D y (E i t F aa G d b g r l t s H ac I d J e m m o ad n u ac l d y p t l a r) ab t v g n K g y p x L r d f ac M N O P Q e e a u R a d S c k e ad T ac U a V y) W y u X a x) Y ad n Z ad ad y AA f a z e ad r))))
h (A (B (n (x d aa u i ad (s o n p b ad c k t b z) s g b n x o s q f s v d n z (g (i x a j b t j o p ac (ad v) f) ad v s i) g o l b ac u n n ab z u w ac y q (ad b ab z e w n h b i w w w w) b s o w c b v h q ad aa y b ac i p s u l j u i ad s o i j) (C (l (D y (E i t F aa G d b g r l t s H ac I d J e m m o ad n u ac l d y p t l a r) ab t v g n K g y p x L r d f ac M N O P Q e e a u R a d S c k e ad T ac U a V y) W y u X a x) Y ad n Z ad ad y AA f a z e ad r))))
h (A (B (n (t s e s d l aa y b ac i p s u l j u i ad (s o n p b ad c k t b z) s g b n x o s q f s v d n z (g (i x a j b t j o p ac (ad v) f) ad v s i) g o l b ac u n n ab z u w ac y q (ad b ab z e w n h b i w w w w) b s o w c b v h q ad aa y b ac i p s u l j u i ad s o i j) (C (l (D y (E i t F aa G d b g r l t s H ac I d J e m m o ad n u ac l d y p t l a r) ab t v g n K g y p x L r d f ac M N O P Q e e a u R a d S c k e ad T ac U a V y) W y u X a x) Y ad n Z ad ad y AA f a z e ad r))))
h (A (B (n (b z a e l z w b s o w c b v h q ad aa y b ac i p s u l j u i ad (s o n p b ad c k t b z) s g b n x o s q f s v d n z (g (i x a j b t j o p ac (ad v) f) ad v s i) g o l b ac u n n ab z u w ac y q (ad b ab z e w n h b i w w w w) b s o w c b v h q ad aa y b ac i p s u l j u i ad s o i j) (C (l (D y (E i t F aa G d b g r l t s H ac I d J e m m o ad n u ac l d y p t l a r) ab t v g n K g y p x L r d f ac M N O P Q e e a u R a d S c k e ad T ac U a V y) W y u X a x) Y ad n Z ad ad y AA f a z e ad r))))
h (A (B (n (aa z w b s o w c b v h q ad aa y b ac i p s u l j u i ad (s o n p b ad c k t b z) s g b n x o s q f s v d n z (g (i x a j b t j o p ac (ad v) f) ad v s i) g o l b ac u n n ab z u w ac y q (ad b ab z e w n h b i w w w w) b s o w c b v h q ad aa y b ac i p s u l j u i ad s o i j) (C (l (D y (E i t F aa G d b g r l t s H ac I d J e m m o ad n u ac l d y p t l a r) ab t v g n K g y p x L r d f ac M N O P Q e e a u R a d S c k e ad T ac U a V y) W y u X a x) Y ad n Z ad ad y AA f a z e ad r))))
h (A (B (n (e q (ad b ab z e w n h b i w w w w) b s o w c b v h q ad aa y b ac i p s u l j u i ad (s o n p b ad c k t b z) s g b n x o s q f s v d n z (g (i x a j b t j o p ac (ad v) f) ad v s i) g o l b ac u n n ab z u w ac y q (ad b ab z e w n h b i w w w w) b s o w c b v h q ad aa y b ac i p s u l j u i ad s o i j) (C (l (D y (E i t F aa G d b g r l t s H ac I d J e m m o ad n u ac l d y p t l a r) ab t v g n K g y p x L r d f ac M N O P Q e e a u R a d S c k e ad T ac U a V y) W y u X a x) Y ad n Z ad ad y AA f a z e ad r))))
h (A (B (n (y c o f l ac y q (ad b ab z e w n h b i w w w w) b s o w c b v h q ad aa y b ac i p s u l j u i ad (s o n p b ad c k t b z) s g b n x o s q f s v d n z (g (i x a j b t j o p ac (ad v) f) ad v s i) g o l b ac u n n ab z u w ac y q (ad b ab z e w n h b i w w w w) b s o w c b v h q ad aa y b ac i p s u l j u i ad s o i j) (C (l (D y (E i t F aa G d b g r l t s H ac I d J e m m o ad n u ac l d y p t l a r) ab t v g n K g y p x L r d f ac M N O P Q e e a u R a d S c k e ad T ac U a V y) W y u X a x) Y ad n Z ad ad y AA f a z e ad r))))
h (A (B (n (z (o ac) a f l j q l b ac u n n ab z u w ac y q (ad b ab z e w n h b i w w w w) b s o w c b v h q ad aa y b ac i p s u l j u i ad (s o n p b ad c k t b z) s g b n x o s q f s v d n z (g (i x a j b t j o p ac (ad v) f) ad v s i) g o l b ac u n n ab z u w ac y q (ad b ab z e w n h b i w w w w) b s o w c b v h q ad aa y b ac i p s u l j u i ad s o i j) (C (l (D y (E i t F aa G d b g r l t s H ac I d J e m m o ad n u ac l d y p t l a r) ab t v g n K g y p x L r d f ac M N O P Q e e a u R a d S c k e ad T ac U a V y) W y u X a x) Y ad n Z ad ad y AA f a z e ad r))))


