a ai ae ag af ah = ac (k (ai q m) r (ag r ac) w d) ac
b ag af ae ai ah aj = o
c = y (u (m (q i n r r ac j)) l b e x m p)
d = b h (j l i ab v ac p c) ab ad v u h b
e ae = l (s c i v t m r k h z aa ab w)
f = x (ab k v x h g g v n m z d aa ab)
g aj ah ae ag ai af = a z ac k z a k i ac w d m v d n
h ae af ag = q (ab d t f r z g ac e s z n z y l) v q
i af ae = u ae k
j ae af ah ag = ad (c (t e o s c z u i s k k ab) k e l i)
k af ah ag ae = e ad r q z y q z r c q z
l af ae = g c d x f x p
m = k (q ac h ac f p g n y r t a)
n ag af ae = aa (b y j b i l ab w m i h a e r)
o ag af ae = i ae ac q q ab b k g n r
p ae af ag = h h e m
q af ae ag = e d ab ad af h n y p v v d ag
r ae af ah ag ai = i a s d l ah e m n y x
s af ae = e m l e
t af ae = z (i (i j r g ac) l g ae) q af x v m
u ah af ae ai ag = r (l a i) y l r k g q d d ad i n o
v ag ae ah af = b (k n r ac z n b i d)
w ae = m (aa f z) c z x ac q
x af ae ag ai ah = s (aa d n q u ag k a)
y ag af ai ae ah = o (w w z t ab w x t l a r v)
z ah ag af ae = v (f (t (v v a b ad ae q l k q g y w)))
aa ai ag ah ae af = z (j u x z d q ah f r ad) f
ab = e (p ad c b q w u)
ac ag ah af ae ai = i (l n d l y e k i y z x b g e d)
ad af ae = k (x (ae u k a) x p q o u)
main = m (u (h (q (A (r (x (B (C (D (E F G H I u) t ab k j J K L k o l M g N g d j e) c aa O P c a Q R S T ad U g V W b s x X Y ac Z AA p q j s c AB r n) r t u p v c c z v h o c AC AD d AE AF AG a z q y k l e u b AH AI c AJ AK AL AM f t)))))))
------------------------------------------------------------
m (u (h (q (A (r (x (B (C (D (E F G H I u) t ab k j J K L k o l M g N g d j e) c aa O P c a Q R S T ad U g V W b s x X Y ac Z AA p q j s c AB r n) r t u p v c c z v h o c AC AD d AE AF AG a z q y k l e u b AH AI c AJ AK AL AM f t)))))))
k (q ac h ac f p g n y r t a) (u (h (q (A (r (x (B (C (D (E F G H I u) t ab k j J K L k o l M g N g d j e) c aa O P c a Q R S T ad U g V W b s x X Y ac Z AA p q j s c AB r n) r t u p v c c z v h o c AC AD d AE AF AG a z q y k l e u b AH AI c AJ AK AL AM f t)))))))
k (e d ab ad ac h n y p v v d ac f p g n y r t a) (u (h (q (A (r (x (B (C (D (E F G H I u) t ab k j J K L k o l M g N g d j e) c aa O P c a Q R S T ad U g V W b s x X Y ac Z AA p q j s c AB r n) r t u p v c c z v h o c AC AD d AE AF AG a z q y k l e u b AH AI c AJ AK AL AM f t)))))))
k (l (s c i v t m r k h z aa ab w) ab ad ac h n y p v v d ac f p g n y r t a) (u (h (q (A (r (x (B (C (D (E F G H I u) t ab k j J K L k o l M g N g d j e) c aa O P c a Q R S T ad U g V W b s x X Y ac Z AA p q j s c AB r n) r t u p v c c z v h o c AC AD d AE AF AG a z q y k l e u b AH AI c AJ AK AL AM f t)))))))
k (g c d x f x p ad ac h n y p v v d ac f p g n y r t a) (u (h (q (A (r (x (B (C (D (E F G H I u) t ab k j J K L k o l M g N g d j e) c aa O P c a Q R S T ad U g V W b s x X Y ac Z AA p q j s c AB r n) r t u p v c c z v h o c AC AD d AE AF AG a z q y k l e u b AH AI c AJ AK AL AM f t)))))))
k (a z ac k z a k i ac w d m v d n ad ac h n y p v v d ac f p g n y r t a) (u (h (q (A (r (x (B (C (D (E F G H I u) t ab k j J K L k o l M g N g d j e) c aa O P c a Q R S T ad U g V W b s x X Y ac Z AA p q j s c AB r n) r t u p v c c z v h o c AC AD d AE AF AG a z q y k l e u b AH AI c AJ AK AL AM f t)))))))
k (ac (k (z q m) r (k r ac) w d) ac k i ac w d m v d n ad ac h n y p v v d ac f p g n y r t a) (u (h (q (A (r (x (B (C (D (E F G H I u) t ab k j J K L k o l M g N g d j e) c aa O P c a Q R S T ad U g V W b s x X Y ac Z AA p q j s c AB r n) r t u p v c c z v h o c AC AD d AE AF AG a z q y k l e u b AH AI c AJ AK AL AM f t)))))))
k (i (l n d l y e k i y z x b g e d) w d m v d n ad ac h n y p v v d ac f p g n y r t a) (u (h (q (A (r (x (B (C (D (E F G H I u) t ab k j J K L k o l M g N g d j e) c aa O P c a Q R S T ad U g V W b s x X Y ac Z AA p q j s c AB r n) r t u p v c c z v h o c AC AD d AE AF AG a z q y k l e u b AH AI c AJ AK AL AM f t)))))))
k (u w k d m v d n ad ac h n y p v v d ac f p g n y r t a) (u (h (q (A (r (x (B (C (D (E F G H I u) t ab k j J K L k o l M g N g d j e) c aa O P c a Q R S T ad U g V W b s x X Y ac Z AA p q j s c AB r n) r t u p v c c z v h o c AC AD d AE AF AG a z q y k l e u b AH AI c AJ AK AL AM f t)))))))
k (r (l a i) y l r k g q d d ad i n o d n ad ac h n y p v v d ac f p g n y r t a) (u (h (q (A (r (x (B (C (D (E F G H I u) t ab k j J K L k o l M g N g d j e) c aa O P c a Q R S T ad U g V W b s x X Y ac Z AA p q j s c AB r n) r t u p v c c z v h o c AC AD d AE AF AG a z q y k l e u b AH AI c AJ AK AL AM f t)))))))
k (i a s d l l e m n y x g q d d ad i n o d n ad ac h n y p v v d ac f p g n y r t a) (u (h (q (A (r (x (B (C (D (E F G H I u) t ab k j J K L k o l M g N g d j e) c aa O P c a Q R S T ad U g V W b s x X Y ac Z AA p q j s c AB r n) r t u p v c c z v h o c AC AD d AE AF AG a z q y k l e u b AH AI c AJ AK AL AM f t)))))))
k (u s k d l l e m n y x g q d d ad i n o d n ad ac h n y p v v d ac f p g n y r t a) (u (h (q (A (r (x (B (C (D (E F G H I u) t ab k j J K L k o l M g N g d j e) c aa O P c a Q R S T ad U g V W b s x X Y ac Z AA p q j s c AB r n) r t u p v c c z v h o c AC AD d AE AF AG a z q y k l e u b AH AI c AJ AK AL AM f t)))))))
k (r (l a i) y l r k g q d d ad i n o e m n y x g q d d ad i n o d n ad ac h n y p v v d ac f p g n y r t a) (u (h (q (A (r (x (B (C (D (E F G H I u) t ab k j J K L k o l M g N g d j e) c aa O P c a Q R S T ad U g V W b s x X Y ac Z AA p q j s c AB r n) r t u p v c c z v h o c AC AD d AE AF AG a z q y k l e u b AH AI c AJ AK AL AM f t)))))))
k (i a s d l l e m n y x g q d d ad i n o e m n y x g q d d ad i n o d n ad ac h n y p v v d ac f p g n y r t a) (u (h (q (A (r (x (B (C (D (E F G H I u) t ab k j J K L k o l M g N g d j e) c aa O P c a Q R S T ad U g V W b s x X Y ac Z AA p q j s c AB r n) r t u p v c c z v h o c AC AD d AE AF AG a z q y k l e u b AH AI c AJ AK AL AM f t)))))))
k (u s k d l l e m n y x g q d d ad i n o e m n y x g q d d ad i n o d n ad ac h n y p v v d ac f p g n y r t a) (u (h (q (A (r (x (B (C (D (E F G H I u) t ab k j J K L k o l M g N g d j e) c aa O P c a Q R S T ad U g V W b s x X Y ac Z AA p q j s c AB r n) r t u p v c c z v h o c AC AD d AE AF AG a z q y k l e u b AH AI c AJ AK AL AM f t)))))))
k (r (l a i) y l r k g q d d ad i n o e m n y x g q d d ad i n o e m n y x g q d d ad i n o d n ad ac h n y p v v d ac f p g n y r t a) (u (h (q (A (r (x (B (C (D (E F G H I u) t ab k j J K L k o l M g N g d j e) c aa O P c a Q R S T ad U g V W b s x X Y ac Z AA p q j s c AB r n) r t u p v c c z v h o c AC AD d AE AF AG a z q y k l e u b AH AI c AJ AK AL AM f t)))))))
k (i a s d l l e m n y x g q d d ad i n o e m n y x g q d d ad i n o e m n y x g q d d ad i n o d n ad ac h n y p v v d ac f p g n y r t a) (u (h (q (A (r (x (B (C (D (E F G H I u) t ab k j J K L k o l M g N g d j e) c aa O P c a Q R S T ad U g V W b s x X Y ac Z AA p q j s c AB r n) r t u p v c c z v h o c AC AD d AE AF AG a z q y k l e u b AH AI c AJ AK AL AM f t)))))))
k (u s k d l l e m n y x g q d d ad i n o e m n y x g q d d ad i n o e m n y x g q d d ad i n o d n ad ac h n y p v v d ac f p g n y r t a) (u (h (q (A (r (x (B (C (D (E F G H I u) t ab k j J K L k o l M g N g d j e) c aa O P c a Q R S T ad U g V W b s x X Y ac Z AA p q j s c AB r n) r t u p v c c z v h o c AC AD d AE AF AG a z q y k l e u b AH AI c AJ AK AL AM f t)))))))
k (r (l a i) y l r k g q d d ad i n o e m n y x g q d d ad i n o e m n y x g q d d ad i n o e m n y x g q d d ad i n o d n ad ac h n y p v v d ac f p g n y r t a) (u (h (q (A (r (x (B (C (D (E F G H I u) t ab k j J K L k o l M g N g d j e) c aa O P c a Q R S T ad U g V W b s x X Y ac Z AA p q j s c AB r n) r t u p v c c z v h o c AC AD d AE AF AG a z q y k l e u b AH AI c AJ AK AL AM f t)))))))
k (i a s d l l e m n y x g q d d ad i n o e m n y x g q d d ad i n o e m n y x g q d d ad i n o e m n y x g q d d ad i n o d n ad ac h n y p v v d ac f p g n y r t a) (u (h (q (A (r (x (B (C (D (E F G H I u) t ab k j J K L k o l M g N g d j e) c aa O P c a Q R S T ad U g V W b s x X Y ac Z AA p q j s c AB r n) r t u p v c c z v h o c AC AD d AE AF AG a z q y k l e u b AH AI c AJ AK AL AM f t)))))))
k (u s k d l l e m n y x g q d d ad i n o e m n y x g q d d ad i n o e m n y x g q d d ad i n o e m n y x g q d d ad i n o d n ad ac h n y p v v d ac f p g n y r t a) (u (h (q (A (r (x (B (C (D (E F G H I u) t ab k j J K L k o l M g N g d j e) c aa O P c a Q R S T ad U g V W b s x X Y ac Z AA p q j s c AB r n) r t u p v c c z v h o c AC AD d AE AF AG a z q y k l e u b AH AI c AJ AK AL AM f t)))))))
k (r (l a i) y l r k g q d d ad i n o e m n y x g q d d ad i n o e m n y x g q d d ad i n o e m n y x g q d d ad i n o e m n y x g q d d ad i n o d n ad ac h n y p v v d ac f p g n y r t a) (u (h (q (A (r (x (B (C (D (E F G H I u) t ab k j J K L k o l M g N g d j e) c aa O P c a Q R S T ad U g V W b s x X Y ac Z AA p q j s c AB r n) r t u p v c c z v h o c AC AD d AE AF AG a z q y k l e u b AH AI c AJ AK AL AM f t)))))))
k (i a s d l l e m n y x g q d d ad i n o e m n y x g q d d ad i n o e m n y x g q d d ad i n o e m n y x g q d d ad i n o e m n y x g q d d ad i n o d n ad ac h n y p v v d ac f p g n y r t a) (u (h (q (A (r (x (B (C (D (E F G H I u) t ab k j J K L k o l M g N g d j e) c aa O P c a Q R S T ad U g V W b s x X Y ac Z AA p q j s c AB r n) r t u p v c c z v h o c AC AD d AE AF AG a z q y k l e u b AH AI c AJ AK AL AM f t)))))))
k (u s k d l l e m n y x g q d d ad i n o e m n y x g q d d ad i n o e m n y x g q d d ad i n o e m n y x g q d d ad i n o e m n y x g q d d ad i n o d n ad ac h n y p v v d ac f p g n y r t a) (u (h (q (A (r (x (B (C (D (E F G H I u) t ab k j J K L k o l M g N g d j e) c aa O P c a Q R S T ad U g V W b s x X Y ac Z AA p q j s c AB r n) r t u p v c c z v h o c AC AD d AE AF AG a z q y k l e u b AH AI c AJ AK AL AM f t)))))))
k (r (l a i) y l r k g q d d ad i n o e m n y x g q d d ad i n o e m n y x g q d d ad i n o e m n y x g q d d ad i n o e m n y x g q d d ad i n o e m n y x g q d d ad i n o d n ad ac h n y p v v d ac f p g n y r t a) (u (h (q (A (r (x (B (C (D (E F G H I u) t ab k j J K L k o l M g N g d j e) c aa O P c a Q R S T ad U g V W b s x X Y ac Z AA p q j s c AB r n) r t u p v c c z v h o c AC AD d AE AF AG a z q y k l e u b AH AI c AJ AK AL AM f t)))))))
k (i a s d l l e m n y x g q d d ad i n o e m n y x g q d d ad i n o e m n y x g q d d ad i n o e m n y x g q d d ad i n o e m n y x g q d d ad i n o e m n y x g q d d ad i n o d n ad ac h n y p v v d ac f p g n y r t a) (u (h (q (A (r (x (B (C (D (E F G H I u) t ab k j J K L k o l M g N g d j e) c aa O P c a Q R S T ad U g V W b s x X Y ac Z AA p q j s c AB r n) r t u p v c c z v h o c AC AD d AE AF AG a z q y k l e u b AH AI c AJ AK AL AM f t)))))))
k (u s k d l l e m n y x g q d d ad i n o e m n y x g q d d ad i n o e m n y x g q d d ad i n o e m n y x g q d d ad i n o e m n y x g q d d ad i n o e m n y x g q d d ad i n o d n ad ac h n y p v v d ac f p g n y r t a) (u (h (q (A (r (x (B (C (D (E F G H I u) t ab k j J K L k o l M g N g d j e) c aa O P c a Q R S T ad U g V W b s x X Y ac Z AA p q j s c AB r n) r t u p v c c z v h o c AC AD d AE AF AG a z q y k l e u b AH AI c AJ AK AL AM f t)))))))
k (r (l a i) y l r k g q d d ad i n o e m n y x g q d d ad i n o e m n y x g q d d ad i n o e m n y x g q d d ad i n o e m n y x g q d d ad i n o e m n y x g q d d ad i n o e m n y x g q d d ad i n o d n ad ac h n y p v v d ac f p g n y r t a) (u (h (q (A (r (x (B (C (D (E F G H I u) t ab k j J K L k o l M g N g d j e) c aa O P c a Q R S T ad U g V W b s x X Y ac Z AA p q j s c AB r n) r t u p v c c z v h o c AC AD d AE AF AG a z q y k l e u b AH AI c AJ AK AL AM f t)))))))
k (i a s d l l e m n y x g q d d ad i n o e m n y x g q d d ad i n o e m n y x g q d d ad i n o e m n y x g q d d ad i n o e m n y x g q d d ad i n o e m n y x g q d d ad i n o e m n y x g q d d ad i n o d n ad ac h n y p v v d ac f p g n y r t a) (u (h (q (A (r (x (B (C (D (E F G H I u) t ab k j J K L k o l M g N g d j e) c aa O P c a Q R S T ad U g V W b s x X Y ac Z AA p q j s c AB r n) r t u p v c c z v h o c AC AD d AE AF AG a z q y k l e u b AH AI c AJ AK AL AM f t)))))))
k (u s k d l l e m n y x g q d d ad i n o e m n y x g q d d ad i n o e m n y x g q d d ad i n o e m n y x g q d d ad i n o e m n y x g q d d ad i n o e m n y x g q d d ad i n o e m n y x g q d d ad i n o d n ad ac h n y p v v d ac f p g n y r t a) (u (h (q (A (r (x (B (C (D (E F G H I u) t ab k j J K L k o l M g N g d j e) c aa O P c a Q R S T ad U g V W b s x X Y ac Z AA p q j s c AB r n) r t u p v c c z v h o c AC AD d AE AF AG a z q y k l e u b AH AI c AJ AK AL AM f t)))))))


