a ae = i (h e k x j l ad ad r o s k t w u b e)
b = ad (i (k v l ac aa aa z u i k j x v u g))
c ae af = ac g ab w w e
d ae ag ah af = ab (f u (i k f s p) s y k) w
e ah ae ag ai af = s ag w i z z h m d z i g a g
f ae ag af ah = g u m k af ab v c u d v n v l j g i
g = ac (u ad l y) a e i p t i c x s k
h ae ai ag ah af = ai v v c n e i e n a y z g t
i ag af ae ah ai aj = l d z d e t r t
j ah ai af ae ag = r (z m h c t ag ab w w p y y u)
k ae = z w ae v ae y w ae x p h v v a h
l ag ae af = a (n w p n h ad z p ab y s ac m) z ag x
m = b (u i x g) ab f i ad u h g w ad h d e b
n = k h z z aa ac s c d c v b
o = l w g d a ad k h g ac l j ab ac
p = k ac q o x aa a y
q = b u s g f a b d t l i d j f h f
r ah ae af ai ag aj = j aa s x p aa s e ad f s i d ad t z
s ae af = y x q h c p t k aa r d i a ac
t af ag ai ah ae = j s k v ab e
u af ah ag ai aj ae = ag x r t s aa j ab i e ab
v = u o p n ad r c
w ag ah ae af = ad (b t y s g f aa)
x ae = m w o z ac f c aa s z y ac
y ae = o (aa u p u d ae i) f o n ac
z ae af ag = aa r e ae s y ab p i t m f k x y u
aa ae ag af = t (ac (z t) u r c t h ab af u ac)
ab ae af ag = af (f l s q ac e x g ae ag c y z q l r)
ac ae af = p (p o y e ae) n q a n t y h ab e
ad aj ai ae ag af ah = u (i (y n q v b w f ac z y) k h n) q aa
main = j (l (A (B (m (u q q f C D i g i E l F n G H I i y i t n e J K t L ad d M a N O P Q a g ad i R S o u q f T h U x o r) j V W X ac aa Y r l l Z AA b AB AC q y AD AE AF l b AG p d AH d AI AJ AK AL q h AM AN t g g AO aa g f AP ab d))))
------------------------------------------------------------
j (l (A (B (m (u q q f C D i g i E l F n G H I i y i t n e J K t L ad d M a N O P Q a g ad i R S o u q f T h U x o r) j V W X ac aa Y r l l Z AA b AB AC q y AD AE AF l b AG p d AH d AI AJ AK AL q h AM AN t g g AO aa g f AP ab d))))
j (l (A (B (b (u i x g) ab f i ad u h g w ad h d e b (u q q f C D i g i E l F n G H I i y i t n e J K t L ad d M a N O P Q a g ad i R S o u q f T h U x o r) j V W X ac aa Y r l l Z AA b AB AC q y AD AE AF l b AG p d AH d AI AJ AK AL q h AM AN t g g AO aa g f AP ab d))))
j (l (A (B (ad (i (k v l ac aa aa z u i k j x v u g)) (u i x g) ab f i ad u h g w ad h d e b (u q q f C D i g i E l F n G H I i y i t n e J K t L ad d M a N O P Q a g ad i R S o u q f T h U x o r) j V W X ac aa Y r l l Z AA b AB AC q y AD AE AF l b AG p d AH d AI AJ AK AL q h AM AN t g g AO aa g f AP ab d))))
j (l (A (B (u (i (y n q v b w f ac z y) k h n) q aa u h g w ad h d e b (u q q f C D i g i E l F n G H I i y i t n e J K t L ad d M a N O P Q a g ad i R S o u q f T h U x o r) j V W X ac aa Y r l l Z AA b AB AC q y AD AE AF l b AG p d AH d AI AJ AK AL q h AM AN t g g AO aa g f AP ab d))))
j (l (A (B (aa x r t s aa j ab i e ab w ad h d e b (u q q f C D i g i E l F n G H I i y i t n e J K t L ad d M a N O P Q a g ad i R S o u q f T h U x o r) j V W X ac aa Y r l l Z AA b AB AC q y AD AE AF l b AG p d AH d AI AJ AK AL q h AM AN t g g AO aa g f AP ab d))))
j (l (A (B (t (ac (z t) u r c t h ab t u ac) s aa j ab i e ab w ad h d e b (u q q f C D i g i E l F n G H I i y i t n e J K t L ad d M a N O P Q a g ad i R S o u q f T h U x o r) j V W X ac aa Y r l l Z AA b AB AC q y AD AE AF l b AG p d AH d AI AJ AK AL q h AM AN t g g AO aa g f AP ab d))))
j (l (A (B (j s k v ab e i e ab w ad h d e b (u q q f C D i g i E l F n G H I i y i t n e J K t L ad d M a N O P Q a g ad i R S o u q f T h U x o r) j V W X ac aa Y r l l Z AA b AB AC q y AD AE AF l b AG p d AH d AI AJ AK AL q h AM AN t g g AO aa g f AP ab d))))
j (l (A (B (r (z m h c t e ab w w p y y u) i e ab w ad h d e b (u q q f C D i g i E l F n G H I i y i t n e J K t L ad d M a N O P Q a g ad i R S o u q f T h U x o r) j V W X ac aa Y r l l Z AA b AB AC q y AD AE AF l b AG p d AH d AI AJ AK AL q h AM AN t g g AO aa g f AP ab d))))
j (l (A (B (j aa s x p aa s e ad f s i d ad t z h d e b (u q q f C D i g i E l F n G H I i y i t n e J K t L ad d M a N O P Q a g ad i R S o u q f T h U x o r) j V W X ac aa Y r l l Z AA b AB AC q y AD AE AF l b AG p d AH d AI AJ AK AL q h AM AN t g g AO aa g f AP ab d))))
j (l (A (B (r (z m h c t aa ab w w p y y u) s e ad f s i d ad t z h d e b (u q q f C D i g i E l F n G H I i y i t n e J K t L ad d M a N O P Q a g ad i R S o u q f T h U x o r) j V W X ac aa Y r l l Z AA b AB AC q y AD AE AF l b AG p d AH d AI AJ AK AL q h AM AN t g g AO aa g f AP ab d))))
j (l (A (B (j aa s x p aa s e ad f s i d ad t z i d ad t z h d e b (u q q f C D i g i E l F n G H I i y i t n e J K t L ad d M a N O P Q a g ad i R S o u q f T h U x o r) j V W X ac aa Y r l l Z AA b AB AC q y AD AE AF l b AG p d AH d AI AJ AK AL q h AM AN t g g AO aa g f AP ab d))))
j (l (A (B (r (z m h c t aa ab w w p y y u) s e ad f s i d ad t z i d ad t z h d e b (u q q f C D i g i E l F n G H I i y i t n e J K t L ad d M a N O P Q a g ad i R S o u q f T h U x o r) j V W X ac aa Y r l l Z AA b AB AC q y AD AE AF l b AG p d AH d AI AJ AK AL q h AM AN t g g AO aa g f AP ab d))))
j (l (A (B (j aa s x p aa s e ad f s i d ad t z i d ad t z i d ad t z h d e b (u q q f C D i g i E l F n G H I i y i t n e J K t L ad d M a N O P Q a g ad i R S o u q f T h U x o r) j V W X ac aa Y r l l Z AA b AB AC q y AD AE AF l b AG p d AH d AI AJ AK AL q h AM AN t g g AO aa g f AP ab d))))
j (l (A (B (r (z m h c t aa ab w w p y y u) s e ad f s i d ad t z i d ad t z i d ad t z h d e b (u q q f C D i g i E l F n G H I i y i t n e J K t L ad d M a N O P Q a g ad i R S o u q f T h U x o r) j V W X ac aa Y r l l Z AA b AB AC q y AD AE AF l b AG p d AH d AI AJ AK AL q h AM AN t g g AO aa g f AP ab d))))
j (l (A (B (j aa s x p aa s e ad f s i d ad t z i d ad t z i d ad t z i d ad t z h d e b (u q q f C D i g i E l F n G H I i y i t n e J K t L ad d M a N O P Q a g ad i R S o u q f T h U x o r) j V W X ac aa Y r l l Z AA b AB AC q y AD AE AF l b AG p d AH d AI AJ AK AL q h AM AN t g g AO aa g f AP ab d))))
j (l (A (B (r (z m h c t aa ab w w p y y u) s e ad f s i d ad t z i d ad t z i d ad t z i d ad t z h d e b (u q q f C D i g i E l F n G H I i y i t n e J K t L ad d M a N O P Q a g ad i R S o u q f T h U x o r) j V W X ac aa Y r l l Z AA b AB AC q y AD AE AF l b AG p d AH d AI AJ AK AL q h AM AN t g g AO aa g f AP ab d))))
j (l (A (B (j aa s x p aa s e ad f s i d ad t z i d ad t z i d ad t z i d ad t z i d ad t z h d e b (u q q f C D i g i E l F n G H I i y i t n e J K t L ad d M a N O P Q a g ad i R S o u q f T h U x o r) j V W X ac aa Y r l l Z AA b AB AC q y AD AE AF l b AG p d AH d AI AJ AK AL q h AM AN t g g AO aa g f AP ab d))))
j (l (A (B (r (z m h c t aa ab w w p y y u) s e ad f s i d ad t z i d ad t z i d ad t z i d ad t z i d ad t z h d e b (u q q f C D i g i E l F n G H I i y i t n e J K t L ad d M a N O P Q a g ad i R S o u q f T h U x o r) j V W X ac aa Y r l l Z AA b AB AC q y AD AE AF l b AG p d AH d AI AJ AK AL q h AM AN t g g AO aa g f AP ab d))))
j (l (A (B (j aa s x p aa s e ad f s i d ad t z i d ad t z i d ad t z i d ad t z i d ad t z i d ad t z h d e b (u q q f C D i g i E l F n G H I i y i t n e J K t L ad d M a N O P Q a g ad i R S o u q f T h U x o r) j V W X ac aa Y r l l Z AA b AB AC q y AD AE AF l b AG p d AH d AI AJ AK AL q h AM AN t g g AO aa g f AP ab d))))
j (l (A (B (r (z m h c t aa ab w w p y y u) s e ad f s i d ad t z i d ad t z i d ad t z i d ad t z i d ad t z i d ad t z h d e b (u q q f C D i g i E l F n G H I i y i t n e J K t L ad d M a N O P Q a g ad i R S o u q f T h U x o r) j V W X ac aa Y r l l Z AA b AB AC q y AD AE AF l b AG p d AH d AI AJ AK AL q h AM AN t g g AO aa g f AP ab d))))
j (l (A (B (j aa s x p aa s e ad f s i d ad t z i d ad t z i d ad t z i d ad t z i d ad t z i d ad t z i d ad t z h d e b (u q q f C D i g i E l F n G H I i y i t n e J K t L ad d M a N O P Q a g ad i R S o u q f T h U x o r) j V W X ac aa Y r l l Z AA b AB AC q y AD AE AF l b AG p d AH d AI AJ AK AL q h AM AN t g g AO aa g f AP ab d))))
j (l (A (B (r (z m h c t aa ab w w p y y u) s e ad f s i d ad t z i d ad t z i d ad t z i d ad t z i d ad t z i d ad t z i d ad t z h d e b (u q q f C D i g i E l F n G H I i y i t n e J K t L ad d M a N O P Q a g ad i R S o u q f T h U x o r) j V W X ac aa Y r l l Z AA b AB AC q y AD AE AF l b AG p d AH d AI AJ AK AL q h AM AN t g g AO aa g f AP ab d))))
j (l (A (B (j aa s x p aa s e ad f s i d ad t z i d ad t z i d ad t z i d ad t z i d ad t z i d ad t z i d ad t z i d ad t z h d e b (u q q f C D i g i E l F n G H I i y i t n e J K t L ad d M a N O P Q a g ad i R S o u q f T h U x o r) j V W X ac aa Y r l l Z AA b AB AC q y AD AE AF l b AG p d AH d AI AJ AK AL q h AM AN t g g AO aa g f AP ab d))))
j (l (A (B (r (z m h c t aa ab w w p y y u) s e ad f s i d ad t z i d ad t z i d ad t z i d ad t z i d ad t z i d ad t z i d ad t z i d ad t z h d e b (u q q f C D i g i E l F n G H I i y i t n e J K t L ad d M a N O P Q a g ad i R S o u q f T h U x o r) j V W X ac aa Y r l l Z AA b AB AC q y AD AE AF l b AG p d AH d AI AJ AK AL q h AM AN t g g AO aa g f AP ab d))))
j (l (A (B (j aa s x p aa s e ad f s i d ad t z i d ad t z i d ad t z i d ad t z i d ad t z i d ad t z i d ad t z i d ad t z i d ad t z h d e b (u q q f C D i g i E l F n G H I i y i t n e J K t L ad d M a N O P Q a g ad i R S o u q f T h U x o r) j V W X ac aa Y r l l Z AA b AB AC q y AD AE AF l b AG p d AH d AI AJ AK AL q h AM AN t g g AO aa g f AP ab d))))
j (l (A (B (r (z m h c t aa ab w w p y y u) s e ad f s i d ad t z i d ad t z i d ad t z i d ad t z i d ad t z i d ad t z i d ad t z i d ad t z i d ad t z h d e b (u q q f C D i g i E l F n G H I i y i t n e J K t L ad d M a N O P Q a g ad i R S o u q f T h U x o r) j V W X ac aa Y r l l Z AA b AB AC q y AD AE AF l b AG p d AH d AI AJ AK AL q h AM AN t g g AO aa g f AP ab d))))
j (l (A (B (j aa s x p aa s e ad f s i d ad t z i d ad t z i d ad t z i d ad t z i d ad t z i d ad t z i d ad t z i d ad t z i d ad t z i d ad t z h d e b (u q q f C D i g i E l F n G H I i y i t n e J K t L ad d M a N O P Q a g ad i R S o u q f T h U x o r) j V W X ac aa Y r l l Z AA b AB AC q y AD AE AF l b AG p d AH d AI AJ AK AL q h AM AN t g g AO aa g f AP ab d))))
j (l (A (B (r (z m h c t aa ab w w p y y u) s e ad f s i d ad t z i d ad t z i d ad t z i d ad t z i d ad t z i d ad t z i d ad t z i d ad t z i d ad t z i d ad t z h d e b (u q q f C D i g i E l F n G H I i y i t n e J K t L ad d M a N O P Q a g ad i R S o u q f T h U x o r) j V W X ac aa Y r l l Z AA b AB AC q y AD AE AF l b AG p d AH d AI AJ AK AL q h AM AN t g g AO aa g f AP ab d))))
j (l (A (B (j aa s x p aa s e ad f s i d ad t z i d ad t z i d ad t z i d ad t z i d ad t z i d ad t z i d ad t z i d ad t z i d ad t z i d ad t z i d ad t z h d e b (u q q f C D i g i E l F n G H I i y i t n e J K t L ad d M a N O P Q a g ad i R S o u q f T h U x o r) j V W X ac aa Y r l l Z AA b AB AC q y AD AE AF l b AG p d AH d AI AJ AK AL q h AM AN t g g AO aa g f AP ab d))))
j (l (A (B (r (z m h c t aa ab w w p y y u) s e ad f s i d ad t z i d ad t z i d ad t z i d ad t z i d ad t z i d ad t z i d ad t z i d ad t z i d ad t z i d ad t z i d ad t z h d e b (u q q f C D i g i E l F n G H I i y i t n e J K t L ad d M a N O P Q a g ad i R S o u q f T h U x o r) j V W X ac aa Y r l l Z AA b AB AC q y AD AE AF l b AG p d AH d AI AJ AK AL q h AM AN t g g AO aa g f AP ab d))))


