a ae ah ag af ai = d x l ae
b = j
c ae ah af ag = w ag af
d ag ai ae ah af = k (e c) q (o o m ag)
e = q ad
f ai aj ag ah af ae = i s a (t (ae q q))
g ah ae ai aj af ag = i ae ab
h ag ae af = af af (t y u l ag (o ad) o)
i ae af = y (d k n)
j ae ah af ag = x ad g s c b
k ag ai ae ah af = w c ah i b aa y
l ai ah ag af ae = f a m ad r
m af ae ag = ae p e f
n aj ag ae ah ai af = ai o (t k m)
o ae af = j z y i aa r
p af ah ag ae = ac a q h (t (k ac v)) v ac
q ae ag af ah ai = ai ai y (j t ae t g ad)
r ai af ah ag ae = d (n k u c f)
s ag ah ae af = x c k q f l z e
t ae = i (c h (p z (f w)) a j)
u = f s ab k x y n
v ae ag af = e s a c z (n i ag) ad
w ah ag aj af ae ai = u l
x af ae = ae h e
y aj ag ae af ah ai = e i ac d n ae h z
z ah ae ag af = ag (b o)
aa ag ae af aj ah ai = b n
ab ae af = g
ac af ae ag = y h p
ad ag ai af ae ah aj = u aa f e aa ac
main = i n aa (A B ab C) a n ab (k D (x a i E ac F e) u h i) (G (n l) ac x g) u (H (ad v (j (I s (J K L z aa h d) v M (g l (N f v (i O)) (a d P) (Q p) (t p R q n g S aa ad o f T (m ac (U V y) (z v e W y a x (h w) d h j k q (u u ab w i) f f ac X l) j m) z))))))
------------------------------------------------------------
i n aa (A B ab C) a n ab (k D (x a i E ac F e) u h i) (G (n l) ac x g) u (H (ad v (j (I s (J K L z aa h d) v M (g l (N f v (i O)) (a d P) (Q p) (t p R q n g S aa ad o f T (m ac (U V y) (z v e W y a x (h w) d h j k q (u u ab w i) f f ac X l) j m) z))))))
y (d k n) (A B ab C) a n ab (k D (x a i E ac F e) u h i) (G (n l) ac x g) u (H (ad v (j (I s (J K L z aa h d) v M (g l (N f v (i O)) (a d P) (Q p) (t p R q n g S aa ad o f T (m ac (U V y) (z v e W y a x (h w) d h j k q (u u ab w i) f f ac X l) j m) z))))))
e i ac d n a h z (G (n l) ac x g) u (H (ad v (j (I s (J K L z aa h d) v M (g l (N f v (i O)) (a d P) (Q p) (t p R q n g S aa ad o f T (m ac (U V y) (z v e W y a x (h w) d h j k q (u u ab w i) f f ac X l) j m) z))))))
q ad i ac d n a h z (G (n l) ac x g) u (H (ad v (j (I s (J K L z aa h d) v M (g l (N f v (i O)) (a d P) (Q p) (t p R q n g S aa ad o f T (m ac (U V y) (z v e W y a x (h w) d h j k q (u u ab w i) f f ac X l) j m) z))))))
n n y (j t ad t g ad) a h z (G (n l) ac x g) u (H (ad v (j (I s (J K L z aa h d) v M (g l (N f v (i O)) (a d P) (Q p) (t p R q n g S aa ad o f T (m ac (U V y) (z v e W y a x (h w) d h j k q (u u ab w i) f f ac X l) j m) z))))))
h o (t k m) (G (n l) ac x g) u (H (ad v (j (I s (J K L z aa h d) v M (g l (N f v (i O)) (a d P) (Q p) (t p R q n g S aa ad o f T (m ac (U V y) (z v e W y a x (h w) d h j k q (u u ab w i) f f ac X l) j m) z))))))
G (n l) ac x g (G (n l) ac x g) (t y u l o (o ad) o) u (H (ad v (j (I s (J K L z aa h d) v M (g l (N f v (i O)) (a d P) (Q p) (t p R q n g S aa ad o f T (m ac (U V y) (z v e W y a x (h w) d h j k q (u u ab w i) f f ac X l) j m) z))))))
G (n l) ac x g (G (n l) ac x g) (i (c h (p z (f w)) a j) u l o (o ad) o) u (H (ad v (j (I s (J K L z aa h d) v M (g l (N f v (i O)) (a d P) (Q p) (t p R q n g S aa ad o f T (m ac (U V y) (z v e W y a x (h w) d h j k q (u u ab w i) f f ac X l) j m) z))))))
G (n l) ac x g (G (n l) ac x g) (y (d k n) l o (o ad) o) u (H (ad v (j (I s (J K L z aa h d) v M (g l (N f v (i O)) (a d P) (Q p) (t p R q n g S aa ad o f T (m ac (U V y) (z v e W y a x (h w) d h j k q (u u ab w i) f f ac X l) j m) z))))))
G (n l) ac x g (G (n l) ac x g) (y (d k n) l o (o ad) o) (f s ab k x y n) (H (ad v (j (I s (J K L z aa h d) v M (g l (N f v (i O)) (a d P) (Q p) (t p R q n g S aa ad o f T (m ac (U V y) (z v e W y a x (h w) d h j k q (u u ab w i) f f ac X l) j m) z))))))
G (n l) ac x g (G (n l) ac x g) (y (d k n) l o (o ad) o) (i s a (t (n q q))) (H (ad v (j (I s (J K L z aa h d) v M (g l (N f v (i O)) (a d P) (Q p) (t p R q n g S aa ad o f T (m ac (U V y) (z v e W y a x (h w) d h j k q (u u ab w i) f f ac X l) j m) z))))))
G (n l) ac x g (G (n l) ac x g) (y (d k n) l o (o ad) o) (y (d k n) (t (n q q))) (H (ad v (j (I s (J K L z aa h d) v M (g l (N f v (i O)) (a d P) (Q p) (t p R q n g S aa ad o f T (m ac (U V y) (z v e W y a x (h w) d h j k q (u u ab w i) f f ac X l) j m) z))))))
G (n l) ac x g (G (n l) ac x g) (y (d k n) l o (o ad) o) (y (d k n) (i (c h (p z (f w)) a j))) (H (ad v (j (I s (J K L z aa h d) v M (g l (N f v (i O)) (a d P) (Q p) (t p R q n g S aa ad o f T (m ac (U V y) (z v e W y a x (h w) d h j k q (u u ab w i) f f ac X l) j m) z))))))
G (n l) ac x g (G (n l) ac x g) (y (d k n) l o (o ad) o) (y (d k n) (i (w j a))) (H (ad v (j (I s (J K L z aa h d) v M (g l (N f v (i O)) (a d P) (Q p) (t p R q n g S aa ad o f T (m ac (U V y) (z v e W y a x (h w) d h j k q (u u ab w i) f f ac X l) j m) z))))))
G (n l) ac x g (G (n l) ac x g) (y (d k n) l o (o ad) o) (y (d k n) (i (w j a))) (H (ad v (j (I s (J K L z aa h d) v M (g l (N f v (i O)) (a d P) (Q p) (i (c h (p z (f w)) a j) R q n g S aa ad o f T (m ac (U V y) (z v e W y a x (h w) d h j k q (u u ab w i) f f ac X l) j m) z))))))
G (n l) ac x g (G (n l) ac x g) (y (d k n) l o (o ad) o) (y (d k n) (i (w j a))) (H (ad v (j (I s (J K L z aa h d) v M (g l (N f v (i O)) (a d P) (Q p) (y (d k n) q n g S aa ad o f T (m ac (U V y) (z v e W y a x (h w) d h j k q (u u ab w i) f f ac X l) j m) z))))))
G (n l) ac x g (G (n l) ac x g) (y (d k n) l o (o ad) o) (y (d k n) (i (w j a))) (H (ad v (j (I s (J K L z aa h d) v M (g l (N f v (i O)) (a d P) (Q p) (e i ac d n n h z ad o f T (m ac (U V y) (z v e W y a x (h w) d h j k q (u u ab w i) f f ac X l) j m) z))))))
G (n l) ac x g (G (n l) ac x g) (y (d k n) l o (o ad) o) (y (d k n) (i (w j a))) (H (ad v (j (I s (J K L z aa h d) v M (g l (N f v (i O)) (a d P) (Q p) (q ad i ac d n n h z ad o f T (m ac (U V y) (z v e W y a x (h w) d h j k q (u u ab w i) f f ac X l) j m) z))))))
G (n l) ac x g (G (n l) ac x g) (y (d k n) l o (o ad) o) (y (d k n) (i (w j a))) (H (ad v (j (I s (J K L z aa h d) v M (g l (N f v (i O)) (a d P) (Q p) (n n y (j t ad t g ad) n h z ad o f T (m ac (U V y) (z v e W y a x (h w) d h j k q (u u ab w i) f f ac X l) j m) z))))))
G (n l) ac x g (G (n l) ac x g) (y (d k n) l o (o ad) o) (y (d k n) (i (w j a))) (H (ad v (j (I s (J K L z aa h d) v M (g l (N f v (i O)) (a d P) (Q p) (h o (t k m) ad o f T (m ac (U V y) (z v e W y a x (h w) d h j k q (u u ab w i) f f ac X l) j m) z))))))
G (n l) ac x g (G (n l) ac x g) (y (d k n) l o (o ad) o) (y (d k n) (i (w j a))) (H (ad v (j (I s (J K L z aa h d) v M (g l (N f v (i O)) (a d P) (Q p) (ad ad (t y u l o (o ad) o) o f T (m ac (U V y) (z v e W y a x (h w) d h j k q (u u ab w i) f f ac X l) j m) z))))))
G (n l) ac x g (G (n l) ac x g) (y (d k n) l o (o ad) o) (y (d k n) (i (w j a))) (H (ad v (j (I s (J K L z aa h d) v M (g l (N f v (i O)) (a d P) (Q p) (u aa f e aa ac z))))))
G (n l) ac x g (G (n l) ac x g) (y (d k n) l o (o ad) o) (y (d k n) (i (w j a))) (H (ad v (j (I s (J K L z aa h d) v M (g l (N f v (i O)) (a d P) (Q p) (f s ab k x y n aa f e aa ac z))))))
G (n l) ac x g (G (n l) ac x g) (y (d k n) l o (o ad) o) (y (d k n) (i (w j a))) (H (ad v (j (I s (J K L z aa h d) v M (g l (N f v (i O)) (a d P) (Q p) (i s a (t (n q q)) aa f e aa ac z))))))
G (n l) ac x g (G (n l) ac x g) (y (d k n) l o (o ad) o) (y (d k n) (i (w j a))) (H (ad v (j (I s (J K L z aa h d) v M (g l (N f v (i O)) (a d P) (Q p) (y (d k n) (t (n q q)) aa f e aa ac z))))))
G (n l) ac x g (G (n l) ac x g) (y (d k n) l o (o ad) o) (y (d k n) (i (w j a))) (H (ad v (j (I s (J K L z aa h d) v M (g l (N f v (i O)) (a d P) (Q p) (e i ac d n aa h z ac z))))))
G (n l) ac x g (G (n l) ac x g) (y (d k n) l o (o ad) o) (y (d k n) (i (w j a))) (H (ad v (j (I s (J K L z aa h d) v M (g l (N f v (i O)) (a d P) (Q p) (q ad i ac d n aa h z ac z))))))
G (n l) ac x g (G (n l) ac x g) (y (d k n) l o (o ad) o) (y (d k n) (i (w j a))) (H (ad v (j (I s (J K L z aa h d) v M (g l (N f v (i O)) (a d P) (Q p) (n n y (j t ad t g ad) aa h z ac z))))))
G (n l) ac x g (G (n l) ac x g) (y (d k n) l o (o ad) o) (y (d k n) (i (w j a))) (H (ad v (j (I s (J K L z aa h d) v M (g l (N f v (i O)) (a d P) (Q p) (h o (t k m) ac z))))))
G (n l) ac x g (G (n l) ac x g) (y (d k n) l o (o ad) o) (y (d k n) (i (w j a))) (H (ad v (j (I s (J K L z aa h d) v M (g l (N f v (i O)) (a d P) (Q p) (ac ac (t y u l o (o ad) o) z))))))


