a af ae = ab
b ag ai ah ae af = m (aa v n v j m ac i e ac r f f)
c ae af ag = y (g i e y ad f y l g r o af o q)
d = a p k c i f b n e u s r i z s m l
e ae = k (ac q r aa u x) j b aa f q l f d y j
f ae af = ad g t k e ad g ad r o l a
g af ag ae = a (r (ac l v i aa n x ad d) b q o) o
h af ag ae = s y o
i ag ae af = aa (o ae w b e m ac d v)
j aj ah ai af ag ae = b (o l ac m z d) q z s y e
k = m (ad y q b aa aa ad t)
l ae af = h u (g f s e i ae d e aa c)
m af ae = q e i af w f q a x w l h i
n ae af = i (s ab r f i x ae ac l c w ac k ab u k)
o ae ag af ah ai = d f s b w y ac q
p af ae = n (af (ad n af e e w ab q j) aa a j e)
q ae = r (u (g z u (t d) h k y c p ae) x) t
r ae af = p (n (b (g q) (y z) y af g t z)) i z
s ae = v (e i (t ab i f d q h g ad) l o n c) b aa
t ae = ad y v m r
u = y (f (v f w ab g b ab) e d f l t i l)
v ag ae af = l (ae ac ac n d n c y c y) b r a ab l
w ae = f (d n o o p y x p e v z aa l e)
x ae af = i (u (l (w z) af o r) d s l f ae d p m)
y ae = aa (m m h e v ab m s a z aa ac a i ab k)
z = y (c i) d o u i y n d e
aa ae af ag = l (ac e af ag r l) f f f s z
ab = o (y c d d aa x r y d w p v t z)
ac ah ai af ae ag = u (l m o z y r x a ae q y m f c n)
ad ae = t (k (w m ac) g p q a s y ab n z y)
main = A (v (B (l (C (D (E ac (m (F (G (H w aa) t I J o q ab m ac K L M r k) s u t p h v a ac N O P Q r R S T U ab z y c x b V W X Y Z t d g k b AA d AB AC a e AD AE ad q u y m g aa q c AF l a l AG w) i s AH y e AI AJ AK AL p j AM y AN a AO f)))))))
------------------------------------------------------------
A (v (B (l (C (D (E ac (m (F (G (H w aa) t I J o q ab m ac K L M r k) s u t p h v a ac N O P Q r R S T U ab z y c x b V W X Y Z t d g k b AA d AB AC a e AD AE ad q u y m g aa q c AF l a l AG w) i s AH y e AI AJ AK AL p j AM y AN a AO f)))))))
A (v (B (l (C (D (E ac (q e i (F (G (H w aa) t I J o q ab m ac K L M r k) s u t p h v a ac N O P Q r R S T U ab z y c x b V W X Y Z t d g k b AA d AB AC a e AD AE ad q u y m g aa q c AF l a l AG w) w f q a x w l h i s AH y e AI AJ AK AL p j AM y AN a AO f)))))))
A (v (B (l (C (D (E ac (r (u (g z u (t d) h k y c p e) x) t i (F (G (H w aa) t I J o q ab m ac K L M r k) s u t p h v a ac N O P Q r R S T U ab z y c x b V W X Y Z t d g k b AA d AB AC a e AD AE ad q u y m g aa q c AF l a l AG w) w f q a x w l h i s AH y e AI AJ AK AL p j AM y AN a AO f)))))))
A (v (B (l (C (D (E ac (p (n (b (g q) (y z) y t g t z)) i z i (F (G (H w aa) t I J o q ab m ac K L M r k) s u t p h v a ac N O P Q r R S T U ab z y c x b V W X Y Z t d g k b AA d AB AC a e AD AE ad q u y m g aa q c AF l a l AG w) w f q a x w l h i s AH y e AI AJ AK AL p j AM y AN a AO f)))))))
A (v (B (l (C (D (E ac (n (n (b (g q) (y z) y t g t z) (ad n (n (b (g q) (y z) y t g t z)) e e w ab q j) aa a j e) z i (F (G (H w aa) t I J o q ab m ac K L M r k) s u t p h v a ac N O P Q r R S T U ab z y c x b V W X Y Z t d g k b AA d AB AC a e AD AE ad q u y m g aa q c AF l a l AG w) w f q a x w l h i s AH y e AI AJ AK AL p j AM y AN a AO f)))))))
A (v (B (l (C (D (E ac (i (s ab r f i x (n (b (g q) (y z) y t g t z) (ad n (n (b (g q) (y z) y t g t z)) e e w ab q j) aa a j e) ac l c w ac k ab u k) i (F (G (H w aa) t I J o q ab m ac K L M r k) s u t p h v a ac N O P Q r R S T U ab z y c x b V W X Y Z t d g k b AA d AB AC a e AD AE ad q u y m g aa q c AF l a l AG w) w f q a x w l h i s AH y e AI AJ AK AL p j AM y AN a AO f)))))))
A (v (B (l (C (D (E ac (aa (o i w b e m ac d v) w f q a x w l h i s AH y e AI AJ AK AL p j AM y AN a AO f)))))))
A (v (B (l (C (D (E ac (l (ac e w f r l) f f f s z q a x w l h i s AH y e AI AJ AK AL p j AM y AN a AO f)))))))
A (v (B (l (C (D (E ac (h u (g f s e i (ac e w f r l) d e aa c) f f s z q a x w l h i s AH y e AI AJ AK AL p j AM y AN a AO f)))))))
A (v (B (l (C (D (E ac (s y o f s z q a x w l h i s AH y e AI AJ AK AL p j AM y AN a AO f)))))))
A (v (B (l (C (D (E ac (v (e i (t ab i f d q h g ad) l o n c) b aa o f s z q a x w l h i s AH y e AI AJ AK AL p j AM y AN a AO f)))))))
A (v (B (l (C (D (E ac (l (b ac ac n d n c y c y) b r a ab l o f s z q a x w l h i s AH y e AI AJ AK AL p j AM y AN a AO f)))))))
A (v (B (l (C (D (E ac (h u (g f s e i (b ac ac n d n c y c y) d e aa c) r a ab l o f s z q a x w l h i s AH y e AI AJ AK AL p j AM y AN a AO f)))))))
A (v (B (l (C (D (E ac (s y o a ab l o f s z q a x w l h i s AH y e AI AJ AK AL p j AM y AN a AO f)))))))
A (v (B (l (C (D (E ac (v (e i (t ab i f d q h g ad) l o n c) b aa o a ab l o f s z q a x w l h i s AH y e AI AJ AK AL p j AM y AN a AO f)))))))
A (v (B (l (C (D (E ac (l (b ac ac n d n c y c y) b r a ab l o a ab l o f s z q a x w l h i s AH y e AI AJ AK AL p j AM y AN a AO f)))))))
A (v (B (l (C (D (E ac (h u (g f s e i (b ac ac n d n c y c y) d e aa c) r a ab l o a ab l o f s z q a x w l h i s AH y e AI AJ AK AL p j AM y AN a AO f)))))))
A (v (B (l (C (D (E ac (s y o a ab l o a ab l o f s z q a x w l h i s AH y e AI AJ AK AL p j AM y AN a AO f)))))))
A (v (B (l (C (D (E ac (v (e i (t ab i f d q h g ad) l o n c) b aa o a ab l o a ab l o f s z q a x w l h i s AH y e AI AJ AK AL p j AM y AN a AO f)))))))
A (v (B (l (C (D (E ac (l (b ac ac n d n c y c y) b r a ab l o a ab l o a ab l o f s z q a x w l h i s AH y e AI AJ AK AL p j AM y AN a AO f)))))))
A (v (B (l (C (D (E ac (h u (g f s e i (b ac ac n d n c y c y) d e aa c) r a ab l o a ab l o a ab l o f s z q a x w l h i s AH y e AI AJ AK AL p j AM y AN a AO f)))))))
A (v (B (l (C (D (E ac (s y o a ab l o a ab l o a ab l o f s z q a x w l h i s AH y e AI AJ AK AL p j AM y AN a AO f)))))))
A (v (B (l (C (D (E ac (v (e i (t ab i f d q h g ad) l o n c) b aa o a ab l o a ab l o a ab l o f s z q a x w l h i s AH y e AI AJ AK AL p j AM y AN a AO f)))))))
A (v (B (l (C (D (E ac (l (b ac ac n d n c y c y) b r a ab l o a ab l o a ab l o a ab l o f s z q a x w l h i s AH y e AI AJ AK AL p j AM y AN a AO f)))))))
A (v (B (l (C (D (E ac (h u (g f s e i (b ac ac n d n c y c y) d e aa c) r a ab l o a ab l o a ab l o a ab l o f s z q a x w l h i s AH y e AI AJ AK AL p j AM y AN a AO f)))))))
A (v (B (l (C (D (E ac (s y o a ab l o a ab l o a ab l o a ab l o f s z q a x w l h i s AH y e AI AJ AK AL p j AM y AN a AO f)))))))
A (v (B (l (C (D (E ac (v (e i (t ab i f d q h g ad) l o n c) b aa o a ab l o a ab l o a ab l o a ab l o f s z q a x w l h i s AH y e AI AJ AK AL p j AM y AN a AO f)))))))
A (v (B (l (C (D (E ac (l (b ac ac n d n c y c y) b r a ab l o a ab l o a ab l o a ab l o a ab l o f s z q a x w l h i s AH y e AI AJ AK AL p j AM y AN a AO f)))))))
A (v (B (l (C (D (E ac (h u (g f s e i (b ac ac n d n c y c y) d e aa c) r a ab l o a ab l o a ab l o a ab l o a ab l o f s z q a x w l h i s AH y e AI AJ AK AL p j AM y AN a AO f)))))))
A (v (B (l (C (D (E ac (s y o a ab l o a ab l o a ab l o a ab l o a ab l o f s z q a x w l h i s AH y e AI AJ AK AL p j AM y AN a AO f)))))))


