a af ae e ae i n u ab j m ac o s i k
b ae af o i d v
c ae af ah ai ag e (q o a y ae g p p m)
d ah ai ag af ae ac i r w x c q i p y o s z ae h
e ae j (i h d g) (c i u) v a w u f ac aa
f ae g (r y w e) l aa k w m j z
g af ag ae ah af (ae j p j w k d d q)
h af ae aj ai ag ah ad (v (x y q f n i) w f aj s d)
i ag af ae g u x a ab n u
j ae af ag r i i ac
k ai ah aj ag af ae aa (z e d f af l ab g p a m n c g)
l m ad f q o q ab r u w ac
m ae af ab (f (n b aa j z q) w) w
n af ae y d p ac k t k o
o ae ai af ah ag l g p c g k l
p ag af ae ai ah r (a e ad f ag s z t c)
q ae af ag h j (f l) o ag p v ac f u p x n l ad l h
r ag aj af ai ah ae i l (i (y (n w))) (u o) c w e z m a a z ag x
s ai af ag ah ae a k x z f y u o m b j x ac af ag
t c a
u ag ae af z y o ad r r s t q y p w v h f q g
v ac e (e (s o z a q g h) u j i m) c r f
w m q j f y x c x ab d b ac k x h g v m
x ae t i o ae
y i (e (k g b k g f s v) o) l ab ab
z ae af x ab b s v p af ab ac s l m a w ab
aa ag ae af e (d af ag ae y g ag) h h h ag l e x l ad
ab ah ae ag af aj ai ai h w f h o u c w aa t h ac n k v l
ac r (m x h) b r b t u n v ad z c
ad af ag ae n (q d m x x y ac m g)
main p (b (A (a (l (v (v (B (c (C (D (E c F s y) G H I x r s) J a e i l K v c L M k c aa w N ac s i y) k w O P a k i Q R S l ac c x T U V k s u m ac i) W r aa c q n u X Y Z ac v q h s y AA i h e n ab q AB u a) AC AD AE AF AG p)) AH o) b e)))
------------------------------------------------------------
p (b (A (a (l (v (v (B (c (C (D (E c F s y) G H I x r s) J a e i l K v c L M k c aa w N ac s i y) k w O P a k i Q R S l ac c x T U V k s u m ac i) W r aa c q n u X Y Z ac v q h s y AA i h e n ab q AB u a) AC AD AE AF AG p)) AH o) b e)))
p (b (A (e b i n u ab j m ac o s i k e)))
p (b (A (j (i h d g) (c i u) v a w u f ac aa i n u ab j m ac o s i k e)))
p (b (A (r i i ac a w u f ac aa i n u ab j m ac o s i k e)))
p (b (A (i l (i (y (n w))) (u o) c w e z m a a z i x f ac aa i n u ab j m ac o s i k e)))
p (b (A (g u x a ab n u c w e z m a a z i x f ac aa i n u ab j m ac o s i k e)))
p (b (A (u (a j p j w k d d q) n u c w e z m a a z i x f ac aa i n u ab j m ac o s i k e)))
p (b (A (z y o ad r r s t q y p w v h f q g c w e z m a a z i x f ac aa i n u ab j m ac o s i k e)))
p (b (A (x ab b s v p o ab ac s l m a w ab ad r r s t q y p w v h f q g c w e z m a a z i x f ac aa i n u ab j m ac o s i k e)))
p (b (A (t i o ab b s v p o ab ac s l m a w ab ad r r s t q y p w v h f q g c w e z m a a z i x f ac aa i n u ab j m ac o s i k e)))
p (b (A (c a i o ab b s v p o ab ac s l m a w ab ad r r s t q y p w v h f q g c w e z m a a z i x f ac aa i n u ab j m ac o s i k e)))
p (b (A (e (q o a y a g p p m) s v p o ab ac s l m a w ab ad r r s t q y p w v h f q g c w e z m a a z i x f ac aa i n u ab j m ac o s i k e)))
p (b (A (j (i h d g) (c i u) v a w u f ac aa s v p o ab ac s l m a w ab ad r r s t q y p w v h f q g c w e z m a a z i x f ac aa i n u ab j m ac o s i k e)))
p (b (A (r i i ac a w u f ac aa s v p o ab ac s l m a w ab ad r r s t q y p w v h f q g c w e z m a a z i x f ac aa i n u ab j m ac o s i k e)))
p (b (A (i l (i (y (n w))) (u o) c w e z m a a z i x f ac aa s v p o ab ac s l m a w ab ad r r s t q y p w v h f q g c w e z m a a z i x f ac aa i n u ab j m ac o s i k e)))
p (b (A (g u x a ab n u c w e z m a a z i x f ac aa s v p o ab ac s l m a w ab ad r r s t q y p w v h f q g c w e z m a a z i x f ac aa i n u ab j m ac o s i k e)))
p (b (A (u (a j p j w k d d q) n u c w e z m a a z i x f ac aa s v p o ab ac s l m a w ab ad r r s t q y p w v h f q g c w e z m a a z i x f ac aa i n u ab j m ac o s i k e)))
p (b (A (z y o ad r r s t q y p w v h f q g c w e z m a a z i x f ac aa s v p o ab ac s l m a w ab ad r r s t q y p w v h f q g c w e z m a a z i x f ac aa i n u ab j m ac o s i k e)))
p (b (A (x ab b s v p o ab ac s l m a w ab ad r r s t q y p w v h f q g c w e z m a a z i x f ac aa s v p o ab ac s l m a w ab ad r r s t q y p w v h f q g c w e z m a a z i x f ac aa i n u ab j m ac o s i k e)))
p (b (A (t i o ab b s v p o ab ac s l m a w ab ad r r s t q y p w v h f q g c w e z m a a z i x f ac aa s v p o ab ac s l m a w ab ad r r s t q y p w v h f q g c w e z m a a z i x f ac aa i n u ab j m ac o s i k e)))
p (b (A (c a i o ab b s v p o ab ac s l m a w ab ad r r s t q y p w v h f q g c w e z m a a z i x f ac aa s v p o ab ac s l m a w ab ad r r s t q y p w v h f q g c w e z m a a z i x f ac aa i n u ab j m ac o s i k e)))
p (b (A (e (q o a y a g p p m) s v p o ab ac s l m a w ab ad r r s t q y p w v h f q g c w e z m a a z i x f ac aa s v p o ab ac s l m a w ab ad r r s t q y p w v h f q g c w e z m a a z i x f ac aa i n u ab j m ac o s i k e)))
p (b (A (j (i h d g) (c i u) v a w u f ac aa s v p o ab ac s l m a w ab ad r r s t q y p w v h f q g c w e z m a a z i x f ac aa s v p o ab ac s l m a w ab ad r r s t q y p w v h f q g c w e z m a a z i x f ac aa i n u ab j m ac o s i k e)))
p (b (A (r i i ac a w u f ac aa s v p o ab ac s l m a w ab ad r r s t q y p w v h f q g c w e z m a a z i x f ac aa s v p o ab ac s l m a w ab ad r r s t q y p w v h f q g c w e z m a a z i x f ac aa i n u ab j m ac o s i k e)))
p (b (A (i l (i (y (n w))) (u o) c w e z m a a z i x f ac aa s v p o ab ac s l m a w ab ad r r s t q y p w v h f q g c w e z m a a z i x f ac aa s v p o ab ac s l m a w ab ad r r s t q y p w v h f q g c w e z m a a z i x f ac aa i n u ab j m ac o s i k e)))
p (b (A (g u x a ab n u c w e z m a a z i x f ac aa s v p o ab ac s l m a w ab ad r r s t q y p w v h f q g c w e z m a a z i x f ac aa s v p o ab ac s l m a w ab ad r r s t q y p w v h f q g c w e z m a a z i x f ac aa i n u ab j m ac o s i k e)))
p (b (A (u (a j p j w k d d q) n u c w e z m a a z i x f ac aa s v p o ab ac s l m a w ab ad r r s t q y p w v h f q g c w e z m a a z i x f ac aa s v p o ab ac s l m a w ab ad r r s t q y p w v h f q g c w e z m a a z i x f ac aa i n u ab j m ac o s i k e)))
p (b (A (z y o ad r r s t q y p w v h f q g c w e z m a a z i x f ac aa s v p o ab ac s l m a w ab ad r r s t q y p w v h f q g c w e z m a a z i x f ac aa s v p o ab ac s l m a w ab ad r r s t q y p w v h f q g c w e z m a a z i x f ac aa i n u ab j m ac o s i k e)))
p (b (A (x ab b s v p o ab ac s l m a w ab ad r r s t q y p w v h f q g c w e z m a a z i x f ac aa s v p o ab ac s l m a w ab ad r r s t q y p w v h f q g c w e z m a a z i x f ac aa s v p o ab ac s l m a w ab ad r r s t q y p w v h f q g c w e z m a a z i x f ac aa i n u ab j m ac o s i k e)))
p (b (A (t i o ab b s v p o ab ac s l m a w ab ad r r s t q y p w v h f q g c w e z m a a z i x f ac aa s v p o ab ac s l m a w ab ad r r s t q y p w v h f q g c w e z m a a z i x f ac aa s v p o ab ac s l m a w ab ad r r s t q y p w v h f q g c w e z m a a z i x f ac aa i n u ab j m ac o s i k e)))


