a ae af l b m o l j ae l y ab y
b ae af o (u (y q m aa d j aa j s w k z r e))
c ae j ae ab i r i k w p t a x ae ae ab
d i (w h f u x i ab aa t y) i y ac z u b t
e af aj ai ah ag ae n (o c v j g z a t q p ad v ac)
f t (z aa j s) e g ad z q j n v j i q
g ah ae af ag p (z b k x l) k v n v e v p
h af ai ag ah ae aj w z q v l u w q x m a c
i p (l (aa aa l q l ac w z y j l s) j f)
j ae ae o v k r y ab aa c ae
k ah af ag ae h ac p p r c c g x i v f b m b q f
l af ag ae y (e (q (i w v t h) a b k) o s x r o ab n)
m ae af z (e k f g ab af f a r ab ad) j
n ag aj ae af ai ah e (ac a v y s y ab i) ae u
o ae af e (q (c (b b k w z n y) m y k r z af k))
p n y ad j n aa a
q aj ae ai ah af ag aa (p (t z l ab f o ad aa) ad v) t x w ai s aj
r ag af aj ai ae ah ag k e ab o o ad o y a y c aa ad x n ad
s af ae l (ae (j q l d q aa p m ae n g g b) c) k g
t af ae e (ad ac y u f z aa a x) g ae
u ae i (o (t r o m j h p) q i) m h h e z y
v ah af ag ae ai l (t (j (b e c n r i z ag o)) i g u) f s c
w ag ae ah af ad (ad q s) e n e ab c
x ah ag ae af j (k z i h v aa g ac) t i ac c ab d m
y aa i ad c o ac b ab m f w p aa t
z af ae j ae u
aa af ae aj ag ai ah c (i k l w d z m) s q
ab aj ah af ae ai ag y (e (p (t c ac) b l n o af c l))
ac af ae r af m l
ad af ae e (c k j r w k y d o ab h d z) r
main A c (B (i (C (D (E (h (F (v (G (i j i H I p) J K L e M z s e q i z p N x O ad k) v b P Q R y b d ab b u e S b w q) c e f aa i j t u T aa)) u g) U V W i w d r z X m u f) s o r u Y Z AA AB AC g AD n x f AE AF AG AH ab v e AI AJ v i ac)))
------------------------------------------------------------
A c (B (i (C (D (E (h (F (v (G (i j i H I p) J K L e M z s e q i z p N x O ad k) v b P Q R y b d ab b u e S b w q) c e f aa i j t u T aa)) u g) U V W i w d r z X m u f) s o r u Y Z AA AB AC g AD n x f AE AF AG AH ab v e AI AJ v i ac)))
A c (B (p (l (aa aa l q l ac w z y j l s) j f) (C (D (E (h (F (v (G (i j i H I p) J K L e M z s e q i z p N x O ad k) v b P Q R y b d ab b u e S b w q) c e f aa i j t u T aa)) u g) U V W i w d r z X m u f) s o r u Y Z AA AB AC g AD n x f AE AF AG AH ab v e AI AJ v i ac)))
A c (B (n y ad j n aa a (l (aa aa l q l ac w z y j l s) j f) (C (D (E (h (F (v (G (i j i H I p) J K L e M z s e q i z p N x O ad k) v b P Q R y b d ab b u e S b w q) c e f aa i j t u T aa)) u g) U V W i w d r z X m u f) s o r u Y Z AA AB AC g AD n x f AE AF AG AH ab v e AI AJ v i ac)))
A c (B (e (ac a v y s y ab i) j u (l (aa aa l q l ac w z y j l s) j f) (C (D (E (h (F (v (G (i j i H I p) J K L e M z s e q i z p N x O ad k) v b P Q R y b d ab b u e S b w q) c e f aa i j t u T aa)) u g) U V W i w d r z X m u f) s o r u Y Z AA AB AC g AD n x f AE AF AG AH ab v e AI AJ v i ac)))
A c (B (e (r a m l y s y ab i) j u (l (aa aa l q l ac w z y j l s) j f) (C (D (E (h (F (v (G (i j i H I p) J K L e M z s e q i z p N x O ad k) v b P Q R y b d ab b u e S b w q) c e f aa i j t u T aa)) u g) U V W i w d r z X m u f) s o r u Y Z AA AB AC g AD n x f AE AF AG AH ab v e AI AJ v i ac)))
A c (B (e (a k e ab o o ad o y a y c aa ad x n ad ab i) j u (l (aa aa l q l ac w z y j l s) j f) (C (D (E (h (F (v (G (i j i H I p) J K L e M z s e q i z p N x O ad k) v b P Q R y b d ab b u e S b w q) c e f aa i j t u T aa)) u g) U V W i w d r z X m u f) s o r u Y Z AA AB AC g AD n x f AE AF AG AH ab v e AI AJ v i ac)))
A c (B (e (l b m o l j k l y ab y ab o o ad o y a y c aa ad x n ad ab i) j u (l (aa aa l q l ac w z y j l s) j f) (C (D (E (h (F (v (G (i j i H I p) J K L e M z s e q i z p N x O ad k) v b P Q R y b d ab b u e S b w q) c e f aa i j t u T aa)) u g) U V W i w d r z X m u f) s o r u Y Z AA AB AC g AD n x f AE AF AG AH ab v e AI AJ v i ac)))
A c (B (e (y (e (q (i w v t h) a b k) o s x r o ab n) l j k l y ab y ab o o ad o y a y c aa ad x n ad ab i) j u (l (aa aa l q l ac w z y j l s) j f) (C (D (E (h (F (v (G (i j i H I p) J K L e M z s e q i z p N x O ad k) v b P Q R y b d ab b u e S b w q) c e f aa i j t u T aa)) u g) U V W i w d r z X m u f) s o r u Y Z AA AB AC g AD n x f AE AF AG AH ab v e AI AJ v i ac)))
A c (B (e (aa i ad c o ac b ab m f w p aa t (e (q (i w v t h) a b k) o s x r o ab n) l j k l y ab y ab o o ad o y a y c aa ad x n ad ab i) j u (l (aa aa l q l ac w z y j l s) j f) (C (D (E (h (F (v (G (i j i H I p) J K L e M z s e q i z p N x O ad k) v b P Q R y b d ab b u e S b w q) c e f aa i j t u T aa)) u g) U V W i w d r z X m u f) s o r u Y Z AA AB AC g AD n x f AE AF AG AH ab v e AI AJ v i ac)))
A c (B (e (c (i k l w d z m) s q ab m f w p aa t (e (q (i w v t h) a b k) o s x r o ab n) l j k l y ab y ab o o ad o y a y c aa ad x n ad ab i) j u (l (aa aa l q l ac w z y j l s) j f) (C (D (E (h (F (v (G (i j i H I p) J K L e M z s e q i z p N x O ad k) v b P Q R y b d ab b u e S b w q) c e f aa i j t u T aa)) u g) U V W i w d r z X m u f) s o r u Y Z AA AB AC g AD n x f AE AF AG AH ab v e AI AJ v i ac)))
A c (B (e (j (i k l w d z m) ab i r i k w p t a x (i k l w d z m) (i k l w d z m) ab s q ab m f w p aa t (e (q (i w v t h) a b k) o s x r o ab n) l j k l y ab y ab o o ad o y a y c aa ad x n ad ab i) j u (l (aa aa l q l ac w z y j l s) j f) (C (D (E (h (F (v (G (i j i H I p) J K L e M z s e q i z p N x O ad k) v b P Q R y b d ab b u e S b w q) c e f aa i j t u T aa)) u g) U V W i w d r z X m u f) s o r u Y Z AA AB AC g AD n x f AE AF AG AH ab v e AI AJ v i ac)))
A c (B (e (i k l w d z m o v k r y ab aa c (i k l w d z m) ab i r i k w p t a x (i k l w d z m) (i k l w d z m) ab s q ab m f w p aa t (e (q (i w v t h) a b k) o s x r o ab n) l j k l y ab y ab o o ad o y a y c aa ad x n ad ab i) j u (l (aa aa l q l ac w z y j l s) j f) (C (D (E (h (F (v (G (i j i H I p) J K L e M z s e q i z p N x O ad k) v b P Q R y b d ab b u e S b w q) c e f aa i j t u T aa)) u g) U V W i w d r z X m u f) s o r u Y Z AA AB AC g AD n x f AE AF AG AH ab v e AI AJ v i ac)))
A c (B (e (p (l (aa aa l q l ac w z y j l s) j f) k l w d z m o v k r y ab aa c (i k l w d z m) ab i r i k w p t a x (i k l w d z m) (i k l w d z m) ab s q ab m f w p aa t (e (q (i w v t h) a b k) o s x r o ab n) l j k l y ab y ab o o ad o y a y c aa ad x n ad ab i) j u (l (aa aa l q l ac w z y j l s) j f) (C (D (E (h (F (v (G (i j i H I p) J K L e M z s e q i z p N x O ad k) v b P Q R y b d ab b u e S b w q) c e f aa i j t u T aa)) u g) U V W i w d r z X m u f) s o r u Y Z AA AB AC g AD n x f AE AF AG AH ab v e AI AJ v i ac)))
A c (B (e (n y ad j n aa a (l (aa aa l q l ac w z y j l s) j f) k l w d z m o v k r y ab aa c (i k l w d z m) ab i r i k w p t a x (i k l w d z m) (i k l w d z m) ab s q ab m f w p aa t (e (q (i w v t h) a b k) o s x r o ab n) l j k l y ab y ab o o ad o y a y c aa ad x n ad ab i) j u (l (aa aa l q l ac w z y j l s) j f) (C (D (E (h (F (v (G (i j i H I p) J K L e M z s e q i z p N x O ad k) v b P Q R y b d ab b u e S b w q) c e f aa i j t u T aa)) u g) U V W i w d r z X m u f) s o r u Y Z AA AB AC g AD n x f AE AF AG AH ab v e AI AJ v i ac)))
A c (B (e (e (ac a v y s y ab i) j u (l (aa aa l q l ac w z y j l s) j f) k l w d z m o v k r y ab aa c (i k l w d z m) ab i r i k w p t a x (i k l w d z m) (i k l w d z m) ab s q ab m f w p aa t (e (q (i w v t h) a b k) o s x r o ab n) l j k l y ab y ab o o ad o y a y c aa ad x n ad ab i) j u (l (aa aa l q l ac w z y j l s) j f) (C (D (E (h (F (v (G (i j i H I p) J K L e M z s e q i z p N x O ad k) v b P Q R y b d ab b u e S b w q) c e f aa i j t u T aa)) u g) U V W i w d r z X m u f) s o r u Y Z AA AB AC g AD n x f AE AF AG AH ab v e AI AJ v i ac)))
A c (B (e (n (o c v j g z a t q p ad v ac) w d z m o v k r y ab aa c (i k l w d z m) ab i r i k w p t a x (i k l w d z m) (i k l w d z m) ab s q ab m f w p aa t (e (q (i w v t h) a b k) o s x r o ab n) l j k l y ab y ab o o ad o y a y c aa ad x n ad ab i) j u (l (aa aa l q l ac w z y j l s) j f) (C (D (E (h (F (v (G (i j i H I p) J K L e M z s e q i z p N x O ad k) v b P Q R y b d ab b u e S b w q) c e f aa i j t u T aa)) u g) U V W i w d r z X m u f) s o r u Y Z AA AB AC g AD n x f AE AF AG AH ab v e AI AJ v i ac)))
A c (B (e (e (ac a v y s y ab i) d u v k r y ab aa c (i k l w d z m) ab i r i k w p t a x (i k l w d z m) (i k l w d z m) ab s q ab m f w p aa t (e (q (i w v t h) a b k) o s x r o ab n) l j k l y ab y ab o o ad o y a y c aa ad x n ad ab i) j u (l (aa aa l q l ac w z y j l s) j f) (C (D (E (h (F (v (G (i j i H I p) J K L e M z s e q i z p N x O ad k) v b P Q R y b d ab b u e S b w q) c e f aa i j t u T aa)) u g) U V W i w d r z X m u f) s o r u Y Z AA AB AC g AD n x f AE AF AG AH ab v e AI AJ v i ac)))
A c (B (e (n (o c v j g z a t q p ad v ac) y ab aa c (i k l w d z m) ab i r i k w p t a x (i k l w d z m) (i k l w d z m) ab s q ab m f w p aa t (e (q (i w v t h) a b k) o s x r o ab n) l j k l y ab y ab o o ad o y a y c aa ad x n ad ab i) j u (l (aa aa l q l ac w z y j l s) j f) (C (D (E (h (F (v (G (i j i H I p) J K L e M z s e q i z p N x O ad k) v b P Q R y b d ab b u e S b w q) c e f aa i j t u T aa)) u g) U V W i w d r z X m u f) s o r u Y Z AA AB AC g AD n x f AE AF AG AH ab v e AI AJ v i ac)))
A c (B (e (e (ac a v y s y ab i) ab u ab i r i k w p t a x (i k l w d z m) (i k l w d z m) ab s q ab m f w p aa t (e (q (i w v t h) a b k) o s x r o ab n) l j k l y ab y ab o o ad o y a y c aa ad x n ad ab i) j u (l (aa aa l q l ac w z y j l s) j f) (C (D (E (h (F (v (G (i j i H I p) J K L e M z s e q i z p N x O ad k) v b P Q R y b d ab b u e S b w q) c e f aa i j t u T aa)) u g) U V W i w d r z X m u f) s o r u Y Z AA AB AC g AD n x f AE AF AG AH ab v e AI AJ v i ac)))
A c (B (e (n (o c v j g z a t q p ad v ac) i k w p t a x (i k l w d z m) (i k l w d z m) ab s q ab m f w p aa t (e (q (i w v t h) a b k) o s x r o ab n) l j k l y ab y ab o o ad o y a y c aa ad x n ad ab i) j u (l (aa aa l q l ac w z y j l s) j f) (C (D (E (h (F (v (G (i j i H I p) J K L e M z s e q i z p N x O ad k) v b P Q R y b d ab b u e S b w q) c e f aa i j t u T aa)) u g) U V W i w d r z X m u f) s o r u Y Z AA AB AC g AD n x f AE AF AG AH ab v e AI AJ v i ac)))
A c (B (e (e (ac a v y s y ab i) k u a x (i k l w d z m) (i k l w d z m) ab s q ab m f w p aa t (e (q (i w v t h) a b k) o s x r o ab n) l j k l y ab y ab o o ad o y a y c aa ad x n ad ab i) j u (l (aa aa l q l ac w z y j l s) j f) (C (D (E (h (F (v (G (i j i H I p) J K L e M z s e q i z p N x O ad k) v b P Q R y b d ab b u e S b w q) c e f aa i j t u T aa)) u g) U V W i w d r z X m u f) s o r u Y Z AA AB AC g AD n x f AE AF AG AH ab v e AI AJ v i ac)))
A c (B (e (n (o c v j g z a t q p ad v ac) (i k l w d z m) ab s q ab m f w p aa t (e (q (i w v t h) a b k) o s x r o ab n) l j k l y ab y ab o o ad o y a y c aa ad x n ad ab i) j u (l (aa aa l q l ac w z y j l s) j f) (C (D (E (h (F (v (G (i j i H I p) J K L e M z s e q i z p N x O ad k) v b P Q R y b d ab b u e S b w q) c e f aa i j t u T aa)) u g) U V W i w d r z X m u f) s o r u Y Z AA AB AC g AD n x f AE AF AG AH ab v e AI AJ v i ac)))
A c (B (e (e (ac a v y s y ab i) ab u m f w p aa t (e (q (i w v t h) a b k) o s x r o ab n) l j k l y ab y ab o o ad o y a y c aa ad x n ad ab i) j u (l (aa aa l q l ac w z y j l s) j f) (C (D (E (h (F (v (G (i j i H I p) J K L e M z s e q i z p N x O ad k) v b P Q R y b d ab b u e S b w q) c e f aa i j t u T aa)) u g) U V W i w d r z X m u f) s o r u Y Z AA AB AC g AD n x f AE AF AG AH ab v e AI AJ v i ac)))
A c (B (e (n (o c v j g z a t q p ad v ac) p aa t (e (q (i w v t h) a b k) o s x r o ab n) l j k l y ab y ab o o ad o y a y c aa ad x n ad ab i) j u (l (aa aa l q l ac w z y j l s) j f) (C (D (E (h (F (v (G (i j i H I p) J K L e M z s e q i z p N x O ad k) v b P Q R y b d ab b u e S b w q) c e f aa i j t u T aa)) u g) U V W i w d r z X m u f) s o r u Y Z AA AB AC g AD n x f AE AF AG AH ab v e AI AJ v i ac)))
A c (B (e (e (ac a v y s y ab i) aa u j k l y ab y ab o o ad o y a y c aa ad x n ad ab i) j u (l (aa aa l q l ac w z y j l s) j f) (C (D (E (h (F (v (G (i j i H I p) J K L e M z s e q i z p N x O ad k) v b P Q R y b d ab b u e S b w q) c e f aa i j t u T aa)) u g) U V W i w d r z X m u f) s o r u Y Z AA AB AC g AD n x f AE AF AG AH ab v e AI AJ v i ac)))
A c (B (e (n (o c v j g z a t q p ad v ac) y ab y ab o o ad o y a y c aa ad x n ad ab i) j u (l (aa aa l q l ac w z y j l s) j f) (C (D (E (h (F (v (G (i j i H I p) J K L e M z s e q i z p N x O ad k) v b P Q R y b d ab b u e S b w q) c e f aa i j t u T aa)) u g) U V W i w d r z X m u f) s o r u Y Z AA AB AC g AD n x f AE AF AG AH ab v e AI AJ v i ac)))
A c (B (e (e (ac a v y s y ab i) ab u o ad o y a y c aa ad x n ad ab i) j u (l (aa aa l q l ac w z y j l s) j f) (C (D (E (h (F (v (G (i j i H I p) J K L e M z s e q i z p N x O ad k) v b P Q R y b d ab b u e S b w q) c e f aa i j t u T aa)) u g) U V W i w d r z X m u f) s o r u Y Z AA AB AC g AD n x f AE AF AG AH ab v e AI AJ v i ac)))
A c (B (e (n (o c v j g z a t q p ad v ac) y a y c aa ad x n ad ab i) j u (l (aa aa l q l ac w z y j l s) j f) (C (D (E (h (F (v (G (i j i H I p) J K L e M z s e q i z p N x O ad k) v b P Q R y b d ab b u e S b w q) c e f aa i j t u T aa)) u g) U V W i w d r z X m u f) s o r u Y Z AA AB AC g AD n x f AE AF AG AH ab v e AI AJ v i ac)))
A c (B (e (e (ac a v y s y ab i) a u ad x n ad ab i) j u (l (aa aa l q l ac w z y j l s) j f) (C (D (E (h (F (v (G (i j i H I p) J K L e M z s e q i z p N x O ad k) v b P Q R y b d ab b u e S b w q) c e f aa i j t u T aa)) u g) U V W i w d r z X m u f) s o r u Y Z AA AB AC g AD n x f AE AF AG AH ab v e AI AJ v i ac)))
A c (B (e (n (o c v j g z a t q p ad v ac) ad ab i) j u (l (aa aa l q l ac w z y j l s) j f) (C (D (E (h (F (v (G (i j i H I p) J K L e M z s e q i z p N x O ad k) v b P Q R y b d ab b u e S b w q) c e f aa i j t u T aa)) u g) U V W i w d r z X m u f) s o r u Y Z AA AB AC g AD n x f AE AF AG AH ab v e AI AJ v i ac)))


