a af ae o r af
b ae af ag g h
c ae t h h s o l
d ae h u i e ae (q p)
e af ae o l (r ae f af)
f af ag ae ai ah t (m n af a) (g h)
g ah aj ai af ag ae f (s h f p q)
h ag ae af f n j n ab u
i ae ag ah af ai t z
j ai ah ae aj ag af p
k ag af ae ae w d o b
l ae q (ab a)
m ah ae ag af ai e (f e v v z y j)
n af ae aa f y v l ae b aa c
o k b (r c aa)
p af ae y u (j u r)
q ae ag af b af
r l
s ag ae af h e y k aa
t ah ae af aj ag ai v p af (d z d)
u af ah ag ae af ah af
v ae k ae w l
w ae af ae ad f l y r
x j c j i (u t ac p) a m
y ae ag ai af ah a ac (o t) ah v (q i)
z ae aj af ai ag ah u u
aa ag af ai aj ah ae i k
ab ae n v (ae b ae (r ae m e q))
ac ae ah ag af c
ad ae aj af ag ah ai u y ac f x x i o f
main w i A (B C (D E l o c w x u (j n) aa s d i x) f r o g F o ad x k G (f ad) H h (I t aa z h J K (L t) M i q n h k) (N j) ad (x v ab O P q f d aa (Q R (S n ad n v u) ac b f (q o) w t T U (l V (W (X (x m (b Y) Z AA (AB t ab h) i e AC) AD a y v) AE)))))
------------------------------------------------------------
w i A (B C (D E l o c w x u (j n) aa s d i x) f r o g F o ad x k G (f ad) H h (I t aa z h J K (L t) M i q n h k) (N j) ad (x v ab O P q f d aa (Q R (S n ad n v u) ac b f (q o) w t T U (l V (W (X (x m (b Y) Z AA (AB t ab h) i e AC) AD a y v) AE)))))
i ad f l y r (B C (D E l o c w x u (j n) aa s d i x) f r o g F o ad x k G (f ad) H h (I t aa z h J K (L t) M i q n h k) (N j) ad (x v ab O P q f d aa (Q R (S n ad n v u) ac b f (q o) w t T U (l V (W (X (x m (b Y) Z AA (AB t ab h) i e AC) AD a y v) AE)))))
t z (B C (D E l o c w x u (j n) aa s d i x) f r o g F o ad x k G (f ad) H h (I t aa z h J K (L t) M i q n h k) (N j) ad (x v ab O P q f d aa (Q R (S n ad n v u) ac b f (q o) w t T U (l V (W (X (x m (b Y) Z AA (AB t ab h) i e AC) AD a y v) AE)))))
t z (B C (D E l o c w x u (j n) aa s d i x) f r o g F o ad x k G (f ad) H h (I t aa z h J K (L t) M i q n h k) (N j) ad (j c j i (u t ac p) a m v ab O P q f d aa (Q R (S n ad n v u) ac b f (q o) w t T U (l V (W (X (x m (b Y) Z AA (AB t ab h) i e AC) AD a y v) AE)))))
t z (B C (D E l o c w x u (j n) aa s d i x) f r o g F o ad x k G (f ad) H h (I t aa z h J K (L t) M i q n h k) (N j) ad (p v ab O P q f d aa (Q R (S n ad n v u) ac b f (q o) w t T U (l V (W (X (x m (b Y) Z AA (AB t ab h) i e AC) AD a y v) AE)))))
t z (B C (D E l o c w x u (j n) aa s d i x) f r o g F o ad x k G (f ad) H h (I t aa z h J K (L t) M i q n h k) (N j) ad (y u (j u r) O P q f d aa (Q R (S n ad n v u) ac b f (q o) w t T U (l V (W (X (x m (b Y) Z AA (AB t ab h) i e AC) AD a y v) AE)))))
t z (B C (D E l o c w x u (j n) aa s d i x) f r o g F o ad x k G (f ad) H h (I t aa z h J K (L t) M i q n h k) (N j) ad (a ac (o t) q v (q i) f d aa (Q R (S n ad n v u) ac b f (q o) w t T U (l V (W (X (x m (b Y) Z AA (AB t ab h) i e AC) AD a y v) AE)))))
t z (B C (D E l o c w x u (j n) aa s d i x) f r o g F o ad x k G (f ad) H h (I t aa z h J K (L t) M i q n h k) (N j) ad (o r ac q v (q i) f d aa (Q R (S n ad n v u) ac b f (q o) w t T U (l V (W (X (x m (b Y) Z AA (AB t ab h) i e AC) AD a y v) AE)))))
t z (B C (D E l o c w x u (j n) aa s d i x) f r o g F o ad x k G (f ad) H h (I t aa z h J K (L t) M i q n h k) (N j) ad (k b (r c aa) r ac q v (q i) f d aa (Q R (S n ad n v u) ac b f (q o) w t T U (l V (W (X (x m (b Y) Z AA (AB t ab h) i e AC) AD a y v) AE)))))
t z (B C (D E l o c w x u (j n) aa s d i x) f r o g F o ad x k G (f ad) H h (I t aa z h J K (L t) M i q n h k) (N j) ad (r w d o b ac q v (q i) f d aa (Q R (S n ad n v u) ac b f (q o) w t T U (l V (W (X (x m (b Y) Z AA (AB t ab h) i e AC) AD a y v) AE)))))
t z (B C (D E l o c w x u (j n) aa s d i x) f r o g F o ad x k G (f ad) H h (I t aa z h J K (L t) M i q n h k) (N j) ad (l w d o b ac q v (q i) f d aa (Q R (S n ad n v u) ac b f (q o) w t T U (l V (W (X (x m (b Y) Z AA (AB t ab h) i e AC) AD a y v) AE)))))
t z (B C (D E l o c w x u (j n) aa s d i x) f r o g F o ad x k G (f ad) H h (I t aa z h J K (L t) M i q n h k) (N j) ad (q (ab a) d o b ac q v (q i) f d aa (Q R (S n ad n v u) ac b f (q o) w t T U (l V (W (X (x m (b Y) Z AA (AB t ab h) i e AC) AD a y v) AE)))))
t z (B C (D E l o c w x u (j n) aa s d i x) f r o g F o ad x k G (f ad) H h (I t aa z h J K (L t) M i q n h k) (N j) ad (b o b ac q v (q i) f d aa (Q R (S n ad n v u) ac b f (q o) w t T U (l V (W (X (x m (b Y) Z AA (AB t ab h) i e AC) AD a y v) AE)))))
t z (B C (D E l o c w x u (j n) aa s d i x) f r o g F o ad x k G (f ad) H h (I t aa z h J K (L t) M i q n h k) (N j) ad (g h q v (q i) f d aa (Q R (S n ad n v u) ac b f (q o) w t T U (l V (W (X (x m (b Y) Z AA (AB t ab h) i e AC) AD a y v) AE)))))
t z (B C (D E l o c w x u (j n) aa s d i x) f r o g F o ad x k G (f ad) H h (I t aa z h J K (L t) M i q n h k) (N j) ad (f (s h f p q) aa (Q R (S n ad n v u) ac b f (q o) w t T U (l V (W (X (x m (b Y) Z AA (AB t ab h) i e AC) AD a y v) AE)))))
t z (B C (D E l o c w x u (j n) aa s d i x) f r o g F o ad x k G (f ad) H h (I t aa z h J K (L t) M i q n h k) (N j) ad (f (h e y k aa q) aa (Q R (S n ad n v u) ac b f (q o) w t T U (l V (W (X (x m (b Y) Z AA (AB t ab h) i e AC) AD a y v) AE)))))
t z (B C (D E l o c w x u (j n) aa s d i x) f r o g F o ad x k G (f ad) H h (I t aa z h J K (L t) M i q n h k) (N j) ad (f (f n j n ab u aa q) aa (Q R (S n ad n v u) ac b f (q o) w t T U (l V (W (X (x m (b Y) Z AA (AB t ab h) i e AC) AD a y v) AE)))))
t z (B C (D E l o c w x u (j n) aa s d i x) f r o g F o ad x k G (f ad) H h (I t aa z h J K (L t) M i q n h k) (N j) ad (f (t (m n n a) (g h) aa q) aa (Q R (S n ad n v u) ac b f (q o) w t T U (l V (W (X (x m (b Y) Z AA (AB t ab h) i e AC) AD a y v) AE)))))
t z (B C (D E l o c w x u (j n) aa s d i x) f r o g F o ad x k G (f ad) H h (I t aa z h J K (L t) M i q n h k) (N j) ad (f (t (m n n a) (g h) aa q) aa (Q R (S n ad n v u) ac b f (q o) w t T U (q (ab a) (W (X (x m (b Y) Z AA (AB t ab h) i e AC) AD a y v) AE)))))
t z (B C (D E l o c w x u (j n) aa s d i x) f r o g F o ad x k G (f ad) H h (I t aa z h J K (L t) M i q n h k) (N j) ad (f (t (m n n a) (g h) aa q) aa (Q R (S n ad n v u) ac b f (q o) w t T U (q (n v (a b a (r a m e q))) (W (X (x m (b Y) Z AA (AB t ab h) i e AC) AD a y v) AE)))))
t z (B C (D E l o c w x u (j n) aa s d i x) f r o g F o ad x k G (f ad) H h (I t aa z h J K (L t) M i q n h k) (N j) ad (f (t (m n n a) (g h) aa q) aa (Q R (S n ad n v u) ac b f (q o) w t T U (q (aa f y v l (a b a (r a m e q)) b aa c) (W (X (x m (b Y) Z AA (AB t ab h) i e AC) AD a y v) AE)))))
t z (B C (D E l o c w x u (j n) aa s d i x) f r o g F o ad x k G (f ad) H h (I t aa z h J K (L t) M i q n h k) (N j) ad (f (t (m n n a) (g h) aa q) aa (Q R (S n ad n v u) ac b f (q o) w t T U (q (i k aa c) (W (X (x m (b Y) Z AA (AB t ab h) i e AC) AD a y v) AE)))))
t z (B C (D E l o c w x u (j n) aa s d i x) f r o g F o ad x k G (f ad) H h (I t aa z h J K (L t) M i q n h k) (N j) ad (f (t (m n n a) (g h) aa q) aa (Q R (S n ad n v u) ac b f (q o) w t T U (q (i k aa c) (W (X (j c j i (u t ac p) a m m (b Y) Z AA (AB t ab h) i e AC) AD a y v) AE)))))
t z (B C (D E l o c w x u (j n) aa s d i x) f r o g F o ad x k G (f ad) H h (I t aa z h J K (L t) M i q n h k) (N j) ad (f (t (m n n a) (g h) aa q) aa (Q R (S n ad n v u) ac b f (q o) w t T U (q (i k aa c) (W (X (p m (b Y) Z AA (AB t ab h) i e AC) AD a y v) AE)))))
t z (B C (D E l o c w x u (j n) aa s d i x) f r o g F o ad x k G (f ad) H h (I t aa z h J K (L t) M i q n h k) (N j) ad (f (t (m n n a) (g h) aa q) aa (Q R (S n ad n v u) ac b f (q o) w t T U (q (i k aa c) (W (X (y u (j u r) Z AA (AB t ab h) i e AC) AD a y v) AE)))))
t z (B C (D E l o c w x u (j n) aa s d i x) f r o g F o ad x k G (f ad) H h (I t aa z h J K (L t) M i q n h k) (N j) ad (f (t (m n n a) (g h) aa q) aa (Q R (S n ad n v u) ac b f (q o) w t T U (q (i k aa c) (W (X (a ac (o t) (AB t ab h) v (q i) i e AC) AD a y v) AE)))))
t z (B C (D E l o c w x u (j n) aa s d i x) f r o g F o ad x k G (f ad) H h (I t aa z h J K (L t) M i q n h k) (N j) ad (f (t (m n n a) (g h) aa q) aa (Q R (S n ad n v u) ac b f (q o) w t T U (q (i k aa c) (W (X (o r ac (AB t ab h) v (q i) i e AC) AD a y v) AE)))))
t z (B C (D E l o c w x u (j n) aa s d i x) f r o g F o ad x k G (f ad) H h (I t aa z h J K (L t) M i q n h k) (N j) ad (f (t (m n n a) (g h) aa q) aa (Q R (S n ad n v u) ac b f (q o) w t T U (q (i k aa c) (W (X (k b (r c aa) r ac (AB t ab h) v (q i) i e AC) AD a y v) AE)))))
t z (B C (D E l o c w x u (j n) aa s d i x) f r o g F o ad x k G (f ad) H h (I t aa z h J K (L t) M i q n h k) (N j) ad (f (t (m n n a) (g h) aa q) aa (Q R (S n ad n v u) ac b f (q o) w t T U (q (i k aa c) (W (X (r w d o b ac (AB t ab h) v (q i) i e AC) AD a y v) AE)))))
t z (B C (D E l o c w x u (j n) aa s d i x) f r o g F o ad x k G (f ad) H h (I t aa z h J K (L t) M i q n h k) (N j) ad (f (t (m n n a) (g h) aa q) aa (Q R (S n ad n v u) ac b f (q o) w t T U (q (i k aa c) (W (X (l w d o b ac (AB t ab h) v (q i) i e AC) AD a y v) AE)))))


