a ag ae aj ai ah af = ad (r (j (p x z p c i) j ad m o ae ah))
b ag ae af = ac (af ac h aa af) e ac z c g ad p
c ae af ag = ad f q ad q aa p p r y z
d ag ae ai af aj ah = o (s x x m y m q e f l b l b g) c y
e af ae ag = o d r y u ab u l a b u s r b ad d
f ae = s (ae (ad d v ab) m y m m aa ae y t d g y)
g af ae = q (l m t n k h f af f o q q)
h = m o w
i af ag ae = r (d t g u ac d o af o v)
j ae = q k v c v ae o l f h ad b aa p e e
k = v (i (ad o aa d e s c s m r) e e q) z u s
l ae ah ag af = r (g (a (aa r aa) t) (v ad) q f r r k j) i m ae
m ai af aj ae ah ag = n (w ai s s t d ac d u i i)
n af ae = p b m r v
o = z (s (r (ad ab k x f j) s) q p f l h b s)
p ae af = ad (aa (o ac) o z r d q r j w j i h r b)
q ah ai af ae ag aj = ag l g v k f y y n n c z n y
r ag ah af ae = y f p o n i ab e ae f e n o g
s = u t u v x x x p b ad h w f d ab u
t ah ag af ae = b (a r i j v l ac b x n ac ac q p f)
u af ae = af (t d ad aa e s s t x k y)
v ae = b o u u k r u ac b
w af ah ag ae ai = d g c a j j e h p k ae i q ac t b q
x ah ai af ae ag = e (l g d aa o) w
y af ah ag ae = o (j (e g r s ac) j r p q n p a s z k ab)
z ah ag af ae ai aj = w (r ab f h c n n h a d ad v aa ad)
aa ae = d (y (v o v x d e d) q t) c
ab ae af ag = l e c w k o d a n ad w t q v ad
ac ae = q (q i s) aa h n j ad
ad ag ae ah ai af = v w j ab x a ah a y f q o ae
main = A (r (k (B (g (C (D E v i F G d h s t t H u I x j l v t y b v a J p j l q t) K i o f l L M N O x z d P a l u Q R S j T ad b ad n U x y p V r l W q X Y m m w Z z AA a AB ad w AC AD l q p u) AE a ad t AF r AG AH p r AI m l))))
------------------------------------------------------------
A (r (k (B (g (C (D E v i F G d h s t t H u I x j l v t y b v a J p j l q t) K i o f l L M N O x z d P a l u Q R S j T ad b ad n U x y p V r l W q X Y m m w Z z AA a AB ad w AC AD l q p u) AE a ad t AF r AG AH p r AI m l))))
A (r (v (i (ad o aa d e s c s m r) e e q) z u s (B (g (C (D E v i F G d h s t t H u I x j l v t y b v a J p j l q t) K i o f l L M N O x z d P a l u Q R S j T ad b ad n U x y p V r l W q X Y m m w Z z AA a AB ad w AC AD l q p u) AE a ad t AF r AG AH p r AI m l))))
A (r (b o u u k r u ac b z u s (B (g (C (D E v i F G d h s t t H u I x j l v t y b v a J p j l q t) K i o f l L M N O x z d P a l u Q R S j T ad b ad n U x y p V r l W q X Y m m w Z z AA a AB ad w AC AD l q p u) AE a ad t AF r AG AH p r AI m l))))
A (r (ac (u ac h aa u) e ac z c g ad p k r u ac b z u s (B (g (C (D E v i F G d h s t t H u I x j l v t y b v a J p j l q t) K i o f l L M N O x z d P a l u Q R S j T ad b ad n U x y p V r l W q X Y m m w Z z AA a AB ad w AC AD l q p u) AE a ad t AF r AG AH p r AI m l))))
A (r (q (q i s) aa h n j ad e ac z c g ad p k r u ac b z u s (B (g (C (D E v i F G d h s t t H u I x j l v t y b v a J p j l q t) K i o f l L M N O x z d P a l u Q R S j T ad b ad n U x y p V r l W q X Y m m w Z z AA a AB ad w AC AD l q p u) AE a ad t AF r AG AH p r AI m l))))
A (r (j l g v k f y y n n c z n y e ac z c g ad p k r u ac b z u s (B (g (C (D E v i F G d h s t t H u I x j l v t y b v a J p j l q t) K i o f l L M N O x z d P a l u Q R S j T ad b ad n U x y p V r l W q X Y m m w Z z AA a AB ad w AC AD l q p u) AE a ad t AF r AG AH p r AI m l))))
A (r (q k v c v l o l f h ad b aa p e e g v k f y y n n c z n y e ac z c g ad p k r u ac b z u s (B (g (C (D E v i F G d h s t t H u I x j l v t y b v a J p j l q t) K i o f l L M N O x z d P a l u Q R S j T ad b ad n U x y p V r l W q X Y m m w Z z AA a AB ad w AC AD l q p u) AE a ad t AF r AG AH p r AI m l))))
A (r (l l g v k f y y n n c z n y l f h ad b aa p e e g v k f y y n n c z n y e ac z c g ad p k r u ac b z u s (B (g (C (D E v i F G d h s t t H u I x j l v t y b v a J p j l q t) K i o f l L M N O x z d P a l u Q R S j T ad b ad n U x y p V r l W q X Y m m w Z z AA a AB ad w AC AD l q p u) AE a ad t AF r AG AH p r AI m l))))
A (r (r (g (a (aa r aa) t) (v ad) q f r r k j) i m l f y y n n c z n y l f h ad b aa p e e g v k f y y n n c z n y e ac z c g ad p k r u ac b z u s (B (g (C (D E v i F G d h s t t H u I x j l v t y b v a J p j l q t) K i o f l L M N O x z d P a l u Q R S j T ad b ad n U x y p V r l W q X Y m m w Z z AA a AB ad w AC AD l q p u) AE a ad t AF r AG AH p r AI m l))))
A (r (y f p o n i ab e l f e n o g f y y n n c z n y l f h ad b aa p e e g v k f y y n n c z n y e ac z c g ad p k r u ac b z u s (B (g (C (D E v i F G d h s t t H u I x j l v t y b v a J p j l q t) K i o f l L M N O x z d P a l u Q R S j T ad b ad n U x y p V r l W q X Y m m w Z z AA a AB ad w AC AD l q p u) AE a ad t AF r AG AH p r AI m l))))
A (r (o (j (e g r s ac) j r p q n p a s z k ab) i ab e l f e n o g f y y n n c z n y l f h ad b aa p e e g v k f y y n n c z n y e ac z c g ad p k r u ac b z u s (B (g (C (D E v i F G d h s t t H u I x j l v t y b v a J p j l q t) K i o f l L M N O x z d P a l u Q R S j T ad b ad n U x y p V r l W q X Y m m w Z z AA a AB ad w AC AD l q p u) AE a ad t AF r AG AH p r AI m l))))
A (r (z (s (r (ad ab k x f j) s) q p f l h b s) (j (e g r s ac) j r p q n p a s z k ab) i ab e l f e n o g f y y n n c z n y l f h ad b aa p e e g v k f y y n n c z n y e ac z c g ad p k r u ac b z u s (B (g (C (D E v i F G d h s t t H u I x j l v t y b v a J p j l q t) K i o f l L M N O x z d P a l u Q R S j T ad b ad n U x y p V r l W q X Y m m w Z z AA a AB ad w AC AD l q p u) AE a ad t AF r AG AH p r AI m l))))
A (r (w (r ab f h c n n h a d ad v aa ad) f e n o g f y y n n c z n y l f h ad b aa p e e g v k f y y n n c z n y e ac z c g ad p k r u ac b z u s (B (g (C (D E v i F G d h s t t H u I x j l v t y b v a J p j l q t) K i o f l L M N O x z d P a l u Q R S j T ad b ad n U x y p V r l W q X Y m m w Z z AA a AB ad w AC AD l q p u) AE a ad t AF r AG AH p r AI m l))))
A (r (d g c a j j e h p k n i q ac t b q g f y y n n c z n y l f h ad b aa p e e g v k f y y n n c z n y e ac z c g ad p k r u ac b z u s (B (g (C (D E v i F G d h s t t H u I x j l v t y b v a J p j l q t) K i o f l L M N O x z d P a l u Q R S j T ad b ad n U x y p V r l W q X Y m m w Z z AA a AB ad w AC AD l q p u) AE a ad t AF r AG AH p r AI m l))))
A (r (o (s x x m y m q e f l b l b g) c y h p k n i q ac t b q g f y y n n c z n y l f h ad b aa p e e g v k f y y n n c z n y e ac z c g ad p k r u ac b z u s (B (g (C (D E v i F G d h s t t H u I x j l v t y b v a J p j l q t) K i o f l L M N O x z d P a l u Q R S j T ad b ad n U x y p V r l W q X Y m m w Z z AA a AB ad w AC AD l q p u) AE a ad t AF r AG AH p r AI m l))))
A (r (z (s (r (ad ab k x f j) s) q p f l h b s) (s x x m y m q e f l b l b g) c y h p k n i q ac t b q g f y y n n c z n y l f h ad b aa p e e g v k f y y n n c z n y e ac z c g ad p k r u ac b z u s (B (g (C (D E v i F G d h s t t H u I x j l v t y b v a J p j l q t) K i o f l L M N O x z d P a l u Q R S j T ad b ad n U x y p V r l W q X Y m m w Z z AA a AB ad w AC AD l q p u) AE a ad t AF r AG AH p r AI m l))))
A (r (w (r ab f h c n n h a d ad v aa ad) k n i q ac t b q g f y y n n c z n y l f h ad b aa p e e g v k f y y n n c z n y e ac z c g ad p k r u ac b z u s (B (g (C (D E v i F G d h s t t H u I x j l v t y b v a J p j l q t) K i o f l L M N O x z d P a l u Q R S j T ad b ad n U x y p V r l W q X Y m m w Z z AA a AB ad w AC AD l q p u) AE a ad t AF r AG AH p r AI m l))))
A (r (d g c a j j e h p k i i q ac t b q ac t b q g f y y n n c z n y l f h ad b aa p e e g v k f y y n n c z n y e ac z c g ad p k r u ac b z u s (B (g (C (D E v i F G d h s t t H u I x j l v t y b v a J p j l q t) K i o f l L M N O x z d P a l u Q R S j T ad b ad n U x y p V r l W q X Y m m w Z z AA a AB ad w AC AD l q p u) AE a ad t AF r AG AH p r AI m l))))
A (r (o (s x x m y m q e f l b l b g) c y h p k i i q ac t b q ac t b q g f y y n n c z n y l f h ad b aa p e e g v k f y y n n c z n y e ac z c g ad p k r u ac b z u s (B (g (C (D E v i F G d h s t t H u I x j l v t y b v a J p j l q t) K i o f l L M N O x z d P a l u Q R S j T ad b ad n U x y p V r l W q X Y m m w Z z AA a AB ad w AC AD l q p u) AE a ad t AF r AG AH p r AI m l))))
A (r (z (s (r (ad ab k x f j) s) q p f l h b s) (s x x m y m q e f l b l b g) c y h p k i i q ac t b q ac t b q g f y y n n c z n y l f h ad b aa p e e g v k f y y n n c z n y e ac z c g ad p k r u ac b z u s (B (g (C (D E v i F G d h s t t H u I x j l v t y b v a J p j l q t) K i o f l L M N O x z d P a l u Q R S j T ad b ad n U x y p V r l W q X Y m m w Z z AA a AB ad w AC AD l q p u) AE a ad t AF r AG AH p r AI m l))))
A (r (w (r ab f h c n n h a d ad v aa ad) k i i q ac t b q ac t b q g f y y n n c z n y l f h ad b aa p e e g v k f y y n n c z n y e ac z c g ad p k r u ac b z u s (B (g (C (D E v i F G d h s t t H u I x j l v t y b v a J p j l q t) K i o f l L M N O x z d P a l u Q R S j T ad b ad n U x y p V r l W q X Y m m w Z z AA a AB ad w AC AD l q p u) AE a ad t AF r AG AH p r AI m l))))
A (r (d g c a j j e h p k i i q ac t b q ac t b q ac t b q g f y y n n c z n y l f h ad b aa p e e g v k f y y n n c z n y e ac z c g ad p k r u ac b z u s (B (g (C (D E v i F G d h s t t H u I x j l v t y b v a J p j l q t) K i o f l L M N O x z d P a l u Q R S j T ad b ad n U x y p V r l W q X Y m m w Z z AA a AB ad w AC AD l q p u) AE a ad t AF r AG AH p r AI m l))))
A (r (o (s x x m y m q e f l b l b g) c y h p k i i q ac t b q ac t b q ac t b q g f y y n n c z n y l f h ad b aa p e e g v k f y y n n c z n y e ac z c g ad p k r u ac b z u s (B (g (C (D E v i F G d h s t t H u I x j l v t y b v a J p j l q t) K i o f l L M N O x z d P a l u Q R S j T ad b ad n U x y p V r l W q X Y m m w Z z AA a AB ad w AC AD l q p u) AE a ad t AF r AG AH p r AI m l))))
A (r (z (s (r (ad ab k x f j) s) q p f l h b s) (s x x m y m q e f l b l b g) c y h p k i i q ac t b q ac t b q ac t b q g f y y n n c z n y l f h ad b aa p e e g v k f y y n n c z n y e ac z c g ad p k r u ac b z u s (B (g (C (D E v i F G d h s t t H u I x j l v t y b v a J p j l q t) K i o f l L M N O x z d P a l u Q R S j T ad b ad n U x y p V r l W q X Y m m w Z z AA a AB ad w AC AD l q p u) AE a ad t AF r AG AH p r AI m l))))
A (r (w (r ab f h c n n h a d ad v aa ad) k i i q ac t b q ac t b q ac t b q g f y y n n c z n y l f h ad b aa p e e g v k f y y n n c z n y e ac z c g ad p k r u ac b z u s (B (g (C (D E v i F G d h s t t H u I x j l v t y b v a J p j l q t) K i o f l L M N O x z d P a l u Q R S j T ad b ad n U x y p V r l W q X Y m m w Z z AA a AB ad w AC AD l q p u) AE a ad t AF r AG AH p r AI m l))))
A (r (d g c a j j e h p k i i q ac t b q ac t b q ac t b q ac t b q g f y y n n c z n y l f h ad b aa p e e g v k f y y n n c z n y e ac z c g ad p k r u ac b z u s (B (g (C (D E v i F G d h s t t H u I x j l v t y b v a J p j l q t) K i o f l L M N O x z d P a l u Q R S j T ad b ad n U x y p V r l W q X Y m m w Z z AA a AB ad w AC AD l q p u) AE a ad t AF r AG AH p r AI m l))))
A (r (o (s x x m y m q e f l b l b g) c y h p k i i q ac t b q ac t b q ac t b q ac t b q g f y y n n c z n y l f h ad b aa p e e g v k f y y n n c z n y e ac z c g ad p k r u ac b z u s (B (g (C (D E v i F G d h s t t H u I x j l v t y b v a J p j l q t) K i o f l L M N O x z d P a l u Q R S j T ad b ad n U x y p V r l W q X Y m m w Z z AA a AB ad w AC AD l q p u) AE a ad t AF r AG AH p r AI m l))))
A (r (z (s (r (ad ab k x f j) s) q p f l h b s) (s x x m y m q e f l b l b g) c y h p k i i q ac t b q ac t b q ac t b q ac t b q g f y y n n c z n y l f h ad b aa p e e g v k f y y n n c z n y e ac z c g ad p k r u ac b z u s (B (g (C (D E v i F G d h s t t H u I x j l v t y b v a J p j l q t) K i o f l L M N O x z d P a l u Q R S j T ad b ad n U x y p V r l W q X Y m m w Z z AA a AB ad w AC AD l q p u) AE a ad t AF r AG AH p r AI m l))))
A (r (w (r ab f h c n n h a d ad v aa ad) k i i q ac t b q ac t b q ac t b q ac t b q g f y y n n c z n y l f h ad b aa p e e g v k f y y n n c z n y e ac z c g ad p k r u ac b z u s (B (g (C (D E v i F G d h s t t H u I x j l v t y b v a J p j l q t) K i o f l L M N O x z d P a l u Q R S j T ad b ad n U x y p V r l W q X Y m m w Z z AA a AB ad w AC AD l q p u) AE a ad t AF r AG AH p r AI m l))))
A (r (d g c a j j e h p k i i q ac t b q ac t b q ac t b q ac t b q ac t b q g f y y n n c z n y l f h ad b aa p e e g v k f y y n n c z n y e ac z c g ad p k r u ac b z u s (B (g (C (D E v i F G d h s t t H u I x j l v t y b v a J p j l q t) K i o f l L M N O x z d P a l u Q R S j T ad b ad n U x y p V r l W q X Y m m w Z z AA a AB ad w AC AD l q p u) AE a ad t AF r AG AH p r AI m l))))


