a af ae ag h l i d k r
b ai aj af ae ag ah aa i t e e q r z q s ab u h k e d aj
c ag ae af m (ab (b ac q p) m n ag j j o x s)
d f (m (e p ab s v i)) a h o aa e p
e ag ae ai af ah k (f b u ad ab o x) a ai t q o ad r
f ag af ae y e r r
g ag af ae v i s c f h a ab l b e
h ae af ai ah ag o (m u g v) t
i j a w w f j ac
j af ae p t z f x c s y f r y g t d
k ae aa (j m t ae h ae c a r aa)
l ae y aa ae c ae i o d u ad aa
m ag aj ai ae ah af q (ad l l y aj l e) s d i b
n ae ah ag af v (g y e) ac f q u z h g q ab k ac j z
o af ae ag i (k b x d ac ac e b r ad)
p af ae w d n a ad o s m ae k v g a s ab x t q
q af ae s e n ab t x z n b t j h b aa f aa af
r ag af ae aj ai ah w (w z) g e c f n ab n b
s ae af a (u (z p a c v b v o p) t e i aa v l r)
t ae w (ac c o v i ab b o h g)
u e (e (ad (j x d e f c o m a q f ac) q))
v ag ae af e (a p o o d a s ad)
w s m m
x af ag ae s (g (v e o ac) ac u j) j y i u k v r
y ag aj ai ae ah af k (b (x v e c) j ae z)
z af ae w (s j aa) f u ab ad q n t o
aa ag ae af l f b v x g j g j g u r p e n
ab af aj ai ae ah ag o (u r f b) ag s g ad
ac aj ai ah ag ae af f (g i ah w i) g af s
ad af ae e (t h ac t ae k c s r q g l y u)
main A (v (g (B (p (e (f (b (C (q (D (i E ab x F aa j r s i v d G o d x r z H p w p) I J a o d K g L M N O m x r e aa i P Q R S ac w T x ad v j U ad m aa n) m f b b aa y V aa W X Y Z AA AB r AC AD AE ad AF AG q o p a AH AI t d z p u aa) AJ))))))))
------------------------------------------------------------
A (v (g (B (p (e (f (b (C (q (D (i E ab x F aa j r s i v d G o d x r z H p w p) I J a o d K g L M N O m x r e aa i P Q R S ac w T x ad v j U ad m aa n) m f b b aa y V aa W X Y Z AA AB r AC AD AE ad AF AG q o p a AH AI t d z p u aa) AJ))))))))
A (v (g (B (p (e (f (b (C (s e n ab t x z n b t j h b aa f aa (D (i E ab x F aa j r s i v d G o d x r z H p w p) I J a o d K g L M N O m x r e aa i P Q R S ac w T x ad v j U ad m aa n) f b b aa y V aa W X Y Z AA AB r AC AD AE ad AF AG q o p a AH AI t d z p u aa) AJ))))))))
A (v (g (B (p (e (f (b (C (a (u (z p a c v b v o p) t e i aa v l r) ab t x z n b t j h b aa f aa (D (i E ab x F aa j r s i v d G o d x r z H p w p) I J a o d K g L M N O m x r e aa i P Q R S ac w T x ad v j U ad m aa n) f b b aa y V aa W X Y Z AA AB r AC AD AE ad AF AG q o p a AH AI t d z p u aa) AJ))))))))
A (v (g (B (p (e (f (b (C (h l i d k r x z n b t j h b aa f aa (D (i E ab x F aa j r s i v d G o d x r z H p w p) I J a o d K g L M N O m x r e aa i P Q R S ac w T x ad v j U ad m aa n) f b b aa y V aa W X Y Z AA AB r AC AD AE ad AF AG q o p a AH AI t d z p u aa) AJ))))))))
A (v (g (B (p (e (f (b (C (o (m u g v) t x z n b t j h b aa f aa (D (i E ab x F aa j r s i v d G o d x r z H p w p) I J a o d K g L M N O m x r e aa i P Q R S ac w T x ad v j U ad m aa n) f b b aa y V aa W X Y Z AA AB r AC AD AE ad AF AG q o p a AH AI t d z p u aa) AJ))))))))
A (v (g (B (p (e (f (b (C (i (k b x d ac ac e b r ad) z n b t j h b aa f aa (D (i E ab x F aa j r s i v d G o d x r z H p w p) I J a o d K g L M N O m x r e aa i P Q R S ac w T x ad v j U ad m aa n) f b b aa y V aa W X Y Z AA AB r AC AD AE ad AF AG q o p a AH AI t d z p u aa) AJ))))))))
A (v (g (B (p (e (f (b (C (j a w w f j ac (k b x d ac ac e b r ad) z n b t j h b aa f aa (D (i E ab x F aa j r s i v d G o d x r z H p w p) I J a o d K g L M N O m x r e aa i P Q R S ac w T x ad v j U ad m aa n) f b b aa y V aa W X Y Z AA AB r AC AD AE ad AF AG q o p a AH AI t d z p u aa) AJ))))))))
A (v (g (B (p (e (f (b (C (p t z f x c s y f r y g t d w f j ac (k b x d ac ac e b r ad) z n b t j h b aa f aa (D (i E ab x F aa j r s i v d G o d x r z H p w p) I J a o d K g L M N O m x r e aa i P Q R S ac w T x ad v j U ad m aa n) f b b aa y V aa W X Y Z AA AB r AC AD AE ad AF AG q o p a AH AI t d z p u aa) AJ))))))))
A (v (g (B (p (e (f (b (C (w d n a ad o s m z k v g a s ab x t q f x c s y f r y g t d w f j ac (k b x d ac ac e b r ad) z n b t j h b aa f aa (D (i E ab x F aa j r s i v d G o d x r z H p w p) I J a o d K g L M N O m x r e aa i P Q R S ac w T x ad v j U ad m aa n) f b b aa y V aa W X Y Z AA AB r AC AD AE ad AF AG q o p a AH AI t d z p u aa) AJ))))))))
A (v (g (B (p (e (f (b (C (s m m d n a ad o s m z k v g a s ab x t q f x c s y f r y g t d w f j ac (k b x d ac ac e b r ad) z n b t j h b aa f aa (D (i E ab x F aa j r s i v d G o d x r z H p w p) I J a o d K g L M N O m x r e aa i P Q R S ac w T x ad v j U ad m aa n) f b b aa y V aa W X Y Z AA AB r AC AD AE ad AF AG q o p a AH AI t d z p u aa) AJ))))))))
A (v (g (B (p (e (f (b (C (a (u (z p a c v b v o p) t e i aa v l r) d n a ad o s m z k v g a s ab x t q f x c s y f r y g t d w f j ac (k b x d ac ac e b r ad) z n b t j h b aa f aa (D (i E ab x F aa j r s i v d G o d x r z H p w p) I J a o d K g L M N O m x r e aa i P Q R S ac w T x ad v j U ad m aa n) f b b aa y V aa W X Y Z AA AB r AC AD AE ad AF AG q o p a AH AI t d z p u aa) AJ))))))))
A (v (g (B (p (e (f (b (C (h l i d k r a ad o s m z k v g a s ab x t q f x c s y f r y g t d w f j ac (k b x d ac ac e b r ad) z n b t j h b aa f aa (D (i E ab x F aa j r s i v d G o d x r z H p w p) I J a o d K g L M N O m x r e aa i P Q R S ac w T x ad v j U ad m aa n) f b b aa y V aa W X Y Z AA AB r AC AD AE ad AF AG q o p a AH AI t d z p u aa) AJ))))))))
A (v (g (B (p (e (f (b (C (o (m u g v) t a ad o s m z k v g a s ab x t q f x c s y f r y g t d w f j ac (k b x d ac ac e b r ad) z n b t j h b aa f aa (D (i E ab x F aa j r s i v d G o d x r z H p w p) I J a o d K g L M N O m x r e aa i P Q R S ac w T x ad v j U ad m aa n) f b b aa y V aa W X Y Z AA AB r AC AD AE ad AF AG q o p a AH AI t d z p u aa) AJ))))))))
A (v (g (B (p (e (f (b (C (i (k b x d ac ac e b r ad) ad o s m z k v g a s ab x t q f x c s y f r y g t d w f j ac (k b x d ac ac e b r ad) z n b t j h b aa f aa (D (i E ab x F aa j r s i v d G o d x r z H p w p) I J a o d K g L M N O m x r e aa i P Q R S ac w T x ad v j U ad m aa n) f b b aa y V aa W X Y Z AA AB r AC AD AE ad AF AG q o p a AH AI t d z p u aa) AJ))))))))
A (v (g (B (p (e (f (b (C (j a w w f j ac (k b x d ac ac e b r ad) ad o s m z k v g a s ab x t q f x c s y f r y g t d w f j ac (k b x d ac ac e b r ad) z n b t j h b aa f aa (D (i E ab x F aa j r s i v d G o d x r z H p w p) I J a o d K g L M N O m x r e aa i P Q R S ac w T x ad v j U ad m aa n) f b b aa y V aa W X Y Z AA AB r AC AD AE ad AF AG q o p a AH AI t d z p u aa) AJ))))))))
A (v (g (B (p (e (f (b (C (p t z f x c s y f r y g t d w f j ac (k b x d ac ac e b r ad) ad o s m z k v g a s ab x t q f x c s y f r y g t d w f j ac (k b x d ac ac e b r ad) z n b t j h b aa f aa (D (i E ab x F aa j r s i v d G o d x r z H p w p) I J a o d K g L M N O m x r e aa i P Q R S ac w T x ad v j U ad m aa n) f b b aa y V aa W X Y Z AA AB r AC AD AE ad AF AG q o p a AH AI t d z p u aa) AJ))))))))
A (v (g (B (p (e (f (b (C (w d n a ad o s m z k v g a s ab x t q f x c s y f r y g t d w f j ac (k b x d ac ac e b r ad) ad o s m z k v g a s ab x t q f x c s y f r y g t d w f j ac (k b x d ac ac e b r ad) z n b t j h b aa f aa (D (i E ab x F aa j r s i v d G o d x r z H p w p) I J a o d K g L M N O m x r e aa i P Q R S ac w T x ad v j U ad m aa n) f b b aa y V aa W X Y Z AA AB r AC AD AE ad AF AG q o p a AH AI t d z p u aa) AJ))))))))
A (v (g (B (p (e (f (b (C (s m m d n a ad o s m z k v g a s ab x t q f x c s y f r y g t d w f j ac (k b x d ac ac e b r ad) ad o s m z k v g a s ab x t q f x c s y f r y g t d w f j ac (k b x d ac ac e b r ad) z n b t j h b aa f aa (D (i E ab x F aa j r s i v d G o d x r z H p w p) I J a o d K g L M N O m x r e aa i P Q R S ac w T x ad v j U ad m aa n) f b b aa y V aa W X Y Z AA AB r AC AD AE ad AF AG q o p a AH AI t d z p u aa) AJ))))))))
A (v (g (B (p (e (f (b (C (a (u (z p a c v b v o p) t e i aa v l r) d n a ad o s m z k v g a s ab x t q f x c s y f r y g t d w f j ac (k b x d ac ac e b r ad) ad o s m z k v g a s ab x t q f x c s y f r y g t d w f j ac (k b x d ac ac e b r ad) z n b t j h b aa f aa (D (i E ab x F aa j r s i v d G o d x r z H p w p) I J a o d K g L M N O m x r e aa i P Q R S ac w T x ad v j U ad m aa n) f b b aa y V aa W X Y Z AA AB r AC AD AE ad AF AG q o p a AH AI t d z p u aa) AJ))))))))
A (v (g (B (p (e (f (b (C (h l i d k r a ad o s m z k v g a s ab x t q f x c s y f r y g t d w f j ac (k b x d ac ac e b r ad) ad o s m z k v g a s ab x t q f x c s y f r y g t d w f j ac (k b x d ac ac e b r ad) z n b t j h b aa f aa (D (i E ab x F aa j r s i v d G o d x r z H p w p) I J a o d K g L M N O m x r e aa i P Q R S ac w T x ad v j U ad m aa n) f b b aa y V aa W X Y Z AA AB r AC AD AE ad AF AG q o p a AH AI t d z p u aa) AJ))))))))
A (v (g (B (p (e (f (b (C (o (m u g v) t a ad o s m z k v g a s ab x t q f x c s y f r y g t d w f j ac (k b x d ac ac e b r ad) ad o s m z k v g a s ab x t q f x c s y f r y g t d w f j ac (k b x d ac ac e b r ad) z n b t j h b aa f aa (D (i E ab x F aa j r s i v d G o d x r z H p w p) I J a o d K g L M N O m x r e aa i P Q R S ac w T x ad v j U ad m aa n) f b b aa y V aa W X Y Z AA AB r AC AD AE ad AF AG q o p a AH AI t d z p u aa) AJ))))))))
A (v (g (B (p (e (f (b (C (i (k b x d ac ac e b r ad) ad o s m z k v g a s ab x t q f x c s y f r y g t d w f j ac (k b x d ac ac e b r ad) ad o s m z k v g a s ab x t q f x c s y f r y g t d w f j ac (k b x d ac ac e b r ad) z n b t j h b aa f aa (D (i E ab x F aa j r s i v d G o d x r z H p w p) I J a o d K g L M N O m x r e aa i P Q R S ac w T x ad v j U ad m aa n) f b b aa y V aa W X Y Z AA AB r AC AD AE ad AF AG q o p a AH AI t d z p u aa) AJ))))))))
A (v (g (B (p (e (f (b (C (j a w w f j ac (k b x d ac ac e b r ad) ad o s m z k v g a s ab x t q f x c s y f r y g t d w f j ac (k b x d ac ac e b r ad) ad o s m z k v g a s ab x t q f x c s y f r y g t d w f j ac (k b x d ac ac e b r ad) z n b t j h b aa f aa (D (i E ab x F aa j r s i v d G o d x r z H p w p) I J a o d K g L M N O m x r e aa i P Q R S ac w T x ad v j U ad m aa n) f b b aa y V aa W X Y Z AA AB r AC AD AE ad AF AG q o p a AH AI t d z p u aa) AJ))))))))
A (v (g (B (p (e (f (b (C (p t z f x c s y f r y g t d w f j ac (k b x d ac ac e b r ad) ad o s m z k v g a s ab x t q f x c s y f r y g t d w f j ac (k b x d ac ac e b r ad) ad o s m z k v g a s ab x t q f x c s y f r y g t d w f j ac (k b x d ac ac e b r ad) z n b t j h b aa f aa (D (i E ab x F aa j r s i v d G o d x r z H p w p) I J a o d K g L M N O m x r e aa i P Q R S ac w T x ad v j U ad m aa n) f b b aa y V aa W X Y Z AA AB r AC AD AE ad AF AG q o p a AH AI t d z p u aa) AJ))))))))
A (v (g (B (p (e (f (b (C (w d n a ad o s m z k v g a s ab x t q f x c s y f r y g t d w f j ac (k b x d ac ac e b r ad) ad o s m z k v g a s ab x t q f x c s y f r y g t d w f j ac (k b x d ac ac e b r ad) ad o s m z k v g a s ab x t q f x c s y f r y g t d w f j ac (k b x d ac ac e b r ad) z n b t j h b aa f aa (D (i E ab x F aa j r s i v d G o d x r z H p w p) I J a o d K g L M N O m x r e aa i P Q R S ac w T x ad v j U ad m aa n) f b b aa y V aa W X Y Z AA AB r AC AD AE ad AF AG q o p a AH AI t d z p u aa) AJ))))))))
A (v (g (B (p (e (f (b (C (s m m d n a ad o s m z k v g a s ab x t q f x c s y f r y g t d w f j ac (k b x d ac ac e b r ad) ad o s m z k v g a s ab x t q f x c s y f r y g t d w f j ac (k b x d ac ac e b r ad) ad o s m z k v g a s ab x t q f x c s y f r y g t d w f j ac (k b x d ac ac e b r ad) z n b t j h b aa f aa (D (i E ab x F aa j r s i v d G o d x r z H p w p) I J a o d K g L M N O m x r e aa i P Q R S ac w T x ad v j U ad m aa n) f b b aa y V aa W X Y Z AA AB r AC AD AE ad AF AG q o p a AH AI t d z p u aa) AJ))))))))
A (v (g (B (p (e (f (b (C (a (u (z p a c v b v o p) t e i aa v l r) d n a ad o s m z k v g a s ab x t q f x c s y f r y g t d w f j ac (k b x d ac ac e b r ad) ad o s m z k v g a s ab x t q f x c s y f r y g t d w f j ac (k b x d ac ac e b r ad) ad o s m z k v g a s ab x t q f x c s y f r y g t d w f j ac (k b x d ac ac e b r ad) z n b t j h b aa f aa (D (i E ab x F aa j r s i v d G o d x r z H p w p) I J a o d K g L M N O m x r e aa i P Q R S ac w T x ad v j U ad m aa n) f b b aa y V aa W X Y Z AA AB r AC AD AE ad AF AG q o p a AH AI t d z p u aa) AJ))))))))
A (v (g (B (p (e (f (b (C (h l i d k r a ad o s m z k v g a s ab x t q f x c s y f r y g t d w f j ac (k b x d ac ac e b r ad) ad o s m z k v g a s ab x t q f x c s y f r y g t d w f j ac (k b x d ac ac e b r ad) ad o s m z k v g a s ab x t q f x c s y f r y g t d w f j ac (k b x d ac ac e b r ad) z n b t j h b aa f aa (D (i E ab x F aa j r s i v d G o d x r z H p w p) I J a o d K g L M N O m x r e aa i P Q R S ac w T x ad v j U ad m aa n) f b b aa y V aa W X Y Z AA AB r AC AD AE ad AF AG q o p a AH AI t d z p u aa) AJ))))))))
A (v (g (B (p (e (f (b (C (o (m u g v) t a ad o s m z k v g a s ab x t q f x c s y f r y g t d w f j ac (k b x d ac ac e b r ad) ad o s m z k v g a s ab x t q f x c s y f r y g t d w f j ac (k b x d ac ac e b r ad) ad o s m z k v g a s ab x t q f x c s y f r y g t d w f j ac (k b x d ac ac e b r ad) z n b t j h b aa f aa (D (i E ab x F aa j r s i v d G o d x r z H p w p) I J a o d K g L M N O m x r e aa i P Q R S ac w T x ad v j U ad m aa n) f b b aa y V aa W X Y Z AA AB r AC AD AE ad AF AG q o p a AH AI t d z p u aa) AJ))))))))
A (v (g (B (p (e (f (b (C (i (k b x d ac ac e b r ad) ad o s m z k v g a s ab x t q f x c s y f r y g t d w f j ac (k b x d ac ac e b r ad) ad o s m z k v g a s ab x t q f x c s y f r y g t d w f j ac (k b x d ac ac e b r ad) ad o s m z k v g a s ab x t q f x c s y f r y g t d w f j ac (k b x d ac ac e b r ad) z n b t j h b aa f aa (D (i E ab x F aa j r s i v d G o d x r z H p w p) I J a o d K g L M N O m x r e aa i P Q R S ac w T x ad v j U ad m aa n) f b b aa y V aa W X Y Z AA AB r AC AD AE ad AF AG q o p a AH AI t d z p u aa) AJ))))))))


