a ae ac (w b o c ac m w v s c w h ab r d z)
b ae i ad s
c ah af ag ae a (r s) af k t aa u e af
d ah ag af ae ab k e s ac e
e n (y d) (w q) g z x j k o j
f af ah ae ag ai aj af y z d e d k x aa aa a ad c d v
g af ae ag ae (ad (p q e z k) k n f aa b x ad) k e
h af ae ag ah k (ae e u q d ac n k x aa t s e s e ag q)
i ae af ac (e s g d ab c m n k) ab x t w z l x
j ai ah ag af aj ae ah (i aa i ad m l i o e p w l r o ad p n)
k aj af ae ai ah ag x aa i p aa i z u ac v i c ab h s ad x
l ae g (z c) o h q ab ac
m ae g n k (d z u e d k ae v ae v z y u)
n ai ag aj af ah ae f (j (ab t m p o h aa x e))
o ae ad (s (s a u x) ac t) ae n aa a i x s y c g
p ae aa (ac (z t k x f o y)) c d q u i i f o
q ah af ag ae d ad z t ac af v ad z i w y o
r ae af x (l b y) x af q z k e j v k o x w
s ae af f af aa f b d
t ah ai af ae ag v (d (o l r s v u ab a b b ad y v d b l))
u ae ag ah af aj ai z (ac o r e s k p ad aa x v s t p) k v s
v u (r f r a z p) p u ac ab m ac aa f s
w ai ae ag ah af n aa j ai x z q e s ad
x ag ae af ah n b i b aa ah
y ae j (c s (g g)) (u t s d) d r i i b p aa ac
z af ag ae ai ah j (t q y s i p)
aa af ae ah ag s (r (ac t c m x e) b b u c l)
ab l o u q d j n z g y q o h
ac af ai ae ah ag ab b (aa f y p m a e)
ad ae ah aj af ag ai q (l (ah (y (m m g)) (l z aa)) i e n aa b h y t)
main A (j (B (b (C (D y (p (u (E (F (ad (G (H (g I J w) aa j x) h u c) v f u K L M N O u w ab j P Q R w n d a e S T U V v W X Y b g Z c o) AA AB j q b AC x d e) i j AD AE AF AG AH l g z g ad o p AI AJ ac AK AL o AM AN AO x) t c aa q y c z k z AP)))))))
------------------------------------------------------------
A (j (B (b (C (D y (p (u (E (F (ad (G (H (g I J w) aa j x) h u c) v f u K L M N O u w ab j P Q R w n d a e S T U V v W X Y b g Z c o) AA AB j q b AC x d e) i j AD AE AF AG AH l g z g ad o p AI AJ ac AK AL o AM AN AO x) t c aa q y c z k z AP)))))))
A (j (B (i ad s)))
A (j (B (ac (e s g d ab c m n k) ab x t w z l x)))
A (j (B (ab b (aa f y p m a e) z l x)))
A (j (B (l o u q d j n z g y q o h b (aa f y p m a e) z l x)))
A (j (B (g (z c) o h q ab ac u q d j n z g y q o h b (aa f y p m a e) z l x)))
A (j (B (o (ad (p q e z k) k n f aa b x ad) k e q ab ac u q d j n z g y q o h b (aa f y p m a e) z l x)))
A (j (B (ad (s (s a u x) ac t) (ad (p q e z k) k n f aa b x ad) n aa a i x s y c g k e q ab ac u q d j n z g y q o h b (aa f y p m a e) z l x)))
A (j (B (q (l (ad (p q e z k) k n f aa b x ad (y (m m g)) (l z aa)) i e n aa b h y t) x s y c g k e q ab ac u q d j n z g y q o h b (aa f y p m a e) z l x)))
A (j (B (d ad z t ac x v ad z i w y o c g k e q ab ac u q d j n z g y q o h b (aa f y p m a e) z l x)))
A (j (B (ab k e s ac e x v ad z i w y o c g k e q ab ac u q d j n z g y q o h b (aa f y p m a e) z l x)))
A (j (B (l o u q d j n z g y q o h k e s ac e x v ad z i w y o c g k e q ab ac u q d j n z g y q o h b (aa f y p m a e) z l x)))
A (j (B (g (z c) o h q ab ac u q d j n z g y q o h k e s ac e x v ad z i w y o c g k e q ab ac u q d j n z g y q o h b (aa f y p m a e) z l x)))
A (j (B (o (ad (p q e z k) k n f aa b x ad) k e q ab ac u q d j n z g y q o h k e s ac e x v ad z i w y o c g k e q ab ac u q d j n z g y q o h b (aa f y p m a e) z l x)))
A (j (B (ad (s (s a u x) ac t) (ad (p q e z k) k n f aa b x ad) n aa a i x s y c g k e q ab ac u q d j n z g y q o h k e s ac e x v ad z i w y o c g k e q ab ac u q d j n z g y q o h b (aa f y p m a e) z l x)))
A (j (B (q (l (ad (p q e z k) k n f aa b x ad (y (m m g)) (l z aa)) i e n aa b h y t) x s y c g k e q ab ac u q d j n z g y q o h k e s ac e x v ad z i w y o c g k e q ab ac u q d j n z g y q o h b (aa f y p m a e) z l x)))
A (j (B (d ad z t ac x v ad z i w y o c g k e q ab ac u q d j n z g y q o h k e s ac e x v ad z i w y o c g k e q ab ac u q d j n z g y q o h b (aa f y p m a e) z l x)))
A (j (B (ab k e s ac e x v ad z i w y o c g k e q ab ac u q d j n z g y q o h k e s ac e x v ad z i w y o c g k e q ab ac u q d j n z g y q o h b (aa f y p m a e) z l x)))
A (j (B (l o u q d j n z g y q o h k e s ac e x v ad z i w y o c g k e q ab ac u q d j n z g y q o h k e s ac e x v ad z i w y o c g k e q ab ac u q d j n z g y q o h b (aa f y p m a e) z l x)))
A (j (B (g (z c) o h q ab ac u q d j n z g y q o h k e s ac e x v ad z i w y o c g k e q ab ac u q d j n z g y q o h k e s ac e x v ad z i w y o c g k e q ab ac u q d j n z g y q o h b (aa f y p m a e) z l x)))
A (j (B (o (ad (p q e z k) k n f aa b x ad) k e q ab ac u q d j n z g y q o h k e s ac e x v ad z i w y o c g k e q ab ac u q d j n z g y q o h k e s ac e x v ad z i w y o c g k e q ab ac u q d j n z g y q o h b (aa f y p m a e) z l x)))
A (j (B (ad (s (s a u x) ac t) (ad (p q e z k) k n f aa b x ad) n aa a i x s y c g k e q ab ac u q d j n z g y q o h k e s ac e x v ad z i w y o c g k e q ab ac u q d j n z g y q o h k e s ac e x v ad z i w y o c g k e q ab ac u q d j n z g y q o h b (aa f y p m a e) z l x)))
A (j (B (q (l (ad (p q e z k) k n f aa b x ad (y (m m g)) (l z aa)) i e n aa b h y t) x s y c g k e q ab ac u q d j n z g y q o h k e s ac e x v ad z i w y o c g k e q ab ac u q d j n z g y q o h k e s ac e x v ad z i w y o c g k e q ab ac u q d j n z g y q o h b (aa f y p m a e) z l x)))
A (j (B (d ad z t ac x v ad z i w y o c g k e q ab ac u q d j n z g y q o h k e s ac e x v ad z i w y o c g k e q ab ac u q d j n z g y q o h k e s ac e x v ad z i w y o c g k e q ab ac u q d j n z g y q o h b (aa f y p m a e) z l x)))
A (j (B (ab k e s ac e x v ad z i w y o c g k e q ab ac u q d j n z g y q o h k e s ac e x v ad z i w y o c g k e q ab ac u q d j n z g y q o h k e s ac e x v ad z i w y o c g k e q ab ac u q d j n z g y q o h b (aa f y p m a e) z l x)))
A (j (B (l o u q d j n z g y q o h k e s ac e x v ad z i w y o c g k e q ab ac u q d j n z g y q o h k e s ac e x v ad z i w y o c g k e q ab ac u q d j n z g y q o h k e s ac e x v ad z i w y o c g k e q ab ac u q d j n z g y q o h b (aa f y p m a e) z l x)))
A (j (B (g (z c) o h q ab ac u q d j n z g y q o h k e s ac e x v ad z i w y o c g k e q ab ac u q d j n z g y q o h k e s ac e x v ad z i w y o c g k e q ab ac u q d j n z g y q o h k e s ac e x v ad z i w y o c g k e q ab ac u q d j n z g y q o h b (aa f y p m a e) z l x)))
A (j (B (o (ad (p q e z k) k n f aa b x ad) k e q ab ac u q d j n z g y q o h k e s ac e x v ad z i w y o c g k e q ab ac u q d j n z g y q o h k e s ac e x v ad z i w y o c g k e q ab ac u q d j n z g y q o h k e s ac e x v ad z i w y o c g k e q ab ac u q d j n z g y q o h b (aa f y p m a e) z l x)))
A (j (B (ad (s (s a u x) ac t) (ad (p q e z k) k n f aa b x ad) n aa a i x s y c g k e q ab ac u q d j n z g y q o h k e s ac e x v ad z i w y o c g k e q ab ac u q d j n z g y q o h k e s ac e x v ad z i w y o c g k e q ab ac u q d j n z g y q o h k e s ac e x v ad z i w y o c g k e q ab ac u q d j n z g y q o h b (aa f y p m a e) z l x)))
A (j (B (q (l (ad (p q e z k) k n f aa b x ad (y (m m g)) (l z aa)) i e n aa b h y t) x s y c g k e q ab ac u q d j n z g y q o h k e s ac e x v ad z i w y o c g k e q ab ac u q d j n z g y q o h k e s ac e x v ad z i w y o c g k e q ab ac u q d j n z g y q o h k e s ac e x v ad z i w y o c g k e q ab ac u q d j n z g y q o h b (aa f y p m a e) z l x)))


