a ae p r x j ae p b s n ae v ac e b p x
b ad (t q n z e r ab f z m)
c ae t e j y (l m) t x k ac v
d ae af y (i v n i n m i t f g aa h) e v
e ae ad (w v (l ab w u) c i c s t ad) a o u
f ae af ag p (m m o p c c t d) o aa c t u
g af ah ai ag ae z (w y r ab f o x ab i k o aa i)
h ae ah af ag c (af (ad q w) (g m) l e q g p a) ad
i h p t p c f a e z m o s t t z e h m
j ae af o (z y i u) n v e
k ag aj ae ah af ai g (s (d a n c (t t) b j o s f) x i m)
l y ab d n r ad
m ae k (o u h d v e) ac f d g
n aa r y i p d h c ab k m t k o aa y
o n (m d p ab ad p b x k ab) t p x u
p ae o (d (j ae d w ad o ab w h n u w g))
q af ae ag ai ah aj c (w (f o) y f ad s)
r ah ag ae af ai o l o b k n p
s v n d h v m l x r k x aa k g w c t
t ah af ae ag d (m v) l m ag e z g m
u af ag ah ae j ag (y j w m n k d q h ad n y p) k q
v aj af ag ah ae ai p z ae m x u o a f ac s h x w j ab y
w ae af ag ah j c b n o l v m e v s aa y
x af ai aj ag ah ae n k ac y
y af ag ae ah e (b c z o) ah o p q
z k aa j g
aa ae ag af ah ai n (ah (a i z a c af g) c o q d)
ab ag ah aj ae af ai u k b r c y d ae ah t d p e k j ac m
ac af ae j
ad ae d (i g (z e) s q w j j i)
main j (b (c (A (m (B (z (C (D (b (E (m v d ab m o k j F G d H I J f f K L a j o l M N r O w z h P Q e R x p e) z S y T k) l r a v b U V W r X Y z x p Z AA AB AC AD AE ab AF a) c AG m AH AI AJ AK l ab AL n AM AN l g AO AP d n s AQ h l z c))))))))
------------------------------------------------------------
j (b (c (A (m (B (z (C (D (b (E (m v d ab m o k j F G d H I J f f K L a j o l M N r O w z h P Q e R x p e) z S y T k) l r a v b U V W r X Y z x p Z AA AB AC AD AE ab AF a) c AG m AH AI AJ AK l ab AL n AM AN l g AO AP d n s AQ h l z c))))))))
j (ad (t q n z e r ab f z m) (c (A (m (B (z (C (D (b (E (m v d ab m o k j F G d H I J f f K L a j o l M N r O w z h P Q e R x p e) z S y T k) l r a v b U V W r X Y z x p Z AA AB AC AD AE ab AF a) c AG m AH AI AJ AK l ab AL n AM AN l g AO AP d n s AQ h l z c))))))))
j (d (i g (z e) s q w j j i) (c (A (m (B (z (C (D (b (E (m v d ab m o k j F G d H I J f f K L a j o l M N r O w z h P Q e R x p e) z S y T k) l r a v b U V W r X Y z x p Z AA AB AC AD AE ab AF a) c AG m AH AI AJ AK l ab AL n AM AN l g AO AP d n s AQ h l z c))))))))
j (y (i v n i n m i t f g aa h) e v)
j (y (h p t p c f a e z m o s t t z e h m v n i n m i t f g aa h) e v)
j (y (c (p (ad q w) (g m) l e q g p a) ad f a e z m o s t t z e h m v n i n m i t f g aa h) e v)
j (y (t e j y (l m) t x k ac v ad f a e z m o s t t z e h m v n i n m i t f g aa h) e v)
j (y (d (m v) l m (l m) e z g m t x k ac v ad f a e z m o s t t z e h m v n i n m i t f g aa h) e v)
j (y (y (i v n i n m i t f g aa h) e v m (l m) e z g m t x k ac v ad f a e z m o s t t z e h m v n i n m i t f g aa h) e v)
j (y (e (b c z o) m o p q (l m) e z g m t x k ac v ad f a e z m o s t t z e h m v n i n m i t f g aa h) e v)
j (y (ad (w v (l ab w u) c i c s t ad) a o u m o p q (l m) e z g m t x k ac v ad f a e z m o s t t z e h m v n i n m i t f g aa h) e v)
j (y (d (i g (z e) s q w j j i) a o u m o p q (l m) e z g m t x k ac v ad f a e z m o s t t z e h m v n i n m i t f g aa h) e v)
j (y (y (i v n i n m i t f g aa h) e v o u m o p q (l m) e z g m t x k ac v ad f a e z m o s t t z e h m v n i n m i t f g aa h) e v)
j (y (e (b c z o) o o p q u m o p q (l m) e z g m t x k ac v ad f a e z m o s t t z e h m v n i n m i t f g aa h) e v)
j (y (ad (w v (l ab w u) c i c s t ad) a o u o o p q u m o p q (l m) e z g m t x k ac v ad f a e z m o s t t z e h m v n i n m i t f g aa h) e v)
j (y (d (i g (z e) s q w j j i) a o u o o p q u m o p q (l m) e z g m t x k ac v ad f a e z m o s t t z e h m v n i n m i t f g aa h) e v)
j (y (y (i v n i n m i t f g aa h) e v o u o o p q u m o p q (l m) e z g m t x k ac v ad f a e z m o s t t z e h m v n i n m i t f g aa h) e v)
j (y (e (b c z o) o o p q u o o p q u m o p q (l m) e z g m t x k ac v ad f a e z m o s t t z e h m v n i n m i t f g aa h) e v)
j (y (ad (w v (l ab w u) c i c s t ad) a o u o o p q u o o p q u m o p q (l m) e z g m t x k ac v ad f a e z m o s t t z e h m v n i n m i t f g aa h) e v)
j (y (d (i g (z e) s q w j j i) a o u o o p q u o o p q u m o p q (l m) e z g m t x k ac v ad f a e z m o s t t z e h m v n i n m i t f g aa h) e v)
j (y (y (i v n i n m i t f g aa h) e v o u o o p q u o o p q u m o p q (l m) e z g m t x k ac v ad f a e z m o s t t z e h m v n i n m i t f g aa h) e v)
j (y (e (b c z o) o o p q u o o p q u o o p q u m o p q (l m) e z g m t x k ac v ad f a e z m o s t t z e h m v n i n m i t f g aa h) e v)
j (y (ad (w v (l ab w u) c i c s t ad) a o u o o p q u o o p q u o o p q u m o p q (l m) e z g m t x k ac v ad f a e z m o s t t z e h m v n i n m i t f g aa h) e v)
j (y (d (i g (z e) s q w j j i) a o u o o p q u o o p q u o o p q u m o p q (l m) e z g m t x k ac v ad f a e z m o s t t z e h m v n i n m i t f g aa h) e v)
j (y (y (i v n i n m i t f g aa h) e v o u o o p q u o o p q u o o p q u m o p q (l m) e z g m t x k ac v ad f a e z m o s t t z e h m v n i n m i t f g aa h) e v)
j (y (e (b c z o) o o p q u o o p q u o o p q u o o p q u m o p q (l m) e z g m t x k ac v ad f a e z m o s t t z e h m v n i n m i t f g aa h) e v)
j (y (ad (w v (l ab w u) c i c s t ad) a o u o o p q u o o p q u o o p q u o o p q u m o p q (l m) e z g m t x k ac v ad f a e z m o s t t z e h m v n i n m i t f g aa h) e v)
j (y (d (i g (z e) s q w j j i) a o u o o p q u o o p q u o o p q u o o p q u m o p q (l m) e z g m t x k ac v ad f a e z m o s t t z e h m v n i n m i t f g aa h) e v)
j (y (y (i v n i n m i t f g aa h) e v o u o o p q u o o p q u o o p q u o o p q u m o p q (l m) e z g m t x k ac v ad f a e z m o s t t z e h m v n i n m i t f g aa h) e v)
j (y (e (b c z o) o o p q u o o p q u o o p q u o o p q u o o p q u m o p q (l m) e z g m t x k ac v ad f a e z m o s t t z e h m v n i n m i t f g aa h) e v)


