a ae ag ah ai af aj = f (d r b f e o ai g b)
b ae af ag = s (i ae s y g) x ag ab j a o
c ah ae ag af ai aj = e (ai e z ac n t u y y g i aa ah f) aj
d ae ag af = u (n b x c s r r n j) p s z h h g
e ae ag ah af = h (ab (d g j) z b d w f g q) f h z s
f af ae = g (n (j ae j j af o) q q af af) u u z
g ae = ad (b (t k ab c v q) r c j) r j t ad m t i
h af ae = g (j o) w t s b v ae n
i ah ae ag af = b (c (o d ac) x f e e k j ah d) o n p
j = r m c n f y y n f y u r aa z
k = x (y (p y aa a b v z ac n t t z) d u)
l ag aj ae ai ah af = i o i
m ag ah af ae = b (p l r ac d f v p u i ac c)
n ag ae af = t ab h aa t ad ac k i m e b w j c
o ae af = p d aa g r ab h p i h j
p ae ag af = r (r (k j o h c y ac k ac) aa af e d h ae) e
q ah ae ag ai af aj = ae z (ac (s (o y ad e z v o)) c g)
r af ag ae = q i (af j c) t
s ae ag af ai ah = v (k aa o a ac) c e y k h e
t af ae ag ah = j (m (k ad m af v ag ab n e))
u ae af ai ah ag = z q c g v f r aa ai r f l z d z k w y
v ae ag af = c r s l j w y d b n j aa
w = ad (e (y l ab p t) ac) (i m u) n c
x ah af ai aj ag ae = m o l c v j
y = v ac h u ad h p j
z = ab (s i p e p h s l l c) aa s c l
aa ai af ae ag ah aj = o (y ab y ai q t g ab ac n n n) k m ac c u
ab ae = n (h p r ad c l aa p c z ac ad i)
ac = j i d n r k l
ad ae ag ai af ah = ac z o
main = f (A (f (a (o (B (C (D E F u d e g ac G H I h v n J K L M j h ab N s l s ab O P Q R e t t j aa c n k j t S g T U V v o W X e o d v k k Y s Z AA k a z i y AB AC AD q u AE AF AG b q z AH g AI ad AJ AK AL AM AN AO AP AQ ab w z w k n)))))))
------------------------------------------------------------
f (A (f (a (o (B (C (D E F u d e g ac G H I h v n J K L M j h ab N s l s ab O P Q R e t t j aa c n k j t S g T U V v o W X e o d v k k Y s Z AA k a z i y AB AC AD q u AE AF AG b q z AH g AI ad AJ AK AL AM AN AO AP AQ ab w z w k n)))))))


