a ag ae af aa (h (w v o) ac t g e q y n g ae i j e r)
b af ag ae ah ac (z u) p p u i c v w
c ag af ae aj ah ai b v d ad z s aa x a z k r x s ag
d ai ah ae ag af ad (l (f p (l aa k) ac y ad q f) h)
e af ag ae ah t (o d) (p k) m ab i k ah v v
f ae n o ab r ac ab u y l ae y c x
g af ae n (s (r (v t (y t) ac y m z aa f q) f y) u y)
h ag ae ai ah af v ab w o x b a f y j aa o j i g ac
i h (c n f y w ad m u l y u x)
j af ae s h q k s ac d u z p
k ae af l m a z e c x b t c ab y y ad t z o
l af ag ae k (j x q) b m o z u
m ae af ag g n e u y u t aa s
n ag af ae g w c m ag c q i d b f s q
o ag af ae b (ag b ad ab b t a z f m h q e ab p)
p af ae i (i x) ae x ac y
q ag af ae i (s (w v ac ad m r e n i ad) g j l)
r af ae y (d (v af p f s af z aa o i)) l e d d
s ab (i m ad l f z u i j v n ac u)
t ae ag af ah s (k d) (ac y) o r w f v f
u ag af ae z (l (s m b n v f t c q d)) q x
v ae af e (m (af e m w ac j w) b y a h x p b p)
w x c ac m q q
x j (r (w (a p s) (m o) aa s) l g n j i m)
y ae af ag ac d q ac (z s) x u b a ad e t m n
z af ae ag n (r m t o ac v t j v s ae f v af x q ab)
aa ag ae af ah d k l w v
ab ae j (j (q (f m p q c ad ad) p f) e aa f s)
ac ai ag af ah ae a (a x) l v c af v p
ad v h f c k e h d t c c b
main r (m (A B (ab (o (C (D (w (w (E (F (q (z (i (ab (h G H I J K aa n L w)) m M ab aa m a) N O r) m P p q Q y R S n k x T j U V W j d) X Y Z AA g p a i f v z) c w o AB z AC p AD v AE y AF l f s AG q n AH AI AJ r e aa AK aa t w n AL AM AN AO o ad aa)))))))))
------------------------------------------------------------
r (m (A B (ab (o (C (D (w (w (E (F (q (z (i (ab (h G H I J K aa n L w)) m M ab aa m a) N O r) m P p q Q y R S n k x T j U V W j d) X Y Z AA g p a i f v z) c w o AB z AC p AD v AE y AF l f s AG q n AH AI AJ r e aa AK aa t w n AL AM AN AO o ad aa)))))))))
r (m (A B (j (j (q (f m p q c ad ad) p f) e aa f s))))
r (m (A B (j (s h q k s ac d u z p aa f s))))
r (m (A B (j (ab (i m ad l f z u i j v n ac u) h q k s ac d u z p aa f s))))
r (m (A B (j (j (j (q (f m p q c ad ad) p f) e aa f s) h q k s ac d u z p aa f s))))
r (m (A B (j (s h q k s ac d u z p q k s ac d u z p aa f s))))
r (m (A B (j (ab (i m ad l f z u i j v n ac u) h q k s ac d u z p q k s ac d u z p aa f s))))
r (m (A B (j (j (j (q (f m p q c ad ad) p f) e aa f s) h q k s ac d u z p q k s ac d u z p aa f s))))
r (m (A B (j (s h q k s ac d u z p q k s ac d u z p q k s ac d u z p aa f s))))
r (m (A B (j (ab (i m ad l f z u i j v n ac u) h q k s ac d u z p q k s ac d u z p q k s ac d u z p aa f s))))
r (m (A B (j (j (j (q (f m p q c ad ad) p f) e aa f s) h q k s ac d u z p q k s ac d u z p q k s ac d u z p aa f s))))
r (m (A B (j (s h q k s ac d u z p q k s ac d u z p q k s ac d u z p q k s ac d u z p aa f s))))
r (m (A B (j (ab (i m ad l f z u i j v n ac u) h q k s ac d u z p q k s ac d u z p q k s ac d u z p q k s ac d u z p aa f s))))
r (m (A B (j (j (j (q (f m p q c ad ad) p f) e aa f s) h q k s ac d u z p q k s ac d u z p q k s ac d u z p q k s ac d u z p aa f s))))
r (m (A B (j (s h q k s ac d u z p q k s ac d u z p q k s ac d u z p q k s ac d u z p q k s ac d u z p aa f s))))
r (m (A B (j (ab (i m ad l f z u i j v n ac u) h q k s ac d u z p q k s ac d u z p q k s ac d u z p q k s ac d u z p q k s ac d u z p aa f s))))
r (m (A B (j (j (j (q (f m p q c ad ad) p f) e aa f s) h q k s ac d u z p q k s ac d u z p q k s ac d u z p q k s ac d u z p q k s ac d u z p aa f s))))
r (m (A B (j (s h q k s ac d u z p q k s ac d u z p q k s ac d u z p q k s ac d u z p q k s ac d u z p q k s ac d u z p aa f s))))
r (m (A B (j (ab (i m ad l f z u i j v n ac u) h q k s ac d u z p q k s ac d u z p q k s ac d u z p q k s ac d u z p q k s ac d u z p q k s ac d u z p aa f s))))
r (m (A B (j (j (j (q (f m p q c ad ad) p f) e aa f s) h q k s ac d u z p q k s ac d u z p q k s ac d u z p q k s ac d u z p q k s ac d u z p q k s ac d u z p aa f s))))
r (m (A B (j (s h q k s ac d u z p q k s ac d u z p q k s ac d u z p q k s ac d u z p q k s ac d u z p q k s ac d u z p q k s ac d u z p aa f s))))
r (m (A B (j (ab (i m ad l f z u i j v n ac u) h q k s ac d u z p q k s ac d u z p q k s ac d u z p q k s ac d u z p q k s ac d u z p q k s ac d u z p q k s ac d u z p aa f s))))
r (m (A B (j (j (j (q (f m p q c ad ad) p f) e aa f s) h q k s ac d u z p q k s ac d u z p q k s ac d u z p q k s ac d u z p q k s ac d u z p q k s ac d u z p q k s ac d u z p aa f s))))
r (m (A B (j (s h q k s ac d u z p q k s ac d u z p q k s ac d u z p q k s ac d u z p q k s ac d u z p q k s ac d u z p q k s ac d u z p q k s ac d u z p aa f s))))
r (m (A B (j (ab (i m ad l f z u i j v n ac u) h q k s ac d u z p q k s ac d u z p q k s ac d u z p q k s ac d u z p q k s ac d u z p q k s ac d u z p q k s ac d u z p q k s ac d u z p aa f s))))
r (m (A B (j (j (j (q (f m p q c ad ad) p f) e aa f s) h q k s ac d u z p q k s ac d u z p q k s ac d u z p q k s ac d u z p q k s ac d u z p q k s ac d u z p q k s ac d u z p q k s ac d u z p aa f s))))
r (m (A B (j (s h q k s ac d u z p q k s ac d u z p q k s ac d u z p q k s ac d u z p q k s ac d u z p q k s ac d u z p q k s ac d u z p q k s ac d u z p q k s ac d u z p aa f s))))
r (m (A B (j (ab (i m ad l f z u i j v n ac u) h q k s ac d u z p q k s ac d u z p q k s ac d u z p q k s ac d u z p q k s ac d u z p q k s ac d u z p q k s ac d u z p q k s ac d u z p q k s ac d u z p aa f s))))
r (m (A B (j (j (j (q (f m p q c ad ad) p f) e aa f s) h q k s ac d u z p q k s ac d u z p q k s ac d u z p q k s ac d u z p q k s ac d u z p q k s ac d u z p q k s ac d u z p q k s ac d u z p q k s ac d u z p aa f s))))
r (m (A B (j (s h q k s ac d u z p q k s ac d u z p q k s ac d u z p q k s ac d u z p q k s ac d u z p q k s ac d u z p q k s ac d u z p q k s ac d u z p q k s ac d u z p q k s ac d u z p aa f s))))


