a ae aa c
b i x j h j a (q ac)
c ae ag ah af d ag (n m ab m ah t)
d ah af ai ae ag p
e af ae q i m ad ac ac af k
f ae aa ae u h (ae b c)
g af ag ae ah ai aj w v n q p ag n v
h af ae ae y (a (q r) t) f af a
i ae ag ah af d (t (r e x o c y v ah))
j af ae ae r v z
k ae af l (o af) f
l k z q a q o
m ae af ag ai ah aj x
n ae q
o af ae ag ae l v x b l
p ah ag ae af d
q ag ae af ah m ab f p (y l)
r ae f p y v
s p r z v r ab z c i
t af ag ai ah ae aj ac q y (q s q)
u ag ae af h (y o h) y v
v ah af ag ai ae f (n u z o u f x e)
w m e ac r (v e a) ab
x s
y af ag ae ah x
z af ah ag ae ae b ah (u ag w r)
aa af ae ad y m (x (o h o) ab q)
ab ae p (y u (s u ae o t) aa j)
ac af ah ag ae e x (o (g s u) ag (u af q))
ad h q j o aa i
main j g (s w x e A (j k) a l) k B (C ac) t l D r E f e F s G j H I v J c z d K (L a e q) M t q y (b (N f O k ad j b (m ac k)) n (b ad) f w) ac P (Q j) aa ad x R (S (T l U (h (V (W m) (X Y (b v) z) (e Z) q o ac d (AA AB AC (AD (AE e ad r AF) k h m i v) o)))))
------------------------------------------------------------
j g (s w x e A (j k) a l) k B (C ac) t l D r E f e F s G j H I v J c z d K (L a e q) M t q y (b (N f O k ad j b (m ac k)) n (b ad) f w) ac P (Q j) aa ad x R (S (T l U (h (V (W m) (X Y (b v) z) (e Z) q o ac d (AA AB AC (AD (AE e ad r AF) k h m i v) o)))))
s w x e A (j k) a l r v z k B (C ac) t l D r E f e F s G j H I v J c z d K (L a e q) M t q y (b (N f O k ad j b (m ac k)) n (b ad) f w) ac P (Q j) aa ad x R (S (T l U (h (V (W m) (X Y (b v) z) (e Z) q o ac d (AA AB AC (AD (AE e ad r AF) k h m i v) o)))))
p r z v r ab z c i w x e A (j k) a l r v z k B (C ac) t l D r E f e F s G j H I v J c z d K (L a e q) M t q y (b (N f O k ad j b (m ac k)) n (b ad) f w) ac P (Q j) aa ad x R (S (T l U (h (V (W m) (X Y (b v) z) (e Z) q o ac d (AA AB AC (AD (AE e ad r AF) k h m i v) o)))))
d ab z c i w x e A (j k) a l r v z k B (C ac) t l D r E f e F s G j H I v J c z d K (L a e q) M t q y (b (N f O k ad j b (m ac k)) n (b ad) f w) ac P (Q j) aa ad x R (S (T l U (h (V (W m) (X Y (b v) z) (e Z) q o ac d (AA AB AC (AD (AE e ad r AF) k h m i v) o)))))
p x e A (j k) a l r v z k B (C ac) t l D r E f e F s G j H I v J c z d K (L a e q) M t q y (b (N f O k ad j b (m ac k)) n (b ad) f w) ac P (Q j) aa ad x R (S (T l U (h (V (W m) (X Y (b v) z) (e Z) q o ac d (AA AB AC (AD (AE e ad r AF) k h m i v) o)))))
d a l r v z k B (C ac) t l D r E f e F s G j H I v J c z d K (L a e q) M t q y (b (N f O k ad j b (m ac k)) n (b ad) f w) ac P (Q j) aa ad x R (S (T l U (h (V (W m) (X Y (b v) z) (e Z) q o ac d (AA AB AC (AD (AE e ad r AF) k h m i v) o)))))
p k B (C ac) t l D r E f e F s G j H I v J c z d K (L a e q) M t q y (b (N f O k ad j b (m ac k)) n (b ad) f w) ac P (Q j) aa ad x R (S (T l U (h (V (W m) (X Y (b v) z) (e Z) q o ac d (AA AB AC (AD (AE e ad r AF) k h m i v) o)))))
d l D r E f e F s G j H I v J c z d K (L a e q) M t q y (b (N f O k ad j b (m ac k)) n (b ad) f w) ac P (Q j) aa ad x R (S (T l U (h (V (W m) (X Y (b v) z) (e Z) q o ac d (AA AB AC (AD (AE e ad r AF) k h m i v) o)))))
p e F s G j H I v J c z d K (L a e q) M t q y (b (N f O k ad j b (m ac k)) n (b ad) f w) ac P (Q j) aa ad x R (S (T l U (h (V (W m) (X Y (b v) z) (e Z) q o ac d (AA AB AC (AD (AE e ad r AF) k h m i v) o)))))
d j H I v J c z d K (L a e q) M t q y (b (N f O k ad j b (m ac k)) n (b ad) f w) ac P (Q j) aa ad x R (S (T l U (h (V (W m) (X Y (b v) z) (e Z) q o ac d (AA AB AC (AD (AE e ad r AF) k h m i v) o)))))
p c z d K (L a e q) M t q y (b (N f O k ad j b (m ac k)) n (b ad) f w) ac P (Q j) aa ad x R (S (T l U (h (V (W m) (X Y (b v) z) (e Z) q o ac d (AA AB AC (AD (AE e ad r AF) k h m i v) o)))))
d (L a e q) M t q y (b (N f O k ad j b (m ac k)) n (b ad) f w) ac P (Q j) aa ad x R (S (T l U (h (V (W m) (X Y (b v) z) (e Z) q o ac d (AA AB AC (AD (AE e ad r AF) k h m i v) o)))))
p (b (N f O k ad j b (m ac k)) n (b ad) f w) ac P (Q j) aa ad x R (S (T l U (h (V (W m) (X Y (b v) z) (e Z) q o ac d (AA AB AC (AD (AE e ad r AF) k h m i v) o)))))
d aa ad x R (S (T l U (h (V (W m) (X Y (b v) z) (e Z) q o ac d (AA AB AC (AD (AE e ad r AF) k h m i v) o)))))
p


