a = x (t i q d e y m w aa)
b ae ag af = w c p m k s ag t u q d c r
c ag ae ah ai aj af = t (n ac n s o ab i) ad s w r f a
d ag ae ai af ah = ab (p (c k h n r x ac b z u a a aa z))
e ae af = w (x n) r z w b ac ab g j u f u o
f ag ah ae af = aa (ad x u j x q d r ab)
g = x d f n z a y n k t m p y s
h ag af ae = p (u c r o)
i = d m g o aa t c o u m h n p
j = x d f w q w ab k ab m f v q e
k ag af ae ah = g (y aa u b z g e r s ae e) n u g u i d
l ae af = r (ae z e c x g w b b ac y g)
m ae af = d c h p b ac f w y o v ac x aa s o ab p
n ae ag af ah = o (ac (b h) g d d o x w g y v af q af y q)
o af ah ag ae = v z f a
p ae ag af = j b j a
q ai af ae ah ag aj = ac (x (n a l o)) af k d f r k r f
r af ae = v (c e y o f f x)
s ae = p (d (d m o a l aa aa) ad w d ae o p)
t ae = u p z s n ad w ae
u ae = ad (e (ae ac h) a f x) t aa v p k ad z d o
v = z (w ad f ab j) h
w ae ag af = j ag ac j n
x ag ah aj ai ae af = e r q a d i p l q w
y ae = ae d x u p ab i a q ac k t j aa
z ae af ah ag = d (h a) f k
aa ae = u (s n j v f d ad ac s h l s ac) n z
ab af ag ae ai aj ah = j w m i g s b s b l
ac ah aj ae ag af ai = x (h o h t p m n z aa n o ah j v q e t)
ad af ae = c (aa (f r g x x c aa) f d i o s) s c z
main = A (a (e (u (B q j (C (l (D E y j) aa j h F i d ad b g G H a I ac J n l w m) ab K q aa y L c h k e p M p i x z s N d O c P Q R a b S T m U ab ac V v t n y g W e) X Y x) b u r u aa Z e x) j) e j s AA AB c q p g q p AC AD AE AF p)
------------------------------------------------------------
A (a (e (u (B q j (C (l (D E y j) aa j h F i d ad b g G H a I ac J n l w m) ab K q aa y L c h k e p M p i x z s N d O c P Q R a b S T m U ab ac V v t n y g W e) X Y x) b u r u aa Z e x) j) e j s AA AB c q p g q p AC AD AE AF p)
A (x (t i q d e y m w aa) (e (u (B q j (C (l (D E y j) aa j h F i d ad b g G H a I ac J n l w m) ab K q aa y L c h k e p M p i x z s N d O c P Q R a b S T m U ab ac V v t n y g W e) X Y x) b u r u aa Z e x) j) e j s AA AB c q p g q p AC AD AE AF p)
A (e r q a d i p l q w AB c q p g q p AC AD AE AF p)
A (w (x n) r z w b ac ab g j u f u o a d i p l q w AB c q p g q p AC AD AE AF p)
A (j r ac j n w b ac ab g j u f u o a d i p l q w AB c q p g q p AC AD AE AF p)
A (x d f w q w ab k ab m f v q e r ac j n w b ac ab g j u f u o a d i p l q w AB c q p g q p AC AD AE AF p)
A (e r q a d i p l q w k ab m f v q e r ac j n w b ac ab g j u f u o a d i p l q w AB c q p g q p AC AD AE AF p)
A (w (x n) r z w b ac ab g j u f u o a d i p l q w k ab m f v q e r ac j n w b ac ab g j u f u o a d i p l q w AB c q p g q p AC AD AE AF p)
A (j r ac j n w b ac ab g j u f u o a d i p l q w k ab m f v q e r ac j n w b ac ab g j u f u o a d i p l q w AB c q p g q p AC AD AE AF p)
A (x d f w q w ab k ab m f v q e r ac j n w b ac ab g j u f u o a d i p l q w k ab m f v q e r ac j n w b ac ab g j u f u o a d i p l q w AB c q p g q p AC AD AE AF p)
A (e r q a d i p l q w k ab m f v q e r ac j n w b ac ab g j u f u o a d i p l q w k ab m f v q e r ac j n w b ac ab g j u f u o a d i p l q w AB c q p g q p AC AD AE AF p)
A (w (x n) r z w b ac ab g j u f u o a d i p l q w k ab m f v q e r ac j n w b ac ab g j u f u o a d i p l q w k ab m f v q e r ac j n w b ac ab g j u f u o a d i p l q w AB c q p g q p AC AD AE AF p)
A (j r ac j n w b ac ab g j u f u o a d i p l q w k ab m f v q e r ac j n w b ac ab g j u f u o a d i p l q w k ab m f v q e r ac j n w b ac ab g j u f u o a d i p l q w AB c q p g q p AC AD AE AF p)
A (x d f w q w ab k ab m f v q e r ac j n w b ac ab g j u f u o a d i p l q w k ab m f v q e r ac j n w b ac ab g j u f u o a d i p l q w k ab m f v q e r ac j n w b ac ab g j u f u o a d i p l q w AB c q p g q p AC AD AE AF p)
A (e r q a d i p l q w k ab m f v q e r ac j n w b ac ab g j u f u o a d i p l q w k ab m f v q e r ac j n w b ac ab g j u f u o a d i p l q w k ab m f v q e r ac j n w b ac ab g j u f u o a d i p l q w AB c q p g q p AC AD AE AF p)
A (w (x n) r z w b ac ab g j u f u o a d i p l q w k ab m f v q e r ac j n w b ac ab g j u f u o a d i p l q w k ab m f v q e r ac j n w b ac ab g j u f u o a d i p l q w k ab m f v q e r ac j n w b ac ab g j u f u o a d i p l q w AB c q p g q p AC AD AE AF p)
A (j r ac j n w b ac ab g j u f u o a d i p l q w k ab m f v q e r ac j n w b ac ab g j u f u o a d i p l q w k ab m f v q e r ac j n w b ac ab g j u f u o a d i p l q w k ab m f v q e r ac j n w b ac ab g j u f u o a d i p l q w AB c q p g q p AC AD AE AF p)
A (x d f w q w ab k ab m f v q e r ac j n w b ac ab g j u f u o a d i p l q w k ab m f v q e r ac j n w b ac ab g j u f u o a d i p l q w k ab m f v q e r ac j n w b ac ab g j u f u o a d i p l q w k ab m f v q e r ac j n w b ac ab g j u f u o a d i p l q w AB c q p g q p AC AD AE AF p)
A (e r q a d i p l q w k ab m f v q e r ac j n w b ac ab g j u f u o a d i p l q w k ab m f v q e r ac j n w b ac ab g j u f u o a d i p l q w k ab m f v q e r ac j n w b ac ab g j u f u o a d i p l q w k ab m f v q e r ac j n w b ac ab g j u f u o a d i p l q w AB c q p g q p AC AD AE AF p)
A (w (x n) r z w b ac ab g j u f u o a d i p l q w k ab m f v q e r ac j n w b ac ab g j u f u o a d i p l q w k ab m f v q e r ac j n w b ac ab g j u f u o a d i p l q w k ab m f v q e r ac j n w b ac ab g j u f u o a d i p l q w k ab m f v q e r ac j n w b ac ab g j u f u o a d i p l q w AB c q p g q p AC AD AE AF p)
A (j r ac j n w b ac ab g j u f u o a d i p l q w k ab m f v q e r ac j n w b ac ab g j u f u o a d i p l q w k ab m f v q e r ac j n w b ac ab g j u f u o a d i p l q w k ab m f v q e r ac j n w b ac ab g j u f u o a d i p l q w k ab m f v q e r ac j n w b ac ab g j u f u o a d i p l q w AB c q p g q p AC AD AE AF p)
A (x d f w q w ab k ab m f v q e r ac j n w b ac ab g j u f u o a d i p l q w k ab m f v q e r ac j n w b ac ab g j u f u o a d i p l q w k ab m f v q e r ac j n w b ac ab g j u f u o a d i p l q w k ab m f v q e r ac j n w b ac ab g j u f u o a d i p l q w k ab m f v q e r ac j n w b ac ab g j u f u o a d i p l q w AB c q p g q p AC AD AE AF p)
A (e r q a d i p l q w k ab m f v q e r ac j n w b ac ab g j u f u o a d i p l q w k ab m f v q e r ac j n w b ac ab g j u f u o a d i p l q w k ab m f v q e r ac j n w b ac ab g j u f u o a d i p l q w k ab m f v q e r ac j n w b ac ab g j u f u o a d i p l q w k ab m f v q e r ac j n w b ac ab g j u f u o a d i p l q w AB c q p g q p AC AD AE AF p)
A (w (x n) r z w b ac ab g j u f u o a d i p l q w k ab m f v q e r ac j n w b ac ab g j u f u o a d i p l q w k ab m f v q e r ac j n w b ac ab g j u f u o a d i p l q w k ab m f v q e r ac j n w b ac ab g j u f u o a d i p l q w k ab m f v q e r ac j n w b ac ab g j u f u o a d i p l q w k ab m f v q e r ac j n w b ac ab g j u f u o a d i p l q w AB c q p g q p AC AD AE AF p)
A (j r ac j n w b ac ab g j u f u o a d i p l q w k ab m f v q e r ac j n w b ac ab g j u f u o a d i p l q w k ab m f v q e r ac j n w b ac ab g j u f u o a d i p l q w k ab m f v q e r ac j n w b ac ab g j u f u o a d i p l q w k ab m f v q e r ac j n w b ac ab g j u f u o a d i p l q w k ab m f v q e r ac j n w b ac ab g j u f u o a d i p l q w AB c q p g q p AC AD AE AF p)
A (x d f w q w ab k ab m f v q e r ac j n w b ac ab g j u f u o a d i p l q w k ab m f v q e r ac j n w b ac ab g j u f u o a d i p l q w k ab m f v q e r ac j n w b ac ab g j u f u o a d i p l q w k ab m f v q e r ac j n w b ac ab g j u f u o a d i p l q w k ab m f v q e r ac j n w b ac ab g j u f u o a d i p l q w k ab m f v q e r ac j n w b ac ab g j u f u o a d i p l q w AB c q p g q p AC AD AE AF p)
A (e r q a d i p l q w k ab m f v q e r ac j n w b ac ab g j u f u o a d i p l q w k ab m f v q e r ac j n w b ac ab g j u f u o a d i p l q w k ab m f v q e r ac j n w b ac ab g j u f u o a d i p l q w k ab m f v q e r ac j n w b ac ab g j u f u o a d i p l q w k ab m f v q e r ac j n w b ac ab g j u f u o a d i p l q w k ab m f v q e r ac j n w b ac ab g j u f u o a d i p l q w AB c q p g q p AC AD AE AF p)
A (w (x n) r z w b ac ab g j u f u o a d i p l q w k ab m f v q e r ac j n w b ac ab g j u f u o a d i p l q w k ab m f v q e r ac j n w b ac ab g j u f u o a d i p l q w k ab m f v q e r ac j n w b ac ab g j u f u o a d i p l q w k ab m f v q e r ac j n w b ac ab g j u f u o a d i p l q w k ab m f v q e r ac j n w b ac ab g j u f u o a d i p l q w k ab m f v q e r ac j n w b ac ab g j u f u o a d i p l q w AB c q p g q p AC AD AE AF p)
A (j r ac j n w b ac ab g j u f u o a d i p l q w k ab m f v q e r ac j n w b ac ab g j u f u o a d i p l q w k ab m f v q e r ac j n w b ac ab g j u f u o a d i p l q w k ab m f v q e r ac j n w b ac ab g j u f u o a d i p l q w k ab m f v q e r ac j n w b ac ab g j u f u o a d i p l q w k ab m f v q e r ac j n w b ac ab g j u f u o a d i p l q w k ab m f v q e r ac j n w b ac ab g j u f u o a d i p l q w AB c q p g q p AC AD AE AF p)
A (x d f w q w ab k ab m f v q e r ac j n w b ac ab g j u f u o a d i p l q w k ab m f v q e r ac j n w b ac ab g j u f u o a d i p l q w k ab m f v q e r ac j n w b ac ab g j u f u o a d i p l q w k ab m f v q e r ac j n w b ac ab g j u f u o a d i p l q w k ab m f v q e r ac j n w b ac ab g j u f u o a d i p l q w k ab m f v q e r ac j n w b ac ab g j u f u o a d i p l q w k ab m f v q e r ac j n w b ac ab g j u f u o a d i p l q w AB c q p g q p AC AD AE AF p)


