a ag af ah ae = y (x ac t m) g u e
b ah ae ai aj af ag = aa
c = aa z b aa
d ae = m g p w ae v l
e ah ae af ag = aa s u ah ae k
f = ab t t a
g af ag ae ah = a ab (ab o)
h af ae = s c z ae
i ae ag ah af = y ac b k f
j ae af = b q l n l a k
k ag ah af ai ae = g
l ae = r q q f s b
m ae = l s v i (v j) v ae f n
n af ae = z aa
o af ag ae = aa z j w a u i w
p ae = ad i l f v x n
q ae af = aa z c r x d (af k)
r af ag ae = ad (v (ab a aa ag) ag)
s ah ai ae ag af aj = ac j p o
t af ae = f r (af z k) d
u ae af = h ad q g ae
v ae ah ag ai af = o ai (y ag)
w ae = ac k (t g)
x ae af ah ai ag aj = y v
y ai aj ag ae ah af = aj
z = l ac k q x (t d m)
aa af ag ae ah = e j q l o o r
ab af aj ae ag ai ah = v (aa r) h g (aj y) x
ac = y
ad ae = r z i x (h e)
main = w ac (A s) n n B g (k w) g y ac i v C D (E i o F g t r (y o (G (o q ac (H x (I n (k s) l w J K) i) t (l b (L M ad aa c N)) (g y d O w x q d ab (P l (ad v d (c x s (n (q y (l o (Q t) c l) l) a)) R (w (S i) t aa T i ad (U i t ac n h a y V l v l) n))))))))
------------------------------------------------------------
w ac (A s) n n B g (k w) g y ac i v C D (E i o F g t r (y o (G (o q ac (H x (I n (k s) l w J K) i) t (l b (L M ad aa c N)) (g y d O w x q d ab (P l (ad v d (c x s (n (q y (l o (Q t) c l) l) a)) R (w (S i) t aa T i ad (U i t ac n h a y V l v l) n))))))))
ac k (t g) (A s) n n B g (k w) g y ac i v C D (E i o F g t r (y o (G (o q ac (H x (I n (k s) l w J K) i) t (l b (L M ad aa c N)) (g y d O w x q d ab (P l (ad v d (c x s (n (q y (l o (Q t) c l) l) a)) R (w (S i) t aa T i ad (U i t ac n h a y V l v l) n))))))))
y k (t g) (A s) n n B g (k w) g y ac i v C D (E i o F g t r (y o (G (o q ac (H x (I n (k s) l w J K) i) t (l b (L M ad aa c N)) (g y d O w x q d ab (P l (ad v d (c x s (n (q y (l o (Q t) c l) l) a)) R (w (S i) t aa T i ad (U i t ac n h a y V l v l) n))))))))
t g g (k w) g y ac i v C D (E i o F g t r (y o (G (o q ac (H x (I n (k s) l w J K) i) t (l b (L M ad aa c N)) (g y d O w x q d ab (P l (ad v d (c x s (n (q y (l o (Q t) c l) l) a)) R (w (S i) t aa T i ad (U i t ac n h a y V l v l) n))))))))
f r (g z k) d (k w) g y ac i v C D (E i o F g t r (y o (G (o q ac (H x (I n (k s) l w J K) i) t (l b (L M ad aa c N)) (g y d O w x q d ab (P l (ad v d (c x s (n (q y (l o (Q t) c l) l) a)) R (w (S i) t aa T i ad (U i t ac n h a y V l v l) n))))))))
ab t t a r (g z k) d (k w) g y ac i v C D (E i o F g t r (y o (G (o q ac (H x (I n (k s) l w J K) i) t (l b (L M ad aa c N)) (g y d O w x q d ab (P l (ad v d (c x s (n (q y (l o (Q t) c l) l) a)) R (w (S i) t aa T i ad (U i t ac n h a y V l v l) n))))))))
v (aa r) h g (t y) x (k w) g y ac i v C D (E i o F g t r (y o (G (o q ac (H x (I n (k s) l w J K) i) t (l b (L M ad aa c N)) (g y d O w x q d ab (P l (ad v d (c x s (n (q y (l o (Q t) c l) l) a)) R (w (S i) t aa T i ad (U i t ac n h a y V l v l) n))))))))
o (t y) (y g) (k w) g y ac i v C D (E i o F g t r (y o (G (o q ac (H x (I n (k s) l w J K) i) t (l b (L M ad aa c N)) (g y d O w x q d ab (P l (ad v d (c x s (n (q y (l o (Q t) c l) l) a)) R (w (S i) t aa T i ad (U i t ac n h a y V l v l) n))))))))
aa z j w a u i w g y ac i v C D (E i o F g t r (y o (G (o q ac (H x (I n (k s) l w J K) i) t (l b (L M ad aa c N)) (g y d O w x q d ab (P l (ad v d (c x s (n (q y (l o (Q t) c l) l) a)) R (w (S i) t aa T i ad (U i t ac n h a y V l v l) n))))))))
e j q l o o r u i w g y ac i v C D (E i o F g t r (y o (G (o q ac (H x (I n (k s) l w J K) i) t (l b (L M ad aa c N)) (g y d O w x q d ab (P l (ad v d (c x s (n (q y (l o (Q t) c l) l) a)) R (w (S i) t aa T i ad (U i t ac n h a y V l v l) n))))))))
aa s u j q k o r u i w g y ac i v C D (E i o F g t r (y o (G (o q ac (H x (I n (k s) l w J K) i) t (l b (L M ad aa c N)) (g y d O w x q d ab (P l (ad v d (c x s (n (q y (l o (Q t) c l) l) a)) R (w (S i) t aa T i ad (U i t ac n h a y V l v l) n))))))))
e j q l o o r k o r u i w g y ac i v C D (E i o F g t r (y o (G (o q ac (H x (I n (k s) l w J K) i) t (l b (L M ad aa c N)) (g y d O w x q d ab (P l (ad v d (c x s (n (q y (l o (Q t) c l) l) a)) R (w (S i) t aa T i ad (U i t ac n h a y V l v l) n))))))))
aa s u j q k o r k o r u i w g y ac i v C D (E i o F g t r (y o (G (o q ac (H x (I n (k s) l w J K) i) t (l b (L M ad aa c N)) (g y d O w x q d ab (P l (ad v d (c x s (n (q y (l o (Q t) c l) l) a)) R (w (S i) t aa T i ad (U i t ac n h a y V l v l) n))))))))
e j q l o o r k o r k o r u i w g y ac i v C D (E i o F g t r (y o (G (o q ac (H x (I n (k s) l w J K) i) t (l b (L M ad aa c N)) (g y d O w x q d ab (P l (ad v d (c x s (n (q y (l o (Q t) c l) l) a)) R (w (S i) t aa T i ad (U i t ac n h a y V l v l) n))))))))
aa s u j q k o r k o r k o r u i w g y ac i v C D (E i o F g t r (y o (G (o q ac (H x (I n (k s) l w J K) i) t (l b (L M ad aa c N)) (g y d O w x q d ab (P l (ad v d (c x s (n (q y (l o (Q t) c l) l) a)) R (w (S i) t aa T i ad (U i t ac n h a y V l v l) n))))))))
e j q l o o r k o r k o r k o r u i w g y ac i v C D (E i o F g t r (y o (G (o q ac (H x (I n (k s) l w J K) i) t (l b (L M ad aa c N)) (g y d O w x q d ab (P l (ad v d (c x s (n (q y (l o (Q t) c l) l) a)) R (w (S i) t aa T i ad (U i t ac n h a y V l v l) n))))))))
aa s u j q k o r k o r k o r k o r u i w g y ac i v C D (E i o F g t r (y o (G (o q ac (H x (I n (k s) l w J K) i) t (l b (L M ad aa c N)) (g y d O w x q d ab (P l (ad v d (c x s (n (q y (l o (Q t) c l) l) a)) R (w (S i) t aa T i ad (U i t ac n h a y V l v l) n))))))))
e j q l o o r k o r k o r k o r k o r u i w g y ac i v C D (E i o F g t r (y o (G (o q ac (H x (I n (k s) l w J K) i) t (l b (L M ad aa c N)) (g y d O w x q d ab (P l (ad v d (c x s (n (q y (l o (Q t) c l) l) a)) R (w (S i) t aa T i ad (U i t ac n h a y V l v l) n))))))))
aa s u j q k o r k o r k o r k o r k o r u i w g y ac i v C D (E i o F g t r (y o (G (o q ac (H x (I n (k s) l w J K) i) t (l b (L M ad aa c N)) (g y d O w x q d ab (P l (ad v d (c x s (n (q y (l o (Q t) c l) l) a)) R (w (S i) t aa T i ad (U i t ac n h a y V l v l) n))))))))
e j q l o o r k o r k o r k o r k o r k o r u i w g y ac i v C D (E i o F g t r (y o (G (o q ac (H x (I n (k s) l w J K) i) t (l b (L M ad aa c N)) (g y d O w x q d ab (P l (ad v d (c x s (n (q y (l o (Q t) c l) l) a)) R (w (S i) t aa T i ad (U i t ac n h a y V l v l) n))))))))
aa s u j q k o r k o r k o r k o r k o r k o r u i w g y ac i v C D (E i o F g t r (y o (G (o q ac (H x (I n (k s) l w J K) i) t (l b (L M ad aa c N)) (g y d O w x q d ab (P l (ad v d (c x s (n (q y (l o (Q t) c l) l) a)) R (w (S i) t aa T i ad (U i t ac n h a y V l v l) n))))))))
e j q l o o r k o r k o r k o r k o r k o r k o r u i w g y ac i v C D (E i o F g t r (y o (G (o q ac (H x (I n (k s) l w J K) i) t (l b (L M ad aa c N)) (g y d O w x q d ab (P l (ad v d (c x s (n (q y (l o (Q t) c l) l) a)) R (w (S i) t aa T i ad (U i t ac n h a y V l v l) n))))))))
aa s u j q k o r k o r k o r k o r k o r k o r k o r u i w g y ac i v C D (E i o F g t r (y o (G (o q ac (H x (I n (k s) l w J K) i) t (l b (L M ad aa c N)) (g y d O w x q d ab (P l (ad v d (c x s (n (q y (l o (Q t) c l) l) a)) R (w (S i) t aa T i ad (U i t ac n h a y V l v l) n))))))))
e j q l o o r k o r k o r k o r k o r k o r k o r k o r u i w g y ac i v C D (E i o F g t r (y o (G (o q ac (H x (I n (k s) l w J K) i) t (l b (L M ad aa c N)) (g y d O w x q d ab (P l (ad v d (c x s (n (q y (l o (Q t) c l) l) a)) R (w (S i) t aa T i ad (U i t ac n h a y V l v l) n))))))))
aa s u j q k o r k o r k o r k o r k o r k o r k o r k o r u i w g y ac i v C D (E i o F g t r (y o (G (o q ac (H x (I n (k s) l w J K) i) t (l b (L M ad aa c N)) (g y d O w x q d ab (P l (ad v d (c x s (n (q y (l o (Q t) c l) l) a)) R (w (S i) t aa T i ad (U i t ac n h a y V l v l) n))))))))
e j q l o o r k o r k o r k o r k o r k o r k o r k o r k o r u i w g y ac i v C D (E i o F g t r (y o (G (o q ac (H x (I n (k s) l w J K) i) t (l b (L M ad aa c N)) (g y d O w x q d ab (P l (ad v d (c x s (n (q y (l o (Q t) c l) l) a)) R (w (S i) t aa T i ad (U i t ac n h a y V l v l) n))))))))
aa s u j q k o r k o r k o r k o r k o r k o r k o r k o r k o r u i w g y ac i v C D (E i o F g t r (y o (G (o q ac (H x (I n (k s) l w J K) i) t (l b (L M ad aa c N)) (g y d O w x q d ab (P l (ad v d (c x s (n (q y (l o (Q t) c l) l) a)) R (w (S i) t aa T i ad (U i t ac n h a y V l v l) n))))))))
e j q l o o r k o r k o r k o r k o r k o r k o r k o r k o r k o r u i w g y ac i v C D (E i o F g t r (y o (G (o q ac (H x (I n (k s) l w J K) i) t (l b (L M ad aa c N)) (g y d O w x q d ab (P l (ad v d (c x s (n (q y (l o (Q t) c l) l) a)) R (w (S i) t aa T i ad (U i t ac n h a y V l v l) n))))))))
aa s u j q k o r k o r k o r k o r k o r k o r k o r k o r k o r k o r u i w g y ac i v C D (E i o F g t r (y o (G (o q ac (H x (I n (k s) l w J K) i) t (l b (L M ad aa c N)) (g y d O w x q d ab (P l (ad v d (c x s (n (q y (l o (Q t) c l) l) a)) R (w (S i) t aa T i ad (U i t ac n h a y V l v l) n))))))))
e j q l o o r k o r k o r k o r k o r k o r k o r k o r k o r k o r k o r u i w g y ac i v C D (E i o F g t r (y o (G (o q ac (H x (I n (k s) l w J K) i) t (l b (L M ad aa c N)) (g y d O w x q d ab (P l (ad v d (c x s (n (q y (l o (Q t) c l) l) a)) R (w (S i) t aa T i ad (U i t ac n h a y V l v l) n))))))))


