a ae af ag t ad k z o s r u h y y j
b ae z e u c n x
c y (e (z u n) g a) e t (a e) e
d af ae p (h q e z n f y j s o)
e ah ag af ae u (q t aa n o ac k g b aa ad d)
f ah ai ag af ae ae a b n w p k aa x ag i
g ag ah ae af ai aj v (i q z m m d z d k)
h ag ai af ae ah j g v ab l v g ab ac j q s aa g j t
i h r t l r ad l a a g r e ac p ac v d n
j ag ah ai af ae aj h (af n p ag h ac d h ag aa f g h)
k af ag ae f (x (f z (ac f d w x h w i t) v) ab d c x)
l ai af ag ae ah aj p aa e b aa
m ae k p u r p y ae r b h w n
n af ag ae y (af u k j b y y l o r w y a aa h)
o ae ae k v y
p ae ab (ad (x ad a z ae) q) l g ae
q ae ah af aj ai ag l (j z m ac ac) u s aj k l c p g
r ag ah af ae v d z i q j ae z v x ad k j b
s ah af ag ae h (x (y c b) aa x g) ah b w
t ai ag ae ah af l (q y) ac d ac
u ae af i (aa ac ab) y ad af d h l x af a b w
v g (t l r m a k f q ab h ab)
w ai af ag ae ah y ac g ab o b b l p o
x ah ae ag ai af aj i (aa (z r l v ac g t b c i c q u o))
y ah af ae ag z (p h i p o) r w
z ae af ah ag ai x (y (ac v ah r y ai r)) w e i ab aa ab ac
aa af ah ae ai ag a b (m (y (k ae q o) ah f)) l q e
ab g q q a
ac af ae r x i ab j g r r w v af b ad ae q aa
ad ai ae af ah ag e t l f ag j
main p (l (A (o (B C (D (q (y (E (b (g (a (h ab p e d F G H I j J K v l L M N s s O P x v Q l r k d o R S T u aa U r x) i V i W a a s p v e h s o z u X Y Z AA s AB AC q l ad c AD u AE b ac m AF AG f AH AI AJ AK ad c w b AL ac h ad p) ab h))))))))))
------------------------------------------------------------
p (l (A (o (B C (D (q (y (E (b (g (a (h ab p e d F G H I j J K v l L M N s s O P x v Q l r k d o R S T u aa U r x) i V i W a a s p v e h s o z u X Y Z AA s AB AC q l ad c AD u AE b ac m AF AG f AH AI AJ AK ad c w b AL ac h ad p) ab h))))))))))
ab (ad (x ad a z (l (A (o (B C (D (q (y (E (b (g (a (h ab p e d F G H I j J K v l L M N s s O P x v Q l r k d o R S T u aa U r x) i V i W a a s p v e h s o z u X Y Z AA s AB AC q l ad c AD u AE b ac m AF AG f AH AI AJ AK ad c w b AL ac h ad p) ab h))))))))))) q) l g (l (A (o (B C (D (q (y (E (b (g (a (h ab p e d F G H I j J K v l L M N s s O P x v Q l r k d o R S T u aa U r x) i V i W a a s p v e h s o z u X Y Z AA s AB AC q l ad c AD u AE b ac m AF AG f AH AI AJ AK ad c w b AL ac h ad p) ab h))))))))))
g q q a (ad (x ad a z (l (A (o (B C (D (q (y (E (b (g (a (h ab p e d F G H I j J K v l L M N s s O P x v Q l r k d o R S T u aa U r x) i V i W a a s p v e h s o z u X Y Z AA s AB AC q l ad c AD u AE b ac m AF AG f AH AI AJ AK ad c w b AL ac h ad p) ab h))))))))))) q) l g (l (A (o (B C (D (q (y (E (b (g (a (h ab p e d F G H I j J K v l L M N s s O P x v Q l r k d o R S T u aa U r x) i V i W a a s p v e h s o z u X Y Z AA s AB AC q l ad c AD u AE b ac m AF AG f AH AI AJ AK ad c w b AL ac h ad p) ab h))))))))))
v (i q z m m d z d k) (l (A (o (B C (D (q (y (E (b (g (a (h ab p e d F G H I j J K v l L M N s s O P x v Q l r k d o R S T u aa U r x) i V i W a a s p v e h s o z u X Y Z AA s AB AC q l ad c AD u AE b ac m AF AG f AH AI AJ AK ad c w b AL ac h ad p) ab h))))))))))
g (t l r m a k f q ab h ab) (i q z m m d z d k) (l (A (o (B C (D (q (y (E (b (g (a (h ab p e d F G H I j J K v l L M N s s O P x v Q l r k d o R S T u aa U r x) i V i W a a s p v e h s o z u X Y Z AA s AB AC q l ad c AD u AE b ac m AF AG f AH AI AJ AK ad c w b AL ac h ad p) ab h))))))))))
g (l (q y) ac d ac f q ab h ab) (i q z m m d z d k) (l (A (o (B C (D (q (y (E (b (g (a (h ab p e d F G H I j J K v l L M N s s O P x v Q l r k d o R S T u aa U r x) i V i W a a s p v e h s o z u X Y Z AA s AB AC q l ad c AD u AE b ac m AF AG f AH AI AJ AK ad c w b AL ac h ad p) ab h))))))))))
g (p aa e b aa ab h ab) (i q z m m d z d k) (l (A (o (B C (D (q (y (E (b (g (a (h ab p e d F G H I j J K v l L M N s s O P x v Q l r k d o R S T u aa U r x) i V i W a a s p v e h s o z u X Y Z AA s AB AC q l ad c AD u AE b ac m AF AG f AH AI AJ AK ad c w b AL ac h ad p) ab h))))))))))
g (ab (ad (x ad a z aa) q) l g aa e b aa ab h ab) (i q z m m d z d k) (l (A (o (B C (D (q (y (E (b (g (a (h ab p e d F G H I j J K v l L M N s s O P x v Q l r k d o R S T u aa U r x) i V i W a a s p v e h s o z u X Y Z AA s AB AC q l ad c AD u AE b ac m AF AG f AH AI AJ AK ad c w b AL ac h ad p) ab h))))))))))
g (g q q a (ad (x ad a z aa) q) l g aa e b aa ab h ab) (i q z m m d z d k) (l (A (o (B C (D (q (y (E (b (g (a (h ab p e d F G H I j J K v l L M N s s O P x v Q l r k d o R S T u aa U r x) i V i W a a s p v e h s o z u X Y Z AA s AB AC q l ad c AD u AE b ac m AF AG f AH AI AJ AK ad c w b AL ac h ad p) ab h))))))))))
g (v (i q z m m d z d k) aa e b aa ab h ab) (i q z m m d z d k) (l (A (o (B C (D (q (y (E (b (g (a (h ab p e d F G H I j J K v l L M N s s O P x v Q l r k d o R S T u aa U r x) i V i W a a s p v e h s o z u X Y Z AA s AB AC q l ad c AD u AE b ac m AF AG f AH AI AJ AK ad c w b AL ac h ad p) ab h))))))))))
g (g (t l r m a k f q ab h ab) (i q z m m d z d k) aa e b aa ab h ab) (i q z m m d z d k) (l (A (o (B C (D (q (y (E (b (g (a (h ab p e d F G H I j J K v l L M N s s O P x v Q l r k d o R S T u aa U r x) i V i W a a s p v e h s o z u X Y Z AA s AB AC q l ad c AD u AE b ac m AF AG f AH AI AJ AK ad c w b AL ac h ad p) ab h))))))))))
g (v (i q z m m d z d k) ab h ab) (i q z m m d z d k) (l (A (o (B C (D (q (y (E (b (g (a (h ab p e d F G H I j J K v l L M N s s O P x v Q l r k d o R S T u aa U r x) i V i W a a s p v e h s o z u X Y Z AA s AB AC q l ad c AD u AE b ac m AF AG f AH AI AJ AK ad c w b AL ac h ad p) ab h))))))))))
g (g (t l r m a k f q ab h ab) (i q z m m d z d k) ab h ab) (i q z m m d z d k) (l (A (o (B C (D (q (y (E (b (g (a (h ab p e d F G H I j J K v l L M N s s O P x v Q l r k d o R S T u aa U r x) i V i W a a s p v e h s o z u X Y Z AA s AB AC q l ad c AD u AE b ac m AF AG f AH AI AJ AK ad c w b AL ac h ad p) ab h))))))))))
g (g (l (q y) ac d ac f q ab h ab) (i q z m m d z d k) ab h ab) (i q z m m d z d k) (l (A (o (B C (D (q (y (E (b (g (a (h ab p e d F G H I j J K v l L M N s s O P x v Q l r k d o R S T u aa U r x) i V i W a a s p v e h s o z u X Y Z AA s AB AC q l ad c AD u AE b ac m AF AG f AH AI AJ AK ad c w b AL ac h ad p) ab h))))))))))
g (g (p aa e b aa ab h ab) (i q z m m d z d k) ab h ab) (i q z m m d z d k) (l (A (o (B C (D (q (y (E (b (g (a (h ab p e d F G H I j J K v l L M N s s O P x v Q l r k d o R S T u aa U r x) i V i W a a s p v e h s o z u X Y Z AA s AB AC q l ad c AD u AE b ac m AF AG f AH AI AJ AK ad c w b AL ac h ad p) ab h))))))))))
g (g (ab (ad (x ad a z aa) q) l g aa e b aa ab h ab) (i q z m m d z d k) ab h ab) (i q z m m d z d k) (l (A (o (B C (D (q (y (E (b (g (a (h ab p e d F G H I j J K v l L M N s s O P x v Q l r k d o R S T u aa U r x) i V i W a a s p v e h s o z u X Y Z AA s AB AC q l ad c AD u AE b ac m AF AG f AH AI AJ AK ad c w b AL ac h ad p) ab h))))))))))
g (g (g q q a (ad (x ad a z aa) q) l g aa e b aa ab h ab) (i q z m m d z d k) ab h ab) (i q z m m d z d k) (l (A (o (B C (D (q (y (E (b (g (a (h ab p e d F G H I j J K v l L M N s s O P x v Q l r k d o R S T u aa U r x) i V i W a a s p v e h s o z u X Y Z AA s AB AC q l ad c AD u AE b ac m AF AG f AH AI AJ AK ad c w b AL ac h ad p) ab h))))))))))
g (g (v (i q z m m d z d k) aa e b aa ab h ab) (i q z m m d z d k) ab h ab) (i q z m m d z d k) (l (A (o (B C (D (q (y (E (b (g (a (h ab p e d F G H I j J K v l L M N s s O P x v Q l r k d o R S T u aa U r x) i V i W a a s p v e h s o z u X Y Z AA s AB AC q l ad c AD u AE b ac m AF AG f AH AI AJ AK ad c w b AL ac h ad p) ab h))))))))))
g (g (g (t l r m a k f q ab h ab) (i q z m m d z d k) aa e b aa ab h ab) (i q z m m d z d k) ab h ab) (i q z m m d z d k) (l (A (o (B C (D (q (y (E (b (g (a (h ab p e d F G H I j J K v l L M N s s O P x v Q l r k d o R S T u aa U r x) i V i W a a s p v e h s o z u X Y Z AA s AB AC q l ad c AD u AE b ac m AF AG f AH AI AJ AK ad c w b AL ac h ad p) ab h))))))))))
g (g (v (i q z m m d z d k) ab h ab) (i q z m m d z d k) ab h ab) (i q z m m d z d k) (l (A (o (B C (D (q (y (E (b (g (a (h ab p e d F G H I j J K v l L M N s s O P x v Q l r k d o R S T u aa U r x) i V i W a a s p v e h s o z u X Y Z AA s AB AC q l ad c AD u AE b ac m AF AG f AH AI AJ AK ad c w b AL ac h ad p) ab h))))))))))
g (g (g (t l r m a k f q ab h ab) (i q z m m d z d k) ab h ab) (i q z m m d z d k) ab h ab) (i q z m m d z d k) (l (A (o (B C (D (q (y (E (b (g (a (h ab p e d F G H I j J K v l L M N s s O P x v Q l r k d o R S T u aa U r x) i V i W a a s p v e h s o z u X Y Z AA s AB AC q l ad c AD u AE b ac m AF AG f AH AI AJ AK ad c w b AL ac h ad p) ab h))))))))))
g (g (g (l (q y) ac d ac f q ab h ab) (i q z m m d z d k) ab h ab) (i q z m m d z d k) ab h ab) (i q z m m d z d k) (l (A (o (B C (D (q (y (E (b (g (a (h ab p e d F G H I j J K v l L M N s s O P x v Q l r k d o R S T u aa U r x) i V i W a a s p v e h s o z u X Y Z AA s AB AC q l ad c AD u AE b ac m AF AG f AH AI AJ AK ad c w b AL ac h ad p) ab h))))))))))
g (g (g (p aa e b aa ab h ab) (i q z m m d z d k) ab h ab) (i q z m m d z d k) ab h ab) (i q z m m d z d k) (l (A (o (B C (D (q (y (E (b (g (a (h ab p e d F G H I j J K v l L M N s s O P x v Q l r k d o R S T u aa U r x) i V i W a a s p v e h s o z u X Y Z AA s AB AC q l ad c AD u AE b ac m AF AG f AH AI AJ AK ad c w b AL ac h ad p) ab h))))))))))
g (g (g (ab (ad (x ad a z aa) q) l g aa e b aa ab h ab) (i q z m m d z d k) ab h ab) (i q z m m d z d k) ab h ab) (i q z m m d z d k) (l (A (o (B C (D (q (y (E (b (g (a (h ab p e d F G H I j J K v l L M N s s O P x v Q l r k d o R S T u aa U r x) i V i W a a s p v e h s o z u X Y Z AA s AB AC q l ad c AD u AE b ac m AF AG f AH AI AJ AK ad c w b AL ac h ad p) ab h))))))))))
g (g (g (g q q a (ad (x ad a z aa) q) l g aa e b aa ab h ab) (i q z m m d z d k) ab h ab) (i q z m m d z d k) ab h ab) (i q z m m d z d k) (l (A (o (B C (D (q (y (E (b (g (a (h ab p e d F G H I j J K v l L M N s s O P x v Q l r k d o R S T u aa U r x) i V i W a a s p v e h s o z u X Y Z AA s AB AC q l ad c AD u AE b ac m AF AG f AH AI AJ AK ad c w b AL ac h ad p) ab h))))))))))
g (g (g (v (i q z m m d z d k) aa e b aa ab h ab) (i q z m m d z d k) ab h ab) (i q z m m d z d k) ab h ab) (i q z m m d z d k) (l (A (o (B C (D (q (y (E (b (g (a (h ab p e d F G H I j J K v l L M N s s O P x v Q l r k d o R S T u aa U r x) i V i W a a s p v e h s o z u X Y Z AA s AB AC q l ad c AD u AE b ac m AF AG f AH AI AJ AK ad c w b AL ac h ad p) ab h))))))))))
g (g (g (g (t l r m a k f q ab h ab) (i q z m m d z d k) aa e b aa ab h ab) (i q z m m d z d k) ab h ab) (i q z m m d z d k) ab h ab) (i q z m m d z d k) (l (A (o (B C (D (q (y (E (b (g (a (h ab p e d F G H I j J K v l L M N s s O P x v Q l r k d o R S T u aa U r x) i V i W a a s p v e h s o z u X Y Z AA s AB AC q l ad c AD u AE b ac m AF AG f AH AI AJ AK ad c w b AL ac h ad p) ab h))))))))))
g (g (g (v (i q z m m d z d k) ab h ab) (i q z m m d z d k) ab h ab) (i q z m m d z d k) ab h ab) (i q z m m d z d k) (l (A (o (B C (D (q (y (E (b (g (a (h ab p e d F G H I j J K v l L M N s s O P x v Q l r k d o R S T u aa U r x) i V i W a a s p v e h s o z u X Y Z AA s AB AC q l ad c AD u AE b ac m AF AG f AH AI AJ AK ad c w b AL ac h ad p) ab h))))))))))
g (g (g (g (t l r m a k f q ab h ab) (i q z m m d z d k) ab h ab) (i q z m m d z d k) ab h ab) (i q z m m d z d k) ab h ab) (i q z m m d z d k) (l (A (o (B C (D (q (y (E (b (g (a (h ab p e d F G H I j J K v l L M N s s O P x v Q l r k d o R S T u aa U r x) i V i W a a s p v e h s o z u X Y Z AA s AB AC q l ad c AD u AE b ac m AF AG f AH AI AJ AK ad c w b AL ac h ad p) ab h))))))))))
g (g (g (g (l (q y) ac d ac f q ab h ab) (i q z m m d z d k) ab h ab) (i q z m m d z d k) ab h ab) (i q z m m d z d k) ab h ab) (i q z m m d z d k) (l (A (o (B C (D (q (y (E (b (g (a (h ab p e d F G H I j J K v l L M N s s O P x v Q l r k d o R S T u aa U r x) i V i W a a s p v e h s o z u X Y Z AA s AB AC q l ad c AD u AE b ac m AF AG f AH AI AJ AK ad c w b AL ac h ad p) ab h))))))))))


