a ae v y g y n w w i
b ai af ae ah aj ag r i aa ac c e
c ah af ae ag i ah x e f s t x
d af ae ah ag e (o t z) (l m) q
e ae ag ah af aa (ah (ac ac aa k y o r a u d u w n h))
f ae af ah ag ai ac (t (p z) q ad aa g z p t ad i s u) k e
g af ag ae aj ah ai q o (r h ac m ab t t f w w)
h ae af ag d (l (p ab u w f l z l ad s x) b)
i ae r (z ab u x z a x k y) p
j af ae z (ab p) af
k af ag ah ae e (x (s f m ac t q ad ag f ah b s v aa h) o)
l af ag ae ai aj ah i x (z aa) m
m ag ae af ah d h n z a t j t n
n aj ai ag ah ae af z k k v t r r y z
o aj ag af ai ah ae e (aa ag l q z c v h) r b i u aa h p
p af ai ae ah ag aa w w o ab
q af ag ah ae t (k w c aa k s e ad j a n b e d ac w)
r ae af f u ad j ab af u d o c y i f b p n j p
s u (aa (r (ac k k) r m) t b k t e) q ab aa
t af ai ae ag ah aa i (w l g q b b ab l ah aa aa b ad j ad f)
u af ae ag f (ab j b m y l j w d af ag c b)
v ag af ae ah e (r (g r i u ad h n l) x ag r b w k)
w af ae ag v o v k f m j o s e
x af ag ai ah ae j (g o g s j ab t aa)
y ae j (a (ab z t g o p i v ab q l))
z ai ae af ag ah aj s (l (m y h p p) ab)
aa af ae ac ae m f j i t a l
ab ah af ag ae e (s (e h) r w s ac f s v)
ac ai ag af aj ae ah x ah j ab k a ab
ad ae af u (g u y h ac ae o s z i q ac f) f u m
main o (A (B (w (i (C (t (aa (D (j (z (E F G y H I w J K L M u w q i p d k a N v) r O P h c q) ad q l aa Q R S T U V y n g) w g W n h r g X x b Y m Z AA p AB u o aa) y x m c l AC AD v g ad AE AF AG b y o) l x AH AI y ab j q AJ AK b t z ad))))))
------------------------------------------------------------
o (A (B (w (i (C (t (aa (D (j (z (E F G y H I w J K L M u w q i p d k a N v) r O P h c q) ad q l aa Q R S T U V y n g) w g W n h r g X x b Y m Z AA p AB u o aa) y x m c l AC AD v g ad AE AF AG b y o) l x AH AI y ab j q AJ AK b t z ad))))))
o (A (B (w (r (z ab u x z a x k y) p))))
o (A (B (w (f u ad j ab p u d o c y i f b p n j p))))
o (A (B (w (ac (t (p z) q ad aa g z p t ad i s u) k e u d o c y i f b p n j p))))
o (A (B (w (x o j ab k a ab c y i f b p n j p))))
o (A (B (w (j (g o g s j ab t aa) ab c y i f b p n j p))))
o (A (B (w (z (ab p) (g o g s j ab t aa) c y i f b p n j p))))
o (A (B (w (s (l (m y h p p) ab) b p n j p))))
o (A (B (w (u (aa (r (ac k k) r m) t b k t e) q ab aa (l (m y h p p) ab) b p n j p))))
o (A (B (w (f (ab j b m y l j w d (aa (r (ac k k) r m) t b k t e) ab c b) aa (l (m y h p p) ab) b p n j p))))
o (A (B (w (ac (t (p z) q ad aa g z p t ad i s u) k e n j p))))
o (A (B (w (x p j ab k a ab))))
o (A (B (w (j (g o g s j ab t aa) ab))))
o (A (B (w (z (ab p) (g o g s j ab t aa)))))
o (A (B (w (z (ab p) (q o (r h ac m ab t t f w w) aa)))))
o (A (B (w (z (ab p) (q o (f u ad j ab ac u d o c y i f b p n j p m ab t t f w w) aa)))))
o (A (B (w (z (ab p) (q o (ac (t (p z) q ad aa g z p t ad i s u) k e u d o c y i f b p n j p m ab t t f w w) aa)))))
o (A (B (w (z (ab p) (q o (x o j ab k a ab c y i f b p n j p m ab t t f w w) aa)))))
o (A (B (w (z (ab p) (q o (j (g o g s j ab t aa) ab c y i f b p n j p m ab t t f w w) aa)))))
o (A (B (w (z (ab p) (q o (z (ab p) (g o g s j ab t aa) c y i f b p n j p m ab t t f w w) aa)))))
o (A (B (w (z (ab p) (q o (s (l (m y h p p) ab) b p n j p m ab t t f w w) aa)))))
o (A (B (w (z (ab p) (q o (u (aa (r (ac k k) r m) t b k t e) q ab aa (l (m y h p p) ab) b p n j p m ab t t f w w) aa)))))
o (A (B (w (z (ab p) (q o (f (ab j b m y l j w d (aa (r (ac k k) r m) t b k t e) ab c b) aa (l (m y h p p) ab) b p n j p m ab t t f w w) aa)))))
o (A (B (w (z (ab p) (q o (ac (t (p z) q ad aa g z p t ad i s u) k e n j p m ab t t f w w) aa)))))
o (A (B (w (z (ab p) (q o (x p j ab k a ab m ab t t f w w) aa)))))
o (A (B (w (z (ab p) (q o (j (g o g s j ab t aa) ab m ab t t f w w) aa)))))
o (A (B (w (z (ab p) (q o (z (ab p) (g o g s j ab t aa) m ab t t f w w) aa)))))
o (A (B (w (z (ab p) (q o (s (l (m y h p p) ab) f w w) aa)))))
o (A (B (w (z (ab p) (q o (u (aa (r (ac k k) r m) t b k t e) q ab aa (l (m y h p p) ab) f w w) aa)))))
o (A (B (w (z (ab p) (q o (f (ab j b m y l j w d (aa (r (ac k k) r m) t b k t e) ab c b) aa (l (m y h p p) ab) f w w) aa)))))


