a ae ad o v
b s z (c q) r c m ab ad ad
c ae af p n (p s m m x i w y n) s ae n m ae
d ah ae ai ag af l t m ac ab
e ae s (k o v) b s s ae o c
f af ah ag ae t c n p n d p ag l v z z ad o
g ah ag ai ae af l (i (n w u x t y n) s t c l j ab ad)
h q (w (c ac) g n y l f c s) z
i aa (n e ab c h k g)
j ae af aa n m g x t o a p y af
k ae af ag ai ah d (x aa) h ad z ai q o ac ab
l r x ad x ab
m ae af ai ag ah k g i y ab aa u f d ad
n y (g f q e) g p z f ad g
o ag af ae i (v (ac k) g (l g l) h) aa n u g q b d ab c
p af ae aa (m q r y ac a a g ab ab t f)
q ae a l g x m c c p k n g u c d s
r ae af g y w c u s m e m ac i h c ae i e
s ag ae af ah ai m u m ab u y u ab n i c
t ag ai af ah ae h (c w p o n s h e ac o s aa b)
u a (q (l (b (w z d e d)))) t ad v
v af ae ah ag ai c (a (y l aa r r e i i l x p aa ad ag j))
w ah ag ae ai af aj g (aj (o aa aa k s a x))
x ah af ae ag e (m ad aa h v ad n f k u r ah aa d l ab r)
y af ag ae b k l o aa x d k m u u b ag w n
z ae t (y ae ab) (n ab) ae y a i f p b x ab k s
aa ae af ag o b
ab ag ah af ae n (t n) (d q)
ac ah af ai ag ae i ae m
ad ai ag af aj ae ah ag (a v d r h j q) aa j y m n v h p
main A (w (B (C (D (E (t (a (F (G (H a c o f x p p w y e I n ad b l m c J aa ac l p d q h K L M N t z) O P Q R i S a T g w U V W X Y c ad v r s j e Z AA AB a l c ab v ac d i i) AC p c l c o AD f a ad b e l AE AF AG j) v AH AI y w y v)))))))
------------------------------------------------------------
A (w (B (C (D (E (t (a (F (G (H a c o f x p p w y e I n ad b l m c J aa ac l p d q h K L M N t z) O P Q R i S a T g w U V W X Y c ad v r s j e Z AA AB a l c ab v ac d i i) AC p c l c o AD f a ad b e l AE AF AG j) v AH AI y w y v)))))))
A (w (B (C (D (E (t (ad o v v AH AI y w y v)))))))
A (w (B (C (D (E (t (v (a v d r h j q) aa j y m n v h p w y v)))))))
A (w (B (C (D (E (t (c (a (y l aa r r e i i l x p aa ad y j)) n v h p w y v)))))))
A (w (B (C (D (E (t (p n (p s m m x i w y n) s (a (y l aa r r e i i l x p aa ad y j)) n m (a (y l aa r r e i i l x p aa ad y j)) v h p w y v)))))))
A (w (B (C (D (E (t (aa (m q r y ac a a g ab ab t f) s (a (y l aa r r e i i l x p aa ad y j)) n m (a (y l aa r r e i i l x p aa ad y j)) v h p w y v)))))))
A (w (B (C (D (E (t (o b n m (a (y l aa r r e i i l x p aa ad y j)) v h p w y v)))))))
A (w (B (C (D (E (t (i (v (ac k) g (l g l) h) aa n u g q b d ab c (a (y l aa r r e i i l x p aa ad y j)) v h p w y v)))))))
A (w (B (C (D (E (t (aa (n e ab c h k g) (v (ac k) g (l g l) h) aa n u g q b d ab c (a (y l aa r r e i i l x p aa ad y j)) v h p w y v)))))))
A (w (B (C (D (E (t (o b n u g q b d ab c (a (y l aa r r e i i l x p aa ad y j)) v h p w y v)))))))
A (w (B (C (D (E (t (i (v (ac k) g (l g l) h) aa n u g q b d ab c g q b d ab c (a (y l aa r r e i i l x p aa ad y j)) v h p w y v)))))))
A (w (B (C (D (E (t (aa (n e ab c h k g) (v (ac k) g (l g l) h) aa n u g q b d ab c g q b d ab c (a (y l aa r r e i i l x p aa ad y j)) v h p w y v)))))))
A (w (B (C (D (E (t (o b n u g q b d ab c g q b d ab c (a (y l aa r r e i i l x p aa ad y j)) v h p w y v)))))))
A (w (B (C (D (E (t (i (v (ac k) g (l g l) h) aa n u g q b d ab c g q b d ab c g q b d ab c (a (y l aa r r e i i l x p aa ad y j)) v h p w y v)))))))
A (w (B (C (D (E (t (aa (n e ab c h k g) (v (ac k) g (l g l) h) aa n u g q b d ab c g q b d ab c g q b d ab c (a (y l aa r r e i i l x p aa ad y j)) v h p w y v)))))))
A (w (B (C (D (E (t (o b n u g q b d ab c g q b d ab c g q b d ab c (a (y l aa r r e i i l x p aa ad y j)) v h p w y v)))))))
A (w (B (C (D (E (t (i (v (ac k) g (l g l) h) aa n u g q b d ab c g q b d ab c g q b d ab c g q b d ab c (a (y l aa r r e i i l x p aa ad y j)) v h p w y v)))))))
A (w (B (C (D (E (t (aa (n e ab c h k g) (v (ac k) g (l g l) h) aa n u g q b d ab c g q b d ab c g q b d ab c g q b d ab c (a (y l aa r r e i i l x p aa ad y j)) v h p w y v)))))))
A (w (B (C (D (E (t (o b n u g q b d ab c g q b d ab c g q b d ab c g q b d ab c (a (y l aa r r e i i l x p aa ad y j)) v h p w y v)))))))
A (w (B (C (D (E (t (i (v (ac k) g (l g l) h) aa n u g q b d ab c g q b d ab c g q b d ab c g q b d ab c g q b d ab c (a (y l aa r r e i i l x p aa ad y j)) v h p w y v)))))))
A (w (B (C (D (E (t (aa (n e ab c h k g) (v (ac k) g (l g l) h) aa n u g q b d ab c g q b d ab c g q b d ab c g q b d ab c g q b d ab c (a (y l aa r r e i i l x p aa ad y j)) v h p w y v)))))))
A (w (B (C (D (E (t (o b n u g q b d ab c g q b d ab c g q b d ab c g q b d ab c g q b d ab c (a (y l aa r r e i i l x p aa ad y j)) v h p w y v)))))))
A (w (B (C (D (E (t (i (v (ac k) g (l g l) h) aa n u g q b d ab c g q b d ab c g q b d ab c g q b d ab c g q b d ab c g q b d ab c (a (y l aa r r e i i l x p aa ad y j)) v h p w y v)))))))
A (w (B (C (D (E (t (aa (n e ab c h k g) (v (ac k) g (l g l) h) aa n u g q b d ab c g q b d ab c g q b d ab c g q b d ab c g q b d ab c g q b d ab c (a (y l aa r r e i i l x p aa ad y j)) v h p w y v)))))))
A (w (B (C (D (E (t (o b n u g q b d ab c g q b d ab c g q b d ab c g q b d ab c g q b d ab c g q b d ab c (a (y l aa r r e i i l x p aa ad y j)) v h p w y v)))))))
A (w (B (C (D (E (t (i (v (ac k) g (l g l) h) aa n u g q b d ab c g q b d ab c g q b d ab c g q b d ab c g q b d ab c g q b d ab c g q b d ab c (a (y l aa r r e i i l x p aa ad y j)) v h p w y v)))))))
A (w (B (C (D (E (t (aa (n e ab c h k g) (v (ac k) g (l g l) h) aa n u g q b d ab c g q b d ab c g q b d ab c g q b d ab c g q b d ab c g q b d ab c g q b d ab c (a (y l aa r r e i i l x p aa ad y j)) v h p w y v)))))))
A (w (B (C (D (E (t (o b n u g q b d ab c g q b d ab c g q b d ab c g q b d ab c g q b d ab c g q b d ab c g q b d ab c (a (y l aa r r e i i l x p aa ad y j)) v h p w y v)))))))
A (w (B (C (D (E (t (i (v (ac k) g (l g l) h) aa n u g q b d ab c g q b d ab c g q b d ab c g q b d ab c g q b d ab c g q b d ab c g q b d ab c g q b d ab c (a (y l aa r r e i i l x p aa ad y j)) v h p w y v)))))))
A (w (B (C (D (E (t (aa (n e ab c h k g) (v (ac k) g (l g l) h) aa n u g q b d ab c g q b d ab c g q b d ab c g q b d ab c g q b d ab c g q b d ab c g q b d ab c g q b d ab c (a (y l aa r r e i i l x p aa ad y j)) v h p w y v)))))))


