a ae k (p ae y ae ab) (h m v w) o ab h
b z (o (x l ac x q e w w z i t) a e q t c)
c ae af af (w t h af t ac z a i y ae d u e i b q)
d af ae k (f n e) ae
e s i a ad v m b ac z l
f af ae x (p (t af s o h k x c ae x ab t a) k)
g ae l p c ab ae m o y v
h ah ai ae ag af ab k s l v e
i ah ag ae af ai t (g s k ab d d k z) j
j ag ae ah af q f
k af ae aa (t (q (ab c t f y q) r u aa n i i) s j i)
l af ag ae ae (k t s f) ad q
m ae af e d g j a t l l g g ae t d aa s q ad
n ag af aj ae ah ai c (b l k m aa ac f r aa) r l d
o ae ad c u a y y u n e w g ab
p ag af ae ah r (t (w ad k aa c ah aa t n) g l)
q p (ac w s u ab y z g g c i n)
r ae ag ah af m z w k e q g f q v aa k u f
s k g ad z e aa h g m v u
t ac n m k
u af ae ag h t c aa i a c c e
v ag ah af ae ai aj r h h x b o
w s s b k ad e e l b aa o o z n
x af ae ab (ab i af i aa s n k af t d y g ae)
y ah ag ae ai af af (u k ad h k v h x j)
z af ae n (v o ab x l x a o e h) w u
aa ai af aj ah ae ag n (h (w r r b t g y v) s t f f o y g l)
ab ae ag ah ai af aj aa ac (r w a a e) ac p g ad o
ac ah af ae ag n (z (w (u (k c e q t q)) q s x a h) n) w ad
ad aj af ah ag ae ai ai ag h q v u a r ac
main h (x (h (A (B (b (C (x (D E (u (F (G (r (H b) j e y ac e x v) z s x I u J n f K L x M N O k e k P Q c) r f w q m t y s z x i x) f k R y b) S w T U V u ab e y m o W h X e q u w ac n t i x r) t Y Z p w t i m z u k b AA AB aa z)))))))
------------------------------------------------------------
h (x (h (A (B (b (C (x (D E (u (F (G (r (H b) j e y ac e x v) z s x I u J n f K L x M N O k e k P Q c) r f w q m t y s z x i x) f k R y b) S w T U V u ab e y m o W h X e q u w ac n t i x r) t Y Z p w t i m z u k b AA AB aa z)))))))
h (x (h (A (B (z (o (x l ac x q e w w z i t) a e q t c) (C (x (D E (u (F (G (r (H b) j e y ac e x v) z s x I u J n f K L x M N O k e k P Q c) r f w q m t y s z x i x) f k R y b) S w T U V u ab e y m o W h X e q u w ac n t i x r) t Y Z p w t i m z u k b AA AB aa z)))))))
h (x (h (A (B (n (v o ab x l x a o e h) w u)))))
h (x (h (A (B (n (r h h x b o o e h) w u)))))
h (x (h (A (B (n (m z w k e q g f q v aa k u f o o e h) w u)))))
h (x (h (A (B (n (e d g j a t l l g g z t d aa s q ad k e q g f q v aa k u f o o e h) w u)))))
h (x (h (A (B (n (s i a ad v m b ac z l d g j a t l l g g z t d aa s q ad k e q g f q v aa k u f o o e h) w u)))))
h (x (h (A (B (n (k g ad z e aa h g m v u i a ad v m b ac z l d g j a t l l g g z t d aa s q ad k e q g f q v aa k u f o o e h) w u)))))
h (x (h (A (B (n (aa (t (q (ab c t f y q) r u aa n i i) s j i) z e aa h g m v u i a ad v m b ac z l d g j a t l l g g z t d aa s q ad k e q g f q v aa k u f o o e h) w u)))))
h (x (h (A (B (n (n (h (w r r b t g y v) s t f f o y g l) m v u i a ad v m b ac z l d g j a t l l g g z t d aa s q ad k e q g f q v aa k u f o o e h) w u)))))
h (x (h (A (B (n (c (b l k m aa ac f r aa) r l d ad v m b ac z l d g j a t l l g g z t d aa s q ad k e q g f q v aa k u f o o e h) w u)))))
h (x (h (A (B (n (r (w t h r t ac z a i y (b l k m aa ac f r aa) d u e i b q) l d ad v m b ac z l d g j a t l l g g z t d aa s q ad k e q g f q v aa k u f o o e h) w u)))))
h (x (h (A (B (n (m z w k e q g f q v aa k u f v m b ac z l d g j a t l l g g z t d aa s q ad k e q g f q v aa k u f o o e h) w u)))))
h (x (h (A (B (n (e d g j a t l l g g z t d aa s q ad k e q g f q v aa k u f v m b ac z l d g j a t l l g g z t d aa s q ad k e q g f q v aa k u f o o e h) w u)))))
h (x (h (A (B (n (s i a ad v m b ac z l d g j a t l l g g z t d aa s q ad k e q g f q v aa k u f v m b ac z l d g j a t l l g g z t d aa s q ad k e q g f q v aa k u f o o e h) w u)))))
h (x (h (A (B (n (k g ad z e aa h g m v u i a ad v m b ac z l d g j a t l l g g z t d aa s q ad k e q g f q v aa k u f v m b ac z l d g j a t l l g g z t d aa s q ad k e q g f q v aa k u f o o e h) w u)))))
h (x (h (A (B (n (aa (t (q (ab c t f y q) r u aa n i i) s j i) z e aa h g m v u i a ad v m b ac z l d g j a t l l g g z t d aa s q ad k e q g f q v aa k u f v m b ac z l d g j a t l l g g z t d aa s q ad k e q g f q v aa k u f o o e h) w u)))))
h (x (h (A (B (n (n (h (w r r b t g y v) s t f f o y g l) m v u i a ad v m b ac z l d g j a t l l g g z t d aa s q ad k e q g f q v aa k u f v m b ac z l d g j a t l l g g z t d aa s q ad k e q g f q v aa k u f o o e h) w u)))))
h (x (h (A (B (n (c (b l k m aa ac f r aa) r l d ad v m b ac z l d g j a t l l g g z t d aa s q ad k e q g f q v aa k u f v m b ac z l d g j a t l l g g z t d aa s q ad k e q g f q v aa k u f o o e h) w u)))))
h (x (h (A (B (n (r (w t h r t ac z a i y (b l k m aa ac f r aa) d u e i b q) l d ad v m b ac z l d g j a t l l g g z t d aa s q ad k e q g f q v aa k u f v m b ac z l d g j a t l l g g z t d aa s q ad k e q g f q v aa k u f o o e h) w u)))))
h (x (h (A (B (n (m z w k e q g f q v aa k u f v m b ac z l d g j a t l l g g z t d aa s q ad k e q g f q v aa k u f v m b ac z l d g j a t l l g g z t d aa s q ad k e q g f q v aa k u f o o e h) w u)))))
h (x (h (A (B (n (e d g j a t l l g g z t d aa s q ad k e q g f q v aa k u f v m b ac z l d g j a t l l g g z t d aa s q ad k e q g f q v aa k u f v m b ac z l d g j a t l l g g z t d aa s q ad k e q g f q v aa k u f o o e h) w u)))))
h (x (h (A (B (n (s i a ad v m b ac z l d g j a t l l g g z t d aa s q ad k e q g f q v aa k u f v m b ac z l d g j a t l l g g z t d aa s q ad k e q g f q v aa k u f v m b ac z l d g j a t l l g g z t d aa s q ad k e q g f q v aa k u f o o e h) w u)))))
h (x (h (A (B (n (k g ad z e aa h g m v u i a ad v m b ac z l d g j a t l l g g z t d aa s q ad k e q g f q v aa k u f v m b ac z l d g j a t l l g g z t d aa s q ad k e q g f q v aa k u f v m b ac z l d g j a t l l g g z t d aa s q ad k e q g f q v aa k u f o o e h) w u)))))
h (x (h (A (B (n (aa (t (q (ab c t f y q) r u aa n i i) s j i) z e aa h g m v u i a ad v m b ac z l d g j a t l l g g z t d aa s q ad k e q g f q v aa k u f v m b ac z l d g j a t l l g g z t d aa s q ad k e q g f q v aa k u f v m b ac z l d g j a t l l g g z t d aa s q ad k e q g f q v aa k u f o o e h) w u)))))
h (x (h (A (B (n (n (h (w r r b t g y v) s t f f o y g l) m v u i a ad v m b ac z l d g j a t l l g g z t d aa s q ad k e q g f q v aa k u f v m b ac z l d g j a t l l g g z t d aa s q ad k e q g f q v aa k u f v m b ac z l d g j a t l l g g z t d aa s q ad k e q g f q v aa k u f o o e h) w u)))))
h (x (h (A (B (n (c (b l k m aa ac f r aa) r l d ad v m b ac z l d g j a t l l g g z t d aa s q ad k e q g f q v aa k u f v m b ac z l d g j a t l l g g z t d aa s q ad k e q g f q v aa k u f v m b ac z l d g j a t l l g g z t d aa s q ad k e q g f q v aa k u f o o e h) w u)))))
h (x (h (A (B (n (r (w t h r t ac z a i y (b l k m aa ac f r aa) d u e i b q) l d ad v m b ac z l d g j a t l l g g z t d aa s q ad k e q g f q v aa k u f v m b ac z l d g j a t l l g g z t d aa s q ad k e q g f q v aa k u f v m b ac z l d g j a t l l g g z t d aa s q ad k e q g f q v aa k u f o o e h) w u)))))
h (x (h (A (B (n (m z w k e q g f q v aa k u f v m b ac z l d g j a t l l g g z t d aa s q ad k e q g f q v aa k u f v m b ac z l d g j a t l l g g z t d aa s q ad k e q g f q v aa k u f v m b ac z l d g j a t l l g g z t d aa s q ad k e q g f q v aa k u f o o e h) w u)))))
h (x (h (A (B (n (e d g j a t l l g g z t d aa s q ad k e q g f q v aa k u f v m b ac z l d g j a t l l g g z t d aa s q ad k e q g f q v aa k u f v m b ac z l d g j a t l l g g z t d aa s q ad k e q g f q v aa k u f v m b ac z l d g j a t l l g g z t d aa s q ad k e q g f q v aa k u f o o e h) w u)))))


