a ae ae x (r ae) l r p o y k y d q d y
b e (a (h j i z v l l c z n a e e c i aa))
c j ad k q q n w b f d s ab r
d aj ag ae ah af ai z (w (o (s h ab ac t v v y u ad) m x z) s)
e c (ab z k u a b c ac d m r)
f ah ae ag af ai ad (e n y v g d r w j b x) v b
g af ae f f x v e e o e f f
h ag ae af j (j (c aa) af o) e d
i ae d (e h a ae e s w)
j ai ag af ah ae aa y ai ac p c b x h ab s x p
k af ae ag p x e w v r ab i g d s g ab
l ae q (n (w (a aa c aa) d t b) o o x) b z
m ae a (ab (z (y o x ab b) k aa n t l c x b) b)
n ai af ah ag ae h t w ac i z z c ab o o
o ai af ae aj ah ag d (r (l (u l u) k aa f s ai ai ac l f aa a w))
p l t a j w j ad a n aa v o d b u
q ae ah ag ai af ag (ai (u (m i ab b e b n i) n m e s ai))
r ae af m a v i z ae g v u n ad h v z ac e h c
s ae ag af c (aa (t ac n t z o e g p) t) u aa
t ae aa (o aa w o m ac k q ae a h aa g a l e c)
u b k z w m f h i c c
v af ag ah ae d l (d y p w r w z r l i o)
w ag ae ai af aj ah c z x g e
x ae ah ag af e q e k d m y s q ac g m b g v c r
y n q
z ae o (t a i) (c g f p ab) q
aa af ae v i d x k af ab c ae r l p p d o u s
ab aj af ah ai ag ae ad (v x b ac ae f g v u j)
ac aj af ae ah ag ai h (h c e r aa c ab aa r f i g h v w z)
ad ah af ae ag b (y i b y y p ag u) i h ab m j q z w
main aa (i (A (t (B (l (C (a (ad (D (i (E F G H I J K L M aa N z O P Q w f a c aa d w q R e S n q r q j c T j) m U ac w c d c V i aa W X Y i d Z o AA n AB AC AD c x v) q v AE AF i ac aa) AG i b u z s AH n x c d ac aa b w AI AJ AK u y k u ad))))))))
------------------------------------------------------------
aa (i (A (t (B (l (C (a (ad (D (i (E F G H I J K L M aa N z O P Q w f a c aa d w q R e S n q r q j c T j) m U ac w c d c V i aa W X Y i d Z o AA n AB AC AD c x v) q v AE AF i ac aa) AG i b u z s AH n x c d ac aa b w AI AJ AK u y k u ad))))))))
aa (d (e h a (A (t (B (l (C (a (ad (D (i (E F G H I J K L M aa N z O P Q w f a c aa d w q R e S n q r q j c T j) m U ac w c d c V i aa W X Y i d Z o AA n AB AC AD c x v) q v AE AF i ac aa) AG i b u z s AH n x c d ac aa b w AI AJ AK u y k u ad))))))) e s w))
aa (d (c (ab z k u a b c ac d m r) h a (A (t (B (l (C (a (ad (D (i (E F G H I J K L M aa N z O P Q w f a c aa d w q R e S n q r q j c T j) m U ac w c d c V i aa W X Y i d Z o AA n AB AC AD c x v) q v AE AF i ac aa) AG i b u z s AH n x c d ac aa b w AI AJ AK u y k u ad))))))) e s w))
aa (d (j ad k q q n w b f d s ab r (ab z k u a b c ac d m r) h a (A (t (B (l (C (a (ad (D (i (E F G H I J K L M aa N z O P Q w f a c aa d w q R e S n q r q j c T j) m U ac w c d c V i aa W X Y i d Z o AA n AB AC AD c x v) q v AE AF i ac aa) AG i b u z s AH n x c d ac aa b w AI AJ AK u y k u ad))))))) e s w))
aa (d (aa y ad ac p c b x h ab s x p w b f d s ab r (ab z k u a b c ac d m r) h a (A (t (B (l (C (a (ad (D (i (E F G H I J K L M aa N z O P Q w f a c aa d w q R e S n q r q j c T j) m U ac w c d c V i aa W X Y i d Z o AA n AB AC AD c x v) q v AE AF i ac aa) AG i b u z s AH n x c d ac aa b w AI AJ AK u y k u ad))))))) e s w))
aa (d (v i d x k y ab c ad r l p p d o u s ac p c b x h ab s x p w b f d s ab r (ab z k u a b c ac d m r) h a (A (t (B (l (C (a (ad (D (i (E F G H I J K L M aa N z O P Q w f a c aa d w q R e S n q r q j c T j) m U ac w c d c V i aa W X Y i d Z o AA n AB AC AD c x v) q v AE AF i ac aa) AG i b u z s AH n x c d ac aa b w AI AJ AK u y k u ad))))))) e s w))
aa (d (d l (d y p w r w z r l i o) y ab c ad r l p p d o u s ac p c b x h ab s x p w b f d s ab r (ab z k u a b c ac d m r) h a (A (t (B (l (C (a (ad (D (i (E F G H I J K L M aa N z O P Q w f a c aa d w q R e S n q r q j c T j) m U ac w c d c V i aa W X Y i d Z o AA n AB AC AD c x v) q v AE AF i ac aa) AG i b u z s AH n x c d ac aa b w AI AJ AK u y k u ad))))))) e s w))
aa (d (z (w (o (s h ab ac t v v y u ad) m x z) s) r l p p d o u s ac p c b x h ab s x p w b f d s ab r (ab z k u a b c ac d m r) h a (A (t (B (l (C (a (ad (D (i (E F G H I J K L M aa N z O P Q w f a c aa d w q R e S n q r q j c T j) m U ac w c d c V i aa W X Y i d Z o AA n AB AC AD c x v) q v AE AF i ac aa) AG i b u z s AH n x c d ac aa b w AI AJ AK u y k u ad))))))) e s w))
aa (d (o (t a i) (c g f p ab) q r l p p d o u s ac p c b x h ab s x p w b f d s ab r (ab z k u a b c ac d m r) h a (A (t (B (l (C (a (ad (D (i (E F G H I J K L M aa N z O P Q w f a c aa d w q R e S n q r q j c T j) m U ac w c d c V i aa W X Y i d Z o AA n AB AC AD c x v) q v AE AF i ac aa) AG i b u z s AH n x c d ac aa b w AI AJ AK u y k u ad))))))) e s w))
aa (d (d (r (l (u l u) k aa f s (t a i) (t a i) ac l f aa a w)) p d o u s ac p c b x h ab s x p w b f d s ab r (ab z k u a b c ac d m r) h a (A (t (B (l (C (a (ad (D (i (E F G H I J K L M aa N z O P Q w f a c aa d w q R e S n q r q j c T j) m U ac w c d c V i aa W X Y i d Z o AA n AB AC AD c x v) q v AE AF i ac aa) AG i b u z s AH n x c d ac aa b w AI AJ AK u y k u ad))))))) e s w))
aa (d (z (w (o (s h ab ac t v v y u ad) m x z) s) ac p c b x h ab s x p w b f d s ab r (ab z k u a b c ac d m r) h a (A (t (B (l (C (a (ad (D (i (E F G H I J K L M aa N z O P Q w f a c aa d w q R e S n q r q j c T j) m U ac w c d c V i aa W X Y i d Z o AA n AB AC AD c x v) q v AE AF i ac aa) AG i b u z s AH n x c d ac aa b w AI AJ AK u y k u ad))))))) e s w))
aa (d (o (t a i) (c g f p ab) q ac p c b x h ab s x p w b f d s ab r (ab z k u a b c ac d m r) h a (A (t (B (l (C (a (ad (D (i (E F G H I J K L M aa N z O P Q w f a c aa d w q R e S n q r q j c T j) m U ac w c d c V i aa W X Y i d Z o AA n AB AC AD c x v) q v AE AF i ac aa) AG i b u z s AH n x c d ac aa b w AI AJ AK u y k u ad))))))) e s w))
aa (d (d (r (l (u l u) k aa f s (t a i) (t a i) ac l f aa a w)) b x h ab s x p w b f d s ab r (ab z k u a b c ac d m r) h a (A (t (B (l (C (a (ad (D (i (E F G H I J K L M aa N z O P Q w f a c aa d w q R e S n q r q j c T j) m U ac w c d c V i aa W X Y i d Z o AA n AB AC AD c x v) q v AE AF i ac aa) AG i b u z s AH n x c d ac aa b w AI AJ AK u y k u ad))))))) e s w))
aa (d (z (w (o (s h ab ac t v v y u ad) m x z) s) x p w b f d s ab r (ab z k u a b c ac d m r) h a (A (t (B (l (C (a (ad (D (i (E F G H I J K L M aa N z O P Q w f a c aa d w q R e S n q r q j c T j) m U ac w c d c V i aa W X Y i d Z o AA n AB AC AD c x v) q v AE AF i ac aa) AG i b u z s AH n x c d ac aa b w AI AJ AK u y k u ad))))))) e s w))
aa (d (o (t a i) (c g f p ab) q x p w b f d s ab r (ab z k u a b c ac d m r) h a (A (t (B (l (C (a (ad (D (i (E F G H I J K L M aa N z O P Q w f a c aa d w q R e S n q r q j c T j) m U ac w c d c V i aa W X Y i d Z o AA n AB AC AD c x v) q v AE AF i ac aa) AG i b u z s AH n x c d ac aa b w AI AJ AK u y k u ad))))))) e s w))
aa (d (d (r (l (u l u) k aa f s (t a i) (t a i) ac l f aa a w)) b f d s ab r (ab z k u a b c ac d m r) h a (A (t (B (l (C (a (ad (D (i (E F G H I J K L M aa N z O P Q w f a c aa d w q R e S n q r q j c T j) m U ac w c d c V i aa W X Y i d Z o AA n AB AC AD c x v) q v AE AF i ac aa) AG i b u z s AH n x c d ac aa b w AI AJ AK u y k u ad))))))) e s w))
aa (d (z (w (o (s h ab ac t v v y u ad) m x z) s) r (ab z k u a b c ac d m r) h a (A (t (B (l (C (a (ad (D (i (E F G H I J K L M aa N z O P Q w f a c aa d w q R e S n q r q j c T j) m U ac w c d c V i aa W X Y i d Z o AA n AB AC AD c x v) q v AE AF i ac aa) AG i b u z s AH n x c d ac aa b w AI AJ AK u y k u ad))))))) e s w))
aa (d (o (t a i) (c g f p ab) q r (ab z k u a b c ac d m r) h a (A (t (B (l (C (a (ad (D (i (E F G H I J K L M aa N z O P Q w f a c aa d w q R e S n q r q j c T j) m U ac w c d c V i aa W X Y i d Z o AA n AB AC AD c x v) q v AE AF i ac aa) AG i b u z s AH n x c d ac aa b w AI AJ AK u y k u ad))))))) e s w))
aa (d (d (r (l (u l u) k aa f s (t a i) (t a i) ac l f aa a w)) a (A (t (B (l (C (a (ad (D (i (E F G H I J K L M aa N z O P Q w f a c aa d w q R e S n q r q j c T j) m U ac w c d c V i aa W X Y i d Z o AA n AB AC AD c x v) q v AE AF i ac aa) AG i b u z s AH n x c d ac aa b w AI AJ AK u y k u ad))))))) e s w))
aa (d (z (w (o (s h ab ac t v v y u ad) m x z) s)))
aa (d (o (t a i) (c g f p ab) q))
aa (d (o (aa (o aa w o m ac k q a a h aa g a l e c) i) (c g f p ab) q))
aa (d (o (v i d x k (o aa w o m ac k q a a h aa g a l e c) ab c i r l p p d o u s) (c g f p ab) q))
aa (d (o (d l (d y p w r w z r l i o) (o aa w o m ac k q a a h aa g a l e c) ab c i r l p p d o u s) (c g f p ab) q))
aa (d (o (z (w (o (s h ab ac t v v y u ad) m x z) s) r l p p d o u s) (c g f p ab) q))
aa (d (o (o (t a i) (c g f p ab) q r l p p d o u s) (c g f p ab) q))
aa (d (o (d (r (l (u l u) k aa f s (t a i) (t a i) ac l f aa a w)) p d o u s) (c g f p ab) q))
aa (d (o (z (w (o (s h ab ac t v v y u ad) m x z) s)) (c g f p ab) q))
aa (d (o (o (t a i) (c g f p ab) q) (c g f p ab) q))
aa (d (o (o (aa (o aa w o m ac k q a a h aa g a l e c) i) (c g f p ab) q) (c g f p ab) q))


