a ah ae af ag t (d (q p h y ad ac) g n x ab m s j)
b af ah ag ae f (n (h f j w x) (ab z) o h) a y
c ae ag aj af ai ah a (d e ad ab m t h ab m a ad h u l ae o)
d ae af ah ag ai f (c g v ai h p s r ab h v v b af c)
e aj ag af ae ah ai x (j (ad ae) ad ac) a ab d o k i s j k
f ae k (y r a ae j n b d y j s aa i t z ae) v
g aj ai ae af ah ag t e z t y u p t
h ag ae ai ah af f b b v n o d
i af ag ae n o ae h j n x
j ae d c p t d c v g w e ae t k h
k aj ah ae af ag ai c (x z t j x) ae ad b t
l ah af ag ae e s (m ad) r n
m ag af ae ah b q n (i c o d aa) j w j p y l n
n ae r s t g i l p z y ac
o af ae l s x x w n c q q ac e b x ad aa k
p ah af ai ag aj ae m ab a r o s e
q aj af ah ai ag ae z k aa t v o u ag
r b (n p c v ab e ad z y n k c k s v n i)
s ae aj ah ai af ag t m m p l d
t ad q i r v c f l
u af ae ah ag ai ac e m k t m ac b e k e o ag i s i
v af ag ae ac ag l i
w ae af ab (g q n c j a b f ad d t z ac o ae) c ae
x ae af v (e (f (y j m af) t n f a af z k r w))
y ae af j o j ae ad af e n v d z v a f
z ai af aj ah ag ae ac y y u b ac ah a q aa m x k d w j
aa ae t (u (b ab i p q) l ac p t p)
ab ag ae ai af ah j w p j r ai m u aa u ac x o ac r a i d
ac u (c x x i f) x n
ad ah af ae ag ai i m l l f z i t s l
main A (B (o (ab (C (q (y h k l k l D E F G g d s i u h H i q) j q g ab z q z i b l w z l I J K ab L v c M N w q g O P Q R S l t T ac U V f W X Y Z l p l) AA AB AC ad AD AE ac AF n ac aa AG AH q v) l e) s v d o e) l m j u u j f e r)
------------------------------------------------------------
A (B (o (ab (C (q (y h k l k l D E F G g d s i u h H i q) j q g ab z q z i b l w z l I J K ab L v c M N w q g O P Q R S l t T ac U V f W X Y Z l p l) AA AB AC ad AD AE ac AF n ac aa AG AH q v) l e) s v d o e) l m j u u j f e r)
A (B (l s x x w n c q q ac e b x ad aa k v d o e) l m j u u j f e r)
A (B (e s (m ad) r n n c q q ac e b x ad aa k v d o e) l m j u u j f e r)
A (B (x (j (ad n) ad ac) a ab d o k i s j k q q ac e b x ad aa k v d o e) l m j u u j f e r)
A (B (v (e (f (y j m a) t n f a a z k r w)) ab d o k i s j k q q ac e b x ad aa k v d o e) l m j u u j f e r)
A (B (ac ab l i o k i s j k q q ac e b x ad aa k v d o e) l m j u u j f e r)
A (B (u (c x x i f) x n ab l i o k i s j k q q ac e b x ad aa k v d o e) l m j u u j f e r)
A (B (ac e m k t m ac b e k e o ab i s i i o k i s j k q q ac e b x ad aa k v d o e) l m j u u j f e r)
A (B (u (c x x i f) x n e m k t m ac b e k e o ab i s i i o k i s j k q q ac e b x ad aa k v d o e) l m j u u j f e r)
A (B (ac e m k t m ac b e k e o e i s i k t m ac b e k e o ab i s i i o k i s j k q q ac e b x ad aa k v d o e) l m j u u j f e r)
A (B (u (c x x i f) x n e m k t m ac b e k e o e i s i k t m ac b e k e o ab i s i i o k i s j k q q ac e b x ad aa k v d o e) l m j u u j f e r)
A (B (ac e m k t m ac b e k e o e i s i k t m ac b e k e o e i s i k t m ac b e k e o ab i s i i o k i s j k q q ac e b x ad aa k v d o e) l m j u u j f e r)
A (B (u (c x x i f) x n e m k t m ac b e k e o e i s i k t m ac b e k e o e i s i k t m ac b e k e o ab i s i i o k i s j k q q ac e b x ad aa k v d o e) l m j u u j f e r)
A (B (ac e m k t m ac b e k e o e i s i k t m ac b e k e o e i s i k t m ac b e k e o e i s i k t m ac b e k e o ab i s i i o k i s j k q q ac e b x ad aa k v d o e) l m j u u j f e r)
A (B (u (c x x i f) x n e m k t m ac b e k e o e i s i k t m ac b e k e o e i s i k t m ac b e k e o e i s i k t m ac b e k e o ab i s i i o k i s j k q q ac e b x ad aa k v d o e) l m j u u j f e r)
A (B (ac e m k t m ac b e k e o e i s i k t m ac b e k e o e i s i k t m ac b e k e o e i s i k t m ac b e k e o e i s i k t m ac b e k e o ab i s i i o k i s j k q q ac e b x ad aa k v d o e) l m j u u j f e r)
A (B (u (c x x i f) x n e m k t m ac b e k e o e i s i k t m ac b e k e o e i s i k t m ac b e k e o e i s i k t m ac b e k e o e i s i k t m ac b e k e o ab i s i i o k i s j k q q ac e b x ad aa k v d o e) l m j u u j f e r)
A (B (ac e m k t m ac b e k e o e i s i k t m ac b e k e o e i s i k t m ac b e k e o e i s i k t m ac b e k e o e i s i k t m ac b e k e o e i s i k t m ac b e k e o ab i s i i o k i s j k q q ac e b x ad aa k v d o e) l m j u u j f e r)
A (B (u (c x x i f) x n e m k t m ac b e k e o e i s i k t m ac b e k e o e i s i k t m ac b e k e o e i s i k t m ac b e k e o e i s i k t m ac b e k e o e i s i k t m ac b e k e o ab i s i i o k i s j k q q ac e b x ad aa k v d o e) l m j u u j f e r)
A (B (ac e m k t m ac b e k e o e i s i k t m ac b e k e o e i s i k t m ac b e k e o e i s i k t m ac b e k e o e i s i k t m ac b e k e o e i s i k t m ac b e k e o e i s i k t m ac b e k e o ab i s i i o k i s j k q q ac e b x ad aa k v d o e) l m j u u j f e r)
A (B (u (c x x i f) x n e m k t m ac b e k e o e i s i k t m ac b e k e o e i s i k t m ac b e k e o e i s i k t m ac b e k e o e i s i k t m ac b e k e o e i s i k t m ac b e k e o e i s i k t m ac b e k e o ab i s i i o k i s j k q q ac e b x ad aa k v d o e) l m j u u j f e r)
A (B (ac e m k t m ac b e k e o e i s i k t m ac b e k e o e i s i k t m ac b e k e o e i s i k t m ac b e k e o e i s i k t m ac b e k e o e i s i k t m ac b e k e o e i s i k t m ac b e k e o e i s i k t m ac b e k e o ab i s i i o k i s j k q q ac e b x ad aa k v d o e) l m j u u j f e r)
A (B (u (c x x i f) x n e m k t m ac b e k e o e i s i k t m ac b e k e o e i s i k t m ac b e k e o e i s i k t m ac b e k e o e i s i k t m ac b e k e o e i s i k t m ac b e k e o e i s i k t m ac b e k e o e i s i k t m ac b e k e o ab i s i i o k i s j k q q ac e b x ad aa k v d o e) l m j u u j f e r)
A (B (ac e m k t m ac b e k e o e i s i k t m ac b e k e o e i s i k t m ac b e k e o e i s i k t m ac b e k e o e i s i k t m ac b e k e o e i s i k t m ac b e k e o e i s i k t m ac b e k e o e i s i k t m ac b e k e o e i s i k t m ac b e k e o ab i s i i o k i s j k q q ac e b x ad aa k v d o e) l m j u u j f e r)
A (B (u (c x x i f) x n e m k t m ac b e k e o e i s i k t m ac b e k e o e i s i k t m ac b e k e o e i s i k t m ac b e k e o e i s i k t m ac b e k e o e i s i k t m ac b e k e o e i s i k t m ac b e k e o e i s i k t m ac b e k e o e i s i k t m ac b e k e o ab i s i i o k i s j k q q ac e b x ad aa k v d o e) l m j u u j f e r)
A (B (ac e m k t m ac b e k e o e i s i k t m ac b e k e o e i s i k t m ac b e k e o e i s i k t m ac b e k e o e i s i k t m ac b e k e o e i s i k t m ac b e k e o e i s i k t m ac b e k e o e i s i k t m ac b e k e o e i s i k t m ac b e k e o e i s i k t m ac b e k e o ab i s i i o k i s j k q q ac e b x ad aa k v d o e) l m j u u j f e r)
A (B (u (c x x i f) x n e m k t m ac b e k e o e i s i k t m ac b e k e o e i s i k t m ac b e k e o e i s i k t m ac b e k e o e i s i k t m ac b e k e o e i s i k t m ac b e k e o e i s i k t m ac b e k e o e i s i k t m ac b e k e o e i s i k t m ac b e k e o e i s i k t m ac b e k e o ab i s i i o k i s j k q q ac e b x ad aa k v d o e) l m j u u j f e r)
A (B (ac e m k t m ac b e k e o e i s i k t m ac b e k e o e i s i k t m ac b e k e o e i s i k t m ac b e k e o e i s i k t m ac b e k e o e i s i k t m ac b e k e o e i s i k t m ac b e k e o e i s i k t m ac b e k e o e i s i k t m ac b e k e o e i s i k t m ac b e k e o e i s i k t m ac b e k e o ab i s i i o k i s j k q q ac e b x ad aa k v d o e) l m j u u j f e r)
A (B (u (c x x i f) x n e m k t m ac b e k e o e i s i k t m ac b e k e o e i s i k t m ac b e k e o e i s i k t m ac b e k e o e i s i k t m ac b e k e o e i s i k t m ac b e k e o e i s i k t m ac b e k e o e i s i k t m ac b e k e o e i s i k t m ac b e k e o e i s i k t m ac b e k e o e i s i k t m ac b e k e o ab i s i i o k i s j k q q ac e b x ad aa k v d o e) l m j u u j f e r)
A (B (ac e m k t m ac b e k e o e i s i k t m ac b e k e o e i s i k t m ac b e k e o e i s i k t m ac b e k e o e i s i k t m ac b e k e o e i s i k t m ac b e k e o e i s i k t m ac b e k e o e i s i k t m ac b e k e o e i s i k t m ac b e k e o e i s i k t m ac b e k e o e i s i k t m ac b e k e o e i s i k t m ac b e k e o ab i s i i o k i s j k q q ac e b x ad aa k v d o e) l m j u u j f e r)


