a ae af ag = m (p y b i ad ac h) r k e e u
b ah ae af ag = u ab l g v f o s g j q a n
c af ah ag ae ai = h (s (ad d w) o) t e f w ad y s
d af ae ah ag = b (x ad t i aa f x m w h ah i u n r)
e ae ag af = r u (b j af ab y p h n o x af g o h c)
f ae = l m e h
g af ag ae = i p m e h c w j s y ab
h af ai ag ae ah = y (t (x x o w x j e b j y ai ae))
i = o t q c n u o w l a t m
j af ae ag ah ai = q g v m x v k ad ad
k af aj ag ae ai ah = u ac t p p f j i q n t ah
l ae ai af ah ag = f (t (u (ae h e) v w y t i) m g k g w s c)
m ag af ae = d b b s d o h w q o i n z
n af ag ah aj ai ae = k r l (ad g) j b
o af ae ai aj ag ah = aa y q d g
p ae = ab (g z r g i)
q ae = x (d t v m) i
r af ae ag = d x j af z n x l q g o af s m x
s ae af = aa (r b e v l ae i t ae e a b aa j) q t
t ae = n (g a x a)
u ai ah ag af ae = j ad e o
v ah ae af ag = r aa
w ae af ai aj ag ah = k (x x l o a n e aj u t t d x g) q f
x ae = v e a m w m g aa h y h b l
y ae = p (ab u n ae m e k i z n ab ae) ab
z ae = a (ad ab p b s w m c w y u r r h l h)
aa aj af ag ah ai ae = n (l (e s m c h h) h q z ab)
ab = x i t ad g h q i c aa c
ac ae = q (b v t b c ad j o ab j)
ad ae = j (f (w v k) b ae q d k k p ab) q b d
main = b (A (B (w (C (D (E (F (a g o t G v) ad q H h s j h p w k I ac n v e y g m J x K d b r p ab u e u L M w) N ac a q l ab) O l ac ac z e z t P ad k m ad Q w R S b k T p f U x c V W X k y Y n Z l t c j AA n c AB AC AD AE f g AF ac)))))
------------------------------------------------------------
b (A (B (w (C (D (E (F (a g o t G v) ad q H h s j h p w k I ac n v e y g m J x K d b r p ab u e u L M w) N ac a q l ab) O l ac ac z e z t P ad k m ad Q w R S b k T p f U x c V W X k y Y n Z l t c j AA n c AB AC AD AE f g AF ac)))))
b (A (B (w (C (D (E (F (m (p y b i ad ac h) r k e e u G v) ad q H h s j h p w k I ac n v e y g m J x K d b r p ab u e u L M w) N ac a q l ab) O l ac ac z e z t P ad k m ad Q w R S b k T p f U x c V W X k y Y n Z l t c j AA n c AB AC AD AE f g AF ac)))))
b (A (B (w (C (D (E (F (d b b s d o h w q o i n z e e u G v) ad q H h s j h p w k I ac n v e y g m J x K d b r p ab u e u L M w) N ac a q l ab) O l ac ac z e z t P ad k m ad Q w R S b k T p f U x c V W X k y Y n Z l t c j AA n c AB AC AD AE f g AF ac)))))
b (A (B (w (C (D (E (F (b (x ad t i aa f x m w h s i u n r) o h w q o i n z e e u G v) ad q H h s j h p w k I ac n v e y g m J x K d b r p ab u e u L M w) N ac a q l ab) O l ac ac z e z t P ad k m ad Q w R S b k T p f U x c V W X k y Y n Z l t c j AA n c AB AC AD AE f g AF ac)))))
b (A (B (w (C (D (E (F (u ab l g v f o s g j q a n q o i n z e e u G v) ad q H h s j h p w k I ac n v e y g m J x K d b r p ab u e u L M w) N ac a q l ab) O l ac ac z e z t P ad k m ad Q w R S b k T p f U x c V W X k y Y n Z l t c j AA n c AB AC AD AE f g AF ac)))))
b (A (B (w (C (D (E (F (j ad e o o s g j q a n q o i n z e e u G v) ad q H h s j h p w k I ac n v e y g m J x K d b r p ab u e u L M w) N ac a q l ab) O l ac ac z e z t P ad k m ad Q w R S b k T p f U x c V W X k y Y n Z l t c j AA n c AB AC AD AE f g AF ac)))))
b (A (B (w (C (D (E (F (q g v m x v k ad ad g j q a n q o i n z e e u G v) ad q H h s j h p w k I ac n v e y g m J x K d b r p ab u e u L M w) N ac a q l ab) O l ac ac z e z t P ad k m ad Q w R S b k T p f U x c V W X k y Y n Z l t c j AA n c AB AC AD AE f g AF ac)))))
b (A (B (w (C (D (E (F (x (d t v m) i v m x v k ad ad g j q a n q o i n z e e u G v) ad q H h s j h p w k I ac n v e y g m J x K d b r p ab u e u L M w) N ac a q l ab) O l ac ac z e z t P ad k m ad Q w R S b k T p f U x c V W X k y Y n Z l t c j AA n c AB AC AD AE f g AF ac)))))
b (A (B (w (C (D (E (F (v e a m w m g aa h y h b l i v m x v k ad ad g j q a n q o i n z e e u G v) ad q H h s j h p w k I ac n v e y g m J x K d b r p ab u e u L M w) N ac a q l ab) O l ac ac z e z t P ad k m ad Q w R S b k T p f U x c V W X k y Y n Z l t c j AA n c AB AC AD AE f g AF ac)))))
b (A (B (w (C (D (E (F (r aa m g aa h y h b l i v m x v k ad ad g j q a n q o i n z e e u G v) ad q H h s j h p w k I ac n v e y g m J x K d b r p ab u e u L M w) N ac a q l ab) O l ac ac z e z t P ad k m ad Q w R S b k T p f U x c V W X k y Y n Z l t c j AA n c AB AC AD AE f g AF ac)))))
b (A (B (w (C (D (E (F (d x j aa z n x l q g o aa s m x aa h y h b l i v m x v k ad ad g j q a n q o i n z e e u G v) ad q H h s j h p w k I ac n v e y g m J x K d b r p ab u e u L M w) N ac a q l ab) O l ac ac z e z t P ad k m ad Q w R S b k T p f U x c V W X k y Y n Z l t c j AA n c AB AC AD AE f g AF ac)))))
b (A (B (w (C (D (E (F (b (x ad t i aa f x m w h aa i u n r) n x l q g o aa s m x aa h y h b l i v m x v k ad ad g j q a n q o i n z e e u G v) ad q H h s j h p w k I ac n v e y g m J x K d b r p ab u e u L M w) N ac a q l ab) O l ac ac z e z t P ad k m ad Q w R S b k T p f U x c V W X k y Y n Z l t c j AA n c AB AC AD AE f g AF ac)))))
b (A (B (w (C (D (E (F (u ab l g v f o s g j q a n q g o aa s m x aa h y h b l i v m x v k ad ad g j q a n q o i n z e e u G v) ad q H h s j h p w k I ac n v e y g m J x K d b r p ab u e u L M w) N ac a q l ab) O l ac ac z e z t P ad k m ad Q w R S b k T p f U x c V W X k y Y n Z l t c j AA n c AB AC AD AE f g AF ac)))))
b (A (B (w (C (D (E (F (j ad e o o s g j q a n q g o aa s m x aa h y h b l i v m x v k ad ad g j q a n q o i n z e e u G v) ad q H h s j h p w k I ac n v e y g m J x K d b r p ab u e u L M w) N ac a q l ab) O l ac ac z e z t P ad k m ad Q w R S b k T p f U x c V W X k y Y n Z l t c j AA n c AB AC AD AE f g AF ac)))))
b (A (B (w (C (D (E (F (q g v m x v k ad ad g j q a n q g o aa s m x aa h y h b l i v m x v k ad ad g j q a n q o i n z e e u G v) ad q H h s j h p w k I ac n v e y g m J x K d b r p ab u e u L M w) N ac a q l ab) O l ac ac z e z t P ad k m ad Q w R S b k T p f U x c V W X k y Y n Z l t c j AA n c AB AC AD AE f g AF ac)))))
b (A (B (w (C (D (E (F (x (d t v m) i v m x v k ad ad g j q a n q g o aa s m x aa h y h b l i v m x v k ad ad g j q a n q o i n z e e u G v) ad q H h s j h p w k I ac n v e y g m J x K d b r p ab u e u L M w) N ac a q l ab) O l ac ac z e z t P ad k m ad Q w R S b k T p f U x c V W X k y Y n Z l t c j AA n c AB AC AD AE f g AF ac)))))
b (A (B (w (C (D (E (F (v e a m w m g aa h y h b l i v m x v k ad ad g j q a n q g o aa s m x aa h y h b l i v m x v k ad ad g j q a n q o i n z e e u G v) ad q H h s j h p w k I ac n v e y g m J x K d b r p ab u e u L M w) N ac a q l ab) O l ac ac z e z t P ad k m ad Q w R S b k T p f U x c V W X k y Y n Z l t c j AA n c AB AC AD AE f g AF ac)))))
b (A (B (w (C (D (E (F (r aa m g aa h y h b l i v m x v k ad ad g j q a n q g o aa s m x aa h y h b l i v m x v k ad ad g j q a n q o i n z e e u G v) ad q H h s j h p w k I ac n v e y g m J x K d b r p ab u e u L M w) N ac a q l ab) O l ac ac z e z t P ad k m ad Q w R S b k T p f U x c V W X k y Y n Z l t c j AA n c AB AC AD AE f g AF ac)))))
b (A (B (w (C (D (E (F (d x j aa z n x l q g o aa s m x aa h y h b l i v m x v k ad ad g j q a n q g o aa s m x aa h y h b l i v m x v k ad ad g j q a n q o i n z e e u G v) ad q H h s j h p w k I ac n v e y g m J x K d b r p ab u e u L M w) N ac a q l ab) O l ac ac z e z t P ad k m ad Q w R S b k T p f U x c V W X k y Y n Z l t c j AA n c AB AC AD AE f g AF ac)))))
b (A (B (w (C (D (E (F (b (x ad t i aa f x m w h aa i u n r) n x l q g o aa s m x aa h y h b l i v m x v k ad ad g j q a n q g o aa s m x aa h y h b l i v m x v k ad ad g j q a n q o i n z e e u G v) ad q H h s j h p w k I ac n v e y g m J x K d b r p ab u e u L M w) N ac a q l ab) O l ac ac z e z t P ad k m ad Q w R S b k T p f U x c V W X k y Y n Z l t c j AA n c AB AC AD AE f g AF ac)))))
b (A (B (w (C (D (E (F (u ab l g v f o s g j q a n q g o aa s m x aa h y h b l i v m x v k ad ad g j q a n q g o aa s m x aa h y h b l i v m x v k ad ad g j q a n q o i n z e e u G v) ad q H h s j h p w k I ac n v e y g m J x K d b r p ab u e u L M w) N ac a q l ab) O l ac ac z e z t P ad k m ad Q w R S b k T p f U x c V W X k y Y n Z l t c j AA n c AB AC AD AE f g AF ac)))))
b (A (B (w (C (D (E (F (j ad e o o s g j q a n q g o aa s m x aa h y h b l i v m x v k ad ad g j q a n q g o aa s m x aa h y h b l i v m x v k ad ad g j q a n q o i n z e e u G v) ad q H h s j h p w k I ac n v e y g m J x K d b r p ab u e u L M w) N ac a q l ab) O l ac ac z e z t P ad k m ad Q w R S b k T p f U x c V W X k y Y n Z l t c j AA n c AB AC AD AE f g AF ac)))))
b (A (B (w (C (D (E (F (q g v m x v k ad ad g j q a n q g o aa s m x aa h y h b l i v m x v k ad ad g j q a n q g o aa s m x aa h y h b l i v m x v k ad ad g j q a n q o i n z e e u G v) ad q H h s j h p w k I ac n v e y g m J x K d b r p ab u e u L M w) N ac a q l ab) O l ac ac z e z t P ad k m ad Q w R S b k T p f U x c V W X k y Y n Z l t c j AA n c AB AC AD AE f g AF ac)))))
b (A (B (w (C (D (E (F (x (d t v m) i v m x v k ad ad g j q a n q g o aa s m x aa h y h b l i v m x v k ad ad g j q a n q g o aa s m x aa h y h b l i v m x v k ad ad g j q a n q o i n z e e u G v) ad q H h s j h p w k I ac n v e y g m J x K d b r p ab u e u L M w) N ac a q l ab) O l ac ac z e z t P ad k m ad Q w R S b k T p f U x c V W X k y Y n Z l t c j AA n c AB AC AD AE f g AF ac)))))
b (A (B (w (C (D (E (F (v e a m w m g aa h y h b l i v m x v k ad ad g j q a n q g o aa s m x aa h y h b l i v m x v k ad ad g j q a n q g o aa s m x aa h y h b l i v m x v k ad ad g j q a n q o i n z e e u G v) ad q H h s j h p w k I ac n v e y g m J x K d b r p ab u e u L M w) N ac a q l ab) O l ac ac z e z t P ad k m ad Q w R S b k T p f U x c V W X k y Y n Z l t c j AA n c AB AC AD AE f g AF ac)))))
b (A (B (w (C (D (E (F (r aa m g aa h y h b l i v m x v k ad ad g j q a n q g o aa s m x aa h y h b l i v m x v k ad ad g j q a n q g o aa s m x aa h y h b l i v m x v k ad ad g j q a n q o i n z e e u G v) ad q H h s j h p w k I ac n v e y g m J x K d b r p ab u e u L M w) N ac a q l ab) O l ac ac z e z t P ad k m ad Q w R S b k T p f U x c V W X k y Y n Z l t c j AA n c AB AC AD AE f g AF ac)))))
b (A (B (w (C (D (E (F (d x j aa z n x l q g o aa s m x aa h y h b l i v m x v k ad ad g j q a n q g o aa s m x aa h y h b l i v m x v k ad ad g j q a n q g o aa s m x aa h y h b l i v m x v k ad ad g j q a n q o i n z e e u G v) ad q H h s j h p w k I ac n v e y g m J x K d b r p ab u e u L M w) N ac a q l ab) O l ac ac z e z t P ad k m ad Q w R S b k T p f U x c V W X k y Y n Z l t c j AA n c AB AC AD AE f g AF ac)))))
b (A (B (w (C (D (E (F (b (x ad t i aa f x m w h aa i u n r) n x l q g o aa s m x aa h y h b l i v m x v k ad ad g j q a n q g o aa s m x aa h y h b l i v m x v k ad ad g j q a n q g o aa s m x aa h y h b l i v m x v k ad ad g j q a n q o i n z e e u G v) ad q H h s j h p w k I ac n v e y g m J x K d b r p ab u e u L M w) N ac a q l ab) O l ac ac z e z t P ad k m ad Q w R S b k T p f U x c V W X k y Y n Z l t c j AA n c AB AC AD AE f g AF ac)))))
b (A (B (w (C (D (E (F (u ab l g v f o s g j q a n q g o aa s m x aa h y h b l i v m x v k ad ad g j q a n q g o aa s m x aa h y h b l i v m x v k ad ad g j q a n q g o aa s m x aa h y h b l i v m x v k ad ad g j q a n q o i n z e e u G v) ad q H h s j h p w k I ac n v e y g m J x K d b r p ab u e u L M w) N ac a q l ab) O l ac ac z e z t P ad k m ad Q w R S b k T p f U x c V W X k y Y n Z l t c j AA n c AB AC AD AE f g AF ac)))))
b (A (B (w (C (D (E (F (j ad e o o s g j q a n q g o aa s m x aa h y h b l i v m x v k ad ad g j q a n q g o aa s m x aa h y h b l i v m x v k ad ad g j q a n q g o aa s m x aa h y h b l i v m x v k ad ad g j q a n q o i n z e e u G v) ad q H h s j h p w k I ac n v e y g m J x K d b r p ab u e u L M w) N ac a q l ab) O l ac ac z e z t P ad k m ad Q w R S b k T p f U x c V W X k y Y n Z l t c j AA n c AB AC AD AE f g AF ac)))))


