a = q (r aa y m y w z p z r p)
b ai ah af ag ae aj = u (m u z q f aa)
c ae = v (v a d b u w o) k
d ae af ag = f x u f r k b q
e af ae ag ah = o (l q r c g ac p z) b h u f y w
f ae ah ag af = i (m v (m u x ac)) ac g m ad ab y c w y t n
g ae af = y o a ac y c y k
h ae = c p y u t
i ae af ag ah = d l z n l m w r
j aj af ai ae ah ag = u d k ad a h u w ac e ad s b e w a r
k ah ai af ae ag aj = l (w (j v m v ad af ac) a m r ac r)
l = ab
m ag ae ai af ah = ai (a ac e u q w i y j c z) t h s
n = y s aa aa ab e l j
o ae af = b (c m a r v j n i af aa s k k ae x x)
p ae ag af = k ae (ac r r h f ae l z z c) ae g i
q ag af ae = d aa k c u
r ae = x u l y m ad y o v x j j
s = q l c ad v b a u j b v ad
t ai ag af aj ae ah = c (p af n k w ah d d c k f) u h
u af ah ae ag ai = ah q l o z f p v
v = j (o f y d ab m q aa i w n) e
w af ag ae ah = y (m (z x e e f r aa t c ab m v e y))
x ag ae af ah ai = q (l (aa o ac p j d e q) s e o l a z a)
y af ai ae ah ag = v r d ad o l ad w d
z af ae ag = h (b (g b h n) p l n d m)
aa af ag ae = n r ac m j ad z x z q k y e u
ab = v r p s j x i c aa x g aa t n ac i e q
ac ag ah af ai ae = a (m (u y z ag j r a p i) k s o e r q)
ad ai ah ae ag af = r (q (t z o x n v r r w ag) g) w h e l
main = v (A B (C (D t (E (z (F (v (G (H (I J K v g w L l M i x j h n f N ac) O s x P Q R l S T U V n g h e l v v x j W u) i X Y Z AA h ac m m) j c x ab AB AC a AD b u i s) b AE AF AG AH AI aa AJ x AK AL p k AM z x AN aa y o AO AP r AQ AR ab AT AU))))))
------------------------------------------------------------
v (A B (C (D t (E (z (F (v (G (H (I J K v g w L l M i x j h n f N ac) O s x P Q R l S T U V n g h e l v v x j W u) i X Y Z AA h ac m m) j c x ab AB AC a AD b u i s) b AE AF AG AH AI aa AJ x AK AL p k AM z x AN aa y o AO AP r AQ AR ab AT AU))))))
j (o f y d ab m q aa i w n) e (A B (C (D t (E (z (F (v (G (H (I J K v g w L l M i x j h n f N ac) O s x P Q R l S T U V n g h e l v v x j W u) i X Y Z AA h ac m m) j c x ab AB AC a AD b u i s) b AE AF AG AH AI aa AJ x AK AL p k AM z x AN aa y o AO AP r AQ AR ab AT AU))))))
j (b (c m a r v j n i y aa s k k f x x) d ab m q aa i w n) e (A B (C (D t (E (z (F (v (G (H (I J K v g w L l M i x j h n f N ac) O s x P Q R l S T U V n g h e l v v x j W u) i X Y Z AA h ac m m) j c x ab AB AC a AD b u i s) b AE AF AG AH AI aa AJ x AK AL p k AM z x AN aa y o AO AP r AQ AR ab AT AU))))))
j (u (m u z q f aa) i w n) e (A B (C (D t (E (z (F (v (G (H (I J K v g w L l M i x j h n f N ac) O s x P Q R l S T U V n g h e l v v x j W u) i X Y Z AA h ac m m) j c x ab AB AC a AD b u i s) b AE AF AG AH AI aa AJ x AK AL p k AM z x AN aa y o AO AP r AQ AR ab AT AU))))))
j (u (q (a ac e u q w i y j c z) t h s) i w n) e (A B (C (D t (E (z (F (v (G (H (I J K v g w L l M i x j h n f N ac) O s x P Q R l S T U V n g h e l v v x j W u) i X Y Z AA h ac m m) j c x ab AB AC a AD b u i s) b AE AF AG AH AI aa AJ x AK AL p k AM z x AN aa y o AO AP r AQ AR ab AT AU))))))
j (u (d aa k c u s) i w n) e (A B (C (D t (E (z (F (v (G (H (I J K v g w L l M i x j h n f N ac) O s x P Q R l S T U V n g h e l v v x j W u) i X Y Z AA h ac m m) j c x ab AB AC a AD b u i s) b AE AF AG AH AI aa AJ x AK AL p k AM z x AN aa y o AO AP r AQ AR ab AT AU))))))
j (u (f x u f r k b q u s) i w n) e (A B (C (D t (E (z (F (v (G (H (I J K v g w L l M i x j h n f N ac) O s x P Q R l S T U V n g h e l v v x j W u) i X Y Z AA h ac m m) j c x ab AB AC a AD b u i s) b AE AF AG AH AI aa AJ x AK AL p k AM z x AN aa y o AO AP r AQ AR ab AT AU))))))
j (u (i (m v (m u x ac)) ac g m ad ab y c w y t n k b q u s) i w n) e (A B (C (D t (E (z (F (v (G (H (I J K v g w L l M i x j h n f N ac) O s x P Q R l S T U V n g h e l v v x j W u) i X Y Z AA h ac m m) j c x ab AB AC a AD b u i s) b AE AF AG AH AI aa AJ x AK AL p k AM z x AN aa y o AO AP r AQ AR ab AT AU))))))
j (u (d l z n l m w r ad ab y c w y t n k b q u s) i w n) e (A B (C (D t (E (z (F (v (G (H (I J K v g w L l M i x j h n f N ac) O s x P Q R l S T U V n g h e l v v x j W u) i X Y Z AA h ac m m) j c x ab AB AC a AD b u i s) b AE AF AG AH AI aa AJ x AK AL p k AM z x AN aa y o AO AP r AQ AR ab AT AU))))))
j (u (f x u f r k b q l m w r ad ab y c w y t n k b q u s) i w n) e (A B (C (D t (E (z (F (v (G (H (I J K v g w L l M i x j h n f N ac) O s x P Q R l S T U V n g h e l v v x j W u) i X Y Z AA h ac m m) j c x ab AB AC a AD b u i s) b AE AF AG AH AI aa AJ x AK AL p k AM z x AN aa y o AO AP r AQ AR ab AT AU))))))
j (u (i (m v (m u x ac)) ac g m ad ab y c w y t n k b q l m w r ad ab y c w y t n k b q u s) i w n) e (A B (C (D t (E (z (F (v (G (H (I J K v g w L l M i x j h n f N ac) O s x P Q R l S T U V n g h e l v v x j W u) i X Y Z AA h ac m m) j c x ab AB AC a AD b u i s) b AE AF AG AH AI aa AJ x AK AL p k AM z x AN aa y o AO AP r AQ AR ab AT AU))))))
j (u (d l z n l m w r ad ab y c w y t n k b q l m w r ad ab y c w y t n k b q u s) i w n) e (A B (C (D t (E (z (F (v (G (H (I J K v g w L l M i x j h n f N ac) O s x P Q R l S T U V n g h e l v v x j W u) i X Y Z AA h ac m m) j c x ab AB AC a AD b u i s) b AE AF AG AH AI aa AJ x AK AL p k AM z x AN aa y o AO AP r AQ AR ab AT AU))))))
j (u (f x u f r k b q l m w r ad ab y c w y t n k b q l m w r ad ab y c w y t n k b q u s) i w n) e (A B (C (D t (E (z (F (v (G (H (I J K v g w L l M i x j h n f N ac) O s x P Q R l S T U V n g h e l v v x j W u) i X Y Z AA h ac m m) j c x ab AB AC a AD b u i s) b AE AF AG AH AI aa AJ x AK AL p k AM z x AN aa y o AO AP r AQ AR ab AT AU))))))
j (u (i (m v (m u x ac)) ac g m ad ab y c w y t n k b q l m w r ad ab y c w y t n k b q l m w r ad ab y c w y t n k b q u s) i w n) e (A B (C (D t (E (z (F (v (G (H (I J K v g w L l M i x j h n f N ac) O s x P Q R l S T U V n g h e l v v x j W u) i X Y Z AA h ac m m) j c x ab AB AC a AD b u i s) b AE AF AG AH AI aa AJ x AK AL p k AM z x AN aa y o AO AP r AQ AR ab AT AU))))))
j (u (d l z n l m w r ad ab y c w y t n k b q l m w r ad ab y c w y t n k b q l m w r ad ab y c w y t n k b q u s) i w n) e (A B (C (D t (E (z (F (v (G (H (I J K v g w L l M i x j h n f N ac) O s x P Q R l S T U V n g h e l v v x j W u) i X Y Z AA h ac m m) j c x ab AB AC a AD b u i s) b AE AF AG AH AI aa AJ x AK AL p k AM z x AN aa y o AO AP r AQ AR ab AT AU))))))
j (u (f x u f r k b q l m w r ad ab y c w y t n k b q l m w r ad ab y c w y t n k b q l m w r ad ab y c w y t n k b q u s) i w n) e (A B (C (D t (E (z (F (v (G (H (I J K v g w L l M i x j h n f N ac) O s x P Q R l S T U V n g h e l v v x j W u) i X Y Z AA h ac m m) j c x ab AB AC a AD b u i s) b AE AF AG AH AI aa AJ x AK AL p k AM z x AN aa y o AO AP r AQ AR ab AT AU))))))
j (u (i (m v (m u x ac)) ac g m ad ab y c w y t n k b q l m w r ad ab y c w y t n k b q l m w r ad ab y c w y t n k b q l m w r ad ab y c w y t n k b q u s) i w n) e (A B (C (D t (E (z (F (v (G (H (I J K v g w L l M i x j h n f N ac) O s x P Q R l S T U V n g h e l v v x j W u) i X Y Z AA h ac m m) j c x ab AB AC a AD b u i s) b AE AF AG AH AI aa AJ x AK AL p k AM z x AN aa y o AO AP r AQ AR ab AT AU))))))
j (u (d l z n l m w r ad ab y c w y t n k b q l m w r ad ab y c w y t n k b q l m w r ad ab y c w y t n k b q l m w r ad ab y c w y t n k b q u s) i w n) e (A B (C (D t (E (z (F (v (G (H (I J K v g w L l M i x j h n f N ac) O s x P Q R l S T U V n g h e l v v x j W u) i X Y Z AA h ac m m) j c x ab AB AC a AD b u i s) b AE AF AG AH AI aa AJ x AK AL p k AM z x AN aa y o AO AP r AQ AR ab AT AU))))))
j (u (f x u f r k b q l m w r ad ab y c w y t n k b q l m w r ad ab y c w y t n k b q l m w r ad ab y c w y t n k b q l m w r ad ab y c w y t n k b q u s) i w n) e (A B (C (D t (E (z (F (v (G (H (I J K v g w L l M i x j h n f N ac) O s x P Q R l S T U V n g h e l v v x j W u) i X Y Z AA h ac m m) j c x ab AB AC a AD b u i s) b AE AF AG AH AI aa AJ x AK AL p k AM z x AN aa y o AO AP r AQ AR ab AT AU))))))
j (u (i (m v (m u x ac)) ac g m ad ab y c w y t n k b q l m w r ad ab y c w y t n k b q l m w r ad ab y c w y t n k b q l m w r ad ab y c w y t n k b q l m w r ad ab y c w y t n k b q u s) i w n) e (A B (C (D t (E (z (F (v (G (H (I J K v g w L l M i x j h n f N ac) O s x P Q R l S T U V n g h e l v v x j W u) i X Y Z AA h ac m m) j c x ab AB AC a AD b u i s) b AE AF AG AH AI aa AJ x AK AL p k AM z x AN aa y o AO AP r AQ AR ab AT AU))))))
j (u (d l z n l m w r ad ab y c w y t n k b q l m w r ad ab y c w y t n k b q l m w r ad ab y c w y t n k b q l m w r ad ab y c w y t n k b q l m w r ad ab y c w y t n k b q u s) i w n) e (A B (C (D t (E (z (F (v (G (H (I J K v g w L l M i x j h n f N ac) O s x P Q R l S T U V n g h e l v v x j W u) i X Y Z AA h ac m m) j c x ab AB AC a AD b u i s) b AE AF AG AH AI aa AJ x AK AL p k AM z x AN aa y o AO AP r AQ AR ab AT AU))))))
j (u (f x u f r k b q l m w r ad ab y c w y t n k b q l m w r ad ab y c w y t n k b q l m w r ad ab y c w y t n k b q l m w r ad ab y c w y t n k b q l m w r ad ab y c w y t n k b q u s) i w n) e (A B (C (D t (E (z (F (v (G (H (I J K v g w L l M i x j h n f N ac) O s x P Q R l S T U V n g h e l v v x j W u) i X Y Z AA h ac m m) j c x ab AB AC a AD b u i s) b AE AF AG AH AI aa AJ x AK AL p k AM z x AN aa y o AO AP r AQ AR ab AT AU))))))
j (u (i (m v (m u x ac)) ac g m ad ab y c w y t n k b q l m w r ad ab y c w y t n k b q l m w r ad ab y c w y t n k b q l m w r ad ab y c w y t n k b q l m w r ad ab y c w y t n k b q l m w r ad ab y c w y t n k b q u s) i w n) e (A B (C (D t (E (z (F (v (G (H (I J K v g w L l M i x j h n f N ac) O s x P Q R l S T U V n g h e l v v x j W u) i X Y Z AA h ac m m) j c x ab AB AC a AD b u i s) b AE AF AG AH AI aa AJ x AK AL p k AM z x AN aa y o AO AP r AQ AR ab AT AU))))))
j (u (d l z n l m w r ad ab y c w y t n k b q l m w r ad ab y c w y t n k b q l m w r ad ab y c w y t n k b q l m w r ad ab y c w y t n k b q l m w r ad ab y c w y t n k b q l m w r ad ab y c w y t n k b q u s) i w n) e (A B (C (D t (E (z (F (v (G (H (I J K v g w L l M i x j h n f N ac) O s x P Q R l S T U V n g h e l v v x j W u) i X Y Z AA h ac m m) j c x ab AB AC a AD b u i s) b AE AF AG AH AI aa AJ x AK AL p k AM z x AN aa y o AO AP r AQ AR ab AT AU))))))
j (u (f x u f r k b q l m w r ad ab y c w y t n k b q l m w r ad ab y c w y t n k b q l m w r ad ab y c w y t n k b q l m w r ad ab y c w y t n k b q l m w r ad ab y c w y t n k b q l m w r ad ab y c w y t n k b q u s) i w n) e (A B (C (D t (E (z (F (v (G (H (I J K v g w L l M i x j h n f N ac) O s x P Q R l S T U V n g h e l v v x j W u) i X Y Z AA h ac m m) j c x ab AB AC a AD b u i s) b AE AF AG AH AI aa AJ x AK AL p k AM z x AN aa y o AO AP r AQ AR ab AT AU))))))
j (u (i (m v (m u x ac)) ac g m ad ab y c w y t n k b q l m w r ad ab y c w y t n k b q l m w r ad ab y c w y t n k b q l m w r ad ab y c w y t n k b q l m w r ad ab y c w y t n k b q l m w r ad ab y c w y t n k b q l m w r ad ab y c w y t n k b q u s) i w n) e (A B (C (D t (E (z (F (v (G (H (I J K v g w L l M i x j h n f N ac) O s x P Q R l S T U V n g h e l v v x j W u) i X Y Z AA h ac m m) j c x ab AB AC a AD b u i s) b AE AF AG AH AI aa AJ x AK AL p k AM z x AN aa y o AO AP r AQ AR ab AT AU))))))
j (u (d l z n l m w r ad ab y c w y t n k b q l m w r ad ab y c w y t n k b q l m w r ad ab y c w y t n k b q l m w r ad ab y c w y t n k b q l m w r ad ab y c w y t n k b q l m w r ad ab y c w y t n k b q l m w r ad ab y c w y t n k b q u s) i w n) e (A B (C (D t (E (z (F (v (G (H (I J K v g w L l M i x j h n f N ac) O s x P Q R l S T U V n g h e l v v x j W u) i X Y Z AA h ac m m) j c x ab AB AC a AD b u i s) b AE AF AG AH AI aa AJ x AK AL p k AM z x AN aa y o AO AP r AQ AR ab AT AU))))))
j (u (f x u f r k b q l m w r ad ab y c w y t n k b q l m w r ad ab y c w y t n k b q l m w r ad ab y c w y t n k b q l m w r ad ab y c w y t n k b q l m w r ad ab y c w y t n k b q l m w r ad ab y c w y t n k b q l m w r ad ab y c w y t n k b q u s) i w n) e (A B (C (D t (E (z (F (v (G (H (I J K v g w L l M i x j h n f N ac) O s x P Q R l S T U V n g h e l v v x j W u) i X Y Z AA h ac m m) j c x ab AB AC a AD b u i s) b AE AF AG AH AI aa AJ x AK AL p k AM z x AN aa y o AO AP r AQ AR ab AT AU))))))
j (u (i (m v (m u x ac)) ac g m ad ab y c w y t n k b q l m w r ad ab y c w y t n k b q l m w r ad ab y c w y t n k b q l m w r ad ab y c w y t n k b q l m w r ad ab y c w y t n k b q l m w r ad ab y c w y t n k b q l m w r ad ab y c w y t n k b q l m w r ad ab y c w y t n k b q u s) i w n) e (A B (C (D t (E (z (F (v (G (H (I J K v g w L l M i x j h n f N ac) O s x P Q R l S T U V n g h e l v v x j W u) i X Y Z AA h ac m m) j c x ab AB AC a AD b u i s) b AE AF AG AH AI aa AJ x AK AL p k AM z x AN aa y o AO AP r AQ AR ab AT AU))))))
j (u (d l z n l m w r ad ab y c w y t n k b q l m w r ad ab y c w y t n k b q l m w r ad ab y c w y t n k b q l m w r ad ab y c w y t n k b q l m w r ad ab y c w y t n k b q l m w r ad ab y c w y t n k b q l m w r ad ab y c w y t n k b q l m w r ad ab y c w y t n k b q u s) i w n) e (A B (C (D t (E (z (F (v (G (H (I J K v g w L l M i x j h n f N ac) O s x P Q R l S T U V n g h e l v v x j W u) i X Y Z AA h ac m m) j c x ab AB AC a AD b u i s) b AE AF AG AH AI aa AJ x AK AL p k AM z x AN aa y o AO AP r AQ AR ab AT AU))))))


