a af ae l (t b r ae i p f n c ab t)
b ai af ae ag ah c (f d) a x v o
c af ag ae z e d i ab v a ac aa f g g u n i m ab
d af ah ag ae ai aj s z v ad
e q aa q s i n j l w c z x o o f
f af ae b (r r o g p aa k) d j ab aa af n w u u w
g af ae q (r s af c a i o s o b j)
h ae ag af ah j (g (f w s x v t e d a i u))
i ag af ae aj ah ai f (c j e p m ac g u s h ah w g j y q m)
j ae ah ai aj af ag ac (n w e z q e ab l aa f b s m q) s
k ai ag ae ah af c r j d j ai i ae y
l ae ag ai ah af x (b (t k ac h) f p d i x m) m w g c t aa
m g (n (ab g aa j r j z y h k ab c) i)
n ae l (ad q t l b s y u p ab) j
o ae ag af ad m u f ad l e n
p ag af ae x (f (k u k w u r q ad g aa i k) m q af)
q ae af ah ag p f m u u c a e f j p g n l y j j
r ae o t y y (e aa) i y x ab v
s af ae ag ab (i (t o p p ad n q r d z w a))
t ah ag ae af ai aj af g u j o ah n k k u ac v r aa g b aa
u t (f (r f k k c a w b) ad b k m c b)
v ab (c h a h j i) ad s d ad c o c ac w
w ae ac (i z g k f z f q ac aa e u h e l aa)
x aj ag ah ai ae af p (m (r t l) (ad ad) z z) ag o t l
y ag af ae l c s c z b ab z h i b q
z ac (j (o n) k j p w p) aa w l f u
aa af ae e r m z k u s c m j g w r u
ab ae ah aj ag ai af s (w (x y r) v p p) aa s
ac ag af ae v (d k t) i t e
ad ae u (v (n e r t r ac g h p c b t s))
main h (A (B j (i (l (g (n (C (D (E F G H I J K L M N m z k O P ad k m o n v Q j x R S p T c n n p y o ab v f f ac U V q y l W j v x X e Y q w j z aa) ab Z AA u AB AC h AD AE AF c k z h n AG AH AI x aa r s q s k n ac w AJ c i c l AK))))))))
------------------------------------------------------------
h (A (B j (i (l (g (n (C (D (E F G H I J K L M N m z k O P ad k m o n v Q j x R S p T c n n p y o ab v f f ac U V q y l W j v x X e Y q w j z aa) ab Z AA u AB AC h AD AE AF c k z h n AG AH AI x aa r s q s k n ac w AJ c i c l AK))))))))
h (A (B j (i (l (g (l (ad q t l b s y u p ab) j))))))
h (A (B j (i (l (g (l (u (v (n e r t r ac g h p c b t s)) t l b s y u p ab) j))))))
h (A (B j (i (l (g (l (t (f (r f k k c a w b) ad b k m c b) (v (n e r t r ac g h p c b t s)) t l b s y u p ab) j))))))
h (A (B j (i (l (g (l (l g u j o (f (r f k k c a w b) ad b k m c b) n k k u ac v r aa g b aa y u p ab) j))))))
h (A (B j (i (l (g (l (x (b (t k ac h) f p d i x m) m w g c t aa n k k u ac v r aa g b aa y u p ab) j))))))
h (A (B j (i (l (g (l (p (m (r t l) (ad ad) z z) m o t l aa n k k u ac v r aa g b aa y u p ab) j))))))
h (A (B j (i (l (g (l (x (f (k u k w u r q ad g aa i k) m q m) t l aa n k k u ac v r aa g b aa y u p ab) j))))))
h (A (B j (i (l (g (l (p (m (r t l) (ad ad) z z) t o t l k u ac v r aa g b aa y u p ab) j))))))
h (A (B j (i (l (g (l (x (f (k u k w u r q ad g aa i k) m q t) t l k u ac v r aa g b aa y u p ab) j))))))
h (A (B j (i (l (g (l (p (m (r t l) (ad ad) z z) t o t l v r aa g b aa y u p ab) j))))))
h (A (B j (i (l (g (l (x (f (k u k w u r q ad g aa i k) m q t) t l v r aa g b aa y u p ab) j))))))
h (A (B j (i (l (g (l (p (m (r t l) (ad ad) z z) t o t l g b aa y u p ab) j))))))
h (A (B j (i (l (g (l (x (f (k u k w u r q ad g aa i k) m q t) t l g b aa y u p ab) j))))))
h (A (B j (i (l (g (l (p (m (r t l) (ad ad) z z) t o t l y u p ab) j))))))
h (A (B j (i (l (g (l (x (f (k u k w u r q ad g aa i k) m q t) t l y u p ab) j))))))
h (A (B j (i (l (g (l (p (m (r t l) (ad ad) z z) t o t l ab) j))))))
h (A (B j (i (l (g (l (x (f (k u k w u r q ad g aa i k) m q t) t l ab) j))))))
h (A (B j (i (l (g (l (x (b (r r o g p aa k) d j ab aa (k u k w u r q ad g aa i k) n w u u w q t) t l ab) j))))))
h (A (B j (i (l (g (l (x (c (f d) a x v o (k u k w u r q ad g aa i k) n w u u w q t) t l ab) j))))))
h (A (B j (i (l (g (l (x (z e d i ab v a ac aa f g g u n i m ab v o (k u k w u r q ad g aa i k) n w u u w q t) t l ab) j))))))
h (A (B j (i (l (g (l (x (ac (j (o n) k j p w p) aa w l f u e d i ab v a ac aa f g g u n i m ab v o (k u k w u r q ad g aa i k) n w u u w q t) t l ab) j))))))
h (A (B j (i (l (g (l (x (v (d k t) i t e l f u e d i ab v a ac aa f g g u n i m ab v o (k u k w u r q ad g aa i k) n w u u w q t) t l ab) j))))))
h (A (B j (i (l (g (l (x (ab (c h a h j i) ad s d ad c o c ac w (d k t) i t e l f u e d i ab v a ac aa f g g u n i m ab v o (k u k w u r q ad g aa i k) n w u u w q t) t l ab) j))))))
h (A (B j (i (l (g (l (x (s (w (x y r) v p p) aa s o c ac w (d k t) i t e l f u e d i ab v a ac aa f g g u n i m ab v o (k u k w u r q ad g aa i k) n w u u w q t) t l ab) j))))))
h (A (B j (i (l (g (l (x (ab (i (t o p p ad n q r d z w a)) o c ac w (d k t) i t e l f u e d i ab v a ac aa f g g u n i m ab v o (k u k w u r q ad g aa i k) n w u u w q t) t l ab) j))))))
h (A (B j (i (l (g (l (x (s (w (x y r) v p p) aa s i t e l f u e d i ab v a ac aa f g g u n i m ab v o (k u k w u r q ad g aa i k) n w u u w q t) t l ab) j))))))
h (A (B j (i (l (g (l (x (ab (i (t o p p ad n q r d z w a)) i t e l f u e d i ab v a ac aa f g g u n i m ab v o (k u k w u r q ad g aa i k) n w u u w q t) t l ab) j))))))
h (A (B j (i (l (g (l (x (s (w (x y r) v p p) aa s u e d i ab v a ac aa f g g u n i m ab v o (k u k w u r q ad g aa i k) n w u u w q t) t l ab) j))))))
h (A (B j (i (l (g (l (x (ab (i (t o p p ad n q r d z w a)) u e d i ab v a ac aa f g g u n i m ab v o (k u k w u r q ad g aa i k) n w u u w q t) t l ab) j))))))


