a ag af ae = g g (t u w k af v) (j ab q) ab
b ae af = ac (ac ab ad q) c ac x o p y k f s r x v ab
c ag ai aj ae ah af = m (t (ae m j) o (a aa) n ab f a v e q e h)
d ah ag ai ae af = ah (a (ag (r f y p i) a g r e) q b i p)
e ag ah af ae = c (ab (g q j w f j ab j n w p b z) y v)
f ag ae ai af ah = i k ab ab ad k h z j ac z h e e z u b
g af ag ae ah = q (z (ad f w o c k w z ac b q w v) u)
h af ae ag = x (u (m o (t v) g k ab k z p o))
i ae = u (t z h) ab ad
j ag ae ah af = l (o f t t u r s e y n e d)
k ai ah ae ag af = x (v a ad l j r)
l ag ae aj ah af ai = h o u aa y s j
m af ae = n k d o
n ae ag af ai ah = ai (g k p ab ac x i q j x m i k aa ah ad)
o ai ah af aj ag ae = f (j r l q d i) x s k f
p ae af ag ah = j e l b v g c r r i ad
q ag ae af aj ai ah = ab (ah n e r b k h ab e t o c y)
r ae = q (f s a p n f e f u n ac v h t v ac)
s aj af ae ag ah ai = a (l (d o) t k x q h)
t ae af = p ac h u z g ad q ae u b n l v h ab w
u ae = o t k d m ac v s e p e p
v = r (h (o (s w)) w g) h z (g b e l)
w = ab (q a j v aa k m d ad) u
x af ag ae ai ah = w c e h k g e g
y ah ag af ae = j (ab (g d s c ab p x n a n) f s) o af
z af ah ag ae ai = q (g ag k x a c n o a h y) i g p ab h
aa ae af ai ag ah = d (u ac) r j w p n v q
ab af ag ae = l (h (v r p aa af t w aa w y v x p h w o))
ac ae ag af ah = c (b q m d m s v z c s o v f q w) ad
ad ae af ag ah = h (c v ae f aa z j x ac af r t l ae l)
main = A (B (g f (C q (D (E F a c f G b ac H ac k) I v v m) ab J w ac K L M N O P Q s f t R S T U V j t r d W d X Y l Z z m u r AA AB j AC m z d AD e u AE AF AG d w c h l a AH AI u u u ac) c AJ j y s a l k aa s a AK AL AM e v d ad l z))
------------------------------------------------------------
A (B (g f (C q (D (E F a c f G b ac H ac k) I v v m) ab J w ac K L M N O P Q s f t R S T U V j t r d W d X Y l Z z m u r AA AB j AC m z d AD e u AE AF AG d w c h l a AH AI u u u ac) c AJ j y s a l k aa s a AK AL AM e v d ad l z))
A (B (q (z (ad f w o c k w z ac b q w v) u) j y s a l k aa s a AK AL AM e v d ad l z))
A (B (ab (l n e r b k h ab e t o c y) k aa s a AK AL AM e v d ad l z))
A (B (l (h (v r p aa (l n e r b k h ab e t o c y) t w aa w y v x p h w o)) s a AK AL AM e v d ad l z))
A (B (h o u aa y s j e v d ad l z))
A (B (x (u (m o (t v) g k ab k z p o)) y s j e v d ad l z))
A (B (w c e h k g e g v d ad l z))
A (B (ab (q a j v aa k m d ad) u c e h k g e g v d ad l z))
A (B (l (h (v r p aa (q a j v aa k m d ad) t w aa w y v x p h w o)) e h k g e g v d ad l z))
A (B (h o u aa y s j g v d ad l z))
A (B (x (u (m o (t v) g k ab k z p o)) y s j g v d ad l z))
A (B (w c e h k g e g v d ad l z))
A (B (ab (q a j v aa k m d ad) u c e h k g e g v d ad l z))
A (B (l (h (v r p aa (q a j v aa k m d ad) t w aa w y v x p h w o)) e h k g e g v d ad l z))
A (B (h o u aa y s j g v d ad l z))
A (B (x (u (m o (t v) g k ab k z p o)) y s j g v d ad l z))
A (B (w c e h k g e g v d ad l z))
A (B (ab (q a j v aa k m d ad) u c e h k g e g v d ad l z))
A (B (l (h (v r p aa (q a j v aa k m d ad) t w aa w y v x p h w o)) e h k g e g v d ad l z))
A (B (h o u aa y s j g v d ad l z))
A (B (x (u (m o (t v) g k ab k z p o)) y s j g v d ad l z))
A (B (w c e h k g e g v d ad l z))
A (B (ab (q a j v aa k m d ad) u c e h k g e g v d ad l z))
A (B (l (h (v r p aa (q a j v aa k m d ad) t w aa w y v x p h w o)) e h k g e g v d ad l z))
A (B (h o u aa y s j g v d ad l z))
A (B (x (u (m o (t v) g k ab k z p o)) y s j g v d ad l z))
A (B (w c e h k g e g v d ad l z))
A (B (ab (q a j v aa k m d ad) u c e h k g e g v d ad l z))
A (B (l (h (v r p aa (q a j v aa k m d ad) t w aa w y v x p h w o)) e h k g e g v d ad l z))
A (B (h o u aa y s j g v d ad l z))


