a ae y (m t l q j ae) c h
b n l aa s aa a e m
c ah af ai aj ag ae q (o (x ac) ag ab m j v aa b m m)
d ai ah ag ae af k r v ac ad w j s ai v aa x m ab
e o v a z m i t m
f ae q (o q j aa w ac e ad ad)
g ae af v (k w j o w a s) z e x y i
h ah ag af ae u (k o u j w ab u af k)
i ah ag ae af b (v aa j h o z c x c a h o w j o z)
j ag af ah ae i (z s aa a g)
k ah ag ai ae aj af b (f d a ad o) s z x ae t b g z j t p z
l ah af ae ag ab ab r r ab p z a r g x h ab ah af
m af ae w (b aa r ab ae a) ae e
n p (w x w ac y d k m) y ab y ac ac j ab
o r (y e ac p t b)
p ah ae af ag ai aj ab (z (ad h) (g z) i e g a y u ab)
q af ag ah ae t (e (c (g z) t) a ae ac) i u ac k y f z r
r ae ad (o t) v (c g) v c n
s ai ah ae ag af ad (b ac ai g g x f x ah n y d)
t ah ag ae af aj ai i b ae c v h b r b ae ac m j l c z a d
u ag ae ah af o (n t ab r s n k d p o k ah) ac g k
v af ah ai ag ae n d i y p m ab
w z l a z v o u ab q n x
x af ae m (i i t ae ae u c j k s ad e e s k q)
y z k a g o j p j n f s h e x
z ag ai af ae ah l l (g u c j)
aa aj ae ai ah ag af m ab n ae f i s f j s q n h l x
ab ae u (c p a g h f a f m s x q v) f l u
ac ai ah ag ae af q t s
ad ae aj af ag ah ai u (af q) m d g z j o q
main o (A (y (d (B (C (D i (a (E (F y (x (c (G (ac (ad i (H ac g e)) q ad I t y k J K t y ab L M N O P n q Q m n c h R n S i f) T t U V W X Y Z b h d) AA x m m z q f ab e) x h d h a o y q AB d) AC AD AE AF b v y AG AH b z u AI e o t) AJ AK q l))))))))
------------------------------------------------------------
o (A (y (d (B (C (D i (a (E (F y (x (c (G (ac (ad i (H ac g e)) q ad I t y k J K t y ab L M N O P n q Q m n c h R n S i f) T t U V W X Y Z b h d) AA x m m z q f ab e) x h d h a o y q AB d) AC AD AE AF b v y AG AH b z u AI e o t) AJ AK q l))))))))
r (y e ac p t b) (A (y (d (B (C (D i (a (E (F y (x (c (G (ac (ad i (H ac g e)) q ad I t y k J K t y ab L M N O P n q Q m n c h R n S i f) T t U V W X Y Z b h d) AA x m m z q f ab e) x h d h a o y q AB d) AC AD AE AF b v y AG AH b z u AI e o t) AJ AK q l))))))))
ad (o t) v (c g) v c n (A (y (d (B (C (D i (a (E (F y (x (c (G (ac (ad i (H ac g e)) q ad I t y k J K t y ab L M N O P n q Q m n c h R n S i f) T t U V W X Y Z b h d) AA x m m z q f ab e) x h d h a o y q AB d) AC AD AE AF b v y AG AH b z u AI e o t) AJ AK q l))))))))
u (c g q) m d g z j o q (A (y (d (B (C (D i (a (E (F y (x (c (G (ac (ad i (H ac g e)) q ad I t y k J K t y ab L M N O P n q Q m n c h R n S i f) T t U V W X Y Z b h d) AA x m m z q f ab e) x h d h a o y q AB d) AC AD AE AF b v y AG AH b z u AI e o t) AJ AK q l))))))))
o (n t ab r s n k d p o k d) ac g k z j o q (A (y (d (B (C (D i (a (E (F y (x (c (G (ac (ad i (H ac g e)) q ad I t y k J K t y ab L M N O P n q Q m n c h R n S i f) T t U V W X Y Z b h d) AA x m m z q f ab e) x h d h a o y q AB d) AC AD AE AF b v y AG AH b z u AI e o t) AJ AK q l))))))))
r (y e ac p t b) (n t ab r s n k d p o k d) ac g k z j o q (A (y (d (B (C (D i (a (E (F y (x (c (G (ac (ad i (H ac g e)) q ad I t y k J K t y ab L M N O P n q Q m n c h R n S i f) T t U V W X Y Z b h d) AA x m m z q f ab e) x h d h a o y q AB d) AC AD AE AF b v y AG AH b z u AI e o t) AJ AK q l))))))))
ad (o t) v (c g) v c n (n t ab r s n k d p o k d) ac g k z j o q (A (y (d (B (C (D i (a (E (F y (x (c (G (ac (ad i (H ac g e)) q ad I t y k J K t y ab L M N O P n q Q m n c h R n S i f) T t U V W X Y Z b h d) AA x m m z q f ab e) x h d h a o y q AB d) AC AD AE AF b v y AG AH b z u AI e o t) AJ AK q l))))))))
u (c g q) m d g z j o q (n t ab r s n k d p o k d) ac g k z j o q (A (y (d (B (C (D i (a (E (F y (x (c (G (ac (ad i (H ac g e)) q ad I t y k J K t y ab L M N O P n q Q m n c h R n S i f) T t U V W X Y Z b h d) AA x m m z q f ab e) x h d h a o y q AB d) AC AD AE AF b v y AG AH b z u AI e o t) AJ AK q l))))))))
o (n t ab r s n k d p o k d) ac g k z j o q (n t ab r s n k d p o k d) ac g k z j o q (A (y (d (B (C (D i (a (E (F y (x (c (G (ac (ad i (H ac g e)) q ad I t y k J K t y ab L M N O P n q Q m n c h R n S i f) T t U V W X Y Z b h d) AA x m m z q f ab e) x h d h a o y q AB d) AC AD AE AF b v y AG AH b z u AI e o t) AJ AK q l))))))))
r (y e ac p t b) (n t ab r s n k d p o k d) ac g k z j o q (n t ab r s n k d p o k d) ac g k z j o q (A (y (d (B (C (D i (a (E (F y (x (c (G (ac (ad i (H ac g e)) q ad I t y k J K t y ab L M N O P n q Q m n c h R n S i f) T t U V W X Y Z b h d) AA x m m z q f ab e) x h d h a o y q AB d) AC AD AE AF b v y AG AH b z u AI e o t) AJ AK q l))))))))
ad (o t) v (c g) v c n (n t ab r s n k d p o k d) ac g k z j o q (n t ab r s n k d p o k d) ac g k z j o q (A (y (d (B (C (D i (a (E (F y (x (c (G (ac (ad i (H ac g e)) q ad I t y k J K t y ab L M N O P n q Q m n c h R n S i f) T t U V W X Y Z b h d) AA x m m z q f ab e) x h d h a o y q AB d) AC AD AE AF b v y AG AH b z u AI e o t) AJ AK q l))))))))
u (c g q) m d g z j o q (n t ab r s n k d p o k d) ac g k z j o q (n t ab r s n k d p o k d) ac g k z j o q (A (y (d (B (C (D i (a (E (F y (x (c (G (ac (ad i (H ac g e)) q ad I t y k J K t y ab L M N O P n q Q m n c h R n S i f) T t U V W X Y Z b h d) AA x m m z q f ab e) x h d h a o y q AB d) AC AD AE AF b v y AG AH b z u AI e o t) AJ AK q l))))))))
o (n t ab r s n k d p o k d) ac g k z j o q (n t ab r s n k d p o k d) ac g k z j o q (n t ab r s n k d p o k d) ac g k z j o q (A (y (d (B (C (D i (a (E (F y (x (c (G (ac (ad i (H ac g e)) q ad I t y k J K t y ab L M N O P n q Q m n c h R n S i f) T t U V W X Y Z b h d) AA x m m z q f ab e) x h d h a o y q AB d) AC AD AE AF b v y AG AH b z u AI e o t) AJ AK q l))))))))
r (y e ac p t b) (n t ab r s n k d p o k d) ac g k z j o q (n t ab r s n k d p o k d) ac g k z j o q (n t ab r s n k d p o k d) ac g k z j o q (A (y (d (B (C (D i (a (E (F y (x (c (G (ac (ad i (H ac g e)) q ad I t y k J K t y ab L M N O P n q Q m n c h R n S i f) T t U V W X Y Z b h d) AA x m m z q f ab e) x h d h a o y q AB d) AC AD AE AF b v y AG AH b z u AI e o t) AJ AK q l))))))))
ad (o t) v (c g) v c n (n t ab r s n k d p o k d) ac g k z j o q (n t ab r s n k d p o k d) ac g k z j o q (n t ab r s n k d p o k d) ac g k z j o q (A (y (d (B (C (D i (a (E (F y (x (c (G (ac (ad i (H ac g e)) q ad I t y k J K t y ab L M N O P n q Q m n c h R n S i f) T t U V W X Y Z b h d) AA x m m z q f ab e) x h d h a o y q AB d) AC AD AE AF b v y AG AH b z u AI e o t) AJ AK q l))))))))
u (c g q) m d g z j o q (n t ab r s n k d p o k d) ac g k z j o q (n t ab r s n k d p o k d) ac g k z j o q (n t ab r s n k d p o k d) ac g k z j o q (A (y (d (B (C (D i (a (E (F y (x (c (G (ac (ad i (H ac g e)) q ad I t y k J K t y ab L M N O P n q Q m n c h R n S i f) T t U V W X Y Z b h d) AA x m m z q f ab e) x h d h a o y q AB d) AC AD AE AF b v y AG AH b z u AI e o t) AJ AK q l))))))))
o (n t ab r s n k d p o k d) ac g k z j o q (n t ab r s n k d p o k d) ac g k z j o q (n t ab r s n k d p o k d) ac g k z j o q (n t ab r s n k d p o k d) ac g k z j o q (A (y (d (B (C (D i (a (E (F y (x (c (G (ac (ad i (H ac g e)) q ad I t y k J K t y ab L M N O P n q Q m n c h R n S i f) T t U V W X Y Z b h d) AA x m m z q f ab e) x h d h a o y q AB d) AC AD AE AF b v y AG AH b z u AI e o t) AJ AK q l))))))))
r (y e ac p t b) (n t ab r s n k d p o k d) ac g k z j o q (n t ab r s n k d p o k d) ac g k z j o q (n t ab r s n k d p o k d) ac g k z j o q (n t ab r s n k d p o k d) ac g k z j o q (A (y (d (B (C (D i (a (E (F y (x (c (G (ac (ad i (H ac g e)) q ad I t y k J K t y ab L M N O P n q Q m n c h R n S i f) T t U V W X Y Z b h d) AA x m m z q f ab e) x h d h a o y q AB d) AC AD AE AF b v y AG AH b z u AI e o t) AJ AK q l))))))))
ad (o t) v (c g) v c n (n t ab r s n k d p o k d) ac g k z j o q (n t ab r s n k d p o k d) ac g k z j o q (n t ab r s n k d p o k d) ac g k z j o q (n t ab r s n k d p o k d) ac g k z j o q (A (y (d (B (C (D i (a (E (F y (x (c (G (ac (ad i (H ac g e)) q ad I t y k J K t y ab L M N O P n q Q m n c h R n S i f) T t U V W X Y Z b h d) AA x m m z q f ab e) x h d h a o y q AB d) AC AD AE AF b v y AG AH b z u AI e o t) AJ AK q l))))))))
u (c g q) m d g z j o q (n t ab r s n k d p o k d) ac g k z j o q (n t ab r s n k d p o k d) ac g k z j o q (n t ab r s n k d p o k d) ac g k z j o q (n t ab r s n k d p o k d) ac g k z j o q (A (y (d (B (C (D i (a (E (F y (x (c (G (ac (ad i (H ac g e)) q ad I t y k J K t y ab L M N O P n q Q m n c h R n S i f) T t U V W X Y Z b h d) AA x m m z q f ab e) x h d h a o y q AB d) AC AD AE AF b v y AG AH b z u AI e o t) AJ AK q l))))))))
o (n t ab r s n k d p o k d) ac g k z j o q (n t ab r s n k d p o k d) ac g k z j o q (n t ab r s n k d p o k d) ac g k z j o q (n t ab r s n k d p o k d) ac g k z j o q (n t ab r s n k d p o k d) ac g k z j o q (A (y (d (B (C (D i (a (E (F y (x (c (G (ac (ad i (H ac g e)) q ad I t y k J K t y ab L M N O P n q Q m n c h R n S i f) T t U V W X Y Z b h d) AA x m m z q f ab e) x h d h a o y q AB d) AC AD AE AF b v y AG AH b z u AI e o t) AJ AK q l))))))))
r (y e ac p t b) (n t ab r s n k d p o k d) ac g k z j o q (n t ab r s n k d p o k d) ac g k z j o q (n t ab r s n k d p o k d) ac g k z j o q (n t ab r s n k d p o k d) ac g k z j o q (n t ab r s n k d p o k d) ac g k z j o q (A (y (d (B (C (D i (a (E (F y (x (c (G (ac (ad i (H ac g e)) q ad I t y k J K t y ab L M N O P n q Q m n c h R n S i f) T t U V W X Y Z b h d) AA x m m z q f ab e) x h d h a o y q AB d) AC AD AE AF b v y AG AH b z u AI e o t) AJ AK q l))))))))
ad (o t) v (c g) v c n (n t ab r s n k d p o k d) ac g k z j o q (n t ab r s n k d p o k d) ac g k z j o q (n t ab r s n k d p o k d) ac g k z j o q (n t ab r s n k d p o k d) ac g k z j o q (n t ab r s n k d p o k d) ac g k z j o q (A (y (d (B (C (D i (a (E (F y (x (c (G (ac (ad i (H ac g e)) q ad I t y k J K t y ab L M N O P n q Q m n c h R n S i f) T t U V W X Y Z b h d) AA x m m z q f ab e) x h d h a o y q AB d) AC AD AE AF b v y AG AH b z u AI e o t) AJ AK q l))))))))
u (c g q) m d g z j o q (n t ab r s n k d p o k d) ac g k z j o q (n t ab r s n k d p o k d) ac g k z j o q (n t ab r s n k d p o k d) ac g k z j o q (n t ab r s n k d p o k d) ac g k z j o q (n t ab r s n k d p o k d) ac g k z j o q (A (y (d (B (C (D i (a (E (F y (x (c (G (ac (ad i (H ac g e)) q ad I t y k J K t y ab L M N O P n q Q m n c h R n S i f) T t U V W X Y Z b h d) AA x m m z q f ab e) x h d h a o y q AB d) AC AD AE AF b v y AG AH b z u AI e o t) AJ AK q l))))))))
o (n t ab r s n k d p o k d) ac g k z j o q (n t ab r s n k d p o k d) ac g k z j o q (n t ab r s n k d p o k d) ac g k z j o q (n t ab r s n k d p o k d) ac g k z j o q (n t ab r s n k d p o k d) ac g k z j o q (n t ab r s n k d p o k d) ac g k z j o q (A (y (d (B (C (D i (a (E (F y (x (c (G (ac (ad i (H ac g e)) q ad I t y k J K t y ab L M N O P n q Q m n c h R n S i f) T t U V W X Y Z b h d) AA x m m z q f ab e) x h d h a o y q AB d) AC AD AE AF b v y AG AH b z u AI e o t) AJ AK q l))))))))
r (y e ac p t b) (n t ab r s n k d p o k d) ac g k z j o q (n t ab r s n k d p o k d) ac g k z j o q (n t ab r s n k d p o k d) ac g k z j o q (n t ab r s n k d p o k d) ac g k z j o q (n t ab r s n k d p o k d) ac g k z j o q (n t ab r s n k d p o k d) ac g k z j o q (A (y (d (B (C (D i (a (E (F y (x (c (G (ac (ad i (H ac g e)) q ad I t y k J K t y ab L M N O P n q Q m n c h R n S i f) T t U V W X Y Z b h d) AA x m m z q f ab e) x h d h a o y q AB d) AC AD AE AF b v y AG AH b z u AI e o t) AJ AK q l))))))))
ad (o t) v (c g) v c n (n t ab r s n k d p o k d) ac g k z j o q (n t ab r s n k d p o k d) ac g k z j o q (n t ab r s n k d p o k d) ac g k z j o q (n t ab r s n k d p o k d) ac g k z j o q (n t ab r s n k d p o k d) ac g k z j o q (n t ab r s n k d p o k d) ac g k z j o q (A (y (d (B (C (D i (a (E (F y (x (c (G (ac (ad i (H ac g e)) q ad I t y k J K t y ab L M N O P n q Q m n c h R n S i f) T t U V W X Y Z b h d) AA x m m z q f ab e) x h d h a o y q AB d) AC AD AE AF b v y AG AH b z u AI e o t) AJ AK q l))))))))
u (c g q) m d g z j o q (n t ab r s n k d p o k d) ac g k z j o q (n t ab r s n k d p o k d) ac g k z j o q (n t ab r s n k d p o k d) ac g k z j o q (n t ab r s n k d p o k d) ac g k z j o q (n t ab r s n k d p o k d) ac g k z j o q (n t ab r s n k d p o k d) ac g k z j o q (A (y (d (B (C (D i (a (E (F y (x (c (G (ac (ad i (H ac g e)) q ad I t y k J K t y ab L M N O P n q Q m n c h R n S i f) T t U V W X Y Z b h d) AA x m m z q f ab e) x h d h a o y q AB d) AC AD AE AF b v y AG AH b z u AI e o t) AJ AK q l))))))))
o (n t ab r s n k d p o k d) ac g k z j o q (n t ab r s n k d p o k d) ac g k z j o q (n t ab r s n k d p o k d) ac g k z j o q (n t ab r s n k d p o k d) ac g k z j o q (n t ab r s n k d p o k d) ac g k z j o q (n t ab r s n k d p o k d) ac g k z j o q (n t ab r s n k d p o k d) ac g k z j o q (A (y (d (B (C (D i (a (E (F y (x (c (G (ac (ad i (H ac g e)) q ad I t y k J K t y ab L M N O P n q Q m n c h R n S i f) T t U V W X Y Z b h d) AA x m m z q f ab e) x h d h a o y q AB d) AC AD AE AF b v y AG AH b z u AI e o t) AJ AK q l))))))))
r (y e ac p t b) (n t ab r s n k d p o k d) ac g k z j o q (n t ab r s n k d p o k d) ac g k z j o q (n t ab r s n k d p o k d) ac g k z j o q (n t ab r s n k d p o k d) ac g k z j o q (n t ab r s n k d p o k d) ac g k z j o q (n t ab r s n k d p o k d) ac g k z j o q (n t ab r s n k d p o k d) ac g k z j o q (A (y (d (B (C (D i (a (E (F y (x (c (G (ac (ad i (H ac g e)) q ad I t y k J K t y ab L M N O P n q Q m n c h R n S i f) T t U V W X Y Z b h d) AA x m m z q f ab e) x h d h a o y q AB d) AC AD AE AF b v y AG AH b z u AI e o t) AJ AK q l))))))))


