a af ae ad aa s aa y c n p ae af w
b af ae u k aa p a m w
c k ac ab a p d ab o e a g ad v t
d ae g k aa o e r i ab m a
e ae ah ag af ab (z af d k ae d) b p q b z ab
f ag ae ah ai af ac ac y ab
g af ae x (af (m ac ab w) l) h ae k m f
h ah ag ae af y (ae (j y) o c q c u ag n)
i ae ag af ah q (p u (y q) aa ae l) aa e s a n s
j ae f (v aa o aa d l ae) y f ae r v aa n
k ag ah ae af g (y d s q o s q p ab e z i m p a r)
l ah aj ae ag ai af b ad ai ab u a d w t p c a aa e w ac
m ae h (k x n n h d a n c) ac x l o n l x a
n ai ae af ah ag ac af ab ad w ad d j p
o ae ac (p z h ae aa y ac d ac n r t) j k h v
p d ad
q af ae d (z y n z af v) s t
r ah ai ae af ag w (k l v n f d t n af ad v y n c) t
s ae ah af ag ai aj m l q f x d r d ab w x l j v aj
t aa (w e y p j c)
u x n q o aa a p s i
v af ai ag aj ae ah n c s z t q q d t c d
w ae i (a (ae (c z) h f x ac s x ad p c ab))
x ah ae af ag af ab k w m b ab z
y ae j k g s p o v f v x j z t x i ae m b
z ae o c w
aa ah af ag ae m h g f n o o m s o b n
ab n (y (g g ac k c h w q j m) i x b j z)
ac ae ag aj af ai ah q h h aa a ai b f g o v x i k n
ad ai ae ah af ag n (d z) ac ac h
main A (B (b (C (D (z j E F G H I r aa c J b K L u x ad h) M u aa N v O w z P l b ac f m Q R n j a u ab t f S z r T U V k W a b X Y Z AA AB AC t b i p c b s z x AD AE p ad AF AG AH d AI l b AJ AK AL x r AM e z AN n aa ac AO d m j y m))))
------------------------------------------------------------
A (B (b (C (D (z j E F G H I r aa c J b K L u x ad h) M u aa N v O w z P l b ac f m Q R n j a u ab t f S z r T U V k W a b X Y Z AA AB AC t b i p c b s z x AD AE p ad AF AG AH d AI l b AJ AK AL x r AM e z AN n aa ac AO d m j y m))))
A (B (b (C (D (o c w E F G H I r aa c J b K L u x ad h) M u aa N v O w z P l b ac f m Q R n j a u ab t f S z r T U V k W a b X Y Z AA AB AC t b i p c b s z x AD AE p ad AF AG AH d AI l b AJ AK AL x r AM e z AN n aa ac AO d m j y m))))
A (B (b (C (D (ac (p z h c aa y ac d ac n r t) j k h v w E F G H I r aa c J b K L u x ad h) M u aa N v O w z P l b ac f m Q R n j a u ab t f S z r T U V k W a b X Y Z AA AB AC t b i p c b s z x AD AE p ad AF AG AH d AI l b AJ AK AL x r AM e z AN n aa ac AO d m j y m))))
A (B (b (C (D (q h h aa a v b f g o v x i k n E F G H I r aa c J b K L u x ad h) M u aa N v O w z P l b ac f m Q R n j a u ab t f S z r T U V k W a b X Y Z AA AB AC t b i p c b s z x AD AE p ad AF AG AH d AI l b AJ AK AL x r AM e z AN n aa ac AO d m j y m))))
A (B (b (C (D (d (z y n z h v) s t aa a v b f g o v x i k n E F G H I r aa c J b K L u x ad h) M u aa N v O w z P l b ac f m Q R n j a u ab t f S z r T U V k W a b X Y Z AA AB AC t b i p c b s z x AD AE p ad AF AG AH d AI l b AJ AK AL x r AM e z AN n aa ac AO d m j y m))))
A (B (b (C (D (g k aa o e r i ab m a s t aa a v b f g o v x i k n E F G H I r aa c J b K L u x ad h) M u aa N v O w z P l b ac f m Q R n j a u ab t f S z r T U V k W a b X Y Z AA AB AC t b i p c b s z x AD AE p ad AF AG AH d AI l b AJ AK AL x r AM e z AN n aa ac AO d m j y m))))
A (B (b (C (D (x (k (m ac ab w) l) h aa k m f o e r i ab m a s t aa a v b f g o v x i k n E F G H I r aa c J b K L u x ad h) M u aa N v O w z P l b ac f m Q R n j a u ab t f S z r T U V k W a b X Y Z AA AB AC t b i p c b s z x AD AE p ad AF AG AH d AI l b AJ AK AL x r AM e z AN n aa ac AO d m j y m))))
A (B (b (C (D (aa ab k w m b ab z m f o e r i ab m a s t aa a v b f g o v x i k n E F G H I r aa c J b K L u x ad h) M u aa N v O w z P l b ac f m Q R n j a u ab t f S z r T U V k W a b X Y Z AA AB AC t b i p c b s z x AD AE p ad AF AG AH d AI l b AJ AK AL x r AM e z AN n aa ac AO d m j y m))))
A (B (b (C (D (m h g f n o o m s o b n b ab z m f o e r i ab m a s t aa a v b f g o v x i k n E F G H I r aa c J b K L u x ad h) M u aa N v O w z P l b ac f m Q R n j a u ab t f S z r T U V k W a b X Y Z AA AB AC t b i p c b s z x AD AE p ad AF AG AH d AI l b AJ AK AL x r AM e z AN n aa ac AO d m j y m))))
A (B (b (C (D (h (k x n n h d a n c) ac x l o n l x a g f n o o m s o b n b ab z m f o e r i ab m a s t aa a v b f g o v x i k n E F G H I r aa c J b K L u x ad h) M u aa N v O w z P l b ac f m Q R n j a u ab t f S z r T U V k W a b X Y Z AA AB AC t b i p c b s z x AD AE p ad AF AG AH d AI l b AJ AK AL x r AM e z AN n aa ac AO d m j y m))))
A (B (b (C (D (y (x (j y) o c q c u ac n) o n l x a g f n o o m s o b n b ab z m f o e r i ab m a s t aa a v b f g o v x i k n E F G H I r aa c J b K L u x ad h) M u aa N v O w z P l b ac f m Q R n j a u ab t f S z r T U V k W a b X Y Z AA AB AC t b i p c b s z x AD AE p ad AF AG AH d AI l b AJ AK AL x r AM e z AN n aa ac AO d m j y m))))
A (B (b (C (D (j k g s p o v f v x j z t x i (x (j y) o c q c u ac n) m b o n l x a g f n o o m s o b n b ab z m f o e r i ab m a s t aa a v b f g o v x i k n E F G H I r aa c J b K L u x ad h) M u aa N v O w z P l b ac f m Q R n j a u ab t f S z r T U V k W a b X Y Z AA AB AC t b i p c b s z x AD AE p ad AF AG AH d AI l b AJ AK AL x r AM e z AN n aa ac AO d m j y m))))
A (B (b (C (D (f (v aa o aa d l k) y f k r v aa n g s p o v f v x j z t x i (x (j y) o c q c u ac n) m b o n l x a g f n o o m s o b n b ab z m f o e r i ab m a s t aa a v b f g o v x i k n E F G H I r aa c J b K L u x ad h) M u aa N v O w z P l b ac f m Q R n j a u ab t f S z r T U V k W a b X Y Z AA AB AC t b i p c b s z x AD AE p ad AF AG AH d AI l b AJ AK AL x r AM e z AN n aa ac AO d m j y m))))
A (B (b (C (D (ac ac y ab v aa n g s p o v f v x j z t x i (x (j y) o c q c u ac n) m b o n l x a g f n o o m s o b n b ab z m f o e r i ab m a s t aa a v b f g o v x i k n E F G H I r aa c J b K L u x ad h) M u aa N v O w z P l b ac f m Q R n j a u ab t f S z r T U V k W a b X Y Z AA AB AC t b i p c b s z x AD AE p ad AF AG AH d AI l b AJ AK AL x r AM e z AN n aa ac AO d m j y m))))
A (B (b (C (D (q h h aa a aa b f g o v x i k n g s p o v f v x j z t x i (x (j y) o c q c u ac n) m b o n l x a g f n o o m s o b n b ab z m f o e r i ab m a s t aa a v b f g o v x i k n E F G H I r aa c J b K L u x ad h) M u aa N v O w z P l b ac f m Q R n j a u ab t f S z r T U V k W a b X Y Z AA AB AC t b i p c b s z x AD AE p ad AF AG AH d AI l b AJ AK AL x r AM e z AN n aa ac AO d m j y m))))
A (B (b (C (D (d (z y n z h v) s t aa a aa b f g o v x i k n g s p o v f v x j z t x i (x (j y) o c q c u ac n) m b o n l x a g f n o o m s o b n b ab z m f o e r i ab m a s t aa a v b f g o v x i k n E F G H I r aa c J b K L u x ad h) M u aa N v O w z P l b ac f m Q R n j a u ab t f S z r T U V k W a b X Y Z AA AB AC t b i p c b s z x AD AE p ad AF AG AH d AI l b AJ AK AL x r AM e z AN n aa ac AO d m j y m))))
A (B (b (C (D (g k aa o e r i ab m a s t aa a aa b f g o v x i k n g s p o v f v x j z t x i (x (j y) o c q c u ac n) m b o n l x a g f n o o m s o b n b ab z m f o e r i ab m a s t aa a v b f g o v x i k n E F G H I r aa c J b K L u x ad h) M u aa N v O w z P l b ac f m Q R n j a u ab t f S z r T U V k W a b X Y Z AA AB AC t b i p c b s z x AD AE p ad AF AG AH d AI l b AJ AK AL x r AM e z AN n aa ac AO d m j y m))))
A (B (b (C (D (x (k (m ac ab w) l) h aa k m f o e r i ab m a s t aa a aa b f g o v x i k n g s p o v f v x j z t x i (x (j y) o c q c u ac n) m b o n l x a g f n o o m s o b n b ab z m f o e r i ab m a s t aa a v b f g o v x i k n E F G H I r aa c J b K L u x ad h) M u aa N v O w z P l b ac f m Q R n j a u ab t f S z r T U V k W a b X Y Z AA AB AC t b i p c b s z x AD AE p ad AF AG AH d AI l b AJ AK AL x r AM e z AN n aa ac AO d m j y m))))
A (B (b (C (D (aa ab k w m b ab z m f o e r i ab m a s t aa a aa b f g o v x i k n g s p o v f v x j z t x i (x (j y) o c q c u ac n) m b o n l x a g f n o o m s o b n b ab z m f o e r i ab m a s t aa a v b f g o v x i k n E F G H I r aa c J b K L u x ad h) M u aa N v O w z P l b ac f m Q R n j a u ab t f S z r T U V k W a b X Y Z AA AB AC t b i p c b s z x AD AE p ad AF AG AH d AI l b AJ AK AL x r AM e z AN n aa ac AO d m j y m))))
A (B (b (C (D (m h g f n o o m s o b n b ab z m f o e r i ab m a s t aa a aa b f g o v x i k n g s p o v f v x j z t x i (x (j y) o c q c u ac n) m b o n l x a g f n o o m s o b n b ab z m f o e r i ab m a s t aa a v b f g o v x i k n E F G H I r aa c J b K L u x ad h) M u aa N v O w z P l b ac f m Q R n j a u ab t f S z r T U V k W a b X Y Z AA AB AC t b i p c b s z x AD AE p ad AF AG AH d AI l b AJ AK AL x r AM e z AN n aa ac AO d m j y m))))
A (B (b (C (D (h (k x n n h d a n c) ac x l o n l x a g f n o o m s o b n b ab z m f o e r i ab m a s t aa a aa b f g o v x i k n g s p o v f v x j z t x i (x (j y) o c q c u ac n) m b o n l x a g f n o o m s o b n b ab z m f o e r i ab m a s t aa a v b f g o v x i k n E F G H I r aa c J b K L u x ad h) M u aa N v O w z P l b ac f m Q R n j a u ab t f S z r T U V k W a b X Y Z AA AB AC t b i p c b s z x AD AE p ad AF AG AH d AI l b AJ AK AL x r AM e z AN n aa ac AO d m j y m))))
A (B (b (C (D (y (x (j y) o c q c u ac n) o n l x a g f n o o m s o b n b ab z m f o e r i ab m a s t aa a aa b f g o v x i k n g s p o v f v x j z t x i (x (j y) o c q c u ac n) m b o n l x a g f n o o m s o b n b ab z m f o e r i ab m a s t aa a v b f g o v x i k n E F G H I r aa c J b K L u x ad h) M u aa N v O w z P l b ac f m Q R n j a u ab t f S z r T U V k W a b X Y Z AA AB AC t b i p c b s z x AD AE p ad AF AG AH d AI l b AJ AK AL x r AM e z AN n aa ac AO d m j y m))))
A (B (b (C (D (j k g s p o v f v x j z t x i (x (j y) o c q c u ac n) m b o n l x a g f n o o m s o b n b ab z m f o e r i ab m a s t aa a aa b f g o v x i k n g s p o v f v x j z t x i (x (j y) o c q c u ac n) m b o n l x a g f n o o m s o b n b ab z m f o e r i ab m a s t aa a v b f g o v x i k n E F G H I r aa c J b K L u x ad h) M u aa N v O w z P l b ac f m Q R n j a u ab t f S z r T U V k W a b X Y Z AA AB AC t b i p c b s z x AD AE p ad AF AG AH d AI l b AJ AK AL x r AM e z AN n aa ac AO d m j y m))))
A (B (b (C (D (f (v aa o aa d l k) y f k r v aa n g s p o v f v x j z t x i (x (j y) o c q c u ac n) m b o n l x a g f n o o m s o b n b ab z m f o e r i ab m a s t aa a aa b f g o v x i k n g s p o v f v x j z t x i (x (j y) o c q c u ac n) m b o n l x a g f n o o m s o b n b ab z m f o e r i ab m a s t aa a v b f g o v x i k n E F G H I r aa c J b K L u x ad h) M u aa N v O w z P l b ac f m Q R n j a u ab t f S z r T U V k W a b X Y Z AA AB AC t b i p c b s z x AD AE p ad AF AG AH d AI l b AJ AK AL x r AM e z AN n aa ac AO d m j y m))))
A (B (b (C (D (ac ac y ab v aa n g s p o v f v x j z t x i (x (j y) o c q c u ac n) m b o n l x a g f n o o m s o b n b ab z m f o e r i ab m a s t aa a aa b f g o v x i k n g s p o v f v x j z t x i (x (j y) o c q c u ac n) m b o n l x a g f n o o m s o b n b ab z m f o e r i ab m a s t aa a v b f g o v x i k n E F G H I r aa c J b K L u x ad h) M u aa N v O w z P l b ac f m Q R n j a u ab t f S z r T U V k W a b X Y Z AA AB AC t b i p c b s z x AD AE p ad AF AG AH d AI l b AJ AK AL x r AM e z AN n aa ac AO d m j y m))))
A (B (b (C (D (q h h aa a aa b f g o v x i k n g s p o v f v x j z t x i (x (j y) o c q c u ac n) m b o n l x a g f n o o m s o b n b ab z m f o e r i ab m a s t aa a aa b f g o v x i k n g s p o v f v x j z t x i (x (j y) o c q c u ac n) m b o n l x a g f n o o m s o b n b ab z m f o e r i ab m a s t aa a v b f g o v x i k n E F G H I r aa c J b K L u x ad h) M u aa N v O w z P l b ac f m Q R n j a u ab t f S z r T U V k W a b X Y Z AA AB AC t b i p c b s z x AD AE p ad AF AG AH d AI l b AJ AK AL x r AM e z AN n aa ac AO d m j y m))))
A (B (b (C (D (d (z y n z h v) s t aa a aa b f g o v x i k n g s p o v f v x j z t x i (x (j y) o c q c u ac n) m b o n l x a g f n o o m s o b n b ab z m f o e r i ab m a s t aa a aa b f g o v x i k n g s p o v f v x j z t x i (x (j y) o c q c u ac n) m b o n l x a g f n o o m s o b n b ab z m f o e r i ab m a s t aa a v b f g o v x i k n E F G H I r aa c J b K L u x ad h) M u aa N v O w z P l b ac f m Q R n j a u ab t f S z r T U V k W a b X Y Z AA AB AC t b i p c b s z x AD AE p ad AF AG AH d AI l b AJ AK AL x r AM e z AN n aa ac AO d m j y m))))
A (B (b (C (D (g k aa o e r i ab m a s t aa a aa b f g o v x i k n g s p o v f v x j z t x i (x (j y) o c q c u ac n) m b o n l x a g f n o o m s o b n b ab z m f o e r i ab m a s t aa a aa b f g o v x i k n g s p o v f v x j z t x i (x (j y) o c q c u ac n) m b o n l x a g f n o o m s o b n b ab z m f o e r i ab m a s t aa a v b f g o v x i k n E F G H I r aa c J b K L u x ad h) M u aa N v O w z P l b ac f m Q R n j a u ab t f S z r T U V k W a b X Y Z AA AB AC t b i p c b s z x AD AE p ad AF AG AH d AI l b AJ AK AL x r AM e z AN n aa ac AO d m j y m))))
A (B (b (C (D (x (k (m ac ab w) l) h aa k m f o e r i ab m a s t aa a aa b f g o v x i k n g s p o v f v x j z t x i (x (j y) o c q c u ac n) m b o n l x a g f n o o m s o b n b ab z m f o e r i ab m a s t aa a aa b f g o v x i k n g s p o v f v x j z t x i (x (j y) o c q c u ac n) m b o n l x a g f n o o m s o b n b ab z m f o e r i ab m a s t aa a v b f g o v x i k n E F G H I r aa c J b K L u x ad h) M u aa N v O w z P l b ac f m Q R n j a u ab t f S z r T U V k W a b X Y Z AA AB AC t b i p c b s z x AD AE p ad AF AG AH d AI l b AJ AK AL x r AM e z AN n aa ac AO d m j y m))))
A (B (b (C (D (aa ab k w m b ab z m f o e r i ab m a s t aa a aa b f g o v x i k n g s p o v f v x j z t x i (x (j y) o c q c u ac n) m b o n l x a g f n o o m s o b n b ab z m f o e r i ab m a s t aa a aa b f g o v x i k n g s p o v f v x j z t x i (x (j y) o c q c u ac n) m b o n l x a g f n o o m s o b n b ab z m f o e r i ab m a s t aa a v b f g o v x i k n E F G H I r aa c J b K L u x ad h) M u aa N v O w z P l b ac f m Q R n j a u ab t f S z r T U V k W a b X Y Z AA AB AC t b i p c b s z x AD AE p ad AF AG AH d AI l b AJ AK AL x r AM e z AN n aa ac AO d m j y m))))


