a af ae = r x m l h v y j ab f k l ab c z q
b aj ai ae af ag ah = j f c m z q h g m ad ac i
c = e aa n p v ab l a s
d aj ai af ah ae ag = w s w n h ah o s g r ab b f aa q
e af ae = j (v (k (z ad l p k x) t) y o i o) q af a
f ag ai ah af ae aj = b (ad (q x c q ah ac y a d u))
g ai ae af ah ag aj = b (a i c y p j k m q e l ac ai ac)
h ae af = v t (r w d af b w l) ac i
i ag ae af = e v j y aa f g y y m r aa o d
j ai af aj ah ae ag = f d r s t l aa u g e s
k af ae ah ai aj ag = ag (a ad (t z m) ab b y ah h x z ab)
l = j (u (y u y k ab) p y s ab u r m) h j
m ag af ae = p (ab (g (ac (l g ad ac o ag s) x z o n)))
n ae af ag = ab ab ad ac ab f e o h aa
o ae = ae x y p i w f ae l ae x d aa p t x f
p ag ae af = z (l d (ab (l m y)) z) (b g) o
q = p ad
r ag ae af = v q ac ae o b
s ae ag af = y (t w m ad m u l q v t n) x l
t ae af ag = x o s j e ae g v z aa aa i k r s
u ae ah ag af = i n s t k c m ad
v ag af ah ae = u (i h a y i r t ac) ag s c c j
w = s m s h
x ae ag af ah = r (v (k ab a y j aa e p t) q q j f o g ac)
y ag ai ae ah af = q (w s ac af t k g ad s i h ad z)
z ae ag af = y ad q j q k j q s s aa k l b h i y j
aa ag ae ah af = p l ah h v
ab af ae = ac i z s ad t x ad ad ad x
ac = z q z g ad l
ad af ae ag = o v z m n q c
main = A (B (C (D (E (ab (F (ab (G H I J k K L M v N d m aa x m c) f t p w g O P Q k l R S v d t m T q u t b r) u k l U z V t l a z s q e n aa s W x q b n ad y w m X Y h Z v AA AB d c AC c AD AE AF o h u j ad j j m r) AG x h n b ab)))))
------------------------------------------------------------
A (B (C (D (E (ab (F (ab (G H I J k K L M v N d m aa x m c) f t p w g O P Q k l R S v d t m T q u t b r) u k l U z V t l a z s q e n aa s W x q b n ad y w m X Y h Z v AA AB d c AC c AD AE AF o h u j ad j j m r) AG x h n b ab)))))
A (B (C (D (E (ac i z s ad t x ad ad ad x x h n b ab)))))
A (B (C (D (E (z q z g ad l i z s ad t x ad ad ad x x h n b ab)))))
A (B (C (D (E (y ad q j q k j q s s aa k l b h i y j ad l i z s ad t x ad ad ad x x h n b ab)))))
A (B (C (D (E (q (w s ac k t k g ad s i h ad z) j q s s aa k l b h i y j ad l i z s ad t x ad ad ad x x h n b ab)))))
A (B (C (D (E (p ad (w s ac k t k g ad s i h ad z) j q s s aa k l b h i y j ad l i z s ad t x ad ad ad x x h n b ab)))))
A (B (C (D (E (z (l d (ab (l m y)) z) (b g) o q s s aa k l b h i y j ad l i z s ad t x ad ad ad x x h n b ab)))))
A (B (C (D (E (y ad q j q k j q s s aa k l b h i y j q s s aa k l b h i y j ad l i z s ad t x ad ad ad x x h n b ab)))))
A (B (C (D (E (q (w s ac k t k g ad s i h ad z) j q s s aa k l b h i y j q s s aa k l b h i y j ad l i z s ad t x ad ad ad x x h n b ab)))))
A (B (C (D (E (p ad (w s ac k t k g ad s i h ad z) j q s s aa k l b h i y j q s s aa k l b h i y j ad l i z s ad t x ad ad ad x x h n b ab)))))
A (B (C (D (E (z (l d (ab (l m y)) z) (b g) o q s s aa k l b h i y j q s s aa k l b h i y j ad l i z s ad t x ad ad ad x x h n b ab)))))
A (B (C (D (E (y ad q j q k j q s s aa k l b h i y j q s s aa k l b h i y j q s s aa k l b h i y j ad l i z s ad t x ad ad ad x x h n b ab)))))
A (B (C (D (E (q (w s ac k t k g ad s i h ad z) j q s s aa k l b h i y j q s s aa k l b h i y j q s s aa k l b h i y j ad l i z s ad t x ad ad ad x x h n b ab)))))
A (B (C (D (E (p ad (w s ac k t k g ad s i h ad z) j q s s aa k l b h i y j q s s aa k l b h i y j q s s aa k l b h i y j ad l i z s ad t x ad ad ad x x h n b ab)))))
A (B (C (D (E (z (l d (ab (l m y)) z) (b g) o q s s aa k l b h i y j q s s aa k l b h i y j q s s aa k l b h i y j ad l i z s ad t x ad ad ad x x h n b ab)))))
A (B (C (D (E (y ad q j q k j q s s aa k l b h i y j q s s aa k l b h i y j q s s aa k l b h i y j q s s aa k l b h i y j ad l i z s ad t x ad ad ad x x h n b ab)))))
A (B (C (D (E (q (w s ac k t k g ad s i h ad z) j q s s aa k l b h i y j q s s aa k l b h i y j q s s aa k l b h i y j q s s aa k l b h i y j ad l i z s ad t x ad ad ad x x h n b ab)))))
A (B (C (D (E (p ad (w s ac k t k g ad s i h ad z) j q s s aa k l b h i y j q s s aa k l b h i y j q s s aa k l b h i y j q s s aa k l b h i y j ad l i z s ad t x ad ad ad x x h n b ab)))))
A (B (C (D (E (z (l d (ab (l m y)) z) (b g) o q s s aa k l b h i y j q s s aa k l b h i y j q s s aa k l b h i y j q s s aa k l b h i y j ad l i z s ad t x ad ad ad x x h n b ab)))))
A (B (C (D (E (y ad q j q k j q s s aa k l b h i y j q s s aa k l b h i y j q s s aa k l b h i y j q s s aa k l b h i y j q s s aa k l b h i y j ad l i z s ad t x ad ad ad x x h n b ab)))))
A (B (C (D (E (q (w s ac k t k g ad s i h ad z) j q s s aa k l b h i y j q s s aa k l b h i y j q s s aa k l b h i y j q s s aa k l b h i y j q s s aa k l b h i y j ad l i z s ad t x ad ad ad x x h n b ab)))))
A (B (C (D (E (p ad (w s ac k t k g ad s i h ad z) j q s s aa k l b h i y j q s s aa k l b h i y j q s s aa k l b h i y j q s s aa k l b h i y j q s s aa k l b h i y j ad l i z s ad t x ad ad ad x x h n b ab)))))
A (B (C (D (E (z (l d (ab (l m y)) z) (b g) o q s s aa k l b h i y j q s s aa k l b h i y j q s s aa k l b h i y j q s s aa k l b h i y j q s s aa k l b h i y j ad l i z s ad t x ad ad ad x x h n b ab)))))
A (B (C (D (E (y ad q j q k j q s s aa k l b h i y j q s s aa k l b h i y j q s s aa k l b h i y j q s s aa k l b h i y j q s s aa k l b h i y j q s s aa k l b h i y j ad l i z s ad t x ad ad ad x x h n b ab)))))
A (B (C (D (E (q (w s ac k t k g ad s i h ad z) j q s s aa k l b h i y j q s s aa k l b h i y j q s s aa k l b h i y j q s s aa k l b h i y j q s s aa k l b h i y j q s s aa k l b h i y j ad l i z s ad t x ad ad ad x x h n b ab)))))
A (B (C (D (E (p ad (w s ac k t k g ad s i h ad z) j q s s aa k l b h i y j q s s aa k l b h i y j q s s aa k l b h i y j q s s aa k l b h i y j q s s aa k l b h i y j q s s aa k l b h i y j ad l i z s ad t x ad ad ad x x h n b ab)))))
A (B (C (D (E (z (l d (ab (l m y)) z) (b g) o q s s aa k l b h i y j q s s aa k l b h i y j q s s aa k l b h i y j q s s aa k l b h i y j q s s aa k l b h i y j q s s aa k l b h i y j ad l i z s ad t x ad ad ad x x h n b ab)))))
A (B (C (D (E (y ad q j q k j q s s aa k l b h i y j q s s aa k l b h i y j q s s aa k l b h i y j q s s aa k l b h i y j q s s aa k l b h i y j q s s aa k l b h i y j q s s aa k l b h i y j ad l i z s ad t x ad ad ad x x h n b ab)))))
A (B (C (D (E (q (w s ac k t k g ad s i h ad z) j q s s aa k l b h i y j q s s aa k l b h i y j q s s aa k l b h i y j q s s aa k l b h i y j q s s aa k l b h i y j q s s aa k l b h i y j q s s aa k l b h i y j ad l i z s ad t x ad ad ad x x h n b ab)))))
A (B (C (D (E (p ad (w s ac k t k g ad s i h ad z) j q s s aa k l b h i y j q s s aa k l b h i y j q s s aa k l b h i y j q s s aa k l b h i y j q s s aa k l b h i y j q s s aa k l b h i y j q s s aa k l b h i y j ad l i z s ad t x ad ad ad x x h n b ab)))))


