a ai ag ah ae af = c (j (t y q q ae n d q) s q n)
b ae af ag ah = c (s (q (d m l q v) n af))
c ae af = k (x e b i) b b y ab ae
d af ag ae = v x i f k k l aa l m m k u z k
e af ae = ab q t v x ab ae z
f af ae ag = ac (r l j ab b c i b u e i y u ac b u)
g ag ah af ai ae = l u a n ac u j m j j d j ac
h ai ah af ag ae = o d x n a s w f ab m ah g ac g j g
i ag af ah ai ae = v d y v
j = t (v f b s m e q h p n f)
k af ae = aa (p aa a e aa g ae) l c o
l = r (s c n m u ac t b) aa e i h
m ae af ag ah = d (i (h (i a) i t w o w)) af
n ag ae ai aj ah af = p x
o = j (b e ab j c aa z d) r aa t
p ae af = c (h (q o ad k u ac t ab s q m z ad c aa))
q = z (x f e) j x
r af ag ae = b v h y t f d
s ae ah af ag = h (aa r y ac u u x n o ad t u ad ag ah a) g
t ag aj ah af ae ai = l (x e d u ac o e f u ab i af a p)
u ae = e g ab s k ab n b n p n z o b w k q
v ae af ah ag = n (f s w e y s w f af h)
w = d (f (r (ab e a e n) aa)) d z y r l
x ae af = r (t (v v r ac u b ae p f f m c))
y ae aj af ah ai ag = i (u t g s ac l) ad q aa ah u ad d v c v g
z ai ae ah af ag = i v ac u i s o b g c r u
aa ag ae af = r r u ad v l t n y n w
ab af ag ae ah = y (s c g q k)
ac ae af ah ai ag aj = k ad w d t z e a m g z c
ad ah ae af ag = aa e (o (ab j) k l u w) h
main = t (u (h (t (f (m (A (B C g aa D ab t e f E F G r z i c) H I r n J f j h w ab e t m K w m ad w i l d L M u N O a) P t u y aa m aa s aa r Q c R S T U k) V W s q i d o g X Y Z AA ad b AB AC AD AE t i x AF e AG l AH AI u ac c t AJ s))))
------------------------------------------------------------
t (u (h (t (f (m (A (B C g aa D ab t e f E F G r z i c) H I r n J f j h w ab e t m K w m ad w i l d L M u N O a) P t u y aa m aa s aa r Q c R S T U k) V W s q i d o g X Y Z AA ad b AB AC AD AE t i x AF e AG l AH AI u ac c t AJ s))))
t (e g ab s k ab n b n p n z o b w k q)
t (ab q t v x ab ab z s k ab n b n p n z o b w k q)
t (y (s c g q k) ab ab z s k ab n b n p n z o b w k q)
t (i (u t g s ac l) ad q aa z u ad d v c v g ab n b n p n z o b w k q)
t (v d y v u ad d v c v g ab n b n p n z o b w k q)
t (n (f s w e y s w f y h) ad d v c v g ab n b n p n z o b w k q)
t (p x g ab n b n p n z o b w k q)
t (c (h (q o ad k u ac t ab s q m z ad c aa)) ab n b n p n z o b w k q)
t (k (x e b i) b b y ab (h (q o ad k u ac t ab s q m z ad c aa)) n b n p n z o b w k q)
t (aa (p aa a e aa g b) l c o b y ab (h (q o ad k u ac t ab s q m z ad c aa)) n b n p n z o b w k q)
t (r r u ad v l t n y n w o b y ab (h (q o ad k u ac t ab s q m z ad c aa)) n b n p n z o b w k q)
t (b v h y t f d v l t n y n w o b y ab (h (q o ad k u ac t ab s q m z ad c aa)) n b n p n z o b w k q)
t (c (s (q (d m l q v) n h)) f d v l t n y n w o b y ab (h (q o ad k u ac t ab s q m z ad c aa)) n b n p n z o b w k q)
t (k (x e b i) b b y ab (s (q (d m l q v) n h)) d v l t n y n w o b y ab (h (q o ad k u ac t ab s q m z ad c aa)) n b n p n z o b w k q)
t (aa (p aa a e aa g b) l c o b y ab (s (q (d m l q v) n h)) d v l t n y n w o b y ab (h (q o ad k u ac t ab s q m z ad c aa)) n b n p n z o b w k q)
t (r r u ad v l t n y n w o b y ab (s (q (d m l q v) n h)) d v l t n y n w o b y ab (h (q o ad k u ac t ab s q m z ad c aa)) n b n p n z o b w k q)
t (b v h y t f d v l t n y n w o b y ab (s (q (d m l q v) n h)) d v l t n y n w o b y ab (h (q o ad k u ac t ab s q m z ad c aa)) n b n p n z o b w k q)
t (c (s (q (d m l q v) n h)) f d v l t n y n w o b y ab (s (q (d m l q v) n h)) d v l t n y n w o b y ab (h (q o ad k u ac t ab s q m z ad c aa)) n b n p n z o b w k q)
t (k (x e b i) b b y ab (s (q (d m l q v) n h)) d v l t n y n w o b y ab (s (q (d m l q v) n h)) d v l t n y n w o b y ab (h (q o ad k u ac t ab s q m z ad c aa)) n b n p n z o b w k q)
t (aa (p aa a e aa g b) l c o b y ab (s (q (d m l q v) n h)) d v l t n y n w o b y ab (s (q (d m l q v) n h)) d v l t n y n w o b y ab (h (q o ad k u ac t ab s q m z ad c aa)) n b n p n z o b w k q)
t (r r u ad v l t n y n w o b y ab (s (q (d m l q v) n h)) d v l t n y n w o b y ab (s (q (d m l q v) n h)) d v l t n y n w o b y ab (h (q o ad k u ac t ab s q m z ad c aa)) n b n p n z o b w k q)
t (b v h y t f d v l t n y n w o b y ab (s (q (d m l q v) n h)) d v l t n y n w o b y ab (s (q (d m l q v) n h)) d v l t n y n w o b y ab (h (q o ad k u ac t ab s q m z ad c aa)) n b n p n z o b w k q)
t (c (s (q (d m l q v) n h)) f d v l t n y n w o b y ab (s (q (d m l q v) n h)) d v l t n y n w o b y ab (s (q (d m l q v) n h)) d v l t n y n w o b y ab (h (q o ad k u ac t ab s q m z ad c aa)) n b n p n z o b w k q)
t (k (x e b i) b b y ab (s (q (d m l q v) n h)) d v l t n y n w o b y ab (s (q (d m l q v) n h)) d v l t n y n w o b y ab (s (q (d m l q v) n h)) d v l t n y n w o b y ab (h (q o ad k u ac t ab s q m z ad c aa)) n b n p n z o b w k q)
t (aa (p aa a e aa g b) l c o b y ab (s (q (d m l q v) n h)) d v l t n y n w o b y ab (s (q (d m l q v) n h)) d v l t n y n w o b y ab (s (q (d m l q v) n h)) d v l t n y n w o b y ab (h (q o ad k u ac t ab s q m z ad c aa)) n b n p n z o b w k q)
t (r r u ad v l t n y n w o b y ab (s (q (d m l q v) n h)) d v l t n y n w o b y ab (s (q (d m l q v) n h)) d v l t n y n w o b y ab (s (q (d m l q v) n h)) d v l t n y n w o b y ab (h (q o ad k u ac t ab s q m z ad c aa)) n b n p n z o b w k q)
t (b v h y t f d v l t n y n w o b y ab (s (q (d m l q v) n h)) d v l t n y n w o b y ab (s (q (d m l q v) n h)) d v l t n y n w o b y ab (s (q (d m l q v) n h)) d v l t n y n w o b y ab (h (q o ad k u ac t ab s q m z ad c aa)) n b n p n z o b w k q)
t (c (s (q (d m l q v) n h)) f d v l t n y n w o b y ab (s (q (d m l q v) n h)) d v l t n y n w o b y ab (s (q (d m l q v) n h)) d v l t n y n w o b y ab (s (q (d m l q v) n h)) d v l t n y n w o b y ab (h (q o ad k u ac t ab s q m z ad c aa)) n b n p n z o b w k q)
t (k (x e b i) b b y ab (s (q (d m l q v) n h)) d v l t n y n w o b y ab (s (q (d m l q v) n h)) d v l t n y n w o b y ab (s (q (d m l q v) n h)) d v l t n y n w o b y ab (s (q (d m l q v) n h)) d v l t n y n w o b y ab (h (q o ad k u ac t ab s q m z ad c aa)) n b n p n z o b w k q)


