a = k ab (z j c m f r k f m aa)
b af ae = v h f r r af c
c ae af = b s i aa w aa f ab u v
d ae af = o (l ac c ac e) j aa g
e = t (v (ad b z y ac ac) o d a h ad b b b z x)
f af ah ai ae ag = n t r m y c
g ae = d v (i ae l) a y
h ae af = o (n n d b) b ad t r d w af aa d
i af ae ah ag ai = a (t v ai j p f r k j ad) a u e
j ae ai af ah ag = t (b n l ac x c ai w o f u)
k ai ah af ae ag = b (e x o q ac b i ab f n aa c d o ac)
l ae ag af aj ah ai = v (g (w ac ac) e b d c) ad j x u
m ae af = e i
n ae af = m
o ag af ae ah ai = i (g p aa e j b ab a v x d)
p ae af = z t a e a i j ac ae g w x
q = g (r k j d e j g p p j)
r ae = z (g (ac aa ab c ad c s z) d u)
s ae = k
t ae af ag = f n o y i e g i j p c ac g o v u j q
u ag af ae = w (o (x z v s d y)) x l i w a ad l ag
v ah ae af aj ai ag = q q h q u y ab c ai aa c n u e f g x t
w ae = u (x q b ac y q r f x q ab m)
x ae ag af = d j y
y aj af ae ah ai ag = q (x l) s b m c
z aj ah ai ag ae af = e h (l af v l x r h q c aa) n r
aa = w (r (ad g m o b s d w r g l))
ab ag ae af ah = f (ad c w r o ac e ae z ac w l t o) d
ac ae = q x t y r a i v e l
ad ai af ah aj ae ag = p y m w m
main = d (o (A (z (s (h (m (k g) B C D E a F G w H I J y j a g s K s y L M t r ab aa f i N n g t r m n n f c x) O y o v ab w P Q R S T U p h h s c f q q y u V j t aa v W X h r Y Z AA AB ab AC ab r r t ad o c ac ab j l c) y AD n AE))))
------------------------------------------------------------
d (o (A (z (s (h (m (k g) B C D E a F G w H I J y j a g s K s y L M t r ab aa f i N n g t r m n n f c x) O y o v ab w P Q R S T U p h h s c f q q y u V j t aa v W X h r Y Z AA AB ab AC ab r r t ad o c ac ab j l c) y AD n AE))))
d (o (A (z (k y AD n AE))))


