a ae ag ah af = c j z z w s t s h j ad q
b = p p p t h ac y
c ae ah ag af = m (w ac) k u
d ae = ac (n q w w x x ab t q w o)
e ae ag af ah ai = l (f (aa g g n ad ad s ab g) ac m ad)
f = a x p i i g z v a
g ae = v v c ad p
h ag ah ai af ae = z n e p f p aa e
i ai ag ah ae af = a (f af a g u g f c ai ab r o)
j ae = y (p (aa (l e) b ab b z h) u u ad s) u ac x g
k = ad (r (u (i s u ac f) aa x) w z ad h)
l ag ae af = x ag ac p i af aa y c d
m ae af = k (l k s l ad ab w u i q l f)
n ae = a v y x ab j ab aa l e b
o ae = g ac f t
p ai ae ah af ag = l g (m (t l k s) a ai t f v k k q t) n v
q ae = c b n ad v g f u i g g m l ad d m v v
r af ae ag = b (a (d n z m s ac g s p a ac k q))
s ae = h (q (h b o d p k ac y j d) a b v ad h)
t = b k f o e ad z u s ab o a a i b n p l
u ae af ah ai ag = z (a q q e w o ac l ac p ab o b s)
v = c (s ad j a s g h q z c b x c e y d j)
w ae = o (x ad s i r r ac k f) i
x ae af ag = b (y o e j aa b r b e l t q j p)
y ag aj ai ae ah af = i s z d ah aa ab
z = e (k (r r aa n r r k) v ac w) g aa
aa = r h k
ab ag ai af ae ah aj = z j ad
ac af ag ae = aa (d k l p z z t q f v b) ab a k
ad af ae = l i s h q a m d e f v e ab u b
main = A (B (g (C (D (n (r (E (F (G a s x j x i H I r w) x h s) b a J a K a p L g c k M f N O P Q R ab h b z v i q w v S T b e d U w e) b n ac v z a V w k j q y u a W x h X x r x Y Z AA n a s o AB AC ac AD g z n u ab) z AE AF h AG)))))
------------------------------------------------------------
A (B (g (C (D (n (r (E (F (G a s x j x i H I r w) x h s) b a J a K a p L g c k M f N O P Q R ab h b z v i q w v S T b e d U w e) b n ac v z a V w k j q y u a W x h X x r x Y Z AA n a s o AB AC ac AD g z n u ab) z AE AF h AG)))))
A (B (v v c ad p))
A (B (c (s ad j a s g h q z c b x c e y d j) v c ad p))
A (B (m (w ac) k u p))
A (B (k (l k s l ad ab w u i q l f) u p))
A (B (ad (r (u (i s u ac f) aa x) w z ad h) (l k s l ad ab w u i q l f) u p))
A (B (l i s h q a m d e f v e ab u b u p))
A (B (x i ac p i h aa y c d q a m d e f v e ab u b u p))
A (B (b (y o e j aa b r b e l t q j p) i h aa y c d q a m d e f v e ab u b u p))
A (B (p p p t h ac y (y o e j aa b r b e l t q j p) i h aa y c d q a m d e f v e ab u b u p))
A (B (l g (m (t l k s) a p t f v k k q t) n v y (y o e j aa b r b e l t q j p) i h aa y c d q a m d e f v e ab u b u p))
A (B (x g ac p i n aa y c d v y (y o e j aa b r b e l t q j p) i h aa y c d q a m d e f v e ab u b u p))
A (B (b (y o e j aa b r b e l t q j p) i n aa y c d v y (y o e j aa b r b e l t q j p) i h aa y c d q a m d e f v e ab u b u p))
A (B (p p p t h ac y (y o e j aa b r b e l t q j p) i n aa y c d v y (y o e j aa b r b e l t q j p) i h aa y c d q a m d e f v e ab u b u p))
A (B (l g (m (t l k s) a p t f v k k q t) n v y (y o e j aa b r b e l t q j p) i n aa y c d v y (y o e j aa b r b e l t q j p) i h aa y c d q a m d e f v e ab u b u p))
A (B (x g ac p i n aa y c d v y (y o e j aa b r b e l t q j p) i n aa y c d v y (y o e j aa b r b e l t q j p) i h aa y c d q a m d e f v e ab u b u p))
A (B (b (y o e j aa b r b e l t q j p) i n aa y c d v y (y o e j aa b r b e l t q j p) i n aa y c d v y (y o e j aa b r b e l t q j p) i h aa y c d q a m d e f v e ab u b u p))
A (B (p p p t h ac y (y o e j aa b r b e l t q j p) i n aa y c d v y (y o e j aa b r b e l t q j p) i n aa y c d v y (y o e j aa b r b e l t q j p) i h aa y c d q a m d e f v e ab u b u p))
A (B (l g (m (t l k s) a p t f v k k q t) n v y (y o e j aa b r b e l t q j p) i n aa y c d v y (y o e j aa b r b e l t q j p) i n aa y c d v y (y o e j aa b r b e l t q j p) i h aa y c d q a m d e f v e ab u b u p))
A (B (x g ac p i n aa y c d v y (y o e j aa b r b e l t q j p) i n aa y c d v y (y o e j aa b r b e l t q j p) i n aa y c d v y (y o e j aa b r b e l t q j p) i h aa y c d q a m d e f v e ab u b u p))
A (B (b (y o e j aa b r b e l t q j p) i n aa y c d v y (y o e j aa b r b e l t q j p) i n aa y c d v y (y o e j aa b r b e l t q j p) i n aa y c d v y (y o e j aa b r b e l t q j p) i h aa y c d q a m d e f v e ab u b u p))
A (B (p p p t h ac y (y o e j aa b r b e l t q j p) i n aa y c d v y (y o e j aa b r b e l t q j p) i n aa y c d v y (y o e j aa b r b e l t q j p) i n aa y c d v y (y o e j aa b r b e l t q j p) i h aa y c d q a m d e f v e ab u b u p))
A (B (l g (m (t l k s) a p t f v k k q t) n v y (y o e j aa b r b e l t q j p) i n aa y c d v y (y o e j aa b r b e l t q j p) i n aa y c d v y (y o e j aa b r b e l t q j p) i n aa y c d v y (y o e j aa b r b e l t q j p) i h aa y c d q a m d e f v e ab u b u p))
A (B (x g ac p i n aa y c d v y (y o e j aa b r b e l t q j p) i n aa y c d v y (y o e j aa b r b e l t q j p) i n aa y c d v y (y o e j aa b r b e l t q j p) i n aa y c d v y (y o e j aa b r b e l t q j p) i h aa y c d q a m d e f v e ab u b u p))
A (B (b (y o e j aa b r b e l t q j p) i n aa y c d v y (y o e j aa b r b e l t q j p) i n aa y c d v y (y o e j aa b r b e l t q j p) i n aa y c d v y (y o e j aa b r b e l t q j p) i n aa y c d v y (y o e j aa b r b e l t q j p) i h aa y c d q a m d e f v e ab u b u p))
A (B (p p p t h ac y (y o e j aa b r b e l t q j p) i n aa y c d v y (y o e j aa b r b e l t q j p) i n aa y c d v y (y o e j aa b r b e l t q j p) i n aa y c d v y (y o e j aa b r b e l t q j p) i n aa y c d v y (y o e j aa b r b e l t q j p) i h aa y c d q a m d e f v e ab u b u p))
A (B (l g (m (t l k s) a p t f v k k q t) n v y (y o e j aa b r b e l t q j p) i n aa y c d v y (y o e j aa b r b e l t q j p) i n aa y c d v y (y o e j aa b r b e l t q j p) i n aa y c d v y (y o e j aa b r b e l t q j p) i n aa y c d v y (y o e j aa b r b e l t q j p) i h aa y c d q a m d e f v e ab u b u p))
A (B (x g ac p i n aa y c d v y (y o e j aa b r b e l t q j p) i n aa y c d v y (y o e j aa b r b e l t q j p) i n aa y c d v y (y o e j aa b r b e l t q j p) i n aa y c d v y (y o e j aa b r b e l t q j p) i n aa y c d v y (y o e j aa b r b e l t q j p) i h aa y c d q a m d e f v e ab u b u p))
A (B (b (y o e j aa b r b e l t q j p) i n aa y c d v y (y o e j aa b r b e l t q j p) i n aa y c d v y (y o e j aa b r b e l t q j p) i n aa y c d v y (y o e j aa b r b e l t q j p) i n aa y c d v y (y o e j aa b r b e l t q j p) i n aa y c d v y (y o e j aa b r b e l t q j p) i h aa y c d q a m d e f v e ab u b u p))
A (B (p p p t h ac y (y o e j aa b r b e l t q j p) i n aa y c d v y (y o e j aa b r b e l t q j p) i n aa y c d v y (y o e j aa b r b e l t q j p) i n aa y c d v y (y o e j aa b r b e l t q j p) i n aa y c d v y (y o e j aa b r b e l t q j p) i n aa y c d v y (y o e j aa b r b e l t q j p) i h aa y c d q a m d e f v e ab u b u p))


