a ah ae af ag ai = z
b af ae = f t af j q (h af k)
c = i d p (b w d) b ac u s
d ae ah ag ai af = o aa j
e ag ai ae ah af = b a ac o l t
f = z h v j (aa o b)
g ag ah ae af = f x af k
h ah ag ae af ai = o
i ae = ae j e t
j ae ah ag af = n (n ah) k h i (b k k)
k ag af ae = af
l ag af ae = ab a s
m ah ag af ae = af u ae n p k y k
n ai ag af ae ah = ai d ae (r (r e u))
o ah af ag ae ai aj = j t
p af ae = y h w a (r af x)
q af ae ag = ag
r ag af ae = i (g w)
s ae = q k t z p ae t ab
t ae = q h h (r y)
u ah ae ag af = ab
v ae = k (ae q l)
w = d
x ae af = f i k (ae b r ae) ae p n
y ag aj ah ai af ae = d ad ad b s (c g d)
z ah ae ai af ag = k ah
aa ah ai ae ag af = ac
ab ai aj af ah ag ae = l d (f i y)
ac ae af = u
ad ae = u a r f ae (e o) g b ae
main = A B w (g j a m h b ac C p (p u b) D w) aa t y (E s l (F G H b (I J K f q (L M (m (aa aa m r t (o k) h) a (p o v ad) p x (i (N x aa (c b (O P (Q h) R t e) g l i) (S T ac z U (g h (ad a f h a) u) m p o a f (V z W v X x) k j) t z s z Y Z d AA)))))))
------------------------------------------------------------
A B w (g j a m h b ac C p (p u b) D w) aa t y (E s l (F G H b (I J K f q (L M (m (aa aa m r t (o k) h) a (p o v ad) p x (i (N x aa (c b (O P (Q h) R t e) g l i) (S T ac z U (g h (ad a f h a) u) m p o a f (V z W v X x) k j) t z s z Y Z d AA)))))))
A B w (f x h k b ac C p (p u b) D w) aa t y (E s l (F G H b (I J K f q (L M (m (aa aa m r t (o k) h) a (p o v ad) p x (i (N x aa (c b (O P (Q h) R t e) g l i) (S T ac z U (g h (ad a f h a) u) m p o a f (V z W v X x) k j) t z s z Y Z d AA)))))))
A B w (z h v j (aa o b) x h k b ac C p (p u b) D w) aa t y (E s l (F G H b (I J K f q (L M (m (aa aa m r t (o k) h) a (p o v ad) p x (i (N x aa (c b (O P (Q h) R t e) g l i) (S T ac z U (g h (ad a f h a) u) m p o a f (V z W v X x) k j) t z s z Y Z d AA)))))))
A B w (k h h k b ac C p (p u b) D w) aa t y (E s l (F G H b (I J K f q (L M (m (aa aa m r t (o k) h) a (p o v ad) p x (i (N x aa (c b (O P (Q h) R t e) g l i) (S T ac z U (g h (ad a f h a) u) m p o a f (V z W v X x) k j) t z s z Y Z d AA)))))))
A B w (h b ac C p (p u b) D w) aa t y (E s l (F G H b (I J K f q (L M (m (aa aa m r t (o k) h) a (p o v ad) p x (i (N x aa (c b (O P (Q h) R t e) g l i) (S T ac z U (g h (ad a f h a) u) m p o a f (V z W v X x) k j) t z s z Y Z d AA)))))))
A B w (o D w) aa t y (E s l (F G H b (I J K f q (L M (m (aa aa m r t (o k) h) a (p o v ad) p x (i (N x aa (c b (O P (Q h) R t e) g l i) (S T ac z U (g h (ad a f h a) u) m p o a f (V z W v X x) k j) t z s z Y Z d AA)))))))
A B w (o D w) aa t y (E s l (F G H b (I J K f q (L M (p o v ad u p n p k y k x (i (N x aa (c b (O P (Q h) R t e) g l i) (S T ac z U (g h (ad a f h a) u) m p o a f (V z W v X x) k j) t z s z Y Z d AA)))))))
A B w (o D w) aa t y (E s l (F G H b (I J K f q (L M (y h w a (r o x) ad u p n p k y k x (i (N x aa (c b (O P (Q h) R t e) g l i) (S T ac z U (g h (ad a f h a) u) m p o a f (V z W v X x) k j) t z s z Y Z d AA)))))))
A B w (o D w) aa t y (E s l (F G H b (I J K f q (L M (d ad ad b s (c g d) p n p k y k x (i (N x aa (c b (O P (Q h) R t e) g l i) (S T ac z U (g h (ad a f h a) u) m p o a f (V z W v X x) k j) t z s z Y Z d AA)))))))
A B w (o D w) aa t y (E s l (F G H b (I J K f q (L M (o aa j p n p k y k x (i (N x aa (c b (O P (Q h) R t e) g l i) (S T ac z U (g h (ad a f h a) u) m p o a f (V z W v X x) k j) t z s z Y Z d AA)))))))
A B w (o D w) aa t y (E s l (F G H b (I J K f q (L M (j t y k x (i (N x aa (c b (O P (Q h) R t e) g l i) (S T ac z U (g h (ad a f h a) u) m p o a f (V z W v X x) k j) t z s z Y Z d AA)))))))
A B w (o D w) aa t y (E s l (F G H b (I J K f q (L M (n (n y) k h i (b k k) (i (N x aa (c b (O P (Q h) R t e) g l i) (S T ac z U (g h (ad a f h a) u) m p o a f (V z W v X x) k j) t z s z Y Z d AA)))))))
A B w (o D w) aa t y (E s l (F G H b (I J K f q (L M (n y d i (r (r e u)) (i (N x aa (c b (O P (Q h) R t e) g l i) (S T ac z U (g h (ad a f h a) u) m p o a f (V z W v X x) k j) t z s z Y Z d AA)))))))
A B w (o D w) aa t y (E s l (F G H b (I J K f q (L M (y d (r (r e u)) (r (r e u)))))))


