a ae = ad o (r d ab) ab o w c g d f
b ah ae af ag = e (f t m j ad s o c y l s n e n d)
c ae ag ah af ai = h e a ab i g
d ae af aj ah ai ag = o (q x y b j w c l a p i aj)
e ae ag ah af = s w q a k ad z u h ab
f ae af ag = q (u (l b d t a ae n l aa)) j w o b e aa
g ae af ag ai ah = f (w b i ac q v q j)
h af ai ae aj ah ag = u (n q n l q g c ab a f) x n p a
i = e (m (s ab t m l a e ac e ad) g ac b s ad q)
j = q r n k u
k af ag ah ae ai = m b
l ag ae ah af ai = w q k b i ad k a b c y ac i x v
m ag ai ae af aj ah = d p r ac
n ag af ae = r (u aa s o p r s q e ad f a y q b p ag)
o ae af = ac (d ac) w r aa af
p ag ai ae aj af ah = x (i d n m j) l r m z
q ae = e ae
r af ae = m (l j m v e) i d h
s = aa aa u d q z t b a f f u n
t ah ag ae af ai aj = ad p ac k af y l d aa i n ac y
u ag ae af ah = c (ad (ab s f f g j t ab h s m ag g ab af g))
v = i (y (t q ac d s b w ac z d g l w u) y)
w ae = b y aa z t j ab aa ac f b o k a u aa r g
x ae ai aj ah ag af = a ab m g n o c
y ag af ae ah = ad (x n w r p w t g o n d ad) ac
z ai af ae ag ah = n (t ad h ad ad j y m ab) aa aa e aa k h u m
aa ag af ae = i (i m j m x k x z ad r b p w m ac c m)
ab af ae = d d e n a ac
ac af ae = g (n ad p e o i ad l b u)
ad ai ag ah ae af = b ac m aa k ab u j y ai
main = A (B (t (C v (D (E (F G (H (I (z (r (J (ad h w h) g o c) K aa ac c u c L M p N q d h ac O r j y P Q x ad aa b u r R y w S T e z U l V c ad v f d x v e W X u Y a e p Z r a AA x b) e d AB j) ab ad p) AC AD AE ac r s g) AF AG x t) AH e ab i)))))
------------------------------------------------------------
A (B (t (C v (D (E (F G (H (I (z (r (J (ad h w h) g o c) K aa ac c u c L M p N q d h ac O r j y P Q x ad aa b u r R y w S T e z U l V c ad v f d x v e W X u Y a e p Z r a AA x b) e d AB j) ab ad p) AC AD AE ac r s g) AF AG x t) AH e ab i)))))
A (B (t (C v (D (E (F G (H (I (n (t ad h ad ad j y m ab) aa aa e aa k h u m) ab ad p) AC AD AE ac r s g) AF AG x t) AH e ab i)))))
A (B (t (C v (D (E (F G (H (I (r (u aa s o p r s q e ad f a y q b p (t ad h ad ad j y m ab)) e aa k h u m) ab ad p) AC AD AE ac r s g) AF AG x t) AH e ab i)))))
A (B (t (C v (D (E (F G (H (I (m (l j m v e) i d h aa k h u m) ab ad p) AC AD AE ac r s g) AF AG x t) AH e ab i)))))
A (B (t (C v (D (E (F G (H (I (d p r ac h u m) ab ad p) AC AD AE ac r s g) AF AG x t) AH e ab i)))))
A (B (t (C v (D (E (F G (H (I (o (q x y b j w c l a p i ac)) ab ad p) AC AD AE ac r s g) AF AG x t) AH e ab i)))))
A (B (t (C v (D (E (F G (H (I (o (e x y b j w c l a p i ac)) ab ad p) AC AD AE ac r s g) AF AG x t) AH e ab i)))))
A (B (t (C v (D (E (F G (H (I (o (s w q a k ad z u h ab w c l a p i ac)) ab ad p) AC AD AE ac r s g) AF AG x t) AH e ab i)))))
A (B (t (C v (D (E (F G (H (I (o (aa aa u d q z t b a f f u n w q a k ad z u h ab w c l a p i ac)) ab ad p) AC AD AE ac r s g) AF AG x t) AH e ab i)))))
A (B (t (C v (D (E (F G (H (I (o (i (i m j m x k x z ad r b p w m ac c m) q z t b a f f u n w q a k ad z u h ab w c l a p i ac)) ab ad p) AC AD AE ac r s g) AF AG x t) AH e ab i)))))
A (B (t (C v (D (E (F G (H (I (o (e (m (s ab t m l a e ac e ad) g ac b s ad q) (i m j m x k x z ad r b p w m ac c m) q z t b a f f u n w q a k ad z u h ab w c l a p i ac)) ab ad p) AC AD AE ac r s g) AF AG x t) AH e ab i)))))
A (B (t (C v (D (E (F G (H (I (o (s w q a k ad z u h ab t b a f f u n w q a k ad z u h ab w c l a p i ac)) ab ad p) AC AD AE ac r s g) AF AG x t) AH e ab i)))))
A (B (t (C v (D (E (F G (H (I (o (aa aa u d q z t b a f f u n w q a k ad z u h ab t b a f f u n w q a k ad z u h ab w c l a p i ac)) ab ad p) AC AD AE ac r s g) AF AG x t) AH e ab i)))))
A (B (t (C v (D (E (F G (H (I (o (i (i m j m x k x z ad r b p w m ac c m) q z t b a f f u n w q a k ad z u h ab t b a f f u n w q a k ad z u h ab w c l a p i ac)) ab ad p) AC AD AE ac r s g) AF AG x t) AH e ab i)))))
A (B (t (C v (D (E (F G (H (I (o (e (m (s ab t m l a e ac e ad) g ac b s ad q) (i m j m x k x z ad r b p w m ac c m) q z t b a f f u n w q a k ad z u h ab t b a f f u n w q a k ad z u h ab w c l a p i ac)) ab ad p) AC AD AE ac r s g) AF AG x t) AH e ab i)))))
A (B (t (C v (D (E (F G (H (I (o (s w q a k ad z u h ab t b a f f u n w q a k ad z u h ab t b a f f u n w q a k ad z u h ab w c l a p i ac)) ab ad p) AC AD AE ac r s g) AF AG x t) AH e ab i)))))
A (B (t (C v (D (E (F G (H (I (o (aa aa u d q z t b a f f u n w q a k ad z u h ab t b a f f u n w q a k ad z u h ab t b a f f u n w q a k ad z u h ab w c l a p i ac)) ab ad p) AC AD AE ac r s g) AF AG x t) AH e ab i)))))
A (B (t (C v (D (E (F G (H (I (o (i (i m j m x k x z ad r b p w m ac c m) q z t b a f f u n w q a k ad z u h ab t b a f f u n w q a k ad z u h ab t b a f f u n w q a k ad z u h ab w c l a p i ac)) ab ad p) AC AD AE ac r s g) AF AG x t) AH e ab i)))))
A (B (t (C v (D (E (F G (H (I (o (e (m (s ab t m l a e ac e ad) g ac b s ad q) (i m j m x k x z ad r b p w m ac c m) q z t b a f f u n w q a k ad z u h ab t b a f f u n w q a k ad z u h ab t b a f f u n w q a k ad z u h ab w c l a p i ac)) ab ad p) AC AD AE ac r s g) AF AG x t) AH e ab i)))))
A (B (t (C v (D (E (F G (H (I (o (s w q a k ad z u h ab t b a f f u n w q a k ad z u h ab t b a f f u n w q a k ad z u h ab t b a f f u n w q a k ad z u h ab w c l a p i ac)) ab ad p) AC AD AE ac r s g) AF AG x t) AH e ab i)))))
A (B (t (C v (D (E (F G (H (I (o (aa aa u d q z t b a f f u n w q a k ad z u h ab t b a f f u n w q a k ad z u h ab t b a f f u n w q a k ad z u h ab t b a f f u n w q a k ad z u h ab w c l a p i ac)) ab ad p) AC AD AE ac r s g) AF AG x t) AH e ab i)))))
A (B (t (C v (D (E (F G (H (I (o (i (i m j m x k x z ad r b p w m ac c m) q z t b a f f u n w q a k ad z u h ab t b a f f u n w q a k ad z u h ab t b a f f u n w q a k ad z u h ab t b a f f u n w q a k ad z u h ab w c l a p i ac)) ab ad p) AC AD AE ac r s g) AF AG x t) AH e ab i)))))
A (B (t (C v (D (E (F G (H (I (o (e (m (s ab t m l a e ac e ad) g ac b s ad q) (i m j m x k x z ad r b p w m ac c m) q z t b a f f u n w q a k ad z u h ab t b a f f u n w q a k ad z u h ab t b a f f u n w q a k ad z u h ab t b a f f u n w q a k ad z u h ab w c l a p i ac)) ab ad p) AC AD AE ac r s g) AF AG x t) AH e ab i)))))
A (B (t (C v (D (E (F G (H (I (o (s w q a k ad z u h ab t b a f f u n w q a k ad z u h ab t b a f f u n w q a k ad z u h ab t b a f f u n w q a k ad z u h ab t b a f f u n w q a k ad z u h ab w c l a p i ac)) ab ad p) AC AD AE ac r s g) AF AG x t) AH e ab i)))))
A (B (t (C v (D (E (F G (H (I (o (aa aa u d q z t b a f f u n w q a k ad z u h ab t b a f f u n w q a k ad z u h ab t b a f f u n w q a k ad z u h ab t b a f f u n w q a k ad z u h ab t b a f f u n w q a k ad z u h ab w c l a p i ac)) ab ad p) AC AD AE ac r s g) AF AG x t) AH e ab i)))))
A (B (t (C v (D (E (F G (H (I (o (i (i m j m x k x z ad r b p w m ac c m) q z t b a f f u n w q a k ad z u h ab t b a f f u n w q a k ad z u h ab t b a f f u n w q a k ad z u h ab t b a f f u n w q a k ad z u h ab t b a f f u n w q a k ad z u h ab w c l a p i ac)) ab ad p) AC AD AE ac r s g) AF AG x t) AH e ab i)))))
A (B (t (C v (D (E (F G (H (I (o (e (m (s ab t m l a e ac e ad) g ac b s ad q) (i m j m x k x z ad r b p w m ac c m) q z t b a f f u n w q a k ad z u h ab t b a f f u n w q a k ad z u h ab t b a f f u n w q a k ad z u h ab t b a f f u n w q a k ad z u h ab t b a f f u n w q a k ad z u h ab w c l a p i ac)) ab ad p) AC AD AE ac r s g) AF AG x t) AH e ab i)))))
A (B (t (C v (D (E (F G (H (I (o (s w q a k ad z u h ab t b a f f u n w q a k ad z u h ab t b a f f u n w q a k ad z u h ab t b a f f u n w q a k ad z u h ab t b a f f u n w q a k ad z u h ab t b a f f u n w q a k ad z u h ab w c l a p i ac)) ab ad p) AC AD AE ac r s g) AF AG x t) AH e ab i)))))
A (B (t (C v (D (E (F G (H (I (o (aa aa u d q z t b a f f u n w q a k ad z u h ab t b a f f u n w q a k ad z u h ab t b a f f u n w q a k ad z u h ab t b a f f u n w q a k ad z u h ab t b a f f u n w q a k ad z u h ab t b a f f u n w q a k ad z u h ab w c l a p i ac)) ab ad p) AC AD AE ac r s g) AF AG x t) AH e ab i)))))
A (B (t (C v (D (E (F G (H (I (o (i (i m j m x k x z ad r b p w m ac c m) q z t b a f f u n w q a k ad z u h ab t b a f f u n w q a k ad z u h ab t b a f f u n w q a k ad z u h ab t b a f f u n w q a k ad z u h ab t b a f f u n w q a k ad z u h ab t b a f f u n w q a k ad z u h ab w c l a p i ac)) ab ad p) AC AD AE ac r s g) AF AG x t) AH e ab i)))))


