a ah ag ai aj af ae l (h p) aa n h ab aa ae j k p t y x x aa af
b af ae j a aa i c (c o) o h l z y d j y m t
c af ae ah ag a (ae b w h d ab ad u ac e e d u) ab m ad
d ae af r (l c (t r) p o ab g l z e p k j) v
e ae aa k f ab i v u
f af ag ae aa y z o
g ae ag af m (d b o)
h ae af ag m n z n o k e d z l ab
i ag ae af g ag ab m y v w y g a d x n d ac v ac ac
j af ag ae ah ai p (u f ad a p u a z e x m g ac o)
k ae af i (c l q s c i d m p) aa x
l ae ah ag aj af ai h k aj h g c a n af z g n w ab x v ad
m g u z (c e r)
n ae ag af ah ai t (w d i m w v j w i y a ab ac p p v)
o ae e (e aa ae)
p af ah ae ag k (g b (f l e v y) o j a y z w o)
q ae x j ab k ae e h b i
r ae p f n b k m q k k e w ac ac a x e x
s ag ah af ai aj ae i a b b n g c t
t ag af ae i ab (i f g ad) f af z q ac h n
u ae aa (h aa g b n) aa s v n r g i e aa i
v y e m s u y e o a
w ae y o aa n ae a d ab y m
x af ae ag m (g ae)
y af ag ah ae z (r v e f v f f) l g f aa
z ae af aj ai ag ah n (ai t x g t r w i) w
aa t (ab (a j) (k w a i u)) x i m y h k
ab aa (c (l aa s w y r h) m h l g ac c b) f
ac ab f w f ab u g
ad ae af ac (c (h k r f j g af g z) aa m w c f g)
main A (x (B C D (g (o (v d p s z E F b G H h d s y q I x J K L k M q r q c) N s O P Q R e S T m b ad f U V a W l d g X Y n j Z d c ab AA b u a ad b AB AC m i e AD AE AF d AG j AH AI i h c AJ z g AK n t r AL l AM ad a ad x AN q f))))
------------------------------------------------------------
A (x (B C D (g (o (v d p s z E F b G H h d s y q I x J K L k M q r q c) N s O P Q R e S T m b ad f U V a W l d g X Y n j Z d c ab AA b u a ad b AB AC m i e AD AE AF d AG j AH AI i h c AJ z g AK n t r AL l AM ad a ad x AN q f))))
A (x (B C D (g (e (e aa (v d p s z E F b G H h d s y q I x J K L k M q r q c)) N s O P Q R e S T m b ad f U V a W l d g X Y n j Z d c ab AA b u a ad b AB AC m i e AD AE AF d AG j AH AI i h c AJ z g AK n t r AL l AM ad a ad x AN q f))))
A (x (B C D (g (aa k f ab i v u N s O P Q R e S T m b ad f U V a W l d g X Y n j Z d c ab AA b u a ad b AB AC m i e AD AE AF d AG j AH AI i h c AJ z g AK n t r AL l AM ad a ad x AN q f))))
A (x (B C D (g (t (ab (a j) (k w a i u)) x i m y h k k f ab i v u N s O P Q R e S T m b ad f U V a W l d g X Y n j Z d c ab AA b u a ad b AB AC m i e AD AE AF d AG j AH AI i h c AJ z g AK n t r AL l AM ad a ad x AN q f))))
A (x (B C D (g (i ab (i f g ad) f x z q ac h n m y h k k f ab i v u N s O P Q R e S T m b ad f U V a W l d g X Y n j Z d c ab AA b u a ad b AB AC m i e AD AE AF d AG j AH AI i h c AJ z g AK n t r AL l AM ad a ad x AN q f))))
A (x (B C D (g (g ab ab m y v w y g a d x n d ac v ac ac x z q ac h n m y h k k f ab i v u N s O P Q R e S T m b ad f U V a W l d g X Y n j Z d c ab AA b u a ad b AB AC m i e AD AE AF d AG j AH AI i h c AJ z g AK n t r AL l AM ad a ad x AN q f))))
A (x (B C D (g (m (d b o) y v w y g a d x n d ac v ac ac x z q ac h n m y h k k f ab i v u N s O P Q R e S T m b ad f U V a W l d g X Y n j Z d c ab AA b u a ad b AB AC m i e AD AE AF d AG j AH AI i h c AJ z g AK n t r AL l AM ad a ad x AN q f))))
A (x (B C D (g (g u z (c e r) (d b o) y v w y g a d x n d ac v ac ac x z q ac h n m y h k k f ab i v u N s O P Q R e S T m b ad f U V a W l d g X Y n j Z d c ab AA b u a ad b AB AC m i e AD AE AF d AG j AH AI i h c AJ z g AK n t r AL l AM ad a ad x AN q f))))
A (x (B C D (g (m (d b o) (d b o) y v w y g a d x n d ac v ac ac x z q ac h n m y h k k f ab i v u N s O P Q R e S T m b ad f U V a W l d g X Y n j Z d c ab AA b u a ad b AB AC m i e AD AE AF d AG j AH AI i h c AJ z g AK n t r AL l AM ad a ad x AN q f))))
A (x (B C D (g (g u z (c e r) (d b o) (d b o) y v w y g a d x n d ac v ac ac x z q ac h n m y h k k f ab i v u N s O P Q R e S T m b ad f U V a W l d g X Y n j Z d c ab AA b u a ad b AB AC m i e AD AE AF d AG j AH AI i h c AJ z g AK n t r AL l AM ad a ad x AN q f))))
A (x (B C D (g (m (d b o) (d b o) (d b o) y v w y g a d x n d ac v ac ac x z q ac h n m y h k k f ab i v u N s O P Q R e S T m b ad f U V a W l d g X Y n j Z d c ab AA b u a ad b AB AC m i e AD AE AF d AG j AH AI i h c AJ z g AK n t r AL l AM ad a ad x AN q f))))
A (x (B C D (g (g u z (c e r) (d b o) (d b o) (d b o) y v w y g a d x n d ac v ac ac x z q ac h n m y h k k f ab i v u N s O P Q R e S T m b ad f U V a W l d g X Y n j Z d c ab AA b u a ad b AB AC m i e AD AE AF d AG j AH AI i h c AJ z g AK n t r AL l AM ad a ad x AN q f))))
A (x (B C D (g (m (d b o) (d b o) (d b o) (d b o) y v w y g a d x n d ac v ac ac x z q ac h n m y h k k f ab i v u N s O P Q R e S T m b ad f U V a W l d g X Y n j Z d c ab AA b u a ad b AB AC m i e AD AE AF d AG j AH AI i h c AJ z g AK n t r AL l AM ad a ad x AN q f))))
A (x (B C D (g (g u z (c e r) (d b o) (d b o) (d b o) (d b o) y v w y g a d x n d ac v ac ac x z q ac h n m y h k k f ab i v u N s O P Q R e S T m b ad f U V a W l d g X Y n j Z d c ab AA b u a ad b AB AC m i e AD AE AF d AG j AH AI i h c AJ z g AK n t r AL l AM ad a ad x AN q f))))
A (x (B C D (g (m (d b o) (d b o) (d b o) (d b o) (d b o) y v w y g a d x n d ac v ac ac x z q ac h n m y h k k f ab i v u N s O P Q R e S T m b ad f U V a W l d g X Y n j Z d c ab AA b u a ad b AB AC m i e AD AE AF d AG j AH AI i h c AJ z g AK n t r AL l AM ad a ad x AN q f))))
A (x (B C D (g (g u z (c e r) (d b o) (d b o) (d b o) (d b o) (d b o) y v w y g a d x n d ac v ac ac x z q ac h n m y h k k f ab i v u N s O P Q R e S T m b ad f U V a W l d g X Y n j Z d c ab AA b u a ad b AB AC m i e AD AE AF d AG j AH AI i h c AJ z g AK n t r AL l AM ad a ad x AN q f))))
A (x (B C D (g (m (d b o) (d b o) (d b o) (d b o) (d b o) (d b o) y v w y g a d x n d ac v ac ac x z q ac h n m y h k k f ab i v u N s O P Q R e S T m b ad f U V a W l d g X Y n j Z d c ab AA b u a ad b AB AC m i e AD AE AF d AG j AH AI i h c AJ z g AK n t r AL l AM ad a ad x AN q f))))
A (x (B C D (g (g u z (c e r) (d b o) (d b o) (d b o) (d b o) (d b o) (d b o) y v w y g a d x n d ac v ac ac x z q ac h n m y h k k f ab i v u N s O P Q R e S T m b ad f U V a W l d g X Y n j Z d c ab AA b u a ad b AB AC m i e AD AE AF d AG j AH AI i h c AJ z g AK n t r AL l AM ad a ad x AN q f))))
A (x (B C D (g (m (d b o) (d b o) (d b o) (d b o) (d b o) (d b o) (d b o) y v w y g a d x n d ac v ac ac x z q ac h n m y h k k f ab i v u N s O P Q R e S T m b ad f U V a W l d g X Y n j Z d c ab AA b u a ad b AB AC m i e AD AE AF d AG j AH AI i h c AJ z g AK n t r AL l AM ad a ad x AN q f))))
A (x (B C D (g (g u z (c e r) (d b o) (d b o) (d b o) (d b o) (d b o) (d b o) (d b o) y v w y g a d x n d ac v ac ac x z q ac h n m y h k k f ab i v u N s O P Q R e S T m b ad f U V a W l d g X Y n j Z d c ab AA b u a ad b AB AC m i e AD AE AF d AG j AH AI i h c AJ z g AK n t r AL l AM ad a ad x AN q f))))
A (x (B C D (g (m (d b o) (d b o) (d b o) (d b o) (d b o) (d b o) (d b o) (d b o) y v w y g a d x n d ac v ac ac x z q ac h n m y h k k f ab i v u N s O P Q R e S T m b ad f U V a W l d g X Y n j Z d c ab AA b u a ad b AB AC m i e AD AE AF d AG j AH AI i h c AJ z g AK n t r AL l AM ad a ad x AN q f))))
A (x (B C D (g (g u z (c e r) (d b o) (d b o) (d b o) (d b o) (d b o) (d b o) (d b o) (d b o) y v w y g a d x n d ac v ac ac x z q ac h n m y h k k f ab i v u N s O P Q R e S T m b ad f U V a W l d g X Y n j Z d c ab AA b u a ad b AB AC m i e AD AE AF d AG j AH AI i h c AJ z g AK n t r AL l AM ad a ad x AN q f))))
A (x (B C D (g (m (d b o) (d b o) (d b o) (d b o) (d b o) (d b o) (d b o) (d b o) (d b o) y v w y g a d x n d ac v ac ac x z q ac h n m y h k k f ab i v u N s O P Q R e S T m b ad f U V a W l d g X Y n j Z d c ab AA b u a ad b AB AC m i e AD AE AF d AG j AH AI i h c AJ z g AK n t r AL l AM ad a ad x AN q f))))
A (x (B C D (g (g u z (c e r) (d b o) (d b o) (d b o) (d b o) (d b o) (d b o) (d b o) (d b o) (d b o) y v w y g a d x n d ac v ac ac x z q ac h n m y h k k f ab i v u N s O P Q R e S T m b ad f U V a W l d g X Y n j Z d c ab AA b u a ad b AB AC m i e AD AE AF d AG j AH AI i h c AJ z g AK n t r AL l AM ad a ad x AN q f))))
A (x (B C D (g (m (d b o) (d b o) (d b o) (d b o) (d b o) (d b o) (d b o) (d b o) (d b o) (d b o) y v w y g a d x n d ac v ac ac x z q ac h n m y h k k f ab i v u N s O P Q R e S T m b ad f U V a W l d g X Y n j Z d c ab AA b u a ad b AB AC m i e AD AE AF d AG j AH AI i h c AJ z g AK n t r AL l AM ad a ad x AN q f))))
A (x (B C D (g (g u z (c e r) (d b o) (d b o) (d b o) (d b o) (d b o) (d b o) (d b o) (d b o) (d b o) (d b o) y v w y g a d x n d ac v ac ac x z q ac h n m y h k k f ab i v u N s O P Q R e S T m b ad f U V a W l d g X Y n j Z d c ab AA b u a ad b AB AC m i e AD AE AF d AG j AH AI i h c AJ z g AK n t r AL l AM ad a ad x AN q f))))
A (x (B C D (g (m (d b o) (d b o) (d b o) (d b o) (d b o) (d b o) (d b o) (d b o) (d b o) (d b o) (d b o) y v w y g a d x n d ac v ac ac x z q ac h n m y h k k f ab i v u N s O P Q R e S T m b ad f U V a W l d g X Y n j Z d c ab AA b u a ad b AB AC m i e AD AE AF d AG j AH AI i h c AJ z g AK n t r AL l AM ad a ad x AN q f))))
A (x (B C D (g (g u z (c e r) (d b o) (d b o) (d b o) (d b o) (d b o) (d b o) (d b o) (d b o) (d b o) (d b o) (d b o) y v w y g a d x n d ac v ac ac x z q ac h n m y h k k f ab i v u N s O P Q R e S T m b ad f U V a W l d g X Y n j Z d c ab AA b u a ad b AB AC m i e AD AE AF d AG j AH AI i h c AJ z g AK n t r AL l AM ad a ad x AN q f))))
A (x (B C D (g (m (d b o) (d b o) (d b o) (d b o) (d b o) (d b o) (d b o) (d b o) (d b o) (d b o) (d b o) (d b o) y v w y g a d x n d ac v ac ac x z q ac h n m y h k k f ab i v u N s O P Q R e S T m b ad f U V a W l d g X Y n j Z d c ab AA b u a ad b AB AC m i e AD AE AF d AG j AH AI i h c AJ z g AK n t r AL l AM ad a ad x AN q f))))
A (x (B C D (g (g u z (c e r) (d b o) (d b o) (d b o) (d b o) (d b o) (d b o) (d b o) (d b o) (d b o) (d b o) (d b o) (d b o) y v w y g a d x n d ac v ac ac x z q ac h n m y h k k f ab i v u N s O P Q R e S T m b ad f U V a W l d g X Y n j Z d c ab AA b u a ad b AB AC m i e AD AE AF d AG j AH AI i h c AJ z g AK n t r AL l AM ad a ad x AN q f))))


