a ag ae ah af z (b (u s) z v w s z f t m aa)
b af ae t (s q c w aa x) g u k
c ae e (s (u h h ab m z w v r e j t k y) i l)
d c (l p o k p a ab r j ac ac) n ab w o b
e ag ae af u (ad m ag x x x b u a ae z h aa i ae s y)
f ae af g (v (t z o)) k ab r ad i y g l a aa r j
g ag af ae p (u (t ag l y k i j a) ae)
h ae ag af ah ad ad ad i p j w o k f r ad v z g ad m af
i ae r (q d c v d q s z r f y)
j ab (aa s z v t p h d o w aa s aa c)
k ae af ag ai ah aj f j d b n i u i s y
l ae af w (p s ab) ac
m ai ah ae ag af w l i g k ab s p e
n ae af ah ag aa ag r u
o ae t l e x v g d k ad p c
p ac (s (s k) aa ac v u ac r v r d l j i aa v)
q ae af g ad b y i n l w t k m ae ae
r af ae ah ai ag b d n ad c h g i a
s ae af t ad y ae l w x m d g
t ag ah af ae u (k w (x (q n) ab r n e ag h) ac) z l y
u ah ag ae af ai y b o i r ab y
v ae af ac ad i s a ad ac k l aa m w n
w ah af ae ag q (k p c y z e h aa g af) f h ab ah s
x ae af z (aa (u (p (r h) r g v) i) n h t v v j)
y ae u u l ab ae v o g ae f n n o a k a e
z ae ag af v (e m i c j f b e w b h aa) ae ab t
aa af ae a (e ac j l l u o ab k u af t ab o)
ab v h r ac e ac q r y f q t
ac ae q (aa g ae) ae (t h n) d ad x w z d f r
ad o (n w l) p k l j z j m q v z b u f g
main A (B (d (C (D E (z u (u (F (o G H ab u p I ac J y e K b c a b r L v h f k M N O w P e n Q R S T U ab v i r f V b o ac ac W t o X Y Z ad AA AB l ac f a AC y AD AE ac u AF v AG AH u q AI b s aa d d AJ j ac ad b b b v l h) AK d q t AL)))))))
------------------------------------------------------------
A (B (d (C (D E (z u (u (F (o G H ab u p I ac J y e K b c a b r L v h f k M N O w P e n Q R S T U ab v i r f V b o ac ac W t o X Y Z ad AA AB l ac f a AC y AD AE ac u AF v AG AH u q AI b s aa d d AJ j ac ad b b b v l h) AK d q t AL)))))))
A (B (c (l p o k p a ab r j ac ac) n ab w o b (C (D E (z u (u (F (o G H ab u p I ac J y e K b c a b r L v h f k M N O w P e n Q R S T U ab v i r f V b o ac ac W t o X Y Z ad AA AB l ac f a AC y AD AE ac u AF v AG AH u q AI b s aa d d AJ j ac ad b b b v l h) AK d q t AL)))))))
A (B (e (s (u h h ab m z w v r e j t k y) i l) n ab w o b (C (D E (z u (u (F (o G H ab u p I ac J y e K b c a b r L v h f k M N O w P e n Q R S T U ab v i r f V b o ac ac W t o X Y Z ad AA AB l ac f a AC y AD AE ac u AF v AG AH u q AI b s aa d d AJ j ac ad b b b v l h) AK d q t AL)))))))
A (B (u (ad m (s (u h h ab m z w v r e j t k y) i l) x x x b u a n z h aa i n s y) w o b (C (D E (z u (u (F (o G H ab u p I ac J y e K b c a b r L v h f k M N O w P e n Q R S T U ab v i r f V b o ac ac W t o X Y Z ad AA AB l ac f a AC y AD AE ac u AF v AG AH u q AI b s aa d d AJ j ac ad b b b v l h) AK d q t AL)))))))
A (B (y b o i r ab y))
A (B (u u l ab b v o g b f n n o a k a e o i r ab y))
A (B (y b o i r ab y o g b f n n o a k a e o i r ab y))
A (B (u u l ab b v o g b f n n o a k a e o i r ab y o g b f n n o a k a e o i r ab y))
A (B (y b o i r ab y o g b f n n o a k a e o i r ab y o g b f n n o a k a e o i r ab y))
A (B (u u l ab b v o g b f n n o a k a e o i r ab y o g b f n n o a k a e o i r ab y o g b f n n o a k a e o i r ab y))
A (B (y b o i r ab y o g b f n n o a k a e o i r ab y o g b f n n o a k a e o i r ab y o g b f n n o a k a e o i r ab y))
A (B (u u l ab b v o g b f n n o a k a e o i r ab y o g b f n n o a k a e o i r ab y o g b f n n o a k a e o i r ab y o g b f n n o a k a e o i r ab y))
A (B (y b o i r ab y o g b f n n o a k a e o i r ab y o g b f n n o a k a e o i r ab y o g b f n n o a k a e o i r ab y o g b f n n o a k a e o i r ab y))
A (B (u u l ab b v o g b f n n o a k a e o i r ab y o g b f n n o a k a e o i r ab y o g b f n n o a k a e o i r ab y o g b f n n o a k a e o i r ab y o g b f n n o a k a e o i r ab y))
A (B (y b o i r ab y o g b f n n o a k a e o i r ab y o g b f n n o a k a e o i r ab y o g b f n n o a k a e o i r ab y o g b f n n o a k a e o i r ab y o g b f n n o a k a e o i r ab y))
A (B (u u l ab b v o g b f n n o a k a e o i r ab y o g b f n n o a k a e o i r ab y o g b f n n o a k a e o i r ab y o g b f n n o a k a e o i r ab y o g b f n n o a k a e o i r ab y o g b f n n o a k a e o i r ab y))
A (B (y b o i r ab y o g b f n n o a k a e o i r ab y o g b f n n o a k a e o i r ab y o g b f n n o a k a e o i r ab y o g b f n n o a k a e o i r ab y o g b f n n o a k a e o i r ab y o g b f n n o a k a e o i r ab y))
A (B (u u l ab b v o g b f n n o a k a e o i r ab y o g b f n n o a k a e o i r ab y o g b f n n o a k a e o i r ab y o g b f n n o a k a e o i r ab y o g b f n n o a k a e o i r ab y o g b f n n o a k a e o i r ab y o g b f n n o a k a e o i r ab y))
A (B (y b o i r ab y o g b f n n o a k a e o i r ab y o g b f n n o a k a e o i r ab y o g b f n n o a k a e o i r ab y o g b f n n o a k a e o i r ab y o g b f n n o a k a e o i r ab y o g b f n n o a k a e o i r ab y o g b f n n o a k a e o i r ab y))
A (B (u u l ab b v o g b f n n o a k a e o i r ab y o g b f n n o a k a e o i r ab y o g b f n n o a k a e o i r ab y o g b f n n o a k a e o i r ab y o g b f n n o a k a e o i r ab y o g b f n n o a k a e o i r ab y o g b f n n o a k a e o i r ab y o g b f n n o a k a e o i r ab y))
A (B (y b o i r ab y o g b f n n o a k a e o i r ab y o g b f n n o a k a e o i r ab y o g b f n n o a k a e o i r ab y o g b f n n o a k a e o i r ab y o g b f n n o a k a e o i r ab y o g b f n n o a k a e o i r ab y o g b f n n o a k a e o i r ab y o g b f n n o a k a e o i r ab y))
A (B (u u l ab b v o g b f n n o a k a e o i r ab y o g b f n n o a k a e o i r ab y o g b f n n o a k a e o i r ab y o g b f n n o a k a e o i r ab y o g b f n n o a k a e o i r ab y o g b f n n o a k a e o i r ab y o g b f n n o a k a e o i r ab y o g b f n n o a k a e o i r ab y o g b f n n o a k a e o i r ab y))
A (B (y b o i r ab y o g b f n n o a k a e o i r ab y o g b f n n o a k a e o i r ab y o g b f n n o a k a e o i r ab y o g b f n n o a k a e o i r ab y o g b f n n o a k a e o i r ab y o g b f n n o a k a e o i r ab y o g b f n n o a k a e o i r ab y o g b f n n o a k a e o i r ab y o g b f n n o a k a e o i r ab y))
A (B (u u l ab b v o g b f n n o a k a e o i r ab y o g b f n n o a k a e o i r ab y o g b f n n o a k a e o i r ab y o g b f n n o a k a e o i r ab y o g b f n n o a k a e o i r ab y o g b f n n o a k a e o i r ab y o g b f n n o a k a e o i r ab y o g b f n n o a k a e o i r ab y o g b f n n o a k a e o i r ab y o g b f n n o a k a e o i r ab y))
A (B (y b o i r ab y o g b f n n o a k a e o i r ab y o g b f n n o a k a e o i r ab y o g b f n n o a k a e o i r ab y o g b f n n o a k a e o i r ab y o g b f n n o a k a e o i r ab y o g b f n n o a k a e o i r ab y o g b f n n o a k a e o i r ab y o g b f n n o a k a e o i r ab y o g b f n n o a k a e o i r ab y o g b f n n o a k a e o i r ab y))
A (B (u u l ab b v o g b f n n o a k a e o i r ab y o g b f n n o a k a e o i r ab y o g b f n n o a k a e o i r ab y o g b f n n o a k a e o i r ab y o g b f n n o a k a e o i r ab y o g b f n n o a k a e o i r ab y o g b f n n o a k a e o i r ab y o g b f n n o a k a e o i r ab y o g b f n n o a k a e o i r ab y o g b f n n o a k a e o i r ab y o g b f n n o a k a e o i r ab y))
A (B (y b o i r ab y o g b f n n o a k a e o i r ab y o g b f n n o a k a e o i r ab y o g b f n n o a k a e o i r ab y o g b f n n o a k a e o i r ab y o g b f n n o a k a e o i r ab y o g b f n n o a k a e o i r ab y o g b f n n o a k a e o i r ab y o g b f n n o a k a e o i r ab y o g b f n n o a k a e o i r ab y o g b f n n o a k a e o i r ab y o g b f n n o a k a e o i r ab y))
A (B (u u l ab b v o g b f n n o a k a e o i r ab y o g b f n n o a k a e o i r ab y o g b f n n o a k a e o i r ab y o g b f n n o a k a e o i r ab y o g b f n n o a k a e o i r ab y o g b f n n o a k a e o i r ab y o g b f n n o a k a e o i r ab y o g b f n n o a k a e o i r ab y o g b f n n o a k a e o i r ab y o g b f n n o a k a e o i r ab y o g b f n n o a k a e o i r ab y o g b f n n o a k a e o i r ab y))
A (B (y b o i r ab y o g b f n n o a k a e o i r ab y o g b f n n o a k a e o i r ab y o g b f n n o a k a e o i r ab y o g b f n n o a k a e o i r ab y o g b f n n o a k a e o i r ab y o g b f n n o a k a e o i r ab y o g b f n n o a k a e o i r ab y o g b f n n o a k a e o i r ab y o g b f n n o a k a e o i r ab y o g b f n n o a k a e o i r ab y o g b f n n o a k a e o i r ab y o g b f n n o a k a e o i r ab y))
A (B (u u l ab b v o g b f n n o a k a e o i r ab y o g b f n n o a k a e o i r ab y o g b f n n o a k a e o i r ab y o g b f n n o a k a e o i r ab y o g b f n n o a k a e o i r ab y o g b f n n o a k a e o i r ab y o g b f n n o a k a e o i r ab y o g b f n n o a k a e o i r ab y o g b f n n o a k a e o i r ab y o g b f n n o a k a e o i r ab y o g b f n n o a k a e o i r ab y o g b f n n o a k a e o i r ab y o g b f n n o a k a e o i r ab y))


