a = u h l l ac ac aa j ab t ab u l s y
b af ae ag = ac (z m g af l m o ac ad c) e k h m
c = ab (f p) z p
d ae = c (ab (x aa c)) w v ae ac a
e ae ag af = g (o (j n q aa o z f ad a ab k h z c n z))
f = s (e (l h) ab q l o aa c) ac m e w
g ai ae ah ag af = u l u a m
h ae = a ad (t aa k o f c q ab z aa w) j
i ae ag ah af = c (y (aa j r a e f w ae h ab g m) p a aa)
j ag ae ah af = m s a ac v m g b r z g p ab o aa o z
k ae af ag = e h c
l af ah ae ag = ag (ab aa m e b w w a h d b a r a)
m ae = ae y (ae q ac)
n = z v t u t e e
o ae = q (d ab (k ae f v s h x d ad w))
p ag ai af ae ah aj = l t v ac b f l l y h d e d z b f e b
q ae af = ab (o p l s y aa b ac e a b n y)
r ah ai ag af ae = o q j
s ae ah ag af = j (u ab c g g t ab h x w aa g a x)
t ae = e (k (y i) ad i ae p b v ac b) y y e j a q
u af ae = i (k k e s n v l e j e j ac ac af p l)
v = b (z (p m l ac i) r x y d u p u)
w ae ag af ah = v g y af u m c m r
x ae af ag = a (d e w ab h ac k m z h h d w ab) d
y ah ag ae af = e
z ae = c b (g (o q) h a) o g h y
aa = a (a (n l ac n z) x) ab b
ab ae = v s z w i c z m y
ac ag af ai aj ae ah = t b c k ad x j g ae o m l ab r t m
ad ae af ah ag = y (m r ab ag) s d p h j c z p aa x n
main = j (v (f (f (b (A (B C (D (E (F t t v ab d G H t j I J y z K L M N O s x y ad w P Q s R w S y) T U V s W X v ad r f a d a k) Y f b p Z ab) AA s x y q AB r d AC c e ad k r y c p s v r a l i d c aa e w j AD s) i AE f s t f) m AF))))
------------------------------------------------------------
j (v (f (f (b (A (B C (D (E (F t t v ab d G H t j I J y z K L M N O s x y ad w P Q s R w S y) T U V s W X v ad r f a d a k) Y f b p Z ab) AA s x y q AB r d AC c e ad k r y c p s v r a l i d c aa e w j AD s) i AE f s t f) m AF))))
j (b (z (p m l ac i) r x y d u p u) (f (f (b (A (B C (D (E (F t t v ab d G H t j I J y z K L M N O s x y ad w P Q s R w S y) T U V s W X v ad r f a d a k) Y f b p Z ab) AA s x y q AB r d AC c e ad k r y c p s v r a l i d c aa e w j AD s) i AE f s t f) m AF))))
j (b (c b (g (o q) h a) o g h y r x y d u p u) (f (f (b (A (B C (D (E (F t t v ab d G H t j I J y z K L M N O s x y ad w P Q s R w S y) T U V s W X v ad r f a d a k) Y f b p Z ab) AA s x y q AB r d AC c e ad k r y c p s v r a l i d c aa e w j AD s) i AE f s t f) m AF))))
j (b (ab (f p) z p b (g (o q) h a) o g h y r x y d u p u) (f (f (b (A (B C (D (E (F t t v ab d G H t j I J y z K L M N O s x y ad w P Q s R w S y) T U V s W X v ad r f a d a k) Y f b p Z ab) AA s x y q AB r d AC c e ad k r y c p s v r a l i d c aa e w j AD s) i AE f s t f) m AF))))
j (b (v s z w i c z m y z p b (g (o q) h a) o g h y r x y d u p u) (f (f (b (A (B C (D (E (F t t v ab d G H t j I J y z K L M N O s x y ad w P Q s R w S y) T U V s W X v ad r f a d a k) Y f b p Z ab) AA s x y q AB r d AC c e ad k r y c p s v r a l i d c aa e w j AD s) i AE f s t f) m AF))))
j (b (b (z (p m l ac i) r x y d u p u) s z w i c z m y z p b (g (o q) h a) o g h y r x y d u p u) (f (f (b (A (B C (D (E (F t t v ab d G H t j I J y z K L M N O s x y ad w P Q s R w S y) T U V s W X v ad r f a d a k) Y f b p Z ab) AA s x y q AB r d AC c e ad k r y c p s v r a l i d c aa e w j AD s) i AE f s t f) m AF))))
j (b (ac (z m g (z (p m l ac i) r x y d u p u) l m o ac ad c) e k h m w i c z m y z p b (g (o q) h a) o g h y r x y d u p u) (f (f (b (A (B C (D (E (F t t v ab d G H t j I J y z K L M N O s x y ad w P Q s R w S y) T U V s W X v ad r f a d a k) Y f b p Z ab) AA s x y q AB r d AC c e ad k r y c p s v r a l i d c aa e w j AD s) i AE f s t f) m AF))))
j (b (t b c k ad x j g m o m l ab r t m i c z m y z p b (g (o q) h a) o g h y r x y d u p u) (f (f (b (A (B C (D (E (F t t v ab d G H t j I J y z K L M N O s x y ad w P Q s R w S y) T U V s W X v ad r f a d a k) Y f b p Z ab) AA s x y q AB r d AC c e ad k r y c p s v r a l i d c aa e w j AD s) i AE f s t f) m AF))))
j (b (e (k (y i) ad i b p b v ac b) y y e j a q c k ad x j g m o m l ab r t m i c z m y z p b (g (o q) h a) o g h y r x y d u p u) (f (f (b (A (B C (D (E (F t t v ab d G H t j I J y z K L M N O s x y ad w P Q s R w S y) T U V s W X v ad r f a d a k) Y f b p Z ab) AA s x y q AB r d AC c e ad k r y c p s v r a l i d c aa e w j AD s) i AE f s t f) m AF))))
j (b (g (o (j n q aa o z f ad a ab k h z c n z)) e j a q c k ad x j g m o m l ab r t m i c z m y z p b (g (o q) h a) o g h y r x y d u p u) (f (f (b (A (B C (D (E (F t t v ab d G H t j I J y z K L M N O s x y ad w P Q s R w S y) T U V s W X v ad r f a d a k) Y f b p Z ab) AA s x y q AB r d AC c e ad k r y c p s v r a l i d c aa e w j AD s) i AE f s t f) m AF))))
j (b (u l u a m c k ad x j g m o m l ab r t m i c z m y z p b (g (o q) h a) o g h y r x y d u p u) (f (f (b (A (B C (D (E (F t t v ab d G H t j I J y z K L M N O s x y ad w P Q s R w S y) T U V s W X v ad r f a d a k) Y f b p Z ab) AA s x y q AB r d AC c e ad k r y c p s v r a l i d c aa e w j AD s) i AE f s t f) m AF))))
j (b (i (k k e s n v l e j e j ac ac l p l) a m c k ad x j g m o m l ab r t m i c z m y z p b (g (o q) h a) o g h y r x y d u p u) (f (f (b (A (B C (D (E (F t t v ab d G H t j I J y z K L M N O s x y ad w P Q s R w S y) T U V s W X v ad r f a d a k) Y f b p Z ab) AA s x y q AB r d AC c e ad k r y c p s v r a l i d c aa e w j AD s) i AE f s t f) m AF))))
j (b (c (y (aa j r a e f w (k k e s n v l e j e j ac ac l p l) h ab g m) p a aa) k ad x j g m o m l ab r t m i c z m y z p b (g (o q) h a) o g h y r x y d u p u) (f (f (b (A (B C (D (E (F t t v ab d G H t j I J y z K L M N O s x y ad w P Q s R w S y) T U V s W X v ad r f a d a k) Y f b p Z ab) AA s x y q AB r d AC c e ad k r y c p s v r a l i d c aa e w j AD s) i AE f s t f) m AF))))
j (b (ab (f p) z p (y (aa j r a e f w (k k e s n v l e j e j ac ac l p l) h ab g m) p a aa) k ad x j g m o m l ab r t m i c z m y z p b (g (o q) h a) o g h y r x y d u p u) (f (f (b (A (B C (D (E (F t t v ab d G H t j I J y z K L M N O s x y ad w P Q s R w S y) T U V s W X v ad r f a d a k) Y f b p Z ab) AA s x y q AB r d AC c e ad k r y c p s v r a l i d c aa e w j AD s) i AE f s t f) m AF))))
j (b (v s z w i c z m y z p (y (aa j r a e f w (k k e s n v l e j e j ac ac l p l) h ab g m) p a aa) k ad x j g m o m l ab r t m i c z m y z p b (g (o q) h a) o g h y r x y d u p u) (f (f (b (A (B C (D (E (F t t v ab d G H t j I J y z K L M N O s x y ad w P Q s R w S y) T U V s W X v ad r f a d a k) Y f b p Z ab) AA s x y q AB r d AC c e ad k r y c p s v r a l i d c aa e w j AD s) i AE f s t f) m AF))))
j (b (b (z (p m l ac i) r x y d u p u) s z w i c z m y z p (y (aa j r a e f w (k k e s n v l e j e j ac ac l p l) h ab g m) p a aa) k ad x j g m o m l ab r t m i c z m y z p b (g (o q) h a) o g h y r x y d u p u) (f (f (b (A (B C (D (E (F t t v ab d G H t j I J y z K L M N O s x y ad w P Q s R w S y) T U V s W X v ad r f a d a k) Y f b p Z ab) AA s x y q AB r d AC c e ad k r y c p s v r a l i d c aa e w j AD s) i AE f s t f) m AF))))
j (b (ac (z m g (z (p m l ac i) r x y d u p u) l m o ac ad c) e k h m w i c z m y z p (y (aa j r a e f w (k k e s n v l e j e j ac ac l p l) h ab g m) p a aa) k ad x j g m o m l ab r t m i c z m y z p b (g (o q) h a) o g h y r x y d u p u) (f (f (b (A (B C (D (E (F t t v ab d G H t j I J y z K L M N O s x y ad w P Q s R w S y) T U V s W X v ad r f a d a k) Y f b p Z ab) AA s x y q AB r d AC c e ad k r y c p s v r a l i d c aa e w j AD s) i AE f s t f) m AF))))
j (b (t b c k ad x j g m o m l ab r t m i c z m y z p (y (aa j r a e f w (k k e s n v l e j e j ac ac l p l) h ab g m) p a aa) k ad x j g m o m l ab r t m i c z m y z p b (g (o q) h a) o g h y r x y d u p u) (f (f (b (A (B C (D (E (F t t v ab d G H t j I J y z K L M N O s x y ad w P Q s R w S y) T U V s W X v ad r f a d a k) Y f b p Z ab) AA s x y q AB r d AC c e ad k r y c p s v r a l i d c aa e w j AD s) i AE f s t f) m AF))))
j (b (e (k (y i) ad i b p b v ac b) y y e j a q c k ad x j g m o m l ab r t m i c z m y z p (y (aa j r a e f w (k k e s n v l e j e j ac ac l p l) h ab g m) p a aa) k ad x j g m o m l ab r t m i c z m y z p b (g (o q) h a) o g h y r x y d u p u) (f (f (b (A (B C (D (E (F t t v ab d G H t j I J y z K L M N O s x y ad w P Q s R w S y) T U V s W X v ad r f a d a k) Y f b p Z ab) AA s x y q AB r d AC c e ad k r y c p s v r a l i d c aa e w j AD s) i AE f s t f) m AF))))
j (b (g (o (j n q aa o z f ad a ab k h z c n z)) e j a q c k ad x j g m o m l ab r t m i c z m y z p (y (aa j r a e f w (k k e s n v l e j e j ac ac l p l) h ab g m) p a aa) k ad x j g m o m l ab r t m i c z m y z p b (g (o q) h a) o g h y r x y d u p u) (f (f (b (A (B C (D (E (F t t v ab d G H t j I J y z K L M N O s x y ad w P Q s R w S y) T U V s W X v ad r f a d a k) Y f b p Z ab) AA s x y q AB r d AC c e ad k r y c p s v r a l i d c aa e w j AD s) i AE f s t f) m AF))))
j (b (u l u a m c k ad x j g m o m l ab r t m i c z m y z p (y (aa j r a e f w (k k e s n v l e j e j ac ac l p l) h ab g m) p a aa) k ad x j g m o m l ab r t m i c z m y z p b (g (o q) h a) o g h y r x y d u p u) (f (f (b (A (B C (D (E (F t t v ab d G H t j I J y z K L M N O s x y ad w P Q s R w S y) T U V s W X v ad r f a d a k) Y f b p Z ab) AA s x y q AB r d AC c e ad k r y c p s v r a l i d c aa e w j AD s) i AE f s t f) m AF))))
j (b (i (k k e s n v l e j e j ac ac l p l) a m c k ad x j g m o m l ab r t m i c z m y z p (y (aa j r a e f w (k k e s n v l e j e j ac ac l p l) h ab g m) p a aa) k ad x j g m o m l ab r t m i c z m y z p b (g (o q) h a) o g h y r x y d u p u) (f (f (b (A (B C (D (E (F t t v ab d G H t j I J y z K L M N O s x y ad w P Q s R w S y) T U V s W X v ad r f a d a k) Y f b p Z ab) AA s x y q AB r d AC c e ad k r y c p s v r a l i d c aa e w j AD s) i AE f s t f) m AF))))
j (b (c (y (aa j r a e f w (k k e s n v l e j e j ac ac l p l) h ab g m) p a aa) k ad x j g m o m l ab r t m i c z m y z p (y (aa j r a e f w (k k e s n v l e j e j ac ac l p l) h ab g m) p a aa) k ad x j g m o m l ab r t m i c z m y z p b (g (o q) h a) o g h y r x y d u p u) (f (f (b (A (B C (D (E (F t t v ab d G H t j I J y z K L M N O s x y ad w P Q s R w S y) T U V s W X v ad r f a d a k) Y f b p Z ab) AA s x y q AB r d AC c e ad k r y c p s v r a l i d c aa e w j AD s) i AE f s t f) m AF))))
j (b (ab (f p) z p (y (aa j r a e f w (k k e s n v l e j e j ac ac l p l) h ab g m) p a aa) k ad x j g m o m l ab r t m i c z m y z p (y (aa j r a e f w (k k e s n v l e j e j ac ac l p l) h ab g m) p a aa) k ad x j g m o m l ab r t m i c z m y z p b (g (o q) h a) o g h y r x y d u p u) (f (f (b (A (B C (D (E (F t t v ab d G H t j I J y z K L M N O s x y ad w P Q s R w S y) T U V s W X v ad r f a d a k) Y f b p Z ab) AA s x y q AB r d AC c e ad k r y c p s v r a l i d c aa e w j AD s) i AE f s t f) m AF))))
j (b (v s z w i c z m y z p (y (aa j r a e f w (k k e s n v l e j e j ac ac l p l) h ab g m) p a aa) k ad x j g m o m l ab r t m i c z m y z p (y (aa j r a e f w (k k e s n v l e j e j ac ac l p l) h ab g m) p a aa) k ad x j g m o m l ab r t m i c z m y z p b (g (o q) h a) o g h y r x y d u p u) (f (f (b (A (B C (D (E (F t t v ab d G H t j I J y z K L M N O s x y ad w P Q s R w S y) T U V s W X v ad r f a d a k) Y f b p Z ab) AA s x y q AB r d AC c e ad k r y c p s v r a l i d c aa e w j AD s) i AE f s t f) m AF))))
j (b (b (z (p m l ac i) r x y d u p u) s z w i c z m y z p (y (aa j r a e f w (k k e s n v l e j e j ac ac l p l) h ab g m) p a aa) k ad x j g m o m l ab r t m i c z m y z p (y (aa j r a e f w (k k e s n v l e j e j ac ac l p l) h ab g m) p a aa) k ad x j g m o m l ab r t m i c z m y z p b (g (o q) h a) o g h y r x y d u p u) (f (f (b (A (B C (D (E (F t t v ab d G H t j I J y z K L M N O s x y ad w P Q s R w S y) T U V s W X v ad r f a d a k) Y f b p Z ab) AA s x y q AB r d AC c e ad k r y c p s v r a l i d c aa e w j AD s) i AE f s t f) m AF))))
j (b (ac (z m g (z (p m l ac i) r x y d u p u) l m o ac ad c) e k h m w i c z m y z p (y (aa j r a e f w (k k e s n v l e j e j ac ac l p l) h ab g m) p a aa) k ad x j g m o m l ab r t m i c z m y z p (y (aa j r a e f w (k k e s n v l e j e j ac ac l p l) h ab g m) p a aa) k ad x j g m o m l ab r t m i c z m y z p b (g (o q) h a) o g h y r x y d u p u) (f (f (b (A (B C (D (E (F t t v ab d G H t j I J y z K L M N O s x y ad w P Q s R w S y) T U V s W X v ad r f a d a k) Y f b p Z ab) AA s x y q AB r d AC c e ad k r y c p s v r a l i d c aa e w j AD s) i AE f s t f) m AF))))
j (b (t b c k ad x j g m o m l ab r t m i c z m y z p (y (aa j r a e f w (k k e s n v l e j e j ac ac l p l) h ab g m) p a aa) k ad x j g m o m l ab r t m i c z m y z p (y (aa j r a e f w (k k e s n v l e j e j ac ac l p l) h ab g m) p a aa) k ad x j g m o m l ab r t m i c z m y z p b (g (o q) h a) o g h y r x y d u p u) (f (f (b (A (B C (D (E (F t t v ab d G H t j I J y z K L M N O s x y ad w P Q s R w S y) T U V s W X v ad r f a d a k) Y f b p Z ab) AA s x y q AB r d AC c e ad k r y c p s v r a l i d c aa e w j AD s) i AE f s t f) m AF))))
j (b (e (k (y i) ad i b p b v ac b) y y e j a q c k ad x j g m o m l ab r t m i c z m y z p (y (aa j r a e f w (k k e s n v l e j e j ac ac l p l) h ab g m) p a aa) k ad x j g m o m l ab r t m i c z m y z p (y (aa j r a e f w (k k e s n v l e j e j ac ac l p l) h ab g m) p a aa) k ad x j g m o m l ab r t m i c z m y z p b (g (o q) h a) o g h y r x y d u p u) (f (f (b (A (B C (D (E (F t t v ab d G H t j I J y z K L M N O s x y ad w P Q s R w S y) T U V s W X v ad r f a d a k) Y f b p Z ab) AA s x y q AB r d AC c e ad k r y c p s v r a l i d c aa e w j AD s) i AE f s t f) m AF))))
j (b (g (o (j n q aa o z f ad a ab k h z c n z)) e j a q c k ad x j g m o m l ab r t m i c z m y z p (y (aa j r a e f w (k k e s n v l e j e j ac ac l p l) h ab g m) p a aa) k ad x j g m o m l ab r t m i c z m y z p (y (aa j r a e f w (k k e s n v l e j e j ac ac l p l) h ab g m) p a aa) k ad x j g m o m l ab r t m i c z m y z p b (g (o q) h a) o g h y r x y d u p u) (f (f (b (A (B C (D (E (F t t v ab d G H t j I J y z K L M N O s x y ad w P Q s R w S y) T U V s W X v ad r f a d a k) Y f b p Z ab) AA s x y q AB r d AC c e ad k r y c p s v r a l i d c aa e w j AD s) i AE f s t f) m AF))))


