a = n ab r r ab e
b aj ae af ah ai ag = j (i (u aa ae i w y v) f j s g) v a
c ag af ai ah ae = a (d (ac h) t a r l g e) a ai d a b ad
d ag ae ai ah af = aa (m r c z af) aa ac
e ae = g (o ae p h b h s) l ae s a aa f l u q
f ae ag af = ab (z p a m t ag n p ad y t aa) p x e c
g ae af = u (h ab u) q ab b a a q f e aa q
h ae = y aa ae x f y
i aj af ae ah ai ag = ac (g a m) u
j ae af = ac (ad (a h g aa z a d))
k af ae = o (u p af o m f) n ac q o o l ab
l ae ag af = ab (d aa r a i c c g n)
m ae af aj ai ah ag = j (d d f ab) i ac ab ad q e ab c
n af ae ag = t (o x b ac v o s g)
o ae af = c (b (n l) a f n h y) ac w
p ae af = aa r v
q ag ah ae af = l (c ad s u e p y d o ac j f ad p b j)
r ah ae ag af = af (ab (g l i) t ac i p z s e m p) ae j t ac
s ae af ag = ad j l p e i p t ab
t ah af ag ae = u (k d d m a x y ah s)
u ae = g c s g r ad s h aa x k d a f a b j
v af ae ai ah ag = aa (t ac l ad j g f z ah z)
w aj ai af ag ah ae = x c f m u d a r r u a
x af ah ag ae aj ai = ag d k e t ad t ad d ac
y = l z o f x g g q n t b s ad
z af ae ag = r (af (ab f w a ab w m d ab r h m p g h))
aa ai af ah aj ag ae = e v y n ad g m k c y z
ab ae ag af = y z k n b x w c j
ac ah ag ae af = l (p (z f w l i v) y i n a c r) b z r
ad af ah ae ag = z (aa (r x g c ab c af n i j f h h v))
main = d (A (x (aa (t (t (ab (B (C (d (D (E (i (F o o G H I J K L e M ac m y N O u k P d Q c c) R S T j aa v U V j h W a c X Y z Z n AA l m AB e g m c c AC AD h ab AE AF r ad AG AH AI AJ k g f o) ad q d y t AK q e x l b k e AL b m AM AN AO AP i)))))))))))
------------------------------------------------------------
d (A (x (aa (t (t (ab (B (C (d (D (E (i (F o o G H I J K L e M ac m y N O u k P d Q c c) R S T j aa v U V j h W a c X Y z Z n AA l m AB e g m c c AC AD h ab AE AF r ad AG AH AI AJ k g f o) ad q d y t AK q e x l b k e AL b m AM AN AO AP i)))))))))))
d (A (x (aa (t (t (ab (B (C (d (D (E (ac (g a m) u v U V j h W a c X Y z Z n AA l m AB e g m c c AC AD h ab AE AF r ad AG AH AI AJ k g f o) ad q d y t AK q e x l b k e AL b m AM AN AO AP i)))))))))))
d (A (x (aa (t (t (ab (B (C (d (D (E (l (p (z f w l i v) y i n a c r) b z r V j h W a c X Y z Z n AA l m AB e g m c c AC AD h ab AE AF r ad AG AH AI AJ k g f o) ad q d y t AK q e x l b k e AL b m AM AN AO AP i)))))))))))
d (A (x (aa (t (t (ab (B (C (d (D (E (ab (d aa r a i c c g n) r V j h W a c X Y z Z n AA l m AB e g m c c AC AD h ab AE AF r ad AG AH AI AJ k g f o) ad q d y t AK q e x l b k e AL b m AM AN AO AP i)))))))))))
d (A (x (aa (t (t (ab (B (C (d (D (E (y z k n b x w c j j h W a c X Y z Z n AA l m AB e g m c c AC AD h ab AE AF r ad AG AH AI AJ k g f o) ad q d y t AK q e x l b k e AL b m AM AN AO AP i)))))))))))
d (A (x (aa (t (t (ab (B (C (d (D (E (l z o f x g g q n t b s ad z k n b x w c j j h W a c X Y z Z n AA l m AB e g m c c AC AD h ab AE AF r ad AG AH AI AJ k g f o) ad q d y t AK q e x l b k e AL b m AM AN AO AP i)))))))))))
d (A (x (aa (t (t (ab (B (C (d (D (E (ab (d aa r a i c c g n) x g g q n t b s ad z k n b x w c j j h W a c X Y z Z n AA l m AB e g m c c AC AD h ab AE AF r ad AG AH AI AJ k g f o) ad q d y t AK q e x l b k e AL b m AM AN AO AP i)))))))))))
d (A (x (aa (t (t (ab (B (C (d (D (E (y z k n b x w c j g q n t b s ad z k n b x w c j j h W a c X Y z Z n AA l m AB e g m c c AC AD h ab AE AF r ad AG AH AI AJ k g f o) ad q d y t AK q e x l b k e AL b m AM AN AO AP i)))))))))))
d (A (x (aa (t (t (ab (B (C (d (D (E (l z o f x g g q n t b s ad z k n b x w c j g q n t b s ad z k n b x w c j j h W a c X Y z Z n AA l m AB e g m c c AC AD h ab AE AF r ad AG AH AI AJ k g f o) ad q d y t AK q e x l b k e AL b m AM AN AO AP i)))))))))))
d (A (x (aa (t (t (ab (B (C (d (D (E (ab (d aa r a i c c g n) x g g q n t b s ad z k n b x w c j g q n t b s ad z k n b x w c j j h W a c X Y z Z n AA l m AB e g m c c AC AD h ab AE AF r ad AG AH AI AJ k g f o) ad q d y t AK q e x l b k e AL b m AM AN AO AP i)))))))))))
d (A (x (aa (t (t (ab (B (C (d (D (E (y z k n b x w c j g q n t b s ad z k n b x w c j g q n t b s ad z k n b x w c j j h W a c X Y z Z n AA l m AB e g m c c AC AD h ab AE AF r ad AG AH AI AJ k g f o) ad q d y t AK q e x l b k e AL b m AM AN AO AP i)))))))))))
d (A (x (aa (t (t (ab (B (C (d (D (E (l z o f x g g q n t b s ad z k n b x w c j g q n t b s ad z k n b x w c j g q n t b s ad z k n b x w c j j h W a c X Y z Z n AA l m AB e g m c c AC AD h ab AE AF r ad AG AH AI AJ k g f o) ad q d y t AK q e x l b k e AL b m AM AN AO AP i)))))))))))
d (A (x (aa (t (t (ab (B (C (d (D (E (ab (d aa r a i c c g n) x g g q n t b s ad z k n b x w c j g q n t b s ad z k n b x w c j g q n t b s ad z k n b x w c j j h W a c X Y z Z n AA l m AB e g m c c AC AD h ab AE AF r ad AG AH AI AJ k g f o) ad q d y t AK q e x l b k e AL b m AM AN AO AP i)))))))))))
d (A (x (aa (t (t (ab (B (C (d (D (E (y z k n b x w c j g q n t b s ad z k n b x w c j g q n t b s ad z k n b x w c j g q n t b s ad z k n b x w c j j h W a c X Y z Z n AA l m AB e g m c c AC AD h ab AE AF r ad AG AH AI AJ k g f o) ad q d y t AK q e x l b k e AL b m AM AN AO AP i)))))))))))
d (A (x (aa (t (t (ab (B (C (d (D (E (l z o f x g g q n t b s ad z k n b x w c j g q n t b s ad z k n b x w c j g q n t b s ad z k n b x w c j g q n t b s ad z k n b x w c j j h W a c X Y z Z n AA l m AB e g m c c AC AD h ab AE AF r ad AG AH AI AJ k g f o) ad q d y t AK q e x l b k e AL b m AM AN AO AP i)))))))))))
d (A (x (aa (t (t (ab (B (C (d (D (E (ab (d aa r a i c c g n) x g g q n t b s ad z k n b x w c j g q n t b s ad z k n b x w c j g q n t b s ad z k n b x w c j g q n t b s ad z k n b x w c j j h W a c X Y z Z n AA l m AB e g m c c AC AD h ab AE AF r ad AG AH AI AJ k g f o) ad q d y t AK q e x l b k e AL b m AM AN AO AP i)))))))))))
d (A (x (aa (t (t (ab (B (C (d (D (E (y z k n b x w c j g q n t b s ad z k n b x w c j g q n t b s ad z k n b x w c j g q n t b s ad z k n b x w c j g q n t b s ad z k n b x w c j j h W a c X Y z Z n AA l m AB e g m c c AC AD h ab AE AF r ad AG AH AI AJ k g f o) ad q d y t AK q e x l b k e AL b m AM AN AO AP i)))))))))))
d (A (x (aa (t (t (ab (B (C (d (D (E (l z o f x g g q n t b s ad z k n b x w c j g q n t b s ad z k n b x w c j g q n t b s ad z k n b x w c j g q n t b s ad z k n b x w c j g q n t b s ad z k n b x w c j j h W a c X Y z Z n AA l m AB e g m c c AC AD h ab AE AF r ad AG AH AI AJ k g f o) ad q d y t AK q e x l b k e AL b m AM AN AO AP i)))))))))))
d (A (x (aa (t (t (ab (B (C (d (D (E (ab (d aa r a i c c g n) x g g q n t b s ad z k n b x w c j g q n t b s ad z k n b x w c j g q n t b s ad z k n b x w c j g q n t b s ad z k n b x w c j g q n t b s ad z k n b x w c j j h W a c X Y z Z n AA l m AB e g m c c AC AD h ab AE AF r ad AG AH AI AJ k g f o) ad q d y t AK q e x l b k e AL b m AM AN AO AP i)))))))))))
d (A (x (aa (t (t (ab (B (C (d (D (E (y z k n b x w c j g q n t b s ad z k n b x w c j g q n t b s ad z k n b x w c j g q n t b s ad z k n b x w c j g q n t b s ad z k n b x w c j g q n t b s ad z k n b x w c j j h W a c X Y z Z n AA l m AB e g m c c AC AD h ab AE AF r ad AG AH AI AJ k g f o) ad q d y t AK q e x l b k e AL b m AM AN AO AP i)))))))))))
d (A (x (aa (t (t (ab (B (C (d (D (E (l z o f x g g q n t b s ad z k n b x w c j g q n t b s ad z k n b x w c j g q n t b s ad z k n b x w c j g q n t b s ad z k n b x w c j g q n t b s ad z k n b x w c j g q n t b s ad z k n b x w c j j h W a c X Y z Z n AA l m AB e g m c c AC AD h ab AE AF r ad AG AH AI AJ k g f o) ad q d y t AK q e x l b k e AL b m AM AN AO AP i)))))))))))
d (A (x (aa (t (t (ab (B (C (d (D (E (ab (d aa r a i c c g n) x g g q n t b s ad z k n b x w c j g q n t b s ad z k n b x w c j g q n t b s ad z k n b x w c j g q n t b s ad z k n b x w c j g q n t b s ad z k n b x w c j g q n t b s ad z k n b x w c j j h W a c X Y z Z n AA l m AB e g m c c AC AD h ab AE AF r ad AG AH AI AJ k g f o) ad q d y t AK q e x l b k e AL b m AM AN AO AP i)))))))))))
d (A (x (aa (t (t (ab (B (C (d (D (E (y z k n b x w c j g q n t b s ad z k n b x w c j g q n t b s ad z k n b x w c j g q n t b s ad z k n b x w c j g q n t b s ad z k n b x w c j g q n t b s ad z k n b x w c j g q n t b s ad z k n b x w c j j h W a c X Y z Z n AA l m AB e g m c c AC AD h ab AE AF r ad AG AH AI AJ k g f o) ad q d y t AK q e x l b k e AL b m AM AN AO AP i)))))))))))
d (A (x (aa (t (t (ab (B (C (d (D (E (l z o f x g g q n t b s ad z k n b x w c j g q n t b s ad z k n b x w c j g q n t b s ad z k n b x w c j g q n t b s ad z k n b x w c j g q n t b s ad z k n b x w c j g q n t b s ad z k n b x w c j g q n t b s ad z k n b x w c j j h W a c X Y z Z n AA l m AB e g m c c AC AD h ab AE AF r ad AG AH AI AJ k g f o) ad q d y t AK q e x l b k e AL b m AM AN AO AP i)))))))))))
d (A (x (aa (t (t (ab (B (C (d (D (E (ab (d aa r a i c c g n) x g g q n t b s ad z k n b x w c j g q n t b s ad z k n b x w c j g q n t b s ad z k n b x w c j g q n t b s ad z k n b x w c j g q n t b s ad z k n b x w c j g q n t b s ad z k n b x w c j g q n t b s ad z k n b x w c j j h W a c X Y z Z n AA l m AB e g m c c AC AD h ab AE AF r ad AG AH AI AJ k g f o) ad q d y t AK q e x l b k e AL b m AM AN AO AP i)))))))))))
d (A (x (aa (t (t (ab (B (C (d (D (E (y z k n b x w c j g q n t b s ad z k n b x w c j g q n t b s ad z k n b x w c j g q n t b s ad z k n b x w c j g q n t b s ad z k n b x w c j g q n t b s ad z k n b x w c j g q n t b s ad z k n b x w c j g q n t b s ad z k n b x w c j j h W a c X Y z Z n AA l m AB e g m c c AC AD h ab AE AF r ad AG AH AI AJ k g f o) ad q d y t AK q e x l b k e AL b m AM AN AO AP i)))))))))))
d (A (x (aa (t (t (ab (B (C (d (D (E (l z o f x g g q n t b s ad z k n b x w c j g q n t b s ad z k n b x w c j g q n t b s ad z k n b x w c j g q n t b s ad z k n b x w c j g q n t b s ad z k n b x w c j g q n t b s ad z k n b x w c j g q n t b s ad z k n b x w c j g q n t b s ad z k n b x w c j j h W a c X Y z Z n AA l m AB e g m c c AC AD h ab AE AF r ad AG AH AI AJ k g f o) ad q d y t AK q e x l b k e AL b m AM AN AO AP i)))))))))))
d (A (x (aa (t (t (ab (B (C (d (D (E (ab (d aa r a i c c g n) x g g q n t b s ad z k n b x w c j g q n t b s ad z k n b x w c j g q n t b s ad z k n b x w c j g q n t b s ad z k n b x w c j g q n t b s ad z k n b x w c j g q n t b s ad z k n b x w c j g q n t b s ad z k n b x w c j g q n t b s ad z k n b x w c j j h W a c X Y z Z n AA l m AB e g m c c AC AD h ab AE AF r ad AG AH AI AJ k g f o) ad q d y t AK q e x l b k e AL b m AM AN AO AP i)))))))))))
d (A (x (aa (t (t (ab (B (C (d (D (E (y z k n b x w c j g q n t b s ad z k n b x w c j g q n t b s ad z k n b x w c j g q n t b s ad z k n b x w c j g q n t b s ad z k n b x w c j g q n t b s ad z k n b x w c j g q n t b s ad z k n b x w c j g q n t b s ad z k n b x w c j g q n t b s ad z k n b x w c j j h W a c X Y z Z n AA l m AB e g m c c AC AD h ab AE AF r ad AG AH AI AJ k g f o) ad q d y t AK q e x l b k e AL b m AM AN AO AP i)))))))))))
d (A (x (aa (t (t (ab (B (C (d (D (E (l z o f x g g q n t b s ad z k n b x w c j g q n t b s ad z k n b x w c j g q n t b s ad z k n b x w c j g q n t b s ad z k n b x w c j g q n t b s ad z k n b x w c j g q n t b s ad z k n b x w c j g q n t b s ad z k n b x w c j g q n t b s ad z k n b x w c j g q n t b s ad z k n b x w c j j h W a c X Y z Z n AA l m AB e g m c c AC AD h ab AE AF r ad AG AH AI AJ k g f o) ad q d y t AK q e x l b k e AL b m AM AN AO AP i)))))))))))


