a u (ab (ac ad ad) l p h f u z)
b ae x s ab s m a x q x z k x z aa u ab
c ae af ae l k af f ac o ae p i
d af ae v ad x u ac f af n h g
e ah ae ag af ab (i (n s x) (d f) t i) ac g g ad w p
f ae v k g a ae
g ae ah ag af f t w ac p r n k z e y s v
h a (n i ab a ab g d p) y w
i ae af k u k ab l l
j ah ag ae af b i y p v u h z
k ae af y l e h e r
l w u ac v ad n q m r w
m ai ae af ag ah aa (o b ae x a ac) z ab aa ad
n ae af ah ag x (t (u i ac w y) s r af h ac z w ac ab)
o af aj ah ag ae ai n (x (c u t af v j aa c e z) q j u) l
p ae af m (f (v b g a s g o g i u) s b e v af)
q ae y ab (b h (b g) ac c t k ac ae l b b j r c)
r x m (k p b) b w d k w m ac b n a
s ag ae ah af i (ab x a) (p b h z) h a ad g l e w
t ah ae af ag ah (ag (f aa) c m f ab c ac z ae k f ac)
u ag ah ai ae af aj s (j f g e p w) f k y x g ac f a e p
v ae f (h (o ac) ad p a) i p
w ae af z (aa (j (k r) u ad i q n u d u g u s))
x ag ae af d s ac
y af ae ag g (p (l z ac t j n b))
z ae w t ae ae
aa ag af ae l v (t ae) v r g i y b p
ab ai ae af ah ag g (v a ad aa e m x)
ac af ai ah ae ag ai (q ab n p u c y p s ab k e s v g o)
ad ag aj af ae ai ah r c f k
main A (x (B (C (z (e (ad (t ac aa c) h c D E F y G H I n k h i k j J K w L M r s a j e w ab e k p N ab ac O n P i a p) ad Q R S aa o T j ab k j e i k x j b U V W ac s d q aa y X Y q a p Z AA AB t c AC AD f v AE n ad AF AG AH AI ab) z AJ))))
------------------------------------------------------------
A (x (B (C (z (e (ad (t ac aa c) h c D E F y G H I n k h i k j J K w L M r s a j e w ab e k p N ab ac O n P i a p) ad Q R S aa o T j ab k j e i k x j b U V W ac s d q aa y X Y q a p Z AA AB t c AC AD f v AE n ad AF AG AH AI ab) z AJ))))
A (x (B (C (w t (e (ad (t ac aa c) h c D E F y G H I n k h i k j J K w L M r s a j e w ab e k p N ab ac O n P i a p) ad Q R S aa o T j ab k j e i k x j b U V W ac s d q aa y X Y q a p Z AA AB t c AC AD f v AE n ad AF AG AH AI ab) (e (ad (t ac aa c) h c D E F y G H I n k h i k j J K w L M r s a j e w ab e k p N ab ac O n P i a p) ad Q R S aa o T j ab k j e i k x j b U V W ac s d q aa y X Y q a p Z AA AB t c AC AD f v AE n ad AF AG AH AI ab) z AJ))))
A (x (B (C (z (aa (j (k r) u ad i q n u d u g u s)) (e (ad (t ac aa c) h c D E F y G H I n k h i k j J K w L M r s a j e w ab e k p N ab ac O n P i a p) ad Q R S aa o T j ab k j e i k x j b U V W ac s d q aa y X Y q a p Z AA AB t c AC AD f v AE n ad AF AG AH AI ab) z AJ))))
A (x (B (C (w t (aa (j (k r) u ad i q n u d u g u s)) (aa (j (k r) u ad i q n u d u g u s)) (e (ad (t ac aa c) h c D E F y G H I n k h i k j J K w L M r s a j e w ab e k p N ab ac O n P i a p) ad Q R S aa o T j ab k j e i k x j b U V W ac s d q aa y X Y q a p Z AA AB t c AC AD f v AE n ad AF AG AH AI ab) z AJ))))
A (x (B (C (z (aa (j (k r) u ad i q n u d u g u s)) (aa (j (k r) u ad i q n u d u g u s)) (e (ad (t ac aa c) h c D E F y G H I n k h i k j J K w L M r s a j e w ab e k p N ab ac O n P i a p) ad Q R S aa o T j ab k j e i k x j b U V W ac s d q aa y X Y q a p Z AA AB t c AC AD f v AE n ad AF AG AH AI ab) z AJ))))
A (x (B (C (w t (aa (j (k r) u ad i q n u d u g u s)) (aa (j (k r) u ad i q n u d u g u s)) (aa (j (k r) u ad i q n u d u g u s)) (e (ad (t ac aa c) h c D E F y G H I n k h i k j J K w L M r s a j e w ab e k p N ab ac O n P i a p) ad Q R S aa o T j ab k j e i k x j b U V W ac s d q aa y X Y q a p Z AA AB t c AC AD f v AE n ad AF AG AH AI ab) z AJ))))
A (x (B (C (z (aa (j (k r) u ad i q n u d u g u s)) (aa (j (k r) u ad i q n u d u g u s)) (aa (j (k r) u ad i q n u d u g u s)) (e (ad (t ac aa c) h c D E F y G H I n k h i k j J K w L M r s a j e w ab e k p N ab ac O n P i a p) ad Q R S aa o T j ab k j e i k x j b U V W ac s d q aa y X Y q a p Z AA AB t c AC AD f v AE n ad AF AG AH AI ab) z AJ))))
A (x (B (C (w t (aa (j (k r) u ad i q n u d u g u s)) (aa (j (k r) u ad i q n u d u g u s)) (aa (j (k r) u ad i q n u d u g u s)) (aa (j (k r) u ad i q n u d u g u s)) (e (ad (t ac aa c) h c D E F y G H I n k h i k j J K w L M r s a j e w ab e k p N ab ac O n P i a p) ad Q R S aa o T j ab k j e i k x j b U V W ac s d q aa y X Y q a p Z AA AB t c AC AD f v AE n ad AF AG AH AI ab) z AJ))))
A (x (B (C (z (aa (j (k r) u ad i q n u d u g u s)) (aa (j (k r) u ad i q n u d u g u s)) (aa (j (k r) u ad i q n u d u g u s)) (aa (j (k r) u ad i q n u d u g u s)) (e (ad (t ac aa c) h c D E F y G H I n k h i k j J K w L M r s a j e w ab e k p N ab ac O n P i a p) ad Q R S aa o T j ab k j e i k x j b U V W ac s d q aa y X Y q a p Z AA AB t c AC AD f v AE n ad AF AG AH AI ab) z AJ))))
A (x (B (C (w t (aa (j (k r) u ad i q n u d u g u s)) (aa (j (k r) u ad i q n u d u g u s)) (aa (j (k r) u ad i q n u d u g u s)) (aa (j (k r) u ad i q n u d u g u s)) (aa (j (k r) u ad i q n u d u g u s)) (e (ad (t ac aa c) h c D E F y G H I n k h i k j J K w L M r s a j e w ab e k p N ab ac O n P i a p) ad Q R S aa o T j ab k j e i k x j b U V W ac s d q aa y X Y q a p Z AA AB t c AC AD f v AE n ad AF AG AH AI ab) z AJ))))
A (x (B (C (z (aa (j (k r) u ad i q n u d u g u s)) (aa (j (k r) u ad i q n u d u g u s)) (aa (j (k r) u ad i q n u d u g u s)) (aa (j (k r) u ad i q n u d u g u s)) (aa (j (k r) u ad i q n u d u g u s)) (e (ad (t ac aa c) h c D E F y G H I n k h i k j J K w L M r s a j e w ab e k p N ab ac O n P i a p) ad Q R S aa o T j ab k j e i k x j b U V W ac s d q aa y X Y q a p Z AA AB t c AC AD f v AE n ad AF AG AH AI ab) z AJ))))
A (x (B (C (w t (aa (j (k r) u ad i q n u d u g u s)) (aa (j (k r) u ad i q n u d u g u s)) (aa (j (k r) u ad i q n u d u g u s)) (aa (j (k r) u ad i q n u d u g u s)) (aa (j (k r) u ad i q n u d u g u s)) (aa (j (k r) u ad i q n u d u g u s)) (e (ad (t ac aa c) h c D E F y G H I n k h i k j J K w L M r s a j e w ab e k p N ab ac O n P i a p) ad Q R S aa o T j ab k j e i k x j b U V W ac s d q aa y X Y q a p Z AA AB t c AC AD f v AE n ad AF AG AH AI ab) z AJ))))
A (x (B (C (z (aa (j (k r) u ad i q n u d u g u s)) (aa (j (k r) u ad i q n u d u g u s)) (aa (j (k r) u ad i q n u d u g u s)) (aa (j (k r) u ad i q n u d u g u s)) (aa (j (k r) u ad i q n u d u g u s)) (aa (j (k r) u ad i q n u d u g u s)) (e (ad (t ac aa c) h c D E F y G H I n k h i k j J K w L M r s a j e w ab e k p N ab ac O n P i a p) ad Q R S aa o T j ab k j e i k x j b U V W ac s d q aa y X Y q a p Z AA AB t c AC AD f v AE n ad AF AG AH AI ab) z AJ))))
A (x (B (C (w t (aa (j (k r) u ad i q n u d u g u s)) (aa (j (k r) u ad i q n u d u g u s)) (aa (j (k r) u ad i q n u d u g u s)) (aa (j (k r) u ad i q n u d u g u s)) (aa (j (k r) u ad i q n u d u g u s)) (aa (j (k r) u ad i q n u d u g u s)) (aa (j (k r) u ad i q n u d u g u s)) (e (ad (t ac aa c) h c D E F y G H I n k h i k j J K w L M r s a j e w ab e k p N ab ac O n P i a p) ad Q R S aa o T j ab k j e i k x j b U V W ac s d q aa y X Y q a p Z AA AB t c AC AD f v AE n ad AF AG AH AI ab) z AJ))))
A (x (B (C (z (aa (j (k r) u ad i q n u d u g u s)) (aa (j (k r) u ad i q n u d u g u s)) (aa (j (k r) u ad i q n u d u g u s)) (aa (j (k r) u ad i q n u d u g u s)) (aa (j (k r) u ad i q n u d u g u s)) (aa (j (k r) u ad i q n u d u g u s)) (aa (j (k r) u ad i q n u d u g u s)) (e (ad (t ac aa c) h c D E F y G H I n k h i k j J K w L M r s a j e w ab e k p N ab ac O n P i a p) ad Q R S aa o T j ab k j e i k x j b U V W ac s d q aa y X Y q a p Z AA AB t c AC AD f v AE n ad AF AG AH AI ab) z AJ))))
A (x (B (C (w t (aa (j (k r) u ad i q n u d u g u s)) (aa (j (k r) u ad i q n u d u g u s)) (aa (j (k r) u ad i q n u d u g u s)) (aa (j (k r) u ad i q n u d u g u s)) (aa (j (k r) u ad i q n u d u g u s)) (aa (j (k r) u ad i q n u d u g u s)) (aa (j (k r) u ad i q n u d u g u s)) (aa (j (k r) u ad i q n u d u g u s)) (e (ad (t ac aa c) h c D E F y G H I n k h i k j J K w L M r s a j e w ab e k p N ab ac O n P i a p) ad Q R S aa o T j ab k j e i k x j b U V W ac s d q aa y X Y q a p Z AA AB t c AC AD f v AE n ad AF AG AH AI ab) z AJ))))
A (x (B (C (z (aa (j (k r) u ad i q n u d u g u s)) (aa (j (k r) u ad i q n u d u g u s)) (aa (j (k r) u ad i q n u d u g u s)) (aa (j (k r) u ad i q n u d u g u s)) (aa (j (k r) u ad i q n u d u g u s)) (aa (j (k r) u ad i q n u d u g u s)) (aa (j (k r) u ad i q n u d u g u s)) (aa (j (k r) u ad i q n u d u g u s)) (e (ad (t ac aa c) h c D E F y G H I n k h i k j J K w L M r s a j e w ab e k p N ab ac O n P i a p) ad Q R S aa o T j ab k j e i k x j b U V W ac s d q aa y X Y q a p Z AA AB t c AC AD f v AE n ad AF AG AH AI ab) z AJ))))
A (x (B (C (w t (aa (j (k r) u ad i q n u d u g u s)) (aa (j (k r) u ad i q n u d u g u s)) (aa (j (k r) u ad i q n u d u g u s)) (aa (j (k r) u ad i q n u d u g u s)) (aa (j (k r) u ad i q n u d u g u s)) (aa (j (k r) u ad i q n u d u g u s)) (aa (j (k r) u ad i q n u d u g u s)) (aa (j (k r) u ad i q n u d u g u s)) (aa (j (k r) u ad i q n u d u g u s)) (e (ad (t ac aa c) h c D E F y G H I n k h i k j J K w L M r s a j e w ab e k p N ab ac O n P i a p) ad Q R S aa o T j ab k j e i k x j b U V W ac s d q aa y X Y q a p Z AA AB t c AC AD f v AE n ad AF AG AH AI ab) z AJ))))
A (x (B (C (z (aa (j (k r) u ad i q n u d u g u s)) (aa (j (k r) u ad i q n u d u g u s)) (aa (j (k r) u ad i q n u d u g u s)) (aa (j (k r) u ad i q n u d u g u s)) (aa (j (k r) u ad i q n u d u g u s)) (aa (j (k r) u ad i q n u d u g u s)) (aa (j (k r) u ad i q n u d u g u s)) (aa (j (k r) u ad i q n u d u g u s)) (aa (j (k r) u ad i q n u d u g u s)) (e (ad (t ac aa c) h c D E F y G H I n k h i k j J K w L M r s a j e w ab e k p N ab ac O n P i a p) ad Q R S aa o T j ab k j e i k x j b U V W ac s d q aa y X Y q a p Z AA AB t c AC AD f v AE n ad AF AG AH AI ab) z AJ))))
A (x (B (C (w t (aa (j (k r) u ad i q n u d u g u s)) (aa (j (k r) u ad i q n u d u g u s)) (aa (j (k r) u ad i q n u d u g u s)) (aa (j (k r) u ad i q n u d u g u s)) (aa (j (k r) u ad i q n u d u g u s)) (aa (j (k r) u ad i q n u d u g u s)) (aa (j (k r) u ad i q n u d u g u s)) (aa (j (k r) u ad i q n u d u g u s)) (aa (j (k r) u ad i q n u d u g u s)) (aa (j (k r) u ad i q n u d u g u s)) (e (ad (t ac aa c) h c D E F y G H I n k h i k j J K w L M r s a j e w ab e k p N ab ac O n P i a p) ad Q R S aa o T j ab k j e i k x j b U V W ac s d q aa y X Y q a p Z AA AB t c AC AD f v AE n ad AF AG AH AI ab) z AJ))))
A (x (B (C (z (aa (j (k r) u ad i q n u d u g u s)) (aa (j (k r) u ad i q n u d u g u s)) (aa (j (k r) u ad i q n u d u g u s)) (aa (j (k r) u ad i q n u d u g u s)) (aa (j (k r) u ad i q n u d u g u s)) (aa (j (k r) u ad i q n u d u g u s)) (aa (j (k r) u ad i q n u d u g u s)) (aa (j (k r) u ad i q n u d u g u s)) (aa (j (k r) u ad i q n u d u g u s)) (aa (j (k r) u ad i q n u d u g u s)) (e (ad (t ac aa c) h c D E F y G H I n k h i k j J K w L M r s a j e w ab e k p N ab ac O n P i a p) ad Q R S aa o T j ab k j e i k x j b U V W ac s d q aa y X Y q a p Z AA AB t c AC AD f v AE n ad AF AG AH AI ab) z AJ))))
A (x (B (C (w t (aa (j (k r) u ad i q n u d u g u s)) (aa (j (k r) u ad i q n u d u g u s)) (aa (j (k r) u ad i q n u d u g u s)) (aa (j (k r) u ad i q n u d u g u s)) (aa (j (k r) u ad i q n u d u g u s)) (aa (j (k r) u ad i q n u d u g u s)) (aa (j (k r) u ad i q n u d u g u s)) (aa (j (k r) u ad i q n u d u g u s)) (aa (j (k r) u ad i q n u d u g u s)) (aa (j (k r) u ad i q n u d u g u s)) (aa (j (k r) u ad i q n u d u g u s)) (e (ad (t ac aa c) h c D E F y G H I n k h i k j J K w L M r s a j e w ab e k p N ab ac O n P i a p) ad Q R S aa o T j ab k j e i k x j b U V W ac s d q aa y X Y q a p Z AA AB t c AC AD f v AE n ad AF AG AH AI ab) z AJ))))
A (x (B (C (z (aa (j (k r) u ad i q n u d u g u s)) (aa (j (k r) u ad i q n u d u g u s)) (aa (j (k r) u ad i q n u d u g u s)) (aa (j (k r) u ad i q n u d u g u s)) (aa (j (k r) u ad i q n u d u g u s)) (aa (j (k r) u ad i q n u d u g u s)) (aa (j (k r) u ad i q n u d u g u s)) (aa (j (k r) u ad i q n u d u g u s)) (aa (j (k r) u ad i q n u d u g u s)) (aa (j (k r) u ad i q n u d u g u s)) (aa (j (k r) u ad i q n u d u g u s)) (e (ad (t ac aa c) h c D E F y G H I n k h i k j J K w L M r s a j e w ab e k p N ab ac O n P i a p) ad Q R S aa o T j ab k j e i k x j b U V W ac s d q aa y X Y q a p Z AA AB t c AC AD f v AE n ad AF AG AH AI ab) z AJ))))
A (x (B (C (w t (aa (j (k r) u ad i q n u d u g u s)) (aa (j (k r) u ad i q n u d u g u s)) (aa (j (k r) u ad i q n u d u g u s)) (aa (j (k r) u ad i q n u d u g u s)) (aa (j (k r) u ad i q n u d u g u s)) (aa (j (k r) u ad i q n u d u g u s)) (aa (j (k r) u ad i q n u d u g u s)) (aa (j (k r) u ad i q n u d u g u s)) (aa (j (k r) u ad i q n u d u g u s)) (aa (j (k r) u ad i q n u d u g u s)) (aa (j (k r) u ad i q n u d u g u s)) (aa (j (k r) u ad i q n u d u g u s)) (e (ad (t ac aa c) h c D E F y G H I n k h i k j J K w L M r s a j e w ab e k p N ab ac O n P i a p) ad Q R S aa o T j ab k j e i k x j b U V W ac s d q aa y X Y q a p Z AA AB t c AC AD f v AE n ad AF AG AH AI ab) z AJ))))
A (x (B (C (z (aa (j (k r) u ad i q n u d u g u s)) (aa (j (k r) u ad i q n u d u g u s)) (aa (j (k r) u ad i q n u d u g u s)) (aa (j (k r) u ad i q n u d u g u s)) (aa (j (k r) u ad i q n u d u g u s)) (aa (j (k r) u ad i q n u d u g u s)) (aa (j (k r) u ad i q n u d u g u s)) (aa (j (k r) u ad i q n u d u g u s)) (aa (j (k r) u ad i q n u d u g u s)) (aa (j (k r) u ad i q n u d u g u s)) (aa (j (k r) u ad i q n u d u g u s)) (aa (j (k r) u ad i q n u d u g u s)) (e (ad (t ac aa c) h c D E F y G H I n k h i k j J K w L M r s a j e w ab e k p N ab ac O n P i a p) ad Q R S aa o T j ab k j e i k x j b U V W ac s d q aa y X Y q a p Z AA AB t c AC AD f v AE n ad AF AG AH AI ab) z AJ))))
A (x (B (C (w t (aa (j (k r) u ad i q n u d u g u s)) (aa (j (k r) u ad i q n u d u g u s)) (aa (j (k r) u ad i q n u d u g u s)) (aa (j (k r) u ad i q n u d u g u s)) (aa (j (k r) u ad i q n u d u g u s)) (aa (j (k r) u ad i q n u d u g u s)) (aa (j (k r) u ad i q n u d u g u s)) (aa (j (k r) u ad i q n u d u g u s)) (aa (j (k r) u ad i q n u d u g u s)) (aa (j (k r) u ad i q n u d u g u s)) (aa (j (k r) u ad i q n u d u g u s)) (aa (j (k r) u ad i q n u d u g u s)) (aa (j (k r) u ad i q n u d u g u s)) (e (ad (t ac aa c) h c D E F y G H I n k h i k j J K w L M r s a j e w ab e k p N ab ac O n P i a p) ad Q R S aa o T j ab k j e i k x j b U V W ac s d q aa y X Y q a p Z AA AB t c AC AD f v AE n ad AF AG AH AI ab) z AJ))))
A (x (B (C (z (aa (j (k r) u ad i q n u d u g u s)) (aa (j (k r) u ad i q n u d u g u s)) (aa (j (k r) u ad i q n u d u g u s)) (aa (j (k r) u ad i q n u d u g u s)) (aa (j (k r) u ad i q n u d u g u s)) (aa (j (k r) u ad i q n u d u g u s)) (aa (j (k r) u ad i q n u d u g u s)) (aa (j (k r) u ad i q n u d u g u s)) (aa (j (k r) u ad i q n u d u g u s)) (aa (j (k r) u ad i q n u d u g u s)) (aa (j (k r) u ad i q n u d u g u s)) (aa (j (k r) u ad i q n u d u g u s)) (aa (j (k r) u ad i q n u d u g u s)) (e (ad (t ac aa c) h c D E F y G H I n k h i k j J K w L M r s a j e w ab e k p N ab ac O n P i a p) ad Q R S aa o T j ab k j e i k x j b U V W ac s d q aa y X Y q a p Z AA AB t c AC AD f v AE n ad AF AG AH AI ab) z AJ))))
A (x (B (C (w t (aa (j (k r) u ad i q n u d u g u s)) (aa (j (k r) u ad i q n u d u g u s)) (aa (j (k r) u ad i q n u d u g u s)) (aa (j (k r) u ad i q n u d u g u s)) (aa (j (k r) u ad i q n u d u g u s)) (aa (j (k r) u ad i q n u d u g u s)) (aa (j (k r) u ad i q n u d u g u s)) (aa (j (k r) u ad i q n u d u g u s)) (aa (j (k r) u ad i q n u d u g u s)) (aa (j (k r) u ad i q n u d u g u s)) (aa (j (k r) u ad i q n u d u g u s)) (aa (j (k r) u ad i q n u d u g u s)) (aa (j (k r) u ad i q n u d u g u s)) (aa (j (k r) u ad i q n u d u g u s)) (e (ad (t ac aa c) h c D E F y G H I n k h i k j J K w L M r s a j e w ab e k p N ab ac O n P i a p) ad Q R S aa o T j ab k j e i k x j b U V W ac s d q aa y X Y q a p Z AA AB t c AC AD f v AE n ad AF AG AH AI ab) z AJ))))
A (x (B (C (z (aa (j (k r) u ad i q n u d u g u s)) (aa (j (k r) u ad i q n u d u g u s)) (aa (j (k r) u ad i q n u d u g u s)) (aa (j (k r) u ad i q n u d u g u s)) (aa (j (k r) u ad i q n u d u g u s)) (aa (j (k r) u ad i q n u d u g u s)) (aa (j (k r) u ad i q n u d u g u s)) (aa (j (k r) u ad i q n u d u g u s)) (aa (j (k r) u ad i q n u d u g u s)) (aa (j (k r) u ad i q n u d u g u s)) (aa (j (k r) u ad i q n u d u g u s)) (aa (j (k r) u ad i q n u d u g u s)) (aa (j (k r) u ad i q n u d u g u s)) (aa (j (k r) u ad i q n u d u g u s)) (e (ad (t ac aa c) h c D E F y G H I n k h i k j J K w L M r s a j e w ab e k p N ab ac O n P i a p) ad Q R S aa o T j ab k j e i k x j b U V W ac s d q aa y X Y q a p Z AA AB t c AC AD f v AE n ad AF AG AH AI ab) z AJ))))
A (x (B (C (w t (aa (j (k r) u ad i q n u d u g u s)) (aa (j (k r) u ad i q n u d u g u s)) (aa (j (k r) u ad i q n u d u g u s)) (aa (j (k r) u ad i q n u d u g u s)) (aa (j (k r) u ad i q n u d u g u s)) (aa (j (k r) u ad i q n u d u g u s)) (aa (j (k r) u ad i q n u d u g u s)) (aa (j (k r) u ad i q n u d u g u s)) (aa (j (k r) u ad i q n u d u g u s)) (aa (j (k r) u ad i q n u d u g u s)) (aa (j (k r) u ad i q n u d u g u s)) (aa (j (k r) u ad i q n u d u g u s)) (aa (j (k r) u ad i q n u d u g u s)) (aa (j (k r) u ad i q n u d u g u s)) (aa (j (k r) u ad i q n u d u g u s)) (e (ad (t ac aa c) h c D E F y G H I n k h i k j J K w L M r s a j e w ab e k p N ab ac O n P i a p) ad Q R S aa o T j ab k j e i k x j b U V W ac s d q aa y X Y q a p Z AA AB t c AC AD f v AE n ad AF AG AH AI ab) z AJ))))


