a ae af = e m
b = k i n v k m f j d t o i f g s
c ah ag af ae = k g v n a d v q y n f i m ab
d = v z v a s p g o j ab m
e af ae ag = r g f i s b
f ae = u (ad (o r u g t t q n) j aa w b y z b)
g ae = ad (d m u ab ae z ad v) k r q l x s f
h af ae ag aj ah ai = n ac w y i i q f o f q a g
i = x (u t (c n) e d f z) aa y
j ae = e (w aa u) u
k ah ag ae ai af = q (l (h n t l a) e a p g)
l = e n c n x y g j m x r c ac
m ai ah ae ag af aj = x (d (o (e p) b f) b o ae p q ae h k aj l f)
n ae af = ac (j ae (k b l e))
o ae = d n (f l) x g w h c a j
p = u (x y aa f n ab ad) j ab ab i s f n u
q ah ag af ae = af (z (w w r s) b l o v w h w)
r ae af = z g ab v z t ab f u j ac q i l
s ae = d (l (o k k h j i) g x z j a d w)
t ai ag ah af ae = h (m x j i u c n ag r n p m b s m)
u af ae = o m l q d ae v w r t
v ae af = af (a (m (g aa o p l w z) t l z ac f z j))
w ae = o (g (v b aa t r y d q k ad ae v h) s aa a)
x aj ae ah ai ag af = w (l (f aa) m o b n)
y = ac h w u o n h r n z s ab ab g q v
z ae = x d c t y t y o ad ac n x l g r h p
aa = j (g (q s) ac) w
ab af ae = ac a s z x s x c s x l
ac ai af ah ag aj ae = z (v a g k q ab ab) n m ab
ad ag af ae = g (n n) h i x d q n i y j v m u
main = b (ac (A (m (B (C h f ab D E F G ab w H I c J K ac g v h ad j L M i g y ad r l N d O ac P s x ad Q R S r s) z q f x l T l a U t) x V l l W X n g Y Z AA s c w ad a w l AB AC l AD AE AF u d r AG v c s c e q AH f q g e AI i q j)))
------------------------------------------------------------
b (ac (A (m (B (C h f ab D E F G ab w H I c J K ac g v h ad j L M i g y ad r l N d O ac P s x ad Q R S r s) z q f x l T l a U t) x V l l W X n g Y Z AA s c w ad a w l AB AC l AD AE AF u d r AG v c s c e q AH f q g e AI i q j)))
k i n v k m f j d t o i f g s (ac (A (m (B (C h f ab D E F G ab w H I c J K ac g v h ad j L M i g y ad r l N d O ac P s x ad Q R S r s) z q f x l T l a U t) x V l l W X n g Y Z AA s c w ad a w l AB AC l AD AE AF u d r AG v c s c e q AH f q g e AI i q j)))
q (l (h n t l a) e a p g) f j d t o i f g s (ac (A (m (B (C h f ab D E F G ab w H I c J K ac g v h ad j L M i g y ad r l N d O ac P s x ad Q R S r s) z q f x l T l a U t) x V l l W X n g Y Z AA s c w ad a w l AB AC l AD AE AF u d r AG v c s c e q AH f q g e AI i q j)))
j (z (w w r s) b l o v w h w) t o i f g s (ac (A (m (B (C h f ab D E F G ab w H I c J K ac g v h ad j L M i g y ad r l N d O ac P s x ad Q R S r s) z q f x l T l a U t) x V l l W X n g Y Z AA s c w ad a w l AB AC l AD AE AF u d r AG v c s c e q AH f q g e AI i q j)))
e (w aa u) u t o i f g s (ac (A (m (B (C h f ab D E F G ab w H I c J K ac g v h ad j L M i g y ad r l N d O ac P s x ad Q R S r s) z q f x l T l a U t) x V l l W X n g Y Z AA s c w ad a w l AB AC l AD AE AF u d r AG v c s c e q AH f q g e AI i q j)))
r g f i s b o i f g s (ac (A (m (B (C h f ab D E F G ab w H I c J K ac g v h ad j L M i g y ad r l N d O ac P s x ad Q R S r s) z q f x l T l a U t) x V l l W X n g Y Z AA s c w ad a w l AB AC l AD AE AF u d r AG v c s c e q AH f q g e AI i q j)))
z g ab v z t ab f u j ac q i l i s b o i f g s (ac (A (m (B (C h f ab D E F G ab w H I c J K ac g v h ad j L M i g y ad r l N d O ac P s x ad Q R S r s) z q f x l T l a U t) x V l l W X n g Y Z AA s c w ad a w l AB AC l AD AE AF u d r AG v c s c e q AH f q g e AI i q j)))
x d c t y t y o ad ac n x l g r h p ab v z t ab f u j ac q i l i s b o i f g s (ac (A (m (B (C h f ab D E F G ab w H I c J K ac g v h ad j L M i g y ad r l N d O ac P s x ad Q R S r s) z q f x l T l a U t) x V l l W X n g Y Z AA s c w ad a w l AB AC l AD AE AF u d r AG v c s c e q AH f q g e AI i q j)))
w (l (f aa) m o b n) o ad ac n x l g r h p ab v z t ab f u j ac q i l i s b o i f g s (ac (A (m (B (C h f ab D E F G ab w H I c J K ac g v h ad j L M i g y ad r l N d O ac P s x ad Q R S r s) z q f x l T l a U t) x V l l W X n g Y Z AA s c w ad a w l AB AC l AD AE AF u d r AG v c s c e q AH f q g e AI i q j)))
o (g (v b aa t r y d q k ad (l (f aa) m o b n) v h) s aa a) o ad ac n x l g r h p ab v z t ab f u j ac q i l i s b o i f g s (ac (A (m (B (C h f ab D E F G ab w H I c J K ac g v h ad j L M i g y ad r l N d O ac P s x ad Q R S r s) z q f x l T l a U t) x V l l W X n g Y Z AA s c w ad a w l AB AC l AD AE AF u d r AG v c s c e q AH f q g e AI i q j)))
d n (f l) x g w h c a j o ad ac n x l g r h p ab v z t ab f u j ac q i l i s b o i f g s (ac (A (m (B (C h f ab D E F G ab w H I c J K ac g v h ad j L M i g y ad r l N d O ac P s x ad Q R S r s) z q f x l T l a U t) x V l l W X n g Y Z AA s c w ad a w l AB AC l AD AE AF u d r AG v c s c e q AH f q g e AI i q j)))
v z v a s p g o j ab m n (f l) x g w h c a j o ad ac n x l g r h p ab v z t ab f u j ac q i l i s b o i f g s (ac (A (m (B (C h f ab D E F G ab w H I c J K ac g v h ad j L M i g y ad r l N d O ac P s x ad Q R S r s) z q f x l T l a U t) x V l l W X n g Y Z AA s c w ad a w l AB AC l AD AE AF u d r AG v c s c e q AH f q g e AI i q j)))
v (a (m (g aa o p l w z) t l z ac f z j)) a s p g o j ab m n (f l) x g w h c a j o ad ac n x l g r h p ab v z t ab f u j ac q i l i s b o i f g s (ac (A (m (B (C h f ab D E F G ab w H I c J K ac g v h ad j L M i g y ad r l N d O ac P s x ad Q R S r s) z q f x l T l a U t) x V l l W X n g Y Z AA s c w ad a w l AB AC l AD AE AF u d r AG v c s c e q AH f q g e AI i q j)))
a (a (m (g aa o p l w z) t l z ac f z j)) s p g o j ab m n (f l) x g w h c a j o ad ac n x l g r h p ab v z t ab f u j ac q i l i s b o i f g s (ac (A (m (B (C h f ab D E F G ab w H I c J K ac g v h ad j L M i g y ad r l N d O ac P s x ad Q R S r s) z q f x l T l a U t) x V l l W X n g Y Z AA s c w ad a w l AB AC l AD AE AF u d r AG v c s c e q AH f q g e AI i q j)))
e m p g o j ab m n (f l) x g w h c a j o ad ac n x l g r h p ab v z t ab f u j ac q i l i s b o i f g s (ac (A (m (B (C h f ab D E F G ab w H I c J K ac g v h ad j L M i g y ad r l N d O ac P s x ad Q R S r s) z q f x l T l a U t) x V l l W X n g Y Z AA s c w ad a w l AB AC l AD AE AF u d r AG v c s c e q AH f q g e AI i q j)))
r g f i s b o j ab m n (f l) x g w h c a j o ad ac n x l g r h p ab v z t ab f u j ac q i l i s b o i f g s (ac (A (m (B (C h f ab D E F G ab w H I c J K ac g v h ad j L M i g y ad r l N d O ac P s x ad Q R S r s) z q f x l T l a U t) x V l l W X n g Y Z AA s c w ad a w l AB AC l AD AE AF u d r AG v c s c e q AH f q g e AI i q j)))
z g ab v z t ab f u j ac q i l i s b o j ab m n (f l) x g w h c a j o ad ac n x l g r h p ab v z t ab f u j ac q i l i s b o i f g s (ac (A (m (B (C h f ab D E F G ab w H I c J K ac g v h ad j L M i g y ad r l N d O ac P s x ad Q R S r s) z q f x l T l a U t) x V l l W X n g Y Z AA s c w ad a w l AB AC l AD AE AF u d r AG v c s c e q AH f q g e AI i q j)))
x d c t y t y o ad ac n x l g r h p ab v z t ab f u j ac q i l i s b o j ab m n (f l) x g w h c a j o ad ac n x l g r h p ab v z t ab f u j ac q i l i s b o i f g s (ac (A (m (B (C h f ab D E F G ab w H I c J K ac g v h ad j L M i g y ad r l N d O ac P s x ad Q R S r s) z q f x l T l a U t) x V l l W X n g Y Z AA s c w ad a w l AB AC l AD AE AF u d r AG v c s c e q AH f q g e AI i q j)))
w (l (f aa) m o b n) o ad ac n x l g r h p ab v z t ab f u j ac q i l i s b o j ab m n (f l) x g w h c a j o ad ac n x l g r h p ab v z t ab f u j ac q i l i s b o i f g s (ac (A (m (B (C h f ab D E F G ab w H I c J K ac g v h ad j L M i g y ad r l N d O ac P s x ad Q R S r s) z q f x l T l a U t) x V l l W X n g Y Z AA s c w ad a w l AB AC l AD AE AF u d r AG v c s c e q AH f q g e AI i q j)))
o (g (v b aa t r y d q k ad (l (f aa) m o b n) v h) s aa a) o ad ac n x l g r h p ab v z t ab f u j ac q i l i s b o j ab m n (f l) x g w h c a j o ad ac n x l g r h p ab v z t ab f u j ac q i l i s b o i f g s (ac (A (m (B (C h f ab D E F G ab w H I c J K ac g v h ad j L M i g y ad r l N d O ac P s x ad Q R S r s) z q f x l T l a U t) x V l l W X n g Y Z AA s c w ad a w l AB AC l AD AE AF u d r AG v c s c e q AH f q g e AI i q j)))
d n (f l) x g w h c a j o ad ac n x l g r h p ab v z t ab f u j ac q i l i s b o j ab m n (f l) x g w h c a j o ad ac n x l g r h p ab v z t ab f u j ac q i l i s b o i f g s (ac (A (m (B (C h f ab D E F G ab w H I c J K ac g v h ad j L M i g y ad r l N d O ac P s x ad Q R S r s) z q f x l T l a U t) x V l l W X n g Y Z AA s c w ad a w l AB AC l AD AE AF u d r AG v c s c e q AH f q g e AI i q j)))
v z v a s p g o j ab m n (f l) x g w h c a j o ad ac n x l g r h p ab v z t ab f u j ac q i l i s b o j ab m n (f l) x g w h c a j o ad ac n x l g r h p ab v z t ab f u j ac q i l i s b o i f g s (ac (A (m (B (C h f ab D E F G ab w H I c J K ac g v h ad j L M i g y ad r l N d O ac P s x ad Q R S r s) z q f x l T l a U t) x V l l W X n g Y Z AA s c w ad a w l AB AC l AD AE AF u d r AG v c s c e q AH f q g e AI i q j)))
v (a (m (g aa o p l w z) t l z ac f z j)) a s p g o j ab m n (f l) x g w h c a j o ad ac n x l g r h p ab v z t ab f u j ac q i l i s b o j ab m n (f l) x g w h c a j o ad ac n x l g r h p ab v z t ab f u j ac q i l i s b o i f g s (ac (A (m (B (C h f ab D E F G ab w H I c J K ac g v h ad j L M i g y ad r l N d O ac P s x ad Q R S r s) z q f x l T l a U t) x V l l W X n g Y Z AA s c w ad a w l AB AC l AD AE AF u d r AG v c s c e q AH f q g e AI i q j)))
a (a (m (g aa o p l w z) t l z ac f z j)) s p g o j ab m n (f l) x g w h c a j o ad ac n x l g r h p ab v z t ab f u j ac q i l i s b o j ab m n (f l) x g w h c a j o ad ac n x l g r h p ab v z t ab f u j ac q i l i s b o i f g s (ac (A (m (B (C h f ab D E F G ab w H I c J K ac g v h ad j L M i g y ad r l N d O ac P s x ad Q R S r s) z q f x l T l a U t) x V l l W X n g Y Z AA s c w ad a w l AB AC l AD AE AF u d r AG v c s c e q AH f q g e AI i q j)))
e m p g o j ab m n (f l) x g w h c a j o ad ac n x l g r h p ab v z t ab f u j ac q i l i s b o j ab m n (f l) x g w h c a j o ad ac n x l g r h p ab v z t ab f u j ac q i l i s b o i f g s (ac (A (m (B (C h f ab D E F G ab w H I c J K ac g v h ad j L M i g y ad r l N d O ac P s x ad Q R S r s) z q f x l T l a U t) x V l l W X n g Y Z AA s c w ad a w l AB AC l AD AE AF u d r AG v c s c e q AH f q g e AI i q j)))
r g f i s b o j ab m n (f l) x g w h c a j o ad ac n x l g r h p ab v z t ab f u j ac q i l i s b o j ab m n (f l) x g w h c a j o ad ac n x l g r h p ab v z t ab f u j ac q i l i s b o i f g s (ac (A (m (B (C h f ab D E F G ab w H I c J K ac g v h ad j L M i g y ad r l N d O ac P s x ad Q R S r s) z q f x l T l a U t) x V l l W X n g Y Z AA s c w ad a w l AB AC l AD AE AF u d r AG v c s c e q AH f q g e AI i q j)))
z g ab v z t ab f u j ac q i l i s b o j ab m n (f l) x g w h c a j o ad ac n x l g r h p ab v z t ab f u j ac q i l i s b o j ab m n (f l) x g w h c a j o ad ac n x l g r h p ab v z t ab f u j ac q i l i s b o i f g s (ac (A (m (B (C h f ab D E F G ab w H I c J K ac g v h ad j L M i g y ad r l N d O ac P s x ad Q R S r s) z q f x l T l a U t) x V l l W X n g Y Z AA s c w ad a w l AB AC l AD AE AF u d r AG v c s c e q AH f q g e AI i q j)))
x d c t y t y o ad ac n x l g r h p ab v z t ab f u j ac q i l i s b o j ab m n (f l) x g w h c a j o ad ac n x l g r h p ab v z t ab f u j ac q i l i s b o j ab m n (f l) x g w h c a j o ad ac n x l g r h p ab v z t ab f u j ac q i l i s b o i f g s (ac (A (m (B (C h f ab D E F G ab w H I c J K ac g v h ad j L M i g y ad r l N d O ac P s x ad Q R S r s) z q f x l T l a U t) x V l l W X n g Y Z AA s c w ad a w l AB AC l AD AE AF u d r AG v c s c e q AH f q g e AI i q j)))
w (l (f aa) m o b n) o ad ac n x l g r h p ab v z t ab f u j ac q i l i s b o j ab m n (f l) x g w h c a j o ad ac n x l g r h p ab v z t ab f u j ac q i l i s b o j ab m n (f l) x g w h c a j o ad ac n x l g r h p ab v z t ab f u j ac q i l i s b o i f g s (ac (A (m (B (C h f ab D E F G ab w H I c J K ac g v h ad j L M i g y ad r l N d O ac P s x ad Q R S r s) z q f x l T l a U t) x V l l W X n g Y Z AA s c w ad a w l AB AC l AD AE AF u d r AG v c s c e q AH f q g e AI i q j)))
o (g (v b aa t r y d q k ad (l (f aa) m o b n) v h) s aa a) o ad ac n x l g r h p ab v z t ab f u j ac q i l i s b o j ab m n (f l) x g w h c a j o ad ac n x l g r h p ab v z t ab f u j ac q i l i s b o j ab m n (f l) x g w h c a j o ad ac n x l g r h p ab v z t ab f u j ac q i l i s b o i f g s (ac (A (m (B (C h f ab D E F G ab w H I c J K ac g v h ad j L M i g y ad r l N d O ac P s x ad Q R S r s) z q f x l T l a U t) x V l l W X n g Y Z AA s c w ad a w l AB AC l AD AE AF u d r AG v c s c e q AH f q g e AI i q j)))


