a ae ag ai af ah r o o h
b af ae z ae o
c r (y f m) l h e ad d
d ai ah ae ag af l q j j v u j e q
e ag ae af ac ad
f af ah ae ag u
g ac o (l a m) o b h l w
h af ai ag aj ah ae q ah m
i af ae ab (m aa z (k ae) k)
j ae r
k ah af ag ae ai y aa z ag ae
l z y (m d)
m ae af ag n n h ae aa ac x o
n af ag ae w y r h ac
o ae y (g b d v v y)
p i k z y (e k ab) l b i
q ah ai af ag ae x i b ag b y af
r ae ae ae ae c n v
s ad k z i aa
t af aj ai ah ae ag aj
u ae ab i j a
v g (h t (a (g u)) c l ac z)
w ag ae af ag b
x af ae y
y ae p u
z ae af g (t ad a) af
aa ae y c s v c c
ab ae ai af ah ag b x
ac af ag ah ae ai k x
ad ae ae aa t z v u
main A s (B C D E h (F w G) h k j H I aa) J (s ad) b m m (K L (M (j (N (ad u O P) (Q (h (R (w ad (S T (U V ac W (a ab (X e (v ad l) (Y Z r ab (y r ab x p AA m (AB AC (AD v) i) (s f (AE AF ab m (AG j (AH k q AI n) e h) x m) m) g) d y u j AJ y q ab h) AK AL AM k r AN))) f)))))))))
------------------------------------------------------------
A s (B C D E h (F w G) h k j H I aa) J (s ad) b m m (K L (M (j (N (ad u O P) (Q (h (R (w ad (S T (U V ac W (a ab (X e (v ad l) (Y Z r ab (y r ab x p AA m (AB AC (AD v) i) (s f (AE AF ab m (AG j (AH k q AI n) e h) x m) m) g) d y u j AJ y q ab h) AK AL AM k r AN))) f)))))))))
A s (B C D E h (F w G) h k j H I aa) J (ad k z i aa ad) b m m (K L (M (j (N (ad u O P) (Q (h (R (w ad (S T (U V ac W (a ab (X e (v ad l) (Y Z r ab (y r ab x p AA m (AB AC (AD v) i) (s f (AE AF ab m (AG j (AH k q AI n) e h) x m) m) g) d y u j AJ y q ab h) AK AL AM k r AN))) f)))))))))
A s (B C D E h (F w G) h k j H I aa) J (k aa t z v u z i aa ad) b m m (K L (M (j (N (ad u O P) (Q (h (R (w ad (S T (U V ac W (a ab (X e (v ad l) (Y Z r ab (y r ab x p AA m (AB AC (AD v) i) (s f (AE AF ab m (AG j (AH k q AI n) e h) x m) m) g) d y u j AJ y q ab h) AK AL AM k r AN))) f)))))))))
A s (B C D E h (F w G) h k j H I aa) J (y aa z z v z i aa ad) b m m (K L (M (j (N (ad u O P) (Q (h (R (w ad (S T (U V ac W (a ab (X e (v ad l) (Y Z r ab (y r ab x p AA m (AB AC (AD v) i) (s f (AE AF ab m (AG j (AH k q AI n) e h) x m) m) g) d y u j AJ y q ab h) AK AL AM k r AN))) f)))))))))
A s (B C D E h (F w G) h k j H I aa) J (p u z z v z i aa ad) b m m (K L (M (j (N (ad u O P) (Q (h (R (w ad (S T (U V ac W (a ab (X e (v ad l) (Y Z r ab (y r ab x p AA m (AB AC (AD v) i) (s f (AE AF ab m (AG j (AH k q AI n) e h) x m) m) g) d y u j AJ y q ab h) AK AL AM k r AN))) f)))))))))
A s (B C D E h (F w G) h k j H I aa) J (i k z y (e k ab) l b i u z z v z i aa ad) b m m (K L (M (j (N (ad u O P) (Q (h (R (w ad (S T (U V ac W (a ab (X e (v ad l) (Y Z r ab (y r ab x p AA m (AB AC (AD v) i) (s f (AE AF ab m (AG j (AH k q AI n) e h) x m) m) g) d y u j AJ y q ab h) AK AL AM k r AN))) f)))))))))
A s (B C D E h (F w G) h k j H I aa) J (ab (m aa z (k z) k) y (e k ab) l b i u z z v z i aa ad) b m m (K L (M (j (N (ad u O P) (Q (h (R (w ad (S T (U V ac W (a ab (X e (v ad l) (Y Z r ab (y r ab x p AA m (AB AC (AD v) i) (s f (AE AF ab m (AG j (AH k q AI n) e h) x m) m) g) d y u j AJ y q ab h) AK AL AM k r AN))) f)))))))))
A s (B C D E h (F w G) h k j H I aa) J (b x i u z z v z i aa ad) b m m (K L (M (j (N (ad u O P) (Q (h (R (w ad (S T (U V ac W (a ab (X e (v ad l) (Y Z r ab (y r ab x p AA m (AB AC (AD v) i) (s f (AE AF ab m (AG j (AH k q AI n) e h) x m) m) g) d y u j AJ y q ab h) AK AL AM k r AN))) f)))))))))
A s (B C D E h (F w G) h k j H I aa) J (z i o u z z v z i aa ad) b m m (K L (M (j (N (ad u O P) (Q (h (R (w ad (S T (U V ac W (a ab (X e (v ad l) (Y Z r ab (y r ab x p AA m (AB AC (AD v) i) (s f (AE AF ab m (AG j (AH k q AI n) e h) x m) m) g) d y u j AJ y q ab h) AK AL AM k r AN))) f)))))))))
A s (B C D E h (F w G) h k j H I aa) J (g (t ad a) o u z z v z i aa ad) b m m (K L (M (j (N (ad u O P) (Q (h (R (w ad (S T (U V ac W (a ab (X e (v ad l) (Y Z r ab (y r ab x p AA m (AB AC (AD v) i) (s f (AE AF ab m (AG j (AH k q AI n) e h) x m) m) g) d y u j AJ y q ab h) AK AL AM k r AN))) f)))))))))
A s (B C D E h (F w G) h k j H I aa) J (ac o (l a m) o b h l w (t ad a) o u z z v z i aa ad) b m m (K L (M (j (N (ad u O P) (Q (h (R (w ad (S T (U V ac W (a ab (X e (v ad l) (Y Z r ab (y r ab x p AA m (AB AC (AD v) i) (s f (AE AF ab m (AG j (AH k q AI n) e h) x m) m) g) d y u j AJ y q ab h) AK AL AM k r AN))) f)))))))))
A s (B C D E h (F w G) h k j H I aa) J (k x l w (t ad a) o u z z v z i aa ad) b m m (K L (M (j (N (ad u O P) (Q (h (R (w ad (S T (U V ac W (a ab (X e (v ad l) (Y Z r ab (y r ab x p AA m (AB AC (AD v) i) (s f (AE AF ab m (AG j (AH k q AI n) e h) x m) m) g) d y u j AJ y q ab h) AK AL AM k r AN))) f)))))))))
A s (B C D E h (F w G) h k j H I aa) J (y aa z w (t ad a) u z z v z i aa ad) b m m (K L (M (j (N (ad u O P) (Q (h (R (w ad (S T (U V ac W (a ab (X e (v ad l) (Y Z r ab (y r ab x p AA m (AB AC (AD v) i) (s f (AE AF ab m (AG j (AH k q AI n) e h) x m) m) g) d y u j AJ y q ab h) AK AL AM k r AN))) f)))))))))
A s (B C D E h (F w G) h k j H I aa) J (p u z w (t ad a) u z z v z i aa ad) b m m (K L (M (j (N (ad u O P) (Q (h (R (w ad (S T (U V ac W (a ab (X e (v ad l) (Y Z r ab (y r ab x p AA m (AB AC (AD v) i) (s f (AE AF ab m (AG j (AH k q AI n) e h) x m) m) g) d y u j AJ y q ab h) AK AL AM k r AN))) f)))))))))
A s (B C D E h (F w G) h k j H I aa) J (i k z y (e k ab) l b i u z w (t ad a) u z z v z i aa ad) b m m (K L (M (j (N (ad u O P) (Q (h (R (w ad (S T (U V ac W (a ab (X e (v ad l) (Y Z r ab (y r ab x p AA m (AB AC (AD v) i) (s f (AE AF ab m (AG j (AH k q AI n) e h) x m) m) g) d y u j AJ y q ab h) AK AL AM k r AN))) f)))))))))
A s (B C D E h (F w G) h k j H I aa) J (ab (m aa z (k z) k) y (e k ab) l b i u z w (t ad a) u z z v z i aa ad) b m m (K L (M (j (N (ad u O P) (Q (h (R (w ad (S T (U V ac W (a ab (X e (v ad l) (Y Z r ab (y r ab x p AA m (AB AC (AD v) i) (s f (AE AF ab m (AG j (AH k q AI n) e h) x m) m) g) d y u j AJ y q ab h) AK AL AM k r AN))) f)))))))))
A s (B C D E h (F w G) h k j H I aa) J (b x i u z w (t ad a) u z z v z i aa ad) b m m (K L (M (j (N (ad u O P) (Q (h (R (w ad (S T (U V ac W (a ab (X e (v ad l) (Y Z r ab (y r ab x p AA m (AB AC (AD v) i) (s f (AE AF ab m (AG j (AH k q AI n) e h) x m) m) g) d y u j AJ y q ab h) AK AL AM k r AN))) f)))))))))
A s (B C D E h (F w G) h k j H I aa) J (z i o u z w (t ad a) u z z v z i aa ad) b m m (K L (M (j (N (ad u O P) (Q (h (R (w ad (S T (U V ac W (a ab (X e (v ad l) (Y Z r ab (y r ab x p AA m (AB AC (AD v) i) (s f (AE AF ab m (AG j (AH k q AI n) e h) x m) m) g) d y u j AJ y q ab h) AK AL AM k r AN))) f)))))))))
A s (B C D E h (F w G) h k j H I aa) J (g (t ad a) o u z w (t ad a) u z z v z i aa ad) b m m (K L (M (j (N (ad u O P) (Q (h (R (w ad (S T (U V ac W (a ab (X e (v ad l) (Y Z r ab (y r ab x p AA m (AB AC (AD v) i) (s f (AE AF ab m (AG j (AH k q AI n) e h) x m) m) g) d y u j AJ y q ab h) AK AL AM k r AN))) f)))))))))
A s (B C D E h (F w G) h k j H I aa) J (ac o (l a m) o b h l w (t ad a) o u z w (t ad a) u z z v z i aa ad) b m m (K L (M (j (N (ad u O P) (Q (h (R (w ad (S T (U V ac W (a ab (X e (v ad l) (Y Z r ab (y r ab x p AA m (AB AC (AD v) i) (s f (AE AF ab m (AG j (AH k q AI n) e h) x m) m) g) d y u j AJ y q ab h) AK AL AM k r AN))) f)))))))))
A s (B C D E h (F w G) h k j H I aa) J (k x l w (t ad a) o u z w (t ad a) u z z v z i aa ad) b m m (K L (M (j (N (ad u O P) (Q (h (R (w ad (S T (U V ac W (a ab (X e (v ad l) (Y Z r ab (y r ab x p AA m (AB AC (AD v) i) (s f (AE AF ab m (AG j (AH k q AI n) e h) x m) m) g) d y u j AJ y q ab h) AK AL AM k r AN))) f)))))))))
A s (B C D E h (F w G) h k j H I aa) J (y aa z w (t ad a) u z w (t ad a) u z z v z i aa ad) b m m (K L (M (j (N (ad u O P) (Q (h (R (w ad (S T (U V ac W (a ab (X e (v ad l) (Y Z r ab (y r ab x p AA m (AB AC (AD v) i) (s f (AE AF ab m (AG j (AH k q AI n) e h) x m) m) g) d y u j AJ y q ab h) AK AL AM k r AN))) f)))))))))
A s (B C D E h (F w G) h k j H I aa) J (p u z w (t ad a) u z w (t ad a) u z z v z i aa ad) b m m (K L (M (j (N (ad u O P) (Q (h (R (w ad (S T (U V ac W (a ab (X e (v ad l) (Y Z r ab (y r ab x p AA m (AB AC (AD v) i) (s f (AE AF ab m (AG j (AH k q AI n) e h) x m) m) g) d y u j AJ y q ab h) AK AL AM k r AN))) f)))))))))
A s (B C D E h (F w G) h k j H I aa) J (i k z y (e k ab) l b i u z w (t ad a) u z w (t ad a) u z z v z i aa ad) b m m (K L (M (j (N (ad u O P) (Q (h (R (w ad (S T (U V ac W (a ab (X e (v ad l) (Y Z r ab (y r ab x p AA m (AB AC (AD v) i) (s f (AE AF ab m (AG j (AH k q AI n) e h) x m) m) g) d y u j AJ y q ab h) AK AL AM k r AN))) f)))))))))
A s (B C D E h (F w G) h k j H I aa) J (ab (m aa z (k z) k) y (e k ab) l b i u z w (t ad a) u z w (t ad a) u z z v z i aa ad) b m m (K L (M (j (N (ad u O P) (Q (h (R (w ad (S T (U V ac W (a ab (X e (v ad l) (Y Z r ab (y r ab x p AA m (AB AC (AD v) i) (s f (AE AF ab m (AG j (AH k q AI n) e h) x m) m) g) d y u j AJ y q ab h) AK AL AM k r AN))) f)))))))))
A s (B C D E h (F w G) h k j H I aa) J (b x i u z w (t ad a) u z w (t ad a) u z z v z i aa ad) b m m (K L (M (j (N (ad u O P) (Q (h (R (w ad (S T (U V ac W (a ab (X e (v ad l) (Y Z r ab (y r ab x p AA m (AB AC (AD v) i) (s f (AE AF ab m (AG j (AH k q AI n) e h) x m) m) g) d y u j AJ y q ab h) AK AL AM k r AN))) f)))))))))
A s (B C D E h (F w G) h k j H I aa) J (z i o u z w (t ad a) u z w (t ad a) u z z v z i aa ad) b m m (K L (M (j (N (ad u O P) (Q (h (R (w ad (S T (U V ac W (a ab (X e (v ad l) (Y Z r ab (y r ab x p AA m (AB AC (AD v) i) (s f (AE AF ab m (AG j (AH k q AI n) e h) x m) m) g) d y u j AJ y q ab h) AK AL AM k r AN))) f)))))))))
A s (B C D E h (F w G) h k j H I aa) J (g (t ad a) o u z w (t ad a) u z w (t ad a) u z z v z i aa ad) b m m (K L (M (j (N (ad u O P) (Q (h (R (w ad (S T (U V ac W (a ab (X e (v ad l) (Y Z r ab (y r ab x p AA m (AB AC (AD v) i) (s f (AE AF ab m (AG j (AH k q AI n) e h) x m) m) g) d y u j AJ y q ab h) AK AL AM k r AN))) f)))))))))
A s (B C D E h (F w G) h k j H I aa) J (ac o (l a m) o b h l w (t ad a) o u z w (t ad a) u z w (t ad a) u z z v z i aa ad) b m m (K L (M (j (N (ad u O P) (Q (h (R (w ad (S T (U V ac W (a ab (X e (v ad l) (Y Z r ab (y r ab x p AA m (AB AC (AD v) i) (s f (AE AF ab m (AG j (AH k q AI n) e h) x m) m) g) d y u j AJ y q ab h) AK AL AM k r AN))) f)))))))))
A s (B C D E h (F w G) h k j H I aa) J (k x l w (t ad a) o u z w (t ad a) u z w (t ad a) u z z v z i aa ad) b m m (K L (M (j (N (ad u O P) (Q (h (R (w ad (S T (U V ac W (a ab (X e (v ad l) (Y Z r ab (y r ab x p AA m (AB AC (AD v) i) (s f (AE AF ab m (AG j (AH k q AI n) e h) x m) m) g) d y u j AJ y q ab h) AK AL AM k r AN))) f)))))))))


