a ae = p (x (x aa l m) h i g i f ae aa)
b aj ai af ah ae ag = k (e ab n v ab z h l j) p l j
c af ae = o (r k f r e q f t j b w ae j) ab v j
d ag aj ae ah af ai = z (af (aa (w i)) (p o m ad) aa x j o)
e = v (i (z (p (w h) f q b) x c f)) c ad
f ah ag ae aj ai af = p (i (t l g p s) ac w x l j h l k b j)
g ah ae ag af = z (o (q o x w af) f o j b z z j l) y
h = r m a r w w p v ab p m d r ad k
i ag ae af = n (j h s q p aa c r a) ad a s l v x o
j ag ae af = k m e n
k ah ag ae af = q (o j aa p u y o)
l ae = x (w (u (u b) ad c r n h))
m ae af ah ag = y ab ah ac d z s z
n ae af ah ag = p g e w x i
o ag af ae = f (r m l) e a f i (u p w aa) ac f f y h
p = k g ab w r c y j w b e x i w
q ae ag aj ah af ai = d s g a b g x u aa af b v o ab
r ag ah af ae = ad (m t j o p g e w n ah n) ag e
s ag ah ae af = y ae y g b aa p w z h
t af ag ae = e (c f m a w p a y ad r d e ab j n)
u af ag ae ah = ad (r c e l o z aa b x q g a t c) t
v = j (ad h z t z o l)
w = s (f k z p r) s
x ag ae af = d (af c ac v ab c l v o r o v n v q ac d)
y ae = e (i (z c k o) v g o i w) t h k q b z
z = d (r p e ac v ab x f l)
aa ag af aj ai ah ae = x j s k e c a y k l b q p v p z g
ab aj ah ae ai af ag = a z a q c ad v l a g f c d v
ac ah aj ai ag af ae = f (i j ab l n c o ad d) aa b w v
ad ae ah af ag = e k q h s t
main = ab (aa (aa (s (t (b (A ac (B (C (D (E (F e G H I l ac ac J g j f K L g M u N g O P j g w d q p p l f) Q R S T c o U V n n l z l n) W g ac X v Y Z AA AB AC AD AE m g j AF AG AH i s AI AJ AK AL j aa p AM a k AN AO k f f AP AQ ad AR AT AU p p AV)))))))))
------------------------------------------------------------
ab (aa (aa (s (t (b (A ac (B (C (D (E (F e G H I l ac ac J g j f K L g M u N g O P j g w d q p p l f) Q R S T c o U V n n l z l n) W g ac X v Y Z AA AB AC AD AE m g j AF AG AH i s AI AJ AK AL j aa p AM a k AN AO k f f AP AQ ad AR AT AU p p AV)))))))))
ab (aa (aa (s (t (b (A ac (B (C (D (E (F (v (i (z (p (w h) f q b) x c f)) c ad) G H I l ac ac J g j f K L g M u N g O P j g w d q p p l f) Q R S T c o U V n n l z l n) W g ac X v Y Z AA AB AC AD AE m g j AF AG AH i s AI AJ AK AL j aa p AM a k AN AO k f f AP AQ ad AR AT AU p p AV)))))))))
ab (aa (aa (s (t (b (A ac (B (C (D (E (F (j (ad h z t z o l) (i (z (p (w h) f q b) x c f)) c ad) G H I l ac ac J g j f K L g M u N g O P j g w d q p p l f) Q R S T c o U V n n l z l n) W g ac X v Y Z AA AB AC AD AE m g j AF AG AH i s AI AJ AK AL j aa p AM a k AN AO k f f AP AQ ad AR AT AU p p AV)))))))))
ab (aa (aa (s (t (b (A ac (B (C (D (E (F (k m e n ad) G H I l ac ac J g j f K L g M u N g O P j g w d q p p l f) Q R S T c o U V n n l z l n) W g ac X v Y Z AA AB AC AD AE m g j AF AG AH i s AI AJ AK AL j aa p AM a k AN AO k f f AP AQ ad AR AT AU p p AV)))))))))
ab (aa (aa (s (t (b (A ac (B (C (D (E (F (q (o j aa p u y o)) G H I l ac ac J g j f K L g M u N g O P j g w d q p p l f) Q R S T c o U V n n l z l n) W g ac X v Y Z AA AB AC AD AE m g j AF AG AH i s AI AJ AK AL j aa p AM a k AN AO k f f AP AQ ad AR AT AU p p AV)))))))))
ab (aa (aa (s (t (b (A ac (B (C (D (E (F (q (f (r m l) e a f i (u p w aa) ac f f y h u y o)) G H I l ac ac J g j f K L g M u N g O P j g w d q p p l f) Q R S T c o U V n n l z l n) W g ac X v Y Z AA AB AC AD AE m g j AF AG AH i s AI AJ AK AL j aa p AM a k AN AO k f f AP AQ ad AR AT AU p p AV)))))))))
ab (aa (aa (s (t (b (A ac (B (C (D (E (F (q (p (i (t l g p s) ac w x l j h l k b j) ac f f y h u y o)) G H I l ac ac J g j f K L g M u N g O P j g w d q p p l f) Q R S T c o U V n n l z l n) W g ac X v Y Z AA AB AC AD AE m g j AF AG AH i s AI AJ AK AL j aa p AM a k AN AO k f f AP AQ ad AR AT AU p p AV)))))))))
ab (aa (aa (s (t (b (A ac (B (C (D (E (F (q (k g ab w r c y j w b e x i w (i (t l g p s) ac w x l j h l k b j) ac f f y h u y o)) G H I l ac ac J g j f K L g M u N g O P j g w d q p p l f) Q R S T c o U V n n l z l n) W g ac X v Y Z AA AB AC AD AE m g j AF AG AH i s AI AJ AK AL j aa p AM a k AN AO k f f AP AQ ad AR AT AU p p AV)))))))))
ab (aa (aa (s (t (b (A ac (B (C (D (E (F (q (q (o j aa p u y o) c y j w b e x i w (i (t l g p s) ac w x l j h l k b j) ac f f y h u y o)) G H I l ac ac J g j f K L g M u N g O P j g w d q p p l f) Q R S T c o U V n n l z l n) W g ac X v Y Z AA AB AC AD AE m g j AF AG AH i s AI AJ AK AL j aa p AM a k AN AO k f f AP AQ ad AR AT AU p p AV)))))))))
ab (aa (aa (s (t (b (A ac (B (C (D (E (F (q (d s g a b g x u aa w b v o ab e x i w (i (t l g p s) ac w x l j h l k b j) ac f f y h u y o)) G H I l ac ac J g j f K L g M u N g O P j g w d q p p l f) Q R S T c o U V n n l z l n) W g ac X v Y Z AA AB AC AD AE m g j AF AG AH i s AI AJ AK AL j aa p AM a k AN AO k f f AP AQ ad AR AT AU p p AV)))))))))
ab (aa (aa (s (t (b (A ac (B (C (D (E (F (q (z (g (aa (w i)) (p o m ad) aa x j o) u aa w b v o ab e x i w (i (t l g p s) ac w x l j h l k b j) ac f f y h u y o)) G H I l ac ac J g j f K L g M u N g O P j g w d q p p l f) Q R S T c o U V n n l z l n) W g ac X v Y Z AA AB AC AD AE m g j AF AG AH i s AI AJ AK AL j aa p AM a k AN AO k f f AP AQ ad AR AT AU p p AV)))))))))
ab (aa (aa (s (t (b (A ac (B (C (D (E (F (q (d (r p e ac v ab x f l) (g (aa (w i)) (p o m ad) aa x j o) u aa w b v o ab e x i w (i (t l g p s) ac w x l j h l k b j) ac f f y h u y o)) G H I l ac ac J g j f K L g M u N g O P j g w d q p p l f) Q R S T c o U V n n l z l n) W g ac X v Y Z AA AB AC AD AE m g j AF AG AH i s AI AJ AK AL j aa p AM a k AN AO k f f AP AQ ad AR AT AU p p AV)))))))))
ab (aa (aa (s (t (b (A ac (B (C (D (E (F (q (z (w (aa (w i)) (p o m ad) aa x j o) v o ab e x i w (i (t l g p s) ac w x l j h l k b j) ac f f y h u y o)) G H I l ac ac J g j f K L g M u N g O P j g w d q p p l f) Q R S T c o U V n n l z l n) W g ac X v Y Z AA AB AC AD AE m g j AF AG AH i s AI AJ AK AL j aa p AM a k AN AO k f f AP AQ ad AR AT AU p p AV)))))))))
ab (aa (aa (s (t (b (A ac (B (C (D (E (F (q (d (r p e ac v ab x f l) (w (aa (w i)) (p o m ad) aa x j o) v o ab e x i w (i (t l g p s) ac w x l j h l k b j) ac f f y h u y o)) G H I l ac ac J g j f K L g M u N g O P j g w d q p p l f) Q R S T c o U V n n l z l n) W g ac X v Y Z AA AB AC AD AE m g j AF AG AH i s AI AJ AK AL j aa p AM a k AN AO k f f AP AQ ad AR AT AU p p AV)))))))))
ab (aa (aa (s (t (b (A ac (B (C (D (E (F (q (z (ab (aa (w i)) (p o m ad) aa x j o) x i w (i (t l g p s) ac w x l j h l k b j) ac f f y h u y o)) G H I l ac ac J g j f K L g M u N g O P j g w d q p p l f) Q R S T c o U V n n l z l n) W g ac X v Y Z AA AB AC AD AE m g j AF AG AH i s AI AJ AK AL j aa p AM a k AN AO k f f AP AQ ad AR AT AU p p AV)))))))))
ab (aa (aa (s (t (b (A ac (B (C (D (E (F (q (d (r p e ac v ab x f l) (ab (aa (w i)) (p o m ad) aa x j o) x i w (i (t l g p s) ac w x l j h l k b j) ac f f y h u y o)) G H I l ac ac J g j f K L g M u N g O P j g w d q p p l f) Q R S T c o U V n n l z l n) W g ac X v Y Z AA AB AC AD AE m g j AF AG AH i s AI AJ AK AL j aa p AM a k AN AO k f f AP AQ ad AR AT AU p p AV)))))))))
ab (aa (aa (s (t (b (A ac (B (C (D (E (F (q (z (w (aa (w i)) (p o m ad) aa x j o) ac f f y h u y o)) G H I l ac ac J g j f K L g M u N g O P j g w d q p p l f) Q R S T c o U V n n l z l n) W g ac X v Y Z AA AB AC AD AE m g j AF AG AH i s AI AJ AK AL j aa p AM a k AN AO k f f AP AQ ad AR AT AU p p AV)))))))))
ab (aa (aa (s (t (b (A ac (B (C (D (E (F (q (d (r p e ac v ab x f l) (w (aa (w i)) (p o m ad) aa x j o) ac f f y h u y o)) G H I l ac ac J g j f K L g M u N g O P j g w d q p p l f) Q R S T c o U V n n l z l n) W g ac X v Y Z AA AB AC AD AE m g j AF AG AH i s AI AJ AK AL j aa p AM a k AN AO k f f AP AQ ad AR AT AU p p AV)))))))))
ab (aa (aa (s (t (b (A ac (B (C (D (E (F (q (z (f (aa (w i)) (p o m ad) aa x j o) h u y o)) G H I l ac ac J g j f K L g M u N g O P j g w d q p p l f) Q R S T c o U V n n l z l n) W g ac X v Y Z AA AB AC AD AE m g j AF AG AH i s AI AJ AK AL j aa p AM a k AN AO k f f AP AQ ad AR AT AU p p AV)))))))))
ab (aa (aa (s (t (b (A ac (B (C (D (E (F (q (d (r p e ac v ab x f l) (f (aa (w i)) (p o m ad) aa x j o) h u y o)) G H I l ac ac J g j f K L g M u N g O P j g w d q p p l f) Q R S T c o U V n n l z l n) W g ac X v Y Z AA AB AC AD AE m g j AF AG AH i s AI AJ AK AL j aa p AM a k AN AO k f f AP AQ ad AR AT AU p p AV)))))))))
ab (aa (aa (s (t (b (A ac (B (C (D (E (F (q (z (y (aa (w i)) (p o m ad) aa x j o))) G H I l ac ac J g j f K L g M u N g O P j g w d q p p l f) Q R S T c o U V n n l z l n) W g ac X v Y Z AA AB AC AD AE m g j AF AG AH i s AI AJ AK AL j aa p AM a k AN AO k f f AP AQ ad AR AT AU p p AV)))))))))
ab (aa (aa (s (t (b (A ac (B (C (D (E (F (q (d (r p e ac v ab x f l) (y (aa (w i)) (p o m ad) aa x j o))) G H I l ac ac J g j f K L g M u N g O P j g w d q p p l f) Q R S T c o U V n n l z l n) W g ac X v Y Z AA AB AC AD AE m g j AF AG AH i s AI AJ AK AL j aa p AM a k AN AO k f f AP AQ ad AR AT AU p p AV)))))))))
ab (aa (aa (s (t (b (A ac (B (C (D (E (F (q (d (ad (m t j o p g e w n e n) p e ab x f l) (y (aa (w i)) (p o m ad) aa x j o))) G H I l ac ac J g j f K L g M u N g O P j g w d q p p l f) Q R S T c o U V n n l z l n) W g ac X v Y Z AA AB AC AD AE m g j AF AG AH i s AI AJ AK AL j aa p AM a k AN AO k f f AP AQ ad AR AT AU p p AV)))))))))
ab (aa (aa (s (t (b (A ac (B (C (D (E (F (q (d (e k q h s t x f l) (y (aa (w i)) (p o m ad) aa x j o))) G H I l ac ac J g j f K L g M u N g O P j g w d q p p l f) Q R S T c o U V n n l z l n) W g ac X v Y Z AA AB AC AD AE m g j AF AG AH i s AI AJ AK AL j aa p AM a k AN AO k f f AP AQ ad AR AT AU p p AV)))))))))
ab (aa (aa (s (t (b (A ac (B (C (D (E (F (q (d (v (i (z (p (w h) f q b) x c f)) c ad k q h s t x f l) (y (aa (w i)) (p o m ad) aa x j o))) G H I l ac ac J g j f K L g M u N g O P j g w d q p p l f) Q R S T c o U V n n l z l n) W g ac X v Y Z AA AB AC AD AE m g j AF AG AH i s AI AJ AK AL j aa p AM a k AN AO k f f AP AQ ad AR AT AU p p AV)))))))))
ab (aa (aa (s (t (b (A ac (B (C (D (E (F (q (d (j (ad h z t z o l) (i (z (p (w h) f q b) x c f)) c ad k q h s t x f l) (y (aa (w i)) (p o m ad) aa x j o))) G H I l ac ac J g j f K L g M u N g O P j g w d q p p l f) Q R S T c o U V n n l z l n) W g ac X v Y Z AA AB AC AD AE m g j AF AG AH i s AI AJ AK AL j aa p AM a k AN AO k f f AP AQ ad AR AT AU p p AV)))))))))
ab (aa (aa (s (t (b (A ac (B (C (D (E (F (q (d (k m e n ad k q h s t x f l) (y (aa (w i)) (p o m ad) aa x j o))) G H I l ac ac J g j f K L g M u N g O P j g w d q p p l f) Q R S T c o U V n n l z l n) W g ac X v Y Z AA AB AC AD AE m g j AF AG AH i s AI AJ AK AL j aa p AM a k AN AO k f f AP AQ ad AR AT AU p p AV)))))))))
ab (aa (aa (s (t (b (A ac (B (C (D (E (F (q (d (q (o j aa p u y o) k q h s t x f l) (y (aa (w i)) (p o m ad) aa x j o))) G H I l ac ac J g j f K L g M u N g O P j g w d q p p l f) Q R S T c o U V n n l z l n) W g ac X v Y Z AA AB AC AD AE m g j AF AG AH i s AI AJ AK AL j aa p AM a k AN AO k f f AP AQ ad AR AT AU p p AV)))))))))
ab (aa (aa (s (t (b (A ac (B (C (D (E (F (q (d (d s g a b g x u aa s b v o ab x f l) (y (aa (w i)) (p o m ad) aa x j o))) G H I l ac ac J g j f K L g M u N g O P j g w d q p p l f) Q R S T c o U V n n l z l n) W g ac X v Y Z AA AB AC AD AE m g j AF AG AH i s AI AJ AK AL j aa p AM a k AN AO k f f AP AQ ad AR AT AU p p AV)))))))))
ab (aa (aa (s (t (b (A ac (B (C (D (E (F (q (d (z (g (aa (w i)) (p o m ad) aa x j o) u aa s b v o ab x f l) (y (aa (w i)) (p o m ad) aa x j o))) G H I l ac ac J g j f K L g M u N g O P j g w d q p p l f) Q R S T c o U V n n l z l n) W g ac X v Y Z AA AB AC AD AE m g j AF AG AH i s AI AJ AK AL j aa p AM a k AN AO k f f AP AQ ad AR AT AU p p AV)))))))))


