a ah ae af ag = w
b = y s d (x j q (k f ab) q)
c ae aj ag ah ai af = ae
d ae = y c ae ac n ae e u x b
e af ag ai ae ah = ai g ai u p aa y y ag j
f ae af = ae
g ae = b c s
h = l
i ae af = ad
j ae af = z
k ah aj af ag ai ae = r
l ag af ae ai ah = n aa o j
m ae af ag = o w (s c z q)
n = q p e z t w
o ae = ae
p = a
q = w y ad ab j
r ae af ag = h
s ai ae aj ag ah af = q (ad ad) i q
t ah ag af ai ae = n (f f)
u aj ag ae ai ah af = ad m j
v = ac y m s g
w = l
x ah ag ae af = u p u ae ag b
y ae ah af ag = h
z af ai ae ag ah = k
aa af ag ah ae ai = f c ab (p u h) ad (ad ac)
ab ai af ah ag ae = aa af u v (j l)
ac ae ag af = aa (t l ag) f r f z k
ad = w
main = r c o (a s v (r v A)) B ad (r ac ac e n C) y j u q D e b E F m r (G (k ad j u (H I a v (J K L v M) N (O ac (P (t (y (Q r R S a t (T U g n (y V W (X n aa (Y Z (ac (a m c g (s q AA) v) m) AB v w (AC ac AD AE z r) ab l t q o p p) n i n i h) z k aa))))))))))
------------------------------------------------------------
r c o (a s v (r v A)) B ad (r ac ac e n C) y j u q D e b E F m r (G (k ad j u (H I a v (J K L v M) N (O ac (P (t (y (Q r R S a t (T U g n (y V W (X n aa (Y Z (ac (a m c g (s q AA) v) m) AB v w (AC ac AD AE z r) ab l t q o p p) n i n i h) z k aa))))))))))
h B ad (r ac ac e n C) y j u q D e b E F m r (G (k ad j u (H I a v (J K L v M) N (O ac (P (t (y (Q r R S a t (T U g n (y V W (X n aa (Y Z (ac (a m c g (s q AA) v) m) AB v w (AC ac AD AE z r) ab l t q o p p) n i n i h) z k aa))))))))))
l B ad (r ac ac e n C) y j u q D e b E F m r (G (k ad j u (H I a v (J K L v M) N (O ac (P (t (y (Q r R S a t (T U g n (y V W (X n aa (Y Z (ac (a m c g (s q AA) v) m) AB v w (AC ac AD AE z r) ab l t q o p p) n i n i h) z k aa))))))))))
n aa o j u q D e b E F m r (G (k ad j u (H I a v (J K L v M) N (O ac (P (t (y (Q r R S a t (T U g n (y V W (X n aa (Y Z (ac (a m c g (s q AA) v) m) AB v w (AC ac AD AE z r) ab l t q o p p) n i n i h) z k aa))))))))))
q p e z t w aa o j u q D e b E F m r (G (k ad j u (H I a v (J K L v M) N (O ac (P (t (y (Q r R S a t (T U g n (y V W (X n aa (Y Z (ac (a m c g (s q AA) v) m) AB v w (AC ac AD AE z r) ab l t q o p p) n i n i h) z k aa))))))))))
w y ad ab j p e z t w aa o j u q D e b E F m r (G (k ad j u (H I a v (J K L v M) N (O ac (P (t (y (Q r R S a t (T U g n (y V W (X n aa (Y Z (ac (a m c g (s q AA) v) m) AB v w (AC ac AD AE z r) ab l t q o p p) n i n i h) z k aa))))))))))
l y ad ab j p e z t w aa o j u q D e b E F m r (G (k ad j u (H I a v (J K L v M) N (O ac (P (t (y (Q r R S a t (T U g n (y V W (X n aa (Y Z (ac (a m c g (s q AA) v) m) AB v w (AC ac AD AE z r) ab l t q o p p) n i n i h) z k aa))))))))))
n aa o j e z t w aa o j u q D e b E F m r (G (k ad j u (H I a v (J K L v M) N (O ac (P (t (y (Q r R S a t (T U g n (y V W (X n aa (Y Z (ac (a m c g (s q AA) v) m) AB v w (AC ac AD AE z r) ab l t q o p p) n i n i h) z k aa))))))))))
q p e z t w aa o j e z t w aa o j u q D e b E F m r (G (k ad j u (H I a v (J K L v M) N (O ac (P (t (y (Q r R S a t (T U g n (y V W (X n aa (Y Z (ac (a m c g (s q AA) v) m) AB v w (AC ac AD AE z r) ab l t q o p p) n i n i h) z k aa))))))))))
w y ad ab j p e z t w aa o j e z t w aa o j u q D e b E F m r (G (k ad j u (H I a v (J K L v M) N (O ac (P (t (y (Q r R S a t (T U g n (y V W (X n aa (Y Z (ac (a m c g (s q AA) v) m) AB v w (AC ac AD AE z r) ab l t q o p p) n i n i h) z k aa))))))))))
l y ad ab j p e z t w aa o j e z t w aa o j u q D e b E F m r (G (k ad j u (H I a v (J K L v M) N (O ac (P (t (y (Q r R S a t (T U g n (y V W (X n aa (Y Z (ac (a m c g (s q AA) v) m) AB v w (AC ac AD AE z r) ab l t q o p p) n i n i h) z k aa))))))))))
n aa o j e z t w aa o j e z t w aa o j u q D e b E F m r (G (k ad j u (H I a v (J K L v M) N (O ac (P (t (y (Q r R S a t (T U g n (y V W (X n aa (Y Z (ac (a m c g (s q AA) v) m) AB v w (AC ac AD AE z r) ab l t q o p p) n i n i h) z k aa))))))))))
q p e z t w aa o j e z t w aa o j e z t w aa o j u q D e b E F m r (G (k ad j u (H I a v (J K L v M) N (O ac (P (t (y (Q r R S a t (T U g n (y V W (X n aa (Y Z (ac (a m c g (s q AA) v) m) AB v w (AC ac AD AE z r) ab l t q o p p) n i n i h) z k aa))))))))))
w y ad ab j p e z t w aa o j e z t w aa o j e z t w aa o j u q D e b E F m r (G (k ad j u (H I a v (J K L v M) N (O ac (P (t (y (Q r R S a t (T U g n (y V W (X n aa (Y Z (ac (a m c g (s q AA) v) m) AB v w (AC ac AD AE z r) ab l t q o p p) n i n i h) z k aa))))))))))
l y ad ab j p e z t w aa o j e z t w aa o j e z t w aa o j u q D e b E F m r (G (k ad j u (H I a v (J K L v M) N (O ac (P (t (y (Q r R S a t (T U g n (y V W (X n aa (Y Z (ac (a m c g (s q AA) v) m) AB v w (AC ac AD AE z r) ab l t q o p p) n i n i h) z k aa))))))))))
n aa o j e z t w aa o j e z t w aa o j e z t w aa o j u q D e b E F m r (G (k ad j u (H I a v (J K L v M) N (O ac (P (t (y (Q r R S a t (T U g n (y V W (X n aa (Y Z (ac (a m c g (s q AA) v) m) AB v w (AC ac AD AE z r) ab l t q o p p) n i n i h) z k aa))))))))))
q p e z t w aa o j e z t w aa o j e z t w aa o j e z t w aa o j u q D e b E F m r (G (k ad j u (H I a v (J K L v M) N (O ac (P (t (y (Q r R S a t (T U g n (y V W (X n aa (Y Z (ac (a m c g (s q AA) v) m) AB v w (AC ac AD AE z r) ab l t q o p p) n i n i h) z k aa))))))))))
w y ad ab j p e z t w aa o j e z t w aa o j e z t w aa o j e z t w aa o j u q D e b E F m r (G (k ad j u (H I a v (J K L v M) N (O ac (P (t (y (Q r R S a t (T U g n (y V W (X n aa (Y Z (ac (a m c g (s q AA) v) m) AB v w (AC ac AD AE z r) ab l t q o p p) n i n i h) z k aa))))))))))
l y ad ab j p e z t w aa o j e z t w aa o j e z t w aa o j e z t w aa o j u q D e b E F m r (G (k ad j u (H I a v (J K L v M) N (O ac (P (t (y (Q r R S a t (T U g n (y V W (X n aa (Y Z (ac (a m c g (s q AA) v) m) AB v w (AC ac AD AE z r) ab l t q o p p) n i n i h) z k aa))))))))))
n aa o j e z t w aa o j e z t w aa o j e z t w aa o j e z t w aa o j u q D e b E F m r (G (k ad j u (H I a v (J K L v M) N (O ac (P (t (y (Q r R S a t (T U g n (y V W (X n aa (Y Z (ac (a m c g (s q AA) v) m) AB v w (AC ac AD AE z r) ab l t q o p p) n i n i h) z k aa))))))))))
q p e z t w aa o j e z t w aa o j e z t w aa o j e z t w aa o j e z t w aa o j u q D e b E F m r (G (k ad j u (H I a v (J K L v M) N (O ac (P (t (y (Q r R S a t (T U g n (y V W (X n aa (Y Z (ac (a m c g (s q AA) v) m) AB v w (AC ac AD AE z r) ab l t q o p p) n i n i h) z k aa))))))))))
w y ad ab j p e z t w aa o j e z t w aa o j e z t w aa o j e z t w aa o j e z t w aa o j u q D e b E F m r (G (k ad j u (H I a v (J K L v M) N (O ac (P (t (y (Q r R S a t (T U g n (y V W (X n aa (Y Z (ac (a m c g (s q AA) v) m) AB v w (AC ac AD AE z r) ab l t q o p p) n i n i h) z k aa))))))))))
l y ad ab j p e z t w aa o j e z t w aa o j e z t w aa o j e z t w aa o j e z t w aa o j u q D e b E F m r (G (k ad j u (H I a v (J K L v M) N (O ac (P (t (y (Q r R S a t (T U g n (y V W (X n aa (Y Z (ac (a m c g (s q AA) v) m) AB v w (AC ac AD AE z r) ab l t q o p p) n i n i h) z k aa))))))))))
n aa o j e z t w aa o j e z t w aa o j e z t w aa o j e z t w aa o j e z t w aa o j u q D e b E F m r (G (k ad j u (H I a v (J K L v M) N (O ac (P (t (y (Q r R S a t (T U g n (y V W (X n aa (Y Z (ac (a m c g (s q AA) v) m) AB v w (AC ac AD AE z r) ab l t q o p p) n i n i h) z k aa))))))))))
q p e z t w aa o j e z t w aa o j e z t w aa o j e z t w aa o j e z t w aa o j e z t w aa o j u q D e b E F m r (G (k ad j u (H I a v (J K L v M) N (O ac (P (t (y (Q r R S a t (T U g n (y V W (X n aa (Y Z (ac (a m c g (s q AA) v) m) AB v w (AC ac AD AE z r) ab l t q o p p) n i n i h) z k aa))))))))))
w y ad ab j p e z t w aa o j e z t w aa o j e z t w aa o j e z t w aa o j e z t w aa o j e z t w aa o j u q D e b E F m r (G (k ad j u (H I a v (J K L v M) N (O ac (P (t (y (Q r R S a t (T U g n (y V W (X n aa (Y Z (ac (a m c g (s q AA) v) m) AB v w (AC ac AD AE z r) ab l t q o p p) n i n i h) z k aa))))))))))
l y ad ab j p e z t w aa o j e z t w aa o j e z t w aa o j e z t w aa o j e z t w aa o j e z t w aa o j u q D e b E F m r (G (k ad j u (H I a v (J K L v M) N (O ac (P (t (y (Q r R S a t (T U g n (y V W (X n aa (Y Z (ac (a m c g (s q AA) v) m) AB v w (AC ac AD AE z r) ab l t q o p p) n i n i h) z k aa))))))))))
n aa o j e z t w aa o j e z t w aa o j e z t w aa o j e z t w aa o j e z t w aa o j e z t w aa o j u q D e b E F m r (G (k ad j u (H I a v (J K L v M) N (O ac (P (t (y (Q r R S a t (T U g n (y V W (X n aa (Y Z (ac (a m c g (s q AA) v) m) AB v w (AC ac AD AE z r) ab l t q o p p) n i n i h) z k aa))))))))))
q p e z t w aa o j e z t w aa o j e z t w aa o j e z t w aa o j e z t w aa o j e z t w aa o j e z t w aa o j u q D e b E F m r (G (k ad j u (H I a v (J K L v M) N (O ac (P (t (y (Q r R S a t (T U g n (y V W (X n aa (Y Z (ac (a m c g (s q AA) v) m) AB v w (AC ac AD AE z r) ab l t q o p p) n i n i h) z k aa))))))))))
w y ad ab j p e z t w aa o j e z t w aa o j e z t w aa o j e z t w aa o j e z t w aa o j e z t w aa o j e z t w aa o j u q D e b E F m r (G (k ad j u (H I a v (J K L v M) N (O ac (P (t (y (Q r R S a t (T U g n (y V W (X n aa (Y Z (ac (a m c g (s q AA) v) m) AB v w (AC ac AD AE z r) ab l t q o p p) n i n i h) z k aa))))))))))


