a ai ah ag ae af z (m m y q d r r e z j ag g t x p)
b ae af t (ad r t v v h) z
c ag ah ae af i m ad l l ac j ad j e t y e
d ae ae (i (o (j w y f) l ad ab)) y z w
e ah ae af ag ai f (a (r d x g c ab)) q x r d y
f ai af ah ag aj ae i (n (e j j) m m n y v) m t c a x e c a
g ai ah af aj ae ag o w i q j y ad
h ah aj ag ae af ai g (ad (aa m k z j ab ac k ah ac q ac l))
i e ad w z v k ab w h
j af ae ah ag aj ai n (x o z ag s af e v x u s ai ac y)
k ah ai ag af ae aj g (z v h) r o ah
l af ag ah ae t (q t ah e b ab q q p)
m ag ah af ae u h ac ag f d ae b ah c g ab d ab q w
n af ag ae p r k b e f aa t
o ae af k (x u aa r p k g c) n m s t
p af ae ai ah ag g z ab h x e w ac n o x g w
q ag ah ae ai af b b (h w) t s c r c f w
r a c x g ad k i m
s af ae ag ac ag q t
t af ae ab ae j g i n w p x o g z y e e n i
u ag ae af d (l n) z q (b z) aa x af t r j ad t
v b (w (w (a ab n i w c l k g ad b ab ab z)))
w af ae i ad a n d z z i ab g ac aa m
x af ai ag ae ah y d a r r l ac
y ai af ah ae ag d (n p) ad ad c g o h
z ag ah ae af ad ab ab y
aa ae n (s (h v a a c d o e w v c) y x ad t ac)
ab af ah ag ae ai e z q t v n ac u j j s z b w w
ac ae y (c n) p l ad f
ad ae ac (x k) b ae
main r (j (A (f (w (aa (B (C (D E (y (h g ac F G H aa h g c y a n) d z) I J K a L M m N i m l a o O p P Q R y S T U V W y n X p Y d p) e o u) k n) aa Z ab t p) x p j a) ab t ad b AA AB AC AD AE r z ad u f AF AG u l) AH AI AJ h AK AL AM n x a y))
------------------------------------------------------------
r (j (A (f (w (aa (B (C (D E (y (h g ac F G H aa h g c y a n) d z) I J K a L M m N i m l a o O p P Q R y S T U V W y n X p Y d p) e o u) k n) aa Z ab t p) x p j a) ab t ad b AA AB AC AD AE r z ad u f AF AG u l) AH AI AJ h AK AL AM n x a y))
a c x g ad k i m (j (A (f (w (aa (B (C (D E (y (h g ac F G H aa h g c y a n) d z) I J K a L M m N i m l a o O p P Q R y S T U V W y n X p Y d p) e o u) k n) aa Z ab t p) x p j a) ab t ad b AA AB AC AD AE r z ad u f AF AG u l) AH AI AJ h AK AL AM n x a y))
z (m m y q d r r e z j g g t x p) i m (j (A (f (w (aa (B (C (D E (y (h g ac F G H aa h g c y a n) d z) I J K a L M m N i m l a o O p P Q R y S T U V W y n X p Y d p) e o u) k n) aa Z ab t p) x p j a) ab t ad b AA AB AC AD AE r z ad u f AF AG u l) AH AI AJ h AK AL AM n x a y))
ad ab ab y
ac (x k) b ab ab y
y (c n) p l ad f b ab ab y
d (n p) ad ad c g o h b ab ab y
n p (i (o (j w y f) l ad ab)) y z w ad ad c g o h b ab ab y
p r k b e f aa t z w ad ad c g o h b ab ab y
g z ab h x e w ac n o x g w aa t z w ad ad c g o h b ab ab y
o w i q j y ad ac n o x g w aa t z w ad ad c g o h b ab ab y
k (x u aa r p k g c) n m s t q j y ad ac n o x g w aa t z w ad ad c g o h b ab ab y
g (z v h) r o (x u aa r p k g c) j y ad ac n o x g w aa t z w ad ad c g o h b ab ab y
o w i q j y ad ad ac n o x g w aa t z w ad ad c g o h b ab ab y
k (x u aa r p k g c) n m s t q j y ad ad ac n o x g w aa t z w ad ad c g o h b ab ab y
g (z v h) r o (x u aa r p k g c) j y ad ad ac n o x g w aa t z w ad ad c g o h b ab ab y
o w i q j y ad ad ad ac n o x g w aa t z w ad ad c g o h b ab ab y
k (x u aa r p k g c) n m s t q j y ad ad ad ac n o x g w aa t z w ad ad c g o h b ab ab y
g (z v h) r o (x u aa r p k g c) j y ad ad ad ac n o x g w aa t z w ad ad c g o h b ab ab y
o w i q j y ad ad ad ad ac n o x g w aa t z w ad ad c g o h b ab ab y
k (x u aa r p k g c) n m s t q j y ad ad ad ad ac n o x g w aa t z w ad ad c g o h b ab ab y
g (z v h) r o (x u aa r p k g c) j y ad ad ad ad ac n o x g w aa t z w ad ad c g o h b ab ab y
o w i q j y ad ad ad ad ad ac n o x g w aa t z w ad ad c g o h b ab ab y
k (x u aa r p k g c) n m s t q j y ad ad ad ad ad ac n o x g w aa t z w ad ad c g o h b ab ab y
g (z v h) r o (x u aa r p k g c) j y ad ad ad ad ad ac n o x g w aa t z w ad ad c g o h b ab ab y
o w i q j y ad ad ad ad ad ad ac n o x g w aa t z w ad ad c g o h b ab ab y
k (x u aa r p k g c) n m s t q j y ad ad ad ad ad ad ac n o x g w aa t z w ad ad c g o h b ab ab y
g (z v h) r o (x u aa r p k g c) j y ad ad ad ad ad ad ac n o x g w aa t z w ad ad c g o h b ab ab y
o w i q j y ad ad ad ad ad ad ad ac n o x g w aa t z w ad ad c g o h b ab ab y
k (x u aa r p k g c) n m s t q j y ad ad ad ad ad ad ad ac n o x g w aa t z w ad ad c g o h b ab ab y


