a ae = f (y v k b) w h
b af ah ag ai ae aj = a v r ab m x m p a y
c ai ah af ae ag = k q w i g ab u o ac r j o j n y f g
d ae = o (ab m r z p o l s) e v r k ad p n c
e ai ae af ag aj ah = g (d (ad x) o s t s w x v f f x)
f ag ah af ae = g s s (ad ac) l c
g ae af = e d (aa b x x b u j k i a h ac l) ac y
h af ae ah ai ag = i (z (p (m c k) d) z p s u ae x) u
i ae af ag aj ai ah = n (c t g h w v w aa u l r o f) aj b ab
j af aj ai ag ae ah = o (v k f) v u e ac v r ai
k ag af ah ae = z v u o d d m ad af g r x t o l ac v l
l af ae ag = y (w (e c ag b ac ab ad x ab ab w))
m ag af ai ah ae = q ad c j a
n = v (i (j u q s i q ac v l))
o = h (j u ac a d g) r k t n x w g
p ae af ag = d (s o j w af aa a y ac v f f u) y u h
q ah ai aj af ae ag = j (v u w y a x aa a ac)
r = o y p w ad z u f z
s ai ah aj ag ae af = ah (a (z p v q h r k g n v i g i ai t m))
t ae af = g (u e ac h) d aa k ac i af q af x z
u af ae = s (b ae h x q) d c ab aa b
v ae ag af = p (n (p t z j) h l n ab m)
w ae = o (k n h ad x v) b b t j ab r q q c m a
x ae af = s l n u g t y ad u f ab k
y ae = s ae
z ag ae ah ai af = l (c v ac g ac af) a b x p g
aa ae af = h (u (q n ac o a q a j) p ab q d y t w w)
ab ae af ag = ae (v (s n g v ac g t) b c)
ac ae = z e (k f) b ad d aa g d s w t j
ad ae af ah ai ag = r ab t j x i j w g z w
main = a (A (ab (B (l (C (a (w (q (D (E (F (q (a (t o v) y y k p h e r G i) u c k aa v f H I n k x J p ad) d k z K f j) e L l p M N w n l O y) P Q R s S T a j U V W X Y q m k t y Z a d i d AA AB i j AC AD AE h AF AG AH u a z AI b j k m AJ)))))))))
------------------------------------------------------------
a (A (ab (B (l (C (a (w (q (D (E (F (q (a (t o v) y y k p h e r G i) u c k aa v f H I n k x J p ad) d k z K f j) e L l p M N w n l O y) P Q R s S T a j U V W X Y q m k t y Z a d i d AA AB i j AC AD AE h AF AG AH u a z AI b j k m AJ)))))))))
f (y v k b) w h
f (s v k b) w h


