a af ae ag ad c (b i g d s z) ab c c ac f
b af ag ae n (e (ag y q f x s) k n q n o x)
c ae ag aj ai ah af g s y j a j o z z t m
d ae r f n c l v h ad h c p z l ac ab h m
e ae af ac (o (v ad q u i) ae ae j c p r u c ac)
f aj ai ah af ae ag x (ag k s y)
g ag ae af ah o (e m c w p ae k p) f
h ae ae y d b ae k t
i ah ai af ag ae o ab
j ae y (ab q n k ac o ac i h x o p u i l u)
k ae ah af ag y (s (e ag) ad x c f u aa s b d ac) x f af
l q v d c j aa p t r w t k
m ai ae af ag ah i (c q aa p p ac e s e af a g)
n f q h y c w w
o ae t (v k ac x h h t v t ab r n w i v j q)
p af ah ag ae aa q a q x
q ag af ah ai ae m ae
r ae ag af t l i g o
s af ae b (b k t d) b (b aa) n k z
t ae w (j b ab m ac ab a i e y c l z e)
u ae ae g aa w y i
v ae af j (ae ab w b j p x o g ad o n f z d)
w a (n (m u ad a t o o z t p u c g ad l h))
x ae c h
y ae af p (m o af ab w u o ab t ad l h s s b k u)
z ae a v t e ac t aa
aa ag ah af ae x f k c u h f ag p n c ac z n u ab
ab j (k (k h p l t b f ac))
ac af ag ae q (h (l (g d (r o)) k) aa u r) w
ad ag ae af v g ac t b s f n ac af d r l a aa o p
main z (k (A (t (B (C (D (k (aa E k v r h j f o F l f ab g h c q G H I J K x L q n t y ab z M o) N c f O n P e Q R S T t e U V m k ab x h aa W k ab ab ab aa s c X p Y j k l ab ab l aa x z k c b Z AA AB i f n c e v ac k AC a AD aa AE)))))))
------------------------------------------------------------
z (k (A (t (B (C (D (k (aa E k v r h j f o F l f ab g h c q G H I J K x L q n t y ab z M o) N c f O n P e Q R S T t e U V m k ab x h aa W k ab ab ab aa s c X p Y j k l ab ab l aa x z k c b Z AA AB i f n c e v ac k AC a AD aa AE)))))))
a v t e ac t aa
ad c (b i g d s z) ab c c ac f ac t aa
v g ac t b s f n ac ab d r l a aa o p c c ac f ac t aa
j (g ab w b j p x o g ad o n f z d) t b s f n ac ab d r l a aa o p c c ac f ac t aa
y (ab q n k ac o ac i h x o p u i l u) t b s f n ac ab d r l a aa o p c c ac f ac t aa
p (m o t ab w u o ab t ad l h s s b k u) b s f n ac ab d r l a aa o p c c ac f ac t aa
aa q a q x n ac ab d r l a aa o p c c ac f ac t aa
x f k c u h f q p n c ac z n u ab n ac ab d r l a aa o p c c ac f ac t aa
c h k c u h f q p n c ac z n u ab n ac ab d r l a aa o p c c ac f ac t aa
g s y j a j o z z t m q p n c ac z n u ab n ac ab d r l a aa o p c c ac f ac t aa
o (e m c w p y k p) f j o z z t m q p n c ac z n u ab n ac ab d r l a aa o p c c ac f ac t aa
t (v k ac x h h t v t ab r n w i v j q) f j o z z t m q p n c ac z n u ab n ac ab d r l a aa o p c c ac f ac t aa
w (j b ab m ac ab a i e y c l z e) f j o z z t m q p n c ac z n u ab n ac ab d r l a aa o p c c ac f ac t aa
a (n (m u ad a t o o z t p u c g ad l h)) (j b ab m ac ab a i e y c l z e) f j o z z t m q p n c ac z n u ab n ac ab d r l a aa o p c c ac f ac t aa
ad c (b i g d s z) ab c c ac f j o z z t m q p n c ac z n u ab n ac ab d r l a aa o p c c ac f ac t aa
v g ac t b s f n ac ab d r l a aa o p c c ac f j o z z t m q p n c ac z n u ab n ac ab d r l a aa o p c c ac f ac t aa
j (g ab w b j p x o g ad o n f z d) t b s f n ac ab d r l a aa o p c c ac f j o z z t m q p n c ac z n u ab n ac ab d r l a aa o p c c ac f ac t aa
y (ab q n k ac o ac i h x o p u i l u) t b s f n ac ab d r l a aa o p c c ac f j o z z t m q p n c ac z n u ab n ac ab d r l a aa o p c c ac f ac t aa
p (m o t ab w u o ab t ad l h s s b k u) b s f n ac ab d r l a aa o p c c ac f j o z z t m q p n c ac z n u ab n ac ab d r l a aa o p c c ac f ac t aa
aa q a q x n ac ab d r l a aa o p c c ac f j o z z t m q p n c ac z n u ab n ac ab d r l a aa o p c c ac f ac t aa
x f k c u h f q p n c ac z n u ab n ac ab d r l a aa o p c c ac f j o z z t m q p n c ac z n u ab n ac ab d r l a aa o p c c ac f ac t aa
c h k c u h f q p n c ac z n u ab n ac ab d r l a aa o p c c ac f j o z z t m q p n c ac z n u ab n ac ab d r l a aa o p c c ac f ac t aa
g s y j a j o z z t m q p n c ac z n u ab n ac ab d r l a aa o p c c ac f j o z z t m q p n c ac z n u ab n ac ab d r l a aa o p c c ac f ac t aa
o (e m c w p y k p) f j o z z t m q p n c ac z n u ab n ac ab d r l a aa o p c c ac f j o z z t m q p n c ac z n u ab n ac ab d r l a aa o p c c ac f ac t aa
t (v k ac x h h t v t ab r n w i v j q) f j o z z t m q p n c ac z n u ab n ac ab d r l a aa o p c c ac f j o z z t m q p n c ac z n u ab n ac ab d r l a aa o p c c ac f ac t aa
w (j b ab m ac ab a i e y c l z e) f j o z z t m q p n c ac z n u ab n ac ab d r l a aa o p c c ac f j o z z t m q p n c ac z n u ab n ac ab d r l a aa o p c c ac f ac t aa
a (n (m u ad a t o o z t p u c g ad l h)) (j b ab m ac ab a i e y c l z e) f j o z z t m q p n c ac z n u ab n ac ab d r l a aa o p c c ac f j o z z t m q p n c ac z n u ab n ac ab d r l a aa o p c c ac f ac t aa
ad c (b i g d s z) ab c c ac f j o z z t m q p n c ac z n u ab n ac ab d r l a aa o p c c ac f j o z z t m q p n c ac z n u ab n ac ab d r l a aa o p c c ac f ac t aa
v g ac t b s f n ac ab d r l a aa o p c c ac f j o z z t m q p n c ac z n u ab n ac ab d r l a aa o p c c ac f j o z z t m q p n c ac z n u ab n ac ab d r l a aa o p c c ac f ac t aa


