a af ae = q (p d d y i) e x af b w f h ac l
b ae ag af = aa (u (q z a) e y j o n w)
c ae = s d k ae l f f v b n ac z
d ae ag ai ah aj af = y (s (n z i af) m m l k s t j s i c) y j
e = a w u b o w j y ad q t t ad v n r ac r
f ag af ae ah ai = n (y ab a s z k ae u r d p u b ag) j
g ae = p d o m t ae ac x q
h ae = t (ad k j b a o ab) c m ac
i ae ag ai aj ah af = r (k p g w f) ah v v x p
j ae = r (r s q a h s w r) ae ac r z k w
k = j a f j n
l = p (g (o (ad n w aa x a r x z r) r z aa a y))
m ae = q (ad ab ae h ab r r p q h ae)
n ai ae ah ag af = g (c c t g) o ad e y ac b d z u
o ae ah ag af = ab (y (y ag l c e f) u g d s b)
p af ai aj ag ah ae = f (c (z c f b ac ah t k s d i))
q ae = ab m j ab i aa s b e
r ae af ag = w n w s k n i t s e ag m f
s ae af ag = m (n r q l u ae o h)
t ae ah af ag = n (l f c) w g k aa e ac ab
u ah ag ae af = w (q (ah (x ab w aa l p ae n ag p)))
v = z k r i
w = d z t ac l e ab i q i x j l j y
x = m (k (u u a b j g s d f r v z))
y ah af ae ai ag = z (ac (f aa aa j af a u q q) j ab a aa ac ae h)
z ai ae af ag ah aj = ae k k i ac o w n r ad q
aa aj ag ah ai ae af = c (e u k o o e b x t ah k a v ab v)
ab af ae = m q o l e r x f
ac ai ah ae af ag aj = m (ab ai u o ad i aa n w j n ae g ag d h a)
ad ae af ag ah = h (n (o r x r q w g f q) l c g l h p)
main = u (e (p (x (i (A s (B (C (r (x (D (y (x t E F G d H y q I J y z u a u p K n L aa c z y)) M N O c) m ad g w P a r Q R S T U l V x l s p q v e W X Y a aa j Z AA k c n AB e) v a j ab o t AC AD AE AF AG n y l c j n t k v) i x t AH b)))))))
------------------------------------------------------------
u (e (p (x (i (A s (B (C (r (x (D (y (x t E F G d H y q I J y z u a u p K n L aa c z y)) M N O c) m ad g w P a r Q R S T U l V x l s p q v e W X Y a aa j Z AA k c n AB e) v a j ab o t AC AD AE AF AG n y l c j n t k v) i x t AH b)))))))
u (a w u b o w j y ad q t t ad v n r ac r (p (x (i (A s (B (C (r (x (D (y (x t E F G d H y q I J y z u a u p K n L aa c z y)) M N O c) m ad g w P a r Q R S T U l V x l s p q v e W X Y a aa j Z AA k c n AB e) v a j ab o t AC AD AE AF AG n y l c j n t k v) i x t AH b)))))))
u (q (p d d y i) e x w b w f h ac l b o w j y ad q t t ad v n r ac r (p (x (i (A s (B (C (r (x (D (y (x t E F G d H y q I J y z u a u p K n L aa c z y)) M N O c) m ad g w P a r Q R S T U l V x l s p q v e W X Y a aa j Z AA k c n AB e) v a j ab o t AC AD AE AF AG n y l c j n t k v) i x t AH b)))))))
u (ab m j ab i aa s b e e x w b w f h ac l b o w j y ad q t t ad v n r ac r (p (x (i (A s (B (C (r (x (D (y (x t E F G d H y q I J y z u a u p K n L aa c z y)) M N O c) m ad g w P a r Q R S T U l V x l s p q v e W X Y a aa j Z AA k c n AB e) v a j ab o t AC AD AE AF AG n y l c j n t k v) i x t AH b)))))))
u (m q o l e r x f ab i aa s b e e x w b w f h ac l b o w j y ad q t t ad v n r ac r (p (x (i (A s (B (C (r (x (D (y (x t E F G d H y q I J y z u a u p K n L aa c z y)) M N O c) m ad g w P a r Q R S T U l V x l s p q v e W X Y a aa j Z AA k c n AB e) v a j ab o t AC AD AE AF AG n y l c j n t k v) i x t AH b)))))))
u (q (ad ab q h ab r r p q h q) o l e r x f ab i aa s b e e x w b w f h ac l b o w j y ad q t t ad v n r ac r (p (x (i (A s (B (C (r (x (D (y (x t E F G d H y q I J y z u a u p K n L aa c z y)) M N O c) m ad g w P a r Q R S T U l V x l s p q v e W X Y a aa j Z AA k c n AB e) v a j ab o t AC AD AE AF AG n y l c j n t k v) i x t AH b)))))))
u (ab m j ab i aa s b e o l e r x f ab i aa s b e e x w b w f h ac l b o w j y ad q t t ad v n r ac r (p (x (i (A s (B (C (r (x (D (y (x t E F G d H y q I J y z u a u p K n L aa c z y)) M N O c) m ad g w P a r Q R S T U l V x l s p q v e W X Y a aa j Z AA k c n AB e) v a j ab o t AC AD AE AF AG n y l c j n t k v) i x t AH b)))))))
u (m q o l e r x f ab i aa s b e o l e r x f ab i aa s b e e x w b w f h ac l b o w j y ad q t t ad v n r ac r (p (x (i (A s (B (C (r (x (D (y (x t E F G d H y q I J y z u a u p K n L aa c z y)) M N O c) m ad g w P a r Q R S T U l V x l s p q v e W X Y a aa j Z AA k c n AB e) v a j ab o t AC AD AE AF AG n y l c j n t k v) i x t AH b)))))))
u (q (ad ab q h ab r r p q h q) o l e r x f ab i aa s b e o l e r x f ab i aa s b e e x w b w f h ac l b o w j y ad q t t ad v n r ac r (p (x (i (A s (B (C (r (x (D (y (x t E F G d H y q I J y z u a u p K n L aa c z y)) M N O c) m ad g w P a r Q R S T U l V x l s p q v e W X Y a aa j Z AA k c n AB e) v a j ab o t AC AD AE AF AG n y l c j n t k v) i x t AH b)))))))
u (ab m j ab i aa s b e o l e r x f ab i aa s b e o l e r x f ab i aa s b e e x w b w f h ac l b o w j y ad q t t ad v n r ac r (p (x (i (A s (B (C (r (x (D (y (x t E F G d H y q I J y z u a u p K n L aa c z y)) M N O c) m ad g w P a r Q R S T U l V x l s p q v e W X Y a aa j Z AA k c n AB e) v a j ab o t AC AD AE AF AG n y l c j n t k v) i x t AH b)))))))
u (m q o l e r x f ab i aa s b e o l e r x f ab i aa s b e o l e r x f ab i aa s b e e x w b w f h ac l b o w j y ad q t t ad v n r ac r (p (x (i (A s (B (C (r (x (D (y (x t E F G d H y q I J y z u a u p K n L aa c z y)) M N O c) m ad g w P a r Q R S T U l V x l s p q v e W X Y a aa j Z AA k c n AB e) v a j ab o t AC AD AE AF AG n y l c j n t k v) i x t AH b)))))))
u (q (ad ab q h ab r r p q h q) o l e r x f ab i aa s b e o l e r x f ab i aa s b e o l e r x f ab i aa s b e e x w b w f h ac l b o w j y ad q t t ad v n r ac r (p (x (i (A s (B (C (r (x (D (y (x t E F G d H y q I J y z u a u p K n L aa c z y)) M N O c) m ad g w P a r Q R S T U l V x l s p q v e W X Y a aa j Z AA k c n AB e) v a j ab o t AC AD AE AF AG n y l c j n t k v) i x t AH b)))))))
u (ab m j ab i aa s b e o l e r x f ab i aa s b e o l e r x f ab i aa s b e o l e r x f ab i aa s b e e x w b w f h ac l b o w j y ad q t t ad v n r ac r (p (x (i (A s (B (C (r (x (D (y (x t E F G d H y q I J y z u a u p K n L aa c z y)) M N O c) m ad g w P a r Q R S T U l V x l s p q v e W X Y a aa j Z AA k c n AB e) v a j ab o t AC AD AE AF AG n y l c j n t k v) i x t AH b)))))))
u (m q o l e r x f ab i aa s b e o l e r x f ab i aa s b e o l e r x f ab i aa s b e o l e r x f ab i aa s b e e x w b w f h ac l b o w j y ad q t t ad v n r ac r (p (x (i (A s (B (C (r (x (D (y (x t E F G d H y q I J y z u a u p K n L aa c z y)) M N O c) m ad g w P a r Q R S T U l V x l s p q v e W X Y a aa j Z AA k c n AB e) v a j ab o t AC AD AE AF AG n y l c j n t k v) i x t AH b)))))))
u (q (ad ab q h ab r r p q h q) o l e r x f ab i aa s b e o l e r x f ab i aa s b e o l e r x f ab i aa s b e o l e r x f ab i aa s b e e x w b w f h ac l b o w j y ad q t t ad v n r ac r (p (x (i (A s (B (C (r (x (D (y (x t E F G d H y q I J y z u a u p K n L aa c z y)) M N O c) m ad g w P a r Q R S T U l V x l s p q v e W X Y a aa j Z AA k c n AB e) v a j ab o t AC AD AE AF AG n y l c j n t k v) i x t AH b)))))))
u (ab m j ab i aa s b e o l e r x f ab i aa s b e o l e r x f ab i aa s b e o l e r x f ab i aa s b e o l e r x f ab i aa s b e e x w b w f h ac l b o w j y ad q t t ad v n r ac r (p (x (i (A s (B (C (r (x (D (y (x t E F G d H y q I J y z u a u p K n L aa c z y)) M N O c) m ad g w P a r Q R S T U l V x l s p q v e W X Y a aa j Z AA k c n AB e) v a j ab o t AC AD AE AF AG n y l c j n t k v) i x t AH b)))))))
u (m q o l e r x f ab i aa s b e o l e r x f ab i aa s b e o l e r x f ab i aa s b e o l e r x f ab i aa s b e o l e r x f ab i aa s b e e x w b w f h ac l b o w j y ad q t t ad v n r ac r (p (x (i (A s (B (C (r (x (D (y (x t E F G d H y q I J y z u a u p K n L aa c z y)) M N O c) m ad g w P a r Q R S T U l V x l s p q v e W X Y a aa j Z AA k c n AB e) v a j ab o t AC AD AE AF AG n y l c j n t k v) i x t AH b)))))))
u (q (ad ab q h ab r r p q h q) o l e r x f ab i aa s b e o l e r x f ab i aa s b e o l e r x f ab i aa s b e o l e r x f ab i aa s b e o l e r x f ab i aa s b e e x w b w f h ac l b o w j y ad q t t ad v n r ac r (p (x (i (A s (B (C (r (x (D (y (x t E F G d H y q I J y z u a u p K n L aa c z y)) M N O c) m ad g w P a r Q R S T U l V x l s p q v e W X Y a aa j Z AA k c n AB e) v a j ab o t AC AD AE AF AG n y l c j n t k v) i x t AH b)))))))
u (ab m j ab i aa s b e o l e r x f ab i aa s b e o l e r x f ab i aa s b e o l e r x f ab i aa s b e o l e r x f ab i aa s b e o l e r x f ab i aa s b e e x w b w f h ac l b o w j y ad q t t ad v n r ac r (p (x (i (A s (B (C (r (x (D (y (x t E F G d H y q I J y z u a u p K n L aa c z y)) M N O c) m ad g w P a r Q R S T U l V x l s p q v e W X Y a aa j Z AA k c n AB e) v a j ab o t AC AD AE AF AG n y l c j n t k v) i x t AH b)))))))
u (m q o l e r x f ab i aa s b e o l e r x f ab i aa s b e o l e r x f ab i aa s b e o l e r x f ab i aa s b e o l e r x f ab i aa s b e o l e r x f ab i aa s b e e x w b w f h ac l b o w j y ad q t t ad v n r ac r (p (x (i (A s (B (C (r (x (D (y (x t E F G d H y q I J y z u a u p K n L aa c z y)) M N O c) m ad g w P a r Q R S T U l V x l s p q v e W X Y a aa j Z AA k c n AB e) v a j ab o t AC AD AE AF AG n y l c j n t k v) i x t AH b)))))))
u (q (ad ab q h ab r r p q h q) o l e r x f ab i aa s b e o l e r x f ab i aa s b e o l e r x f ab i aa s b e o l e r x f ab i aa s b e o l e r x f ab i aa s b e o l e r x f ab i aa s b e e x w b w f h ac l b o w j y ad q t t ad v n r ac r (p (x (i (A s (B (C (r (x (D (y (x t E F G d H y q I J y z u a u p K n L aa c z y)) M N O c) m ad g w P a r Q R S T U l V x l s p q v e W X Y a aa j Z AA k c n AB e) v a j ab o t AC AD AE AF AG n y l c j n t k v) i x t AH b)))))))
u (ab m j ab i aa s b e o l e r x f ab i aa s b e o l e r x f ab i aa s b e o l e r x f ab i aa s b e o l e r x f ab i aa s b e o l e r x f ab i aa s b e o l e r x f ab i aa s b e e x w b w f h ac l b o w j y ad q t t ad v n r ac r (p (x (i (A s (B (C (r (x (D (y (x t E F G d H y q I J y z u a u p K n L aa c z y)) M N O c) m ad g w P a r Q R S T U l V x l s p q v e W X Y a aa j Z AA k c n AB e) v a j ab o t AC AD AE AF AG n y l c j n t k v) i x t AH b)))))))
u (m q o l e r x f ab i aa s b e o l e r x f ab i aa s b e o l e r x f ab i aa s b e o l e r x f ab i aa s b e o l e r x f ab i aa s b e o l e r x f ab i aa s b e o l e r x f ab i aa s b e e x w b w f h ac l b o w j y ad q t t ad v n r ac r (p (x (i (A s (B (C (r (x (D (y (x t E F G d H y q I J y z u a u p K n L aa c z y)) M N O c) m ad g w P a r Q R S T U l V x l s p q v e W X Y a aa j Z AA k c n AB e) v a j ab o t AC AD AE AF AG n y l c j n t k v) i x t AH b)))))))
u (q (ad ab q h ab r r p q h q) o l e r x f ab i aa s b e o l e r x f ab i aa s b e o l e r x f ab i aa s b e o l e r x f ab i aa s b e o l e r x f ab i aa s b e o l e r x f ab i aa s b e o l e r x f ab i aa s b e e x w b w f h ac l b o w j y ad q t t ad v n r ac r (p (x (i (A s (B (C (r (x (D (y (x t E F G d H y q I J y z u a u p K n L aa c z y)) M N O c) m ad g w P a r Q R S T U l V x l s p q v e W X Y a aa j Z AA k c n AB e) v a j ab o t AC AD AE AF AG n y l c j n t k v) i x t AH b)))))))
u (ab m j ab i aa s b e o l e r x f ab i aa s b e o l e r x f ab i aa s b e o l e r x f ab i aa s b e o l e r x f ab i aa s b e o l e r x f ab i aa s b e o l e r x f ab i aa s b e o l e r x f ab i aa s b e e x w b w f h ac l b o w j y ad q t t ad v n r ac r (p (x (i (A s (B (C (r (x (D (y (x t E F G d H y q I J y z u a u p K n L aa c z y)) M N O c) m ad g w P a r Q R S T U l V x l s p q v e W X Y a aa j Z AA k c n AB e) v a j ab o t AC AD AE AF AG n y l c j n t k v) i x t AH b)))))))
u (m q o l e r x f ab i aa s b e o l e r x f ab i aa s b e o l e r x f ab i aa s b e o l e r x f ab i aa s b e o l e r x f ab i aa s b e o l e r x f ab i aa s b e o l e r x f ab i aa s b e o l e r x f ab i aa s b e e x w b w f h ac l b o w j y ad q t t ad v n r ac r (p (x (i (A s (B (C (r (x (D (y (x t E F G d H y q I J y z u a u p K n L aa c z y)) M N O c) m ad g w P a r Q R S T U l V x l s p q v e W X Y a aa j Z AA k c n AB e) v a j ab o t AC AD AE AF AG n y l c j n t k v) i x t AH b)))))))
u (q (ad ab q h ab r r p q h q) o l e r x f ab i aa s b e o l e r x f ab i aa s b e o l e r x f ab i aa s b e o l e r x f ab i aa s b e o l e r x f ab i aa s b e o l e r x f ab i aa s b e o l e r x f ab i aa s b e o l e r x f ab i aa s b e e x w b w f h ac l b o w j y ad q t t ad v n r ac r (p (x (i (A s (B (C (r (x (D (y (x t E F G d H y q I J y z u a u p K n L aa c z y)) M N O c) m ad g w P a r Q R S T U l V x l s p q v e W X Y a aa j Z AA k c n AB e) v a j ab o t AC AD AE AF AG n y l c j n t k v) i x t AH b)))))))
u (ab m j ab i aa s b e o l e r x f ab i aa s b e o l e r x f ab i aa s b e o l e r x f ab i aa s b e o l e r x f ab i aa s b e o l e r x f ab i aa s b e o l e r x f ab i aa s b e o l e r x f ab i aa s b e o l e r x f ab i aa s b e e x w b w f h ac l b o w j y ad q t t ad v n r ac r (p (x (i (A s (B (C (r (x (D (y (x t E F G d H y q I J y z u a u p K n L aa c z y)) M N O c) m ad g w P a r Q R S T U l V x l s p q v e W X Y a aa j Z AA k c n AB e) v a j ab o t AC AD AE AF AG n y l c j n t k v) i x t AH b)))))))
u (m q o l e r x f ab i aa s b e o l e r x f ab i aa s b e o l e r x f ab i aa s b e o l e r x f ab i aa s b e o l e r x f ab i aa s b e o l e r x f ab i aa s b e o l e r x f ab i aa s b e o l e r x f ab i aa s b e o l e r x f ab i aa s b e e x w b w f h ac l b o w j y ad q t t ad v n r ac r (p (x (i (A s (B (C (r (x (D (y (x t E F G d H y q I J y z u a u p K n L aa c z y)) M N O c) m ad g w P a r Q R S T U l V x l s p q v e W X Y a aa j Z AA k c n AB e) v a j ab o t AC AD AE AF AG n y l c j n t k v) i x t AH b)))))))
u (q (ad ab q h ab r r p q h q) o l e r x f ab i aa s b e o l e r x f ab i aa s b e o l e r x f ab i aa s b e o l e r x f ab i aa s b e o l e r x f ab i aa s b e o l e r x f ab i aa s b e o l e r x f ab i aa s b e o l e r x f ab i aa s b e o l e r x f ab i aa s b e e x w b w f h ac l b o w j y ad q t t ad v n r ac r (p (x (i (A s (B (C (r (x (D (y (x t E F G d H y q I J y z u a u p K n L aa c z y)) M N O c) m ad g w P a r Q R S T U l V x l s p q v e W X Y a aa j Z AA k c n AB e) v a j ab o t AC AD AE AF AG n y l c j n t k v) i x t AH b)))))))


