a ae af ag ai ah = w z ac af q t
b ae ah ag ai af aj = h (q (i f c ad t l s) v c ad ad f af d)
c af ag ah ae = q (aa (a (ag o) ab r x ad t s n x g) u)
d ae = q g (x (q ad t) u t m r h f j ac v o h)
e ah ae af ai aj ag = x s (y z) ab y a ae r k z f o p b
f ag ah af ae = y (af ac i n s aa z k k)
g ae ag ah af = x (j r) (e a) n b c q
h af ag ae ai ah = x ad x z ac aa ad t s a aa d ae m ad l
i ai ag aj ae af ah = x (k u p j x ac k l o) a ac a j
j ae = l e w i r k g
k ag af ae ah = d l n ag z b ag d ac q r u ab n h x ad s
l ae af ag ah = ah ab n f x f ab u j x f n x i j o
m = ad (v g (g (aa (g q c ac l z d h h ac g o))))
n af ae = s y h r l k r ab w v ac o ac i r s g
o = d f (a w w t z a r f r u ad c ac)
p = k d b v x v b f
q = e (o p t) l i
r ah ae af ag aj ai = n w a ab ad v d p b k f x q j ab z q ad
s = u (i (v j ad j d n t o u t g ad h a v ad))
t ae = ae d ac q s s aa y z n m f y
u ae = k b o r y h q ae ac
v aj ai ah af ae ag = ai x q ac ab
w af ae = ac a u a z
x aj ai ae ag af ah = af d s w p o m b b ai v n i
y af ae ag = l h g
z ae = w (w (m (y ad) m q r q u ae x x c o))
aa ae aj af ag ah ai = t b (r (h m n m b d) g g w ad)
ab af ae = j q ac g af n z ad
ac ai ag af ah ae aj = b (m b) j af f
ad ag ai ah af ae = h w aa f
main = A (B (q (w (C ad (aa (D (i (u u a p w E m F aa r G H ab e I J ad z f K L e) M N k O P o v Q u e c ac ad w y p i R r ab h S e h T a) U V W y X p q u p j j y Y Z aa l e ab r c) k q d d AA AB AC AD q l aa e AE AF AG b AH AI t) aa AJ AK AL))))
------------------------------------------------------------
A (B (q (w (C ad (aa (D (i (u u a p w E m F aa r G H ab e I J ad z f K L e) M N k O P o v Q u e c ac ad w y p i R r ab h S e h T a) U V W y X p q u p j j y Y Z aa l e ab r c) k q d d AA AB AC AD q l aa e AE AF AG b AH AI t) aa AJ AK AL))))
A (B (e (o p t) l i (w (C ad (aa (D (i (u u a p w E m F aa r G H ab e I J ad z f K L e) M N k O P o v Q u e c ac ad w y p i R r ab h S e h T a) U V W y X p q u p j j y Y Z aa l e ab r c) k q d d AA AB AC AD q l aa e AE AF AG b AH AI t) aa AJ AK AL))))
A (B (e (d f (a w w t z a r f r u ad c ac) p t) l i (w (C ad (aa (D (i (u u a p w E m F aa r G H ab e I J ad z f K L e) M N k O P o v Q u e c ac ad w y p i R r ab h S e h T a) U V W y X p q u p j j y Y Z aa l e ab r c) k q d d AA AB AC AD q l aa e AE AF AG b AH AI t) aa AJ AK AL))))
A (B (e (q g (x (q ad t) u t m r h f j ac v o h) (a w w t z a r f r u ad c ac) p t) l i (w (C ad (aa (D (i (u u a p w E m F aa r G H ab e I J ad z f K L e) M N k O P o v Q u e c ac ad w y p i R r ab h S e h T a) U V W y X p q u p j j y Y Z aa l e ab r c) k q d d AA AB AC AD q l aa e AE AF AG b AH AI t) aa AJ AK AL))))
A (B (e (e (o p t) l i g (x (q ad t) u t m r h f j ac v o h) (a w w t z a r f r u ad c ac) p t) l i (w (C ad (aa (D (i (u u a p w E m F aa r G H ab e I J ad z f K L e) M N k O P o v Q u e c ac ad w y p i R r ab h S e h T a) U V W y X p q u p j j y Y Z aa l e ab r c) k q d d AA AB AC AD q l aa e AE AF AG b AH AI t) aa AJ AK AL))))
A (B (e (x s (y z) ab y a l r k z f o p b p t) l i (w (C ad (aa (D (i (u u a p w E m F aa r G H ab e I J ad z f K L e) M N k O P o v Q u e c ac ad w y p i R r ab h S e h T a) U V W y X p q u p j j y Y Z aa l e ab r c) k q d d AA AB AC AD q l aa e AE AF AG b AH AI t) aa AJ AK AL))))
A (B (e (a d s w p o m b b (y z) v n i r k z f o p b p t) l i (w (C ad (aa (D (i (u u a p w E m F aa r G H ab e I J ad z f K L e) M N k O P o v Q u e c ac ad w y p i R r ab h S e h T a) U V W y X p q u p j j y Y Z aa l e ab r c) k q d d AA AB AC AD q l aa e AE AF AG b AH AI t) aa AJ AK AL))))
A (B (e (w z ac s q t m b b (y z) v n i r k z f o p b p t) l i (w (C ad (aa (D (i (u u a p w E m F aa r G H ab e I J ad z f K L e) M N k O P o v Q u e c ac ad w y p i R r ab h S e h T a) U V W y X p q u p j j y Y Z aa l e ab r c) k q d d AA AB AC AD q l aa e AE AF AG b AH AI t) aa AJ AK AL))))
A (B (e (ac a u a z s q t m b b (y z) v n i r k z f o p b p t) l i (w (C ad (aa (D (i (u u a p w E m F aa r G H ab e I J ad z f K L e) M N k O P o v Q u e c ac ad w y p i R r ab h S e h T a) U V W y X p q u p j j y Y Z aa l e ab r c) k q d d AA AB AC AD q l aa e AE AF AG b AH AI t) aa AJ AK AL))))
A (B (e (b (m b) j a f t m b b (y z) v n i r k z f o p b p t) l i (w (C ad (aa (D (i (u u a p w E m F aa r G H ab e I J ad z f K L e) M N k O P o v Q u e c ac ad w y p i R r ab h S e h T a) U V W y X p q u p j j y Y Z aa l e ab r c) k q d d AA AB AC AD q l aa e AE AF AG b AH AI t) aa AJ AK AL))))
A (B (e (h (q (i f c ad t l s) v c ad ad f t d) b b (y z) v n i r k z f o p b p t) l i (w (C ad (aa (D (i (u u a p w E m F aa r G H ab e I J ad z f K L e) M N k O P o v Q u e c ac ad w y p i R r ab h S e h T a) U V W y X p q u p j j y Y Z aa l e ab r c) k q d d AA AB AC AD q l aa e AE AF AG b AH AI t) aa AJ AK AL))))
A (B (e (x ad x z ac aa ad t s a aa d b m ad l n i r k z f o p b p t) l i (w (C ad (aa (D (i (u u a p w E m F aa r G H ab e I J ad z f K L e) M N k O P o v Q u e c ac ad w y p i R r ab h S e h T a) U V W y X p q u p j j y Y Z aa l e ab r c) k q d d AA AB AC AD q l aa e AE AF AG b AH AI t) aa AJ AK AL))))
A (B (e (aa d s w p o m b b x v n i t s a aa d b m ad l n i r k z f o p b p t) l i (w (C ad (aa (D (i (u u a p w E m F aa r G H ab e I J ad z f K L e) M N k O P o v Q u e c ac ad w y p i R r ab h S e h T a) U V W y X p q u p j j y Y Z aa l e ab r c) k q d d AA AB AC AD q l aa e AE AF AG b AH AI t) aa AJ AK AL))))
A (B (e (t b (r (h m n m b d) g g w ad) b b x v n i t s a aa d b m ad l n i r k z f o p b p t) l i (w (C ad (aa (D (i (u u a p w E m F aa r G H ab e I J ad z f K L e) M N k O P o v Q u e c ac ad w y p i R r ab h S e h T a) U V W y X p q u p j j y Y Z aa l e ab r c) k q d d AA AB AC AD q l aa e AE AF AG b AH AI t) aa AJ AK AL))))
A (B (e (b d ac q s s aa y z n m f y (r (h m n m b d) g g w ad) b b x v n i t s a aa d b m ad l n i r k z f o p b p t) l i (w (C ad (aa (D (i (u u a p w E m F aa r G H ab e I J ad z f K L e) M N k O P o v Q u e c ac ad w y p i R r ab h S e h T a) U V W y X p q u p j j y Y Z aa l e ab r c) k q d d AA AB AC AD q l aa e AE AF AG b AH AI t) aa AJ AK AL))))
A (B (e (h (q (i f c ad t l s) v c ad ad f s d) y z n m f y (r (h m n m b d) g g w ad) b b x v n i t s a aa d b m ad l n i r k z f o p b p t) l i (w (C ad (aa (D (i (u u a p w E m F aa r G H ab e I J ad z f K L e) M N k O P o v Q u e c ac ad w y p i R r ab h S e h T a) U V W y X p q u p j j y Y Z aa l e ab r c) k q d d AA AB AC AD q l aa e AE AF AG b AH AI t) aa AJ AK AL))))
A (B (e (x ad x z ac aa ad t s a aa d z m ad l f y (r (h m n m b d) g g w ad) b b x v n i t s a aa d b m ad l n i r k z f o p b p t) l i (w (C ad (aa (D (i (u u a p w E m F aa r G H ab e I J ad z f K L e) M N k O P o v Q u e c ac ad w y p i R r ab h S e h T a) U V W y X p q u p j j y Y Z aa l e ab r c) k q d d AA AB AC AD q l aa e AE AF AG b AH AI t) aa AJ AK AL))))
A (B (e (aa d s w p o m b b x v n i t s a aa d z m ad l f y (r (h m n m b d) g g w ad) b b x v n i t s a aa d b m ad l n i r k z f o p b p t) l i (w (C ad (aa (D (i (u u a p w E m F aa r G H ab e I J ad z f K L e) M N k O P o v Q u e c ac ad w y p i R r ab h S e h T a) U V W y X p q u p j j y Y Z aa l e ab r c) k q d d AA AB AC AD q l aa e AE AF AG b AH AI t) aa AJ AK AL))))
A (B (e (t b (r (h m n m b d) g g w ad) b b x v n i t s a aa d z m ad l f y (r (h m n m b d) g g w ad) b b x v n i t s a aa d b m ad l n i r k z f o p b p t) l i (w (C ad (aa (D (i (u u a p w E m F aa r G H ab e I J ad z f K L e) M N k O P o v Q u e c ac ad w y p i R r ab h S e h T a) U V W y X p q u p j j y Y Z aa l e ab r c) k q d d AA AB AC AD q l aa e AE AF AG b AH AI t) aa AJ AK AL))))
A (B (e (b d ac q s s aa y z n m f y (r (h m n m b d) g g w ad) b b x v n i t s a aa d z m ad l f y (r (h m n m b d) g g w ad) b b x v n i t s a aa d b m ad l n i r k z f o p b p t) l i (w (C ad (aa (D (i (u u a p w E m F aa r G H ab e I J ad z f K L e) M N k O P o v Q u e c ac ad w y p i R r ab h S e h T a) U V W y X p q u p j j y Y Z aa l e ab r c) k q d d AA AB AC AD q l aa e AE AF AG b AH AI t) aa AJ AK AL))))
A (B (e (h (q (i f c ad t l s) v c ad ad f s d) y z n m f y (r (h m n m b d) g g w ad) b b x v n i t s a aa d z m ad l f y (r (h m n m b d) g g w ad) b b x v n i t s a aa d b m ad l n i r k z f o p b p t) l i (w (C ad (aa (D (i (u u a p w E m F aa r G H ab e I J ad z f K L e) M N k O P o v Q u e c ac ad w y p i R r ab h S e h T a) U V W y X p q u p j j y Y Z aa l e ab r c) k q d d AA AB AC AD q l aa e AE AF AG b AH AI t) aa AJ AK AL))))
A (B (e (x ad x z ac aa ad t s a aa d z m ad l f y (r (h m n m b d) g g w ad) b b x v n i t s a aa d z m ad l f y (r (h m n m b d) g g w ad) b b x v n i t s a aa d b m ad l n i r k z f o p b p t) l i (w (C ad (aa (D (i (u u a p w E m F aa r G H ab e I J ad z f K L e) M N k O P o v Q u e c ac ad w y p i R r ab h S e h T a) U V W y X p q u p j j y Y Z aa l e ab r c) k q d d AA AB AC AD q l aa e AE AF AG b AH AI t) aa AJ AK AL))))
A (B (e (aa d s w p o m b b x v n i t s a aa d z m ad l f y (r (h m n m b d) g g w ad) b b x v n i t s a aa d z m ad l f y (r (h m n m b d) g g w ad) b b x v n i t s a aa d b m ad l n i r k z f o p b p t) l i (w (C ad (aa (D (i (u u a p w E m F aa r G H ab e I J ad z f K L e) M N k O P o v Q u e c ac ad w y p i R r ab h S e h T a) U V W y X p q u p j j y Y Z aa l e ab r c) k q d d AA AB AC AD q l aa e AE AF AG b AH AI t) aa AJ AK AL))))
A (B (e (t b (r (h m n m b d) g g w ad) b b x v n i t s a aa d z m ad l f y (r (h m n m b d) g g w ad) b b x v n i t s a aa d z m ad l f y (r (h m n m b d) g g w ad) b b x v n i t s a aa d b m ad l n i r k z f o p b p t) l i (w (C ad (aa (D (i (u u a p w E m F aa r G H ab e I J ad z f K L e) M N k O P o v Q u e c ac ad w y p i R r ab h S e h T a) U V W y X p q u p j j y Y Z aa l e ab r c) k q d d AA AB AC AD q l aa e AE AF AG b AH AI t) aa AJ AK AL))))
A (B (e (b d ac q s s aa y z n m f y (r (h m n m b d) g g w ad) b b x v n i t s a aa d z m ad l f y (r (h m n m b d) g g w ad) b b x v n i t s a aa d z m ad l f y (r (h m n m b d) g g w ad) b b x v n i t s a aa d b m ad l n i r k z f o p b p t) l i (w (C ad (aa (D (i (u u a p w E m F aa r G H ab e I J ad z f K L e) M N k O P o v Q u e c ac ad w y p i R r ab h S e h T a) U V W y X p q u p j j y Y Z aa l e ab r c) k q d d AA AB AC AD q l aa e AE AF AG b AH AI t) aa AJ AK AL))))
A (B (e (h (q (i f c ad t l s) v c ad ad f s d) y z n m f y (r (h m n m b d) g g w ad) b b x v n i t s a aa d z m ad l f y (r (h m n m b d) g g w ad) b b x v n i t s a aa d z m ad l f y (r (h m n m b d) g g w ad) b b x v n i t s a aa d b m ad l n i r k z f o p b p t) l i (w (C ad (aa (D (i (u u a p w E m F aa r G H ab e I J ad z f K L e) M N k O P o v Q u e c ac ad w y p i R r ab h S e h T a) U V W y X p q u p j j y Y Z aa l e ab r c) k q d d AA AB AC AD q l aa e AE AF AG b AH AI t) aa AJ AK AL))))
A (B (e (x ad x z ac aa ad t s a aa d z m ad l f y (r (h m n m b d) g g w ad) b b x v n i t s a aa d z m ad l f y (r (h m n m b d) g g w ad) b b x v n i t s a aa d z m ad l f y (r (h m n m b d) g g w ad) b b x v n i t s a aa d b m ad l n i r k z f o p b p t) l i (w (C ad (aa (D (i (u u a p w E m F aa r G H ab e I J ad z f K L e) M N k O P o v Q u e c ac ad w y p i R r ab h S e h T a) U V W y X p q u p j j y Y Z aa l e ab r c) k q d d AA AB AC AD q l aa e AE AF AG b AH AI t) aa AJ AK AL))))
A (B (e (aa d s w p o m b b x v n i t s a aa d z m ad l f y (r (h m n m b d) g g w ad) b b x v n i t s a aa d z m ad l f y (r (h m n m b d) g g w ad) b b x v n i t s a aa d z m ad l f y (r (h m n m b d) g g w ad) b b x v n i t s a aa d b m ad l n i r k z f o p b p t) l i (w (C ad (aa (D (i (u u a p w E m F aa r G H ab e I J ad z f K L e) M N k O P o v Q u e c ac ad w y p i R r ab h S e h T a) U V W y X p q u p j j y Y Z aa l e ab r c) k q d d AA AB AC AD q l aa e AE AF AG b AH AI t) aa AJ AK AL))))
A (B (e (t b (r (h m n m b d) g g w ad) b b x v n i t s a aa d z m ad l f y (r (h m n m b d) g g w ad) b b x v n i t s a aa d z m ad l f y (r (h m n m b d) g g w ad) b b x v n i t s a aa d z m ad l f y (r (h m n m b d) g g w ad) b b x v n i t s a aa d b m ad l n i r k z f o p b p t) l i (w (C ad (aa (D (i (u u a p w E m F aa r G H ab e I J ad z f K L e) M N k O P o v Q u e c ac ad w y p i R r ab h S e h T a) U V W y X p q u p j j y Y Z aa l e ab r c) k q d d AA AB AC AD q l aa e AE AF AG b AH AI t) aa AJ AK AL))))
A (B (e (b d ac q s s aa y z n m f y (r (h m n m b d) g g w ad) b b x v n i t s a aa d z m ad l f y (r (h m n m b d) g g w ad) b b x v n i t s a aa d z m ad l f y (r (h m n m b d) g g w ad) b b x v n i t s a aa d z m ad l f y (r (h m n m b d) g g w ad) b b x v n i t s a aa d b m ad l n i r k z f o p b p t) l i (w (C ad (aa (D (i (u u a p w E m F aa r G H ab e I J ad z f K L e) M N k O P o v Q u e c ac ad w y p i R r ab h S e h T a) U V W y X p q u p j j y Y Z aa l e ab r c) k q d d AA AB AC AD q l aa e AE AF AG b AH AI t) aa AJ AK AL))))


