a af ae = y (o l) m ad n x n r v af j h
b = l (k ad o h v) n r q c f ac x
c ah af ai aj ag ae = ae (t (y x s m aa p y) x x b m l) r
d ae af = ac q r n p v s o w m b o
e af ag ae ah = r c s i l p u q ah z
f = d k r k
g = p u o n r ad e w h j o f
h ag ae af = g (j ag y p k e x ab) b o
i af ah ae ag = j (c (u d ab) y r v af) m x l ad b r ad f ad
j ah af ae ai ag = l (c q l o l y o g i z s s w p ab)
k = u (f b b) j
l ae af ag ah ai = m (o ah p o k o ac n ah p d r)
m ae af ah aj ag ai = g i aj d o f r ae u w
n af ae = aa (k (y h ac aa i aa x o h) aa f ab x ab)
o ae = ad (c (w h (q a) l h) k x) h ab g l w
p ai ah ag ae af = a (ad e f ag s ac n ac o q c x h)
q af ae ag = u n m ac u l g v b x a t h ad h
r af ae ag ah = af (e g q h u) aa d w g d
s = b m (b ad) r u h f c z l o a x j
t = p (u (s (d d) c b h w e) j) ab b v f n
u = j k i k m z ab
v ae ag af = y (l (x l s k x h aa b) u i) c ad u t t
w ae ag ah af = k ab k b r o v c u
x ae af = ab o b ac
y ag ai aj ah ae af = x (t k j l q) c p s h
z ag ah ae af aj ai = t (c c s q b aa n p s ac af ad y)
aa = q k n g x z l l g ab ab y u f
ab = p k f s l n e b z x x f a s t k
ac ah ag af ae ai = p (s (af f q x) v o aa n w w f n v ai h ad)
ad ae ah af ai ag = ac i w ac o m a c s aa e s b o ac
main = h (A (p (B (C (D (E (F G z ab H I b c aa d b J s ac K s f L v p i M N ab w m e k ad x O w b l j P e e p f x t g ab q Q R S T n aa b y) U n i b n) c V W aa y X Y Z y u p b AA f p AB AC p aa AD y AE e j r a t j y e AF r n aa AG)))))
------------------------------------------------------------
h (A (p (B (C (D (E (F G z ab H I b c aa d b J s ac K s f L v p i M N ab w m e k ad x O w b l j P e e p f x t g ab q Q R S T n aa b y) U n i b n) c V W aa y X Y Z y u p b AA f p AB AC p aa AD y AE e j r a t j y e AF r n aa AG)))))


