a af ae = r (d x y s p o ac s)
b ah aj ag ae af ai = s (f (u a) r ad q x l w p g f f af z)
c af ae = k s x ac s ac o g ab u y ad a s q e p
d ae af ag = n l w g m p b r aa o q u o u y r n i
e af ae = ab (j (ad (u af r q p c a)) l g b r c u b)
f af ai ah aj ag ae = c (s t e m a aa w k c ai a a ag ai)
g af ae ag = d x t w z
h ag af ae = q q z l
i = l u y d f d
j ae ag af ah = f (ae (w e q aa l s l))
k af ae ag = j o f j m ab u l j z u
l = y (f q s n n k aa u f h k k) q
m ah af ai ae ag = y l b ai r s ac ai k d k u g w b r n
n ae af = t i b
o ae = m (t (j q k ac s q) k n c ae k s e aa e aa)
p af ae = e (l af ad k q ae h l t n aa) i g ad ab y
q ae = k (n (p a ac j v ad o j a) j g ad)
r ag af ae = g e f g
s ae = v (o r v i m ae d) m z
t = c m (w m p a u w i s)
u ah ae ag af = t j c m c p x ah g
v ag ai af ae ah = m c y t
w af ae ag = h b m g t ad l b y t m g o e y z
x ah af ag ae aj ai = a t ad ai v o k t
y ae ah af ag = d (s u c r) n u ad q k a h o c o
z ag ai ah ae aj af = m q j c i t m r ab k ab g g b c m ac ah
aa af ah ag ae = d l h z
ab ae = a aa o s o ac o g x w t l k f n
ac ae ag af ah = k j a p ag t x a s x m x r aa z t i ab
ad af ae = t w l ac x q e g g w m g m ac k
main = A (B (f (C D (k (z (E (F (l (i (r (z (G (u n u t j b aa ac l a) aa) H k o I ab w c) h q f t o) J l d y ad K L M N ac) q ac O x c P ab k z d x g) Q R ad f S y x ac o T u) U V W X Y c e w a j j f q f) ad k Z u i v a AA AB AC AD d g p q z)))))
------------------------------------------------------------
A (B (f (C D (k (z (E (F (l (i (r (z (G (u n u t j b aa ac l a) aa) H k o I ab w c) h q f t o) J l d y ad K L M N ac) q ac O x c P ab k z d x g) Q R ad f S y x ac o T u) U V W X Y c e w a j j f q f) ad k Z u i v a AA AB AC AD d g p q z)))))
A (B (f (C D (k (m q j c i t m r ab k ab g g b c m ac k v a AA AB AC AD d g p q z)))))
A (B (f (C D (k (y l b c r s ac c k d k u g w b r n m r ab k ab g g b c m ac k v a AA AB AC AD d g p q z)))))
A (B (f (C D (k (d (s u c r) n u ad q k a h o c o s ac c k d k u g w b r n m r ab k ab g g b c m ac k v a AA AB AC AD d g p q z)))))
A (B (f (C D (k (n l w g m p b r aa o q u o u y r n i ad q k a h o c o s ac c k d k u g w b r n m r ab k ab g g b c m ac k v a AA AB AC AD d g p q z)))))
A (B (f (C D (k (t i b g m p b r aa o q u o u y r n i ad q k a h o c o s ac c k d k u g w b r n m r ab k ab g g b c m ac k v a AA AB AC AD d g p q z)))))
A (B (f (C D (k (c m (w m p a u w i s) i b g m p b r aa o q u o u y r n i ad q k a h o c o s ac c k d k u g w b r n m r ab k ab g g b c m ac k v a AA AB AC AD d g p q z)))))
A (B (f (C D (k (k s x ac s ac o g ab u y ad a s q e p i b g m p b r aa o q u o u y r n i ad q k a h o c o s ac c k d k u g w b r n m r ab k ab g g b c m ac k v a AA AB AC AD d g p q z)))))
A (B (f (C D (k (j o f j m ab u l j z u s ac o g ab u y ad a s q e p i b g m p b r aa o q u o u y r n i ad q k a h o c o s ac c k d k u g w b r n m r ab k ab g g b c m ac k v a AA AB AC AD d g p q z)))))
A (B (f (C D (k (f (o (w e q aa l s l)) ab u l j z u s ac o g ab u y ad a s q e p i b g m p b r aa o q u o u y r n i ad q k a h o c o s ac c k d k u g w b r n m r ab k ab g g b c m ac k v a AA AB AC AD d g p q z)))))
A (B (f (C D (k (c (s t e m a aa w k c ab a a j ab) u s ac o g ab u y ad a s q e p i b g m p b r aa o q u o u y r n i ad q k a h o c o s ac c k d k u g w b r n m r ab k ab g g b c m ac k v a AA AB AC AD d g p q z)))))
A (B (f (C D (k (k s x ac s ac o g ab u y ad a s q e p s ac o g ab u y ad a s q e p i b g m p b r aa o q u o u y r n i ad q k a h o c o s ac c k d k u g w b r n m r ab k ab g g b c m ac k v a AA AB AC AD d g p q z)))))
A (B (f (C D (k (j o f j m ab u l j z u s ac o g ab u y ad a s q e p s ac o g ab u y ad a s q e p i b g m p b r aa o q u o u y r n i ad q k a h o c o s ac c k d k u g w b r n m r ab k ab g g b c m ac k v a AA AB AC AD d g p q z)))))
A (B (f (C D (k (f (o (w e q aa l s l)) ab u l j z u s ac o g ab u y ad a s q e p s ac o g ab u y ad a s q e p i b g m p b r aa o q u o u y r n i ad q k a h o c o s ac c k d k u g w b r n m r ab k ab g g b c m ac k v a AA AB AC AD d g p q z)))))
A (B (f (C D (k (c (s t e m a aa w k c ab a a j ab) u s ac o g ab u y ad a s q e p s ac o g ab u y ad a s q e p i b g m p b r aa o q u o u y r n i ad q k a h o c o s ac c k d k u g w b r n m r ab k ab g g b c m ac k v a AA AB AC AD d g p q z)))))
A (B (f (C D (k (k s x ac s ac o g ab u y ad a s q e p s ac o g ab u y ad a s q e p s ac o g ab u y ad a s q e p i b g m p b r aa o q u o u y r n i ad q k a h o c o s ac c k d k u g w b r n m r ab k ab g g b c m ac k v a AA AB AC AD d g p q z)))))
A (B (f (C D (k (j o f j m ab u l j z u s ac o g ab u y ad a s q e p s ac o g ab u y ad a s q e p s ac o g ab u y ad a s q e p i b g m p b r aa o q u o u y r n i ad q k a h o c o s ac c k d k u g w b r n m r ab k ab g g b c m ac k v a AA AB AC AD d g p q z)))))
A (B (f (C D (k (f (o (w e q aa l s l)) ab u l j z u s ac o g ab u y ad a s q e p s ac o g ab u y ad a s q e p s ac o g ab u y ad a s q e p i b g m p b r aa o q u o u y r n i ad q k a h o c o s ac c k d k u g w b r n m r ab k ab g g b c m ac k v a AA AB AC AD d g p q z)))))
A (B (f (C D (k (c (s t e m a aa w k c ab a a j ab) u s ac o g ab u y ad a s q e p s ac o g ab u y ad a s q e p s ac o g ab u y ad a s q e p i b g m p b r aa o q u o u y r n i ad q k a h o c o s ac c k d k u g w b r n m r ab k ab g g b c m ac k v a AA AB AC AD d g p q z)))))
A (B (f (C D (k (k s x ac s ac o g ab u y ad a s q e p s ac o g ab u y ad a s q e p s ac o g ab u y ad a s q e p s ac o g ab u y ad a s q e p i b g m p b r aa o q u o u y r n i ad q k a h o c o s ac c k d k u g w b r n m r ab k ab g g b c m ac k v a AA AB AC AD d g p q z)))))
A (B (f (C D (k (j o f j m ab u l j z u s ac o g ab u y ad a s q e p s ac o g ab u y ad a s q e p s ac o g ab u y ad a s q e p s ac o g ab u y ad a s q e p i b g m p b r aa o q u o u y r n i ad q k a h o c o s ac c k d k u g w b r n m r ab k ab g g b c m ac k v a AA AB AC AD d g p q z)))))
A (B (f (C D (k (f (o (w e q aa l s l)) ab u l j z u s ac o g ab u y ad a s q e p s ac o g ab u y ad a s q e p s ac o g ab u y ad a s q e p s ac o g ab u y ad a s q e p i b g m p b r aa o q u o u y r n i ad q k a h o c o s ac c k d k u g w b r n m r ab k ab g g b c m ac k v a AA AB AC AD d g p q z)))))
A (B (f (C D (k (c (s t e m a aa w k c ab a a j ab) u s ac o g ab u y ad a s q e p s ac o g ab u y ad a s q e p s ac o g ab u y ad a s q e p s ac o g ab u y ad a s q e p i b g m p b r aa o q u o u y r n i ad q k a h o c o s ac c k d k u g w b r n m r ab k ab g g b c m ac k v a AA AB AC AD d g p q z)))))
A (B (f (C D (k (k s x ac s ac o g ab u y ad a s q e p s ac o g ab u y ad a s q e p s ac o g ab u y ad a s q e p s ac o g ab u y ad a s q e p s ac o g ab u y ad a s q e p i b g m p b r aa o q u o u y r n i ad q k a h o c o s ac c k d k u g w b r n m r ab k ab g g b c m ac k v a AA AB AC AD d g p q z)))))
A (B (f (C D (k (j o f j m ab u l j z u s ac o g ab u y ad a s q e p s ac o g ab u y ad a s q e p s ac o g ab u y ad a s q e p s ac o g ab u y ad a s q e p s ac o g ab u y ad a s q e p i b g m p b r aa o q u o u y r n i ad q k a h o c o s ac c k d k u g w b r n m r ab k ab g g b c m ac k v a AA AB AC AD d g p q z)))))
A (B (f (C D (k (f (o (w e q aa l s l)) ab u l j z u s ac o g ab u y ad a s q e p s ac o g ab u y ad a s q e p s ac o g ab u y ad a s q e p s ac o g ab u y ad a s q e p s ac o g ab u y ad a s q e p i b g m p b r aa o q u o u y r n i ad q k a h o c o s ac c k d k u g w b r n m r ab k ab g g b c m ac k v a AA AB AC AD d g p q z)))))
A (B (f (C D (k (c (s t e m a aa w k c ab a a j ab) u s ac o g ab u y ad a s q e p s ac o g ab u y ad a s q e p s ac o g ab u y ad a s q e p s ac o g ab u y ad a s q e p s ac o g ab u y ad a s q e p i b g m p b r aa o q u o u y r n i ad q k a h o c o s ac c k d k u g w b r n m r ab k ab g g b c m ac k v a AA AB AC AD d g p q z)))))
A (B (f (C D (k (k s x ac s ac o g ab u y ad a s q e p s ac o g ab u y ad a s q e p s ac o g ab u y ad a s q e p s ac o g ab u y ad a s q e p s ac o g ab u y ad a s q e p s ac o g ab u y ad a s q e p i b g m p b r aa o q u o u y r n i ad q k a h o c o s ac c k d k u g w b r n m r ab k ab g g b c m ac k v a AA AB AC AD d g p q z)))))
A (B (f (C D (k (j o f j m ab u l j z u s ac o g ab u y ad a s q e p s ac o g ab u y ad a s q e p s ac o g ab u y ad a s q e p s ac o g ab u y ad a s q e p s ac o g ab u y ad a s q e p s ac o g ab u y ad a s q e p i b g m p b r aa o q u o u y r n i ad q k a h o c o s ac c k d k u g w b r n m r ab k ab g g b c m ac k v a AA AB AC AD d g p q z)))))
A (B (f (C D (k (f (o (w e q aa l s l)) ab u l j z u s ac o g ab u y ad a s q e p s ac o g ab u y ad a s q e p s ac o g ab u y ad a s q e p s ac o g ab u y ad a s q e p s ac o g ab u y ad a s q e p s ac o g ab u y ad a s q e p i b g m p b r aa o q u o u y r n i ad q k a h o c o s ac c k d k u g w b r n m r ab k ab g g b c m ac k v a AA AB AC AD d g p q z)))))


