a af ae ag ah aj ai = g (o (ac f e k h l p h ad t o e))
b ai af ag ae ah = r (y ad s n o aa u y) ab v aa
c ae af ag ah ai = g b r
d ae = t (f j s j (e q) j p i e z ae l h)
e af ah ae ag ai aj = ad (j f) j ah t a t ac p n
f ae af = af (b (n g i ab ab af z a i p o a) aa)
g ag af ae aj ai ah = t (u q b p)
h ae ag af = v g t ab
i ai ae ag ah af = ab aa v aa b d r ai l y e x af x b q c g
j ae af = ac (m (z n m) ac z d l l v t i)
k af ah ae ag = s t ac a a z s x g
l ae ag af = h o (x (ad (y x e) v x t m aa) q c k c p)
m ae = n u w ae r x o e
n af ag ai ah ae = e (u ab o s)
o af ae = b (p j v b w t ab aa v c c g) s v
p = c (t e r a g f o ac h g k f f)
q ah ag af ae ai = ab e w x
r aj ae ah ag af ai = j i ad
s = c (ad (v h j) t ac j f c q) u y q t
t af ah ae ag = q (g (c ad r n (s g)) ah l x) f ad p z a
u af aj ah ai ae ag = k a c d n a ah j ag j x ac
v ae af ag = aa (ad u f m p ac f ae) f ad aa aa z f
w = x x x y z n s ab s s l s p s h x
x ae = l (ae (ad (f k f c i a h h) u) aa ab) e
y = x (e (c q l d l c z w e b ad w s) ab) h
z ag af ae ai ah = ah j ac
aa ae ag af = ab (d ac p m) q (m ac) ad m i
ab = aa (w (h (u ac ac ad k ad f) y j aa f w s t f))
ac = z k
ad ae ag af ah ai = k s aa z e t i c w v i x
main = z (a (d y (r (ab (A (f (B (c b (C D E c F y d y k G H I aa x c J K L b y d u M N g k v x k i g d O P s y t) h Q u v R S t n i p h j ab a w x T c s j U ac V e n u r ac r v j W X Y Z AA i q h p j s a l f d m AB c p i g))))))))
------------------------------------------------------------
z (a (d y (r (ab (A (f (B (c b (C D E c F y d y k G H I aa x c J K L b y d u M N g k v x k i g d O P s y t) h Q u v R S t n i p h j ab a w x T c s j U ac V e n u r ac r v j W X Y Z AA i q h p j s a l f d m AB c p i g))))))))
z (a (t (f j s j (e q) j p i e z y l h) (r (ab (A (f (B (c b (C D E c F y d y k G H I aa x c J K L b y d u M N g k v x k i g d O P s y t) h Q u v R S t n i p h j ab a w x T c s j U ac V e n u r ac r v j W X Y Z AA i q h p j s a l f d m AB c p i g))))))))
z (a (t (s (b (n g i ab ab s z a i p o a) aa) j (e q) j p i e z y l h) (r (ab (A (f (B (c b (C D E c F y d y k G H I aa x c J K L b y d u M N g k v x k i g d O P s y t) h Q u v R S t n i p h j ab a w x T c s j U ac V e n u r ac r v j W X Y Z AA i q h p j s a l f d m AB c p i g))))))))
z (a (t (c (ad (v h j) t ac j f c q) u y q t (b (n g i ab ab s z a i p o a) aa) j (e q) j p i e z y l h) (r (ab (A (f (B (c b (C D E c F y d y k G H I aa x c J K L b y d u M N g k v x k i g d O P s y t) h Q u v R S t n i p h j ab a w x T c s j U ac V e n u r ac r v j W X Y Z AA i q h p j s a l f d m AB c p i g))))))))
z (a (t (g b r (b (n g i ab ab s z a i p o a) aa) j (e q) j p i e z y l h) (r (ab (A (f (B (c b (C D E c F y d y k G H I aa x c J K L b y d u M N g k v x k i g d O P s y t) h Q u v R S t n i p h j ab a w x T c s j U ac V e n u r ac r v j W X Y Z AA i q h p j s a l f d m AB c p i g))))))))
z (a (t (t (u q b p) p i e z y l h) (r (ab (A (f (B (c b (C D E c F y d y k G H I aa x c J K L b y d u M N g k v x k i g d O P s y t) h Q u v R S t n i p h j ab a w x T c s j U ac V e n u r ac r v j W X Y Z AA i q h p j s a l f d m AB c p i g))))))))
z (a (t (q (g (c ad r n (s g)) p l x) f ad p z a z y l h) (r (ab (A (f (B (c b (C D E c F y d y k G H I aa x c J K L b y d u M N g k v x k i g d O P s y t) h Q u v R S t n i p h j ab a w x T c s j U ac V e n u r ac r v j W X Y Z AA i q h p j s a l f d m AB c p i g))))))))
z (a (t (ab e w x a z y l h) (r (ab (A (f (B (c b (C D E c F y d y k G H I aa x c J K L b y d u M N g k v x k i g d O P s y t) h Q u v R S t n i p h j ab a w x T c s j U ac V e n u r ac r v j W X Y Z AA i q h p j s a l f d m AB c p i g))))))))
z (a (t (aa (w (h (u ac ac ad k ad f) y j aa f w s t f)) e w x a z y l h) (r (ab (A (f (B (c b (C D E c F y d y k G H I aa x c J K L b y d u M N g k v x k i g d O P s y t) h Q u v R S t n i p h j ab a w x T c s j U ac V e n u r ac r v j W X Y Z AA i q h p j s a l f d m AB c p i g))))))))
z (a (t (ab (d ac p m) q (m ac) ad m i x a z y l h) (r (ab (A (f (B (c b (C D E c F y d y k G H I aa x c J K L b y d u M N g k v x k i g d O P s y t) h Q u v R S t n i p h j ab a w x T c s j U ac V e n u r ac r v j W X Y Z AA i q h p j s a l f d m AB c p i g))))))))
z (a (t (aa (w (h (u ac ac ad k ad f) y j aa f w s t f)) (d ac p m) q (m ac) ad m i x a z y l h) (r (ab (A (f (B (c b (C D E c F y d y k G H I aa x c J K L b y d u M N g k v x k i g d O P s y t) h Q u v R S t n i p h j ab a w x T c s j U ac V e n u r ac r v j W X Y Z AA i q h p j s a l f d m AB c p i g))))))))
z (a (t (ab (d ac p m) q (m ac) ad m i (m ac) ad m i x a z y l h) (r (ab (A (f (B (c b (C D E c F y d y k G H I aa x c J K L b y d u M N g k v x k i g d O P s y t) h Q u v R S t n i p h j ab a w x T c s j U ac V e n u r ac r v j W X Y Z AA i q h p j s a l f d m AB c p i g))))))))
z (a (t (aa (w (h (u ac ac ad k ad f) y j aa f w s t f)) (d ac p m) q (m ac) ad m i (m ac) ad m i x a z y l h) (r (ab (A (f (B (c b (C D E c F y d y k G H I aa x c J K L b y d u M N g k v x k i g d O P s y t) h Q u v R S t n i p h j ab a w x T c s j U ac V e n u r ac r v j W X Y Z AA i q h p j s a l f d m AB c p i g))))))))
z (a (t (ab (d ac p m) q (m ac) ad m i (m ac) ad m i (m ac) ad m i x a z y l h) (r (ab (A (f (B (c b (C D E c F y d y k G H I aa x c J K L b y d u M N g k v x k i g d O P s y t) h Q u v R S t n i p h j ab a w x T c s j U ac V e n u r ac r v j W X Y Z AA i q h p j s a l f d m AB c p i g))))))))
z (a (t (aa (w (h (u ac ac ad k ad f) y j aa f w s t f)) (d ac p m) q (m ac) ad m i (m ac) ad m i (m ac) ad m i x a z y l h) (r (ab (A (f (B (c b (C D E c F y d y k G H I aa x c J K L b y d u M N g k v x k i g d O P s y t) h Q u v R S t n i p h j ab a w x T c s j U ac V e n u r ac r v j W X Y Z AA i q h p j s a l f d m AB c p i g))))))))
z (a (t (ab (d ac p m) q (m ac) ad m i (m ac) ad m i (m ac) ad m i (m ac) ad m i x a z y l h) (r (ab (A (f (B (c b (C D E c F y d y k G H I aa x c J K L b y d u M N g k v x k i g d O P s y t) h Q u v R S t n i p h j ab a w x T c s j U ac V e n u r ac r v j W X Y Z AA i q h p j s a l f d m AB c p i g))))))))
z (a (t (aa (w (h (u ac ac ad k ad f) y j aa f w s t f)) (d ac p m) q (m ac) ad m i (m ac) ad m i (m ac) ad m i (m ac) ad m i x a z y l h) (r (ab (A (f (B (c b (C D E c F y d y k G H I aa x c J K L b y d u M N g k v x k i g d O P s y t) h Q u v R S t n i p h j ab a w x T c s j U ac V e n u r ac r v j W X Y Z AA i q h p j s a l f d m AB c p i g))))))))
z (a (t (ab (d ac p m) q (m ac) ad m i (m ac) ad m i (m ac) ad m i (m ac) ad m i (m ac) ad m i x a z y l h) (r (ab (A (f (B (c b (C D E c F y d y k G H I aa x c J K L b y d u M N g k v x k i g d O P s y t) h Q u v R S t n i p h j ab a w x T c s j U ac V e n u r ac r v j W X Y Z AA i q h p j s a l f d m AB c p i g))))))))
z (a (t (aa (w (h (u ac ac ad k ad f) y j aa f w s t f)) (d ac p m) q (m ac) ad m i (m ac) ad m i (m ac) ad m i (m ac) ad m i (m ac) ad m i x a z y l h) (r (ab (A (f (B (c b (C D E c F y d y k G H I aa x c J K L b y d u M N g k v x k i g d O P s y t) h Q u v R S t n i p h j ab a w x T c s j U ac V e n u r ac r v j W X Y Z AA i q h p j s a l f d m AB c p i g))))))))
z (a (t (ab (d ac p m) q (m ac) ad m i (m ac) ad m i (m ac) ad m i (m ac) ad m i (m ac) ad m i (m ac) ad m i x a z y l h) (r (ab (A (f (B (c b (C D E c F y d y k G H I aa x c J K L b y d u M N g k v x k i g d O P s y t) h Q u v R S t n i p h j ab a w x T c s j U ac V e n u r ac r v j W X Y Z AA i q h p j s a l f d m AB c p i g))))))))
z (a (t (aa (w (h (u ac ac ad k ad f) y j aa f w s t f)) (d ac p m) q (m ac) ad m i (m ac) ad m i (m ac) ad m i (m ac) ad m i (m ac) ad m i (m ac) ad m i x a z y l h) (r (ab (A (f (B (c b (C D E c F y d y k G H I aa x c J K L b y d u M N g k v x k i g d O P s y t) h Q u v R S t n i p h j ab a w x T c s j U ac V e n u r ac r v j W X Y Z AA i q h p j s a l f d m AB c p i g))))))))
z (a (t (ab (d ac p m) q (m ac) ad m i (m ac) ad m i (m ac) ad m i (m ac) ad m i (m ac) ad m i (m ac) ad m i (m ac) ad m i x a z y l h) (r (ab (A (f (B (c b (C D E c F y d y k G H I aa x c J K L b y d u M N g k v x k i g d O P s y t) h Q u v R S t n i p h j ab a w x T c s j U ac V e n u r ac r v j W X Y Z AA i q h p j s a l f d m AB c p i g))))))))
z (a (t (aa (w (h (u ac ac ad k ad f) y j aa f w s t f)) (d ac p m) q (m ac) ad m i (m ac) ad m i (m ac) ad m i (m ac) ad m i (m ac) ad m i (m ac) ad m i (m ac) ad m i x a z y l h) (r (ab (A (f (B (c b (C D E c F y d y k G H I aa x c J K L b y d u M N g k v x k i g d O P s y t) h Q u v R S t n i p h j ab a w x T c s j U ac V e n u r ac r v j W X Y Z AA i q h p j s a l f d m AB c p i g))))))))
z (a (t (ab (d ac p m) q (m ac) ad m i (m ac) ad m i (m ac) ad m i (m ac) ad m i (m ac) ad m i (m ac) ad m i (m ac) ad m i (m ac) ad m i x a z y l h) (r (ab (A (f (B (c b (C D E c F y d y k G H I aa x c J K L b y d u M N g k v x k i g d O P s y t) h Q u v R S t n i p h j ab a w x T c s j U ac V e n u r ac r v j W X Y Z AA i q h p j s a l f d m AB c p i g))))))))
z (a (t (aa (w (h (u ac ac ad k ad f) y j aa f w s t f)) (d ac p m) q (m ac) ad m i (m ac) ad m i (m ac) ad m i (m ac) ad m i (m ac) ad m i (m ac) ad m i (m ac) ad m i (m ac) ad m i x a z y l h) (r (ab (A (f (B (c b (C D E c F y d y k G H I aa x c J K L b y d u M N g k v x k i g d O P s y t) h Q u v R S t n i p h j ab a w x T c s j U ac V e n u r ac r v j W X Y Z AA i q h p j s a l f d m AB c p i g))))))))
z (a (t (ab (d ac p m) q (m ac) ad m i (m ac) ad m i (m ac) ad m i (m ac) ad m i (m ac) ad m i (m ac) ad m i (m ac) ad m i (m ac) ad m i (m ac) ad m i x a z y l h) (r (ab (A (f (B (c b (C D E c F y d y k G H I aa x c J K L b y d u M N g k v x k i g d O P s y t) h Q u v R S t n i p h j ab a w x T c s j U ac V e n u r ac r v j W X Y Z AA i q h p j s a l f d m AB c p i g))))))))
z (a (t (aa (w (h (u ac ac ad k ad f) y j aa f w s t f)) (d ac p m) q (m ac) ad m i (m ac) ad m i (m ac) ad m i (m ac) ad m i (m ac) ad m i (m ac) ad m i (m ac) ad m i (m ac) ad m i (m ac) ad m i x a z y l h) (r (ab (A (f (B (c b (C D E c F y d y k G H I aa x c J K L b y d u M N g k v x k i g d O P s y t) h Q u v R S t n i p h j ab a w x T c s j U ac V e n u r ac r v j W X Y Z AA i q h p j s a l f d m AB c p i g))))))))
z (a (t (ab (d ac p m) q (m ac) ad m i (m ac) ad m i (m ac) ad m i (m ac) ad m i (m ac) ad m i (m ac) ad m i (m ac) ad m i (m ac) ad m i (m ac) ad m i (m ac) ad m i x a z y l h) (r (ab (A (f (B (c b (C D E c F y d y k G H I aa x c J K L b y d u M N g k v x k i g d O P s y t) h Q u v R S t n i p h j ab a w x T c s j U ac V e n u r ac r v j W X Y Z AA i q h p j s a l f d m AB c p i g))))))))
z (a (t (aa (w (h (u ac ac ad k ad f) y j aa f w s t f)) (d ac p m) q (m ac) ad m i (m ac) ad m i (m ac) ad m i (m ac) ad m i (m ac) ad m i (m ac) ad m i (m ac) ad m i (m ac) ad m i (m ac) ad m i (m ac) ad m i x a z y l h) (r (ab (A (f (B (c b (C D E c F y d y k G H I aa x c J K L b y d u M N g k v x k i g d O P s y t) h Q u v R S t n i p h j ab a w x T c s j U ac V e n u r ac r v j W X Y Z AA i q h p j s a l f d m AB c p i g))))))))
z (a (t (ab (d ac p m) q (m ac) ad m i (m ac) ad m i (m ac) ad m i (m ac) ad m i (m ac) ad m i (m ac) ad m i (m ac) ad m i (m ac) ad m i (m ac) ad m i (m ac) ad m i (m ac) ad m i x a z y l h) (r (ab (A (f (B (c b (C D E c F y d y k G H I aa x c J K L b y d u M N g k v x k i g d O P s y t) h Q u v R S t n i p h j ab a w x T c s j U ac V e n u r ac r v j W X Y Z AA i q h p j s a l f d m AB c p i g))))))))


