a ae af = d j
b ae af = t c w af l c r e c ab
c aj ae ai ag af ah = v aa (f ab ac q h ac t l a ac b) k aj o
d ag ae ai ah af = a (aa (aa (i l) ab aa) h b ad t n) x w
e af ah ag ae = i (c (ae (p (n (o r h n) j) ae a ab b ah)) n ab)
f ag af ae ah = w (i s) g r (m m) b v o u ad
g ah ai ae af aj ag = i (af c ad y c)
h = a (o u w f r b b g b c i t t)
i ag ae ah aj af ai = j x m a w aj z h v e o ab q n l ac b
j ae af = g (y k t m f ac u ac b) q r l u af u
k af ag ah ae = t e h ac ac
l ae af ag ah = i w o ac ag v ab ag m ac
m ae ag ah ai aj af = a ac w q ae b w c b u a
n ae ag ah af = af c f y ab o f ab y q
o ae = t (x (y i a g ae h u z n r s ae) n r p i)
p = ab (h (x (q z d ad l)) o) c a aa u w n
q ag af ah ae = aa (d (ah ab t v g ad c j) c)
r af ah ae ag = i a (w (ag t ad ag) g a c j) e x
s = i (ab g z a b aa) d i q w b r i aa p ab q
t = b (q g a ab w j m m aa) e s j e e ac u
u ae = ae (ab z (s r i f i z o c ad ae g k))
v = i (j (f i o l) e z)
w af ae ag = p p (d (q aa f ac q g m aa f o))
x af ae ag = ab (p ac m (e ad) r t)
y af ah ag ai ae aj = n (s (m t aa i)) i a af r v m w
z af ag ae = a (h ad aa b o c ab j)
aa ag ae af = w (d (m (v z n x d z b) o ab j f z r b a))
ab af ag ae = j (e v af ag z c e j m c o c t i z t)
ac af ah ae ag = y (d b w ab p k i p t f s s z b m t j)
ad ah ae af ag = t (t (q z c v ae)) ac ac y w q s
main = z (d (A (l (k (q (B (z (x (x (C (a (D (E s (aa (F (G H t ab I ab c a z b J K L h M c d ad ab z aa y r) i s l i N O x k u P Q R S o q x) f f) T j ad w U V n b a W X s Y t Z b) AA AB AC a r) l AD AE AF t d z g AG ad r AH aa AI AJ AK AL AM aa g) AN))))))))))
------------------------------------------------------------
z (d (A (l (k (q (B (z (x (x (C (a (D (E s (aa (F (G H t ab I ab c a z b J K L h M c d ad ab z aa y r) i s l i N O x k u P Q R S o q x) f f) T j ad w U V n b a W X s Y t Z b) AA AB AC a r) l AD AE AF t d z g AG ad r AH aa AI AJ AK AL AM aa g) AN))))))))))
z (d (A (l (k (q (B (z (x (x (C (d j AD AE AF t d z g AG ad r AH aa AI AJ AK AL AM aa g) AN))))))))))
z (d (A (l (k (q (B (z (x (x (C (a (aa (aa (i l) ab aa) h b ad t n) x w d z g AG ad r AH aa AI AJ AK AL AM aa g) AN))))))))))
z (d (A (l (k (q (B (z (x (x (C (d j w d z g AG ad r AH aa AI AJ AK AL AM aa g) AN))))))))))
z (d (A (l (k (q (B (z (x (x (C (a (aa (aa (i l) ab aa) h b ad t n) x w AG ad r AH aa AI AJ AK AL AM aa g) AN))))))))))
z (d (A (l (k (q (B (z (x (x (C (d j w AG ad r AH aa AI AJ AK AL AM aa g) AN))))))))))
z (d (A (l (k (q (B (z (x (x (C (a (aa (aa (i l) ab aa) h b ad t n) x w AH aa AI AJ AK AL AM aa g) AN))))))))))
z (d (A (l (k (q (B (z (x (x (C (d j w AH aa AI AJ AK AL AM aa g) AN))))))))))
z (d (A (l (k (q (B (z (x (x (C (a (aa (aa (i l) ab aa) h b ad t n) x w AJ AK AL AM aa g) AN))))))))))
z (d (A (l (k (q (B (z (x (x (C (d j w AJ AK AL AM aa g) AN))))))))))
z (d (A (l (k (q (B (z (x (x (C (a (aa (aa (i l) ab aa) h b ad t n) x w AM aa g) AN))))))))))
z (d (A (l (k (q (B (z (x (x (C (d j w AM aa g) AN))))))))))
z (d (A (l (k (q (B (z (x (x (C (a (aa (aa (i l) ab aa) h b ad t n) x w) AN))))))))))
z (d (A (l (k (q (B (z (x (x (C (d j w) AN))))))))))


