a ah af aj ag ae ai h (c u ac q aa k g q g m ac f ab g)
b ae ad (j (a v) s q d ac i v)
c af ae a o (ac af u u m l r j af n) f g y
d ah ai ae ag af aj s (l i v p g ab o x a) h z v u o w t
e af ag ae t (o (g i) v o b y g c c) t x i
f ae ag af aa (c g ac h) d q b u l d o ab r
g af ag ae y (z (m u) c q ag c a) h n i z n
h ae af q (s o) q e v c f w w l u
i ae m (u w w c) t w x e
j af ai ah ae ag z (f p t ac l ag) y
k ag ah ae ai aj af f ad t p l q c aa x
l ah af ae ai ag x y s y k g k ag ae i z u j ac v
m ag af ae ad (i j (p p d))
n af ae ae b b u i
o af ah ai ae ag m (b (l ag a l p l n t)) aa
p ae ab (m (r l e (ad r h) m v s e k f g ae))
q af ae ag f
r ae ag af k a o q ab v ae g aa g u f e h a o b ag
s ae f k i x ae k
t af ag ai ah ae u (x (c (c f p h ac j l i ad q q b x l ad)))
u ah ag af ae aa (s j h ac f) o y t
v y b z h l x j d e m r m
w af ae ag ah ag (y ad v ae b z r) g ac o q u ad aa p
x af aj ah ai ag ae e (k a n b c)
y af ae ae r h ae w s h ae u c
z ae af e o f b v y o y k e
aa ag af ae q s q j r b f m n ab
ab af ah ag ae ad
ac d (q j d p aa f s d k v t y u t z z)
ad af ag ae x ac ae l n u d p ac j a
main e A (B (C (h (D (p (s (E (u (l (g (j b j o F G ab H h z I J ad aa K z L o M N t ac aa f h a f O i g P Q R S T x h U V W X Y ac i j u Z aa d aa AA w r z m) d AB s f x ac) u e g AC h AD p l g l f c z ad AE h AF w m AG v aa j w q n j)))))))))
------------------------------------------------------------
e A (B (C (h (D (p (s (E (u (l (g (j b j o F G ab H h z I J ad aa K z L o M N t ac aa f h a f O i g P Q R S T x h U V W X Y ac i j u Z aa d aa AA w r z m) d AB s f x ac) u e g AC h AD p l g l f c z ad AE h AF w m AG v aa j w q n j)))))))))
e A (B (C (h (D (ab (m (r l e (ad r h) m v s e k f g (s (E (u (l (g (j b j o F G ab H h z I J ad aa K z L o M N t ac aa f h a f O i g P Q R S T x h U V W X Y ac i j u Z aa d aa AA w r z m) d AB s f x ac) u e g AC h AD p l g l f c z ad AE h AF w m AG v aa j w q n j)))))))))))
e A (B (C (h (D (ab (m (k a o q ab v l g aa g u f e h a o b e m v s e k f g (s (E (u (l (g (j b j o F G ab H h z I J ad aa K z L o M N t ac aa f h a f O i g P Q R S T x h U V W X Y ac i j u Z aa d aa AA w r z m) d AB s f x ac) u e g AC h AD p l g l f c z ad AE h AF w m AG v aa j w q n j)))))))))))
e A (B (C (h (D (ab (m (f ad t p l q c aa x g aa g u f e h a o b e m v s e k f g (s (E (u (l (g (j b j o F G ab H h z I J ad aa K z L o M N t ac aa f h a f O i g P Q R S T x h U V W X Y ac i j u Z aa d aa AA w r z m) d AB s f x ac) u e g AC h AD p l g l f c z ad AE h AF w m AG v aa j w q n j)))))))))))
e A (B (C (h (D (ab (m (aa (c g ac h) d q b u l d o ab r l q c aa x g aa g u f e h a o b e m v s e k f g (s (E (u (l (g (j b j o F G ab H h z I J ad aa K z L o M N t ac aa f h a f O i g P Q R S T x h U V W X Y ac i j u Z aa d aa AA w r z m) d AB s f x ac) u e g AC h AD p l g l f c z ad AE h AF w m AG v aa j w q n j)))))))))))
e A (B (C (h (D (ab (m (q s q j r b f m n ab b u l d o ab r l q c aa x g aa g u f e h a o b e m v s e k f g (s (E (u (l (g (j b j o F G ab H h z I J ad aa K z L o M N t ac aa f h a f O i g P Q R S T x h U V W X Y ac i j u Z aa d aa AA w r z m) d AB s f x ac) u e g AC h AD p l g l f c z ad AE h AF w m AG v aa j w q n j)))))))))))
e A (B (C (h (D (ab (m (f r b f m n ab b u l d o ab r l q c aa x g aa g u f e h a o b e m v s e k f g (s (E (u (l (g (j b j o F G ab H h z I J ad aa K z L o M N t ac aa f h a f O i g P Q R S T x h U V W X Y ac i j u Z aa d aa AA w r z m) d AB s f x ac) u e g AC h AD p l g l f c z ad AE h AF w m AG v aa j w q n j)))))))))))
e A (B (C (h (D (ab (m (aa (c g ac h) d q b u l d o ab r m n ab b u l d o ab r l q c aa x g aa g u f e h a o b e m v s e k f g (s (E (u (l (g (j b j o F G ab H h z I J ad aa K z L o M N t ac aa f h a f O i g P Q R S T x h U V W X Y ac i j u Z aa d aa AA w r z m) d AB s f x ac) u e g AC h AD p l g l f c z ad AE h AF w m AG v aa j w q n j)))))))))))
e A (B (C (h (D (ab (m (q s q j r b f m n ab b u l d o ab r m n ab b u l d o ab r l q c aa x g aa g u f e h a o b e m v s e k f g (s (E (u (l (g (j b j o F G ab H h z I J ad aa K z L o M N t ac aa f h a f O i g P Q R S T x h U V W X Y ac i j u Z aa d aa AA w r z m) d AB s f x ac) u e g AC h AD p l g l f c z ad AE h AF w m AG v aa j w q n j)))))))))))
e A (B (C (h (D (ab (m (f r b f m n ab b u l d o ab r m n ab b u l d o ab r l q c aa x g aa g u f e h a o b e m v s e k f g (s (E (u (l (g (j b j o F G ab H h z I J ad aa K z L o M N t ac aa f h a f O i g P Q R S T x h U V W X Y ac i j u Z aa d aa AA w r z m) d AB s f x ac) u e g AC h AD p l g l f c z ad AE h AF w m AG v aa j w q n j)))))))))))
e A (B (C (h (D (ab (m (aa (c g ac h) d q b u l d o ab r m n ab b u l d o ab r m n ab b u l d o ab r l q c aa x g aa g u f e h a o b e m v s e k f g (s (E (u (l (g (j b j o F G ab H h z I J ad aa K z L o M N t ac aa f h a f O i g P Q R S T x h U V W X Y ac i j u Z aa d aa AA w r z m) d AB s f x ac) u e g AC h AD p l g l f c z ad AE h AF w m AG v aa j w q n j)))))))))))
e A (B (C (h (D (ab (m (q s q j r b f m n ab b u l d o ab r m n ab b u l d o ab r m n ab b u l d o ab r l q c aa x g aa g u f e h a o b e m v s e k f g (s (E (u (l (g (j b j o F G ab H h z I J ad aa K z L o M N t ac aa f h a f O i g P Q R S T x h U V W X Y ac i j u Z aa d aa AA w r z m) d AB s f x ac) u e g AC h AD p l g l f c z ad AE h AF w m AG v aa j w q n j)))))))))))
e A (B (C (h (D (ab (m (f r b f m n ab b u l d o ab r m n ab b u l d o ab r m n ab b u l d o ab r l q c aa x g aa g u f e h a o b e m v s e k f g (s (E (u (l (g (j b j o F G ab H h z I J ad aa K z L o M N t ac aa f h a f O i g P Q R S T x h U V W X Y ac i j u Z aa d aa AA w r z m) d AB s f x ac) u e g AC h AD p l g l f c z ad AE h AF w m AG v aa j w q n j)))))))))))
e A (B (C (h (D (ab (m (aa (c g ac h) d q b u l d o ab r m n ab b u l d o ab r m n ab b u l d o ab r m n ab b u l d o ab r l q c aa x g aa g u f e h a o b e m v s e k f g (s (E (u (l (g (j b j o F G ab H h z I J ad aa K z L o M N t ac aa f h a f O i g P Q R S T x h U V W X Y ac i j u Z aa d aa AA w r z m) d AB s f x ac) u e g AC h AD p l g l f c z ad AE h AF w m AG v aa j w q n j)))))))))))
e A (B (C (h (D (ab (m (q s q j r b f m n ab b u l d o ab r m n ab b u l d o ab r m n ab b u l d o ab r m n ab b u l d o ab r l q c aa x g aa g u f e h a o b e m v s e k f g (s (E (u (l (g (j b j o F G ab H h z I J ad aa K z L o M N t ac aa f h a f O i g P Q R S T x h U V W X Y ac i j u Z aa d aa AA w r z m) d AB s f x ac) u e g AC h AD p l g l f c z ad AE h AF w m AG v aa j w q n j)))))))))))
e A (B (C (h (D (ab (m (f r b f m n ab b u l d o ab r m n ab b u l d o ab r m n ab b u l d o ab r m n ab b u l d o ab r l q c aa x g aa g u f e h a o b e m v s e k f g (s (E (u (l (g (j b j o F G ab H h z I J ad aa K z L o M N t ac aa f h a f O i g P Q R S T x h U V W X Y ac i j u Z aa d aa AA w r z m) d AB s f x ac) u e g AC h AD p l g l f c z ad AE h AF w m AG v aa j w q n j)))))))))))
e A (B (C (h (D (ab (m (aa (c g ac h) d q b u l d o ab r m n ab b u l d o ab r m n ab b u l d o ab r m n ab b u l d o ab r m n ab b u l d o ab r l q c aa x g aa g u f e h a o b e m v s e k f g (s (E (u (l (g (j b j o F G ab H h z I J ad aa K z L o M N t ac aa f h a f O i g P Q R S T x h U V W X Y ac i j u Z aa d aa AA w r z m) d AB s f x ac) u e g AC h AD p l g l f c z ad AE h AF w m AG v aa j w q n j)))))))))))
e A (B (C (h (D (ab (m (q s q j r b f m n ab b u l d o ab r m n ab b u l d o ab r m n ab b u l d o ab r m n ab b u l d o ab r m n ab b u l d o ab r l q c aa x g aa g u f e h a o b e m v s e k f g (s (E (u (l (g (j b j o F G ab H h z I J ad aa K z L o M N t ac aa f h a f O i g P Q R S T x h U V W X Y ac i j u Z aa d aa AA w r z m) d AB s f x ac) u e g AC h AD p l g l f c z ad AE h AF w m AG v aa j w q n j)))))))))))
e A (B (C (h (D (ab (m (f r b f m n ab b u l d o ab r m n ab b u l d o ab r m n ab b u l d o ab r m n ab b u l d o ab r m n ab b u l d o ab r l q c aa x g aa g u f e h a o b e m v s e k f g (s (E (u (l (g (j b j o F G ab H h z I J ad aa K z L o M N t ac aa f h a f O i g P Q R S T x h U V W X Y ac i j u Z aa d aa AA w r z m) d AB s f x ac) u e g AC h AD p l g l f c z ad AE h AF w m AG v aa j w q n j)))))))))))
e A (B (C (h (D (ab (m (aa (c g ac h) d q b u l d o ab r m n ab b u l d o ab r m n ab b u l d o ab r m n ab b u l d o ab r m n ab b u l d o ab r m n ab b u l d o ab r l q c aa x g aa g u f e h a o b e m v s e k f g (s (E (u (l (g (j b j o F G ab H h z I J ad aa K z L o M N t ac aa f h a f O i g P Q R S T x h U V W X Y ac i j u Z aa d aa AA w r z m) d AB s f x ac) u e g AC h AD p l g l f c z ad AE h AF w m AG v aa j w q n j)))))))))))
e A (B (C (h (D (ab (m (q s q j r b f m n ab b u l d o ab r m n ab b u l d o ab r m n ab b u l d o ab r m n ab b u l d o ab r m n ab b u l d o ab r m n ab b u l d o ab r l q c aa x g aa g u f e h a o b e m v s e k f g (s (E (u (l (g (j b j o F G ab H h z I J ad aa K z L o M N t ac aa f h a f O i g P Q R S T x h U V W X Y ac i j u Z aa d aa AA w r z m) d AB s f x ac) u e g AC h AD p l g l f c z ad AE h AF w m AG v aa j w q n j)))))))))))
e A (B (C (h (D (ab (m (f r b f m n ab b u l d o ab r m n ab b u l d o ab r m n ab b u l d o ab r m n ab b u l d o ab r m n ab b u l d o ab r m n ab b u l d o ab r l q c aa x g aa g u f e h a o b e m v s e k f g (s (E (u (l (g (j b j o F G ab H h z I J ad aa K z L o M N t ac aa f h a f O i g P Q R S T x h U V W X Y ac i j u Z aa d aa AA w r z m) d AB s f x ac) u e g AC h AD p l g l f c z ad AE h AF w m AG v aa j w q n j)))))))))))
e A (B (C (h (D (ab (m (aa (c g ac h) d q b u l d o ab r m n ab b u l d o ab r m n ab b u l d o ab r m n ab b u l d o ab r m n ab b u l d o ab r m n ab b u l d o ab r m n ab b u l d o ab r l q c aa x g aa g u f e h a o b e m v s e k f g (s (E (u (l (g (j b j o F G ab H h z I J ad aa K z L o M N t ac aa f h a f O i g P Q R S T x h U V W X Y ac i j u Z aa d aa AA w r z m) d AB s f x ac) u e g AC h AD p l g l f c z ad AE h AF w m AG v aa j w q n j)))))))))))
e A (B (C (h (D (ab (m (q s q j r b f m n ab b u l d o ab r m n ab b u l d o ab r m n ab b u l d o ab r m n ab b u l d o ab r m n ab b u l d o ab r m n ab b u l d o ab r m n ab b u l d o ab r l q c aa x g aa g u f e h a o b e m v s e k f g (s (E (u (l (g (j b j o F G ab H h z I J ad aa K z L o M N t ac aa f h a f O i g P Q R S T x h U V W X Y ac i j u Z aa d aa AA w r z m) d AB s f x ac) u e g AC h AD p l g l f c z ad AE h AF w m AG v aa j w q n j)))))))))))
e A (B (C (h (D (ab (m (f r b f m n ab b u l d o ab r m n ab b u l d o ab r m n ab b u l d o ab r m n ab b u l d o ab r m n ab b u l d o ab r m n ab b u l d o ab r m n ab b u l d o ab r l q c aa x g aa g u f e h a o b e m v s e k f g (s (E (u (l (g (j b j o F G ab H h z I J ad aa K z L o M N t ac aa f h a f O i g P Q R S T x h U V W X Y ac i j u Z aa d aa AA w r z m) d AB s f x ac) u e g AC h AD p l g l f c z ad AE h AF w m AG v aa j w q n j)))))))))))
e A (B (C (h (D (ab (m (aa (c g ac h) d q b u l d o ab r m n ab b u l d o ab r m n ab b u l d o ab r m n ab b u l d o ab r m n ab b u l d o ab r m n ab b u l d o ab r m n ab b u l d o ab r m n ab b u l d o ab r l q c aa x g aa g u f e h a o b e m v s e k f g (s (E (u (l (g (j b j o F G ab H h z I J ad aa K z L o M N t ac aa f h a f O i g P Q R S T x h U V W X Y ac i j u Z aa d aa AA w r z m) d AB s f x ac) u e g AC h AD p l g l f c z ad AE h AF w m AG v aa j w q n j)))))))))))
e A (B (C (h (D (ab (m (q s q j r b f m n ab b u l d o ab r m n ab b u l d o ab r m n ab b u l d o ab r m n ab b u l d o ab r m n ab b u l d o ab r m n ab b u l d o ab r m n ab b u l d o ab r m n ab b u l d o ab r l q c aa x g aa g u f e h a o b e m v s e k f g (s (E (u (l (g (j b j o F G ab H h z I J ad aa K z L o M N t ac aa f h a f O i g P Q R S T x h U V W X Y ac i j u Z aa d aa AA w r z m) d AB s f x ac) u e g AC h AD p l g l f c z ad AE h AF w m AG v aa j w q n j)))))))))))
e A (B (C (h (D (ab (m (f r b f m n ab b u l d o ab r m n ab b u l d o ab r m n ab b u l d o ab r m n ab b u l d o ab r m n ab b u l d o ab r m n ab b u l d o ab r m n ab b u l d o ab r m n ab b u l d o ab r l q c aa x g aa g u f e h a o b e m v s e k f g (s (E (u (l (g (j b j o F G ab H h z I J ad aa K z L o M N t ac aa f h a f O i g P Q R S T x h U V W X Y ac i j u Z aa d aa AA w r z m) d AB s f x ac) u e g AC h AD p l g l f c z ad AE h AF w m AG v aa j w q n j)))))))))))
e A (B (C (h (D (ab (m (aa (c g ac h) d q b u l d o ab r m n ab b u l d o ab r m n ab b u l d o ab r m n ab b u l d o ab r m n ab b u l d o ab r m n ab b u l d o ab r m n ab b u l d o ab r m n ab b u l d o ab r m n ab b u l d o ab r l q c aa x g aa g u f e h a o b e m v s e k f g (s (E (u (l (g (j b j o F G ab H h z I J ad aa K z L o M N t ac aa f h a f O i g P Q R S T x h U V W X Y ac i j u Z aa d aa AA w r z m) d AB s f x ac) u e g AC h AD p l g l f c z ad AE h AF w m AG v aa j w q n j)))))))))))
e A (B (C (h (D (ab (m (q s q j r b f m n ab b u l d o ab r m n ab b u l d o ab r m n ab b u l d o ab r m n ab b u l d o ab r m n ab b u l d o ab r m n ab b u l d o ab r m n ab b u l d o ab r m n ab b u l d o ab r m n ab b u l d o ab r l q c aa x g aa g u f e h a o b e m v s e k f g (s (E (u (l (g (j b j o F G ab H h z I J ad aa K z L o M N t ac aa f h a f O i g P Q R S T x h U V W X Y ac i j u Z aa d aa AA w r z m) d AB s f x ac) u e g AC h AD p l g l f c z ad AE h AF w m AG v aa j w q n j)))))))))))


