a = e (x e z s) w o u c k i e t
b ae = ad v (u (aa (i v ae) h (p i z i u) z ad a m ad))
c af ai ag ah ae = ad (e x n a) r d aa e ac w b
d = m o u m c k k ab g h y n o i k
e ag ae ah af = a (n (ag ab z g d d d m w s x w k ad l))
f ae af = i (g af) t x p z r v
g ae af = o (r (f (j u d a (ad o p))) (u i)) r
h ae af = b r z ae b i k r n i
i = j n b aa d k c y g m
j ai ag ah ae af = ad n af z q m ad
k ae = e (c (e a z o ac) ae d ad) a aa s ae h f
l aj af ae ai ah ag = z (a (o s u ag f z ad s g ah aa ab) h i ab)
m = t (i j z ac d o t z v)
n = r a l x h
o = ab (ac (x (l (k (ab v)) k) f c h h) u a ab h) g z
p ae aj ah ai ag af = x d w ab e i k m a b q
q ai aj ah ag af ae = z (x (d f f i) k c ae) l s j c j p
r = a (g k a l j u k s l k a g u o d z)
s ah aj ae af ag ai = c ac n v b a ag p m b ac e b r
t af ae = j l ae
u ae ah ag ai af aj = q (b (y n b)) x aa c g ac ab w ac e
v aj ae ag ah ai af = l x p o ad p y n y z m
w af ae ag = b f a ae s a h b s k u aa
x = l z y a g d p
y ae = u (k r ab) ac h p ad l
z af ae = h (s (m ae r) p m m e l i h q v k y m)
aa ag ae af ai ah = w n l ai i e j y w ad h c s e y g
ab ae = j b aa r n n s ac a y b
ac = i r h m k f c g y u l
ad ai ah ae ag af = n (ae n aa) x m ab
main = A (c (B (ab (ad (m r r C h) h t e m D b i z c g o a) l j a E F G a p b H i u I J K L M N e O b n P g e g w o v Q a o o R aa S q T ab aa U V p l W l t j k q u ab s v u r t g a l k X s Y Z d x m z) z w e AA AB AC r n m))
------------------------------------------------------------
A (c (B (ab (ad (m r r C h) h t e m D b i z c g o a) l j a E F G a p b H i u I J K L M N e O b n P g e g w o v Q a o o R aa S q T ab aa U V p l W l t j k q u ab s v u r t g a l k X s Y Z d x m z) z w e AA AB AC r n m))
A (c (B (j b aa r n n s ac a y b l j a E F G a p b H i u I J K L M N e O b n P g e g w o v Q a o o R aa S q T ab aa U V p l W l t j k q u ab s v u r t g a l k X s Y Z d x m z) z w e AA AB AC r n m))
A (c (B (ad n n z q m ad s ac a y b l j a E F G a p b H i u I J K L M N e O b n P g e g w o v Q a o o R aa S q T ab aa U V p l W l t j k q u ab s v u r t g a l k X s Y Z d x m z) z w e AA AB AC r n m))
A (c (B (n (z n aa) x m ab ad s ac a y b l j a E F G a p b H i u I J K L M N e O b n P g e g w o v Q a o o R aa S q T ab aa U V p l W l t j k q u ab s v u r t g a l k X s Y Z d x m z) z w e AA AB AC r n m))
A (c (B (r a l x h (z n aa) x m ab ad s ac a y b l j a E F G a p b H i u I J K L M N e O b n P g e g w o v Q a o o R aa S q T ab aa U V p l W l t j k q u ab s v u r t g a l k X s Y Z d x m z) z w e AA AB AC r n m))
A (c (B (a (g k a l j u k s l k a g u o d z) a l x h (z n aa) x m ab ad s ac a y b l j a E F G a p b H i u I J K L M N e O b n P g e g w o v Q a o o R aa S q T ab aa U V p l W l t j k q u ab s v u r t g a l k X s Y Z d x m z) z w e AA AB AC r n m))
A (c (B (e (x e z s) w o u c k i e t (g k a l j u k s l k a g u o d z) a l x h (z n aa) x m ab ad s ac a y b l j a E F G a p b H i u I J K L M N e O b n P g e g w o v Q a o o R aa S q T ab aa U V p l W l t j k q u ab s v u r t g a l k X s Y Z d x m z) z w e AA AB AC r n m))
A (c (B (a (n (x e z s ab z g d d d m w s x w k ad l)) c k i e t (g k a l j u k s l k a g u o d z) a l x h (z n aa) x m ab ad s ac a y b l j a E F G a p b H i u I J K L M N e O b n P g e g w o v Q a o o R aa S q T ab aa U V p l W l t j k q u ab s v u r t g a l k X s Y Z d x m z) z w e AA AB AC r n m))
A (c (B (e (x e z s) w o u c k i e t (n (x e z s ab z g d d d m w s x w k ad l)) c k i e t (g k a l j u k s l k a g u o d z) a l x h (z n aa) x m ab ad s ac a y b l j a E F G a p b H i u I J K L M N e O b n P g e g w o v Q a o o R aa S q T ab aa U V p l W l t j k q u ab s v u r t g a l k X s Y Z d x m z) z w e AA AB AC r n m))
A (c (B (a (n (x e z s ab z g d d d m w s x w k ad l)) c k i e t (n (x e z s ab z g d d d m w s x w k ad l)) c k i e t (g k a l j u k s l k a g u o d z) a l x h (z n aa) x m ab ad s ac a y b l j a E F G a p b H i u I J K L M N e O b n P g e g w o v Q a o o R aa S q T ab aa U V p l W l t j k q u ab s v u r t g a l k X s Y Z d x m z) z w e AA AB AC r n m))
A (c (B (e (x e z s) w o u c k i e t (n (x e z s ab z g d d d m w s x w k ad l)) c k i e t (n (x e z s ab z g d d d m w s x w k ad l)) c k i e t (g k a l j u k s l k a g u o d z) a l x h (z n aa) x m ab ad s ac a y b l j a E F G a p b H i u I J K L M N e O b n P g e g w o v Q a o o R aa S q T ab aa U V p l W l t j k q u ab s v u r t g a l k X s Y Z d x m z) z w e AA AB AC r n m))
A (c (B (a (n (x e z s ab z g d d d m w s x w k ad l)) c k i e t (n (x e z s ab z g d d d m w s x w k ad l)) c k i e t (n (x e z s ab z g d d d m w s x w k ad l)) c k i e t (g k a l j u k s l k a g u o d z) a l x h (z n aa) x m ab ad s ac a y b l j a E F G a p b H i u I J K L M N e O b n P g e g w o v Q a o o R aa S q T ab aa U V p l W l t j k q u ab s v u r t g a l k X s Y Z d x m z) z w e AA AB AC r n m))
A (c (B (e (x e z s) w o u c k i e t (n (x e z s ab z g d d d m w s x w k ad l)) c k i e t (n (x e z s ab z g d d d m w s x w k ad l)) c k i e t (n (x e z s ab z g d d d m w s x w k ad l)) c k i e t (g k a l j u k s l k a g u o d z) a l x h (z n aa) x m ab ad s ac a y b l j a E F G a p b H i u I J K L M N e O b n P g e g w o v Q a o o R aa S q T ab aa U V p l W l t j k q u ab s v u r t g a l k X s Y Z d x m z) z w e AA AB AC r n m))
A (c (B (a (n (x e z s ab z g d d d m w s x w k ad l)) c k i e t (n (x e z s ab z g d d d m w s x w k ad l)) c k i e t (n (x e z s ab z g d d d m w s x w k ad l)) c k i e t (n (x e z s ab z g d d d m w s x w k ad l)) c k i e t (g k a l j u k s l k a g u o d z) a l x h (z n aa) x m ab ad s ac a y b l j a E F G a p b H i u I J K L M N e O b n P g e g w o v Q a o o R aa S q T ab aa U V p l W l t j k q u ab s v u r t g a l k X s Y Z d x m z) z w e AA AB AC r n m))
A (c (B (e (x e z s) w o u c k i e t (n (x e z s ab z g d d d m w s x w k ad l)) c k i e t (n (x e z s ab z g d d d m w s x w k ad l)) c k i e t (n (x e z s ab z g d d d m w s x w k ad l)) c k i e t (n (x e z s ab z g d d d m w s x w k ad l)) c k i e t (g k a l j u k s l k a g u o d z) a l x h (z n aa) x m ab ad s ac a y b l j a E F G a p b H i u I J K L M N e O b n P g e g w o v Q a o o R aa S q T ab aa U V p l W l t j k q u ab s v u r t g a l k X s Y Z d x m z) z w e AA AB AC r n m))
A (c (B (a (n (x e z s ab z g d d d m w s x w k ad l)) c k i e t (n (x e z s ab z g d d d m w s x w k ad l)) c k i e t (n (x e z s ab z g d d d m w s x w k ad l)) c k i e t (n (x e z s ab z g d d d m w s x w k ad l)) c k i e t (n (x e z s ab z g d d d m w s x w k ad l)) c k i e t (g k a l j u k s l k a g u o d z) a l x h (z n aa) x m ab ad s ac a y b l j a E F G a p b H i u I J K L M N e O b n P g e g w o v Q a o o R aa S q T ab aa U V p l W l t j k q u ab s v u r t g a l k X s Y Z d x m z) z w e AA AB AC r n m))
A (c (B (e (x e z s) w o u c k i e t (n (x e z s ab z g d d d m w s x w k ad l)) c k i e t (n (x e z s ab z g d d d m w s x w k ad l)) c k i e t (n (x e z s ab z g d d d m w s x w k ad l)) c k i e t (n (x e z s ab z g d d d m w s x w k ad l)) c k i e t (n (x e z s ab z g d d d m w s x w k ad l)) c k i e t (g k a l j u k s l k a g u o d z) a l x h (z n aa) x m ab ad s ac a y b l j a E F G a p b H i u I J K L M N e O b n P g e g w o v Q a o o R aa S q T ab aa U V p l W l t j k q u ab s v u r t g a l k X s Y Z d x m z) z w e AA AB AC r n m))
A (c (B (a (n (x e z s ab z g d d d m w s x w k ad l)) c k i e t (n (x e z s ab z g d d d m w s x w k ad l)) c k i e t (n (x e z s ab z g d d d m w s x w k ad l)) c k i e t (n (x e z s ab z g d d d m w s x w k ad l)) c k i e t (n (x e z s ab z g d d d m w s x w k ad l)) c k i e t (n (x e z s ab z g d d d m w s x w k ad l)) c k i e t (g k a l j u k s l k a g u o d z) a l x h (z n aa) x m ab ad s ac a y b l j a E F G a p b H i u I J K L M N e O b n P g e g w o v Q a o o R aa S q T ab aa U V p l W l t j k q u ab s v u r t g a l k X s Y Z d x m z) z w e AA AB AC r n m))
A (c (B (e (x e z s) w o u c k i e t (n (x e z s ab z g d d d m w s x w k ad l)) c k i e t (n (x e z s ab z g d d d m w s x w k ad l)) c k i e t (n (x e z s ab z g d d d m w s x w k ad l)) c k i e t (n (x e z s ab z g d d d m w s x w k ad l)) c k i e t (n (x e z s ab z g d d d m w s x w k ad l)) c k i e t (n (x e z s ab z g d d d m w s x w k ad l)) c k i e t (g k a l j u k s l k a g u o d z) a l x h (z n aa) x m ab ad s ac a y b l j a E F G a p b H i u I J K L M N e O b n P g e g w o v Q a o o R aa S q T ab aa U V p l W l t j k q u ab s v u r t g a l k X s Y Z d x m z) z w e AA AB AC r n m))
A (c (B (a (n (x e z s ab z g d d d m w s x w k ad l)) c k i e t (n (x e z s ab z g d d d m w s x w k ad l)) c k i e t (n (x e z s ab z g d d d m w s x w k ad l)) c k i e t (n (x e z s ab z g d d d m w s x w k ad l)) c k i e t (n (x e z s ab z g d d d m w s x w k ad l)) c k i e t (n (x e z s ab z g d d d m w s x w k ad l)) c k i e t (n (x e z s ab z g d d d m w s x w k ad l)) c k i e t (g k a l j u k s l k a g u o d z) a l x h (z n aa) x m ab ad s ac a y b l j a E F G a p b H i u I J K L M N e O b n P g e g w o v Q a o o R aa S q T ab aa U V p l W l t j k q u ab s v u r t g a l k X s Y Z d x m z) z w e AA AB AC r n m))
A (c (B (e (x e z s) w o u c k i e t (n (x e z s ab z g d d d m w s x w k ad l)) c k i e t (n (x e z s ab z g d d d m w s x w k ad l)) c k i e t (n (x e z s ab z g d d d m w s x w k ad l)) c k i e t (n (x e z s ab z g d d d m w s x w k ad l)) c k i e t (n (x e z s ab z g d d d m w s x w k ad l)) c k i e t (n (x e z s ab z g d d d m w s x w k ad l)) c k i e t (n (x e z s ab z g d d d m w s x w k ad l)) c k i e t (g k a l j u k s l k a g u o d z) a l x h (z n aa) x m ab ad s ac a y b l j a E F G a p b H i u I J K L M N e O b n P g e g w o v Q a o o R aa S q T ab aa U V p l W l t j k q u ab s v u r t g a l k X s Y Z d x m z) z w e AA AB AC r n m))
A (c (B (a (n (x e z s ab z g d d d m w s x w k ad l)) c k i e t (n (x e z s ab z g d d d m w s x w k ad l)) c k i e t (n (x e z s ab z g d d d m w s x w k ad l)) c k i e t (n (x e z s ab z g d d d m w s x w k ad l)) c k i e t (n (x e z s ab z g d d d m w s x w k ad l)) c k i e t (n (x e z s ab z g d d d m w s x w k ad l)) c k i e t (n (x e z s ab z g d d d m w s x w k ad l)) c k i e t (n (x e z s ab z g d d d m w s x w k ad l)) c k i e t (g k a l j u k s l k a g u o d z) a l x h (z n aa) x m ab ad s ac a y b l j a E F G a p b H i u I J K L M N e O b n P g e g w o v Q a o o R aa S q T ab aa U V p l W l t j k q u ab s v u r t g a l k X s Y Z d x m z) z w e AA AB AC r n m))
A (c (B (e (x e z s) w o u c k i e t (n (x e z s ab z g d d d m w s x w k ad l)) c k i e t (n (x e z s ab z g d d d m w s x w k ad l)) c k i e t (n (x e z s ab z g d d d m w s x w k ad l)) c k i e t (n (x e z s ab z g d d d m w s x w k ad l)) c k i e t (n (x e z s ab z g d d d m w s x w k ad l)) c k i e t (n (x e z s ab z g d d d m w s x w k ad l)) c k i e t (n (x e z s ab z g d d d m w s x w k ad l)) c k i e t (n (x e z s ab z g d d d m w s x w k ad l)) c k i e t (g k a l j u k s l k a g u o d z) a l x h (z n aa) x m ab ad s ac a y b l j a E F G a p b H i u I J K L M N e O b n P g e g w o v Q a o o R aa S q T ab aa U V p l W l t j k q u ab s v u r t g a l k X s Y Z d x m z) z w e AA AB AC r n m))
A (c (B (a (n (x e z s ab z g d d d m w s x w k ad l)) c k i e t (n (x e z s ab z g d d d m w s x w k ad l)) c k i e t (n (x e z s ab z g d d d m w s x w k ad l)) c k i e t (n (x e z s ab z g d d d m w s x w k ad l)) c k i e t (n (x e z s ab z g d d d m w s x w k ad l)) c k i e t (n (x e z s ab z g d d d m w s x w k ad l)) c k i e t (n (x e z s ab z g d d d m w s x w k ad l)) c k i e t (n (x e z s ab z g d d d m w s x w k ad l)) c k i e t (n (x e z s ab z g d d d m w s x w k ad l)) c k i e t (g k a l j u k s l k a g u o d z) a l x h (z n aa) x m ab ad s ac a y b l j a E F G a p b H i u I J K L M N e O b n P g e g w o v Q a o o R aa S q T ab aa U V p l W l t j k q u ab s v u r t g a l k X s Y Z d x m z) z w e AA AB AC r n m))
A (c (B (e (x e z s) w o u c k i e t (n (x e z s ab z g d d d m w s x w k ad l)) c k i e t (n (x e z s ab z g d d d m w s x w k ad l)) c k i e t (n (x e z s ab z g d d d m w s x w k ad l)) c k i e t (n (x e z s ab z g d d d m w s x w k ad l)) c k i e t (n (x e z s ab z g d d d m w s x w k ad l)) c k i e t (n (x e z s ab z g d d d m w s x w k ad l)) c k i e t (n (x e z s ab z g d d d m w s x w k ad l)) c k i e t (n (x e z s ab z g d d d m w s x w k ad l)) c k i e t (n (x e z s ab z g d d d m w s x w k ad l)) c k i e t (g k a l j u k s l k a g u o d z) a l x h (z n aa) x m ab ad s ac a y b l j a E F G a p b H i u I J K L M N e O b n P g e g w o v Q a o o R aa S q T ab aa U V p l W l t j k q u ab s v u r t g a l k X s Y Z d x m z) z w e AA AB AC r n m))
A (c (B (a (n (x e z s ab z g d d d m w s x w k ad l)) c k i e t (n (x e z s ab z g d d d m w s x w k ad l)) c k i e t (n (x e z s ab z g d d d m w s x w k ad l)) c k i e t (n (x e z s ab z g d d d m w s x w k ad l)) c k i e t (n (x e z s ab z g d d d m w s x w k ad l)) c k i e t (n (x e z s ab z g d d d m w s x w k ad l)) c k i e t (n (x e z s ab z g d d d m w s x w k ad l)) c k i e t (n (x e z s ab z g d d d m w s x w k ad l)) c k i e t (n (x e z s ab z g d d d m w s x w k ad l)) c k i e t (n (x e z s ab z g d d d m w s x w k ad l)) c k i e t (g k a l j u k s l k a g u o d z) a l x h (z n aa) x m ab ad s ac a y b l j a E F G a p b H i u I J K L M N e O b n P g e g w o v Q a o o R aa S q T ab aa U V p l W l t j k q u ab s v u r t g a l k X s Y Z d x m z) z w e AA AB AC r n m))
A (c (B (e (x e z s) w o u c k i e t (n (x e z s ab z g d d d m w s x w k ad l)) c k i e t (n (x e z s ab z g d d d m w s x w k ad l)) c k i e t (n (x e z s ab z g d d d m w s x w k ad l)) c k i e t (n (x e z s ab z g d d d m w s x w k ad l)) c k i e t (n (x e z s ab z g d d d m w s x w k ad l)) c k i e t (n (x e z s ab z g d d d m w s x w k ad l)) c k i e t (n (x e z s ab z g d d d m w s x w k ad l)) c k i e t (n (x e z s ab z g d d d m w s x w k ad l)) c k i e t (n (x e z s ab z g d d d m w s x w k ad l)) c k i e t (n (x e z s ab z g d d d m w s x w k ad l)) c k i e t (g k a l j u k s l k a g u o d z) a l x h (z n aa) x m ab ad s ac a y b l j a E F G a p b H i u I J K L M N e O b n P g e g w o v Q a o o R aa S q T ab aa U V p l W l t j k q u ab s v u r t g a l k X s Y Z d x m z) z w e AA AB AC r n m))
A (c (B (a (n (x e z s ab z g d d d m w s x w k ad l)) c k i e t (n (x e z s ab z g d d d m w s x w k ad l)) c k i e t (n (x e z s ab z g d d d m w s x w k ad l)) c k i e t (n (x e z s ab z g d d d m w s x w k ad l)) c k i e t (n (x e z s ab z g d d d m w s x w k ad l)) c k i e t (n (x e z s ab z g d d d m w s x w k ad l)) c k i e t (n (x e z s ab z g d d d m w s x w k ad l)) c k i e t (n (x e z s ab z g d d d m w s x w k ad l)) c k i e t (n (x e z s ab z g d d d m w s x w k ad l)) c k i e t (n (x e z s ab z g d d d m w s x w k ad l)) c k i e t (n (x e z s ab z g d d d m w s x w k ad l)) c k i e t (g k a l j u k s l k a g u o d z) a l x h (z n aa) x m ab ad s ac a y b l j a E F G a p b H i u I J K L M N e O b n P g e g w o v Q a o o R aa S q T ab aa U V p l W l t j k q u ab s v u r t g a l k X s Y Z d x m z) z w e AA AB AC r n m))
A (c (B (e (x e z s) w o u c k i e t (n (x e z s ab z g d d d m w s x w k ad l)) c k i e t (n (x e z s ab z g d d d m w s x w k ad l)) c k i e t (n (x e z s ab z g d d d m w s x w k ad l)) c k i e t (n (x e z s ab z g d d d m w s x w k ad l)) c k i e t (n (x e z s ab z g d d d m w s x w k ad l)) c k i e t (n (x e z s ab z g d d d m w s x w k ad l)) c k i e t (n (x e z s ab z g d d d m w s x w k ad l)) c k i e t (n (x e z s ab z g d d d m w s x w k ad l)) c k i e t (n (x e z s ab z g d d d m w s x w k ad l)) c k i e t (n (x e z s ab z g d d d m w s x w k ad l)) c k i e t (n (x e z s ab z g d d d m w s x w k ad l)) c k i e t (g k a l j u k s l k a g u o d z) a l x h (z n aa) x m ab ad s ac a y b l j a E F G a p b H i u I J K L M N e O b n P g e g w o v Q a o o R aa S q T ab aa U V p l W l t j k q u ab s v u r t g a l k X s Y Z d x m z) z w e AA AB AC r n m))
A (c (B (a (n (x e z s ab z g d d d m w s x w k ad l)) c k i e t (n (x e z s ab z g d d d m w s x w k ad l)) c k i e t (n (x e z s ab z g d d d m w s x w k ad l)) c k i e t (n (x e z s ab z g d d d m w s x w k ad l)) c k i e t (n (x e z s ab z g d d d m w s x w k ad l)) c k i e t (n (x e z s ab z g d d d m w s x w k ad l)) c k i e t (n (x e z s ab z g d d d m w s x w k ad l)) c k i e t (n (x e z s ab z g d d d m w s x w k ad l)) c k i e t (n (x e z s ab z g d d d m w s x w k ad l)) c k i e t (n (x e z s ab z g d d d m w s x w k ad l)) c k i e t (n (x e z s ab z g d d d m w s x w k ad l)) c k i e t (n (x e z s ab z g d d d m w s x w k ad l)) c k i e t (g k a l j u k s l k a g u o d z) a l x h (z n aa) x m ab ad s ac a y b l j a E F G a p b H i u I J K L M N e O b n P g e g w o v Q a o o R aa S q T ab aa U V p l W l t j k q u ab s v u r t g a l k X s Y Z d x m z) z w e AA AB AC r n m))


