a = ac ab u l f ab
b ae af ag = w (a (w t af q ac g) ab y u ad s x j)
c ae af = x s ab w k m z o f i r ac u n b e af
d = s j m a c u f k k z ab
e = n l l ab r c r
f af ae = k (u z ae z q s d s x p ac l) w m ab y
g af ae = ae h k i b a i af k k ad w v
h ae = j
i ah ai ae af ag aj = d (f m ab w ab n aa h h u s u d) d a q j
j af ae = s t u c s o ab k ab l u t p f
k = h f ab a f g n o t b b s o c o d
l ae = d (ac k v aa c b j aa x w p i)
m ae ag ah af = k (aa (b y l ad ae l l ad z y) o ad) r n z r
n ai ae ah af ag = y (s ac (t e ag)) m
o = x (k q ac f ad u a h f e k h aa y l p)
p ae ag af = ag a (d ad f aa v m j)
q = c (r ad (n p) h s) g
r ah ae ai af ag = d i ai y y v l p v o g ah v d ad q e k
s ae = f (ae f) ae a x ab k j
t ae af = ad f r x e k f d l k m m u ab
u = k (x (k l) y ad) l o p
v af ag ae ah = f b a y i s ae ad t k o o a r
w af ae = h d u f i l r v g n c t d e ae
x ae ah af ag ai = z t aa a
y ae ag ai ah af = p (n k e l h b t t x)
z aj ah af ae ai ag = ae (y (y (a g i) y g) l b) ag aj
aa = c d d ac a v x
ab ag ai ah af ae = m a g r
ac ae af ag = d ad y o ab o i aa ae x z l ab y o
ad af aj ah ae ai ag = g y (af s d q) u r v o ab o s d
main = A (B (C (D (E F b (v (G H i y h v i ac s s m I h e j a o J p w K b m L M N g O x ab) e o p h r y ac P z u z Q l g k aa d j q b h aa R S ab T U s V W X Y Z AA p x s l d AB x r AC x i d AD AE o q AF w s AG h AH AI u AJ AK AL t)))))
------------------------------------------------------------
A (B (C (D (E F b (v (G H i y h v i ac s s m I h e j a o J p w K b m L M N g O x ab) e o p h r y ac P z u z Q l g k aa d j q b h aa R S ab T U s V W X Y Z AA p x s l d AB x r AC x i d AD AE o q AF w s AG h AH AI u AJ AK AL t)))))
A (B (C (D (E F b (f b a y i s o ad t k o o a r h r y ac P z u z Q l g k aa d j q b h aa R S ab T U s V W X Y Z AA p x s l d AB x r AC x i d AD AE o q AF w s AG h AH AI u AJ AK AL t)))))
A (B (C (D (E F b (k (u z a z q s d s x p ac l) w m ab y y i s o ad t k o o a r h r y ac P z u z Q l g k aa d j q b h aa R S ab T U s V W X Y Z AA p x s l d AB x r AC x i d AD AE o q AF w s AG h AH AI u AJ AK AL t)))))
A (B (C (D (E F b (h f ab a f g n o t b b s o c o d (u z a z q s d s x p ac l) w m ab y y i s o ad t k o o a r h r y ac P z u z Q l g k aa d j q b h aa R S ab T U s V W X Y Z AA p x s l d AB x r AC x i d AD AE o q AF w s AG h AH AI u AJ AK AL t)))))
A (B (C (D (E F b (j ab a f g n o t b b s o c o d (u z a z q s d s x p ac l) w m ab y y i s o ad t k o o a r h r y ac P z u z Q l g k aa d j q b h aa R S ab T U s V W X Y Z AA p x s l d AB x r AC x i d AD AE o q AF w s AG h AH AI u AJ AK AL t)))))
A (B (C (D (E F b (s t u c s o ab k ab l u t p f f g n o t b b s o c o d (u z a z q s d s x p ac l) w m ab y y i s o ad t k o o a r h r y ac P z u z Q l g k aa d j q b h aa R S ab T U s V W X Y Z AA p x s l d AB x r AC x i d AD AE o q AF w s AG h AH AI u AJ AK AL t)))))
A (B (C (D (E F b (f (t f) t a x ab k j u c s o ab k ab l u t p f f g n o t b b s o c o d (u z a z q s d s x p ac l) w m ab y y i s o ad t k o o a r h r y ac P z u z Q l g k aa d j q b h aa R S ab T U s V W X Y Z AA p x s l d AB x r AC x i d AD AE o q AF w s AG h AH AI u AJ AK AL t)))))
A (B (C (D (E F b (k (u z t z q s d s x p ac l) w m ab y a x ab k j u c s o ab k ab l u t p f f g n o t b b s o c o d (u z a z q s d s x p ac l) w m ab y y i s o ad t k o o a r h r y ac P z u z Q l g k aa d j q b h aa R S ab T U s V W X Y Z AA p x s l d AB x r AC x i d AD AE o q AF w s AG h AH AI u AJ AK AL t)))))
A (B (C (D (E F b (h f ab a f g n o t b b s o c o d (u z t z q s d s x p ac l) w m ab y a x ab k j u c s o ab k ab l u t p f f g n o t b b s o c o d (u z a z q s d s x p ac l) w m ab y y i s o ad t k o o a r h r y ac P z u z Q l g k aa d j q b h aa R S ab T U s V W X Y Z AA p x s l d AB x r AC x i d AD AE o q AF w s AG h AH AI u AJ AK AL t)))))
A (B (C (D (E F b (j ab a f g n o t b b s o c o d (u z t z q s d s x p ac l) w m ab y a x ab k j u c s o ab k ab l u t p f f g n o t b b s o c o d (u z a z q s d s x p ac l) w m ab y y i s o ad t k o o a r h r y ac P z u z Q l g k aa d j q b h aa R S ab T U s V W X Y Z AA p x s l d AB x r AC x i d AD AE o q AF w s AG h AH AI u AJ AK AL t)))))
A (B (C (D (E F b (s t u c s o ab k ab l u t p f f g n o t b b s o c o d (u z t z q s d s x p ac l) w m ab y a x ab k j u c s o ab k ab l u t p f f g n o t b b s o c o d (u z a z q s d s x p ac l) w m ab y y i s o ad t k o o a r h r y ac P z u z Q l g k aa d j q b h aa R S ab T U s V W X Y Z AA p x s l d AB x r AC x i d AD AE o q AF w s AG h AH AI u AJ AK AL t)))))
A (B (C (D (E F b (f (t f) t a x ab k j u c s o ab k ab l u t p f f g n o t b b s o c o d (u z t z q s d s x p ac l) w m ab y a x ab k j u c s o ab k ab l u t p f f g n o t b b s o c o d (u z a z q s d s x p ac l) w m ab y y i s o ad t k o o a r h r y ac P z u z Q l g k aa d j q b h aa R S ab T U s V W X Y Z AA p x s l d AB x r AC x i d AD AE o q AF w s AG h AH AI u AJ AK AL t)))))
A (B (C (D (E F b (k (u z t z q s d s x p ac l) w m ab y a x ab k j u c s o ab k ab l u t p f f g n o t b b s o c o d (u z t z q s d s x p ac l) w m ab y a x ab k j u c s o ab k ab l u t p f f g n o t b b s o c o d (u z a z q s d s x p ac l) w m ab y y i s o ad t k o o a r h r y ac P z u z Q l g k aa d j q b h aa R S ab T U s V W X Y Z AA p x s l d AB x r AC x i d AD AE o q AF w s AG h AH AI u AJ AK AL t)))))
A (B (C (D (E F b (h f ab a f g n o t b b s o c o d (u z t z q s d s x p ac l) w m ab y a x ab k j u c s o ab k ab l u t p f f g n o t b b s o c o d (u z t z q s d s x p ac l) w m ab y a x ab k j u c s o ab k ab l u t p f f g n o t b b s o c o d (u z a z q s d s x p ac l) w m ab y y i s o ad t k o o a r h r y ac P z u z Q l g k aa d j q b h aa R S ab T U s V W X Y Z AA p x s l d AB x r AC x i d AD AE o q AF w s AG h AH AI u AJ AK AL t)))))
A (B (C (D (E F b (j ab a f g n o t b b s o c o d (u z t z q s d s x p ac l) w m ab y a x ab k j u c s o ab k ab l u t p f f g n o t b b s o c o d (u z t z q s d s x p ac l) w m ab y a x ab k j u c s o ab k ab l u t p f f g n o t b b s o c o d (u z a z q s d s x p ac l) w m ab y y i s o ad t k o o a r h r y ac P z u z Q l g k aa d j q b h aa R S ab T U s V W X Y Z AA p x s l d AB x r AC x i d AD AE o q AF w s AG h AH AI u AJ AK AL t)))))
A (B (C (D (E F b (s t u c s o ab k ab l u t p f f g n o t b b s o c o d (u z t z q s d s x p ac l) w m ab y a x ab k j u c s o ab k ab l u t p f f g n o t b b s o c o d (u z t z q s d s x p ac l) w m ab y a x ab k j u c s o ab k ab l u t p f f g n o t b b s o c o d (u z a z q s d s x p ac l) w m ab y y i s o ad t k o o a r h r y ac P z u z Q l g k aa d j q b h aa R S ab T U s V W X Y Z AA p x s l d AB x r AC x i d AD AE o q AF w s AG h AH AI u AJ AK AL t)))))
A (B (C (D (E F b (f (t f) t a x ab k j u c s o ab k ab l u t p f f g n o t b b s o c o d (u z t z q s d s x p ac l) w m ab y a x ab k j u c s o ab k ab l u t p f f g n o t b b s o c o d (u z t z q s d s x p ac l) w m ab y a x ab k j u c s o ab k ab l u t p f f g n o t b b s o c o d (u z a z q s d s x p ac l) w m ab y y i s o ad t k o o a r h r y ac P z u z Q l g k aa d j q b h aa R S ab T U s V W X Y Z AA p x s l d AB x r AC x i d AD AE o q AF w s AG h AH AI u AJ AK AL t)))))
A (B (C (D (E F b (k (u z t z q s d s x p ac l) w m ab y a x ab k j u c s o ab k ab l u t p f f g n o t b b s o c o d (u z t z q s d s x p ac l) w m ab y a x ab k j u c s o ab k ab l u t p f f g n o t b b s o c o d (u z t z q s d s x p ac l) w m ab y a x ab k j u c s o ab k ab l u t p f f g n o t b b s o c o d (u z a z q s d s x p ac l) w m ab y y i s o ad t k o o a r h r y ac P z u z Q l g k aa d j q b h aa R S ab T U s V W X Y Z AA p x s l d AB x r AC x i d AD AE o q AF w s AG h AH AI u AJ AK AL t)))))
A (B (C (D (E F b (h f ab a f g n o t b b s o c o d (u z t z q s d s x p ac l) w m ab y a x ab k j u c s o ab k ab l u t p f f g n o t b b s o c o d (u z t z q s d s x p ac l) w m ab y a x ab k j u c s o ab k ab l u t p f f g n o t b b s o c o d (u z t z q s d s x p ac l) w m ab y a x ab k j u c s o ab k ab l u t p f f g n o t b b s o c o d (u z a z q s d s x p ac l) w m ab y y i s o ad t k o o a r h r y ac P z u z Q l g k aa d j q b h aa R S ab T U s V W X Y Z AA p x s l d AB x r AC x i d AD AE o q AF w s AG h AH AI u AJ AK AL t)))))
A (B (C (D (E F b (j ab a f g n o t b b s o c o d (u z t z q s d s x p ac l) w m ab y a x ab k j u c s o ab k ab l u t p f f g n o t b b s o c o d (u z t z q s d s x p ac l) w m ab y a x ab k j u c s o ab k ab l u t p f f g n o t b b s o c o d (u z t z q s d s x p ac l) w m ab y a x ab k j u c s o ab k ab l u t p f f g n o t b b s o c o d (u z a z q s d s x p ac l) w m ab y y i s o ad t k o o a r h r y ac P z u z Q l g k aa d j q b h aa R S ab T U s V W X Y Z AA p x s l d AB x r AC x i d AD AE o q AF w s AG h AH AI u AJ AK AL t)))))
A (B (C (D (E F b (s t u c s o ab k ab l u t p f f g n o t b b s o c o d (u z t z q s d s x p ac l) w m ab y a x ab k j u c s o ab k ab l u t p f f g n o t b b s o c o d (u z t z q s d s x p ac l) w m ab y a x ab k j u c s o ab k ab l u t p f f g n o t b b s o c o d (u z t z q s d s x p ac l) w m ab y a x ab k j u c s o ab k ab l u t p f f g n o t b b s o c o d (u z a z q s d s x p ac l) w m ab y y i s o ad t k o o a r h r y ac P z u z Q l g k aa d j q b h aa R S ab T U s V W X Y Z AA p x s l d AB x r AC x i d AD AE o q AF w s AG h AH AI u AJ AK AL t)))))
A (B (C (D (E F b (f (t f) t a x ab k j u c s o ab k ab l u t p f f g n o t b b s o c o d (u z t z q s d s x p ac l) w m ab y a x ab k j u c s o ab k ab l u t p f f g n o t b b s o c o d (u z t z q s d s x p ac l) w m ab y a x ab k j u c s o ab k ab l u t p f f g n o t b b s o c o d (u z t z q s d s x p ac l) w m ab y a x ab k j u c s o ab k ab l u t p f f g n o t b b s o c o d (u z a z q s d s x p ac l) w m ab y y i s o ad t k o o a r h r y ac P z u z Q l g k aa d j q b h aa R S ab T U s V W X Y Z AA p x s l d AB x r AC x i d AD AE o q AF w s AG h AH AI u AJ AK AL t)))))
A (B (C (D (E F b (k (u z t z q s d s x p ac l) w m ab y a x ab k j u c s o ab k ab l u t p f f g n o t b b s o c o d (u z t z q s d s x p ac l) w m ab y a x ab k j u c s o ab k ab l u t p f f g n o t b b s o c o d (u z t z q s d s x p ac l) w m ab y a x ab k j u c s o ab k ab l u t p f f g n o t b b s o c o d (u z t z q s d s x p ac l) w m ab y a x ab k j u c s o ab k ab l u t p f f g n o t b b s o c o d (u z a z q s d s x p ac l) w m ab y y i s o ad t k o o a r h r y ac P z u z Q l g k aa d j q b h aa R S ab T U s V W X Y Z AA p x s l d AB x r AC x i d AD AE o q AF w s AG h AH AI u AJ AK AL t)))))
A (B (C (D (E F b (h f ab a f g n o t b b s o c o d (u z t z q s d s x p ac l) w m ab y a x ab k j u c s o ab k ab l u t p f f g n o t b b s o c o d (u z t z q s d s x p ac l) w m ab y a x ab k j u c s o ab k ab l u t p f f g n o t b b s o c o d (u z t z q s d s x p ac l) w m ab y a x ab k j u c s o ab k ab l u t p f f g n o t b b s o c o d (u z t z q s d s x p ac l) w m ab y a x ab k j u c s o ab k ab l u t p f f g n o t b b s o c o d (u z a z q s d s x p ac l) w m ab y y i s o ad t k o o a r h r y ac P z u z Q l g k aa d j q b h aa R S ab T U s V W X Y Z AA p x s l d AB x r AC x i d AD AE o q AF w s AG h AH AI u AJ AK AL t)))))
A (B (C (D (E F b (j ab a f g n o t b b s o c o d (u z t z q s d s x p ac l) w m ab y a x ab k j u c s o ab k ab l u t p f f g n o t b b s o c o d (u z t z q s d s x p ac l) w m ab y a x ab k j u c s o ab k ab l u t p f f g n o t b b s o c o d (u z t z q s d s x p ac l) w m ab y a x ab k j u c s o ab k ab l u t p f f g n o t b b s o c o d (u z t z q s d s x p ac l) w m ab y a x ab k j u c s o ab k ab l u t p f f g n o t b b s o c o d (u z a z q s d s x p ac l) w m ab y y i s o ad t k o o a r h r y ac P z u z Q l g k aa d j q b h aa R S ab T U s V W X Y Z AA p x s l d AB x r AC x i d AD AE o q AF w s AG h AH AI u AJ AK AL t)))))
A (B (C (D (E F b (s t u c s o ab k ab l u t p f f g n o t b b s o c o d (u z t z q s d s x p ac l) w m ab y a x ab k j u c s o ab k ab l u t p f f g n o t b b s o c o d (u z t z q s d s x p ac l) w m ab y a x ab k j u c s o ab k ab l u t p f f g n o t b b s o c o d (u z t z q s d s x p ac l) w m ab y a x ab k j u c s o ab k ab l u t p f f g n o t b b s o c o d (u z t z q s d s x p ac l) w m ab y a x ab k j u c s o ab k ab l u t p f f g n o t b b s o c o d (u z a z q s d s x p ac l) w m ab y y i s o ad t k o o a r h r y ac P z u z Q l g k aa d j q b h aa R S ab T U s V W X Y Z AA p x s l d AB x r AC x i d AD AE o q AF w s AG h AH AI u AJ AK AL t)))))
A (B (C (D (E F b (f (t f) t a x ab k j u c s o ab k ab l u t p f f g n o t b b s o c o d (u z t z q s d s x p ac l) w m ab y a x ab k j u c s o ab k ab l u t p f f g n o t b b s o c o d (u z t z q s d s x p ac l) w m ab y a x ab k j u c s o ab k ab l u t p f f g n o t b b s o c o d (u z t z q s d s x p ac l) w m ab y a x ab k j u c s o ab k ab l u t p f f g n o t b b s o c o d (u z t z q s d s x p ac l) w m ab y a x ab k j u c s o ab k ab l u t p f f g n o t b b s o c o d (u z a z q s d s x p ac l) w m ab y y i s o ad t k o o a r h r y ac P z u z Q l g k aa d j q b h aa R S ab T U s V W X Y Z AA p x s l d AB x r AC x i d AD AE o q AF w s AG h AH AI u AJ AK AL t)))))
A (B (C (D (E F b (k (u z t z q s d s x p ac l) w m ab y a x ab k j u c s o ab k ab l u t p f f g n o t b b s o c o d (u z t z q s d s x p ac l) w m ab y a x ab k j u c s o ab k ab l u t p f f g n o t b b s o c o d (u z t z q s d s x p ac l) w m ab y a x ab k j u c s o ab k ab l u t p f f g n o t b b s o c o d (u z t z q s d s x p ac l) w m ab y a x ab k j u c s o ab k ab l u t p f f g n o t b b s o c o d (u z t z q s d s x p ac l) w m ab y a x ab k j u c s o ab k ab l u t p f f g n o t b b s o c o d (u z a z q s d s x p ac l) w m ab y y i s o ad t k o o a r h r y ac P z u z Q l g k aa d j q b h aa R S ab T U s V W X Y Z AA p x s l d AB x r AC x i d AD AE o q AF w s AG h AH AI u AJ AK AL t)))))
A (B (C (D (E F b (h f ab a f g n o t b b s o c o d (u z t z q s d s x p ac l) w m ab y a x ab k j u c s o ab k ab l u t p f f g n o t b b s o c o d (u z t z q s d s x p ac l) w m ab y a x ab k j u c s o ab k ab l u t p f f g n o t b b s o c o d (u z t z q s d s x p ac l) w m ab y a x ab k j u c s o ab k ab l u t p f f g n o t b b s o c o d (u z t z q s d s x p ac l) w m ab y a x ab k j u c s o ab k ab l u t p f f g n o t b b s o c o d (u z t z q s d s x p ac l) w m ab y a x ab k j u c s o ab k ab l u t p f f g n o t b b s o c o d (u z a z q s d s x p ac l) w m ab y y i s o ad t k o o a r h r y ac P z u z Q l g k aa d j q b h aa R S ab T U s V W X Y Z AA p x s l d AB x r AC x i d AD AE o q AF w s AG h AH AI u AJ AK AL t)))))
A (B (C (D (E F b (j ab a f g n o t b b s o c o d (u z t z q s d s x p ac l) w m ab y a x ab k j u c s o ab k ab l u t p f f g n o t b b s o c o d (u z t z q s d s x p ac l) w m ab y a x ab k j u c s o ab k ab l u t p f f g n o t b b s o c o d (u z t z q s d s x p ac l) w m ab y a x ab k j u c s o ab k ab l u t p f f g n o t b b s o c o d (u z t z q s d s x p ac l) w m ab y a x ab k j u c s o ab k ab l u t p f f g n o t b b s o c o d (u z t z q s d s x p ac l) w m ab y a x ab k j u c s o ab k ab l u t p f f g n o t b b s o c o d (u z a z q s d s x p ac l) w m ab y y i s o ad t k o o a r h r y ac P z u z Q l g k aa d j q b h aa R S ab T U s V W X Y Z AA p x s l d AB x r AC x i d AD AE o q AF w s AG h AH AI u AJ AK AL t)))))


