a ai af ae ag ah ab k e ad z k z k p p ad o v e j aa
b ab (r (u p w m o k d ab g i aa d) e c i a)
c ae aa (ae g f aa t d o d t i m) ab
d ae ag af e n i m ab o q c
e ae af ag ai ah d (ae (d d d p w ac ab ab ae) ai ac y)
f ag ah ae af ag (ad (n g ag o s d g r) y) n
g af ae c (w (o y l r z) ac f ae u h ad l ae ad)
h af ah aj ai ag ae l (l (c (i k) e ad m p k a e x w t r i)) l
i p (w (e z aa c) ac ac ac u n ac d) s c k
j ae af ag k (a f ab d g f z w ab a c ad k e u e u)
k ai af ah ag ae b (d e p) y j g a w o e o r w a ab d
l ae n x (t s) x s z p ac x o o z x
m aj ah ag ai af ae v t g p v ad ad ad i a y k t v v l o
n ae ag af v (a z aa f w a q g af e l u aa s y v)
o aj af ae ag ah ai u b x c p g h t p z x
p ag af ah ae ai h h ac a k b
q af ag aj ae ai ah ae (l (c ai (e u l)) c w y i)
r ae af b af v aa p c o m g t o n o o aa p f h
s l g ab l q ab
t ag ae af ah ai r v q e r o g e j k d b q
u ae z g s l
v af ae c (j (w c) i h j z ac r c ac g g ac h ae x)
w af ae m (f (d (ad ad aa k q z) a aa j n) m ab ad j)
x r (p (r o) q (o ac) aa) j n ab o p d u h
y ag af ae h c g ac aa d z ad g q t l q t
z af ah ag ae e g p a p
aa ag ah af ae u j (u ac) (b ac) v h h b k m
ab af ah ae ag aa (z e a y d i t d ac d y m ah e)
ac ae af w (g (ae i a j p c m) b a i l m x e)
ad af ag ah ae b (f aa z a t y g a t v h)
main A (B (k (C (D (v (E (F (z (G (H (d I ad h ad k c J K k L i M y d ac N O P Q a d a x R y e S T U V a p j W p X y Y Z ac) AA AB aa i AC AD AE a j) AF p ab u) l AG a j g t AH AI AJ AK AL u v aa AM AN AO AP AQ x m v v y f g v m AR AT AU a AV b y))))))))
------------------------------------------------------------
A (B (k (C (D (v (E (F (z (G (H (d I ad h ad k c J K k L i M y d ac N O P Q a d a x R y e S T U V a p j W p X y Y Z ac) AA AB aa i AC AD AE a j) AF p ab u) l AG a j g t AH AI AJ AK AL u v aa AM AN AO AP AQ x m v v y f g v m AR AT AU a AV b y))))))))
A (B (k (C (D (v (E (F (e g p a p j g t AH AI AJ AK AL u v aa AM AN AO AP AQ x m v v y f g v m AR AT AU a AV b y))))))))
A (B (k (C (D (v (E (F (d (g (d d d p w ac ab ab g) p ac y) g t AH AI AJ AK AL u v aa AM AN AO AP AQ x m v v y f g v m AR AT AU a AV b y))))))))
A (B (k (C (D (v (E (F (e n i m ab o q c AH AI AJ AK AL u v aa AM AN AO AP AQ x m v v y f g v m AR AT AU a AV b y))))))))
A (B (k (C (D (v (E (F (d (n (d d d p w ac ab ab n) ab ac y) q c AH AI AJ AK AL u v aa AM AN AO AP AQ x m v v y f g v m AR AT AU a AV b y))))))))
A (B (k (C (D (v (E (F (e n i m ab o q c AH AI AJ AK AL u v aa AM AN AO AP AQ x m v v y f g v m AR AT AU a AV b y))))))))
A (B (k (C (D (v (E (F (d (n (d d d p w ac ab ab n) ab ac y) q c AH AI AJ AK AL u v aa AM AN AO AP AQ x m v v y f g v m AR AT AU a AV b y))))))))
A (B (k (C (D (v (E (F (e n i m ab o q c AH AI AJ AK AL u v aa AM AN AO AP AQ x m v v y f g v m AR AT AU a AV b y))))))))
A (B (k (C (D (v (E (F (d (n (d d d p w ac ab ab n) ab ac y) q c AH AI AJ AK AL u v aa AM AN AO AP AQ x m v v y f g v m AR AT AU a AV b y))))))))
A (B (k (C (D (v (E (F (e n i m ab o q c AH AI AJ AK AL u v aa AM AN AO AP AQ x m v v y f g v m AR AT AU a AV b y))))))))
A (B (k (C (D (v (E (F (d (n (d d d p w ac ab ab n) ab ac y) q c AH AI AJ AK AL u v aa AM AN AO AP AQ x m v v y f g v m AR AT AU a AV b y))))))))
A (B (k (C (D (v (E (F (e n i m ab o q c AH AI AJ AK AL u v aa AM AN AO AP AQ x m v v y f g v m AR AT AU a AV b y))))))))
A (B (k (C (D (v (E (F (d (n (d d d p w ac ab ab n) ab ac y) q c AH AI AJ AK AL u v aa AM AN AO AP AQ x m v v y f g v m AR AT AU a AV b y))))))))
A (B (k (C (D (v (E (F (e n i m ab o q c AH AI AJ AK AL u v aa AM AN AO AP AQ x m v v y f g v m AR AT AU a AV b y))))))))
A (B (k (C (D (v (E (F (d (n (d d d p w ac ab ab n) ab ac y) q c AH AI AJ AK AL u v aa AM AN AO AP AQ x m v v y f g v m AR AT AU a AV b y))))))))
A (B (k (C (D (v (E (F (e n i m ab o q c AH AI AJ AK AL u v aa AM AN AO AP AQ x m v v y f g v m AR AT AU a AV b y))))))))
A (B (k (C (D (v (E (F (d (n (d d d p w ac ab ab n) ab ac y) q c AH AI AJ AK AL u v aa AM AN AO AP AQ x m v v y f g v m AR AT AU a AV b y))))))))
A (B (k (C (D (v (E (F (e n i m ab o q c AH AI AJ AK AL u v aa AM AN AO AP AQ x m v v y f g v m AR AT AU a AV b y))))))))
A (B (k (C (D (v (E (F (d (n (d d d p w ac ab ab n) ab ac y) q c AH AI AJ AK AL u v aa AM AN AO AP AQ x m v v y f g v m AR AT AU a AV b y))))))))
A (B (k (C (D (v (E (F (e n i m ab o q c AH AI AJ AK AL u v aa AM AN AO AP AQ x m v v y f g v m AR AT AU a AV b y))))))))
A (B (k (C (D (v (E (F (d (n (d d d p w ac ab ab n) ab ac y) q c AH AI AJ AK AL u v aa AM AN AO AP AQ x m v v y f g v m AR AT AU a AV b y))))))))
A (B (k (C (D (v (E (F (e n i m ab o q c AH AI AJ AK AL u v aa AM AN AO AP AQ x m v v y f g v m AR AT AU a AV b y))))))))
A (B (k (C (D (v (E (F (d (n (d d d p w ac ab ab n) ab ac y) q c AH AI AJ AK AL u v aa AM AN AO AP AQ x m v v y f g v m AR AT AU a AV b y))))))))
A (B (k (C (D (v (E (F (e n i m ab o q c AH AI AJ AK AL u v aa AM AN AO AP AQ x m v v y f g v m AR AT AU a AV b y))))))))
A (B (k (C (D (v (E (F (d (n (d d d p w ac ab ab n) ab ac y) q c AH AI AJ AK AL u v aa AM AN AO AP AQ x m v v y f g v m AR AT AU a AV b y))))))))
A (B (k (C (D (v (E (F (e n i m ab o q c AH AI AJ AK AL u v aa AM AN AO AP AQ x m v v y f g v m AR AT AU a AV b y))))))))
A (B (k (C (D (v (E (F (d (n (d d d p w ac ab ab n) ab ac y) q c AH AI AJ AK AL u v aa AM AN AO AP AQ x m v v y f g v m AR AT AU a AV b y))))))))
A (B (k (C (D (v (E (F (e n i m ab o q c AH AI AJ AK AL u v aa AM AN AO AP AQ x m v v y f g v m AR AT AU a AV b y))))))))
A (B (k (C (D (v (E (F (d (n (d d d p w ac ab ab n) ab ac y) q c AH AI AJ AK AL u v aa AM AN AO AP AQ x m v v y f g v m AR AT AU a AV b y))))))))
A (B (k (C (D (v (E (F (e n i m ab o q c AH AI AJ AK AL u v aa AM AN AO AP AQ x m v v y f g v m AR AT AU a AV b y))))))))


