a e (i (x w z g k e w k z j u))
b ae p (e w (x n) f ae h f g o c)
c ae ac p x d ad d v ac y n v e f aa ae j w
d ag af ae ah ai s k ac s r ab k k b c l f
e ae af ad (ad y w x) f o z u f k
f af ae ag ai ah h (y ad ab ah ag n m a k d aa j g b n)
g a (z e i) a aa e l l aa t w
h ae af ae (k (m d u w) i a f ad y af n n c)
i x (p c z r l h u z y p l q n v y o)
j af ah ae ag o p r g r r h g q w k e v w t e
k ai aj ae af ag ah x x j i g x h h u c d
l ah ai ae aj ag af u (o g (ah x d f p aa ad ab) e t g)
m ag ae af f (j y y v ac v v aa)
n ah ae ag ai af s ac z e ab t g q
o ag ae af a x ad ae k p v b r t f y ae e p aa x
p u (f v aa g z y k i f w) f m
q ae ag af d z af af s d f i j b c k
r ag ae af t (d e d p q v u ac z m)
s ae g aa b y n b a a e y
t ae ai ag ah af x (h (e b a p h ab d ah) i e j o z)
u ae af w (x t d v) n l o
v ai ag ae ah af p j k af ac s q l f d
w af ae v (s e j f (c r) j n) k t g k g b i x a
x ae m (p (v t f y) s p l k z w y y o)
y af ag ah ae j (h j d ac ab m q v ab t k o ad ad)
z ag ae ah ai aj af s y h ac s f x m n y ac f m d w
aa ae af y (ac y ab ab c ab q c y k v a o ad y p ad)
ab af ae n (j aa ad m l af k aa ac aa b c n aa)
ac ai ae ah ag af aj m r x t h ab z j s
ad af ag ae s z ae m f f r z a l i o p t p
main A (B (n v (y (u (C D (ad (E (ac (w (x (i (F (l (G (b H I g J K l b L k ac g p M g q t) q aa)) n N x) O c m y P h Q t ad g h l aa z y i q q m z a w t R S T d) U h) o a V s x q p) W b o x d X n a s Y u g Z AA t u) AB d f AC AD c AE AF AG)))))))
------------------------------------------------------------
A (B (n v (y (u (C D (ad (E (ac (w (x (i (F (l (G (b H I g J K l b L k ac g p M g q t) q aa)) n N x) O c m y P h Q t ad g h l aa z y i q q m z a w t R S T d) U h) o a V s x q p) W b o x d X n a s Y u g Z AA t u) AB d f AC AD c AE AF AG)))))))
A (B (n v (y (u (C D (ad (E (m r x t h ab z j s X n a s Y u g Z AA t u) AB d f AC AD c AE AF AG)))))))
A (B (n v (y (u (C D (ad (E (f (j y y v ac v v aa) h ab z j s X n a s Y u g Z AA t u) AB d f AC AD c AE AF AG)))))))
A (B (n v (y (u (C D (ad (E (h (y ad ab j ab n m a k d aa j g b n) s X n a s Y u g Z AA t u) AB d f AC AD c AE AF AG)))))))
A (B (n v (y (u (C D (ad (E (y ad ab j ab n m a k d aa j g b n (k (m d u w) i a f ad y s n n c) X n a s Y u g Z AA t u) AB d f AC AD c AE AF AG)))))))
A (B (n v (y (u (C D (ad (E (j (h j d ac ab m q v ab t k o ad ad) n m a k d aa j g b n (k (m d u w) i a f ad y s n n c) X n a s Y u g Z AA t u) AB d f AC AD c AE AF AG)))))))
A (B (n v (y (u (C D (ad (E (o p r g r r h g q w k e v w t e k d aa j g b n (k (m d u w) i a f ad y s n n c) X n a s Y u g Z AA t u) AB d f AC AD c AE AF AG)))))))
A (B (n v (y (u (C D (ad (E (a x ad r k p v b r t f y r e p aa x r r h g q w k e v w t e k d aa j g b n (k (m d u w) i a f ad y s n n c) X n a s Y u g Z AA t u) AB d f AC AD c AE AF AG)))))))
A (B (n v (y (u (C D (ad (E (e (i (x w z g k e w k z j u)) x ad r k p v b r t f y r e p aa x r r h g q w k e v w t e k d aa j g b n (k (m d u w) i a f ad y s n n c) X n a s Y u g Z AA t u) AB d f AC AD c AE AF AG)))))))
A (B (n v (y (u (C D (ad (E (ad (ad y w x) f o z u f k ad r k p v b r t f y r e p aa x r r h g q w k e v w t e k d aa j g b n (k (m d u w) i a f ad y s n n c) X n a s Y u g Z AA t u) AB d f AC AD c AE AF AG)))))))
A (B (n v (y (u (C D (ad (E (s z o m f f r z a l i o p t p z u f k ad r k p v b r t f y r e p aa x r r h g q w k e v w t e k d aa j g b n (k (m d u w) i a f ad y s n n c) X n a s Y u g Z AA t u) AB d f AC AD c AE AF AG)))))))
A (B (n v (y (u (C D (ad (E (g aa b y n b a a e y o m f f r z a l i o p t p z u f k ad r k p v b r t f y r e p aa x r r h g q w k e v w t e k d aa j g b n (k (m d u w) i a f ad y s n n c) X n a s Y u g Z AA t u) AB d f AC AD c AE AF AG)))))))
A (B (n v (y (u (C D (ad (E (a (z e i) a aa e l l aa t w aa b y n b a a e y o m f f r z a l i o p t p z u f k ad r k p v b r t f y r e p aa x r r h g q w k e v w t e k d aa j g b n (k (m d u w) i a f ad y s n n c) X n a s Y u g Z AA t u) AB d f AC AD c AE AF AG)))))))
A (B (n v (y (u (C D (ad (E (e (i (x w z g k e w k z j u)) (z e i) a aa e l l aa t w aa b y n b a a e y o m f f r z a l i o p t p z u f k ad r k p v b r t f y r e p aa x r r h g q w k e v w t e k d aa j g b n (k (m d u w) i a f ad y s n n c) X n a s Y u g Z AA t u) AB d f AC AD c AE AF AG)))))))
A (B (n v (y (u (C D (ad (E (ad (ad y w x) f o z u f k a aa e l l aa t w aa b y n b a a e y o m f f r z a l i o p t p z u f k ad r k p v b r t f y r e p aa x r r h g q w k e v w t e k d aa j g b n (k (m d u w) i a f ad y s n n c) X n a s Y u g Z AA t u) AB d f AC AD c AE AF AG)))))))
A (B (n v (y (u (C D (ad (E (s z o m f f r z a l i o p t p z u f k a aa e l l aa t w aa b y n b a a e y o m f f r z a l i o p t p z u f k ad r k p v b r t f y r e p aa x r r h g q w k e v w t e k d aa j g b n (k (m d u w) i a f ad y s n n c) X n a s Y u g Z AA t u) AB d f AC AD c AE AF AG)))))))
A (B (n v (y (u (C D (ad (E (g aa b y n b a a e y o m f f r z a l i o p t p z u f k a aa e l l aa t w aa b y n b a a e y o m f f r z a l i o p t p z u f k ad r k p v b r t f y r e p aa x r r h g q w k e v w t e k d aa j g b n (k (m d u w) i a f ad y s n n c) X n a s Y u g Z AA t u) AB d f AC AD c AE AF AG)))))))
A (B (n v (y (u (C D (ad (E (a (z e i) a aa e l l aa t w aa b y n b a a e y o m f f r z a l i o p t p z u f k a aa e l l aa t w aa b y n b a a e y o m f f r z a l i o p t p z u f k ad r k p v b r t f y r e p aa x r r h g q w k e v w t e k d aa j g b n (k (m d u w) i a f ad y s n n c) X n a s Y u g Z AA t u) AB d f AC AD c AE AF AG)))))))
A (B (n v (y (u (C D (ad (E (e (i (x w z g k e w k z j u)) (z e i) a aa e l l aa t w aa b y n b a a e y o m f f r z a l i o p t p z u f k a aa e l l aa t w aa b y n b a a e y o m f f r z a l i o p t p z u f k ad r k p v b r t f y r e p aa x r r h g q w k e v w t e k d aa j g b n (k (m d u w) i a f ad y s n n c) X n a s Y u g Z AA t u) AB d f AC AD c AE AF AG)))))))
A (B (n v (y (u (C D (ad (E (ad (ad y w x) f o z u f k a aa e l l aa t w aa b y n b a a e y o m f f r z a l i o p t p z u f k a aa e l l aa t w aa b y n b a a e y o m f f r z a l i o p t p z u f k ad r k p v b r t f y r e p aa x r r h g q w k e v w t e k d aa j g b n (k (m d u w) i a f ad y s n n c) X n a s Y u g Z AA t u) AB d f AC AD c AE AF AG)))))))
A (B (n v (y (u (C D (ad (E (s z o m f f r z a l i o p t p z u f k a aa e l l aa t w aa b y n b a a e y o m f f r z a l i o p t p z u f k a aa e l l aa t w aa b y n b a a e y o m f f r z a l i o p t p z u f k ad r k p v b r t f y r e p aa x r r h g q w k e v w t e k d aa j g b n (k (m d u w) i a f ad y s n n c) X n a s Y u g Z AA t u) AB d f AC AD c AE AF AG)))))))
A (B (n v (y (u (C D (ad (E (g aa b y n b a a e y o m f f r z a l i o p t p z u f k a aa e l l aa t w aa b y n b a a e y o m f f r z a l i o p t p z u f k a aa e l l aa t w aa b y n b a a e y o m f f r z a l i o p t p z u f k ad r k p v b r t f y r e p aa x r r h g q w k e v w t e k d aa j g b n (k (m d u w) i a f ad y s n n c) X n a s Y u g Z AA t u) AB d f AC AD c AE AF AG)))))))
A (B (n v (y (u (C D (ad (E (a (z e i) a aa e l l aa t w aa b y n b a a e y o m f f r z a l i o p t p z u f k a aa e l l aa t w aa b y n b a a e y o m f f r z a l i o p t p z u f k a aa e l l aa t w aa b y n b a a e y o m f f r z a l i o p t p z u f k ad r k p v b r t f y r e p aa x r r h g q w k e v w t e k d aa j g b n (k (m d u w) i a f ad y s n n c) X n a s Y u g Z AA t u) AB d f AC AD c AE AF AG)))))))
A (B (n v (y (u (C D (ad (E (e (i (x w z g k e w k z j u)) (z e i) a aa e l l aa t w aa b y n b a a e y o m f f r z a l i o p t p z u f k a aa e l l aa t w aa b y n b a a e y o m f f r z a l i o p t p z u f k a aa e l l aa t w aa b y n b a a e y o m f f r z a l i o p t p z u f k ad r k p v b r t f y r e p aa x r r h g q w k e v w t e k d aa j g b n (k (m d u w) i a f ad y s n n c) X n a s Y u g Z AA t u) AB d f AC AD c AE AF AG)))))))
A (B (n v (y (u (C D (ad (E (ad (ad y w x) f o z u f k a aa e l l aa t w aa b y n b a a e y o m f f r z a l i o p t p z u f k a aa e l l aa t w aa b y n b a a e y o m f f r z a l i o p t p z u f k a aa e l l aa t w aa b y n b a a e y o m f f r z a l i o p t p z u f k ad r k p v b r t f y r e p aa x r r h g q w k e v w t e k d aa j g b n (k (m d u w) i a f ad y s n n c) X n a s Y u g Z AA t u) AB d f AC AD c AE AF AG)))))))
A (B (n v (y (u (C D (ad (E (s z o m f f r z a l i o p t p z u f k a aa e l l aa t w aa b y n b a a e y o m f f r z a l i o p t p z u f k a aa e l l aa t w aa b y n b a a e y o m f f r z a l i o p t p z u f k a aa e l l aa t w aa b y n b a a e y o m f f r z a l i o p t p z u f k ad r k p v b r t f y r e p aa x r r h g q w k e v w t e k d aa j g b n (k (m d u w) i a f ad y s n n c) X n a s Y u g Z AA t u) AB d f AC AD c AE AF AG)))))))
A (B (n v (y (u (C D (ad (E (g aa b y n b a a e y o m f f r z a l i o p t p z u f k a aa e l l aa t w aa b y n b a a e y o m f f r z a l i o p t p z u f k a aa e l l aa t w aa b y n b a a e y o m f f r z a l i o p t p z u f k a aa e l l aa t w aa b y n b a a e y o m f f r z a l i o p t p z u f k ad r k p v b r t f y r e p aa x r r h g q w k e v w t e k d aa j g b n (k (m d u w) i a f ad y s n n c) X n a s Y u g Z AA t u) AB d f AC AD c AE AF AG)))))))
A (B (n v (y (u (C D (ad (E (a (z e i) a aa e l l aa t w aa b y n b a a e y o m f f r z a l i o p t p z u f k a aa e l l aa t w aa b y n b a a e y o m f f r z a l i o p t p z u f k a aa e l l aa t w aa b y n b a a e y o m f f r z a l i o p t p z u f k a aa e l l aa t w aa b y n b a a e y o m f f r z a l i o p t p z u f k ad r k p v b r t f y r e p aa x r r h g q w k e v w t e k d aa j g b n (k (m d u w) i a f ad y s n n c) X n a s Y u g Z AA t u) AB d f AC AD c AE AF AG)))))))
A (B (n v (y (u (C D (ad (E (e (i (x w z g k e w k z j u)) (z e i) a aa e l l aa t w aa b y n b a a e y o m f f r z a l i o p t p z u f k a aa e l l aa t w aa b y n b a a e y o m f f r z a l i o p t p z u f k a aa e l l aa t w aa b y n b a a e y o m f f r z a l i o p t p z u f k a aa e l l aa t w aa b y n b a a e y o m f f r z a l i o p t p z u f k ad r k p v b r t f y r e p aa x r r h g q w k e v w t e k d aa j g b n (k (m d u w) i a f ad y s n n c) X n a s Y u g Z AA t u) AB d f AC AD c AE AF AG)))))))
A (B (n v (y (u (C D (ad (E (ad (ad y w x) f o z u f k a aa e l l aa t w aa b y n b a a e y o m f f r z a l i o p t p z u f k a aa e l l aa t w aa b y n b a a e y o m f f r z a l i o p t p z u f k a aa e l l aa t w aa b y n b a a e y o m f f r z a l i o p t p z u f k a aa e l l aa t w aa b y n b a a e y o m f f r z a l i o p t p z u f k ad r k p v b r t f y r e p aa x r r h g q w k e v w t e k d aa j g b n (k (m d u w) i a f ad y s n n c) X n a s Y u g Z AA t u) AB d f AC AD c AE AF AG)))))))


