a ae af ag p (m j af) c l g i ab p v
b ae af ab (k (p m y y f) x ad) u t r ac v aa p
c ae ah ag af e (o (o w g) v k r u q t) t aa s
d ai ae ah ag af g b c b z o n ai
e ag ai ae aj ah af w m q h z h s aj c o ac
f af ae ab s u g aa r q
g ai ah af ag ae aj a w ab r m b d ah
h ae ad (e (j (e f p ab s)) f c l z z l x) aa
i ae k (b g a x ad z d) u g ac x w p
j af ae o ac ab i k r y t i x k
k ae v d u e z ae h
l af ag ah ae x w k q t ag w g g k
m ae af c (i (k ae) ae) d t a x (q x o)
n ae af q (y (b a p u e h f ad v e h d v ab d) x)
o v g q n r
p z (h q f ad z u) r k i r u ad
q ae o (k j i p c c w i n t k a s)
r ae af w (af m u t)
s ah ae ai af ag n q a z j ag d g ah e o b h h f f n
t ai ag ah ae aj af v (u s p ai d k z e z b e x d p r aa)
u aj ai ah ae ag af e (ac g y ab w j c aj o j d e d)
v ae ag aj af ai ah ad (h u ab b ad)
w ag af ai ah ae aj ab (q a) k x h d a y a
x ae s ae a ae w e j ac h o p g v s
y ag ae ah af ac (t (f (c p g z g h q a) w j n) u h)
z ag ae af u f j ad o j j aa i f ad ad u ac v g af
aa ag ae af f (m n i b z) i n
ab ae af ag aa
ac e (w (r v f aa h o y j a p u l) u b l)
ad ag af ae ah j (b e u e u m d k) z e
main w (A (B (C (D (E (F (g (G (H (f (I (z (p (J (K f L t f ad g z) M s q x g) N O l ac r z j e n h P x d Q R m u d S T U V z z) W a p ac e d j x v ac m X Y v n aa Z AA AB b w ad m b z AC a e AD AE AF AG w t v p ad AH g AI AJ j o ac x q AK p))))))))))))
------------------------------------------------------------
w (A (B (C (D (E (F (g (G (H (f (I (z (p (J (K f L t f ad g z) M s q x g) N O l ac r z j e n h P x d Q R m u d S T U V z z) W a p ac e d j x v ac m X Y v n aa Z AA AB b w ad m b z AC a e AD AE AF AG w t v p ad AH g AI AJ j o ac x q AK p))))))))))))
w (A (B (C (D (E (F (g (G (H (f (I (u f j ad o j j aa i f ad ad u ac v g a p ac e d j x v ac m X Y v n aa Z AA AB b w ad m b z AC a e AD AE AF AG w t v p ad AH g AI AJ j o ac x q AK p))))))))))))
w (A (B (C (D (E (F (g (G (H (f (I (e (ac g y ab w j c f o j d e d) aa i f ad ad u ac v g a p ac e d j x v ac m X Y v n aa Z AA AB b w ad m b z AC a e AD AE AF AG w t v p ad AH g AI AJ j o ac x q AK p))))))))))))
w (A (B (C (D (E (F (g (G (H (f (I (w m q h z h s f c o ac u ac v g a p ac e d j x v ac m X Y v n aa Z AA AB b w ad m b z AC a e AD AE AF AG w t v p ad AH g AI AJ j o ac x q AK p))))))))))))
w (A (B (C (D (E (F (g (G (H (f (I (ab (q a) k x h d a y a f c o ac u ac v g a p ac e d j x v ac m X Y v n aa Z AA AB b w ad m b z AC a e AD AE AF AG w t v p ad AH g AI AJ j o ac x q AK p))))))))))))
w (A (B (C (D (E (F (g (G (H (f (I (aa h d a y a f c o ac u ac v g a p ac e d j x v ac m X Y v n aa Z AA AB b w ad m b z AC a e AD AE AF AG w t v p ad AH g AI AJ j o ac x q AK p))))))))))))
w (A (B (C (D (E (F (g (G (H (f (I (f (m n i b z) i n y a f c o ac u ac v g a p ac e d j x v ac m X Y v n aa Z AA AB b w ad m b z AC a e AD AE AF AG w t v p ad AH g AI AJ j o ac x q AK p))))))))))))
w (A (B (C (D (E (F (g (G (H (f (I (ab s u g aa r q n y a f c o ac u ac v g a p ac e d j x v ac m X Y v n aa Z AA AB b w ad m b z AC a e AD AE AF AG w t v p ad AH g AI AJ j o ac x q AK p))))))))))))
w (A (B (C (D (E (F (g (G (H (f (I (aa aa r q n y a f c o ac u ac v g a p ac e d j x v ac m X Y v n aa Z AA AB b w ad m b z AC a e AD AE AF AG w t v p ad AH g AI AJ j o ac x q AK p))))))))))))
w (A (B (C (D (E (F (g (G (H (f (I (f (m n i b z) i n n y a f c o ac u ac v g a p ac e d j x v ac m X Y v n aa Z AA AB b w ad m b z AC a e AD AE AF AG w t v p ad AH g AI AJ j o ac x q AK p))))))))))))
w (A (B (C (D (E (F (g (G (H (f (I (ab s u g aa r q n n y a f c o ac u ac v g a p ac e d j x v ac m X Y v n aa Z AA AB b w ad m b z AC a e AD AE AF AG w t v p ad AH g AI AJ j o ac x q AK p))))))))))))
w (A (B (C (D (E (F (g (G (H (f (I (aa aa r q n n y a f c o ac u ac v g a p ac e d j x v ac m X Y v n aa Z AA AB b w ad m b z AC a e AD AE AF AG w t v p ad AH g AI AJ j o ac x q AK p))))))))))))
w (A (B (C (D (E (F (g (G (H (f (I (f (m n i b z) i n n n y a f c o ac u ac v g a p ac e d j x v ac m X Y v n aa Z AA AB b w ad m b z AC a e AD AE AF AG w t v p ad AH g AI AJ j o ac x q AK p))))))))))))
w (A (B (C (D (E (F (g (G (H (f (I (ab s u g aa r q n n n y a f c o ac u ac v g a p ac e d j x v ac m X Y v n aa Z AA AB b w ad m b z AC a e AD AE AF AG w t v p ad AH g AI AJ j o ac x q AK p))))))))))))
w (A (B (C (D (E (F (g (G (H (f (I (aa aa r q n n n y a f c o ac u ac v g a p ac e d j x v ac m X Y v n aa Z AA AB b w ad m b z AC a e AD AE AF AG w t v p ad AH g AI AJ j o ac x q AK p))))))))))))
w (A (B (C (D (E (F (g (G (H (f (I (f (m n i b z) i n n n n y a f c o ac u ac v g a p ac e d j x v ac m X Y v n aa Z AA AB b w ad m b z AC a e AD AE AF AG w t v p ad AH g AI AJ j o ac x q AK p))))))))))))
w (A (B (C (D (E (F (g (G (H (f (I (ab s u g aa r q n n n n y a f c o ac u ac v g a p ac e d j x v ac m X Y v n aa Z AA AB b w ad m b z AC a e AD AE AF AG w t v p ad AH g AI AJ j o ac x q AK p))))))))))))
w (A (B (C (D (E (F (g (G (H (f (I (aa aa r q n n n n y a f c o ac u ac v g a p ac e d j x v ac m X Y v n aa Z AA AB b w ad m b z AC a e AD AE AF AG w t v p ad AH g AI AJ j o ac x q AK p))))))))))))
w (A (B (C (D (E (F (g (G (H (f (I (f (m n i b z) i n n n n n y a f c o ac u ac v g a p ac e d j x v ac m X Y v n aa Z AA AB b w ad m b z AC a e AD AE AF AG w t v p ad AH g AI AJ j o ac x q AK p))))))))))))
w (A (B (C (D (E (F (g (G (H (f (I (ab s u g aa r q n n n n n y a f c o ac u ac v g a p ac e d j x v ac m X Y v n aa Z AA AB b w ad m b z AC a e AD AE AF AG w t v p ad AH g AI AJ j o ac x q AK p))))))))))))
w (A (B (C (D (E (F (g (G (H (f (I (aa aa r q n n n n n y a f c o ac u ac v g a p ac e d j x v ac m X Y v n aa Z AA AB b w ad m b z AC a e AD AE AF AG w t v p ad AH g AI AJ j o ac x q AK p))))))))))))
w (A (B (C (D (E (F (g (G (H (f (I (f (m n i b z) i n n n n n n y a f c o ac u ac v g a p ac e d j x v ac m X Y v n aa Z AA AB b w ad m b z AC a e AD AE AF AG w t v p ad AH g AI AJ j o ac x q AK p))))))))))))
w (A (B (C (D (E (F (g (G (H (f (I (ab s u g aa r q n n n n n n y a f c o ac u ac v g a p ac e d j x v ac m X Y v n aa Z AA AB b w ad m b z AC a e AD AE AF AG w t v p ad AH g AI AJ j o ac x q AK p))))))))))))
w (A (B (C (D (E (F (g (G (H (f (I (aa aa r q n n n n n n y a f c o ac u ac v g a p ac e d j x v ac m X Y v n aa Z AA AB b w ad m b z AC a e AD AE AF AG w t v p ad AH g AI AJ j o ac x q AK p))))))))))))
w (A (B (C (D (E (F (g (G (H (f (I (f (m n i b z) i n n n n n n n y a f c o ac u ac v g a p ac e d j x v ac m X Y v n aa Z AA AB b w ad m b z AC a e AD AE AF AG w t v p ad AH g AI AJ j o ac x q AK p))))))))))))
w (A (B (C (D (E (F (g (G (H (f (I (ab s u g aa r q n n n n n n n y a f c o ac u ac v g a p ac e d j x v ac m X Y v n aa Z AA AB b w ad m b z AC a e AD AE AF AG w t v p ad AH g AI AJ j o ac x q AK p))))))))))))
w (A (B (C (D (E (F (g (G (H (f (I (aa aa r q n n n n n n n y a f c o ac u ac v g a p ac e d j x v ac m X Y v n aa Z AA AB b w ad m b z AC a e AD AE AF AG w t v p ad AH g AI AJ j o ac x q AK p))))))))))))
w (A (B (C (D (E (F (g (G (H (f (I (f (m n i b z) i n n n n n n n n y a f c o ac u ac v g a p ac e d j x v ac m X Y v n aa Z AA AB b w ad m b z AC a e AD AE AF AG w t v p ad AH g AI AJ j o ac x q AK p))))))))))))
w (A (B (C (D (E (F (g (G (H (f (I (ab s u g aa r q n n n n n n n n y a f c o ac u ac v g a p ac e d j x v ac m X Y v n aa Z AA AB b w ad m b z AC a e AD AE AF AG w t v p ad AH g AI AJ j o ac x q AK p))))))))))))
w (A (B (C (D (E (F (g (G (H (f (I (aa aa r q n n n n n n n n y a f c o ac u ac v g a p ac e d j x v ac m X Y v n aa Z AA AB b w ad m b z AC a e AD AE AF AG w t v p ad AH g AI AJ j o ac x q AK p))))))))))))


