a ah ag af ae ac (ab (m (r u) (f w) x q h ag ac ag b) k o)
b ae a (p h v t u ae k y c ab) aa u d x d
c ae ag ai af ah j d k z w s
d ag ah af ae z (i m x o ah z e e k ad y z e g f r)
e ae q (ac ae x t ab x u i ad ad f r v v)
f af ai ae ag ah ab z o r ab x u a u u ad j ah
g ae t (i x e (q ac m) q) i
h af ae s (z af ac b n r f)
i ae ag af e h k ae z ad q k y s c
j af aj ag ae ai ah z h y a n ab aa w
k af ah ag ae ad (x (q s p l)) c g g j p z af f
l x (w (d y d p u a d) f m e n) n z ad
m ah ag af ai ae o (ah (i p v j g o ac) e w)
n af ae b (x o c)
o ae m aa z s ad ac w d c b p e m
p ah af ae ag v (d k k l x j j f)
q af ae o y e y w ab o d r n
r ah af ae ag ai u (o (l (q e d) j g g z c p p) v n) h e t
s ag af ae k (d (h y ad) ac o h) v c m ae h a
t ae p h l v ae
u ae ag af r (s (s c s t g w w n f e m o a y f))
v ag af ah ae ab w p s k t b
w aj ah af ai ag ae a (ab l) i aa ab l s m f t
x ae s (h k k v f n ab r l g)
y ah ag af ae r z a s ah ae j i z l r aa s c c l p c
z v y u
aa ae af o h t o v y v u i w ab h a o b t
ab ae af ag m (p af ad ad)
ac ae ag af d (ab k ab b f ag w m x ad aa v g aa i y ad)
ad af ai ag ae ah l r (h n m s b g i) j m j
main ab (ad (m (A (e (B (C (b (D E (F (G H u g I y w l J K s) L j t l v z f g x c w l f h m) M N O o y j k P Q R S u n g v T U V t w t g h h W ab X Y Z AA AB ad t AC v AD d AE x j q ac r AF aa AG AH AI r AJ AK AL AM AN ad m AO AP l d) AQ AR t)))))))
------------------------------------------------------------
ab (ad (m (A (e (B (C (b (D E (F (G H u g I y w l J K s) L j t l v z f g x c w l f h m) M N O o y j k P Q R S u n g v T U V t w t g h h W ab X Y Z AA AB ad t AC v AD d AE x j q ac r AF aa AG AH AI r AJ AK AL AM AN ad m AO AP l d) AQ AR t)))))))
ab (ad (m (A (q (ac (B (C (b (D E (F (G H u g I y w l J K s) L j t l v z f g x c w l f h m) M N O o y j k P Q R S u n g v T U V t w t g h h W ab X Y Z AA AB ad t AC v AD d AE x j q ac r AF aa AG AH AI r AJ AK AL AM AN ad m AO AP l d) AQ AR t))) x t ab x u i ad ad f r v v)))))
ab (ad (m (A (q (d (ab k ab b f x w m x ad aa v g aa i y ad) ab x u i ad ad f r v v)))))
ab (ad (m (A (q (z (i m x o ab z e e k ad y z e g f r) i ad ad f r v v)))))
ab (ad (m (A (q (v y u (i m x o ab z e e k ad y z e g f r) i ad ad f r v v)))))
ab (ad (m (A (q (ab w p s k t b ad ad f r v v)))))
ab (ad (m (A (q (m (p p ad ad) k t b ad ad f r v v)))))
ab (ad (m (A (q (o (p p ad ad (i p v j g o ac) e w) ad f r v v)))))
ab (ad (m (A (q (m aa z s ad ac w d c b p e m ad f r v v)))))
ab (ad (m (A (q (o (aa (i p v j g o ac) e w) w d c b p e m ad f r v v)))))
ab (ad (m (A (q (m aa z s ad ac w d c b p e m w d c b p e m ad f r v v)))))
ab (ad (m (A (q (o (aa (i p v j g o ac) e w) w d c b p e m w d c b p e m ad f r v v)))))
ab (ad (m (A (q (m aa z s ad ac w d c b p e m w d c b p e m w d c b p e m ad f r v v)))))
ab (ad (m (A (q (o (aa (i p v j g o ac) e w) w d c b p e m w d c b p e m w d c b p e m ad f r v v)))))
ab (ad (m (A (q (m aa z s ad ac w d c b p e m w d c b p e m w d c b p e m w d c b p e m ad f r v v)))))
ab (ad (m (A (q (o (aa (i p v j g o ac) e w) w d c b p e m w d c b p e m w d c b p e m w d c b p e m ad f r v v)))))
ab (ad (m (A (q (m aa z s ad ac w d c b p e m w d c b p e m w d c b p e m w d c b p e m w d c b p e m ad f r v v)))))
ab (ad (m (A (q (o (aa (i p v j g o ac) e w) w d c b p e m w d c b p e m w d c b p e m w d c b p e m w d c b p e m ad f r v v)))))
ab (ad (m (A (q (m aa z s ad ac w d c b p e m w d c b p e m w d c b p e m w d c b p e m w d c b p e m w d c b p e m ad f r v v)))))
ab (ad (m (A (q (o (aa (i p v j g o ac) e w) w d c b p e m w d c b p e m w d c b p e m w d c b p e m w d c b p e m w d c b p e m ad f r v v)))))
ab (ad (m (A (q (m aa z s ad ac w d c b p e m w d c b p e m w d c b p e m w d c b p e m w d c b p e m w d c b p e m w d c b p e m ad f r v v)))))
ab (ad (m (A (q (o (aa (i p v j g o ac) e w) w d c b p e m w d c b p e m w d c b p e m w d c b p e m w d c b p e m w d c b p e m w d c b p e m ad f r v v)))))
ab (ad (m (A (q (m aa z s ad ac w d c b p e m w d c b p e m w d c b p e m w d c b p e m w d c b p e m w d c b p e m w d c b p e m w d c b p e m ad f r v v)))))
ab (ad (m (A (q (o (aa (i p v j g o ac) e w) w d c b p e m w d c b p e m w d c b p e m w d c b p e m w d c b p e m w d c b p e m w d c b p e m w d c b p e m ad f r v v)))))
ab (ad (m (A (q (m aa z s ad ac w d c b p e m w d c b p e m w d c b p e m w d c b p e m w d c b p e m w d c b p e m w d c b p e m w d c b p e m w d c b p e m ad f r v v)))))
ab (ad (m (A (q (o (aa (i p v j g o ac) e w) w d c b p e m w d c b p e m w d c b p e m w d c b p e m w d c b p e m w d c b p e m w d c b p e m w d c b p e m w d c b p e m ad f r v v)))))
ab (ad (m (A (q (m aa z s ad ac w d c b p e m w d c b p e m w d c b p e m w d c b p e m w d c b p e m w d c b p e m w d c b p e m w d c b p e m w d c b p e m w d c b p e m ad f r v v)))))
ab (ad (m (A (q (o (aa (i p v j g o ac) e w) w d c b p e m w d c b p e m w d c b p e m w d c b p e m w d c b p e m w d c b p e m w d c b p e m w d c b p e m w d c b p e m w d c b p e m ad f r v v)))))
ab (ad (m (A (q (m aa z s ad ac w d c b p e m w d c b p e m w d c b p e m w d c b p e m w d c b p e m w d c b p e m w d c b p e m w d c b p e m w d c b p e m w d c b p e m w d c b p e m ad f r v v)))))
ab (ad (m (A (q (o (aa (i p v j g o ac) e w) w d c b p e m w d c b p e m w d c b p e m w d c b p e m w d c b p e m w d c b p e m w d c b p e m w d c b p e m w d c b p e m w d c b p e m w d c b p e m ad f r v v)))))


