a ah ae af ag = b s l v w x ah s q ac g t p w s c v
b ag ae af = ab (g z n a ad n aa j aa n p)
c aj ag ai ah af ae = y (s (b ad z b) (p e) e) ac h ab n u
d af ae ag = y (q (j x ac v ag) x f l n g)
e ag aj ae ai af ah = h g x i w
f ae af ah ag = l (j o m a o ab) d l k w m l
g af ah ae ai ag = x t d z j h
h = o (ad f n ac b z t l k ac k) u k n
i ae ai af ah ag = v ai ag o ai ad
j ae aj af ai ah ag = n (n g b ai o i e s t g u c ab z m p m)
k ae ai ah ag af = z (ac n u l t)
l ae = i (aa h e b t c s i)
m ai ah ag af ae = b u v z ac d f
n ag ae af ai ah = z (a (e k a t z) h q c) o aa ac i b
o = ab (v e p c m aa u z m)
p af ag ai ae ah = af (q q k l ac d h l n o) l v
q ae = n r ad
r ae af ag = c (x c y n k n d x y z g ab f af q)
s ag af ae = aa aa ae f ab i o t aa h i ad k e g f
t = z (n k ab j l x d b j u n b e)
u ai ag ah aj af ae = w (c c s ab f g aa q aa z j s)
v ah ag ae ai af = p w r t u g a
w af ae = v k u s k y af n v
x ai ae ah ag aj af = p (a a k ag l f g w o)
y ae = ac (k a r) (a p z) e
z af ae ag = o (j (aa (l ag m q p u i)) f ae f p n n)
aa ae af = g (j e v q d m ad v f s y af) p
ab ag ai ah ae af aj = c l (s d n x ac g c v r q h j ac r u)
ac af ag ae = j (l (a (aa ag) s b j) ag b s n q n) ab
ad = r a x j e y i
main = A (ad (z (B (C (D (E (p (aa (F aa ac z G ad ab t H I s u m w j J m a o c K j a k j x L M N O o P Q R S p T U l h V W p x X ab Y f b m Z AA k h AB AC n f AD AE v a AF r e d AG AH AI AJ AK AL AM g AN AO AP s) x) u y AQ AR ab ab AT AU g s d d)))))))
------------------------------------------------------------
A (ad (z (B (C (D (E (p (aa (F aa ac z G ad ab t H I s u m w j J m a o c K j a k j x L M N O o P Q R S p T U l h V W p x X ab Y f b m Z AA k h AB AC n f AD AE v a AF r e d AG AH AI AJ AK AL AM g AN AO AP s) x) u y AQ AR ab ab AT AU g s d d)))))))
A (r a x j e y i (z (B (C (D (E (p (aa (F aa ac z G ad ab t H I s u m w j J m a o c K j a k j x L M N O o P Q R S p T U l h V W p x X ab Y f b m Z AA k h AB AC n f AD AE v a AF r e d AG AH AI AJ AK AL AM g AN AO AP s) x) u y AQ AR ab ab AT AU g s d d)))))))
A (c (x c y n k n d x y z g ab f x q) e y i (z (B (C (D (E (p (aa (F aa ac z G ad ab t H I s u m w j J m a o c K j a k j x L M N O o P Q R S p T U l h V W p x X ab Y f b m Z AA k h AB AC n f AD AE v a AF r e d AG AH AI AJ AK AL AM g AN AO AP s) x) u y AQ AR ab ab AT AU g s d d)))))))
A (c (p (a a k k l f g w o) x y z g ab f x q) e y i (z (B (C (D (E (p (aa (F aa ac z G ad ab t H I s u m w j J m a o c K j a k j x L M N O o P Q R S p T U l h V W p x X ab Y f b m Z AA k h AB AC n f AD AE v a AF r e d AG AH AI AJ AK AL AM g AN AO AP s) x) u y AQ AR ab ab AT AU g s d d)))))))
A (c (a a k k l f g w o (q q k l ac d h l n o) l v ab f x q) e y i (z (B (C (D (E (p (aa (F aa ac z G ad ab t H I s u m w j J m a o c K j a k j x L M N O o P Q R S p T U l h V W p x X ab Y f b m Z AA k h AB AC n f AD AE v a AF r e d AG AH AI AJ AK AL AM g AN AO AP s) x) u y AQ AR ab ab AT AU g s d d)))))))
A (c (b s l v w x a s q ac g t p w s c v f g w o (q q k l ac d h l n o) l v ab f x q) e y i (z (B (C (D (E (p (aa (F aa ac z G ad ab t H I s u m w j J m a o c K j a k j x L M N O o P Q R S p T U l h V W p x X ab Y f b m Z AA k h AB AC n f AD AE v a AF r e d AG AH AI AJ AK AL AM g AN AO AP s) x) u y AQ AR ab ab AT AU g s d d)))))))
A (c (ab (g z n a ad n aa j aa n p) w x a s q ac g t p w s c v f g w o (q q k l ac d h l n o) l v ab f x q) e y i (z (B (C (D (E (p (aa (F aa ac z G ad ab t H I s u m w j J m a o c K j a k j x L M N O o P Q R S p T U l h V W p x X ab Y f b m Z AA k h AB AC n f AD AE v a AF r e d AG AH AI AJ AK AL AM g AN AO AP s) x) u y AQ AR ab ab AT AU g s d d)))))))
A (c (c l (s d n x ac g c v r q h j ac r u) ac g t p w s c v f g w o (q q k l ac d h l n o) l v ab f x q) e y i (z (B (C (D (E (p (aa (F aa ac z G ad ab t H I s u m w j J m a o c K j a k j x L M N O o P Q R S p T U l h V W p x X ab Y f b m Z AA k h AB AC n f AD AE v a AF r e d AG AH AI AJ AK AL AM g AN AO AP s) x) u y AQ AR ab ab AT AU g s d d)))))))
A (c (y (s (b ad z b) (p e) e) ac h ab n u w s c v f g w o (q q k l ac d h l n o) l v ab f x q) e y i (z (B (C (D (E (p (aa (F aa ac z G ad ab t H I s u m w j J m a o c K j a k j x L M N O o P Q R S p T U l h V W p x X ab Y f b m Z AA k h AB AC n f AD AE v a AF r e d AG AH AI AJ AK AL AM g AN AO AP s) x) u y AQ AR ab ab AT AU g s d d)))))))
A (c (ac (k a r) (a p z) e ac h ab n u w s c v f g w o (q q k l ac d h l n o) l v ab f x q) e y i (z (B (C (D (E (p (aa (F aa ac z G ad ab t H I s u m w j J m a o c K j a k j x L M N O o P Q R S p T U l h V W p x X ab Y f b m Z AA k h AB AC n f AD AE v a AF r e d AG AH AI AJ AK AL AM g AN AO AP s) x) u y AQ AR ab ab AT AU g s d d)))))))
A (c (j (l (a (aa (a p z)) s b j) (a p z) b s n q n) ab ac h ab n u w s c v f g w o (q q k l ac d h l n o) l v ab f x q) e y i (z (B (C (D (E (p (aa (F aa ac z G ad ab t H I s u m w j J m a o c K j a k j x L M N O o P Q R S p T U l h V W p x X ab Y f b m Z AA k h AB AC n f AD AE v a AF r e d AG AH AI AJ AK AL AM g AN AO AP s) x) u y AQ AR ab ab AT AU g s d d)))))))
A (c (n (n g b h o i e s t g u c ab z m p m) u w s c v f g w o (q q k l ac d h l n o) l v ab f x q) e y i (z (B (C (D (E (p (aa (F aa ac z G ad ab t H I s u m w j J m a o c K j a k j x L M N O o P Q R S p T U l h V W p x X ab Y f b m Z AA k h AB AC n f AD AE v a AF r e d AG AH AI AJ AK AL AM g AN AO AP s) x) u y AQ AR ab ab AT AU g s d d)))))))
A (c (z (a (e k a t z) h q c) o aa ac i b v f g w o (q q k l ac d h l n o) l v ab f x q) e y i (z (B (C (D (E (p (aa (F aa ac z G ad ab t H I s u m w j J m a o c K j a k j x L M N O o P Q R S p T U l h V W p x X ab Y f b m Z AA k h AB AC n f AD AE v a AF r e d AG AH AI AJ AK AL AM g AN AO AP s) x) u y AQ AR ab ab AT AU g s d d)))))))
A (c (o (j (aa (l aa m q p u i)) f o f p n n) ac i b v f g w o (q q k l ac d h l n o) l v ab f x q) e y i (z (B (C (D (E (p (aa (F aa ac z G ad ab t H I s u m w j J m a o c K j a k j x L M N O o P Q R S p T U l h V W p x X ab Y f b m Z AA k h AB AC n f AD AE v a AF r e d AG AH AI AJ AK AL AM g AN AO AP s) x) u y AQ AR ab ab AT AU g s d d)))))))
A (c (ab (v e p c m aa u z m) (j (aa (l aa m q p u i)) f o f p n n) ac i b v f g w o (q q k l ac d h l n o) l v ab f x q) e y i (z (B (C (D (E (p (aa (F aa ac z G ad ab t H I s u m w j J m a o c K j a k j x L M N O o P Q R S p T U l h V W p x X ab Y f b m Z AA k h AB AC n f AD AE v a AF r e d AG AH AI AJ AK AL AM g AN AO AP s) x) u y AQ AR ab ab AT AU g s d d)))))))
A (c (c l (s d n x ac g c v r q h j ac r u) f g w o (q q k l ac d h l n o) l v ab f x q) e y i (z (B (C (D (E (p (aa (F aa ac z G ad ab t H I s u m w j J m a o c K j a k j x L M N O o P Q R S p T U l h V W p x X ab Y f b m Z AA k h AB AC n f AD AE v a AF r e d AG AH AI AJ AK AL AM g AN AO AP s) x) u y AQ AR ab ab AT AU g s d d)))))))
A (c (y (s (b ad z b) (p e) e) ac h ab n u (q q k l ac d h l n o) l v ab f x q) e y i (z (B (C (D (E (p (aa (F aa ac z G ad ab t H I s u m w j J m a o c K j a k j x L M N O o P Q R S p T U l h V W p x X ab Y f b m Z AA k h AB AC n f AD AE v a AF r e d AG AH AI AJ AK AL AM g AN AO AP s) x) u y AQ AR ab ab AT AU g s d d)))))))
A (c (ac (k a r) (a p z) e ac h ab n u (q q k l ac d h l n o) l v ab f x q) e y i (z (B (C (D (E (p (aa (F aa ac z G ad ab t H I s u m w j J m a o c K j a k j x L M N O o P Q R S p T U l h V W p x X ab Y f b m Z AA k h AB AC n f AD AE v a AF r e d AG AH AI AJ AK AL AM g AN AO AP s) x) u y AQ AR ab ab AT AU g s d d)))))))
A (c (j (l (a (aa (a p z)) s b j) (a p z) b s n q n) ab ac h ab n u (q q k l ac d h l n o) l v ab f x q) e y i (z (B (C (D (E (p (aa (F aa ac z G ad ab t H I s u m w j J m a o c K j a k j x L M N O o P Q R S p T U l h V W p x X ab Y f b m Z AA k h AB AC n f AD AE v a AF r e d AG AH AI AJ AK AL AM g AN AO AP s) x) u y AQ AR ab ab AT AU g s d d)))))))
A (c (n (n g b h o i e s t g u c ab z m p m) u (q q k l ac d h l n o) l v ab f x q) e y i (z (B (C (D (E (p (aa (F aa ac z G ad ab t H I s u m w j J m a o c K j a k j x L M N O o P Q R S p T U l h V W p x X ab Y f b m Z AA k h AB AC n f AD AE v a AF r e d AG AH AI AJ AK AL AM g AN AO AP s) x) u y AQ AR ab ab AT AU g s d d)))))))
A (c (z (a (e k a t z) h q c) o aa ac i b ab f x q) e y i (z (B (C (D (E (p (aa (F aa ac z G ad ab t H I s u m w j J m a o c K j a k j x L M N O o P Q R S p T U l h V W p x X ab Y f b m Z AA k h AB AC n f AD AE v a AF r e d AG AH AI AJ AK AL AM g AN AO AP s) x) u y AQ AR ab ab AT AU g s d d)))))))
A (c (o (j (aa (l aa m q p u i)) f o f p n n) ac i b ab f x q) e y i (z (B (C (D (E (p (aa (F aa ac z G ad ab t H I s u m w j J m a o c K j a k j x L M N O o P Q R S p T U l h V W p x X ab Y f b m Z AA k h AB AC n f AD AE v a AF r e d AG AH AI AJ AK AL AM g AN AO AP s) x) u y AQ AR ab ab AT AU g s d d)))))))
A (c (ab (v e p c m aa u z m) (j (aa (l aa m q p u i)) f o f p n n) ac i b ab f x q) e y i (z (B (C (D (E (p (aa (F aa ac z G ad ab t H I s u m w j J m a o c K j a k j x L M N O o P Q R S p T U l h V W p x X ab Y f b m Z AA k h AB AC n f AD AE v a AF r e d AG AH AI AJ AK AL AM g AN AO AP s) x) u y AQ AR ab ab AT AU g s d d)))))))
A (c (c l (s d n x ac g c v r q h j ac r u) f x q) e y i (z (B (C (D (E (p (aa (F aa ac z G ad ab t H I s u m w j J m a o c K j a k j x L M N O o P Q R S p T U l h V W p x X ab Y f b m Z AA k h AB AC n f AD AE v a AF r e d AG AH AI AJ AK AL AM g AN AO AP s) x) u y AQ AR ab ab AT AU g s d d)))))))
A (c (c l (aa aa x f ab i o t aa h i ad k e g f ac g c v r q h j ac r u) f x q) e y i (z (B (C (D (E (p (aa (F aa ac z G ad ab t H I s u m w j J m a o c K j a k j x L M N O o P Q R S p T U l h V W p x X ab Y f b m Z AA k h AB AC n f AD AE v a AF r e d AG AH AI AJ AK AL AM g AN AO AP s) x) u y AQ AR ab ab AT AU g s d d)))))))
A (c (c l (g (j e v q d m ad v f s y x) p f ab i o t aa h i ad k e g f ac g c v r q h j ac r u) f x q) e y i (z (B (C (D (E (p (aa (F aa ac z G ad ab t H I s u m w j J m a o c K j a k j x L M N O o P Q R S p T U l h V W p x X ab Y f b m Z AA k h AB AC n f AD AE v a AF r e d AG AH AI AJ AK AL AM g AN AO AP s) x) u y AQ AR ab ab AT AU g s d d)))))))
A (c (c l (x t d z j h o t aa h i ad k e g f ac g c v r q h j ac r u) f x q) e y i (z (B (C (D (E (p (aa (F aa ac z G ad ab t H I s u m w j J m a o c K j a k j x L M N O o P Q R S p T U l h V W p x X ab Y f b m Z AA k h AB AC n f AD AE v a AF r e d AG AH AI AJ AK AL AM g AN AO AP s) x) u y AQ AR ab ab AT AU g s d d)))))))
A (c (c l (p (a a k j l f g w o) t aa h i ad k e g f ac g c v r q h j ac r u) f x q) e y i (z (B (C (D (E (p (aa (F aa ac z G ad ab t H I s u m w j J m a o c K j a k j x L M N O o P Q R S p T U l h V W p x X ab Y f b m Z AA k h AB AC n f AD AE v a AF r e d AG AH AI AJ AK AL AM g AN AO AP s) x) u y AQ AR ab ab AT AU g s d d)))))))
A (c (c l (a a k j l f g w o (q q k l ac d h l n o) l v ad k e g f ac g c v r q h j ac r u) f x q) e y i (z (B (C (D (E (p (aa (F aa ac z G ad ab t H I s u m w j J m a o c K j a k j x L M N O o P Q R S p T U l h V W p x X ab Y f b m Z AA k h AB AC n f AD AE v a AF r e d AG AH AI AJ AK AL AM g AN AO AP s) x) u y AQ AR ab ab AT AU g s d d)))))))
A (c (c l (b s l v w x a s q ac g t p w s c v f g w o (q q k l ac d h l n o) l v ad k e g f ac g c v r q h j ac r u) f x q) e y i (z (B (C (D (E (p (aa (F aa ac z G ad ab t H I s u m w j J m a o c K j a k j x L M N O o P Q R S p T U l h V W p x X ab Y f b m Z AA k h AB AC n f AD AE v a AF r e d AG AH AI AJ AK AL AM g AN AO AP s) x) u y AQ AR ab ab AT AU g s d d)))))))


