a af ae ag = h (l s i e u ac z z j l)
b af ae ag ah = s d (z f y (q y (m z n r x k x)))
c ah ae aj af ai ag = aa (af (aa (ad b (ab n) ab ac o l k z d)))
d ag ah af ae = y (h (c (k (e s m ah h x ab c) q u)))
e ag ae ai af ah aj = ag ag (h i b x)
f ae af = l (b c ab y w j n af k)
g af ag ae ai ah = u (y f i c (v j ab u ad x x) b u)
h af aj ag ah ai ae = j (p l (b s d f aj))
i ae af = b x (af e (ab (y ab x p h aa e j n af p ab)))
j af ag ae ai ah aj = h ag (ag ac (ag q (a t h i z f) b b u m))
k ae = l (a p h f)
l ah ag af ae = w v z x (d d (ac e q x r x (j n v) e d w))
m af ag ae ah = s (g (z (aa (ah y (p k y x ac aa y ae)))))
n ae ag af ah = c l ad (q (o c u a h j a))
o = y y (s x)
p af ag ah ai ae = y ab (n (af w (x (ab j d a q g) ag v n s a)))
q ai aj ah af ae ag = e (k (aa (r ac v) ab h))
r = x (k (i (t (ac (k d aa j v d i aa s e y j)))))
s ae af = v e t (a k d (g (b q aa (ac r l q k n t b))))
t ae af = w ab (e (b (z x m j af q m m a g w m q)))
u af ae = h o ac b (ac o x k ad o) ad (e (h h s e))
v ah ae af ag = k (f o d (ad (c d) i s ad) d ab t x)
w af ag ah ae = ag (f x (i p (aa (d b) ad s ad g r l aa)))
x af ae ag = v (g y (v p (u t af e r) h w m w l))
y af ae = s (l (b (l ad f f p t ad m)))
z ag ae ah af = w h m
aa = m t p i (i (e e (j ac n) (d s s r q i)))
ab ae ag ai ah af = f r r (ag j) i (d x ag (t y s r j j a ai t))
ac ag ai ah af ae = b i (ab j x e (w z f (p c ab m ad c)))
ad ah ae af ag ai aj = aa q (q (ae aa k (i u m h aa c h i ag d)))
main = A (y (a (v (t B (C D s (k (x (k v (ad (a e) r i (c (u j f (i E (i (c (aa F (q (b ac (m (l k (G (q c w (k (f (H o (q (s (x (d u I ac b p n)) h p) v ab J a p d b w x p r o t z) K f s e k d n c o i) t d d v ad) i b L M d r g N a x o z c e t f w))))))))))))))))))))))
------------------------------------------------------------
A (y (a (v (t B (C D s (k (x (k v (ad (a e) r i (c (u j f (i E (i (c (aa F (q (b ac (m (l k (G (q c w (k (f (H o (q (s (x (d u I ac b p n)) h p) v ab J a p d b w x p r o t z) K f s e k d n c o i) t d d v ad) i b L M d r g N a x o z c e t f w))))))))))))))))))))))
A (y (a (v (w ab (e (b (z x m j (C D s (k (x (k v (ad (a e) r i (c (u j f (i E (i (c (aa F (q (b ac (m (l k (G (q c w (k (f (H o (q (s (x (d u I ac b p n)) h p) v ab J a p d b w x p r o t z) K f s e k d n c o i) t d d v ad) i b L M d r g N a x o z c e t f w)))))))))))))))))) q m m a g w m q)))))))
A (y (a (v (w ab (e (b (w h m q m m a g w m q)))))))
A (y (a (v (w ab (e (b (m (f x (i p (aa (d b) ad s ad g r l aa))) m a g w m q)))))))
A (y (a (v (w ab (e (b (s (g (z (aa (g y (p k y x ac aa y a))))) w m q)))))))
A (y (a (v (w ab (e (b (v e t (a k d (g (b q aa (ac r l q k n t b)))) m q)))))))
A (y (a (v (w ab (e (b (k (f o d (ad (c d) i s ad) d ab t x) q)))))))
A (y (a (v (w ab (e (b (l (a p h f) q)))))))
A (y (a (v (w ab (e (b (l (h (l s i e u ac z z j l)) q)))))))
A (y (a (v (w ab (e (b (l (h (w v z x (d d (ac e q x r x (j n v) e d w)) ac z z j l)) q)))))))
A (y (a (v (w ab (e (b (l (h (z (f x (i p (aa (d b) ad s ad g r l aa))) ac z z j l)) q)))))))
A (y (a (v (w ab (e (b (l (h (w h m j l)) q)))))))
A (y (a (v (w ab (e (b (l (h (m (f x (i p (aa (d b) ad s ad g r l aa))))) q)))))))
A (y (a (v (w ab (e (b (l (h (m (l (b c ab y w j n (i p (aa (d b) ad s ad g r l aa)) k)))) q)))))))
A (y (a (v (w ab (e (b (l (h (m (l (s d (z f y (q y (m z n r x k x))) j n (i p (aa (d b) ad s ad g r l aa)) k)))) q)))))))
A (y (a (v (w ab (e (b (l (h (m (l (v e t (a k d (g (b q aa (ac r l q k n t b)))) j n (i p (aa (d b) ad s ad g r l aa)) k)))) q)))))))
A (y (a (v (w ab (e (b (l (h (m (l (k (f o d (ad (c d) i s ad) d ab t x) n (i p (aa (d b) ad s ad g r l aa)) k)))) q)))))))
A (y (a (v (w ab (e (b (l (h (m (l (l (a p h f) n (i p (aa (d b) ad s ad g r l aa)) k)))) q)))))))
A (y (a (v (w ab (e (b (l (h (m (l (w v z x (d d (ac e q x r x (j n v) e d w)))))) q)))))))
A (y (a (v (w ab (e (b (l (h (m (l (z (f x (i p (aa (d b) ad s ad g r l aa))))))) q)))))))
A (y (a (v (w ab (e (b (l (h (m (l (z (l (b c ab y w j n (i p (aa (d b) ad s ad g r l aa)) k)))))) q)))))))
A (y (a (v (w ab (e (b (l (h (m (l (z (l (s d (z f y (q y (m z n r x k x))) j n (i p (aa (d b) ad s ad g r l aa)) k)))))) q)))))))
A (y (a (v (w ab (e (b (l (h (m (l (z (l (v e t (a k d (g (b q aa (ac r l q k n t b)))) j n (i p (aa (d b) ad s ad g r l aa)) k)))))) q)))))))
A (y (a (v (w ab (e (b (l (h (m (l (z (l (k (f o d (ad (c d) i s ad) d ab t x) n (i p (aa (d b) ad s ad g r l aa)) k)))))) q)))))))
A (y (a (v (w ab (e (b (l (h (m (l (z (l (l (a p h f) n (i p (aa (d b) ad s ad g r l aa)) k)))))) q)))))))
A (y (a (v (w ab (e (b (l (h (m (l (z (l (w v z x (d d (ac e q x r x (j n v) e d w)))))))) q)))))))
A (y (a (v (w ab (e (b (l (h (m (l (z (l (z (f x (i p (aa (d b) ad s ad g r l aa))))))))) q)))))))
A (y (a (v (w ab (e (b (l (h (m (l (z (l (z (l (b c ab y w j n (i p (aa (d b) ad s ad g r l aa)) k)))))))) q)))))))
A (y (a (v (w ab (e (b (l (h (m (l (z (l (z (l (s d (z f y (q y (m z n r x k x))) j n (i p (aa (d b) ad s ad g r l aa)) k)))))))) q)))))))
A (y (a (v (w ab (e (b (l (h (m (l (z (l (z (l (v e t (a k d (g (b q aa (ac r l q k n t b)))) j n (i p (aa (d b) ad s ad g r l aa)) k)))))))) q)))))))


