a ae af = p (c c ac u t m)
b ah af ai ag ae aj = ag x j o (z (r k (f (a o e l ad ac k z h v))))
c ae = k (h ae ae)
d af ae = p (u i (aa (n r (ad q af ad q o e h n s))))
e ae = u j (y u (f ae r (v p n o p z d x x) v))
f ae = e (t h r o (d (ad ab o s j l z k)))
g ae = k b aa l r
h ai af ag ah ae = g q (v (ae n (p j ad e g ae) w e c))
i af ae ag = ab (x l n p (b g x ac a))
j ae ag af = q (f (i (z (b o w ac z l w))))
k ah af ai aj ae ag = z z p (ad (i ad p x ac g r))
l af ah ae ag ai = ae d (ac (t r (b (z m p f w d w e ac))))
m af ah ag aj ai ae = j w (f (n ad ab aa d n k q))
n = a (s c i (v (ad (b (d v u q s j t j x)))))
o af ag ae = ag u (y (h (k g (ad (d (a t ab c ag ae ad) m)))))
p ae af = c (c o g b z)
q ah ae ag af = p aa
r ag af ae = b v (h (ac (k p j f c ad o)))
s ae af = n ad (o n aa (g z (m y b g e o)))
t ae af ag = p y (h (p l f f (k aa q n e k e ad a)))
u aj ah ai ae ag af = r
v af ae ah ag = n ad b (s (r (u a j g ac ab) j g r))
w ah ae af ag ai = s b
x af ai ah ag ae = ac f ad y q (z (g (l ag aa ac w a)))
y = g (s i aa v a t aa b p u ac)
z af ae = ab (y (x w (c (c h y (b s x aa c ae g d c)))))
aa ag ah ae af = l (i c (v k (x k k ac (y (n ac x v y l q)))))
ab = aa (r y j (m x aa (ad (q g i m u d a s ad p))))
ac ag ae af = q (p q (n ab z a z w q))
ad ae ai aj af ag ah = x aa (o (t r g k v m r))
main = A o (f (t c h) l (s (ab (a w t (y B (f C ac (D j (p y c s (r k n E (z (h k i (x (F (m (ad G i (l (H ab (j (i c c i ad q ab (r y ad p) (I f c m g aa (a y b ad w h e f) n k c f) J z k e K a r a L a M f r aa b u aa e e i z ad ad h N h ac h o) p))))))))))))))))))
------------------------------------------------------------
A o (f (t c h) l (s (ab (a w t (y B (f C ac (D j (p y c s (r k n E (z (h k i (x (F (m (ad G i (l (H ab (j (i c c i ad q ab (r y ad p) (I f c m g aa (a y b ad w h e f) n k c f) J z k e K a r a L a M f r aa b u aa e e i z ad ad h N h ac h o) p))))))))))))))))))
A o (e (t h r o (d (ad ab o s j l z k))) l (s (ab (a w t (y B (f C ac (D j (p y c s (r k n E (z (h k i (x (F (m (ad G i (l (H ab (j (i c c i ad q ab (r y ad p) (I f c m g aa (a y b ad w h e f) n k c f) J z k e K a r a L a M f r aa b u aa e e i z ad ad h N h ac h o) p))))))))))))))))))
A o (u j (y u (f (t h r o (d (ad ab o s j l z k))) r (v p n o p z d x x) v)) l (s (ab (a w t (y B (f C ac (D j (p y c s (r k n E (z (h k i (x (F (m (ad G i (l (H ab (j (i c c i ad q ab (r y ad p) (I f c m g aa (a y b ad w h e f) n k c f) J z k e K a r a L a M f r aa b u aa e e i z ad ad h N h ac h o) p))))))))))))))))))
A o (u j (g (s i aa v a t aa b p u ac) u (f (t h r o (d (ad ab o s j l z k))) r (v p n o p z d x x) v)) l (s (ab (a w t (y B (f C ac (D j (p y c s (r k n E (z (h k i (x (F (m (ad G i (l (H ab (j (i c c i ad q ab (r y ad p) (I f c m g aa (a y b ad w h e f) n k c f) J z k e K a r a L a M f r aa b u aa e e i z ad ad h N h ac h o) p))))))))))))))))))
A o (u j (k b aa l r u (f (t h r o (d (ad ab o s j l z k))) r (v p n o p z d x x) v)) l (s (ab (a w t (y B (f C ac (D j (p y c s (r k n E (z (h k i (x (F (m (ad G i (l (H ab (j (i c c i ad q ab (r y ad p) (I f c m g aa (a y b ad w h e f) n k c f) J z k e K a r a L a M f r aa b u aa e e i z ad ad h N h ac h o) p))))))))))))))))))
A o (u j (z z p (ad (i ad p x ac g r))) l (s (ab (a w t (y B (f C ac (D j (p y c s (r k n E (z (h k i (x (F (m (ad G i (l (H ab (j (i c c i ad q ab (r y ad p) (I f c m g aa (a y b ad w h e f) n k c f) J z k e K a r a L a M f r aa b u aa e e i z ad ad h N h ac h o) p))))))))))))))))))
A o (u j (ab (y (x w (c (c h y (b s x aa c p g d c))))) (ad (i ad p x ac g r))) l (s (ab (a w t (y B (f C ac (D j (p y c s (r k n E (z (h k i (x (F (m (ad G i (l (H ab (j (i c c i ad q ab (r y ad p) (I f c m g aa (a y b ad w h e f) n k c f) J z k e K a r a L a M f r aa b u aa e e i z ad ad h N h ac h o) p))))))))))))))))))
A o (u j (aa (r y j (m x aa (ad (q g i m u d a s ad p)))) (y (x w (c (c h y (b s x aa c p g d c))))) (ad (i ad p x ac g r))) l (s (ab (a w t (y B (f C ac (D j (p y c s (r k n E (z (h k i (x (F (m (ad G i (l (H ab (j (i c c i ad q ab (r y ad p) (I f c m g aa (a y b ad w h e f) n k c f) J z k e K a r a L a M f r aa b u aa e e i z ad ad h N h ac h o) p))))))))))))))))))
A o (u j (aa (b v (h (ac (k p j f c ad o)))) (y (x w (c (c h y (b s x aa c p g d c))))) (ad (i ad p x ac g r))) l (s (ab (a w t (y B (f C ac (D j (p y c s (r k n E (z (h k i (x (F (m (ad G i (l (H ab (j (i c c i ad q ab (r y ad p) (I f c m g aa (a y b ad w h e f) n k c f) J z k e K a r a L a M f r aa b u aa e e i z ad ad h N h ac h o) p))))))))))))))))))
A o (u j (aa (b v (h (ac (z z p (ad (i ad p x ac g r)))))) (y (x w (c (c h y (b s x aa c p g d c))))) (ad (i ad p x ac g r))) l (s (ab (a w t (y B (f C ac (D j (p y c s (r k n E (z (h k i (x (F (m (ad G i (l (H ab (j (i c c i ad q ab (r y ad p) (I f c m g aa (a y b ad w h e f) n k c f) J z k e K a r a L a M f r aa b u aa e e i z ad ad h N h ac h o) p))))))))))))))))))
A o (u j (aa (b v (h (ac (ab (y (x w (c (c h y (b s x aa c p g d c))))) (ad (i ad p x ac g r)))))) (y (x w (c (c h y (b s x aa c p g d c))))) (ad (i ad p x ac g r))) l (s (ab (a w t (y B (f C ac (D j (p y c s (r k n E (z (h k i (x (F (m (ad G i (l (H ab (j (i c c i ad q ab (r y ad p) (I f c m g aa (a y b ad w h e f) n k c f) J z k e K a r a L a M f r aa b u aa e e i z ad ad h N h ac h o) p))))))))))))))))))
A o (u j (aa (b v (h (ac (aa (r y j (m x aa (ad (q g i m u d a s ad p)))) (y (x w (c (c h y (b s x aa c p g d c))))) (ad (i ad p x ac g r)))))) (y (x w (c (c h y (b s x aa c p g d c))))) (ad (i ad p x ac g r))) l (s (ab (a w t (y B (f C ac (D j (p y c s (r k n E (z (h k i (x (F (m (ad G i (l (H ab (j (i c c i ad q ab (r y ad p) (I f c m g aa (a y b ad w h e f) n k c f) J z k e K a r a L a M f r aa b u aa e e i z ad ad h N h ac h o) p))))))))))))))))))
A o (u j (aa (b v (h (ac (aa (b v (h (ac (k p j f c ad o)))) (y (x w (c (c h y (b s x aa c p g d c))))) (ad (i ad p x ac g r)))))) (y (x w (c (c h y (b s x aa c p g d c))))) (ad (i ad p x ac g r))) l (s (ab (a w t (y B (f C ac (D j (p y c s (r k n E (z (h k i (x (F (m (ad G i (l (H ab (j (i c c i ad q ab (r y ad p) (I f c m g aa (a y b ad w h e f) n k c f) J z k e K a r a L a M f r aa b u aa e e i z ad ad h N h ac h o) p))))))))))))))))))
A o (u j (aa (b v (h (ac (aa (b v (h (ac (z z p (ad (i ad p x ac g r)))))) (y (x w (c (c h y (b s x aa c p g d c))))) (ad (i ad p x ac g r)))))) (y (x w (c (c h y (b s x aa c p g d c))))) (ad (i ad p x ac g r))) l (s (ab (a w t (y B (f C ac (D j (p y c s (r k n E (z (h k i (x (F (m (ad G i (l (H ab (j (i c c i ad q ab (r y ad p) (I f c m g aa (a y b ad w h e f) n k c f) J z k e K a r a L a M f r aa b u aa e e i z ad ad h N h ac h o) p))))))))))))))))))
A o (u j (aa (b v (h (ac (aa (b v (h (ac (ab (y (x w (c (c h y (b s x aa c p g d c))))) (ad (i ad p x ac g r)))))) (y (x w (c (c h y (b s x aa c p g d c))))) (ad (i ad p x ac g r)))))) (y (x w (c (c h y (b s x aa c p g d c))))) (ad (i ad p x ac g r))) l (s (ab (a w t (y B (f C ac (D j (p y c s (r k n E (z (h k i (x (F (m (ad G i (l (H ab (j (i c c i ad q ab (r y ad p) (I f c m g aa (a y b ad w h e f) n k c f) J z k e K a r a L a M f r aa b u aa e e i z ad ad h N h ac h o) p))))))))))))))))))
A o (u j (aa (b v (h (ac (aa (b v (h (ac (aa (r y j (m x aa (ad (q g i m u d a s ad p)))) (y (x w (c (c h y (b s x aa c p g d c))))) (ad (i ad p x ac g r)))))) (y (x w (c (c h y (b s x aa c p g d c))))) (ad (i ad p x ac g r)))))) (y (x w (c (c h y (b s x aa c p g d c))))) (ad (i ad p x ac g r))) l (s (ab (a w t (y B (f C ac (D j (p y c s (r k n E (z (h k i (x (F (m (ad G i (l (H ab (j (i c c i ad q ab (r y ad p) (I f c m g aa (a y b ad w h e f) n k c f) J z k e K a r a L a M f r aa b u aa e e i z ad ad h N h ac h o) p))))))))))))))))))
A o (u j (aa (b v (h (ac (aa (b v (h (ac (aa (b v (h (ac (k p j f c ad o)))) (y (x w (c (c h y (b s x aa c p g d c))))) (ad (i ad p x ac g r)))))) (y (x w (c (c h y (b s x aa c p g d c))))) (ad (i ad p x ac g r)))))) (y (x w (c (c h y (b s x aa c p g d c))))) (ad (i ad p x ac g r))) l (s (ab (a w t (y B (f C ac (D j (p y c s (r k n E (z (h k i (x (F (m (ad G i (l (H ab (j (i c c i ad q ab (r y ad p) (I f c m g aa (a y b ad w h e f) n k c f) J z k e K a r a L a M f r aa b u aa e e i z ad ad h N h ac h o) p))))))))))))))))))
A o (u j (aa (b v (h (ac (aa (b v (h (ac (aa (b v (h (ac (z z p (ad (i ad p x ac g r)))))) (y (x w (c (c h y (b s x aa c p g d c))))) (ad (i ad p x ac g r)))))) (y (x w (c (c h y (b s x aa c p g d c))))) (ad (i ad p x ac g r)))))) (y (x w (c (c h y (b s x aa c p g d c))))) (ad (i ad p x ac g r))) l (s (ab (a w t (y B (f C ac (D j (p y c s (r k n E (z (h k i (x (F (m (ad G i (l (H ab (j (i c c i ad q ab (r y ad p) (I f c m g aa (a y b ad w h e f) n k c f) J z k e K a r a L a M f r aa b u aa e e i z ad ad h N h ac h o) p))))))))))))))))))
A o (u j (aa (b v (h (ac (aa (b v (h (ac (aa (b v (h (ac (ab (y (x w (c (c h y (b s x aa c p g d c))))) (ad (i ad p x ac g r)))))) (y (x w (c (c h y (b s x aa c p g d c))))) (ad (i ad p x ac g r)))))) (y (x w (c (c h y (b s x aa c p g d c))))) (ad (i ad p x ac g r)))))) (y (x w (c (c h y (b s x aa c p g d c))))) (ad (i ad p x ac g r))) l (s (ab (a w t (y B (f C ac (D j (p y c s (r k n E (z (h k i (x (F (m (ad G i (l (H ab (j (i c c i ad q ab (r y ad p) (I f c m g aa (a y b ad w h e f) n k c f) J z k e K a r a L a M f r aa b u aa e e i z ad ad h N h ac h o) p))))))))))))))))))
A o (u j (aa (b v (h (ac (aa (b v (h (ac (aa (b v (h (ac (aa (r y j (m x aa (ad (q g i m u d a s ad p)))) (y (x w (c (c h y (b s x aa c p g d c))))) (ad (i ad p x ac g r)))))) (y (x w (c (c h y (b s x aa c p g d c))))) (ad (i ad p x ac g r)))))) (y (x w (c (c h y (b s x aa c p g d c))))) (ad (i ad p x ac g r)))))) (y (x w (c (c h y (b s x aa c p g d c))))) (ad (i ad p x ac g r))) l (s (ab (a w t (y B (f C ac (D j (p y c s (r k n E (z (h k i (x (F (m (ad G i (l (H ab (j (i c c i ad q ab (r y ad p) (I f c m g aa (a y b ad w h e f) n k c f) J z k e K a r a L a M f r aa b u aa e e i z ad ad h N h ac h o) p))))))))))))))))))
A o (u j (aa (b v (h (ac (aa (b v (h (ac (aa (b v (h (ac (aa (b v (h (ac (k p j f c ad o)))) (y (x w (c (c h y (b s x aa c p g d c))))) (ad (i ad p x ac g r)))))) (y (x w (c (c h y (b s x aa c p g d c))))) (ad (i ad p x ac g r)))))) (y (x w (c (c h y (b s x aa c p g d c))))) (ad (i ad p x ac g r)))))) (y (x w (c (c h y (b s x aa c p g d c))))) (ad (i ad p x ac g r))) l (s (ab (a w t (y B (f C ac (D j (p y c s (r k n E (z (h k i (x (F (m (ad G i (l (H ab (j (i c c i ad q ab (r y ad p) (I f c m g aa (a y b ad w h e f) n k c f) J z k e K a r a L a M f r aa b u aa e e i z ad ad h N h ac h o) p))))))))))))))))))
A o (u j (aa (b v (h (ac (aa (b v (h (ac (aa (b v (h (ac (aa (b v (h (ac (z z p (ad (i ad p x ac g r)))))) (y (x w (c (c h y (b s x aa c p g d c))))) (ad (i ad p x ac g r)))))) (y (x w (c (c h y (b s x aa c p g d c))))) (ad (i ad p x ac g r)))))) (y (x w (c (c h y (b s x aa c p g d c))))) (ad (i ad p x ac g r)))))) (y (x w (c (c h y (b s x aa c p g d c))))) (ad (i ad p x ac g r))) l (s (ab (a w t (y B (f C ac (D j (p y c s (r k n E (z (h k i (x (F (m (ad G i (l (H ab (j (i c c i ad q ab (r y ad p) (I f c m g aa (a y b ad w h e f) n k c f) J z k e K a r a L a M f r aa b u aa e e i z ad ad h N h ac h o) p))))))))))))))))))
A o (u j (aa (b v (h (ac (aa (b v (h (ac (aa (b v (h (ac (aa (b v (h (ac (ab (y (x w (c (c h y (b s x aa c p g d c))))) (ad (i ad p x ac g r)))))) (y (x w (c (c h y (b s x aa c p g d c))))) (ad (i ad p x ac g r)))))) (y (x w (c (c h y (b s x aa c p g d c))))) (ad (i ad p x ac g r)))))) (y (x w (c (c h y (b s x aa c p g d c))))) (ad (i ad p x ac g r)))))) (y (x w (c (c h y (b s x aa c p g d c))))) (ad (i ad p x ac g r))) l (s (ab (a w t (y B (f C ac (D j (p y c s (r k n E (z (h k i (x (F (m (ad G i (l (H ab (j (i c c i ad q ab (r y ad p) (I f c m g aa (a y b ad w h e f) n k c f) J z k e K a r a L a M f r aa b u aa e e i z ad ad h N h ac h o) p))))))))))))))))))
A o (u j (aa (b v (h (ac (aa (b v (h (ac (aa (b v (h (ac (aa (b v (h (ac (aa (r y j (m x aa (ad (q g i m u d a s ad p)))) (y (x w (c (c h y (b s x aa c p g d c))))) (ad (i ad p x ac g r)))))) (y (x w (c (c h y (b s x aa c p g d c))))) (ad (i ad p x ac g r)))))) (y (x w (c (c h y (b s x aa c p g d c))))) (ad (i ad p x ac g r)))))) (y (x w (c (c h y (b s x aa c p g d c))))) (ad (i ad p x ac g r)))))) (y (x w (c (c h y (b s x aa c p g d c))))) (ad (i ad p x ac g r))) l (s (ab (a w t (y B (f C ac (D j (p y c s (r k n E (z (h k i (x (F (m (ad G i (l (H ab (j (i c c i ad q ab (r y ad p) (I f c m g aa (a y b ad w h e f) n k c f) J z k e K a r a L a M f r aa b u aa e e i z ad ad h N h ac h o) p))))))))))))))))))
A o (u j (aa (b v (h (ac (aa (b v (h (ac (aa (b v (h (ac (aa (b v (h (ac (aa (b v (h (ac (k p j f c ad o)))) (y (x w (c (c h y (b s x aa c p g d c))))) (ad (i ad p x ac g r)))))) (y (x w (c (c h y (b s x aa c p g d c))))) (ad (i ad p x ac g r)))))) (y (x w (c (c h y (b s x aa c p g d c))))) (ad (i ad p x ac g r)))))) (y (x w (c (c h y (b s x aa c p g d c))))) (ad (i ad p x ac g r)))))) (y (x w (c (c h y (b s x aa c p g d c))))) (ad (i ad p x ac g r))) l (s (ab (a w t (y B (f C ac (D j (p y c s (r k n E (z (h k i (x (F (m (ad G i (l (H ab (j (i c c i ad q ab (r y ad p) (I f c m g aa (a y b ad w h e f) n k c f) J z k e K a r a L a M f r aa b u aa e e i z ad ad h N h ac h o) p))))))))))))))))))
A o (u j (aa (b v (h (ac (aa (b v (h (ac (aa (b v (h (ac (aa (b v (h (ac (aa (b v (h (ac (z z p (ad (i ad p x ac g r)))))) (y (x w (c (c h y (b s x aa c p g d c))))) (ad (i ad p x ac g r)))))) (y (x w (c (c h y (b s x aa c p g d c))))) (ad (i ad p x ac g r)))))) (y (x w (c (c h y (b s x aa c p g d c))))) (ad (i ad p x ac g r)))))) (y (x w (c (c h y (b s x aa c p g d c))))) (ad (i ad p x ac g r)))))) (y (x w (c (c h y (b s x aa c p g d c))))) (ad (i ad p x ac g r))) l (s (ab (a w t (y B (f C ac (D j (p y c s (r k n E (z (h k i (x (F (m (ad G i (l (H ab (j (i c c i ad q ab (r y ad p) (I f c m g aa (a y b ad w h e f) n k c f) J z k e K a r a L a M f r aa b u aa e e i z ad ad h N h ac h o) p))))))))))))))))))
A o (u j (aa (b v (h (ac (aa (b v (h (ac (aa (b v (h (ac (aa (b v (h (ac (aa (b v (h (ac (ab (y (x w (c (c h y (b s x aa c p g d c))))) (ad (i ad p x ac g r)))))) (y (x w (c (c h y (b s x aa c p g d c))))) (ad (i ad p x ac g r)))))) (y (x w (c (c h y (b s x aa c p g d c))))) (ad (i ad p x ac g r)))))) (y (x w (c (c h y (b s x aa c p g d c))))) (ad (i ad p x ac g r)))))) (y (x w (c (c h y (b s x aa c p g d c))))) (ad (i ad p x ac g r)))))) (y (x w (c (c h y (b s x aa c p g d c))))) (ad (i ad p x ac g r))) l (s (ab (a w t (y B (f C ac (D j (p y c s (r k n E (z (h k i (x (F (m (ad G i (l (H ab (j (i c c i ad q ab (r y ad p) (I f c m g aa (a y b ad w h e f) n k c f) J z k e K a r a L a M f r aa b u aa e e i z ad ad h N h ac h o) p))))))))))))))))))
A o (u j (aa (b v (h (ac (aa (b v (h (ac (aa (b v (h (ac (aa (b v (h (ac (aa (b v (h (ac (aa (r y j (m x aa (ad (q g i m u d a s ad p)))) (y (x w (c (c h y (b s x aa c p g d c))))) (ad (i ad p x ac g r)))))) (y (x w (c (c h y (b s x aa c p g d c))))) (ad (i ad p x ac g r)))))) (y (x w (c (c h y (b s x aa c p g d c))))) (ad (i ad p x ac g r)))))) (y (x w (c (c h y (b s x aa c p g d c))))) (ad (i ad p x ac g r)))))) (y (x w (c (c h y (b s x aa c p g d c))))) (ad (i ad p x ac g r)))))) (y (x w (c (c h y (b s x aa c p g d c))))) (ad (i ad p x ac g r))) l (s (ab (a w t (y B (f C ac (D j (p y c s (r k n E (z (h k i (x (F (m (ad G i (l (H ab (j (i c c i ad q ab (r y ad p) (I f c m g aa (a y b ad w h e f) n k c f) J z k e K a r a L a M f r aa b u aa e e i z ad ad h N h ac h o) p))))))))))))))))))
A o (u j (aa (b v (h (ac (aa (b v (h (ac (aa (b v (h (ac (aa (b v (h (ac (aa (b v (h (ac (aa (b v (h (ac (k p j f c ad o)))) (y (x w (c (c h y (b s x aa c p g d c))))) (ad (i ad p x ac g r)))))) (y (x w (c (c h y (b s x aa c p g d c))))) (ad (i ad p x ac g r)))))) (y (x w (c (c h y (b s x aa c p g d c))))) (ad (i ad p x ac g r)))))) (y (x w (c (c h y (b s x aa c p g d c))))) (ad (i ad p x ac g r)))))) (y (x w (c (c h y (b s x aa c p g d c))))) (ad (i ad p x ac g r)))))) (y (x w (c (c h y (b s x aa c p g d c))))) (ad (i ad p x ac g r))) l (s (ab (a w t (y B (f C ac (D j (p y c s (r k n E (z (h k i (x (F (m (ad G i (l (H ab (j (i c c i ad q ab (r y ad p) (I f c m g aa (a y b ad w h e f) n k c f) J z k e K a r a L a M f r aa b u aa e e i z ad ad h N h ac h o) p))))))))))))))))))
A o (u j (aa (b v (h (ac (aa (b v (h (ac (aa (b v (h (ac (aa (b v (h (ac (aa (b v (h (ac (aa (b v (h (ac (z z p (ad (i ad p x ac g r)))))) (y (x w (c (c h y (b s x aa c p g d c))))) (ad (i ad p x ac g r)))))) (y (x w (c (c h y (b s x aa c p g d c))))) (ad (i ad p x ac g r)))))) (y (x w (c (c h y (b s x aa c p g d c))))) (ad (i ad p x ac g r)))))) (y (x w (c (c h y (b s x aa c p g d c))))) (ad (i ad p x ac g r)))))) (y (x w (c (c h y (b s x aa c p g d c))))) (ad (i ad p x ac g r)))))) (y (x w (c (c h y (b s x aa c p g d c))))) (ad (i ad p x ac g r))) l (s (ab (a w t (y B (f C ac (D j (p y c s (r k n E (z (h k i (x (F (m (ad G i (l (H ab (j (i c c i ad q ab (r y ad p) (I f c m g aa (a y b ad w h e f) n k c f) J z k e K a r a L a M f r aa b u aa e e i z ad ad h N h ac h o) p))))))))))))))))))


