a ae = g ae l ae e (ae b)
b ae = ad (l j c p z ad)
c af ai ae aj ah ag = e r aa (v (ab (m p i t p l t y ac e t ab z)))
d af ae ag ah = a ag (z (u v i) t v o h f e u i)
e ag ae af = r (x (i b (w (k (y ag n w s m l u x)))))
f ae ag af = i (c y m (b (i x p e y o m m y m)))
g ah aj ai ag ae af = aa w (ac h (ad aj z m ad) q w)
h ai ag ah ae af = c c (ab (l w (y (ac e n b ah j m d))))
i ah af ag ae = x f j (v (z ag f j ad))
j ae = z f (aa (a v p s z h k k i v o))
k ag af ae ah = a n (m (x s (z ag x q s n n r ab m r)))
l ae af = u x d (k m m aa r ae aa x i v)
m ae af = r c (s (x (y ab w ad) r))
n = h (g f f b q x m l k b s)
o ae ai af ag ah = v (z c n (d w q ab (e x ad) aa j s e y q ad))
p = b s y i
q ah ai aj ae af ag = k (x ai (u (ac t j u s r ai ab a c v n)))
r ag af ae = ae e c z q t
s ae af = a (g r y u af)
t ae = d (ab (z h (aa aa k (r (i (h u z) r ac j s)))))
u aj af ae ag ah ai = aa o i z r h (e (b d p) t)
v ae ah af ag = ab (z q af (f p (k m x aa aa)))
w ag ae af = j c r g t ad x a z (o (e (ab e ac d z)))
x ag af ai ah ae = n aa a (l c f c v q o s r l ae)
y ag ah ae ai af = e (l (k (a l) k t u))
z ae ag aj ai af ah = r u (x r n j h n ab i)
aa af ae ah ag = w (h (r (ab (ag k v) d ac x i r ab u v)))
ab ae = a (r (j (ad (c r o v c y u t f ad))))
ac af ae = b q (c v b b (x f (ad (e a x y d p d))))
ad ae = h aa (n h (aa (e c o a ab h s)))
main = A (i z v n (i (g (u x (p u m q (ab q ab B (e u (v i (C (k (u (n ab (h (z (u (D E F (j z) (a (G aa (m (f (u (x (b p (b t aa (g H d (I k a x i aa h g y) q J x z j j l m y x z x) h m k h h r q K) b z l aa m aa j x v f q y o ad ad L b M ac u d y)))))))))))))))))))))))
------------------------------------------------------------
A (i z v n (i (g (u x (p u m q (ab q ab B (e u (v i (C (k (u (n ab (h (z (u (D E F (j z) (a (G aa (m (f (u (x (b p (b t aa (g H d (I k a x i aa h g y) q J x z j j l m y x z x) h m k h h r q K) b z l aa m aa j x v f q y o ad ad L b M ac u d y)))))))))))))))))))))))
A (x f j (v (z n f j ad)))
A (x f j (v (z (h (g f f b q x m l k b s)) f j ad)))
A (x f j (v (z (h (aa w (ac h (ad f z m ad) q w) l k b s)) f j ad)))
A (x f j (v (z (h (w (h (r (ab (k k v) d ac x i r ab u v))) b s)) f j ad)))
A (x f j (v (z (h (j c r g t ad x a z (o (e (ab e ac d z))))) f j ad)))
A (x f j (v (z (h (z f (aa (a v p s z h k k i v o)) r g t ad x a z (o (e (ab e ac d z))))) f j ad)))
A (x f j (v (z (h (r u (x r n j h n ab i) x a z (o (e (ab e ac d z))))) f j ad)))
A (x f j (v (z (h (x e c z q t a z (o (e (ab e ac d z))))) f j ad)))
A (x f j (v (z (h (n aa a (l c f c v q o s r l t) a z (o (e (ab e ac d z))))) f j ad)))
A (x f j (v (z (h (h (g f f b q x m l k b s) aa a (l c f c v q o s r l t) a z (o (e (ab e ac d z))))) f j ad)))
A (x f j (v (z (h (c c (ab (l w (y (ac e n b a j m d)))) z (o (e (ab e ac d z))))) f j ad)))
A (x f j (v (z (h (c c (a (r (j (ad (c r o v c y u t f ad))))) z (o (e (ab e ac d z))))) f j ad)))
A (x f j (v (z (h (c c (g (r (j (ad (c r o v c y u t f ad)))) l (r (j (ad (c r o v c y u t f ad)))) e (r (j (ad (c r o v c y u t f ad))) b)) z (o (e (ab e ac d z))))) f j ad)))
A (x f j (v (z (h (c c (g (r (z f (aa (a v p s z h k k i v o)))) l (r (j (ad (c r o v c y u t f ad)))) e (r (j (ad (c r o v c y u t f ad))) b)) z (o (e (ab e ac d z))))) f j ad)))
A (x f j (v (z (h (c c (g (r (z f (aa (g v l v e (v b) p s z h k k i v o)))) l (r (j (ad (c r o v c y u t f ad)))) e (r (j (ad (c r o v c y u t f ad))) b)) z (o (e (ab e ac d z))))) f j ad)))
A (x f j (v (z (h (c c (g (r (z f (aa (aa w (ac h (ad l z m ad) q w) s z h k k i v o)))) l (r (j (ad (c r o v c y u t f ad)))) e (r (j (ad (c r o v c y u t f ad))) b)) z (o (e (ab e ac d z))))) f j ad)))
A (x f j (v (z (h (c c (g (r (z f (aa (w (h (r (ab (z k v) d ac x i r ab u v))) h k k i v o)))) l (r (j (ad (c r o v c y u t f ad)))) e (r (j (ad (c r o v c y u t f ad))) b)) z (o (e (ab e ac d z))))) f j ad)))
A (x f j (v (z (h (c c (g (r (z f (aa (j c r g t ad x a z (o (e (ab e ac d z))) k i v o)))) l (r (j (ad (c r o v c y u t f ad)))) e (r (j (ad (c r o v c y u t f ad))) b)) z (o (e (ab e ac d z))))) f j ad)))
A (x f j (v (z (h (c c (g (r (z f (aa (z f (aa (a v p s z h k k i v o)) r g t ad x a z (o (e (ab e ac d z))) k i v o)))) l (r (j (ad (c r o v c y u t f ad)))) e (r (j (ad (c r o v c y u t f ad))) b)) z (o (e (ab e ac d z))))) f j ad)))
A (x f j (v (z (h (c c (g (r (z f (aa (r u (x r n j h n ab i) x a z (o (e (ab e ac d z))) k i v o)))) l (r (j (ad (c r o v c y u t f ad)))) e (r (j (ad (c r o v c y u t f ad))) b)) z (o (e (ab e ac d z))))) f j ad)))
A (x f j (v (z (h (c c (g (r (z f (aa (x e c z q t a z (o (e (ab e ac d z))) k i v o)))) l (r (j (ad (c r o v c y u t f ad)))) e (r (j (ad (c r o v c y u t f ad))) b)) z (o (e (ab e ac d z))))) f j ad)))
A (x f j (v (z (h (c c (g (r (z f (aa (n aa a (l c f c v q o s r l t) a z (o (e (ab e ac d z))) k i v o)))) l (r (j (ad (c r o v c y u t f ad)))) e (r (j (ad (c r o v c y u t f ad))) b)) z (o (e (ab e ac d z))))) f j ad)))
A (x f j (v (z (h (c c (g (r (z f (aa (h (g f f b q x m l k b s) aa a (l c f c v q o s r l t) a z (o (e (ab e ac d z))) k i v o)))) l (r (j (ad (c r o v c y u t f ad)))) e (r (j (ad (c r o v c y u t f ad))) b)) z (o (e (ab e ac d z))))) f j ad)))
A (x f j (v (z (h (c c (g (r (z f (aa (c c (ab (l w (y (ac e n b a j m d)))) z (o (e (ab e ac d z))) k i v o)))) l (r (j (ad (c r o v c y u t f ad)))) e (r (j (ad (c r o v c y u t f ad))) b)) z (o (e (ab e ac d z))))) f j ad)))
A (x f j (v (z (h (c c (g (r (z f (aa (e r aa (v (ab (m p i t p l t y ac e t ab z))) v o)))) l (r (j (ad (c r o v c y u t f ad)))) e (r (j (ad (c r o v c y u t f ad))) b)) z (o (e (ab e ac d z))))) f j ad)))
A (x f j (v (z (h (c c (g (r (z f (aa (r (x (i b (w (k (y r n w s m l u x))))) v o)))) l (r (j (ad (c r o v c y u t f ad)))) e (r (j (ad (c r o v c y u t f ad))) b)) z (o (e (ab e ac d z))))) f j ad)))
A (x f j (v (z (h (c c (g (r (z f (aa (o e c z q t)))) l (r (j (ad (c r o v c y u t f ad)))) e (r (j (ad (c r o v c y u t f ad))) b)) z (o (e (ab e ac d z))))) f j ad)))
A (x f j (v (z (h (c c (g (r (z f (aa (v (z c n (d w q ab (e x ad) aa j s e y q ad)))))) l (r (j (ad (c r o v c y u t f ad)))) e (r (j (ad (c r o v c y u t f ad))) b)) z (o (e (ab e ac d z))))) f j ad)))
A (x f j (v (z (h (c c (g (r (z f (aa (v (z c (h (g f f b q x m l k b s)) (d w q ab (e x ad) aa j s e y q ad)))))) l (r (j (ad (c r o v c y u t f ad)))) e (r (j (ad (c r o v c y u t f ad))) b)) z (o (e (ab e ac d z))))) f j ad)))


