a = b (ac (aa ac (q s j (t (t ab ad l ad i k) n))))
b ae af = l ab o (ae z (s (af ae z g) l af ad))
c af ag ah ai ae = u (p ad (g ab u ac k l))
d ag ae af = m (ag (i (v (y (i y u m b v e h u) ad))))
e ai ag ah ae af = l (ab k ah k d (y (ab (y y w d ai) y ah v k g)))
f af ag ae = h (ag (n c (ad l ad d l (s ae d) r a o ab h)))
g af ae ag ah = v p (p (b (a v (l d n q i v) ad) ae))
h ah ag ae af = y (c w (aa ac k (a r (z o (g k) k)) (o a c ad)))
i ah ae af ai ag = c (ab ah h (h (r (k q (a af d e u e c u j)))))
j ae = ac s m (y ae (b z) o (y d z e y) (r aa u))
k = c aa p (i aa i f (ad f w f p f d))
l af ae ag = e m (o (z ac) g q (af x v e))
m ah ag af ai ae = p (z r (p (q b (p v) (ab h) e o ac ab g k ac)))
n af ag ah aj ae ai = c (w (h (ad i (h aa) (ac ad x c c m k r j ac))))
o ae = k f (ab (b g (ac (q b u j ac e aa ae h) i s r)))
p ai ah ae af ag = t s (af f ah ac m d a)
q af ae = ac a (t (ac n d (l e ae x) f c v w m a))
r aj ah ag ai af ae = h v aa (s (x s (ae i s m z i b u)))
s ae af ai ah ag = j (o (j q ac c c x ai p) n a x)
t af ae = u (x n i c h)
u af ae ag ah = k (x w (b c s r z))
v = h (u (m j c (m (t c j p g ab h k))))
w af ag ae = v s p (l j h r) h
x ag af aj ai ah ae = g (j k (v (g (ae b r j d j w n d i m y))))
y ag ae af = x p (l s ag c r q u p q d q)
z ah ag ae ai aj af = s (a (aj i ah h)) c ab
aa ah ae ag af = v ag (q a (o (i c s i h ad o s g)))
ab af ag ae ah = y (d y a v)
ac ae ag af = e (m b d v)
ad ag ae ah af = m (ag f o x u w m i)
main = m (q z (u (r (l (A (e r (u (y (B n (n z (g (b l h e j C w (D E c aa (aa e i g r (h (o z e (g (F (x i d h (G (f m q g y (f b j h (s f (k w q w H n p I g u aa b) y) p l p c aa v J l h w h) e ab z e j z n x) K y x t z a e f a z x p g m))))))))))))))))))))
------------------------------------------------------------
m (q z (u (r (l (A (e r (u (y (B n (n z (g (b l h e j C w (D E c aa (aa e i g r (h (o z e (g (F (x i d h (G (f m q g y (f b j h (s f (k w q w H n p I g u aa b) y) p l p c aa v J l h w h) e ab z e j z n x) K y x t z a e f a z x p g m))))))))))))))))))))
m (ac a (t (ac n d (l e (u (r (l (A (e r (u (y (B n (n z (g (b l h e j C w (D E c aa (aa e i g r (h (o z e (g (F (x i d h (G (f m q g y (f b j h (s f (k w q w H n p I g u aa b) y) p l p c aa v J l h w h) e ab z e j z n x) K y x t z a e f a z x p g m))))))))))))))))))) x) f c v w m a)))
m (ac (b (ac (aa ac (q s j (t (t ab ad l ad i k) n))))) (t (ac n d (l e (u (r (l (A (e r (u (y (B n (n z (g (b l h e j C w (D E c aa (aa e i g r (h (o z e (g (F (x i d h (G (f m q g y (f b j h (s f (k w q w H n p I g u aa b) y) p l p c aa v J l h w h) e ab z e j z n x) K y x t z a e f a z x p g m))))))))))))))))))) x) f c v w m a)))
m (ac (b (ac (aa ac (ac a (t (ac n d (l e j x) f c v w m a)) (t (t ab ad l ad i k) n))))) (t (ac n d (l e (u (r (l (A (e r (u (y (B n (n z (g (b l h e j C w (D E c aa (aa e i g r (h (o z e (g (F (x i d h (G (f m q g y (f b j h (s f (k w q w H n p I g u aa b) y) p l p c aa v J l h w h) e ab z e j z n x) K y x t z a e f a z x p g m))))))))))))))))))) x) f c v w m a)))
m (ac (b (ac (aa ac (e (m b d v))))) (t (ac n d (l e (u (r (l (A (e r (u (y (B n (n z (g (b l h e j C w (D E c aa (aa e i g r (h (o z e (g (F (x i d h (G (f m q g y (f b j h (s f (k w q w H n p I g u aa b) y) p l p c aa v J l h w h) e ab z e j z n x) K y x t z a e f a z x p g m))))))))))))))))))) x) f c v w m a)))
m (ac (b (ac (aa ac (e (m b d (h (u (m j c (m (t c j p g ab h k)))))))))) (t (ac n d (l e (u (r (l (A (e r (u (y (B n (n z (g (b l h e j C w (D E c aa (aa e i g r (h (o z e (g (F (x i d h (G (f m q g y (f b j h (s f (k w q w H n p I g u aa b) y) p l p c aa v J l h w h) e ab z e j z n x) K y x t z a e f a z x p g m))))))))))))))))))) x) f c v w m a)))
m (ac (b (ac (aa ac (e (m b d (h (u (m j c (m (u (x n i c h) p g ab h k)))))))))) (t (ac n d (l e (u (r (l (A (e r (u (y (B n (n z (g (b l h e j C w (D E c aa (aa e i g r (h (o z e (g (F (x i d h (G (f m q g y (f b j h (s f (k w q w H n p I g u aa b) y) p l p c aa v J l h w h) e ab z e j z n x) K y x t z a e f a z x p g m))))))))))))))))))) x) f c v w m a)))
m (ac (b (ac (aa ac (e (m b d (h (u (m j c (m (k (x w (b c s r z)) h k)))))))))) (t (ac n d (l e (u (r (l (A (e r (u (y (B n (n z (g (b l h e j C w (D E c aa (aa e i g r (h (o z e (g (F (x i d h (G (f m q g y (f b j h (s f (k w q w H n p I g u aa b) y) p l p c aa v J l h w h) e ab z e j z n x) K y x t z a e f a z x p g m))))))))))))))))))) x) f c v w m a)))
m (ac (b (ac (aa ac (e (m b d (h (u (m j c (m (c aa p (i aa i f (ad f w f p f d)) (x w (b c s r z)) h k)))))))))) (t (ac n d (l e (u (r (l (A (e r (u (y (B n (n z (g (b l h e j C w (D E c aa (aa e i g r (h (o z e (g (F (x i d h (G (f m q g y (f b j h (s f (k w q w H n p I g u aa b) y) p l p c aa v J l h w h) e ab z e j z n x) K y x t z a e f a z x p g m))))))))))))))))))) x) f c v w m a)))
m (ac (b (ac (aa ac (e (m b d (h (u (m j c (m (u (p ad (g ab u ac k l)) k)))))))))) (t (ac n d (l e (u (r (l (A (e r (u (y (B n (n z (g (b l h e j C w (D E c aa (aa e i g r (h (o z e (g (F (x i d h (G (f m q g y (f b j h (s f (k w q w H n p I g u aa b) y) p l p c aa v J l h w h) e ab z e j z n x) K y x t z a e f a z x p g m))))))))))))))))))) x) f c v w m a)))
m (ac (b (ac (aa ac (e (m b d (h (u (m j c (m (u (p ad (v p (p (b (a v (l d n q i v) ad) u)) l)) k)))))))))) (t (ac n d (l e (u (r (l (A (e r (u (y (B n (n z (g (b l h e j C w (D E c aa (aa e i g r (h (o z e (g (F (x i d h (G (f m q g y (f b j h (s f (k w q w H n p I g u aa b) y) p l p c aa v J l h w h) e ab z e j z n x) K y x t z a e f a z x p g m))))))))))))))))))) x) f c v w m a)))
m (ac (b (ac (aa ac (e (m b d (h (u (m j c (m (u (p ad (h (u (m j c (m (t c j p g ab h k)))) p (p (b (a v (l d n q i v) ad) u)) l)) k)))))))))) (t (ac n d (l e (u (r (l (A (e r (u (y (B n (n z (g (b l h e j C w (D E c aa (aa e i g r (h (o z e (g (F (x i d h (G (f m q g y (f b j h (s f (k w q w H n p I g u aa b) y) p l p c aa v J l h w h) e ab z e j z n x) K y x t z a e f a z x p g m))))))))))))))))))) x) f c v w m a)))
m (ac (b (ac (aa ac (e (m b d (h (u (m j c (m (u (p ad (y (c w (aa ac k (a r (z o (g k) k)) (o a c ad))))) k)))))))))) (t (ac n d (l e (u (r (l (A (e r (u (y (B n (n z (g (b l h e j C w (D E c aa (aa e i g r (h (o z e (g (F (x i d h (G (f m q g y (f b j h (s f (k w q w H n p I g u aa b) y) p l p c aa v J l h w h) e ab z e j z n x) K y x t z a e f a z x p g m))))))))))))))))))) x) f c v w m a)))
m (ac (b (ac (aa ac (e (m b d (h (u (m j c (m (u (p ad (y (c w (v (a r (z o (g k) k)) (q a (o (i c s i h ad o s g))))))) k)))))))))) (t (ac n d (l e (u (r (l (A (e r (u (y (B n (n z (g (b l h e j C w (D E c aa (aa e i g r (h (o z e (g (F (x i d h (G (f m q g y (f b j h (s f (k w q w H n p I g u aa b) y) p l p c aa v J l h w h) e ab z e j z n x) K y x t z a e f a z x p g m))))))))))))))))))) x) f c v w m a)))
m (ac (b (ac (aa ac (e (m b d (h (u (m j c (m (u (p ad (y (c w (h (u (m j c (m (t c j p g ab h k)))) (a r (z o (g k) k)) (q a (o (i c s i h ad o s g))))))) k)))))))))) (t (ac n d (l e (u (r (l (A (e r (u (y (B n (n z (g (b l h e j C w (D E c aa (aa e i g r (h (o z e (g (F (x i d h (G (f m q g y (f b j h (s f (k w q w H n p I g u aa b) y) p l p c aa v J l h w h) e ab z e j z n x) K y x t z a e f a z x p g m))))))))))))))))))) x) f c v w m a)))
m (ac (b (ac (aa ac (e (m b d (h (u (m j c (m (u (p ad (y (c w (h (u (m j c (m (u (x n i c h) p g ab h k)))) (a r (z o (g k) k)) (q a (o (i c s i h ad o s g))))))) k)))))))))) (t (ac n d (l e (u (r (l (A (e r (u (y (B n (n z (g (b l h e j C w (D E c aa (aa e i g r (h (o z e (g (F (x i d h (G (f m q g y (f b j h (s f (k w q w H n p I g u aa b) y) p l p c aa v J l h w h) e ab z e j z n x) K y x t z a e f a z x p g m))))))))))))))))))) x) f c v w m a)))
m (ac (b (ac (aa ac (e (m b d (h (u (m j c (m (u (p ad (y (c w (h (u (m j c (m (k (x w (b c s r z)) h k)))) (a r (z o (g k) k)) (q a (o (i c s i h ad o s g))))))) k)))))))))) (t (ac n d (l e (u (r (l (A (e r (u (y (B n (n z (g (b l h e j C w (D E c aa (aa e i g r (h (o z e (g (F (x i d h (G (f m q g y (f b j h (s f (k w q w H n p I g u aa b) y) p l p c aa v J l h w h) e ab z e j z n x) K y x t z a e f a z x p g m))))))))))))))))))) x) f c v w m a)))
m (ac (b (ac (aa ac (e (m b d (h (u (m j c (m (u (p ad (y (c w (h (u (m j c (m (c aa p (i aa i f (ad f w f p f d)) (x w (b c s r z)) h k)))) (a r (z o (g k) k)) (q a (o (i c s i h ad o s g))))))) k)))))))))) (t (ac n d (l e (u (r (l (A (e r (u (y (B n (n z (g (b l h e j C w (D E c aa (aa e i g r (h (o z e (g (F (x i d h (G (f m q g y (f b j h (s f (k w q w H n p I g u aa b) y) p l p c aa v J l h w h) e ab z e j z n x) K y x t z a e f a z x p g m))))))))))))))))))) x) f c v w m a)))
m (ac (b (ac (aa ac (e (m b d (h (u (m j c (m (u (p ad (y (c w (h (u (m j c (m (u (p ad (g ab u ac k l)) k)))) (a r (z o (g k) k)) (q a (o (i c s i h ad o s g))))))) k)))))))))) (t (ac n d (l e (u (r (l (A (e r (u (y (B n (n z (g (b l h e j C w (D E c aa (aa e i g r (h (o z e (g (F (x i d h (G (f m q g y (f b j h (s f (k w q w H n p I g u aa b) y) p l p c aa v J l h w h) e ab z e j z n x) K y x t z a e f a z x p g m))))))))))))))))))) x) f c v w m a)))
m (ac (b (ac (aa ac (e (m b d (h (u (m j c (m (u (p ad (y (c w (h (u (m j c (m (u (p ad (v p (p (b (a v (l d n q i v) ad) u)) l)) k)))) (a r (z o (g k) k)) (q a (o (i c s i h ad o s g))))))) k)))))))))) (t (ac n d (l e (u (r (l (A (e r (u (y (B n (n z (g (b l h e j C w (D E c aa (aa e i g r (h (o z e (g (F (x i d h (G (f m q g y (f b j h (s f (k w q w H n p I g u aa b) y) p l p c aa v J l h w h) e ab z e j z n x) K y x t z a e f a z x p g m))))))))))))))))))) x) f c v w m a)))
m (ac (b (ac (aa ac (e (m b d (h (u (m j c (m (u (p ad (y (c w (h (u (m j c (m (u (p ad (h (u (m j c (m (t c j p g ab h k)))) p (p (b (a v (l d n q i v) ad) u)) l)) k)))) (a r (z o (g k) k)) (q a (o (i c s i h ad o s g))))))) k)))))))))) (t (ac n d (l e (u (r (l (A (e r (u (y (B n (n z (g (b l h e j C w (D E c aa (aa e i g r (h (o z e (g (F (x i d h (G (f m q g y (f b j h (s f (k w q w H n p I g u aa b) y) p l p c aa v J l h w h) e ab z e j z n x) K y x t z a e f a z x p g m))))))))))))))))))) x) f c v w m a)))
m (ac (b (ac (aa ac (e (m b d (h (u (m j c (m (u (p ad (y (c w (h (u (m j c (m (u (p ad (y (c w (aa ac k (a r (z o (g k) k)) (o a c ad))))) k)))) (a r (z o (g k) k)) (q a (o (i c s i h ad o s g))))))) k)))))))))) (t (ac n d (l e (u (r (l (A (e r (u (y (B n (n z (g (b l h e j C w (D E c aa (aa e i g r (h (o z e (g (F (x i d h (G (f m q g y (f b j h (s f (k w q w H n p I g u aa b) y) p l p c aa v J l h w h) e ab z e j z n x) K y x t z a e f a z x p g m))))))))))))))))))) x) f c v w m a)))
m (ac (b (ac (aa ac (e (m b d (h (u (m j c (m (u (p ad (y (c w (h (u (m j c (m (u (p ad (y (c w (v (a r (z o (g k) k)) (q a (o (i c s i h ad o s g))))))) k)))) (a r (z o (g k) k)) (q a (o (i c s i h ad o s g))))))) k)))))))))) (t (ac n d (l e (u (r (l (A (e r (u (y (B n (n z (g (b l h e j C w (D E c aa (aa e i g r (h (o z e (g (F (x i d h (G (f m q g y (f b j h (s f (k w q w H n p I g u aa b) y) p l p c aa v J l h w h) e ab z e j z n x) K y x t z a e f a z x p g m))))))))))))))))))) x) f c v w m a)))
m (ac (b (ac (aa ac (e (m b d (h (u (m j c (m (u (p ad (y (c w (h (u (m j c (m (u (p ad (y (c w (h (u (m j c (m (t c j p g ab h k)))) (a r (z o (g k) k)) (q a (o (i c s i h ad o s g))))))) k)))) (a r (z o (g k) k)) (q a (o (i c s i h ad o s g))))))) k)))))))))) (t (ac n d (l e (u (r (l (A (e r (u (y (B n (n z (g (b l h e j C w (D E c aa (aa e i g r (h (o z e (g (F (x i d h (G (f m q g y (f b j h (s f (k w q w H n p I g u aa b) y) p l p c aa v J l h w h) e ab z e j z n x) K y x t z a e f a z x p g m))))))))))))))))))) x) f c v w m a)))
m (ac (b (ac (aa ac (e (m b d (h (u (m j c (m (u (p ad (y (c w (h (u (m j c (m (u (p ad (y (c w (h (u (m j c (m (u (x n i c h) p g ab h k)))) (a r (z o (g k) k)) (q a (o (i c s i h ad o s g))))))) k)))) (a r (z o (g k) k)) (q a (o (i c s i h ad o s g))))))) k)))))))))) (t (ac n d (l e (u (r (l (A (e r (u (y (B n (n z (g (b l h e j C w (D E c aa (aa e i g r (h (o z e (g (F (x i d h (G (f m q g y (f b j h (s f (k w q w H n p I g u aa b) y) p l p c aa v J l h w h) e ab z e j z n x) K y x t z a e f a z x p g m))))))))))))))))))) x) f c v w m a)))
m (ac (b (ac (aa ac (e (m b d (h (u (m j c (m (u (p ad (y (c w (h (u (m j c (m (u (p ad (y (c w (h (u (m j c (m (k (x w (b c s r z)) h k)))) (a r (z o (g k) k)) (q a (o (i c s i h ad o s g))))))) k)))) (a r (z o (g k) k)) (q a (o (i c s i h ad o s g))))))) k)))))))))) (t (ac n d (l e (u (r (l (A (e r (u (y (B n (n z (g (b l h e j C w (D E c aa (aa e i g r (h (o z e (g (F (x i d h (G (f m q g y (f b j h (s f (k w q w H n p I g u aa b) y) p l p c aa v J l h w h) e ab z e j z n x) K y x t z a e f a z x p g m))))))))))))))))))) x) f c v w m a)))
m (ac (b (ac (aa ac (e (m b d (h (u (m j c (m (u (p ad (y (c w (h (u (m j c (m (u (p ad (y (c w (h (u (m j c (m (c aa p (i aa i f (ad f w f p f d)) (x w (b c s r z)) h k)))) (a r (z o (g k) k)) (q a (o (i c s i h ad o s g))))))) k)))) (a r (z o (g k) k)) (q a (o (i c s i h ad o s g))))))) k)))))))))) (t (ac n d (l e (u (r (l (A (e r (u (y (B n (n z (g (b l h e j C w (D E c aa (aa e i g r (h (o z e (g (F (x i d h (G (f m q g y (f b j h (s f (k w q w H n p I g u aa b) y) p l p c aa v J l h w h) e ab z e j z n x) K y x t z a e f a z x p g m))))))))))))))))))) x) f c v w m a)))
m (ac (b (ac (aa ac (e (m b d (h (u (m j c (m (u (p ad (y (c w (h (u (m j c (m (u (p ad (y (c w (h (u (m j c (m (u (p ad (g ab u ac k l)) k)))) (a r (z o (g k) k)) (q a (o (i c s i h ad o s g))))))) k)))) (a r (z o (g k) k)) (q a (o (i c s i h ad o s g))))))) k)))))))))) (t (ac n d (l e (u (r (l (A (e r (u (y (B n (n z (g (b l h e j C w (D E c aa (aa e i g r (h (o z e (g (F (x i d h (G (f m q g y (f b j h (s f (k w q w H n p I g u aa b) y) p l p c aa v J l h w h) e ab z e j z n x) K y x t z a e f a z x p g m))))))))))))))))))) x) f c v w m a)))
m (ac (b (ac (aa ac (e (m b d (h (u (m j c (m (u (p ad (y (c w (h (u (m j c (m (u (p ad (y (c w (h (u (m j c (m (u (p ad (v p (p (b (a v (l d n q i v) ad) u)) l)) k)))) (a r (z o (g k) k)) (q a (o (i c s i h ad o s g))))))) k)))) (a r (z o (g k) k)) (q a (o (i c s i h ad o s g))))))) k)))))))))) (t (ac n d (l e (u (r (l (A (e r (u (y (B n (n z (g (b l h e j C w (D E c aa (aa e i g r (h (o z e (g (F (x i d h (G (f m q g y (f b j h (s f (k w q w H n p I g u aa b) y) p l p c aa v J l h w h) e ab z e j z n x) K y x t z a e f a z x p g m))))))))))))))))))) x) f c v w m a)))
m (ac (b (ac (aa ac (e (m b d (h (u (m j c (m (u (p ad (y (c w (h (u (m j c (m (u (p ad (y (c w (h (u (m j c (m (u (p ad (h (u (m j c (m (t c j p g ab h k)))) p (p (b (a v (l d n q i v) ad) u)) l)) k)))) (a r (z o (g k) k)) (q a (o (i c s i h ad o s g))))))) k)))) (a r (z o (g k) k)) (q a (o (i c s i h ad o s g))))))) k)))))))))) (t (ac n d (l e (u (r (l (A (e r (u (y (B n (n z (g (b l h e j C w (D E c aa (aa e i g r (h (o z e (g (F (x i d h (G (f m q g y (f b j h (s f (k w q w H n p I g u aa b) y) p l p c aa v J l h w h) e ab z e j z n x) K y x t z a e f a z x p g m))))))))))))))))))) x) f c v w m a)))


