a ae ae ab q
b af ag ae t
c ah ae af ag u l (l (m ab ag j f))
d ae ae ab
e ae ae ab n
f ae aa
g ae ai aj ag af ah y
h ae y d ac g ae ad ae b ab
i af ai ag ae ah o h h
j ah ai ae ag aj af a
k ag ah ae af l ab l e (n af ad)
l y e a t
m ae af n p
n af ae s af (o g (af (p af ab m m)))
o ae ae
p ah ai af ag ae t
q ae af af ae c n n
r x h (ab n) e
s ae e d p ae p
t ae c ab a
u ah ae ag af k ah
v af ae k e z
w af ai ah ae ag x
x ae ad y ae p e ae ae
y ah af ag ae ai aa n ag a a q m
z h x (ab (n (j v) n t t l))
aa aj ah ae ai af ag e g r ag r
ab ah ag ae af ai j (t x) v t
ac ah af ag ae h b (s o a aa e)
ad ah ae af ag ai ac k g ae w y
main ad A a m B (s (C D o E a h x t F w m e) G (t (x y aa) H q ab a o I (J (ad v n) K L M x o (x h) (aa (N O g q h (l s t ab (P (Q (o k) R S h) T U V (e W d (X Y Z t (i g aa i (c n AA AB (m (i j o q AC h (AD j (z ad q) p u) a) z e)) t i s) aa s)) ac))) AE h))))
------------------------------------------------------------
ad A a m B (s (C D o E a h x t F w m e) G (t (x y aa) H q ab a o I (J (ad v n) K L M x o (x h) (aa (N O g q h (l s t ab (P (Q (o k) R S h) T U V (e W d (X Y Z t (i g aa i (c n AA AB (m (i j o q AC h (AD j (z ad q) p u) a) z e)) t i s) aa s)) ac))) AE h))))
ac k g a w y
h b (s o a aa e) y
y d ac g b ad b b ab (s o a aa e) y
aa n g a a q m b b ab (s o a aa e) y
e g r m r b b ab (s o a aa e) y
g ab n r m r b b ab (s o a aa e) y
y b ab (s o a aa e) y
y b ab (e d p o p a aa e) y
y b ab (d ab n p o p a aa e) y
y b ab (ab ab n p o p a aa e) y
y b ab (j (t x) v t a aa e) y
y b ab a y


