a v
b ag af ae m
c ae f j (s a)
d ag ai ae af ah ag t (ab l) u
e af ae aa (x ad) b (p (h t) w x) aa
f ag af ah ae q x ah h m (d b o e)
g af ag ae h e n q ad e ab d r w
h ae l i (e n)
i ag af ai ae ah c r t ac a v ac (h j) w
j ae aa n aa v
k ag ae af n
l af ag ah ae n k d i
m ae ad
n ae ae h j j d b
o ag af ae ai ah u p e h
p ae i aa ae ae ab s aa l ae
q ai ae af ah ag m
r af ag ae e (ac z ae)
s ae af ag p
t o s l (q z u b) k
u h d (v ad) x (ab p) p h a
v ae af w af l q
w ai ag ah ae af l j i g b i c
x r z
y ah ag ai aj ae af k t ab o o j ac
z g ab o (ab e v aa)
aa z
ab ah af ag ae ad b m (s z (ah l j d))
ac ae ag af q p k (l a)
ad ae af ag h s ae c o aa n p
main A h f B r p C D (E F v i (G (l r) p t v ab (H j) (ab (I k s) b o) p (J K L M k) o f) r q N (s y) (i aa) n u) (o i (O v (u (P Q ad q) R))) t e (S s g y g s) g (z g T g b e j u u) U g (f ad) x (k f d r ac r j u V) o y W u l ab f ab X Y Z AA q AB
------------------------------------------------------------
A h f B r p C D (E F v i (G (l r) p t v ab (H j) (ab (I k s) b o) p (J K L M k) o f) r q N (s y) (i aa) n u) (o i (O v (u (P Q ad q) R))) t e (S s g y g s) g (z g T g b e j u u) U g (f ad) x (k f d r ac r j u V) o y W u l ab f ab X Y Z AA q AB
A h f B r p C D (E F v i (G (l r) p t v ab (H j) (ab (I k s) b o) p (J K L M k) o f) r q N (s y) (i aa) n u) (o i (O v (h d (v ad) x (ab p) p h a (P Q ad q) R))) t e (S s g y g s) g (z g T g b e j u u) U g (f ad) x (k f d r ac r j u V) o y W u l ab f ab X Y Z AA q AB
A h f B r p C D (E F v i (G (l r) p t v ab (H j) (ab (I k s) b o) p (J K L M k) o f) r q N (s y) (i aa) n u) (o i (O v (l i (e n) (v ad) x (ab p) p h a (P Q ad q) R))) t e (S s g y g s) g (z g T g b e j u u) U g (f ad) x (k f d r ac r j u V) o y W u l ab f ab X Y Z AA q AB
A h f B r p C D (E F v i (G (l r) p t v ab (H j) (ab (I k s) b o) p (J K L M k) o f) r q N (s y) (i aa) n u) (o i (O v (n k d i (ab p) p h a (P Q ad q) R))) t e (S s g y g s) g (z g T g b e j u u) U g (f ad) x (k f d r ac r j u V) o y W u l ab f ab X Y Z AA q AB
A h f B r p C D (E F v i (G (l r) p t v ab (H j) (ab (I k s) b o) p (J K L M k) o f) r q N (s y) (i aa) n u) (o i (O v (k h j j d b d i (ab p) p h a (P Q ad q) R))) t e (S s g y g s) g (z g T g b e j u u) U g (f ad) x (k f d r ac r j u V) o y W u l ab f ab X Y Z AA q AB
A h f B r p C D (E F v i (G (l r) p t v ab (H j) (ab (I k s) b o) p (J K L M k) o f) r q N (s y) (i aa) n u) (o i (O v (n d b d i (ab p) p h a (P Q ad q) R))) t e (S s g y g s) g (z g T g b e j u u) U g (f ad) x (k f d r ac r j u V) o y W u l ab f ab X Y Z AA q AB
A h f B r p C D (E F v i (G (l r) p t v ab (H j) (ab (I k s) b o) p (J K L M k) o f) r q N (s y) (i aa) n u) (o i (O v (d h j j d b b d i (ab p) p h a (P Q ad q) R))) t e (S s g y g s) g (z g T g b e j u u) U g (f ad) x (k f d r ac r j u V) o y W u l ab f ab X Y Z AA q AB
A h f B r p C D (E F v i (G (l r) p t v ab (H j) (ab (I k s) b o) p (J K L M k) o f) r q N (s y) (i aa) n u) (o i (O v (h t (ab l) u b d i (ab p) p h a (P Q ad q) R))) t e (S s g y g s) g (z g T g b e j u u) U g (f ad) x (k f d r ac r j u V) o y W u l ab f ab X Y Z AA q AB
A h f B r p C D (E F v i (G (l r) p t v ab (H j) (ab (I k s) b o) p (J K L M k) o f) r q N (s y) (i aa) n u) (o i (O v (l i (e n) (ab l) u b d i (ab p) p h a (P Q ad q) R))) t e (S s g y g s) g (z g T g b e j u u) U g (f ad) x (k f d r ac r j u V) o y W u l ab f ab X Y Z AA q AB
A h f B r p C D (E F v i (G (l r) p t v ab (H j) (ab (I k s) b o) p (J K L M k) o f) r q N (s y) (i aa) n u) (o i (O v (n k d i b d i (ab p) p h a (P Q ad q) R))) t e (S s g y g s) g (z g T g b e j u u) U g (f ad) x (k f d r ac r j u V) o y W u l ab f ab X Y Z AA q AB
A h f B r p C D (E F v i (G (l r) p t v ab (H j) (ab (I k s) b o) p (J K L M k) o f) r q N (s y) (i aa) n u) (o i (O v (k h j j d b d i b d i (ab p) p h a (P Q ad q) R))) t e (S s g y g s) g (z g T g b e j u u) U g (f ad) x (k f d r ac r j u V) o y W u l ab f ab X Y Z AA q AB
A h f B r p C D (E F v i (G (l r) p t v ab (H j) (ab (I k s) b o) p (J K L M k) o f) r q N (s y) (i aa) n u) (o i (O v (n d b d i b d i (ab p) p h a (P Q ad q) R))) t e (S s g y g s) g (z g T g b e j u u) U g (f ad) x (k f d r ac r j u V) o y W u l ab f ab X Y Z AA q AB
A h f B r p C D (E F v i (G (l r) p t v ab (H j) (ab (I k s) b o) p (J K L M k) o f) r q N (s y) (i aa) n u) (o i (O v (d h j j d b b d i b d i (ab p) p h a (P Q ad q) R))) t e (S s g y g s) g (z g T g b e j u u) U g (f ad) x (k f d r ac r j u V) o y W u l ab f ab X Y Z AA q AB
A h f B r p C D (E F v i (G (l r) p t v ab (H j) (ab (I k s) b o) p (J K L M k) o f) r q N (s y) (i aa) n u) (o i (O v (h t (ab l) u b d i b d i (ab p) p h a (P Q ad q) R))) t e (S s g y g s) g (z g T g b e j u u) U g (f ad) x (k f d r ac r j u V) o y W u l ab f ab X Y Z AA q AB
A h f B r p C D (E F v i (G (l r) p t v ab (H j) (ab (I k s) b o) p (J K L M k) o f) r q N (s y) (i aa) n u) (o i (O v (l i (e n) (ab l) u b d i b d i (ab p) p h a (P Q ad q) R))) t e (S s g y g s) g (z g T g b e j u u) U g (f ad) x (k f d r ac r j u V) o y W u l ab f ab X Y Z AA q AB
A h f B r p C D (E F v i (G (l r) p t v ab (H j) (ab (I k s) b o) p (J K L M k) o f) r q N (s y) (i aa) n u) (o i (O v (n k d i b d i b d i (ab p) p h a (P Q ad q) R))) t e (S s g y g s) g (z g T g b e j u u) U g (f ad) x (k f d r ac r j u V) o y W u l ab f ab X Y Z AA q AB
A h f B r p C D (E F v i (G (l r) p t v ab (H j) (ab (I k s) b o) p (J K L M k) o f) r q N (s y) (i aa) n u) (o i (O v (k h j j d b d i b d i b d i (ab p) p h a (P Q ad q) R))) t e (S s g y g s) g (z g T g b e j u u) U g (f ad) x (k f d r ac r j u V) o y W u l ab f ab X Y Z AA q AB
A h f B r p C D (E F v i (G (l r) p t v ab (H j) (ab (I k s) b o) p (J K L M k) o f) r q N (s y) (i aa) n u) (o i (O v (n d b d i b d i b d i (ab p) p h a (P Q ad q) R))) t e (S s g y g s) g (z g T g b e j u u) U g (f ad) x (k f d r ac r j u V) o y W u l ab f ab X Y Z AA q AB
A h f B r p C D (E F v i (G (l r) p t v ab (H j) (ab (I k s) b o) p (J K L M k) o f) r q N (s y) (i aa) n u) (o i (O v (d h j j d b b d i b d i b d i (ab p) p h a (P Q ad q) R))) t e (S s g y g s) g (z g T g b e j u u) U g (f ad) x (k f d r ac r j u V) o y W u l ab f ab X Y Z AA q AB
A h f B r p C D (E F v i (G (l r) p t v ab (H j) (ab (I k s) b o) p (J K L M k) o f) r q N (s y) (i aa) n u) (o i (O v (h t (ab l) u b d i b d i b d i (ab p) p h a (P Q ad q) R))) t e (S s g y g s) g (z g T g b e j u u) U g (f ad) x (k f d r ac r j u V) o y W u l ab f ab X Y Z AA q AB
A h f B r p C D (E F v i (G (l r) p t v ab (H j) (ab (I k s) b o) p (J K L M k) o f) r q N (s y) (i aa) n u) (o i (O v (l i (e n) (ab l) u b d i b d i b d i (ab p) p h a (P Q ad q) R))) t e (S s g y g s) g (z g T g b e j u u) U g (f ad) x (k f d r ac r j u V) o y W u l ab f ab X Y Z AA q AB
A h f B r p C D (E F v i (G (l r) p t v ab (H j) (ab (I k s) b o) p (J K L M k) o f) r q N (s y) (i aa) n u) (o i (O v (n k d i b d i b d i b d i (ab p) p h a (P Q ad q) R))) t e (S s g y g s) g (z g T g b e j u u) U g (f ad) x (k f d r ac r j u V) o y W u l ab f ab X Y Z AA q AB
A h f B r p C D (E F v i (G (l r) p t v ab (H j) (ab (I k s) b o) p (J K L M k) o f) r q N (s y) (i aa) n u) (o i (O v (k h j j d b d i b d i b d i b d i (ab p) p h a (P Q ad q) R))) t e (S s g y g s) g (z g T g b e j u u) U g (f ad) x (k f d r ac r j u V) o y W u l ab f ab X Y Z AA q AB
A h f B r p C D (E F v i (G (l r) p t v ab (H j) (ab (I k s) b o) p (J K L M k) o f) r q N (s y) (i aa) n u) (o i (O v (n d b d i b d i b d i b d i (ab p) p h a (P Q ad q) R))) t e (S s g y g s) g (z g T g b e j u u) U g (f ad) x (k f d r ac r j u V) o y W u l ab f ab X Y Z AA q AB
A h f B r p C D (E F v i (G (l r) p t v ab (H j) (ab (I k s) b o) p (J K L M k) o f) r q N (s y) (i aa) n u) (o i (O v (d h j j d b b d i b d i b d i b d i (ab p) p h a (P Q ad q) R))) t e (S s g y g s) g (z g T g b e j u u) U g (f ad) x (k f d r ac r j u V) o y W u l ab f ab X Y Z AA q AB
A h f B r p C D (E F v i (G (l r) p t v ab (H j) (ab (I k s) b o) p (J K L M k) o f) r q N (s y) (i aa) n u) (o i (O v (h t (ab l) u b d i b d i b d i b d i (ab p) p h a (P Q ad q) R))) t e (S s g y g s) g (z g T g b e j u u) U g (f ad) x (k f d r ac r j u V) o y W u l ab f ab X Y Z AA q AB
A h f B r p C D (E F v i (G (l r) p t v ab (H j) (ab (I k s) b o) p (J K L M k) o f) r q N (s y) (i aa) n u) (o i (O v (l i (e n) (ab l) u b d i b d i b d i b d i (ab p) p h a (P Q ad q) R))) t e (S s g y g s) g (z g T g b e j u u) U g (f ad) x (k f d r ac r j u V) o y W u l ab f ab X Y Z AA q AB
A h f B r p C D (E F v i (G (l r) p t v ab (H j) (ab (I k s) b o) p (J K L M k) o f) r q N (s y) (i aa) n u) (o i (O v (n k d i b d i b d i b d i b d i (ab p) p h a (P Q ad q) R))) t e (S s g y g s) g (z g T g b e j u u) U g (f ad) x (k f d r ac r j u V) o y W u l ab f ab X Y Z AA q AB
A h f B r p C D (E F v i (G (l r) p t v ab (H j) (ab (I k s) b o) p (J K L M k) o f) r q N (s y) (i aa) n u) (o i (O v (k h j j d b d i b d i b d i b d i b d i (ab p) p h a (P Q ad q) R))) t e (S s g y g s) g (z g T g b e j u u) U g (f ad) x (k f d r ac r j u V) o y W u l ab f ab X Y Z AA q AB
A h f B r p C D (E F v i (G (l r) p t v ab (H j) (ab (I k s) b o) p (J K L M k) o f) r q N (s y) (i aa) n u) (o i (O v (n d b d i b d i b d i b d i b d i (ab p) p h a (P Q ad q) R))) t e (S s g y g s) g (z g T g b e j u u) U g (f ad) x (k f d r ac r j u V) o y W u l ab f ab X Y Z AA q AB


