a af ae ag = l e (m aa (n (ag n o ab m z p c m i)))
b ae ag af = p u (v (y (c (e ad a k s ac g ab l ab l a))))
c af ae = aa (n (e (z (x j (d w e t w r r m) w i h))))
d ah af ag ae ai = v (n s c (b c j))
e ae af ag = ab s (ac (g q (ad l o y l t)))
f af ag ae = ac m (h aa t p w aa)
g ai ag aj af ah ae = l (o b (k f (ab ad i h u q r k) d))
h = w (ab (y c (e a ac ac t n)))
i ag ah ae af ai = z t (s (r (z c v q ab u k y o p c c ad)))
j ae ag af ah ai = t t g (k (a n ag i q x k ac))
k = q d (a c a y ab x)
l ae af ag = p p (p a (ab y q n c ae s z))
m ae af ag = ad (f (k i d s u p s))
n = s v (v v (u (q i aa aa (e (h x w k u i o)))))
o ae af ag = i w (q (b (b t (m w d k x x ag h h i u))))
p ae = e r w e (x r z e ab e d ab e f aa u)
q ae ag af ah ai = f f n n (g i (s v j z ag r))
r ai ah ae af ag = f (e z x l ac (d t (v (c h b ad t g i))))
s = v t (u x j ad (j x (ac n g t c)))
t ae = ac u v (x y q ab)
u af ae = x (g d p z (k (af z c v r ab l d l v) e))
v ae = x (t (p e) l t a o t)
w ag ae ah af = q (q (r y c r p ac d) ae a q)
x ae = z (g ab j k b ae (ae g) c (m d p t g))
y ae af = af (m (n (w (g c o ad r o c o))))
z ae af ag = af m ag
aa ai ae aj ah ag af = u (y (m (o (p aj a e k q) ad v w)))
ab ae af = s (n (m z) (m ae d j (m z y c) k r) ad)
ac ai ae af ah ag = s (m (g (aa (z m n t d g s p ad m k g r q))))
ad = a r s b p (b (o o m (d aa a a s s e u)))
main = v ab (y aa (g m (v (v v m w s (f z k A q f aa s c h (h (x (B q h (ab (C (D E i v (n (d (i (v (d e (z q t (a (a (j (F (G H (aa y z e p ad (I r (r f i (v J K t) j d) k L r o z e e n c m f w M l) t n y u aa N) o ab O x d m ad P m o u x a s d))))))))))))))))))))))
------------------------------------------------------------
v ab (y aa (g m (v (v v m w s (f z k A q f aa s c h (h (x (B q h (ab (C (D E i v (n (d (i (v (d e (z q t (a (a (j (F (G H (aa y z e p ad (I r (r f i (v J K t) j d) k L r o z e e n c m f w M l) t n y u aa N) o ab O x d m ad P m o u x a s d))))))))))))))))))))))
x (t (p e) l t a o t) (y aa (g m (v (v v m w s (f z k A q f aa s c h (h (x (B q h (ab (C (D E i v (n (d (i (v (d e (z q t (a (a (j (F (G H (aa y z e p ad (I r (r f i (v J K t) j d) k L r o z e e n c m f w M l) t n y u aa N) o ab O x d m ad P m o u x a s d))))))))))))))))))))))
z (g ab j k b (t (p e) l t a o t) (t (p e) l t a o t g) c (m d p t g)) (y aa (g m (v (v v m w s (f z k A q f aa s c h (h (x (B q h (ab (C (D E i v (n (d (i (v (d e (z q t (a (a (j (F (G H (aa y z e p ad (I r (r f i (v J K t) j d) k L r o z e e n c m f w M l) t n y u aa N) o ab O x d m ad P m o u x a s d))))))))))))))))))))))
z (l (o b (k f (ab ad i h u q r k) d)) c (m d p t g)) (y aa (g m (v (v v m w s (f z k A q f aa s c h (h (x (B q h (ab (C (D E i v (n (d (i (v (d e (z q t (a (a (j (F (G H (aa y z e p ad (I r (r f i (v J K t) j d) k L r o z e e n c m f w M l) t n y u aa N) o ab O x d m ad P m o u x a s d))))))))))))))))))))))
z (p p (p a (ab y q n c (o b (k f (ab ad i h u q r k) d)) s z))) (y aa (g m (v (v v m w s (f z k A q f aa s c h (h (x (B q h (ab (C (D E i v (n (d (i (v (d e (z q t (a (a (j (F (G H (aa y z e p ad (I r (r f i (v J K t) j d) k L r o z e e n c m f w M l) t n y u aa N) o ab O x d m ad P m o u x a s d))))))))))))))))))))))
z (e r w e (x r z e ab e d ab e f aa u) (p a (ab y q n c (o b (k f (ab ad i h u q r k) d)) s z))) (y aa (g m (v (v v m w s (f z k A q f aa s c h (h (x (B q h (ab (C (D E i v (n (d (i (v (d e (z q t (a (a (j (F (G H (aa y z e p ad (I r (r f i (v J K t) j d) k L r o z e e n c m f w M l) t n y u aa N) o ab O x d m ad P m o u x a s d))))))))))))))))))))))
z (ab s (ac (g q (ad l o y l t))) (x r z e ab e d ab e f aa u) (p a (ab y q n c (o b (k f (ab ad i h u q r k) d)) s z))) (y aa (g m (v (v v m w s (f z k A q f aa s c h (h (x (B q h (ab (C (D E i v (n (d (i (v (d e (z q t (a (a (j (F (G H (aa y z e p ad (I r (r f i (v J K t) j d) k L r o z e e n c m f w M l) t n y u aa N) o ab O x d m ad P m o u x a s d))))))))))))))))))))))
z (s (n (m z) (m s d j (m z y c) k r) ad) (x r z e ab e d ab e f aa u) (p a (ab y q n c (o b (k f (ab ad i h u q r k) d)) s z))) (y aa (g m (v (v v m w s (f z k A q f aa s c h (h (x (B q h (ab (C (D E i v (n (d (i (v (d e (z q t (a (a (j (F (G H (aa y z e p ad (I r (r f i (v J K t) j d) k L r o z e e n c m f w M l) t n y u aa N) o ab O x d m ad P m o u x a s d))))))))))))))))))))))
z (v t (u x j ad (j x (ac n g t c))) (n (m z) (m s d j (m z y c) k r) ad) (x r z e ab e d ab e f aa u) (p a (ab y q n c (o b (k f (ab ad i h u q r k) d)) s z))) (y aa (g m (v (v v m w s (f z k A q f aa s c h (h (x (B q h (ab (C (D E i v (n (d (i (v (d e (z q t (a (a (j (F (G H (aa y z e p ad (I r (r f i (v J K t) j d) k L r o z e e n c m f w M l) t n y u aa N) o ab O x d m ad P m o u x a s d))))))))))))))))))))))
z (x (t (p e) l t a o t) (u x j ad (j x (ac n g t c))) (n (m z) (m s d j (m z y c) k r) ad) (x r z e ab e d ab e f aa u) (p a (ab y q n c (o b (k f (ab ad i h u q r k) d)) s z))) (y aa (g m (v (v v m w s (f z k A q f aa s c h (h (x (B q h (ab (C (D E i v (n (d (i (v (d e (z q t (a (a (j (F (G H (aa y z e p ad (I r (r f i (v J K t) j d) k L r o z e e n c m f w M l) t n y u aa N) o ab O x d m ad P m o u x a s d))))))))))))))))))))))
z (z (g ab j k b (t (p e) l t a o t) (t (p e) l t a o t g) c (m d p t g)) (u x j ad (j x (ac n g t c))) (n (m z) (m s d j (m z y c) k r) ad) (x r z e ab e d ab e f aa u) (p a (ab y q n c (o b (k f (ab ad i h u q r k) d)) s z))) (y aa (g m (v (v v m w s (f z k A q f aa s c h (h (x (B q h (ab (C (D E i v (n (d (i (v (d e (z q t (a (a (j (F (G H (aa y z e p ad (I r (r f i (v J K t) j d) k L r o z e e n c m f w M l) t n y u aa N) o ab O x d m ad P m o u x a s d))))))))))))))))))))))
z (u x j ad (j x (ac n g t c)) m (n (m z) (m s d j (m z y c) k r) ad) (x r z e ab e d ab e f aa u) (p a (ab y q n c (o b (k f (ab ad i h u q r k) d)) s z))) (y aa (g m (v (v v m w s (f z k A q f aa s c h (h (x (B q h (ab (C (D E i v (n (d (i (v (d e (z q t (a (a (j (F (G H (aa y z e p ad (I r (r f i (v J K t) j d) k L r o z e e n c m f w M l) t n y u aa N) o ab O x d m ad P m o u x a s d))))))))))))))))))))))
z (x (g d p z (k (x z c v r ab l d l v) e)) ad (j x (ac n g t c)) m (n (m z) (m s d j (m z y c) k r) ad) (x r z e ab e d ab e f aa u) (p a (ab y q n c (o b (k f (ab ad i h u q r k) d)) s z))) (y aa (g m (v (v v m w s (f z k A q f aa s c h (h (x (B q h (ab (C (D E i v (n (d (i (v (d e (z q t (a (a (j (F (G H (aa y z e p ad (I r (r f i (v J K t) j d) k L r o z e e n c m f w M l) t n y u aa N) o ab O x d m ad P m o u x a s d))))))))))))))))))))))
z (z (g ab j k b (g d p z (k (x z c v r ab l d l v) e)) (g d p z (k (x z c v r ab l d l v) e) g) c (m d p t g)) ad (j x (ac n g t c)) m (n (m z) (m s d j (m z y c) k r) ad) (x r z e ab e d ab e f aa u) (p a (ab y q n c (o b (k f (ab ad i h u q r k) d)) s z))) (y aa (g m (v (v v m w s (f z k A q f aa s c h (h (x (B q h (ab (C (D E i v (n (d (i (v (d e (z q t (a (a (j (F (G H (aa y z e p ad (I r (r f i (v J K t) j d) k L r o z e e n c m f w M l) t n y u aa N) o ab O x d m ad P m o u x a s d))))))))))))))))))))))
z (ad m (j x (ac n g t c)) m (n (m z) (m s d j (m z y c) k r) ad) (x r z e ab e d ab e f aa u) (p a (ab y q n c (o b (k f (ab ad i h u q r k) d)) s z))) (y aa (g m (v (v v m w s (f z k A q f aa s c h (h (x (B q h (ab (C (D E i v (n (d (i (v (d e (z q t (a (a (j (F (G H (aa y z e p ad (I r (r f i (v J K t) j d) k L r o z e e n c m f w M l) t n y u aa N) o ab O x d m ad P m o u x a s d))))))))))))))))))))))
z (a r s b p (b (o o m (d aa a a s s e u))) m (j x (ac n g t c)) m (n (m z) (m s d j (m z y c) k r) ad) (x r z e ab e d ab e f aa u) (p a (ab y q n c (o b (k f (ab ad i h u q r k) d)) s z))) (y aa (g m (v (v v m w s (f z k A q f aa s c h (h (x (B q h (ab (C (D E i v (n (d (i (v (d e (z q t (a (a (j (F (G H (aa y z e p ad (I r (r f i (v J K t) j d) k L r o z e e n c m f w M l) t n y u aa N) o ab O x d m ad P m o u x a s d))))))))))))))))))))))
z (l e (m aa (n (b n o ab m z p c m i))) p (b (o o m (d aa a a s s e u))) m (j x (ac n g t c)) m (n (m z) (m s d j (m z y c) k r) ad) (x r z e ab e d ab e f aa u) (p a (ab y q n c (o b (k f (ab ad i h u q r k) d)) s z))) (y aa (g m (v (v v m w s (f z k A q f aa s c h (h (x (B q h (ab (C (D E i v (n (d (i (v (d e (z q t (a (a (j (F (G H (aa y z e p ad (I r (r f i (v J K t) j d) k L r o z e e n c m f w M l) t n y u aa N) o ab O x d m ad P m o u x a s d))))))))))))))))))))))
z (p p (p a (ab y q n c e s z)) (b (o o m (d aa a a s s e u))) m (j x (ac n g t c)) m (n (m z) (m s d j (m z y c) k r) ad) (x r z e ab e d ab e f aa u) (p a (ab y q n c (o b (k f (ab ad i h u q r k) d)) s z))) (y aa (g m (v (v v m w s (f z k A q f aa s c h (h (x (B q h (ab (C (D E i v (n (d (i (v (d e (z q t (a (a (j (F (G H (aa y z e p ad (I r (r f i (v J K t) j d) k L r o z e e n c m f w M l) t n y u aa N) o ab O x d m ad P m o u x a s d))))))))))))))))))))))
z (e r w e (x r z e ab e d ab e f aa u) (p a (ab y q n c e s z)) (b (o o m (d aa a a s s e u))) m (j x (ac n g t c)) m (n (m z) (m s d j (m z y c) k r) ad) (x r z e ab e d ab e f aa u) (p a (ab y q n c (o b (k f (ab ad i h u q r k) d)) s z))) (y aa (g m (v (v v m w s (f z k A q f aa s c h (h (x (B q h (ab (C (D E i v (n (d (i (v (d e (z q t (a (a (j (F (G H (aa y z e p ad (I r (r f i (v J K t) j d) k L r o z e e n c m f w M l) t n y u aa N) o ab O x d m ad P m o u x a s d))))))))))))))))))))))
z (ab s (ac (g q (ad l o y l t))) (x r z e ab e d ab e f aa u) (p a (ab y q n c e s z)) (b (o o m (d aa a a s s e u))) m (j x (ac n g t c)) m (n (m z) (m s d j (m z y c) k r) ad) (x r z e ab e d ab e f aa u) (p a (ab y q n c (o b (k f (ab ad i h u q r k) d)) s z))) (y aa (g m (v (v v m w s (f z k A q f aa s c h (h (x (B q h (ab (C (D E i v (n (d (i (v (d e (z q t (a (a (j (F (G H (aa y z e p ad (I r (r f i (v J K t) j d) k L r o z e e n c m f w M l) t n y u aa N) o ab O x d m ad P m o u x a s d))))))))))))))))))))))
z (s (n (m z) (m s d j (m z y c) k r) ad) (x r z e ab e d ab e f aa u) (p a (ab y q n c e s z)) (b (o o m (d aa a a s s e u))) m (j x (ac n g t c)) m (n (m z) (m s d j (m z y c) k r) ad) (x r z e ab e d ab e f aa u) (p a (ab y q n c (o b (k f (ab ad i h u q r k) d)) s z))) (y aa (g m (v (v v m w s (f z k A q f aa s c h (h (x (B q h (ab (C (D E i v (n (d (i (v (d e (z q t (a (a (j (F (G H (aa y z e p ad (I r (r f i (v J K t) j d) k L r o z e e n c m f w M l) t n y u aa N) o ab O x d m ad P m o u x a s d))))))))))))))))))))))
z (v t (u x j ad (j x (ac n g t c))) (n (m z) (m s d j (m z y c) k r) ad) (x r z e ab e d ab e f aa u) (p a (ab y q n c e s z)) (b (o o m (d aa a a s s e u))) m (j x (ac n g t c)) m (n (m z) (m s d j (m z y c) k r) ad) (x r z e ab e d ab e f aa u) (p a (ab y q n c (o b (k f (ab ad i h u q r k) d)) s z))) (y aa (g m (v (v v m w s (f z k A q f aa s c h (h (x (B q h (ab (C (D E i v (n (d (i (v (d e (z q t (a (a (j (F (G H (aa y z e p ad (I r (r f i (v J K t) j d) k L r o z e e n c m f w M l) t n y u aa N) o ab O x d m ad P m o u x a s d))))))))))))))))))))))
z (x (t (p e) l t a o t) (u x j ad (j x (ac n g t c))) (n (m z) (m s d j (m z y c) k r) ad) (x r z e ab e d ab e f aa u) (p a (ab y q n c e s z)) (b (o o m (d aa a a s s e u))) m (j x (ac n g t c)) m (n (m z) (m s d j (m z y c) k r) ad) (x r z e ab e d ab e f aa u) (p a (ab y q n c (o b (k f (ab ad i h u q r k) d)) s z))) (y aa (g m (v (v v m w s (f z k A q f aa s c h (h (x (B q h (ab (C (D E i v (n (d (i (v (d e (z q t (a (a (j (F (G H (aa y z e p ad (I r (r f i (v J K t) j d) k L r o z e e n c m f w M l) t n y u aa N) o ab O x d m ad P m o u x a s d))))))))))))))))))))))
z (z (g ab j k b (t (p e) l t a o t) (t (p e) l t a o t g) c (m d p t g)) (u x j ad (j x (ac n g t c))) (n (m z) (m s d j (m z y c) k r) ad) (x r z e ab e d ab e f aa u) (p a (ab y q n c e s z)) (b (o o m (d aa a a s s e u))) m (j x (ac n g t c)) m (n (m z) (m s d j (m z y c) k r) ad) (x r z e ab e d ab e f aa u) (p a (ab y q n c (o b (k f (ab ad i h u q r k) d)) s z))) (y aa (g m (v (v v m w s (f z k A q f aa s c h (h (x (B q h (ab (C (D E i v (n (d (i (v (d e (z q t (a (a (j (F (G H (aa y z e p ad (I r (r f i (v J K t) j d) k L r o z e e n c m f w M l) t n y u aa N) o ab O x d m ad P m o u x a s d))))))))))))))))))))))
z (u x j ad (j x (ac n g t c)) m (n (m z) (m s d j (m z y c) k r) ad) (x r z e ab e d ab e f aa u) (p a (ab y q n c e s z)) (b (o o m (d aa a a s s e u))) m (j x (ac n g t c)) m (n (m z) (m s d j (m z y c) k r) ad) (x r z e ab e d ab e f aa u) (p a (ab y q n c (o b (k f (ab ad i h u q r k) d)) s z))) (y aa (g m (v (v v m w s (f z k A q f aa s c h (h (x (B q h (ab (C (D E i v (n (d (i (v (d e (z q t (a (a (j (F (G H (aa y z e p ad (I r (r f i (v J K t) j d) k L r o z e e n c m f w M l) t n y u aa N) o ab O x d m ad P m o u x a s d))))))))))))))))))))))
z (x (g d p z (k (x z c v r ab l d l v) e)) ad (j x (ac n g t c)) m (n (m z) (m s d j (m z y c) k r) ad) (x r z e ab e d ab e f aa u) (p a (ab y q n c e s z)) (b (o o m (d aa a a s s e u))) m (j x (ac n g t c)) m (n (m z) (m s d j (m z y c) k r) ad) (x r z e ab e d ab e f aa u) (p a (ab y q n c (o b (k f (ab ad i h u q r k) d)) s z))) (y aa (g m (v (v v m w s (f z k A q f aa s c h (h (x (B q h (ab (C (D E i v (n (d (i (v (d e (z q t (a (a (j (F (G H (aa y z e p ad (I r (r f i (v J K t) j d) k L r o z e e n c m f w M l) t n y u aa N) o ab O x d m ad P m o u x a s d))))))))))))))))))))))
z (z (g ab j k b (g d p z (k (x z c v r ab l d l v) e)) (g d p z (k (x z c v r ab l d l v) e) g) c (m d p t g)) ad (j x (ac n g t c)) m (n (m z) (m s d j (m z y c) k r) ad) (x r z e ab e d ab e f aa u) (p a (ab y q n c e s z)) (b (o o m (d aa a a s s e u))) m (j x (ac n g t c)) m (n (m z) (m s d j (m z y c) k r) ad) (x r z e ab e d ab e f aa u) (p a (ab y q n c (o b (k f (ab ad i h u q r k) d)) s z))) (y aa (g m (v (v v m w s (f z k A q f aa s c h (h (x (B q h (ab (C (D E i v (n (d (i (v (d e (z q t (a (a (j (F (G H (aa y z e p ad (I r (r f i (v J K t) j d) k L r o z e e n c m f w M l) t n y u aa N) o ab O x d m ad P m o u x a s d))))))))))))))))))))))
z (ad m (j x (ac n g t c)) m (n (m z) (m s d j (m z y c) k r) ad) (x r z e ab e d ab e f aa u) (p a (ab y q n c e s z)) (b (o o m (d aa a a s s e u))) m (j x (ac n g t c)) m (n (m z) (m s d j (m z y c) k r) ad) (x r z e ab e d ab e f aa u) (p a (ab y q n c (o b (k f (ab ad i h u q r k) d)) s z))) (y aa (g m (v (v v m w s (f z k A q f aa s c h (h (x (B q h (ab (C (D E i v (n (d (i (v (d e (z q t (a (a (j (F (G H (aa y z e p ad (I r (r f i (v J K t) j d) k L r o z e e n c m f w M l) t n y u aa N) o ab O x d m ad P m o u x a s d))))))))))))))))))))))
z (a r s b p (b (o o m (d aa a a s s e u))) m (j x (ac n g t c)) m (n (m z) (m s d j (m z y c) k r) ad) (x r z e ab e d ab e f aa u) (p a (ab y q n c e s z)) (b (o o m (d aa a a s s e u))) m (j x (ac n g t c)) m (n (m z) (m s d j (m z y c) k r) ad) (x r z e ab e d ab e f aa u) (p a (ab y q n c (o b (k f (ab ad i h u q r k) d)) s z))) (y aa (g m (v (v v m w s (f z k A q f aa s c h (h (x (B q h (ab (C (D E i v (n (d (i (v (d e (z q t (a (a (j (F (G H (aa y z e p ad (I r (r f i (v J K t) j d) k L r o z e e n c m f w M l) t n y u aa N) o ab O x d m ad P m o u x a s d))))))))))))))))))))))
z (l e (m aa (n (b n o ab m z p c m i))) p (b (o o m (d aa a a s s e u))) m (j x (ac n g t c)) m (n (m z) (m s d j (m z y c) k r) ad) (x r z e ab e d ab e f aa u) (p a (ab y q n c e s z)) (b (o o m (d aa a a s s e u))) m (j x (ac n g t c)) m (n (m z) (m s d j (m z y c) k r) ad) (x r z e ab e d ab e f aa u) (p a (ab y q n c (o b (k f (ab ad i h u q r k) d)) s z))) (y aa (g m (v (v v m w s (f z k A q f aa s c h (h (x (B q h (ab (C (D E i v (n (d (i (v (d e (z q t (a (a (j (F (G H (aa y z e p ad (I r (r f i (v J K t) j d) k L r o z e e n c m f w M l) t n y u aa N) o ab O x d m ad P m o u x a s d))))))))))))))))))))))


