a af ai ag ah ae = o n l (f j)
b ag ae af = t aa ab (g (e (h ae (d x u w q d m i u ac))))
c ae = i (g t (n ad aa p r))
d af ae = ab t z l j (s g w (t m (w (v ae f) w n) b o))
e ag ae af = aa (c q i i u af z q)
f ae ah af ag = g (ad (w u (j (k q (h x b) ab j r w o k) e q)))
g = q d (a ad o i (v aa i s u n d))
h ae = d n (u (x n t n p))
i ae ag ah af ai = ae (g m f) y ac (g (r (p o v k) p b))
j ae = c q (l (b f c d d ab v d x))
k ag ae ah af ai = r (x n l (u ai d ad h p g ag a n))
l ag af ae = w (r (a ab i f w z ab n f))
m = y (l (aa z w r r s))
n ae = x v (q (ad e (k (m j l s) o u e)))
o ag ae af = aa j (af (f (c l n c ae) s q ad c c) w p t m)
p ai ah af ag ae = d b u (af z w ah)
q = e a (o (ac (l (r u aa d) k h t) k i))
r ae = e h (j (f p (c q e (u l f f b ae))))
s af ae ah ag ai = r aa (v (l n i k ag af v))
t af ag ae = c w (ag p ac (f h e o ab q f))
u ae af = c r (a (w ab b r s x r o))
v af ae ag = a (s r (g e ad ac (b (a l k g x i s g aa))))
w ae ag af = v (h ac (h (q ac a ad j i t l ag b)))
x af ah ae ai ag = h u (a ac a c k)
y ae = f (z aa (w (p (v l (u s u v z aa d ad k c h)))))
z ae af = p (f c h t ad y t j h)
aa af ae = h h g (t i b)
ab aj ai ah ae ag af = g k (v d o)
ac ae = w u a u x ab p aa r (u (ab l o w ab))
ad af ae ag ah ai = ab c (y t j ab)
main = ab ad w u h (p w c (A o g (B k k (m (c (n k l (C p a ab r w (D h (t (E (F (z (y (G r a H (t p ad p (z l d o s (I J b b c (s k K (f (x (a (b b c u v x ac v e o e o l) ab L ad ad x i m ac) m j q M b ad) h z h b N s p o) q i g aa z t o) O m)))))))))))))))))
------------------------------------------------------------
ab ad w u h (p w c (A o g (B k k (m (c (n k l (C p a ab r w (D h (t (E (F (z (y (G r a H (t p ad p (z l d o s (I J b b c (s k K (f (x (a (b b c u v x ac v e o e o l) ab L ad ad x i m ac) m j q M b ad) h z h b N s p o) q i g aa z t o) O m)))))))))))))))))
ab ad w u h (p w c (A o (q d (a ad o i (v aa i s u n d))) (B k k (m (c (n k l (C p a ab r w (D h (t (E (F (z (y (G r a H (t p ad p (z l d o s (I J b b c (s k K (f (x (a (b b c u v x ac v e o e o l) ab L ad ad x i m ac) m j q M b ad) h z h b N s p o) q i g aa z t o) O m)))))))))))))))))
ab ad w u h (p w c (A o (e a (o (ac (l (r u aa d) k h t) k i)) d (a ad o i (v aa i s u n d))) (B k k (m (c (n k l (C p a ab r w (D h (t (E (F (z (y (G r a H (t p ad p (z l d o s (I J b b c (s k K (f (x (a (b b c u v x ac v e o e o l) ab L ad ad x i m ac) m j q M b ad) h z h b N s p o) q i g aa z t o) O m)))))))))))))))))
ab ad w u h (p w c (A o (aa (c q i i u d z q) (a ad o i (v aa i s u n d))) (B k k (m (c (n k l (C p a ab r w (D h (t (E (F (z (y (G r a H (t p ad p (z l d o s (I J b b c (s k K (f (x (a (b b c u v x ac v e o e o l) ab L ad ad x i m ac) m j q M b ad) h z h b N s p o) q i g aa z t o) O m)))))))))))))))))
ab ad w u h (p w c (A o (h h g (t i b)) (B k k (m (c (n k l (C p a ab r w (D h (t (E (F (z (y (G r a H (t p ad p (z l d o s (I J b b c (s k K (f (x (a (b b c u v x ac v e o e o l) ab L ad ad x i m ac) m j q M b ad) h z h b N s p o) q i g aa z t o) O m)))))))))))))))))
ab ad w u h (p w c (A o (d n (u (x n t n p)) g (t i b)) (B k k (m (c (n k l (C p a ab r w (D h (t (E (F (z (y (G r a H (t p ad p (z l d o s (I J b b c (s k K (f (x (a (b b c u v x ac v e o e o l) ab L ad ad x i m ac) m j q M b ad) h z h b N s p o) q i g aa z t o) O m)))))))))))))))))
ab ad w u h (p w c (A o (ab t z l j (s g w (t m (w (v (u (x n t n p)) f) w n) b o)) g (t i b)) (B k k (m (c (n k l (C p a ab r w (D h (t (E (F (z (y (G r a H (t p ad p (z l d o s (I J b b c (s k K (f (x (a (b b c u v x ac v e o e o l) ab L ad ad x i m ac) m j q M b ad) h z h b N s p o) q i g aa z t o) O m)))))))))))))))))
ab ad w u h (p w c (A o (g k (v d o) (t i b)) (B k k (m (c (n k l (C p a ab r w (D h (t (E (F (z (y (G r a H (t p ad p (z l d o s (I J b b c (s k K (f (x (a (b b c u v x ac v e o e o l) ab L ad ad x i m ac) m j q M b ad) h z h b N s p o) q i g aa z t o) O m)))))))))))))))))
ab ad w u h (p w c (A o (q d (a ad o i (v aa i s u n d)) k (v d o) (t i b)) (B k k (m (c (n k l (C p a ab r w (D h (t (E (F (z (y (G r a H (t p ad p (z l d o s (I J b b c (s k K (f (x (a (b b c u v x ac v e o e o l) ab L ad ad x i m ac) m j q M b ad) h z h b N s p o) q i g aa z t o) O m)))))))))))))))))
ab ad w u h (p w c (A o (e a (o (ac (l (r u aa d) k h t) k i)) d (a ad o i (v aa i s u n d)) k (v d o) (t i b)) (B k k (m (c (n k l (C p a ab r w (D h (t (E (F (z (y (G r a H (t p ad p (z l d o s (I J b b c (s k K (f (x (a (b b c u v x ac v e o e o l) ab L ad ad x i m ac) m j q M b ad) h z h b N s p o) q i g aa z t o) O m)))))))))))))))))
ab ad w u h (p w c (A o (aa (c q i i u d z q) (a ad o i (v aa i s u n d)) k (v d o) (t i b)) (B k k (m (c (n k l (C p a ab r w (D h (t (E (F (z (y (G r a H (t p ad p (z l d o s (I J b b c (s k K (f (x (a (b b c u v x ac v e o e o l) ab L ad ad x i m ac) m j q M b ad) h z h b N s p o) q i g aa z t o) O m)))))))))))))))))
ab ad w u h (p w c (A o (h h g (t i b) k (v d o) (t i b)) (B k k (m (c (n k l (C p a ab r w (D h (t (E (F (z (y (G r a H (t p ad p (z l d o s (I J b b c (s k K (f (x (a (b b c u v x ac v e o e o l) ab L ad ad x i m ac) m j q M b ad) h z h b N s p o) q i g aa z t o) O m)))))))))))))))))
ab ad w u h (p w c (A o (d n (u (x n t n p)) g (t i b) k (v d o) (t i b)) (B k k (m (c (n k l (C p a ab r w (D h (t (E (F (z (y (G r a H (t p ad p (z l d o s (I J b b c (s k K (f (x (a (b b c u v x ac v e o e o l) ab L ad ad x i m ac) m j q M b ad) h z h b N s p o) q i g aa z t o) O m)))))))))))))))))
ab ad w u h (p w c (A o (ab t z l j (s g w (t m (w (v (u (x n t n p)) f) w n) b o)) g (t i b) k (v d o) (t i b)) (B k k (m (c (n k l (C p a ab r w (D h (t (E (F (z (y (G r a H (t p ad p (z l d o s (I J b b c (s k K (f (x (a (b b c u v x ac v e o e o l) ab L ad ad x i m ac) m j q M b ad) h z h b N s p o) q i g aa z t o) O m)))))))))))))))))
ab ad w u h (p w c (A o (g k (v d o) (t i b) k (v d o) (t i b)) (B k k (m (c (n k l (C p a ab r w (D h (t (E (F (z (y (G r a H (t p ad p (z l d o s (I J b b c (s k K (f (x (a (b b c u v x ac v e o e o l) ab L ad ad x i m ac) m j q M b ad) h z h b N s p o) q i g aa z t o) O m)))))))))))))))))
ab ad w u h (p w c (A o (q d (a ad o i (v aa i s u n d)) k (v d o) (t i b) k (v d o) (t i b)) (B k k (m (c (n k l (C p a ab r w (D h (t (E (F (z (y (G r a H (t p ad p (z l d o s (I J b b c (s k K (f (x (a (b b c u v x ac v e o e o l) ab L ad ad x i m ac) m j q M b ad) h z h b N s p o) q i g aa z t o) O m)))))))))))))))))
ab ad w u h (p w c (A o (e a (o (ac (l (r u aa d) k h t) k i)) d (a ad o i (v aa i s u n d)) k (v d o) (t i b) k (v d o) (t i b)) (B k k (m (c (n k l (C p a ab r w (D h (t (E (F (z (y (G r a H (t p ad p (z l d o s (I J b b c (s k K (f (x (a (b b c u v x ac v e o e o l) ab L ad ad x i m ac) m j q M b ad) h z h b N s p o) q i g aa z t o) O m)))))))))))))))))
ab ad w u h (p w c (A o (aa (c q i i u d z q) (a ad o i (v aa i s u n d)) k (v d o) (t i b) k (v d o) (t i b)) (B k k (m (c (n k l (C p a ab r w (D h (t (E (F (z (y (G r a H (t p ad p (z l d o s (I J b b c (s k K (f (x (a (b b c u v x ac v e o e o l) ab L ad ad x i m ac) m j q M b ad) h z h b N s p o) q i g aa z t o) O m)))))))))))))))))
ab ad w u h (p w c (A o (h h g (t i b) k (v d o) (t i b) k (v d o) (t i b)) (B k k (m (c (n k l (C p a ab r w (D h (t (E (F (z (y (G r a H (t p ad p (z l d o s (I J b b c (s k K (f (x (a (b b c u v x ac v e o e o l) ab L ad ad x i m ac) m j q M b ad) h z h b N s p o) q i g aa z t o) O m)))))))))))))))))
ab ad w u h (p w c (A o (d n (u (x n t n p)) g (t i b) k (v d o) (t i b) k (v d o) (t i b)) (B k k (m (c (n k l (C p a ab r w (D h (t (E (F (z (y (G r a H (t p ad p (z l d o s (I J b b c (s k K (f (x (a (b b c u v x ac v e o e o l) ab L ad ad x i m ac) m j q M b ad) h z h b N s p o) q i g aa z t o) O m)))))))))))))))))
ab ad w u h (p w c (A o (ab t z l j (s g w (t m (w (v (u (x n t n p)) f) w n) b o)) g (t i b) k (v d o) (t i b) k (v d o) (t i b)) (B k k (m (c (n k l (C p a ab r w (D h (t (E (F (z (y (G r a H (t p ad p (z l d o s (I J b b c (s k K (f (x (a (b b c u v x ac v e o e o l) ab L ad ad x i m ac) m j q M b ad) h z h b N s p o) q i g aa z t o) O m)))))))))))))))))
ab ad w u h (p w c (A o (g k (v d o) (t i b) k (v d o) (t i b) k (v d o) (t i b)) (B k k (m (c (n k l (C p a ab r w (D h (t (E (F (z (y (G r a H (t p ad p (z l d o s (I J b b c (s k K (f (x (a (b b c u v x ac v e o e o l) ab L ad ad x i m ac) m j q M b ad) h z h b N s p o) q i g aa z t o) O m)))))))))))))))))
ab ad w u h (p w c (A o (q d (a ad o i (v aa i s u n d)) k (v d o) (t i b) k (v d o) (t i b) k (v d o) (t i b)) (B k k (m (c (n k l (C p a ab r w (D h (t (E (F (z (y (G r a H (t p ad p (z l d o s (I J b b c (s k K (f (x (a (b b c u v x ac v e o e o l) ab L ad ad x i m ac) m j q M b ad) h z h b N s p o) q i g aa z t o) O m)))))))))))))))))
ab ad w u h (p w c (A o (e a (o (ac (l (r u aa d) k h t) k i)) d (a ad o i (v aa i s u n d)) k (v d o) (t i b) k (v d o) (t i b) k (v d o) (t i b)) (B k k (m (c (n k l (C p a ab r w (D h (t (E (F (z (y (G r a H (t p ad p (z l d o s (I J b b c (s k K (f (x (a (b b c u v x ac v e o e o l) ab L ad ad x i m ac) m j q M b ad) h z h b N s p o) q i g aa z t o) O m)))))))))))))))))
ab ad w u h (p w c (A o (aa (c q i i u d z q) (a ad o i (v aa i s u n d)) k (v d o) (t i b) k (v d o) (t i b) k (v d o) (t i b)) (B k k (m (c (n k l (C p a ab r w (D h (t (E (F (z (y (G r a H (t p ad p (z l d o s (I J b b c (s k K (f (x (a (b b c u v x ac v e o e o l) ab L ad ad x i m ac) m j q M b ad) h z h b N s p o) q i g aa z t o) O m)))))))))))))))))
ab ad w u h (p w c (A o (h h g (t i b) k (v d o) (t i b) k (v d o) (t i b) k (v d o) (t i b)) (B k k (m (c (n k l (C p a ab r w (D h (t (E (F (z (y (G r a H (t p ad p (z l d o s (I J b b c (s k K (f (x (a (b b c u v x ac v e o e o l) ab L ad ad x i m ac) m j q M b ad) h z h b N s p o) q i g aa z t o) O m)))))))))))))))))
ab ad w u h (p w c (A o (d n (u (x n t n p)) g (t i b) k (v d o) (t i b) k (v d o) (t i b) k (v d o) (t i b)) (B k k (m (c (n k l (C p a ab r w (D h (t (E (F (z (y (G r a H (t p ad p (z l d o s (I J b b c (s k K (f (x (a (b b c u v x ac v e o e o l) ab L ad ad x i m ac) m j q M b ad) h z h b N s p o) q i g aa z t o) O m)))))))))))))))))
ab ad w u h (p w c (A o (ab t z l j (s g w (t m (w (v (u (x n t n p)) f) w n) b o)) g (t i b) k (v d o) (t i b) k (v d o) (t i b) k (v d o) (t i b)) (B k k (m (c (n k l (C p a ab r w (D h (t (E (F (z (y (G r a H (t p ad p (z l d o s (I J b b c (s k K (f (x (a (b b c u v x ac v e o e o l) ab L ad ad x i m ac) m j q M b ad) h z h b N s p o) q i g aa z t o) O m)))))))))))))))))
ab ad w u h (p w c (A o (g k (v d o) (t i b) k (v d o) (t i b) k (v d o) (t i b) k (v d o) (t i b)) (B k k (m (c (n k l (C p a ab r w (D h (t (E (F (z (y (G r a H (t p ad p (z l d o s (I J b b c (s k K (f (x (a (b b c u v x ac v e o e o l) ab L ad ad x i m ac) m j q M b ad) h z h b N s p o) q i g aa z t o) O m)))))))))))))))))
ab ad w u h (p w c (A o (q d (a ad o i (v aa i s u n d)) k (v d o) (t i b) k (v d o) (t i b) k (v d o) (t i b) k (v d o) (t i b)) (B k k (m (c (n k l (C p a ab r w (D h (t (E (F (z (y (G r a H (t p ad p (z l d o s (I J b b c (s k K (f (x (a (b b c u v x ac v e o e o l) ab L ad ad x i m ac) m j q M b ad) h z h b N s p o) q i g aa z t o) O m)))))))))))))))))


