a af ag ah ai ae ac z (i o (n (ac y p ae) u ab af ad) n b)
b ae ac (e (f c ae w j ac a c z))
c u (ac q i z)
d ae af c u c
e af ag ae y (t (i ad n d u d t w ab r n f s))
f ae a m ad (u (l (k b (r t w l g j e o))))
g af ah ae ag e ah a ae m l z
h ae k (u q w i (m (b t (d v) b ac ac) aa w t ac))
i ae af d (a (z m (aa a (af (w u k) s p y p u d u))))
j ae ag ah af o e (p m (ag e (p ag s g) t g y))
k ae i o ad (ae p d ab u)
l r (n f (i q (n t ab q ac m v c)))
m aj ag ah ai af ae j (a f w)
n ah af ae aj ag ai w aa (o (ab f (j (aa (g f aa d t ad ab ab h l i)))))
o ae af ag m (f (l (ac l l g e b y h d g ac) x af))
p o w
q aj ae af ag ai ah s s (j b y h ac n ad t)
r ag af ae v s t aa (v ac) o h
s af ag ae z (d v n (k ad m c) i b h e e)
t ai ag aj ah af ae s (o (l u o (c ad (r j v a r m u h v))))
u h ac c (ac a r h g (s s d o c a b))
v i (i z z (ac a f m k i) ac t i b)
w af ae n t u (ad o r ad d g)
x r w (aa (t m g y v r l))
y ae o ae ac q x q ad
z aa p (j (c c y (y ab l l q m j f r t e)))
aa ae j (e f ab ac k u)
ab ae ah af ag aa (ac r t r (u c l) (ad ac z a m s j i) r)
ac af ai ae ag ah f o q (aa o q (ag (j (ab ah a h c y y n z))))
ad f (s (a (s y p k l m c) c))
main s ab i (ab ad p A x B) (C (n ad (D k (E (F ac j t i n (i (w (l (w (g o r (x (G ab (w (aa (H I (a ab (y w k k f (l m (n (x (g (i (J (t r (p g (i g K v aa) L aa l M m n n g y) x) w N O) u P ac d m Q R) x z j j l u i ad ac S t ac f ab o j T x) c j ab a))))))))))))))))))))
------------------------------------------------------------
s ab i (ab ad p A x B) (C (n ad (D k (E (F ac j t i n (i (w (l (w (g o r (x (G ab (w (aa (H I (a ab (y w k k f (l m (n (x (g (i (J (t r (p g (i g K v aa) L aa l M m n n g y) x) w N O) u P ac d m Q R) x z j j l u i ad ac S t ac f ab o j T x) c j ab a))))))))))))))))))))
z (d v n (k ad m c) i b h e e) (C (n ad (D k (E (F ac j t i n (i (w (l (w (g o r (x (G ab (w (aa (H I (a ab (y w k k f (l m (n (x (g (i (J (t r (p g (i g K v aa) L aa l M m n n g y) x) w N O) u P ac d m Q R) x z j j l u i ad ac S t ac f ab o j T x) c j ab a))))))))))))))))))))
aa p (j (c c y (y ab l l q m j f r t e))) (d v n (k ad m c) i b h e e) (C (n ad (D k (E (F ac j t i n (i (w (l (w (g o r (x (G ab (w (aa (H I (a ab (y w k k f (l m (n (x (g (i (J (t r (p g (i g K v aa) L aa l M m n n g y) x) w N O) u P ac d m Q R) x z j j l u i ad ac S t ac f ab o j T x) c j ab a))))))))))))))))))))
j (e f ab ac k u) (j (c c y (y ab l l q m j f r t e))) (d v n (k ad m c) i b h e e) (C (n ad (D k (E (F ac j t i n (i (w (l (w (g o r (x (G ab (w (aa (H I (a ab (y w k k f (l m (n (x (g (i (J (t r (p g (i g K v aa) L aa l M m n n g y) x) w N O) u P ac d m Q R) x z j j l u i ad ac S t ac f ab o j T x) c j ab a))))))))))))))))))))
o e (p m (j (c c y (y ab l l q m j f r t e)) e (p (j (c c y (y ab l l q m j f r t e))) s g) t g y))
o e (o w m (j (c c y (y ab l l q m j f r t e)) e (p (j (c c y (y ab l l q m j f r t e))) s g) t g y))
o e (m (f (l (ac l l g e b y h d g ac) x m)))
o e (m (a m ad (u (l (k b (r t w l g j e o))))))
o e (m (a m ad (h ac c (ac a r h g (s s d o c a b)) (l (k b (r t w l g j e o))))))
o e (m (a m ad (k (u q w i (m (b t (d v) b ac ac) aa w t ac)) c (ac a r h g (s s d o c a b)) (l (k b (r t w l g j e o))))))
o e (m (a m ad (i o ad (u q w i (m (b t (d v) b ac ac) aa w t ac) p d ab u) c (ac a r h g (s s d o c a b)) (l (k b (r t w l g j e o))))))
o e (m (a m ad (d (a (z m (aa a (ad (w u k) s p y p u d u)))) (u q w i (m (b t (d v) b ac ac) aa w t ac) p d ab u) c (ac a r h g (s s d o c a b)) (l (k b (r t w l g j e o))))))
o e (m (a m ad (c u c c (ac a r h g (s s d o c a b)) (l (k b (r t w l g j e o))))))
o e (m (a m ad (u (ac q i z) u c c (ac a r h g (s s d o c a b)) (l (k b (r t w l g j e o))))))
o e (m (a m ad (h ac c (ac a r h g (s s d o c a b)) (ac q i z) u c c (ac a r h g (s s d o c a b)) (l (k b (r t w l g j e o))))))
o e (m (a m ad (k (u q w i (m (b t (d v) b ac ac) aa w t ac)) c (ac a r h g (s s d o c a b)) (ac q i z) u c c (ac a r h g (s s d o c a b)) (l (k b (r t w l g j e o))))))
o e (m (a m ad (i o ad (u q w i (m (b t (d v) b ac ac) aa w t ac) p d ab u) c (ac a r h g (s s d o c a b)) (ac q i z) u c c (ac a r h g (s s d o c a b)) (l (k b (r t w l g j e o))))))
o e (m (a m ad (d (a (z m (aa a (ad (w u k) s p y p u d u)))) (u q w i (m (b t (d v) b ac ac) aa w t ac) p d ab u) c (ac a r h g (s s d o c a b)) (ac q i z) u c c (ac a r h g (s s d o c a b)) (l (k b (r t w l g j e o))))))
o e (m (a m ad (c u c c (ac a r h g (s s d o c a b)) (ac q i z) u c c (ac a r h g (s s d o c a b)) (l (k b (r t w l g j e o))))))
o e (m (a m ad (u (ac q i z) u c c (ac a r h g (s s d o c a b)) (ac q i z) u c c (ac a r h g (s s d o c a b)) (l (k b (r t w l g j e o))))))
o e (m (a m ad (h ac c (ac a r h g (s s d o c a b)) (ac q i z) u c c (ac a r h g (s s d o c a b)) (ac q i z) u c c (ac a r h g (s s d o c a b)) (l (k b (r t w l g j e o))))))
o e (m (a m ad (k (u q w i (m (b t (d v) b ac ac) aa w t ac)) c (ac a r h g (s s d o c a b)) (ac q i z) u c c (ac a r h g (s s d o c a b)) (ac q i z) u c c (ac a r h g (s s d o c a b)) (l (k b (r t w l g j e o))))))
o e (m (a m ad (i o ad (u q w i (m (b t (d v) b ac ac) aa w t ac) p d ab u) c (ac a r h g (s s d o c a b)) (ac q i z) u c c (ac a r h g (s s d o c a b)) (ac q i z) u c c (ac a r h g (s s d o c a b)) (l (k b (r t w l g j e o))))))
o e (m (a m ad (d (a (z m (aa a (ad (w u k) s p y p u d u)))) (u q w i (m (b t (d v) b ac ac) aa w t ac) p d ab u) c (ac a r h g (s s d o c a b)) (ac q i z) u c c (ac a r h g (s s d o c a b)) (ac q i z) u c c (ac a r h g (s s d o c a b)) (l (k b (r t w l g j e o))))))
o e (m (a m ad (c u c c (ac a r h g (s s d o c a b)) (ac q i z) u c c (ac a r h g (s s d o c a b)) (ac q i z) u c c (ac a r h g (s s d o c a b)) (l (k b (r t w l g j e o))))))
o e (m (a m ad (u (ac q i z) u c c (ac a r h g (s s d o c a b)) (ac q i z) u c c (ac a r h g (s s d o c a b)) (ac q i z) u c c (ac a r h g (s s d o c a b)) (l (k b (r t w l g j e o))))))
o e (m (a m ad (h ac c (ac a r h g (s s d o c a b)) (ac q i z) u c c (ac a r h g (s s d o c a b)) (ac q i z) u c c (ac a r h g (s s d o c a b)) (ac q i z) u c c (ac a r h g (s s d o c a b)) (l (k b (r t w l g j e o))))))
o e (m (a m ad (k (u q w i (m (b t (d v) b ac ac) aa w t ac)) c (ac a r h g (s s d o c a b)) (ac q i z) u c c (ac a r h g (s s d o c a b)) (ac q i z) u c c (ac a r h g (s s d o c a b)) (ac q i z) u c c (ac a r h g (s s d o c a b)) (l (k b (r t w l g j e o))))))
o e (m (a m ad (i o ad (u q w i (m (b t (d v) b ac ac) aa w t ac) p d ab u) c (ac a r h g (s s d o c a b)) (ac q i z) u c c (ac a r h g (s s d o c a b)) (ac q i z) u c c (ac a r h g (s s d o c a b)) (ac q i z) u c c (ac a r h g (s s d o c a b)) (l (k b (r t w l g j e o))))))
o e (m (a m ad (d (a (z m (aa a (ad (w u k) s p y p u d u)))) (u q w i (m (b t (d v) b ac ac) aa w t ac) p d ab u) c (ac a r h g (s s d o c a b)) (ac q i z) u c c (ac a r h g (s s d o c a b)) (ac q i z) u c c (ac a r h g (s s d o c a b)) (ac q i z) u c c (ac a r h g (s s d o c a b)) (l (k b (r t w l g j e o))))))


