a ae af ag = o (f (c (f f g) (s k j e g)))
b af ae = e (ad d (i e n h) ab s o r ac ae)
c = p l a x (g x (g p (q aa d h a z t t)))
d af ae ah ag = r w (y (l (g b (v q h y u) l u ac s)))
e ae = s aa (ad (p (s (m (m q k o o f ab ae k v ab)))))
f ae = h (aa ab s l aa ab)
g ag af ah ae = y i (o (aa (m t (c b ac y)) z aa w r j i d i))
h ae af = w s ac (j k (p (p (v m (t w q ad l x k f l)))))
i ae af ah ag = p (j y p)
j ae ah af ag ai = ab ab m r y (u y (c (k e ac k r m) m y z))
k ag af ae = n n ab e (o (t o v) (j o i) a)
l ag ah ae af = o (j (aa (z h) (e (w h ah g h v i a q))))
m af ae = p ae a w (l t p r v u i b n)
n ah af ae ag ai = i ad (v (c aa ae e q ah ad y))
o ag ae af = t (ac h (n ad (z ag p m aa b)))
p aj ae af ag ai ah = a a (z (t o j z a o aa))
q af ae = ad w v n (n (w b o ae aa))
r ae ag af ai ah = ac (y w (p (ab (ac (aa (h n) k v m x b w w u x)))))
s ah ag ae ai aj af = ad (b q (g (z (g c g aa t x) d o) h))
t af ae ag = ab y (q (f af ad a a j h c f q g y))
u ae = h (x ac (r (p (h z w f (l k ac ac y) o ae d v))))
v af ae = u (l n g q o z)
w = e a (p t aa)
x ag af ae = ad j s a o (a (ac r t g n y j s))
y ae af ag = a (z b (c ab (l (o x c w k ac n))))
z ag af ae = ad (n c q) (o o n j x k)
aa ai ag ae ah af aj = ah v (o e t b u t q f s)
ab af ae ag = ae t (w (l (g l h (o v v q q aa q t))))
ac ae ag ai ah af = r (a (y x ab l ad))
ad ah af ai ag ae aj = j (v s) d (ah w b) aa (ac r w (o r) f)
main = A (aa (B (ad a (i (C z D u j z (a (a e) g (aa (E m (F (m (G (v n (d H ac j I (y (p (ad b y (q (y (x l s (J c d K (L (M (o N p (O (aa (z x n p j P b m d Q y r o)) e l ac n y b x r n l e o r x b r c d r q R) u d k f S e ab z h ad q T aa e n u)))))))))))))))))))))))
------------------------------------------------------------
A (aa (B (ad a (i (C z D u j z (a (a e) g (aa (E m (F (m (G (v n (d H ac j I (y (p (ad b y (q (y (x l s (J c d K (L (M (o N p (O (aa (z x n p j P b m d Q y r o)) e l ac n y b x r n l e o r x b r c d r q R) u d k f S e ab z h ad q T aa e n u)))))))))))))))))))))))
A (aa (B (ad a (i (C z D u j z (o (f (c (f f g) (s k j e g)))))))))
A (aa (B (ad a (i (C z D u j z (o (h (aa ab s l aa ab))))))))


