a = x x ab l p
b af ae = p z (j (y (d (f g h s g o ac ab m r w af))))
c ai ah ag af ae = b ac r m e
d ae af = r (i (w x a g n))
e = o t (g (f (d d) f x ab v ac l p))
f ae af = m (j c e (n ae y d m n e q))
g ah ae ag af = ac (o (w (p ac q y) o r h ab c n))
h = y w g s (k k (y a (e f c y e i)))
i ag ah ae af = ag (u q (j (y x o g h s)))
j ai ag af ah ae = ab f (z s e g r m (p ac s q m k a n))
k ag af ah ae = o ac x (h v p (y g r x q (x ac q f l ac q)))
l af ae ag = ad n v af
m ah ae ai aj af ag = u (a (q d d r) ad g c)
n af ag ae = k (j (h x ac y i u j c) a ad)
o af ae ai ah ag = l (a q a t j ac t) f
p ae af = f (s ac (z ae ab (s (t ac k b ab ab x y ae))))
q ae = p (r (b h ae c ad) l)
r af ae = y (i (m (i o y h e q u f c)))
s af ah ae ag = u (b (y p w v r j))
t = k x f (n o)
u af ag ai ah aj ae = i i ae e (f j (c j c j z b) ac)
v af ae = x s s r t (ac (ac s (r h p ad m ab h ac x)))
w ae = i q e j t q (j v y ae ad)
x ae af = m af q e b a s
y ae af = z i ad (aa (a (b g p w g a) u m))
z ae af ag ah = y v b w (l (x ad) l aa aa)
aa ag ae af ah = z (o (ad x v l t c h x))
ab ah af ai ag ae = w (ac (g (o (g (j v r b) o h c b p))))
ac af ae = r (e y ab o v g f h)
ad = p aa (r (h (t k o (d h g d ac o s c a u))))
main = t u (w l v k (ad r q (A m n aa s o (x (ac i (r (q e) (B (l j C ad (u v (D y aa y x (ad (h (g (ab y j (p (e c w (E (F s (x v ac (v (n n d k g h h j l k v o e z m b n p a k ad w w m a a ac aa)) w t o l l j d i g f k a G z) w H ad ab c aa aa l))))))))))))))))))
------------------------------------------------------------
t u (w l v k (ad r q (A m n aa s o (x (ac i (r (q e) (B (l j C ad (u v (D y aa y x (ad (h (g (ab y j (p (e c w (E (F s (x v ac (v (n n d k g h h j l k v o e z m b n p a k ad w w m a a ac aa)) w t o l l j d i g f k a G z) w H ad ab c aa aa l))))))))))))))))))
k x f (n o) u (w l v k (ad r q (A m n aa s o (x (ac i (r (q e) (B (l j C ad (u v (D y aa y x (ad (h (g (ab y j (p (e c w (E (F s (x v ac (v (n n d k g h h j l k v o e z m b n p a k ad w w m a a ac aa)) w t o l l j d i g f k a G z) w H ad ab c aa aa l))))))))))))))))))
o ac x (h v p (y g r x q (x ac q f l ac q))) (w l v k (ad r q (A m n aa s o (x (ac i (r (q e) (B (l j C ad (u v (D y aa y x (ad (h (g (ab y j (p (e c w (E (F s (x v ac (v (n n d k g h h j l k v o e z m b n p a k ad w w m a a ac aa)) w t o l l j d i g f k a G z) w H ad ab c aa aa l))))))))))))))))))
o ac x (y w g s (k k (y a (e f c y e i))) v p (y g r x q (x ac q f l ac q))) (w l v k (ad r q (A m n aa s o (x (ac i (r (q e) (B (l j C ad (u v (D y aa y x (ad (h (g (ab y j (p (e c w (E (F s (x v ac (v (n n d k g h h j l k v o e z m b n p a k ad w w m a a ac aa)) w t o l l j d i g f k a G z) w H ad ab c aa aa l))))))))))))))))))
o ac x (z i ad (aa (a (b g p w g a) u m)) s (k k (y a (e f c y e i))) v p (y g r x q (x ac q f l ac q))) (w l v k (ad r q (A m n aa s o (x (ac i (r (q e) (B (l j C ad (u v (D y aa y x (ad (h (g (ab y j (p (e c w (E (F s (x v ac (v (n n d k g h h j l k v o e z m b n p a k ad w w m a a ac aa)) w t o l l j d i g f k a G z) w H ad ab c aa aa l))))))))))))))))))
o ac x (y v b w (l (x ad) l aa aa) (k k (y a (e f c y e i))) v p (y g r x q (x ac q f l ac q))) (w l v k (ad r q (A m n aa s o (x (ac i (r (q e) (B (l j C ad (u v (D y aa y x (ad (h (g (ab y j (p (e c w (E (F s (x v ac (v (n n d k g h h j l k v o e z m b n p a k ad w w m a a ac aa)) w t o l l j d i g f k a G z) w H ad ab c aa aa l))))))))))))))))))
o ac x (z i ad (aa (a (b g p w g a) u m)) w (l (x ad) l aa aa) (k k (y a (e f c y e i))) v p (y g r x q (x ac q f l ac q))) (w l v k (ad r q (A m n aa s o (x (ac i (r (q e) (B (l j C ad (u v (D y aa y x (ad (h (g (ab y j (p (e c w (E (F s (x v ac (v (n n d k g h h j l k v o e z m b n p a k ad w w m a a ac aa)) w t o l l j d i g f k a G z) w H ad ab c aa aa l))))))))))))))))))
o ac x (y v b w (l (x ad) l aa aa) (l (x ad) l aa aa) (k k (y a (e f c y e i))) v p (y g r x q (x ac q f l ac q))) (w l v k (ad r q (A m n aa s o (x (ac i (r (q e) (B (l j C ad (u v (D y aa y x (ad (h (g (ab y j (p (e c w (E (F s (x v ac (v (n n d k g h h j l k v o e z m b n p a k ad w w m a a ac aa)) w t o l l j d i g f k a G z) w H ad ab c aa aa l))))))))))))))))))
o ac x (z i ad (aa (a (b g p w g a) u m)) w (l (x ad) l aa aa) (l (x ad) l aa aa) (k k (y a (e f c y e i))) v p (y g r x q (x ac q f l ac q))) (w l v k (ad r q (A m n aa s o (x (ac i (r (q e) (B (l j C ad (u v (D y aa y x (ad (h (g (ab y j (p (e c w (E (F s (x v ac (v (n n d k g h h j l k v o e z m b n p a k ad w w m a a ac aa)) w t o l l j d i g f k a G z) w H ad ab c aa aa l))))))))))))))))))
o ac x (y v b w (l (x ad) l aa aa) (l (x ad) l aa aa) (l (x ad) l aa aa) (k k (y a (e f c y e i))) v p (y g r x q (x ac q f l ac q))) (w l v k (ad r q (A m n aa s o (x (ac i (r (q e) (B (l j C ad (u v (D y aa y x (ad (h (g (ab y j (p (e c w (E (F s (x v ac (v (n n d k g h h j l k v o e z m b n p a k ad w w m a a ac aa)) w t o l l j d i g f k a G z) w H ad ab c aa aa l))))))))))))))))))
o ac x (z i ad (aa (a (b g p w g a) u m)) w (l (x ad) l aa aa) (l (x ad) l aa aa) (l (x ad) l aa aa) (k k (y a (e f c y e i))) v p (y g r x q (x ac q f l ac q))) (w l v k (ad r q (A m n aa s o (x (ac i (r (q e) (B (l j C ad (u v (D y aa y x (ad (h (g (ab y j (p (e c w (E (F s (x v ac (v (n n d k g h h j l k v o e z m b n p a k ad w w m a a ac aa)) w t o l l j d i g f k a G z) w H ad ab c aa aa l))))))))))))))))))
o ac x (y v b w (l (x ad) l aa aa) (l (x ad) l aa aa) (l (x ad) l aa aa) (l (x ad) l aa aa) (k k (y a (e f c y e i))) v p (y g r x q (x ac q f l ac q))) (w l v k (ad r q (A m n aa s o (x (ac i (r (q e) (B (l j C ad (u v (D y aa y x (ad (h (g (ab y j (p (e c w (E (F s (x v ac (v (n n d k g h h j l k v o e z m b n p a k ad w w m a a ac aa)) w t o l l j d i g f k a G z) w H ad ab c aa aa l))))))))))))))))))
o ac x (z i ad (aa (a (b g p w g a) u m)) w (l (x ad) l aa aa) (l (x ad) l aa aa) (l (x ad) l aa aa) (l (x ad) l aa aa) (k k (y a (e f c y e i))) v p (y g r x q (x ac q f l ac q))) (w l v k (ad r q (A m n aa s o (x (ac i (r (q e) (B (l j C ad (u v (D y aa y x (ad (h (g (ab y j (p (e c w (E (F s (x v ac (v (n n d k g h h j l k v o e z m b n p a k ad w w m a a ac aa)) w t o l l j d i g f k a G z) w H ad ab c aa aa l))))))))))))))))))
o ac x (y v b w (l (x ad) l aa aa) (l (x ad) l aa aa) (l (x ad) l aa aa) (l (x ad) l aa aa) (l (x ad) l aa aa) (k k (y a (e f c y e i))) v p (y g r x q (x ac q f l ac q))) (w l v k (ad r q (A m n aa s o (x (ac i (r (q e) (B (l j C ad (u v (D y aa y x (ad (h (g (ab y j (p (e c w (E (F s (x v ac (v (n n d k g h h j l k v o e z m b n p a k ad w w m a a ac aa)) w t o l l j d i g f k a G z) w H ad ab c aa aa l))))))))))))))))))
o ac x (z i ad (aa (a (b g p w g a) u m)) w (l (x ad) l aa aa) (l (x ad) l aa aa) (l (x ad) l aa aa) (l (x ad) l aa aa) (l (x ad) l aa aa) (k k (y a (e f c y e i))) v p (y g r x q (x ac q f l ac q))) (w l v k (ad r q (A m n aa s o (x (ac i (r (q e) (B (l j C ad (u v (D y aa y x (ad (h (g (ab y j (p (e c w (E (F s (x v ac (v (n n d k g h h j l k v o e z m b n p a k ad w w m a a ac aa)) w t o l l j d i g f k a G z) w H ad ab c aa aa l))))))))))))))))))
o ac x (y v b w (l (x ad) l aa aa) (l (x ad) l aa aa) (l (x ad) l aa aa) (l (x ad) l aa aa) (l (x ad) l aa aa) (l (x ad) l aa aa) (k k (y a (e f c y e i))) v p (y g r x q (x ac q f l ac q))) (w l v k (ad r q (A m n aa s o (x (ac i (r (q e) (B (l j C ad (u v (D y aa y x (ad (h (g (ab y j (p (e c w (E (F s (x v ac (v (n n d k g h h j l k v o e z m b n p a k ad w w m a a ac aa)) w t o l l j d i g f k a G z) w H ad ab c aa aa l))))))))))))))))))
o ac x (z i ad (aa (a (b g p w g a) u m)) w (l (x ad) l aa aa) (l (x ad) l aa aa) (l (x ad) l aa aa) (l (x ad) l aa aa) (l (x ad) l aa aa) (l (x ad) l aa aa) (k k (y a (e f c y e i))) v p (y g r x q (x ac q f l ac q))) (w l v k (ad r q (A m n aa s o (x (ac i (r (q e) (B (l j C ad (u v (D y aa y x (ad (h (g (ab y j (p (e c w (E (F s (x v ac (v (n n d k g h h j l k v o e z m b n p a k ad w w m a a ac aa)) w t o l l j d i g f k a G z) w H ad ab c aa aa l))))))))))))))))))
o ac x (y v b w (l (x ad) l aa aa) (l (x ad) l aa aa) (l (x ad) l aa aa) (l (x ad) l aa aa) (l (x ad) l aa aa) (l (x ad) l aa aa) (l (x ad) l aa aa) (k k (y a (e f c y e i))) v p (y g r x q (x ac q f l ac q))) (w l v k (ad r q (A m n aa s o (x (ac i (r (q e) (B (l j C ad (u v (D y aa y x (ad (h (g (ab y j (p (e c w (E (F s (x v ac (v (n n d k g h h j l k v o e z m b n p a k ad w w m a a ac aa)) w t o l l j d i g f k a G z) w H ad ab c aa aa l))))))))))))))))))
o ac x (z i ad (aa (a (b g p w g a) u m)) w (l (x ad) l aa aa) (l (x ad) l aa aa) (l (x ad) l aa aa) (l (x ad) l aa aa) (l (x ad) l aa aa) (l (x ad) l aa aa) (l (x ad) l aa aa) (k k (y a (e f c y e i))) v p (y g r x q (x ac q f l ac q))) (w l v k (ad r q (A m n aa s o (x (ac i (r (q e) (B (l j C ad (u v (D y aa y x (ad (h (g (ab y j (p (e c w (E (F s (x v ac (v (n n d k g h h j l k v o e z m b n p a k ad w w m a a ac aa)) w t o l l j d i g f k a G z) w H ad ab c aa aa l))))))))))))))))))
o ac x (y v b w (l (x ad) l aa aa) (l (x ad) l aa aa) (l (x ad) l aa aa) (l (x ad) l aa aa) (l (x ad) l aa aa) (l (x ad) l aa aa) (l (x ad) l aa aa) (l (x ad) l aa aa) (k k (y a (e f c y e i))) v p (y g r x q (x ac q f l ac q))) (w l v k (ad r q (A m n aa s o (x (ac i (r (q e) (B (l j C ad (u v (D y aa y x (ad (h (g (ab y j (p (e c w (E (F s (x v ac (v (n n d k g h h j l k v o e z m b n p a k ad w w m a a ac aa)) w t o l l j d i g f k a G z) w H ad ab c aa aa l))))))))))))))))))
o ac x (z i ad (aa (a (b g p w g a) u m)) w (l (x ad) l aa aa) (l (x ad) l aa aa) (l (x ad) l aa aa) (l (x ad) l aa aa) (l (x ad) l aa aa) (l (x ad) l aa aa) (l (x ad) l aa aa) (l (x ad) l aa aa) (k k (y a (e f c y e i))) v p (y g r x q (x ac q f l ac q))) (w l v k (ad r q (A m n aa s o (x (ac i (r (q e) (B (l j C ad (u v (D y aa y x (ad (h (g (ab y j (p (e c w (E (F s (x v ac (v (n n d k g h h j l k v o e z m b n p a k ad w w m a a ac aa)) w t o l l j d i g f k a G z) w H ad ab c aa aa l))))))))))))))))))
o ac x (y v b w (l (x ad) l aa aa) (l (x ad) l aa aa) (l (x ad) l aa aa) (l (x ad) l aa aa) (l (x ad) l aa aa) (l (x ad) l aa aa) (l (x ad) l aa aa) (l (x ad) l aa aa) (l (x ad) l aa aa) (k k (y a (e f c y e i))) v p (y g r x q (x ac q f l ac q))) (w l v k (ad r q (A m n aa s o (x (ac i (r (q e) (B (l j C ad (u v (D y aa y x (ad (h (g (ab y j (p (e c w (E (F s (x v ac (v (n n d k g h h j l k v o e z m b n p a k ad w w m a a ac aa)) w t o l l j d i g f k a G z) w H ad ab c aa aa l))))))))))))))))))
o ac x (z i ad (aa (a (b g p w g a) u m)) w (l (x ad) l aa aa) (l (x ad) l aa aa) (l (x ad) l aa aa) (l (x ad) l aa aa) (l (x ad) l aa aa) (l (x ad) l aa aa) (l (x ad) l aa aa) (l (x ad) l aa aa) (l (x ad) l aa aa) (k k (y a (e f c y e i))) v p (y g r x q (x ac q f l ac q))) (w l v k (ad r q (A m n aa s o (x (ac i (r (q e) (B (l j C ad (u v (D y aa y x (ad (h (g (ab y j (p (e c w (E (F s (x v ac (v (n n d k g h h j l k v o e z m b n p a k ad w w m a a ac aa)) w t o l l j d i g f k a G z) w H ad ab c aa aa l))))))))))))))))))
o ac x (y v b w (l (x ad) l aa aa) (l (x ad) l aa aa) (l (x ad) l aa aa) (l (x ad) l aa aa) (l (x ad) l aa aa) (l (x ad) l aa aa) (l (x ad) l aa aa) (l (x ad) l aa aa) (l (x ad) l aa aa) (l (x ad) l aa aa) (k k (y a (e f c y e i))) v p (y g r x q (x ac q f l ac q))) (w l v k (ad r q (A m n aa s o (x (ac i (r (q e) (B (l j C ad (u v (D y aa y x (ad (h (g (ab y j (p (e c w (E (F s (x v ac (v (n n d k g h h j l k v o e z m b n p a k ad w w m a a ac aa)) w t o l l j d i g f k a G z) w H ad ab c aa aa l))))))))))))))))))
o ac x (z i ad (aa (a (b g p w g a) u m)) w (l (x ad) l aa aa) (l (x ad) l aa aa) (l (x ad) l aa aa) (l (x ad) l aa aa) (l (x ad) l aa aa) (l (x ad) l aa aa) (l (x ad) l aa aa) (l (x ad) l aa aa) (l (x ad) l aa aa) (l (x ad) l aa aa) (k k (y a (e f c y e i))) v p (y g r x q (x ac q f l ac q))) (w l v k (ad r q (A m n aa s o (x (ac i (r (q e) (B (l j C ad (u v (D y aa y x (ad (h (g (ab y j (p (e c w (E (F s (x v ac (v (n n d k g h h j l k v o e z m b n p a k ad w w m a a ac aa)) w t o l l j d i g f k a G z) w H ad ab c aa aa l))))))))))))))))))
o ac x (y v b w (l (x ad) l aa aa) (l (x ad) l aa aa) (l (x ad) l aa aa) (l (x ad) l aa aa) (l (x ad) l aa aa) (l (x ad) l aa aa) (l (x ad) l aa aa) (l (x ad) l aa aa) (l (x ad) l aa aa) (l (x ad) l aa aa) (l (x ad) l aa aa) (k k (y a (e f c y e i))) v p (y g r x q (x ac q f l ac q))) (w l v k (ad r q (A m n aa s o (x (ac i (r (q e) (B (l j C ad (u v (D y aa y x (ad (h (g (ab y j (p (e c w (E (F s (x v ac (v (n n d k g h h j l k v o e z m b n p a k ad w w m a a ac aa)) w t o l l j d i g f k a G z) w H ad ab c aa aa l))))))))))))))))))
o ac x (z i ad (aa (a (b g p w g a) u m)) w (l (x ad) l aa aa) (l (x ad) l aa aa) (l (x ad) l aa aa) (l (x ad) l aa aa) (l (x ad) l aa aa) (l (x ad) l aa aa) (l (x ad) l aa aa) (l (x ad) l aa aa) (l (x ad) l aa aa) (l (x ad) l aa aa) (l (x ad) l aa aa) (k k (y a (e f c y e i))) v p (y g r x q (x ac q f l ac q))) (w l v k (ad r q (A m n aa s o (x (ac i (r (q e) (B (l j C ad (u v (D y aa y x (ad (h (g (ab y j (p (e c w (E (F s (x v ac (v (n n d k g h h j l k v o e z m b n p a k ad w w m a a ac aa)) w t o l l j d i g f k a G z) w H ad ab c aa aa l))))))))))))))))))
o ac x (y v b w (l (x ad) l aa aa) (l (x ad) l aa aa) (l (x ad) l aa aa) (l (x ad) l aa aa) (l (x ad) l aa aa) (l (x ad) l aa aa) (l (x ad) l aa aa) (l (x ad) l aa aa) (l (x ad) l aa aa) (l (x ad) l aa aa) (l (x ad) l aa aa) (l (x ad) l aa aa) (k k (y a (e f c y e i))) v p (y g r x q (x ac q f l ac q))) (w l v k (ad r q (A m n aa s o (x (ac i (r (q e) (B (l j C ad (u v (D y aa y x (ad (h (g (ab y j (p (e c w (E (F s (x v ac (v (n n d k g h h j l k v o e z m b n p a k ad w w m a a ac aa)) w t o l l j d i g f k a G z) w H ad ab c aa aa l))))))))))))))))))
o ac x (z i ad (aa (a (b g p w g a) u m)) w (l (x ad) l aa aa) (l (x ad) l aa aa) (l (x ad) l aa aa) (l (x ad) l aa aa) (l (x ad) l aa aa) (l (x ad) l aa aa) (l (x ad) l aa aa) (l (x ad) l aa aa) (l (x ad) l aa aa) (l (x ad) l aa aa) (l (x ad) l aa aa) (l (x ad) l aa aa) (k k (y a (e f c y e i))) v p (y g r x q (x ac q f l ac q))) (w l v k (ad r q (A m n aa s o (x (ac i (r (q e) (B (l j C ad (u v (D y aa y x (ad (h (g (ab y j (p (e c w (E (F s (x v ac (v (n n d k g h h j l k v o e z m b n p a k ad w w m a a ac aa)) w t o l l j d i g f k a G z) w H ad ab c aa aa l))))))))))))))))))
o ac x (y v b w (l (x ad) l aa aa) (l (x ad) l aa aa) (l (x ad) l aa aa) (l (x ad) l aa aa) (l (x ad) l aa aa) (l (x ad) l aa aa) (l (x ad) l aa aa) (l (x ad) l aa aa) (l (x ad) l aa aa) (l (x ad) l aa aa) (l (x ad) l aa aa) (l (x ad) l aa aa) (l (x ad) l aa aa) (k k (y a (e f c y e i))) v p (y g r x q (x ac q f l ac q))) (w l v k (ad r q (A m n aa s o (x (ac i (r (q e) (B (l j C ad (u v (D y aa y x (ad (h (g (ab y j (p (e c w (E (F s (x v ac (v (n n d k g h h j l k v o e z m b n p a k ad w w m a a ac aa)) w t o l l j d i g f k a G z) w H ad ab c aa aa l))))))))))))))))))


