a ag ah af ae ag l o aa y
b ah af ag ae ah l n l ae ab e
c ah ag af ae ai ac t k z d
d ae i i x k z (ad r y)
e ag af ae ai ah d x (r d ae r y u)
f ag af ae ah d r y ag
g af ae af (ad aa ac) i
h ae l
i ae c ab d ae
j af ae ae t y
k ag ai ae ah af l r m
l ag ae af af c x
m aj af ag ai ae ah i q r ad z ai r ab e aj
n aj ah ag af ai ae t u l af
o ae af k aa
p ae af ae d g x af z
q ag ah af ae i l w x n j u k h z
r n y
s ab (w r e n k z ab)
t af ae ag ac af ae l (c ae e ac y)
u af ae ag af g g h ac ag h
v ae e g k
w ag af ae ah a (af aa) (j ad i ag) h j ah
x af ae ag r (f q l) j
y ae aa r aa h
z ae af ab ad n w
aa ae ah af ai ag j (l s)
ab ae g q (l n ae)
ac ae ah af ag aa ag o n d z
ad ae aa m j ae (ae r s)
main u (w k A b e z u i B o (v w f t p) s s h (C l d (l a D l ac (b b m) s (E (ab f) h h F) G s (H (d c) x (c f (I u) c aa g) (t d d (k t (J K i g l ac (p aa u (f (ac (j (ac u ad (L M (ac x h f (c (h s o e h x f m)) N u v m g r O r) i) d g m x l) b)))))))))))
------------------------------------------------------------
u (w k A b e z u i B o (v w f t p) s s h (C l d (l a D l ac (b b m) s (E (ab f) h h F) G s (H (d c) x (c f (I u) c aa g) (t d d (k t (J K i g l ac (p aa u (f (ac (j (ac u ad (L M (ac x h f (c (h s o e h x f m)) N u v m g r O r) i) d g m x l) b)))))))))))
u (a (A aa) (j ad i k) h j e z u i B o (v w f t p) s s h (C l d (l a D l ac (b b m) s (E (ab f) h h F) G s (H (d c) x (c f (I u) c aa g) (t d d (k t (J K i g l ac (p aa u (f (ac (j (ac u ad (L M (ac x h f (c (h s o e h x f m)) N u v m g r O r) i) d g m x l) b)))))))))))
u (A aa l o aa y e z u i B o (v w f t p) s s h (C l d (l a D l ac (b b m) s (E (ab f) h h F) G s (H (d c) x (c f (I u) c aa g) (t d d (k t (J K i g l ac (p aa u (f (ac (j (ac u ad (L M (ac x h f (c (h s o e h x f m)) N u v m g r O r) i) d g m x l) b)))))))))))
u (A aa l o aa y e z u i B o (e g k f t p) s s h (C l d (l a D l ac (b b m) s (E (ab f) h h F) G s (H (d c) x (c f (I u) c aa g) (t d d (k t (J K i g l ac (p aa u (f (ac (j (ac u ad (L M (ac x h f (c (h s o e h x f m)) N u v m g r O r) i) d g m x l) b)))))))))))
u (A aa l o aa y e z u i B o (d x (r d f r y u)) s s h (C l d (l a D l ac (b b m) s (E (ab f) h h F) G s (H (d c) x (c f (I u) c aa g) (t d d (k t (J K i g l ac (p aa u (f (ac (j (ac u ad (L M (ac x h f (c (h s o e h x f m)) N u v m g r O r) i) d g m x l) b)))))))))))
u (A aa l o aa y e z u i B o (i i x k z (ad r y) (r d f r y u)) s s h (C l d (l a D l ac (b b m) s (E (ab f) h h F) G s (H (d c) x (c f (I u) c aa g) (t d d (k t (J K i g l ac (p aa u (f (ac (j (ac u ad (L M (ac x h f (c (h s o e h x f m)) N u v m g r O r) i) d g m x l) b)))))))))))
u (A aa l o aa y e z u i B o (c ab d i x k z (ad r y) (r d f r y u)) s s h (C l d (l a D l ac (b b m) s (E (ab f) h h F) G s (H (d c) x (c f (I u) c aa g) (t d d (k t (J K i g l ac (p aa u (f (ac (j (ac u ad (L M (ac x h f (c (h s o e h x f m)) N u v m g r O r) i) d g m x l) b)))))))))))
u (A aa l o aa y e z u i B o (ac t k z d z (ad r y) (r d f r y u)) s s h (C l d (l a D l ac (b b m) s (E (ab f) h h F) G s (H (d c) x (c f (I u) c aa g) (t d d (k t (J K i g l ac (p aa u (f (ac (j (ac u ad (L M (ac x h f (c (h s o e h x f m)) N u v m g r O r) i) d g m x l) b)))))))))))
u (A aa l o aa y e z u i B o (aa d o n d z z (ad r y) (r d f r y u)) s s h (C l d (l a D l ac (b b m) s (E (ab f) h h F) G s (H (d c) x (c f (I u) c aa g) (t d d (k t (J K i g l ac (p aa u (f (ac (j (ac u ad (L M (ac x h f (c (h s o e h x f m)) N u v m g r O r) i) d g m x l) b)))))))))))
u (A aa l o aa y e z u i B o (j (l s) z (ad r y) (r d f r y u)) s s h (C l d (l a D l ac (b b m) s (E (ab f) h h F) G s (H (d c) x (c f (I u) c aa g) (t d d (k t (J K i g l ac (p aa u (f (ac (j (ac u ad (L M (ac x h f (c (h s o e h x f m)) N u v m g r O r) i) d g m x l) b)))))))))))
u (A aa l o aa y e z u i B o (z t y (ad r y) (r d f r y u)) s s h (C l d (l a D l ac (b b m) s (E (ab f) h h F) G s (H (d c) x (c f (I u) c aa g) (t d d (k t (J K i g l ac (p aa u (f (ac (j (ac u ad (L M (ac x h f (c (h s o e h x f m)) N u v m g r O r) i) d g m x l) b)))))))))))
u (A aa l o aa y e z u i B o (ab ad n w (ad r y) (r d f r y u)) s s h (C l d (l a D l ac (b b m) s (E (ab f) h h F) G s (H (d c) x (c f (I u) c aa g) (t d d (k t (J K i g l ac (p aa u (f (ac (j (ac u ad (L M (ac x h f (c (h s o e h x f m)) N u v m g r O r) i) d g m x l) b)))))))))))
u (A aa l o aa y e z u i B o (g q (l n ad) n w (ad r y) (r d f r y u)) s s h (C l d (l a D l ac (b b m) s (E (ab f) h h F) G s (H (d c) x (c f (I u) c aa g) (t d d (k t (J K i g l ac (p aa u (f (ac (j (ac u ad (L M (ac x h f (c (h s o e h x f m)) N u v m g r O r) i) d g m x l) b)))))))))))
u (A aa l o aa y e z u i B o (q (ad aa ac) i n w (ad r y) (r d f r y u)) s s h (C l d (l a D l ac (b b m) s (E (ab f) h h F) G s (H (d c) x (c f (I u) c aa g) (t d d (k t (J K i g l ac (p aa u (f (ac (j (ac u ad (L M (ac x h f (c (h s o e h x f m)) N u v m g r O r) i) d g m x l) b)))))))))))
u (A aa l o aa y e z u i B o (i l w x n j u k h z (ad r y) (r d f r y u)) s s h (C l d (l a D l ac (b b m) s (E (ab f) h h F) G s (H (d c) x (c f (I u) c aa g) (t d d (k t (J K i g l ac (p aa u (f (ac (j (ac u ad (L M (ac x h f (c (h s o e h x f m)) N u v m g r O r) i) d g m x l) b)))))))))))
u (A aa l o aa y e z u i B o (c ab d l w x n j u k h z (ad r y) (r d f r y u)) s s h (C l d (l a D l ac (b b m) s (E (ab f) h h F) G s (H (d c) x (c f (I u) c aa g) (t d d (k t (J K i g l ac (p aa u (f (ac (j (ac u ad (L M (ac x h f (c (h s o e h x f m)) N u v m g r O r) i) d g m x l) b)))))))))))
u (A aa l o aa y e z u i B o (ac t k z d n j u k h z (ad r y) (r d f r y u)) s s h (C l d (l a D l ac (b b m) s (E (ab f) h h F) G s (H (d c) x (c f (I u) c aa g) (t d d (k t (J K i g l ac (p aa u (f (ac (j (ac u ad (L M (ac x h f (c (h s o e h x f m)) N u v m g r O r) i) d g m x l) b)))))))))))
u (A aa l o aa y e z u i B o (aa d o n d z n j u k h z (ad r y) (r d f r y u)) s s h (C l d (l a D l ac (b b m) s (E (ab f) h h F) G s (H (d c) x (c f (I u) c aa g) (t d d (k t (J K i g l ac (p aa u (f (ac (j (ac u ad (L M (ac x h f (c (h s o e h x f m)) N u v m g r O r) i) d g m x l) b)))))))))))
u (A aa l o aa y e z u i B o (j (l s) n j u k h z (ad r y) (r d f r y u)) s s h (C l d (l a D l ac (b b m) s (E (ab f) h h F) G s (H (d c) x (c f (I u) c aa g) (t d d (k t (J K i g l ac (p aa u (f (ac (j (ac u ad (L M (ac x h f (c (h s o e h x f m)) N u v m g r O r) i) d g m x l) b)))))))))))
u (A aa l o aa y e z u i B o (n t y j u k h z (ad r y) (r d f r y u)) s s h (C l d (l a D l ac (b b m) s (E (ab f) h h F) G s (H (d c) x (c f (I u) c aa g) (t d d (k t (J K i g l ac (p aa u (f (ac (j (ac u ad (L M (ac x h f (c (h s o e h x f m)) N u v m g r O r) i) d g m x l) b)))))))))))
u (A aa l o aa y e z u i B o (t u l u z (ad r y) (r d f r y u)) s s h (C l d (l a D l ac (b b m) s (E (ab f) h h F) G s (H (d c) x (c f (I u) c aa g) (t d d (k t (J K i g l ac (p aa u (f (ac (j (ac u ad (L M (ac x h f (c (h s o e h x f m)) N u v m g r O r) i) d g m x l) b)))))))))))
u (A aa l o aa y e z u i B o (ac u l l (c l e ac y) z (ad r y) (r d f r y u)) s s h (C l d (l a D l ac (b b m) s (E (ab f) h h F) G s (H (d c) x (c f (I u) c aa g) (t d d (k t (J K i g l ac (p aa u (f (ac (j (ac u ad (L M (ac x h f (c (h s o e h x f m)) N u v m g r O r) i) d g m x l) b)))))))))))
u (A aa l o aa y e z u i B o (aa (c l e ac y) o n d z z (ad r y) (r d f r y u)) s s h (C l d (l a D l ac (b b m) s (E (ab f) h h F) G s (H (d c) x (c f (I u) c aa g) (t d d (k t (J K i g l ac (p aa u (f (ac (j (ac u ad (L M (ac x h f (c (h s o e h x f m)) N u v m g r O r) i) d g m x l) b)))))))))))
u (A aa l o aa y e z u i B o (j (l s) z (ad r y) (r d f r y u)) s s h (C l d (l a D l ac (b b m) s (E (ab f) h h F) G s (H (d c) x (c f (I u) c aa g) (t d d (k t (J K i g l ac (p aa u (f (ac (j (ac u ad (L M (ac x h f (c (h s o e h x f m)) N u v m g r O r) i) d g m x l) b)))))))))))
u (A aa l o aa y e z u i B o (z t y (ad r y) (r d f r y u)) s s h (C l d (l a D l ac (b b m) s (E (ab f) h h F) G s (H (d c) x (c f (I u) c aa g) (t d d (k t (J K i g l ac (p aa u (f (ac (j (ac u ad (L M (ac x h f (c (h s o e h x f m)) N u v m g r O r) i) d g m x l) b)))))))))))
u (A aa l o aa y e z u i B o (ab ad n w (ad r y) (r d f r y u)) s s h (C l d (l a D l ac (b b m) s (E (ab f) h h F) G s (H (d c) x (c f (I u) c aa g) (t d d (k t (J K i g l ac (p aa u (f (ac (j (ac u ad (L M (ac x h f (c (h s o e h x f m)) N u v m g r O r) i) d g m x l) b)))))))))))
u (A aa l o aa y e z u i B o (g q (l n ad) n w (ad r y) (r d f r y u)) s s h (C l d (l a D l ac (b b m) s (E (ab f) h h F) G s (H (d c) x (c f (I u) c aa g) (t d d (k t (J K i g l ac (p aa u (f (ac (j (ac u ad (L M (ac x h f (c (h s o e h x f m)) N u v m g r O r) i) d g m x l) b)))))))))))
u (A aa l o aa y e z u i B o (q (ad aa ac) i n w (ad r y) (r d f r y u)) s s h (C l d (l a D l ac (b b m) s (E (ab f) h h F) G s (H (d c) x (c f (I u) c aa g) (t d d (k t (J K i g l ac (p aa u (f (ac (j (ac u ad (L M (ac x h f (c (h s o e h x f m)) N u v m g r O r) i) d g m x l) b)))))))))))
u (A aa l o aa y e z u i B o (i l w x n j u k h z (ad r y) (r d f r y u)) s s h (C l d (l a D l ac (b b m) s (E (ab f) h h F) G s (H (d c) x (c f (I u) c aa g) (t d d (k t (J K i g l ac (p aa u (f (ac (j (ac u ad (L M (ac x h f (c (h s o e h x f m)) N u v m g r O r) i) d g m x l) b)))))))))))
u (A aa l o aa y e z u i B o (c ab d l w x n j u k h z (ad r y) (r d f r y u)) s s h (C l d (l a D l ac (b b m) s (E (ab f) h h F) G s (H (d c) x (c f (I u) c aa g) (t d d (k t (J K i g l ac (p aa u (f (ac (j (ac u ad (L M (ac x h f (c (h s o e h x f m)) N u v m g r O r) i) d g m x l) b)))))))))))


