a ai ag ah ae af l l c z j (g (p (x ah o x w y)))
b ae af n (g z q j (k x i ae))
c ae ai ag aj af ah h ac g ah ad d m
d ag ae af h (e s e (o c b i))
e ai ah ag af ae a (ac (ac (j ac (d g l ac o aa y p v h))))
f p ad (o a y (n i (v (s e z r s x h l))))
g ae z r (e ad m aa n)
h ae q a (x (aa r b ab v g n ab))
i ah ag af ai ae m (b k d (aa ad l d (x y r aa z g l h ah c)))
j af ag ae v x (w e f (i q g x h l p))
k ah af ae ag s a (t ac w (x (l w x u q z j w o) m) x)
l ae ah af ag p
m ag ae ai ah af aj u r o aa (aa i ab)
n g y e g (o (o i p ad (z c aa p f m)))
o af ae ag ai ah aj y v aa (c q y d r y (x h n q u f c))
p ae n (b o h (w z) w c v r l m)
q ae ah ag af ai m (b p (ad (i (a a (v p p o ae h o o d w)))))
r x (ac t k ab ab)
s ae af ag ah t ah (j j (t ae a j c ac g))
t ae h i i d y f ae x (ac (r ae l s u))
u ag ae af s x g af
v ae ag af ai ah o (ac c s x d (j (z m aa z a i j i w)))
w ae g (f a q f) ae d m b g e
x ae t s (ad (v ae d aa j g n n z ae w w))
y ae af q i (ac g w (c (b l (q d (x x u m) s t v t))))
z af ae ac d a (j aa) t (v y v (ac (p p n q a y ad)))
aa ae g h t (d ad (t (e (q t y z k h t f b m r))))
ab z e z (g l)
ac af ae q (p (n (d (d ad v z u i d ae l))))
ad ae af y z (q (ac d c e b v h s s c m q))
main m A (b (m x ac j u (c B (a j (l v r (d a s b (s C (d (i ac) l h m D (s E (ab (s p (c q n d a (m w (l (F r G (c l t (ad (o r q (n w g g (r (y (k t (H (m ac ab y) I l ab aa n n i r J o K d z x q e b aa m L M N o n n O w j d) y p ac t aa s l))))))))))))))))))))))
------------------------------------------------------------
m A (b (m x ac j u (c B (a j (l v r (d a s b (s C (d (i ac) l h m D (s E (ab (s p (c q n d a (m w (l (F r G (c l t (ad (o r q (n w g g (r (y (k t (H (m ac ab y) I l ab aa n n i r J o K d z x q e b aa m L M N o n n O w j d) y p ac t aa s l))))))))))))))))))))))
m A (b (m x ac j u (c B (a j (l v r (h (e s e (o c b i)) (s C (d (i ac) l h m D (s E (ab (s p (c q n d a (m w (l (F r G (c l t (ad (o r q (n w g g (r (y (k t (H (m ac ab y) I l ab aa n n i r J o K d z x q e b aa m L M N o n n O w j d) y p ac t aa s l))))))))))))))))))))))
m A (b (m x ac j u (c B (a j (l v r (q a (x (aa r b ab v g n ab)) (s C (d (i ac) l h m D (s E (ab (s p (c q n d a (m w (l (F r G (c l t (ad (o r q (n w g g (r (y (k t (H (m ac ab y) I l ab aa n n i r J o K d z x q e b aa m L M N o n n O w j d) y p ac t aa s l))))))))))))))))))))))
m A (b (m x ac j u (c B (a j (l v r (q a (t s (ad (v (aa r b ab v g n ab) d aa j g n n z (aa r b ab v g n ab) w w))) (s C (d (i ac) l h m D (s E (ab (s p (c q n d a (m w (l (F r G (c l t (ad (o r q (n w g g (r (y (k t (H (m ac ab y) I l ab aa n n i r J o K d z x q e b aa m L M N o n n O w j d) y p ac t aa s l))))))))))))))))))))))
m A (b (m x ac j u (c B (a j (l v r (q a (h i i d y f s x (ac (r s l s u)) (ad (v (aa r b ab v g n ab) d aa j g n n z (aa r b ab v g n ab) w w))) (s C (d (i ac) l h m D (s E (ab (s p (c q n d a (m w (l (F r G (c l t (ad (o r q (n w g g (r (y (k t (H (m ac ab y) I l ab aa n n i r J o K d z x q e b aa m L M N o n n O w j d) y p ac t aa s l))))))))))))))))))))))
m A (b (m x ac j u (c B (a j (l v r (q a (q a (x (aa r b ab v g n ab)) i d y f s x (ac (r s l s u)) (ad (v (aa r b ab v g n ab) d aa j g n n z (aa r b ab v g n ab) w w))) (s C (d (i ac) l h m D (s E (ab (s p (c q n d a (m w (l (F r G (c l t (ad (o r q (n w g g (r (y (k t (H (m ac ab y) I l ab aa n n i r J o K d z x q e b aa m L M N o n n O w j d) y p ac t aa s l))))))))))))))))))))))
m A (b (m x ac j u (c B (a j (l v r (q a (m (b p (ad (i (a a (v p p o a h o o d w))))) f s x (ac (r s l s u)) (ad (v (aa r b ab v g n ab) d aa j g n n z (aa r b ab v g n ab) w w))) (s C (d (i ac) l h m D (s E (ab (s p (c q n d a (m w (l (F r G (c l t (ad (o r q (n w g g (r (y (k t (H (m ac ab y) I l ab aa n n i r J o K d z x q e b aa m L M N o n n O w j d) y p ac t aa s l))))))))))))))))))))))
m A (b (m x ac j u (c B (a j (l v r (q a (u r o aa (aa i ab)) (s C (d (i ac) l h m D (s E (ab (s p (c q n d a (m w (l (F r G (c l t (ad (o r q (n w g g (r (y (k t (H (m ac ab y) I l ab aa n n i r J o K d z x q e b aa m L M N o n n O w j d) y p ac t aa s l))))))))))))))))))))))
m A (b (m x ac j u (c B (a j (l v r (q a (s x g aa (aa i ab)) (s C (d (i ac) l h m D (s E (ab (s p (c q n d a (m w (l (F r G (c l t (ad (o r q (n w g g (r (y (k t (H (m ac ab y) I l ab aa n n i r J o K d z x q e b aa m L M N o n n O w j d) y p ac t aa s l))))))))))))))))))))))
m A (b (m x ac j u (c B (a j (l v r (q a (t (aa i ab) (j j (t x a j c ac g))) (s C (d (i ac) l h m D (s E (ab (s p (c q n d a (m w (l (F r G (c l t (ad (o r q (n w g g (r (y (k t (H (m ac ab y) I l ab aa n n i r J o K d z x q e b aa m L M N o n n O w j d) y p ac t aa s l))))))))))))))))))))))
m A (b (m x ac j u (c B (a j (l v r (q a (h i i d y f (aa i ab) x (ac (r (aa i ab) l s u)) (j j (t x a j c ac g))) (s C (d (i ac) l h m D (s E (ab (s p (c q n d a (m w (l (F r G (c l t (ad (o r q (n w g g (r (y (k t (H (m ac ab y) I l ab aa n n i r J o K d z x q e b aa m L M N o n n O w j d) y p ac t aa s l))))))))))))))))))))))
m A (b (m x ac j u (c B (a j (l v r (q a (q a (x (aa r b ab v g n ab)) i d y f (aa i ab) x (ac (r (aa i ab) l s u)) (j j (t x a j c ac g))) (s C (d (i ac) l h m D (s E (ab (s p (c q n d a (m w (l (F r G (c l t (ad (o r q (n w g g (r (y (k t (H (m ac ab y) I l ab aa n n i r J o K d z x q e b aa m L M N o n n O w j d) y p ac t aa s l))))))))))))))))))))))
m A (b (m x ac j u (c B (a j (l v r (q a (m (b p (ad (i (a a (v p p o a h o o d w))))) f (aa i ab) x (ac (r (aa i ab) l s u)) (j j (t x a j c ac g))) (s C (d (i ac) l h m D (s E (ab (s p (c q n d a (m w (l (F r G (c l t (ad (o r q (n w g g (r (y (k t (H (m ac ab y) I l ab aa n n i r J o K d z x q e b aa m L M N o n n O w j d) y p ac t aa s l))))))))))))))))))))))
m A (b (m x ac j u (c B (a j (l v r (q a (u r o aa (aa i ab)) (s C (d (i ac) l h m D (s E (ab (s p (c q n d a (m w (l (F r G (c l t (ad (o r q (n w g g (r (y (k t (H (m ac ab y) I l ab aa n n i r J o K d z x q e b aa m L M N o n n O w j d) y p ac t aa s l))))))))))))))))))))))
m A (b (m x ac j u (c B (a j (l v r (q a (s x g aa (aa i ab)) (s C (d (i ac) l h m D (s E (ab (s p (c q n d a (m w (l (F r G (c l t (ad (o r q (n w g g (r (y (k t (H (m ac ab y) I l ab aa n n i r J o K d z x q e b aa m L M N o n n O w j d) y p ac t aa s l))))))))))))))))))))))
m A (b (m x ac j u (c B (a j (l v r (q a (t (aa i ab) (j j (t x a j c ac g))) (s C (d (i ac) l h m D (s E (ab (s p (c q n d a (m w (l (F r G (c l t (ad (o r q (n w g g (r (y (k t (H (m ac ab y) I l ab aa n n i r J o K d z x q e b aa m L M N o n n O w j d) y p ac t aa s l))))))))))))))))))))))
m A (b (m x ac j u (c B (a j (l v r (q a (h i i d y f (aa i ab) x (ac (r (aa i ab) l s u)) (j j (t x a j c ac g))) (s C (d (i ac) l h m D (s E (ab (s p (c q n d a (m w (l (F r G (c l t (ad (o r q (n w g g (r (y (k t (H (m ac ab y) I l ab aa n n i r J o K d z x q e b aa m L M N o n n O w j d) y p ac t aa s l))))))))))))))))))))))
m A (b (m x ac j u (c B (a j (l v r (q a (q a (x (aa r b ab v g n ab)) i d y f (aa i ab) x (ac (r (aa i ab) l s u)) (j j (t x a j c ac g))) (s C (d (i ac) l h m D (s E (ab (s p (c q n d a (m w (l (F r G (c l t (ad (o r q (n w g g (r (y (k t (H (m ac ab y) I l ab aa n n i r J o K d z x q e b aa m L M N o n n O w j d) y p ac t aa s l))))))))))))))))))))))
m A (b (m x ac j u (c B (a j (l v r (q a (m (b p (ad (i (a a (v p p o a h o o d w))))) f (aa i ab) x (ac (r (aa i ab) l s u)) (j j (t x a j c ac g))) (s C (d (i ac) l h m D (s E (ab (s p (c q n d a (m w (l (F r G (c l t (ad (o r q (n w g g (r (y (k t (H (m ac ab y) I l ab aa n n i r J o K d z x q e b aa m L M N o n n O w j d) y p ac t aa s l))))))))))))))))))))))
m A (b (m x ac j u (c B (a j (l v r (q a (u r o aa (aa i ab)) (s C (d (i ac) l h m D (s E (ab (s p (c q n d a (m w (l (F r G (c l t (ad (o r q (n w g g (r (y (k t (H (m ac ab y) I l ab aa n n i r J o K d z x q e b aa m L M N o n n O w j d) y p ac t aa s l))))))))))))))))))))))
m A (b (m x ac j u (c B (a j (l v r (q a (s x g aa (aa i ab)) (s C (d (i ac) l h m D (s E (ab (s p (c q n d a (m w (l (F r G (c l t (ad (o r q (n w g g (r (y (k t (H (m ac ab y) I l ab aa n n i r J o K d z x q e b aa m L M N o n n O w j d) y p ac t aa s l))))))))))))))))))))))
m A (b (m x ac j u (c B (a j (l v r (q a (t (aa i ab) (j j (t x a j c ac g))) (s C (d (i ac) l h m D (s E (ab (s p (c q n d a (m w (l (F r G (c l t (ad (o r q (n w g g (r (y (k t (H (m ac ab y) I l ab aa n n i r J o K d z x q e b aa m L M N o n n O w j d) y p ac t aa s l))))))))))))))))))))))
m A (b (m x ac j u (c B (a j (l v r (q a (h i i d y f (aa i ab) x (ac (r (aa i ab) l s u)) (j j (t x a j c ac g))) (s C (d (i ac) l h m D (s E (ab (s p (c q n d a (m w (l (F r G (c l t (ad (o r q (n w g g (r (y (k t (H (m ac ab y) I l ab aa n n i r J o K d z x q e b aa m L M N o n n O w j d) y p ac t aa s l))))))))))))))))))))))
m A (b (m x ac j u (c B (a j (l v r (q a (q a (x (aa r b ab v g n ab)) i d y f (aa i ab) x (ac (r (aa i ab) l s u)) (j j (t x a j c ac g))) (s C (d (i ac) l h m D (s E (ab (s p (c q n d a (m w (l (F r G (c l t (ad (o r q (n w g g (r (y (k t (H (m ac ab y) I l ab aa n n i r J o K d z x q e b aa m L M N o n n O w j d) y p ac t aa s l))))))))))))))))))))))
m A (b (m x ac j u (c B (a j (l v r (q a (m (b p (ad (i (a a (v p p o a h o o d w))))) f (aa i ab) x (ac (r (aa i ab) l s u)) (j j (t x a j c ac g))) (s C (d (i ac) l h m D (s E (ab (s p (c q n d a (m w (l (F r G (c l t (ad (o r q (n w g g (r (y (k t (H (m ac ab y) I l ab aa n n i r J o K d z x q e b aa m L M N o n n O w j d) y p ac t aa s l))))))))))))))))))))))
m A (b (m x ac j u (c B (a j (l v r (q a (u r o aa (aa i ab)) (s C (d (i ac) l h m D (s E (ab (s p (c q n d a (m w (l (F r G (c l t (ad (o r q (n w g g (r (y (k t (H (m ac ab y) I l ab aa n n i r J o K d z x q e b aa m L M N o n n O w j d) y p ac t aa s l))))))))))))))))))))))
m A (b (m x ac j u (c B (a j (l v r (q a (s x g aa (aa i ab)) (s C (d (i ac) l h m D (s E (ab (s p (c q n d a (m w (l (F r G (c l t (ad (o r q (n w g g (r (y (k t (H (m ac ab y) I l ab aa n n i r J o K d z x q e b aa m L M N o n n O w j d) y p ac t aa s l))))))))))))))))))))))
m A (b (m x ac j u (c B (a j (l v r (q a (t (aa i ab) (j j (t x a j c ac g))) (s C (d (i ac) l h m D (s E (ab (s p (c q n d a (m w (l (F r G (c l t (ad (o r q (n w g g (r (y (k t (H (m ac ab y) I l ab aa n n i r J o K d z x q e b aa m L M N o n n O w j d) y p ac t aa s l))))))))))))))))))))))
m A (b (m x ac j u (c B (a j (l v r (q a (h i i d y f (aa i ab) x (ac (r (aa i ab) l s u)) (j j (t x a j c ac g))) (s C (d (i ac) l h m D (s E (ab (s p (c q n d a (m w (l (F r G (c l t (ad (o r q (n w g g (r (y (k t (H (m ac ab y) I l ab aa n n i r J o K d z x q e b aa m L M N o n n O w j d) y p ac t aa s l))))))))))))))))))))))
m A (b (m x ac j u (c B (a j (l v r (q a (q a (x (aa r b ab v g n ab)) i d y f (aa i ab) x (ac (r (aa i ab) l s u)) (j j (t x a j c ac g))) (s C (d (i ac) l h m D (s E (ab (s p (c q n d a (m w (l (F r G (c l t (ad (o r q (n w g g (r (y (k t (H (m ac ab y) I l ab aa n n i r J o K d z x q e b aa m L M N o n n O w j d) y p ac t aa s l))))))))))))))))))))))


