a ae ah af ag = m (e (u u (c m j c p o m r h k) w))
b ag af ae = o (ab g a f (aa h (t c p ab v f p)))
c ae = l z h ad b q x (r (k l q m) y)
d = n ad ad (s (i g y n))
e = u m (l (l (o v (o ac m q b p) r x)))
f ag ae af ah = y ah (t (ab d i (e (g h p g) aa) ab ab j o))
g = v (v (e (aa i (b j j ad e e l) p)))
h = m v m ad c i v b
i ae af ag = p z (ad m f u (u e m b))
j ae = v ab (p k q l b)
k ae af ah ag = p (ag u (g (af (j y r ad y i aa j s))))
l = y z (c s (u t r h t z) q)
m ai ag ah ae af aj = ah (t (f (aa c (i (v ad z o ac g e d ad y w n)))))
n ae af ag aj ai ah = t y (s (ai h a f g ad ah))
o af ah ae ag = x e (a t ae ab b h)
p ag af ah ae ai aj = a (a (h d (a (f o ab j (n g ad d o s x)))))
q ae = s (s v u (e (c x (ae ab m h o y m z z z d))))
r ae = ae (b s i h)
s ah af ae ag = h (y (ad (l d k (t (x z j aa y v z)))))
t ah ae ag af = d (o (aa h f z c k ag))
u = w (w ac t m (i m) f w)
v = i w (e h (e (e (d d s s c ab m t c))))
w ae = e o s (c (m i h h c))
x = ad f y (u (l g (b (y d p v f d p) p o)))
y af ag ae = g e (s (v (d j) a z ad u))
z ai ae af ah ag = m (d aa ah (g l v m ae c))
aa ah ae af ag = d b (d z v b c e g g x i c)
ab ae ag af ai ah = h (u (q (m t (n j i (b t y ad h c b m u h)))))
ac ag ah ai af ae = b (ae c n b u z a)
ad ae af ai ag ah = u (g (k z (r ab ab c ac) s ac q g v f c c d))
main = g (o (g (e p (v y v (l (aa m (A (n j (B (o C (ab (D y u b (E F p j (c s (r l z w f h (j (u (s (r (j G (f e (g aa (g (H p g (ad (aa o m n) r h k g v w v s) g aa z I c b n x J) a a ad h z q K y)) aa L M N ad) w ac v x r b ac x f) u b x ab m b ad m)))))))))))))))))))
------------------------------------------------------------
g (o (g (e p (v y v (l (aa m (A (n j (B (o C (ab (D y u b (E F p j (c s (r l z w f h (j (u (s (r (j G (f e (g aa (g (H p g (ad (aa o m n) r h k g v w v s) g aa z I c b n x J) a a ad h z q K y)) aa L M N ad) w ac v x r b ac x f) u b x ab m b ad m)))))))))))))))))))
v (v (e (aa i (b j j ad e e l) p))) (o (g (e p (v y v (l (aa m (A (n j (B (o C (ab (D y u b (E F p j (c s (r l z w f h (j (u (s (r (j G (f e (g aa (g (H p g (ad (aa o m n) r h k g v w v s) g aa z I c b n x J) a a ad h z q K y)) aa L M N ad) w ac v x r b ac x f) u b x ab m b ad m)))))))))))))))))))
i w (e h (e (e (d d s s c ab m t c)))) (v (e (aa i (b j j ad e e l) p))) (o (g (e p (v y v (l (aa m (A (n j (B (o C (ab (D y u b (E F p j (c s (r l z w f h (j (u (s (r (j G (f e (g aa (g (H p g (ad (aa o m n) r h k g v w v s) g aa z I c b n x J) a a ad h z q K y)) aa L M N ad) w ac v x r b ac x f) u b x ab m b ad m)))))))))))))))))))
p z (ad m f u (u e m b)) (o (g (e p (v y v (l (aa m (A (n j (B (o C (ab (D y u b (E F p j (c s (r l z w f h (j (u (s (r (j G (f e (g aa (g (H p g (ad (aa o m n) r h k g v w v s) g aa z I c b n x J) a a ad h z q K y)) aa L M N ad) w ac v x r b ac x f) u b x ab m b ad m)))))))))))))))))))
p z (ad m f u (w (w ac t m (i m) f w) e m b)) (o (g (e p (v y v (l (aa m (A (n j (B (o C (ab (D y u b (E F p j (c s (r l z w f h (j (u (s (r (j G (f e (g aa (g (H p g (ad (aa o m n) r h k g v w v s) g aa z I c b n x J) a a ad h z q K y)) aa L M N ad) w ac v x r b ac x f) u b x ab m b ad m)))))))))))))))))))
p z (ad m f u (e o s (c (m i h h c)) e m b)) (o (g (e p (v y v (l (aa m (A (n j (B (o C (ab (D y u b (E F p j (c s (r l z w f h (j (u (s (r (j G (f e (g aa (g (H p g (ad (aa o m n) r h k g v w v s) g aa z I c b n x J) a a ad h z q K y)) aa L M N ad) w ac v x r b ac x f) u b x ab m b ad m)))))))))))))))))))
p z (ad m f u (u m (l (l (o v (o ac m q b p) r x))) o s (c (m i h h c)) e m b)) (o (g (e p (v y v (l (aa m (A (n j (B (o C (ab (D y u b (E F p j (c s (r l z w f h (j (u (s (r (j G (f e (g aa (g (H p g (ad (aa o m n) r h k g v w v s) g aa z I c b n x J) a a ad h z q K y)) aa L M N ad) w ac v x r b ac x f) u b x ab m b ad m)))))))))))))))))))
p z (ad m f u (w (w ac t m (i m) f w) m (l (l (o v (o ac m q b p) r x))) o s (c (m i h h c)) e m b)) (o (g (e p (v y v (l (aa m (A (n j (B (o C (ab (D y u b (E F p j (c s (r l z w f h (j (u (s (r (j G (f e (g aa (g (H p g (ad (aa o m n) r h k g v w v s) g aa z I c b n x J) a a ad h z q K y)) aa L M N ad) w ac v x r b ac x f) u b x ab m b ad m)))))))))))))))))))
p z (ad m f u (e o s (c (m i h h c)) m (l (l (o v (o ac m q b p) r x))) o s (c (m i h h c)) e m b)) (o (g (e p (v y v (l (aa m (A (n j (B (o C (ab (D y u b (E F p j (c s (r l z w f h (j (u (s (r (j G (f e (g aa (g (H p g (ad (aa o m n) r h k g v w v s) g aa z I c b n x J) a a ad h z q K y)) aa L M N ad) w ac v x r b ac x f) u b x ab m b ad m)))))))))))))))))))
p z (ad m f u (u m (l (l (o v (o ac m q b p) r x))) o s (c (m i h h c)) m (l (l (o v (o ac m q b p) r x))) o s (c (m i h h c)) e m b)) (o (g (e p (v y v (l (aa m (A (n j (B (o C (ab (D y u b (E F p j (c s (r l z w f h (j (u (s (r (j G (f e (g aa (g (H p g (ad (aa o m n) r h k g v w v s) g aa z I c b n x J) a a ad h z q K y)) aa L M N ad) w ac v x r b ac x f) u b x ab m b ad m)))))))))))))))))))
p z (ad m f u (w (w ac t m (i m) f w) m (l (l (o v (o ac m q b p) r x))) o s (c (m i h h c)) m (l (l (o v (o ac m q b p) r x))) o s (c (m i h h c)) e m b)) (o (g (e p (v y v (l (aa m (A (n j (B (o C (ab (D y u b (E F p j (c s (r l z w f h (j (u (s (r (j G (f e (g aa (g (H p g (ad (aa o m n) r h k g v w v s) g aa z I c b n x J) a a ad h z q K y)) aa L M N ad) w ac v x r b ac x f) u b x ab m b ad m)))))))))))))))))))
p z (ad m f u (e o s (c (m i h h c)) m (l (l (o v (o ac m q b p) r x))) o s (c (m i h h c)) m (l (l (o v (o ac m q b p) r x))) o s (c (m i h h c)) e m b)) (o (g (e p (v y v (l (aa m (A (n j (B (o C (ab (D y u b (E F p j (c s (r l z w f h (j (u (s (r (j G (f e (g aa (g (H p g (ad (aa o m n) r h k g v w v s) g aa z I c b n x J) a a ad h z q K y)) aa L M N ad) w ac v x r b ac x f) u b x ab m b ad m)))))))))))))))))))
p z (ad m f u (u m (l (l (o v (o ac m q b p) r x))) o s (c (m i h h c)) m (l (l (o v (o ac m q b p) r x))) o s (c (m i h h c)) m (l (l (o v (o ac m q b p) r x))) o s (c (m i h h c)) e m b)) (o (g (e p (v y v (l (aa m (A (n j (B (o C (ab (D y u b (E F p j (c s (r l z w f h (j (u (s (r (j G (f e (g aa (g (H p g (ad (aa o m n) r h k g v w v s) g aa z I c b n x J) a a ad h z q K y)) aa L M N ad) w ac v x r b ac x f) u b x ab m b ad m)))))))))))))))))))
p z (ad m f u (w (w ac t m (i m) f w) m (l (l (o v (o ac m q b p) r x))) o s (c (m i h h c)) m (l (l (o v (o ac m q b p) r x))) o s (c (m i h h c)) m (l (l (o v (o ac m q b p) r x))) o s (c (m i h h c)) e m b)) (o (g (e p (v y v (l (aa m (A (n j (B (o C (ab (D y u b (E F p j (c s (r l z w f h (j (u (s (r (j G (f e (g aa (g (H p g (ad (aa o m n) r h k g v w v s) g aa z I c b n x J) a a ad h z q K y)) aa L M N ad) w ac v x r b ac x f) u b x ab m b ad m)))))))))))))))))))
p z (ad m f u (e o s (c (m i h h c)) m (l (l (o v (o ac m q b p) r x))) o s (c (m i h h c)) m (l (l (o v (o ac m q b p) r x))) o s (c (m i h h c)) m (l (l (o v (o ac m q b p) r x))) o s (c (m i h h c)) e m b)) (o (g (e p (v y v (l (aa m (A (n j (B (o C (ab (D y u b (E F p j (c s (r l z w f h (j (u (s (r (j G (f e (g aa (g (H p g (ad (aa o m n) r h k g v w v s) g aa z I c b n x J) a a ad h z q K y)) aa L M N ad) w ac v x r b ac x f) u b x ab m b ad m)))))))))))))))))))
p z (ad m f u (u m (l (l (o v (o ac m q b p) r x))) o s (c (m i h h c)) m (l (l (o v (o ac m q b p) r x))) o s (c (m i h h c)) m (l (l (o v (o ac m q b p) r x))) o s (c (m i h h c)) m (l (l (o v (o ac m q b p) r x))) o s (c (m i h h c)) e m b)) (o (g (e p (v y v (l (aa m (A (n j (B (o C (ab (D y u b (E F p j (c s (r l z w f h (j (u (s (r (j G (f e (g aa (g (H p g (ad (aa o m n) r h k g v w v s) g aa z I c b n x J) a a ad h z q K y)) aa L M N ad) w ac v x r b ac x f) u b x ab m b ad m)))))))))))))))))))
p z (ad m f u (w (w ac t m (i m) f w) m (l (l (o v (o ac m q b p) r x))) o s (c (m i h h c)) m (l (l (o v (o ac m q b p) r x))) o s (c (m i h h c)) m (l (l (o v (o ac m q b p) r x))) o s (c (m i h h c)) m (l (l (o v (o ac m q b p) r x))) o s (c (m i h h c)) e m b)) (o (g (e p (v y v (l (aa m (A (n j (B (o C (ab (D y u b (E F p j (c s (r l z w f h (j (u (s (r (j G (f e (g aa (g (H p g (ad (aa o m n) r h k g v w v s) g aa z I c b n x J) a a ad h z q K y)) aa L M N ad) w ac v x r b ac x f) u b x ab m b ad m)))))))))))))))))))
p z (ad m f u (e o s (c (m i h h c)) m (l (l (o v (o ac m q b p) r x))) o s (c (m i h h c)) m (l (l (o v (o ac m q b p) r x))) o s (c (m i h h c)) m (l (l (o v (o ac m q b p) r x))) o s (c (m i h h c)) m (l (l (o v (o ac m q b p) r x))) o s (c (m i h h c)) e m b)) (o (g (e p (v y v (l (aa m (A (n j (B (o C (ab (D y u b (E F p j (c s (r l z w f h (j (u (s (r (j G (f e (g aa (g (H p g (ad (aa o m n) r h k g v w v s) g aa z I c b n x J) a a ad h z q K y)) aa L M N ad) w ac v x r b ac x f) u b x ab m b ad m)))))))))))))))))))
p z (ad m f u (u m (l (l (o v (o ac m q b p) r x))) o s (c (m i h h c)) m (l (l (o v (o ac m q b p) r x))) o s (c (m i h h c)) m (l (l (o v (o ac m q b p) r x))) o s (c (m i h h c)) m (l (l (o v (o ac m q b p) r x))) o s (c (m i h h c)) m (l (l (o v (o ac m q b p) r x))) o s (c (m i h h c)) e m b)) (o (g (e p (v y v (l (aa m (A (n j (B (o C (ab (D y u b (E F p j (c s (r l z w f h (j (u (s (r (j G (f e (g aa (g (H p g (ad (aa o m n) r h k g v w v s) g aa z I c b n x J) a a ad h z q K y)) aa L M N ad) w ac v x r b ac x f) u b x ab m b ad m)))))))))))))))))))
p z (ad m f u (w (w ac t m (i m) f w) m (l (l (o v (o ac m q b p) r x))) o s (c (m i h h c)) m (l (l (o v (o ac m q b p) r x))) o s (c (m i h h c)) m (l (l (o v (o ac m q b p) r x))) o s (c (m i h h c)) m (l (l (o v (o ac m q b p) r x))) o s (c (m i h h c)) m (l (l (o v (o ac m q b p) r x))) o s (c (m i h h c)) e m b)) (o (g (e p (v y v (l (aa m (A (n j (B (o C (ab (D y u b (E F p j (c s (r l z w f h (j (u (s (r (j G (f e (g aa (g (H p g (ad (aa o m n) r h k g v w v s) g aa z I c b n x J) a a ad h z q K y)) aa L M N ad) w ac v x r b ac x f) u b x ab m b ad m)))))))))))))))))))
p z (ad m f u (e o s (c (m i h h c)) m (l (l (o v (o ac m q b p) r x))) o s (c (m i h h c)) m (l (l (o v (o ac m q b p) r x))) o s (c (m i h h c)) m (l (l (o v (o ac m q b p) r x))) o s (c (m i h h c)) m (l (l (o v (o ac m q b p) r x))) o s (c (m i h h c)) m (l (l (o v (o ac m q b p) r x))) o s (c (m i h h c)) e m b)) (o (g (e p (v y v (l (aa m (A (n j (B (o C (ab (D y u b (E F p j (c s (r l z w f h (j (u (s (r (j G (f e (g aa (g (H p g (ad (aa o m n) r h k g v w v s) g aa z I c b n x J) a a ad h z q K y)) aa L M N ad) w ac v x r b ac x f) u b x ab m b ad m)))))))))))))))))))
p z (ad m f u (u m (l (l (o v (o ac m q b p) r x))) o s (c (m i h h c)) m (l (l (o v (o ac m q b p) r x))) o s (c (m i h h c)) m (l (l (o v (o ac m q b p) r x))) o s (c (m i h h c)) m (l (l (o v (o ac m q b p) r x))) o s (c (m i h h c)) m (l (l (o v (o ac m q b p) r x))) o s (c (m i h h c)) m (l (l (o v (o ac m q b p) r x))) o s (c (m i h h c)) e m b)) (o (g (e p (v y v (l (aa m (A (n j (B (o C (ab (D y u b (E F p j (c s (r l z w f h (j (u (s (r (j G (f e (g aa (g (H p g (ad (aa o m n) r h k g v w v s) g aa z I c b n x J) a a ad h z q K y)) aa L M N ad) w ac v x r b ac x f) u b x ab m b ad m)))))))))))))))))))
p z (ad m f u (w (w ac t m (i m) f w) m (l (l (o v (o ac m q b p) r x))) o s (c (m i h h c)) m (l (l (o v (o ac m q b p) r x))) o s (c (m i h h c)) m (l (l (o v (o ac m q b p) r x))) o s (c (m i h h c)) m (l (l (o v (o ac m q b p) r x))) o s (c (m i h h c)) m (l (l (o v (o ac m q b p) r x))) o s (c (m i h h c)) m (l (l (o v (o ac m q b p) r x))) o s (c (m i h h c)) e m b)) (o (g (e p (v y v (l (aa m (A (n j (B (o C (ab (D y u b (E F p j (c s (r l z w f h (j (u (s (r (j G (f e (g aa (g (H p g (ad (aa o m n) r h k g v w v s) g aa z I c b n x J) a a ad h z q K y)) aa L M N ad) w ac v x r b ac x f) u b x ab m b ad m)))))))))))))))))))
p z (ad m f u (e o s (c (m i h h c)) m (l (l (o v (o ac m q b p) r x))) o s (c (m i h h c)) m (l (l (o v (o ac m q b p) r x))) o s (c (m i h h c)) m (l (l (o v (o ac m q b p) r x))) o s (c (m i h h c)) m (l (l (o v (o ac m q b p) r x))) o s (c (m i h h c)) m (l (l (o v (o ac m q b p) r x))) o s (c (m i h h c)) m (l (l (o v (o ac m q b p) r x))) o s (c (m i h h c)) e m b)) (o (g (e p (v y v (l (aa m (A (n j (B (o C (ab (D y u b (E F p j (c s (r l z w f h (j (u (s (r (j G (f e (g aa (g (H p g (ad (aa o m n) r h k g v w v s) g aa z I c b n x J) a a ad h z q K y)) aa L M N ad) w ac v x r b ac x f) u b x ab m b ad m)))))))))))))))))))
p z (ad m f u (u m (l (l (o v (o ac m q b p) r x))) o s (c (m i h h c)) m (l (l (o v (o ac m q b p) r x))) o s (c (m i h h c)) m (l (l (o v (o ac m q b p) r x))) o s (c (m i h h c)) m (l (l (o v (o ac m q b p) r x))) o s (c (m i h h c)) m (l (l (o v (o ac m q b p) r x))) o s (c (m i h h c)) m (l (l (o v (o ac m q b p) r x))) o s (c (m i h h c)) m (l (l (o v (o ac m q b p) r x))) o s (c (m i h h c)) e m b)) (o (g (e p (v y v (l (aa m (A (n j (B (o C (ab (D y u b (E F p j (c s (r l z w f h (j (u (s (r (j G (f e (g aa (g (H p g (ad (aa o m n) r h k g v w v s) g aa z I c b n x J) a a ad h z q K y)) aa L M N ad) w ac v x r b ac x f) u b x ab m b ad m)))))))))))))))))))
p z (ad m f u (w (w ac t m (i m) f w) m (l (l (o v (o ac m q b p) r x))) o s (c (m i h h c)) m (l (l (o v (o ac m q b p) r x))) o s (c (m i h h c)) m (l (l (o v (o ac m q b p) r x))) o s (c (m i h h c)) m (l (l (o v (o ac m q b p) r x))) o s (c (m i h h c)) m (l (l (o v (o ac m q b p) r x))) o s (c (m i h h c)) m (l (l (o v (o ac m q b p) r x))) o s (c (m i h h c)) m (l (l (o v (o ac m q b p) r x))) o s (c (m i h h c)) e m b)) (o (g (e p (v y v (l (aa m (A (n j (B (o C (ab (D y u b (E F p j (c s (r l z w f h (j (u (s (r (j G (f e (g aa (g (H p g (ad (aa o m n) r h k g v w v s) g aa z I c b n x J) a a ad h z q K y)) aa L M N ad) w ac v x r b ac x f) u b x ab m b ad m)))))))))))))))))))
p z (ad m f u (e o s (c (m i h h c)) m (l (l (o v (o ac m q b p) r x))) o s (c (m i h h c)) m (l (l (o v (o ac m q b p) r x))) o s (c (m i h h c)) m (l (l (o v (o ac m q b p) r x))) o s (c (m i h h c)) m (l (l (o v (o ac m q b p) r x))) o s (c (m i h h c)) m (l (l (o v (o ac m q b p) r x))) o s (c (m i h h c)) m (l (l (o v (o ac m q b p) r x))) o s (c (m i h h c)) m (l (l (o v (o ac m q b p) r x))) o s (c (m i h h c)) e m b)) (o (g (e p (v y v (l (aa m (A (n j (B (o C (ab (D y u b (E F p j (c s (r l z w f h (j (u (s (r (j G (f e (g aa (g (H p g (ad (aa o m n) r h k g v w v s) g aa z I c b n x J) a a ad h z q K y)) aa L M N ad) w ac v x r b ac x f) u b x ab m b ad m)))))))))))))))))))
p z (ad m f u (u m (l (l (o v (o ac m q b p) r x))) o s (c (m i h h c)) m (l (l (o v (o ac m q b p) r x))) o s (c (m i h h c)) m (l (l (o v (o ac m q b p) r x))) o s (c (m i h h c)) m (l (l (o v (o ac m q b p) r x))) o s (c (m i h h c)) m (l (l (o v (o ac m q b p) r x))) o s (c (m i h h c)) m (l (l (o v (o ac m q b p) r x))) o s (c (m i h h c)) m (l (l (o v (o ac m q b p) r x))) o s (c (m i h h c)) m (l (l (o v (o ac m q b p) r x))) o s (c (m i h h c)) e m b)) (o (g (e p (v y v (l (aa m (A (n j (B (o C (ab (D y u b (E F p j (c s (r l z w f h (j (u (s (r (j G (f e (g aa (g (H p g (ad (aa o m n) r h k g v w v s) g aa z I c b n x J) a a ad h z q K y)) aa L M N ad) w ac v x r b ac x f) u b x ab m b ad m)))))))))))))))))))
p z (ad m f u (w (w ac t m (i m) f w) m (l (l (o v (o ac m q b p) r x))) o s (c (m i h h c)) m (l (l (o v (o ac m q b p) r x))) o s (c (m i h h c)) m (l (l (o v (o ac m q b p) r x))) o s (c (m i h h c)) m (l (l (o v (o ac m q b p) r x))) o s (c (m i h h c)) m (l (l (o v (o ac m q b p) r x))) o s (c (m i h h c)) m (l (l (o v (o ac m q b p) r x))) o s (c (m i h h c)) m (l (l (o v (o ac m q b p) r x))) o s (c (m i h h c)) m (l (l (o v (o ac m q b p) r x))) o s (c (m i h h c)) e m b)) (o (g (e p (v y v (l (aa m (A (n j (B (o C (ab (D y u b (E F p j (c s (r l z w f h (j (u (s (r (j G (f e (g aa (g (H p g (ad (aa o m n) r h k g v w v s) g aa z I c b n x J) a a ad h z q K y)) aa L M N ad) w ac v x r b ac x f) u b x ab m b ad m)))))))))))))))))))
p z (ad m f u (e o s (c (m i h h c)) m (l (l (o v (o ac m q b p) r x))) o s (c (m i h h c)) m (l (l (o v (o ac m q b p) r x))) o s (c (m i h h c)) m (l (l (o v (o ac m q b p) r x))) o s (c (m i h h c)) m (l (l (o v (o ac m q b p) r x))) o s (c (m i h h c)) m (l (l (o v (o ac m q b p) r x))) o s (c (m i h h c)) m (l (l (o v (o ac m q b p) r x))) o s (c (m i h h c)) m (l (l (o v (o ac m q b p) r x))) o s (c (m i h h c)) m (l (l (o v (o ac m q b p) r x))) o s (c (m i h h c)) e m b)) (o (g (e p (v y v (l (aa m (A (n j (B (o C (ab (D y u b (E F p j (c s (r l z w f h (j (u (s (r (j G (f e (g aa (g (H p g (ad (aa o m n) r h k g v w v s) g aa z I c b n x J) a a ad h z q K y)) aa L M N ad) w ac v x r b ac x f) u b x ab m b ad m)))))))))))))))))))


