a ah ag ae aj af ai u (e (c (h x q l m)))
b ag ae af ah aj ai g o g (i u (c ab s ad ac x aa i))
c af ae ag l x (a p (m q t (o x a (s r ad a i))))
d ae x (m e) m v z (ab m p)
e ae i (n q) (ab (ae c b i a) c m p i ac i)
f ae ah ai ag aj af aa o k e aj ac aa aj (b x j)
g ae w p (r (w (ac aa ae) (x a i j v n e)))
h aj ae af ai ah ag t x ad (aa (l (d ac t (m y a b f) ac) b))
i ae ag af x n m (j x (ag u ae (x (j m w ae k ad r ab m))))
j af ae g t i
k ag af ah ae ai g m (ai a (h ac z m e r r q ag))
l ag ah ai ae af aj x (w ab c v a (e x) j c)
m ai ae ag af ah aj v (ah x s p z s x (g (s h w r w z af)))
n ae r (j a (ae (y s ac (i ad l w ae b f d a k))))
o ah ag aj af ae ai f ah (t p b m c z v aa)
p af ae ah ag ai af (u (i b o z) (g n e y (t ae g x e v aa r)))
q ah ag aj ae af ai m (r (m l (j z b g r)))
r ae af ag ah s (v e (g y o) z c ah x)
s af ae ah ag h (c u (e (aa (v z i x o) j ad i u)))
t ag af ae ag (e (ag (x (y (l (j ad u ab j c k e s) p o aa)))))
u af ae ag ab s p (af (f (t h h) m k g e e q e))
v ae ah af ag p (ac (q o (n af (z g ah h c g r af aa l))))
w l v ab (aa (r e (t (y ac ad l y j b r r b))))
x af ae c (ac (b q m e z ad d t k))
y af ae ag ag (a (v h a k e b))
z ag ae aj ai af ah u (ad (s (p (a q a o g ac f aa ac w))))
aa af ae ah ai ag p (k v (q (u (g x d ac v d) b h g j ad f c)))
ab ag af ae ac (p k k k (t (k ae z (u r) g n w) ae))
ac ah ae af ag d (b (a k ab (n (m (y (b aa d aa m s e o aa c))))))
ad af ae ag ab j (g w r s t g i v j j s z x)
main q u (A s ac ad m (c o (i a u (r (ab c (t m g (B (ac aa (C c a (D (E (aa aa F o (v (l G H (ad c (y d ab o i x h (p (l I (J (z (K (L s M r q e m (w (o ab) t f ab j w h t N g O) P z r Q t t e ac k g h R l w d c k t S w h c ab x x ac r) s i) ac h))))))))))))))))))))
------------------------------------------------------------
q u (A s ac ad m (c o (i a u (r (ab c (t m g (B (ac aa (C c a (D (E (aa aa F o (v (l G H (ad c (y d ab o i x h (p (l I (J (z (K (L s M r q e m (w (o ab) t f ab j w h t N g O) P z r Q t t e ac k g h R l w d c k t S w h c ab x x ac r) s i) ac h))))))))))))))))))))
q u (A s ac ad m (c o (x n m (j x (u u a (x (j m w a k ad r ab m)))))))
q u (A s ac ad m (c o (c (ac (b q m e z ad d t k)) (j x (u u a (x (j m w a k ad r ab m)))))))
q u (A s ac ad m (c o (c (ac (g o g (i u (c ab s ad ac x aa i)) t k)) (j x (u u a (x (j m w a k ad r ab m)))))))
q u (A s ac ad m (c o (c (ac (w p (r (w (ac aa o) (x a i j v n e))) g (i u (c ab s ad ac x aa i)) t k)) (j x (u u a (x (j m w a k ad r ab m)))))))
q u (A s ac ad m (c o (c (ac (l v ab (aa (r e (t (y ac ad l y j b r r b)))) p (r (w (ac aa o) (x a i j v n e))) g (i u (c ab s ad ac x aa i)) t k)) (j x (u u a (x (j m w a k ad r ab m)))))))
q u (A s ac ad m (c o (c (ac (x (w ab c v a (e x) j c) (i u (c ab s ad ac x aa i)) t k)) (j x (u u a (x (j m w a k ad r ab m)))))))
q u (A s ac ad m (c o (c (ac (c (ac (b q m e z ad d t k)) t k)) (j x (u u a (x (j m w a k ad r ab m)))))))
q u (A s ac ad m (c o (c (ac (l x (a p (m q t (o x a (s r ad a i)))))) (j x (u u a (x (j m w a k ad r ab m)))))))
q u (A s ac ad m (c o (c (ac (l x (a p (m q t (o x a (h (c u (e (aa (v z i x o) j ad i u))))))))) (j x (u u a (x (j m w a k ad r ab m)))))))
q u (A s ac ad m (c o (c (ac (l x (a p (m q t (o x a (h (c u (i (n q) (ab (aa (v z i x o) j ad i u c b i a) c m p i ac i))))))))) (j x (u u a (x (j m w a k ad r ab m)))))))
q u (A s ac ad m (c o (c (ac (l x (a p (m q t (o x a (h (c u (i (r (j a (q (y s ac (i ad l w q b f d a k))))) (ab (aa (v z i x o) j ad i u c b i a) c m p i ac i))))))))) (j x (u u a (x (j m w a k ad r ab m)))))))
q u (A s ac ad m (c o (c (ac (l x (a p (m q t (o x a (h (c u (i (r (g t i)) (ab (aa (v z i x o) j ad i u c b i a) c m p i ac i))))))))) (j x (u u a (x (j m w a k ad r ab m)))))))
q u (A s ac ad m (c o (c (ac (l x (a p (m q t (o x a (h (c u (i (r (w p (r (w (ac aa t) (x a i j v n e))) i)) (ab (aa (v z i x o) j ad i u c b i a) c m p i ac i))))))))) (j x (u u a (x (j m w a k ad r ab m)))))))
q u (A s ac ad m (c o (c (ac (l x (a p (m q t (o x a (h (c u (i (r (l v ab (aa (r e (t (y ac ad l y j b r r b)))) p (r (w (ac aa t) (x a i j v n e))) i)) (ab (aa (v z i x o) j ad i u c b i a) c m p i ac i))))))))) (j x (u u a (x (j m w a k ad r ab m)))))))
q u (A s ac ad m (c o (c (ac (l x (a p (m q t (o x a (h (c u (i (r (x (w ab c v a (e x) j c))) (ab (aa (v z i x o) j ad i u c b i a) c m p i ac i))))))))) (j x (u u a (x (j m w a k ad r ab m)))))))
q u (A s ac ad m (c o (c (ac (l x (a p (m q t (o x a (h (c u (i (r (x (l v ab (aa (r e (t (y ac ad l y j b r r b)))) ab c v a (e x) j c))) (ab (aa (v z i x o) j ad i u c b i a) c m p i ac i))))))))) (j x (u u a (x (j m w a k ad r ab m)))))))
q u (A s ac ad m (c o (c (ac (l x (a p (m q t (o x a (h (c u (i (r (x (x (w ab c v a (e x) j c) a (e x) j c))) (ab (aa (v z i x o) j ad i u c b i a) c m p i ac i))))))))) (j x (u u a (x (j m w a k ad r ab m)))))))
q u (A s ac ad m (c o (c (ac (l x (a p (m q t (o x a (h (c u (i (r (x (c (ac (b q m e z ad d t k)) (e x) j c))) (ab (aa (v z i x o) j ad i u c b i a) c m p i ac i))))))))) (j x (u u a (x (j m w a k ad r ab m)))))))
q u (A s ac ad m (c o (c (ac (l x (a p (m q t (o x a (h (c u (i (r (x (l x (a p (m q t (o x a (s r ad a i)))) c))) (ab (aa (v z i x o) j ad i u c b i a) c m p i ac i))))))))) (j x (u u a (x (j m w a k ad r ab m)))))))
q u (A s ac ad m (c o (c (ac (l x (a p (m q t (o x a (h (c u (i (r (x (l x (a p (m q t (o x a (h (c u (e (aa (v z i x o) j ad i u))))))) c))) (ab (aa (v z i x o) j ad i u c b i a) c m p i ac i))))))))) (j x (u u a (x (j m w a k ad r ab m)))))))
q u (A s ac ad m (c o (c (ac (l x (a p (m q t (o x a (h (c u (i (r (x (l x (a p (m q t (o x a (h (c u (i (n q) (ab (aa (v z i x o) j ad i u c b i a) c m p i ac i))))))) c))) (ab (aa (v z i x o) j ad i u c b i a) c m p i ac i))))))))) (j x (u u a (x (j m w a k ad r ab m)))))))
q u (A s ac ad m (c o (c (ac (l x (a p (m q t (o x a (h (c u (i (r (x (l x (a p (m q t (o x a (h (c u (i (r (j a (q (y s ac (i ad l w q b f d a k))))) (ab (aa (v z i x o) j ad i u c b i a) c m p i ac i))))))) c))) (ab (aa (v z i x o) j ad i u c b i a) c m p i ac i))))))))) (j x (u u a (x (j m w a k ad r ab m)))))))
q u (A s ac ad m (c o (c (ac (l x (a p (m q t (o x a (h (c u (i (r (x (l x (a p (m q t (o x a (h (c u (i (r (g t i)) (ab (aa (v z i x o) j ad i u c b i a) c m p i ac i))))))) c))) (ab (aa (v z i x o) j ad i u c b i a) c m p i ac i))))))))) (j x (u u a (x (j m w a k ad r ab m)))))))
q u (A s ac ad m (c o (c (ac (l x (a p (m q t (o x a (h (c u (i (r (x (l x (a p (m q t (o x a (h (c u (i (r (w p (r (w (ac aa t) (x a i j v n e))) i)) (ab (aa (v z i x o) j ad i u c b i a) c m p i ac i))))))) c))) (ab (aa (v z i x o) j ad i u c b i a) c m p i ac i))))))))) (j x (u u a (x (j m w a k ad r ab m)))))))
q u (A s ac ad m (c o (c (ac (l x (a p (m q t (o x a (h (c u (i (r (x (l x (a p (m q t (o x a (h (c u (i (r (l v ab (aa (r e (t (y ac ad l y j b r r b)))) p (r (w (ac aa t) (x a i j v n e))) i)) (ab (aa (v z i x o) j ad i u c b i a) c m p i ac i))))))) c))) (ab (aa (v z i x o) j ad i u c b i a) c m p i ac i))))))))) (j x (u u a (x (j m w a k ad r ab m)))))))
q u (A s ac ad m (c o (c (ac (l x (a p (m q t (o x a (h (c u (i (r (x (l x (a p (m q t (o x a (h (c u (i (r (x (w ab c v a (e x) j c))) (ab (aa (v z i x o) j ad i u c b i a) c m p i ac i))))))) c))) (ab (aa (v z i x o) j ad i u c b i a) c m p i ac i))))))))) (j x (u u a (x (j m w a k ad r ab m)))))))
q u (A s ac ad m (c o (c (ac (l x (a p (m q t (o x a (h (c u (i (r (x (l x (a p (m q t (o x a (h (c u (i (r (x (l v ab (aa (r e (t (y ac ad l y j b r r b)))) ab c v a (e x) j c))) (ab (aa (v z i x o) j ad i u c b i a) c m p i ac i))))))) c))) (ab (aa (v z i x o) j ad i u c b i a) c m p i ac i))))))))) (j x (u u a (x (j m w a k ad r ab m)))))))
q u (A s ac ad m (c o (c (ac (l x (a p (m q t (o x a (h (c u (i (r (x (l x (a p (m q t (o x a (h (c u (i (r (x (x (w ab c v a (e x) j c) a (e x) j c))) (ab (aa (v z i x o) j ad i u c b i a) c m p i ac i))))))) c))) (ab (aa (v z i x o) j ad i u c b i a) c m p i ac i))))))))) (j x (u u a (x (j m w a k ad r ab m)))))))
q u (A s ac ad m (c o (c (ac (l x (a p (m q t (o x a (h (c u (i (r (x (l x (a p (m q t (o x a (h (c u (i (r (x (c (ac (b q m e z ad d t k)) (e x) j c))) (ab (aa (v z i x o) j ad i u c b i a) c m p i ac i))))))) c))) (ab (aa (v z i x o) j ad i u c b i a) c m p i ac i))))))))) (j x (u u a (x (j m w a k ad r ab m)))))))


