a h h n ab (l b r z e k) m
b x i (p (g h (k (d y o n ad q t a m ab))))
c af ae ag d d s (q ag (b k i p k n l))
d g (w f s l (z k (a u v e aa)))
e af ae ag ah ah (a aa u q v)
f t (i (w (ad m b h i t s p p)))
g ae af a b (ae j (t z l a (ab w (y aa j x r p r b))))
h ae ag af e e (e ad (ad (m (i i l f) x a) c ad d))
i af ae q (r j z (v u z ad aa))
j af ae l n i s (v x (m d f a o ac))
k ae g f x l j
l ah aj ai af ag ae e (d (n g (z ac r f s c)))
m ag ae ah ai af c x e w (ae (w v a i h))
n ae h (k e ac) ab (ad a g g) w d p
o af ai ag ae ah aj k h x t b z (r ac g j v)
p ae ag af x a t (w c (z s (c w m ab aa) v v t))
q ae ah af ai ag aj w (l ab (l e) i f) f
r af ae p t t i w
s ae ah aj ai ag af ad i ac d l (y aa ai (u z ac aa ab o i ac ai))
t ae af ag j n o n b aa
u ae o (f (ad (h (n m i h o l j a))))
v af aj ah ae ai ag u (ac ab) (u y (j h (k b l l s x ae j s e e)))
w aj ae ag af ai ah d ab (a aa (p (k x l p) d l k q))
x ah ag ae af ab (o (k v y z t h v m w f o))
y r (v (u g aa q n ab i o))
z af ah ae ai ag j x y (b o (k (f ab (l d) (a b d v c g o v))))
aa ag af ae ah i (j (c (a (m (c u f k e x) v o ae r ab p))))
ab af ae f s j (v d (g b (k (o q l r k n))))
ac ae af ai ag ah aj b (aa x n ab l aa)
ad ae aa v aa w (p x u i h v c)
main s o ac c w p (c q (aa v A (e (c (j (x ac a (l f (s (aa d (h (x h b p (ab z p ac i u (B C D (aa (ac q (E (t k F (n s) l) (x ac (f s r n ac) q G H I e h p g o h l e o i y b x b u x) ac i m ab a t p y J j e r v l) p) t a p z K L ab n j u p s))))))))))))))
------------------------------------------------------------
s o ac c w p (c q (aa v A (e (c (j (x ac a (l f (s (aa d (h (x h b p (ab z p ac i u (B C D (aa (ac q (E (t k F (n s) l) (x ac (f s r n ac) q G H I e h p g o h l e o i y b x b u x) ac i m ab a t p y J j e r v l) p) t a p z K L ab n j u p s))))))))))))))
ad i ac d l (y aa w (u z ac aa ab o i ac w))
aa v aa w (p x u i h v c) ac d l (y aa w (u z ac aa ab o i ac w))
i (j (c (a (m (c u f k e x) v o w r ab p)))) ac d l (y aa w (u z ac aa ab o i ac w))
q (r j z (v u z ad aa)) d l (y aa w (u z ac aa ab o i ac w))
q (p t t i w (v u z ad aa)) d l (y aa w (u z ac aa ab o i ac w))
q (x a t (w c (z s (c w m ab aa) v v t)) w (v u z ad aa)) d l (y aa w (u z ac aa ab o i ac w))
q (ab (o (k v y z t h v m w f o)) (v u z ad aa)) d l (y aa w (u z ac aa ab o i ac w))
q (f s j (v d (g b (k (o q l r k n))))) d l (y aa w (u z ac aa ab o i ac w))
q (t (i (w (ad m b h i t s p p))) s j (v d (g b (k (o q l r k n))))) d l (y aa w (u z ac aa ab o i ac w))
q (j n o n b aa (v d (g b (k (o q l r k n))))) d l (y aa w (u z ac aa ab o i ac w))
q (l n i s (v x (m d f a o ac)) n b aa (v d (g b (k (o q l r k n))))) d l (y aa w (u z ac aa ab o i ac w))
q (e (d (n g (z ac r f s c))) aa (v d (g b (k (o q l r k n))))) d l (y aa w (u z ac aa ab o i ac w))
q (e (g (w f s l (z k (a u v e aa))) (n g (z ac r f s c))) aa (v d (g b (k (o q l r k n))))) d l (y aa w (u z ac aa ab o i ac w))
q (e (a b (w f s l (z k (a u v e aa)) j (t z l a (ab w (y aa j x r p r b))))) aa (v d (g b (k (o q l r k n))))) d l (y aa w (u z ac aa ab o i ac w))
q (e (h h n ab (l b r z e k) m b (w f s l (z k (a u v e aa)) j (t z l a (ab w (y aa j x r p r b))))) aa (v d (g b (k (o q l r k n))))) d l (y aa w (u z ac aa ab o i ac w))
q (e (e e (e ad (ad (m (i i l f) x a) c ad d)) (l b r z e k) m b (w f s l (z k (a u v e aa)) j (t z l a (ab w (y aa j x r p r b))))) aa (v d (g b (k (o q l r k n))))) d l (y aa w (u z ac aa ab o i ac w))
q (e (m (a aa u q v) b (w f s l (z k (a u v e aa)) j (t z l a (ab w (y aa j x r p r b))))) aa (v d (g b (k (o q l r k n))))) d l (y aa w (u z ac aa ab o i ac w))
q (e (m (h h n ab (l b r z e k) m aa u q v) b (w f s l (z k (a u v e aa)) j (t z l a (ab w (y aa j x r p r b))))) aa (v d (g b (k (o q l r k n))))) d l (y aa w (u z ac aa ab o i ac w))
q (e (m (e e (e ad (ad (m (i i l f) x a) c ad d)) (l b r z e k) m aa u q v) b (w f s l (z k (a u v e aa)) j (t z l a (ab w (y aa j x r p r b))))) aa (v d (g b (k (o q l r k n))))) d l (y aa w (u z ac aa ab o i ac w))
q (e (m (m (a aa u q v) aa u q v) b (w f s l (z k (a u v e aa)) j (t z l a (ab w (y aa j x r p r b))))) aa (v d (g b (k (o q l r k n))))) d l (y aa w (u z ac aa ab o i ac w))
q (e (m (c x e w (aa (w v a i h))) b (w f s l (z k (a u v e aa)) j (t z l a (ab w (y aa j x r p r b))))) aa (v d (g b (k (o q l r k n))))) d l (y aa w (u z ac aa ab o i ac w))
q (e (m (d d s (q w (b k i p k n l)) (aa (w v a i h))) b (w f s l (z k (a u v e aa)) j (t z l a (ab w (y aa j x r p r b))))) aa (v d (g b (k (o q l r k n))))) d l (y aa w (u z ac aa ab o i ac w))
q (e (m (g (w f s l (z k (a u v e aa))) d s (q w (b k i p k n l)) (aa (w v a i h))) b (w f s l (z k (a u v e aa)) j (t z l a (ab w (y aa j x r p r b))))) aa (v d (g b (k (o q l r k n))))) d l (y aa w (u z ac aa ab o i ac w))
q (e (m (a b (w f s l (z k (a u v e aa)) j (t z l a (ab w (y aa j x r p r b)))) s (q w (b k i p k n l)) (aa (w v a i h))) b (w f s l (z k (a u v e aa)) j (t z l a (ab w (y aa j x r p r b))))) aa (v d (g b (k (o q l r k n))))) d l (y aa w (u z ac aa ab o i ac w))
q (e (m (h h n ab (l b r z e k) m b (w f s l (z k (a u v e aa)) j (t z l a (ab w (y aa j x r p r b)))) s (q w (b k i p k n l)) (aa (w v a i h))) b (w f s l (z k (a u v e aa)) j (t z l a (ab w (y aa j x r p r b))))) aa (v d (g b (k (o q l r k n))))) d l (y aa w (u z ac aa ab o i ac w))
q (e (m (e e (e ad (ad (m (i i l f) x a) c ad d)) (l b r z e k) m b (w f s l (z k (a u v e aa)) j (t z l a (ab w (y aa j x r p r b)))) s (q w (b k i p k n l)) (aa (w v a i h))) b (w f s l (z k (a u v e aa)) j (t z l a (ab w (y aa j x r p r b))))) aa (v d (g b (k (o q l r k n))))) d l (y aa w (u z ac aa ab o i ac w))
q (e (m (m (a aa u q v) b (w f s l (z k (a u v e aa)) j (t z l a (ab w (y aa j x r p r b)))) s (q w (b k i p k n l)) (aa (w v a i h))) b (w f s l (z k (a u v e aa)) j (t z l a (ab w (y aa j x r p r b))))) aa (v d (g b (k (o q l r k n))))) d l (y aa w (u z ac aa ab o i ac w))
q (e (m (c x e w (b (w v a i h)) (aa (w v a i h))) b (w f s l (z k (a u v e aa)) j (t z l a (ab w (y aa j x r p r b))))) aa (v d (g b (k (o q l r k n))))) d l (y aa w (u z ac aa ab o i ac w))
q (e (m (d d s (q w (b k i p k n l)) (b (w v a i h)) (aa (w v a i h))) b (w f s l (z k (a u v e aa)) j (t z l a (ab w (y aa j x r p r b))))) aa (v d (g b (k (o q l r k n))))) d l (y aa w (u z ac aa ab o i ac w))


