a ae ag af = e (d d (p (w (d y (b ag aa) s o aa o v d ab r))))
b ae af = r j m (q (t ac s (f k i (ae o) v u s r f)))
c ah ae ai ag af = j y (f h o f (d o q w))
d = c (b (j (r ad k g s) h))
e ae af = ad m (v (p (z b m o k l)))
f af aj ai ae ah ag = aa t ag (w ad (q (g a k o z m) d z))
g = j ab ac (o (e ac q aa v ad h v))
h ah af ag ae ai = m o ab ac k (aa (f z b c) r)
i ae ag af = ad aa r (k n f (q (k j p r aa l q)))
j af ae = x (ac (l n af u r s))
k ag af aj ai ae ah = ac ad (s (h o n y (t n a h l d t)))
l = ac g (a (e (p (z q ab s j aa ac aa k g w r k))))
m ai af ae aj ag ah = ae (h k) (v c e x)
n ae = a u i h
o af ae ah ag ai = m (k m l) b
p ag ae ai af ah = x d a c
q = x n g (z (v z y ab))
r ae = y (a h f ae (m (u s y ad aa h ab c ad o w y)))
s ai aj ah af ae ag = w v (c (a (i z (v ab l w z e ab j y y))))
t ah af ag ae = m (aa (m (b (e ad ad ab k s n ac o i))))
u ah ae ag af = ah k h (l f (k p) k i y a)
v ae ah af ag = i (r (d (o c f h y) m e z m u a f))
w af aj ag ae ai ah = ac (e i (x (m g) (p ab b h)) v ad q)
x ai ag ah af ae aj = r (p (a ac b h ah z) k)
y af ah ai ae ag = i v (b o a a aa (ae ad e ah f) h ac)
z = l (ab t b e k u d b aa n w)
aa af ae = ac e j (ad m z p ad)
ab ae af = c (z f (c i k (h i b u) s) l)
ac = y u (a g ab ad (p (b (o (u a v z) q j y m))))
ad ae af = ae (m x ab (c m) af r)
main = A m (B r (i q (p (q (d (e (ad (v (g (C D E t q ab (ad (F c (l v G w (o a w) aa H d ac (c (e j i (s (k (ab (h u u I (J w (j k (K h (ab L ab M) N h O l i p r j q ad w z g s y ad d m P) j Q y s m R ab S T a i l j n) j r U c v w o q b j l ab V))))))))))))))))))))
------------------------------------------------------------
A m (B r (i q (p (q (d (e (ad (v (g (C D E t q ab (ad (F c (l v G w (o a w) aa H d ac (c (e j i (s (k (ab (h u u I (J w (j k (K h (ab L ab M) N h O l i p r j q ad w z g s y ad d m P) j Q y s m R ab S T a i l j n) j r U c v w o q b j l ab V))))))))))))))))))))
A m (B r (i (x n g (z (v z y ab))) (p (q (d (e (ad (v (g (C D E t q ab (ad (F c (l v G w (o a w) aa H d ac (c (e j i (s (k (ab (h u u I (J w (j k (K h (ab L ab M) N h O l i p r j q ad w z g s y ad d m P) j Q y s m R ab S T a i l j n) j r U c v w o q b j l ab V))))))))))))))))))))
A m (B r (i (x n (j ab ac (o (e ac q aa v ad h v))) (z (v z y ab))) (p (q (d (e (ad (v (g (C D E t q ab (ad (F c (l v G w (o a w) aa H d ac (c (e j i (s (k (ab (h u u I (J w (j k (K h (ab L ab M) N h O l i p r j q ad w z g s y ad d m P) j Q y s m R ab S T a i l j n) j r U c v w o q b j l ab V))))))))))))))))))))
A m (B r (i (x n (x (ac (l n ab u r s)) (o (e ac q aa v ad h v))) (z (v z y ab))) (p (q (d (e (ad (v (g (C D E t q ab (ad (F c (l v G w (o a w) aa H d ac (c (e j i (s (k (ab (h u u I (J w (j k (K h (ab L ab M) N h O l i p r j q ad w z g s y ad d m P) j Q y s m R ab S T a i l j n) j r U c v w o q b j l ab V))))))))))))))))))))
A m (B r (i (x n (x (y u (a g ab ad (p (b (o (u a v z) q j y m)))) (l n ab u r s)) (o (e ac q aa v ad h v))) (z (v z y ab))) (p (q (d (e (ad (v (g (C D E t q ab (ad (F c (l v G w (o a w) aa H d ac (c (e j i (s (k (ab (h u u I (J w (j k (K h (ab L ab M) N h O l i p r j q ad w z g s y ad d m P) j Q y s m R ab S T a i l j n) j r U c v w o q b j l ab V))))))))))))))))))))
A m (B r (i (x n (x (y u (e (d d (p (w (d y (b ab aa) s o aa o v d ab r)))) (p (b (o (u a v z) q j y m)))) (l n ab u r s)) (o (e ac q aa v ad h v))) (z (v z y ab))) (p (q (d (e (ad (v (g (C D E t q ab (ad (F c (l v G w (o a w) aa H d ac (c (e j i (s (k (ab (h u u I (J w (j k (K h (ab L ab M) N h O l i p r j q ad w z g s y ad d m P) j Q y s m R ab S T a i l j n) j r U c v w o q b j l ab V))))))))))))))))))))
A m (B r (i (x n (x (y u (ad m (v (p (z b m o k l)))) (l n ab u r s)) (o (e ac q aa v ad h v))) (z (v z y ab))) (p (q (d (e (ad (v (g (C D E t q ab (ad (F c (l v G w (o a w) aa H d ac (c (e j i (s (k (ab (h u u I (J w (j k (K h (ab L ab M) N h O l i p r j q ad w z g s y ad d m P) j Q y s m R ab S T a i l j n) j r U c v w o q b j l ab V))))))))))))))))))))
A m (B r (i (x n (x (y u (m (m x ab (c m) (v (p (z b m o k l))) r)) (l n ab u r s)) (o (e ac q aa v ad h v))) (z (v z y ab))) (p (q (d (e (ad (v (g (C D E t q ab (ad (F c (l v G w (o a w) aa H d ac (c (e j i (s (k (ab (h u u I (J w (j k (K h (ab L ab M) N h O l i p r j q ad w z g s y ad d m P) j Q y s m R ab S T a i l j n) j r U c v w o q b j l ab V))))))))))))))))))))
A m (B r (i (x n (x (y u (m (m x ab (c m) (v (p (l (ab t b e k u d b aa n w) b m o k l))) r)) (l n ab u r s)) (o (e ac q aa v ad h v))) (z (v z y ab))) (p (q (d (e (ad (v (g (C D E t q ab (ad (F c (l v G w (o a w) aa H d ac (c (e j i (s (k (ab (h u u I (J w (j k (K h (ab L ab M) N h O l i p r j q ad w z g s y ad d m P) j Q y s m R ab S T a i l j n) j r U c v w o q b j l ab V))))))))))))))))))))
A m (B r (i (x n (x (y u (m (m x ab (c m) (v (p (ac g (a (e (p (z q ab s j aa ac aa k g w r k)))) (ab t b e k u d b aa n w) b m o k l))) r)) (l n ab u r s)) (o (e ac q aa v ad h v))) (z (v z y ab))) (p (q (d (e (ad (v (g (C D E t q ab (ad (F c (l v G w (o a w) aa H d ac (c (e j i (s (k (ab (h u u I (J w (j k (K h (ab L ab M) N h O l i p r j q ad w z g s y ad d m P) j Q y s m R ab S T a i l j n) j r U c v w o q b j l ab V))))))))))))))))))))
A m (B r (i (x n (x (y u (m (m x ab (c m) (v (p (y u (a g ab ad (p (b (o (u a v z) q j y m)))) g (a (e (p (z q ab s j aa ac aa k g w r k)))) (ab t b e k u d b aa n w) b m o k l))) r)) (l n ab u r s)) (o (e ac q aa v ad h v))) (z (v z y ab))) (p (q (d (e (ad (v (g (C D E t q ab (ad (F c (l v G w (o a w) aa H d ac (c (e j i (s (k (ab (h u u I (J w (j k (K h (ab L ab M) N h O l i p r j q ad w z g s y ad d m P) j Q y s m R ab S T a i l j n) j r U c v w o q b j l ab V))))))))))))))))))))
A m (B r (i (x n (x (y u (m (m x ab (c m) (v (p (i v (b o a a aa (a (e (p (z q ab s j aa ac aa k g w r k))) ad e (a g ab ad (p (b (o (u a v z) q j y m)))) f) h ac) b m o k l))) r)) (l n ab u r s)) (o (e ac q aa v ad h v))) (z (v z y ab))) (p (q (d (e (ad (v (g (C D E t q ab (ad (F c (l v G w (o a w) aa H d ac (c (e j i (s (k (ab (h u u I (J w (j k (K h (ab L ab M) N h O l i p r j q ad w z g s y ad d m P) j Q y s m R ab S T a i l j n) j r U c v w o q b j l ab V))))))))))))))))))))
A m (B r (i (x n (x (y u (m (m x ab (c m) (v (p (ad aa r (k n f (q (k j p r aa l q))) m o k l))) r)) (l n ab u r s)) (o (e ac q aa v ad h v))) (z (v z y ab))) (p (q (d (e (ad (v (g (C D E t q ab (ad (F c (l v G w (o a w) aa H d ac (c (e j i (s (k (ab (h u u I (J w (j k (K h (ab L ab M) N h O l i p r j q ad w z g s y ad d m P) j Q y s m R ab S T a i l j n) j r U c v w o q b j l ab V))))))))))))))))))))
A m (B r (i (x n (x (y u (m (m x ab (c m) (v (p (aa (m x ab (c m) r r) (k n f (q (k j p r aa l q))) m o k l))) r)) (l n ab u r s)) (o (e ac q aa v ad h v))) (z (v z y ab))) (p (q (d (e (ad (v (g (C D E t q ab (ad (F c (l v G w (o a w) aa H d ac (c (e j i (s (k (ab (h u u I (J w (j k (K h (ab L ab M) N h O l i p r j q ad w z g s y ad d m P) j Q y s m R ab S T a i l j n) j r U c v w o q b j l ab V))))))))))))))))))))
A m (B r (i (x n (x (y u (m (m x ab (c m) (v (p (ac e j (ad m z p ad) m o k l))) r)) (l n ab u r s)) (o (e ac q aa v ad h v))) (z (v z y ab))) (p (q (d (e (ad (v (g (C D E t q ab (ad (F c (l v G w (o a w) aa H d ac (c (e j i (s (k (ab (h u u I (J w (j k (K h (ab L ab M) N h O l i p r j q ad w z g s y ad d m P) j Q y s m R ab S T a i l j n) j r U c v w o q b j l ab V))))))))))))))))))))
A m (B r (i (x n (x (y u (m (m x ab (c m) (v (p (y u (a g ab ad (p (b (o (u a v z) q j y m)))) e j (ad m z p ad) m o k l))) r)) (l n ab u r s)) (o (e ac q aa v ad h v))) (z (v z y ab))) (p (q (d (e (ad (v (g (C D E t q ab (ad (F c (l v G w (o a w) aa H d ac (c (e j i (s (k (ab (h u u I (J w (j k (K h (ab L ab M) N h O l i p r j q ad w z g s y ad d m P) j Q y s m R ab S T a i l j n) j r U c v w o q b j l ab V))))))))))))))))))))
A m (B r (i (x n (x (y u (m (m x ab (c m) (v (p (i v (b o a a aa (j ad e (a g ab ad (p (b (o (u a v z) q j y m)))) f) h ac) m o k l))) r)) (l n ab u r s)) (o (e ac q aa v ad h v))) (z (v z y ab))) (p (q (d (e (ad (v (g (C D E t q ab (ad (F c (l v G w (o a w) aa H d ac (c (e j i (s (k (ab (h u u I (J w (j k (K h (ab L ab M) N h O l i p r j q ad w z g s y ad d m P) j Q y s m R ab S T a i l j n) j r U c v w o q b j l ab V))))))))))))))))))))
A m (B r (i (x n (x (y u (m (m x ab (c m) (v (p (ad aa r (k n f (q (k j p r aa l q))) o k l))) r)) (l n ab u r s)) (o (e ac q aa v ad h v))) (z (v z y ab))) (p (q (d (e (ad (v (g (C D E t q ab (ad (F c (l v G w (o a w) aa H d ac (c (e j i (s (k (ab (h u u I (J w (j k (K h (ab L ab M) N h O l i p r j q ad w z g s y ad d m P) j Q y s m R ab S T a i l j n) j r U c v w o q b j l ab V))))))))))))))))))))
A m (B r (i (x n (x (y u (m (m x ab (c m) (v (p (aa (m x ab (c m) r r) (k n f (q (k j p r aa l q))) o k l))) r)) (l n ab u r s)) (o (e ac q aa v ad h v))) (z (v z y ab))) (p (q (d (e (ad (v (g (C D E t q ab (ad (F c (l v G w (o a w) aa H d ac (c (e j i (s (k (ab (h u u I (J w (j k (K h (ab L ab M) N h O l i p r j q ad w z g s y ad d m P) j Q y s m R ab S T a i l j n) j r U c v w o q b j l ab V))))))))))))))))))))
A m (B r (i (x n (x (y u (m (m x ab (c m) (v (p (ac e j (ad m z p ad) o k l))) r)) (l n ab u r s)) (o (e ac q aa v ad h v))) (z (v z y ab))) (p (q (d (e (ad (v (g (C D E t q ab (ad (F c (l v G w (o a w) aa H d ac (c (e j i (s (k (ab (h u u I (J w (j k (K h (ab L ab M) N h O l i p r j q ad w z g s y ad d m P) j Q y s m R ab S T a i l j n) j r U c v w o q b j l ab V))))))))))))))))))))
A m (B r (i (x n (x (y u (m (m x ab (c m) (v (p (y u (a g ab ad (p (b (o (u a v z) q j y m)))) e j (ad m z p ad) o k l))) r)) (l n ab u r s)) (o (e ac q aa v ad h v))) (z (v z y ab))) (p (q (d (e (ad (v (g (C D E t q ab (ad (F c (l v G w (o a w) aa H d ac (c (e j i (s (k (ab (h u u I (J w (j k (K h (ab L ab M) N h O l i p r j q ad w z g s y ad d m P) j Q y s m R ab S T a i l j n) j r U c v w o q b j l ab V))))))))))))))))))))
A m (B r (i (x n (x (y u (m (m x ab (c m) (v (p (i v (b o a a aa (j ad e (a g ab ad (p (b (o (u a v z) q j y m)))) f) h ac) o k l))) r)) (l n ab u r s)) (o (e ac q aa v ad h v))) (z (v z y ab))) (p (q (d (e (ad (v (g (C D E t q ab (ad (F c (l v G w (o a w) aa H d ac (c (e j i (s (k (ab (h u u I (J w (j k (K h (ab L ab M) N h O l i p r j q ad w z g s y ad d m P) j Q y s m R ab S T a i l j n) j r U c v w o q b j l ab V))))))))))))))))))))
A m (B r (i (x n (x (y u (m (m x ab (c m) (v (p (ad aa r (k n f (q (k j p r aa l q))) k l))) r)) (l n ab u r s)) (o (e ac q aa v ad h v))) (z (v z y ab))) (p (q (d (e (ad (v (g (C D E t q ab (ad (F c (l v G w (o a w) aa H d ac (c (e j i (s (k (ab (h u u I (J w (j k (K h (ab L ab M) N h O l i p r j q ad w z g s y ad d m P) j Q y s m R ab S T a i l j n) j r U c v w o q b j l ab V))))))))))))))))))))
A m (B r (i (x n (x (y u (m (m x ab (c m) (v (p (aa (m x ab (c m) r r) (k n f (q (k j p r aa l q))) k l))) r)) (l n ab u r s)) (o (e ac q aa v ad h v))) (z (v z y ab))) (p (q (d (e (ad (v (g (C D E t q ab (ad (F c (l v G w (o a w) aa H d ac (c (e j i (s (k (ab (h u u I (J w (j k (K h (ab L ab M) N h O l i p r j q ad w z g s y ad d m P) j Q y s m R ab S T a i l j n) j r U c v w o q b j l ab V))))))))))))))))))))
A m (B r (i (x n (x (y u (m (m x ab (c m) (v (p (ac e j (ad m z p ad) k l))) r)) (l n ab u r s)) (o (e ac q aa v ad h v))) (z (v z y ab))) (p (q (d (e (ad (v (g (C D E t q ab (ad (F c (l v G w (o a w) aa H d ac (c (e j i (s (k (ab (h u u I (J w (j k (K h (ab L ab M) N h O l i p r j q ad w z g s y ad d m P) j Q y s m R ab S T a i l j n) j r U c v w o q b j l ab V))))))))))))))))))))
A m (B r (i (x n (x (y u (m (m x ab (c m) (v (p (y u (a g ab ad (p (b (o (u a v z) q j y m)))) e j (ad m z p ad) k l))) r)) (l n ab u r s)) (o (e ac q aa v ad h v))) (z (v z y ab))) (p (q (d (e (ad (v (g (C D E t q ab (ad (F c (l v G w (o a w) aa H d ac (c (e j i (s (k (ab (h u u I (J w (j k (K h (ab L ab M) N h O l i p r j q ad w z g s y ad d m P) j Q y s m R ab S T a i l j n) j r U c v w o q b j l ab V))))))))))))))))))))
A m (B r (i (x n (x (y u (m (m x ab (c m) (v (p (i v (b o a a aa (j ad e (a g ab ad (p (b (o (u a v z) q j y m)))) f) h ac) k l))) r)) (l n ab u r s)) (o (e ac q aa v ad h v))) (z (v z y ab))) (p (q (d (e (ad (v (g (C D E t q ab (ad (F c (l v G w (o a w) aa H d ac (c (e j i (s (k (ab (h u u I (J w (j k (K h (ab L ab M) N h O l i p r j q ad w z g s y ad d m P) j Q y s m R ab S T a i l j n) j r U c v w o q b j l ab V))))))))))))))))))))
A m (B r (i (x n (x (y u (m (m x ab (c m) (v (p (ad aa r (k n f (q (k j p r aa l q))) l))) r)) (l n ab u r s)) (o (e ac q aa v ad h v))) (z (v z y ab))) (p (q (d (e (ad (v (g (C D E t q ab (ad (F c (l v G w (o a w) aa H d ac (c (e j i (s (k (ab (h u u I (J w (j k (K h (ab L ab M) N h O l i p r j q ad w z g s y ad d m P) j Q y s m R ab S T a i l j n) j r U c v w o q b j l ab V))))))))))))))))))))
A m (B r (i (x n (x (y u (m (m x ab (c m) (v (p (aa (m x ab (c m) r r) (k n f (q (k j p r aa l q))) l))) r)) (l n ab u r s)) (o (e ac q aa v ad h v))) (z (v z y ab))) (p (q (d (e (ad (v (g (C D E t q ab (ad (F c (l v G w (o a w) aa H d ac (c (e j i (s (k (ab (h u u I (J w (j k (K h (ab L ab M) N h O l i p r j q ad w z g s y ad d m P) j Q y s m R ab S T a i l j n) j r U c v w o q b j l ab V))))))))))))))))))))
A m (B r (i (x n (x (y u (m (m x ab (c m) (v (p (ac e j (ad m z p ad) l))) r)) (l n ab u r s)) (o (e ac q aa v ad h v))) (z (v z y ab))) (p (q (d (e (ad (v (g (C D E t q ab (ad (F c (l v G w (o a w) aa H d ac (c (e j i (s (k (ab (h u u I (J w (j k (K h (ab L ab M) N h O l i p r j q ad w z g s y ad d m P) j Q y s m R ab S T a i l j n) j r U c v w o q b j l ab V))))))))))))))))))))


