a ae = ae (l (g (b (d o h ae aa g y d y ac ac))))
b ah ag ae af = w d (aa (m ad q g a l ac))
c ae af ag ah ai = ai (ad (x i af n j ab e))
d af ah ag ae = ag q ab q k i b aa i t
e ae ah af ag = k (j g n f ac ac)
f af ae = l (ab (i (v v (i af n h l ae aa) y e m j ad q)))
g ai ag af ae ah aj = o (x m i b x t ad c e)
h ae af = a c ae c (i (s i (k (z t e a ad))))
i = e x m p s (k (f x x a aa r))
j = aa (u (c n d k s r q u ac p d r))
k ah ag ae af ai = ad (i (q (l u h (s (n ac (af ac n n f aa j j h))))))
l ae = o o (o (aa (f (t u p) q) c y))
m ag ae ah af aj ai = d (aj (ac q z ag c s r))
n = o (ab (z (q (q o d z f v a u))))
o af ai ag aj ah ae = j ac ae t z c d m
p = b f (e (h (f b q) d ab o ab e) c)
q ag af ae aj ah ai = y i o d c f m (n u n h)
r ae = b (q (p (f (m (b (o v) o a t ac aa m m z ae l)))))
s ah af ag ae = ac (l (d i) i n)
t ae = o o (c ad d l)
u ae = y (m (e j j (p z h r o) w))
v ae aj af ai ag ah = r (h (ad f (e (d (o i l a aa j b)))))
w af ae = d (c (ab (p (d f (z n aa k x s ad ab m n k) t))))
x ae ag aj ah ai af = c (g d i j v ac)
y ag ai ae ah af aj = f e (g o (x e t) ac i ac ad)
z ag af ae = x (ad aa l u n)
aa = u (r (y w ab y a i i k y t j n t d))
ab ag ae af = e (y (k a (aa b q r (h z i aa aa p v af))))
ac af ag ae = i j (l ab y ae g b)
ad ae = q i s y d k (q (b (m ac m ac j d s u w ae)))
main = v (z (s ad (A (B (y ab (g t y (i j q p u g aa (C (e (ac (D d u E (v (t q (F (n G (e (x (t (H (q (I j s) q v b o q t q J ad a e h s s g aa o) n ab i r h K i t z s b o q y ac f v k) aa L u) h p p g q M N f ac r h a m)) t i m d a O a c n l)))))))))))))))
------------------------------------------------------------
v (z (s ad (A (B (y ab (g t y (i j q p u g aa (C (e (ac (D d u E (v (t q (F (n G (e (x (t (H (q (I j s) q v b o q t q J ad a e h s s g aa o) n ab i r h K i t z s b o q y ac f v k) aa L u) h p p g q M N f ac r h a m)) t i m d a O a c n l)))))))))))))))
v (z (s ad (A (B (y ab (g t y (e x m p s (k (f x x a aa r)) j q p u g aa (C (e (ac (D d u E (v (t q (F (n G (e (x (t (H (q (I j s) q v b o q t q J ad a e h s s g aa o) n ab i r h K i t z s b o q y ac f v k) aa L u) h p p g q M N f ac r h a m)) t i m d a O a c n l)))))))))))))))
v (z (s ad (A (B (y ab (g t y (k (j g n f ac ac) (k (f x x a aa r)) j q p u g aa (C (e (ac (D d u E (v (t q (F (n G (e (x (t (H (q (I j s) q v b o q t q J ad a e h s s g aa o) n ab i r h K i t z s b o q y ac f v k) aa L u) h p p g q M N f ac r h a m)) t i m d a O a c n l)))))))))))))))
v (z (s ad (A (B (y ab (g t y (ad (i (q (l u h (s (n ac (q ac n n f aa j j h)))))) u g aa (C (e (ac (D d u E (v (t q (F (n G (e (x (t (H (q (I j s) q v b o q t q J ad a e h s s g aa o) n ab i r h K i t z s b o q y ac f v k) aa L u) h p p g q M N f ac r h a m)) t i m d a O a c n l)))))))))))))))
v (z (s ad (A (B (y ab (g t y (q i s y d k (q (b (m ac m ac j d s u w (i (q (l u h (s (n ac (q ac n n f aa j j h))))))))) u g aa (C (e (ac (D d u E (v (t q (F (n G (e (x (t (H (q (I j s) q v b o q t q J ad a e h s s g aa o) n ab i r h K i t z s b o q y ac f v k) aa L u) h p p g q M N f ac r h a m)) t i m d a O a c n l)))))))))))))))
v (z (s ad (A (B (y ab (g t y (y i o d c f m (n u n h) u g aa (C (e (ac (D d u E (v (t q (F (n G (e (x (t (H (q (I j s) q v b o q t q J ad a e h s s g aa o) n ab i r h K i t z s b o q y ac f v k) aa L u) h p p g q M N f ac r h a m)) t i m d a O a c n l)))))))))))))))
v (z (s ad (A (B (y ab (g t y (f e (g o (x e t) ac i ac ad) (n u n h) u g aa (C (e (ac (D d u E (v (t q (F (n G (e (x (t (H (q (I j s) q v b o q t q J ad a e h s s g aa o) n ab i r h K i t z s b o q y ac f v k) aa L u) h p p g q M N f ac r h a m)) t i m d a O a c n l)))))))))))))))
v (z (s ad (A (B (y ab (g t y (l (ab (i (v v (i e n h l (g o (x e t) ac i ac ad) aa) y e m j ad q))) (n u n h) u g aa (C (e (ac (D d u E (v (t q (F (n G (e (x (t (H (q (I j s) q v b o q t q J ad a e h s s g aa o) n ab i r h K i t z s b o q y ac f v k) aa L u) h p p g q M N f ac r h a m)) t i m d a O a c n l)))))))))))))))
v (z (s ad (A (B (y ab (g t y (o o (o (aa (f (t u p) q) c y)) (n u n h) u g aa (C (e (ac (D d u E (v (t q (F (n G (e (x (t (H (q (I j s) q v b o q t q J ad a e h s s g aa o) n ab i r h K i t z s b o q y ac f v k) aa L u) h p p g q M N f ac r h a m)) t i m d a O a c n l)))))))))))))))
v (z (s ad (A (B (y ab (g t y (j ac aa t z c d m (C (e (ac (D d u E (v (t q (F (n G (e (x (t (H (q (I j s) q v b o q t q J ad a e h s s g aa o) n ab i r h K i t z s b o q y ac f v k) aa L u) h p p g q M N f ac r h a m)) t i m d a O a c n l)))))))))))))))
v (z (s ad (A (B (y ab (g t y (aa (u (c n d k s r q u ac p d r)) ac aa t z c d m (C (e (ac (D d u E (v (t q (F (n G (e (x (t (H (q (I j s) q v b o q t q J ad a e h s s g aa o) n ab i r h K i t z s b o q y ac f v k) aa L u) h p p g q M N f ac r h a m)) t i m d a O a c n l)))))))))))))))
v (z (s ad (A (B (y ab (g t y (u (r (y w ab y a i i k y t j n t d)) (u (c n d k s r q u ac p d r)) ac aa t z c d m (C (e (ac (D d u E (v (t q (F (n G (e (x (t (H (q (I j s) q v b o q t q J ad a e h s s g aa o) n ab i r h K i t z s b o q y ac f v k) aa L u) h p p g q M N f ac r h a m)) t i m d a O a c n l)))))))))))))))
v (z (s ad (A (B (y ab (g t y (y (m (e j j (p z h r o) w)) (u (c n d k s r q u ac p d r)) ac aa t z c d m (C (e (ac (D d u E (v (t q (F (n G (e (x (t (H (q (I j s) q v b o q t q J ad a e h s s g aa o) n ab i r h K i t z s b o q y ac f v k) aa L u) h p p g q M N f ac r h a m)) t i m d a O a c n l)))))))))))))))
v (z (s ad (A (B (y ab (g t y (f e (g o (x e t) ac i ac ad) c d m (C (e (ac (D d u E (v (t q (F (n G (e (x (t (H (q (I j s) q v b o q t q J ad a e h s s g aa o) n ab i r h K i t z s b o q y ac f v k) aa L u) h p p g q M N f ac r h a m)) t i m d a O a c n l)))))))))))))))
v (z (s ad (A (B (y ab (g t y (l (ab (i (v v (i e n h l (g o (x e t) ac i ac ad) aa) y e m j ad q))) c d m (C (e (ac (D d u E (v (t q (F (n G (e (x (t (H (q (I j s) q v b o q t q J ad a e h s s g aa o) n ab i r h K i t z s b o q y ac f v k) aa L u) h p p g q M N f ac r h a m)) t i m d a O a c n l)))))))))))))))
v (z (s ad (A (B (y ab (g t y (o o (o (aa (f (t u p) q) c y)) c d m (C (e (ac (D d u E (v (t q (F (n G (e (x (t (H (q (I j s) q v b o q t q J ad a e h s s g aa o) n ab i r h K i t z s b o q y ac f v k) aa L u) h p p g q M N f ac r h a m)) t i m d a O a c n l)))))))))))))))
v (z (s ad (A (B (y ab (g t y (j ac (C (e (ac (D d u E (v (t q (F (n G (e (x (t (H (q (I j s) q v b o q t q J ad a e h s s g aa o) n ab i r h K i t z s b o q y ac f v k) aa L u) h p p g q M N f ac r h a m)) t i m d a O a c n l)))))))) t z c d m)))))))
v (z (s ad (A (B (y ab (g t y (aa (u (c n d k s r q u ac p d r)) ac (C (e (ac (D d u E (v (t q (F (n G (e (x (t (H (q (I j s) q v b o q t q J ad a e h s s g aa o) n ab i r h K i t z s b o q y ac f v k) aa L u) h p p g q M N f ac r h a m)) t i m d a O a c n l)))))))) t z c d m)))))))
v (z (s ad (A (B (y ab (g t y (u (r (y w ab y a i i k y t j n t d)) (u (c n d k s r q u ac p d r)) ac (C (e (ac (D d u E (v (t q (F (n G (e (x (t (H (q (I j s) q v b o q t q J ad a e h s s g aa o) n ab i r h K i t z s b o q y ac f v k) aa L u) h p p g q M N f ac r h a m)) t i m d a O a c n l)))))))) t z c d m)))))))
v (z (s ad (A (B (y ab (g t y (y (m (e j j (p z h r o) w)) (u (c n d k s r q u ac p d r)) ac (C (e (ac (D d u E (v (t q (F (n G (e (x (t (H (q (I j s) q v b o q t q J ad a e h s s g aa o) n ab i r h K i t z s b o q y ac f v k) aa L u) h p p g q M N f ac r h a m)) t i m d a O a c n l)))))))) t z c d m)))))))
v (z (s ad (A (B (y ab (g t y (f e (g o (x e t) ac i ac ad) c d m)))))))
v (z (s ad (A (B (y ab (g t y (l (ab (i (v v (i e n h l (g o (x e t) ac i ac ad) aa) y e m j ad q))) c d m)))))))
v (z (s ad (A (B (y ab (g t y (o o (o (aa (f (t u p) q) c y)) c d m)))))))
v (z (s ad (A (B (y ab (g t y (o o (o (u (r (y w ab y a i i k y t j n t d)) (f (t u p) q) c y)) c d m)))))))
v (z (s ad (A (B (y ab (g t y (o o (o (y (m (e j j (p z h r o) w)) (f (t u p) q) c y)) c d m)))))))
v (z (s ad (A (B (y ab (g t y (o o (o (y (m (k (j g n f ac ac))) (f (t u p) q) c y)) c d m)))))))
v (z (s ad (A (B (y ab (g t y (o o (o (y (m (k (aa (u (c n d k s r q u ac p d r)) g n f ac ac))) (f (t u p) q) c y)) c d m)))))))
v (z (s ad (A (B (y ab (g t y (o o (o (y (m (k (u (r (y w ab y a i i k y t j n t d)) (u (c n d k s r q u ac p d r)) g n f ac ac))) (f (t u p) q) c y)) c d m)))))))
v (z (s ad (A (B (y ab (g t y (o o (o (y (m (k (y (m (e j j (p z h r o) w)) (u (c n d k s r q u ac p d r)) g n f ac ac))) (f (t u p) q) c y)) c d m)))))))
v (z (s ad (A (B (y ab (g t y (o o (o (y (m (k (f e (g o (x e t) ac i ac ad) ac))) (f (t u p) q) c y)) c d m)))))))


