a af ag ae ah ai = ad q q (d (ae aa n ai))
b ae = n h ac (r e o ae h j u ac)
c ae = p y (o j (b e (u aa q t ab q) f u ab) z s ab)
d af ah ag ae = l (ag j x f n x b e w)
e ae af = u (h aa s (w b ac b i m h o g) l)
f ae af ag = d (d ab (ab (a (n q l p n d j ab q x ac e s))))
g = h j j q p m d ab c
h ae af = x (l (ac v (x (ab x w w u x))))
i af ae ag = ab h (ab l ac (l k z c l q f ad a s))
j af ag ae = x r (h (ag x g ac m))
k ae = b (o g (v j (d (r o j a z) b e i m t)))
l ae = e g p w j
m af ag ae ah = a (x w w a (d (c q j aa p u)))
n ae ai ah ag af = i ab l (i (ae ab ad q d) ad)
o ah af ae ag ai aj = ab (d (g (m a ac v b aa q a x e b e)))
p = t r v t m l (n i (w h t ac))
q ag af ae = ab s v l (d h g aa z p t)
r af ae = ad (p (l (g (h q d h s x aa aa b g z))))
s ae ag ah af = q (z k (o (k t x ad l r a k v f o m r)))
t ag ae aj af ah ai = k z p a (q (j ac h i (ai p u e) p))
u ai af ae ah ag = w e (g (e s (w n f v ac y k) ae j s))
v ae af = b (m c (q (e ad o aa q u) o aa ac))
w ai aj ae ag af ah = q (g af a e g)
x ag ai ae af ah = v (ac (ac (o (v i (s ad w a j r c z aa)))))
y ag ah ae af aj ai = a z g ac ac s
z ae ag ah af = k (o (y (t (n m k o s g f n j ag l f w))))
aa = d o ab c (y (e u u k p ad) ab u)
ab ah ai ag ae af = v k (w a h i d w h j f)
ac ae aj ah ai ag af = v aa e j n
ad = z z (aa (i r e o l s))
main = c (A (q r (d (B (f f c C (g v h g (q i (ad aa t) (g (s ac (ac (q (aa x (y D (t E u (f y (F (aa (o f (e f ad (d (m (G (H (t u h (I J p aa (K a g d u b L M b x w ac g o u N z o d p m ad O l) c ab ad d h w z o i v h g ab ab P v Q y a R t n) o q l))))))))))))))))))))))))
------------------------------------------------------------
c (A (q r (d (B (f f c C (g v h g (q i (ad aa t) (g (s ac (ac (q (aa x (y D (t E u (f y (F (aa (o f (e f ad (d (m (G (H (t u h (I J p aa (K a g d u b L M b x w ac g o u N z o d p m ad O l) c ab ad d h w z o i v h g ab ab P v Q y a R t n) o q l))))))))))))))))))))))))
p y (o j (b e (u aa q t ab q) f u ab) z s ab)
t r v t m l (n i (w h t ac)) y (o j (b e (u aa q t ab q) f u ab) z s ab)
k z p a (q (j ac h i (n i (w h t ac) p u e) p)) y (o j (b e (u aa q t ab q) f u ab) z s ab)
b (o g (v j (d (r o j a z) b e i m t))) p a (q (j ac h i (n i (w h t ac) p u e) p)) y (o j (b e (u aa q t ab q) f u ab) z s ab)
n h ac (r e o (o g (v j (d (r o j a z) b e i m t))) h j u ac) p a (q (j ac h i (n i (w h t ac) p u e) p)) y (o j (b e (u aa q t ab q) f u ab) z s ab)
i ab l (i (h ab ad q d) ad) (q (j ac h i (n i (w h t ac) p u e) p)) y (o j (b e (u aa q t ab q) f u ab) z s ab)
ab h (ab l ac (l k z c l q f ad a s)) (q (j ac h i (n i (w h t ac) p u e) p)) y (o j (b e (u aa q t ab q) f u ab) z s ab)
v k (w a h i d w h j f)
b (m c (q (e ad o aa q u) o aa ac))
n h ac (r e o (m c (q (e ad o aa q u) o aa ac)) h j u ac)
n h ac (ad (p (l (g (h q d h s x aa aa b g z)))) (m c (q (e ad o aa q u) o aa ac)) h j u ac)
n h ac (z z (aa (i r e o l s)) (p (l (g (h q d h s x aa aa b g z)))) (m c (q (e ad o aa q u) o aa ac)) h j u ac)
n h ac (k (o (y (t (n m k o s g f n j (aa (i r e o l s)) l f w)))) h j u ac)
n h ac (b (o g (v j (d (r o j a z) b e i m t))) h j u ac)
n h ac (n h ac (r e o (o g (v j (d (r o j a z) b e i m t))) h j u ac) h j u ac)
n h ac (i ab l (i (h ab ad q d) ad) u ac)
n h ac (ab h (ab l ac (l k z c l q f ad a s)) u ac)
n h ac (ab h (ab l ac (e g p w j z c l q f ad a s)) u ac)
n h ac (ab h (ab l ac (u (h aa s (w b ac b i m h o g) l) w j z c l q f ad a s)) u ac)
n h ac (ab h (ab l ac (w e (g (e s (w n f v ac y k) j j s)) l q f ad a s)) u ac)
n h ac (ab h (ab l ac (q (g f a e g) a s)) u ac)
n h ac (ab h (ab l ac (ab s v l (d h g aa z p t))) u ac)
n h ac (ab h (ab l ac (ab s v l (l (aa j x f n x b e w) p t))) u ac)
n h ac (ab h (ab l ac (ab s v l (e g p w j p t))) u ac)
n h ac (ab h (ab l ac (ab s v l (u (h aa s (w b ac b i m h o g) l) w j p t))) u ac)
n h ac (ab h (ab l ac (ab s v l (w e (g (e s (w n f v ac y k) j j s))))) u ac)
n h ac (ab h (ab l ac (ab s v l (w e (h j j q p m d ab c (e s (w n f v ac y k) j j s))))) u ac)
n h ac (ab h (ab l ac (ab s v l (w e (x (l (ac v (x (ab x w w u x)))) q p m d ab c (e s (w n f v ac y k) j j s))))) u ac)
n h ac (ab h (ab l ac (ab s v l (w e (v (ac (ac (o (v i (s ad w a j r c z aa))))) ab c (e s (w n f v ac y k) j j s))))) u ac)


