a p (e u (g l (n (b n i (s e aa g w o k g)))))
b ah ae af ai ag j k (m u z l)
c af ae t (t (u l (s (af (u ad (j b f j) j v l y n m)))))
d ag af ah ai ae h x t (v a (ad k c n f (k a n u j r)))
e y k (ab y (aa (y (a f h i u f g i k g n k))))
f ah ae ag af ai i (q (p aa ac aa w aa) i i y y b y j k)
g ah ag af ae n
h aj ag ae ah ai af a (ag ab (w ac y p aa b ag aa x i))
i j m a (ad s u)
j g (ad (ad (d q c n l z) d y b p i ac y))
k r (x a n (ab ab x (aa w m u s b ac v x)))
l ae k i (j b ab w k b j s p ab w)
m af ae q (ad r (q n w h u o t))
n ae af ai ag ah ae (b (ag (m p i ad z b ac z u r r u)))
o ae r ae (f (ac y (r l ac y) f ae i))
p ae ah aj ai ag af x e (ac n q (f b ad v c a b s x q))
q ae ah af ag v (af o h i ac (f c h s x w))
r ae af z (l (m (d (ad (j (ae f f a p v z d))) n t)))
s af ae h (w t g g q (aa (j p g e r aa u v)))
t ai ag ae af aj ah e aj ab m (ad h (j y o aa g k b aa))
u ag ae aj ai ah af r (t (p h (ab ab ag) a))
v ag ah ae af k h g (c t g (p (aa z b q ah c)))
w ae af y (b (z k (n (z y b f k) c j u ac)))
x ai ae ah aj ag af y f i (p (ab p h))
y h b j u (g (m (k (w p (v s c f d r i x)))))
z ag af ae i ad (a f (e o (m i t h e o l k f v)))
aa ae af j ac s b (g (z (d ab b ac x m ac af)))
ab z m l y (g ac f (o g e g ad c e t))
ac ae af r k z
ad p (e h) aa (t (e u o) ac m u v f j b s r l)
main o (A k f g q (g (l p B r r (C (D (E (F ac ad G q c aa v (j v w u (p (s (z ad (q u (v v ab d (o f o w c (h (l e ab t ad o l H aa (j (I J (f ac ab t (v z (u aa q K d j y ac c p u ad y n o L M f d o f x k d aa x s w s i N q z z u) ab k k) ad)))))))))))))))))))
------------------------------------------------------------
o (A k f g q (g (l p B r r (C (D (E (F ac ad G q c aa v (j v w u (p (s (z ad (q u (v v ab d (o f o w c (h (l e ab t ad o l H aa (j (I J (f ac ab t (v z (u aa q K d j y ac c p u ad y n o L M f d o f x k d aa x s w s i N q z z u) ab k k) ad)))))))))))))))))))
r (A k f g q (g (l p B r r (C (D (E (F ac ad G q c aa v (j v w u (p (s (z ad (q u (v v ab d (o f o w c (h (l e ab t ad o l H aa (j (I J (f ac ab t (v z (u aa q K d j y ac c p u ad y n o L M f d o f x k d aa x s w s i N q z z u) ab k k) ad))))))))))))))))))) (f (ac y (r l ac y) f (A k f g q (g (l p B r r (C (D (E (F ac ad G q c aa v (j v w u (p (s (z ad (q u (v v ab d (o f o w c (h (l e ab t ad o l H aa (j (I J (f ac ab t (v z (u aa q K d j y ac c p u ad y n o L M f d o f x k d aa x s w s i N q z z u) ab k k) ad))))))))))))))))))) i))
z (l (m (d (ad (j (A k f g q (g (l p B r r (C (D (E (F ac ad G q c aa v (j v w u (p (s (z ad (q u (v v ab d (o f o w c (h (l e ab t ad o l H aa (j (I J (f ac ab t (v z (u aa q K d j y ac c p u ad y n o L M f d o f x k d aa x s w s i N q z z u) ab k k) ad)))))))))))))))))) f f a p v z d))) n t)))
z (k i (j b ab w k b j s p ab w))
z (r (x a n (ab ab x (aa w m u s b ac v x))) i (j b ab w k b j s p ab w))
z (z (l (m (d (ad (j (x a n (ab ab x (aa w m u s b ac v x)) f f a p v z d))) n t))) (j b ab w k b j s p ab w))
z (z (k i (j b ab w k b j s p ab w)) (j b ab w k b j s p ab w))
z (z (r (x a n (ab ab x (aa w m u s b ac v x))) i (j b ab w k b j s p ab w)) (j b ab w k b j s p ab w))
z (z (z (l (m (d (ad (j (x a n (ab ab x (aa w m u s b ac v x)) f f a p v z d))) n t))) (j b ab w k b j s p ab w)) (j b ab w k b j s p ab w))
z (z (z (k i (j b ab w k b j s p ab w)) (j b ab w k b j s p ab w)) (j b ab w k b j s p ab w))
z (z (z (r (x a n (ab ab x (aa w m u s b ac v x))) i (j b ab w k b j s p ab w)) (j b ab w k b j s p ab w)) (j b ab w k b j s p ab w))
z (z (z (z (l (m (d (ad (j (x a n (ab ab x (aa w m u s b ac v x)) f f a p v z d))) n t))) (j b ab w k b j s p ab w)) (j b ab w k b j s p ab w)) (j b ab w k b j s p ab w))
z (z (z (z (k i (j b ab w k b j s p ab w)) (j b ab w k b j s p ab w)) (j b ab w k b j s p ab w)) (j b ab w k b j s p ab w))
z (z (z (z (r (x a n (ab ab x (aa w m u s b ac v x))) i (j b ab w k b j s p ab w)) (j b ab w k b j s p ab w)) (j b ab w k b j s p ab w)) (j b ab w k b j s p ab w))
z (z (z (z (z (l (m (d (ad (j (x a n (ab ab x (aa w m u s b ac v x)) f f a p v z d))) n t))) (j b ab w k b j s p ab w)) (j b ab w k b j s p ab w)) (j b ab w k b j s p ab w)) (j b ab w k b j s p ab w))
z (z (z (z (z (k i (j b ab w k b j s p ab w)) (j b ab w k b j s p ab w)) (j b ab w k b j s p ab w)) (j b ab w k b j s p ab w)) (j b ab w k b j s p ab w))
z (z (z (z (z (r (x a n (ab ab x (aa w m u s b ac v x))) i (j b ab w k b j s p ab w)) (j b ab w k b j s p ab w)) (j b ab w k b j s p ab w)) (j b ab w k b j s p ab w)) (j b ab w k b j s p ab w))
z (z (z (z (z (z (l (m (d (ad (j (x a n (ab ab x (aa w m u s b ac v x)) f f a p v z d))) n t))) (j b ab w k b j s p ab w)) (j b ab w k b j s p ab w)) (j b ab w k b j s p ab w)) (j b ab w k b j s p ab w)) (j b ab w k b j s p ab w))
z (z (z (z (z (z (k i (j b ab w k b j s p ab w)) (j b ab w k b j s p ab w)) (j b ab w k b j s p ab w)) (j b ab w k b j s p ab w)) (j b ab w k b j s p ab w)) (j b ab w k b j s p ab w))
z (z (z (z (z (z (r (x a n (ab ab x (aa w m u s b ac v x))) i (j b ab w k b j s p ab w)) (j b ab w k b j s p ab w)) (j b ab w k b j s p ab w)) (j b ab w k b j s p ab w)) (j b ab w k b j s p ab w)) (j b ab w k b j s p ab w))
z (z (z (z (z (z (z (l (m (d (ad (j (x a n (ab ab x (aa w m u s b ac v x)) f f a p v z d))) n t))) (j b ab w k b j s p ab w)) (j b ab w k b j s p ab w)) (j b ab w k b j s p ab w)) (j b ab w k b j s p ab w)) (j b ab w k b j s p ab w)) (j b ab w k b j s p ab w))
z (z (z (z (z (z (z (k i (j b ab w k b j s p ab w)) (j b ab w k b j s p ab w)) (j b ab w k b j s p ab w)) (j b ab w k b j s p ab w)) (j b ab w k b j s p ab w)) (j b ab w k b j s p ab w)) (j b ab w k b j s p ab w))
z (z (z (z (z (z (z (r (x a n (ab ab x (aa w m u s b ac v x))) i (j b ab w k b j s p ab w)) (j b ab w k b j s p ab w)) (j b ab w k b j s p ab w)) (j b ab w k b j s p ab w)) (j b ab w k b j s p ab w)) (j b ab w k b j s p ab w)) (j b ab w k b j s p ab w))
z (z (z (z (z (z (z (z (l (m (d (ad (j (x a n (ab ab x (aa w m u s b ac v x)) f f a p v z d))) n t))) (j b ab w k b j s p ab w)) (j b ab w k b j s p ab w)) (j b ab w k b j s p ab w)) (j b ab w k b j s p ab w)) (j b ab w k b j s p ab w)) (j b ab w k b j s p ab w)) (j b ab w k b j s p ab w))
z (z (z (z (z (z (z (z (k i (j b ab w k b j s p ab w)) (j b ab w k b j s p ab w)) (j b ab w k b j s p ab w)) (j b ab w k b j s p ab w)) (j b ab w k b j s p ab w)) (j b ab w k b j s p ab w)) (j b ab w k b j s p ab w)) (j b ab w k b j s p ab w))
z (z (z (z (z (z (z (z (r (x a n (ab ab x (aa w m u s b ac v x))) i (j b ab w k b j s p ab w)) (j b ab w k b j s p ab w)) (j b ab w k b j s p ab w)) (j b ab w k b j s p ab w)) (j b ab w k b j s p ab w)) (j b ab w k b j s p ab w)) (j b ab w k b j s p ab w)) (j b ab w k b j s p ab w))
z (z (z (z (z (z (z (z (z (l (m (d (ad (j (x a n (ab ab x (aa w m u s b ac v x)) f f a p v z d))) n t))) (j b ab w k b j s p ab w)) (j b ab w k b j s p ab w)) (j b ab w k b j s p ab w)) (j b ab w k b j s p ab w)) (j b ab w k b j s p ab w)) (j b ab w k b j s p ab w)) (j b ab w k b j s p ab w)) (j b ab w k b j s p ab w))
z (z (z (z (z (z (z (z (z (k i (j b ab w k b j s p ab w)) (j b ab w k b j s p ab w)) (j b ab w k b j s p ab w)) (j b ab w k b j s p ab w)) (j b ab w k b j s p ab w)) (j b ab w k b j s p ab w)) (j b ab w k b j s p ab w)) (j b ab w k b j s p ab w)) (j b ab w k b j s p ab w))
z (z (z (z (z (z (z (z (z (r (x a n (ab ab x (aa w m u s b ac v x))) i (j b ab w k b j s p ab w)) (j b ab w k b j s p ab w)) (j b ab w k b j s p ab w)) (j b ab w k b j s p ab w)) (j b ab w k b j s p ab w)) (j b ab w k b j s p ab w)) (j b ab w k b j s p ab w)) (j b ab w k b j s p ab w)) (j b ab w k b j s p ab w))
z (z (z (z (z (z (z (z (z (z (l (m (d (ad (j (x a n (ab ab x (aa w m u s b ac v x)) f f a p v z d))) n t))) (j b ab w k b j s p ab w)) (j b ab w k b j s p ab w)) (j b ab w k b j s p ab w)) (j b ab w k b j s p ab w)) (j b ab w k b j s p ab w)) (j b ab w k b j s p ab w)) (j b ab w k b j s p ab w)) (j b ab w k b j s p ab w)) (j b ab w k b j s p ab w))


