a af ae = l p (q v (w q x ae d v))
b ag ae ai ah af = i ad m (i (h q e z af ad ah) a h)
c = e (u (r (y (b ab ad v j f p) l n) l p ab f m))
d ae = j (s (v g (f q ac s (c r l b t f))))
e ag af ae ah = o ab (h p t ag b (m (s q g aa n u)))
f af ai ag aj ah ae = ad (ad (h (k aa (j (c ah w n o r ab x t m)))))
g ae = t (a i p q v) (m (s (a e y n s j x u)))
h af ah aj ai ag ae = aa v z j (l (r (ac v) o f p s))
i af ae = u p (m (aa (d (z ac n c t t ad h a p g))))
j af ae = i
k ae ah ai af ag = ad (j (d (ah w (z q q s) j f e)))
l ae ai af ah ag aj = h (u r (v (t (b w ad w i n v e ab b u d))))
m ae ag af = w (v (ac (q k q o s l h ab b o) x))
n ae ag af = k h ac (r j y h b s (y h (d w b ac ac u)))
o ah aj ai ae af ag = w (s (m c (v (n h l aa aa i) x q j e q)))
p ag ah ae af = i (ag s (f (g v ab ae f h j r q) j))
q = aa (l (i a (o f (y c aa u ad aa u r) m)))
r af ae ag = ad aa c (q z x t)
s ag ae af ah ai = aa q ad b
t ah ae ag af = s (h (g u (ae f k f c ab)))
u ae = g ac (m (w s (v g d ad l) d ae ae k l))
v ag ah ae af ai = x k (j ag) r (a (h (n (s x z p c i ad q) z)))
w = l p aa o l c (ac (p z k p q))
x af ah ag ae = g (z (ah w (a y e f m z u f)))
y = d (a (r c l j a))
z ae af ag = aa y t (e v) q
aa af ae ag = j o u
ab ag af aj ah ae ai = s ad ac x p d (i o) k
ac ae af = u c (d (m (z o m a h t n j p k b z n x)))
ad af ag ae = o (d h (g (v x u v i h y e)))
main = g (A j (k (d h B (C r (l (D E o p (r (o m (n (F x d (u (i r (d (p (a (v o) (ac (b G (g k H (u (p (I q (o c (e r (r (ab (J K (z r e k t l e o e k k d L k p v M j t r ac N O ad b ab a ac h P r Q e t f q l c z e ab v n m R a k k z p s v m)))))))))))))))))))))))))))
------------------------------------------------------------
g (A j (k (d h B (C r (l (D E o p (r (o m (n (F x d (u (i r (d (p (a (v o) (ac (b G (g k H (u (p (I q (o c (e r (r (ab (J K (z r e k t l e o e k k d L k p v M j t r ac N O ad b ab a ac h P r Q e t f q l c z e ab v n m R a k k z p s v m)))))))))))))))))))))))))))
t (a i p q v) (m (s (a e y n s j x u)))
t (l p (q v (w q x p d v)) q v) (m (s (a e y n s j x u)))
t (l p (aa (l (i a (o f (y c aa u ad aa u r) m))) v (w q x p d v)) q v) (m (s (a e y n s j x u)))
t (l p (j o u) q v) (m (s (a e y n s j x u)))
t (l p i q v) (m (s (a e y n s j x u)))
t (l p i q v) (m (s (l p (q v (w q x y d v)) n s j x u)))
t (l p i q v) (m (s (h (u r (v (t (b w ad w i n v e ab b u d)))) u)))
t (l p i q v) (m (s (h (g ac (m (w s (v g d ad l) d r r k l)) (v (t (b w ad w i n v e ab b u d)))) u)))
t (l p i q v) (m (s (h (t (a i p q v) (m (s (a e y n s j x u))) (m (w s (v g d ad l) d r r k l)) (v (t (b w ad w i n v e ab b u d)))) u)))
t (l p i q v) (m (s (h (s (h (g u (m (s (a e y n s j x u)) f k f c ab)))) u)))
t (l p i q v) (m (s (h (s (h (t (a i p q v) (m (s (a e y n s j x u))) (m (s (a e y n s j x u)) f k f c ab)))) u)))
t (l p i q v) (m (s (h (s (h (t (l p (q v (w q x p d v)) q v) (m (s (a e y n s j x u))) (m (s (a e y n s j x u)) f k f c ab)))) u)))
t (l p i q v) (m (s (h (s (h (t (l p (aa (l (i a (o f (y c aa u ad aa u r) m))) v (w q x p d v)) q v) (m (s (a e y n s j x u))) (m (s (a e y n s j x u)) f k f c ab)))) u)))
t (l p i q v) (m (s (h (s (h (t (l p (j o u) q v) (m (s (a e y n s j x u))) (m (s (a e y n s j x u)) f k f c ab)))) u)))
t (l p i q v) (m (s (h (s (h (t (l p i q v) (m (s (a e y n s j x u))) (m (s (a e y n s j x u)) f k f c ab)))) u)))
t (l p i q v) (m (s (h (s (h (t (l p i q v) (m (s (l p (q v (w q x y d v)) n s j x u))) (m (s (a e y n s j x u)) f k f c ab)))) u)))
t (l p i q v) (m (s (h (s (h (t (l p i q v) (m (s (h (u r (v (t (b w ad w i n v e ab b u d)))) u))) (m (s (a e y n s j x u)) f k f c ab)))) u)))
t (l p i q v) (m (s (h (s (h (t (l p i q v) (m (s (h (g ac (m (w s (v g d ad l) d r r k l)) (v (t (b w ad w i n v e ab b u d)))) u))) (m (s (a e y n s j x u)) f k f c ab)))) u)))
t (l p i q v) (m (s (h (s (h (t (l p i q v) (m (s (h (t (a i p q v) (m (s (a e y n s j x u))) (m (w s (v g d ad l) d r r k l)) (v (t (b w ad w i n v e ab b u d)))) u))) (m (s (a e y n s j x u)) f k f c ab)))) u)))
t (l p i q v) (m (s (h (s (h (t (l p i q v) (m (s (h (s (h (g u (m (s (a e y n s j x u)) f k f c ab)))) u))) (m (s (a e y n s j x u)) f k f c ab)))) u)))
t (l p i q v) (m (s (h (s (h (t (l p i q v) (m (s (h (s (h (t (a i p q v) (m (s (a e y n s j x u))) (m (s (a e y n s j x u)) f k f c ab)))) u))) (m (s (a e y n s j x u)) f k f c ab)))) u)))
t (l p i q v) (m (s (h (s (h (t (l p i q v) (m (s (h (s (h (t (l p (q v (w q x p d v)) q v) (m (s (a e y n s j x u))) (m (s (a e y n s j x u)) f k f c ab)))) u))) (m (s (a e y n s j x u)) f k f c ab)))) u)))
t (l p i q v) (m (s (h (s (h (t (l p i q v) (m (s (h (s (h (t (l p (aa (l (i a (o f (y c aa u ad aa u r) m))) v (w q x p d v)) q v) (m (s (a e y n s j x u))) (m (s (a e y n s j x u)) f k f c ab)))) u))) (m (s (a e y n s j x u)) f k f c ab)))) u)))
t (l p i q v) (m (s (h (s (h (t (l p i q v) (m (s (h (s (h (t (l p (j o u) q v) (m (s (a e y n s j x u))) (m (s (a e y n s j x u)) f k f c ab)))) u))) (m (s (a e y n s j x u)) f k f c ab)))) u)))
t (l p i q v) (m (s (h (s (h (t (l p i q v) (m (s (h (s (h (t (l p i q v) (m (s (a e y n s j x u))) (m (s (a e y n s j x u)) f k f c ab)))) u))) (m (s (a e y n s j x u)) f k f c ab)))) u)))
t (l p i q v) (m (s (h (s (h (t (l p i q v) (m (s (h (s (h (t (l p i q v) (m (s (l p (q v (w q x y d v)) n s j x u))) (m (s (a e y n s j x u)) f k f c ab)))) u))) (m (s (a e y n s j x u)) f k f c ab)))) u)))
t (l p i q v) (m (s (h (s (h (t (l p i q v) (m (s (h (s (h (t (l p i q v) (m (s (h (u r (v (t (b w ad w i n v e ab b u d)))) u))) (m (s (a e y n s j x u)) f k f c ab)))) u))) (m (s (a e y n s j x u)) f k f c ab)))) u)))
t (l p i q v) (m (s (h (s (h (t (l p i q v) (m (s (h (s (h (t (l p i q v) (m (s (h (g ac (m (w s (v g d ad l) d r r k l)) (v (t (b w ad w i n v e ab b u d)))) u))) (m (s (a e y n s j x u)) f k f c ab)))) u))) (m (s (a e y n s j x u)) f k f c ab)))) u)))
t (l p i q v) (m (s (h (s (h (t (l p i q v) (m (s (h (s (h (t (l p i q v) (m (s (h (t (a i p q v) (m (s (a e y n s j x u))) (m (w s (v g d ad l) d r r k l)) (v (t (b w ad w i n v e ab b u d)))) u))) (m (s (a e y n s j x u)) f k f c ab)))) u))) (m (s (a e y n s j x u)) f k f c ab)))) u)))


