a = y q k x o l (h f (ad ab y i x))
b ae af = n (ab (i (aa a (ae (a u m x y g ad) c af))))
c ag ae ah af = a (a b k x (r (p d d f u ac h d b ac)))
d ae = h (h h a) j ac e z l v ac
e ai ah ae ag af = x (aa ab (ac (ab g ac u a z ac ad d y o)))
f ah ae ai af ag = i r (h (k ad) ah g d m k)
g ai ag ah ae aj af = w (e (ad aa u l n y n n j x))
h ae ah ai ag af = q (r q (u (r (k (b s w n f r l p i af w)))))
i ae af = c (a (q b (q g m p af g b p) l v) n v)
j = ad p (o (z (a f u (s i m g i x a aa w q))))
k ag ae ah af = r h f (b (r (p (r ad v) g n a y b d af)))
l = r (z g w y (u d b h ac c c b ac ad b))
m ae af ah ai ag = z (o n c (c (f ad) h h ad))
n = g b (f r a (s (c aa s aa a i w p o ab w ac)))
o = g (j (h s (b h j e p l c q t z k)))
p ah ag af ae = ab (q x (c (q (d ab k e) m q y) x))
q af ag ae = x (u o b b r u) ad
r ae af ag = c (p (p g g) e e t o b ab y p j m)
s = ab
t af ae = s s (c (n v h e g v k))
u ae = x q p v (y t (k y (aa w ae b i b ae ae d p)))
v = i ab j (t i (w (f (a f a b q g t))))
w ah af ai ag ae = r (e (m ab p ae))
x ae af ag ah = ab a c (m (n j) (h w (e z) w p a) j)
y ae ag ai ah af = x (k (w ad z j) (ad j) (u s s o ah aa))
z ae = j (ac (ac (i p n (a (n ae x a c x r o) g u m))))
aa ae = q (t (e (h (t (f i f d y x c p s t z l z)))))
ab af ah ae ai ag = y g o (ai x p) (e y)
ac ag af ah ae = h (p b n ah (z (aa (p n r q ae y o f v) o n)))
ad af ae = w (g ab q (o (b ac f) v b t a ab i a v))
main = c (A (a (B (e (s (ab b (h (r u p t r (a c h (C c (j (ac (ac n (u h l (x (e t m (q o (y r (D w (m (ab m (E (x k e (p v (F l a w a e G q p m) u H p aa h aa I p d h r n v s d c) d ad c h J x n c r y d q g K y k e a ad x f ad) w e f n o e m))))))))))))))))))))))
------------------------------------------------------------
c (A (a (B (e (s (ab b (h (r u p t r (a c h (C c (j (ac (ac n (u h l (x (e t m (q o (y r (D w (m (ab m (E (x k e (p v (F l a w a e G q p m) u H p aa h aa I p d h r n v s d c) d ad c h J x n c r y d q g K y k e a ad x f ad) w e f n o e m))))))))))))))))))))))
c (A (y q k x o l (h f (ad ab y i x)) (B (e (s (ab b (h (r u p t r (a c h (C c (j (ac (ac n (u h l (x (e t m (q o (y r (D w (m (ab m (E (x k e (p v (F l a w a e G q p m) u H p aa h aa I p d h r n v s d c) d ad c h J x n c r y d q g K y k e a ad x f ad) w e f n o e m))))))))))))))))))))))
c (A (x (k (w ad z j) (ad j) (u s s o o aa)) (h f (ad ab y i x)) (B (e (s (ab b (h (r u p t r (a c h (C c (j (ac (ac n (u h l (x (e t m (q o (y r (D w (m (ab m (E (x k e (p v (F l a w a e G q p m) u H p aa h aa I p d h r n v s d c) d ad c h J x n c r y d q g K y k e a ad x f ad) w e f n o e m))))))))))))))))))))))
c (A (x (k (w ad z (ad p (o (z (a f u (s i m g i x a aa w q)))))) (ad j) (u s s o o aa)) (h f (ad ab y i x)) (B (e (s (ab b (h (r u p t r (a c h (C c (j (ac (ac n (u h l (x (e t m (q o (y r (D w (m (ab m (E (x k e (p v (F l a w a e G q p m) u H p aa h aa I p d h r n v s d c) d ad c h J x n c r y d q g K y k e a ad x f ad) w e f n o e m))))))))))))))))))))))
c (A (x (k (w ad z (w (g ab q (o (b ac f) v b t a ab i a v)))) (ad j) (u s s o o aa)) (h f (ad ab y i x)) (B (e (s (ab b (h (r u p t r (a c h (C c (j (ac (ac n (u h l (x (e t m (q o (y r (D w (m (ab m (E (x k e (p v (F l a w a e G q p m) u H p aa h aa I p d h r n v s d c) d ad c h J x n c r y d q g K y k e a ad x f ad) w e f n o e m))))))))))))))))))))))
c (A (x (k (w ad z (w (g ab q (g (j (h s (b h j e p l c q t z k))) (b ac f) v b t a ab i a v)))) (ad j) (u s s o o aa)) (h f (ad ab y i x)) (B (e (s (ab b (h (r u p t r (a c h (C c (j (ac (ac n (u h l (x (e t m (q o (y r (D w (m (ab m (E (x k e (p v (F l a w a e G q p m) u H p aa h aa I p d h r n v s d c) d ad c h J x n c r y d q g K y k e a ad x f ad) w e f n o e m))))))))))))))))))))))
c (A (x (k (w ad z (w (g ab q (w (e (ad aa u l n y n n j x)) ab i a v)))) (ad j) (u s s o o aa)) (h f (ad ab y i x)) (B (e (s (ab b (h (r u p t r (a c h (C c (j (ac (ac n (u h l (x (e t m (q o (y r (D w (m (ab m (E (x k e (p v (F l a w a e G q p m) u H p aa h aa I p d h r n v s d c) d ad c h J x n c r y d q g K y k e a ad x f ad) w e f n o e m))))))))))))))))))))))
c (A (x (k (w ad z (w (g ab q (r (e (m ab p v)))))) (ad j) (u s s o o aa)) (h f (ad ab y i x)) (B (e (s (ab b (h (r u p t r (a c h (C c (j (ac (ac n (u h l (x (e t m (q o (y r (D w (m (ab m (E (x k e (p v (F l a w a e G q p m) u H p aa h aa I p d h r n v s d c) d ad c h J x n c r y d q g K y k e a ad x f ad) w e f n o e m))))))))))))))))))))))
c (A (x (k (w ad z (w (g ab q (r (e (m ab p (i ab j (t i (w (f (a f a b q g t))))))))))) (ad j) (u s s o o aa)) (h f (ad ab y i x)) (B (e (s (ab b (h (r u p t r (a c h (C c (j (ac (ac n (u h l (x (e t m (q o (y r (D w (m (ab m (E (x k e (p v (F l a w a e G q p m) u H p aa h aa I p d h r n v s d c) d ad c h J x n c r y d q g K y k e a ad x f ad) w e f n o e m))))))))))))))))))))))
c (A (x (k (w ad z (w (g ab q (r (e (m ab p (c (a (q b (q g m p j g b p) l v) n v) (t i (w (f (a f a b q g t))))))))))) (ad j) (u s s o o aa)) (h f (ad ab y i x)) (B (e (s (ab b (h (r u p t r (a c h (C c (j (ac (ac n (u h l (x (e t m (q o (y r (D w (m (ab m (E (x k e (p v (F l a w a e G q p m) u H p aa h aa I p d h r n v s d c) d ad c h J x n c r y d q g K y k e a ad x f ad) w e f n o e m))))))))))))))))))))))
c (A (x (k (w ad z (w (g ab q (r (e (m ab p (c (y q k x o l (h f (ad ab y i x)) (q b (q g m p j g b p) l v) n v) (t i (w (f (a f a b q g t))))))))))) (ad j) (u s s o o aa)) (h f (ad ab y i x)) (B (e (s (ab b (h (r u p t r (a c h (C c (j (ac (ac n (u h l (x (e t m (q o (y r (D w (m (ab m (E (x k e (p v (F l a w a e G q p m) u H p aa h aa I p d h r n v s d c) d ad c h J x n c r y d q g K y k e a ad x f ad) w e f n o e m))))))))))))))))))))))
c (A (x (k (w ad z (w (g ab q (r (e (m ab p (c (x (k (w ad z j) (ad j) (u s s o o aa)) (h f (ad ab y i x)) (q b (q g m p j g b p) l v) n v) (t i (w (f (a f a b q g t))))))))))) (ad j) (u s s o o aa)) (h f (ad ab y i x)) (B (e (s (ab b (h (r u p t r (a c h (C c (j (ac (ac n (u h l (x (e t m (q o (y r (D w (m (ab m (E (x k e (p v (F l a w a e G q p m) u H p aa h aa I p d h r n v s d c) d ad c h J x n c r y d q g K y k e a ad x f ad) w e f n o e m))))))))))))))))))))))
c (A (x (k (w ad z (w (g ab q (r (e (m ab p (c (ab a c (m (n j) (h w (e z) w p a) j) v) (t i (w (f (a f a b q g t))))))))))) (ad j) (u s s o o aa)) (h f (ad ab y i x)) (B (e (s (ab b (h (r u p t r (a c h (C c (j (ac (ac n (u h l (x (e t m (q o (y r (D w (m (ab m (E (x k e (p v (F l a w a e G q p m) u H p aa h aa I p d h r n v s d c) d ad c h J x n c r y d q g K y k e a ad x f ad) w e f n o e m))))))))))))))))))))))
c (A (x (k (w ad z (w (g ab q (r (e (m ab p (c (ab (y q k x o l (h f (ad ab y i x))) c (m (n j) (h w (e z) w p a) j) v) (t i (w (f (a f a b q g t))))))))))) (ad j) (u s s o o aa)) (h f (ad ab y i x)) (B (e (s (ab b (h (r u p t r (a c h (C c (j (ac (ac n (u h l (x (e t m (q o (y r (D w (m (ab m (E (x k e (p v (F l a w a e G q p m) u H p aa h aa I p d h r n v s d c) d ad c h J x n c r y d q g K y k e a ad x f ad) w e f n o e m))))))))))))))))))))))
c (A (x (k (w ad z (w (g ab q (r (e (m ab p (c (ab (x (k (w ad z j) (ad j) (u s s o o aa)) (h f (ad ab y i x))) c (m (n j) (h w (e z) w p a) j) v) (t i (w (f (a f a b q g t))))))))))) (ad j) (u s s o o aa)) (h f (ad ab y i x)) (B (e (s (ab b (h (r u p t r (a c h (C c (j (ac (ac n (u h l (x (e t m (q o (y r (D w (m (ab m (E (x k e (p v (F l a w a e G q p m) u H p aa h aa I p d h r n v s d c) d ad c h J x n c r y d q g K y k e a ad x f ad) w e f n o e m))))))))))))))))))))))
c (A (x (k (w ad z (w (g ab q (r (e (m ab p (c (ab (x (k (w ad z (ad p (o (z (a f u (s i m g i x a aa w q)))))) (ad j) (u s s o o aa)) (h f (ad ab y i x))) c (m (n j) (h w (e z) w p a) j) v) (t i (w (f (a f a b q g t))))))))))) (ad j) (u s s o o aa)) (h f (ad ab y i x)) (B (e (s (ab b (h (r u p t r (a c h (C c (j (ac (ac n (u h l (x (e t m (q o (y r (D w (m (ab m (E (x k e (p v (F l a w a e G q p m) u H p aa h aa I p d h r n v s d c) d ad c h J x n c r y d q g K y k e a ad x f ad) w e f n o e m))))))))))))))))))))))
c (A (x (k (w ad z (w (g ab q (r (e (m ab p (c (ab (x (k (w ad z (w (g ab q (o (b ac f) v b t a ab i a v)))) (ad j) (u s s o o aa)) (h f (ad ab y i x))) c (m (n j) (h w (e z) w p a) j) v) (t i (w (f (a f a b q g t))))))))))) (ad j) (u s s o o aa)) (h f (ad ab y i x)) (B (e (s (ab b (h (r u p t r (a c h (C c (j (ac (ac n (u h l (x (e t m (q o (y r (D w (m (ab m (E (x k e (p v (F l a w a e G q p m) u H p aa h aa I p d h r n v s d c) d ad c h J x n c r y d q g K y k e a ad x f ad) w e f n o e m))))))))))))))))))))))
c (A (x (k (w ad z (w (g ab q (r (e (m ab p (c (ab (x (k (w ad z (w (g ab q (g (j (h s (b h j e p l c q t z k))) (b ac f) v b t a ab i a v)))) (ad j) (u s s o o aa)) (h f (ad ab y i x))) c (m (n j) (h w (e z) w p a) j) v) (t i (w (f (a f a b q g t))))))))))) (ad j) (u s s o o aa)) (h f (ad ab y i x)) (B (e (s (ab b (h (r u p t r (a c h (C c (j (ac (ac n (u h l (x (e t m (q o (y r (D w (m (ab m (E (x k e (p v (F l a w a e G q p m) u H p aa h aa I p d h r n v s d c) d ad c h J x n c r y d q g K y k e a ad x f ad) w e f n o e m))))))))))))))))))))))
c (A (x (k (w ad z (w (g ab q (r (e (m ab p (c (ab (x (k (w ad z (w (g ab q (w (e (ad aa u l n y n n j x)) ab i a v)))) (ad j) (u s s o o aa)) (h f (ad ab y i x))) c (m (n j) (h w (e z) w p a) j) v) (t i (w (f (a f a b q g t))))))))))) (ad j) (u s s o o aa)) (h f (ad ab y i x)) (B (e (s (ab b (h (r u p t r (a c h (C c (j (ac (ac n (u h l (x (e t m (q o (y r (D w (m (ab m (E (x k e (p v (F l a w a e G q p m) u H p aa h aa I p d h r n v s d c) d ad c h J x n c r y d q g K y k e a ad x f ad) w e f n o e m))))))))))))))))))))))
c (A (x (k (w ad z (w (g ab q (r (e (m ab p (c (ab (x (k (w ad z (w (g ab q (r (e (m ab p v)))))) (ad j) (u s s o o aa)) (h f (ad ab y i x))) c (m (n j) (h w (e z) w p a) j) v) (t i (w (f (a f a b q g t))))))))))) (ad j) (u s s o o aa)) (h f (ad ab y i x)) (B (e (s (ab b (h (r u p t r (a c h (C c (j (ac (ac n (u h l (x (e t m (q o (y r (D w (m (ab m (E (x k e (p v (F l a w a e G q p m) u H p aa h aa I p d h r n v s d c) d ad c h J x n c r y d q g K y k e a ad x f ad) w e f n o e m))))))))))))))))))))))
c (A (x (k (w ad z (w (g ab q (r (e (m ab p (c (ab (x (k (w ad z (w (g ab q (r (e (m ab p (i ab j (t i (w (f (a f a b q g t))))))))))) (ad j) (u s s o o aa)) (h f (ad ab y i x))) c (m (n j) (h w (e z) w p a) j) v) (t i (w (f (a f a b q g t))))))))))) (ad j) (u s s o o aa)) (h f (ad ab y i x)) (B (e (s (ab b (h (r u p t r (a c h (C c (j (ac (ac n (u h l (x (e t m (q o (y r (D w (m (ab m (E (x k e (p v (F l a w a e G q p m) u H p aa h aa I p d h r n v s d c) d ad c h J x n c r y d q g K y k e a ad x f ad) w e f n o e m))))))))))))))))))))))
c (A (x (k (w ad z (w (g ab q (r (e (m ab p (c (ab (x (k (w ad z (w (g ab q (r (e (m ab p (c (a (q b (q g m p j g b p) l v) n v) (t i (w (f (a f a b q g t))))))))))) (ad j) (u s s o o aa)) (h f (ad ab y i x))) c (m (n j) (h w (e z) w p a) j) v) (t i (w (f (a f a b q g t))))))))))) (ad j) (u s s o o aa)) (h f (ad ab y i x)) (B (e (s (ab b (h (r u p t r (a c h (C c (j (ac (ac n (u h l (x (e t m (q o (y r (D w (m (ab m (E (x k e (p v (F l a w a e G q p m) u H p aa h aa I p d h r n v s d c) d ad c h J x n c r y d q g K y k e a ad x f ad) w e f n o e m))))))))))))))))))))))
c (A (x (k (w ad z (w (g ab q (r (e (m ab p (c (ab (x (k (w ad z (w (g ab q (r (e (m ab p (c (y q k x o l (h f (ad ab y i x)) (q b (q g m p j g b p) l v) n v) (t i (w (f (a f a b q g t))))))))))) (ad j) (u s s o o aa)) (h f (ad ab y i x))) c (m (n j) (h w (e z) w p a) j) v) (t i (w (f (a f a b q g t))))))))))) (ad j) (u s s o o aa)) (h f (ad ab y i x)) (B (e (s (ab b (h (r u p t r (a c h (C c (j (ac (ac n (u h l (x (e t m (q o (y r (D w (m (ab m (E (x k e (p v (F l a w a e G q p m) u H p aa h aa I p d h r n v s d c) d ad c h J x n c r y d q g K y k e a ad x f ad) w e f n o e m))))))))))))))))))))))
c (A (x (k (w ad z (w (g ab q (r (e (m ab p (c (ab (x (k (w ad z (w (g ab q (r (e (m ab p (c (x (k (w ad z j) (ad j) (u s s o o aa)) (h f (ad ab y i x)) (q b (q g m p j g b p) l v) n v) (t i (w (f (a f a b q g t))))))))))) (ad j) (u s s o o aa)) (h f (ad ab y i x))) c (m (n j) (h w (e z) w p a) j) v) (t i (w (f (a f a b q g t))))))))))) (ad j) (u s s o o aa)) (h f (ad ab y i x)) (B (e (s (ab b (h (r u p t r (a c h (C c (j (ac (ac n (u h l (x (e t m (q o (y r (D w (m (ab m (E (x k e (p v (F l a w a e G q p m) u H p aa h aa I p d h r n v s d c) d ad c h J x n c r y d q g K y k e a ad x f ad) w e f n o e m))))))))))))))))))))))
c (A (x (k (w ad z (w (g ab q (r (e (m ab p (c (ab (x (k (w ad z (w (g ab q (r (e (m ab p (c (ab a c (m (n j) (h w (e z) w p a) j) v) (t i (w (f (a f a b q g t))))))))))) (ad j) (u s s o o aa)) (h f (ad ab y i x))) c (m (n j) (h w (e z) w p a) j) v) (t i (w (f (a f a b q g t))))))))))) (ad j) (u s s o o aa)) (h f (ad ab y i x)) (B (e (s (ab b (h (r u p t r (a c h (C c (j (ac (ac n (u h l (x (e t m (q o (y r (D w (m (ab m (E (x k e (p v (F l a w a e G q p m) u H p aa h aa I p d h r n v s d c) d ad c h J x n c r y d q g K y k e a ad x f ad) w e f n o e m))))))))))))))))))))))
c (A (x (k (w ad z (w (g ab q (r (e (m ab p (c (ab (x (k (w ad z (w (g ab q (r (e (m ab p (c (ab (y q k x o l (h f (ad ab y i x))) c (m (n j) (h w (e z) w p a) j) v) (t i (w (f (a f a b q g t))))))))))) (ad j) (u s s o o aa)) (h f (ad ab y i x))) c (m (n j) (h w (e z) w p a) j) v) (t i (w (f (a f a b q g t))))))))))) (ad j) (u s s o o aa)) (h f (ad ab y i x)) (B (e (s (ab b (h (r u p t r (a c h (C c (j (ac (ac n (u h l (x (e t m (q o (y r (D w (m (ab m (E (x k e (p v (F l a w a e G q p m) u H p aa h aa I p d h r n v s d c) d ad c h J x n c r y d q g K y k e a ad x f ad) w e f n o e m))))))))))))))))))))))
c (A (x (k (w ad z (w (g ab q (r (e (m ab p (c (ab (x (k (w ad z (w (g ab q (r (e (m ab p (c (ab (x (k (w ad z j) (ad j) (u s s o o aa)) (h f (ad ab y i x))) c (m (n j) (h w (e z) w p a) j) v) (t i (w (f (a f a b q g t))))))))))) (ad j) (u s s o o aa)) (h f (ad ab y i x))) c (m (n j) (h w (e z) w p a) j) v) (t i (w (f (a f a b q g t))))))))))) (ad j) (u s s o o aa)) (h f (ad ab y i x)) (B (e (s (ab b (h (r u p t r (a c h (C c (j (ac (ac n (u h l (x (e t m (q o (y r (D w (m (ab m (E (x k e (p v (F l a w a e G q p m) u H p aa h aa I p d h r n v s d c) d ad c h J x n c r y d q g K y k e a ad x f ad) w e f n o e m))))))))))))))))))))))
c (A (x (k (w ad z (w (g ab q (r (e (m ab p (c (ab (x (k (w ad z (w (g ab q (r (e (m ab p (c (ab (x (k (w ad z (ad p (o (z (a f u (s i m g i x a aa w q)))))) (ad j) (u s s o o aa)) (h f (ad ab y i x))) c (m (n j) (h w (e z) w p a) j) v) (t i (w (f (a f a b q g t))))))))))) (ad j) (u s s o o aa)) (h f (ad ab y i x))) c (m (n j) (h w (e z) w p a) j) v) (t i (w (f (a f a b q g t))))))))))) (ad j) (u s s o o aa)) (h f (ad ab y i x)) (B (e (s (ab b (h (r u p t r (a c h (C c (j (ac (ac n (u h l (x (e t m (q o (y r (D w (m (ab m (E (x k e (p v (F l a w a e G q p m) u H p aa h aa I p d h r n v s d c) d ad c h J x n c r y d q g K y k e a ad x f ad) w e f n o e m))))))))))))))))))))))
c (A (x (k (w ad z (w (g ab q (r (e (m ab p (c (ab (x (k (w ad z (w (g ab q (r (e (m ab p (c (ab (x (k (w ad z (w (g ab q (o (b ac f) v b t a ab i a v)))) (ad j) (u s s o o aa)) (h f (ad ab y i x))) c (m (n j) (h w (e z) w p a) j) v) (t i (w (f (a f a b q g t))))))))))) (ad j) (u s s o o aa)) (h f (ad ab y i x))) c (m (n j) (h w (e z) w p a) j) v) (t i (w (f (a f a b q g t))))))))))) (ad j) (u s s o o aa)) (h f (ad ab y i x)) (B (e (s (ab b (h (r u p t r (a c h (C c (j (ac (ac n (u h l (x (e t m (q o (y r (D w (m (ab m (E (x k e (p v (F l a w a e G q p m) u H p aa h aa I p d h r n v s d c) d ad c h J x n c r y d q g K y k e a ad x f ad) w e f n o e m))))))))))))))))))))))
c (A (x (k (w ad z (w (g ab q (r (e (m ab p (c (ab (x (k (w ad z (w (g ab q (r (e (m ab p (c (ab (x (k (w ad z (w (g ab q (g (j (h s (b h j e p l c q t z k))) (b ac f) v b t a ab i a v)))) (ad j) (u s s o o aa)) (h f (ad ab y i x))) c (m (n j) (h w (e z) w p a) j) v) (t i (w (f (a f a b q g t))))))))))) (ad j) (u s s o o aa)) (h f (ad ab y i x))) c (m (n j) (h w (e z) w p a) j) v) (t i (w (f (a f a b q g t))))))))))) (ad j) (u s s o o aa)) (h f (ad ab y i x)) (B (e (s (ab b (h (r u p t r (a c h (C c (j (ac (ac n (u h l (x (e t m (q o (y r (D w (m (ab m (E (x k e (p v (F l a w a e G q p m) u H p aa h aa I p d h r n v s d c) d ad c h J x n c r y d q g K y k e a ad x f ad) w e f n o e m))))))))))))))))))))))


