a = ad (p (v m d v))
b af ae = af (y j (p (aa q i t u e g c u)))
c ag ae af ai ah = m u (y (ad ab (f m x x (d z z f t ab j))))
d af ag ae ah = ac (i ac (g (s (i l q f n p b ab u))))
e af aj ag ah ae ai = ac u k t a (m t (ab af (v f u c) b m))
f ae = x n t (x (q m c u n h ab))
g = n (m (s (x x (a p (ab k e m n) i x a))))
h ai af ag ae ah = m (a a f (d a (f m ag m s r k ac ab d m)))
i ae = y m (e (g c q aa e))
j ae ag af ah ai = i (w (v (f (a aa u r b e w d) l v q)))
k ae = y (ad n (j i aa))
l ag ai ae aj af ah = e (w t (a f ae r ag c s))
m ah ae ag af = s (z v s r (j (e (k a w h (l r p) ac o j l))))
n ae af ag = a (aa (m (d e p h p aa g a)))
o aj ai ae ag ah af = x (ah c af aa (i (r w l e z l s aa p n r)))
p af ae ag = e c (aa q k)
q ai ag ah ae af aj = d (p (a (s (d h f z v u x v z g ab p))))
r af ai ag ah ae = af (ab w (i y l))
s ae = r aa (ac r d ad a v)
t ae = g z e
u = e z p o v (w (h w v b ab f k k s d))
v ag ae af = d (s (g u q m s h aa t j p aa ad))
w ae af ag = e (b (n i p y) aa t u i ab e)
x af ai ag ae ah = m d p v ab (g (m t) s w l ad s d)
y ah af ae ag = u z (ab (e w r (z n d aa k ag)))
z ae ah ai af ag = i (p (y aa r d k h ah w i v ai))
aa = j (z z z n k) f
ab af ae ag = d (c (g (h d z y g)))
ac ae = q (w z (z (ad m (k q z t c f ae aa ae))))
ad ae af ah ag = h (ac (w (v (ac j ag (v g a u h x h) g i k o))))
main = h f (r f w (q (A (ad (x (B (c C (j s) (i D v) l h ac (x (f e (p (h e w E (ad o (F k o p n (y G ad d H (ac h) g (aa g (e o (n z I (h (J (ab d p (f (K b) w s k m k x n h p x L i s l m ad M c g n f p l ac l N ac o r y q n aa c s f h i z u) m v))))))))))))))))))))
------------------------------------------------------------
h f (r f w (q (A (ad (x (B (c C (j s) (i D v) l h ac (x (f e (p (h e w E (ad o (F k o p n (y G ad d H (ac h) g (aa g (e o (n z I (h (J (ab d p (f (K b) w s k m k x n h p x L i s l m ad M c g n f p l ac l N ac o r y q n aa c s f h i z u) m v))))))))))))))))))))
h f (r f w (q (A (ad (x (B (m u (y (ad ab (f m x x (d z z f t ab j)))) ac (x (f e (p (h e w E (ad o (F k o p n (y G ad d H (ac h) g (aa g (e o (n z I (h (J (ab d p (f (K b) w s k m k x n h p x L i s l m ad M c g n f p l ac l N ac o r y q n aa c s f h i z u) m v))))))))))))))))))))
h f (r f w (q (A (ad (x (B (s (z v s r (j (e (k a w h (l r p) ac o j l)))))))))))
h f (r f w (q (A (ad (x (B (r aa (ac r d ad a v))))))))
h f (r f w (q (A (ad (x (B (r aa (q (w z (z (ad m (k q z t c f r aa r)))) d ad a v))))))))
h f (r f w (q (A (ad (x (B (r aa (q (w z (z (ad m (y (ad n (j i aa)) z t c f r aa r)))) d ad a v))))))))
h f (r f w (q (A (ad (x (B (r aa (q (w z (z (ad m (u z (ab (e w r (z n d aa k c))) f r aa r)))) d ad a v))))))))
h f (r f w (q (A (ad (x (B (r aa (q (w z (z (ad m (e z p o v (w (h w v b ab f k k s d)) z (ab (e w r (z n d aa k c))) f r aa r)))) d ad a v))))))))
h f (r f w (q (A (ad (x (B (r aa (q (w z (z (ad m (ac u k t a (m t (ab z (v f u c) b m)) (ab (e w r (z n d aa k c))) f r aa r)))) d ad a v))))))))
h f (r f w (q (A (ad (x (B (r aa (q (w z (z (ad m (q (w z (z (ad m (k q z t c f u aa u)))) k t a (m t (ab z (v f u c) b m)) (ab (e w r (z n d aa k c))) f r aa r)))) d ad a v))))))))
h f (r f w (q (A (ad (x (B (r aa (q (w z (z (ad m (d (p (a (s (d h f z v u x v z g ab p)))) f r aa r)))) d ad a v))))))))
h f (r f w (q (A (ad (x (B (r aa (q (w z (z (ad m (ac (i ac (g (s (i l q f n p b ab u)))) r)))) d ad a v))))))))
h f (r f w (q (A (ad (x (B (r aa (q (w z (z (ad m (q (w z (z (ad m (k q z t c f (i ac (g (s (i l q f n p b ab u)))) aa (i ac (g (s (i l q f n p b ab u)))))))) r)))) d ad a v))))))))
h f (r f w (q (A (ad (x (B (r aa (q (w z (z (ad m (q (w z (z (ad m (y (ad n (j i aa)) z t c f (i ac (g (s (i l q f n p b ab u)))) aa (i ac (g (s (i l q f n p b ab u)))))))) r)))) d ad a v))))))))
h f (r f w (q (A (ad (x (B (r aa (q (w z (z (ad m (q (w z (z (ad m (u z (ab (e w r (z n d aa k c))) f (i ac (g (s (i l q f n p b ab u)))) aa (i ac (g (s (i l q f n p b ab u)))))))) r)))) d ad a v))))))))
h f (r f w (q (A (ad (x (B (r aa (q (w z (z (ad m (q (w z (z (ad m (e z p o v (w (h w v b ab f k k s d)) z (ab (e w r (z n d aa k c))) f (i ac (g (s (i l q f n p b ab u)))) aa (i ac (g (s (i l q f n p b ab u)))))))) r)))) d ad a v))))))))
h f (r f w (q (A (ad (x (B (r aa (q (w z (z (ad m (q (w z (z (ad m (ac u k t a (m t (ab z (v f u c) b m)) (ab (e w r (z n d aa k c))) f (i ac (g (s (i l q f n p b ab u)))) aa (i ac (g (s (i l q f n p b ab u)))))))) r)))) d ad a v))))))))
h f (r f w (q (A (ad (x (B (r aa (q (w z (z (ad m (q (w z (z (ad m (q (w z (z (ad m (k q z t c f u aa u)))) k t a (m t (ab z (v f u c) b m)) (ab (e w r (z n d aa k c))) f (i ac (g (s (i l q f n p b ab u)))) aa (i ac (g (s (i l q f n p b ab u)))))))) r)))) d ad a v))))))))
h f (r f w (q (A (ad (x (B (r aa (q (w z (z (ad m (q (w z (z (ad m (d (p (a (s (d h f z v u x v z g ab p)))) f (i ac (g (s (i l q f n p b ab u)))) aa (i ac (g (s (i l q f n p b ab u)))))))) r)))) d ad a v))))))))
h f (r f w (q (A (ad (x (B (r aa (q (w z (z (ad m (q (w z (z (ad m (ac (i ac (g (s (i l q f n p b ab u)))) (i ac (g (s (i l q f n p b ab u)))))))) r)))) d ad a v))))))))
h f (r f w (q (A (ad (x (B (r aa (q (w z (z (ad m (q (w z (z (ad m (q (w z (z (ad m (k q z t c f (i ac (g (s (i l q f n p b ab u)))) aa (i ac (g (s (i l q f n p b ab u)))))))) (i ac (g (s (i l q f n p b ab u)))))))) r)))) d ad a v))))))))
h f (r f w (q (A (ad (x (B (r aa (q (w z (z (ad m (q (w z (z (ad m (q (w z (z (ad m (y (ad n (j i aa)) z t c f (i ac (g (s (i l q f n p b ab u)))) aa (i ac (g (s (i l q f n p b ab u)))))))) (i ac (g (s (i l q f n p b ab u)))))))) r)))) d ad a v))))))))
h f (r f w (q (A (ad (x (B (r aa (q (w z (z (ad m (q (w z (z (ad m (q (w z (z (ad m (u z (ab (e w r (z n d aa k c))) f (i ac (g (s (i l q f n p b ab u)))) aa (i ac (g (s (i l q f n p b ab u)))))))) (i ac (g (s (i l q f n p b ab u)))))))) r)))) d ad a v))))))))
h f (r f w (q (A (ad (x (B (r aa (q (w z (z (ad m (q (w z (z (ad m (q (w z (z (ad m (e z p o v (w (h w v b ab f k k s d)) z (ab (e w r (z n d aa k c))) f (i ac (g (s (i l q f n p b ab u)))) aa (i ac (g (s (i l q f n p b ab u)))))))) (i ac (g (s (i l q f n p b ab u)))))))) r)))) d ad a v))))))))
h f (r f w (q (A (ad (x (B (r aa (q (w z (z (ad m (q (w z (z (ad m (q (w z (z (ad m (ac u k t a (m t (ab z (v f u c) b m)) (ab (e w r (z n d aa k c))) f (i ac (g (s (i l q f n p b ab u)))) aa (i ac (g (s (i l q f n p b ab u)))))))) (i ac (g (s (i l q f n p b ab u)))))))) r)))) d ad a v))))))))
h f (r f w (q (A (ad (x (B (r aa (q (w z (z (ad m (q (w z (z (ad m (q (w z (z (ad m (q (w z (z (ad m (k q z t c f u aa u)))) k t a (m t (ab z (v f u c) b m)) (ab (e w r (z n d aa k c))) f (i ac (g (s (i l q f n p b ab u)))) aa (i ac (g (s (i l q f n p b ab u)))))))) (i ac (g (s (i l q f n p b ab u)))))))) r)))) d ad a v))))))))
h f (r f w (q (A (ad (x (B (r aa (q (w z (z (ad m (q (w z (z (ad m (q (w z (z (ad m (d (p (a (s (d h f z v u x v z g ab p)))) f (i ac (g (s (i l q f n p b ab u)))) aa (i ac (g (s (i l q f n p b ab u)))))))) (i ac (g (s (i l q f n p b ab u)))))))) r)))) d ad a v))))))))
h f (r f w (q (A (ad (x (B (r aa (q (w z (z (ad m (q (w z (z (ad m (q (w z (z (ad m (ac (i ac (g (s (i l q f n p b ab u)))) (i ac (g (s (i l q f n p b ab u)))))))) (i ac (g (s (i l q f n p b ab u)))))))) r)))) d ad a v))))))))
h f (r f w (q (A (ad (x (B (r aa (q (w z (z (ad m (q (w z (z (ad m (q (w z (z (ad m (q (w z (z (ad m (k q z t c f (i ac (g (s (i l q f n p b ab u)))) aa (i ac (g (s (i l q f n p b ab u)))))))) (i ac (g (s (i l q f n p b ab u)))))))) (i ac (g (s (i l q f n p b ab u)))))))) r)))) d ad a v))))))))
h f (r f w (q (A (ad (x (B (r aa (q (w z (z (ad m (q (w z (z (ad m (q (w z (z (ad m (q (w z (z (ad m (y (ad n (j i aa)) z t c f (i ac (g (s (i l q f n p b ab u)))) aa (i ac (g (s (i l q f n p b ab u)))))))) (i ac (g (s (i l q f n p b ab u)))))))) (i ac (g (s (i l q f n p b ab u)))))))) r)))) d ad a v))))))))


