a h
b ae af ag af q x i n
c af ai ah ae ag aj s m ad aj k i ad g
d ag ae af b p
e k s (b ab m aa (o l v))
f af ag ae h m a
g af ae e q i (af q w af)
h ae af ab ae c s
i ae af b
j ae af af g w t s (p u af l ae)
k ae d
l ah aj af ag ai ae e ac d u t m y a h
m ae af o r w ad aa ae ae
n t ab
o u m l
p af ae ag r a ag a a i
q ag ae af af
r d v
s aa k w
t ae af g o s ae
u af ae e (x i c) e q o r s
v i
w v f u i k
x af ah ae ag ai c
y af ae ac (j w x)
z ai ah ag ae af e (m b w) e h
aa af ag ae v o
ab t z (g j) aa
ac ae e ab aa u k ae z (i n)
ad af ae k q ae y
main e A (ab B t x u (v p (q d c (y (C D ab E (F f w d G)) H n ad) d q) z I) t (J K L (M (N (v aa q c j (t p b ac) ad) (i (O e)) k b) P r s (k ad x Q e R S m) t ad (T U b (V h z i)) q W j r b) u X m v w) ad r Y) g z (o c (d (Z k f AA ab d) aa (AB h c AC d)))
------------------------------------------------------------
e A (ab B t x u (v p (q d c (y (C D ab E (F f w d G)) H n ad) d q) z I) t (J K L (M (N (v aa q c j (t p b ac) ad) (i (O e)) k b) P r s (k ad x Q e R S m) t ad (T U b (V h z i)) q W j r b) u X m v w) ad r Y) g z (o c (d (Z k f AA ab d) aa (AB h c AC d)))
k s (b ab m aa (o l v)) A (ab B t x u (v p (q d c (y (C D ab E (F f w d G)) H n ad) d q) z I) t (J K L (M (N (v aa q c j (t p b ac) ad) (i (O e)) k b) P r s (k ad x Q e R S m) t ad (T U b (V h z i)) q W j r b) u X m v w) ad r Y) g z (o c (d (Z k f AA ab d) aa (AB h c AC d)))
d (b ab m aa (o l v)) A (ab B t x u (v p (q d c (y (C D ab E (F f w d G)) H n ad) d q) z I) t (J K L (M (N (v aa q c j (t p b ac) ad) (i (O e)) k b) P r s (k ad x Q e R S m) t ad (T U b (V h z i)) q W j r b) u X m v w) ad r Y) g z (o c (d (Z k f AA ab d) aa (AB h c AC d)))
b p g z (o c (d (Z k f AA ab d) aa (AB h c AC d)))
g q x i n (o c (d (Z k f AA ab d) aa (AB h c AC d)))
e q i (q q w q) i n (o c (d (Z k f AA ab d) aa (AB h c AC d)))
k s (b ab m aa (o l v)) q i (q q w q) i n (o c (d (Z k f AA ab d) aa (AB h c AC d)))
d (b ab m aa (o l v)) q i (q q w q) i n (o c (d (Z k f AA ab d) aa (AB h c AC d)))
b p (q q w q) i n (o c (d (Z k f AA ab d) aa (AB h c AC d)))
q q w q q x i n n (o c (d (Z k f AA ab d) aa (AB h c AC d)))
q q x i n n (o c (d (Z k f AA ab d) aa (AB h c AC d)))
i n n (o c (d (Z k f AA ab d) aa (AB h c AC d)))
b (o c (d (Z k f AA ab d) aa (AB h c AC d)))
b (u m l c (d (Z k f AA ab d) aa (AB h c AC d)))
b (e (x i c) e q o r s c (d (Z k f AA ab d) aa (AB h c AC d)))
b (k s (b ab m aa (o l v)) (x i c) e q o r s c (d (Z k f AA ab d) aa (AB h c AC d)))
b (d (b ab m aa (o l v)) (x i c) e q o r s c (d (Z k f AA ab d) aa (AB h c AC d)))
b (b p q o r s c (d (Z k f AA ab d) aa (AB h c AC d)))
b (q q x i n r s c (d (Z k f AA ab d) aa (AB h c AC d)))
b (i n r s c (d (Z k f AA ab d) aa (AB h c AC d)))
b (b s c (d (Z k f AA ab d) aa (AB h c AC d)))
b (c q x i n)


