a af ae = x
b af ai ae aj ag ah = u (f (d w) ae p d ad o)
c ah ae af ag = d a o m b
d ai ag af ah ae = u (ah o) h (l ac (l m m m))
e = g s (m n ad g aa)
f ae = d
g = ac m w (o b z k m s m)
h ae ag ah ai af = z v
i ae af = u s
j ae = h ae i
k ah ae ai aj af ag = d w f g l
l ag af ae = v i ab u j n ag q e
m = b v k i x ab
n ag ae ah af = h
o ae ag af = u ae t af s
p af ah ai ag ae = d ad ag v ae w y j l ah
q ag ah ae af = t ad j w o k ag
r af ae = l j j g (i (aa a) ae) v v
s ag ae ah af = c d l q z ab ah ac e
t ae af ah ai ag aj = s f o i g
u ae af = s z v
v af ag ah ae = p (ab j) p aa ad z u
w af ah ag ae = ah h b h u a (ag u x u)
x af ah ag aj ai ae = q
y ae = l ae k n g
z ah ae af ag = j y (af c) f ag ab k
aa ae ah ag af = q
ab ag ah af ae ai = k ac k b ai h q
ac = f s aa
ad ag af ae = y s k l
main = A r B p C s p y c o (aa D f (d (E e (F G (v H) ab y (I J K (ac u ac ac q (f r ad y e d aa (z k g) z (L d ab (j i M N O (P r ac n Q R d b i m y)) q) f x r l m j b u o o r S (ab ad k i T) n n aa (U v d y d s V ac)) h i W ac f w t X ac x Y))))))
------------------------------------------------------------
A r B p C s p y c o (aa D f (d (E e (F G (v H) ab y (I J K (ac u ac ac q (f r ad y e d aa (z k g) z (L d ab (j i M N O (P r ac n Q R d b i m y)) q) f x r l m j b u o o r S (ab ad k i T) n n aa (U v d y d s V ac)) h i W ac f w t X ac x Y))))))
A r B p C s p y c o (aa D f (d (E e (F G (v H) ab y (I J K (f s aa u ac ac q (f r ad y e d aa (z k g) z (L d ab (j i M N O (P r ac n Q R d b i m y)) q) f x r l m j b u o o r S (ab ad k i T) n n aa (U v d y d s V ac)) h i W ac f w t X ac x Y))))))
A r B p C s p y c o (aa D f (d (E e (F G (v H) ab y (I J K (d aa u ac ac q (f r ad y e d aa (z k g) z (L d ab (j i M N O (P r ac n Q R d b i m y)) q) f x r l m j b u o o r S (ab ad k i T) n n aa (U v d y d s V ac)) h i W ac f w t X ac x Y))))))
A r B p C s p y c o (aa D f (d (E e (F G (v H) ab y (I J K (u (ac o) h (l ac (l m m m)) (f r ad y e d aa (z k g) z (L d ab (j i M N O (P r ac n Q R d b i m y)) q) f x r l m j b u o o r S (ab ad k i T) n n aa (U v d y d s V ac)) h i W ac f w t X ac x Y))))))
A r B p C s p y c o (aa D f (d (E e (F G (v H) ab y (I J K (s z v (l ac (l m m m)) (f r ad y e d aa (z k g) z (L d ab (j i M N O (P r ac n Q R d b i m y)) q) f x r l m j b u o o r S (ab ad k i T) n n aa (U v d y d s V ac)) h i W ac f w t X ac x Y))))))
A r B p C s p y c o (aa D f (d (E e (F G (v H) ab y (I J K (c d l q z ab (l ac (l m m m)) ac e h i W ac f w t X ac x Y))))))
A r B p C s p y c o (aa D f (d (E e (F G (v H) ab y (I J K (d a o m b ab (l ac (l m m m)) ac e h i W ac f w t X ac x Y))))))
A r B p C s p y c o (aa D f (d (E e (F G (v H) ab y (I J K (u (b o) h (l ac (l m m m)) (l ac (l m m m)) ac e h i W ac f w t X ac x Y))))))
A r B p C s p y c o (aa D f (d (E e (F G (v H) ab y (I J K (s z v (l ac (l m m m)) (l ac (l m m m)) ac e h i W ac f w t X ac x Y))))))
A r B p C s p y c o (aa D f (d (E e (F G (v H) ab y (I J K (c d l q z ab (l ac (l m m m)) ac e ac e h i W ac f w t X ac x Y))))))
A r B p C s p y c o (aa D f (d (E e (F G (v H) ab y (I J K (d a o m b ab (l ac (l m m m)) ac e ac e h i W ac f w t X ac x Y))))))
A r B p C s p y c o (aa D f (d (E e (F G (v H) ab y (I J K (u (b o) h (l ac (l m m m)) (l ac (l m m m)) ac e ac e h i W ac f w t X ac x Y))))))
A r B p C s p y c o (aa D f (d (E e (F G (v H) ab y (I J K (s z v (l ac (l m m m)) (l ac (l m m m)) ac e ac e h i W ac f w t X ac x Y))))))
A r B p C s p y c o (aa D f (d (E e (F G (v H) ab y (I J K (c d l q z ab (l ac (l m m m)) ac e ac e ac e h i W ac f w t X ac x Y))))))
A r B p C s p y c o (aa D f (d (E e (F G (v H) ab y (I J K (d a o m b ab (l ac (l m m m)) ac e ac e ac e h i W ac f w t X ac x Y))))))
A r B p C s p y c o (aa D f (d (E e (F G (v H) ab y (I J K (u (b o) h (l ac (l m m m)) (l ac (l m m m)) ac e ac e ac e h i W ac f w t X ac x Y))))))
A r B p C s p y c o (aa D f (d (E e (F G (v H) ab y (I J K (s z v (l ac (l m m m)) (l ac (l m m m)) ac e ac e ac e h i W ac f w t X ac x Y))))))
A r B p C s p y c o (aa D f (d (E e (F G (v H) ab y (I J K (c d l q z ab (l ac (l m m m)) ac e ac e ac e ac e h i W ac f w t X ac x Y))))))
A r B p C s p y c o (aa D f (d (E e (F G (v H) ab y (I J K (d a o m b ab (l ac (l m m m)) ac e ac e ac e ac e h i W ac f w t X ac x Y))))))
A r B p C s p y c o (aa D f (d (E e (F G (v H) ab y (I J K (u (b o) h (l ac (l m m m)) (l ac (l m m m)) ac e ac e ac e ac e h i W ac f w t X ac x Y))))))
A r B p C s p y c o (aa D f (d (E e (F G (v H) ab y (I J K (s z v (l ac (l m m m)) (l ac (l m m m)) ac e ac e ac e ac e h i W ac f w t X ac x Y))))))
A r B p C s p y c o (aa D f (d (E e (F G (v H) ab y (I J K (c d l q z ab (l ac (l m m m)) ac e ac e ac e ac e ac e h i W ac f w t X ac x Y))))))
A r B p C s p y c o (aa D f (d (E e (F G (v H) ab y (I J K (d a o m b ab (l ac (l m m m)) ac e ac e ac e ac e ac e h i W ac f w t X ac x Y))))))
A r B p C s p y c o (aa D f (d (E e (F G (v H) ab y (I J K (u (b o) h (l ac (l m m m)) (l ac (l m m m)) ac e ac e ac e ac e ac e h i W ac f w t X ac x Y))))))
A r B p C s p y c o (aa D f (d (E e (F G (v H) ab y (I J K (s z v (l ac (l m m m)) (l ac (l m m m)) ac e ac e ac e ac e ac e h i W ac f w t X ac x Y))))))
A r B p C s p y c o (aa D f (d (E e (F G (v H) ab y (I J K (c d l q z ab (l ac (l m m m)) ac e ac e ac e ac e ac e ac e h i W ac f w t X ac x Y))))))
A r B p C s p y c o (aa D f (d (E e (F G (v H) ab y (I J K (d a o m b ab (l ac (l m m m)) ac e ac e ac e ac e ac e ac e h i W ac f w t X ac x Y))))))
A r B p C s p y c o (aa D f (d (E e (F G (v H) ab y (I J K (u (b o) h (l ac (l m m m)) (l ac (l m m m)) ac e ac e ac e ac e ac e ac e h i W ac f w t X ac x Y))))))
A r B p C s p y c o (aa D f (d (E e (F G (v H) ab y (I J K (s z v (l ac (l m m m)) (l ac (l m m m)) ac e ac e ac e ac e ac e ac e h i W ac f w t X ac x Y))))))
A r B p C s p y c o (aa D f (d (E e (F G (v H) ab y (I J K (c d l q z ab (l ac (l m m m)) ac e ac e ac e ac e ac e ac e ac e h i W ac f w t X ac x Y))))))


