a ae af ag = y (n w)
b ae af ah ag ai = ab aa
c ag af ah ai ae = i d z (m (p a t o t m (q (x (l j) t f d ai))))
d ah ag ai af aj ae = t r t p (h n n m f)
e ag ae af = x b
f af aj ai ah ae ag = aa s (x (i n (a t af a e aa aa x)))
g = a o ad (c k t p u s q ad m)
h ae = f y o
i ai af ae ah ag = aa (t v p (w v (ac (o j (h a w ae f o x p)))))
j ae ah ag af aj ai = p (l (y v (c ab k ac u u aj r)))
k ae = ae (c (aa (a i h h b) x))
l ai af ae ah ag aj = y (u (b (j (ah s j f r i f e af aa ab w e u))))
m ah af ae ag = p v c c k
n ag af ae = s (u ac (b (c d s (i g r ad e u t k d af x))))
o ag ah af ai ae = m (b n (b ah b b h ae))
p af ae = aa m (l (n v a c t x o a af ad i n i))
q ae af ag = w w p ac c y
r = z j (d (ab (v (x w l v) o o u)))
s af ag ah ae = b d k
t af ag ae ah = g f (a j (y y aa e u x r a k r a))
u ah ai af ae ag = a (z (m ad z (b ab) w ab f ad y ae a))
v af ae ag ah = y (d j (j ab ab s k ad (s (ab k) p d s w i c)))
w af ae = s (x p x n)
x = t m (d (k b j k m l aa ab r))
y = k u (m m (q s h p))
z ae af = q (a (e c r x))
aa ae = ae ae w v d z
ab ah ai ae ag af = m (m ad ac) i (f (d j x k l ae c))
ac ae = t j (ae x k k o q b a)
ad ag aj ai ae af ah = u ac p (x (y (c k z ab) y ag g i))
main = t (h c x i (i (j (A i g t ac d k ab i j b ab u (u (f ad (f (h r (B ad (j w (b d (z k (g j (g (l (C (f r v g f) d ab) a (h n p (c (v (p t) (w (d b h n (m (f y k p (D (w h n h r j q v s w i c ac E x t q F l ac d j u aa G c v s u p m z p H j))))))))))))))))))))))))
------------------------------------------------------------
t (h c x i (i (j (A i g t ac d k ab i j b ab u (u (f ad (f (h r (B ad (j w (b d (z k (g j (g (l (C (f r v g f) d ab) a (h n p (c (v (p t) (w (d b h n (m (f y k p (D (w h n h r j q v s w i c ac E x t q F l ac d j u aa G c v s u p m z p H j))))))))))))))))))))))))
t (f y o x i (i (j (A i g t ac d k ab i j b ab u (u (f ad (f (h r (B ad (j w (b d (z k (g j (g (l (C (f r v g f) d ab) a (h n p (c (v (p t) (w (d b h n (m (f y k p (D (w h n h r j q v s w i c ac E x t q F l ac d j u aa G c v s u p m z p H j))))))))))))))))))))))))
t (f (k u (m m (q s h p))) o x i (i (j (A i g t ac d k ab i j b ab u (u (f ad (f (h r (B ad (j w (b d (z k (g j (g (l (C (f r v g f) d ab) a (h n p (c (v (p t) (w (d b h n (m (f y k p (D (w h n h r j q v s w i c ac E x t q F l ac d j u aa G c v s u p m z p H j))))))))))))))))))))))))
t (f (u (c (aa (a i h h b) x)) (m m (q s h p))) o x i (i (j (A i g t ac d k ab i j b ab u (u (f ad (f (h r (B ad (j w (b d (z k (g j (g (l (C (f r v g f) d ab) a (h n p (c (v (p t) (w (d b h n (m (f y k p (D (w h n h r j q v s w i c ac E x t q F l ac d j u aa G c v s u p m z p H j))))))))))))))))))))))))
t (f (u (c (a i h h b (a i h h b) w v d z x)) (m m (q s h p))) o x i (i (j (A i g t ac d k ab i j b ab u (u (f ad (f (h r (B ad (j w (b d (z k (g j (g (l (C (f r v g f) d ab) a (h n p (c (v (p t) (w (d b h n (m (f y k p (D (w h n h r j q v s w i c ac E x t q F l ac d j u aa G c v s u p m z p H j))))))))))))))))))))))))
t (f (u (c (y (n w) b (a i h h b) w v d z x)) (m m (q s h p))) o x i (i (j (A i g t ac d k ab i j b ab u (u (f ad (f (h r (B ad (j w (b d (z k (g j (g (l (C (f r v g f) d ab) a (h n p (c (v (p t) (w (d b h n (m (f y k p (D (w h n h r j q v s w i c ac E x t q F l ac d j u aa G c v s u p m z p H j))))))))))))))))))))))))
t (f (u (c (k u (m m (q s h p)) (n w) b (a i h h b) w v d z x)) (m m (q s h p))) o x i (i (j (A i g t ac d k ab i j b ab u (u (f ad (f (h r (B ad (j w (b d (z k (g j (g (l (C (f r v g f) d ab) a (h n p (c (v (p t) (w (d b h n (m (f y k p (D (w h n h r j q v s w i c ac E x t q F l ac d j u aa G c v s u p m z p H j))))))))))))))))))))))))
t (f (u (c (u (c (aa (a i h h b) x)) (m m (q s h p)) (n w) b (a i h h b) w v d z x)) (m m (q s h p))) o x i (i (j (A i g t ac d k ab i j b ab u (u (f ad (f (h r (B ad (j w (b d (z k (g j (g (l (C (f r v g f) d ab) a (h n p (c (v (p t) (w (d b h n (m (f y k p (D (w h n h r j q v s w i c ac E x t q F l ac d j u aa G c v s u p m z p H j))))))))))))))))))))))))
t (f (u (c (a (z (m ad z (b ab) w ab f ad y b a)) w v d z x)) (m m (q s h p))) o x i (i (j (A i g t ac d k ab i j b ab u (u (f ad (f (h r (B ad (j w (b d (z k (g j (g (l (C (f r v g f) d ab) a (h n p (c (v (p t) (w (d b h n (m (f y k p (D (w h n h r j q v s w i c ac E x t q F l ac d j u aa G c v s u p m z p H j))))))))))))))))))))))))
t (f (u (c (y (n w) d z x)) (m m (q s h p))) o x i (i (j (A i g t ac d k ab i j b ab u (u (f ad (f (h r (B ad (j w (b d (z k (g j (g (l (C (f r v g f) d ab) a (h n p (c (v (p t) (w (d b h n (m (f y k p (D (w h n h r j q v s w i c ac E x t q F l ac d j u aa G c v s u p m z p H j))))))))))))))))))))))))
t (f (u (c (k u (m m (q s h p)) (n w) d z x)) (m m (q s h p))) o x i (i (j (A i g t ac d k ab i j b ab u (u (f ad (f (h r (B ad (j w (b d (z k (g j (g (l (C (f r v g f) d ab) a (h n p (c (v (p t) (w (d b h n (m (f y k p (D (w h n h r j q v s w i c ac E x t q F l ac d j u aa G c v s u p m z p H j))))))))))))))))))))))))
t (f (u (c (u (c (aa (a i h h b) x)) (m m (q s h p)) (n w) d z x)) (m m (q s h p))) o x i (i (j (A i g t ac d k ab i j b ab u (u (f ad (f (h r (B ad (j w (b d (z k (g j (g (l (C (f r v g f) d ab) a (h n p (c (v (p t) (w (d b h n (m (f y k p (D (w h n h r j q v s w i c ac E x t q F l ac d j u aa G c v s u p m z p H j))))))))))))))))))))))))
t (f (u (c (a (z (m ad z (b ab) w ab f ad y d a)) x)) (m m (q s h p))) o x i (i (j (A i g t ac d k ab i j b ab u (u (f ad (f (h r (B ad (j w (b d (z k (g j (g (l (C (f r v g f) d ab) a (h n p (c (v (p t) (w (d b h n (m (f y k p (D (w h n h r j q v s w i c ac E x t q F l ac d j u aa G c v s u p m z p H j))))))))))))))))))))))))
t (f (u (c (a (z (p v c c k ab f ad y d a)) x)) (m m (q s h p))) o x i (i (j (A i g t ac d k ab i j b ab u (u (f ad (f (h r (B ad (j w (b d (z k (g j (g (l (C (f r v g f) d ab) a (h n p (c (v (p t) (w (d b h n (m (f y k p (D (w h n h r j q v s w i c ac E x t q F l ac d j u aa G c v s u p m z p H j))))))))))))))))))))))))
t (f (u (c (a (z (aa m (l (n v a c t x o a v ad i n i)) c k ab f ad y d a)) x)) (m m (q s h p))) o x i (i (j (A i g t ac d k ab i j b ab u (u (f ad (f (h r (B ad (j w (b d (z k (g j (g (l (C (f r v g f) d ab) a (h n p (c (v (p t) (w (d b h n (m (f y k p (D (w h n h r j q v s w i c ac E x t q F l ac d j u aa G c v s u p m z p H j))))))))))))))))))))))))
t (f (u (c (a (z (m m w v d z (l (n v a c t x o a v ad i n i)) c k ab f ad y d a)) x)) (m m (q s h p))) o x i (i (j (A i g t ac d k ab i j b ab u (u (f ad (f (h r (B ad (j w (b d (z k (g j (g (l (C (f r v g f) d ab) a (h n p (c (v (p t) (w (d b h n (m (f y k p (D (w h n h r j q v s w i c ac E x t q F l ac d j u aa G c v s u p m z p H j))))))))))))))))))))))))
t (f (u (c (a (z (p v c c k z (l (n v a c t x o a v ad i n i)) c k ab f ad y d a)) x)) (m m (q s h p))) o x i (i (j (A i g t ac d k ab i j b ab u (u (f ad (f (h r (B ad (j w (b d (z k (g j (g (l (C (f r v g f) d ab) a (h n p (c (v (p t) (w (d b h n (m (f y k p (D (w h n h r j q v s w i c ac E x t q F l ac d j u aa G c v s u p m z p H j))))))))))))))))))))))))
t (f (u (c (a (z (aa m (l (n v a c t x o a v ad i n i)) c k z (l (n v a c t x o a v ad i n i)) c k ab f ad y d a)) x)) (m m (q s h p))) o x i (i (j (A i g t ac d k ab i j b ab u (u (f ad (f (h r (B ad (j w (b d (z k (g j (g (l (C (f r v g f) d ab) a (h n p (c (v (p t) (w (d b h n (m (f y k p (D (w h n h r j q v s w i c ac E x t q F l ac d j u aa G c v s u p m z p H j))))))))))))))))))))))))
t (f (u (c (a (z (m m w v d z (l (n v a c t x o a v ad i n i)) c k z (l (n v a c t x o a v ad i n i)) c k ab f ad y d a)) x)) (m m (q s h p))) o x i (i (j (A i g t ac d k ab i j b ab u (u (f ad (f (h r (B ad (j w (b d (z k (g j (g (l (C (f r v g f) d ab) a (h n p (c (v (p t) (w (d b h n (m (f y k p (D (w h n h r j q v s w i c ac E x t q F l ac d j u aa G c v s u p m z p H j))))))))))))))))))))))))
t (f (u (c (a (z (p v c c k z (l (n v a c t x o a v ad i n i)) c k z (l (n v a c t x o a v ad i n i)) c k ab f ad y d a)) x)) (m m (q s h p))) o x i (i (j (A i g t ac d k ab i j b ab u (u (f ad (f (h r (B ad (j w (b d (z k (g j (g (l (C (f r v g f) d ab) a (h n p (c (v (p t) (w (d b h n (m (f y k p (D (w h n h r j q v s w i c ac E x t q F l ac d j u aa G c v s u p m z p H j))))))))))))))))))))))))
t (f (u (c (a (z (aa m (l (n v a c t x o a v ad i n i)) c k z (l (n v a c t x o a v ad i n i)) c k z (l (n v a c t x o a v ad i n i)) c k ab f ad y d a)) x)) (m m (q s h p))) o x i (i (j (A i g t ac d k ab i j b ab u (u (f ad (f (h r (B ad (j w (b d (z k (g j (g (l (C (f r v g f) d ab) a (h n p (c (v (p t) (w (d b h n (m (f y k p (D (w h n h r j q v s w i c ac E x t q F l ac d j u aa G c v s u p m z p H j))))))))))))))))))))))))
t (f (u (c (a (z (m m w v d z (l (n v a c t x o a v ad i n i)) c k z (l (n v a c t x o a v ad i n i)) c k z (l (n v a c t x o a v ad i n i)) c k ab f ad y d a)) x)) (m m (q s h p))) o x i (i (j (A i g t ac d k ab i j b ab u (u (f ad (f (h r (B ad (j w (b d (z k (g j (g (l (C (f r v g f) d ab) a (h n p (c (v (p t) (w (d b h n (m (f y k p (D (w h n h r j q v s w i c ac E x t q F l ac d j u aa G c v s u p m z p H j))))))))))))))))))))))))
t (f (u (c (a (z (p v c c k z (l (n v a c t x o a v ad i n i)) c k z (l (n v a c t x o a v ad i n i)) c k z (l (n v a c t x o a v ad i n i)) c k ab f ad y d a)) x)) (m m (q s h p))) o x i (i (j (A i g t ac d k ab i j b ab u (u (f ad (f (h r (B ad (j w (b d (z k (g j (g (l (C (f r v g f) d ab) a (h n p (c (v (p t) (w (d b h n (m (f y k p (D (w h n h r j q v s w i c ac E x t q F l ac d j u aa G c v s u p m z p H j))))))))))))))))))))))))
t (f (u (c (a (z (aa m (l (n v a c t x o a v ad i n i)) c k z (l (n v a c t x o a v ad i n i)) c k z (l (n v a c t x o a v ad i n i)) c k z (l (n v a c t x o a v ad i n i)) c k ab f ad y d a)) x)) (m m (q s h p))) o x i (i (j (A i g t ac d k ab i j b ab u (u (f ad (f (h r (B ad (j w (b d (z k (g j (g (l (C (f r v g f) d ab) a (h n p (c (v (p t) (w (d b h n (m (f y k p (D (w h n h r j q v s w i c ac E x t q F l ac d j u aa G c v s u p m z p H j))))))))))))))))))))))))
t (f (u (c (a (z (m m w v d z (l (n v a c t x o a v ad i n i)) c k z (l (n v a c t x o a v ad i n i)) c k z (l (n v a c t x o a v ad i n i)) c k z (l (n v a c t x o a v ad i n i)) c k ab f ad y d a)) x)) (m m (q s h p))) o x i (i (j (A i g t ac d k ab i j b ab u (u (f ad (f (h r (B ad (j w (b d (z k (g j (g (l (C (f r v g f) d ab) a (h n p (c (v (p t) (w (d b h n (m (f y k p (D (w h n h r j q v s w i c ac E x t q F l ac d j u aa G c v s u p m z p H j))))))))))))))))))))))))
t (f (u (c (a (z (p v c c k z (l (n v a c t x o a v ad i n i)) c k z (l (n v a c t x o a v ad i n i)) c k z (l (n v a c t x o a v ad i n i)) c k z (l (n v a c t x o a v ad i n i)) c k ab f ad y d a)) x)) (m m (q s h p))) o x i (i (j (A i g t ac d k ab i j b ab u (u (f ad (f (h r (B ad (j w (b d (z k (g j (g (l (C (f r v g f) d ab) a (h n p (c (v (p t) (w (d b h n (m (f y k p (D (w h n h r j q v s w i c ac E x t q F l ac d j u aa G c v s u p m z p H j))))))))))))))))))))))))
t (f (u (c (a (z (aa m (l (n v a c t x o a v ad i n i)) c k z (l (n v a c t x o a v ad i n i)) c k z (l (n v a c t x o a v ad i n i)) c k z (l (n v a c t x o a v ad i n i)) c k z (l (n v a c t x o a v ad i n i)) c k ab f ad y d a)) x)) (m m (q s h p))) o x i (i (j (A i g t ac d k ab i j b ab u (u (f ad (f (h r (B ad (j w (b d (z k (g j (g (l (C (f r v g f) d ab) a (h n p (c (v (p t) (w (d b h n (m (f y k p (D (w h n h r j q v s w i c ac E x t q F l ac d j u aa G c v s u p m z p H j))))))))))))))))))))))))
t (f (u (c (a (z (m m w v d z (l (n v a c t x o a v ad i n i)) c k z (l (n v a c t x o a v ad i n i)) c k z (l (n v a c t x o a v ad i n i)) c k z (l (n v a c t x o a v ad i n i)) c k z (l (n v a c t x o a v ad i n i)) c k ab f ad y d a)) x)) (m m (q s h p))) o x i (i (j (A i g t ac d k ab i j b ab u (u (f ad (f (h r (B ad (j w (b d (z k (g j (g (l (C (f r v g f) d ab) a (h n p (c (v (p t) (w (d b h n (m (f y k p (D (w h n h r j q v s w i c ac E x t q F l ac d j u aa G c v s u p m z p H j))))))))))))))))))))))))
t (f (u (c (a (z (p v c c k z (l (n v a c t x o a v ad i n i)) c k z (l (n v a c t x o a v ad i n i)) c k z (l (n v a c t x o a v ad i n i)) c k z (l (n v a c t x o a v ad i n i)) c k z (l (n v a c t x o a v ad i n i)) c k ab f ad y d a)) x)) (m m (q s h p))) o x i (i (j (A i g t ac d k ab i j b ab u (u (f ad (f (h r (B ad (j w (b d (z k (g j (g (l (C (f r v g f) d ab) a (h n p (c (v (p t) (w (d b h n (m (f y k p (D (w h n h r j q v s w i c ac E x t q F l ac d j u aa G c v s u p m z p H j))))))))))))))))))))))))
t (f (u (c (a (z (aa m (l (n v a c t x o a v ad i n i)) c k z (l (n v a c t x o a v ad i n i)) c k z (l (n v a c t x o a v ad i n i)) c k z (l (n v a c t x o a v ad i n i)) c k z (l (n v a c t x o a v ad i n i)) c k z (l (n v a c t x o a v ad i n i)) c k ab f ad y d a)) x)) (m m (q s h p))) o x i (i (j (A i g t ac d k ab i j b ab u (u (f ad (f (h r (B ad (j w (b d (z k (g j (g (l (C (f r v g f) d ab) a (h n p (c (v (p t) (w (d b h n (m (f y k p (D (w h n h r j q v s w i c ac E x t q F l ac d j u aa G c v s u p m z p H j))))))))))))))))))))))))


