a af ae ah ag ai aj = s w w ae ah (y l s ag)
b af aj ae ai ag ah = l (i q v ab ag) t (o h)
c ag af aj ai ah ae = i
d ae af = e j ac
e ae = i p
f ae = b ae m (s ad q y s ae)
g = r n a (y t l)
h = y o ac n p q c a i
i ag ah af ai ae = z
j ae = aa g i w (ae y f v) ab r
k af ae ag ah = h q d v
l = g o r
m ai aj ag ah ae af = aj
n ae = x
o af ae = y e i af h z q (n k)
p ae ag af = j a
q = x ac g
r ae af = af m y z y z e k a
s ae = y z e n ae k ae a ae x
t af ae = h ad aa r z v
u ae = b t ab ae (x ac t c)
v ah ae af ag = a i b
w ai af aj ag ae ah = y ab n
x af aj ah ai ag ae = a (v h a n) n (q p u p)
y af ae ag = b a
z af ah ag ai ae = c i l ai s n j o g e
aa ag ae af = w y
ab af ae = p r u
ac ah ag ae af = v
ad af ae = ae q g
main = A (ab s f t ac B c v r q (w c e n b x a q) w) g o k (C (D E j r (F g p l u b q) q s t t d x u m) (n d i aa aa q G e j H d f d (I y k (r y s J) b y K g a L M p N O P n v) v x (u aa (v i f)) (Q R (S s) n b u)) aa) f (T r h m (U V g y))
------------------------------------------------------------
A (ab s f t ac B c v r q (w c e n b x a q) w) g o k (C (D E j r (F g p l u b q) q s t t d x u m) (n d i aa aa q G e j H d f d (I y k (r y s J) b y K g a L M p N O P n v) v x (u aa (v i f)) (Q R (S s) n b u)) aa) f (T r h m (U V g y))
A (p r u t ac B c v r q (w c e n b x a q) w) g o k (C (D E j r (F g p l u b q) q s t t d x u m) (n d i aa aa q G e j H d f d (I y k (r y s J) b y K g a L M p N O P n v) v x (u aa (v i f)) (Q R (S s) n b u)) aa) f (T r h m (U V g y))
A (j a ac B c v r q (w c e n b x a q) w) g o k (C (D E j r (F g p l u b q) q s t t d x u m) (n d i aa aa q G e j H d f d (I y k (r y s J) b y K g a L M p N O P n v) v x (u aa (v i f)) (Q R (S s) n b u)) aa) f (T r h m (U V g y))
A (aa g i w (a y f v) ab r ac B c v r q (w c e n b x a q) w) g o k (C (D E j r (F g p l u b q) q s t t d x u m) (n d i aa aa q G e j H d f d (I y k (r y s J) b y K g a L M p N O P n v) v x (u aa (v i f)) (Q R (S s) n b u)) aa) f (T r h m (U V g y))
A (w y (a y f v) ab r ac B c v r q (w c e n b x a q) w) g o k (C (D E j r (F g p l u b q) q s t t d x u m) (n d i aa aa q G e j H d f d (I y k (r y s J) b y K g a L M p N O P n v) v x (u aa (v i f)) (Q R (S s) n b u)) aa) f (T r h m (U V g y))
A (y ab n c v r q (w c e n b x a q) w) g o k (C (D E j r (F g p l u b q) q s t t d x u m) (n d i aa aa q G e j H d f d (I y k (r y s J) b y K g a L M p N O P n v) v x (u aa (v i f)) (Q R (S s) n b u)) aa) f (T r h m (U V g y))
A (b a v r q (w c e n b x a q) w) g o k (C (D E j r (F g p l u b q) q s t t d x u m) (n d i aa aa q G e j H d f d (I y k (r y s J) b y K g a L M p N O P n v) v x (u aa (v i f)) (Q R (S s) n b u)) aa) f (T r h m (U V g y))
A (l (i q v ab (w c e n b x a q)) t (o h)) g o k (C (D E j r (F g p l u b q) q s t t d x u m) (n d i aa aa q G e j H d f d (I y k (r y s J) b y K g a L M p N O P n v) v x (u aa (v i f)) (Q R (S s) n b u)) aa) f (T r h m (U V g y))
A (g o r (i q v ab (w c e n b x a q)) t (o h)) g o k (C (D E j r (F g p l u b q) q s t t d x u m) (n d i aa aa q G e j H d f d (I y k (r y s J) b y K g a L M p N O P n v) v x (u aa (v i f)) (Q R (S s) n b u)) aa) f (T r h m (U V g y))
A (r n a (y t l) o r (i q v ab (w c e n b x a q)) t (o h)) g o k (C (D E j r (F g p l u b q) q s t t d x u m) (n d i aa aa q G e j H d f d (I y k (r y s J) b y K g a L M p N O P n v) v x (u aa (v i f)) (Q R (S s) n b u)) aa) f (T r h m (U V g y))
A (a m y z y z e k a (y t l) o r (i q v ab (w c e n b x a q)) t (o h)) g o k (C (D E j r (F g p l u b q) q s t t d x u m) (n d i aa aa q G e j H d f d (I y k (r y s J) b y K g a L M p N O P n v) v x (u aa (v i f)) (Q R (S s) n b u)) aa) f (T r h m (U V g y))
A (s w w y z (y l s y) k a (y t l) o r (i q v ab (w c e n b x a q)) t (o h)) g o k (C (D E j r (F g p l u b q) q s t t d x u m) (n d i aa aa q G e j H d f d (I y k (r y s J) b y K g a L M p N O P n v) v x (u aa (v i f)) (Q R (S s) n b u)) aa) f (T r h m (U V g y))
A (y z e n w k w a w x w y z (y l s y) k a (y t l) o r (i q v ab (w c e n b x a q)) t (o h)) g o k (C (D E j r (F g p l u b q) q s t t d x u m) (n d i aa aa q G e j H d f d (I y k (r y s J) b y K g a L M p N O P n v) v x (u aa (v i f)) (Q R (S s) n b u)) aa) f (T r h m (U V g y))
A (b a w k w a w x w y z (y l s y) k a (y t l) o r (i q v ab (w c e n b x a q)) t (o h)) g o k (C (D E j r (F g p l u b q) q s t t d x u m) (n d i aa aa q G e j H d f d (I y k (r y s J) b y K g a L M p N O P n v) v x (u aa (v i f)) (Q R (S s) n b u)) aa) f (T r h m (U V g y))
A (l (i q v ab a) t (o h) x w y z (y l s y) k a (y t l) o r (i q v ab (w c e n b x a q)) t (o h)) g o k (C (D E j r (F g p l u b q) q s t t d x u m) (n d i aa aa q G e j H d f d (I y k (r y s J) b y K g a L M p N O P n v) v x (u aa (v i f)) (Q R (S s) n b u)) aa) f (T r h m (U V g y))
A (g o r (i q v ab a) t (o h) x w y z (y l s y) k a (y t l) o r (i q v ab (w c e n b x a q)) t (o h)) g o k (C (D E j r (F g p l u b q) q s t t d x u m) (n d i aa aa q G e j H d f d (I y k (r y s J) b y K g a L M p N O P n v) v x (u aa (v i f)) (Q R (S s) n b u)) aa) f (T r h m (U V g y))
A (r n a (y t l) o r (i q v ab a) t (o h) x w y z (y l s y) k a (y t l) o r (i q v ab (w c e n b x a q)) t (o h)) g o k (C (D E j r (F g p l u b q) q s t t d x u m) (n d i aa aa q G e j H d f d (I y k (r y s J) b y K g a L M p N O P n v) v x (u aa (v i f)) (Q R (S s) n b u)) aa) f (T r h m (U V g y))
A (a m y z y z e k a (y t l) o r (i q v ab a) t (o h) x w y z (y l s y) k a (y t l) o r (i q v ab (w c e n b x a q)) t (o h)) g o k (C (D E j r (F g p l u b q) q s t t d x u m) (n d i aa aa q G e j H d f d (I y k (r y s J) b y K g a L M p N O P n v) v x (u aa (v i f)) (Q R (S s) n b u)) aa) f (T r h m (U V g y))
A (s w w y z (y l s y) k a (y t l) o r (i q v ab a) t (o h) x w y z (y l s y) k a (y t l) o r (i q v ab (w c e n b x a q)) t (o h)) g o k (C (D E j r (F g p l u b q) q s t t d x u m) (n d i aa aa q G e j H d f d (I y k (r y s J) b y K g a L M p N O P n v) v x (u aa (v i f)) (Q R (S s) n b u)) aa) f (T r h m (U V g y))
A (y z e n w k w a w x w y z (y l s y) k a (y t l) o r (i q v ab a) t (o h) x w y z (y l s y) k a (y t l) o r (i q v ab (w c e n b x a q)) t (o h)) g o k (C (D E j r (F g p l u b q) q s t t d x u m) (n d i aa aa q G e j H d f d (I y k (r y s J) b y K g a L M p N O P n v) v x (u aa (v i f)) (Q R (S s) n b u)) aa) f (T r h m (U V g y))
A (b a w k w a w x w y z (y l s y) k a (y t l) o r (i q v ab a) t (o h) x w y z (y l s y) k a (y t l) o r (i q v ab (w c e n b x a q)) t (o h)) g o k (C (D E j r (F g p l u b q) q s t t d x u m) (n d i aa aa q G e j H d f d (I y k (r y s J) b y K g a L M p N O P n v) v x (u aa (v i f)) (Q R (S s) n b u)) aa) f (T r h m (U V g y))
A (l (i q v ab a) t (o h) x w y z (y l s y) k a (y t l) o r (i q v ab a) t (o h) x w y z (y l s y) k a (y t l) o r (i q v ab (w c e n b x a q)) t (o h)) g o k (C (D E j r (F g p l u b q) q s t t d x u m) (n d i aa aa q G e j H d f d (I y k (r y s J) b y K g a L M p N O P n v) v x (u aa (v i f)) (Q R (S s) n b u)) aa) f (T r h m (U V g y))
A (g o r (i q v ab a) t (o h) x w y z (y l s y) k a (y t l) o r (i q v ab a) t (o h) x w y z (y l s y) k a (y t l) o r (i q v ab (w c e n b x a q)) t (o h)) g o k (C (D E j r (F g p l u b q) q s t t d x u m) (n d i aa aa q G e j H d f d (I y k (r y s J) b y K g a L M p N O P n v) v x (u aa (v i f)) (Q R (S s) n b u)) aa) f (T r h m (U V g y))
A (r n a (y t l) o r (i q v ab a) t (o h) x w y z (y l s y) k a (y t l) o r (i q v ab a) t (o h) x w y z (y l s y) k a (y t l) o r (i q v ab (w c e n b x a q)) t (o h)) g o k (C (D E j r (F g p l u b q) q s t t d x u m) (n d i aa aa q G e j H d f d (I y k (r y s J) b y K g a L M p N O P n v) v x (u aa (v i f)) (Q R (S s) n b u)) aa) f (T r h m (U V g y))
A (a m y z y z e k a (y t l) o r (i q v ab a) t (o h) x w y z (y l s y) k a (y t l) o r (i q v ab a) t (o h) x w y z (y l s y) k a (y t l) o r (i q v ab (w c e n b x a q)) t (o h)) g o k (C (D E j r (F g p l u b q) q s t t d x u m) (n d i aa aa q G e j H d f d (I y k (r y s J) b y K g a L M p N O P n v) v x (u aa (v i f)) (Q R (S s) n b u)) aa) f (T r h m (U V g y))
A (s w w y z (y l s y) k a (y t l) o r (i q v ab a) t (o h) x w y z (y l s y) k a (y t l) o r (i q v ab a) t (o h) x w y z (y l s y) k a (y t l) o r (i q v ab (w c e n b x a q)) t (o h)) g o k (C (D E j r (F g p l u b q) q s t t d x u m) (n d i aa aa q G e j H d f d (I y k (r y s J) b y K g a L M p N O P n v) v x (u aa (v i f)) (Q R (S s) n b u)) aa) f (T r h m (U V g y))
A (y z e n w k w a w x w y z (y l s y) k a (y t l) o r (i q v ab a) t (o h) x w y z (y l s y) k a (y t l) o r (i q v ab a) t (o h) x w y z (y l s y) k a (y t l) o r (i q v ab (w c e n b x a q)) t (o h)) g o k (C (D E j r (F g p l u b q) q s t t d x u m) (n d i aa aa q G e j H d f d (I y k (r y s J) b y K g a L M p N O P n v) v x (u aa (v i f)) (Q R (S s) n b u)) aa) f (T r h m (U V g y))
A (b a w k w a w x w y z (y l s y) k a (y t l) o r (i q v ab a) t (o h) x w y z (y l s y) k a (y t l) o r (i q v ab a) t (o h) x w y z (y l s y) k a (y t l) o r (i q v ab (w c e n b x a q)) t (o h)) g o k (C (D E j r (F g p l u b q) q s t t d x u m) (n d i aa aa q G e j H d f d (I y k (r y s J) b y K g a L M p N O P n v) v x (u aa (v i f)) (Q R (S s) n b u)) aa) f (T r h m (U V g y))
A (l (i q v ab a) t (o h) x w y z (y l s y) k a (y t l) o r (i q v ab a) t (o h) x w y z (y l s y) k a (y t l) o r (i q v ab a) t (o h) x w y z (y l s y) k a (y t l) o r (i q v ab (w c e n b x a q)) t (o h)) g o k (C (D E j r (F g p l u b q) q s t t d x u m) (n d i aa aa q G e j H d f d (I y k (r y s J) b y K g a L M p N O P n v) v x (u aa (v i f)) (Q R (S s) n b u)) aa) f (T r h m (U V g y))
A (g o r (i q v ab a) t (o h) x w y z (y l s y) k a (y t l) o r (i q v ab a) t (o h) x w y z (y l s y) k a (y t l) o r (i q v ab a) t (o h) x w y z (y l s y) k a (y t l) o r (i q v ab (w c e n b x a q)) t (o h)) g o k (C (D E j r (F g p l u b q) q s t t d x u m) (n d i aa aa q G e j H d f d (I y k (r y s J) b y K g a L M p N O P n v) v x (u aa (v i f)) (Q R (S s) n b u)) aa) f (T r h m (U V g y))


