a ag ah ai af ae i e v s f t (h l ai ab (r y z ab p) u)
b ae y (f w (ae (g (ab aa u m ad i j) j a ac c a n)))
c aj ae ai af ah ag p (h ai g (ac j) aj e k)
d ag ah af ae o ac (c (w (q u s p m h s g)))
e g (g p o) w (u (m x m m u ac c))
f ag ae af ai ah aj c g e (w o s (r p c g l x j j q))
g ae ah ag af t (k t (u (p (b s (k h e) j u ad s ac f))))
h ae ad r (j (ae z y o e u c t d))
i ag ah af aj ae ai t (e q (r l n e o))
j aa (o r (z ad (i p y r e x e z s)))
k aj ae ag ai af ah a m (h (y (ad (b s s (o i z y ac y ac a r)))))
l af ae g (b (aa (b h) ac (m af (y s aa ad z w) v d)))
m c c (x l l p t ad w w u x d)
n ag ah af ae ae v a (ac (h t (k a m p r d j)))
o ai af ae ah ag n b (ac (z t c af ab))
p ae af ag ag t (y n m (e b (d y (w x ac d ad m f n t))))
q ae ag af ai ah aj ac j (e d o ac l)
r ae af u (d ab e g (l d n g t ac))
s ah ag af ae z d (f (e u n y h v j) h j)
t ai ae ag aj af ah i a (q x (m p v l u aa)) aa k
u ae i (f (y (b ae r d k t j ad k m w q d q)))
v ae af o (i k k (d l (d b i l s a r e l)))
w ae j (o a (z (z (l g z g k i ad n t g))))
x ag ae ai af ah m w m (m (i (e j w (af (a m j h i s) e t))))
y ae af ah ag x z l ad (r (s s f (o e j) o ab e ab f))
z ae af s (n (a ab (h k (l s k q g s u k a a b))))
aa m (r (y q f d r))
ab i g (y r m t g j c b a t ad r u w b)
ac ae l ad (k z g u)
ad ag af ae u (q ac a n b)
main c (A (B (C z (D t g (x (m (g (ab (a l (o (e k (m (f (g E (ac (c u (F v c (c y i z (b r h (G (x u a z (h (h (x (H (I ab v J q) t ad K aa y n ab aa p L e t d v g ad c o r j n z u M z h b c l f a N q x j j r x d ab v O z h P u ad u j m Q c)))))))))))))))))))))))))
------------------------------------------------------------
c (A (B (C z (D t g (x (m (g (ab (a l (o (e k (m (f (g E (ac (c u (F v c (c y i z (b r h (G (x u a z (h (h (x (H (I ab v J q) t ad K aa y n ab aa p L e t d v g ad c o r j n z u M z h b c l f a N q x j j r x d ab v O z h P u ad u j m Q c)))))))))))))))))))))))))
c (A (B (C z (D t g (x (c c (x l l p t ad w w u x d) (g (ab (a l (o (e k (m (f (g E (ac (c u (F v c (c y i z (b r h (G (x u a z (h (h (x (H (I ab v J q) t ad K aa y n ab aa p L e t d v g ad c o r j n z u M z h b c l f a N q x j j r x d ab v O z h P u ad u j m Q c)))))))))))))))))))))))))
c (A (B (C z (D t g (x (c c (m w m (m (i (e j w (t (a m j h i s) e t)))) w w u x d) (g (ab (a l (o (e k (m (f (g E (ac (c u (F v c (c y i z (b r h (G (x u a z (h (h (x (H (I ab v J q) t ad K aa y n ab aa p L e t d v g ad c o r j n z u M z h b c l f a N q x j j r x d ab v O z h P u ad u j m Q c)))))))))))))))))))))))))
c (A (B (C z (D t g (x (c c (c c (x l l p t ad w w u x d) w m (m (i (e j w (t (a m j h i s) e t)))) w w u x d) (g (ab (a l (o (e k (m (f (g E (ac (c u (F v c (c y i z (b r h (G (x u a z (h (h (x (H (I ab v J q) t ad K aa y n ab aa p L e t d v g ad c o r j n z u M z h b c l f a N q x j j r x d ab v O z h P u ad u j m Q c)))))))))))))))))))))))))
c (A (B (C z (D t g (x (c c (p (h w g (ac j) c e k) w u x d) (g (ab (a l (o (e k (m (f (g E (ac (c u (F v c (c y i z (b r h (G (x u a z (h (h (x (H (I ab v J q) t ad K aa y n ab aa p L e t d v g ad c o r j n z u M z h b c l f a N q x j j r x d ab v O z h P u ad u j m Q c)))))))))))))))))))))))))
c (A (B (C z (D t g (x (c c (u t (y n m (e b (d y (w x ac d ad m f n t)))) x d) (g (ab (a l (o (e k (m (f (g E (ac (c u (F v c (c y i z (b r h (G (x u a z (h (h (x (H (I ab v J q) t ad K aa y n ab aa p L e t d v g ad c o r j n z u M z h b c l f a N q x j j r x d ab v O z h P u ad u j m Q c)))))))))))))))))))))))))
c (A (B (C z (D t g (x (c c (i (f (y (b t r d k t j ad k m w q d q))) (y n m (e b (d y (w x ac d ad m f n t)))) x d) (g (ab (a l (o (e k (m (f (g E (ac (c u (F v c (c y i z (b r h (G (x u a z (h (h (x (H (I ab v J q) t ad K aa y n ab aa p L e t d v g ad c o r j n z u M z h b c l f a N q x j j r x d ab v O z h P u ad u j m Q c)))))))))))))))))))))))))
c (A (B (C z (D t g (x (c c (i (f (y (y (f w (t (g (ab aa u m ad i j) j a ac c a n))) r d k t j ad k m w q d q))) (y n m (e b (d y (w x ac d ad m f n t)))) x d) (g (ab (a l (o (e k (m (f (g E (ac (c u (F v c (c y i z (b r h (G (x u a z (h (h (x (H (I ab v J q) t ad K aa y n ab aa p L e t d v g ad c o r j n z u M z h b c l f a N q x j j r x d ab v O z h P u ad u j m Q c)))))))))))))))))))))))))
c (A (B (C z (D t g (x (c c (i (f (y (x z l ad (r (s s f (o e j) o ab e ab f)) t j ad k m w q d q))) (y n m (e b (d y (w x ac d ad m f n t)))) x d) (g (ab (a l (o (e k (m (f (g E (ac (c u (F v c (c y i z (b r h (G (x u a z (h (h (x (H (I ab v J q) t ad K aa y n ab aa p L e t d v g ad c o r j n z u M z h b c l f a N q x j j r x d ab v O z h P u ad u j m Q c)))))))))))))))))))))))))
c (A (B (C z (D t g (x (c c (i (f (y (m w m (m (i (e j w (r (s s f (o e j) o ab e ab f) (a m j h i s) e t)))) j ad k m w q d q))) (y n m (e b (d y (w x ac d ad m f n t)))) x d) (g (ab (a l (o (e k (m (f (g E (ac (c u (F v c (c y i z (b r h (G (x u a z (h (h (x (H (I ab v J q) t ad K aa y n ab aa p L e t d v g ad c o r j n z u M z h b c l f a N q x j j r x d ab v O z h P u ad u j m Q c)))))))))))))))))))))))))
c (A (B (C z (D t g (x (c c (i (f (y (c c (x l l p t ad w w u x d) w m (m (i (e j w (r (s s f (o e j) o ab e ab f) (a m j h i s) e t)))) j ad k m w q d q))) (y n m (e b (d y (w x ac d ad m f n t)))) x d) (g (ab (a l (o (e k (m (f (g E (ac (c u (F v c (c y i z (b r h (G (x u a z (h (h (x (H (I ab v J q) t ad K aa y n ab aa p L e t d v g ad c o r j n z u M z h b c l f a N q x j j r x d ab v O z h P u ad u j m Q c)))))))))))))))))))))))))
c (A (B (C z (D t g (x (c c (i (f (y (p (h w g (ac j) c e k) ad k m w q d q))) (y n m (e b (d y (w x ac d ad m f n t)))) x d) (g (ab (a l (o (e k (m (f (g E (ac (c u (F v c (c y i z (b r h (G (x u a z (h (h (x (H (I ab v J q) t ad K aa y n ab aa p L e t d v g ad c o r j n z u M z h b c l f a N q x j j r x d ab v O z h P u ad u j m Q c)))))))))))))))))))))))))
c (A (B (C z (D t g (x (c c (i (f (y (k t (y n m (e b (d y (w x ac d ad m f n t)))) m w q d q))) (y n m (e b (d y (w x ac d ad m f n t)))) x d) (g (ab (a l (o (e k (m (f (g E (ac (c u (F v c (c y i z (b r h (G (x u a z (h (h (x (H (I ab v J q) t ad K aa y n ab aa p L e t d v g ad c o r j n z u M z h b c l f a N q x j j r x d ab v O z h P u ad u j m Q c)))))))))))))))))))))))))
c (A (B (C z (D t g (x (c c (i (f (y (a m (h (y (ad (b s s (o i z y ac y ac a r))))) q))) (y n m (e b (d y (w x ac d ad m f n t)))) x d) (g (ab (a l (o (e k (m (f (g E (ac (c u (F v c (c y i z (b r h (G (x u a z (h (h (x (H (I ab v J q) t ad K aa y n ab aa p L e t d v g ad c o r j n z u M z h b c l f a N q x j j r x d ab v O z h P u ad u j m Q c)))))))))))))))))))))))))
c (A (B (C z (D t g (x (c c (i (f (y (a m (ad r (j (y (ad (b s s (o i z y ac y ac a r))) z y o e u c t d))) q))) (y n m (e b (d y (w x ac d ad m f n t)))) x d) (g (ab (a l (o (e k (m (f (g E (ac (c u (F v c (c y i z (b r h (G (x u a z (h (h (x (H (I ab v J q) t ad K aa y n ab aa p L e t d v g ad c o r j n z u M z h b c l f a N q x j j r x d ab v O z h P u ad u j m Q c)))))))))))))))))))))))))
c (A (B (C z (D t g (x (c c (i (f (y (a m (ad r (aa (o r (z ad (i p y r e x e z s))) (y (ad (b s s (o i z y ac y ac a r))) z y o e u c t d))) q))) (y n m (e b (d y (w x ac d ad m f n t)))) x d) (g (ab (a l (o (e k (m (f (g E (ac (c u (F v c (c y i z (b r h (G (x u a z (h (h (x (H (I ab v J q) t ad K aa y n ab aa p L e t d v g ad c o r j n z u M z h b c l f a N q x j j r x d ab v O z h P u ad u j m Q c)))))))))))))))))))))))))
c (A (B (C z (D t g (x (c c (i (f (y (a m (ad r (m (r (y q f d r)) (o r (z ad (i p y r e x e z s))) (y (ad (b s s (o i z y ac y ac a r))) z y o e u c t d))) q))) (y n m (e b (d y (w x ac d ad m f n t)))) x d) (g (ab (a l (o (e k (m (f (g E (ac (c u (F v c (c y i z (b r h (G (x u a z (h (h (x (H (I ab v J q) t ad K aa y n ab aa p L e t d v g ad c o r j n z u M z h b c l f a N q x j j r x d ab v O z h P u ad u j m Q c)))))))))))))))))))))))))
c (A (B (C z (D t g (x (c c (i (f (y (a m (ad r (c c (x l l p t ad w w u x d) (r (y q f d r)) (o r (z ad (i p y r e x e z s))) (y (ad (b s s (o i z y ac y ac a r))) z y o e u c t d))) q))) (y n m (e b (d y (w x ac d ad m f n t)))) x d) (g (ab (a l (o (e k (m (f (g E (ac (c u (F v c (c y i z (b r h (G (x u a z (h (h (x (H (I ab v J q) t ad K aa y n ab aa p L e t d v g ad c o r j n z u M z h b c l f a N q x j j r x d ab v O z h P u ad u j m Q c)))))))))))))))))))))))))
c (A (B (C z (D t g (x (c c (i (f (y (a m (ad r (c c (m w m (m (i (e j w (t (a m j h i s) e t)))) w w u x d) (r (y q f d r)) (o r (z ad (i p y r e x e z s))) (y (ad (b s s (o i z y ac y ac a r))) z y o e u c t d))) q))) (y n m (e b (d y (w x ac d ad m f n t)))) x d) (g (ab (a l (o (e k (m (f (g E (ac (c u (F v c (c y i z (b r h (G (x u a z (h (h (x (H (I ab v J q) t ad K aa y n ab aa p L e t d v g ad c o r j n z u M z h b c l f a N q x j j r x d ab v O z h P u ad u j m Q c)))))))))))))))))))))))))
c (A (B (C z (D t g (x (c c (i (f (y (a m (ad r (c c (c c (x l l p t ad w w u x d) w m (m (i (e j w (t (a m j h i s) e t)))) w w u x d) (r (y q f d r)) (o r (z ad (i p y r e x e z s))) (y (ad (b s s (o i z y ac y ac a r))) z y o e u c t d))) q))) (y n m (e b (d y (w x ac d ad m f n t)))) x d) (g (ab (a l (o (e k (m (f (g E (ac (c u (F v c (c y i z (b r h (G (x u a z (h (h (x (H (I ab v J q) t ad K aa y n ab aa p L e t d v g ad c o r j n z u M z h b c l f a N q x j j r x d ab v O z h P u ad u j m Q c)))))))))))))))))))))))))
c (A (B (C z (D t g (x (c c (i (f (y (a m (ad r (c c (p (h w g (ac j) c e k) w u x d) (r (y q f d r)) (o r (z ad (i p y r e x e z s))) (y (ad (b s s (o i z y ac y ac a r))) z y o e u c t d))) q))) (y n m (e b (d y (w x ac d ad m f n t)))) x d) (g (ab (a l (o (e k (m (f (g E (ac (c u (F v c (c y i z (b r h (G (x u a z (h (h (x (H (I ab v J q) t ad K aa y n ab aa p L e t d v g ad c o r j n z u M z h b c l f a N q x j j r x d ab v O z h P u ad u j m Q c)))))))))))))))))))))))))
c (A (B (C z (D t g (x (c c (i (f (y (a m (ad r (c c (u t (y n m (e b (d y (w x ac d ad m f n t)))) x d) (r (y q f d r)) (o r (z ad (i p y r e x e z s))) (y (ad (b s s (o i z y ac y ac a r))) z y o e u c t d))) q))) (y n m (e b (d y (w x ac d ad m f n t)))) x d) (g (ab (a l (o (e k (m (f (g E (ac (c u (F v c (c y i z (b r h (G (x u a z (h (h (x (H (I ab v J q) t ad K aa y n ab aa p L e t d v g ad c o r j n z u M z h b c l f a N q x j j r x d ab v O z h P u ad u j m Q c)))))))))))))))))))))))))
c (A (B (C z (D t g (x (c c (i (f (y (a m (ad r (c c (i (f (y (b t r d k t j ad k m w q d q))) (y n m (e b (d y (w x ac d ad m f n t)))) x d) (r (y q f d r)) (o r (z ad (i p y r e x e z s))) (y (ad (b s s (o i z y ac y ac a r))) z y o e u c t d))) q))) (y n m (e b (d y (w x ac d ad m f n t)))) x d) (g (ab (a l (o (e k (m (f (g E (ac (c u (F v c (c y i z (b r h (G (x u a z (h (h (x (H (I ab v J q) t ad K aa y n ab aa p L e t d v g ad c o r j n z u M z h b c l f a N q x j j r x d ab v O z h P u ad u j m Q c)))))))))))))))))))))))))
c (A (B (C z (D t g (x (c c (i (f (y (a m (ad r (c c (i (f (y (y (f w (t (g (ab aa u m ad i j) j a ac c a n))) r d k t j ad k m w q d q))) (y n m (e b (d y (w x ac d ad m f n t)))) x d) (r (y q f d r)) (o r (z ad (i p y r e x e z s))) (y (ad (b s s (o i z y ac y ac a r))) z y o e u c t d))) q))) (y n m (e b (d y (w x ac d ad m f n t)))) x d) (g (ab (a l (o (e k (m (f (g E (ac (c u (F v c (c y i z (b r h (G (x u a z (h (h (x (H (I ab v J q) t ad K aa y n ab aa p L e t d v g ad c o r j n z u M z h b c l f a N q x j j r x d ab v O z h P u ad u j m Q c)))))))))))))))))))))))))
c (A (B (C z (D t g (x (c c (i (f (y (a m (ad r (c c (i (f (y (x z l ad (r (s s f (o e j) o ab e ab f)) t j ad k m w q d q))) (y n m (e b (d y (w x ac d ad m f n t)))) x d) (r (y q f d r)) (o r (z ad (i p y r e x e z s))) (y (ad (b s s (o i z y ac y ac a r))) z y o e u c t d))) q))) (y n m (e b (d y (w x ac d ad m f n t)))) x d) (g (ab (a l (o (e k (m (f (g E (ac (c u (F v c (c y i z (b r h (G (x u a z (h (h (x (H (I ab v J q) t ad K aa y n ab aa p L e t d v g ad c o r j n z u M z h b c l f a N q x j j r x d ab v O z h P u ad u j m Q c)))))))))))))))))))))))))
c (A (B (C z (D t g (x (c c (i (f (y (a m (ad r (c c (i (f (y (m w m (m (i (e j w (r (s s f (o e j) o ab e ab f) (a m j h i s) e t)))) j ad k m w q d q))) (y n m (e b (d y (w x ac d ad m f n t)))) x d) (r (y q f d r)) (o r (z ad (i p y r e x e z s))) (y (ad (b s s (o i z y ac y ac a r))) z y o e u c t d))) q))) (y n m (e b (d y (w x ac d ad m f n t)))) x d) (g (ab (a l (o (e k (m (f (g E (ac (c u (F v c (c y i z (b r h (G (x u a z (h (h (x (H (I ab v J q) t ad K aa y n ab aa p L e t d v g ad c o r j n z u M z h b c l f a N q x j j r x d ab v O z h P u ad u j m Q c)))))))))))))))))))))))))
c (A (B (C z (D t g (x (c c (i (f (y (a m (ad r (c c (i (f (y (c c (x l l p t ad w w u x d) w m (m (i (e j w (r (s s f (o e j) o ab e ab f) (a m j h i s) e t)))) j ad k m w q d q))) (y n m (e b (d y (w x ac d ad m f n t)))) x d) (r (y q f d r)) (o r (z ad (i p y r e x e z s))) (y (ad (b s s (o i z y ac y ac a r))) z y o e u c t d))) q))) (y n m (e b (d y (w x ac d ad m f n t)))) x d) (g (ab (a l (o (e k (m (f (g E (ac (c u (F v c (c y i z (b r h (G (x u a z (h (h (x (H (I ab v J q) t ad K aa y n ab aa p L e t d v g ad c o r j n z u M z h b c l f a N q x j j r x d ab v O z h P u ad u j m Q c)))))))))))))))))))))))))
c (A (B (C z (D t g (x (c c (i (f (y (a m (ad r (c c (i (f (y (p (h w g (ac j) c e k) ad k m w q d q))) (y n m (e b (d y (w x ac d ad m f n t)))) x d) (r (y q f d r)) (o r (z ad (i p y r e x e z s))) (y (ad (b s s (o i z y ac y ac a r))) z y o e u c t d))) q))) (y n m (e b (d y (w x ac d ad m f n t)))) x d) (g (ab (a l (o (e k (m (f (g E (ac (c u (F v c (c y i z (b r h (G (x u a z (h (h (x (H (I ab v J q) t ad K aa y n ab aa p L e t d v g ad c o r j n z u M z h b c l f a N q x j j r x d ab v O z h P u ad u j m Q c)))))))))))))))))))))))))
c (A (B (C z (D t g (x (c c (i (f (y (a m (ad r (c c (i (f (y (k t (y n m (e b (d y (w x ac d ad m f n t)))) m w q d q))) (y n m (e b (d y (w x ac d ad m f n t)))) x d) (r (y q f d r)) (o r (z ad (i p y r e x e z s))) (y (ad (b s s (o i z y ac y ac a r))) z y o e u c t d))) q))) (y n m (e b (d y (w x ac d ad m f n t)))) x d) (g (ab (a l (o (e k (m (f (g E (ac (c u (F v c (c y i z (b r h (G (x u a z (h (h (x (H (I ab v J q) t ad K aa y n ab aa p L e t d v g ad c o r j n z u M z h b c l f a N q x j j r x d ab v O z h P u ad u j m Q c)))))))))))))))))))))))))
c (A (B (C z (D t g (x (c c (i (f (y (a m (ad r (c c (i (f (y (a m (h (y (ad (b s s (o i z y ac y ac a r))))) q))) (y n m (e b (d y (w x ac d ad m f n t)))) x d) (r (y q f d r)) (o r (z ad (i p y r e x e z s))) (y (ad (b s s (o i z y ac y ac a r))) z y o e u c t d))) q))) (y n m (e b (d y (w x ac d ad m f n t)))) x d) (g (ab (a l (o (e k (m (f (g E (ac (c u (F v c (c y i z (b r h (G (x u a z (h (h (x (H (I ab v J q) t ad K aa y n ab aa p L e t d v g ad c o r j n z u M z h b c l f a N q x j j r x d ab v O z h P u ad u j m Q c)))))))))))))))))))))))))


