a ag ae af p aa g y y b x o (y (j v k) aa ab c x w)
b ae ac k y (p ac k w j a)
c ag ae ah af t v (e p) g d
d ae af b af (b (f ab u j))
e af ae z o ad p (z l k g d h t t o)
f ae aj ag ah af ai h (t (t (s j v c (x x) s e m w ad w e r)))
g ae ag af ah d c (ab (aa n (b j (c (ab i l) l o z y ad t ad))))
h i p v j m (y m f w n b u ad s u m)
i ae ag ah af s (g z y m u (p x d (v j j m u)))
j ae d (c (p f (ad h (ae l q aa) g e i ad a v n)))
k ae x i
l ag af ae c ad (t n (g y a s ae v))
m ae af x z ae (q (u (r (q j c g q ad o ae))))
n ah af ag ae aa (v a ag (q d e (q ae i e m ac aa g s)))
o ae k b (n j h (w y r ae))
p ag ae ai ah aj af ae h (h (ad ad x ac ad))
q af ae ag o z (o (n d af i ab (z a y r k w g c k t)))
r ae af d j u
s ag ae ah ai af aj ab a k (m f h (o k f z (n ai)) z ac)
t w (l (k (f (n o z n j) r o s ad a h s s n)))
u ag ae af ae (a ad a (l x k (h (a (b x m ae f) q i af))))
v ag af ae f (r o (r (d (ad (z s r z p)) w aa ag c p c)))
w ae aa (ae (q y r aa ae e))
x ae ah af ag ai aa z y (aa (k (aa d (d ae o d z ac g z l o l))))
y q (d (n k (m p l ad e g) l) ac t r)
z ae e (ad (x (b n (t j ab j w ae f d p x))))
aa af ae l (x (ac (a (i (p ad ac ab j c o v i q n p)))))
ab ae af ah ai ag aj b u p (n (v (j (m j v r m o n n m x))))
ac w x
ad af ae f (c w (c g ac l) n (l z o l n ae a))
main k k e (A g n d i (i n t f (l (f (B C (w s w m (y k u (k (m (y (q (j ac ad (l (D k t (q (E (s (b (u (y (F (h o) ac d b (G o e h l) n z v s x u n w) a l y p l l) i e c n H j m) r t x h n v y) j e t f h ab ac s w c v d I J w u K p w) m j))))))))))))))))
------------------------------------------------------------
k k e (A g n d i (i n t f (l (f (B C (w s w m (y k u (k (m (y (q (j ac ad (l (D k t (q (E (s (b (u (y (F (h o) ac d b (G o e h l) n z v s x u n w) a l y p l l) i e c n H j m) r t x h n v y) j e t f h ab ac s w c v d I J w u K p w) m j))))))))))))))))
x i e (A g n d i (i n t f (l (f (B C (w s w m (y k u (k (m (y (q (j ac ad (l (D k t (q (E (s (b (u (y (F (h o) ac d b (G o e h l) n z v s x u n w) a l y p l l) i e c n H j m) r t x h n v y) j e t f h ab ac s w c v d I J w u K p w) m j))))))))))))))))
x i e (A g n d i (s (g z y m u (p x d (v j j m u)))))
x i e (A g n d i (s (d c (ab (aa n (b j (c (ab i l) l o z y ad t ad)))) (p x d (v j j m u)))))
x i e (A g n d i (s (b (ab (aa n (b j (c (ab i l) l o z y ad t ad)))) (b (f ab u j)) (p x d (v j j m u)))))
x i e (A g n d i (s (ac k y (p ac k w j a) (b (f ab u j)) (p x d (v j j m u)))))
x i e (A g n d i (s (w x k y (p ac k w j a) (b (f ab u j)) (p x d (v j j m u)))))
x i e (A g n d i (s (aa (x (q y r aa x e)) k y (p ac k w j a) (b (f ab u j)) (p x d (v j j m u)))))
x i e (A g n d i (s (l (x (ac (a (i (p ad ac ab j c o v i q n p))))) y (p ac k w j a) (b (f ab u j)) (p x d (v j j m u)))))
x i e (A g n d i (s (c ad (t n (g y a s (p ac k w j a) v)) (b (f ab u j)) (p x d (v j j m u)))))
x i e (A g n d i (s (t v (e p) g d)))
x i e (A g n d i (s (w (l (k (f (n o z n j) r o s ad a h s s n))) v (e p) g d)))
x i e (A g n d i (s (aa (l (k (f (n o z n j) r o s ad a h s s n)) (q y r aa (l (k (f (n o z n j) r o s ad a h s s n))) e)) v (e p) g d)))
x i e (A g n d i (s (l (x (ac (a (i (p ad ac ab j c o v i q n p))))) (e p) g d)))
x i e (A g n d i (s (c ad (t n (g y a s g v)) d)))
x i e (A g n d i (s (c ad (w (l (k (f (n o z n j) r o s ad a h s s n))) n (g y a s g v)) d)))
x i e (A g n d i (s (c ad (aa (l (k (f (n o z n j) r o s ad a h s s n)) (q y r aa (l (k (f (n o z n j) r o s ad a h s s n))) e)) n (g y a s g v)) d)))
x i e (A g n d i (s (c ad (l (x (ac (a (i (p ad ac ab j c o v i q n p))))) (g y a s g v)) d)))
x i e (A g n d i (s (c ad (l (x (w x (a (i (p ad ac ab j c o v i q n p))))) (g y a s g v)) d)))
x i e (A g n d i (s (c ad (l (x (aa (x (q y r aa x e)) (a (i (p ad ac ab j c o v i q n p))))) (g y a s g v)) d)))
x i e (A g n d i (s (c ad (l (x (l (x (ac (a (i (p ad ac ab j c o v i q n p))))))) (g y a s g v)) d)))
x i e (A g n d i (s (c ad (l (x (l (x (w x (a (i (p ad ac ab j c o v i q n p))))))) (g y a s g v)) d)))
x i e (A g n d i (s (c ad (l (x (l (x (aa (x (q y r aa x e)) (a (i (p ad ac ab j c o v i q n p))))))) (g y a s g v)) d)))
x i e (A g n d i (s (c ad (l (x (l (x (l (x (ac (a (i (p ad ac ab j c o v i q n p))))))))) (g y a s g v)) d)))
x i e (A g n d i (s (c ad (l (x (l (x (l (x (w x (a (i (p ad ac ab j c o v i q n p))))))))) (g y a s g v)) d)))
x i e (A g n d i (s (c ad (l (x (l (x (l (x (aa (x (q y r aa x e)) (a (i (p ad ac ab j c o v i q n p))))))))) (g y a s g v)) d)))
x i e (A g n d i (s (c ad (l (x (l (x (l (x (l (x (ac (a (i (p ad ac ab j c o v i q n p))))))))))) (g y a s g v)) d)))
x i e (A g n d i (s (c ad (l (x (l (x (l (x (l (x (w x (a (i (p ad ac ab j c o v i q n p))))))))))) (g y a s g v)) d)))
x i e (A g n d i (s (c ad (l (x (l (x (l (x (l (x (aa (x (q y r aa x e)) (a (i (p ad ac ab j c o v i q n p))))))))))) (g y a s g v)) d)))
x i e (A g n d i (s (c ad (l (x (l (x (l (x (l (x (l (x (ac (a (i (p ad ac ab j c o v i q n p))))))))))))) (g y a s g v)) d)))


