a ae ag af c b (r v r (k (i b v c c g i ad q)))
b ae r u (y k c (n ac ab (f z p g ac)))
c ae j (s (ad e (i (e d ad) ae h u g n)))
d ae w (u b g p f g)
e ah ae ag af ac ab ag (w p (a f p ac n c))
f ae aa ae x (v (p x y (j ae i d ac y ab)))
g af ag ae c (e x (ad r (a (ad s i) y a ad z)))
h ae af ag d e d r (t (o x b (l w ab (m ab t s u))))
i ae l (ad w ac (d v p ac))
j aj ae ah af ag ai ad x (ab f w w)
k ag af ah ai ae e (l (d (f p x z e r l)))
l ae af ag x (a h)
m ae s i (c (j (d y x w i e aa r n r)))
n af ae s h (v (f (d i (g k (ac c f f v h) k af r e))))
o ae ad (z p x k (d e (ac ab m w w u ad c)))
p w k u r (i o ad) (o n f)
q c (l (w (ab y ab f w p a n)))
r ah af ai ae ag y (a (l (b (aa (ae ab y d b n j)))))
s ah af ae ag k m (j (g g d af c ad i k k k k))
t ae af ah ag ah aa m q o
u ae aj ai ag ah af m l (b z i (g b r e))
v ae ag af ah o (c l e j g (o t (t r aa x s l ac)))
w ah ag aj ai ae af j (t (o v k ac k u))
x m (t ad ac (ac ad (b (o s c b)) f b ab))
y ae af ag ah v (u (ad (b ad o ae w (a (v b i aa r e l w r)))))
z ag ae af p ac u (m (v ab (w (ad c j q ac w w))))
aa k (k a o (i (a (f o q e j) u u u t t)))
ab af ae ag ah ac y (x (c v b (m q l) u y q r j h) b ad q)
ac ae af p (h c r g x)
ad ae j y (l k h (j x (e y h g h l g)))
main ac (s u p h (z d (c s (w (z (l (s (c (m (aa s t k a h f (A (i (b (B c c e u) (C (D E F (t (v (c b (h G (H w (x k (h j (I aa (x (J j ad z) x s K p n u) b m j y s u) x ab L h v c M u x x N O q s k a h o v x ac o h ac b u aa t) aa d) h d e a y))))))))))))))))))))
------------------------------------------------------------
ac (s u p h (z d (c s (w (z (l (s (c (m (aa s t k a h f (A (i (b (B c c e u) (C (D E F (t (v (c b (h G (H w (x k (h j (I aa (x (J j ad z) x s K p n u) b m j y s u) x ab L h v c M u x x N O q s k a h o v x ac o h ac b u aa t) aa d) h d e a y))))))))))))))))))))
ac (k m (j (g g d p c ad i k k k k)))
ac (k m (j (c (e x (ad r (a (ad s i) y a ad z))) c ad i k k k k)))
ac (k m (j (j (s (ad e (i (e d ad) (e x (ad r (a (ad s i) y a ad z))) h u g n))) c ad i k k k k)))
ac (k m (j (ad x (ab f w w) k k)))
ac (k m (j (j y (l k h (j x (e y h g h l g))) (ab f w w) k k)))
ac (k m (j (j y (x (a h)) (ab f w w) k k)))
ac (k m (j (j y (m (t ad ac (ac ad (b (o s c b)) f b ab)) (a h)) (ab f w w) k k)))
ac (k m (j (j y (s i (c (j (d y x w i e aa r n r))) (a h)) (ab f w w) k k)))
ac (k m (j (j y (s i (j (s (ad e (i (e d ad) (j (d y x w i e aa r n r)) h u g n)))) (a h)) (ab f w w) k k)))
ac (k m (j (j y (s i (j (s (j y (l k h (j x (e y h g h l g))) (i (e d ad) (j (d y x w i e aa r n r)) h u g n)))) (a h)) (ab f w w) k k)))
ac (k m (j (j y (s i (j (s (j y (x (a h)) (i (e d ad) (j (d y x w i e aa r n r)) h u g n)))) (a h)) (ab f w w) k k)))
ac (k m (j (j y (s i (j (s (j y (m (t ad ac (ac ad (b (o s c b)) f b ab)) (a h)) (i (e d ad) (j (d y x w i e aa r n r)) h u g n)))) (a h)) (ab f w w) k k)))
ac (k m (j (j y (s i (j (s (j y (s i (c (j (d y x w i e aa r n r))) (a h)) (i (e d ad) (j (d y x w i e aa r n r)) h u g n)))) (a h)) (ab f w w) k k)))
ac (k m (j (j y (s i (j (s (j y (s i (j (s (ad e (i (e d ad) (j (d y x w i e aa r n r)) h u g n)))) (a h)) (i (e d ad) (j (d y x w i e aa r n r)) h u g n)))) (a h)) (ab f w w) k k)))
ac (k m (j (j y (s i (j (s (j y (s i (j (s (j y (l k h (j x (e y h g h l g))) (i (e d ad) (j (d y x w i e aa r n r)) h u g n)))) (a h)) (i (e d ad) (j (d y x w i e aa r n r)) h u g n)))) (a h)) (ab f w w) k k)))
ac (k m (j (j y (s i (j (s (j y (s i (j (s (j y (x (a h)) (i (e d ad) (j (d y x w i e aa r n r)) h u g n)))) (a h)) (i (e d ad) (j (d y x w i e aa r n r)) h u g n)))) (a h)) (ab f w w) k k)))
ac (k m (j (j y (s i (j (s (j y (s i (j (s (j y (m (t ad ac (ac ad (b (o s c b)) f b ab)) (a h)) (i (e d ad) (j (d y x w i e aa r n r)) h u g n)))) (a h)) (i (e d ad) (j (d y x w i e aa r n r)) h u g n)))) (a h)) (ab f w w) k k)))
ac (k m (j (j y (s i (j (s (j y (s i (j (s (j y (s i (c (j (d y x w i e aa r n r))) (a h)) (i (e d ad) (j (d y x w i e aa r n r)) h u g n)))) (a h)) (i (e d ad) (j (d y x w i e aa r n r)) h u g n)))) (a h)) (ab f w w) k k)))
ac (k m (j (j y (s i (j (s (j y (s i (j (s (j y (s i (j (s (ad e (i (e d ad) (j (d y x w i e aa r n r)) h u g n)))) (a h)) (i (e d ad) (j (d y x w i e aa r n r)) h u g n)))) (a h)) (i (e d ad) (j (d y x w i e aa r n r)) h u g n)))) (a h)) (ab f w w) k k)))
ac (k m (j (j y (s i (j (s (j y (s i (j (s (j y (s i (j (s (j y (l k h (j x (e y h g h l g))) (i (e d ad) (j (d y x w i e aa r n r)) h u g n)))) (a h)) (i (e d ad) (j (d y x w i e aa r n r)) h u g n)))) (a h)) (i (e d ad) (j (d y x w i e aa r n r)) h u g n)))) (a h)) (ab f w w) k k)))
ac (k m (j (j y (s i (j (s (j y (s i (j (s (j y (s i (j (s (j y (x (a h)) (i (e d ad) (j (d y x w i e aa r n r)) h u g n)))) (a h)) (i (e d ad) (j (d y x w i e aa r n r)) h u g n)))) (a h)) (i (e d ad) (j (d y x w i e aa r n r)) h u g n)))) (a h)) (ab f w w) k k)))
ac (k m (j (j y (s i (j (s (j y (s i (j (s (j y (s i (j (s (j y (m (t ad ac (ac ad (b (o s c b)) f b ab)) (a h)) (i (e d ad) (j (d y x w i e aa r n r)) h u g n)))) (a h)) (i (e d ad) (j (d y x w i e aa r n r)) h u g n)))) (a h)) (i (e d ad) (j (d y x w i e aa r n r)) h u g n)))) (a h)) (ab f w w) k k)))
ac (k m (j (j y (s i (j (s (j y (s i (j (s (j y (s i (j (s (j y (s i (c (j (d y x w i e aa r n r))) (a h)) (i (e d ad) (j (d y x w i e aa r n r)) h u g n)))) (a h)) (i (e d ad) (j (d y x w i e aa r n r)) h u g n)))) (a h)) (i (e d ad) (j (d y x w i e aa r n r)) h u g n)))) (a h)) (ab f w w) k k)))
ac (k m (j (j y (s i (j (s (j y (s i (j (s (j y (s i (j (s (j y (s i (j (s (ad e (i (e d ad) (j (d y x w i e aa r n r)) h u g n)))) (a h)) (i (e d ad) (j (d y x w i e aa r n r)) h u g n)))) (a h)) (i (e d ad) (j (d y x w i e aa r n r)) h u g n)))) (a h)) (i (e d ad) (j (d y x w i e aa r n r)) h u g n)))) (a h)) (ab f w w) k k)))
ac (k m (j (j y (s i (j (s (j y (s i (j (s (j y (s i (j (s (j y (s i (j (s (j y (l k h (j x (e y h g h l g))) (i (e d ad) (j (d y x w i e aa r n r)) h u g n)))) (a h)) (i (e d ad) (j (d y x w i e aa r n r)) h u g n)))) (a h)) (i (e d ad) (j (d y x w i e aa r n r)) h u g n)))) (a h)) (i (e d ad) (j (d y x w i e aa r n r)) h u g n)))) (a h)) (ab f w w) k k)))
ac (k m (j (j y (s i (j (s (j y (s i (j (s (j y (s i (j (s (j y (s i (j (s (j y (x (a h)) (i (e d ad) (j (d y x w i e aa r n r)) h u g n)))) (a h)) (i (e d ad) (j (d y x w i e aa r n r)) h u g n)))) (a h)) (i (e d ad) (j (d y x w i e aa r n r)) h u g n)))) (a h)) (i (e d ad) (j (d y x w i e aa r n r)) h u g n)))) (a h)) (ab f w w) k k)))
ac (k m (j (j y (s i (j (s (j y (s i (j (s (j y (s i (j (s (j y (s i (j (s (j y (m (t ad ac (ac ad (b (o s c b)) f b ab)) (a h)) (i (e d ad) (j (d y x w i e aa r n r)) h u g n)))) (a h)) (i (e d ad) (j (d y x w i e aa r n r)) h u g n)))) (a h)) (i (e d ad) (j (d y x w i e aa r n r)) h u g n)))) (a h)) (i (e d ad) (j (d y x w i e aa r n r)) h u g n)))) (a h)) (ab f w w) k k)))
ac (k m (j (j y (s i (j (s (j y (s i (j (s (j y (s i (j (s (j y (s i (j (s (j y (s i (c (j (d y x w i e aa r n r))) (a h)) (i (e d ad) (j (d y x w i e aa r n r)) h u g n)))) (a h)) (i (e d ad) (j (d y x w i e aa r n r)) h u g n)))) (a h)) (i (e d ad) (j (d y x w i e aa r n r)) h u g n)))) (a h)) (i (e d ad) (j (d y x w i e aa r n r)) h u g n)))) (a h)) (ab f w w) k k)))
ac (k m (j (j y (s i (j (s (j y (s i (j (s (j y (s i (j (s (j y (s i (j (s (j y (s i (j (s (ad e (i (e d ad) (j (d y x w i e aa r n r)) h u g n)))) (a h)) (i (e d ad) (j (d y x w i e aa r n r)) h u g n)))) (a h)) (i (e d ad) (j (d y x w i e aa r n r)) h u g n)))) (a h)) (i (e d ad) (j (d y x w i e aa r n r)) h u g n)))) (a h)) (i (e d ad) (j (d y x w i e aa r n r)) h u g n)))) (a h)) (ab f w w) k k)))


