a ag af ae ad (r c)
b ai af ae ag ah aj j (v aj (i d m e ai))
c af ae d b
d x z (w l q m ac y y z r b f v t)
e m x (x (aa m (c (f aa v n y) d ab q w)))
f af ai ag ah ae l ad u i (l h (q (ai (ac q s p u e j s q l))))
g ag aj ah af ai ae i y ad ac w n
h ae af t aa (e (c m ac f (ab v af j ab a w)))
i aa n f a b m l w (w (s (n (ab ac r ac) m n)))
j ae ah ai af ag y (m ai (g l ai (z w s a p s q g)))
k ae af ag h z (ac v (y c h p ab ac c))
l ag af ai ae ah p (d (f (m o (w w t y aa e) y aa f e)))
m ah ag ai ae af k (k a (s (f (x c e ad z w u ab ai) o p y h)))
n ae af g (d ae (b (b o l a i e u t e c ac d)))
o ag ah af ae m ac (m (w aa c ab ac m))
p aa u
q w (i (o z s aa o v))
r af ae aa (m (v n (v o ac (i af a) z t l v l)))
s ai ae af ah ag u o (aa (z (c j i a l k o ac q af q l o)))
t ae af r p (d f (k (ab (ac w aa aa) ac p) q af n s e h))
u ai ag ah ae af aj w h a (h o (ad (w (l q k b w c f) a aa i)))
v d f p m (y (t j y n u) f f y z)
w ai ag ah ae af f (ac t v) i ac t
x af ah ae ag ad j (u q (e g u s))
y ag af ae l a p e (aa (s i t d aa af))
z ae ah ai aj af ag v a c ag p (t k v ac ad)
aa ae ah af ag n (g f (s t ad m g k r k c))
ab ae af d d (j (a h (q m b (n aa l w ac c aa))))
ac af ae d (z (t ad x v y y r aa n aa h))
ad ae a w s r (j u f o x f k)
main p d (z (h (i o p (A g (B g (C (l u (j (n (z u (c (D (ab o c E h g b (d (h e r (F (y v (g z (G H m (o (z x (h q (q h (I j J q u n e d ab b)) K l g v i) w i n e s o b L v b r r c) d k o j z n) d y j m s r y ab i ad M b) e c a ab y o k z))))))))))))))))))
------------------------------------------------------------
p d (z (h (i o p (A g (B g (C (l u (j (n (z u (c (D (ab o c E h g b (d (h e r (F (y v (g z (G H m (o (z x (h q (q h (I j J q u n e d ab b)) K l g v i) w i n e s o b L v b r r c) d k o j z n) d y j m s r y ab i ad M b) e c a ab y o k z))))))))))))))))))
aa u d (z (h (i o p (A g (B g (C (l u (j (n (z u (c (D (ab o c E h g b (d (h e r (F (y v (g z (G H m (o (z x (h q (q h (I j J q u n e d ab b)) K l g v i) w i n e s o b L v b r r c) d k o j z n) d y j m s r y ab i ad M b) e c a ab y o k z))))))))))))))))))
aa u d (z (h (aa n f a b m l w (w (s (n (ab ac r ac) m n))) o p (A g (B g (C (l u (j (n (z u (c (D (ab o c E h g b (d (h e r (F (y v (g z (G H m (o (z x (h q (q h (I j J q u n e d ab b)) K l g v i) w i n e s o b L v b r r c) d k o j z n) d y j m s r y ab i ad M b) e c a ab y o k z))))))))))))))))))
aa u d (z (h (n (g f (s t ad m g k r k c)) m l w (w (s (n (ab ac r ac) m n))) o p (A g (B g (C (l u (j (n (z u (c (D (ab o c E h g b (d (h e r (F (y v (g z (G H m (o (z x (h q (q h (I j J q u n e d ab b)) K l g v i) w i n e s o b L v b r r c) d k o j z n) d y j m s r y ab i ad M b) e c a ab y o k z))))))))))))))))))
aa u d (z (h (g (d (g f (s t ad m g k r k c)) (b (b o l a i e u t e c ac d))) l w (w (s (n (ab ac r ac) m n))) o p (A g (B g (C (l u (j (n (z u (c (D (ab o c E h g b (d (h e r (F (y v (g z (G H m (o (z x (h q (q h (I j J q u n e d ab b)) K l g v i) w i n e s o b L v b r r c) d k o j z n) d y j m s r y ab i ad M b) e c a ab y o k z))))))))))))))))))
aa u d (z (h (i y ad ac w n (A g (B g (C (l u (j (n (z u (c (D (ab o c E h g b (d (h e r (F (y v (g z (G H m (o (z x (h q (q h (I j J q u n e d ab b)) K l g v i) w i n e s o b L v b r r c) d k o j z n) d y j m s r y ab i ad M b) e c a ab y o k z))))))))))))))))))
aa u d (z (h (aa n f a b m l w (w (s (n (ab ac r ac) m n))) y ad ac w n (A g (B g (C (l u (j (n (z u (c (D (ab o c E h g b (d (h e r (F (y v (g z (G H m (o (z x (h q (q h (I j J q u n e d ab b)) K l g v i) w i n e s o b L v b r r c) d k o j z n) d y j m s r y ab i ad M b) e c a ab y o k z))))))))))))))))))
aa u d (z (h (n (g f (s t ad m g k r k c)) m l w (w (s (n (ab ac r ac) m n))) y ad ac w n (A g (B g (C (l u (j (n (z u (c (D (ab o c E h g b (d (h e r (F (y v (g z (G H m (o (z x (h q (q h (I j J q u n e d ab b)) K l g v i) w i n e s o b L v b r r c) d k o j z n) d y j m s r y ab i ad M b) e c a ab y o k z))))))))))))))))))
aa u d (z (h (g (d (g f (s t ad m g k r k c)) (b (b o l a i e u t e c ac d))) l w (w (s (n (ab ac r ac) m n))) y ad ac w n (A g (B g (C (l u (j (n (z u (c (D (ab o c E h g b (d (h e r (F (y v (g z (G H m (o (z x (h q (q h (I j J q u n e d ab b)) K l g v i) w i n e s o b L v b r r c) d k o j z n) d y j m s r y ab i ad M b) e c a ab y o k z))))))))))))))))))
aa u d (z (h (i y ad ac w n ac w n (A g (B g (C (l u (j (n (z u (c (D (ab o c E h g b (d (h e r (F (y v (g z (G H m (o (z x (h q (q h (I j J q u n e d ab b)) K l g v i) w i n e s o b L v b r r c) d k o j z n) d y j m s r y ab i ad M b) e c a ab y o k z))))))))))))))))))
aa u d (z (h (aa n f a b m l w (w (s (n (ab ac r ac) m n))) y ad ac w n ac w n (A g (B g (C (l u (j (n (z u (c (D (ab o c E h g b (d (h e r (F (y v (g z (G H m (o (z x (h q (q h (I j J q u n e d ab b)) K l g v i) w i n e s o b L v b r r c) d k o j z n) d y j m s r y ab i ad M b) e c a ab y o k z))))))))))))))))))
aa u d (z (h (n (g f (s t ad m g k r k c)) m l w (w (s (n (ab ac r ac) m n))) y ad ac w n ac w n (A g (B g (C (l u (j (n (z u (c (D (ab o c E h g b (d (h e r (F (y v (g z (G H m (o (z x (h q (q h (I j J q u n e d ab b)) K l g v i) w i n e s o b L v b r r c) d k o j z n) d y j m s r y ab i ad M b) e c a ab y o k z))))))))))))))))))
aa u d (z (h (g (d (g f (s t ad m g k r k c)) (b (b o l a i e u t e c ac d))) l w (w (s (n (ab ac r ac) m n))) y ad ac w n ac w n (A g (B g (C (l u (j (n (z u (c (D (ab o c E h g b (d (h e r (F (y v (g z (G H m (o (z x (h q (q h (I j J q u n e d ab b)) K l g v i) w i n e s o b L v b r r c) d k o j z n) d y j m s r y ab i ad M b) e c a ab y o k z))))))))))))))))))
aa u d (z (h (i y ad ac w n ac w n ac w n (A g (B g (C (l u (j (n (z u (c (D (ab o c E h g b (d (h e r (F (y v (g z (G H m (o (z x (h q (q h (I j J q u n e d ab b)) K l g v i) w i n e s o b L v b r r c) d k o j z n) d y j m s r y ab i ad M b) e c a ab y o k z))))))))))))))))))
aa u d (z (h (aa n f a b m l w (w (s (n (ab ac r ac) m n))) y ad ac w n ac w n ac w n (A g (B g (C (l u (j (n (z u (c (D (ab o c E h g b (d (h e r (F (y v (g z (G H m (o (z x (h q (q h (I j J q u n e d ab b)) K l g v i) w i n e s o b L v b r r c) d k o j z n) d y j m s r y ab i ad M b) e c a ab y o k z))))))))))))))))))
aa u d (z (h (n (g f (s t ad m g k r k c)) m l w (w (s (n (ab ac r ac) m n))) y ad ac w n ac w n ac w n (A g (B g (C (l u (j (n (z u (c (D (ab o c E h g b (d (h e r (F (y v (g z (G H m (o (z x (h q (q h (I j J q u n e d ab b)) K l g v i) w i n e s o b L v b r r c) d k o j z n) d y j m s r y ab i ad M b) e c a ab y o k z))))))))))))))))))
aa u d (z (h (g (d (g f (s t ad m g k r k c)) (b (b o l a i e u t e c ac d))) l w (w (s (n (ab ac r ac) m n))) y ad ac w n ac w n ac w n (A g (B g (C (l u (j (n (z u (c (D (ab o c E h g b (d (h e r (F (y v (g z (G H m (o (z x (h q (q h (I j J q u n e d ab b)) K l g v i) w i n e s o b L v b r r c) d k o j z n) d y j m s r y ab i ad M b) e c a ab y o k z))))))))))))))))))
aa u d (z (h (i y ad ac w n ac w n ac w n ac w n (A g (B g (C (l u (j (n (z u (c (D (ab o c E h g b (d (h e r (F (y v (g z (G H m (o (z x (h q (q h (I j J q u n e d ab b)) K l g v i) w i n e s o b L v b r r c) d k o j z n) d y j m s r y ab i ad M b) e c a ab y o k z))))))))))))))))))
aa u d (z (h (aa n f a b m l w (w (s (n (ab ac r ac) m n))) y ad ac w n ac w n ac w n ac w n (A g (B g (C (l u (j (n (z u (c (D (ab o c E h g b (d (h e r (F (y v (g z (G H m (o (z x (h q (q h (I j J q u n e d ab b)) K l g v i) w i n e s o b L v b r r c) d k o j z n) d y j m s r y ab i ad M b) e c a ab y o k z))))))))))))))))))
aa u d (z (h (n (g f (s t ad m g k r k c)) m l w (w (s (n (ab ac r ac) m n))) y ad ac w n ac w n ac w n ac w n (A g (B g (C (l u (j (n (z u (c (D (ab o c E h g b (d (h e r (F (y v (g z (G H m (o (z x (h q (q h (I j J q u n e d ab b)) K l g v i) w i n e s o b L v b r r c) d k o j z n) d y j m s r y ab i ad M b) e c a ab y o k z))))))))))))))))))
aa u d (z (h (g (d (g f (s t ad m g k r k c)) (b (b o l a i e u t e c ac d))) l w (w (s (n (ab ac r ac) m n))) y ad ac w n ac w n ac w n ac w n (A g (B g (C (l u (j (n (z u (c (D (ab o c E h g b (d (h e r (F (y v (g z (G H m (o (z x (h q (q h (I j J q u n e d ab b)) K l g v i) w i n e s o b L v b r r c) d k o j z n) d y j m s r y ab i ad M b) e c a ab y o k z))))))))))))))))))
aa u d (z (h (i y ad ac w n ac w n ac w n ac w n ac w n (A g (B g (C (l u (j (n (z u (c (D (ab o c E h g b (d (h e r (F (y v (g z (G H m (o (z x (h q (q h (I j J q u n e d ab b)) K l g v i) w i n e s o b L v b r r c) d k o j z n) d y j m s r y ab i ad M b) e c a ab y o k z))))))))))))))))))
aa u d (z (h (aa n f a b m l w (w (s (n (ab ac r ac) m n))) y ad ac w n ac w n ac w n ac w n ac w n (A g (B g (C (l u (j (n (z u (c (D (ab o c E h g b (d (h e r (F (y v (g z (G H m (o (z x (h q (q h (I j J q u n e d ab b)) K l g v i) w i n e s o b L v b r r c) d k o j z n) d y j m s r y ab i ad M b) e c a ab y o k z))))))))))))))))))
aa u d (z (h (n (g f (s t ad m g k r k c)) m l w (w (s (n (ab ac r ac) m n))) y ad ac w n ac w n ac w n ac w n ac w n (A g (B g (C (l u (j (n (z u (c (D (ab o c E h g b (d (h e r (F (y v (g z (G H m (o (z x (h q (q h (I j J q u n e d ab b)) K l g v i) w i n e s o b L v b r r c) d k o j z n) d y j m s r y ab i ad M b) e c a ab y o k z))))))))))))))))))
aa u d (z (h (g (d (g f (s t ad m g k r k c)) (b (b o l a i e u t e c ac d))) l w (w (s (n (ab ac r ac) m n))) y ad ac w n ac w n ac w n ac w n ac w n (A g (B g (C (l u (j (n (z u (c (D (ab o c E h g b (d (h e r (F (y v (g z (G H m (o (z x (h q (q h (I j J q u n e d ab b)) K l g v i) w i n e s o b L v b r r c) d k o j z n) d y j m s r y ab i ad M b) e c a ab y o k z))))))))))))))))))
aa u d (z (h (i y ad ac w n ac w n ac w n ac w n ac w n ac w n (A g (B g (C (l u (j (n (z u (c (D (ab o c E h g b (d (h e r (F (y v (g z (G H m (o (z x (h q (q h (I j J q u n e d ab b)) K l g v i) w i n e s o b L v b r r c) d k o j z n) d y j m s r y ab i ad M b) e c a ab y o k z))))))))))))))))))
aa u d (z (h (aa n f a b m l w (w (s (n (ab ac r ac) m n))) y ad ac w n ac w n ac w n ac w n ac w n ac w n (A g (B g (C (l u (j (n (z u (c (D (ab o c E h g b (d (h e r (F (y v (g z (G H m (o (z x (h q (q h (I j J q u n e d ab b)) K l g v i) w i n e s o b L v b r r c) d k o j z n) d y j m s r y ab i ad M b) e c a ab y o k z))))))))))))))))))
aa u d (z (h (n (g f (s t ad m g k r k c)) m l w (w (s (n (ab ac r ac) m n))) y ad ac w n ac w n ac w n ac w n ac w n ac w n (A g (B g (C (l u (j (n (z u (c (D (ab o c E h g b (d (h e r (F (y v (g z (G H m (o (z x (h q (q h (I j J q u n e d ab b)) K l g v i) w i n e s o b L v b r r c) d k o j z n) d y j m s r y ab i ad M b) e c a ab y o k z))))))))))))))))))
aa u d (z (h (g (d (g f (s t ad m g k r k c)) (b (b o l a i e u t e c ac d))) l w (w (s (n (ab ac r ac) m n))) y ad ac w n ac w n ac w n ac w n ac w n ac w n (A g (B g (C (l u (j (n (z u (c (D (ab o c E h g b (d (h e r (F (y v (g z (G H m (o (z x (h q (q h (I j J q u n e d ab b)) K l g v i) w i n e s o b L v b r r c) d k o j z n) d y j m s r y ab i ad M b) e c a ab y o k z))))))))))))))))))
aa u d (z (h (i y ad ac w n ac w n ac w n ac w n ac w n ac w n ac w n (A g (B g (C (l u (j (n (z u (c (D (ab o c E h g b (d (h e r (F (y v (g z (G H m (o (z x (h q (q h (I j J q u n e d ab b)) K l g v i) w i n e s o b L v b r r c) d k o j z n) d y j m s r y ab i ad M b) e c a ab y o k z))))))))))))))))))


