a ae ag af = v u (x l f af p (j h p) ag k l p o b v)
b ah ae af ag = o (v aa (g y aa))
c aj ae ai ag ah af = aa m (g j u (aa ae p e m z ad t))
d ae = r aa (w (u (w a p y k)))
e ae = h (ab (ab ab v (s (w w y w z b g j w r))))
f ae ag af = ac (j (x (ae (h b q h ac d))))
g ag ae af = u o p (t y ad) f y
h ae af ag = r l l (ac (l z (r q t y c s c o x af)))
i ae = ab a aa (y ae (k g z o f t u j w m))
j ae = o (b k ac v (z (d m c) (z y) z i e ae n h))
k ae = ab ae ac ad v
l ae = g s k z g
m ah ae af ag = z (c (aa aa e u q c w n))
n af ah ae ag = aa p j (ab (k (ac (p (j (q b h k c q d g v i))))))
o = x (ad ab)
p ai ag ae af ah aj = aa m (d k ab) i n q z
q ae ag af = u (m p i a b s a)
r ae = ad v (q x l)
s ai af ag ae ah = u n r (f (v a ad l (c (p e b ac) k ab u ab d)))
t ag ae af ah = ab (e (c af (q (l r (n a j y j z c) w r o))))
u = s q (k (c f (d w e c x g)))
v ae af = ae (i h b ae ad b)
w ae af = v (n aa d ae x (d p p u ae i))
x ae ah ag af ai = r (aa b f g h (z h a ah))
y ag af ai aj ah ae = aa b (a q)
z = n p p aa p d (x (q (s c (k g ad) k n j)))
aa af ae = x w r v (l f ad ac g)
ab af ae ag = z aa v y b (v d (p (u s g e l) h c s ad u))
ac aj ae ag ai ah af = z (g v z) c g f k ai
ad = g c (l (y (q b (u (a (aa b d k o b l w d z))))))
main = ad A (g (q B k n s (C g (f (D w (E F (G ac (aa (H I (J (ac (n K (L (k (m M v (ab q (ab c aa (N (ad (f (c p (l (h r (O (P Q (c (g (R (o S k) k t k T y f b r m b s U ab t e f d) aa n e ac d b m) n n t n q u b V W X j Y t ad w j e ac ad w n u b) j b)))))))))))))))))))))))))
------------------------------------------------------------
ad A (g (q B k n s (C g (f (D w (E F (G ac (aa (H I (J (ac (n K (L (k (m M v (ab q (ab c aa (N (ad (f (c p (l (h r (O (P Q (c (g (R (o S k) k t k T y f b r m b s U ab t e f d) aa n e ac d b m) n n t n q u b V W X j Y t ad w j e ac ad w n u b) j b)))))))))))))))))))))))))
g c (l (y (q b (u (a (aa b d k o b l w d z)))))) A (g (q B k n s (C g (f (D w (E F (G ac (aa (H I (J (ac (n K (L (k (m M v (ab q (ab c aa (N (ad (f (c p (l (h r (O (P Q (c (g (R (o S k) k t k T y f b r m b s U ab t e f d) aa n e ac d b m) n n t n q u b V W X j Y t ad w j e ac ad w n u b) j b)))))))))))))))))))))))))
u o p (t y ad) f y (g (q B k n s (C g (f (D w (E F (G ac (aa (H I (J (ac (n K (L (k (m M v (ab q (ab c aa (N (ad (f (c p (l (h r (O (P Q (c (g (R (o S k) k t k T y f b r m b s U ab t e f d) aa n e ac d b m) n n t n q u b V W X j Y t ad w j e ac ad w n u b) j b)))))))))))))))))))))))))
s q (k (c f (d w e c x g))) o p (t y ad) f y (g (q B k n s (C g (f (D w (E F (G ac (aa (H I (J (ac (n K (L (k (m M v (ab q (ab c aa (N (ad (f (c p (l (h r (O (P Q (c (g (R (o S k) k t k T y f b r m b s U ab t e f d) aa n e ac d b m) n n t n q u b V W X j Y t ad w j e ac ad w n u b) j b)))))))))))))))))))))))))
u n r (f (v a ad l (c (p e b ac) k ab u ab d))) f y (g (q B k n s (C g (f (D w (E F (G ac (aa (H I (J (ac (n K (L (k (m M v (ab q (ab c aa (N (ad (f (c p (l (h r (O (P Q (c (g (R (o S k) k t k T y f b r m b s U ab t e f d) aa n e ac d b m) n n t n q u b V W X j Y t ad w j e ac ad w n u b) j b)))))))))))))))))))))))))
s q (k (c f (d w e c x g))) n r (f (v a ad l (c (p e b ac) k ab u ab d))) f y (g (q B k n s (C g (f (D w (E F (G ac (aa (H I (J (ac (n K (L (k (m M v (ab q (ab c aa (N (ad (f (c p (l (h r (O (P Q (c (g (R (o S k) k t k T y f b r m b s U ab t e f d) aa n e ac d b m) n n t n q u b V W X j Y t ad w j e ac ad w n u b) j b)))))))))))))))))))))))))
u n r (f (v a ad l (c (p e b ac) k ab u ab d))) f y (g (q B k n s (C g (f (D w (E F (G ac (aa (H I (J (ac (n K (L (k (m M v (ab q (ab c aa (N (ad (f (c p (l (h r (O (P Q (c (g (R (o S k) k t k T y f b r m b s U ab t e f d) aa n e ac d b m) n n t n q u b V W X j Y t ad w j e ac ad w n u b) j b)))))))))))))))))))))))))
s q (k (c f (d w e c x g))) n r (f (v a ad l (c (p e b ac) k ab u ab d))) f y (g (q B k n s (C g (f (D w (E F (G ac (aa (H I (J (ac (n K (L (k (m M v (ab q (ab c aa (N (ad (f (c p (l (h r (O (P Q (c (g (R (o S k) k t k T y f b r m b s U ab t e f d) aa n e ac d b m) n n t n q u b V W X j Y t ad w j e ac ad w n u b) j b)))))))))))))))))))))))))
u n r (f (v a ad l (c (p e b ac) k ab u ab d))) f y (g (q B k n s (C g (f (D w (E F (G ac (aa (H I (J (ac (n K (L (k (m M v (ab q (ab c aa (N (ad (f (c p (l (h r (O (P Q (c (g (R (o S k) k t k T y f b r m b s U ab t e f d) aa n e ac d b m) n n t n q u b V W X j Y t ad w j e ac ad w n u b) j b)))))))))))))))))))))))))
s q (k (c f (d w e c x g))) n r (f (v a ad l (c (p e b ac) k ab u ab d))) f y (g (q B k n s (C g (f (D w (E F (G ac (aa (H I (J (ac (n K (L (k (m M v (ab q (ab c aa (N (ad (f (c p (l (h r (O (P Q (c (g (R (o S k) k t k T y f b r m b s U ab t e f d) aa n e ac d b m) n n t n q u b V W X j Y t ad w j e ac ad w n u b) j b)))))))))))))))))))))))))
u n r (f (v a ad l (c (p e b ac) k ab u ab d))) f y (g (q B k n s (C g (f (D w (E F (G ac (aa (H I (J (ac (n K (L (k (m M v (ab q (ab c aa (N (ad (f (c p (l (h r (O (P Q (c (g (R (o S k) k t k T y f b r m b s U ab t e f d) aa n e ac d b m) n n t n q u b V W X j Y t ad w j e ac ad w n u b) j b)))))))))))))))))))))))))
s q (k (c f (d w e c x g))) n r (f (v a ad l (c (p e b ac) k ab u ab d))) f y (g (q B k n s (C g (f (D w (E F (G ac (aa (H I (J (ac (n K (L (k (m M v (ab q (ab c aa (N (ad (f (c p (l (h r (O (P Q (c (g (R (o S k) k t k T y f b r m b s U ab t e f d) aa n e ac d b m) n n t n q u b V W X j Y t ad w j e ac ad w n u b) j b)))))))))))))))))))))))))
u n r (f (v a ad l (c (p e b ac) k ab u ab d))) f y (g (q B k n s (C g (f (D w (E F (G ac (aa (H I (J (ac (n K (L (k (m M v (ab q (ab c aa (N (ad (f (c p (l (h r (O (P Q (c (g (R (o S k) k t k T y f b r m b s U ab t e f d) aa n e ac d b m) n n t n q u b V W X j Y t ad w j e ac ad w n u b) j b)))))))))))))))))))))))))
s q (k (c f (d w e c x g))) n r (f (v a ad l (c (p e b ac) k ab u ab d))) f y (g (q B k n s (C g (f (D w (E F (G ac (aa (H I (J (ac (n K (L (k (m M v (ab q (ab c aa (N (ad (f (c p (l (h r (O (P Q (c (g (R (o S k) k t k T y f b r m b s U ab t e f d) aa n e ac d b m) n n t n q u b V W X j Y t ad w j e ac ad w n u b) j b)))))))))))))))))))))))))
u n r (f (v a ad l (c (p e b ac) k ab u ab d))) f y (g (q B k n s (C g (f (D w (E F (G ac (aa (H I (J (ac (n K (L (k (m M v (ab q (ab c aa (N (ad (f (c p (l (h r (O (P Q (c (g (R (o S k) k t k T y f b r m b s U ab t e f d) aa n e ac d b m) n n t n q u b V W X j Y t ad w j e ac ad w n u b) j b)))))))))))))))))))))))))
s q (k (c f (d w e c x g))) n r (f (v a ad l (c (p e b ac) k ab u ab d))) f y (g (q B k n s (C g (f (D w (E F (G ac (aa (H I (J (ac (n K (L (k (m M v (ab q (ab c aa (N (ad (f (c p (l (h r (O (P Q (c (g (R (o S k) k t k T y f b r m b s U ab t e f d) aa n e ac d b m) n n t n q u b V W X j Y t ad w j e ac ad w n u b) j b)))))))))))))))))))))))))
u n r (f (v a ad l (c (p e b ac) k ab u ab d))) f y (g (q B k n s (C g (f (D w (E F (G ac (aa (H I (J (ac (n K (L (k (m M v (ab q (ab c aa (N (ad (f (c p (l (h r (O (P Q (c (g (R (o S k) k t k T y f b r m b s U ab t e f d) aa n e ac d b m) n n t n q u b V W X j Y t ad w j e ac ad w n u b) j b)))))))))))))))))))))))))
s q (k (c f (d w e c x g))) n r (f (v a ad l (c (p e b ac) k ab u ab d))) f y (g (q B k n s (C g (f (D w (E F (G ac (aa (H I (J (ac (n K (L (k (m M v (ab q (ab c aa (N (ad (f (c p (l (h r (O (P Q (c (g (R (o S k) k t k T y f b r m b s U ab t e f d) aa n e ac d b m) n n t n q u b V W X j Y t ad w j e ac ad w n u b) j b)))))))))))))))))))))))))
u n r (f (v a ad l (c (p e b ac) k ab u ab d))) f y (g (q B k n s (C g (f (D w (E F (G ac (aa (H I (J (ac (n K (L (k (m M v (ab q (ab c aa (N (ad (f (c p (l (h r (O (P Q (c (g (R (o S k) k t k T y f b r m b s U ab t e f d) aa n e ac d b m) n n t n q u b V W X j Y t ad w j e ac ad w n u b) j b)))))))))))))))))))))))))
s q (k (c f (d w e c x g))) n r (f (v a ad l (c (p e b ac) k ab u ab d))) f y (g (q B k n s (C g (f (D w (E F (G ac (aa (H I (J (ac (n K (L (k (m M v (ab q (ab c aa (N (ad (f (c p (l (h r (O (P Q (c (g (R (o S k) k t k T y f b r m b s U ab t e f d) aa n e ac d b m) n n t n q u b V W X j Y t ad w j e ac ad w n u b) j b)))))))))))))))))))))))))
u n r (f (v a ad l (c (p e b ac) k ab u ab d))) f y (g (q B k n s (C g (f (D w (E F (G ac (aa (H I (J (ac (n K (L (k (m M v (ab q (ab c aa (N (ad (f (c p (l (h r (O (P Q (c (g (R (o S k) k t k T y f b r m b s U ab t e f d) aa n e ac d b m) n n t n q u b V W X j Y t ad w j e ac ad w n u b) j b)))))))))))))))))))))))))
s q (k (c f (d w e c x g))) n r (f (v a ad l (c (p e b ac) k ab u ab d))) f y (g (q B k n s (C g (f (D w (E F (G ac (aa (H I (J (ac (n K (L (k (m M v (ab q (ab c aa (N (ad (f (c p (l (h r (O (P Q (c (g (R (o S k) k t k T y f b r m b s U ab t e f d) aa n e ac d b m) n n t n q u b V W X j Y t ad w j e ac ad w n u b) j b)))))))))))))))))))))))))
u n r (f (v a ad l (c (p e b ac) k ab u ab d))) f y (g (q B k n s (C g (f (D w (E F (G ac (aa (H I (J (ac (n K (L (k (m M v (ab q (ab c aa (N (ad (f (c p (l (h r (O (P Q (c (g (R (o S k) k t k T y f b r m b s U ab t e f d) aa n e ac d b m) n n t n q u b V W X j Y t ad w j e ac ad w n u b) j b)))))))))))))))))))))))))
s q (k (c f (d w e c x g))) n r (f (v a ad l (c (p e b ac) k ab u ab d))) f y (g (q B k n s (C g (f (D w (E F (G ac (aa (H I (J (ac (n K (L (k (m M v (ab q (ab c aa (N (ad (f (c p (l (h r (O (P Q (c (g (R (o S k) k t k T y f b r m b s U ab t e f d) aa n e ac d b m) n n t n q u b V W X j Y t ad w j e ac ad w n u b) j b)))))))))))))))))))))))))
u n r (f (v a ad l (c (p e b ac) k ab u ab d))) f y (g (q B k n s (C g (f (D w (E F (G ac (aa (H I (J (ac (n K (L (k (m M v (ab q (ab c aa (N (ad (f (c p (l (h r (O (P Q (c (g (R (o S k) k t k T y f b r m b s U ab t e f d) aa n e ac d b m) n n t n q u b V W X j Y t ad w j e ac ad w n u b) j b)))))))))))))))))))))))))
s q (k (c f (d w e c x g))) n r (f (v a ad l (c (p e b ac) k ab u ab d))) f y (g (q B k n s (C g (f (D w (E F (G ac (aa (H I (J (ac (n K (L (k (m M v (ab q (ab c aa (N (ad (f (c p (l (h r (O (P Q (c (g (R (o S k) k t k T y f b r m b s U ab t e f d) aa n e ac d b m) n n t n q u b V W X j Y t ad w j e ac ad w n u b) j b)))))))))))))))))))))))))
u n r (f (v a ad l (c (p e b ac) k ab u ab d))) f y (g (q B k n s (C g (f (D w (E F (G ac (aa (H I (J (ac (n K (L (k (m M v (ab q (ab c aa (N (ad (f (c p (l (h r (O (P Q (c (g (R (o S k) k t k T y f b r m b s U ab t e f d) aa n e ac d b m) n n t n q u b V W X j Y t ad w j e ac ad w n u b) j b)))))))))))))))))))))))))
s q (k (c f (d w e c x g))) n r (f (v a ad l (c (p e b ac) k ab u ab d))) f y (g (q B k n s (C g (f (D w (E F (G ac (aa (H I (J (ac (n K (L (k (m M v (ab q (ab c aa (N (ad (f (c p (l (h r (O (P Q (c (g (R (o S k) k t k T y f b r m b s U ab t e f d) aa n e ac d b m) n n t n q u b V W X j Y t ad w j e ac ad w n u b) j b)))))))))))))))))))))))))
u n r (f (v a ad l (c (p e b ac) k ab u ab d))) f y (g (q B k n s (C g (f (D w (E F (G ac (aa (H I (J (ac (n K (L (k (m M v (ab q (ab c aa (N (ad (f (c p (l (h r (O (P Q (c (g (R (o S k) k t k T y f b r m b s U ab t e f d) aa n e ac d b m) n n t n q u b V W X j Y t ad w j e ac ad w n u b) j b)))))))))))))))))))))))))
s q (k (c f (d w e c x g))) n r (f (v a ad l (c (p e b ac) k ab u ab d))) f y (g (q B k n s (C g (f (D w (E F (G ac (aa (H I (J (ac (n K (L (k (m M v (ab q (ab c aa (N (ad (f (c p (l (h r (O (P Q (c (g (R (o S k) k t k T y f b r m b s U ab t e f d) aa n e ac d b m) n n t n q u b V W X j Y t ad w j e ac ad w n u b) j b)))))))))))))))))))))))))


