a ae = x (ac (ab ad k h ae c x))
b ag af ae = c (h f (k (q d z i e m r l h s n t z w)))
c af ae = m p (q (n n (x (j (y ac ab ad ab x i) b q))))
d ae = w s a f v (o e k (w v s b ae a h b f q))
e ai ah af ag ae = ac u p (f (j (f r (i ag (b j l ad) ab m h r))))
f = e v (i y p) y
g ah af ae ag = r (b ab)
h ae af = d (c ac (f u x (s ab n q p i p)))
i aj ae ai ag af ah = t f b (a a k o)
j af ae = s (l w (ae ab a q ad c i w))
k af ae = g (e c l y s)
l ai ah ae ag af = u (t ad (t k) (d d (m g t) g d e f ac))
m = t (h l ab (s u) (y u g o t b))
n ah af ai aj ae ag = f (q (l p ab d) (m ab (d v o k k)))
o ae = g v (m i c (x u h a h c e x ac z))
p ae = s (z ab)
q = ac d d t
r = b (q y) n h aa s (w p j (s (p c) a s g))
s ag aj ai ah ae af = r q (p (d z j (f g c m a z c)))
t ae = h (ad m (ad v (w (v n n (e p aa c f l g ab)))))
u af ae aj ag ai ah = b y (n (l (r ac f t y t j c ab q)))
v ai af ae ag ah = o (k k aa d p (t i y n m h w t))
w ae = n c ae n
x ae = ae l f j m w ae (o (aa t (y o) ae aa) h)
y ae ah ai af ag = ad g v (n (r (o (n u ac ab j k ai o))))
z ae = a h p (q ac d)
aa af ae = t j x c ae ad ae (r ae)
ab ag ai af ae ah = aa c z o e f (a f s (u z k w ad e c))
ac ai af ag ah aj ae = j (z f (c d l i ai t r z))
ad ae = ac (q n (ac (e ae k z ac m x ac ac h h)))
main = u g b (r o x e ac (n aa) e p A (B C (t o) q (a (i (D (e (E j (F G (i (H (m e (I (s (w n m (e i (w d J (u (k f (ab f ab i (ab (h K (L ab) (M q j v o ac ab u f a f m f) f c n z c h e t b s e N s h) z ab d k e q h r i n O k u)) e aa ad h P r ab w))))))))))))))))))
------------------------------------------------------------
u g b (r o x e ac (n aa) e p A (B C (t o) q (a (i (D (e (E j (F G (i (H (m e (I (s (w n m (e i (w d J (u (k f (ab f ab i (ab (h K (L ab) (M q j v o ac ab u f a f m f) f c n z c h e t b s e N s h) z ab d k e q h r i n O k u)) e aa ad h P r ab w))))))))))))))))))
u g b (b (q y) n h aa s (w p j (s (p c) a s g)) o x e ac (n aa) e p A (B C (t o) q (a (i (D (e (E j (F G (i (H (m e (I (s (w n m (e i (w d J (u (k f (ab f ab i (ab (h K (L ab) (M q j v o ac ab u f a f m f) f c n z c h e t b s e N s h) z ab d k e q h r i n O k u)) e aa ad h P r ab w))))))))))))))))))
u g b (c (h f (k (q d z i e m r l h s n t z w))) aa s (w p j (s (p c) a s g)) o x e ac (n aa) e p A (B C (t o) q (a (i (D (e (E j (F G (i (H (m e (I (s (w n m (e i (w d J (u (k f (ab f ab i (ab (h K (L ab) (M q j v o ac ab u f a f m f) f c n z c h e t b s e N s h) z ab d k e q h r i n O k u)) e aa ad h P r ab w))))))))))))))))))
u g b (m p (q (n n (x (j (y ac ab ad ab x i) b q)))) s (w p j (s (p c) a s g)) o x e ac (n aa) e p A (B C (t o) q (a (i (D (e (E j (F G (i (H (m e (I (s (w n m (e i (w d J (u (k f (ab f ab i (ab (h K (L ab) (M q j v o ac ab u f a f m f) f c n z c h e t b s e N s h) z ab d k e q h r i n O k u)) e aa ad h P r ab w))))))))))))))))))
u g b (t (h l ab (s u) (y u g o t b)) p (q (n n (x (j (y ac ab ad ab x i) b q)))) s (w p j (s (p c) a s g)) o x e ac (n aa) e p A (B C (t o) q (a (i (D (e (E j (F G (i (H (m e (I (s (w n m (e i (w d J (u (k f (ab f ab i (ab (h K (L ab) (M q j v o ac ab u f a f m f) f c n z c h e t b s e N s h) z ab d k e q h r i n O k u)) e aa ad h P r ab w))))))))))))))))))
u g b (h (ad m (ad v (w (v n n (e p aa c f l g ab))))) p (q (n n (x (j (y ac ab ad ab x i) b q)))) s (w p j (s (p c) a s g)) o x e ac (n aa) e p A (B C (t o) q (a (i (D (e (E j (F G (i (H (m e (I (s (w n m (e i (w d J (u (k f (ab f ab i (ab (h K (L ab) (M q j v o ac ab u f a f m f) f c n z c h e t b s e N s h) z ab d k e q h r i n O k u)) e aa ad h P r ab w))))))))))))))))))
u g b (d (c ac (f u x (s ab n q p i p))) (q (n n (x (j (y ac ab ad ab x i) b q)))) s (w p j (s (p c) a s g)) o x e ac (n aa) e p A (B C (t o) q (a (i (D (e (E j (F G (i (H (m e (I (s (w n m (e i (w d J (u (k f (ab f ab i (ab (h K (L ab) (M q j v o ac ab u f a f m f) f c n z c h e t b s e N s h) z ab d k e q h r i n O k u)) e aa ad h P r ab w))))))))))))))))))
u g b (w s a f v (o e k (w v s b (c ac (f u x (s ab n q p i p))) a h b f q)) (q (n n (x (j (y ac ab ad ab x i) b q)))) s (w p j (s (p c) a s g)) o x e ac (n aa) e p A (B C (t o) q (a (i (D (e (E j (F G (i (H (m e (I (s (w n m (e i (w d J (u (k f (ab f ab i (ab (h K (L ab) (M q j v o ac ab u f a f m f) f c n z c h e t b s e N s h) z ab d k e q h r i n O k u)) e aa ad h P r ab w))))))))))))))))))
u g b (n c s n a f v (o e k (w v s b (c ac (f u x (s ab n q p i p))) a h b f q)) (q (n n (x (j (y ac ab ad ab x i) b q)))) s (w p j (s (p c) a s g)) o x e ac (n aa) e p A (B C (t o) q (a (i (D (e (E j (F G (i (H (m e (I (s (w n m (e i (w d J (u (k f (ab f ab i (ab (h K (L ab) (M q j v o ac ab u f a f m f) f c n z c h e t b s e N s h) z ab d k e q h r i n O k u)) e aa ad h P r ab w))))))))))))))))))
u g b (f (q (l p ab d) (m ab (d v o k k))) (o e k (w v s b (c ac (f u x (s ab n q p i p))) a h b f q)) (q (n n (x (j (y ac ab ad ab x i) b q)))) s (w p j (s (p c) a s g)) o x e ac (n aa) e p A (B C (t o) q (a (i (D (e (E j (F G (i (H (m e (I (s (w n m (e i (w d J (u (k f (ab f ab i (ab (h K (L ab) (M q j v o ac ab u f a f m f) f c n z c h e t b s e N s h) z ab d k e q h r i n O k u)) e aa ad h P r ab w))))))))))))))))))
u g b (e v (i y p) y (q (l p ab d) (m ab (d v o k k))) (o e k (w v s b (c ac (f u x (s ab n q p i p))) a h b f q)) (q (n n (x (j (y ac ab ad ab x i) b q)))) s (w p j (s (p c) a s g)) o x e ac (n aa) e p A (B C (t o) q (a (i (D (e (E j (F G (i (H (m e (I (s (w n m (e i (w d J (u (k f (ab f ab i (ab (h K (L ab) (M q j v o ac ab u f a f m f) f c n z c h e t b s e N s h) z ab d k e q h r i n O k u)) e aa ad h P r ab w))))))))))))))))))
u g b (ac u p (f (j (f r (i (q (l p ab d) (m ab (d v o k k))) (b j l ad) ab m h r)))) (q (n n (x (j (y ac ab ad ab x i) b q)))) s (w p j (s (p c) a s g)) o x e ac (n aa) e p A (B C (t o) q (a (i (D (e (E j (F G (i (H (m e (I (s (w n m (e i (w d J (u (k f (ab f ab i (ab (h K (L ab) (M q j v o ac ab u f a f m f) f c n z c h e t b s e N s h) z ab d k e q h r i n O k u)) e aa ad h P r ab w))))))))))))))))))
u g b (j (z f (c d l i u t r z)) o x e ac (n aa) e p A (B C (t o) q (a (i (D (e (E j (F G (i (H (m e (I (s (w n m (e i (w d J (u (k f (ab f ab i (ab (h K (L ab) (M q j v o ac ab u f a f m f) f c n z c h e t b s e N s h) z ab d k e q h r i n O k u)) e aa ad h P r ab w))))))))))))))))))
u g b (s (l w (o ab a q ad c i w)) x e ac (n aa) e p A (B C (t o) q (a (i (D (e (E j (F G (i (H (m e (I (s (w n m (e i (w d J (u (k f (ab f ab i (ab (h K (L ab) (M q j v o ac ab u f a f m f) f c n z c h e t b s e N s h) z ab d k e q h r i n O k u)) e aa ad h P r ab w))))))))))))))))))
u g b (r q (p (d z j (f g c m a z c))) p A (B C (t o) q (a (i (D (e (E j (F G (i (H (m e (I (s (w n m (e i (w d J (u (k f (ab f ab i (ab (h K (L ab) (M q j v o ac ab u f a f m f) f c n z c h e t b s e N s h) z ab d k e q h r i n O k u)) e aa ad h P r ab w))))))))))))))))))
u g b (b (q y) n h aa s (w p j (s (p c) a s g)) q (p (d z j (f g c m a z c))) p A (B C (t o) q (a (i (D (e (E j (F G (i (H (m e (I (s (w n m (e i (w d J (u (k f (ab f ab i (ab (h K (L ab) (M q j v o ac ab u f a f m f) f c n z c h e t b s e N s h) z ab d k e q h r i n O k u)) e aa ad h P r ab w))))))))))))))))))
u g b (c (h f (k (q d z i e m r l h s n t z w))) aa s (w p j (s (p c) a s g)) q (p (d z j (f g c m a z c))) p A (B C (t o) q (a (i (D (e (E j (F G (i (H (m e (I (s (w n m (e i (w d J (u (k f (ab f ab i (ab (h K (L ab) (M q j v o ac ab u f a f m f) f c n z c h e t b s e N s h) z ab d k e q h r i n O k u)) e aa ad h P r ab w))))))))))))))))))
u g b (m p (q (n n (x (j (y ac ab ad ab x i) b q)))) s (w p j (s (p c) a s g)) q (p (d z j (f g c m a z c))) p A (B C (t o) q (a (i (D (e (E j (F G (i (H (m e (I (s (w n m (e i (w d J (u (k f (ab f ab i (ab (h K (L ab) (M q j v o ac ab u f a f m f) f c n z c h e t b s e N s h) z ab d k e q h r i n O k u)) e aa ad h P r ab w))))))))))))))))))
u g b (t (h l ab (s u) (y u g o t b)) p (q (n n (x (j (y ac ab ad ab x i) b q)))) s (w p j (s (p c) a s g)) q (p (d z j (f g c m a z c))) p A (B C (t o) q (a (i (D (e (E j (F G (i (H (m e (I (s (w n m (e i (w d J (u (k f (ab f ab i (ab (h K (L ab) (M q j v o ac ab u f a f m f) f c n z c h e t b s e N s h) z ab d k e q h r i n O k u)) e aa ad h P r ab w))))))))))))))))))
u g b (h (ad m (ad v (w (v n n (e p aa c f l g ab))))) p (q (n n (x (j (y ac ab ad ab x i) b q)))) s (w p j (s (p c) a s g)) q (p (d z j (f g c m a z c))) p A (B C (t o) q (a (i (D (e (E j (F G (i (H (m e (I (s (w n m (e i (w d J (u (k f (ab f ab i (ab (h K (L ab) (M q j v o ac ab u f a f m f) f c n z c h e t b s e N s h) z ab d k e q h r i n O k u)) e aa ad h P r ab w))))))))))))))))))
u g b (d (c ac (f u x (s ab n q p i p))) (q (n n (x (j (y ac ab ad ab x i) b q)))) s (w p j (s (p c) a s g)) q (p (d z j (f g c m a z c))) p A (B C (t o) q (a (i (D (e (E j (F G (i (H (m e (I (s (w n m (e i (w d J (u (k f (ab f ab i (ab (h K (L ab) (M q j v o ac ab u f a f m f) f c n z c h e t b s e N s h) z ab d k e q h r i n O k u)) e aa ad h P r ab w))))))))))))))))))
u g b (w s a f v (o e k (w v s b (c ac (f u x (s ab n q p i p))) a h b f q)) (q (n n (x (j (y ac ab ad ab x i) b q)))) s (w p j (s (p c) a s g)) q (p (d z j (f g c m a z c))) p A (B C (t o) q (a (i (D (e (E j (F G (i (H (m e (I (s (w n m (e i (w d J (u (k f (ab f ab i (ab (h K (L ab) (M q j v o ac ab u f a f m f) f c n z c h e t b s e N s h) z ab d k e q h r i n O k u)) e aa ad h P r ab w))))))))))))))))))
u g b (n c s n a f v (o e k (w v s b (c ac (f u x (s ab n q p i p))) a h b f q)) (q (n n (x (j (y ac ab ad ab x i) b q)))) s (w p j (s (p c) a s g)) q (p (d z j (f g c m a z c))) p A (B C (t o) q (a (i (D (e (E j (F G (i (H (m e (I (s (w n m (e i (w d J (u (k f (ab f ab i (ab (h K (L ab) (M q j v o ac ab u f a f m f) f c n z c h e t b s e N s h) z ab d k e q h r i n O k u)) e aa ad h P r ab w))))))))))))))))))
u g b (f (q (l p ab d) (m ab (d v o k k))) (o e k (w v s b (c ac (f u x (s ab n q p i p))) a h b f q)) (q (n n (x (j (y ac ab ad ab x i) b q)))) s (w p j (s (p c) a s g)) q (p (d z j (f g c m a z c))) p A (B C (t o) q (a (i (D (e (E j (F G (i (H (m e (I (s (w n m (e i (w d J (u (k f (ab f ab i (ab (h K (L ab) (M q j v o ac ab u f a f m f) f c n z c h e t b s e N s h) z ab d k e q h r i n O k u)) e aa ad h P r ab w))))))))))))))))))
u g b (e v (i y p) y (q (l p ab d) (m ab (d v o k k))) (o e k (w v s b (c ac (f u x (s ab n q p i p))) a h b f q)) (q (n n (x (j (y ac ab ad ab x i) b q)))) s (w p j (s (p c) a s g)) q (p (d z j (f g c m a z c))) p A (B C (t o) q (a (i (D (e (E j (F G (i (H (m e (I (s (w n m (e i (w d J (u (k f (ab f ab i (ab (h K (L ab) (M q j v o ac ab u f a f m f) f c n z c h e t b s e N s h) z ab d k e q h r i n O k u)) e aa ad h P r ab w))))))))))))))))))
u g b (ac u p (f (j (f r (i (q (l p ab d) (m ab (d v o k k))) (b j l ad) ab m h r)))) (q (n n (x (j (y ac ab ad ab x i) b q)))) s (w p j (s (p c) a s g)) q (p (d z j (f g c m a z c))) p A (B C (t o) q (a (i (D (e (E j (F G (i (H (m e (I (s (w n m (e i (w d J (u (k f (ab f ab i (ab (h K (L ab) (M q j v o ac ab u f a f m f) f c n z c h e t b s e N s h) z ab d k e q h r i n O k u)) e aa ad h P r ab w))))))))))))))))))
u g b (j (z f (c d l i u t r z)) q (p (d z j (f g c m a z c))) p A (B C (t o) q (a (i (D (e (E j (F G (i (H (m e (I (s (w n m (e i (w d J (u (k f (ab f ab i (ab (h K (L ab) (M q j v o ac ab u f a f m f) f c n z c h e t b s e N s h) z ab d k e q h r i n O k u)) e aa ad h P r ab w))))))))))))))))))
u g b (s (l w (q ab a q ad c i w)) (p (d z j (f g c m a z c))) p A (B C (t o) q (a (i (D (e (E j (F G (i (H (m e (I (s (w n m (e i (w d J (u (k f (ab f ab i (ab (h K (L ab) (M q j v o ac ab u f a f m f) f c n z c h e t b s e N s h) z ab d k e q h r i n O k u)) e aa ad h P r ab w))))))))))))))))))
u g b (s (l w (ac d d t ab a q ad c i w)) (p (d z j (f g c m a z c))) p A (B C (t o) q (a (i (D (e (E j (F G (i (H (m e (I (s (w n m (e i (w d J (u (k f (ab f ab i (ab (h K (L ab) (M q j v o ac ab u f a f m f) f c n z c h e t b s e N s h) z ab d k e q h r i n O k u)) e aa ad h P r ab w))))))))))))))))))
u g b (s (l w (j (z f (c d l i d t r z)) ad c i w)) (p (d z j (f g c m a z c))) p A (B C (t o) q (a (i (D (e (E j (F G (i (H (m e (I (s (w n m (e i (w d J (u (k f (ab f ab i (ab (h K (L ab) (M q j v o ac ab u f a f m f) f c n z c h e t b s e N s h) z ab d k e q h r i n O k u)) e aa ad h P r ab w))))))))))))))))))


