a ac r
b ag af ai ah ae ad (aa o k s x)
c af ae ag ah ae x n r (aa l)
d af ae ag g (p g e ae f s)
e af ae q v ab y u (c w (k p ab o s l))
f ae ai ag af aj ah h (ab (k e g (ab k aa i b g a)))
g ai ah af ag ae l l s ab
h ae ah ai af ag i (l j (z q (r e ah r (m ag r q i)) j t) ai v)
i ae ag af v x l x x (z (u j b c k) z ab)
j ae ag af ah m k s (z m b (z t n c e x m))
k af ah ag ae l ac ac p g (r j ae ab)
l f x (y (y (o p (w b m d) b) h ac y))
m ae r p (y aa (r g (s ae ad ab) g h b))
n af ae ag ae q s u
o ae ah ag af ad (w (f af (ab x l m k c v q aa y k a k)))
p ae af w w (v t (x v ad q w j z aa j))
q ai ag af aj ae ah af (y (z (ag o ac ab aa aa c x m k o n y)))
r ae af ai ag ah q (k n (ab n (j (e u (q q b h u g) g aa))))
s ag ae ah ai af h t l (l m (z (z j (c v j y ai y j w ab y))))
t af ah ag ae ai q (h (y a (j r p r a) w w q x))
u ae af ag g ac ac (aa (e z) a r l l)
v ah ag af ai ae a (s (ab ag c j z t s o ab ai y))
w af ai ag ae ah k (m (j a f (f (q f k d l v ab))))
x ae af ag u s (d ab (f j (ac (d (d a n j s g) y j l) h)))
y af ah ae ag h (e (x (ah t ab (r a a t w c s g) e s)))
z af ag aj ah ae ai k w (d m j (g n m p j y))
aa af ah ae ag ag ab (f c) (d (b (o q n j m z i x p o)))
ab ae af ah ag f b
ac b t y (f (ab (i e y q (p m k f a l c k n))))
ad ae ag af l ae (y p m (ab (d j aa (k (z h j e p t g)))))
main y b l (c (j x (A a d (a u (B C D b o z r (E F G m (H (e (a (m (l (y (k u I (z (J a (r o m t (K (v ab q (w k) v (y x (u k a (ad f z (L b (o h ad b aa) h j b x r n M r)) e N q h b O u P aa q) Q h y b R t f t v n p k k w x S) o g j y b) c)))))))))))))))))
------------------------------------------------------------
y b l (c (j x (A a d (a u (B C D b o z r (E F G m (H (e (a (m (l (y (k u I (z (J a (r o m t (K (v ab q (w k) v (y x (u k a (ad f z (L b (o h ad b aa) h j b x r n M r)) e N q h b O u P aa q) Q h y b R t f t v n p k k w x S) o g j y b) c)))))))))))))))))
y b l (c (j x (A a d (ac r u (B C D b o z r (E F G m (H (e (a (m (l (y (k u I (z (J a (r o m t (K (v ab q (w k) v (y x (u k a (ad f z (L b (o h ad b aa) h j b x r n M r)) e N q h b O u P aa q) Q h y b R t f t v n p k k w x S) o g j y b) c)))))))))))))))))
y b l (c (j x (A a d (b t y (f (ab (i e y q (p m k f a l c k n)))) r u (B C D b o z r (E F G m (H (e (a (m (l (y (k u I (z (J a (r o m t (K (v ab q (w k) v (y x (u k a (ad f z (L b (o h ad b aa) h j b x r n M r)) e N q h b O u P aa q) Q h y b R t f t v n p k k w x S) o g j y b) c)))))))))))))))))
y b l (c (j x (A a d (ad (aa o k s x) (B C D b o z r (E F G m (H (e (a (m (l (y (k u I (z (J a (r o m t (K (v ab q (w k) v (y x (u k a (ad f z (L b (o h ad b aa) h j b x r n M r)) e N q h b O u P aa q) Q h y b R t f t v n p k k w x S) o g j y b) c)))))))))))))))))
y b l (c (j x (A a d (ad (x ab (f c) (d (b (o q n j m z i x p o)))) (B C D b o z r (E F G m (H (e (a (m (l (y (k u I (z (J a (r o m t (K (v ab q (w k) v (y x (u k a (ad f z (L b (o h ad b aa) h j b x r n M r)) e N q h b O u P aa q) Q h y b R t f t v n p k k w x S) o g j y b) c)))))))))))))))))
y b l (c (j x (A a d (ad (u s (d ab (f j (ac (d (d a n j s g) y j l) h)))) (B C D b o z r (E F G m (H (e (a (m (l (y (k u I (z (J a (r o m t (K (v ab q (w k) v (y x (u k a (ad f z (L b (o h ad b aa) h j b x r n M r)) e N q h b O u P aa q) Q h y b R t f t v n p k k w x S) o g j y b) c)))))))))))))))))
y b l (c (j x (A a d (ad (u s (d ab (f j (b t y (f (ab (i e y q (p m k f a l c k n)))) (d (d a n j s g) y j l) h)))) (B C D b o z r (E F G m (H (e (a (m (l (y (k u I (z (J a (r o m t (K (v ab q (w k) v (y x (u k a (ad f z (L b (o h ad b aa) h j b x r n M r)) e N q h b O u P aa q) Q h y b R t f t v n p k k w x S) o g j y b) c)))))))))))))))))
y b l (c (j x (A a d (ad (u s (d ab (f j (ad (aa o k s x))))) (B C D b o z r (E F G m (H (e (a (m (l (y (k u I (z (J a (r o m t (K (v ab q (w k) v (y x (u k a (ad f z (L b (o h ad b aa) h j b x r n M r)) e N q h b O u P aa q) Q h y b R t f t v n p k k w x S) o g j y b) c)))))))))))))))))
y b l (c (j x (A a d (ad (u s (d ab (f j (ad (x ab (f c) (d (b (o q n j m z i x p o)))))))) (B C D b o z r (E F G m (H (e (a (m (l (y (k u I (z (J a (r o m t (K (v ab q (w k) v (y x (u k a (ad f z (L b (o h ad b aa) h j b x r n M r)) e N q h b O u P aa q) Q h y b R t f t v n p k k w x S) o g j y b) c)))))))))))))))))
y b l (c (j x (A a d (ad (u s (d ab (f j (ad (u s (d ab (f j (ac (d (d a n j s g) y j l) h)))))))) (B C D b o z r (E F G m (H (e (a (m (l (y (k u I (z (J a (r o m t (K (v ab q (w k) v (y x (u k a (ad f z (L b (o h ad b aa) h j b x r n M r)) e N q h b O u P aa q) Q h y b R t f t v n p k k w x S) o g j y b) c)))))))))))))))))
y b l (c (j x (A a d (ad (u s (d ab (f j (ad (u s (d ab (f j (b t y (f (ab (i e y q (p m k f a l c k n)))) (d (d a n j s g) y j l) h)))))))) (B C D b o z r (E F G m (H (e (a (m (l (y (k u I (z (J a (r o m t (K (v ab q (w k) v (y x (u k a (ad f z (L b (o h ad b aa) h j b x r n M r)) e N q h b O u P aa q) Q h y b R t f t v n p k k w x S) o g j y b) c)))))))))))))))))
y b l (c (j x (A a d (ad (u s (d ab (f j (ad (u s (d ab (f j (ad (aa o k s x))))))))) (B C D b o z r (E F G m (H (e (a (m (l (y (k u I (z (J a (r o m t (K (v ab q (w k) v (y x (u k a (ad f z (L b (o h ad b aa) h j b x r n M r)) e N q h b O u P aa q) Q h y b R t f t v n p k k w x S) o g j y b) c)))))))))))))))))
y b l (c (j x (A a d (ad (u s (d ab (f j (ad (u s (d ab (f j (ad (x ab (f c) (d (b (o q n j m z i x p o)))))))))))) (B C D b o z r (E F G m (H (e (a (m (l (y (k u I (z (J a (r o m t (K (v ab q (w k) v (y x (u k a (ad f z (L b (o h ad b aa) h j b x r n M r)) e N q h b O u P aa q) Q h y b R t f t v n p k k w x S) o g j y b) c)))))))))))))))))
y b l (c (j x (A a d (ad (u s (d ab (f j (ad (u s (d ab (f j (ad (u s (d ab (f j (ac (d (d a n j s g) y j l) h)))))))))))) (B C D b o z r (E F G m (H (e (a (m (l (y (k u I (z (J a (r o m t (K (v ab q (w k) v (y x (u k a (ad f z (L b (o h ad b aa) h j b x r n M r)) e N q h b O u P aa q) Q h y b R t f t v n p k k w x S) o g j y b) c)))))))))))))))))
y b l (c (j x (A a d (ad (u s (d ab (f j (ad (u s (d ab (f j (ad (u s (d ab (f j (b t y (f (ab (i e y q (p m k f a l c k n)))) (d (d a n j s g) y j l) h)))))))))))) (B C D b o z r (E F G m (H (e (a (m (l (y (k u I (z (J a (r o m t (K (v ab q (w k) v (y x (u k a (ad f z (L b (o h ad b aa) h j b x r n M r)) e N q h b O u P aa q) Q h y b R t f t v n p k k w x S) o g j y b) c)))))))))))))))))
y b l (c (j x (A a d (ad (u s (d ab (f j (ad (u s (d ab (f j (ad (u s (d ab (f j (ad (aa o k s x))))))))))))) (B C D b o z r (E F G m (H (e (a (m (l (y (k u I (z (J a (r o m t (K (v ab q (w k) v (y x (u k a (ad f z (L b (o h ad b aa) h j b x r n M r)) e N q h b O u P aa q) Q h y b R t f t v n p k k w x S) o g j y b) c)))))))))))))))))
y b l (c (j x (A a d (ad (u s (d ab (f j (ad (u s (d ab (f j (ad (u s (d ab (f j (ad (x ab (f c) (d (b (o q n j m z i x p o)))))))))))))))) (B C D b o z r (E F G m (H (e (a (m (l (y (k u I (z (J a (r o m t (K (v ab q (w k) v (y x (u k a (ad f z (L b (o h ad b aa) h j b x r n M r)) e N q h b O u P aa q) Q h y b R t f t v n p k k w x S) o g j y b) c)))))))))))))))))
y b l (c (j x (A a d (ad (u s (d ab (f j (ad (u s (d ab (f j (ad (u s (d ab (f j (ad (u s (d ab (f j (ac (d (d a n j s g) y j l) h)))))))))))))))) (B C D b o z r (E F G m (H (e (a (m (l (y (k u I (z (J a (r o m t (K (v ab q (w k) v (y x (u k a (ad f z (L b (o h ad b aa) h j b x r n M r)) e N q h b O u P aa q) Q h y b R t f t v n p k k w x S) o g j y b) c)))))))))))))))))
y b l (c (j x (A a d (ad (u s (d ab (f j (ad (u s (d ab (f j (ad (u s (d ab (f j (ad (u s (d ab (f j (b t y (f (ab (i e y q (p m k f a l c k n)))) (d (d a n j s g) y j l) h)))))))))))))))) (B C D b o z r (E F G m (H (e (a (m (l (y (k u I (z (J a (r o m t (K (v ab q (w k) v (y x (u k a (ad f z (L b (o h ad b aa) h j b x r n M r)) e N q h b O u P aa q) Q h y b R t f t v n p k k w x S) o g j y b) c)))))))))))))))))
y b l (c (j x (A a d (ad (u s (d ab (f j (ad (u s (d ab (f j (ad (u s (d ab (f j (ad (u s (d ab (f j (ad (aa o k s x))))))))))))))))) (B C D b o z r (E F G m (H (e (a (m (l (y (k u I (z (J a (r o m t (K (v ab q (w k) v (y x (u k a (ad f z (L b (o h ad b aa) h j b x r n M r)) e N q h b O u P aa q) Q h y b R t f t v n p k k w x S) o g j y b) c)))))))))))))))))
y b l (c (j x (A a d (ad (u s (d ab (f j (ad (u s (d ab (f j (ad (u s (d ab (f j (ad (u s (d ab (f j (ad (x ab (f c) (d (b (o q n j m z i x p o)))))))))))))))))))) (B C D b o z r (E F G m (H (e (a (m (l (y (k u I (z (J a (r o m t (K (v ab q (w k) v (y x (u k a (ad f z (L b (o h ad b aa) h j b x r n M r)) e N q h b O u P aa q) Q h y b R t f t v n p k k w x S) o g j y b) c)))))))))))))))))
y b l (c (j x (A a d (ad (u s (d ab (f j (ad (u s (d ab (f j (ad (u s (d ab (f j (ad (u s (d ab (f j (ad (u s (d ab (f j (ac (d (d a n j s g) y j l) h)))))))))))))))))))) (B C D b o z r (E F G m (H (e (a (m (l (y (k u I (z (J a (r o m t (K (v ab q (w k) v (y x (u k a (ad f z (L b (o h ad b aa) h j b x r n M r)) e N q h b O u P aa q) Q h y b R t f t v n p k k w x S) o g j y b) c)))))))))))))))))
y b l (c (j x (A a d (ad (u s (d ab (f j (ad (u s (d ab (f j (ad (u s (d ab (f j (ad (u s (d ab (f j (ad (u s (d ab (f j (b t y (f (ab (i e y q (p m k f a l c k n)))) (d (d a n j s g) y j l) h)))))))))))))))))))) (B C D b o z r (E F G m (H (e (a (m (l (y (k u I (z (J a (r o m t (K (v ab q (w k) v (y x (u k a (ad f z (L b (o h ad b aa) h j b x r n M r)) e N q h b O u P aa q) Q h y b R t f t v n p k k w x S) o g j y b) c)))))))))))))))))
y b l (c (j x (A a d (ad (u s (d ab (f j (ad (u s (d ab (f j (ad (u s (d ab (f j (ad (u s (d ab (f j (ad (u s (d ab (f j (ad (aa o k s x))))))))))))))))))))) (B C D b o z r (E F G m (H (e (a (m (l (y (k u I (z (J a (r o m t (K (v ab q (w k) v (y x (u k a (ad f z (L b (o h ad b aa) h j b x r n M r)) e N q h b O u P aa q) Q h y b R t f t v n p k k w x S) o g j y b) c)))))))))))))))))
y b l (c (j x (A a d (ad (u s (d ab (f j (ad (u s (d ab (f j (ad (u s (d ab (f j (ad (u s (d ab (f j (ad (u s (d ab (f j (ad (x ab (f c) (d (b (o q n j m z i x p o)))))))))))))))))))))))) (B C D b o z r (E F G m (H (e (a (m (l (y (k u I (z (J a (r o m t (K (v ab q (w k) v (y x (u k a (ad f z (L b (o h ad b aa) h j b x r n M r)) e N q h b O u P aa q) Q h y b R t f t v n p k k w x S) o g j y b) c)))))))))))))))))
y b l (c (j x (A a d (ad (u s (d ab (f j (ad (u s (d ab (f j (ad (u s (d ab (f j (ad (u s (d ab (f j (ad (u s (d ab (f j (ad (u s (d ab (f j (ac (d (d a n j s g) y j l) h)))))))))))))))))))))))) (B C D b o z r (E F G m (H (e (a (m (l (y (k u I (z (J a (r o m t (K (v ab q (w k) v (y x (u k a (ad f z (L b (o h ad b aa) h j b x r n M r)) e N q h b O u P aa q) Q h y b R t f t v n p k k w x S) o g j y b) c)))))))))))))))))
y b l (c (j x (A a d (ad (u s (d ab (f j (ad (u s (d ab (f j (ad (u s (d ab (f j (ad (u s (d ab (f j (ad (u s (d ab (f j (ad (u s (d ab (f j (b t y (f (ab (i e y q (p m k f a l c k n)))) (d (d a n j s g) y j l) h)))))))))))))))))))))))) (B C D b o z r (E F G m (H (e (a (m (l (y (k u I (z (J a (r o m t (K (v ab q (w k) v (y x (u k a (ad f z (L b (o h ad b aa) h j b x r n M r)) e N q h b O u P aa q) Q h y b R t f t v n p k k w x S) o g j y b) c)))))))))))))))))
y b l (c (j x (A a d (ad (u s (d ab (f j (ad (u s (d ab (f j (ad (u s (d ab (f j (ad (u s (d ab (f j (ad (u s (d ab (f j (ad (u s (d ab (f j (ad (aa o k s x))))))))))))))))))))))))) (B C D b o z r (E F G m (H (e (a (m (l (y (k u I (z (J a (r o m t (K (v ab q (w k) v (y x (u k a (ad f z (L b (o h ad b aa) h j b x r n M r)) e N q h b O u P aa q) Q h y b R t f t v n p k k w x S) o g j y b) c)))))))))))))))))
y b l (c (j x (A a d (ad (u s (d ab (f j (ad (u s (d ab (f j (ad (u s (d ab (f j (ad (u s (d ab (f j (ad (u s (d ab (f j (ad (u s (d ab (f j (ad (x ab (f c) (d (b (o q n j m z i x p o)))))))))))))))))))))))))))) (B C D b o z r (E F G m (H (e (a (m (l (y (k u I (z (J a (r o m t (K (v ab q (w k) v (y x (u k a (ad f z (L b (o h ad b aa) h j b x r n M r)) e N q h b O u P aa q) Q h y b R t f t v n p k k w x S) o g j y b) c)))))))))))))))))
y b l (c (j x (A a d (ad (u s (d ab (f j (ad (u s (d ab (f j (ad (u s (d ab (f j (ad (u s (d ab (f j (ad (u s (d ab (f j (ad (u s (d ab (f j (ad (u s (d ab (f j (ac (d (d a n j s g) y j l) h)))))))))))))))))))))))))))) (B C D b o z r (E F G m (H (e (a (m (l (y (k u I (z (J a (r o m t (K (v ab q (w k) v (y x (u k a (ad f z (L b (o h ad b aa) h j b x r n M r)) e N q h b O u P aa q) Q h y b R t f t v n p k k w x S) o g j y b) c)))))))))))))))))


