a af ae = f l h
b ag af ai ah ae = s d (w (y l aa (r (p ad j aa o t w))))
c ah af ai ag ae = ac j r (ac (f f (ag r i (r t q v n n))))
d ae af = aa t (ac (m l g (af (h t k z p a l r f))))
e = r l (c y k (c (z (m (z g d ad g x z t ab n)))))
f = i s s (t (x (e (n w aa u a ab o w e p aa))))
g ae = t w k a (ac (ab j h d i))
h af ag ae ah = y (e s u af af (s i ah t) (t y q af r g r u))
i ae ah af aj ai ag = l (af q (r (w s t l m s u v p r)))
j = h (f (m t a f m a t a v))
k = m (a o (b r q i a x q))
l ae af = u (y (o (ae (v h s p ae c ad b t k a ae ae))))
m ae af = s (z (j (s r f h)) l x)
n ae ah aj ai af ag = m z (ae p (ab m d w p p))
o ae aj ag ah af ai = f ab g (h b)
p af ae ag ah ai = l (t a e o (v y w e l))
q ae = z i (c (ad h x o o aa ae))
r ae af ag = t x (m (b (i (x (ac j d l j e ac k)))))
s ae af ag ai ah = t k w (x i r (t aa ab r x m w))
t = e (s j (j o ab u) q ac)
u ae af = l i
v ae ah af ag = p (o a n g (z p o w y ac q))
w = v (aa (v (y a k o l p o s y n)))
x ae af = a n p (s (t w (ac d (ae p e ab p s))))
y ag aj af ah ae ai = r (i e c (l aa aj l o o ah w m))
z ae ag af = ae (w (p (v (i (i s x q l aa e b r s) w))))
aa aj ae ag ai ah af = ag r l r t n g (k r (b u y g s ac v))
ab ae af ag ah = b i (l (k af ah u g b m))
ac ah ae ai aj ag af = j k (n p z (m (ai (r f z d) o) k z aa))
ad ag ae ai af ah = s s (q (v (q f q v ah n) m p))
main = t (A n v (b (aa d B (v p q z (x (C aa x y D E (ab (n h F y g (u (k j (G (aa (H (I (J (f (y f (u k ab) aa (z (m (K ad ab l t t t s L ac b y h r g o o w r b d r l p z ac M g v N a) z j ab v s l o s s l z b e v q q e g j h x i O d w z u)))))))))))))))))))
------------------------------------------------------------
t (A n v (b (aa d B (v p q z (x (C aa x y D E (ab (n h F y g (u (k j (G (aa (H (I (J (f (y f (u k ab) aa (z (m (K ad ab l t t t s L ac b y h r g o o w r b d r l p z ac M g v N a) z j ab v s l o s s l z b e v q q e g j h x i O d w z u)))))))))))))))))))
e (s j (j o ab u) q ac) (A n v (b (aa d B (v p q z (x (C aa x y D E (ab (n h F y g (u (k j (G (aa (H (I (J (f (y f (u k ab) aa (z (m (K ad ab l t t t s L ac b y h r g o o w r b d r l p z ac M g v N a) z j ab v s l o s s l z b e v q q e g j h x i O d w z u)))))))))))))))))))
r l (c y k (c (z (m (z g d ad g x z t ab n))))) (s j (j o ab u) q ac) (A n v (b (aa d B (v p q z (x (C aa x y D E (ab (n h F y g (u (k j (G (aa (H (I (J (f (y f (u k ab) aa (z (m (K ad ab l t t t s L ac b y h r g o o w r b d r l p z ac M g v N a) z j ab v s l o s s l z b e v q q e g j h x i O d w z u)))))))))))))))))))
t x (m (b (i (x (ac j d l j e ac k))))) (A n v (b (aa d B (v p q z (x (C aa x y D E (ab (n h F y g (u (k j (G (aa (H (I (J (f (y f (u k ab) aa (z (m (K ad ab l t t t s L ac b y h r g o o w r b d r l p z ac M g v N a) z j ab v s l o s s l z b e v q q e g j h x i O d w z u)))))))))))))))))))
e (s j (j o ab u) q ac) x (m (b (i (x (ac j d l j e ac k))))) (A n v (b (aa d B (v p q z (x (C aa x y D E (ab (n h F y g (u (k j (G (aa (H (I (J (f (y f (u k ab) aa (z (m (K ad ab l t t t s L ac b y h r g o o w r b d r l p z ac M g v N a) z j ab v s l o s s l z b e v q q e g j h x i O d w z u)))))))))))))))))))
r l (c y k (c (z (m (z g d ad g x z t ab n))))) (s j (j o ab u) q ac) x (m (b (i (x (ac j d l j e ac k))))) (A n v (b (aa d B (v p q z (x (C aa x y D E (ab (n h F y g (u (k j (G (aa (H (I (J (f (y f (u k ab) aa (z (m (K ad ab l t t t s L ac b y h r g o o w r b d r l p z ac M g v N a) z j ab v s l o s s l z b e v q q e g j h x i O d w z u)))))))))))))))))))
t x (m (b (i (x (ac j d l j e ac k))))) x (m (b (i (x (ac j d l j e ac k))))) (A n v (b (aa d B (v p q z (x (C aa x y D E (ab (n h F y g (u (k j (G (aa (H (I (J (f (y f (u k ab) aa (z (m (K ad ab l t t t s L ac b y h r g o o w r b d r l p z ac M g v N a) z j ab v s l o s s l z b e v q q e g j h x i O d w z u)))))))))))))))))))
e (s j (j o ab u) q ac) x (m (b (i (x (ac j d l j e ac k))))) x (m (b (i (x (ac j d l j e ac k))))) (A n v (b (aa d B (v p q z (x (C aa x y D E (ab (n h F y g (u (k j (G (aa (H (I (J (f (y f (u k ab) aa (z (m (K ad ab l t t t s L ac b y h r g o o w r b d r l p z ac M g v N a) z j ab v s l o s s l z b e v q q e g j h x i O d w z u)))))))))))))))))))
r l (c y k (c (z (m (z g d ad g x z t ab n))))) (s j (j o ab u) q ac) x (m (b (i (x (ac j d l j e ac k))))) x (m (b (i (x (ac j d l j e ac k))))) (A n v (b (aa d B (v p q z (x (C aa x y D E (ab (n h F y g (u (k j (G (aa (H (I (J (f (y f (u k ab) aa (z (m (K ad ab l t t t s L ac b y h r g o o w r b d r l p z ac M g v N a) z j ab v s l o s s l z b e v q q e g j h x i O d w z u)))))))))))))))))))
t x (m (b (i (x (ac j d l j e ac k))))) x (m (b (i (x (ac j d l j e ac k))))) x (m (b (i (x (ac j d l j e ac k))))) (A n v (b (aa d B (v p q z (x (C aa x y D E (ab (n h F y g (u (k j (G (aa (H (I (J (f (y f (u k ab) aa (z (m (K ad ab l t t t s L ac b y h r g o o w r b d r l p z ac M g v N a) z j ab v s l o s s l z b e v q q e g j h x i O d w z u)))))))))))))))))))
e (s j (j o ab u) q ac) x (m (b (i (x (ac j d l j e ac k))))) x (m (b (i (x (ac j d l j e ac k))))) x (m (b (i (x (ac j d l j e ac k))))) (A n v (b (aa d B (v p q z (x (C aa x y D E (ab (n h F y g (u (k j (G (aa (H (I (J (f (y f (u k ab) aa (z (m (K ad ab l t t t s L ac b y h r g o o w r b d r l p z ac M g v N a) z j ab v s l o s s l z b e v q q e g j h x i O d w z u)))))))))))))))))))
r l (c y k (c (z (m (z g d ad g x z t ab n))))) (s j (j o ab u) q ac) x (m (b (i (x (ac j d l j e ac k))))) x (m (b (i (x (ac j d l j e ac k))))) x (m (b (i (x (ac j d l j e ac k))))) (A n v (b (aa d B (v p q z (x (C aa x y D E (ab (n h F y g (u (k j (G (aa (H (I (J (f (y f (u k ab) aa (z (m (K ad ab l t t t s L ac b y h r g o o w r b d r l p z ac M g v N a) z j ab v s l o s s l z b e v q q e g j h x i O d w z u)))))))))))))))))))
t x (m (b (i (x (ac j d l j e ac k))))) x (m (b (i (x (ac j d l j e ac k))))) x (m (b (i (x (ac j d l j e ac k))))) x (m (b (i (x (ac j d l j e ac k))))) (A n v (b (aa d B (v p q z (x (C aa x y D E (ab (n h F y g (u (k j (G (aa (H (I (J (f (y f (u k ab) aa (z (m (K ad ab l t t t s L ac b y h r g o o w r b d r l p z ac M g v N a) z j ab v s l o s s l z b e v q q e g j h x i O d w z u)))))))))))))))))))
e (s j (j o ab u) q ac) x (m (b (i (x (ac j d l j e ac k))))) x (m (b (i (x (ac j d l j e ac k))))) x (m (b (i (x (ac j d l j e ac k))))) x (m (b (i (x (ac j d l j e ac k))))) (A n v (b (aa d B (v p q z (x (C aa x y D E (ab (n h F y g (u (k j (G (aa (H (I (J (f (y f (u k ab) aa (z (m (K ad ab l t t t s L ac b y h r g o o w r b d r l p z ac M g v N a) z j ab v s l o s s l z b e v q q e g j h x i O d w z u)))))))))))))))))))
r l (c y k (c (z (m (z g d ad g x z t ab n))))) (s j (j o ab u) q ac) x (m (b (i (x (ac j d l j e ac k))))) x (m (b (i (x (ac j d l j e ac k))))) x (m (b (i (x (ac j d l j e ac k))))) x (m (b (i (x (ac j d l j e ac k))))) (A n v (b (aa d B (v p q z (x (C aa x y D E (ab (n h F y g (u (k j (G (aa (H (I (J (f (y f (u k ab) aa (z (m (K ad ab l t t t s L ac b y h r g o o w r b d r l p z ac M g v N a) z j ab v s l o s s l z b e v q q e g j h x i O d w z u)))))))))))))))))))
t x (m (b (i (x (ac j d l j e ac k))))) x (m (b (i (x (ac j d l j e ac k))))) x (m (b (i (x (ac j d l j e ac k))))) x (m (b (i (x (ac j d l j e ac k))))) x (m (b (i (x (ac j d l j e ac k))))) (A n v (b (aa d B (v p q z (x (C aa x y D E (ab (n h F y g (u (k j (G (aa (H (I (J (f (y f (u k ab) aa (z (m (K ad ab l t t t s L ac b y h r g o o w r b d r l p z ac M g v N a) z j ab v s l o s s l z b e v q q e g j h x i O d w z u)))))))))))))))))))
e (s j (j o ab u) q ac) x (m (b (i (x (ac j d l j e ac k))))) x (m (b (i (x (ac j d l j e ac k))))) x (m (b (i (x (ac j d l j e ac k))))) x (m (b (i (x (ac j d l j e ac k))))) x (m (b (i (x (ac j d l j e ac k))))) (A n v (b (aa d B (v p q z (x (C aa x y D E (ab (n h F y g (u (k j (G (aa (H (I (J (f (y f (u k ab) aa (z (m (K ad ab l t t t s L ac b y h r g o o w r b d r l p z ac M g v N a) z j ab v s l o s s l z b e v q q e g j h x i O d w z u)))))))))))))))))))
r l (c y k (c (z (m (z g d ad g x z t ab n))))) (s j (j o ab u) q ac) x (m (b (i (x (ac j d l j e ac k))))) x (m (b (i (x (ac j d l j e ac k))))) x (m (b (i (x (ac j d l j e ac k))))) x (m (b (i (x (ac j d l j e ac k))))) x (m (b (i (x (ac j d l j e ac k))))) (A n v (b (aa d B (v p q z (x (C aa x y D E (ab (n h F y g (u (k j (G (aa (H (I (J (f (y f (u k ab) aa (z (m (K ad ab l t t t s L ac b y h r g o o w r b d r l p z ac M g v N a) z j ab v s l o s s l z b e v q q e g j h x i O d w z u)))))))))))))))))))
t x (m (b (i (x (ac j d l j e ac k))))) x (m (b (i (x (ac j d l j e ac k))))) x (m (b (i (x (ac j d l j e ac k))))) x (m (b (i (x (ac j d l j e ac k))))) x (m (b (i (x (ac j d l j e ac k))))) x (m (b (i (x (ac j d l j e ac k))))) (A n v (b (aa d B (v p q z (x (C aa x y D E (ab (n h F y g (u (k j (G (aa (H (I (J (f (y f (u k ab) aa (z (m (K ad ab l t t t s L ac b y h r g o o w r b d r l p z ac M g v N a) z j ab v s l o s s l z b e v q q e g j h x i O d w z u)))))))))))))))))))
e (s j (j o ab u) q ac) x (m (b (i (x (ac j d l j e ac k))))) x (m (b (i (x (ac j d l j e ac k))))) x (m (b (i (x (ac j d l j e ac k))))) x (m (b (i (x (ac j d l j e ac k))))) x (m (b (i (x (ac j d l j e ac k))))) x (m (b (i (x (ac j d l j e ac k))))) (A n v (b (aa d B (v p q z (x (C aa x y D E (ab (n h F y g (u (k j (G (aa (H (I (J (f (y f (u k ab) aa (z (m (K ad ab l t t t s L ac b y h r g o o w r b d r l p z ac M g v N a) z j ab v s l o s s l z b e v q q e g j h x i O d w z u)))))))))))))))))))
r l (c y k (c (z (m (z g d ad g x z t ab n))))) (s j (j o ab u) q ac) x (m (b (i (x (ac j d l j e ac k))))) x (m (b (i (x (ac j d l j e ac k))))) x (m (b (i (x (ac j d l j e ac k))))) x (m (b (i (x (ac j d l j e ac k))))) x (m (b (i (x (ac j d l j e ac k))))) x (m (b (i (x (ac j d l j e ac k))))) (A n v (b (aa d B (v p q z (x (C aa x y D E (ab (n h F y g (u (k j (G (aa (H (I (J (f (y f (u k ab) aa (z (m (K ad ab l t t t s L ac b y h r g o o w r b d r l p z ac M g v N a) z j ab v s l o s s l z b e v q q e g j h x i O d w z u)))))))))))))))))))
t x (m (b (i (x (ac j d l j e ac k))))) x (m (b (i (x (ac j d l j e ac k))))) x (m (b (i (x (ac j d l j e ac k))))) x (m (b (i (x (ac j d l j e ac k))))) x (m (b (i (x (ac j d l j e ac k))))) x (m (b (i (x (ac j d l j e ac k))))) x (m (b (i (x (ac j d l j e ac k))))) (A n v (b (aa d B (v p q z (x (C aa x y D E (ab (n h F y g (u (k j (G (aa (H (I (J (f (y f (u k ab) aa (z (m (K ad ab l t t t s L ac b y h r g o o w r b d r l p z ac M g v N a) z j ab v s l o s s l z b e v q q e g j h x i O d w z u)))))))))))))))))))
e (s j (j o ab u) q ac) x (m (b (i (x (ac j d l j e ac k))))) x (m (b (i (x (ac j d l j e ac k))))) x (m (b (i (x (ac j d l j e ac k))))) x (m (b (i (x (ac j d l j e ac k))))) x (m (b (i (x (ac j d l j e ac k))))) x (m (b (i (x (ac j d l j e ac k))))) x (m (b (i (x (ac j d l j e ac k))))) (A n v (b (aa d B (v p q z (x (C aa x y D E (ab (n h F y g (u (k j (G (aa (H (I (J (f (y f (u k ab) aa (z (m (K ad ab l t t t s L ac b y h r g o o w r b d r l p z ac M g v N a) z j ab v s l o s s l z b e v q q e g j h x i O d w z u)))))))))))))))))))
r l (c y k (c (z (m (z g d ad g x z t ab n))))) (s j (j o ab u) q ac) x (m (b (i (x (ac j d l j e ac k))))) x (m (b (i (x (ac j d l j e ac k))))) x (m (b (i (x (ac j d l j e ac k))))) x (m (b (i (x (ac j d l j e ac k))))) x (m (b (i (x (ac j d l j e ac k))))) x (m (b (i (x (ac j d l j e ac k))))) x (m (b (i (x (ac j d l j e ac k))))) (A n v (b (aa d B (v p q z (x (C aa x y D E (ab (n h F y g (u (k j (G (aa (H (I (J (f (y f (u k ab) aa (z (m (K ad ab l t t t s L ac b y h r g o o w r b d r l p z ac M g v N a) z j ab v s l o s s l z b e v q q e g j h x i O d w z u)))))))))))))))))))
t x (m (b (i (x (ac j d l j e ac k))))) x (m (b (i (x (ac j d l j e ac k))))) x (m (b (i (x (ac j d l j e ac k))))) x (m (b (i (x (ac j d l j e ac k))))) x (m (b (i (x (ac j d l j e ac k))))) x (m (b (i (x (ac j d l j e ac k))))) x (m (b (i (x (ac j d l j e ac k))))) x (m (b (i (x (ac j d l j e ac k))))) (A n v (b (aa d B (v p q z (x (C aa x y D E (ab (n h F y g (u (k j (G (aa (H (I (J (f (y f (u k ab) aa (z (m (K ad ab l t t t s L ac b y h r g o o w r b d r l p z ac M g v N a) z j ab v s l o s s l z b e v q q e g j h x i O d w z u)))))))))))))))))))
e (s j (j o ab u) q ac) x (m (b (i (x (ac j d l j e ac k))))) x (m (b (i (x (ac j d l j e ac k))))) x (m (b (i (x (ac j d l j e ac k))))) x (m (b (i (x (ac j d l j e ac k))))) x (m (b (i (x (ac j d l j e ac k))))) x (m (b (i (x (ac j d l j e ac k))))) x (m (b (i (x (ac j d l j e ac k))))) x (m (b (i (x (ac j d l j e ac k))))) (A n v (b (aa d B (v p q z (x (C aa x y D E (ab (n h F y g (u (k j (G (aa (H (I (J (f (y f (u k ab) aa (z (m (K ad ab l t t t s L ac b y h r g o o w r b d r l p z ac M g v N a) z j ab v s l o s s l z b e v q q e g j h x i O d w z u)))))))))))))))))))
r l (c y k (c (z (m (z g d ad g x z t ab n))))) (s j (j o ab u) q ac) x (m (b (i (x (ac j d l j e ac k))))) x (m (b (i (x (ac j d l j e ac k))))) x (m (b (i (x (ac j d l j e ac k))))) x (m (b (i (x (ac j d l j e ac k))))) x (m (b (i (x (ac j d l j e ac k))))) x (m (b (i (x (ac j d l j e ac k))))) x (m (b (i (x (ac j d l j e ac k))))) x (m (b (i (x (ac j d l j e ac k))))) (A n v (b (aa d B (v p q z (x (C aa x y D E (ab (n h F y g (u (k j (G (aa (H (I (J (f (y f (u k ab) aa (z (m (K ad ab l t t t s L ac b y h r g o o w r b d r l p z ac M g v N a) z j ab v s l o s s l z b e v q q e g j h x i O d w z u)))))))))))))))))))
t x (m (b (i (x (ac j d l j e ac k))))) x (m (b (i (x (ac j d l j e ac k))))) x (m (b (i (x (ac j d l j e ac k))))) x (m (b (i (x (ac j d l j e ac k))))) x (m (b (i (x (ac j d l j e ac k))))) x (m (b (i (x (ac j d l j e ac k))))) x (m (b (i (x (ac j d l j e ac k))))) x (m (b (i (x (ac j d l j e ac k))))) x (m (b (i (x (ac j d l j e ac k))))) (A n v (b (aa d B (v p q z (x (C aa x y D E (ab (n h F y g (u (k j (G (aa (H (I (J (f (y f (u k ab) aa (z (m (K ad ab l t t t s L ac b y h r g o o w r b d r l p z ac M g v N a) z j ab v s l o s s l z b e v q q e g j h x i O d w z u)))))))))))))))))))
e (s j (j o ab u) q ac) x (m (b (i (x (ac j d l j e ac k))))) x (m (b (i (x (ac j d l j e ac k))))) x (m (b (i (x (ac j d l j e ac k))))) x (m (b (i (x (ac j d l j e ac k))))) x (m (b (i (x (ac j d l j e ac k))))) x (m (b (i (x (ac j d l j e ac k))))) x (m (b (i (x (ac j d l j e ac k))))) x (m (b (i (x (ac j d l j e ac k))))) x (m (b (i (x (ac j d l j e ac k))))) (A n v (b (aa d B (v p q z (x (C aa x y D E (ab (n h F y g (u (k j (G (aa (H (I (J (f (y f (u k ab) aa (z (m (K ad ab l t t t s L ac b y h r g o o w r b d r l p z ac M g v N a) z j ab v s l o s s l z b e v q q e g j h x i O d w z u)))))))))))))))))))
r l (c y k (c (z (m (z g d ad g x z t ab n))))) (s j (j o ab u) q ac) x (m (b (i (x (ac j d l j e ac k))))) x (m (b (i (x (ac j d l j e ac k))))) x (m (b (i (x (ac j d l j e ac k))))) x (m (b (i (x (ac j d l j e ac k))))) x (m (b (i (x (ac j d l j e ac k))))) x (m (b (i (x (ac j d l j e ac k))))) x (m (b (i (x (ac j d l j e ac k))))) x (m (b (i (x (ac j d l j e ac k))))) x (m (b (i (x (ac j d l j e ac k))))) (A n v (b (aa d B (v p q z (x (C aa x y D E (ab (n h F y g (u (k j (G (aa (H (I (J (f (y f (u k ab) aa (z (m (K ad ab l t t t s L ac b y h r g o o w r b d r l p z ac M g v N a) z j ab v s l o s s l z b e v q q e g j h x i O d w z u)))))))))))))))))))


