a q c p (h (c g i) v)
b ai ah ag af ae aa (o d) e
c ae ah ai ag af w l (h u (j (a v b ag af (aa (n n j x) y ae aa))))
d af ag ae b (w (aa (ac s i (ab o x n c x e l j g z f))))
e ag af ah ae x i v d (k s z (p n (g i a t u f t h o)))
f ag ae af n c (w p w z i w aa b ac)
g ah ai ae ag af i z (ad (n (m q (y h a) i ad r aa s r ae x)))
h af ah ag ae af (o k) s (a m (c af u ad ac b q p v aa))
i ae af h (u x n k z y)
j ae p (x v q x c k ad)
k ah af aj ai ag ae r (y (p (v (b d x f i q m m ad))))
l a w d d z (w (u m c (i z d u i n z u ac)))
m ab (f t a o aa p ab f aa)
n ae af t d (i (c t e (a af (q ac ab r o) af m i)))
o af ae b (v b h ab)
p ag ae af ah w (d (ac z (l r ac ae e y u q i)))
q ag af ae ah l (t (p m ad o s o (y e y e g c)))
r ae ab (u o m) (s q ae x g e k c b)
s ae af p (a ae (ab v w v w k n k j) x f)
t ag ah ae aj ai af x
u ag ah ae af h (o (v c g d (af ag (s n z m y ah h v y))))
v ae q m p (ad w (m ac (r z j b) m f f aa))
w af ae e (y v aa)
x y g (b (z (n (ad f (j a z r a p t g h r)))))
y af ag ae ah q (c n (k (ac n q z ah n u h)))
z ae q ae v (ae (y (t q) k (v i) ae v m f))
aa ag ae ah af ai e o (l (p (g (m (x ad v ai ac ad ag ac w) e m i))))
ab ae f (u k (w w h (j j) m (h ae c q h m r)))
ac ae k y (ae (ae (g (m o a c d g u))))
ad ag ae ah af e (b q (ab ag y (ab o ah o z h e w s t)))
main p (ac y (b (o (e s ad aa v s (A (f ac m aa j) m) (v B (y C) (r (D (E (F (G H aa ac (h j (z (s (ad (g k d a ab c (x r l (ad (ac (I J b (o b ad ab h a t K m aa L y p v w q w v u ab q ad p ab) a M) N a c O f w) l n P ac j m ab i Q u R j o aa ab g y c S)))))))))))))))))
------------------------------------------------------------
p (ac y (b (o (e s ad aa v s (A (f ac m aa j) m) (v B (y C) (r (D (E (F (G H aa ac (h j (z (s (ad (g k d a ab c (x r l (ad (ac (I J b (o b ad ab h a t K m aa L y p v w q w v u ab q ad p ab) a M) N a c O f w) l n P ac j m ab i Q u R j o aa ab g y c S)))))))))))))))))
p (k y (y (y (g (m o a c d g u)))) (b (o (e s ad aa v s (A (f ac m aa j) m) (v B (y C) (r (D (E (F (G H aa ac (h j (z (s (ad (g k d a ab c (x r l (ad (ac (I J b (o b ad ab h a t K m aa L y p v w q w v u ab q ad p ab) a M) N a c O f w) l n P ac j m ab i Q u R j o aa ab g y c S)))))))))))))))))
p (k y (y (y (g (ab (f t a o aa p ab f aa) o a c d g u)))) (b (o (e s ad aa v s (A (f ac m aa j) m) (v B (y C) (r (D (E (F (G H aa ac (h j (z (s (ad (g k d a ab c (x r l (ad (ac (I J b (o b ad ab h a t K m aa L y p v w q w v u ab q ad p ab) a M) N a c O f w) l n P ac j m ab i Q u R j o aa ab g y c S)))))))))))))))))
p (k y (y (y (g (f (u k (w w h (j j) m (h (f t a o aa p ab f aa) c q h m r))) o a c d g u)))) (b (o (e s ad aa v s (A (f ac m aa j) m) (v B (y C) (r (D (E (F (G H aa ac (h j (z (s (ad (g k d a ab c (x r l (ad (ac (I J b (o b ad ab h a t K m aa L y p v w q w v u ab q ad p ab) a M) N a c O f w) l n P ac j m ab i Q u R j o aa ab g y c S)))))))))))))))))
p (k y (y (y (g (n c (w p w z i w aa b ac) c d g u)))) (b (o (e s ad aa v s (A (f ac m aa j) m) (v B (y C) (r (D (E (F (G H aa ac (h j (z (s (ad (g k d a ab c (x r l (ad (ac (I J b (o b ad ab h a t K m aa L y p v w q w v u ab q ad p ab) a M) N a c O f w) l n P ac j m ab i Q u R j o aa ab g y c S)))))))))))))))))
p (k y (y (y (g (t d (i (c t e (a (w p w z i w aa b ac) (q ac ab r o) (w p w z i w aa b ac) m i))) c d g u)))) (b (o (e s ad aa v s (A (f ac m aa j) m) (v B (y C) (r (D (E (F (G H aa ac (h j (z (s (ad (g k d a ab c (x r l (ad (ac (I J b (o b ad ab h a t K m aa L y p v w q w v u ab q ad p ab) a M) N a c O f w) l n P ac j m ab i Q u R j o aa ab g y c S)))))))))))))))))
p (k y (y (y (g x))) (b (o (e s ad aa v s (A (f ac m aa j) m) (v B (y C) (r (D (E (F (G H aa ac (h j (z (s (ad (g k d a ab c (x r l (ad (ac (I J b (o b ad ab h a t K m aa L y p v w q w v u ab q ad p ab) a M) N a c O f w) l n P ac j m ab i Q u R j o aa ab g y c S)))))))))))))))))
p (k y (y (y (g x))) (b (o (x i v d (k s z (p n (g i a t u f t h o))) s (A (f ac m aa j) m) (v B (y C) (r (D (E (F (G H aa ac (h j (z (s (ad (g k d a ab c (x r l (ad (ac (I J b (o b ad ab h a t K m aa L y p v w q w v u ab q ad p ab) a M) N a c O f w) l n P ac j m ab i Q u R j o aa ab g y c S)))))))))))))))))
p (k y (y (y (g x))) (b (o (y g (b (z (n (ad f (j a z r a p t g h r))))) i v d (k s z (p n (g i a t u f t h o))) s (A (f ac m aa j) m) (v B (y C) (r (D (E (F (G H aa ac (h j (z (s (ad (g k d a ab c (x r l (ad (ac (I J b (o b ad ab h a t K m aa L y p v w q w v u ab q ad p ab) a M) N a c O f w) l n P ac j m ab i Q u R j o aa ab g y c S)))))))))))))))))
p (k y (y (y (g x))) (b (o (q (c n (k (ac n q z v n u h))) d (k s z (p n (g i a t u f t h o))) s (A (f ac m aa j) m) (v B (y C) (r (D (E (F (G H aa ac (h j (z (s (ad (g k d a ab c (x r l (ad (ac (I J b (o b ad ab h a t K m aa L y p v w q w v u ab q ad p ab) a M) N a c O f w) l n P ac j m ab i Q u R j o aa ab g y c S)))))))))))))))))
p (k y (y (y (g x))) (b (o (l (t (p m ad o s o (y e y e g c))) (A (f ac m aa j) m) (v B (y C) (r (D (E (F (G H aa ac (h j (z (s (ad (g k d a ab c (x r l (ad (ac (I J b (o b ad ab h a t K m aa L y p v w q w v u ab q ad p ab) a M) N a c O f w) l n P ac j m ab i Q u R j o aa ab g y c S)))))))))))))))))
p (k y (y (y (g x))) (b (o (a w d d z (w (u m c (i z d u i n z u ac))) (t (p m ad o s o (y e y e g c))) (A (f ac m aa j) m) (v B (y C) (r (D (E (F (G H aa ac (h j (z (s (ad (g k d a ab c (x r l (ad (ac (I J b (o b ad ab h a t K m aa L y p v w q w v u ab q ad p ab) a M) N a c O f w) l n P ac j m ab i Q u R j o aa ab g y c S)))))))))))))))))
p (k y (y (y (g x))) (b (o (q c p (h (c g i) v) w d d z (w (u m c (i z d u i n z u ac))) (t (p m ad o s o (y e y e g c))) (A (f ac m aa j) m) (v B (y C) (r (D (E (F (G H aa ac (h j (z (s (ad (g k d a ab c (x r l (ad (ac (I J b (o b ad ab h a t K m aa L y p v w q w v u ab q ad p ab) a M) N a c O f w) l n P ac j m ab i Q u R j o aa ab g y c S)))))))))))))))))
p (k y (y (y (g x))) (b (o (l (t (p m ad o s o (y e y e g c))) d d z (w (u m c (i z d u i n z u ac))) (t (p m ad o s o (y e y e g c))) (A (f ac m aa j) m) (v B (y C) (r (D (E (F (G H aa ac (h j (z (s (ad (g k d a ab c (x r l (ad (ac (I J b (o b ad ab h a t K m aa L y p v w q w v u ab q ad p ab) a M) N a c O f w) l n P ac j m ab i Q u R j o aa ab g y c S)))))))))))))))))
p (k y (y (y (g x))) (b (o (a w d d z (w (u m c (i z d u i n z u ac))) (t (p m ad o s o (y e y e g c))) d d z (w (u m c (i z d u i n z u ac))) (t (p m ad o s o (y e y e g c))) (A (f ac m aa j) m) (v B (y C) (r (D (E (F (G H aa ac (h j (z (s (ad (g k d a ab c (x r l (ad (ac (I J b (o b ad ab h a t K m aa L y p v w q w v u ab q ad p ab) a M) N a c O f w) l n P ac j m ab i Q u R j o aa ab g y c S)))))))))))))))))
p (k y (y (y (g x))) (b (o (q c p (h (c g i) v) w d d z (w (u m c (i z d u i n z u ac))) (t (p m ad o s o (y e y e g c))) d d z (w (u m c (i z d u i n z u ac))) (t (p m ad o s o (y e y e g c))) (A (f ac m aa j) m) (v B (y C) (r (D (E (F (G H aa ac (h j (z (s (ad (g k d a ab c (x r l (ad (ac (I J b (o b ad ab h a t K m aa L y p v w q w v u ab q ad p ab) a M) N a c O f w) l n P ac j m ab i Q u R j o aa ab g y c S)))))))))))))))))
p (k y (y (y (g x))) (b (o (l (t (p m ad o s o (y e y e g c))) d d z (w (u m c (i z d u i n z u ac))) (t (p m ad o s o (y e y e g c))) d d z (w (u m c (i z d u i n z u ac))) (t (p m ad o s o (y e y e g c))) (A (f ac m aa j) m) (v B (y C) (r (D (E (F (G H aa ac (h j (z (s (ad (g k d a ab c (x r l (ad (ac (I J b (o b ad ab h a t K m aa L y p v w q w v u ab q ad p ab) a M) N a c O f w) l n P ac j m ab i Q u R j o aa ab g y c S)))))))))))))))))
p (k y (y (y (g x))) (b (o (a w d d z (w (u m c (i z d u i n z u ac))) (t (p m ad o s o (y e y e g c))) d d z (w (u m c (i z d u i n z u ac))) (t (p m ad o s o (y e y e g c))) d d z (w (u m c (i z d u i n z u ac))) (t (p m ad o s o (y e y e g c))) (A (f ac m aa j) m) (v B (y C) (r (D (E (F (G H aa ac (h j (z (s (ad (g k d a ab c (x r l (ad (ac (I J b (o b ad ab h a t K m aa L y p v w q w v u ab q ad p ab) a M) N a c O f w) l n P ac j m ab i Q u R j o aa ab g y c S)))))))))))))))))
p (k y (y (y (g x))) (b (o (q c p (h (c g i) v) w d d z (w (u m c (i z d u i n z u ac))) (t (p m ad o s o (y e y e g c))) d d z (w (u m c (i z d u i n z u ac))) (t (p m ad o s o (y e y e g c))) d d z (w (u m c (i z d u i n z u ac))) (t (p m ad o s o (y e y e g c))) (A (f ac m aa j) m) (v B (y C) (r (D (E (F (G H aa ac (h j (z (s (ad (g k d a ab c (x r l (ad (ac (I J b (o b ad ab h a t K m aa L y p v w q w v u ab q ad p ab) a M) N a c O f w) l n P ac j m ab i Q u R j o aa ab g y c S)))))))))))))))))
p (k y (y (y (g x))) (b (o (l (t (p m ad o s o (y e y e g c))) d d z (w (u m c (i z d u i n z u ac))) (t (p m ad o s o (y e y e g c))) d d z (w (u m c (i z d u i n z u ac))) (t (p m ad o s o (y e y e g c))) d d z (w (u m c (i z d u i n z u ac))) (t (p m ad o s o (y e y e g c))) (A (f ac m aa j) m) (v B (y C) (r (D (E (F (G H aa ac (h j (z (s (ad (g k d a ab c (x r l (ad (ac (I J b (o b ad ab h a t K m aa L y p v w q w v u ab q ad p ab) a M) N a c O f w) l n P ac j m ab i Q u R j o aa ab g y c S)))))))))))))))))
p (k y (y (y (g x))) (b (o (a w d d z (w (u m c (i z d u i n z u ac))) (t (p m ad o s o (y e y e g c))) d d z (w (u m c (i z d u i n z u ac))) (t (p m ad o s o (y e y e g c))) d d z (w (u m c (i z d u i n z u ac))) (t (p m ad o s o (y e y e g c))) d d z (w (u m c (i z d u i n z u ac))) (t (p m ad o s o (y e y e g c))) (A (f ac m aa j) m) (v B (y C) (r (D (E (F (G H aa ac (h j (z (s (ad (g k d a ab c (x r l (ad (ac (I J b (o b ad ab h a t K m aa L y p v w q w v u ab q ad p ab) a M) N a c O f w) l n P ac j m ab i Q u R j o aa ab g y c S)))))))))))))))))
p (k y (y (y (g x))) (b (o (q c p (h (c g i) v) w d d z (w (u m c (i z d u i n z u ac))) (t (p m ad o s o (y e y e g c))) d d z (w (u m c (i z d u i n z u ac))) (t (p m ad o s o (y e y e g c))) d d z (w (u m c (i z d u i n z u ac))) (t (p m ad o s o (y e y e g c))) d d z (w (u m c (i z d u i n z u ac))) (t (p m ad o s o (y e y e g c))) (A (f ac m aa j) m) (v B (y C) (r (D (E (F (G H aa ac (h j (z (s (ad (g k d a ab c (x r l (ad (ac (I J b (o b ad ab h a t K m aa L y p v w q w v u ab q ad p ab) a M) N a c O f w) l n P ac j m ab i Q u R j o aa ab g y c S)))))))))))))))))
p (k y (y (y (g x))) (b (o (l (t (p m ad o s o (y e y e g c))) d d z (w (u m c (i z d u i n z u ac))) (t (p m ad o s o (y e y e g c))) d d z (w (u m c (i z d u i n z u ac))) (t (p m ad o s o (y e y e g c))) d d z (w (u m c (i z d u i n z u ac))) (t (p m ad o s o (y e y e g c))) d d z (w (u m c (i z d u i n z u ac))) (t (p m ad o s o (y e y e g c))) (A (f ac m aa j) m) (v B (y C) (r (D (E (F (G H aa ac (h j (z (s (ad (g k d a ab c (x r l (ad (ac (I J b (o b ad ab h a t K m aa L y p v w q w v u ab q ad p ab) a M) N a c O f w) l n P ac j m ab i Q u R j o aa ab g y c S)))))))))))))))))
p (k y (y (y (g x))) (b (o (a w d d z (w (u m c (i z d u i n z u ac))) (t (p m ad o s o (y e y e g c))) d d z (w (u m c (i z d u i n z u ac))) (t (p m ad o s o (y e y e g c))) d d z (w (u m c (i z d u i n z u ac))) (t (p m ad o s o (y e y e g c))) d d z (w (u m c (i z d u i n z u ac))) (t (p m ad o s o (y e y e g c))) d d z (w (u m c (i z d u i n z u ac))) (t (p m ad o s o (y e y e g c))) (A (f ac m aa j) m) (v B (y C) (r (D (E (F (G H aa ac (h j (z (s (ad (g k d a ab c (x r l (ad (ac (I J b (o b ad ab h a t K m aa L y p v w q w v u ab q ad p ab) a M) N a c O f w) l n P ac j m ab i Q u R j o aa ab g y c S)))))))))))))))))
p (k y (y (y (g x))) (b (o (q c p (h (c g i) v) w d d z (w (u m c (i z d u i n z u ac))) (t (p m ad o s o (y e y e g c))) d d z (w (u m c (i z d u i n z u ac))) (t (p m ad o s o (y e y e g c))) d d z (w (u m c (i z d u i n z u ac))) (t (p m ad o s o (y e y e g c))) d d z (w (u m c (i z d u i n z u ac))) (t (p m ad o s o (y e y e g c))) d d z (w (u m c (i z d u i n z u ac))) (t (p m ad o s o (y e y e g c))) (A (f ac m aa j) m) (v B (y C) (r (D (E (F (G H aa ac (h j (z (s (ad (g k d a ab c (x r l (ad (ac (I J b (o b ad ab h a t K m aa L y p v w q w v u ab q ad p ab) a M) N a c O f w) l n P ac j m ab i Q u R j o aa ab g y c S)))))))))))))))))
p (k y (y (y (g x))) (b (o (l (t (p m ad o s o (y e y e g c))) d d z (w (u m c (i z d u i n z u ac))) (t (p m ad o s o (y e y e g c))) d d z (w (u m c (i z d u i n z u ac))) (t (p m ad o s o (y e y e g c))) d d z (w (u m c (i z d u i n z u ac))) (t (p m ad o s o (y e y e g c))) d d z (w (u m c (i z d u i n z u ac))) (t (p m ad o s o (y e y e g c))) d d z (w (u m c (i z d u i n z u ac))) (t (p m ad o s o (y e y e g c))) (A (f ac m aa j) m) (v B (y C) (r (D (E (F (G H aa ac (h j (z (s (ad (g k d a ab c (x r l (ad (ac (I J b (o b ad ab h a t K m aa L y p v w q w v u ab q ad p ab) a M) N a c O f w) l n P ac j m ab i Q u R j o aa ab g y c S)))))))))))))))))
p (k y (y (y (g x))) (b (o (a w d d z (w (u m c (i z d u i n z u ac))) (t (p m ad o s o (y e y e g c))) d d z (w (u m c (i z d u i n z u ac))) (t (p m ad o s o (y e y e g c))) d d z (w (u m c (i z d u i n z u ac))) (t (p m ad o s o (y e y e g c))) d d z (w (u m c (i z d u i n z u ac))) (t (p m ad o s o (y e y e g c))) d d z (w (u m c (i z d u i n z u ac))) (t (p m ad o s o (y e y e g c))) d d z (w (u m c (i z d u i n z u ac))) (t (p m ad o s o (y e y e g c))) (A (f ac m aa j) m) (v B (y C) (r (D (E (F (G H aa ac (h j (z (s (ad (g k d a ab c (x r l (ad (ac (I J b (o b ad ab h a t K m aa L y p v w q w v u ab q ad p ab) a M) N a c O f w) l n P ac j m ab i Q u R j o aa ab g y c S)))))))))))))))))
p (k y (y (y (g x))) (b (o (q c p (h (c g i) v) w d d z (w (u m c (i z d u i n z u ac))) (t (p m ad o s o (y e y e g c))) d d z (w (u m c (i z d u i n z u ac))) (t (p m ad o s o (y e y e g c))) d d z (w (u m c (i z d u i n z u ac))) (t (p m ad o s o (y e y e g c))) d d z (w (u m c (i z d u i n z u ac))) (t (p m ad o s o (y e y e g c))) d d z (w (u m c (i z d u i n z u ac))) (t (p m ad o s o (y e y e g c))) d d z (w (u m c (i z d u i n z u ac))) (t (p m ad o s o (y e y e g c))) (A (f ac m aa j) m) (v B (y C) (r (D (E (F (G H aa ac (h j (z (s (ad (g k d a ab c (x r l (ad (ac (I J b (o b ad ab h a t K m aa L y p v w q w v u ab q ad p ab) a M) N a c O f w) l n P ac j m ab i Q u R j o aa ab g y c S)))))))))))))))))
p (k y (y (y (g x))) (b (o (l (t (p m ad o s o (y e y e g c))) d d z (w (u m c (i z d u i n z u ac))) (t (p m ad o s o (y e y e g c))) d d z (w (u m c (i z d u i n z u ac))) (t (p m ad o s o (y e y e g c))) d d z (w (u m c (i z d u i n z u ac))) (t (p m ad o s o (y e y e g c))) d d z (w (u m c (i z d u i n z u ac))) (t (p m ad o s o (y e y e g c))) d d z (w (u m c (i z d u i n z u ac))) (t (p m ad o s o (y e y e g c))) d d z (w (u m c (i z d u i n z u ac))) (t (p m ad o s o (y e y e g c))) (A (f ac m aa j) m) (v B (y C) (r (D (E (F (G H aa ac (h j (z (s (ad (g k d a ab c (x r l (ad (ac (I J b (o b ad ab h a t K m aa L y p v w q w v u ab q ad p ab) a M) N a c O f w) l n P ac j m ab i Q u R j o aa ab g y c S)))))))))))))))))
p (k y (y (y (g x))) (b (o (a w d d z (w (u m c (i z d u i n z u ac))) (t (p m ad o s o (y e y e g c))) d d z (w (u m c (i z d u i n z u ac))) (t (p m ad o s o (y e y e g c))) d d z (w (u m c (i z d u i n z u ac))) (t (p m ad o s o (y e y e g c))) d d z (w (u m c (i z d u i n z u ac))) (t (p m ad o s o (y e y e g c))) d d z (w (u m c (i z d u i n z u ac))) (t (p m ad o s o (y e y e g c))) d d z (w (u m c (i z d u i n z u ac))) (t (p m ad o s o (y e y e g c))) d d z (w (u m c (i z d u i n z u ac))) (t (p m ad o s o (y e y e g c))) (A (f ac m aa j) m) (v B (y C) (r (D (E (F (G H aa ac (h j (z (s (ad (g k d a ab c (x r l (ad (ac (I J b (o b ad ab h a t K m aa L y p v w q w v u ab q ad p ab) a M) N a c O f w) l n P ac j m ab i Q u R j o aa ab g y c S)))))))))))))))))


