a ae af ae (ac (z x o ae p af f))
b ai ag ae af ah g ad j (ah y a d)
c af ag ae n b (n a o o)
d af ae aa (n (g (y u (c af a ae) n c j p ab ac b)))
e af ae ag n (ab ab d) (z (b c) o (g d z f g s l))
f ae ac (n (p h) j c e n)
g ag ae aj ai af ah ab v (ad p)
h z q (c (y m v a ab ad r))
i af ag ah ae q (h x) (t j (j (o aa (ab x ad k l w t k c))))
j ae ah ag aj ai af ad (h z)
k s (w o (e (ad t z s t ac aa z z)))
l ae ag af o q (af n c t y f k ag e)
m ai af aj ag ae ah af (i b s s x ac u aa)
n ae z h g (ae (c m k aa ae r s j ac ae z))
o n (f (u (ac g m (y (d f n i z) n a r))))
p af ae ah ag l (u (n q ad (d i y) z y x))
q ah af ag ae ai f (t w) z p b (z f (z (j x x) b a n c ad))
r ae af ag aj ah ai ad (i (x l q p ab i t) a e m)
s z (ac k) (h (ac w (f (m v) b q l ac r u) b ac))
t ab z a r f e f (ac n x g r ad z)
u ae af aj ai ag ah b ae (x (ad r (y g m) e k i q e c))
v ag ah af ae k d x (q (j e ah (s c k g) ae t b))
w ae s u r c ae b (aa l ae)
x ah ai ae aj af ag u s (c n p ac (j g (k (z ad u) c) k aa o e))
y aj ag ah ae af ai v i n a w j (r t m v w)
z ag af ah ai aj ae c (v (r aa (h (i a u ab u k e))))
aa ag ai ae af ah aj ad (ad (n r (a (v j l) b v p d d b ac t)))
ab ag ae af ae (e (k c w (a ag v z t) g g x) d k)
ac k (m j (e i (d (p b v (w u d g aa r ab)))))
ad af ae ag u ag (r (ac t j s (i y ag u ab y)))
main g f (A (ac h (q (j (ab (r (k (j (B (g (b C) j z D (E F G (q x (k H o (ab v I p ad b (g q) J q) (t K r (L M w (n (N (O z (aa z (s (n (t w v v j p g u f j ac) m h o x o x g a l x x) P a u) s Q g) k ab R g h i z y x) S ab u f a u h) T U n V q ab))))))))))))))))
------------------------------------------------------------
g f (A (ac h (q (j (ab (r (k (j (B (g (b C) j z D (E F G (q x (k H o (ab v I p ad b (g q) J q) (t K r (L M w (n (N (O z (aa z (s (n (t w v v j p g u f j ac) m h o x o x g a l x x) P a u) s Q g) k ab R g h i z y x) S ab u f a u h) T U n V q ab))))))))))))))))
g f (A (k (m j (e i (d (p b v (w u d g aa r ab))))) h (q (j (ab (r (k (j (B (g (b C) j z D (E F G (q x (k H o (ab v I p ad b (g q) J q) (t K r (L M w (n (N (O z (aa z (s (n (t w v v j p g u f j ac) m h o x o x g a l x x) P a u) s Q g) k ab R g h i z y x) S ab u f a u h) T U n V q ab))))))))))))))))
g f (A (s (w o (e (ad t z s t ac aa z z))) (m j (e i (d (p b v (w u d g aa r ab))))) h (q (j (ab (r (k (j (B (g (b C) j z D (E F G (q x (k H o (ab v I p ad b (g q) J q) (t K r (L M w (n (N (O z (aa z (s (n (t w v v j p g u f j ac) m h o x o x g a l x x) P a u) s Q g) k ab R g h i z y x) S ab u f a u h) T U n V q ab))))))))))))))))
g f (A (z (ac k) (h (ac w (f (m v) b q l ac r u) b ac)) (w o (e (ad t z s t ac aa z z))) (m j (e i (d (p b v (w u d g aa r ab))))) h (q (j (ab (r (k (j (B (g (b C) j z D (E F G (q x (k H o (ab v I p ad b (g q) J q) (t K r (L M w (n (N (O z (aa z (s (n (t w v v j p g u f j ac) m h o x o x g a l x x) P a u) s Q g) k ab R g h i z y x) S ab u f a u h) T U n V q ab))))))))))))))))
g f (A (c (v (r aa (h (i a u ab u k e))))))
g f (A (c (v (r aa (z q (c (y m v a ab ad r)) (i a u ab u k e))))))
g f (A (c (v (r aa (z q (c (v i n a w j (r t m v w))) (i a u ab u k e))))))
g f (A (c (v (r aa (z q (c (k d x (q (j e n (s c k g) w t b)) j (r t m v w))) (i a u ab u k e))))))
g f (A (c (v (r aa (z q (c (s (w o (e (ad t z s t ac aa z z))) d x (q (j e n (s c k g) w t b)) j (r t m v w))) (i a u ab u k e))))))
g f (A (c (v (r aa (z q (c (z (ac k) (h (ac w (f (m v) b q l ac r u) b ac)) (w o (e (ad t z s t ac aa z z))) d x (q (j e n (s c k g) w t b)) j (r t m v w))) (i a u ab u k e))))))
g f (A (c (v (r aa (z q (c (c (v (r aa (h (i a u ab u k e)))) j (r t m v w))) (i a u ab u k e))))))
g f (A (c (v (r aa (z q (c (n b (n a o o))) (i a u ab u k e))))))
g f (A (c (v (r aa (z q (c (z h g (b (c m k aa b r s j ac b z)) (n a o o))) (i a u ab u k e))))))
g f (A (c (v (r aa (z q (c (z h g (b (n b (n a o o) b r s j ac b z)) (n a o o))) (i a u ab u k e))))))
g f (A (c (v (r aa (z q (c (z h g (b (z h g (b (c m k aa b r s j ac b z)) (n a o o) b r s j ac b z)) (n a o o))) (i a u ab u k e))))))
g f (A (c (v (r aa (z q (c (z h g (b (c (v (r aa (h (i a u ab u k e)))) s j ac b z)) (n a o o))) (i a u ab u k e))))))
g f (A (c (v (r aa (z q (c (z h g (b (n b (n a o o) ac b z)) (n a o o))) (i a u ab u k e))))))
g f (A (c (v (r aa (z q (c (z h g (b (z h g (b (c m k aa b r s j ac b z)) (n a o o) ac b z)) (n a o o))) (i a u ab u k e))))))
g f (A (c (v (r aa (z q (c (z h g (b (c (v (r aa (h (i a u ab u k e)))) z)) (n a o o))) (i a u ab u k e))))))
g f (A (c (v (r aa (z q (c (z h g (b (c (v (r aa (z q (c (y m v a ab ad r)) (i a u ab u k e)))) z)) (n a o o))) (i a u ab u k e))))))
g f (A (c (v (r aa (z q (c (z h g (b (c (v (r aa (z q (c (v i n a w j (r t m v w))) (i a u ab u k e)))) z)) (n a o o))) (i a u ab u k e))))))
g f (A (c (v (r aa (z q (c (z h g (b (c (v (r aa (z q (c (k d x (q (j e n (s c k g) w t b)) j (r t m v w))) (i a u ab u k e)))) z)) (n a o o))) (i a u ab u k e))))))
g f (A (c (v (r aa (z q (c (z h g (b (c (v (r aa (z q (c (s (w o (e (ad t z s t ac aa z z))) d x (q (j e n (s c k g) w t b)) j (r t m v w))) (i a u ab u k e)))) z)) (n a o o))) (i a u ab u k e))))))
g f (A (c (v (r aa (z q (c (z h g (b (c (v (r aa (z q (c (z (ac k) (h (ac w (f (m v) b q l ac r u) b ac)) (w o (e (ad t z s t ac aa z z))) d x (q (j e n (s c k g) w t b)) j (r t m v w))) (i a u ab u k e)))) z)) (n a o o))) (i a u ab u k e))))))
g f (A (c (v (r aa (z q (c (z h g (b (c (v (r aa (z q (c (c (v (r aa (h (i a u ab u k e)))) j (r t m v w))) (i a u ab u k e)))) z)) (n a o o))) (i a u ab u k e))))))
g f (A (c (v (r aa (z q (c (z h g (b (c (v (r aa (z q (c (n b (n a o o))) (i a u ab u k e)))) z)) (n a o o))) (i a u ab u k e))))))
g f (A (c (v (r aa (z q (c (z h g (b (c (v (r aa (z q (c (z h g (b (c m k aa b r s j ac b z)) (n a o o))) (i a u ab u k e)))) z)) (n a o o))) (i a u ab u k e))))))
g f (A (c (v (r aa (z q (c (z h g (b (c (v (r aa (z q (c (z h g (b (n b (n a o o) b r s j ac b z)) (n a o o))) (i a u ab u k e)))) z)) (n a o o))) (i a u ab u k e))))))
g f (A (c (v (r aa (z q (c (z h g (b (c (v (r aa (z q (c (z h g (b (z h g (b (c m k aa b r s j ac b z)) (n a o o) b r s j ac b z)) (n a o o))) (i a u ab u k e)))) z)) (n a o o))) (i a u ab u k e))))))
g f (A (c (v (r aa (z q (c (z h g (b (c (v (r aa (z q (c (z h g (b (c (v (r aa (h (i a u ab u k e)))) s j ac b z)) (n a o o))) (i a u ab u k e)))) z)) (n a o o))) (i a u ab u k e))))))


