a ai ag af ah ae = i n (j r k ab k p o i)
b ae = aa ae (j q (g (w e ad y) l e z ab c))
c af ag ae = x e (x (v j (o (u n) w m) i) q g z)
d ae ai ag af ah = u (a x) w (j (y (f s y ab u) t a))
e af ae ag ah = z (w q i)
f af ag ae ah = u (w (ab j (i (t ac z ad t v aa) k s)))
g ag ai af ah ae = r (y (o (n (f k q d ac ad o h m e) h) i))
h af ag ae = a (ag (y (ac w p m t o p p d i)))
i = q a x z (a (v ad (m g h l n x m) l ab))
j ae = s (ac h (ac (c m z (a v t r) t ae h)))
k ae af ag = s (j v e n)
l ae = w (p (j (i b t x (z (y b ae ac k b x m n ac)))))
m ae = w s f (y e (ae aa (q z g z p l z t q g)))
n ae = k (t (v f j (t (ac ad v y r k e z q t t))))
o ag ae ai af ah aj = ai (ab y w aj s (k ah c x n b))
p ag ae ai af ah = x b (t t y (m x e e d))
q ag af ae ah = c (l w (i (s x r (j (m x f c j w aa t y m)))))
r af ag ae = n k p b d (o (n (g v ag aa v n ad ag f c)))
s = aa b (aa (i e i (k (k l d w f a o w))))
t af ag ae = ad ac (p (p w l z g u q))
u af ae ag = ad n e l ab (j ae (s ac (n b f l aa q c o c)))
v af ag ah ai ae = ad (aa s ae j h (n y ad o i q m c r))
w ae ah ag ai af = l i (k (af i v m))
x aj ah ae ai af ag = h a
y af ae = g ab p (x o (n (z d w ac k j e)))
z af ae = o s (b ab y b e)
aa = t (p (r (k x n v b e z b ac p w t p)))
ab ae af = h (a (n c af))
ac ag ae ah af ai = ag l (b (t n (s x j x g f l r) ae ad))
ad af ae ag = c y (v (p h n ac (o p o w q w aa d f ab) i))
main = r (f (f (A (ac (ab v (s (p (B a (C z q w (r (t j D t (E o ac v) e (ac z (aa d (j F (p G (H ad f u j (e j (a ab I (o (u (J (i f l ac ab K k k a v ad n m k y g p z m L h d g x r f l aa aa l g f a v y aa q f ac ab q t u o g ab d j e n M t b p))))))))))))))))))))))
------------------------------------------------------------
r (f (f (A (ac (ab v (s (p (B a (C z q w (r (t j D t (E o ac v) e (ac z (aa d (j F (p G (H ad f u j (e j (a ab I (o (u (J (i f l ac ab K k k a v ad n m k y g p z m L h d g x r f l aa aa l g f a v y aa q f ac ab q t u o g ab d j e n M t b p))))))))))))))))))))))
r (f (f (A (ac (h (a (n c (s (p (B a (C z q w (r (t j D t (E o ac v) e (ac z (aa d (j F (p G (H ad f u j (e j (a ab I (o (u (J (i f l ac ab K k k a v ad n m k y g p z m L h d g x r f l aa aa l g f a v y aa q f ac ab q t u o g ab d j e n M t b p))))))))))))))))))))))))
r (f (f (A (ac (h (a (k (t (v f j (t (ac ad v y r k e z q t t)))) (s (p (B a (C z q w (r (t j D t (E o ac v) e (ac z (aa d (j F (p G (H ad f u j (e j (a ab I (o (u (J (i f l ac ab K k k a v ad n m k y g p z m L h d g x r f l aa aa l g f a v y aa q f ac ab q t u o g ab d j e n M t b p))))))))))))))))))))))))
r (f (f (A (ac (h (a (k (t (v f j (t (ad l (b (t n (s x j x g f l r) v ad)) e z q t t)))) (s (p (B a (C z q w (r (t j D t (E o ac v) e (ac z (aa d (j F (p G (H ad f u j (e j (a ab I (o (u (J (i f l ac ab K k k a v ad n m k y g p z m L h d g x r f l aa aa l g f a v y aa q f ac ab q t u o g ab d j e n M t b p))))))))))))))))))))))))
r (f (f (A (ac (h (a (k (t (v f j (t (c y (v (p h n ac (o p o w q w aa d f ab) i)) z q t t)))) (s (p (B a (C z q w (r (t j D t (E o ac v) e (ac z (aa d (j F (p G (H ad f u j (e j (a ab I (o (u (J (i f l ac ab K k k a v ad n m k y g p z m L h d g x r f l aa aa l g f a v y aa q f ac ab q t u o g ab d j e n M t b p))))))))))))))))))))))))
r (f (f (A (ac (h (a (k (t (v f j (t (x e (x (v j (o (u n) w m) i) q g z) q t t)))) (s (p (B a (C z q w (r (t j D t (E o ac v) e (ac z (aa d (j F (p G (H ad f u j (e j (a ab I (o (u (J (i f l ac ab K k k a v ad n m k y g p z m L h d g x r f l aa aa l g f a v y aa q f ac ab q t u o g ab d j e n M t b p))))))))))))))))))))))))
r (f (f (A (ac (h (a (k (t (v f j (t (x e (x (v j (o (u n) w m) (q a x z (a (v ad (m g h l n x m) l ab)))) q g z) q t t)))) (s (p (B a (C z q w (r (t j D t (E o ac v) e (ac z (aa d (j F (p G (H ad f u j (e j (a ab I (o (u (J (i f l ac ab K k k a v ad n m k y g p z m L h d g x r f l aa aa l g f a v y aa q f ac ab q t u o g ab d j e n M t b p))))))))))))))))))))))))
r (f (f (A (ac (h (a (k (t (v f j (t (x e (x (v j (o (u n) w m) (c (l w (i (s x r (j (m x f c j w aa t y m))))))) q g z) q t t)))) (s (p (B a (C z q w (r (t j D t (E o ac v) e (ac z (aa d (j F (p G (H ad f u j (e j (a ab I (o (u (J (i f l ac ab K k k a v ad n m k y g p z m L h d g x r f l aa aa l g f a v y aa q f ac ab q t u o g ab d j e n M t b p))))))))))))))))))))))))
r (f (f (A (ac (h (a (k (t (v f j (t (x e (x (v j (o (u n) w m) (c (w (p (j (i b t x (z (y b w ac k b x m n ac))))) (i (s x r (j (m x f c j w aa t y m))))))) q g z) q t t)))) (s (p (B a (C z q w (r (t j D t (E o ac v) e (ac z (aa d (j F (p G (H ad f u j (e j (a ab I (o (u (J (i f l ac ab K k k a v ad n m k y g p z m L h d g x r f l aa aa l g f a v y aa q f ac ab q t u o g ab d j e n M t b p))))))))))))))))))))))))
r (f (f (A (ac (h (a (k (t (v f j (t (x e (x (v j (o (u n) w m) (c (w (p (s (ac h (ac (c m z (a v t r) t (i b t x (z (y b w ac k b x m n ac))) h))))) (i (s x r (j (m x f c j w aa t y m))))))) q g z) q t t)))) (s (p (B a (C z q w (r (t j D t (E o ac v) e (ac z (aa d (j F (p G (H ad f u j (e j (a ab I (o (u (J (i f l ac ab K k k a v ad n m k y g p z m L h d g x r f l aa aa l g f a v y aa q f ac ab q t u o g ab d j e n M t b p))))))))))))))))))))))))
r (f (f (A (ac (h (a (k (t (v f j (t (x e (x (v j (o (u n) w m) (c (w (p (aa b (aa (i e i (k (k l d w f a o w)))) (ac h (ac (c m z (a v t r) t (i b t x (z (y b w ac k b x m n ac))) h))))) (i (s x r (j (m x f c j w aa t y m))))))) q g z) q t t)))) (s (p (B a (C z q w (r (t j D t (E o ac v) e (ac z (aa d (j F (p G (H ad f u j (e j (a ab I (o (u (J (i f l ac ab K k k a v ad n m k y g p z m L h d g x r f l aa aa l g f a v y aa q f ac ab q t u o g ab d j e n M t b p))))))))))))))))))))))))
r (f (f (A (ac (h (a (k (t (v f j (t (x e (x (v j (o (u n) w m) (c (w (p (t (p (r (k x n v b e z b ac p w t p))) b (aa (i e i (k (k l d w f a o w)))) (ac h (ac (c m z (a v t r) t (i b t x (z (y b w ac k b x m n ac))) h))))) (i (s x r (j (m x f c j w aa t y m))))))) q g z) q t t)))) (s (p (B a (C z q w (r (t j D t (E o ac v) e (ac z (aa d (j F (p G (H ad f u j (e j (a ab I (o (u (J (i f l ac ab K k k a v ad n m k y g p z m L h d g x r f l aa aa l g f a v y aa q f ac ab q t u o g ab d j e n M t b p))))))))))))))))))))))))
r (f (f (A (ac (h (a (k (t (v f j (t (x e (x (v j (o (u n) w m) (c (w (p (ad ac (p (p w l z g u q)) (ac h (ac (c m z (a v t r) t (i b t x (z (y b w ac k b x m n ac))) h))))) (i (s x r (j (m x f c j w aa t y m))))))) q g z) q t t)))) (s (p (B a (C z q w (r (t j D t (E o ac v) e (ac z (aa d (j F (p G (H ad f u j (e j (a ab I (o (u (J (i f l ac ab K k k a v ad n m k y g p z m L h d g x r f l aa aa l g f a v y aa q f ac ab q t u o g ab d j e n M t b p))))))))))))))))))))))))
r (f (f (A (ac (h (a (k (t (v f j (t (x e (x (v j (o (u n) w m) (c (w (p (c y (v (p h n ac (o p o w q w aa d f ab) i)))) (i (s x r (j (m x f c j w aa t y m))))))) q g z) q t t)))) (s (p (B a (C z q w (r (t j D t (E o ac v) e (ac z (aa d (j F (p G (H ad f u j (e j (a ab I (o (u (J (i f l ac ab K k k a v ad n m k y g p z m L h d g x r f l aa aa l g f a v y aa q f ac ab q t u o g ab d j e n M t b p))))))))))))))))))))))))
r (f (f (A (ac (h (a (k (t (v f j (t (x e (x (v j (o (u n) w m) (c (w (p (c y (v (x b (t t y (m x e e d)))))) (i (s x r (j (m x f c j w aa t y m))))))) q g z) q t t)))) (s (p (B a (C z q w (r (t j D t (E o ac v) e (ac z (aa d (j F (p G (H ad f u j (e j (a ab I (o (u (J (i f l ac ab K k k a v ad n m k y g p z m L h d g x r f l aa aa l g f a v y aa q f ac ab q t u o g ab d j e n M t b p))))))))))))))))))))))))
r (f (f (A (ac (h (a (k (t (v f j (t (x e (x (v j (o (u n) w m) (c (w (p (c y (v (x b (ad ac (p (p w l z g u q))))))) (i (s x r (j (m x f c j w aa t y m))))))) q g z) q t t)))) (s (p (B a (C z q w (r (t j D t (E o ac v) e (ac z (aa d (j F (p G (H ad f u j (e j (a ab I (o (u (J (i f l ac ab K k k a v ad n m k y g p z m L h d g x r f l aa aa l g f a v y aa q f ac ab q t u o g ab d j e n M t b p))))))))))))))))))))))))
r (f (f (A (ac (h (a (k (t (v f j (t (x e (x (v j (o (u n) w m) (c (w (p (c y (v (x b (ad ac (p (x b (t t y (m x e e d)) q))))))) (i (s x r (j (m x f c j w aa t y m))))))) q g z) q t t)))) (s (p (B a (C z q w (r (t j D t (E o ac v) e (ac z (aa d (j F (p G (H ad f u j (e j (a ab I (o (u (J (i f l ac ab K k k a v ad n m k y g p z m L h d g x r f l aa aa l g f a v y aa q f ac ab q t u o g ab d j e n M t b p))))))))))))))))))))))))
r (f (f (A (ac (h (a (k (t (v f j (t (x e (x (v j (o (u n) w m) (c (w (p (c y (v (x b (ad ac (p (x b (ad ac (p (p w l z g u q))) q))))))) (i (s x r (j (m x f c j w aa t y m))))))) q g z) q t t)))) (s (p (B a (C z q w (r (t j D t (E o ac v) e (ac z (aa d (j F (p G (H ad f u j (e j (a ab I (o (u (J (i f l ac ab K k k a v ad n m k y g p z m L h d g x r f l aa aa l g f a v y aa q f ac ab q t u o g ab d j e n M t b p))))))))))))))))))))))))
r (f (f (A (ac (h (a (k (t (v f j (t (x e (x (v j (o (u n) w m) (c (w (p (c y (v (x b (ad ac (p (x b (ad ac (p (x b (t t y (m x e e d)) q))) q))))))) (i (s x r (j (m x f c j w aa t y m))))))) q g z) q t t)))) (s (p (B a (C z q w (r (t j D t (E o ac v) e (ac z (aa d (j F (p G (H ad f u j (e j (a ab I (o (u (J (i f l ac ab K k k a v ad n m k y g p z m L h d g x r f l aa aa l g f a v y aa q f ac ab q t u o g ab d j e n M t b p))))))))))))))))))))))))
r (f (f (A (ac (h (a (k (t (v f j (t (x e (x (v j (o (u n) w m) (c (w (p (c y (v (x b (ad ac (p (x b (ad ac (p (x b (ad ac (p (p w l z g u q))) q))) q))))))) (i (s x r (j (m x f c j w aa t y m))))))) q g z) q t t)))) (s (p (B a (C z q w (r (t j D t (E o ac v) e (ac z (aa d (j F (p G (H ad f u j (e j (a ab I (o (u (J (i f l ac ab K k k a v ad n m k y g p z m L h d g x r f l aa aa l g f a v y aa q f ac ab q t u o g ab d j e n M t b p))))))))))))))))))))))))
r (f (f (A (ac (h (a (k (t (v f j (t (x e (x (v j (o (u n) w m) (c (w (p (c y (v (x b (ad ac (p (x b (ad ac (p (x b (ad ac (p (x b (t t y (m x e e d)) q))) q))) q))))))) (i (s x r (j (m x f c j w aa t y m))))))) q g z) q t t)))) (s (p (B a (C z q w (r (t j D t (E o ac v) e (ac z (aa d (j F (p G (H ad f u j (e j (a ab I (o (u (J (i f l ac ab K k k a v ad n m k y g p z m L h d g x r f l aa aa l g f a v y aa q f ac ab q t u o g ab d j e n M t b p))))))))))))))))))))))))
r (f (f (A (ac (h (a (k (t (v f j (t (x e (x (v j (o (u n) w m) (c (w (p (c y (v (x b (ad ac (p (x b (ad ac (p (x b (ad ac (p (x b (ad ac (p (p w l z g u q))) q))) q))) q))))))) (i (s x r (j (m x f c j w aa t y m))))))) q g z) q t t)))) (s (p (B a (C z q w (r (t j D t (E o ac v) e (ac z (aa d (j F (p G (H ad f u j (e j (a ab I (o (u (J (i f l ac ab K k k a v ad n m k y g p z m L h d g x r f l aa aa l g f a v y aa q f ac ab q t u o g ab d j e n M t b p))))))))))))))))))))))))
r (f (f (A (ac (h (a (k (t (v f j (t (x e (x (v j (o (u n) w m) (c (w (p (c y (v (x b (ad ac (p (x b (ad ac (p (x b (ad ac (p (x b (ad ac (p (x b (t t y (m x e e d)) q))) q))) q))) q))))))) (i (s x r (j (m x f c j w aa t y m))))))) q g z) q t t)))) (s (p (B a (C z q w (r (t j D t (E o ac v) e (ac z (aa d (j F (p G (H ad f u j (e j (a ab I (o (u (J (i f l ac ab K k k a v ad n m k y g p z m L h d g x r f l aa aa l g f a v y aa q f ac ab q t u o g ab d j e n M t b p))))))))))))))))))))))))
r (f (f (A (ac (h (a (k (t (v f j (t (x e (x (v j (o (u n) w m) (c (w (p (c y (v (x b (ad ac (p (x b (ad ac (p (x b (ad ac (p (x b (ad ac (p (x b (ad ac (p (p w l z g u q))) q))) q))) q))) q))))))) (i (s x r (j (m x f c j w aa t y m))))))) q g z) q t t)))) (s (p (B a (C z q w (r (t j D t (E o ac v) e (ac z (aa d (j F (p G (H ad f u j (e j (a ab I (o (u (J (i f l ac ab K k k a v ad n m k y g p z m L h d g x r f l aa aa l g f a v y aa q f ac ab q t u o g ab d j e n M t b p))))))))))))))))))))))))
r (f (f (A (ac (h (a (k (t (v f j (t (x e (x (v j (o (u n) w m) (c (w (p (c y (v (x b (ad ac (p (x b (ad ac (p (x b (ad ac (p (x b (ad ac (p (x b (ad ac (p (x b (t t y (m x e e d)) q))) q))) q))) q))) q))))))) (i (s x r (j (m x f c j w aa t y m))))))) q g z) q t t)))) (s (p (B a (C z q w (r (t j D t (E o ac v) e (ac z (aa d (j F (p G (H ad f u j (e j (a ab I (o (u (J (i f l ac ab K k k a v ad n m k y g p z m L h d g x r f l aa aa l g f a v y aa q f ac ab q t u o g ab d j e n M t b p))))))))))))))))))))))))
r (f (f (A (ac (h (a (k (t (v f j (t (x e (x (v j (o (u n) w m) (c (w (p (c y (v (x b (ad ac (p (x b (ad ac (p (x b (ad ac (p (x b (ad ac (p (x b (ad ac (p (x b (ad ac (p (p w l z g u q))) q))) q))) q))) q))) q))))))) (i (s x r (j (m x f c j w aa t y m))))))) q g z) q t t)))) (s (p (B a (C z q w (r (t j D t (E o ac v) e (ac z (aa d (j F (p G (H ad f u j (e j (a ab I (o (u (J (i f l ac ab K k k a v ad n m k y g p z m L h d g x r f l aa aa l g f a v y aa q f ac ab q t u o g ab d j e n M t b p))))))))))))))))))))))))
r (f (f (A (ac (h (a (k (t (v f j (t (x e (x (v j (o (u n) w m) (c (w (p (c y (v (x b (ad ac (p (x b (ad ac (p (x b (ad ac (p (x b (ad ac (p (x b (ad ac (p (x b (ad ac (p (x b (t t y (m x e e d)) q))) q))) q))) q))) q))) q))))))) (i (s x r (j (m x f c j w aa t y m))))))) q g z) q t t)))) (s (p (B a (C z q w (r (t j D t (E o ac v) e (ac z (aa d (j F (p G (H ad f u j (e j (a ab I (o (u (J (i f l ac ab K k k a v ad n m k y g p z m L h d g x r f l aa aa l g f a v y aa q f ac ab q t u o g ab d j e n M t b p))))))))))))))))))))))))
r (f (f (A (ac (h (a (k (t (v f j (t (x e (x (v j (o (u n) w m) (c (w (p (c y (v (x b (ad ac (p (x b (ad ac (p (x b (ad ac (p (x b (ad ac (p (x b (ad ac (p (x b (ad ac (p (x b (ad ac (p (p w l z g u q))) q))) q))) q))) q))) q))) q))))))) (i (s x r (j (m x f c j w aa t y m))))))) q g z) q t t)))) (s (p (B a (C z q w (r (t j D t (E o ac v) e (ac z (aa d (j F (p G (H ad f u j (e j (a ab I (o (u (J (i f l ac ab K k k a v ad n m k y g p z m L h d g x r f l aa aa l g f a v y aa q f ac ab q t u o g ab d j e n M t b p))))))))))))))))))))))))
r (f (f (A (ac (h (a (k (t (v f j (t (x e (x (v j (o (u n) w m) (c (w (p (c y (v (x b (ad ac (p (x b (ad ac (p (x b (ad ac (p (x b (ad ac (p (x b (ad ac (p (x b (ad ac (p (x b (ad ac (p (x b (t t y (m x e e d)) q))) q))) q))) q))) q))) q))) q))))))) (i (s x r (j (m x f c j w aa t y m))))))) q g z) q t t)))) (s (p (B a (C z q w (r (t j D t (E o ac v) e (ac z (aa d (j F (p G (H ad f u j (e j (a ab I (o (u (J (i f l ac ab K k k a v ad n m k y g p z m L h d g x r f l aa aa l g f a v y aa q f ac ab q t u o g ab d j e n M t b p))))))))))))))))))))))))
r (f (f (A (ac (h (a (k (t (v f j (t (x e (x (v j (o (u n) w m) (c (w (p (c y (v (x b (ad ac (p (x b (ad ac (p (x b (ad ac (p (x b (ad ac (p (x b (ad ac (p (x b (ad ac (p (x b (ad ac (p (x b (ad ac (p (p w l z g u q))) q))) q))) q))) q))) q))) q))) q))))))) (i (s x r (j (m x f c j w aa t y m))))))) q g z) q t t)))) (s (p (B a (C z q w (r (t j D t (E o ac v) e (ac z (aa d (j F (p G (H ad f u j (e j (a ab I (o (u (J (i f l ac ab K k k a v ad n m k y g p z m L h d g x r f l aa aa l g f a v y aa q f ac ab q t u o g ab d j e n M t b p))))))))))))))))))))))))


