a ae af ab (n x (n (i (l s f) o i g h ae q)))
b ab p ab
c aj ag ah af ai ae t (d i (v y (b k (t e q (ab a f p t) j s v))))
d ae ab ad h (k (l w (w (i o b y z n t w v aa))))
e af ag ae ai ah p (ab x (ai (z s o z) k ad))
f t (b h aa (y h i z e ac o p e m))
g ai ag ah aj ae af o (l a (ag w (w (p o d) (x ab af b p))))
h af ag ae a l (d (r (j (x b t p b aa z e) k n b)))
i ag ae ah af x t (z (m ab j ag g (v (l aa u n) p u)))
j ai af ag ae ah ad t k l (r s (u (g aa y) o a g))
k aj ah ai ag ae af ab (l i l q ad aa) aa
l ae ag ai af ah aj n (af (n x t ah d b aa))
m ad e a a (y (x z (n j c aa e)))
n ai ae ag af ah y (f u (k (d (p j b ab c ab) i a s) r q ai))
o af ae ag g
p af ag ae y ad q (e (y u g ad n f b j i f aa))
q ae aj ai ah af ag ac d (z j h) t p p
r ae d x u
s af ae aa g (n i l ac (ae k (i f j p z b d w)))
t ae h k n (j (e (aa v) v s) aa z j b)
u af ae ag ah j af x ac (h g (i (f a b ac e k ah f t) f m))
v ae af ah ag p t af z g c i
w af ae t (o (ac j (v j b j af ab ad) t))
x p (u ac)
y ag af ah ae g r (k u ab q w (j h h o))
z af ae g (n (m (j s (n c l e) b af t c e r a g)))
aa ae a r l (v h m ac n s)
ab ag ae af ah j i (g q w (aa k) ag j r l u q)
ac ae aj af ag ah ai w q af ab m (i k ab v d)
ad ah ai ae ag af q o (d (q (o (a r (aa i o x z a l b r x)))))
main n (c (A (s d (l (m (c (d (b f (p (b (d k e b e B (n (y m p (q b (j (r t (ab (y (aa (C (D y) (E d) s p (F m (p (aa (ab s (c g (G H I (x v x (u x J s (K p p x u c b w e o L M c b h b N x g aa y aa q a k n z o x i) O k s i y d v g v e x h h a))))))))))))))))))))))))))))
------------------------------------------------------------
n (c (A (s d (l (m (c (d (b f (p (b (d k e b e B (n (y m p (q b (j (r t (ab (y (aa (C (D y) (E d) s p (F m (p (aa (ab s (c g (G H I (x v x (u x J s (K p p x u c b w e o L M c b h b N x g aa y aa q a k n z o x i) O k s i y d v g v e x h h a))))))))))))))))))))))))))))
n (c (A (aa g (n i l ac (l (m (c (d (b f (p (b (d k e b e B (n (y m p (q b (j (r t (ab (y (aa (C (D y) (E d) s p (F m (p (aa (ab s (c g (G H I (x v x (u x J s (K p p x u c b w e o L M c b h b N x g aa y aa q a k n z o x i) O k s i y d v g v e x h h a)))))))))))))))))))))))) k (i f j p z b d w))))))
n (c (A (a r l (v h m ac n s) (n i l ac (l (m (c (d (b f (p (b (d k e b e B (n (y m p (q b (j (r t (ab (y (aa (C (D y) (E d) s p (F m (p (aa (ab s (c g (G H I (x v x (u x J s (K p p x u c b w e o L M c b h b N x g aa y aa q a k n z o x i) O k s i y d v g v e x h h a)))))))))))))))))))))))) k (i f j p z b d w))))))
n (c (A (ab (n x (n (i (l s f) o i g h r q))) (v h m ac n s) (n i l ac (l (m (c (d (b f (p (b (d k e b e B (n (y m p (q b (j (r t (ab (y (aa (C (D y) (E d) s p (F m (p (aa (ab s (c g (G H I (x v x (u x J s (K p p x u c b w e o L M c b h b N x g aa y aa q a k n z o x i) O k s i y d v g v e x h h a)))))))))))))))))))))))) k (i f j p z b d w))))))
n (c (A (ab (n x (n (x t (z (m ab j (l s f) g (v (l aa u n) p u))) h r q))) (v h m ac n s) (n i l ac (l (m (c (d (b f (p (b (d k e b e B (n (y m p (q b (j (r t (ab (y (aa (C (D y) (E d) s p (F m (p (aa (ab s (c g (G H I (x v x (u x J s (K p p x u c b w e o L M c b h b N x g aa y aa q a k n z o x i) O k s i y d v g v e x h h a)))))))))))))))))))))))) k (i f j p z b d w))))))
n (c (A (ab (n x (n (p (u ac) t (z (m ab j (l s f) g (v (l aa u n) p u))) h r q))) (v h m ac n s) (n i l ac (l (m (c (d (b f (p (b (d k e b e B (n (y m p (q b (j (r t (ab (y (aa (C (D y) (E d) s p (F m (p (aa (ab s (c g (G H I (x v x (u x J s (K p p x u c b w e o L M c b h b N x g aa y aa q a k n z o x i) O k s i y d v g v e x h h a)))))))))))))))))))))))) k (i f j p z b d w))))))
n (c (A (ab (n x (n (y ad q (e (y u g ad n f b j i f aa)) h r q))) (v h m ac n s) (n i l ac (l (m (c (d (b f (p (b (d k e b e B (n (y m p (q b (j (r t (ab (y (aa (C (D y) (E d) s p (F m (p (aa (ab s (c g (G H I (x v x (u x J s (K p p x u c b w e o L M c b h b N x g aa y aa q a k n z o x i) O k s i y d v g v e x h h a)))))))))))))))))))))))) k (i f j p z b d w))))))
n (c (A (ab (n x (n (g r (k u ab q w (j h h o)) r q))) (v h m ac n s) (n i l ac (l (m (c (d (b f (p (b (d k e b e B (n (y m p (q b (j (r t (ab (y (aa (C (D y) (E d) s p (F m (p (aa (ab s (c g (G H I (x v x (u x J s (K p p x u c b w e o L M c b h b N x g aa y aa q a k n z o x i) O k s i y d v g v e x h h a)))))))))))))))))))))))) k (i f j p z b d w))))))
n (c (A (ab (n x (n (g r (k u ab q w (j h h o)) r q))) (p t m z g c i s) (n i l ac (l (m (c (d (b f (p (b (d k e b e B (n (y m p (q b (j (r t (ab (y (aa (C (D y) (E d) s p (F m (p (aa (ab s (c g (G H I (x v x (u x J s (K p p x u c b w e o L M c b h b N x g aa y aa q a k n z o x i) O k s i y d v g v e x h h a)))))))))))))))))))))))) k (i f j p z b d w))))))
n (c (A (ab (n x (n (g r (k u ab q w (j h h o)) r q))) (y ad q (e (y u g ad n f b j i f aa)) g c i s) (n i l ac (l (m (c (d (b f (p (b (d k e b e B (n (y m p (q b (j (r t (ab (y (aa (C (D y) (E d) s p (F m (p (aa (ab s (c g (G H I (x v x (u x J s (K p p x u c b w e o L M c b h b N x g aa y aa q a k n z o x i) O k s i y d v g v e x h h a)))))))))))))))))))))))) k (i f j p z b d w))))))
n (c (A (ab (n x (n (g r (k u ab q w (j h h o)) r q))) (g r (k u ab q w (j h h o)) c i s) (n i l ac (l (m (c (d (b f (p (b (d k e b e B (n (y m p (q b (j (r t (ab (y (aa (C (D y) (E d) s p (F m (p (aa (ab s (c g (G H I (x v x (u x J s (K p p x u c b w e o L M c b h b N x g aa y aa q a k n z o x i) O k s i y d v g v e x h h a)))))))))))))))))))))))) k (i f j p z b d w))))))
n (c (A (ab (n x (n (g r (k u ab q w (j h h o)) r q))) (g r (k u ab q w (j h h o)) c i s) (n i l ac (l (ad e a a (y (x z (n j c aa e))) (c (d (b f (p (b (d k e b e B (n (y m p (q b (j (r t (ab (y (aa (C (D y) (E d) s p (F m (p (aa (ab s (c g (G H I (x v x (u x J s (K p p x u c b w e o L M c b h b N x g aa y aa q a k n z o x i) O k s i y d v g v e x h h a)))))))))))))))))))))))) k (i f j p z b d w))))))
n (c (A (ab (n x (n (g r (k u ab q w (j h h o)) r q))) (g r (k u ab q w (j h h o)) c i s) (n i l ac (l (q o (d (q (o (a r (aa i o x z a l b r x)))))) k (i f j p z b d w))))))
n (c (A (ab (n x (n (g r (k u ab q w (j h h o)) r q))) (g r (k u ab q w (j h h o)) c i s) (n i l ac (l (q o (ab ad h (k (l w (w (i o b y z n t w v aa)))))) k (i f j p z b d w))))))
n (c (A (ab (n x (n (g r (k u ab q w (j h h o)) r q))) (g r (k u ab q w (j h h o)) c i s) (n i l ac (l (q o (ab ad h (k (l w (w (x t (z (m ab j o g (v (l aa u n) p u))) n t w v aa)))))) k (i f j p z b d w))))))
n (c (A (ab (n x (n (g r (k u ab q w (j h h o)) r q))) (g r (k u ab q w (j h h o)) c i s) (n i l ac (l (q o (ab ad h (k (l w (w (p (u ac) t (z (m ab j o g (v (l aa u n) p u))) n t w v aa)))))) k (i f j p z b d w))))))
n (c (A (ab (n x (n (g r (k u ab q w (j h h o)) r q))) (g r (k u ab q w (j h h o)) c i s) (n i l ac (l (q o (ab ad h (k (l w (w (y ad q (e (y u g ad n f b j i f aa)) n t w v aa)))))) k (i f j p z b d w))))))
n (c (A (ab (n x (n (g r (k u ab q w (j h h o)) r q))) (g r (k u ab q w (j h h o)) c i s) (n i l ac (l (q o (ab ad h (k (l w (w (g r (k u ab q w (j h h o)) t w v aa)))))) k (i f j p z b d w))))))
n (c (A (ab (n x (n (g r (k u ab q w (j h h o)) r q))) (g r (k u ab q w (j h h o)) c i s) (n i l ac (l (q o (ab ad h (k (l w (w (o (l a (k u ab q w (j h h o) w (w (p o d) (x ab aa b p)))))))))) k (i f j p z b d w))))))
n (c (A (ab (n x (n (g r (k u ab q w (j h h o)) r q))) (g r (k u ab q w (j h h o)) c i s) (n i l ac (l (q o (ab ad h (k (l w (w (o (l a (ab (l i l q ad aa) aa (w (p o d) (x ab aa b p)))))))))) k (i f j p z b d w))))))
n (c (A (ab (n x (n (g r (k u ab q w (j h h o)) r q))) (g r (k u ab q w (j h h o)) c i s) (n i l ac (l (q o (ab ad h (k (l w (w (o (l a (ab (l i l q ad aa) aa (t (o (ac j (v j b j (p o d) ab ad) t))))))))))) k (i f j p z b d w))))))
n (c (A (ab (n x (n (g r (k u ab q w (j h h o)) r q))) (g r (k u ab q w (j h h o)) c i s) (n i l ac (l (q o (ab ad h (k (l w (w (o (l a (ab (l i l q ad aa) aa (h k n (j (e (aa v) v s) aa z j b)))))))))) k (i f j p z b d w))))))
n (c (A (ab (n x (n (g r (k u ab q w (j h h o)) r q))) (g r (k u ab q w (j h h o)) c i s) (n i l ac (l (q o (ab ad h (k (l w (w (o (l a (ab (l i l q ad aa) aa (a l (d (r (j (x b t p b aa z e) k n b)))))))))))) k (i f j p z b d w))))))
n (c (A (ab (n x (n (g r (k u ab q w (j h h o)) r q))) (g r (k u ab q w (j h h o)) c i s) (n i l ac (l (q o (ab ad h (k (l w (w (o (l a (ab (l i l q ad aa) aa (ab (n x (n (i (l s f) o i g h l q)))))))))))) k (i f j p z b d w))))))
n (c (A (ab (n x (n (g r (k u ab q w (j h h o)) r q))) (g r (k u ab q w (j h h o)) c i s) (n i l ac (l (q o (ab ad h (k (l w (w (o (l a (ab (l i l q ad aa) aa (ab (n x (n (x t (z (m ab j (l s f) g (v (l aa u n) p u))) h l q)))))))))))) k (i f j p z b d w))))))
n (c (A (ab (n x (n (g r (k u ab q w (j h h o)) r q))) (g r (k u ab q w (j h h o)) c i s) (n i l ac (l (q o (ab ad h (k (l w (w (o (l a (ab (l i l q ad aa) aa (ab (n x (n (p (u ac) t (z (m ab j (l s f) g (v (l aa u n) p u))) h l q)))))))))))) k (i f j p z b d w))))))
n (c (A (ab (n x (n (g r (k u ab q w (j h h o)) r q))) (g r (k u ab q w (j h h o)) c i s) (n i l ac (l (q o (ab ad h (k (l w (w (o (l a (ab (l i l q ad aa) aa (ab (n x (n (y ad q (e (y u g ad n f b j i f aa)) h l q)))))))))))) k (i f j p z b d w))))))
n (c (A (ab (n x (n (g r (k u ab q w (j h h o)) r q))) (g r (k u ab q w (j h h o)) c i s) (n i l ac (l (q o (ab ad h (k (l w (w (o (l a (ab (l i l q ad aa) aa (ab (n x (n (g r (k u ab q w (j h h o)) l q)))))))))))) k (i f j p z b d w))))))
n (c (A (ab (n x (n (g r (k u ab q w (j h h o)) r q))) (g r (k u ab q w (j h h o)) c i s) (n i l ac (l (q o (ab ad h (k (l w (w (o (l a (ab (l i l q ad aa) aa (ab (n x (n (g r (k u ab q w (j h h o)) l q)))))))))))) k (x t (z (m ab j f g (v (l aa u n) p u))) b d w))))))
n (c (A (ab (n x (n (g r (k u ab q w (j h h o)) r q))) (g r (k u ab q w (j h h o)) c i s) (n i l ac (l (q o (ab ad h (k (l w (w (o (l a (ab (l i l q ad aa) aa (ab (n x (n (g r (k u ab q w (j h h o)) l q)))))))))))) k (p (u ac) t (z (m ab j f g (v (l aa u n) p u))) b d w))))))


