a aj ag ah af ai ae y (y r i g ae u (y (i o j e e z p aa t ac)))
b ae u m r (aa (f c c))
c ae ag ah af p ab y (b h x ac (p (b ab b k k i x aa)))
d k i k l (w (u z (ab i z p) p s z) y)
e ae ag af u ad (ad (n (ad s y i) b))
f af ag ae q (o (h n z (k i) w r h l d v d t t))
g ae u (ac (z (o t (ac (ad x s (t v i x) v m aa y)))))
h ag af ae ah aa (l (a d ad e b aa k f ab i))
i ae ah ag ai af a o (f t (aa (v q ag a q h r n)))
j af ae ai ah ag af (c (e (w v l s e y)))
k ag ae af s z (t h (n a p) (n (s (w b p i c aa o u u))))
l ae ab (aa (c (m (v (z j (s w a c) j x q ac e) c ae))))
m ae e (z (ac ab n c aa e b b aa))
n af ae ah ag aj ai ah
o ag af aj ai ae ah aa (a z (a b (t y (i i aa i (h a z x) d) ag)))
p af ah ag ae d t f (d s (y z (t k w b i h g y u z x)))
q ag af ae y (h (l (j (a h a m ab e af i) ac ad n) v ab x))
r ae f (ac h ad m ac (ab q j z z ad g p ac))
s ad ab (m v (w e b) p) i ab
t ai ae af ah ag i
u ae ai af aj ag ah w t z (t (g e aj f ad ab))
v af ag ah ae e (u y b (o (b r k (h w q x) i n ab m e h)))
w af ae ag f z (g i x g c a o a i x)
x ae ah ag af h (f (ab (ab (n i t w) aa q u n) ad))
y ae af w z z
z ae i q (l (i a p (ac (j c i y p a a l v e))))
aa ae ah af ag s x (x (o e t t (ad c f g r a k) l ad))
ab af ae ag j (x (l g s (o q q d u f u h y)))
ac ae o (a b (ad (p e u ae) a ab s x m u y))
ad ag af ae v v t k b j q
main A (aa i c (B C D (s i (e a ac (r aa ad (E ad z (F k (i e (m y G i ad (r u (b ac (H y aa (j t i a w r I (q (J d c (K aa (L (M (N b (j O (o a a P aa Q f k p a x t t)) b t f b l b R g w S) i l a z f) T U z ac q V W f) f X q aa Y v r k l ab Z))))))))))))))))
------------------------------------------------------------
A (aa i c (B C D (s i (e a ac (r aa ad (E ad z (F k (i e (m y G i ad (r u (b ac (H y aa (j t i a w r I (q (J d c (K aa (L (M (N b (j O (o a a P aa Q f k p a x t t)) b t f b l b R g w S) i l a z f) T U z ac q V W f) f X q aa Y v r k l ab Z))))))))))))))))
A (aa i c (B C D (ad ab (m v (w e b) p) i ab i (e a ac (r aa ad (E ad z (F k (i e (m y G i ad (r u (b ac (H y aa (j t i a w r I (q (J d c (K aa (L (M (N b (j O (o a a P aa Q f k p a x t t)) b t f b l b R g w S) i l a z f) T U z ac q V W f) f X q aa Y v r k l ab Z))))))))))))))))
A (aa i c (B C D (v v t k b j q ab i (e a ac (r aa ad (E ad z (F k (i e (m y G i ad (r u (b ac (H y aa (j t i a w r I (q (J d c (K aa (L (M (N b (j O (o a a P aa Q f k p a x t t)) b t f b l b R g w S) i l a z f) T U z ac q V W f) f X q aa Y v r k l ab Z))))))))))))))))
A (aa i c (B C D (e (u y b (o (b r k (h w q x) i n ab m e h))) j q ab i (e a ac (r aa ad (E ad z (F k (i e (m y G i ad (r u (b ac (H y aa (j t i a w r I (q (J d c (K aa (L (M (N b (j O (o a a P aa Q f k p a x t t)) b t f b l b R g w S) i l a z f) T U z ac q V W f) f X q aa Y v r k l ab Z))))))))))))))))
A (aa i c (B C D (u ad (ad (n (ad s y i) b)) ab i (e a ac (r aa ad (E ad z (F k (i e (m y G i ad (r u (b ac (H y aa (j t i a w r I (q (J d c (K aa (L (M (N b (j O (o a a P aa Q f k p a x t t)) b t f b l b R g w S) i l a z f) T U z ac q V W f) f X q aa Y v r k l ab Z))))))))))))))))
A (aa i c (B C D (u ad (ad (n (v v t k b j q) b)) ab i (e a ac (r aa ad (E ad z (F k (i e (m y G i ad (r u (b ac (H y aa (j t i a w r I (q (J d c (K aa (L (M (N b (j O (o a a P aa Q f k p a x t t)) b t f b l b R g w S) i l a z f) T U z ac q V W f) f X q aa Y v r k l ab Z))))))))))))))))
A (aa i c (B C D (u ad (ad (n (e (u y b (o (b r k (h w q x) i n ab m e h))) j q) b)) ab i (e a ac (r aa ad (E ad z (F k (i e (m y G i ad (r u (b ac (H y aa (j t i a w r I (q (J d c (K aa (L (M (N b (j O (o a a P aa Q f k p a x t t)) b t f b l b R g w S) i l a z f) T U z ac q V W f) f X q aa Y v r k l ab Z))))))))))))))))
A (aa i c (B C D (u ad (ad (n (u ad (ad (n (ad s y i) b))) b)) ab i (e a ac (r aa ad (E ad z (F k (i e (m y G i ad (r u (b ac (H y aa (j t i a w r I (q (J d c (K aa (L (M (N b (j O (o a a P aa Q f k p a x t t)) b t f b l b R g w S) i l a z f) T U z ac q V W f) f X q aa Y v r k l ab Z))))))))))))))))
A (aa i c (B C D (u ad (ad (n (u ad (ad (n (v v t k b j q) b))) b)) ab i (e a ac (r aa ad (E ad z (F k (i e (m y G i ad (r u (b ac (H y aa (j t i a w r I (q (J d c (K aa (L (M (N b (j O (o a a P aa Q f k p a x t t)) b t f b l b R g w S) i l a z f) T U z ac q V W f) f X q aa Y v r k l ab Z))))))))))))))))
A (aa i c (B C D (u ad (ad (n (u ad (ad (n (e (u y b (o (b r k (h w q x) i n ab m e h))) j q) b))) b)) ab i (e a ac (r aa ad (E ad z (F k (i e (m y G i ad (r u (b ac (H y aa (j t i a w r I (q (J d c (K aa (L (M (N b (j O (o a a P aa Q f k p a x t t)) b t f b l b R g w S) i l a z f) T U z ac q V W f) f X q aa Y v r k l ab Z))))))))))))))))
A (aa i c (B C D (u ad (ad (n (u ad (ad (n (u ad (ad (n (ad s y i) b))) b))) b)) ab i (e a ac (r aa ad (E ad z (F k (i e (m y G i ad (r u (b ac (H y aa (j t i a w r I (q (J d c (K aa (L (M (N b (j O (o a a P aa Q f k p a x t t)) b t f b l b R g w S) i l a z f) T U z ac q V W f) f X q aa Y v r k l ab Z))))))))))))))))
A (aa i c (B C D (u ad (ad (n (u ad (ad (n (u ad (ad (n (v v t k b j q) b))) b))) b)) ab i (e a ac (r aa ad (E ad z (F k (i e (m y G i ad (r u (b ac (H y aa (j t i a w r I (q (J d c (K aa (L (M (N b (j O (o a a P aa Q f k p a x t t)) b t f b l b R g w S) i l a z f) T U z ac q V W f) f X q aa Y v r k l ab Z))))))))))))))))
A (aa i c (B C D (u ad (ad (n (u ad (ad (n (u ad (ad (n (e (u y b (o (b r k (h w q x) i n ab m e h))) j q) b))) b))) b)) ab i (e a ac (r aa ad (E ad z (F k (i e (m y G i ad (r u (b ac (H y aa (j t i a w r I (q (J d c (K aa (L (M (N b (j O (o a a P aa Q f k p a x t t)) b t f b l b R g w S) i l a z f) T U z ac q V W f) f X q aa Y v r k l ab Z))))))))))))))))
A (aa i c (B C D (u ad (ad (n (u ad (ad (n (u ad (ad (n (u ad (ad (n (ad s y i) b))) b))) b))) b)) ab i (e a ac (r aa ad (E ad z (F k (i e (m y G i ad (r u (b ac (H y aa (j t i a w r I (q (J d c (K aa (L (M (N b (j O (o a a P aa Q f k p a x t t)) b t f b l b R g w S) i l a z f) T U z ac q V W f) f X q aa Y v r k l ab Z))))))))))))))))
A (aa i c (B C D (u ad (ad (n (u ad (ad (n (u ad (ad (n (u ad (ad (n (v v t k b j q) b))) b))) b))) b)) ab i (e a ac (r aa ad (E ad z (F k (i e (m y G i ad (r u (b ac (H y aa (j t i a w r I (q (J d c (K aa (L (M (N b (j O (o a a P aa Q f k p a x t t)) b t f b l b R g w S) i l a z f) T U z ac q V W f) f X q aa Y v r k l ab Z))))))))))))))))
A (aa i c (B C D (u ad (ad (n (u ad (ad (n (u ad (ad (n (u ad (ad (n (e (u y b (o (b r k (h w q x) i n ab m e h))) j q) b))) b))) b))) b)) ab i (e a ac (r aa ad (E ad z (F k (i e (m y G i ad (r u (b ac (H y aa (j t i a w r I (q (J d c (K aa (L (M (N b (j O (o a a P aa Q f k p a x t t)) b t f b l b R g w S) i l a z f) T U z ac q V W f) f X q aa Y v r k l ab Z))))))))))))))))
A (aa i c (B C D (u ad (ad (n (u ad (ad (n (u ad (ad (n (u ad (ad (n (u ad (ad (n (ad s y i) b))) b))) b))) b))) b)) ab i (e a ac (r aa ad (E ad z (F k (i e (m y G i ad (r u (b ac (H y aa (j t i a w r I (q (J d c (K aa (L (M (N b (j O (o a a P aa Q f k p a x t t)) b t f b l b R g w S) i l a z f) T U z ac q V W f) f X q aa Y v r k l ab Z))))))))))))))))
A (aa i c (B C D (u ad (ad (n (u ad (ad (n (u ad (ad (n (u ad (ad (n (u ad (ad (n (v v t k b j q) b))) b))) b))) b))) b)) ab i (e a ac (r aa ad (E ad z (F k (i e (m y G i ad (r u (b ac (H y aa (j t i a w r I (q (J d c (K aa (L (M (N b (j O (o a a P aa Q f k p a x t t)) b t f b l b R g w S) i l a z f) T U z ac q V W f) f X q aa Y v r k l ab Z))))))))))))))))
A (aa i c (B C D (u ad (ad (n (u ad (ad (n (u ad (ad (n (u ad (ad (n (u ad (ad (n (e (u y b (o (b r k (h w q x) i n ab m e h))) j q) b))) b))) b))) b))) b)) ab i (e a ac (r aa ad (E ad z (F k (i e (m y G i ad (r u (b ac (H y aa (j t i a w r I (q (J d c (K aa (L (M (N b (j O (o a a P aa Q f k p a x t t)) b t f b l b R g w S) i l a z f) T U z ac q V W f) f X q aa Y v r k l ab Z))))))))))))))))
A (aa i c (B C D (u ad (ad (n (u ad (ad (n (u ad (ad (n (u ad (ad (n (u ad (ad (n (u ad (ad (n (ad s y i) b))) b))) b))) b))) b))) b)) ab i (e a ac (r aa ad (E ad z (F k (i e (m y G i ad (r u (b ac (H y aa (j t i a w r I (q (J d c (K aa (L (M (N b (j O (o a a P aa Q f k p a x t t)) b t f b l b R g w S) i l a z f) T U z ac q V W f) f X q aa Y v r k l ab Z))))))))))))))))
A (aa i c (B C D (u ad (ad (n (u ad (ad (n (u ad (ad (n (u ad (ad (n (u ad (ad (n (u ad (ad (n (v v t k b j q) b))) b))) b))) b))) b))) b)) ab i (e a ac (r aa ad (E ad z (F k (i e (m y G i ad (r u (b ac (H y aa (j t i a w r I (q (J d c (K aa (L (M (N b (j O (o a a P aa Q f k p a x t t)) b t f b l b R g w S) i l a z f) T U z ac q V W f) f X q aa Y v r k l ab Z))))))))))))))))
A (aa i c (B C D (u ad (ad (n (u ad (ad (n (u ad (ad (n (u ad (ad (n (u ad (ad (n (u ad (ad (n (e (u y b (o (b r k (h w q x) i n ab m e h))) j q) b))) b))) b))) b))) b))) b)) ab i (e a ac (r aa ad (E ad z (F k (i e (m y G i ad (r u (b ac (H y aa (j t i a w r I (q (J d c (K aa (L (M (N b (j O (o a a P aa Q f k p a x t t)) b t f b l b R g w S) i l a z f) T U z ac q V W f) f X q aa Y v r k l ab Z))))))))))))))))
A (aa i c (B C D (u ad (ad (n (u ad (ad (n (u ad (ad (n (u ad (ad (n (u ad (ad (n (u ad (ad (n (u ad (ad (n (ad s y i) b))) b))) b))) b))) b))) b))) b)) ab i (e a ac (r aa ad (E ad z (F k (i e (m y G i ad (r u (b ac (H y aa (j t i a w r I (q (J d c (K aa (L (M (N b (j O (o a a P aa Q f k p a x t t)) b t f b l b R g w S) i l a z f) T U z ac q V W f) f X q aa Y v r k l ab Z))))))))))))))))
A (aa i c (B C D (u ad (ad (n (u ad (ad (n (u ad (ad (n (u ad (ad (n (u ad (ad (n (u ad (ad (n (u ad (ad (n (v v t k b j q) b))) b))) b))) b))) b))) b))) b)) ab i (e a ac (r aa ad (E ad z (F k (i e (m y G i ad (r u (b ac (H y aa (j t i a w r I (q (J d c (K aa (L (M (N b (j O (o a a P aa Q f k p a x t t)) b t f b l b R g w S) i l a z f) T U z ac q V W f) f X q aa Y v r k l ab Z))))))))))))))))
A (aa i c (B C D (u ad (ad (n (u ad (ad (n (u ad (ad (n (u ad (ad (n (u ad (ad (n (u ad (ad (n (u ad (ad (n (e (u y b (o (b r k (h w q x) i n ab m e h))) j q) b))) b))) b))) b))) b))) b))) b)) ab i (e a ac (r aa ad (E ad z (F k (i e (m y G i ad (r u (b ac (H y aa (j t i a w r I (q (J d c (K aa (L (M (N b (j O (o a a P aa Q f k p a x t t)) b t f b l b R g w S) i l a z f) T U z ac q V W f) f X q aa Y v r k l ab Z))))))))))))))))
A (aa i c (B C D (u ad (ad (n (u ad (ad (n (u ad (ad (n (u ad (ad (n (u ad (ad (n (u ad (ad (n (u ad (ad (n (u ad (ad (n (ad s y i) b))) b))) b))) b))) b))) b))) b))) b)) ab i (e a ac (r aa ad (E ad z (F k (i e (m y G i ad (r u (b ac (H y aa (j t i a w r I (q (J d c (K aa (L (M (N b (j O (o a a P aa Q f k p a x t t)) b t f b l b R g w S) i l a z f) T U z ac q V W f) f X q aa Y v r k l ab Z))))))))))))))))
A (aa i c (B C D (u ad (ad (n (u ad (ad (n (u ad (ad (n (u ad (ad (n (u ad (ad (n (u ad (ad (n (u ad (ad (n (u ad (ad (n (v v t k b j q) b))) b))) b))) b))) b))) b))) b))) b)) ab i (e a ac (r aa ad (E ad z (F k (i e (m y G i ad (r u (b ac (H y aa (j t i a w r I (q (J d c (K aa (L (M (N b (j O (o a a P aa Q f k p a x t t)) b t f b l b R g w S) i l a z f) T U z ac q V W f) f X q aa Y v r k l ab Z))))))))))))))))
A (aa i c (B C D (u ad (ad (n (u ad (ad (n (u ad (ad (n (u ad (ad (n (u ad (ad (n (u ad (ad (n (u ad (ad (n (u ad (ad (n (e (u y b (o (b r k (h w q x) i n ab m e h))) j q) b))) b))) b))) b))) b))) b))) b))) b)) ab i (e a ac (r aa ad (E ad z (F k (i e (m y G i ad (r u (b ac (H y aa (j t i a w r I (q (J d c (K aa (L (M (N b (j O (o a a P aa Q f k p a x t t)) b t f b l b R g w S) i l a z f) T U z ac q V W f) f X q aa Y v r k l ab Z))))))))))))))))
A (aa i c (B C D (u ad (ad (n (u ad (ad (n (u ad (ad (n (u ad (ad (n (u ad (ad (n (u ad (ad (n (u ad (ad (n (u ad (ad (n (u ad (ad (n (ad s y i) b))) b))) b))) b))) b))) b))) b))) b))) b)) ab i (e a ac (r aa ad (E ad z (F k (i e (m y G i ad (r u (b ac (H y aa (j t i a w r I (q (J d c (K aa (L (M (N b (j O (o a a P aa Q f k p a x t t)) b t f b l b R g w S) i l a z f) T U z ac q V W f) f X q aa Y v r k l ab Z))))))))))))))))
A (aa i c (B C D (u ad (ad (n (u ad (ad (n (u ad (ad (n (u ad (ad (n (u ad (ad (n (u ad (ad (n (u ad (ad (n (u ad (ad (n (u ad (ad (n (v v t k b j q) b))) b))) b))) b))) b))) b))) b))) b))) b)) ab i (e a ac (r aa ad (E ad z (F k (i e (m y G i ad (r u (b ac (H y aa (j t i a w r I (q (J d c (K aa (L (M (N b (j O (o a a P aa Q f k p a x t t)) b t f b l b R g w S) i l a z f) T U z ac q V W f) f X q aa Y v r k l ab Z))))))))))))))))


