a ag af ae ah = e (ah h (ae (k (j l w) l u s ae w n ac)))
b = a (g ab (ad e (e (q f y g x k ac c s t))))
c = l (m (e k y (r f s (b (m o o e e z z ac i)))))
d af ae ag ah ai = x (g x x (ac j (ad ae j v) w f g))
e ag ae af ah = o j p (q o (m n x) w aa)
f = h (c z u (j (i (e r g t t s t aa m aa d i))))
g = p (a (f (ac p (y i (v w u i b f i aa t)))))
h = c (g aa j (w d (r aa x k k g) v b) t)
i aj af ah ai ag ae = s x b (f b b l p (m ac e w t ah v c))
j ae ag af = ac b (o (h p g aa ab w y))
k af ag ae ah = m (g (d d (d z c l h (d u x n aa v ac l))))
l ag ai af ae aj ah = k (m (u (f t j ab p n ad q g)))
m ae af ag = ab h (ad (v l o o n l a) v)
n ae af = z d d (z (x (v v w s af h r ae l)))
o af ae = m (c b k i l t ae (i d m))
p af ag ah ae = q (f x j (r x m ag n r m))
q ae = w m g (f a m (b (g j c x p f)))
r af ae = w (q d (p o) g (j (v (a v s h o v g v x g))))
s ag af ae ah ai = ah (n c m o)
t ag ae ah af = d f v r (b i (p (ad (x k u x i))))
u ag ah af ai ae = y v s (w (e (t e p b z r j q)))
v af ae ag = q p (af ae (u (ab i (j e p (s x j w u e s)))))
w ae = d g l (x ac m e)
x ae = e r w (i (m a (u u (g k u) g) m e a ae e) v)
y af ae ag = d t ad s a a r o s (k q f v d p)
z = b (d r c l d c x v)
aa ae = j (i (j f d c) e g p t t) x
ab = y ac (j ac h (g (v (v aa (p h t h y b i ac l)))))
ac = a f (q x b g (u a t (h p n v j z u j r)))
ad ah ae ag af ai = u (u (c (w q t r n aa t)))
main = i g o (A v (h a x o o p s l (B n l q o (C x (p g (j (D m) (b (z ac d (n w (a (n q (E j (a (s k (z (a t (F x e o (G q (h f d ab (H (p I h s J K r c t L m r q b ad g i r M r w z l i z) n a e j i l w b p c ac b m t l e r f n g aa d))))))))))))))))))))
------------------------------------------------------------
i g o (A v (h a x o o p s l (B n l q o (C x (p g (j (D m) (b (z ac d (n w (a (n q (E j (a (s k (z (a t (F x e o (G q (h f d ab (H (p I h s J K r c t L m r q b ad g i r M r w z l i z) n a e j i l w b p c ac b m t l e r f n g aa d))))))))))))))))))))
i g o (A v (c (g aa j (w d (r aa x k k g) v b) t) a x o o p s l (B n l q o (C x (p g (j (D m) (b (z ac d (n w (a (n q (E j (a (s k (z (a t (F x e o (G q (h f d ab (H (p I h s J K r c t L m r q b ad g i r M r w z l i z) n a e j i l w b p c ac b m t l e r f n g aa d))))))))))))))))))))
i g o (A v (l (m (e k y (r f s (b (m o o e e z z ac i))))) (g aa j (w d (r aa x k k g) v b) t) a x o o p s l (B n l q o (C x (p g (j (D m) (b (z ac d (n w (a (n q (E j (a (s k (z (a t (F x e o (G q (h f d ab (H (p I h s J K r c t L m r q b ad g i r M r w z l i z) n a e j i l w b p c ac b m t l e r f n g aa d))))))))))))))))))))
i g o (A v (k (m (u (f t j ab p n ad q g))) p s l (B n l q o (C x (p g (j (D m) (b (z ac d (n w (a (n q (E j (a (s k (z (a t (F x e o (G q (h f d ab (H (p I h s J K r c t L m r q b ad g i r M r w z l i z) n a e j i l w b p c ac b m t l e r f n g aa d))))))))))))))))))))
i g o (A v (m (g (d d (d z c l h (d u x n aa v ac l)))) (B n l q o (C x (p g (j (D m) (b (z ac d (n w (a (n q (E j (a (s k (z (a t (F x e o (G q (h f d ab (H (p I h s J K r c t L m r q b ad g i r M r w z l i z) n a e j i l w b p c ac b m t l e r f n g aa d))))))))))))))))))))
i g o (A v (m (p (a (f (ac p (y i (v w u i b f i aa t))))) (d d (d z c l h (d u x n aa v ac l)))) (B n l q o (C x (p g (j (D m) (b (z ac d (n w (a (n q (E j (a (s k (z (a t (F x e o (G q (h f d ab (H (p I h s J K r c t L m r q b ad g i r M r w z l i z) n a e j i l w b p c ac b m t l e r f n g aa d))))))))))))))))))))
i g o (A v (m (p (a (h (c z u (j (i (e r g t t s t aa m aa d i)))) (ac p (y i (v w u i b f i aa t))))) (d d (d z c l h (d u x n aa v ac l)))) (B n l q o (C x (p g (j (D m) (b (z ac d (n w (a (n q (E j (a (s k (z (a t (F x e o (G q (h f d ab (H (p I h s J K r c t L m r q b ad g i r M r w z l i z) n a e j i l w b p c ac b m t l e r f n g aa d))))))))))))))))))))
i g o (A v (m (p (a (c (g aa j (w d (r aa x k k g) v b) t) (c z u (j (i (e r g t t s t aa m aa d i)))) (ac p (y i (v w u i b f i aa t))))) (d d (d z c l h (d u x n aa v ac l)))) (B n l q o (C x (p g (j (D m) (b (z ac d (n w (a (n q (E j (a (s k (z (a t (F x e o (G q (h f d ab (H (p I h s J K r c t L m r q b ad g i r M r w z l i z) n a e j i l w b p c ac b m t l e r f n g aa d))))))))))))))))))))
i g o (A v (m (p (a (l (m (e k y (r f s (b (m o o e e z z ac i))))) (g aa j (w d (r aa x k k g) v b) t) (c z u (j (i (e r g t t s t aa m aa d i)))) (ac p (y i (v w u i b f i aa t))))) (d d (d z c l h (d u x n aa v ac l)))) (B n l q o (C x (p g (j (D m) (b (z ac d (n w (a (n q (E j (a (s k (z (a t (F x e o (G q (h f d ab (H (p I h s J K r c t L m r q b ad g i r M r w z l i z) n a e j i l w b p c ac b m t l e r f n g aa d))))))))))))))))))))
i g o (A v (m (p (a (l (m (e k y (w (q d (p o) g (j (v (a v s h o v g v x g)))) (b (m o o e e z z ac i))))) (g aa j (w d (r aa x k k g) v b) t) (c z u (j (i (e r g t t s t aa m aa d i)))) (ac p (y i (v w u i b f i aa t))))) (d d (d z c l h (d u x n aa v ac l)))) (B n l q o (C x (p g (j (D m) (b (z ac d (n w (a (n q (E j (a (s k (z (a t (F x e o (G q (h f d ab (H (p I h s J K r c t L m r q b ad g i r M r w z l i z) n a e j i l w b p c ac b m t l e r f n g aa d))))))))))))))))))))
i g o (A v (m (p (a (l (m (e k y (d g l (x ac m e) (b (m o o e e z z ac i))))) (g aa j (w d (r aa x k k g) v b) t) (c z u (j (i (e r g t t s t aa m aa d i)))) (ac p (y i (v w u i b f i aa t))))) (d d (d z c l h (d u x n aa v ac l)))) (B n l q o (C x (p g (j (D m) (b (z ac d (n w (a (n q (E j (a (s k (z (a t (F x e o (G q (h f d ab (H (p I h s J K r c t L m r q b ad g i r M r w z l i z) n a e j i l w b p c ac b m t l e r f n g aa d))))))))))))))))))))
i g o (A v (m (p (a (l (m (e k y (d g l (e r w (i (m a (u u (g k u) g) m e a ac e) v) m e) (b (m o o e e z z ac i))))) (g aa j (w d (r aa x k k g) v b) t) (c z u (j (i (e r g t t s t aa m aa d i)))) (ac p (y i (v w u i b f i aa t))))) (d d (d z c l h (d u x n aa v ac l)))) (B n l q o (C x (p g (j (D m) (b (z ac d (n w (a (n q (E j (a (s k (z (a t (F x e o (G q (h f d ab (H (p I h s J K r c t L m r q b ad g i r M r w z l i z) n a e j i l w b p c ac b m t l e r f n g aa d))))))))))))))))))))
i g o (A v (m (p (a (l (m (e k y (d g l (o j p (q o (m n x) w aa) e) (b (m o o e e z z ac i))))) (g aa j (w d (r aa x k k g) v b) t) (c z u (j (i (e r g t t s t aa m aa d i)))) (ac p (y i (v w u i b f i aa t))))) (d d (d z c l h (d u x n aa v ac l)))) (B n l q o (C x (p g (j (D m) (b (z ac d (n w (a (n q (E j (a (s k (z (a t (F x e o (G q (h f d ab (H (p I h s J K r c t L m r q b ad g i r M r w z l i z) n a e j i l w b p c ac b m t l e r f n g aa d))))))))))))))))))))
i g o (A v (m (p (a (l (m (e k y (d g l (m (c b k i l t p (i d m)) (q o (m n x) w aa) e) (b (m o o e e z z ac i))))) (g aa j (w d (r aa x k k g) v b) t) (c z u (j (i (e r g t t s t aa m aa d i)))) (ac p (y i (v w u i b f i aa t))))) (d d (d z c l h (d u x n aa v ac l)))) (B n l q o (C x (p g (j (D m) (b (z ac d (n w (a (n q (E j (a (s k (z (a t (F x e o (G q (h f d ab (H (p I h s J K r c t L m r q b ad g i r M r w z l i z) n a e j i l w b p c ac b m t l e r f n g aa d))))))))))))))))))))
i g o (A v (m (p (a (l (m (e k y (d g l (ab h (ad (v l o o n l a) v)) (b (m o o e e z z ac i))))) (g aa j (w d (r aa x k k g) v b) t) (c z u (j (i (e r g t t s t aa m aa d i)))) (ac p (y i (v w u i b f i aa t))))) (d d (d z c l h (d u x n aa v ac l)))) (B n l q o (C x (p g (j (D m) (b (z ac d (n w (a (n q (E j (a (s k (z (a t (F x e o (G q (h f d ab (H (p I h s J K r c t L m r q b ad g i r M r w z l i z) n a e j i l w b p c ac b m t l e r f n g aa d))))))))))))))))))))
i g o (A v (m (p (a (l (m (e k y (d g l (y ac (j ac h (g (v (v aa (p h t h y b i ac l))))) h (ad (v l o o n l a) v)) (b (m o o e e z z ac i))))) (g aa j (w d (r aa x k k g) v b) t) (c z u (j (i (e r g t t s t aa m aa d i)))) (ac p (y i (v w u i b f i aa t))))) (d d (d z c l h (d u x n aa v ac l)))) (B n l q o (C x (p g (j (D m) (b (z ac d (n w (a (n q (E j (a (s k (z (a t (F x e o (G q (h f d ab (H (p I h s J K r c t L m r q b ad g i r M r w z l i z) n a e j i l w b p c ac b m t l e r f n g aa d))))))))))))))))))))
i g o (A v (m (p (a (l (m (e k y (d g l (d t ad s a a r o s (k q f v d p) (ad (v l o o n l a) v)) (b (m o o e e z z ac i))))) (g aa j (w d (r aa x k k g) v b) t) (c z u (j (i (e r g t t s t aa m aa d i)))) (ac p (y i (v w u i b f i aa t))))) (d d (d z c l h (d u x n aa v ac l)))) (B n l q o (C x (p g (j (D m) (b (z ac d (n w (a (n q (E j (a (s k (z (a t (F x e o (G q (h f d ab (H (p I h s J K r c t L m r q b ad g i r M r w z l i z) n a e j i l w b p c ac b m t l e r f n g aa d))))))))))))))))))))
i g o (A v (m (p (a (l (m (e k y (d g l (x (g x x (ac j (ad ad j v) w f g)) r o s (k q f v d p) (ad (v l o o n l a) v)) (b (m o o e e z z ac i))))) (g aa j (w d (r aa x k k g) v b) t) (c z u (j (i (e r g t t s t aa m aa d i)))) (ac p (y i (v w u i b f i aa t))))) (d d (d z c l h (d u x n aa v ac l)))) (B n l q o (C x (p g (j (D m) (b (z ac d (n w (a (n q (E j (a (s k (z (a t (F x e o (G q (h f d ab (H (p I h s J K r c t L m r q b ad g i r M r w z l i z) n a e j i l w b p c ac b m t l e r f n g aa d))))))))))))))))))))
i g o (A v (m (p (a (l (m (e k y (d g l (e r w (i (m a (u u (g k u) g) m e a (g x x (ac j (ad ad j v) w f g)) e) v) r o s (k q f v d p) (ad (v l o o n l a) v)) (b (m o o e e z z ac i))))) (g aa j (w d (r aa x k k g) v b) t) (c z u (j (i (e r g t t s t aa m aa d i)))) (ac p (y i (v w u i b f i aa t))))) (d d (d z c l h (d u x n aa v ac l)))) (B n l q o (C x (p g (j (D m) (b (z ac d (n w (a (n q (E j (a (s k (z (a t (F x e o (G q (h f d ab (H (p I h s J K r c t L m r q b ad g i r M r w z l i z) n a e j i l w b p c ac b m t l e r f n g aa d))))))))))))))))))))
i g o (A v (m (p (a (l (m (e k y (d g l (o j p (q o (m n x) w aa) o s (k q f v d p) (ad (v l o o n l a) v)) (b (m o o e e z z ac i))))) (g aa j (w d (r aa x k k g) v b) t) (c z u (j (i (e r g t t s t aa m aa d i)))) (ac p (y i (v w u i b f i aa t))))) (d d (d z c l h (d u x n aa v ac l)))) (B n l q o (C x (p g (j (D m) (b (z ac d (n w (a (n q (E j (a (s k (z (a t (F x e o (G q (h f d ab (H (p I h s J K r c t L m r q b ad g i r M r w z l i z) n a e j i l w b p c ac b m t l e r f n g aa d))))))))))))))))))))
i g o (A v (m (p (a (l (m (e k y (d g l (m (c b k i l t p (i d m)) (q o (m n x) w aa) o s (k q f v d p) (ad (v l o o n l a) v)) (b (m o o e e z z ac i))))) (g aa j (w d (r aa x k k g) v b) t) (c z u (j (i (e r g t t s t aa m aa d i)))) (ac p (y i (v w u i b f i aa t))))) (d d (d z c l h (d u x n aa v ac l)))) (B n l q o (C x (p g (j (D m) (b (z ac d (n w (a (n q (E j (a (s k (z (a t (F x e o (G q (h f d ab (H (p I h s J K r c t L m r q b ad g i r M r w z l i z) n a e j i l w b p c ac b m t l e r f n g aa d))))))))))))))))))))
i g o (A v (m (p (a (l (m (e k y (d g l (ab h (ad (v l o o n l a) v) s (k q f v d p) (ad (v l o o n l a) v)) (b (m o o e e z z ac i))))) (g aa j (w d (r aa x k k g) v b) t) (c z u (j (i (e r g t t s t aa m aa d i)))) (ac p (y i (v w u i b f i aa t))))) (d d (d z c l h (d u x n aa v ac l)))) (B n l q o (C x (p g (j (D m) (b (z ac d (n w (a (n q (E j (a (s k (z (a t (F x e o (G q (h f d ab (H (p I h s J K r c t L m r q b ad g i r M r w z l i z) n a e j i l w b p c ac b m t l e r f n g aa d))))))))))))))))))))
i g o (A v (m (p (a (l (m (e k y (d g l (y ac (j ac h (g (v (v aa (p h t h y b i ac l))))) h (ad (v l o o n l a) v) s (k q f v d p) (ad (v l o o n l a) v)) (b (m o o e e z z ac i))))) (g aa j (w d (r aa x k k g) v b) t) (c z u (j (i (e r g t t s t aa m aa d i)))) (ac p (y i (v w u i b f i aa t))))) (d d (d z c l h (d u x n aa v ac l)))) (B n l q o (C x (p g (j (D m) (b (z ac d (n w (a (n q (E j (a (s k (z (a t (F x e o (G q (h f d ab (H (p I h s J K r c t L m r q b ad g i r M r w z l i z) n a e j i l w b p c ac b m t l e r f n g aa d))))))))))))))))))))
i g o (A v (m (p (a (l (m (e k y (d g l (d t ad s a a r o s (k q f v d p) (ad (v l o o n l a) v) s (k q f v d p) (ad (v l o o n l a) v)) (b (m o o e e z z ac i))))) (g aa j (w d (r aa x k k g) v b) t) (c z u (j (i (e r g t t s t aa m aa d i)))) (ac p (y i (v w u i b f i aa t))))) (d d (d z c l h (d u x n aa v ac l)))) (B n l q o (C x (p g (j (D m) (b (z ac d (n w (a (n q (E j (a (s k (z (a t (F x e o (G q (h f d ab (H (p I h s J K r c t L m r q b ad g i r M r w z l i z) n a e j i l w b p c ac b m t l e r f n g aa d))))))))))))))))))))
i g o (A v (m (p (a (l (m (e k y (d g l (x (g x x (ac j (ad ad j v) w f g)) r o s (k q f v d p) (ad (v l o o n l a) v) s (k q f v d p) (ad (v l o o n l a) v)) (b (m o o e e z z ac i))))) (g aa j (w d (r aa x k k g) v b) t) (c z u (j (i (e r g t t s t aa m aa d i)))) (ac p (y i (v w u i b f i aa t))))) (d d (d z c l h (d u x n aa v ac l)))) (B n l q o (C x (p g (j (D m) (b (z ac d (n w (a (n q (E j (a (s k (z (a t (F x e o (G q (h f d ab (H (p I h s J K r c t L m r q b ad g i r M r w z l i z) n a e j i l w b p c ac b m t l e r f n g aa d))))))))))))))))))))
i g o (A v (m (p (a (l (m (e k y (d g l (e r w (i (m a (u u (g k u) g) m e a (g x x (ac j (ad ad j v) w f g)) e) v) r o s (k q f v d p) (ad (v l o o n l a) v) s (k q f v d p) (ad (v l o o n l a) v)) (b (m o o e e z z ac i))))) (g aa j (w d (r aa x k k g) v b) t) (c z u (j (i (e r g t t s t aa m aa d i)))) (ac p (y i (v w u i b f i aa t))))) (d d (d z c l h (d u x n aa v ac l)))) (B n l q o (C x (p g (j (D m) (b (z ac d (n w (a (n q (E j (a (s k (z (a t (F x e o (G q (h f d ab (H (p I h s J K r c t L m r q b ad g i r M r w z l i z) n a e j i l w b p c ac b m t l e r f n g aa d))))))))))))))))))))
i g o (A v (m (p (a (l (m (e k y (d g l (o j p (q o (m n x) w aa) o s (k q f v d p) (ad (v l o o n l a) v) s (k q f v d p) (ad (v l o o n l a) v)) (b (m o o e e z z ac i))))) (g aa j (w d (r aa x k k g) v b) t) (c z u (j (i (e r g t t s t aa m aa d i)))) (ac p (y i (v w u i b f i aa t))))) (d d (d z c l h (d u x n aa v ac l)))) (B n l q o (C x (p g (j (D m) (b (z ac d (n w (a (n q (E j (a (s k (z (a t (F x e o (G q (h f d ab (H (p I h s J K r c t L m r q b ad g i r M r w z l i z) n a e j i l w b p c ac b m t l e r f n g aa d))))))))))))))))))))
i g o (A v (m (p (a (l (m (e k y (d g l (m (c b k i l t p (i d m)) (q o (m n x) w aa) o s (k q f v d p) (ad (v l o o n l a) v) s (k q f v d p) (ad (v l o o n l a) v)) (b (m o o e e z z ac i))))) (g aa j (w d (r aa x k k g) v b) t) (c z u (j (i (e r g t t s t aa m aa d i)))) (ac p (y i (v w u i b f i aa t))))) (d d (d z c l h (d u x n aa v ac l)))) (B n l q o (C x (p g (j (D m) (b (z ac d (n w (a (n q (E j (a (s k (z (a t (F x e o (G q (h f d ab (H (p I h s J K r c t L m r q b ad g i r M r w z l i z) n a e j i l w b p c ac b m t l e r f n g aa d))))))))))))))))))))
i g o (A v (m (p (a (l (m (e k y (d g l (ab h (ad (v l o o n l a) v) s (k q f v d p) (ad (v l o o n l a) v) s (k q f v d p) (ad (v l o o n l a) v)) (b (m o o e e z z ac i))))) (g aa j (w d (r aa x k k g) v b) t) (c z u (j (i (e r g t t s t aa m aa d i)))) (ac p (y i (v w u i b f i aa t))))) (d d (d z c l h (d u x n aa v ac l)))) (B n l q o (C x (p g (j (D m) (b (z ac d (n w (a (n q (E j (a (s k (z (a t (F x e o (G q (h f d ab (H (p I h s J K r c t L m r q b ad g i r M r w z l i z) n a e j i l w b p c ac b m t l e r f n g aa d))))))))))))))))))))
i g o (A v (m (p (a (l (m (e k y (d g l (y ac (j ac h (g (v (v aa (p h t h y b i ac l))))) h (ad (v l o o n l a) v) s (k q f v d p) (ad (v l o o n l a) v) s (k q f v d p) (ad (v l o o n l a) v)) (b (m o o e e z z ac i))))) (g aa j (w d (r aa x k k g) v b) t) (c z u (j (i (e r g t t s t aa m aa d i)))) (ac p (y i (v w u i b f i aa t))))) (d d (d z c l h (d u x n aa v ac l)))) (B n l q o (C x (p g (j (D m) (b (z ac d (n w (a (n q (E j (a (s k (z (a t (F x e o (G q (h f d ab (H (p I h s J K r c t L m r q b ad g i r M r w z l i z) n a e j i l w b p c ac b m t l e r f n g aa d))))))))))))))))))))


