a af ae ah ag = p j q u z (l e c p (o aa t r ab o o))
b ai ag af ah ae = l (d (d (s (y (x f (s c a d q c p m f e l))))))
c af ag ae ah = l u e (ab t (aa (l (h f z aa ac) ag)))
d af ae ah ag = x h (b (af (z (i a (j v r c ad w f v n)))))
e ah ae ag ai aj af = f (f ab v ae g ab k p k q aa s k y)
f ae ag af = u (s (t (z h) (b ae m ab e n h d) z))
g ai ae ah ag af = ac (w s p k (n a (b l h z f j a)))
h ah ae af ag ai = b (t k (f s (y j af ab b g)))
i ae = r b
j ae af = y ae ac t a f (ab (v (o x v v o l c u ad y)))
k ae af ah ag = h af u (o i n j d t)
l af ai ae ag ah = q n z w
m = ab (w (w a f u h g d v t))
n ag ai ae ah af = u p (ab (ab g (z (f o z ab j y q)) u a f))
o ah ae aj af ai ag = k u (g p z c w x f w t ad w)
p af ae = ad b af x (z (ae k s j b m))
q = r f (u (h (u s r (l i z h e x w j))))
r ai aj af ag ae ah = ai t i ab (b j ab x ad a g) k
s = d i (aa (v r (d q e ab v y)))
t ah ai ae af ag = s u (z (y l (x (b (m v) m w w) ab o) d s))
u ag ae ai aj ah af = j (w (ag (d s h g r aa g s a w) z))
v ae = ab (d o (c (h (i ab (aa s y b ac a n ae k z)))))
w ae ag af = ae (i m ag)
x = ad j (e v (i ab (t r w o m u s)))
y = ab (x (d e ac t u u ab q e))
z ae = r aa ae (w (ae (v ad a b x j y ac s)))
aa ai af aj ah ag ae = a (b m (c z (r j y (b k g (z j ac ae i) a ac))))
ab ag ae af = m i q (d ad k (k m j d f f ac) k)
ac ae af ah ag = g ad k (p ab (k f g))
ad af ae = ac (o (r b f ac) a)
main = g (f (k (A (u e (g t (B k (C (g y (D (E (y v l w (b r (F G (m (t u w H (t y b (aa (a (I (f s y (w n u d ad (j i J (f (y j b i (r ab K l L (e p l f ab M) ab b j m N O s i i) o s ad y P g d) z c p Q x) h y R S q z e v T ab p k m f e n ac g))))))))))))))))))))))
------------------------------------------------------------
g (f (k (A (u e (g t (B k (C (g y (D (E (y v l w (b r (F G (m (t u w H (t y b (aa (a (I (f s y (w n u d ad (j i J (f (y j b i (r ab K l L (e p l f ab M) ab b j m N O s i i) o s ad y P g d) z c p Q x) h y R S q z e v T ab p k m f e n ac g))))))))))))))))))))))
g (f (k (A (u e (g t (B k (C (g (ab (x (d e ac t u u ab q e))) (D (E (y v l w (b r (F G (m (t u w H (t y b (aa (a (I (f s y (w n u d ad (j i J (f (y j b i (r ab K l L (e p l f ab M) ab b j m N O s i i) o s ad y P g d) z c p Q x) h y R S q z e v T ab p k m f e n ac g))))))))))))))))))))))
g (f (k (A (u e (g t (B k (C (g (ab (ad j (e v (i ab (t r w o m u s))) (d e ac t u u ab q e))) (D (E (y v l w (b r (F G (m (t u w H (t y b (aa (a (I (f s y (w n u d ad (j i J (f (y j b i (r ab K l L (e p l f ab M) ab b j m N O s i i) o s ad y P g d) z c p Q x) h y R S q z e v T ab p k m f e n ac g))))))))))))))))))))))
g (f (k (A (u e (g t (B k (C (g (ab (ac (o (r b f ac) a) (d e ac t u u ab q e))) (D (E (y v l w (b r (F G (m (t u w H (t y b (aa (a (I (f s y (w n u d ad (j i J (f (y j b i (r ab K l L (e p l f ab M) ab b j m N O s i i) o s ad y P g d) z c p Q x) h y R S q z e v T ab p k m f e n ac g))))))))))))))))))))))
g (f (k (A (u e (g t (B k (C (g (ab (ac (o (r b f ac) a) (x h (b (e (z (i a (j v r c ad w f v n))))) u ab q e))) (D (E (y v l w (b r (F G (m (t u w H (t y b (aa (a (I (f s y (w n u d ad (j i J (f (y j b i (r ab K l L (e p l f ab M) ab b j m N O s i i) o s ad y P g d) z c p Q x) h y R S q z e v T ab p k m f e n ac g))))))))))))))))))))))
g (f (k (A (u e (g t (B k (C (g (ab (ac (o (r b f ac) a) (ad j (e v (i ab (t r w o m u s))) h (b (e (z (i a (j v r c ad w f v n))))) u ab q e))) (D (E (y v l w (b r (F G (m (t u w H (t y b (aa (a (I (f s y (w n u d ad (j i J (f (y j b i (r ab K l L (e p l f ab M) ab b j m N O s i i) o s ad y P g d) z c p Q x) h y R S q z e v T ab p k m f e n ac g))))))))))))))))))))))
g (f (k (A (u e (g t (B k (C (g (ab (ac (o (r b f ac) a) (ac (o (r b f ac) a) h (b (e (z (i a (j v r c ad w f v n))))) u ab q e))) (D (E (y v l w (b r (F G (m (t u w H (t y b (aa (a (I (f s y (w n u d ad (j i J (f (y j b i (r ab K l L (e p l f ab M) ab b j m N O s i i) o s ad y P g d) z c p Q x) h y R S q z e v T ab p k m f e n ac g))))))))))))))))))))))
g (f (k (A (u e (g t (B k (C (g (ab (ac (o (r b f ac) a) (g ad k (p ab (k f g)) ab q e))) (D (E (y v l w (b r (F G (m (t u w H (t y b (aa (a (I (f s y (w n u d ad (j i J (f (y j b i (r ab K l L (e p l f ab M) ab b j m N O s i i) o s ad y P g d) z c p Q x) h y R S q z e v T ab p k m f e n ac g))))))))))))))))))))))
g (f (k (A (u e (g t (B k (C (g (ab (ac (o (r b f ac) a) (ac (w s p k (n a (b l h z f j a))) e))) (D (E (y v l w (b r (F G (m (t u w H (t y b (aa (a (I (f s y (w n u d ad (j i J (f (y j b i (r ab K l L (e p l f ab M) ab b j m N O s i i) o s ad y P g d) z c p Q x) h y R S q z e v T ab p k m f e n ac g))))))))))))))))))))))
g (f (k (A (u e (g t (B k (C (g (ab (ac (o (r b f ac) a) (ac (s (i m p) (n a (b l h z f j a))) e))) (D (E (y v l w (b r (F G (m (t u w H (t y b (aa (a (I (f s y (w n u d ad (j i J (f (y j b i (r ab K l L (e p l f ab M) ab b j m N O s i i) o s ad y P g d) z c p Q x) h y R S q z e v T ab p k m f e n ac g))))))))))))))))))))))
g (f (k (A (u e (g t (B k (C (g (ab (ac (o (r b f ac) a) (ac (d i (aa (v r (d q e ab v y))) (i m p) (n a (b l h z f j a))) e))) (D (E (y v l w (b r (F G (m (t u w H (t y b (aa (a (I (f s y (w n u d ad (j i J (f (y j b i (r ab K l L (e p l f ab M) ab b j m N O s i i) o s ad y P g d) z c p Q x) h y R S q z e v T ab p k m f e n ac g))))))))))))))))))))))
g (f (k (A (u e (g t (B k (C (g (ab (ac (o (r b f ac) a) (ac (x h (b (i (z (i a (j v r c ad w f v n)))))) e))) (D (E (y v l w (b r (F G (m (t u w H (t y b (aa (a (I (f s y (w n u d ad (j i J (f (y j b i (r ab K l L (e p l f ab M) ab b j m N O s i i) o s ad y P g d) z c p Q x) h y R S q z e v T ab p k m f e n ac g))))))))))))))))))))))
g (f (k (A (u e (g t (B k (C (g (ab (ac (o (r b f ac) a) (ac (ad j (e v (i ab (t r w o m u s))) h (b (i (z (i a (j v r c ad w f v n)))))) e))) (D (E (y v l w (b r (F G (m (t u w H (t y b (aa (a (I (f s y (w n u d ad (j i J (f (y j b i (r ab K l L (e p l f ab M) ab b j m N O s i i) o s ad y P g d) z c p Q x) h y R S q z e v T ab p k m f e n ac g))))))))))))))))))))))
g (f (k (A (u e (g t (B k (C (g (ab (ac (o (r b f ac) a) (ac (ac (o (r b f ac) a) h (b (i (z (i a (j v r c ad w f v n)))))) e))) (D (E (y v l w (b r (F G (m (t u w H (t y b (aa (a (I (f s y (w n u d ad (j i J (f (y j b i (r ab K l L (e p l f ab M) ab b j m N O s i i) o s ad y P g d) z c p Q x) h y R S q z e v T ab p k m f e n ac g))))))))))))))))))))))
g (f (k (A (u e (g t (B k (C (g (ab (ac (o (r b f ac) a) (ac (ac (o (r b f ac) a) h (b (r b))) e))) (D (E (y v l w (b r (F G (m (t u w H (t y b (aa (a (I (f s y (w n u d ad (j i J (f (y j b i (r ab K l L (e p l f ab M) ab b j m N O s i i) o s ad y P g d) z c p Q x) h y R S q z e v T ab p k m f e n ac g))))))))))))))))))))))
g (f (k (A (u e (g t (B k (C (g (ab (ac (o (r b f ac) a) (ac (ac (o (r b f ac) a) h (b (r b))) e))) (D (E (ab (x (d e ac t u u ab q e)) v l w (b r (F G (m (t u w H (t y b (aa (a (I (f s y (w n u d ad (j i J (f (y j b i (r ab K l L (e p l f ab M) ab b j m N O s i i) o s ad y P g d) z c p Q x) h y R S q z e v T ab p k m f e n ac g))))))))))))))))))))))
g (f (k (A (u e (g t (B k (C (g (ab (ac (o (r b f ac) a) (ac (ac (o (r b f ac) a) h (b (r b))) e))) (D (E (m i q (d ad k (k m j d f f ac) k) w (b r (F G (m (t u w H (t y b (aa (a (I (f s y (w n u d ad (j i J (f (y j b i (r ab K l L (e p l f ab M) ab b j m N O s i i) o s ad y P g d) z c p Q x) h y R S q z e v T ab p k m f e n ac g))))))))))))))))))))))
g (f (k (A (u e (g t (B k (C (g (ab (ac (o (r b f ac) a) (ac (ac (o (r b f ac) a) h (b (r b))) e))) (D (E (ab (w (w a f u h g d v t)) i q (d ad k (k m j d f f ac) k) w (b r (F G (m (t u w H (t y b (aa (a (I (f s y (w n u d ad (j i J (f (y j b i (r ab K l L (e p l f ab M) ab b j m N O s i i) o s ad y P g d) z c p Q x) h y R S q z e v T ab p k m f e n ac g))))))))))))))))))))))
g (f (k (A (u e (g t (B k (C (g (ab (ac (o (r b f ac) a) (ac (ac (o (r b f ac) a) h (b (r b))) e))) (D (E (m i q (d ad k (k m j d f f ac) k) (d ad k (k m j d f f ac) k) w (b r (F G (m (t u w H (t y b (aa (a (I (f s y (w n u d ad (j i J (f (y j b i (r ab K l L (e p l f ab M) ab b j m N O s i i) o s ad y P g d) z c p Q x) h y R S q z e v T ab p k m f e n ac g))))))))))))))))))))))
g (f (k (A (u e (g t (B k (C (g (ab (ac (o (r b f ac) a) (ac (ac (o (r b f ac) a) h (b (r b))) e))) (D (E (ab (w (w a f u h g d v t)) i q (d ad k (k m j d f f ac) k) (d ad k (k m j d f f ac) k) w (b r (F G (m (t u w H (t y b (aa (a (I (f s y (w n u d ad (j i J (f (y j b i (r ab K l L (e p l f ab M) ab b j m N O s i i) o s ad y P g d) z c p Q x) h y R S q z e v T ab p k m f e n ac g))))))))))))))))))))))
g (f (k (A (u e (g t (B k (C (g (ab (ac (o (r b f ac) a) (ac (ac (o (r b f ac) a) h (b (r b))) e))) (D (E (m i q (d ad k (k m j d f f ac) k) (d ad k (k m j d f f ac) k) (d ad k (k m j d f f ac) k) w (b r (F G (m (t u w H (t y b (aa (a (I (f s y (w n u d ad (j i J (f (y j b i (r ab K l L (e p l f ab M) ab b j m N O s i i) o s ad y P g d) z c p Q x) h y R S q z e v T ab p k m f e n ac g))))))))))))))))))))))
g (f (k (A (u e (g t (B k (C (g (ab (ac (o (r b f ac) a) (ac (ac (o (r b f ac) a) h (b (r b))) e))) (D (E (ab (w (w a f u h g d v t)) i q (d ad k (k m j d f f ac) k) (d ad k (k m j d f f ac) k) (d ad k (k m j d f f ac) k) w (b r (F G (m (t u w H (t y b (aa (a (I (f s y (w n u d ad (j i J (f (y j b i (r ab K l L (e p l f ab M) ab b j m N O s i i) o s ad y P g d) z c p Q x) h y R S q z e v T ab p k m f e n ac g))))))))))))))))))))))
g (f (k (A (u e (g t (B k (C (g (ab (ac (o (r b f ac) a) (ac (ac (o (r b f ac) a) h (b (r b))) e))) (D (E (m i q (d ad k (k m j d f f ac) k) (d ad k (k m j d f f ac) k) (d ad k (k m j d f f ac) k) (d ad k (k m j d f f ac) k) w (b r (F G (m (t u w H (t y b (aa (a (I (f s y (w n u d ad (j i J (f (y j b i (r ab K l L (e p l f ab M) ab b j m N O s i i) o s ad y P g d) z c p Q x) h y R S q z e v T ab p k m f e n ac g))))))))))))))))))))))
g (f (k (A (u e (g t (B k (C (g (ab (ac (o (r b f ac) a) (ac (ac (o (r b f ac) a) h (b (r b))) e))) (D (E (ab (w (w a f u h g d v t)) i q (d ad k (k m j d f f ac) k) (d ad k (k m j d f f ac) k) (d ad k (k m j d f f ac) k) (d ad k (k m j d f f ac) k) w (b r (F G (m (t u w H (t y b (aa (a (I (f s y (w n u d ad (j i J (f (y j b i (r ab K l L (e p l f ab M) ab b j m N O s i i) o s ad y P g d) z c p Q x) h y R S q z e v T ab p k m f e n ac g))))))))))))))))))))))
g (f (k (A (u e (g t (B k (C (g (ab (ac (o (r b f ac) a) (ac (ac (o (r b f ac) a) h (b (r b))) e))) (D (E (m i q (d ad k (k m j d f f ac) k) (d ad k (k m j d f f ac) k) (d ad k (k m j d f f ac) k) (d ad k (k m j d f f ac) k) (d ad k (k m j d f f ac) k) w (b r (F G (m (t u w H (t y b (aa (a (I (f s y (w n u d ad (j i J (f (y j b i (r ab K l L (e p l f ab M) ab b j m N O s i i) o s ad y P g d) z c p Q x) h y R S q z e v T ab p k m f e n ac g))))))))))))))))))))))
g (f (k (A (u e (g t (B k (C (g (ab (ac (o (r b f ac) a) (ac (ac (o (r b f ac) a) h (b (r b))) e))) (D (E (ab (w (w a f u h g d v t)) i q (d ad k (k m j d f f ac) k) (d ad k (k m j d f f ac) k) (d ad k (k m j d f f ac) k) (d ad k (k m j d f f ac) k) (d ad k (k m j d f f ac) k) w (b r (F G (m (t u w H (t y b (aa (a (I (f s y (w n u d ad (j i J (f (y j b i (r ab K l L (e p l f ab M) ab b j m N O s i i) o s ad y P g d) z c p Q x) h y R S q z e v T ab p k m f e n ac g))))))))))))))))))))))
g (f (k (A (u e (g t (B k (C (g (ab (ac (o (r b f ac) a) (ac (ac (o (r b f ac) a) h (b (r b))) e))) (D (E (m i q (d ad k (k m j d f f ac) k) (d ad k (k m j d f f ac) k) (d ad k (k m j d f f ac) k) (d ad k (k m j d f f ac) k) (d ad k (k m j d f f ac) k) (d ad k (k m j d f f ac) k) w (b r (F G (m (t u w H (t y b (aa (a (I (f s y (w n u d ad (j i J (f (y j b i (r ab K l L (e p l f ab M) ab b j m N O s i i) o s ad y P g d) z c p Q x) h y R S q z e v T ab p k m f e n ac g))))))))))))))))))))))
g (f (k (A (u e (g t (B k (C (g (ab (ac (o (r b f ac) a) (ac (ac (o (r b f ac) a) h (b (r b))) e))) (D (E (ab (w (w a f u h g d v t)) i q (d ad k (k m j d f f ac) k) (d ad k (k m j d f f ac) k) (d ad k (k m j d f f ac) k) (d ad k (k m j d f f ac) k) (d ad k (k m j d f f ac) k) (d ad k (k m j d f f ac) k) w (b r (F G (m (t u w H (t y b (aa (a (I (f s y (w n u d ad (j i J (f (y j b i (r ab K l L (e p l f ab M) ab b j m N O s i i) o s ad y P g d) z c p Q x) h y R S q z e v T ab p k m f e n ac g))))))))))))))))))))))
g (f (k (A (u e (g t (B k (C (g (ab (ac (o (r b f ac) a) (ac (ac (o (r b f ac) a) h (b (r b))) e))) (D (E (m i q (d ad k (k m j d f f ac) k) (d ad k (k m j d f f ac) k) (d ad k (k m j d f f ac) k) (d ad k (k m j d f f ac) k) (d ad k (k m j d f f ac) k) (d ad k (k m j d f f ac) k) (d ad k (k m j d f f ac) k) w (b r (F G (m (t u w H (t y b (aa (a (I (f s y (w n u d ad (j i J (f (y j b i (r ab K l L (e p l f ab M) ab b j m N O s i i) o s ad y P g d) z c p Q x) h y R S q z e v T ab p k m f e n ac g))))))))))))))))))))))
g (f (k (A (u e (g t (B k (C (g (ab (ac (o (r b f ac) a) (ac (ac (o (r b f ac) a) h (b (r b))) e))) (D (E (ab (w (w a f u h g d v t)) i q (d ad k (k m j d f f ac) k) (d ad k (k m j d f f ac) k) (d ad k (k m j d f f ac) k) (d ad k (k m j d f f ac) k) (d ad k (k m j d f f ac) k) (d ad k (k m j d f f ac) k) (d ad k (k m j d f f ac) k) w (b r (F G (m (t u w H (t y b (aa (a (I (f s y (w n u d ad (j i J (f (y j b i (r ab K l L (e p l f ab M) ab b j m N O s i i) o s ad y P g d) z c p Q x) h y R S q z e v T ab p k m f e n ac g))))))))))))))))))))))


