a ae = h c s z y (n (i r (ac (n (f e z ae x t t y)))))
b ae ah af ai ag = ab (ad (i j v m))
c ah ag ai af aj ae = aj r (g a (w (f (o v l ac s g ab v q s))))
d af ae = p q k o (aa (g t (af o r aa s f j f)) m q)
e ae af = f (f k (af (v f b p)))
f = ac (z (p w x w x c))
g = w v l (m (a m h (s (f l c ad y j a))))
h ae = y (x (v (z ac f ae r ac)))
i = g k s (d h (c (z m s u p u n o)))
j ag ae af ah = ad (c (m s n o (d v r o d e)))
k ae = ae (a ad d o (n (a (i o i ab c r))))
l af ae ah ag = ad (e y q (ac (i r a t r o p d u)))
m ah ai ag ae af = g (j a (l f ab j (w (k p s u z) i d o y)))
n ae af = s ad (ab (m o k g x ae x))
o aj af ae ag ai ah = b m g (aa (m e x i))
p ag af ae = o aa (ab (x (t ad r (ag j e h r c) k ad n ac)))
q ae = aa v (d l o u m ab d a k)
r af ae = af p (m (h q x q))
s ae = o i (w u e l ac z t r l z z n v ad x)
t ae = n (l (d (p y ab (a o aa n f q ad z ae g b x))))
u = p (p (l (k ad p k r o x i)))
v ag ae af = z w (y a l) k (k (x j o) s p)
w ag af ae = v m k (m (o k p f k) x f j)
x af ah ag ae = f o (n y c (u g s) q)
y ae af ag = z (r ag (n w u w) l)
z ag af ae = u d (e (aa (g p) k k ag p j a h n h c aa) m)
aa ae = t (w (m e (z v d u)))
ab af ae = g (n c f (ac (ad af i) (s a (j a t s q z i k))))
ac ag af ae = k (y u n (aa b) (ab (u i m e d v y c f)))
ad ag ae af = o m (f (p (a r v q t) x n m s c))
main = n (o (j (v (l (A (w n (y y (c t (s (v d (c (B (C (D y v (q (ac aa (E g F v (m (i z G (aa (z w x (c ad (l (o (ac a h q g g v H (d n I w) n) a e l a i h g n v J d a K g h g r a d z d e h L k z f) g p m g k q ab j f d g ab z f) y M g d s a))))))))))))))))))))))
------------------------------------------------------------
n (o (j (v (l (A (w n (y y (c t (s (v d (c (B (C (D y v (q (ac aa (E g F v (m (i z G (aa (z w x (c ad (l (o (ac a h q g g v H (d n I w) n) a e l a i h g n v J d a K g h g r a d z d e h L k z f) g p m g k q ab j f d g ab z f) y M g d s a))))))))))))))))))))))
n (o (j (v (l (A (w n (y y (c t (o i (w u e l ac z t r l z z n v ad x))))))))))
n (o (j (v (l (A (w n (y y (c t (o i (v m k (m (o k p f k) x f j) ac z t r l z z n v ad x))))))))))
n (o (j (v (l (A (w n (y y (c t (o i (z w (y a l) k (k (x j o) s p) ac z t r l z z n v ad x))))))))))
n (o (j (v (l (A (w n (y y (c t (o i (u d (e (aa (g p) k k w p j a h n h c aa) m) (k (x j o) s p) ac z t r l z z n v ad x))))))))))
n (o (j (v (l (A (w n (y y (c t (o i (p (p (l (k ad p k r o x i))) d (e (aa (g p) k k w p j a h n h c aa) m) (k (x j o) s p) ac z t r l z z n v ad x))))))))))
n (o (j (v (l (A (w n (y y (c t (o i (o aa (ab (x (t ad r (p (l (k ad p k r o x i)) j e h r c) k ad n ac))) (k (x j o) s p) ac z t r l z z n v ad x))))))))))
n (o (j (v (l (A (w n (y y (c t (o i (b m g (aa (m e x i)) r l z z n v ad x))))))))))
n (o (j (v (l (A (w n (y y (c t (o i (ab (ad (i j v m)) z z n v ad x))))))))))
n (o (j (v (l (A (w n (y y (c t (o i (g (n c f (ac (ad (ad (i j v m)) i) (s a (j a t s q z i k)))) z n v ad x))))))))))
n (o (j (v (l (A (w n (y y (c t (o i (w v l (m (a m h (s (f l c ad y j a)))) (n c f (ac (ad (ad (i j v m)) i) (s a (j a t s q z i k)))) z n v ad x))))))))))
n (o (j (v (l (A (w n (y y (c t (o i (v m k (m (o k p f k) x f j) (n c f (ac (ad (ad (i j v m)) i) (s a (j a t s q z i k)))) z n v ad x))))))))))
n (o (j (v (l (A (w n (y y (c t (o i (z w (y a l) k (k (x j o) s p) (n c f (ac (ad (ad (i j v m)) i) (s a (j a t s q z i k)))) z n v ad x))))))))))
n (o (j (v (l (A (w n (y y (c t (o i (u d (e (aa (g p) k k w p j a h n h c aa) m) (k (x j o) s p) (n c f (ac (ad (ad (i j v m)) i) (s a (j a t s q z i k)))) z n v ad x))))))))))
n (o (j (v (l (A (w n (y y (c t (o i (p (p (l (k ad p k r o x i))) d (e (aa (g p) k k w p j a h n h c aa) m) (k (x j o) s p) (n c f (ac (ad (ad (i j v m)) i) (s a (j a t s q z i k)))) z n v ad x))))))))))
n (o (j (v (l (A (w n (y y (c t (o i (o aa (ab (x (t ad r (p (l (k ad p k r o x i)) j e h r c) k ad n ac))) (k (x j o) s p) (n c f (ac (ad (ad (i j v m)) i) (s a (j a t s q z i k)))) z n v ad x))))))))))
n (o (j (v (l (A (w n (y y (c t (o i (b m g (aa (m e x i)) v ad x))))))))))
n (o (j (v (l (A (w n (y y (c t (o i (ab (ad (i j v m)) x))))))))))
n (o (j (v (l (A (w n (y y (c t (o i (g (n c f (ac (ad (ad (i j v m)) i) (s a (j a t s q z i k))))))))))))))
n (o (j (v (l (A (w n (y y (c t (o i (w v l (m (a m h (s (f l c ad y j a)))) (n c f (ac (ad (ad (i j v m)) i) (s a (j a t s q z i k))))))))))))))
n (o (j (v (l (A (w n (y y (c t (o i (v m k (m (o k p f k) x f j) (n c f (ac (ad (ad (i j v m)) i) (s a (j a t s q z i k))))))))))))))
n (o (j (v (l (A (w n (y y (c t (o i (z w (y a l) k (k (x j o) s p) (n c f (ac (ad (ad (i j v m)) i) (s a (j a t s q z i k))))))))))))))
n (o (j (v (l (A (w n (y y (c t (o i (u d (e (aa (g p) k k w p j a h n h c aa) m) (k (x j o) s p) (n c f (ac (ad (ad (i j v m)) i) (s a (j a t s q z i k))))))))))))))
n (o (j (v (l (A (w n (y y (c t (o i (p (p (l (k ad p k r o x i))) d (e (aa (g p) k k w p j a h n h c aa) m) (k (x j o) s p) (n c f (ac (ad (ad (i j v m)) i) (s a (j a t s q z i k))))))))))))))
n (o (j (v (l (A (w n (y y (c t (o i (o aa (ab (x (t ad r (p (l (k ad p k r o x i)) j e h r c) k ad n ac))) (k (x j o) s p) (n c f (ac (ad (ad (i j v m)) i) (s a (j a t s q z i k))))))))))))))
n (o (j (v (l (A (w n (y y (c t (o i (o aa (ab (x (n (l (d (p y ab (a o aa n f q ad z ad g b x)))) r (p (l (k ad p k r o x i)) j e h r c) k ad n ac))) (k (x j o) s p) (n c f (ac (ad (ad (i j v m)) i) (s a (j a t s q z i k))))))))))))))
n (o (j (v (l (A (w n (y y (c t (o i (o aa (ab (x (s ad (ab (m o k g x (l (d (p y ab (a o aa n f q ad z ad g b x)))) x)) (p (l (k ad p k r o x i)) j e h r c) k ad n ac))) (k (x j o) s p) (n c f (ac (ad (ad (i j v m)) i) (s a (j a t s q z i k))))))))))))))
n (o (j (v (l (A (w n (y y (c t (o i (o aa (ab (x (o i (w u e l ac z t r l z z n v ad x) (ab (m o k g x (l (d (p y ab (a o aa n f q ad z ad g b x)))) x)) (p (l (k ad p k r o x i)) j e h r c) k ad n ac))) (k (x j o) s p) (n c f (ac (ad (ad (i j v m)) i) (s a (j a t s q z i k))))))))))))))
n (o (j (v (l (A (w n (y y (c t (o i (o aa (ab (x (b m g (aa (m e x i)) n ac))) (k (x j o) s p) (n c f (ac (ad (ad (i j v m)) i) (s a (j a t s q z i k))))))))))))))
n (o (j (v (l (A (w n (y y (c t (o i (o aa (ab (x (ab (ad (i j v m))))) (k (x j o) s p) (n c f (ac (ad (ad (i j v m)) i) (s a (j a t s q z i k))))))))))))))


