a ag ae ah af = j (g (b (b j (v (x k (i n ab ad) ac f i b ad q)))))
b af ah ai ae ag = ad aa (j ah (ah a ad u n))
c ag ai ae ah aj af = aj r i (a a u)
d ah ag af ae = p x q t (i (j (ac (z j q m aa o e))))
e ah ag ae ai af aj = h (r d w (aa l i (n j c y w) u ac))
f ae = v e c (ab aa x k b aa)
g af ae ai ag ah = i (af (s (z (f (e x h n v ai) s v y))))
h ae af = n (ac (q c ac a aa aa l j f d c l))
i = k (n (j o u)) (ab e l s z z)
j = a (c (y l f (ad u (q f e y o ab e o e))))
k ae = z (g c) (m ab q aa ac ad z n b w f a v w)
l af ae = ab (ab (c ab d (aa f (d aa ac b n af))))
m ae = s t (a (d ad (n (u r w x i i o c u u b x))))
n af ag ah ai ae = d z f e a (k (ab u (h c u u i ac)))
o ae ah ag af ai = d (n (ad g k q w y ac m))
p = q q s i v j h (o ad a z)
q af ag ae = f d (n aa j r)
r ae af = q (y l ab (l n q ac i x k w t))
s ah ai ae ag af = ad t (q y i o aa d p ad c)
t = l ad a d (k r aa (i z (aa n w g u d)))
u ag af ae = p (l g y b)
v ae = z y ad (aa (ac e s c) n i b s c w) x
w ae = b (i (h (m f (i f c d l j m e) q)))
x ae ah af ag = e (r (n o ah g ad n) b)
y ag ae af = z (ac (aa (v z m u)))
z ag af ae ah ai = f p ab (k ad o t)
aa ae = w y (ae u ab (c (ae c r p x ab)))
ab ae = x aa j (q t d m s) m w
ac ae = ae (i j (y t n t aa p o))
ad ag ae af ai ah = o (b (k ac p (t a) j d k ab u o v t aa j t))
main = o A (B aa (C m d x (D (d (E n (v (F (j u n (G (H (ac (t (w (n v x (I J (q aa (K (L (e M r y y (x (l n e (ab h (ab s l (ac (N (z O f v m a ad n s r x P Q R S c) s t ab e o z) w h ad d k h ab ac ab x l u ac q T y k y s g U aa c e f z f b q j l))))))))))))))))))))))))
------------------------------------------------------------
o A (B aa (C m d x (D (d (E n (v (F (j u n (G (H (ac (t (w (n v x (I J (q aa (K (L (e M r y y (x (l n e (ab h (ab s l (ac (N (z O f v m a ad n s r x P Q R S c) s t ab e o z) w h ad d k h ab ac ab x l u ac q T y k y s g U aa c e f z f b q j l))))))))))))))))))))))))
o A (B aa (C m d x (D (d (E n (z y ad (aa (ac e s c) n i b s c w) x))))))
o A (B aa (C m d x (D (d (E n (z y ad (w y (ac e s c u ab (c (ac e s c c r p x ab))) n i b s c w) x))))))
o A (B aa (C m d x (D (d (E n (z y ad (b (i (h (m f (i f c d l j m e) q))) (ac e s c u ab (c (ac e s c c r p x ab))) n i b s c w) x))))))
o A (B aa (C m d x (D (d (E n (z y ad (ad aa (j (ac e s c u ab (c (ac e s c c r p x ab))) (ac e s c u ab (c (ac e s c c r p x ab)) a ad u n)) s c w) x))))))
o A (B aa (C m d x (D (d (E n (z y ad (o (b (k ac p (t a) j d k ab u o v t aa j t))) x))))))
o A (B aa (C m d x (D (d (E n (z y ad (o (b (z (g c) (m ab q aa ac ad z n b w f a v w) p (t a) j d k ab u o v t aa j t))) x))))))
o A (B aa (C m d x (D (d (E n (z y ad (o (b (f p ab (k ad o t) d k ab u o v t aa j t))) x))))))
o A (B aa (C m d x (D (d (E n (z y ad (o (b (v e c (ab aa x k b aa) ab (k ad o t) d k ab u o v t aa j t))) x))))))
o A (B aa (C m d x (D (d (E n (z y ad (o (b (z y ad (aa (ac e s c) n i b s c w) x c (ab aa x k b aa) ab (k ad o t) d k ab u o v t aa j t))) x))))))
o A (B aa (C m d x (D (d (E n (z y ad (o (b (f p ab (k ad o t) (ab aa x k b aa) ab (k ad o t) d k ab u o v t aa j t))) x))))))
o A (B aa (C m d x (D (d (E n (z y ad (o (b (v e c (ab aa x k b aa) ab (k ad o t) (ab aa x k b aa) ab (k ad o t) d k ab u o v t aa j t))) x))))))
o A (B aa (C m d x (D (d (E n (z y ad (o (b (z y ad (aa (ac e s c) n i b s c w) x c (ab aa x k b aa) ab (k ad o t) (ab aa x k b aa) ab (k ad o t) d k ab u o v t aa j t))) x))))))
o A (B aa (C m d x (D (d (E n (z y ad (o (b (f p ab (k ad o t) (ab aa x k b aa) ab (k ad o t) (ab aa x k b aa) ab (k ad o t) d k ab u o v t aa j t))) x))))))
o A (B aa (C m d x (D (d (E n (z y ad (o (b (v e c (ab aa x k b aa) ab (k ad o t) (ab aa x k b aa) ab (k ad o t) (ab aa x k b aa) ab (k ad o t) d k ab u o v t aa j t))) x))))))
o A (B aa (C m d x (D (d (E n (z y ad (o (b (z y ad (aa (ac e s c) n i b s c w) x c (ab aa x k b aa) ab (k ad o t) (ab aa x k b aa) ab (k ad o t) (ab aa x k b aa) ab (k ad o t) d k ab u o v t aa j t))) x))))))
o A (B aa (C m d x (D (d (E n (z y ad (o (b (f p ab (k ad o t) (ab aa x k b aa) ab (k ad o t) (ab aa x k b aa) ab (k ad o t) (ab aa x k b aa) ab (k ad o t) d k ab u o v t aa j t))) x))))))
o A (B aa (C m d x (D (d (E n (z y ad (o (b (v e c (ab aa x k b aa) ab (k ad o t) (ab aa x k b aa) ab (k ad o t) (ab aa x k b aa) ab (k ad o t) (ab aa x k b aa) ab (k ad o t) d k ab u o v t aa j t))) x))))))
o A (B aa (C m d x (D (d (E n (z y ad (o (b (z y ad (aa (ac e s c) n i b s c w) x c (ab aa x k b aa) ab (k ad o t) (ab aa x k b aa) ab (k ad o t) (ab aa x k b aa) ab (k ad o t) (ab aa x k b aa) ab (k ad o t) d k ab u o v t aa j t))) x))))))
o A (B aa (C m d x (D (d (E n (z y ad (o (b (f p ab (k ad o t) (ab aa x k b aa) ab (k ad o t) (ab aa x k b aa) ab (k ad o t) (ab aa x k b aa) ab (k ad o t) (ab aa x k b aa) ab (k ad o t) d k ab u o v t aa j t))) x))))))
o A (B aa (C m d x (D (d (E n (z y ad (o (b (v e c (ab aa x k b aa) ab (k ad o t) (ab aa x k b aa) ab (k ad o t) (ab aa x k b aa) ab (k ad o t) (ab aa x k b aa) ab (k ad o t) (ab aa x k b aa) ab (k ad o t) d k ab u o v t aa j t))) x))))))
o A (B aa (C m d x (D (d (E n (z y ad (o (b (z y ad (aa (ac e s c) n i b s c w) x c (ab aa x k b aa) ab (k ad o t) (ab aa x k b aa) ab (k ad o t) (ab aa x k b aa) ab (k ad o t) (ab aa x k b aa) ab (k ad o t) (ab aa x k b aa) ab (k ad o t) d k ab u o v t aa j t))) x))))))
o A (B aa (C m d x (D (d (E n (z y ad (o (b (f p ab (k ad o t) (ab aa x k b aa) ab (k ad o t) (ab aa x k b aa) ab (k ad o t) (ab aa x k b aa) ab (k ad o t) (ab aa x k b aa) ab (k ad o t) (ab aa x k b aa) ab (k ad o t) d k ab u o v t aa j t))) x))))))
o A (B aa (C m d x (D (d (E n (z y ad (o (b (v e c (ab aa x k b aa) ab (k ad o t) (ab aa x k b aa) ab (k ad o t) (ab aa x k b aa) ab (k ad o t) (ab aa x k b aa) ab (k ad o t) (ab aa x k b aa) ab (k ad o t) (ab aa x k b aa) ab (k ad o t) d k ab u o v t aa j t))) x))))))
o A (B aa (C m d x (D (d (E n (z y ad (o (b (z y ad (aa (ac e s c) n i b s c w) x c (ab aa x k b aa) ab (k ad o t) (ab aa x k b aa) ab (k ad o t) (ab aa x k b aa) ab (k ad o t) (ab aa x k b aa) ab (k ad o t) (ab aa x k b aa) ab (k ad o t) (ab aa x k b aa) ab (k ad o t) d k ab u o v t aa j t))) x))))))
o A (B aa (C m d x (D (d (E n (z y ad (o (b (f p ab (k ad o t) (ab aa x k b aa) ab (k ad o t) (ab aa x k b aa) ab (k ad o t) (ab aa x k b aa) ab (k ad o t) (ab aa x k b aa) ab (k ad o t) (ab aa x k b aa) ab (k ad o t) (ab aa x k b aa) ab (k ad o t) d k ab u o v t aa j t))) x))))))
o A (B aa (C m d x (D (d (E n (z y ad (o (b (v e c (ab aa x k b aa) ab (k ad o t) (ab aa x k b aa) ab (k ad o t) (ab aa x k b aa) ab (k ad o t) (ab aa x k b aa) ab (k ad o t) (ab aa x k b aa) ab (k ad o t) (ab aa x k b aa) ab (k ad o t) (ab aa x k b aa) ab (k ad o t) d k ab u o v t aa j t))) x))))))
o A (B aa (C m d x (D (d (E n (z y ad (o (b (z y ad (aa (ac e s c) n i b s c w) x c (ab aa x k b aa) ab (k ad o t) (ab aa x k b aa) ab (k ad o t) (ab aa x k b aa) ab (k ad o t) (ab aa x k b aa) ab (k ad o t) (ab aa x k b aa) ab (k ad o t) (ab aa x k b aa) ab (k ad o t) (ab aa x k b aa) ab (k ad o t) d k ab u o v t aa j t))) x))))))
o A (B aa (C m d x (D (d (E n (z y ad (o (b (f p ab (k ad o t) (ab aa x k b aa) ab (k ad o t) (ab aa x k b aa) ab (k ad o t) (ab aa x k b aa) ab (k ad o t) (ab aa x k b aa) ab (k ad o t) (ab aa x k b aa) ab (k ad o t) (ab aa x k b aa) ab (k ad o t) (ab aa x k b aa) ab (k ad o t) d k ab u o v t aa j t))) x))))))
o A (B aa (C m d x (D (d (E n (z y ad (o (b (v e c (ab aa x k b aa) ab (k ad o t) (ab aa x k b aa) ab (k ad o t) (ab aa x k b aa) ab (k ad o t) (ab aa x k b aa) ab (k ad o t) (ab aa x k b aa) ab (k ad o t) (ab aa x k b aa) ab (k ad o t) (ab aa x k b aa) ab (k ad o t) (ab aa x k b aa) ab (k ad o t) d k ab u o v t aa j t))) x))))))


