a ae = g i l p (ac b (d (y (b ac w v w i n))))
b ae = u y z y (g (ab q e y d w))
c ag ae ai ah af = z (f g ad o s i e)
d af ai aj ah ae ag = e (l (s c ad h c y v))
e af ae ai ag aj ah = r af (c t p g (f (ac i w r t r m p aj)))
f ae af = m
g = i (f (ad h b y n v y))
h ae af = w v (n (j af (v (ae (n (ae af l w w z j j w))))))
i ae = p p (g y (g d p ad m n))
j ag ai ah aj af ae = x g s i q (h ac c ac p ad aj)
k = w h (q h (r z (ac ab f w m) ab))
l ae ag af ah = n o z e (z y (ad p v m g z w))
m ai aj af ag ae ah = z (c d aj (ab (q (c p ab g s l) x d c s)))
n ag ae af ah ai = b y (x (f ag o x k s i v g))
o ae = l (g ad (h (h q a i aa)))
p = h (r (b a (c (r v) u j z c x w n j ab)))
q ag ah aj ae af ai = ai (z (y ae u g t))
r ah af ag ae = n (e (q (n p (e o b c a f f p) f e n v)))
s af ag ah ae = aa (ae (ab ad (u j ah i t k e) e j ac o u f))
t ae = w c (r f e d aa)
u ag ae af ah = e t w (ab f c ae t)
v af ae = w (c (n (k b x c m y d w n y) m))
w ae af = b c (q af (m z b b ae l) l)
x ah af ae ag = l (v (af m (g q h) m m c))
y af ae = i m ae (w (h (d (af f)) u aa e x w ab))
z ae = aa ac (a r (t (ad ae (h v b ae a ab s u))))
aa = a (p y w ab n l n b)
ab ae ah af ag = af (u (ad s d q (b p b (w u q z i t p) z ad)))
ac = x (m aa i u (e (a e q aa y) w ab b ab k p))
ad ag ah ae af = b y aa ae s ac (m e (u (ac f ac ac aa ah i t f)))
main = t (i (m j (A (a (u (z a (b (j a B) b h y (k C ac (D (E (t m (p (q ad j (y u h x (a t (F G H k) z (c (f (h (y n (l (i (o c y n n I J ab ad v x n q u K v y m) ab ad ac ac g o r e f) L M N g ac ab j O P Q R w p v) k f l aa ac a f) f d z ab f x aa))))))))))))))))))
------------------------------------------------------------
t (i (m j (A (a (u (z a (b (j a B) b h y (k C ac (D (E (t m (p (q ad j (y u h x (a t (F G H k) z (c (f (h (y n (l (i (o c y n n I J ab ad v x n q u K v y m) ab ad ac ac g o r e f) L M N g ac ab j O P Q R w p v) k f l aa ac a f) f d z ab f x aa))))))))))))))))))
w c (r f e d aa)
b c (q (r f e d aa) (m z b b c l) l)
u y z y (g (ab q e y d w)) (q (r f e d aa) (m z b b c l) l)
e t w (ab f c z t) (q (r f e d aa) (m z b b c l) l)
e t w (z (u (ad s d q (b p b (w u q z i t p) z ad)))) (q (r f e d aa) (m z b b c l) l)
e t w (aa ac (a r (t (ad (u (ad s d q (b p b (w u q z i t p) z ad))) (h v b (u (ad s d q (b p b (w u q z i t p) z ad))) a ab s u))))) (q (r f e d aa) (m z b b c l) l)
e t w (a (p y w ab n l n b) ac (a r (t (ad (u (ad s d q (b p b (w u q z i t p) z ad))) (h v b (u (ad s d q (b p b (w u q z i t p) z ad))) a ab s u))))) (q (r f e d aa) (m z b b c l) l)
e t w (g i l p (ac b (d (y (b ac w v w i n)))) ac (a r (t (ad (u (ad s d q (b p b (w u q z i t p) z ad))) (h v b (u (ad s d q (b p b (w u q z i t p) z ad))) a ab s u))))) (q (r f e d aa) (m z b b c l) l)
e t w (i (f (ad h b y n v y)) i l p (ac b (d (y (b ac w v w i n)))) ac (a r (t (ad (u (ad s d q (b p b (w u q z i t p) z ad))) (h v b (u (ad s d q (b p b (w u q z i t p) z ad))) a ab s u))))) (q (r f e d aa) (m z b b c l) l)
e t w (p p (g y (g d p ad m n)) i l p (ac b (d (y (b ac w v w i n)))) ac (a r (t (ad (u (ad s d q (b p b (w u q z i t p) z ad))) (h v b (u (ad s d q (b p b (w u q z i t p) z ad))) a ab s u))))) (q (r f e d aa) (m z b b c l) l)
e t w (h (r (b a (c (r v) u j z c x w n j ab))) p (g y (g d p ad m n)) i l p (ac b (d (y (b ac w v w i n)))) ac (a r (t (ad (u (ad s d q (b p b (w u q z i t p) z ad))) (h v b (u (ad s d q (b p b (w u q z i t p) z ad))) a ab s u))))) (q (r f e d aa) (m z b b c l) l)
e t w (w v (n (j p (v (r (b a (c (r v) u j z c x w n j ab)) (n (r (b a (c (r v) u j z c x w n j ab)) p l w w z j j w)))))) (g y (g d p ad m n)) i l p (ac b (d (y (b ac w v w i n)))) ac (a r (t (ad (u (ad s d q (b p b (w u q z i t p) z ad))) (h v b (u (ad s d q (b p b (w u q z i t p) z ad))) a ab s u))))) (q (r f e d aa) (m z b b c l) l)
e t w (b c (q (n (j p (v (r (b a (c (r v) u j z c x w n j ab)) (n (r (b a (c (r v) u j z c x w n j ab)) p l w w z j j w)))))) (m z b b v l) l) (g y (g d p ad m n)) i l p (ac b (d (y (b ac w v w i n)))) ac (a r (t (ad (u (ad s d q (b p b (w u q z i t p) z ad))) (h v b (u (ad s d q (b p b (w u q z i t p) z ad))) a ab s u))))) (q (r f e d aa) (m z b b c l) l)
e t w (u y z y (g (ab q e y d w)) (q (n (j p (v (r (b a (c (r v) u j z c x w n j ab)) (n (r (b a (c (r v) u j z c x w n j ab)) p l w w z j j w)))))) (m z b b v l) l) (g y (g d p ad m n)) i l p (ac b (d (y (b ac w v w i n)))) ac (a r (t (ad (u (ad s d q (b p b (w u q z i t p) z ad))) (h v b (u (ad s d q (b p b (w u q z i t p) z ad))) a ab s u))))) (q (r f e d aa) (m z b b c l) l)
e t w (e t w (ab f c z t) (q (n (j p (v (r (b a (c (r v) u j z c x w n j ab)) (n (r (b a (c (r v) u j z c x w n j ab)) p l w w z j j w)))))) (m z b b v l) l) (g y (g d p ad m n)) i l p (ac b (d (y (b ac w v w i n)))) ac (a r (t (ad (u (ad s d q (b p b (w u q z i t p) z ad))) (h v b (u (ad s d q (b p b (w u q z i t p) z ad))) a ab s u))))) (q (r f e d aa) (m z b b c l) l)
e t w (r t (c t p g (f (ac i w r t r m p (g y (g d p ad m n))))) l p (ac b (d (y (b ac w v w i n)))) ac (a r (t (ad (u (ad s d q (b p b (w u q z i t p) z ad))) (h v b (u (ad s d q (b p b (w u q z i t p) z ad))) a ab s u))))) (q (r f e d aa) (m z b b c l) l)
e t w (n (e (q (n p (e o b c a f f p) f e n v))) (ac b (d (y (b ac w v w i n)))) ac (a r (t (ad (u (ad s d q (b p b (w u q z i t p) z ad))) (h v b (u (ad s d q (b p b (w u q z i t p) z ad))) a ab s u))))) (q (r f e d aa) (m z b b c l) l)
e t w (n (e (q (b y (x (f p o x k s i v g)) v))) (ac b (d (y (b ac w v w i n)))) ac (a r (t (ad (u (ad s d q (b p b (w u q z i t p) z ad))) (h v b (u (ad s d q (b p b (w u q z i t p) z ad))) a ab s u))))) (q (r f e d aa) (m z b b c l) l)
e t w (n (e (q (u y z y (g (ab q e y d w)) (x (f p o x k s i v g)) v))) (ac b (d (y (b ac w v w i n)))) ac (a r (t (ad (u (ad s d q (b p b (w u q z i t p) z ad))) (h v b (u (ad s d q (b p b (w u q z i t p) z ad))) a ab s u))))) (q (r f e d aa) (m z b b c l) l)
e t w (n (e (q (e t w (ab f c z t) (x (f p o x k s i v g)) v))) (ac b (d (y (b ac w v w i n)))) ac (a r (t (ad (u (ad s d q (b p b (w u q z i t p) z ad))) (h v b (u (ad s d q (b p b (w u q z i t p) z ad))) a ab s u))))) (q (r f e d aa) (m z b b c l) l)
e t w (n (e (q (e t w (z (u (ad s d q (b p b (w u q z i t p) z ad)))) (x (f p o x k s i v g)) v))) (ac b (d (y (b ac w v w i n)))) ac (a r (t (ad (u (ad s d q (b p b (w u q z i t p) z ad))) (h v b (u (ad s d q (b p b (w u q z i t p) z ad))) a ab s u))))) (q (r f e d aa) (m z b b c l) l)
e t w (n (e (q (e t w (aa ac (a r (t (ad (u (ad s d q (b p b (w u q z i t p) z ad))) (h v b (u (ad s d q (b p b (w u q z i t p) z ad))) a ab s u))))) (x (f p o x k s i v g)) v))) (ac b (d (y (b ac w v w i n)))) ac (a r (t (ad (u (ad s d q (b p b (w u q z i t p) z ad))) (h v b (u (ad s d q (b p b (w u q z i t p) z ad))) a ab s u))))) (q (r f e d aa) (m z b b c l) l)
e t w (n (e (q (e t w (a (p y w ab n l n b) ac (a r (t (ad (u (ad s d q (b p b (w u q z i t p) z ad))) (h v b (u (ad s d q (b p b (w u q z i t p) z ad))) a ab s u))))) (x (f p o x k s i v g)) v))) (ac b (d (y (b ac w v w i n)))) ac (a r (t (ad (u (ad s d q (b p b (w u q z i t p) z ad))) (h v b (u (ad s d q (b p b (w u q z i t p) z ad))) a ab s u))))) (q (r f e d aa) (m z b b c l) l)
e t w (n (e (q (e t w (g i l p (ac b (d (y (b ac w v w i n)))) ac (a r (t (ad (u (ad s d q (b p b (w u q z i t p) z ad))) (h v b (u (ad s d q (b p b (w u q z i t p) z ad))) a ab s u))))) (x (f p o x k s i v g)) v))) (ac b (d (y (b ac w v w i n)))) ac (a r (t (ad (u (ad s d q (b p b (w u q z i t p) z ad))) (h v b (u (ad s d q (b p b (w u q z i t p) z ad))) a ab s u))))) (q (r f e d aa) (m z b b c l) l)
e t w (n (e (q (e t w (i (f (ad h b y n v y)) i l p (ac b (d (y (b ac w v w i n)))) ac (a r (t (ad (u (ad s d q (b p b (w u q z i t p) z ad))) (h v b (u (ad s d q (b p b (w u q z i t p) z ad))) a ab s u))))) (x (f p o x k s i v g)) v))) (ac b (d (y (b ac w v w i n)))) ac (a r (t (ad (u (ad s d q (b p b (w u q z i t p) z ad))) (h v b (u (ad s d q (b p b (w u q z i t p) z ad))) a ab s u))))) (q (r f e d aa) (m z b b c l) l)
e t w (n (e (q (e t w (p p (g y (g d p ad m n)) i l p (ac b (d (y (b ac w v w i n)))) ac (a r (t (ad (u (ad s d q (b p b (w u q z i t p) z ad))) (h v b (u (ad s d q (b p b (w u q z i t p) z ad))) a ab s u))))) (x (f p o x k s i v g)) v))) (ac b (d (y (b ac w v w i n)))) ac (a r (t (ad (u (ad s d q (b p b (w u q z i t p) z ad))) (h v b (u (ad s d q (b p b (w u q z i t p) z ad))) a ab s u))))) (q (r f e d aa) (m z b b c l) l)
e t w (n (e (q (e t w (h (r (b a (c (r v) u j z c x w n j ab))) p (g y (g d p ad m n)) i l p (ac b (d (y (b ac w v w i n)))) ac (a r (t (ad (u (ad s d q (b p b (w u q z i t p) z ad))) (h v b (u (ad s d q (b p b (w u q z i t p) z ad))) a ab s u))))) (x (f p o x k s i v g)) v))) (ac b (d (y (b ac w v w i n)))) ac (a r (t (ad (u (ad s d q (b p b (w u q z i t p) z ad))) (h v b (u (ad s d q (b p b (w u q z i t p) z ad))) a ab s u))))) (q (r f e d aa) (m z b b c l) l)
e t w (n (e (q (e t w (w v (n (j p (v (r (b a (c (r v) u j z c x w n j ab)) (n (r (b a (c (r v) u j z c x w n j ab)) p l w w z j j w)))))) (g y (g d p ad m n)) i l p (ac b (d (y (b ac w v w i n)))) ac (a r (t (ad (u (ad s d q (b p b (w u q z i t p) z ad))) (h v b (u (ad s d q (b p b (w u q z i t p) z ad))) a ab s u))))) (x (f p o x k s i v g)) v))) (ac b (d (y (b ac w v w i n)))) ac (a r (t (ad (u (ad s d q (b p b (w u q z i t p) z ad))) (h v b (u (ad s d q (b p b (w u q z i t p) z ad))) a ab s u))))) (q (r f e d aa) (m z b b c l) l)
e t w (n (e (q (e t w (b c (q (n (j p (v (r (b a (c (r v) u j z c x w n j ab)) (n (r (b a (c (r v) u j z c x w n j ab)) p l w w z j j w)))))) (m z b b v l) l) (g y (g d p ad m n)) i l p (ac b (d (y (b ac w v w i n)))) ac (a r (t (ad (u (ad s d q (b p b (w u q z i t p) z ad))) (h v b (u (ad s d q (b p b (w u q z i t p) z ad))) a ab s u))))) (x (f p o x k s i v g)) v))) (ac b (d (y (b ac w v w i n)))) ac (a r (t (ad (u (ad s d q (b p b (w u q z i t p) z ad))) (h v b (u (ad s d q (b p b (w u q z i t p) z ad))) a ab s u))))) (q (r f e d aa) (m z b b c l) l)


