a ae af = f (c (m (k g (m v) h g d ac k x y l ad h x)))
b af ae = q p (x ae m l x ad o) l
c ae af = k (n (ac (b m a aa v ab i m)))
d = b i (i x (y b (o ac z c ab aa b) u) t e)
e af ai ah ae ag = h r b y a (b p)
f ah af ag ae ai = k (t z x m (t a r h v k i j o))
g = aa m l c i (n d) ac h (j d)
h ae af = q (g (ad c (u (r af z k u b x w b g))))
i ae = ae (d ad x m k w p aa f z ac a h l)
j ae af = ac b k (q y o)
k ah ag ai af ae = h (ab p)
l ae = j (ac (j (x f ae t p g)))
m ae ai af ah ag aj = f l z (ac v e)
n ae ah ag af ai = d g (x (j ab (x e ag j m i)))
o ae ah af ai ag = t w b s z (a (r (v f (z ad z n u ac ab))))
p ah aj af ai ag ae = h ad c g (w (w q) ab r (m (k g) b z h i a))
q af ae ag = n (v (x c n l p e b))
r ae = ab (ad z (i p d (z w l ae x)))
s af ag ae = a (ac (aa (m i x c w c c a a m p p ag)))
t ah ae af ag = s (k u c x)
u ai ah ae af ag = w (e (b h v c x g x m m))
v af aj ah ae ag ai = w q p p b (f (w (u z (aa a h)) (h s h l y ac)))
w ae = p y a (n h z (y (j k aa p d p a g)))
x af ag ae = m (c u (l q) o)
y af ae = x (x e g (ae j h a g (z q o m g j f i g)))
z af ae = a p (u c d a n)
aa ag ah ai af ae = h i i (p r c i z n p q k (c m o f i))
ab = a (r (s c b f o a x i l e))
ac ah ai aj af ae ag = x aa
ad ae = w a (ab ac m (q (j (aa l d g ab i e h f u))))
main = f c ac (A (s (u (t B (q ad (C l (m (k (r f q j (o b o ab (b (f (g h (m m l (k w n (n (D a p j (f d (E (F o (t y (e (e q v G ad t H o g l i ac c I j u p e J K h f i e r L p M ab o N c i k c i x d a b k O aa d P h ad ad) Q R) f S u) v aa))))))))))))))))))))
------------------------------------------------------------
f c ac (A (s (u (t B (q ad (C l (m (k (r f q j (o b o ab (b (f (g h (m m l (k w n (n (D a p j (f d (E (F o (t y (e (e q v G ad t H o g l i ac c I j u p e J K h f i e r L p M ab o N c i k c i x d a b k O aa d P h ad ad) Q R) f S u) v aa))))))))))))))))))))
f c ac (A (s (u (t B (q ad (C l (m (k (ab (ad z (i p d (z w l f x))) q j (o b o ab (b (f (g h (m m l (k w n (n (D a p j (f d (E (F o (t y (e (e q v G ad t H o g l i ac c I j u p e J K h f i e r L p M ab o N c i k c i x d a b k O aa d P h ad ad) Q R) f S u) v aa))))))))))))))))))))
f c ac (A (s (u (t B (q ad (C l (m (k (a (r (s c b f o a x i l e)) (ad z (i p d (z w l f x))) q j (o b o ab (b (f (g h (m m l (k w n (n (D a p j (f d (E (F o (t y (e (e q v G ad t H o g l i ac c I j u p e J K h f i e r L p M ab o N c i k c i x d a b k O aa d P h ad ad) Q R) f S u) v aa))))))))))))))))))))
f c ac (A (s (u (t B (q ad (C l (m (k (f (c (m (k g (m v) h g d ac k x y l ad h x))) q j (o b o ab (b (f (g h (m m l (k w n (n (D a p j (f d (E (F o (t y (e (e q v G ad t H o g l i ac c I j u p e J K h f i e r L p M ab o N c i k c i x d a b k O aa d P h ad ad) Q R) f S u) v aa))))))))))))))))))))
f c ac (A (s (u (t B (q ad (C l (m (k (f (c (m (h (ab p) ac k x y l ad h x))) q j (o b o ab (b (f (g h (m m l (k w n (n (D a p j (f d (E (F o (t y (e (e q v G ad t H o g l i ac c I j u p e J K h f i e r L p M ab o N c i k c i x d a b k O aa d P h ad ad) Q R) f S u) v aa))))))))))))))))))))
f c ac (A (s (u (t B (q ad (C l (m (k (f (c (m (q (g (ad c (u (r ac z k u b x w b g)))) k x y l ad h x))) q j (o b o ab (b (f (g h (m m l (k w n (n (D a p j (f d (E (F o (t y (e (e q v G ad t H o g l i ac c I j u p e J K h f i e r L p M ab o N c i k c i x d a b k O aa d P h ad ad) Q R) f S u) v aa))))))))))))))))))))
f c ac (A (s (u (t B (q ad (C l (m (k (f (c (m (n (v (x c n l p e b)) y l ad h x))) q j (o b o ab (b (f (g h (m m l (k w n (n (D a p j (f d (E (F o (t y (e (e q v G ad t H o g l i ac c I j u p e J K h f i e r L p M ab o N c i k c i x d a b k O aa d P h ad ad) Q R) f S u) v aa))))))))))))))))))))
f c ac (A (s (u (t B (q ad (C l (m (k (f (c (m (d g (x (j ab (x e l j m i))) x))) q j (o b o ab (b (f (g h (m m l (k w n (n (D a p j (f d (E (F o (t y (e (e q v G ad t H o g l i ac c I j u p e J K h f i e r L p M ab o N c i k c i x d a b k O aa d P h ad ad) Q R) f S u) v aa))))))))))))))))))))
f c ac (A (s (u (t B (q ad (C l (m (k (f (c (m (b i (i x (y b (o ac z c ab aa b) u) t e) g (x (j ab (x e l j m i))) x))) q j (o b o ab (b (f (g h (m m l (k w n (n (D a p j (f d (E (F o (t y (e (e q v G ad t H o g l i ac c I j u p e J K h f i e r L p M ab o N c i k c i x d a b k O aa d P h ad ad) Q R) f S u) v aa))))))))))))))))))))
f c ac (A (s (u (t B (q ad (C l (m (k (f (c (m (q p (x (i x (y b (o ac z c ab aa b) u) t e) m l x ad o) l g (x (j ab (x e l j m i))) x))) q j (o b o ab (b (f (g h (m m l (k w n (n (D a p j (f d (E (F o (t y (e (e q v G ad t H o g l i ac c I j u p e J K h f i e r L p M ab o N c i k c i x d a b k O aa d P h ad ad) Q R) f S u) v aa))))))))))))))))))))
f c ac (A (s (u (t B (q ad (C l (m (k (f (c (m (n (v (x c n l p e b)) g (x (j ab (x e l j m i))) x))) q j (o b o ab (b (f (g h (m m l (k w n (n (D a p j (f d (E (F o (t y (e (e q v G ad t H o g l i ac c I j u p e J K h f i e r L p M ab o N c i k c i x d a b k O aa d P h ad ad) Q R) f S u) v aa))))))))))))))))))))
f c ac (A (s (u (t B (q ad (C l (m (k (f (c (m (n (v (m (c u (l q) o) p e b)) g (x (j ab (x e l j m i))) x))) q j (o b o ab (b (f (g h (m m l (k w n (n (D a p j (f d (E (F o (t y (e (e q v G ad t H o g l i ac c I j u p e J K h f i e r L p M ab o N c i k c i x d a b k O aa d P h ad ad) Q R) f S u) v aa))))))))))))))))))))
f c ac (A (s (u (t B (q ad (C l (m (k (f (c (m (n (v (m (k (n (ac (b m a aa v ab i m))) o) p e b)) g (x (j ab (x e l j m i))) x))) q j (o b o ab (b (f (g h (m m l (k w n (n (D a p j (f d (E (F o (t y (e (e q v G ad t H o g l i ac c I j u p e J K h f i e r L p M ab o N c i k c i x d a b k O aa d P h ad ad) Q R) f S u) v aa))))))))))))))))))))
f c ac (A (s (u (t B (q ad (C l (m (k (f (c (m (n (v (m (k (n (ac (q p (x a m l x ad o) l aa v ab i m))) o) p e b)) g (x (j ab (x e l j m i))) x))) q j (o b o ab (b (f (g h (m m l (k w n (n (D a p j (f d (E (F o (t y (e (e q v G ad t H o g l i ac c I j u p e J K h f i e r L p M ab o N c i k c i x d a b k O aa d P h ad ad) Q R) f S u) v aa))))))))))))))))))))
f c ac (A (s (u (t B (q ad (C l (m (k (f (c (m (n (v (m (k (n (ac (n (v (x c n l p e b)) aa v ab i m))) o) p e b)) g (x (j ab (x e l j m i))) x))) q j (o b o ab (b (f (g h (m m l (k w n (n (D a p j (f d (E (F o (t y (e (e q v G ad t H o g l i ac c I j u p e J K h f i e r L p M ab o N c i k c i x d a b k O aa d P h ad ad) Q R) f S u) v aa))))))))))))))))))))
f c ac (A (s (u (t B (q ad (C l (m (k (f (c (m (n (v (m (k (n (ac (d g (x (j ab (x e v j m i))) m))) o) p e b)) g (x (j ab (x e l j m i))) x))) q j (o b o ab (b (f (g h (m m l (k w n (n (D a p j (f d (E (F o (t y (e (e q v G ad t H o g l i ac c I j u p e J K h f i e r L p M ab o N c i k c i x d a b k O aa d P h ad ad) Q R) f S u) v aa))))))))))))))))))))
f c ac (A (s (u (t B (q ad (C l (m (k (f (c (m (n (v (m (k (n (ac (b i (i x (y b (o ac z c ab aa b) u) t e) g (x (j ab (x e v j m i))) m))) o) p e b)) g (x (j ab (x e l j m i))) x))) q j (o b o ab (b (f (g h (m m l (k w n (n (D a p j (f d (E (F o (t y (e (e q v G ad t H o g l i ac c I j u p e J K h f i e r L p M ab o N c i k c i x d a b k O aa d P h ad ad) Q R) f S u) v aa))))))))))))))))))))
f c ac (A (s (u (t B (q ad (C l (m (k (f (c (m (n (v (m (k (n (ac (q p (x (i x (y b (o ac z c ab aa b) u) t e) m l x ad o) l g (x (j ab (x e v j m i))) m))) o) p e b)) g (x (j ab (x e l j m i))) x))) q j (o b o ab (b (f (g h (m m l (k w n (n (D a p j (f d (E (F o (t y (e (e q v G ad t H o g l i ac c I j u p e J K h f i e r L p M ab o N c i k c i x d a b k O aa d P h ad ad) Q R) f S u) v aa))))))))))))))))))))
f c ac (A (s (u (t B (q ad (C l (m (k (f (c (m (n (v (m (k (n (ac (n (v (x c n l p e b)) g (x (j ab (x e v j m i))) m))) o) p e b)) g (x (j ab (x e l j m i))) x))) q j (o b o ab (b (f (g h (m m l (k w n (n (D a p j (f d (E (F o (t y (e (e q v G ad t H o g l i ac c I j u p e J K h f i e r L p M ab o N c i k c i x d a b k O aa d P h ad ad) Q R) f S u) v aa))))))))))))))))))))
f c ac (A (s (u (t B (q ad (C l (m (k (f (c (m (n (v (m (k (n (ac (n (v (m (c u (l q) o) p e b)) g (x (j ab (x e v j m i))) m))) o) p e b)) g (x (j ab (x e l j m i))) x))) q j (o b o ab (b (f (g h (m m l (k w n (n (D a p j (f d (E (F o (t y (e (e q v G ad t H o g l i ac c I j u p e J K h f i e r L p M ab o N c i k c i x d a b k O aa d P h ad ad) Q R) f S u) v aa))))))))))))))))))))
f c ac (A (s (u (t B (q ad (C l (m (k (f (c (m (n (v (m (k (n (ac (n (v (m (k (n (ac (b m a aa v ab i m))) o) p e b)) g (x (j ab (x e v j m i))) m))) o) p e b)) g (x (j ab (x e l j m i))) x))) q j (o b o ab (b (f (g h (m m l (k w n (n (D a p j (f d (E (F o (t y (e (e q v G ad t H o g l i ac c I j u p e J K h f i e r L p M ab o N c i k c i x d a b k O aa d P h ad ad) Q R) f S u) v aa))))))))))))))))))))
f c ac (A (s (u (t B (q ad (C l (m (k (f (c (m (n (v (m (k (n (ac (n (v (m (k (n (ac (q p (x a m l x ad o) l aa v ab i m))) o) p e b)) g (x (j ab (x e v j m i))) m))) o) p e b)) g (x (j ab (x e l j m i))) x))) q j (o b o ab (b (f (g h (m m l (k w n (n (D a p j (f d (E (F o (t y (e (e q v G ad t H o g l i ac c I j u p e J K h f i e r L p M ab o N c i k c i x d a b k O aa d P h ad ad) Q R) f S u) v aa))))))))))))))))))))
f c ac (A (s (u (t B (q ad (C l (m (k (f (c (m (n (v (m (k (n (ac (n (v (m (k (n (ac (n (v (x c n l p e b)) aa v ab i m))) o) p e b)) g (x (j ab (x e v j m i))) m))) o) p e b)) g (x (j ab (x e l j m i))) x))) q j (o b o ab (b (f (g h (m m l (k w n (n (D a p j (f d (E (F o (t y (e (e q v G ad t H o g l i ac c I j u p e J K h f i e r L p M ab o N c i k c i x d a b k O aa d P h ad ad) Q R) f S u) v aa))))))))))))))))))))
f c ac (A (s (u (t B (q ad (C l (m (k (f (c (m (n (v (m (k (n (ac (n (v (m (k (n (ac (d g (x (j ab (x e v j m i))) m))) o) p e b)) g (x (j ab (x e v j m i))) m))) o) p e b)) g (x (j ab (x e l j m i))) x))) q j (o b o ab (b (f (g h (m m l (k w n (n (D a p j (f d (E (F o (t y (e (e q v G ad t H o g l i ac c I j u p e J K h f i e r L p M ab o N c i k c i x d a b k O aa d P h ad ad) Q R) f S u) v aa))))))))))))))))))))
f c ac (A (s (u (t B (q ad (C l (m (k (f (c (m (n (v (m (k (n (ac (n (v (m (k (n (ac (b i (i x (y b (o ac z c ab aa b) u) t e) g (x (j ab (x e v j m i))) m))) o) p e b)) g (x (j ab (x e v j m i))) m))) o) p e b)) g (x (j ab (x e l j m i))) x))) q j (o b o ab (b (f (g h (m m l (k w n (n (D a p j (f d (E (F o (t y (e (e q v G ad t H o g l i ac c I j u p e J K h f i e r L p M ab o N c i k c i x d a b k O aa d P h ad ad) Q R) f S u) v aa))))))))))))))))))))
f c ac (A (s (u (t B (q ad (C l (m (k (f (c (m (n (v (m (k (n (ac (n (v (m (k (n (ac (q p (x (i x (y b (o ac z c ab aa b) u) t e) m l x ad o) l g (x (j ab (x e v j m i))) m))) o) p e b)) g (x (j ab (x e v j m i))) m))) o) p e b)) g (x (j ab (x e l j m i))) x))) q j (o b o ab (b (f (g h (m m l (k w n (n (D a p j (f d (E (F o (t y (e (e q v G ad t H o g l i ac c I j u p e J K h f i e r L p M ab o N c i k c i x d a b k O aa d P h ad ad) Q R) f S u) v aa))))))))))))))))))))
f c ac (A (s (u (t B (q ad (C l (m (k (f (c (m (n (v (m (k (n (ac (n (v (m (k (n (ac (n (v (x c n l p e b)) g (x (j ab (x e v j m i))) m))) o) p e b)) g (x (j ab (x e v j m i))) m))) o) p e b)) g (x (j ab (x e l j m i))) x))) q j (o b o ab (b (f (g h (m m l (k w n (n (D a p j (f d (E (F o (t y (e (e q v G ad t H o g l i ac c I j u p e J K h f i e r L p M ab o N c i k c i x d a b k O aa d P h ad ad) Q R) f S u) v aa))))))))))))))))))))
f c ac (A (s (u (t B (q ad (C l (m (k (f (c (m (n (v (m (k (n (ac (n (v (m (k (n (ac (n (v (m (c u (l q) o) p e b)) g (x (j ab (x e v j m i))) m))) o) p e b)) g (x (j ab (x e v j m i))) m))) o) p e b)) g (x (j ab (x e l j m i))) x))) q j (o b o ab (b (f (g h (m m l (k w n (n (D a p j (f d (E (F o (t y (e (e q v G ad t H o g l i ac c I j u p e J K h f i e r L p M ab o N c i k c i x d a b k O aa d P h ad ad) Q R) f S u) v aa))))))))))))))))))))
f c ac (A (s (u (t B (q ad (C l (m (k (f (c (m (n (v (m (k (n (ac (n (v (m (k (n (ac (n (v (m (k (n (ac (b m a aa v ab i m))) o) p e b)) g (x (j ab (x e v j m i))) m))) o) p e b)) g (x (j ab (x e v j m i))) m))) o) p e b)) g (x (j ab (x e l j m i))) x))) q j (o b o ab (b (f (g h (m m l (k w n (n (D a p j (f d (E (F o (t y (e (e q v G ad t H o g l i ac c I j u p e J K h f i e r L p M ab o N c i k c i x d a b k O aa d P h ad ad) Q R) f S u) v aa))))))))))))))))))))
f c ac (A (s (u (t B (q ad (C l (m (k (f (c (m (n (v (m (k (n (ac (n (v (m (k (n (ac (n (v (m (k (n (ac (q p (x a m l x ad o) l aa v ab i m))) o) p e b)) g (x (j ab (x e v j m i))) m))) o) p e b)) g (x (j ab (x e v j m i))) m))) o) p e b)) g (x (j ab (x e l j m i))) x))) q j (o b o ab (b (f (g h (m m l (k w n (n (D a p j (f d (E (F o (t y (e (e q v G ad t H o g l i ac c I j u p e J K h f i e r L p M ab o N c i k c i x d a b k O aa d P h ad ad) Q R) f S u) v aa))))))))))))))))))))


