a ah ag af ae = k ah m (v (y x (p m d x) ad)) ac x
b ag ae ah af = n (o (ac j r z e d))
c af ag ah ae = h (l x (q ad q e ab))
d = k i (k (k a c j h n ab w))
e ag af ae = q (u y (g (q (ac (n (b af j ae aa f aa g k i))))))
f ae = q d m (w r g ae (s j j))
g af ae = o (ac h) (ac v)
h af ae = p g (l u x a s e)
i ai ag ae ah af = ac (m (v (o ad) (d g x a aa d b h) r af b))
j ae = ae (c t k q f)
k ae = y t q
l ah af ag ae = i (o (u (d (u (x u n t o ac z f b f p a) q))))
m af ae ag = ab (ae (q (c s e f ag a t l e d ac q q)))
n ah ag ai af ae aj = s w h g (u h d (c x ag w ad t ab))
o af ae = u (d (b (g g (aa v m af d p z) w t l z)))
p ah ag ae af = b (aa u l r (h (c (aa ad) (aa x) e m w e s w c)))
q ag ae af = v (b (n w (ae v e f ac x ad aa) ac))
r = j (ac f h k m (j g k)) n ac t
s ag af ae = g (h (c j aa ad f) aa h)
t = f x (z (m ac (q (h ad p aa i) e)))
u af ae ah ai ag = i (i ac z (e (v (d (a m (s i) ae v r e ac l af)))))
v ag af ae = s (ad l (f l k (ad f u a (h ab k r z))))
w = e l (s (aa (h y n y a l b m ad ab k z)))
x af ae ag = ag a (ag p p)
y = t l (aa f (v (u j v d x t u d p g e)))
z ae = a k k f c (k b s) (g s e t ae ae)
aa af ae = c f u (ac k c y g m r t y)
ab ag ah ae aj ai af = x y (q o z (r o (p (w t (g c aa k ae s l m)))))
ac ae = u w o (ad i) (s ab (f a n (e j f x ad l t l)))
ad ah ag ae af = n (af i r)
main = d (A a n B g (k aa t c a (ab d (ac (ad (i j (y (ac (v i (o (w j (C (D ab (l g v j c (x (E (g f (F w (s a (t G (g (k (ac (o ab a c x y b z) h H q I o) w ad h p n h aa e a k d c l s u b J m m w ad u x h ab d y q aa t r ab k l t u e d c l b c))))))))))))))))))))))
------------------------------------------------------------
d (A a n B g (k aa t c a (ab d (ac (ad (i j (y (ac (v i (o (w j (C (D ab (l g v j c (x (E (g f (F w (s a (t G (g (k (ac (o ab a c x y b z) h H q I o) w ad h p n h aa e a k d c l s u b J m m w ad u x h ab d y q aa t r ab k l t u e d c l b c))))))))))))))))))))))
k i (k (k a c j h n ab w)) (A a n B g (k aa t c a (ab d (ac (ad (i j (y (ac (v i (o (w j (C (D ab (l g v j c (x (E (g f (F w (s a (t G (g (k (ac (o ab a c x y b z) h H q I o) w ad h p n h aa e a k d c l s u b J m m w ad u x h ab d y q aa t r ab k l t u e d c l b c))))))))))))))))))))))
y t q (k (k a c j h n ab w)) (A a n B g (k aa t c a (ab d (ac (ad (i j (y (ac (v i (o (w j (C (D ab (l g v j c (x (E (g f (F w (s a (t G (g (k (ac (o ab a c x y b z) h H q I o) w ad h p n h aa e a k d c l s u b J m m w ad u x h ab d y q aa t r ab k l t u e d c l b c))))))))))))))))))))))
t l (aa f (v (u j v d x t u d p g e))) t q (k (k a c j h n ab w)) (A a n B g (k aa t c a (ab d (ac (ad (i j (y (ac (v i (o (w j (C (D ab (l g v j c (x (E (g f (F w (s a (t G (g (k (ac (o ab a c x y b z) h H q I o) w ad h p n h aa e a k d c l s u b J m m w ad u x h ab d y q aa t r ab k l t u e d c l b c))))))))))))))))))))))
f x (z (m ac (q (h ad p aa i) e))) l (aa f (v (u j v d x t u d p g e))) t q (k (k a c j h n ab w)) (A a n B g (k aa t c a (ab d (ac (ad (i j (y (ac (v i (o (w j (C (D ab (l g v j c (x (E (g f (F w (s a (t G (g (k (ac (o ab a c x y b z) h H q I o) w ad h p n h aa e a k d c l s u b J m m w ad u x h ab d y q aa t r ab k l t u e d c l b c))))))))))))))))))))))
q d m (w r g x (s j j)) (z (m ac (q (h ad p aa i) e))) l (aa f (v (u j v d x t u d p g e))) t q (k (k a c j h n ab w)) (A a n B g (k aa t c a (ab d (ac (ad (i j (y (ac (v i (o (w j (C (D ab (l g v j c (x (E (g f (F w (s a (t G (g (k (ac (o ab a c x y b z) h H q I o) w ad h p n h aa e a k d c l s u b J m m w ad u x h ab d y q aa t r ab k l t u e d c l b c))))))))))))))))))))))
v (b (n w (m v e f ac x ad aa) ac)) (z (m ac (q (h ad p aa i) e))) l (aa f (v (u j v d x t u d p g e))) t q (k (k a c j h n ab w)) (A a n B g (k aa t c a (ab d (ac (ad (i j (y (ac (v i (o (w j (C (D ab (l g v j c (x (E (g f (F w (s a (t G (g (k (ac (o ab a c x y b z) h H q I o) w ad h p n h aa e a k d c l s u b J m m w ad u x h ab d y q aa t r ab k l t u e d c l b c))))))))))))))))))))))
s (ad l (f l k (ad f u a (h ab k r z)))) (aa f (v (u j v d x t u d p g e))) t q (k (k a c j h n ab w)) (A a n B g (k aa t c a (ab d (ac (ad (i j (y (ac (v i (o (w j (C (D ab (l g v j c (x (E (g f (F w (s a (t G (g (k (ac (o ab a c x y b z) h H q I o) w ad h p n h aa e a k d c l s u b J m m w ad u x h ab d y q aa t r ab k l t u e d c l b c))))))))))))))))))))))
g (h (c j aa ad f) aa h) q (k (k a c j h n ab w)) (A a n B g (k aa t c a (ab d (ac (ad (i j (y (ac (v i (o (w j (C (D ab (l g v j c (x (E (g f (F w (s a (t G (g (k (ac (o ab a c x y b z) h H q I o) w ad h p n h aa e a k d c l s u b J m m w ad u x h ab d y q aa t r ab k l t u e d c l b c))))))))))))))))))))))
o (ac h) (ac v) (k (k a c j h n ab w)) (A a n B g (k aa t c a (ab d (ac (ad (i j (y (ac (v i (o (w j (C (D ab (l g v j c (x (E (g f (F w (s a (t G (g (k (ac (o ab a c x y b z) h H q I o) w ad h p n h aa e a k d c l s u b J m m w ad u x h ab d y q aa t r ab k l t u e d c l b c))))))))))))))))))))))
u (d (b (g g (aa v m (ac h) d p z) w t l z))) (k (k a c j h n ab w)) (A a n B g (k aa t c a (ab d (ac (ad (i j (y (ac (v i (o (w j (C (D ab (l g v j c (x (E (g f (F w (s a (t G (g (k (ac (o ab a c x y b z) h H q I o) w ad h p n h aa e a k d c l s u b J m m w ad u x h ab d y q aa t r ab k l t u e d c l b c))))))))))))))))))))))
u (k i (k (k a c j h n ab w)) (b (g g (aa v m (ac h) d p z) w t l z))) (k (k a c j h n ab w)) (A a n B g (k aa t c a (ab d (ac (ad (i j (y (ac (v i (o (w j (C (D ab (l g v j c (x (E (g f (F w (s a (t G (g (k (ac (o ab a c x y b z) h H q I o) w ad h p n h aa e a k d c l s u b J m m w ad u x h ab d y q aa t r ab k l t u e d c l b c))))))))))))))))))))))
u (y t q (k (k a c j h n ab w)) (b (g g (aa v m (ac h) d p z) w t l z))) (k (k a c j h n ab w)) (A a n B g (k aa t c a (ab d (ac (ad (i j (y (ac (v i (o (w j (C (D ab (l g v j c (x (E (g f (F w (s a (t G (g (k (ac (o ab a c x y b z) h H q I o) w ad h p n h aa e a k d c l s u b J m m w ad u x h ab d y q aa t r ab k l t u e d c l b c))))))))))))))))))))))
u (t l (aa f (v (u j v d x t u d p g e))) t q (k (k a c j h n ab w)) (b (g g (aa v m (ac h) d p z) w t l z))) (k (k a c j h n ab w)) (A a n B g (k aa t c a (ab d (ac (ad (i j (y (ac (v i (o (w j (C (D ab (l g v j c (x (E (g f (F w (s a (t G (g (k (ac (o ab a c x y b z) h H q I o) w ad h p n h aa e a k d c l s u b J m m w ad u x h ab d y q aa t r ab k l t u e d c l b c))))))))))))))))))))))
u (f x (z (m ac (q (h ad p aa i) e))) l (aa f (v (u j v d x t u d p g e))) t q (k (k a c j h n ab w)) (b (g g (aa v m (ac h) d p z) w t l z))) (k (k a c j h n ab w)) (A a n B g (k aa t c a (ab d (ac (ad (i j (y (ac (v i (o (w j (C (D ab (l g v j c (x (E (g f (F w (s a (t G (g (k (ac (o ab a c x y b z) h H q I o) w ad h p n h aa e a k d c l s u b J m m w ad u x h ab d y q aa t r ab k l t u e d c l b c))))))))))))))))))))))
u (q d m (w r g x (s j j)) (z (m ac (q (h ad p aa i) e))) l (aa f (v (u j v d x t u d p g e))) t q (k (k a c j h n ab w)) (b (g g (aa v m (ac h) d p z) w t l z))) (k (k a c j h n ab w)) (A a n B g (k aa t c a (ab d (ac (ad (i j (y (ac (v i (o (w j (C (D ab (l g v j c (x (E (g f (F w (s a (t G (g (k (ac (o ab a c x y b z) h H q I o) w ad h p n h aa e a k d c l s u b J m m w ad u x h ab d y q aa t r ab k l t u e d c l b c))))))))))))))))))))))
u (v (b (n w (m v e f ac x ad aa) ac)) (z (m ac (q (h ad p aa i) e))) l (aa f (v (u j v d x t u d p g e))) t q (k (k a c j h n ab w)) (b (g g (aa v m (ac h) d p z) w t l z))) (k (k a c j h n ab w)) (A a n B g (k aa t c a (ab d (ac (ad (i j (y (ac (v i (o (w j (C (D ab (l g v j c (x (E (g f (F w (s a (t G (g (k (ac (o ab a c x y b z) h H q I o) w ad h p n h aa e a k d c l s u b J m m w ad u x h ab d y q aa t r ab k l t u e d c l b c))))))))))))))))))))))
u (s (ad l (f l k (ad f u a (h ab k r z)))) (aa f (v (u j v d x t u d p g e))) t q (k (k a c j h n ab w)) (b (g g (aa v m (ac h) d p z) w t l z))) (k (k a c j h n ab w)) (A a n B g (k aa t c a (ab d (ac (ad (i j (y (ac (v i (o (w j (C (D ab (l g v j c (x (E (g f (F w (s a (t G (g (k (ac (o ab a c x y b z) h H q I o) w ad h p n h aa e a k d c l s u b J m m w ad u x h ab d y q aa t r ab k l t u e d c l b c))))))))))))))))))))))
u (g (h (c j aa ad f) aa h) q (k (k a c j h n ab w)) (b (g g (aa v m (ac h) d p z) w t l z))) (k (k a c j h n ab w)) (A a n B g (k aa t c a (ab d (ac (ad (i j (y (ac (v i (o (w j (C (D ab (l g v j c (x (E (g f (F w (s a (t G (g (k (ac (o ab a c x y b z) h H q I o) w ad h p n h aa e a k d c l s u b J m m w ad u x h ab d y q aa t r ab k l t u e d c l b c))))))))))))))))))))))
u (o (ac h) (ac v) (k (k a c j h n ab w)) (b (g g (aa v m (ac h) d p z) w t l z))) (k (k a c j h n ab w)) (A a n B g (k aa t c a (ab d (ac (ad (i j (y (ac (v i (o (w j (C (D ab (l g v j c (x (E (g f (F w (s a (t G (g (k (ac (o ab a c x y b z) h H q I o) w ad h p n h aa e a k d c l s u b J m m w ad u x h ab d y q aa t r ab k l t u e d c l b c))))))))))))))))))))))
u (u (d (b (g g (aa v m (ac h) d p z) w t l z))) (k (k a c j h n ab w)) (b (g g (aa v m (ac h) d p z) w t l z))) (k (k a c j h n ab w)) (A a n B g (k aa t c a (ab d (ac (ad (i j (y (ac (v i (o (w j (C (D ab (l g v j c (x (E (g f (F w (s a (t G (g (k (ac (o ab a c x y b z) h H q I o) w ad h p n h aa e a k d c l s u b J m m w ad u x h ab d y q aa t r ab k l t u e d c l b c))))))))))))))))))))))
u (u (k i (k (k a c j h n ab w)) (b (g g (aa v m (ac h) d p z) w t l z))) (k (k a c j h n ab w)) (b (g g (aa v m (ac h) d p z) w t l z))) (k (k a c j h n ab w)) (A a n B g (k aa t c a (ab d (ac (ad (i j (y (ac (v i (o (w j (C (D ab (l g v j c (x (E (g f (F w (s a (t G (g (k (ac (o ab a c x y b z) h H q I o) w ad h p n h aa e a k d c l s u b J m m w ad u x h ab d y q aa t r ab k l t u e d c l b c))))))))))))))))))))))
u (u (y t q (k (k a c j h n ab w)) (b (g g (aa v m (ac h) d p z) w t l z))) (k (k a c j h n ab w)) (b (g g (aa v m (ac h) d p z) w t l z))) (k (k a c j h n ab w)) (A a n B g (k aa t c a (ab d (ac (ad (i j (y (ac (v i (o (w j (C (D ab (l g v j c (x (E (g f (F w (s a (t G (g (k (ac (o ab a c x y b z) h H q I o) w ad h p n h aa e a k d c l s u b J m m w ad u x h ab d y q aa t r ab k l t u e d c l b c))))))))))))))))))))))
u (u (t l (aa f (v (u j v d x t u d p g e))) t q (k (k a c j h n ab w)) (b (g g (aa v m (ac h) d p z) w t l z))) (k (k a c j h n ab w)) (b (g g (aa v m (ac h) d p z) w t l z))) (k (k a c j h n ab w)) (A a n B g (k aa t c a (ab d (ac (ad (i j (y (ac (v i (o (w j (C (D ab (l g v j c (x (E (g f (F w (s a (t G (g (k (ac (o ab a c x y b z) h H q I o) w ad h p n h aa e a k d c l s u b J m m w ad u x h ab d y q aa t r ab k l t u e d c l b c))))))))))))))))))))))
u (u (f x (z (m ac (q (h ad p aa i) e))) l (aa f (v (u j v d x t u d p g e))) t q (k (k a c j h n ab w)) (b (g g (aa v m (ac h) d p z) w t l z))) (k (k a c j h n ab w)) (b (g g (aa v m (ac h) d p z) w t l z))) (k (k a c j h n ab w)) (A a n B g (k aa t c a (ab d (ac (ad (i j (y (ac (v i (o (w j (C (D ab (l g v j c (x (E (g f (F w (s a (t G (g (k (ac (o ab a c x y b z) h H q I o) w ad h p n h aa e a k d c l s u b J m m w ad u x h ab d y q aa t r ab k l t u e d c l b c))))))))))))))))))))))
u (u (q d m (w r g x (s j j)) (z (m ac (q (h ad p aa i) e))) l (aa f (v (u j v d x t u d p g e))) t q (k (k a c j h n ab w)) (b (g g (aa v m (ac h) d p z) w t l z))) (k (k a c j h n ab w)) (b (g g (aa v m (ac h) d p z) w t l z))) (k (k a c j h n ab w)) (A a n B g (k aa t c a (ab d (ac (ad (i j (y (ac (v i (o (w j (C (D ab (l g v j c (x (E (g f (F w (s a (t G (g (k (ac (o ab a c x y b z) h H q I o) w ad h p n h aa e a k d c l s u b J m m w ad u x h ab d y q aa t r ab k l t u e d c l b c))))))))))))))))))))))
u (u (v (b (n w (m v e f ac x ad aa) ac)) (z (m ac (q (h ad p aa i) e))) l (aa f (v (u j v d x t u d p g e))) t q (k (k a c j h n ab w)) (b (g g (aa v m (ac h) d p z) w t l z))) (k (k a c j h n ab w)) (b (g g (aa v m (ac h) d p z) w t l z))) (k (k a c j h n ab w)) (A a n B g (k aa t c a (ab d (ac (ad (i j (y (ac (v i (o (w j (C (D ab (l g v j c (x (E (g f (F w (s a (t G (g (k (ac (o ab a c x y b z) h H q I o) w ad h p n h aa e a k d c l s u b J m m w ad u x h ab d y q aa t r ab k l t u e d c l b c))))))))))))))))))))))
u (u (s (ad l (f l k (ad f u a (h ab k r z)))) (aa f (v (u j v d x t u d p g e))) t q (k (k a c j h n ab w)) (b (g g (aa v m (ac h) d p z) w t l z))) (k (k a c j h n ab w)) (b (g g (aa v m (ac h) d p z) w t l z))) (k (k a c j h n ab w)) (A a n B g (k aa t c a (ab d (ac (ad (i j (y (ac (v i (o (w j (C (D ab (l g v j c (x (E (g f (F w (s a (t G (g (k (ac (o ab a c x y b z) h H q I o) w ad h p n h aa e a k d c l s u b J m m w ad u x h ab d y q aa t r ab k l t u e d c l b c))))))))))))))))))))))
u (u (g (h (c j aa ad f) aa h) q (k (k a c j h n ab w)) (b (g g (aa v m (ac h) d p z) w t l z))) (k (k a c j h n ab w)) (b (g g (aa v m (ac h) d p z) w t l z))) (k (k a c j h n ab w)) (A a n B g (k aa t c a (ab d (ac (ad (i j (y (ac (v i (o (w j (C (D ab (l g v j c (x (E (g f (F w (s a (t G (g (k (ac (o ab a c x y b z) h H q I o) w ad h p n h aa e a k d c l s u b J m m w ad u x h ab d y q aa t r ab k l t u e d c l b c))))))))))))))))))))))
u (u (o (ac h) (ac v) (k (k a c j h n ab w)) (b (g g (aa v m (ac h) d p z) w t l z))) (k (k a c j h n ab w)) (b (g g (aa v m (ac h) d p z) w t l z))) (k (k a c j h n ab w)) (A a n B g (k aa t c a (ab d (ac (ad (i j (y (ac (v i (o (w j (C (D ab (l g v j c (x (E (g f (F w (s a (t G (g (k (ac (o ab a c x y b z) h H q I o) w ad h p n h aa e a k d c l s u b J m m w ad u x h ab d y q aa t r ab k l t u e d c l b c))))))))))))))))))))))


