a ai ag ah af ae n i
b ae af ah ag aa ag (a ag (z o ab a h) x)
c af ae w
d ae af ah ag f y g (af x l b)
e ae f w o s
f af ah ae ai ag ah (h (e (y p j p ag x)))
g ae ag af f z t l af j ac
h ag ah ae af n ah
i z c r
j af ai aj ae ah ag r
k r
l ai ag af ae ah t a d u t ab a ag q
m ae af y ae i c x (r r)
n ae af ag ac (ag k ag) j
o ag ae af ah r
p ag af ae af aa m q ae e d ac a
q ai ah af ae ag ag ah y ae z p
r aj ai ag ah ae af t p x aj
s ae ag ah ai af ah
t ae b d x (y (c o a))
u af ae ah ag ai ab
v ae h
w ae ai ah aj ag af aa t p (c (a aa k u))
x ai ae af aj ah ag g
y ai ag ah af ae w af d m (ae h ae l ah) t
z ah ai aj ag ae af s y c n (y i q) v e
aa ai ah af ag ae t
ab ag af ae ah b
ac ae ae ae (x aa) (k f d u f a)
ad l
main s b A x k y (e (a d B ab (C D ac (E F b G g c w l r j i e q)) (H r) t (I J z y) j n)) (j c (r (K (aa (L ad w) l) M N (x ac) (O P g) k (b e (h (Q p R (x (ac S) l p (aa i w ad (T U V ac) q) (W b) t g w ad ab c) o (d X (Y Z (y aa AA v l r a k u) a ad z a g))))))))
------------------------------------------------------------
s b A x k y (e (a d B ab (C D ac (E F b G g c w l r j i e q)) (H r) t (I J z y) j n)) (j c (r (K (aa (L ad w) l) M N (x ac) (O P g) k (b e (h (Q p R (x (ac S) l p (aa i w ad (T U V ac) q) (W b) t g w ad ab c) o (d X (Y Z (y aa AA v l r a k u) a ad z a g))))))))
x (e (a d B ab (C D ac (E F b G g c w l r j i e q)) (H r) t (I J z y) j n)) (j c (r (K (aa (L ad w) l) M N (x ac) (O P g) k (b e (h (Q p R (x (ac S) l p (aa i w ad (T U V ac) q) (W b) t g w ad ab c) o (d X (Y Z (y aa AA v l r a k u) a ad z a g))))))))
x (f w o s) (j c (r (K (aa (L ad w) l) M N (x ac) (O P g) k (b e (h (Q p R (x (ac S) l p (aa i w ad (T U V ac) q) (W b) t g w ad ab c) o (d X (Y Z (y aa AA v l r a k u) a ad z a g))))))))
x (f w o s) (j c (r (K (aa (L ad w) l) M N (x ac) (O P g) k (b e (h (Q p R (g g w ad ab c) o (d X (Y Z (y aa AA v l r a k u) a ad z a g))))))))
x (f w o s) (j c (r (K (aa (L ad w) l) M N (x ac) (O P g) k (b e (h (Q p R (f z t l ad j ac ab c) o (d X (Y Z (y aa AA v l r a k u) a ad z a g))))))))
x (f w o s) (j c (r (K (aa (L ad w) l) M N (x ac) (O P g) k (b e (h (Q p R (t (h (e (y p j p j x))) ac ab c) o (d X (Y Z (y aa AA v l r a k u) a ad z a g))))))))
x (f w o s) (j c (r (K (aa (L ad w) l) M N (x ac) (O P g) k (b e (h (Q p R (b d x (y (c o a)) ac ab c) o (d X (Y Z (y aa AA v l r a k u) a ad z a g))))))))
x (f w o s) (j c (r (K (aa (L ad w) l) M N (x ac) (O P g) k (b e (h (Q p R (aa ac (a ac (z o ab a h) x) ab c) o (d X (Y Z (y aa AA v l r a k u) a ad z a g))))))))
x (f w o s) (j c (r (K (aa (L ad w) l) M N (x ac) (O P g) k (b e (h (Q p R (aa ac (a ac (z o ab a h) x) ab c) o (d X (Y Z (w l d m (r h r l v) t a k u) a ad z a g))))))))
x (f w o s) (j c (r (K (aa (L ad w) l) M N (x ac) (O P g) k (b e (h (Q p R (aa ac (a ac (z o ab a h) x) ab c) o (d X (Y Z (aa t p (c (a aa k u)) k u) a ad z a g))))))))
x (f w o s) (j c (r (K (aa (L ad w) l) M N (x ac) (O P g) k (b e (h (Q p R (aa ac (a ac (z o ab a h) x) ab c) o (d X (Y Z t a ad z a g))))))))


