a ae = p (x (k (g p) s c) q) g k
b ag ae af = m y u m (f ab i (p (k a o) a k ae ae s o))
c ae = a ab (m (ae (x ad r ad k m x h ae)))
d ae ag af = m (p r t y j k (u s l h k f i))
e aj ag af ae ah ai = y c g (z n l (c j af (o n s ai g b r)))
f = l t y (o p (v r y k c s aa) q c p s)
g ae af = aa (ab (j d d ae af y f ab n l y))
h ah ai af aj ae ag = a (m (af a) (y e u r n (v g a) r z))
i = u (a z n (ad (l b e t ad b) aa x))
j af ah ag ae = u f (y q u g) y v
k = b (h p m f q b)
l ae af = t b u b v (e ad af ad j s t) k f
m af ae = r (j (o g (e z v u ad b af)))
n ae = l o f (k u (v p b ae w q ad a))
o ae af = t w r v ac s ad r m g
p af ag ah ae = ad j (z (ab (w (ag c (u ac m) u n v d af aa o d))))
q = p t ab y g (m t s (f r b v s c))
r ae ah af ag = h (o (ac (s d w (p (ab d m aa x ac v n y d ad)))))
s af ae ag ah = z (q af (i x q ac (ac p n e e c)))
t = h x p v l k a
u ae ag af = h (f (aa z (m (q x ad n ab e h))))
v ae ah ag af = f (a (d x q m p e))
w = c (i (h p (p ab f p k) c b))
x = g (ab (i (c (d w ac) k j) b y))
y ai ah ag af ae aj = m ac u l x
z = aa d (ac (l w t)) ad
aa af ai ah ag ae = s l w (q (w c ag r k))
ab ag af ae ah = ac o (p ad ad (j (ah l g w l (f k ad s h k o))))
ac af ae = i a c x l
ad = o m (y f k)
main = v o (s ad d (A k B i t (C D (e (c (E (m (F (k aa G (n (l c (u (H (s j f j (o (j (h (I J u (c (K k e (s o (L M (q n u (a b (c w (z (q r s N y o c n O c m t g) t) ab P h b k Q z R i g e r y ad aa c i z s aa p S x w ab) t j l o p i e) ab T U)))))))))))))))))))))))
------------------------------------------------------------
v o (s ad d (A k B i t (C D (e (c (E (m (F (k aa G (n (l c (u (H (s j f j (o (j (h (I J u (c (K k e (s o (L M (q n u (a b (c w (z (q r s N y o c n O c m t g) t) ab P h b k Q z R i g e r y ad aa c i z s aa p S x w ab) t j l o p i e) ab T U)))))))))))))))))))))))
v o (s ad d (A k B i t (C D (e (a ab (m (E (m (F (k aa G (n (l c (u (H (s j f j (o (j (h (I J u (c (K k e (s o (L M (q n u (a b (c w (z (q r s N y o c n O c m t g) t) ab P h b k Q z R i g e r y ad aa c i z s aa p S x w ab) t j l o p i e) ab T U))))))))))))))))) (x ad r ad k m x h (E (m (F (k aa G (n (l c (u (H (s j f j (o (j (h (I J u (c (K k e (s o (L M (q n u (a b (c w (z (q r s N y o c n O c m t g) t) ab P h b k Q z R i g e r y ad aa c i z s aa p S x w ab) t j l o p i e) ab T U))))))))))))))))))))))))))
v o (s ad d (A k B i t (C D (e (p (x (k (g p) s c) q) g k (m (E (m (F (k aa G (n (l c (u (H (s j f j (o (j (h (I J u (c (K k e (s o (L M (q n u (a b (c w (z (q r s N y o c n O c m t g) t) ab P h b k Q z R i g e r y ad aa c i z s aa p S x w ab) t j l o p i e) ab T U))))))))))))))))) (x ad r ad k m x h (E (m (F (k aa G (n (l c (u (H (s j f j (o (j (h (I J u (c (K k e (s o (L M (q n u (a b (c w (z (q r s N y o c n O c m t g) t) ab P h b k Q z R i g e r y ad aa c i z s aa p S x w ab) t j l o p i e) ab T U))))))))))))))))))))))))))
v o (s ad d (A k B i t (C D (e (ad j (z (ab (w (g c (u ac m) u n v d (x (k (g p) s c) q) aa o d)))))))))
v o (s ad d (A k B i t (C D (e (o m (y f k) j (z (ab (w (g c (u ac m) u n v d (x (k (g p) s c) q) aa o d)))))))))
v o (s ad d (A k B i t (C D (e (t w r v ac s ad r m g j (z (ab (w (g c (u ac m) u n v d (x (k (g p) s c) q) aa o d)))))))))
v o (s ad d (A k B i t (C D (e (h x p v l k a w r v ac s ad r m g j (z (ab (w (g c (u ac m) u n v d (x (k (g p) s c) q) aa o d)))))))))
v o (s ad d (A k B i t (C D (e (a (m (v a) (y e u r n (v g a) r z)) w r v ac s ad r m g j (z (ab (w (g c (u ac m) u n v d (x (k (g p) s c) q) aa o d)))))))))
v o (s ad d (A k B i t (C D (e (p (x (k (g p) s c) q) g k w r v ac s ad r m g j (z (ab (w (g c (u ac m) u n v d (x (k (g p) s c) q) aa o d)))))))))
v o (s ad d (A k B i t (C D (e (ad j (z (ab (w (g c (u ac m) u n v d (x (k (g p) s c) q) aa o d)))) r v ac s ad r m g j (z (ab (w (g c (u ac m) u n v d (x (k (g p) s c) q) aa o d)))))))))
v o (s ad d (A k B i t (C D (e (o m (y f k) j (z (ab (w (g c (u ac m) u n v d (x (k (g p) s c) q) aa o d)))) r v ac s ad r m g j (z (ab (w (g c (u ac m) u n v d (x (k (g p) s c) q) aa o d)))))))))
v o (s ad d (A k B i t (C D (e (t w r v ac s ad r m g j (z (ab (w (g c (u ac m) u n v d (x (k (g p) s c) q) aa o d)))) r v ac s ad r m g j (z (ab (w (g c (u ac m) u n v d (x (k (g p) s c) q) aa o d)))))))))
v o (s ad d (A k B i t (C D (e (h x p v l k a w r v ac s ad r m g j (z (ab (w (g c (u ac m) u n v d (x (k (g p) s c) q) aa o d)))) r v ac s ad r m g j (z (ab (w (g c (u ac m) u n v d (x (k (g p) s c) q) aa o d)))))))))
v o (s ad d (A k B i t (C D (e (a (m (v a) (y e u r n (v g a) r z)) w r v ac s ad r m g j (z (ab (w (g c (u ac m) u n v d (x (k (g p) s c) q) aa o d)))) r v ac s ad r m g j (z (ab (w (g c (u ac m) u n v d (x (k (g p) s c) q) aa o d)))))))))
v o (s ad d (A k B i t (C D (e (p (x (k (g p) s c) q) g k w r v ac s ad r m g j (z (ab (w (g c (u ac m) u n v d (x (k (g p) s c) q) aa o d)))) r v ac s ad r m g j (z (ab (w (g c (u ac m) u n v d (x (k (g p) s c) q) aa o d)))))))))
v o (s ad d (A k B i t (C D (e (ad j (z (ab (w (g c (u ac m) u n v d (x (k (g p) s c) q) aa o d)))) r v ac s ad r m g j (z (ab (w (g c (u ac m) u n v d (x (k (g p) s c) q) aa o d)))) r v ac s ad r m g j (z (ab (w (g c (u ac m) u n v d (x (k (g p) s c) q) aa o d)))))))))
v o (s ad d (A k B i t (C D (e (o m (y f k) j (z (ab (w (g c (u ac m) u n v d (x (k (g p) s c) q) aa o d)))) r v ac s ad r m g j (z (ab (w (g c (u ac m) u n v d (x (k (g p) s c) q) aa o d)))) r v ac s ad r m g j (z (ab (w (g c (u ac m) u n v d (x (k (g p) s c) q) aa o d)))))))))
v o (s ad d (A k B i t (C D (e (t w r v ac s ad r m g j (z (ab (w (g c (u ac m) u n v d (x (k (g p) s c) q) aa o d)))) r v ac s ad r m g j (z (ab (w (g c (u ac m) u n v d (x (k (g p) s c) q) aa o d)))) r v ac s ad r m g j (z (ab (w (g c (u ac m) u n v d (x (k (g p) s c) q) aa o d)))))))))
v o (s ad d (A k B i t (C D (e (h x p v l k a w r v ac s ad r m g j (z (ab (w (g c (u ac m) u n v d (x (k (g p) s c) q) aa o d)))) r v ac s ad r m g j (z (ab (w (g c (u ac m) u n v d (x (k (g p) s c) q) aa o d)))) r v ac s ad r m g j (z (ab (w (g c (u ac m) u n v d (x (k (g p) s c) q) aa o d)))))))))
v o (s ad d (A k B i t (C D (e (a (m (v a) (y e u r n (v g a) r z)) w r v ac s ad r m g j (z (ab (w (g c (u ac m) u n v d (x (k (g p) s c) q) aa o d)))) r v ac s ad r m g j (z (ab (w (g c (u ac m) u n v d (x (k (g p) s c) q) aa o d)))) r v ac s ad r m g j (z (ab (w (g c (u ac m) u n v d (x (k (g p) s c) q) aa o d)))))))))
v o (s ad d (A k B i t (C D (e (p (x (k (g p) s c) q) g k w r v ac s ad r m g j (z (ab (w (g c (u ac m) u n v d (x (k (g p) s c) q) aa o d)))) r v ac s ad r m g j (z (ab (w (g c (u ac m) u n v d (x (k (g p) s c) q) aa o d)))) r v ac s ad r m g j (z (ab (w (g c (u ac m) u n v d (x (k (g p) s c) q) aa o d)))))))))
v o (s ad d (A k B i t (C D (e (ad j (z (ab (w (g c (u ac m) u n v d (x (k (g p) s c) q) aa o d)))) r v ac s ad r m g j (z (ab (w (g c (u ac m) u n v d (x (k (g p) s c) q) aa o d)))) r v ac s ad r m g j (z (ab (w (g c (u ac m) u n v d (x (k (g p) s c) q) aa o d)))) r v ac s ad r m g j (z (ab (w (g c (u ac m) u n v d (x (k (g p) s c) q) aa o d)))))))))
v o (s ad d (A k B i t (C D (e (o m (y f k) j (z (ab (w (g c (u ac m) u n v d (x (k (g p) s c) q) aa o d)))) r v ac s ad r m g j (z (ab (w (g c (u ac m) u n v d (x (k (g p) s c) q) aa o d)))) r v ac s ad r m g j (z (ab (w (g c (u ac m) u n v d (x (k (g p) s c) q) aa o d)))) r v ac s ad r m g j (z (ab (w (g c (u ac m) u n v d (x (k (g p) s c) q) aa o d)))))))))
v o (s ad d (A k B i t (C D (e (t w r v ac s ad r m g j (z (ab (w (g c (u ac m) u n v d (x (k (g p) s c) q) aa o d)))) r v ac s ad r m g j (z (ab (w (g c (u ac m) u n v d (x (k (g p) s c) q) aa o d)))) r v ac s ad r m g j (z (ab (w (g c (u ac m) u n v d (x (k (g p) s c) q) aa o d)))) r v ac s ad r m g j (z (ab (w (g c (u ac m) u n v d (x (k (g p) s c) q) aa o d)))))))))
v o (s ad d (A k B i t (C D (e (h x p v l k a w r v ac s ad r m g j (z (ab (w (g c (u ac m) u n v d (x (k (g p) s c) q) aa o d)))) r v ac s ad r m g j (z (ab (w (g c (u ac m) u n v d (x (k (g p) s c) q) aa o d)))) r v ac s ad r m g j (z (ab (w (g c (u ac m) u n v d (x (k (g p) s c) q) aa o d)))) r v ac s ad r m g j (z (ab (w (g c (u ac m) u n v d (x (k (g p) s c) q) aa o d)))))))))
v o (s ad d (A k B i t (C D (e (a (m (v a) (y e u r n (v g a) r z)) w r v ac s ad r m g j (z (ab (w (g c (u ac m) u n v d (x (k (g p) s c) q) aa o d)))) r v ac s ad r m g j (z (ab (w (g c (u ac m) u n v d (x (k (g p) s c) q) aa o d)))) r v ac s ad r m g j (z (ab (w (g c (u ac m) u n v d (x (k (g p) s c) q) aa o d)))) r v ac s ad r m g j (z (ab (w (g c (u ac m) u n v d (x (k (g p) s c) q) aa o d)))))))))
v o (s ad d (A k B i t (C D (e (p (x (k (g p) s c) q) g k w r v ac s ad r m g j (z (ab (w (g c (u ac m) u n v d (x (k (g p) s c) q) aa o d)))) r v ac s ad r m g j (z (ab (w (g c (u ac m) u n v d (x (k (g p) s c) q) aa o d)))) r v ac s ad r m g j (z (ab (w (g c (u ac m) u n v d (x (k (g p) s c) q) aa o d)))) r v ac s ad r m g j (z (ab (w (g c (u ac m) u n v d (x (k (g p) s c) q) aa o d)))))))))
v o (s ad d (A k B i t (C D (e (ad j (z (ab (w (g c (u ac m) u n v d (x (k (g p) s c) q) aa o d)))) r v ac s ad r m g j (z (ab (w (g c (u ac m) u n v d (x (k (g p) s c) q) aa o d)))) r v ac s ad r m g j (z (ab (w (g c (u ac m) u n v d (x (k (g p) s c) q) aa o d)))) r v ac s ad r m g j (z (ab (w (g c (u ac m) u n v d (x (k (g p) s c) q) aa o d)))) r v ac s ad r m g j (z (ab (w (g c (u ac m) u n v d (x (k (g p) s c) q) aa o d)))))))))
v o (s ad d (A k B i t (C D (e (o m (y f k) j (z (ab (w (g c (u ac m) u n v d (x (k (g p) s c) q) aa o d)))) r v ac s ad r m g j (z (ab (w (g c (u ac m) u n v d (x (k (g p) s c) q) aa o d)))) r v ac s ad r m g j (z (ab (w (g c (u ac m) u n v d (x (k (g p) s c) q) aa o d)))) r v ac s ad r m g j (z (ab (w (g c (u ac m) u n v d (x (k (g p) s c) q) aa o d)))) r v ac s ad r m g j (z (ab (w (g c (u ac m) u n v d (x (k (g p) s c) q) aa o d)))))))))
v o (s ad d (A k B i t (C D (e (t w r v ac s ad r m g j (z (ab (w (g c (u ac m) u n v d (x (k (g p) s c) q) aa o d)))) r v ac s ad r m g j (z (ab (w (g c (u ac m) u n v d (x (k (g p) s c) q) aa o d)))) r v ac s ad r m g j (z (ab (w (g c (u ac m) u n v d (x (k (g p) s c) q) aa o d)))) r v ac s ad r m g j (z (ab (w (g c (u ac m) u n v d (x (k (g p) s c) q) aa o d)))) r v ac s ad r m g j (z (ab (w (g c (u ac m) u n v d (x (k (g p) s c) q) aa o d)))))))))


