a ai ag af ah ae ae c (n g s (c x n ac k ac))
b ae aa ac (i e e z f)
c v (h (e (p o a) i r k))
d af ae af (ae h a)
e ag ae ah af i (f (a r u y f i g))
f ag ai ah ae af aj q t w (t (q (ac ac k ac n) y a ad l t y d))
g ai ag ae af ah k b (d x d) d (ab a x d (ai v e))
h af ai ah aj ag ae v (w (z b e l a ac x j d))
i ae n a e
j x (x l (a n g (p (aa a ad p t m k))))
k ae af ai ah aj ag r (x s o (y (ae (ad (j w t) c f p) b u)))
l af ai ae ah ag af c (m m (aa (w af h h w) ae))
m ae z (i h ad (g h (k aa p g u)))
n o (c p p e k (u z m g z w y) o i i c)
o af ae ag h (b l af (x (h (s a g ad ad e t r ae))))
p ae af c (n (n s) r (t j (n af (x k) ab v h w m s)))
q af ae x g w a ab v (ac f ad d (v m) n af)
r ag ae ah af ai ac (w (u e b (j j m f u l ab)))
s ae z (i m) (f y c (x k z j ae b b y))
t ae ai ah ag af h (ah (j (q j ac p s q v r p r q p n)))
u aj ag af ai ae ah r r ah g (m (i ac (h j w n w t aa ad n)))
v ai ah ag af ae ab (l j g ad aa aa)
w aj ah af ae ag ai l (m (x ac k (u (d t m l u y))))
x af ai ae ah ag aj f v o ad g (b n u n)
y af ae t (v ab (r j u) (e aa w))
z aj ai af ah ag ae q y a (n t h g t l)
aa l (i d) r h (d k (b e k n ab u))
ab l m y d p (z s p u s k u y)
ac ae af y l s h
ad af ae b (af (q z h (aa d m w u a a d aa n aa)))
main ad i (A x (m i t b (y (B (a x k l (d (o (b (ac (C D r y (n i (u d j (s (E (ab (z n (aa o (F c (G (r (m (H (m (I u f J g m p m K v y p L j x M s o t c y r t aa N w O ac s ab m l v h c r i c l) m s b m t l s z l) P Q k q R o x m ad r i))))))))))))))))))))))
------------------------------------------------------------
ad i (A x (m i t b (y (B (a x k l (d (o (b (ac (C D r y (n i (u d j (s (E (ab (z n (aa o (F c (G (r (m (H (m (I u f J g m p m K v y p L j x M s o t c y r t aa N w O ac s ab m l v h c r i c l) m s b m t l s z l) P Q k q R o x m ad r i))))))))))))))))))))))
b (i (q z h (aa d m w u a a d aa n aa)))
aa ac (i e e z f)
l (i d) r h (d k (b e k n ab u)) ac (i e e z f)
i d c (m m (aa (w (i d) h h w) h)) (i e e z f)
n a e c (m m (aa (w (i d) h h w) h)) (i e e z f)
o (c p p e k (u z m g z w y) o i i c) a e c (m m (aa (w (i d) h h w) h)) (i e e z f)
h (b l (c p p e k (u z m g z w y) o i i c) (x (h (s a g ad ad e t r a)))) c (m m (aa (w (i d) h h w) h)) (i e e z f)
h (aa ac (i e e z f) (c p p e k (u z m g z w y) o i i c) (x (h (s a g ad ad e t r a)))) c (m m (aa (w (i d) h h w) h)) (i e e z f)
h (l (i d) r h (d k (b e k n ab u)) ac (i e e z f) (c p p e k (u z m g z w y) o i i c) (x (h (s a g ad ad e t r a)))) c (m m (aa (w (i d) h h w) h)) (i e e z f)
h (i d c (m m (aa (w (i d) h h w) h)) (i e e z f) (c p p e k (u z m g z w y) o i i c) (x (h (s a g ad ad e t r a)))) c (m m (aa (w (i d) h h w) h)) (i e e z f)
h (n a e c (m m (aa (w (i d) h h w) h)) (i e e z f) (c p p e k (u z m g z w y) o i i c) (x (h (s a g ad ad e t r a)))) c (m m (aa (w (i d) h h w) h)) (i e e z f)
h (o (c p p e k (u z m g z w y) o i i c) a e c (m m (aa (w (i d) h h w) h)) (i e e z f) (c p p e k (u z m g z w y) o i i c) (x (h (s a g ad ad e t r a)))) c (m m (aa (w (i d) h h w) h)) (i e e z f)
h (h (b l (c p p e k (u z m g z w y) o i i c) (x (h (s a g ad ad e t r a)))) c (m m (aa (w (i d) h h w) h)) (i e e z f) (c p p e k (u z m g z w y) o i i c) (x (h (s a g ad ad e t r a)))) c (m m (aa (w (i d) h h w) h)) (i e e z f)
h (v (w (z b e l a ac x j d))) c (m m (aa (w (i d) h h w) h)) (i e e z f)
h (v (w (q y a (n t h g t l) j d))) c (m m (aa (w (i d) h h w) h)) (i e e z f)
h (v (w (x g w a ab v (ac f ad d (v m) n y) (n t h g t l) j d))) c (m m (aa (w (i d) h h w) h)) (i e e z f)
h (v (w (f v o ad g (b n u n) (n t h g t l) j d))) c (m m (aa (w (i d) h h w) h)) (i e e z f)
h (v (w (q t w (t (q (ac ac k ac n) y a ad l t y d)) j d))) c (m m (aa (w (i d) h h w) h)) (i e e z f)
h (v (w (x g w a ab v (ac f ad d (v m) n t) (t (q (ac ac k ac n) y a ad l t y d)) j d))) c (m m (aa (w (i d) h h w) h)) (i e e z f)
h (v (w (f v o ad g (b n u n) (t (q (ac ac k ac n) y a ad l t y d)) j d))) c (m m (aa (w (i d) h h w) h)) (i e e z f)
h (v (w (q t w (t (q (ac ac k ac n) y a ad l t y d)) j d))) c (m m (aa (w (i d) h h w) h)) (i e e z f)
h (v (w (x g w a ab v (ac f ad d (v m) n t) (t (q (ac ac k ac n) y a ad l t y d)) j d))) c (m m (aa (w (i d) h h w) h)) (i e e z f)
h (v (w (f v o ad g (b n u n) (t (q (ac ac k ac n) y a ad l t y d)) j d))) c (m m (aa (w (i d) h h w) h)) (i e e z f)
h (v (w (q t w (t (q (ac ac k ac n) y a ad l t y d)) j d))) c (m m (aa (w (i d) h h w) h)) (i e e z f)
h (v (w (x g w a ab v (ac f ad d (v m) n t) (t (q (ac ac k ac n) y a ad l t y d)) j d))) c (m m (aa (w (i d) h h w) h)) (i e e z f)
h (v (w (f v o ad g (b n u n) (t (q (ac ac k ac n) y a ad l t y d)) j d))) c (m m (aa (w (i d) h h w) h)) (i e e z f)
h (v (w (q t w (t (q (ac ac k ac n) y a ad l t y d)) j d))) c (m m (aa (w (i d) h h w) h)) (i e e z f)
h (v (w (x g w a ab v (ac f ad d (v m) n t) (t (q (ac ac k ac n) y a ad l t y d)) j d))) c (m m (aa (w (i d) h h w) h)) (i e e z f)
h (v (w (f v o ad g (b n u n) (t (q (ac ac k ac n) y a ad l t y d)) j d))) c (m m (aa (w (i d) h h w) h)) (i e e z f)


