a aj ah ai af ag ae = g (ab (l t (n (ac l g l e ab u y z m ac))))
b ae = c (aa (k j l ad w aa p q k m p z))
c aj ah ai af ae ag = a (i (l n e ad))
d aj ag ai ah af ae = p (b c w (g x q o i))
e ah ae ag af ai = d (b (j (k (a ae x (i m u) l k aa n) ah b a h)))
f ae = s (ad (h c s (p (s ae o c g ad) q aa p g j)))
g ag ah ai ae af aj = aa r (f p (i j (d (q (w l c z ac z))) f t))
h = e w (f ab j) o s (p k c (z q c w u p ac p))
i ae = o w ac (ab b (m o (p k u) ac f x n ae z s))
j ai ah ag ae af = d y
k = h m g
l ae = ab n ae c
m ae = t (b (f (o (w (e u) aa q n c))))
n ag ah ae af = k p a (t v (v f j z g))
o = d f m m (q y e (n y c (ac g i w d) w c))
p ai af ae aj ah ag = n (z x d v d)
q ae af ag = ag (l r p l e (o (b u v g m h)))
r = w (e (z d u b d n m k g))
s ag af ae = t a (t o)
t ae ag af = k aa n s (ad j u (u (j w af ac ac y w)))
u ah af ae ag = p (m h m ac w aa ab c f s x x ad q)
v ae ag af = s r (p (ac w q))
w ae af ah ag = e o
x af ae = c (s (o r a ac z a))
y = r o (q r i a (r s) (n n v))
z ag ah ae af = j t x k (x b (f t s d y y w ad k j))
aa ai ag aj ah ae af = z o (r z f j h c)
ab ae = q (o (g o (j (f l ad q t f n c g ac ae b m))))
ac ag ai ae ah af = r t (l (m (e v ab g)))
ad af ae = a (n a b z)
main = h aa (ac (k (f (A (w (B (h (a e (i (ac (C j (v l (w (D w (E d v (g (F G (s (H (I aa b s (J (g o (e (K z f y p q z d g n x x i h s L aa ac f) i M m) k N i f ac O ab a f p) P z aa Q e i v w g r w h R u m u S l T U ab aa s q b y d ab c s)) u s)))))))))))))))))))
------------------------------------------------------------
h aa (ac (k (f (A (w (B (h (a e (i (ac (C j (v l (w (D w (E d v (g (F G (s (H (I aa b s (J (g o (e (K z f y p q z d g n x x i h s L aa ac f) i M m) k N i f ac O ab a f p) P z aa Q e i v w g r w h R u m u S l T U ab aa s q b y d ab c s)) u s)))))))))))))))))))
e w (f ab j) o s (p k c (z q c w u p ac p)) aa (ac (k (f (A (w (B (h (a e (i (ac (C j (v l (w (D w (E d v (g (F G (s (H (I aa b s (J (g o (e (K z f y p q z d g n x x i h s L aa ac f) i M m) k N i f ac O ab a f p) P z aa Q e i v w g r w h R u m u S l T U ab aa s q b y d ab c s)) u s)))))))))))))))))))
d (b (j (k (a (f ab j) x (i m u) l k aa n) w b a h))) aa (ac (k (f (A (w (B (h (a e (i (ac (C j (v l (w (D w (E d v (g (F G (s (H (I aa b s (J (g o (e (K z f y p q z d g n x x i h s L aa ac f) i M m) k N i f ac O ab a f p) P z aa Q e i v w g r w h R u m u S l T U ab aa s q b y d ab c s)) u s)))))))))))))))))))
d (c (aa (k j l ad w aa p q k m p z))) aa (ac (k (f (A (w (B (h (a e (i (ac (C j (v l (w (D w (E d v (g (F G (s (H (I aa b s (J (g o (e (K z f y p q z d g n x x i h s L aa ac f) i M m) k N i f ac O ab a f p) P z aa Q e i v w g r w h R u m u S l T U ab aa s q b y d ab c s)) u s)))))))))))))))))))
d (c (aa (h m g j l ad w aa p q k m p z))) aa (ac (k (f (A (w (B (h (a e (i (ac (C j (v l (w (D w (E d v (g (F G (s (H (I aa b s (J (g o (e (K z f y p q z d g n x x i h s L aa ac f) i M m) k N i f ac O ab a f p) P z aa Q e i v w g r w h R u m u S l T U ab aa s q b y d ab c s)) u s)))))))))))))))))))
d (c (aa (e w (f ab j) o s (p k c (z q c w u p ac p)) m g j l ad w aa p q k m p z))) aa (ac (k (f (A (w (B (h (a e (i (ac (C j (v l (w (D w (E d v (g (F G (s (H (I aa b s (J (g o (e (K z f y p q z d g n x x i h s L aa ac f) i M m) k N i f ac O ab a f p) P z aa Q e i v w g r w h R u m u S l T U ab aa s q b y d ab c s)) u s)))))))))))))))))))
d (c (aa (d (b (j (k (a (f ab j) x (i m u) l k aa n) w b a h))) m g j l ad w aa p q k m p z))) aa (ac (k (f (A (w (B (h (a e (i (ac (C j (v l (w (D w (E d v (g (F G (s (H (I aa b s (J (g o (e (K z f y p q z d g n x x i h s L aa ac f) i M m) k N i f ac O ab a f p) P z aa Q e i v w g r w h R u m u S l T U ab aa s q b y d ab c s)) u s)))))))))))))))))))
d (c (aa (p (b c w (g x q o i)) w aa p q k m p z))) aa (ac (k (f (A (w (B (h (a e (i (ac (C j (v l (w (D w (E d v (g (F G (s (H (I aa b s (J (g o (e (K z f y p q z d g n x x i h s L aa ac f) i M m) k N i f ac O ab a f p) P z aa Q e i v w g r w h R u m u S l T U ab aa s q b y d ab c s)) u s)))))))))))))))))))
d (c (aa (n (z x d v d) m p z))) aa (ac (k (f (A (w (B (h (a e (i (ac (C j (v l (w (D w (E d v (g (F G (s (H (I aa b s (J (g o (e (K z f y p q z d g n x x i h s L aa ac f) i M m) k N i f ac O ab a f p) P z aa Q e i v w g r w h R u m u S l T U ab aa s q b y d ab c s)) u s)))))))))))))))))))
d (c (aa (k p a (t v (v f j z g))))) aa (ac (k (f (A (w (B (h (a e (i (ac (C j (v l (w (D w (E d v (g (F G (s (H (I aa b s (J (g o (e (K z f y p q z d g n x x i h s L aa ac f) i M m) k N i f ac O ab a f p) P z aa Q e i v w g r w h R u m u S l T U ab aa s q b y d ab c s)) u s)))))))))))))))))))
d (c (aa (h m g p a (t v (v f j z g))))) aa (ac (k (f (A (w (B (h (a e (i (ac (C j (v l (w (D w (E d v (g (F G (s (H (I aa b s (J (g o (e (K z f y p q z d g n x x i h s L aa ac f) i M m) k N i f ac O ab a f p) P z aa Q e i v w g r w h R u m u S l T U ab aa s q b y d ab c s)) u s)))))))))))))))))))
d (c (aa (e w (f ab j) o s (p k c (z q c w u p ac p)) m g p a (t v (v f j z g))))) aa (ac (k (f (A (w (B (h (a e (i (ac (C j (v l (w (D w (E d v (g (F G (s (H (I aa b s (J (g o (e (K z f y p q z d g n x x i h s L aa ac f) i M m) k N i f ac O ab a f p) P z aa Q e i v w g r w h R u m u S l T U ab aa s q b y d ab c s)) u s)))))))))))))))))))
d (c (aa (d (b (j (k (a (f ab j) x (i m u) l k aa n) w b a h))) m g p a (t v (v f j z g))))) aa (ac (k (f (A (w (B (h (a e (i (ac (C j (v l (w (D w (E d v (g (F G (s (H (I aa b s (J (g o (e (K z f y p q z d g n x x i h s L aa ac f) i M m) k N i f ac O ab a f p) P z aa Q e i v w g r w h R u m u S l T U ab aa s q b y d ab c s)) u s)))))))))))))))))))
d (c (aa (p (b c w (g x q o i))))) aa (ac (k (f (A (w (B (h (a e (i (ac (C j (v l (w (D w (E d v (g (F G (s (H (I aa b s (J (g o (e (K z f y p q z d g n x x i h s L aa ac f) i M m) k N i f ac O ab a f p) P z aa Q e i v w g r w h R u m u S l T U ab aa s q b y d ab c s)) u s)))))))))))))))))))
d (c (aa (p (c (aa (k j l ad w aa p q k m p z)) w (g x q o i))))) aa (ac (k (f (A (w (B (h (a e (i (ac (C j (v l (w (D w (E d v (g (F G (s (H (I aa b s (J (g o (e (K z f y p q z d g n x x i h s L aa ac f) i M m) k N i f ac O ab a f p) P z aa Q e i v w g r w h R u m u S l T U ab aa s q b y d ab c s)) u s)))))))))))))))))))
d (c (aa (p (c (aa (h m g j l ad w aa p q k m p z)) w (g x q o i))))) aa (ac (k (f (A (w (B (h (a e (i (ac (C j (v l (w (D w (E d v (g (F G (s (H (I aa b s (J (g o (e (K z f y p q z d g n x x i h s L aa ac f) i M m) k N i f ac O ab a f p) P z aa Q e i v w g r w h R u m u S l T U ab aa s q b y d ab c s)) u s)))))))))))))))))))
d (c (aa (p (c (aa (e w (f ab j) o s (p k c (z q c w u p ac p)) m g j l ad w aa p q k m p z)) w (g x q o i))))) aa (ac (k (f (A (w (B (h (a e (i (ac (C j (v l (w (D w (E d v (g (F G (s (H (I aa b s (J (g o (e (K z f y p q z d g n x x i h s L aa ac f) i M m) k N i f ac O ab a f p) P z aa Q e i v w g r w h R u m u S l T U ab aa s q b y d ab c s)) u s)))))))))))))))))))
d (c (aa (p (c (aa (d (b (j (k (a (f ab j) x (i m u) l k aa n) w b a h))) m g j l ad w aa p q k m p z)) w (g x q o i))))) aa (ac (k (f (A (w (B (h (a e (i (ac (C j (v l (w (D w (E d v (g (F G (s (H (I aa b s (J (g o (e (K z f y p q z d g n x x i h s L aa ac f) i M m) k N i f ac O ab a f p) P z aa Q e i v w g r w h R u m u S l T U ab aa s q b y d ab c s)) u s)))))))))))))))))))
d (c (aa (p (c (aa (p (b c w (g x q o i)) w aa p q k m p z)) w (g x q o i))))) aa (ac (k (f (A (w (B (h (a e (i (ac (C j (v l (w (D w (E d v (g (F G (s (H (I aa b s (J (g o (e (K z f y p q z d g n x x i h s L aa ac f) i M m) k N i f ac O ab a f p) P z aa Q e i v w g r w h R u m u S l T U ab aa s q b y d ab c s)) u s)))))))))))))))))))
d (c (aa (p (c (aa (n (z x d v d) m p z)) w (g x q o i))))) aa (ac (k (f (A (w (B (h (a e (i (ac (C j (v l (w (D w (E d v (g (F G (s (H (I aa b s (J (g o (e (K z f y p q z d g n x x i h s L aa ac f) i M m) k N i f ac O ab a f p) P z aa Q e i v w g r w h R u m u S l T U ab aa s q b y d ab c s)) u s)))))))))))))))))))
d (c (aa (p (c (aa (k p a (t v (v f j z g)))) w (g x q o i))))) aa (ac (k (f (A (w (B (h (a e (i (ac (C j (v l (w (D w (E d v (g (F G (s (H (I aa b s (J (g o (e (K z f y p q z d g n x x i h s L aa ac f) i M m) k N i f ac O ab a f p) P z aa Q e i v w g r w h R u m u S l T U ab aa s q b y d ab c s)) u s)))))))))))))))))))
d (c (aa (p (c (aa (h m g p a (t v (v f j z g)))) w (g x q o i))))) aa (ac (k (f (A (w (B (h (a e (i (ac (C j (v l (w (D w (E d v (g (F G (s (H (I aa b s (J (g o (e (K z f y p q z d g n x x i h s L aa ac f) i M m) k N i f ac O ab a f p) P z aa Q e i v w g r w h R u m u S l T U ab aa s q b y d ab c s)) u s)))))))))))))))))))
d (c (aa (p (c (aa (e w (f ab j) o s (p k c (z q c w u p ac p)) m g p a (t v (v f j z g)))) w (g x q o i))))) aa (ac (k (f (A (w (B (h (a e (i (ac (C j (v l (w (D w (E d v (g (F G (s (H (I aa b s (J (g o (e (K z f y p q z d g n x x i h s L aa ac f) i M m) k N i f ac O ab a f p) P z aa Q e i v w g r w h R u m u S l T U ab aa s q b y d ab c s)) u s)))))))))))))))))))
d (c (aa (p (c (aa (d (b (j (k (a (f ab j) x (i m u) l k aa n) w b a h))) m g p a (t v (v f j z g)))) w (g x q o i))))) aa (ac (k (f (A (w (B (h (a e (i (ac (C j (v l (w (D w (E d v (g (F G (s (H (I aa b s (J (g o (e (K z f y p q z d g n x x i h s L aa ac f) i M m) k N i f ac O ab a f p) P z aa Q e i v w g r w h R u m u S l T U ab aa s q b y d ab c s)) u s)))))))))))))))))))
d (c (aa (p (c (aa (p (b c w (g x q o i)))) w (g x q o i))))) aa (ac (k (f (A (w (B (h (a e (i (ac (C j (v l (w (D w (E d v (g (F G (s (H (I aa b s (J (g o (e (K z f y p q z d g n x x i h s L aa ac f) i M m) k N i f ac O ab a f p) P z aa Q e i v w g r w h R u m u S l T U ab aa s q b y d ab c s)) u s)))))))))))))))))))
d (c (aa (p (c (aa (p (c (aa (k j l ad w aa p q k m p z)) w (g x q o i)))) w (g x q o i))))) aa (ac (k (f (A (w (B (h (a e (i (ac (C j (v l (w (D w (E d v (g (F G (s (H (I aa b s (J (g o (e (K z f y p q z d g n x x i h s L aa ac f) i M m) k N i f ac O ab a f p) P z aa Q e i v w g r w h R u m u S l T U ab aa s q b y d ab c s)) u s)))))))))))))))))))
d (c (aa (p (c (aa (p (c (aa (h m g j l ad w aa p q k m p z)) w (g x q o i)))) w (g x q o i))))) aa (ac (k (f (A (w (B (h (a e (i (ac (C j (v l (w (D w (E d v (g (F G (s (H (I aa b s (J (g o (e (K z f y p q z d g n x x i h s L aa ac f) i M m) k N i f ac O ab a f p) P z aa Q e i v w g r w h R u m u S l T U ab aa s q b y d ab c s)) u s)))))))))))))))))))
d (c (aa (p (c (aa (p (c (aa (e w (f ab j) o s (p k c (z q c w u p ac p)) m g j l ad w aa p q k m p z)) w (g x q o i)))) w (g x q o i))))) aa (ac (k (f (A (w (B (h (a e (i (ac (C j (v l (w (D w (E d v (g (F G (s (H (I aa b s (J (g o (e (K z f y p q z d g n x x i h s L aa ac f) i M m) k N i f ac O ab a f p) P z aa Q e i v w g r w h R u m u S l T U ab aa s q b y d ab c s)) u s)))))))))))))))))))
d (c (aa (p (c (aa (p (c (aa (d (b (j (k (a (f ab j) x (i m u) l k aa n) w b a h))) m g j l ad w aa p q k m p z)) w (g x q o i)))) w (g x q o i))))) aa (ac (k (f (A (w (B (h (a e (i (ac (C j (v l (w (D w (E d v (g (F G (s (H (I aa b s (J (g o (e (K z f y p q z d g n x x i h s L aa ac f) i M m) k N i f ac O ab a f p) P z aa Q e i v w g r w h R u m u S l T U ab aa s q b y d ab c s)) u s)))))))))))))))))))
d (c (aa (p (c (aa (p (c (aa (p (b c w (g x q o i)) w aa p q k m p z)) w (g x q o i)))) w (g x q o i))))) aa (ac (k (f (A (w (B (h (a e (i (ac (C j (v l (w (D w (E d v (g (F G (s (H (I aa b s (J (g o (e (K z f y p q z d g n x x i h s L aa ac f) i M m) k N i f ac O ab a f p) P z aa Q e i v w g r w h R u m u S l T U ab aa s q b y d ab c s)) u s)))))))))))))))))))


