a s y (t m) (b (m (d d (d g ab)) o t z n w))
b ae af g x k (n (m ab j y l m))
c ah af ag aj ai ae d w z (e (j e p v ab) ac (l (x h o g a e)))
d ag ai ah af ae aj u x q (b ab (b u o c) e a ag s c)
e ag af aj ai ah ae m (ae r l (m y m y))
f af ae u (ad (ab h i k v m ac i v d i g x q c s))
g ah ae af ag q af b e p ac
h j (aa k w n)
i ae ag af ah a (f y (aa t (n g b x) s ac u w c aa))
j ah ae ag af r (e y (ae (g l ab l) ac))
k ae t (a (x ad v (b q b a q a)))
l ag aj ae af ai ah f (r (ad s d d g h n i t c))
m ae af u (r q (w e t (q y ae z d h l)))
n ag af ah ae ai i k
o ae aa w (r i (n (b (ab x b p w e ad h f y n f))))
p ae ab ac m r (ab k (i u (f a o b z w y)))
q ae aj ag af ai ah t h (u i t ac j)
r ah af ag ae c ad (f ac l (ag (f x x q (h e t k) b q u)))
s af ae x (e b (g z af w ae))
t ae r m (u u v) (q y (i u (d aa w ad) i ac z m j))
u aj ag ai ae ah af ab (z (p (ad (a t p aj t w ab w h))))
v ah af ag ae ac (ac (ad g b))
w ae l ae (k y ac p)
x ag ae af z (g q a r)
y af ae p (ad c (t p (a c ab af af n j v v)))
z ac (t (u q (aa i) s s c v e t))
aa ae af a s (p w (i (e k o l r n ac e)))
ab ah af aj ai ae ag q (e aa ac (ai (y (m (af b y x z l n z q ad y)))))
ac ai af aj ae ag ah e a h (t s f n x)
ad ah ai ag af ae aj j (b (aa k k) aa e x w)
main w x (A q d ac (n g ad ad c (c (a (ad ad d (B (C g y D (n (q i (E g b (n (F (e (u (y g (G (ad (n ad (n p (w (e (c i v ab ad y) e u aa r a q f w u u ac h u e ac t r v e j t H b o ab ab r v q q y f aa p aa i i m I s a)) m x y J m o b) ad j e v t))))))))))))))))))
------------------------------------------------------------
w x (A q d ac (n g ad ad c (c (a (ad ad d (B (C g y D (n (q i (E g b (n (F (e (u (y g (G (ad (n ad (n p (w (e (c i v ab ad y) e u aa r a q f w u u ac h u e ac t r v e j t H b o ab ab r v q q y f aa p aa i i m I s a)) m x y J m o b) ad j e v t))))))))))))))))))
l x (k y ac p) (A q d ac (n g ad ad c (c (a (ad ad d (B (C g y D (n (q i (E g b (n (F (e (u (y g (G (ad (n ad (n p (w (e (c i v ab ad y) e u aa r a q f w u u ac h u e ac t r v e j t H b o ab ab r v q q y f aa p aa i i m I s a)) m x y J m o b) ad j e v t))))))))))))))))))
l x (t (a (x ad v (b q b a q a))) ac p) (A q d ac (n g ad ad c (c (a (ad ad d (B (C g y D (n (q i (E g b (n (F (e (u (y g (G (ad (n ad (n p (w (e (c i v ab ad y) e u aa r a q f w u u ac h u e ac t r v e j t H b o ab ab r v q q y f aa p aa i i m I s a)) m x y J m o b) ad j e v t))))))))))))))))))
l x (r m (u u v) (q y (i u (d aa w ad) i ac z m j)) ac p) (A q d ac (n g ad ad c (c (a (ad ad d (B (C g y D (n (q i (E g b (n (F (e (u (y g (G (ad (n ad (n p (w (e (c i v ab ad y) e u aa r a q f w u u ac h u e ac t r v e j t H b o ab ab r v q q y f aa p aa i i m I s a)) m x y J m o b) ad j e v t))))))))))))))))))
l x (c ad (f ac l (q y (i u (d aa w ad) i ac z m j) (f x x q (h e t k) b q u))) p) (A q d ac (n g ad ad c (c (a (ad ad d (B (C g y D (n (q i (E g b (n (F (e (u (y g (G (ad (n ad (n p (w (e (c i v ab ad y) e u aa r a q f w u u ac h u e ac t r v e j t H b o ab ab r v q q y f aa p aa i i m I s a)) m x y J m o b) ad j e v t))))))))))))))))))
l x (c ad (u (ad (ab h i k v m ac i v d i g x q c s)) (q y (i u (d aa w ad) i ac z m j) (f x x q (h e t k) b q u))) p) (A q d ac (n g ad ad c (c (a (ad ad d (B (C g y D (n (q i (E g b (n (F (e (u (y g (G (ad (n ad (n p (w (e (c i v ab ad y) e u aa r a q f w u u ac h u e ac t r v e j t H b o ab ab r v q q y f aa p aa i i m I s a)) m x y J m o b) ad j e v t))))))))))))))))))
l x (c ad (u (ad (q (e aa ac (v (y (m (i b y x z l n z q ad y))))) i v d i g x q c s)) (q y (i u (d aa w ad) i ac z m j) (f x x q (h e t k) b q u))) p) (A q d ac (n g ad ad c (c (a (ad ad d (B (C g y D (n (q i (E g b (n (F (e (u (y g (G (ad (n ad (n p (w (e (c i v ab ad y) e u aa r a q f w u u ac h u e ac t r v e j t H b o ab ab r v q q y f aa p aa i i m I s a)) m x y J m o b) ad j e v t))))))))))))))))))
l x (c ad (u (ad (t h (u i t ac j) x q c s)) (q y (i u (d aa w ad) i ac z m j) (f x x q (h e t k) b q u))) p) (A q d ac (n g ad ad c (c (a (ad ad d (B (C g y D (n (q i (E g b (n (F (e (u (y g (G (ad (n ad (n p (w (e (c i v ab ad y) e u aa r a q f w u u ac h u e ac t r v e j t H b o ab ab r v q q y f aa p aa i i m I s a)) m x y J m o b) ad j e v t))))))))))))))))))
l x (c ad (u (ad (r m (u u v) (q y (i u (d aa w ad) i ac z m j)) (u i t ac j) x q c s)) (q y (i u (d aa w ad) i ac z m j) (f x x q (h e t k) b q u))) p) (A q d ac (n g ad ad c (c (a (ad ad d (B (C g y D (n (q i (E g b (n (F (e (u (y g (G (ad (n ad (n p (w (e (c i v ab ad y) e u aa r a q f w u u ac h u e ac t r v e j t H b o ab ab r v q q y f aa p aa i i m I s a)) m x y J m o b) ad j e v t))))))))))))))))))
l x (c ad (u (ad (c ad (f ac l (q y (i u (d aa w ad) i ac z m j) (f x x q (h e t k) b q u))) x q c s)) (q y (i u (d aa w ad) i ac z m j) (f x x q (h e t k) b q u))) p) (A q d ac (n g ad ad c (c (a (ad ad d (B (C g y D (n (q i (E g b (n (F (e (u (y g (G (ad (n ad (n p (w (e (c i v ab ad y) e u aa r a q f w u u ac h u e ac t r v e j t H b o ab ab r v q q y f aa p aa i i m I s a)) m x y J m o b) ad j e v t))))))))))))))))))
l x (c ad (u (ad (d w z (e (j e p v ab) ac (l (x h o g a e))))) (q y (i u (d aa w ad) i ac z m j) (f x x q (h e t k) b q u))) p) (A q d ac (n g ad ad c (c (a (ad ad d (B (C g y D (n (q i (E g b (n (F (e (u (y g (G (ad (n ad (n p (w (e (c i v ab ad y) e u aa r a q f w u u ac h u e ac t r v e j t H b o ab ab r v q q y f aa p aa i i m I s a)) m x y J m o b) ad j e v t))))))))))))))))))
l x (c ad (u (ad (d w z (e (r (e y (p (g l ab l) ac))) ac (l (x h o g a e))))) (q y (i u (d aa w ad) i ac z m j) (f x x q (h e t k) b q u))) p) (A q d ac (n g ad ad c (c (a (ad ad d (B (C g y D (n (q i (E g b (n (F (e (u (y g (G (ad (n ad (n p (w (e (c i v ab ad y) e u aa r a q f w u u ac h u e ac t r v e j t H b o ab ab r v q q y f aa p aa i i m I s a)) m x y J m o b) ad j e v t))))))))))))))))))
l x (c ad (u (ad (d w z (e (r (e y (ab ac m r (ab k (i u (f a o b z w y))) ac))) ac (l (x h o g a e))))) (q y (i u (d aa w ad) i ac z m j) (f x x q (h e t k) b q u))) p) (A q d ac (n g ad ad c (c (a (ad ad d (B (C g y D (n (q i (E g b (n (F (e (u (y g (G (ad (n ad (n p (w (e (c i v ab ad y) e u aa r a q f w u u ac h u e ac t r v e j t H b o ab ab r v q q y f aa p aa i i m I s a)) m x y J m o b) ad j e v t))))))))))))))))))
l x (c ad (u (ad (d w z (e (r (e y (ab ac m r (ab k (i u (u (ad (ab h i k v m ac i v d i g x q c s)) b z w y))) ac))) ac (l (x h o g a e))))) (q y (i u (d aa w ad) i ac z m j) (f x x q (h e t k) b q u))) p) (A q d ac (n g ad ad c (c (a (ad ad d (B (C g y D (n (q i (E g b (n (F (e (u (y g (G (ad (n ad (n p (w (e (c i v ab ad y) e u aa r a q f w u u ac h u e ac t r v e j t H b o ab ab r v q q y f aa p aa i i m I s a)) m x y J m o b) ad j e v t))))))))))))))))))
l x (c ad (u (ad (d w z (e (r (e y (ab ac m r (ab k (i u (u (ad (q (e aa ac (v (y (m (i b y x z l n z q ad y))))) i v d i g x q c s)) b z w y))) ac))) ac (l (x h o g a e))))) (q y (i u (d aa w ad) i ac z m j) (f x x q (h e t k) b q u))) p) (A q d ac (n g ad ad c (c (a (ad ad d (B (C g y D (n (q i (E g b (n (F (e (u (y g (G (ad (n ad (n p (w (e (c i v ab ad y) e u aa r a q f w u u ac h u e ac t r v e j t H b o ab ab r v q q y f aa p aa i i m I s a)) m x y J m o b) ad j e v t))))))))))))))))))
l x (c ad (u (ad (d w z (e (r (e y (ab ac m r (ab k (i u (u (ad (t h (u i t ac j) x q c s)) b z w y))) ac))) ac (l (x h o g a e))))) (q y (i u (d aa w ad) i ac z m j) (f x x q (h e t k) b q u))) p) (A q d ac (n g ad ad c (c (a (ad ad d (B (C g y D (n (q i (E g b (n (F (e (u (y g (G (ad (n ad (n p (w (e (c i v ab ad y) e u aa r a q f w u u ac h u e ac t r v e j t H b o ab ab r v q q y f aa p aa i i m I s a)) m x y J m o b) ad j e v t))))))))))))))))))
l x (c ad (u (ad (d w z (e (r (e y (ab ac m r (ab k (i u (u (ad (r m (u u v) (q y (i u (d aa w ad) i ac z m j)) (u i t ac j) x q c s)) b z w y))) ac))) ac (l (x h o g a e))))) (q y (i u (d aa w ad) i ac z m j) (f x x q (h e t k) b q u))) p) (A q d ac (n g ad ad c (c (a (ad ad d (B (C g y D (n (q i (E g b (n (F (e (u (y g (G (ad (n ad (n p (w (e (c i v ab ad y) e u aa r a q f w u u ac h u e ac t r v e j t H b o ab ab r v q q y f aa p aa i i m I s a)) m x y J m o b) ad j e v t))))))))))))))))))
l x (c ad (u (ad (d w z (e (r (e y (ab ac m r (ab k (i u (u (ad (c ad (f ac l (q y (i u (d aa w ad) i ac z m j) (f x x q (h e t k) b q u))) x q c s)) b z w y))) ac))) ac (l (x h o g a e))))) (q y (i u (d aa w ad) i ac z m j) (f x x q (h e t k) b q u))) p) (A q d ac (n g ad ad c (c (a (ad ad d (B (C g y D (n (q i (E g b (n (F (e (u (y g (G (ad (n ad (n p (w (e (c i v ab ad y) e u aa r a q f w u u ac h u e ac t r v e j t H b o ab ab r v q q y f aa p aa i i m I s a)) m x y J m o b) ad j e v t))))))))))))))))))
l x (c ad (u (ad (d w z (e (r (e y (ab ac m r (ab k (i u (u (ad (d w z (e (j e p v ab) ac (l (x h o g a e))))) b z w y))) ac))) ac (l (x h o g a e))))) (q y (i u (d aa w ad) i ac z m j) (f x x q (h e t k) b q u))) p) (A q d ac (n g ad ad c (c (a (ad ad d (B (C g y D (n (q i (E g b (n (F (e (u (y g (G (ad (n ad (n p (w (e (c i v ab ad y) e u aa r a q f w u u ac h u e ac t r v e j t H b o ab ab r v q q y f aa p aa i i m I s a)) m x y J m o b) ad j e v t))))))))))))))))))
l x (c ad (u (ad (d w z (e (r (e y (ab ac m r (ab k (i u (u (ad (d w z (e (r (e y (p (g l ab l) ac))) ac (l (x h o g a e))))) b z w y))) ac))) ac (l (x h o g a e))))) (q y (i u (d aa w ad) i ac z m j) (f x x q (h e t k) b q u))) p) (A q d ac (n g ad ad c (c (a (ad ad d (B (C g y D (n (q i (E g b (n (F (e (u (y g (G (ad (n ad (n p (w (e (c i v ab ad y) e u aa r a q f w u u ac h u e ac t r v e j t H b o ab ab r v q q y f aa p aa i i m I s a)) m x y J m o b) ad j e v t))))))))))))))))))
l x (c ad (u (ad (d w z (e (r (e y (ab ac m r (ab k (i u (u (ad (d w z (e (r (e y (ab ac m r (ab k (i u (f a o b z w y))) ac))) ac (l (x h o g a e))))) b z w y))) ac))) ac (l (x h o g a e))))) (q y (i u (d aa w ad) i ac z m j) (f x x q (h e t k) b q u))) p) (A q d ac (n g ad ad c (c (a (ad ad d (B (C g y D (n (q i (E g b (n (F (e (u (y g (G (ad (n ad (n p (w (e (c i v ab ad y) e u aa r a q f w u u ac h u e ac t r v e j t H b o ab ab r v q q y f aa p aa i i m I s a)) m x y J m o b) ad j e v t))))))))))))))))))
l x (c ad (u (ad (d w z (e (r (e y (ab ac m r (ab k (i u (u (ad (d w z (e (r (e y (ab ac m r (ab k (i u (u (ad (ab h i k v m ac i v d i g x q c s)) b z w y))) ac))) ac (l (x h o g a e))))) b z w y))) ac))) ac (l (x h o g a e))))) (q y (i u (d aa w ad) i ac z m j) (f x x q (h e t k) b q u))) p) (A q d ac (n g ad ad c (c (a (ad ad d (B (C g y D (n (q i (E g b (n (F (e (u (y g (G (ad (n ad (n p (w (e (c i v ab ad y) e u aa r a q f w u u ac h u e ac t r v e j t H b o ab ab r v q q y f aa p aa i i m I s a)) m x y J m o b) ad j e v t))))))))))))))))))
l x (c ad (u (ad (d w z (e (r (e y (ab ac m r (ab k (i u (u (ad (d w z (e (r (e y (ab ac m r (ab k (i u (u (ad (q (e aa ac (v (y (m (i b y x z l n z q ad y))))) i v d i g x q c s)) b z w y))) ac))) ac (l (x h o g a e))))) b z w y))) ac))) ac (l (x h o g a e))))) (q y (i u (d aa w ad) i ac z m j) (f x x q (h e t k) b q u))) p) (A q d ac (n g ad ad c (c (a (ad ad d (B (C g y D (n (q i (E g b (n (F (e (u (y g (G (ad (n ad (n p (w (e (c i v ab ad y) e u aa r a q f w u u ac h u e ac t r v e j t H b o ab ab r v q q y f aa p aa i i m I s a)) m x y J m o b) ad j e v t))))))))))))))))))
l x (c ad (u (ad (d w z (e (r (e y (ab ac m r (ab k (i u (u (ad (d w z (e (r (e y (ab ac m r (ab k (i u (u (ad (t h (u i t ac j) x q c s)) b z w y))) ac))) ac (l (x h o g a e))))) b z w y))) ac))) ac (l (x h o g a e))))) (q y (i u (d aa w ad) i ac z m j) (f x x q (h e t k) b q u))) p) (A q d ac (n g ad ad c (c (a (ad ad d (B (C g y D (n (q i (E g b (n (F (e (u (y g (G (ad (n ad (n p (w (e (c i v ab ad y) e u aa r a q f w u u ac h u e ac t r v e j t H b o ab ab r v q q y f aa p aa i i m I s a)) m x y J m o b) ad j e v t))))))))))))))))))
l x (c ad (u (ad (d w z (e (r (e y (ab ac m r (ab k (i u (u (ad (d w z (e (r (e y (ab ac m r (ab k (i u (u (ad (r m (u u v) (q y (i u (d aa w ad) i ac z m j)) (u i t ac j) x q c s)) b z w y))) ac))) ac (l (x h o g a e))))) b z w y))) ac))) ac (l (x h o g a e))))) (q y (i u (d aa w ad) i ac z m j) (f x x q (h e t k) b q u))) p) (A q d ac (n g ad ad c (c (a (ad ad d (B (C g y D (n (q i (E g b (n (F (e (u (y g (G (ad (n ad (n p (w (e (c i v ab ad y) e u aa r a q f w u u ac h u e ac t r v e j t H b o ab ab r v q q y f aa p aa i i m I s a)) m x y J m o b) ad j e v t))))))))))))))))))
l x (c ad (u (ad (d w z (e (r (e y (ab ac m r (ab k (i u (u (ad (d w z (e (r (e y (ab ac m r (ab k (i u (u (ad (c ad (f ac l (q y (i u (d aa w ad) i ac z m j) (f x x q (h e t k) b q u))) x q c s)) b z w y))) ac))) ac (l (x h o g a e))))) b z w y))) ac))) ac (l (x h o g a e))))) (q y (i u (d aa w ad) i ac z m j) (f x x q (h e t k) b q u))) p) (A q d ac (n g ad ad c (c (a (ad ad d (B (C g y D (n (q i (E g b (n (F (e (u (y g (G (ad (n ad (n p (w (e (c i v ab ad y) e u aa r a q f w u u ac h u e ac t r v e j t H b o ab ab r v q q y f aa p aa i i m I s a)) m x y J m o b) ad j e v t))))))))))))))))))
l x (c ad (u (ad (d w z (e (r (e y (ab ac m r (ab k (i u (u (ad (d w z (e (r (e y (ab ac m r (ab k (i u (u (ad (d w z (e (j e p v ab) ac (l (x h o g a e))))) b z w y))) ac))) ac (l (x h o g a e))))) b z w y))) ac))) ac (l (x h o g a e))))) (q y (i u (d aa w ad) i ac z m j) (f x x q (h e t k) b q u))) p) (A q d ac (n g ad ad c (c (a (ad ad d (B (C g y D (n (q i (E g b (n (F (e (u (y g (G (ad (n ad (n p (w (e (c i v ab ad y) e u aa r a q f w u u ac h u e ac t r v e j t H b o ab ab r v q q y f aa p aa i i m I s a)) m x y J m o b) ad j e v t))))))))))))))))))
l x (c ad (u (ad (d w z (e (r (e y (ab ac m r (ab k (i u (u (ad (d w z (e (r (e y (ab ac m r (ab k (i u (u (ad (d w z (e (r (e y (p (g l ab l) ac))) ac (l (x h o g a e))))) b z w y))) ac))) ac (l (x h o g a e))))) b z w y))) ac))) ac (l (x h o g a e))))) (q y (i u (d aa w ad) i ac z m j) (f x x q (h e t k) b q u))) p) (A q d ac (n g ad ad c (c (a (ad ad d (B (C g y D (n (q i (E g b (n (F (e (u (y g (G (ad (n ad (n p (w (e (c i v ab ad y) e u aa r a q f w u u ac h u e ac t r v e j t H b o ab ab r v q q y f aa p aa i i m I s a)) m x y J m o b) ad j e v t))))))))))))))))))
l x (c ad (u (ad (d w z (e (r (e y (ab ac m r (ab k (i u (u (ad (d w z (e (r (e y (ab ac m r (ab k (i u (u (ad (d w z (e (r (e y (ab ac m r (ab k (i u (f a o b z w y))) ac))) ac (l (x h o g a e))))) b z w y))) ac))) ac (l (x h o g a e))))) b z w y))) ac))) ac (l (x h o g a e))))) (q y (i u (d aa w ad) i ac z m j) (f x x q (h e t k) b q u))) p) (A q d ac (n g ad ad c (c (a (ad ad d (B (C g y D (n (q i (E g b (n (F (e (u (y g (G (ad (n ad (n p (w (e (c i v ab ad y) e u aa r a q f w u u ac h u e ac t r v e j t H b o ab ab r v q q y f aa p aa i i m I s a)) m x y J m o b) ad j e v t))))))))))))))))))
l x (c ad (u (ad (d w z (e (r (e y (ab ac m r (ab k (i u (u (ad (d w z (e (r (e y (ab ac m r (ab k (i u (u (ad (d w z (e (r (e y (ab ac m r (ab k (i u (u (ad (ab h i k v m ac i v d i g x q c s)) b z w y))) ac))) ac (l (x h o g a e))))) b z w y))) ac))) ac (l (x h o g a e))))) b z w y))) ac))) ac (l (x h o g a e))))) (q y (i u (d aa w ad) i ac z m j) (f x x q (h e t k) b q u))) p) (A q d ac (n g ad ad c (c (a (ad ad d (B (C g y D (n (q i (E g b (n (F (e (u (y g (G (ad (n ad (n p (w (e (c i v ab ad y) e u aa r a q f w u u ac h u e ac t r v e j t H b o ab ab r v q q y f aa p aa i i m I s a)) m x y J m o b) ad j e v t))))))))))))))))))


