a af ae ai ag ah aj = w (i ad g (ac g (d m (c n i ah h s w ag o t))))
b ae ag aj af ah ai = s
c ah ag ai ae af = ah q t (ab (n (ab r e y ad w u v)))
d ag af ae = m i k (p s (a (f m x j v i aa)))
e = ad (r (b (ab ad m i aa f ac k o v p s k i)))
f ag ah ae ai af aj = q (x (ac (g b ac k o u v p e)))
g ai af ae ah ag = l b ab n (ae v e m q)
h af ae = x a (y b aa)
i = e (d p n z) q z
j ae = s y ad (a ae (v o (k g aa k x x t)))
k ah ai ag aj ae af = i (p (n s ai r n ad))
l af ae = k ae (j u (t f h x t a b af))
m = l (i w n v p u n q r g)
n ae af ah ag = d (e e s (h (e m x y ae e)))
o ag ae ai af ah = q (l l d g (a ab (g (c t l f n ac) h)))
p = j aa (ab h i (ac (x e m t k f j v m)))
q af ah ag ae = ac f p (e (h (ad (n (y e d a x d f p s)))))
r ae af = h (a k (f j) j l p)
s ag ae ah aj af ai = r (aa a ac (m (t (ac o j n a l) m)))
t ag ah ae af ai = o d (d (u (m ag ac x f o ag j w n v ab ad)))
u ah ae ai af ag = v (g (l (k (c m w o y b b ad r))))
v af ai ae ah ag = c l (aa q (f (m c x i l g f c) i r) q k)
w = ac v z z (i (h v s v r e p b f a ab))
x af ae = w (l h) (i e y ab l)
y ah aj af ag ai ae = l (k z r) s (q k j)
z ae af ag = i (t f (o a c ad c o x))
aa ag af ae ah ai = n (g (v (g u) (f f) s ad u j a))
ab af ag ae = p ad (a (o i (ag (l ag i ac u h o n w p m))))
ac ag ah af ae = u (aa (w ad k o t o b ab))
ad af ah ae ai ag = t (ac l u x (ac (e o p a x ab l o r)))
main = A (f (l (ad (B ad (p (w (i (v (C (a (ad (i (q (h (k (f (g (v (b (a (u (D l (f a (E (s w) n (F q (k o G l (ab t c u H a w a w e ad v g i ac r w ad I v) s o r l m ac J p z g c s i b s g) i f) t r r a i s j m ac K q p z L i w m ac k l k q x ad t))))))))))))))))))))))))
------------------------------------------------------------
A (f (l (ad (B ad (p (w (i (v (C (a (ad (i (q (h (k (f (g (v (b (a (u (D l (f a (E (s w) n (F q (k o G l (ab t c u H a w a w e ad v g i ac r w ad I v) s o r l m ac J p z g c s i b s g) i f) t r r a i s j m ac K q p z L i w m ac k l k q x ad t))))))))))))))))))))))))
A (f (l (ad (B ad (j aa (ab h i (ac (x e m t k f j v m))) (w (i (v (C (a (ad (i (q (h (k (f (g (v (b (a (u (D l (f a (E (s w) n (F q (k o G l (ab t c u H a w a w e ad v g i ac r w ad I v) s o r l m ac J p z g c s i b s g) i f) t r r a i s j m ac K q p z L i w m ac k l k q x ad t))))))))))))))))))))))))
A (f (l (ad (B ad (s y ad (a aa (v o (k g aa k x x t))) (ab h i (ac (x e m t k f j v m))) (w (i (v (C (a (ad (i (q (h (k (f (g (v (b (a (u (D l (f a (E (s w) n (F q (k o G l (ab t c u H a w a w e ad v g i ac r w ad I v) s o r l m ac J p z g c s i b s g) i f) t r r a i s j m ac K q p z L i w m ac k l k q x ad t))))))))))))))))))))))))
A (f (l (ad (B ad (s y ad (a aa (v o (i (p (n s aa r n ad))))) (ab h i (ac (x e m t k f j v m))) (w (i (v (C (a (ad (i (q (h (k (f (g (v (b (a (u (D l (f a (E (s w) n (F q (k o G l (ab t c u H a w a w e ad v g i ac r w ad I v) s o r l m ac J p z g c s i b s g) i f) t r r a i s j m ac K q p z L i w m ac k l k q x ad t))))))))))))))))))))))))
A (f (l (ad (B ad (s y ad (a aa (v o (e (d p n z) q z (p (n s aa r n ad))))) (ab h i (ac (x e m t k f j v m))) (w (i (v (C (a (ad (i (q (h (k (f (g (v (b (a (u (D l (f a (E (s w) n (F q (k o G l (ab t c u H a w a w e ad v g i ac r w ad I v) s o r l m ac J p z g c s i b s g) i f) t r r a i s j m ac K q p z L i w m ac k l k q x ad t))))))))))))))))))))))))
A (f (l (ad (B ad (s y ad (a aa (v o (ad (r (b (ab ad m i aa f ac k o v p s k i))) (d p n z) q z (p (n s aa r n ad))))) (ab h i (ac (x e m t k f j v m))) (w (i (v (C (a (ad (i (q (h (k (f (g (v (b (a (u (D l (f a (E (s w) n (F q (k o G l (ab t c u H a w a w e ad v g i ac r w ad I v) s o r l m ac J p z g c s i b s g) i f) t r r a i s j m ac K q p z L i w m ac k l k q x ad t))))))))))))))))))))))))
A (f (l (ad (B ad (s y ad (a aa (v o (t (ac l u x (ac (e o p a x ab l o r)))))) (ab h i (ac (x e m t k f j v m))) (w (i (v (C (a (ad (i (q (h (k (f (g (v (b (a (u (D l (f a (E (s w) n (F q (k o G l (ab t c u H a w a w e ad v g i ac r w ad I v) s o r l m ac J p z g c s i b s g) i f) t r r a i s j m ac K q p z L i w m ac k l k q x ad t))))))))))))))))))))))))
A (f (l (ad (B ad (s y ad (a aa (v o (t (u (aa (w ad k o t o b ab)))))) (ab h i (ac (x e m t k f j v m))) (w (i (v (C (a (ad (i (q (h (k (f (g (v (b (a (u (D l (f a (E (s w) n (F q (k o G l (ab t c u H a w a w e ad v g i ac r w ad I v) s o r l m ac J p z g c s i b s g) i f) t r r a i s j m ac K q p z L i w m ac k l k q x ad t))))))))))))))))))))))))
A (f (l (ad (B ad (s y ad (a aa (v o (t (u (aa (ac v z z (i (h v s v r e p b f a ab)) ad k o t o b ab)))))) (ab h i (ac (x e m t k f j v m))) (w (i (v (C (a (ad (i (q (h (k (f (g (v (b (a (u (D l (f a (E (s w) n (F q (k o G l (ab t c u H a w a w e ad v g i ac r w ad I v) s o r l m ac J p z g c s i b s g) i f) t r r a i s j m ac K q p z L i w m ac k l k q x ad t))))))))))))))))))))))))
A (f (l (ad (B ad (s y ad (a aa (v o (t (u (aa (u (aa (w ad k o t o b ab)) ad k o t o b ab)))))) (ab h i (ac (x e m t k f j v m))) (w (i (v (C (a (ad (i (q (h (k (f (g (v (b (a (u (D l (f a (E (s w) n (F q (k o G l (ab t c u H a w a w e ad v g i ac r w ad I v) s o r l m ac J p z g c s i b s g) i f) t r r a i s j m ac K q p z L i w m ac k l k q x ad t))))))))))))))))))))))))
A (f (l (ad (B ad (s y ad (a aa (v o (t (u (aa (v (g (l (k (c m w o y b b ad r)))) o b ab)))))) (ab h i (ac (x e m t k f j v m))) (w (i (v (C (a (ad (i (q (h (k (f (g (v (b (a (u (D l (f a (E (s w) n (F q (k o G l (ab t c u H a w a w e ad v g i ac r w ad I v) s o r l m ac J p z g c s i b s g) i f) t r r a i s j m ac K q p z L i w m ac k l k q x ad t))))))))))))))))))))))))
A (f (l (ad (B ad (s y ad (a aa (v o (t (u (aa (v (g (l (k (m q t (ab (n (ab r e y ad w u v))) b ad r)))) o b ab)))))) (ab h i (ac (x e m t k f j v m))) (w (i (v (C (a (ad (i (q (h (k (f (g (v (b (a (u (D l (f a (E (s w) n (F q (k o G l (ab t c u H a w a w e ad v g i ac r w ad I v) s o r l m ac J p z g c s i b s g) i f) t r r a i s j m ac K q p z L i w m ac k l k q x ad t))))))))))))))))))))))))
A (f (l (ad (B ad (s y ad (a aa (v o (t (u (aa (v (g (l (k (l (i w n v p u n q r g) q t (ab (n (ab r e y ad w u v))) b ad r)))) o b ab)))))) (ab h i (ac (x e m t k f j v m))) (w (i (v (C (a (ad (i (q (h (k (f (g (v (b (a (u (D l (f a (E (s w) n (F q (k o G l (ab t c u H a w a w e ad v g i ac r w ad I v) s o r l m ac J p z g c s i b s g) i f) t r r a i s j m ac K q p z L i w m ac k l k q x ad t))))))))))))))))))))))))
A (f (l (ad (B ad (s y ad (a aa (v o (t (u (aa (v (g (l (k (k q (j u (t f h x t a b (i w n v p u n q r g))) t (ab (n (ab r e y ad w u v))) b ad r)))) o b ab)))))) (ab h i (ac (x e m t k f j v m))) (w (i (v (C (a (ad (i (q (h (k (f (g (v (b (a (u (D l (f a (E (s w) n (F q (k o G l (ab t c u H a w a w e ad v g i ac r w ad I v) s o r l m ac J p z g c s i b s g) i f) t r r a i s j m ac K q p z L i w m ac k l k q x ad t))))))))))))))))))))))))
A (f (l (ad (B ad (s y ad (a aa (v o (t (u (aa (v (g (l (k (i (p (n s (j u (t f h x t a b (i w n v p u n q r g))) r n ad)) r)))) o b ab)))))) (ab h i (ac (x e m t k f j v m))) (w (i (v (C (a (ad (i (q (h (k (f (g (v (b (a (u (D l (f a (E (s w) n (F q (k o G l (ab t c u H a w a w e ad v g i ac r w ad I v) s o r l m ac J p z g c s i b s g) i f) t r r a i s j m ac K q p z L i w m ac k l k q x ad t))))))))))))))))))))))))
A (f (l (ad (B ad (s y ad (a aa (v o (t (u (aa (v (g (l (k (e (d p n z) q z (p (n s (j u (t f h x t a b (i w n v p u n q r g))) r n ad)) r)))) o b ab)))))) (ab h i (ac (x e m t k f j v m))) (w (i (v (C (a (ad (i (q (h (k (f (g (v (b (a (u (D l (f a (E (s w) n (F q (k o G l (ab t c u H a w a w e ad v g i ac r w ad I v) s o r l m ac J p z g c s i b s g) i f) t r r a i s j m ac K q p z L i w m ac k l k q x ad t))))))))))))))))))))))))
A (f (l (ad (B ad (s y ad (a aa (v o (t (u (aa (v (g (l (k (ad (r (b (ab ad m i aa f ac k o v p s k i))) (d p n z) q z (p (n s (j u (t f h x t a b (i w n v p u n q r g))) r n ad)) r)))) o b ab)))))) (ab h i (ac (x e m t k f j v m))) (w (i (v (C (a (ad (i (q (h (k (f (g (v (b (a (u (D l (f a (E (s w) n (F q (k o G l (ab t c u H a w a w e ad v g i ac r w ad I v) s o r l m ac J p z g c s i b s g) i f) t r r a i s j m ac K q p z L i w m ac k l k q x ad t))))))))))))))))))))))))
A (f (l (ad (B ad (s y ad (a aa (v o (t (u (aa (v (g (l (k (t (ac l u x (ac (e o p a x ab l o r))) r)))) o b ab)))))) (ab h i (ac (x e m t k f j v m))) (w (i (v (C (a (ad (i (q (h (k (f (g (v (b (a (u (D l (f a (E (s w) n (F q (k o G l (ab t c u H a w a w e ad v g i ac r w ad I v) s o r l m ac J p z g c s i b s g) i f) t r r a i s j m ac K q p z L i w m ac k l k q x ad t))))))))))))))))))))))))
A (f (l (ad (B ad (s y ad (a aa (v o (t (u (aa (v (g (l (k (t (u (aa (w ad k o t o b ab))) r)))) o b ab)))))) (ab h i (ac (x e m t k f j v m))) (w (i (v (C (a (ad (i (q (h (k (f (g (v (b (a (u (D l (f a (E (s w) n (F q (k o G l (ab t c u H a w a w e ad v g i ac r w ad I v) s o r l m ac J p z g c s i b s g) i f) t r r a i s j m ac K q p z L i w m ac k l k q x ad t))))))))))))))))))))))))
A (f (l (ad (B ad (s y ad (a aa (v o (t (u (aa (v (g (l (k (t (u (aa (ac v z z (i (h v s v r e p b f a ab)) ad k o t o b ab))) r)))) o b ab)))))) (ab h i (ac (x e m t k f j v m))) (w (i (v (C (a (ad (i (q (h (k (f (g (v (b (a (u (D l (f a (E (s w) n (F q (k o G l (ab t c u H a w a w e ad v g i ac r w ad I v) s o r l m ac J p z g c s i b s g) i f) t r r a i s j m ac K q p z L i w m ac k l k q x ad t))))))))))))))))))))))))
A (f (l (ad (B ad (s y ad (a aa (v o (t (u (aa (v (g (l (k (t (u (aa (u (aa (w ad k o t o b ab)) ad k o t o b ab))) r)))) o b ab)))))) (ab h i (ac (x e m t k f j v m))) (w (i (v (C (a (ad (i (q (h (k (f (g (v (b (a (u (D l (f a (E (s w) n (F q (k o G l (ab t c u H a w a w e ad v g i ac r w ad I v) s o r l m ac J p z g c s i b s g) i f) t r r a i s j m ac K q p z L i w m ac k l k q x ad t))))))))))))))))))))))))
A (f (l (ad (B ad (s y ad (a aa (v o (t (u (aa (v (g (l (k (t (u (aa (v (g (l (k (c m w o y b b ad r)))) o b ab))) r)))) o b ab)))))) (ab h i (ac (x e m t k f j v m))) (w (i (v (C (a (ad (i (q (h (k (f (g (v (b (a (u (D l (f a (E (s w) n (F q (k o G l (ab t c u H a w a w e ad v g i ac r w ad I v) s o r l m ac J p z g c s i b s g) i f) t r r a i s j m ac K q p z L i w m ac k l k q x ad t))))))))))))))))))))))))
A (f (l (ad (B ad (s y ad (a aa (v o (t (u (aa (v (g (l (k (t (u (aa (v (g (l (k (m q t (ab (n (ab r e y ad w u v))) b ad r)))) o b ab))) r)))) o b ab)))))) (ab h i (ac (x e m t k f j v m))) (w (i (v (C (a (ad (i (q (h (k (f (g (v (b (a (u (D l (f a (E (s w) n (F q (k o G l (ab t c u H a w a w e ad v g i ac r w ad I v) s o r l m ac J p z g c s i b s g) i f) t r r a i s j m ac K q p z L i w m ac k l k q x ad t))))))))))))))))))))))))
A (f (l (ad (B ad (s y ad (a aa (v o (t (u (aa (v (g (l (k (t (u (aa (v (g (l (k (l (i w n v p u n q r g) q t (ab (n (ab r e y ad w u v))) b ad r)))) o b ab))) r)))) o b ab)))))) (ab h i (ac (x e m t k f j v m))) (w (i (v (C (a (ad (i (q (h (k (f (g (v (b (a (u (D l (f a (E (s w) n (F q (k o G l (ab t c u H a w a w e ad v g i ac r w ad I v) s o r l m ac J p z g c s i b s g) i f) t r r a i s j m ac K q p z L i w m ac k l k q x ad t))))))))))))))))))))))))
A (f (l (ad (B ad (s y ad (a aa (v o (t (u (aa (v (g (l (k (t (u (aa (v (g (l (k (k q (j u (t f h x t a b (i w n v p u n q r g))) t (ab (n (ab r e y ad w u v))) b ad r)))) o b ab))) r)))) o b ab)))))) (ab h i (ac (x e m t k f j v m))) (w (i (v (C (a (ad (i (q (h (k (f (g (v (b (a (u (D l (f a (E (s w) n (F q (k o G l (ab t c u H a w a w e ad v g i ac r w ad I v) s o r l m ac J p z g c s i b s g) i f) t r r a i s j m ac K q p z L i w m ac k l k q x ad t))))))))))))))))))))))))
A (f (l (ad (B ad (s y ad (a aa (v o (t (u (aa (v (g (l (k (t (u (aa (v (g (l (k (i (p (n s (j u (t f h x t a b (i w n v p u n q r g))) r n ad)) r)))) o b ab))) r)))) o b ab)))))) (ab h i (ac (x e m t k f j v m))) (w (i (v (C (a (ad (i (q (h (k (f (g (v (b (a (u (D l (f a (E (s w) n (F q (k o G l (ab t c u H a w a w e ad v g i ac r w ad I v) s o r l m ac J p z g c s i b s g) i f) t r r a i s j m ac K q p z L i w m ac k l k q x ad t))))))))))))))))))))))))
A (f (l (ad (B ad (s y ad (a aa (v o (t (u (aa (v (g (l (k (t (u (aa (v (g (l (k (e (d p n z) q z (p (n s (j u (t f h x t a b (i w n v p u n q r g))) r n ad)) r)))) o b ab))) r)))) o b ab)))))) (ab h i (ac (x e m t k f j v m))) (w (i (v (C (a (ad (i (q (h (k (f (g (v (b (a (u (D l (f a (E (s w) n (F q (k o G l (ab t c u H a w a w e ad v g i ac r w ad I v) s o r l m ac J p z g c s i b s g) i f) t r r a i s j m ac K q p z L i w m ac k l k q x ad t))))))))))))))))))))))))
A (f (l (ad (B ad (s y ad (a aa (v o (t (u (aa (v (g (l (k (t (u (aa (v (g (l (k (ad (r (b (ab ad m i aa f ac k o v p s k i))) (d p n z) q z (p (n s (j u (t f h x t a b (i w n v p u n q r g))) r n ad)) r)))) o b ab))) r)))) o b ab)))))) (ab h i (ac (x e m t k f j v m))) (w (i (v (C (a (ad (i (q (h (k (f (g (v (b (a (u (D l (f a (E (s w) n (F q (k o G l (ab t c u H a w a w e ad v g i ac r w ad I v) s o r l m ac J p z g c s i b s g) i f) t r r a i s j m ac K q p z L i w m ac k l k q x ad t))))))))))))))))))))))))
A (f (l (ad (B ad (s y ad (a aa (v o (t (u (aa (v (g (l (k (t (u (aa (v (g (l (k (t (ac l u x (ac (e o p a x ab l o r))) r)))) o b ab))) r)))) o b ab)))))) (ab h i (ac (x e m t k f j v m))) (w (i (v (C (a (ad (i (q (h (k (f (g (v (b (a (u (D l (f a (E (s w) n (F q (k o G l (ab t c u H a w a w e ad v g i ac r w ad I v) s o r l m ac J p z g c s i b s g) i f) t r r a i s j m ac K q p z L i w m ac k l k q x ad t))))))))))))))))))))))))
A (f (l (ad (B ad (s y ad (a aa (v o (t (u (aa (v (g (l (k (t (u (aa (v (g (l (k (t (u (aa (w ad k o t o b ab))) r)))) o b ab))) r)))) o b ab)))))) (ab h i (ac (x e m t k f j v m))) (w (i (v (C (a (ad (i (q (h (k (f (g (v (b (a (u (D l (f a (E (s w) n (F q (k o G l (ab t c u H a w a w e ad v g i ac r w ad I v) s o r l m ac J p z g c s i b s g) i f) t r r a i s j m ac K q p z L i w m ac k l k q x ad t))))))))))))))))))))))))


