a k (x d q h j)
b ae s n (d (aa (a (u r x z q) j o aa)))
c ae ad y j (ae w h (ab (q ab g (s m w i aa j))))
d af ag ae ah u (k e p (v (b (z (b ac f w o l g aa) j))))
e ae af ad (u w g (h (m (z (b aa) q x z t o f g) y c)))
f ae ag af j (y (c a (k o ac ae k d o a p l j ac b)))
g ai ae ag af ah b ah o k d (w y aa (ag ad j j l) d ad)
h aj af ah ai ag ae g (j p)
i af ae m l
j ae ag af i aa o l (k (g t c))
k ae r r (g (w i d (g v j a m l z)))
l ai ah af ae ag x (p af u d o d v) y
m ah aj af ai ag ae v ac v (i r h ad)
n ae e (m (h ae (t f a l q ad x c s r ad f)))
o af ae ag ah s (p a (r b aa (n (n (n q b n) w h l ah m))))
p ah ag af ae x (v ac w b)
q aa y d (k x s)
r ae t k (z (g aa (f (c n g l c ab k) b a ae z)))
s aa v
t d (l c (j y x z) ac)
u ae ah ag af af (j v k (y (d (n k aa r b g e b))))
v ae af ag k ae (k y)
w ae af ag ag g r (z q ac (d af f c b ad))
x af ag ae ah s (ad j e c (k (w l d z c af v i c) q r e))
y ag af ah ae ad (a (i g l m aa))
z ag ai af ae ah aj j ah ab a s (y r (ac e (ag (m l f e v f) y)))
aa ag af ae ab (ad (h (b (n (o w p l (u n o ac p d) g)))))
ab ag af aj ai ae ah k e (l (l (s (p i b o c o s i y y ac) o)))
ac ae w ab v n
ad af ae q (ab (aa (p (x c f q s z) c s a) w))
main k A c (B (q (aa (e (w x (C D o u y m g p x i b g e j n (E w p c ac F (i (d z (aa (x b (G d (a (H (a (ad (b (k (I (n (J (p q (K (t (k g u ad ac c z z w v f d t m c g L g ac M ac q N u p h) q m f n b f w s x z d l y z g ab t q q t) l y c)))))))))))))))))))))))
------------------------------------------------------------
k A c (B (q (aa (e (w x (C D o u y m g p x i b g e j n (E w p c ac F (i (d z (aa (x b (G d (a (H (a (ad (b (k (I (n (J (p q (K (t (k g u ad ac c z z w v f d t m c g L g ac M ac q N u p h) q m f n b f w s x z d l y z g ab t q q t) l y c)))))))))))))))))))))))
r r (g (w i d (g v j a m l z))) c (B (q (aa (e (w x (C D o u y m g p x i b g e j n (E w p c ac F (i (d z (aa (x b (G d (a (H (a (ad (b (k (I (n (J (p q (K (t (k g u ad ac c z z w v f d t m c g L g ac M ac q N u p h) q m f n b f w s x z d l y z g ab t q q t) l y c)))))))))))))))))))))))
t k (z (g aa (f (c n g l c ab k) b a r z))) (g (w i d (g v j a m l z))) c (B (q (aa (e (w x (C D o u y m g p x i b g e j n (E w p c ac F (i (d z (aa (x b (G d (a (H (a (ad (b (k (I (n (J (p q (K (t (k g u ad ac c z z w v f d t m c g L g ac M ac q N u p h) q m f n b f w s x z d l y z g ab t q q t) l y c)))))))))))))))))))))))
d (l c (j y x z) ac) k (z (g aa (f (c n g l c ab k) b a r z))) (g (w i d (g v j a m l z))) c (B (q (aa (e (w x (C D o u y m g p x i b g e j n (E w p c ac F (i (d z (aa (x b (G d (a (H (a (ad (b (k (I (n (J (p q (K (t (k g u ad ac c z z w v f d t m c g L g ac M ac q N u p h) q m f n b f w s x z d l y z g ab t q q t) l y c)))))))))))))))))))))))
u (k e p (v (b (z (b ac f w o l g aa) j)))) c (B (q (aa (e (w x (C D o u y m g p x i b g e j n (E w p c ac F (i (d z (aa (x b (G d (a (H (a (ad (b (k (I (n (J (p q (K (t (k g u ad ac c z z w v f d t m c g L g ac M ac q N u p h) q m f n b f w s x z d l y z g ab t q q t) l y c)))))))))))))))))))))))
u (r r (g (w i d (g v j a m l z))) p (v (b (z (b ac f w o l g aa) j)))) c (B (q (aa (e (w x (C D o u y m g p x i b g e j n (E w p c ac F (i (d z (aa (x b (G d (a (H (a (ad (b (k (I (n (J (p q (K (t (k g u ad ac c z z w v f d t m c g L g ac M ac q N u p h) q m f n b f w s x z d l y z g ab t q q t) l y c)))))))))))))))))))))))
u (t k (z (g aa (f (c n g l c ab k) b a r z))) (g (w i d (g v j a m l z))) p (v (b (z (b ac f w o l g aa) j)))) c (B (q (aa (e (w x (C D o u y m g p x i b g e j n (E w p c ac F (i (d z (aa (x b (G d (a (H (a (ad (b (k (I (n (J (p q (K (t (k g u ad ac c z z w v f d t m c g L g ac M ac q N u p h) q m f n b f w s x z d l y z g ab t q q t) l y c)))))))))))))))))))))))
u (d (l c (j y x z) ac) k (z (g aa (f (c n g l c ab k) b a r z))) (g (w i d (g v j a m l z))) p (v (b (z (b ac f w o l g aa) j)))) c (B (q (aa (e (w x (C D o u y m g p x i b g e j n (E w p c ac F (i (d z (aa (x b (G d (a (H (a (ad (b (k (I (n (J (p q (K (t (k g u ad ac c z z w v f d t m c g L g ac M ac q N u p h) q m f n b f w s x z d l y z g ab t q q t) l y c)))))))))))))))))))))))
u (u (k e p (v (b (z (b ac f w o l g aa) j)))) p (v (b (z (b ac f w o l g aa) j)))) c (B (q (aa (e (w x (C D o u y m g p x i b g e j n (E w p c ac F (i (d z (aa (x b (G d (a (H (a (ad (b (k (I (n (J (p q (K (t (k g u ad ac c z z w v f d t m c g L g ac M ac q N u p h) q m f n b f w s x z d l y z g ab t q q t) l y c)))))))))))))))))))))))
u (u (r r (g (w i d (g v j a m l z))) p (v (b (z (b ac f w o l g aa) j)))) p (v (b (z (b ac f w o l g aa) j)))) c (B (q (aa (e (w x (C D o u y m g p x i b g e j n (E w p c ac F (i (d z (aa (x b (G d (a (H (a (ad (b (k (I (n (J (p q (K (t (k g u ad ac c z z w v f d t m c g L g ac M ac q N u p h) q m f n b f w s x z d l y z g ab t q q t) l y c)))))))))))))))))))))))
u (u (t k (z (g aa (f (c n g l c ab k) b a r z))) (g (w i d (g v j a m l z))) p (v (b (z (b ac f w o l g aa) j)))) p (v (b (z (b ac f w o l g aa) j)))) c (B (q (aa (e (w x (C D o u y m g p x i b g e j n (E w p c ac F (i (d z (aa (x b (G d (a (H (a (ad (b (k (I (n (J (p q (K (t (k g u ad ac c z z w v f d t m c g L g ac M ac q N u p h) q m f n b f w s x z d l y z g ab t q q t) l y c)))))))))))))))))))))))
u (u (d (l c (j y x z) ac) k (z (g aa (f (c n g l c ab k) b a r z))) (g (w i d (g v j a m l z))) p (v (b (z (b ac f w o l g aa) j)))) p (v (b (z (b ac f w o l g aa) j)))) c (B (q (aa (e (w x (C D o u y m g p x i b g e j n (E w p c ac F (i (d z (aa (x b (G d (a (H (a (ad (b (k (I (n (J (p q (K (t (k g u ad ac c z z w v f d t m c g L g ac M ac q N u p h) q m f n b f w s x z d l y z g ab t q q t) l y c)))))))))))))))))))))))
u (u (u (k e p (v (b (z (b ac f w o l g aa) j)))) p (v (b (z (b ac f w o l g aa) j)))) p (v (b (z (b ac f w o l g aa) j)))) c (B (q (aa (e (w x (C D o u y m g p x i b g e j n (E w p c ac F (i (d z (aa (x b (G d (a (H (a (ad (b (k (I (n (J (p q (K (t (k g u ad ac c z z w v f d t m c g L g ac M ac q N u p h) q m f n b f w s x z d l y z g ab t q q t) l y c)))))))))))))))))))))))
u (u (u (r r (g (w i d (g v j a m l z))) p (v (b (z (b ac f w o l g aa) j)))) p (v (b (z (b ac f w o l g aa) j)))) p (v (b (z (b ac f w o l g aa) j)))) c (B (q (aa (e (w x (C D o u y m g p x i b g e j n (E w p c ac F (i (d z (aa (x b (G d (a (H (a (ad (b (k (I (n (J (p q (K (t (k g u ad ac c z z w v f d t m c g L g ac M ac q N u p h) q m f n b f w s x z d l y z g ab t q q t) l y c)))))))))))))))))))))))
u (u (u (t k (z (g aa (f (c n g l c ab k) b a r z))) (g (w i d (g v j a m l z))) p (v (b (z (b ac f w o l g aa) j)))) p (v (b (z (b ac f w o l g aa) j)))) p (v (b (z (b ac f w o l g aa) j)))) c (B (q (aa (e (w x (C D o u y m g p x i b g e j n (E w p c ac F (i (d z (aa (x b (G d (a (H (a (ad (b (k (I (n (J (p q (K (t (k g u ad ac c z z w v f d t m c g L g ac M ac q N u p h) q m f n b f w s x z d l y z g ab t q q t) l y c)))))))))))))))))))))))
u (u (u (d (l c (j y x z) ac) k (z (g aa (f (c n g l c ab k) b a r z))) (g (w i d (g v j a m l z))) p (v (b (z (b ac f w o l g aa) j)))) p (v (b (z (b ac f w o l g aa) j)))) p (v (b (z (b ac f w o l g aa) j)))) c (B (q (aa (e (w x (C D o u y m g p x i b g e j n (E w p c ac F (i (d z (aa (x b (G d (a (H (a (ad (b (k (I (n (J (p q (K (t (k g u ad ac c z z w v f d t m c g L g ac M ac q N u p h) q m f n b f w s x z d l y z g ab t q q t) l y c)))))))))))))))))))))))
u (u (u (u (k e p (v (b (z (b ac f w o l g aa) j)))) p (v (b (z (b ac f w o l g aa) j)))) p (v (b (z (b ac f w o l g aa) j)))) p (v (b (z (b ac f w o l g aa) j)))) c (B (q (aa (e (w x (C D o u y m g p x i b g e j n (E w p c ac F (i (d z (aa (x b (G d (a (H (a (ad (b (k (I (n (J (p q (K (t (k g u ad ac c z z w v f d t m c g L g ac M ac q N u p h) q m f n b f w s x z d l y z g ab t q q t) l y c)))))))))))))))))))))))
u (u (u (u (r r (g (w i d (g v j a m l z))) p (v (b (z (b ac f w o l g aa) j)))) p (v (b (z (b ac f w o l g aa) j)))) p (v (b (z (b ac f w o l g aa) j)))) p (v (b (z (b ac f w o l g aa) j)))) c (B (q (aa (e (w x (C D o u y m g p x i b g e j n (E w p c ac F (i (d z (aa (x b (G d (a (H (a (ad (b (k (I (n (J (p q (K (t (k g u ad ac c z z w v f d t m c g L g ac M ac q N u p h) q m f n b f w s x z d l y z g ab t q q t) l y c)))))))))))))))))))))))
u (u (u (u (t k (z (g aa (f (c n g l c ab k) b a r z))) (g (w i d (g v j a m l z))) p (v (b (z (b ac f w o l g aa) j)))) p (v (b (z (b ac f w o l g aa) j)))) p (v (b (z (b ac f w o l g aa) j)))) p (v (b (z (b ac f w o l g aa) j)))) c (B (q (aa (e (w x (C D o u y m g p x i b g e j n (E w p c ac F (i (d z (aa (x b (G d (a (H (a (ad (b (k (I (n (J (p q (K (t (k g u ad ac c z z w v f d t m c g L g ac M ac q N u p h) q m f n b f w s x z d l y z g ab t q q t) l y c)))))))))))))))))))))))
u (u (u (u (d (l c (j y x z) ac) k (z (g aa (f (c n g l c ab k) b a r z))) (g (w i d (g v j a m l z))) p (v (b (z (b ac f w o l g aa) j)))) p (v (b (z (b ac f w o l g aa) j)))) p (v (b (z (b ac f w o l g aa) j)))) p (v (b (z (b ac f w o l g aa) j)))) c (B (q (aa (e (w x (C D o u y m g p x i b g e j n (E w p c ac F (i (d z (aa (x b (G d (a (H (a (ad (b (k (I (n (J (p q (K (t (k g u ad ac c z z w v f d t m c g L g ac M ac q N u p h) q m f n b f w s x z d l y z g ab t q q t) l y c)))))))))))))))))))))))
u (u (u (u (u (k e p (v (b (z (b ac f w o l g aa) j)))) p (v (b (z (b ac f w o l g aa) j)))) p (v (b (z (b ac f w o l g aa) j)))) p (v (b (z (b ac f w o l g aa) j)))) p (v (b (z (b ac f w o l g aa) j)))) c (B (q (aa (e (w x (C D o u y m g p x i b g e j n (E w p c ac F (i (d z (aa (x b (G d (a (H (a (ad (b (k (I (n (J (p q (K (t (k g u ad ac c z z w v f d t m c g L g ac M ac q N u p h) q m f n b f w s x z d l y z g ab t q q t) l y c)))))))))))))))))))))))
u (u (u (u (u (r r (g (w i d (g v j a m l z))) p (v (b (z (b ac f w o l g aa) j)))) p (v (b (z (b ac f w o l g aa) j)))) p (v (b (z (b ac f w o l g aa) j)))) p (v (b (z (b ac f w o l g aa) j)))) p (v (b (z (b ac f w o l g aa) j)))) c (B (q (aa (e (w x (C D o u y m g p x i b g e j n (E w p c ac F (i (d z (aa (x b (G d (a (H (a (ad (b (k (I (n (J (p q (K (t (k g u ad ac c z z w v f d t m c g L g ac M ac q N u p h) q m f n b f w s x z d l y z g ab t q q t) l y c)))))))))))))))))))))))
u (u (u (u (u (t k (z (g aa (f (c n g l c ab k) b a r z))) (g (w i d (g v j a m l z))) p (v (b (z (b ac f w o l g aa) j)))) p (v (b (z (b ac f w o l g aa) j)))) p (v (b (z (b ac f w o l g aa) j)))) p (v (b (z (b ac f w o l g aa) j)))) p (v (b (z (b ac f w o l g aa) j)))) c (B (q (aa (e (w x (C D o u y m g p x i b g e j n (E w p c ac F (i (d z (aa (x b (G d (a (H (a (ad (b (k (I (n (J (p q (K (t (k g u ad ac c z z w v f d t m c g L g ac M ac q N u p h) q m f n b f w s x z d l y z g ab t q q t) l y c)))))))))))))))))))))))
u (u (u (u (u (d (l c (j y x z) ac) k (z (g aa (f (c n g l c ab k) b a r z))) (g (w i d (g v j a m l z))) p (v (b (z (b ac f w o l g aa) j)))) p (v (b (z (b ac f w o l g aa) j)))) p (v (b (z (b ac f w o l g aa) j)))) p (v (b (z (b ac f w o l g aa) j)))) p (v (b (z (b ac f w o l g aa) j)))) c (B (q (aa (e (w x (C D o u y m g p x i b g e j n (E w p c ac F (i (d z (aa (x b (G d (a (H (a (ad (b (k (I (n (J (p q (K (t (k g u ad ac c z z w v f d t m c g L g ac M ac q N u p h) q m f n b f w s x z d l y z g ab t q q t) l y c)))))))))))))))))))))))
u (u (u (u (u (u (k e p (v (b (z (b ac f w o l g aa) j)))) p (v (b (z (b ac f w o l g aa) j)))) p (v (b (z (b ac f w o l g aa) j)))) p (v (b (z (b ac f w o l g aa) j)))) p (v (b (z (b ac f w o l g aa) j)))) p (v (b (z (b ac f w o l g aa) j)))) c (B (q (aa (e (w x (C D o u y m g p x i b g e j n (E w p c ac F (i (d z (aa (x b (G d (a (H (a (ad (b (k (I (n (J (p q (K (t (k g u ad ac c z z w v f d t m c g L g ac M ac q N u p h) q m f n b f w s x z d l y z g ab t q q t) l y c)))))))))))))))))))))))
u (u (u (u (u (u (r r (g (w i d (g v j a m l z))) p (v (b (z (b ac f w o l g aa) j)))) p (v (b (z (b ac f w o l g aa) j)))) p (v (b (z (b ac f w o l g aa) j)))) p (v (b (z (b ac f w o l g aa) j)))) p (v (b (z (b ac f w o l g aa) j)))) p (v (b (z (b ac f w o l g aa) j)))) c (B (q (aa (e (w x (C D o u y m g p x i b g e j n (E w p c ac F (i (d z (aa (x b (G d (a (H (a (ad (b (k (I (n (J (p q (K (t (k g u ad ac c z z w v f d t m c g L g ac M ac q N u p h) q m f n b f w s x z d l y z g ab t q q t) l y c)))))))))))))))))))))))
u (u (u (u (u (u (t k (z (g aa (f (c n g l c ab k) b a r z))) (g (w i d (g v j a m l z))) p (v (b (z (b ac f w o l g aa) j)))) p (v (b (z (b ac f w o l g aa) j)))) p (v (b (z (b ac f w o l g aa) j)))) p (v (b (z (b ac f w o l g aa) j)))) p (v (b (z (b ac f w o l g aa) j)))) p (v (b (z (b ac f w o l g aa) j)))) c (B (q (aa (e (w x (C D o u y m g p x i b g e j n (E w p c ac F (i (d z (aa (x b (G d (a (H (a (ad (b (k (I (n (J (p q (K (t (k g u ad ac c z z w v f d t m c g L g ac M ac q N u p h) q m f n b f w s x z d l y z g ab t q q t) l y c)))))))))))))))))))))))
u (u (u (u (u (u (d (l c (j y x z) ac) k (z (g aa (f (c n g l c ab k) b a r z))) (g (w i d (g v j a m l z))) p (v (b (z (b ac f w o l g aa) j)))) p (v (b (z (b ac f w o l g aa) j)))) p (v (b (z (b ac f w o l g aa) j)))) p (v (b (z (b ac f w o l g aa) j)))) p (v (b (z (b ac f w o l g aa) j)))) p (v (b (z (b ac f w o l g aa) j)))) c (B (q (aa (e (w x (C D o u y m g p x i b g e j n (E w p c ac F (i (d z (aa (x b (G d (a (H (a (ad (b (k (I (n (J (p q (K (t (k g u ad ac c z z w v f d t m c g L g ac M ac q N u p h) q m f n b f w s x z d l y z g ab t q q t) l y c)))))))))))))))))))))))
u (u (u (u (u (u (u (k e p (v (b (z (b ac f w o l g aa) j)))) p (v (b (z (b ac f w o l g aa) j)))) p (v (b (z (b ac f w o l g aa) j)))) p (v (b (z (b ac f w o l g aa) j)))) p (v (b (z (b ac f w o l g aa) j)))) p (v (b (z (b ac f w o l g aa) j)))) p (v (b (z (b ac f w o l g aa) j)))) c (B (q (aa (e (w x (C D o u y m g p x i b g e j n (E w p c ac F (i (d z (aa (x b (G d (a (H (a (ad (b (k (I (n (J (p q (K (t (k g u ad ac c z z w v f d t m c g L g ac M ac q N u p h) q m f n b f w s x z d l y z g ab t q q t) l y c)))))))))))))))))))))))
u (u (u (u (u (u (u (r r (g (w i d (g v j a m l z))) p (v (b (z (b ac f w o l g aa) j)))) p (v (b (z (b ac f w o l g aa) j)))) p (v (b (z (b ac f w o l g aa) j)))) p (v (b (z (b ac f w o l g aa) j)))) p (v (b (z (b ac f w o l g aa) j)))) p (v (b (z (b ac f w o l g aa) j)))) p (v (b (z (b ac f w o l g aa) j)))) c (B (q (aa (e (w x (C D o u y m g p x i b g e j n (E w p c ac F (i (d z (aa (x b (G d (a (H (a (ad (b (k (I (n (J (p q (K (t (k g u ad ac c z z w v f d t m c g L g ac M ac q N u p h) q m f n b f w s x z d l y z g ab t q q t) l y c)))))))))))))))))))))))


