a ae af = ae ae (aa e) n e
b ae = z d j n h (q r) n q ac
c ag ah ae af ai = h
d ae af ag = t (j b af) u
e = ac r o y ad (i c g)
f aj ah af ai ae ag = q aa h ac j
g ai ag ae ah aj af = p aj t c s j m f ah z
h ae = a
i ae = a ae w ad e v
j af ag ah ai ae = c h t f d ah w ah e
k ae ag ah af = g ah r d aa
l af ae = ac (ad g) aa (q q y) b q
m ae af = af u b
n ae af = i e q o j u u k
o af ae = ae (ae r) ae m u (h a p)
p ae = x
q ae ah ag af = ad ad t f m (ah j d s) y
r ae af aj ah ag ai = v
s ai ag af ah ae = ah (ad (a i ah g)) f z
t ah ag af ai ae = ae h ag o aa ab ac ah ai
u ae aj ai af ah ag = m d d ac k (l a t) k
v ae af = s
w ag ae ah ai aj af = a u q
x af ae = e r ac af f ae ad
y ag ah aj ai ae af = c (aj w ac p x ad)
z af ae ag = t
aa af ah ae ag = a
ab ae = q x e
ac ag ai aj ah af ae = s ad w l (z e q) ae c
ad = r s c o q f z r
main = h ad A h aa B c C s (D E F v (q (G (H (a s a m ad (I (J (p ac (K aa o) h c x) (w b o z (L w (g (l m) (j (M z d) ac j N) (x O (e m v) (ad w (t (g P l e (Q k (R j m S f u l) (T U x p V W b j z) X (Y Z r c z AA)) j) AB c)))) (AC AD i) q ac q r q t u v h w)))))))))
------------------------------------------------------------
h ad A h aa B c C s (D E F v (q (G (H (a s a m ad (I (J (p ac (K aa o) h c x) (w b o z (L w (g (l m) (j (M z d) ac j N) (x O (e m v) (ad w (t (g P l e (Q k (R j m S f u l) (T U x p V W b j z) X (Y Z r c z AA)) j) AB c)))) (AC AD i) q ac q r q t u v h w)))))))))
a A h aa B c C s (D E F v (q (G (H (a s a m ad (I (J (p ac (K aa o) h c x) (w b o z (L w (g (l m) (j (M z d) ac j N) (x O (e m v) (ad w (t (g P l e (Q k (R j m S f u l) (T U x p V W b j z) X (Y Z r c z AA)) j) AB c)))) (AC AD i) q ac q r q t u v h w)))))))))
A A (aa e) n e aa B c C s (D E F v (q (G (H (a s a m ad (I (J (p ac (K aa o) h c x) (w b o z (L w (g (l m) (j (M z d) ac j N) (x O (e m v) (ad w (t (g P l e (Q k (R j m S f u l) (T U x p V W b j z) X (Y Z r c z AA)) j) AB c)))) (AC AD i) q ac q r q t u v h w)))))))))
A A (aa e) n e aa B c C s (D E F v (q (G (H (s s (aa e) n e m ad (I (J (p ac (K aa o) h c x) (w b o z (L w (g (l m) (j (M z d) ac j N) (x O (e m v) (ad w (t (g P l e (Q k (R j m S f u l) (T U x p V W b j z) X (Y Z r c z AA)) j) AB c)))) (AC AD i) q ac q r q t u v h w)))))))))
A A (aa e) n e aa B c C s (D E F v (q (G (H (e (ad (a i e g)) f z ad (I (J (p ac (K aa o) h c x) (w b o z (L w (g (l m) (j (M z d) ac j N) (x O (e m v) (ad w (t (g P l e (Q k (R j m S f u l) (T U x p V W b j z) X (Y Z r c z AA)) j) AB c)))) (AC AD i) q ac q r q t u v h w)))))))))
A A (aa e) n e aa B c C s (D E F v (q (G (H (ac r o y ad (i c g) (ad (a i e g)) f z ad (I (J (p ac (K aa o) h c x) (w b o z (L w (g (l m) (j (M z d) ac j N) (x O (e m v) (ad w (t (g P l e (Q k (R j m S f u l) (T U x p V W b j z) X (Y Z r c z AA)) j) AB c)))) (AC AD i) q ac q r q t u v h w)))))))))
A A (aa e) n e aa B c C s (D E F v (q (G (H (s ad w l (z e q) (ad (a i e g)) c f z ad (I (J (p ac (K aa o) h c x) (w b o z (L w (g (l m) (j (M z d) ac j N) (x O (e m v) (ad w (t (g P l e (Q k (R j m S f u l) (T U x p V W b j z) X (Y Z r c z AA)) j) AB c)))) (AC AD i) q ac q r q t u v h w)))))))))
A A (aa e) n e aa B c C s (D E F v (q (G (H (z e q (ad (a i (z e q) g)) f z c f z ad (I (J (p ac (K aa o) h c x) (w b o z (L w (g (l m) (j (M z d) ac j N) (x O (e m v) (ad w (t (g P l e (Q k (R j m S f u l) (T U x p V W b j z) X (Y Z r c z AA)) j) AB c)))) (AC AD i) q ac q r q t u v h w)))))))))
A A (aa e) n e aa B c C s (D E F v (q (G (H (t f z c f z ad (I (J (p ac (K aa o) h c x) (w b o z (L w (g (l m) (j (M z d) ac j N) (x O (e m v) (ad w (t (g P l e (Q k (R j m S f u l) (T U x p V W b j z) X (Y Z r c z AA)) j) AB c)))) (AC AD i) q ac q r q t u v h w)))))))))
A A (aa e) n e aa B c C s (D E F v (q (G (H (z h z o aa ab ac f f ad (I (J (p ac (K aa o) h c x) (w b o z (L w (g (l m) (j (M z d) ac j N) (x O (e m v) (ad w (t (g P l e (Q k (R j m S f u l) (T U x p V W b j z) X (Y Z r c z AA)) j) AB c)))) (AC AD i) q ac q r q t u v h w)))))))))
A A (aa e) n e aa B c C s (D E F v (q (G (H (t aa ab ac f f ad (I (J (p ac (K aa o) h c x) (w b o z (L w (g (l m) (j (M z d) ac j N) (x O (e m v) (ad w (t (g P l e (Q k (R j m S f u l) (T U x p V W b j z) X (Y Z r c z AA)) j) AB c)))) (AC AD i) q ac q r q t u v h w)))))))))
A A (aa e) n e aa B c C s (D E F v (q (G (H (f h ab o aa ab ac aa f ad (I (J (p ac (K aa o) h c x) (w b o z (L w (g (l m) (j (M z d) ac j N) (x O (e m v) (ad w (t (g P l e (Q k (R j m S f u l) (T U x p V W b j z) X (Y Z r c z AA)) j) AB c)))) (AC AD i) q ac q r q t u v h w)))))))))
A A (aa e) n e aa B c C s (D E F v (q (G (H (q aa h ac j aa f ad (I (J (p ac (K aa o) h c x) (w b o z (L w (g (l m) (j (M z d) ac j N) (x O (e m v) (ad w (t (g P l e (Q k (R j m S f u l) (T U x p V W b j z) X (Y Z r c z AA)) j) AB c)))) (AC AD i) q ac q r q t u v h w)))))))))
A A (aa e) n e aa B c C s (D E F v (q (G (H (ad ad t f m (h j d s) y aa f ad (I (J (p ac (K aa o) h c x) (w b o z (L w (g (l m) (j (M z d) ac j N) (x O (e m v) (ad w (t (g P l e (Q k (R j m S f u l) (T U x p V W b j z) X (Y Z r c z AA)) j) AB c)))) (AC AD i) q ac q r q t u v h w)))))))))
A A (aa e) n e aa B c C s (D E F v (q (G (H (r s c o q f z r ad t f m (h j d s) y aa f ad (I (J (p ac (K aa o) h c x) (w b o z (L w (g (l m) (j (M z d) ac j N) (x O (e m v) (ad w (t (g P l e (Q k (R j m S f u l) (T U x p V W b j z) X (Y Z r c z AA)) j) AB c)))) (AC AD i) q ac q r q t u v h w)))))))))
A A (aa e) n e aa B c C s (D E F v (q (G (H (v r ad t f m (h j d s) y aa f ad (I (J (p ac (K aa o) h c x) (w b o z (L w (g (l m) (j (M z d) ac j N) (x O (e m v) (ad w (t (g P l e (Q k (R j m S f u l) (T U x p V W b j z) X (Y Z r c z AA)) j) AB c)))) (AC AD i) q ac q r q t u v h w)))))))))
A A (aa e) n e aa B c C s (D E F v (q (G (H (s t f m (h j d s) y aa f ad (I (J (p ac (K aa o) h c x) (w b o z (L w (g (l m) (j (M z d) ac j N) (x O (e m v) (ad w (t (g P l e (Q k (R j m S f u l) (T U x p V W b j z) X (Y Z r c z AA)) j) AB c)))) (AC AD i) q ac q r q t u v h w)))))))))
A A (aa e) n e aa B c C s (D E F v (q (G (H (h j d s (ad (a i (h j d s) g)) f z aa f ad (I (J (p ac (K aa o) h c x) (w b o z (L w (g (l m) (j (M z d) ac j N) (x O (e m v) (ad w (t (g P l e (Q k (R j m S f u l) (T U x p V W b j z) X (Y Z r c z AA)) j) AB c)))) (AC AD i) q ac q r q t u v h w)))))))))
A A (aa e) n e aa B c C s (D E F v (q (G (H (a d s (ad (a i (h j d s) g)) f z aa f ad (I (J (p ac (K aa o) h c x) (w b o z (L w (g (l m) (j (M z d) ac j N) (x O (e m v) (ad w (t (g P l e (Q k (R j m S f u l) (T U x p V W b j z) X (Y Z r c z AA)) j) AB c)))) (AC AD i) q ac q r q t u v h w)))))))))
A A (aa e) n e aa B c C s (D E F v (q (G (H (d d (aa e) n e (ad (a i (h j d s) g)) f z aa f ad (I (J (p ac (K aa o) h c x) (w b o z (L w (g (l m) (j (M z d) ac j N) (x O (e m v) (ad w (t (g P l e (Q k (R j m S f u l) (T U x p V W b j z) X (Y Z r c z AA)) j) AB c)))) (AC AD i) q ac q r q t u v h w)))))))))
A A (aa e) n e aa B c C s (D E F v (q (G (H (t (j b (aa e)) u e (ad (a i (h j d s) g)) f z aa f ad (I (J (p ac (K aa o) h c x) (w b o z (L w (g (l m) (j (M z d) ac j N) (x O (e m v) (ad w (t (g P l e (Q k (R j m S f u l) (T U x p V W b j z) X (Y Z r c z AA)) j) AB c)))) (AC AD i) q ac q r q t u v h w)))))))))
A A (aa e) n e aa B c C s (D E F v (q (G (H (f h u o aa ab ac (j b (aa e)) (ad (a i (h j d s) g)) z aa f ad (I (J (p ac (K aa o) h c x) (w b o z (L w (g (l m) (j (M z d) ac j N) (x O (e m v) (ad w (t (g P l e (Q k (R j m S f u l) (T U x p V W b j z) X (Y Z r c z AA)) j) AB c)))) (AC AD i) q ac q r q t u v h w)))))))))
A A (aa e) n e aa B c C s (D E F v (q (G (H (q aa h ac j (j b (aa e)) (ad (a i (h j d s) g)) z aa f ad (I (J (p ac (K aa o) h c x) (w b o z (L w (g (l m) (j (M z d) ac j N) (x O (e m v) (ad w (t (g P l e (Q k (R j m S f u l) (T U x p V W b j z) X (Y Z r c z AA)) j) AB c)))) (AC AD i) q ac q r q t u v h w)))))))))
A A (aa e) n e aa B c C s (D E F v (q (G (H (ad ad t f m (h j d s) y (j b (aa e)) (ad (a i (h j d s) g)) z aa f ad (I (J (p ac (K aa o) h c x) (w b o z (L w (g (l m) (j (M z d) ac j N) (x O (e m v) (ad w (t (g P l e (Q k (R j m S f u l) (T U x p V W b j z) X (Y Z r c z AA)) j) AB c)))) (AC AD i) q ac q r q t u v h w)))))))))
A A (aa e) n e aa B c C s (D E F v (q (G (H (r s c o q f z r ad t f m (h j d s) y (j b (aa e)) (ad (a i (h j d s) g)) z aa f ad (I (J (p ac (K aa o) h c x) (w b o z (L w (g (l m) (j (M z d) ac j N) (x O (e m v) (ad w (t (g P l e (Q k (R j m S f u l) (T U x p V W b j z) X (Y Z r c z AA)) j) AB c)))) (AC AD i) q ac q r q t u v h w)))))))))
A A (aa e) n e aa B c C s (D E F v (q (G (H (v r ad t f m (h j d s) y (j b (aa e)) (ad (a i (h j d s) g)) z aa f ad (I (J (p ac (K aa o) h c x) (w b o z (L w (g (l m) (j (M z d) ac j N) (x O (e m v) (ad w (t (g P l e (Q k (R j m S f u l) (T U x p V W b j z) X (Y Z r c z AA)) j) AB c)))) (AC AD i) q ac q r q t u v h w)))))))))
A A (aa e) n e aa B c C s (D E F v (q (G (H (s t f m (h j d s) y (j b (aa e)) (ad (a i (h j d s) g)) z aa f ad (I (J (p ac (K aa o) h c x) (w b o z (L w (g (l m) (j (M z d) ac j N) (x O (e m v) (ad w (t (g P l e (Q k (R j m S f u l) (T U x p V W b j z) X (Y Z r c z AA)) j) AB c)))) (AC AD i) q ac q r q t u v h w)))))))))
A A (aa e) n e aa B c C s (D E F v (q (G (H (h j d s (ad (a i (h j d s) g)) f z (j b (aa e)) (ad (a i (h j d s) g)) z aa f ad (I (J (p ac (K aa o) h c x) (w b o z (L w (g (l m) (j (M z d) ac j N) (x O (e m v) (ad w (t (g P l e (Q k (R j m S f u l) (T U x p V W b j z) X (Y Z r c z AA)) j) AB c)))) (AC AD i) q ac q r q t u v h w)))))))))
A A (aa e) n e aa B c C s (D E F v (q (G (H (a d s (ad (a i (h j d s) g)) f z (j b (aa e)) (ad (a i (h j d s) g)) z aa f ad (I (J (p ac (K aa o) h c x) (w b o z (L w (g (l m) (j (M z d) ac j N) (x O (e m v) (ad w (t (g P l e (Q k (R j m S f u l) (T U x p V W b j z) X (Y Z r c z AA)) j) AB c)))) (AC AD i) q ac q r q t u v h w)))))))))
A A (aa e) n e aa B c C s (D E F v (q (G (H (d d (aa e) n e (ad (a i (h j d s) g)) f z (j b (aa e)) (ad (a i (h j d s) g)) z aa f ad (I (J (p ac (K aa o) h c x) (w b o z (L w (g (l m) (j (M z d) ac j N) (x O (e m v) (ad w (t (g P l e (Q k (R j m S f u l) (T U x p V W b j z) X (Y Z r c z AA)) j) AB c)))) (AC AD i) q ac q r q t u v h w)))))))))


