a ah af ag ai ae = ad (ab v (b (q g o b ag e y s) f w))
b ae af = ac v (q r (d y (ac u) h l k ac d n g aa))
c ae af = ae (z w aa z y)
d ae af ag = w f y (e a (r (r (l c j n q i ab o r g))))
e af ae ag ah = l h s aa s g (b z (a (p t a r c af ag)))
f af ae ag = ac (p (a l (j m a h r e)))
g ae = ab ab ae r (d u a f)
h ae = k ad (g (f (m (f aa u aa a o)) l ac ab l w) s)
i af ae ag = b (c (p (k (t e x u ab v g j c)) ab c a))
j ae af = aa (ab m x (x ae m ae f (d af (ac (n s) l f s a))))
k ae ag af ah = p (v z (ac (ac (f e) aa aa v ac)))
l af ag ae = n (v (i (y u f e c b aa j)))
m ai ae ag af aj ah = d (af (aa u) w y y)
n ah af ae ag = q j v
o ae = d (b ac n a e p v d (b m ae ab f v ad j) d)
p ag ae ah af = ae q (z (h r u o aa))
q af ae = y t ad m v (g a) e z
r ae af ag = ad (c u (f l b q o ad ac f z i b y ag af))
s = a (m o (ac x (r ac l (o f m m n z c))))
t af ah ai ag ae = ac af (p l m)
u ae af = d t (x (a ab h h q ae p n))
v = a p y (k h ac)
w af ae ag = ab (r (f x b o (p (g (aa ag k) v l ad m r))))
x = v l (s k r k (d s w u))
y af ae ag = r (w (j ae l r) (u n n))
z ag af ae ah = a (f (ag u (q (r m aa ad ab u))))
aa ae ah ai af ag = d (i (a (c ac u) s f y))
ab ah ag af ai ae = c (o (k aa k m ac aa) p d)
ac ag af ae = z ab (i i e u x v (b (x c x y k) i) v)
ad ah aj ae ag af ai = d ac (i (d aa (ab b aa a ae b m aa v)))
main = ad (ad (z (x (aa (A (ad v aa (b (a g w (j w (B (w x c w (p z) x (p ab (b (v j d (z m (C c (t (ad (j i (ac k v (D k (x l E b w h j a q F aa G H I J n ac ab b m K q ac m h aa e L m r k p z ac k t M N w b O a g l x P l ac p h ab s ab j ad g r z))))))))))))))))))))))
------------------------------------------------------------
ad (ad (z (x (aa (A (ad v aa (b (a g w (j w (B (w x c w (p z) x (p ab (b (v j d (z m (C c (t (ad (j i (ac k v (D k (x l E b w h j a q F aa G H I J n ac ab b m K q ac m h aa e L m r k p z ac k t M N w b O a g l x P l ac p h ab s ab j ad g r z))))))))))))))))))))))
ad (ad (z (v l (s k r k (d s w u)) (aa (A (ad v aa (b (a g w (j w (B (w x c w (p z) x (p ab (b (v j d (z m (C c (t (ad (j i (ac k v (D k (x l E b w h j a q F aa G H I J n ac ab b m K q ac m h aa e L m r k p z ac k t M N w b O a g l x P l ac p h ab s ab j ad g r z))))))))))))))))))))))
ad (ad (z (a p y (k h ac) l (s k r k (d s w u)) (aa (A (ad v aa (b (a g w (j w (B (w x c w (p z) x (p ab (b (v j d (z m (C c (t (ad (j i (ac k v (D k (x l E b w h j a q F aa G H I J n ac ab b m K q ac m h aa e L m r k p z ac k t M N w b O a g l x P l ac p h ab s ab j ad g r z))))))))))))))))))))))
ad (ad (z (ad (ab v (b (q g o b (k h ac) e y s) f w)) (aa (A (ad v aa (b (a g w (j w (B (w x c w (p z) x (p ab (b (v j d (z m (C c (t (ad (j i (ac k v (D k (x l E b w h j a q F aa G H I J n ac ab b m K q ac m h aa e L m r k p z ac k t M N w b O a g l x P l ac p h ab s ab j ad g r z))))))))))))))))))))))
ad (ad (z (ad (ab v (ac v (q r (d y (ac u) h l k ac d n g aa)) w)) (aa (A (ad v aa (b (a g w (j w (B (w x c w (p z) x (p ab (b (v j d (z m (C c (t (ad (j i (ac k v (D k (x l E b w h j a q F aa G H I J n ac ab b m K q ac m h aa e L m r k p z ac k t M N w b O a g l x P l ac p h ab s ab j ad g r z))))))))))))))))))))))
ad (ad (z (ad (ab v (z ab (i i e u x v (b (x c x y k) i) v))) (aa (A (ad v aa (b (a g w (j w (B (w x c w (p z) x (p ab (b (v j d (z m (C c (t (ad (j i (ac k v (D k (x l E b w h j a q F aa G H I J n ac ab b m K q ac m h aa e L m r k p z ac k t M N w b O a g l x P l ac p h ab s ab j ad g r z))))))))))))))))))))))
ad (ad (z (ad (ab v (z ab (b (c (p (k (t e x u ab v g j c)) ab c a)) x v (b (x c x y k) i) v))) (aa (A (ad v aa (b (a g w (j w (B (w x c w (p z) x (p ab (b (v j d (z m (C c (t (ad (j i (ac k v (D k (x l E b w h j a q F aa G H I J n ac ab b m K q ac m h aa e L m r k p z ac k t M N w b O a g l x P l ac p h ab s ab j ad g r z))))))))))))))))))))))
ad (ad (z (ad (ab v (z ab (ac v (q r (d y (ac u) h l k ac d n g aa)) v (b (x c x y k) i) v))) (aa (A (ad v aa (b (a g w (j w (B (w x c w (p z) x (p ab (b (v j d (z m (C c (t (ad (j i (ac k v (D k (x l E b w h j a q F aa G H I J n ac ab b m K q ac m h aa e L m r k p z ac k t M N w b O a g l x P l ac p h ab s ab j ad g r z))))))))))))))))))))))
ad (ad (z (ad (ab v (z ab (z ab (i i e u x v (b (x c x y k) i) v) (b (x c x y k) i) v))) (aa (A (ad v aa (b (a g w (j w (B (w x c w (p z) x (p ab (b (v j d (z m (C c (t (ad (j i (ac k v (D k (x l E b w h j a q F aa G H I J n ac ab b m K q ac m h aa e L m r k p z ac k t M N w b O a g l x P l ac p h ab s ab j ad g r z))))))))))))))))))))))
ad (ad (z (ad (ab v (z ab (a (f (ab u (q (r m aa ad ab u))))))) (aa (A (ad v aa (b (a g w (j w (B (w x c w (p z) x (p ab (b (v j d (z m (C c (t (ad (j i (ac k v (D k (x l E b w h j a q F aa G H I J n ac ab b m K q ac m h aa e L m r k p z ac k t M N w b O a g l x P l ac p h ab s ab j ad g r z))))))))))))))))))))))
ad (ad (z (ad (ab v (z ab (a (f (ab u (q (ad (c u (f l b q o ad ac f z i b y ad aa)) ab u))))))) (aa (A (ad v aa (b (a g w (j w (B (w x c w (p z) x (p ab (b (v j d (z m (C c (t (ad (j i (ac k v (D k (x l E b w h j a q F aa G H I J n ac ab b m K q ac m h aa e L m r k p z ac k t M N w b O a g l x P l ac p h ab s ab j ad g r z))))))))))))))))))))))
ad (ad (z (ad (ab v (z ab (a (f (ab u (q (ad (u (z w aa z y)) ab u))))))) (aa (A (ad v aa (b (a g w (j w (B (w x c w (p z) x (p ab (b (v j d (z m (C c (t (ad (j i (ac k v (D k (x l E b w h j a q F aa G H I J n ac ab b m K q ac m h aa e L m r k p z ac k t M N w b O a g l x P l ac p h ab s ab j ad g r z))))))))))))))))))))))
ad (ad (z (ad (ab v (z ab (a (f (ab u (q (ad (u (a (f (w u (q (r m aa ad ab u)))))) ab u))))))) (aa (A (ad v aa (b (a g w (j w (B (w x c w (p z) x (p ab (b (v j d (z m (C c (t (ad (j i (ac k v (D k (x l E b w h j a q F aa G H I J n ac ab b m K q ac m h aa e L m r k p z ac k t M N w b O a g l x P l ac p h ab s ab j ad g r z))))))))))))))))))))))
ad (ad (z (ad (ab v (z ab (a (f (ab u (q (ad (u (a (f (w u (q (ad (c u (f l b q o ad ac f z i b y ad aa)) ab u)))))) ab u))))))) (aa (A (ad v aa (b (a g w (j w (B (w x c w (p z) x (p ab (b (v j d (z m (C c (t (ad (j i (ac k v (D k (x l E b w h j a q F aa G H I J n ac ab b m K q ac m h aa e L m r k p z ac k t M N w b O a g l x P l ac p h ab s ab j ad g r z))))))))))))))))))))))
ad (ad (z (ad (ab v (z ab (a (f (ab u (q (ad (u (a (f (w u (q (ad (u (z w aa z y)) ab u)))))) ab u))))))) (aa (A (ad v aa (b (a g w (j w (B (w x c w (p z) x (p ab (b (v j d (z m (C c (t (ad (j i (ac k v (D k (x l E b w h j a q F aa G H I J n ac ab b m K q ac m h aa e L m r k p z ac k t M N w b O a g l x P l ac p h ab s ab j ad g r z))))))))))))))))))))))
ad (ad (z (ad (ab v (z ab (a (f (ab u (q (ad (u (a (f (w u (q (ad (u (a (f (w u (q (r m aa ad ab u)))))) ab u)))))) ab u))))))) (aa (A (ad v aa (b (a g w (j w (B (w x c w (p z) x (p ab (b (v j d (z m (C c (t (ad (j i (ac k v (D k (x l E b w h j a q F aa G H I J n ac ab b m K q ac m h aa e L m r k p z ac k t M N w b O a g l x P l ac p h ab s ab j ad g r z))))))))))))))))))))))
ad (ad (z (ad (ab v (z ab (a (f (ab u (q (ad (u (a (f (w u (q (ad (u (a (f (w u (q (ad (c u (f l b q o ad ac f z i b y ad aa)) ab u)))))) ab u)))))) ab u))))))) (aa (A (ad v aa (b (a g w (j w (B (w x c w (p z) x (p ab (b (v j d (z m (C c (t (ad (j i (ac k v (D k (x l E b w h j a q F aa G H I J n ac ab b m K q ac m h aa e L m r k p z ac k t M N w b O a g l x P l ac p h ab s ab j ad g r z))))))))))))))))))))))
ad (ad (z (ad (ab v (z ab (a (f (ab u (q (ad (u (a (f (w u (q (ad (u (a (f (w u (q (ad (u (z w aa z y)) ab u)))))) ab u)))))) ab u))))))) (aa (A (ad v aa (b (a g w (j w (B (w x c w (p z) x (p ab (b (v j d (z m (C c (t (ad (j i (ac k v (D k (x l E b w h j a q F aa G H I J n ac ab b m K q ac m h aa e L m r k p z ac k t M N w b O a g l x P l ac p h ab s ab j ad g r z))))))))))))))))))))))
ad (ad (z (ad (ab v (z ab (a (f (ab u (q (ad (u (a (f (w u (q (ad (u (a (f (w u (q (ad (u (a (f (w u (q (r m aa ad ab u)))))) ab u)))))) ab u)))))) ab u))))))) (aa (A (ad v aa (b (a g w (j w (B (w x c w (p z) x (p ab (b (v j d (z m (C c (t (ad (j i (ac k v (D k (x l E b w h j a q F aa G H I J n ac ab b m K q ac m h aa e L m r k p z ac k t M N w b O a g l x P l ac p h ab s ab j ad g r z))))))))))))))))))))))
ad (ad (z (ad (ab v (z ab (a (f (ab u (q (ad (u (a (f (w u (q (ad (u (a (f (w u (q (ad (u (a (f (w u (q (ad (c u (f l b q o ad ac f z i b y ad aa)) ab u)))))) ab u)))))) ab u)))))) ab u))))))) (aa (A (ad v aa (b (a g w (j w (B (w x c w (p z) x (p ab (b (v j d (z m (C c (t (ad (j i (ac k v (D k (x l E b w h j a q F aa G H I J n ac ab b m K q ac m h aa e L m r k p z ac k t M N w b O a g l x P l ac p h ab s ab j ad g r z))))))))))))))))))))))
ad (ad (z (ad (ab v (z ab (a (f (ab u (q (ad (u (a (f (w u (q (ad (u (a (f (w u (q (ad (u (a (f (w u (q (ad (u (z w aa z y)) ab u)))))) ab u)))))) ab u)))))) ab u))))))) (aa (A (ad v aa (b (a g w (j w (B (w x c w (p z) x (p ab (b (v j d (z m (C c (t (ad (j i (ac k v (D k (x l E b w h j a q F aa G H I J n ac ab b m K q ac m h aa e L m r k p z ac k t M N w b O a g l x P l ac p h ab s ab j ad g r z))))))))))))))))))))))
ad (ad (z (ad (ab v (z ab (a (f (ab u (q (ad (u (a (f (w u (q (ad (u (a (f (w u (q (ad (u (a (f (w u (q (ad (u (a (f (w u (q (r m aa ad ab u)))))) ab u)))))) ab u)))))) ab u)))))) ab u))))))) (aa (A (ad v aa (b (a g w (j w (B (w x c w (p z) x (p ab (b (v j d (z m (C c (t (ad (j i (ac k v (D k (x l E b w h j a q F aa G H I J n ac ab b m K q ac m h aa e L m r k p z ac k t M N w b O a g l x P l ac p h ab s ab j ad g r z))))))))))))))))))))))
ad (ad (z (ad (ab v (z ab (a (f (ab u (q (ad (u (a (f (w u (q (ad (u (a (f (w u (q (ad (u (a (f (w u (q (ad (u (a (f (w u (q (ad (c u (f l b q o ad ac f z i b y ad aa)) ab u)))))) ab u)))))) ab u)))))) ab u)))))) ab u))))))) (aa (A (ad v aa (b (a g w (j w (B (w x c w (p z) x (p ab (b (v j d (z m (C c (t (ad (j i (ac k v (D k (x l E b w h j a q F aa G H I J n ac ab b m K q ac m h aa e L m r k p z ac k t M N w b O a g l x P l ac p h ab s ab j ad g r z))))))))))))))))))))))
ad (ad (z (ad (ab v (z ab (a (f (ab u (q (ad (u (a (f (w u (q (ad (u (a (f (w u (q (ad (u (a (f (w u (q (ad (u (a (f (w u (q (ad (u (z w aa z y)) ab u)))))) ab u)))))) ab u)))))) ab u)))))) ab u))))))) (aa (A (ad v aa (b (a g w (j w (B (w x c w (p z) x (p ab (b (v j d (z m (C c (t (ad (j i (ac k v (D k (x l E b w h j a q F aa G H I J n ac ab b m K q ac m h aa e L m r k p z ac k t M N w b O a g l x P l ac p h ab s ab j ad g r z))))))))))))))))))))))
ad (ad (z (ad (ab v (z ab (a (f (ab u (q (ad (u (a (f (w u (q (ad (u (a (f (w u (q (ad (u (a (f (w u (q (ad (u (a (f (w u (q (ad (u (a (f (w u (q (r m aa ad ab u)))))) ab u)))))) ab u)))))) ab u)))))) ab u)))))) ab u))))))) (aa (A (ad v aa (b (a g w (j w (B (w x c w (p z) x (p ab (b (v j d (z m (C c (t (ad (j i (ac k v (D k (x l E b w h j a q F aa G H I J n ac ab b m K q ac m h aa e L m r k p z ac k t M N w b O a g l x P l ac p h ab s ab j ad g r z))))))))))))))))))))))
ad (ad (z (ad (ab v (z ab (a (f (ab u (q (ad (u (a (f (w u (q (ad (u (a (f (w u (q (ad (u (a (f (w u (q (ad (u (a (f (w u (q (ad (u (a (f (w u (q (ad (c u (f l b q o ad ac f z i b y ad aa)) ab u)))))) ab u)))))) ab u)))))) ab u)))))) ab u)))))) ab u))))))) (aa (A (ad v aa (b (a g w (j w (B (w x c w (p z) x (p ab (b (v j d (z m (C c (t (ad (j i (ac k v (D k (x l E b w h j a q F aa G H I J n ac ab b m K q ac m h aa e L m r k p z ac k t M N w b O a g l x P l ac p h ab s ab j ad g r z))))))))))))))))))))))
ad (ad (z (ad (ab v (z ab (a (f (ab u (q (ad (u (a (f (w u (q (ad (u (a (f (w u (q (ad (u (a (f (w u (q (ad (u (a (f (w u (q (ad (u (a (f (w u (q (ad (u (z w aa z y)) ab u)))))) ab u)))))) ab u)))))) ab u)))))) ab u)))))) ab u))))))) (aa (A (ad v aa (b (a g w (j w (B (w x c w (p z) x (p ab (b (v j d (z m (C c (t (ad (j i (ac k v (D k (x l E b w h j a q F aa G H I J n ac ab b m K q ac m h aa e L m r k p z ac k t M N w b O a g l x P l ac p h ab s ab j ad g r z))))))))))))))))))))))
ad (ad (z (ad (ab v (z ab (a (f (ab u (q (ad (u (a (f (w u (q (ad (u (a (f (w u (q (ad (u (a (f (w u (q (ad (u (a (f (w u (q (ad (u (a (f (w u (q (ad (u (a (f (w u (q (r m aa ad ab u)))))) ab u)))))) ab u)))))) ab u)))))) ab u)))))) ab u)))))) ab u))))))) (aa (A (ad v aa (b (a g w (j w (B (w x c w (p z) x (p ab (b (v j d (z m (C c (t (ad (j i (ac k v (D k (x l E b w h j a q F aa G H I J n ac ab b m K q ac m h aa e L m r k p z ac k t M N w b O a g l x P l ac p h ab s ab j ad g r z))))))))))))))))))))))
ad (ad (z (ad (ab v (z ab (a (f (ab u (q (ad (u (a (f (w u (q (ad (u (a (f (w u (q (ad (u (a (f (w u (q (ad (u (a (f (w u (q (ad (u (a (f (w u (q (ad (u (a (f (w u (q (ad (c u (f l b q o ad ac f z i b y ad aa)) ab u)))))) ab u)))))) ab u)))))) ab u)))))) ab u)))))) ab u)))))) ab u))))))) (aa (A (ad v aa (b (a g w (j w (B (w x c w (p z) x (p ab (b (v j d (z m (C c (t (ad (j i (ac k v (D k (x l E b w h j a q F aa G H I J n ac ab b m K q ac m h aa e L m r k p z ac k t M N w b O a g l x P l ac p h ab s ab j ad g r z))))))))))))))))))))))
ad (ad (z (ad (ab v (z ab (a (f (ab u (q (ad (u (a (f (w u (q (ad (u (a (f (w u (q (ad (u (a (f (w u (q (ad (u (a (f (w u (q (ad (u (a (f (w u (q (ad (u (a (f (w u (q (ad (u (z w aa z y)) ab u)))))) ab u)))))) ab u)))))) ab u)))))) ab u)))))) ab u)))))) ab u))))))) (aa (A (ad v aa (b (a g w (j w (B (w x c w (p z) x (p ab (b (v j d (z m (C c (t (ad (j i (ac k v (D k (x l E b w h j a q F aa G H I J n ac ab b m K q ac m h aa e L m r k p z ac k t M N w b O a g l x P l ac p h ab s ab j ad g r z))))))))))))))))))))))


