a ag ae af w (w l (o (ab (l o i s) t g e)))
b z (s f x)
c ag ae af z l v (s (g e n ab r (n n i u k ac b m)))
d af ae q (i x (x u i g h))
e q (q (y (aa p k (w d aa s f) d b v k c o) g))
f aj ah ae af ai ag j (ai h u ad z)
g af ae ai aj ag ah f (t (p n e o ab z h b) r n j u q)
h ae x ae d (ad (s c s (n y ad g y y)))
i ae ad (s (n b a (q k v ae k ae q x)))
j ae ah ag af c s (i ah (r ag d (i c ac s ah)))
k ae m (j c l)
l z (h (y a a s aa))
m ai ag af ah ae d x (v (ad b ac f (k i (ac v a ab ac) b w k)))
n ag ae af w (t (d aa t) (u s (y m ac s l k ac a)))
o af ae ag t a (w (e (x af z k t v v)))
p l (ac (z (o (m j d q o b v ad))))
q af ag ae ah v w e l c ac r (n t g t)
r ah ag ae af h (ag f (c v ab u aa q))
s af ae ai ag ah ag
t af ag ai aj ah ae o f aa (o p (c ad (s aa (d q z c e k g q))))
u ae af ag r v (y (aa s i (z ab m j n aa p s r c i m)))
v af ai aj ag ah ae a (w (aa b u q g z))
w ae a p c (u (l (v (aa g t t o u g l z e))))
x d v q (m h j ad ac z)
y af ae af ab p t l
z f ad (g (o ac t p (ad o j) y f o b ad l g ad))
aa af ae ag ah b (af v (ad (d (z b l b n c ag u s e))))
ab ae p (c (v (c j l ac ae (t p s) (i d) z u ac g u)))
ac ae ah ag af j k (q (n (ah s y a z m d) d c e ab))
ad ah ai af ag ae f (g (l e d f))
main v (A B ab (y a) C (g (v x r v) (D (z (E F (y q (g g aa b w (w (o G (o (n u (H (I (r (s v (p j m (k (f (J z h (n x e c (t (f (y o (g l x d c aa b aa o x K w ab aa n p z L p ad) w) w M ab c e ab z s v u) x h aa ad r ac r ac r) h m j x o h u d l b))))))))))))))))))))
------------------------------------------------------------
v (A B ab (y a) C (g (v x r v) (D (z (E F (y q (g g aa b w (w (o G (o (n u (H (I (r (s v (p j m (k (f (J z h (n x e c (t (f (y o (g l x d c aa b aa o x K w ab aa n p z L p ad) w) w M ab c e ab z s v u) x h aa ad r ac r ac r) h m j x o h u d l b))))))))))))))))))))
v (A B ab (y a) C (g (v x r v) (D (f ad (g (o ac t p (ad o j) y f o b ad l g ad)) (E F (y q (g g aa b w (w (o G (o (n u (H (I (r (s v (p j m (k (f (J z h (n x e c (t (f (y o (g l x d c aa b aa o x K w ab aa n p z L p ad) w) w M ab c e ab z s v u) x h aa ad r ac r ac r) h m j x o h u d l b))))))))))))))))))))
v (A B ab (y a) C (g (v x r v) (D (f ad (g (t a (w (e (x ac z k t v v))) (ad o j) y f o b ad l g ad)) (E F (y q (g g aa b w (w (o G (o (n u (H (I (r (s v (p j m (k (f (J z h (n x e c (t (f (y o (g l x d c aa b aa o x K w ab aa n p z L p ad) w) w M ab c e ab z s v u) x h aa ad r ac r ac r) h m j x o h u d l b))))))))))))))))))))
v (A B ab (y a) C (g (v x r v) (D (f ad (g (o f aa (o p (c ad (s aa (d q z c e k g q)))) b ad l g ad)) (E F (y q (g g aa b w (w (o G (o (n u (H (I (r (s v (p j m (k (f (J z h (n x e c (t (f (y o (g l x d c aa b aa o x K w ab aa n p z L p ad) w) w M ab c e ab z s v u) x h aa ad r ac r ac r) h m j x o h u d l b))))))))))))))))))))
v (A B ab (y a) C (g (v x r v) (D (f ad (g (t a (w (e (x f z k t v v))) b ad l g ad)) (E F (y q (g g aa b w (w (o G (o (n u (H (I (r (s v (p j m (k (f (J z h (n x e c (t (f (y o (g l x d c aa b aa o x K w ab aa n p z L p ad) w) w M ab c e ab z s v u) x h aa ad r ac r ac r) h m j x o h u d l b))))))))))))))))))))
v (A B ab (y a) C (g (v x r v) (D (f ad (g (o f aa (o p (c ad (s aa (d q z c e k g q)))) ad)) (E F (y q (g g aa b w (w (o G (o (n u (H (I (r (s v (p j m (k (f (J z h (n x e c (t (f (y o (g l x d c aa b aa o x K w ab aa n p z L p ad) w) w M ab c e ab z s v u) x h aa ad r ac r ac r) h m j x o h u d l b))))))))))))))))))))
v (A B ab (y a) C (g (v x r v) (D (f ad (g (t a (w (e (x f z k t v v))) ad)) (E F (y q (g g aa b w (w (o G (o (n u (H (I (r (s v (p j m (k (f (J z h (n x e c (t (f (y o (g l x d c aa b aa o x K w ab aa n p z L p ad) w) w M ab c e ab z s v u) x h aa ad r ac r ac r) h m j x o h u d l b))))))))))))))))))))
v (A B ab (y a) C (g (v x r v) (D (f ad (g (t a (a p c (u (l (v (aa g t t o u g l z e))))) ad)) (E F (y q (g g aa b w (w (o G (o (n u (H (I (r (s v (p j m (k (f (J z h (n x e c (t (f (y o (g l x d c aa b aa o x K w ab aa n p z L p ad) w) w M ab c e ab z s v u) x h aa ad r ac r ac r) h m j x o h u d l b))))))))))))))))))))
v (A B ab (y a) C (g (v x r v) (D (f ad (g (t a (w (w l (o (ab (l o i s) t g e)))) ad)) (E F (y q (g g aa b w (w (o G (o (n u (H (I (r (s v (p j m (k (f (J z h (n x e c (t (f (y o (g l x d c aa b aa o x K w ab aa n p z L p ad) w) w M ab c e ab z s v u) x h aa ad r ac r ac r) h m j x o h u d l b))))))))))))))))))))
v (A B ab (y a) C (g (v x r v) (D (f ad (g (t a (a p c (u (l (v (aa g t t o u g l z e))))) ad)) (E F (y q (g g aa b w (w (o G (o (n u (H (I (r (s v (p j m (k (f (J z h (n x e c (t (f (y o (g l x d c aa b aa o x K w ab aa n p z L p ad) w) w M ab c e ab z s v u) x h aa ad r ac r ac r) h m j x o h u d l b))))))))))))))))))))
v (A B ab (y a) C (g (v x r v) (D (f ad (g (t a (w (w l (o (ab (l o i s) t g e)))) ad)) (E F (y q (g g aa b w (w (o G (o (n u (H (I (r (s v (p j m (k (f (J z h (n x e c (t (f (y o (g l x d c aa b aa o x K w ab aa n p z L p ad) w) w M ab c e ab z s v u) x h aa ad r ac r ac r) h m j x o h u d l b))))))))))))))))))))
v (A B ab (y a) C (g (v x r v) (D (f ad (g (t a (a p c (u (l (v (aa g t t o u g l z e))))) ad)) (E F (y q (g g aa b w (w (o G (o (n u (H (I (r (s v (p j m (k (f (J z h (n x e c (t (f (y o (g l x d c aa b aa o x K w ab aa n p z L p ad) w) w M ab c e ab z s v u) x h aa ad r ac r ac r) h m j x o h u d l b))))))))))))))))))))
v (A B ab (y a) C (g (v x r v) (D (f ad (g (t a (w (w l (o (ab (l o i s) t g e)))) ad)) (E F (y q (g g aa b w (w (o G (o (n u (H (I (r (s v (p j m (k (f (J z h (n x e c (t (f (y o (g l x d c aa b aa o x K w ab aa n p z L p ad) w) w M ab c e ab z s v u) x h aa ad r ac r ac r) h m j x o h u d l b))))))))))))))))))))
v (A B ab (y a) C (g (v x r v) (D (f ad (g (t a (a p c (u (l (v (aa g t t o u g l z e))))) ad)) (E F (y q (g g aa b w (w (o G (o (n u (H (I (r (s v (p j m (k (f (J z h (n x e c (t (f (y o (g l x d c aa b aa o x K w ab aa n p z L p ad) w) w M ab c e ab z s v u) x h aa ad r ac r ac r) h m j x o h u d l b))))))))))))))))))))
v (A B ab (y a) C (g (v x r v) (D (f ad (g (t a (w (w l (o (ab (l o i s) t g e)))) ad)) (E F (y q (g g aa b w (w (o G (o (n u (H (I (r (s v (p j m (k (f (J z h (n x e c (t (f (y o (g l x d c aa b aa o x K w ab aa n p z L p ad) w) w M ab c e ab z s v u) x h aa ad r ac r ac r) h m j x o h u d l b))))))))))))))))))))
v (A B ab (y a) C (g (v x r v) (D (f ad (g (t a (a p c (u (l (v (aa g t t o u g l z e))))) ad)) (E F (y q (g g aa b w (w (o G (o (n u (H (I (r (s v (p j m (k (f (J z h (n x e c (t (f (y o (g l x d c aa b aa o x K w ab aa n p z L p ad) w) w M ab c e ab z s v u) x h aa ad r ac r ac r) h m j x o h u d l b))))))))))))))))))))
v (A B ab (y a) C (g (v x r v) (D (f ad (g (t a (w (w l (o (ab (l o i s) t g e)))) ad)) (E F (y q (g g aa b w (w (o G (o (n u (H (I (r (s v (p j m (k (f (J z h (n x e c (t (f (y o (g l x d c aa b aa o x K w ab aa n p z L p ad) w) w M ab c e ab z s v u) x h aa ad r ac r ac r) h m j x o h u d l b))))))))))))))))))))
v (A B ab (y a) C (g (v x r v) (D (f ad (g (t a (a p c (u (l (v (aa g t t o u g l z e))))) ad)) (E F (y q (g g aa b w (w (o G (o (n u (H (I (r (s v (p j m (k (f (J z h (n x e c (t (f (y o (g l x d c aa b aa o x K w ab aa n p z L p ad) w) w M ab c e ab z s v u) x h aa ad r ac r ac r) h m j x o h u d l b))))))))))))))))))))
v (A B ab (y a) C (g (v x r v) (D (f ad (g (t a (w (w l (o (ab (l o i s) t g e)))) ad)) (E F (y q (g g aa b w (w (o G (o (n u (H (I (r (s v (p j m (k (f (J z h (n x e c (t (f (y o (g l x d c aa b aa o x K w ab aa n p z L p ad) w) w M ab c e ab z s v u) x h aa ad r ac r ac r) h m j x o h u d l b))))))))))))))))))))
v (A B ab (y a) C (g (v x r v) (D (f ad (g (t a (a p c (u (l (v (aa g t t o u g l z e))))) ad)) (E F (y q (g g aa b w (w (o G (o (n u (H (I (r (s v (p j m (k (f (J z h (n x e c (t (f (y o (g l x d c aa b aa o x K w ab aa n p z L p ad) w) w M ab c e ab z s v u) x h aa ad r ac r ac r) h m j x o h u d l b))))))))))))))))))))
v (A B ab (y a) C (g (v x r v) (D (f ad (g (t a (w (w l (o (ab (l o i s) t g e)))) ad)) (E F (y q (g g aa b w (w (o G (o (n u (H (I (r (s v (p j m (k (f (J z h (n x e c (t (f (y o (g l x d c aa b aa o x K w ab aa n p z L p ad) w) w M ab c e ab z s v u) x h aa ad r ac r ac r) h m j x o h u d l b))))))))))))))))))))
v (A B ab (y a) C (g (v x r v) (D (f ad (g (t a (a p c (u (l (v (aa g t t o u g l z e))))) ad)) (E F (y q (g g aa b w (w (o G (o (n u (H (I (r (s v (p j m (k (f (J z h (n x e c (t (f (y o (g l x d c aa b aa o x K w ab aa n p z L p ad) w) w M ab c e ab z s v u) x h aa ad r ac r ac r) h m j x o h u d l b))))))))))))))))))))
v (A B ab (y a) C (g (v x r v) (D (f ad (g (t a (w (w l (o (ab (l o i s) t g e)))) ad)) (E F (y q (g g aa b w (w (o G (o (n u (H (I (r (s v (p j m (k (f (J z h (n x e c (t (f (y o (g l x d c aa b aa o x K w ab aa n p z L p ad) w) w M ab c e ab z s v u) x h aa ad r ac r ac r) h m j x o h u d l b))))))))))))))))))))
v (A B ab (y a) C (g (v x r v) (D (f ad (g (t a (a p c (u (l (v (aa g t t o u g l z e))))) ad)) (E F (y q (g g aa b w (w (o G (o (n u (H (I (r (s v (p j m (k (f (J z h (n x e c (t (f (y o (g l x d c aa b aa o x K w ab aa n p z L p ad) w) w M ab c e ab z s v u) x h aa ad r ac r ac r) h m j x o h u d l b))))))))))))))))))))
v (A B ab (y a) C (g (v x r v) (D (f ad (g (t a (w (w l (o (ab (l o i s) t g e)))) ad)) (E F (y q (g g aa b w (w (o G (o (n u (H (I (r (s v (p j m (k (f (J z h (n x e c (t (f (y o (g l x d c aa b aa o x K w ab aa n p z L p ad) w) w M ab c e ab z s v u) x h aa ad r ac r ac r) h m j x o h u d l b))))))))))))))))))))
v (A B ab (y a) C (g (v x r v) (D (f ad (g (t a (a p c (u (l (v (aa g t t o u g l z e))))) ad)) (E F (y q (g g aa b w (w (o G (o (n u (H (I (r (s v (p j m (k (f (J z h (n x e c (t (f (y o (g l x d c aa b aa o x K w ab aa n p z L p ad) w) w M ab c e ab z s v u) x h aa ad r ac r ac r) h m j x o h u d l b))))))))))))))))))))
v (A B ab (y a) C (g (v x r v) (D (f ad (g (t a (w (w l (o (ab (l o i s) t g e)))) ad)) (E F (y q (g g aa b w (w (o G (o (n u (H (I (r (s v (p j m (k (f (J z h (n x e c (t (f (y o (g l x d c aa b aa o x K w ab aa n p z L p ad) w) w M ab c e ab z s v u) x h aa ad r ac r ac r) h m j x o h u d l b))))))))))))))))))))
v (A B ab (y a) C (g (v x r v) (D (f ad (g (t a (a p c (u (l (v (aa g t t o u g l z e))))) ad)) (E F (y q (g g aa b w (w (o G (o (n u (H (I (r (s v (p j m (k (f (J z h (n x e c (t (f (y o (g l x d c aa b aa o x K w ab aa n p z L p ad) w) w M ab c e ab z s v u) x h aa ad r ac r ac r) h m j x o h u d l b))))))))))))))))))))
v (A B ab (y a) C (g (v x r v) (D (f ad (g (t a (w (w l (o (ab (l o i s) t g e)))) ad)) (E F (y q (g g aa b w (w (o G (o (n u (H (I (r (s v (p j m (k (f (J z h (n x e c (t (f (y o (g l x d c aa b aa o x K w ab aa n p z L p ad) w) w M ab c e ab z s v u) x h aa ad r ac r ac r) h m j x o h u d l b))))))))))))))))))))
v (A B ab (y a) C (g (v x r v) (D (f ad (g (t a (a p c (u (l (v (aa g t t o u g l z e))))) ad)) (E F (y q (g g aa b w (w (o G (o (n u (H (I (r (s v (p j m (k (f (J z h (n x e c (t (f (y o (g l x d c aa b aa o x K w ab aa n p z L p ad) w) w M ab c e ab z s v u) x h aa ad r ac r ac r) h m j x o h u d l b))))))))))))))))))))


