a ah ag ai ae af = ad o l p ah ah
b ae ah ag af = ad (ac o (v (e u e)) w ac o k)
c ae af = w x af
d af ae ah ag = ad v
e ag ae af = t (g (ad ae) x (aa (r (y i o c t u q i r z x))))
f ae = n (c n (ab (l (o (ad v w l ad t r s w p v j)))))
g = w i ab (ac w)
h ag af ae ai ah = d (t (n d d c o w))
i ae = k (ad (n (d (y x d) aa c v) z))
j ag af ah ae = aa d (e (a q o) q c)
k ae = s (g t q m p)
l af ae ag = f ab ag (s y (d (ad ab ac ad)))
m ae = c (ab w a ac aa)
n ag af ah ai ae = a (l o) (q (j y (g (r (r f (af i ai j) t))) ab s))
o af ai aj ag ah ae = ag a (u c v k n l a)
p ae = x (e x (y (ad n h x)))
q af ae = c e (d e (l v o aa j d))
r ag ae af = e (a (z (h (m aa o ae j w n ag k))))
s af ag ae = ad (a (y d ae (p (d q c) l q ab e w h af o)))
t ag ah af ae = z (i j (ad l (ad j g i y) j ad))
u ah af ai ag ae = e b (af (e d j s n))
v ae af ag ah = t aa h k (d ae z z (c (k n) c x o f ac n w))
w ag ae af = a (j (v q k t i e j x m z))
x ae af = b (s (z m (y (v ae a h ab d n f))))
y ah ae ag af = ad m (s (r (aa (w m (k w k) ab ab ab x f l))))
z ag ah af ae = ad (r (o p) o (ad r f n m e b k ah ag g))
aa ag af ae ah aj ai = h k (m w (l u ai g v l g c o) p)
ab ai aj af ae ag ah = aa (m j p (z l (t ad h p f)))
ac ah aj ai ae af ag = z
ad ae af = p (t (a s r k d z))
main = A (x (B aa j g (y g aa l u (C D (w (ac (l x (E (v s ab i) y (s (u (u (F o (ad u (m t x y (y x) (d n aa aa p (G i ad l (z H k b (I y (aa (J (K (L n aa m M e ac v a N ab aa l t j O i n s l e m l ad P n Q m t f k l z n f ab) m x y d z) w ab i n p))))))))))))))))))))
------------------------------------------------------------
A (x (B aa j g (y g aa l u (C D (w (ac (l x (E (v s ab i) y (s (u (u (F o (ad u (m t x y (y x) (d n aa aa p (G i ad l (z H k b (I y (aa (J (K (L n aa m M e ac v a N ab aa l t j O i n s l e m l ad P n Q m t f k l z n f ab) m x y d z) w ab i n p))))))))))))))))))))
A (x (B aa j g (ad m (s (r (aa (w m (k w k) ab ab ab x f l)))) (C D (w (ac (l x (E (v s ab i) y (s (u (u (F o (ad u (m t x y (y x) (d n aa aa p (G i ad l (z H k b (I y (aa (J (K (L n aa m M e ac v a N ab aa l t j O i n s l e m l ad P n Q m t f k l z n f ab) m x y d z) w ab i n p))))))))))))))))))))
A (x (B aa j g (p (t (a s r k d z)) (C D (w (ac (l x (E (v s ab i) y (s (u (u (F o (ad u (m t x y (y x) (d n aa aa p (G i ad l (z H k b (I y (aa (J (K (L n aa m M e ac v a N ab aa l t j O i n s l e m l ad P n Q m t f k l z n f ab) m x y d z) w ab i n p))))))))))))))))))))
A (x (B aa j g (x (e x (y (ad n h x))) (C D (w (ac (l x (E (v s ab i) y (s (u (u (F o (ad u (m t x y (y x) (d n aa aa p (G i ad l (z H k b (I y (aa (J (K (L n aa m M e ac v a N ab aa l t j O i n s l e m l ad P n Q m t f k l z n f ab) m x y d z) w ab i n p))))))))))))))))))))
A (x (B aa j g (b (s (z m (y (v (e x (y (ad n h x))) a h ab d n f)))))))
A (x (B aa j g (b (s (z m (y (t aa h k (d (e x (y (ad n h x))) z z (c (k n) c x o f ac n w)) d n f)))))))
A (x (B aa j g (b (s (z m (y (z (i j (ad l (ad j g i y) j ad)) d n f)))))))
A (x (B aa j g (b (s (z m (y (ad (r (o p) o (ad r f n m e b k d (i j (ad l (ad j g i y) j ad)) g)))))))))
A (x (B aa j g (b (s (z m (y (ad (e (a (z (h (m aa o o j w n (o p) k))))))))))))
A (x (B aa j g (b (s (z m (y (ad (e (a (z (h (c (ab w a ac aa) o o j w n (o p) k))))))))))))
A (x (B aa j g (b (s (z m (y (ad (e (a (z (h (w x o o j w n (o p) k))))))))))))
A (x (B aa j g (b (s (z m (y (ad (e (a (z (h (a (j (v q k t i e j x m z)) j w n (o p) k))))))))))))
A (x (B aa j g (b (s (z m (y (ad (e (a (z (h (ad o l p (j (v q k t i e j x m z)) (j (v q k t i e j x m z)) k))))))))))))
A (x (B aa j g (b (s (z m (y (ad (e (a (z (h (p (t (a s r k d z)) p (j (v q k t i e j x m z)) (j (v q k t i e j x m z)) k))))))))))))
A (x (B aa j g (b (s (z m (y (ad (e (a (z (h (x (e x (y (ad n h x))) p (j (v q k t i e j x m z)) (j (v q k t i e j x m z)) k))))))))))))
A (x (B aa j g (b (s (z m (y (ad (e (a (z (h (b (s (z m (y (v (e x (y (ad n h x))) a h ab d n f)))) (j (v q k t i e j x m z)) (j (v q k t i e j x m z)) k))))))))))))
A (x (B aa j g (b (s (z m (y (ad (e (a (z (h (ad (ac o (v (e u e)) w ac o k)))))))))))))
A (x (B aa j g (b (s (z m (y (ad (e (a (z (h (ad z))))))))))))


