a ai ae ag ah af v s (j ab (ab u f (b aa u) z) af n)
b af ae u u (d (d ab e (h q q) aa aa))
c af ag ae y r p (r (e (ab ad r n l v) d b))
d n (k (k q (y p m (l m s k) ac p)))
e af ae u (w (t (y (h x q k u z m ae b f h z u f))))
f ai af ah ae ag ab t h e c j
g af ag ae y u h (v d l)
h ae af ag n e n r (ag (n (l c w c k j u b e m)))
i af ae f (s l af s)
j af ae r (k (v i (i ae l s u x d x)))
k ae ah af ai ag aa b (n (g (g (i ad ab g i b) g aa a q w) y))
l af ae aa (f z (d d (aa w e n u ab)))
m ah ag ae af ai i (aa d h r ad w r)
n af ae r (y ab b (p (m m q c) g j ad r l h c v h))
o ag ae af ah t s q (ad (j ac h p c h))
p ae z q (ae v j aa w ab)
q ae ai ah ag af aa k o ab (b k a)
r s (q (s t l u j u i))
s ai ae ah aj af ag b (ad (e y h l ae))
t ae af v (r (r (s n ad ac u n aa e ad r v i aa)))
u ai af ag aj ae ah l w d w d y
v ae af q (ad (aa u (h p ac af aa b t)))
w af ag aj ai ae ah u p j
x ae af aa aa (z (ab i (r (u n v u i ab f v u u))))
y ae f aa (u (i u ad aa c l p u k r a))
z ae d (f j p f n (m i) ae t e ac)
aa af ae ah ag ah (n (q (m w h ad (k (s m) ah q ah p g v))))
ab m i (f (x (a v x f) t ac x))
ac ae h x s (a (q (ae p p) (p t (m u d q g h h))))
ad ai ae ag af ah e h (d b (b (e l z ab s (ab e)) (f aa l b u a)))
main ab (A (B C (y y r o s (D (E (a (F (t (G k) (z (H ad (I (J K (b (p (e (g aa (l q (m r (y (ad ac e (s (L (z r ad d (M t c a m s k l o r N ad s z p f k s k u v O o aa h q t r x P d m o k q u w m b Q d R ad aa u S ac T v U r) g w d v o V u g)))))))))))))))))))))))
------------------------------------------------------------
ab (A (B C (y y r o s (D (E (a (F (t (G k) (z (H ad (I (J K (b (p (e (g aa (l q (m r (y (ad ac e (s (L (z r ad d (M t c a m s k l o r N ad s z p f k s k u v O o aa h q t r x P d m o k q u w m b Q d R ad aa u S ac T v U r) g w d v o V u g)))))))))))))))))))))))
m i (f (x (a v x f) t ac x)) (A (B C (y y r o s (D (E (a (F (t (G k) (z (H ad (I (J K (b (p (e (g aa (l q (m r (y (ad ac e (s (L (z r ad d (M t c a m s k l o r N ad s z p f k s k u v O o aa h q t r x P d m o k q u w m b Q d R ad aa u S ac T v U r) g w d v o V u g)))))))))))))))))))))))
m i (f (aa aa (z (ab i (r (u n v u i ab f v u u)))) ac x)) (A (B C (y y r o s (D (E (a (F (t (G k) (z (H ad (I (J K (b (p (e (g aa (l q (m r (y (ad ac e (s (L (z r ad d (M t c a m s k l o r N ad s z p f k s k u v O o aa h q t r x P d m o k q u w m b Q d R ad aa u S ac T v U r) g w d v o V u g)))))))))))))))))))))))
m i (f (ac (n (q (m w h ad (k (s m) ac q ac p g v)))))) (A (B C (y y r o s (D (E (a (F (t (G k) (z (H ad (I (J K (b (p (e (g aa (l q (m r (y (ad ac e (s (L (z r ad d (M t c a m s k l o r N ad s z p f k s k u v O o aa h q t r x P d m o k q u w m b Q d R ad aa u S ac T v U r) g w d v o V u g)))))))))))))))))))))))
m i (f (h x s (a (q (n (q (m w h ad (k (s m) ac q ac p g v))) p p) (p t (m u d q g h h)))))) (A (B C (y y r o s (D (E (a (F (t (G k) (z (H ad (I (J K (b (p (e (g aa (l q (m r (y (ad ac e (s (L (z r ad d (M t c a m s k l o r N ad s z p f k s k u v O o aa h q t r x P d m o k q u w m b Q d R ad aa u S ac T v U r) g w d v o V u g)))))))))))))))))))))))
m i (f (n e n r (a (q (n (q (m w h ad (k (s m) ac q ac p g v))) p p) (p t (m u d q g h h))) (n (l c w c k j u b e m))))) (A (B C (y y r o s (D (E (a (F (t (G k) (z (H ad (I (J K (b (p (e (g aa (l q (m r (y (ad ac e (s (L (z r ad d (M t c a m s k l o r N ad s z p f k s k u v O o aa h q t r x P d m o k q u w m b Q d R ad aa u S ac T v U r) g w d v o V u g)))))))))))))))))))))))
m i (f (r (y ab b (p (m m q c) g j ad r l h c v h)) r (a (q (n (q (m w h ad (k (s m) ac q ac p g v))) p p) (p t (m u d q g h h))) (n (l c w c k j u b e m))))) (A (B C (y y r o s (D (E (a (F (t (G k) (z (H ad (I (J K (b (p (e (g aa (l q (m r (y (ad ac e (s (L (z r ad d (M t c a m s k l o r N ad s z p f k s k u v O o aa h q t r x P d m o k q u w m b Q d R ad aa u S ac T v U r) g w d v o V u g)))))))))))))))))))))))
m i (f (s (q (s t l u j u i)) (y ab b (p (m m q c) g j ad r l h c v h)) r (a (q (n (q (m w h ad (k (s m) ac q ac p g v))) p p) (p t (m u d q g h h))) (n (l c w c k j u b e m))))) (A (B C (y y r o s (D (E (a (F (t (G k) (z (H ad (I (J K (b (p (e (g aa (l q (m r (y (ad ac e (s (L (z r ad d (M t c a m s k l o r N ad s z p f k s k u v O o aa h q t r x P d m o k q u w m b Q d R ad aa u S ac T v U r) g w d v o V u g)))))))))))))))))))))))
m i (f (s (q (b (ad (e y h l l)))) (y ab b (p (m m q c) g j ad r l h c v h)) r (a (q (n (q (m w h ad (k (s m) ac q ac p g v))) p p) (p t (m u d q g h h))) (n (l c w c k j u b e m))))) (A (B C (y y r o s (D (E (a (F (t (G k) (z (H ad (I (J K (b (p (e (g aa (l q (m r (y (ad ac e (s (L (z r ad d (M t c a m s k l o r N ad s z p f k s k u v O o aa h q t r x P d m o k q u w m b Q d R ad aa u S ac T v U r) g w d v o V u g)))))))))))))))))))))))
m i (f (s (q (b (ad (u (w (t (y (h x q k u z m h b f h z u f)))) l l)))) (y ab b (p (m m q c) g j ad r l h c v h)) r (a (q (n (q (m w h ad (k (s m) ac q ac p g v))) p p) (p t (m u d q g h h))) (n (l c w c k j u b e m))))) (A (B C (y y r o s (D (E (a (F (t (G k) (z (H ad (I (J K (b (p (e (g aa (l q (m r (y (ad ac e (s (L (z r ad d (M t c a m s k l o r N ad s z p f k s k u v O o aa h q t r x P d m o k q u w m b Q d R ad aa u S ac T v U r) g w d v o V u g)))))))))))))))))))))))
m i (f (s (q (b (ad (u (w (t (f aa (u (i u ad aa c l p u k r a))))) l l)))) (y ab b (p (m m q c) g j ad r l h c v h)) r (a (q (n (q (m w h ad (k (s m) ac q ac p g v))) p p) (p t (m u d q g h h))) (n (l c w c k j u b e m))))) (A (B C (y y r o s (D (E (a (F (t (G k) (z (H ad (I (J K (b (p (e (g aa (l q (m r (y (ad ac e (s (L (z r ad d (M t c a m s k l o r N ad s z p f k s k u v O o aa h q t r x P d m o k q u w m b Q d R ad aa u S ac T v U r) g w d v o V u g)))))))))))))))))))))))
m i (f (s (q (b (ad (u (w (t (f aa (u (f (s l u s) aa c l p u k r a))))) l l)))) (y ab b (p (m m q c) g j ad r l h c v h)) r (a (q (n (q (m w h ad (k (s m) ac q ac p g v))) p p) (p t (m u d q g h h))) (n (l c w c k j u b e m))))) (A (B C (y y r o s (D (E (a (F (t (G k) (z (H ad (I (J K (b (p (e (g aa (l q (m r (y (ad ac e (s (L (z r ad d (M t c a m s k l o r N ad s z p f k s k u v O o aa h q t r x P d m o k q u w m b Q d R ad aa u S ac T v U r) g w d v o V u g)))))))))))))))))))))))
m i (f (s (q (b (ad (u (w (t (f aa (u (ab t h e c j u k r a))))) l l)))) (y ab b (p (m m q c) g j ad r l h c v h)) r (a (q (n (q (m w h ad (k (s m) ac q ac p g v))) p p) (p t (m u d q g h h))) (n (l c w c k j u b e m))))) (A (B C (y y r o s (D (E (a (F (t (G k) (z (H ad (I (J K (b (p (e (g aa (l q (m r (y (ad ac e (s (L (z r ad d (M t c a m s k l o r N ad s z p f k s k u v O o aa h q t r x P d m o k q u w m b Q d R ad aa u S ac T v U r) g w d v o V u g)))))))))))))))))))))))
m i (f (s (q (b (ad (u (w (t (f aa (u (m i (f (x (a v x f) t ac x)) t h e c j u k r a))))) l l)))) (y ab b (p (m m q c) g j ad r l h c v h)) r (a (q (n (q (m w h ad (k (s m) ac q ac p g v))) p p) (p t (m u d q g h h))) (n (l c w c k j u b e m))))) (A (B C (y y r o s (D (E (a (F (t (G k) (z (H ad (I (J K (b (p (e (g aa (l q (m r (y (ad ac e (s (L (z r ad d (M t c a m s k l o r N ad s z p f k s k u v O o aa h q t r x P d m o k q u w m b Q d R ad aa u S ac T v U r) g w d v o V u g)))))))))))))))))))))))
m i (f (s (q (b (ad (u (w (t (f aa (u (i (aa d h r ad w r) c j u k r a))))) l l)))) (y ab b (p (m m q c) g j ad r l h c v h)) r (a (q (n (q (m w h ad (k (s m) ac q ac p g v))) p p) (p t (m u d q g h h))) (n (l c w c k j u b e m))))) (A (B C (y y r o s (D (E (a (F (t (G k) (z (H ad (I (J K (b (p (e (g aa (l q (m r (y (ad ac e (s (L (z r ad d (M t c a m s k l o r N ad s z p f k s k u v O o aa h q t r x P d m o k q u w m b Q d R ad aa u S ac T v U r) g w d v o V u g)))))))))))))))))))))))
m i (f (s (q (b (ad (u (w (t (f aa (u (f (s l (aa d h r ad w r) s) j u k r a))))) l l)))) (y ab b (p (m m q c) g j ad r l h c v h)) r (a (q (n (q (m w h ad (k (s m) ac q ac p g v))) p p) (p t (m u d q g h h))) (n (l c w c k j u b e m))))) (A (B C (y y r o s (D (E (a (F (t (G k) (z (H ad (I (J K (b (p (e (g aa (l q (m r (y (ad ac e (s (L (z r ad d (M t c a m s k l o r N ad s z p f k s k u v O o aa h q t r x P d m o k q u w m b Q d R ad aa u S ac T v U r) g w d v o V u g)))))))))))))))))))))))
m i (f (s (q (b (ad (u (w (t (f aa (u (ab t h e c j a))))) l l)))) (y ab b (p (m m q c) g j ad r l h c v h)) r (a (q (n (q (m w h ad (k (s m) ac q ac p g v))) p p) (p t (m u d q g h h))) (n (l c w c k j u b e m))))) (A (B C (y y r o s (D (E (a (F (t (G k) (z (H ad (I (J K (b (p (e (g aa (l q (m r (y (ad ac e (s (L (z r ad d (M t c a m s k l o r N ad s z p f k s k u v O o aa h q t r x P d m o k q u w m b Q d R ad aa u S ac T v U r) g w d v o V u g)))))))))))))))))))))))
m i (f (s (q (b (ad (u (w (t (f aa (u (m i (f (x (a v x f) t ac x)) t h e c j a))))) l l)))) (y ab b (p (m m q c) g j ad r l h c v h)) r (a (q (n (q (m w h ad (k (s m) ac q ac p g v))) p p) (p t (m u d q g h h))) (n (l c w c k j u b e m))))) (A (B C (y y r o s (D (E (a (F (t (G k) (z (H ad (I (J K (b (p (e (g aa (l q (m r (y (ad ac e (s (L (z r ad d (M t c a m s k l o r N ad s z p f k s k u v O o aa h q t r x P d m o k q u w m b Q d R ad aa u S ac T v U r) g w d v o V u g)))))))))))))))))))))))
m i (f (s (q (b (ad (u (w (t (f aa (u (i (aa d h r ad w r) c j a))))) l l)))) (y ab b (p (m m q c) g j ad r l h c v h)) r (a (q (n (q (m w h ad (k (s m) ac q ac p g v))) p p) (p t (m u d q g h h))) (n (l c w c k j u b e m))))) (A (B C (y y r o s (D (E (a (F (t (G k) (z (H ad (I (J K (b (p (e (g aa (l q (m r (y (ad ac e (s (L (z r ad d (M t c a m s k l o r N ad s z p f k s k u v O o aa h q t r x P d m o k q u w m b Q d R ad aa u S ac T v U r) g w d v o V u g)))))))))))))))))))))))
m i (f (s (q (b (ad (u (w (t (f aa (u (f (s l (aa d h r ad w r) s) j a))))) l l)))) (y ab b (p (m m q c) g j ad r l h c v h)) r (a (q (n (q (m w h ad (k (s m) ac q ac p g v))) p p) (p t (m u d q g h h))) (n (l c w c k j u b e m))))) (A (B C (y y r o s (D (E (a (F (t (G k) (z (H ad (I (J K (b (p (e (g aa (l q (m r (y (ad ac e (s (L (z r ad d (M t c a m s k l o r N ad s z p f k s k u v O o aa h q t r x P d m o k q u w m b Q d R ad aa u S ac T v U r) g w d v o V u g)))))))))))))))))))))))
m i (f (s (q (b (ad (u (w (t (f aa (u (f (s l (r (n (q (m w h ad (k (s m) r q r p g v)))) w r) s) j a))))) l l)))) (y ab b (p (m m q c) g j ad r l h c v h)) r (a (q (n (q (m w h ad (k (s m) ac q ac p g v))) p p) (p t (m u d q g h h))) (n (l c w c k j u b e m))))) (A (B C (y y r o s (D (E (a (F (t (G k) (z (H ad (I (J K (b (p (e (g aa (l q (m r (y (ad ac e (s (L (z r ad d (M t c a m s k l o r N ad s z p f k s k u v O o aa h q t r x P d m o k q u w m b Q d R ad aa u S ac T v U r) g w d v o V u g)))))))))))))))))))))))
m i (f (s (q (b (ad (u (w (t (f aa (u (f (s l (s (q (s t l u j u i)) (n (q (m w h ad (k (s m) r q r p g v)))) w r) s) j a))))) l l)))) (y ab b (p (m m q c) g j ad r l h c v h)) r (a (q (n (q (m w h ad (k (s m) ac q ac p g v))) p p) (p t (m u d q g h h))) (n (l c w c k j u b e m))))) (A (B C (y y r o s (D (E (a (F (t (G k) (z (H ad (I (J K (b (p (e (g aa (l q (m r (y (ad ac e (s (L (z r ad d (M t c a m s k l o r N ad s z p f k s k u v O o aa h q t r x P d m o k q u w m b Q d R ad aa u S ac T v U r) g w d v o V u g)))))))))))))))))))))))
m i (f (s (q (b (ad (u (w (t (f aa (u (f (s l (s (q (b (ad (e y h l l)))) (n (q (m w h ad (k (s m) r q r p g v)))) w r) s) j a))))) l l)))) (y ab b (p (m m q c) g j ad r l h c v h)) r (a (q (n (q (m w h ad (k (s m) ac q ac p g v))) p p) (p t (m u d q g h h))) (n (l c w c k j u b e m))))) (A (B C (y y r o s (D (E (a (F (t (G k) (z (H ad (I (J K (b (p (e (g aa (l q (m r (y (ad ac e (s (L (z r ad d (M t c a m s k l o r N ad s z p f k s k u v O o aa h q t r x P d m o k q u w m b Q d R ad aa u S ac T v U r) g w d v o V u g)))))))))))))))))))))))
m i (f (s (q (b (ad (u (w (t (f aa (u (f (s l (s (q (b (ad (u (w (t (y (h x q k u z m h b f h z u f)))) l l)))) (n (q (m w h ad (k (s m) r q r p g v)))) w r) s) j a))))) l l)))) (y ab b (p (m m q c) g j ad r l h c v h)) r (a (q (n (q (m w h ad (k (s m) ac q ac p g v))) p p) (p t (m u d q g h h))) (n (l c w c k j u b e m))))) (A (B C (y y r o s (D (E (a (F (t (G k) (z (H ad (I (J K (b (p (e (g aa (l q (m r (y (ad ac e (s (L (z r ad d (M t c a m s k l o r N ad s z p f k s k u v O o aa h q t r x P d m o k q u w m b Q d R ad aa u S ac T v U r) g w d v o V u g)))))))))))))))))))))))
m i (f (s (q (b (ad (u (w (t (f aa (u (f (s l (s (q (b (ad (u (w (t (f aa (u (i u ad aa c l p u k r a))))) l l)))) (n (q (m w h ad (k (s m) r q r p g v)))) w r) s) j a))))) l l)))) (y ab b (p (m m q c) g j ad r l h c v h)) r (a (q (n (q (m w h ad (k (s m) ac q ac p g v))) p p) (p t (m u d q g h h))) (n (l c w c k j u b e m))))) (A (B C (y y r o s (D (E (a (F (t (G k) (z (H ad (I (J K (b (p (e (g aa (l q (m r (y (ad ac e (s (L (z r ad d (M t c a m s k l o r N ad s z p f k s k u v O o aa h q t r x P d m o k q u w m b Q d R ad aa u S ac T v U r) g w d v o V u g)))))))))))))))))))))))
m i (f (s (q (b (ad (u (w (t (f aa (u (f (s l (s (q (b (ad (u (w (t (f aa (u (f (s l u s) aa c l p u k r a))))) l l)))) (n (q (m w h ad (k (s m) r q r p g v)))) w r) s) j a))))) l l)))) (y ab b (p (m m q c) g j ad r l h c v h)) r (a (q (n (q (m w h ad (k (s m) ac q ac p g v))) p p) (p t (m u d q g h h))) (n (l c w c k j u b e m))))) (A (B C (y y r o s (D (E (a (F (t (G k) (z (H ad (I (J K (b (p (e (g aa (l q (m r (y (ad ac e (s (L (z r ad d (M t c a m s k l o r N ad s z p f k s k u v O o aa h q t r x P d m o k q u w m b Q d R ad aa u S ac T v U r) g w d v o V u g)))))))))))))))))))))))
m i (f (s (q (b (ad (u (w (t (f aa (u (f (s l (s (q (b (ad (u (w (t (f aa (u (ab t h e c j u k r a))))) l l)))) (n (q (m w h ad (k (s m) r q r p g v)))) w r) s) j a))))) l l)))) (y ab b (p (m m q c) g j ad r l h c v h)) r (a (q (n (q (m w h ad (k (s m) ac q ac p g v))) p p) (p t (m u d q g h h))) (n (l c w c k j u b e m))))) (A (B C (y y r o s (D (E (a (F (t (G k) (z (H ad (I (J K (b (p (e (g aa (l q (m r (y (ad ac e (s (L (z r ad d (M t c a m s k l o r N ad s z p f k s k u v O o aa h q t r x P d m o k q u w m b Q d R ad aa u S ac T v U r) g w d v o V u g)))))))))))))))))))))))
m i (f (s (q (b (ad (u (w (t (f aa (u (f (s l (s (q (b (ad (u (w (t (f aa (u (m i (f (x (a v x f) t ac x)) t h e c j u k r a))))) l l)))) (n (q (m w h ad (k (s m) r q r p g v)))) w r) s) j a))))) l l)))) (y ab b (p (m m q c) g j ad r l h c v h)) r (a (q (n (q (m w h ad (k (s m) ac q ac p g v))) p p) (p t (m u d q g h h))) (n (l c w c k j u b e m))))) (A (B C (y y r o s (D (E (a (F (t (G k) (z (H ad (I (J K (b (p (e (g aa (l q (m r (y (ad ac e (s (L (z r ad d (M t c a m s k l o r N ad s z p f k s k u v O o aa h q t r x P d m o k q u w m b Q d R ad aa u S ac T v U r) g w d v o V u g)))))))))))))))))))))))
m i (f (s (q (b (ad (u (w (t (f aa (u (f (s l (s (q (b (ad (u (w (t (f aa (u (i (aa d h r ad w r) c j u k r a))))) l l)))) (n (q (m w h ad (k (s m) r q r p g v)))) w r) s) j a))))) l l)))) (y ab b (p (m m q c) g j ad r l h c v h)) r (a (q (n (q (m w h ad (k (s m) ac q ac p g v))) p p) (p t (m u d q g h h))) (n (l c w c k j u b e m))))) (A (B C (y y r o s (D (E (a (F (t (G k) (z (H ad (I (J K (b (p (e (g aa (l q (m r (y (ad ac e (s (L (z r ad d (M t c a m s k l o r N ad s z p f k s k u v O o aa h q t r x P d m o k q u w m b Q d R ad aa u S ac T v U r) g w d v o V u g)))))))))))))))))))))))
m i (f (s (q (b (ad (u (w (t (f aa (u (f (s l (s (q (b (ad (u (w (t (f aa (u (f (s l (aa d h r ad w r) s) j u k r a))))) l l)))) (n (q (m w h ad (k (s m) r q r p g v)))) w r) s) j a))))) l l)))) (y ab b (p (m m q c) g j ad r l h c v h)) r (a (q (n (q (m w h ad (k (s m) ac q ac p g v))) p p) (p t (m u d q g h h))) (n (l c w c k j u b e m))))) (A (B C (y y r o s (D (E (a (F (t (G k) (z (H ad (I (J K (b (p (e (g aa (l q (m r (y (ad ac e (s (L (z r ad d (M t c a m s k l o r N ad s z p f k s k u v O o aa h q t r x P d m o k q u w m b Q d R ad aa u S ac T v U r) g w d v o V u g)))))))))))))))))))))))


