a ag af ae = e (g r (t e ac e r))
b = w (v (l w (q (h r) y v l c m u m c)))
c ag ah ai af ae = z ad (z (z (q i (af i aa h y y ad f b e d aa))))
d ae ah ag ai af = ac (j (i h (aa c t y ad aa k)))
e ae = v (n (u (n n x f (g t w z u ae l c d))))
f ai ae af ah aj ag = q (ai g d i (b (a aa o b w p aa ab t)))
g ah ae af ai ag = u (v (u (i (h i (x k d b p u w a z t)))))
h ah af ae ag = v (m z aa g q w x ab s u)
i ah ag ai af ae = a (z (d r) af k (c l s (r (l g e e t w c r))))
j ae = w (r q v u o)
k ag af ae ai ah aj = d aa (z c r)
l ae af ag ah = p y
m ae af = s s (ae af (b (i y r l h v)))
n ae af = w (j s b q b d)
o af ah ag ae = ad (s z (x l (g k x s) af h c f r y))
p ae = s (ac z (t b a c r))
q af ag ae = a (e k f s (n ad ae s aa y ac))
r ae = ab (t o ac w (n i ae ae u ae c g d c n))
s = a (e (ad d e o n x h) (v y k o))
t ag ae af = f (aa (o y (e ab i n q q ad x) u n ab))
u ae af ai ag ah = g aa (r g n (t (ah (l i (b n t c z g) ae w ad))))
v = c (aa (w h ac q s n d j m a r k))
w ae af = m (o (af i (n l) b (i y s f s ac ae y g m)))
x = f (p (l p (ab c (aa z (d k) r b c t o o) r g)))
y = o (aa (a (i j) (ab (ac m j u e e aa c h d v))))
z = b c w (f i aa (k g t))
aa ag ah ae af = t j (i (g (ab i c ah ab ae j u c c a)))
ab ah ae af ag = e d (f l g q t o)
ac ae ah ag af = s (u l v (u (t u (h q q t v af q q m))))
ad = e h k g (y (f p s h))
main = b (j (A (t (i (m (v (m B w t (n (C (c (e (m ab ad (s (w (m (a (b (u d x y (D r (ad (h (d b (E F s ac (G (g (c v H d h aa aa I m m y q g o h p m h x ad J ab i ac g j d x j k x K e) c L) j o w z) p M a s N ad w y a O c r h m P w u c g s l o)))))))))))))))))))))))
------------------------------------------------------------
b (j (A (t (i (m (v (m B w t (n (C (c (e (m ab ad (s (w (m (a (b (u d x y (D r (ad (h (d b (E F s ac (G (g (c v H d h aa aa I m m y q g o h p m h x ad J ab i ac g j d x j k x K e) c L) j o w z) p M a s N ad w y a O c r h m P w u c g s l o)))))))))))))))))))))))
w (v (l w (q (h r) y v l c m u m c))) (j (A (t (i (m (v (m B w t (n (C (c (e (m ab ad (s (w (m (a (b (u d x y (D r (ad (h (d b (E F s ac (G (g (c v H d h aa aa I m m y q g o h p m h x ad J ab i ac g j d x j k x K e) c L) j o w z) p M a s N ad w y a O c r h m P w u c g s l o)))))))))))))))))))))))
m (o (j (A (t (i (m (v (m B w t (n (C (c (e (m ab ad (s (w (m (a (b (u d x y (D r (ad (h (d b (E F s ac (G (g (c v H d h aa aa I m m y q g o h p m h x ad J ab i ac g j d x j k x K e) c L) j o w z) p M a s N ad w y a O c r h m P w u c g s l o)))))))))))))))))))))) i (n l) b (i y s f s ac (v (l w (q (h r) y v l c m u m c))) y g m)))
m (o (w (r q v u o) i (n l) b (i y s f s ac (v (l w (q (h r) y v l c m u m c))) y g m)))
m (o (m (o (i i (n l) b (i y s f s ac (r q v u o) y g m))) (n l) b (i y s f s ac (v (l w (q (h r) y v l c m u m c))) y g m)))
m (o (s s (o (i i (n l) b (i y s f s ac (r q v u o) y g m)) (n l) (b (i y r l h v))) b (i y s f s ac (v (l w (q (h r) y v l c m u m c))) y g m)))
m (o (a (e (ad d e o n x h) (v y k o)) s (o (i i (n l) b (i y s f s ac (r q v u o) y g m)) (n l) (b (i y r l h v))) b (i y s f s ac (v (l w (q (h r) y v l c m u m c))) y g m)))
m (o (e (g r (t e ac e r)) b (i y s f s ac (v (l w (q (h r) y v l c m u m c))) y g m)))
m (o (v (n (u (n n x f (g t w z u (g r (t e ac e r)) l c d)))) b (i y s f s ac (v (l w (q (h r) y v l c m u m c))) y g m)))
m (o (c (aa (w h ac q s n d j m a r k)) (n (u (n n x f (g t w z u (g r (t e ac e r)) l c d)))) b (i y s f s ac (v (l w (q (h r) y v l c m u m c))) y g m)))
m (o (c (aa (m (o (ac i (n l) b (i y s f s ac h y g m))) q s n d j m a r k)) (n (u (n n x f (g t w z u (g r (t e ac e r)) l c d)))) b (i y s f s ac (v (l w (q (h r) y v l c m u m c))) y g m)))
m (o (c (aa (s s (o (ac i (n l) b (i y s f s ac h y g m)) q (b (i y r l h v))) s n d j m a r k)) (n (u (n n x f (g t w z u (g r (t e ac e r)) l c d)))) b (i y s f s ac (v (l w (q (h r) y v l c m u m c))) y g m)))
m (o (c (aa (a (e (ad d e o n x h) (v y k o)) s (o (ac i (n l) b (i y s f s ac h y g m)) q (b (i y r l h v))) s n d j m a r k)) (n (u (n n x f (g t w z u (g r (t e ac e r)) l c d)))) b (i y s f s ac (v (l w (q (h r) y v l c m u m c))) y g m)))
m (o (c (aa (e (g r (t e ac e r)) s n d j m a r k)) (n (u (n n x f (g t w z u (g r (t e ac e r)) l c d)))) b (i y s f s ac (v (l w (q (h r) y v l c m u m c))) y g m)))
m (o (c (aa (v (n (u (n n x f (g t w z u (g r (t e ac e r)) l c d)))) s n d j m a r k)) (n (u (n n x f (g t w z u (g r (t e ac e r)) l c d)))) b (i y s f s ac (v (l w (q (h r) y v l c m u m c))) y g m)))
m (o (c (aa (c (aa (w h ac q s n d j m a r k)) (n (u (n n x f (g t w z u (g r (t e ac e r)) l c d)))) s n d j m a r k)) (n (u (n n x f (g t w z u (g r (t e ac e r)) l c d)))) b (i y s f s ac (v (l w (q (h r) y v l c m u m c))) y g m)))
m (o (c (aa (z ad (z (z (q i (n i aa h y y ad f b e d aa)))) j m a r k)) (n (u (n n x f (g t w z u (g r (t e ac e r)) l c d)))) b (i y s f s ac (v (l w (q (h r) y v l c m u m c))) y g m)))
m (o (c (aa (b c w (f i aa (k g t)) ad (z (z (q i (n i aa h y y ad f b e d aa)))) j m a r k)) (n (u (n n x f (g t w z u (g r (t e ac e r)) l c d)))) b (i y s f s ac (v (l w (q (h r) y v l c m u m c))) y g m)))
m (o (c (aa (w (v (l w (q (h r) y v l c m u m c))) c w (f i aa (k g t)) ad (z (z (q i (n i aa h y y ad f b e d aa)))) j m a r k)) (n (u (n n x f (g t w z u (g r (t e ac e r)) l c d)))) b (i y s f s ac (v (l w (q (h r) y v l c m u m c))) y g m)))
m (o (c (aa (m (o (c i (n l) b (i y s f s ac (v (l w (q (h r) y v l c m u m c))) y g m))) w (f i aa (k g t)) ad (z (z (q i (n i aa h y y ad f b e d aa)))) j m a r k)) (n (u (n n x f (g t w z u (g r (t e ac e r)) l c d)))) b (i y s f s ac (v (l w (q (h r) y v l c m u m c))) y g m)))
m (o (c (aa (s s (o (c i (n l) b (i y s f s ac (v (l w (q (h r) y v l c m u m c))) y g m)) w (b (i y r l h v))) (f i aa (k g t)) ad (z (z (q i (n i aa h y y ad f b e d aa)))) j m a r k)) (n (u (n n x f (g t w z u (g r (t e ac e r)) l c d)))) b (i y s f s ac (v (l w (q (h r) y v l c m u m c))) y g m)))
m (o (c (aa (a (e (ad d e o n x h) (v y k o)) s (o (c i (n l) b (i y s f s ac (v (l w (q (h r) y v l c m u m c))) y g m)) w (b (i y r l h v))) (f i aa (k g t)) ad (z (z (q i (n i aa h y y ad f b e d aa)))) j m a r k)) (n (u (n n x f (g t w z u (g r (t e ac e r)) l c d)))) b (i y s f s ac (v (l w (q (h r) y v l c m u m c))) y g m)))
m (o (c (aa (e (g r (t e ac e r)) (f i aa (k g t)) ad (z (z (q i (n i aa h y y ad f b e d aa)))) j m a r k)) (n (u (n n x f (g t w z u (g r (t e ac e r)) l c d)))) b (i y s f s ac (v (l w (q (h r) y v l c m u m c))) y g m)))
m (o (c (aa (v (n (u (n n x f (g t w z u (g r (t e ac e r)) l c d)))) (f i aa (k g t)) ad (z (z (q i (n i aa h y y ad f b e d aa)))) j m a r k)) (n (u (n n x f (g t w z u (g r (t e ac e r)) l c d)))) b (i y s f s ac (v (l w (q (h r) y v l c m u m c))) y g m)))
m (o (c (aa (c (aa (w h ac q s n d j m a r k)) (n (u (n n x f (g t w z u (g r (t e ac e r)) l c d)))) (f i aa (k g t)) ad (z (z (q i (n i aa h y y ad f b e d aa)))) j m a r k)) (n (u (n n x f (g t w z u (g r (t e ac e r)) l c d)))) b (i y s f s ac (v (l w (q (h r) y v l c m u m c))) y g m)))
m (o (c (aa (z ad (z (z (q i (ad i aa h y y ad f b e d aa)))) j m a r k)) (n (u (n n x f (g t w z u (g r (t e ac e r)) l c d)))) b (i y s f s ac (v (l w (q (h r) y v l c m u m c))) y g m)))
m (o (c (aa (b c w (f i aa (k g t)) ad (z (z (q i (ad i aa h y y ad f b e d aa)))) j m a r k)) (n (u (n n x f (g t w z u (g r (t e ac e r)) l c d)))) b (i y s f s ac (v (l w (q (h r) y v l c m u m c))) y g m)))
m (o (c (aa (w (v (l w (q (h r) y v l c m u m c))) c w (f i aa (k g t)) ad (z (z (q i (ad i aa h y y ad f b e d aa)))) j m a r k)) (n (u (n n x f (g t w z u (g r (t e ac e r)) l c d)))) b (i y s f s ac (v (l w (q (h r) y v l c m u m c))) y g m)))
m (o (c (aa (m (o (c i (n l) b (i y s f s ac (v (l w (q (h r) y v l c m u m c))) y g m))) w (f i aa (k g t)) ad (z (z (q i (ad i aa h y y ad f b e d aa)))) j m a r k)) (n (u (n n x f (g t w z u (g r (t e ac e r)) l c d)))) b (i y s f s ac (v (l w (q (h r) y v l c m u m c))) y g m)))
m (o (c (aa (s s (o (c i (n l) b (i y s f s ac (v (l w (q (h r) y v l c m u m c))) y g m)) w (b (i y r l h v))) (f i aa (k g t)) ad (z (z (q i (ad i aa h y y ad f b e d aa)))) j m a r k)) (n (u (n n x f (g t w z u (g r (t e ac e r)) l c d)))) b (i y s f s ac (v (l w (q (h r) y v l c m u m c))) y g m)))


