a ai ae ah aj ag af = r (r ac (ai (v q k af i q e t l s i)))
b ag ah af ae = m (ac r (s (k ac (d (j o v ac n h z u l) d s))))
c ah ae af ag ai = w (ab (n i p y x))
d ae = m (r p ad ac (ad (z y t ab n g t)))
e ai ag af ae ah = q (f p (r b ad s z ag ad ab))
f ae = q (z h (g o w l (r (ac b ac ad y z l v) ab)))
g ae ah ag af = o v
h ah ai af ae ag = n l l j (t (ab n k r l))
i ah ag af ae = j (e h y) a (aa (af a u n) v)
j ag af ah aj ae ai = aa y ab p u ad
k ae = h (u (ab m (s g i (q e d ae h s x ac n))))
l ae ah ag af ai = z f (u s (z c g d u m c))
m ag ah af ae aj ai = z ad g r (a o y l b l w)
n ah ai af ag ae = h (f m) q x
o = s ad l (j (n a (k u ac ac h x q s m c)))
p ae af = y (l (y u u a) x l c l (t h v n ac aa a))
q af ag ae ah ai = y m a ab (e d v n s) u b s
r ae af = x
s ae ah af ag ai = q (f q b e)
t af ah ag aj ai ae = e (u a ai i g d)
u ae ag af = t y (b h i)
v af aj ae ai ah ag = ah (ab c n aa u)
w ag af ae = p x (aa c x (v (o g a y) i))
x ah aj af ag ai ae = u f h ac (aj ae (u k k ad z))
y af ag ae = m (ag w u o q p o c t ad c (ac x i g j))
z ah ag aj ae af ai = t w (b (g f d n h y r aa b q))
aa ag ae af = l i (r (ac w b y k (v (d x w) ab ae) d f f))
ab ag ae af = ac (u (d h s w))
ac ae af ah ag = w k (ab (d o i e o y))
ad ae af = d (ab (s x j o w))
main = k d i (w A ab) B (C (d (p (ad g ac (aa q (q (m (b t (u (w (v (x n o (p aa (D ab (g (w e (x v (E r (e (a (n (d ad r (k (F x g ac j e s b G k m l g ad r H ad f)) x q I g v j m j z v) i y u x h) ad f z y ad g k o w o J o x r ab b h o p f w a g w))))))))))))))))))))
------------------------------------------------------------
k d i (w A ab) B (C (d (p (ad g ac (aa q (q (m (b t (u (w (v (x n o (p aa (D ab (g (w e (x v (E r (e (a (n (d ad r (k (F x g ac j e s b G k m l g ad r H ad f)) x q I g v j m j z v) i y u x h) ad f z y ad g k o w o J o x r ab b h o p f w a g w))))))))))))))))))))
h (u (ab m (s g i (q e d d h s x ac n)))) i (w A ab) B (C (d (p (ad g ac (aa q (q (m (b t (u (w (v (x n o (p aa (D ab (g (w e (x v (E r (e (a (n (d ad r (k (F x g ac j e s b G k m l g ad r H ad f)) x q I g v j m j z v) i y u x h) ad f z y ad g k o w o J o x r ab b h o p f w a g w))))))))))))))))))))
n l l j (t (ab n k r l))
n l l j (t (ac (u (d h s w)) l))
n l l j (t (ac (u (m (r p ad ac (ad (z y t ab n g t))) s w)) l))
n l l j (t (ac (u (m (x ac (ad (z y t ab n g t))) s w)) l))
n l l j (t (ac (u (m (x ac (ad (t w (b (g f d n h y r aa b q))))) s w)) l))
n l l j (t (ac (u (m (x ac (ad (t w (b (o v y r aa b q))))) s w)) l))
n l l j (t (ac (u (m (x ac (ad (t w (b (s ad l (j (n a (k u ac ac h x q s m c))) v y r aa b q))))) s w)) l))
n l l j (t (ac (u (m (x ac (ad (t w (b (q (f q b e) r aa b q))))) s w)) l))
n l l j (t (ac (u (m (x ac (ad (t w (b (y m a ab (e d v n s) u b s))))) s w)) l))
n l l j (t (ac (u (m (x ac (ad (t w (b (m (a w u o q p o c t ad c (ac x i g j)) (e d v n s) u b s))))) s w)) l))
n l l j (t (ac (u (m (x ac (ad (t w (b (m (r (r ac (w (v q k o i q e t l s i))) c t ad c (ac x i g j)) (e d v n s) u b s))))) s w)) l))
n l l j (t (ac (u (m (x ac (ad (t w (b (m (x t ad c (ac x i g j)) (e d v n s) u b s))))) s w)) l))
n l l j (t (ac (u (m (x ac (ad (t w (b (m (x t ad c (w k (ab (d o i e o y)))) (e d v n s) u b s))))) s w)) l))
n l l j (t (ac (u (m (x ac (ad (t w (b (m (x t ad c (w k (ab (m (r p ad ac (ad (z y t ab n g t))) i e o y)))) (e d v n s) u b s))))) s w)) l))
n l l j (t (ac (u (m (x ac (ad (t w (b (m (x t ad c (w k (ab (m (x ac (ad (z y t ab n g t))) i e o y)))) (e d v n s) u b s))))) s w)) l))
n l l j (t (ac (u (m (x ac (ad (t w (b (m (x t ad c (w k (ab (m (x ac (ad (t w (b (g f d n h y r aa b q))))) i e o y)))) (e d v n s) u b s))))) s w)) l))
n l l j (t (ac (u (m (x ac (ad (t w (b (m (x t ad c (w k (ab (m (x ac (ad (t w (b (o v y r aa b q))))) i e o y)))) (e d v n s) u b s))))) s w)) l))
n l l j (t (ac (u (m (x ac (ad (t w (b (m (x t ad c (w k (ab (m (x ac (ad (t w (b (s ad l (j (n a (k u ac ac h x q s m c))) v y r aa b q))))) i e o y)))) (e d v n s) u b s))))) s w)) l))
n l l j (t (ac (u (m (x ac (ad (t w (b (m (x t ad c (w k (ab (m (x ac (ad (t w (b (q (f q b e) r aa b q))))) i e o y)))) (e d v n s) u b s))))) s w)) l))
n l l j (t (ac (u (m (x ac (ad (t w (b (m (x t ad c (w k (ab (m (x ac (ad (t w (b (y m a ab (e d v n s) u b s))))) i e o y)))) (e d v n s) u b s))))) s w)) l))
n l l j (t (ac (u (m (x ac (ad (t w (b (m (x t ad c (w k (ab (m (x ac (ad (t w (b (m (a w u o q p o c t ad c (ac x i g j)) (e d v n s) u b s))))) i e o y)))) (e d v n s) u b s))))) s w)) l))
n l l j (t (ac (u (m (x ac (ad (t w (b (m (x t ad c (w k (ab (m (x ac (ad (t w (b (m (r (r ac (w (v q k o i q e t l s i))) c t ad c (ac x i g j)) (e d v n s) u b s))))) i e o y)))) (e d v n s) u b s))))) s w)) l))
n l l j (t (ac (u (m (x ac (ad (t w (b (m (x t ad c (w k (ab (m (x ac (ad (t w (b (m (x t ad c (ac x i g j)) (e d v n s) u b s))))) i e o y)))) (e d v n s) u b s))))) s w)) l))
n l l j (t (ac (u (m (x ac (ad (t w (b (m (x t ad c (w k (ab (m (x ac (ad (t w (b (m (x t ad c (w k (ab (d o i e o y)))) (e d v n s) u b s))))) i e o y)))) (e d v n s) u b s))))) s w)) l))
n l l j (t (ac (u (m (x ac (ad (t w (b (m (x t ad c (w k (ab (m (x ac (ad (t w (b (m (x t ad c (w k (ab (m (r p ad ac (ad (z y t ab n g t))) i e o y)))) (e d v n s) u b s))))) i e o y)))) (e d v n s) u b s))))) s w)) l))
n l l j (t (ac (u (m (x ac (ad (t w (b (m (x t ad c (w k (ab (m (x ac (ad (t w (b (m (x t ad c (w k (ab (m (x ac (ad (z y t ab n g t))) i e o y)))) (e d v n s) u b s))))) i e o y)))) (e d v n s) u b s))))) s w)) l))
n l l j (t (ac (u (m (x ac (ad (t w (b (m (x t ad c (w k (ab (m (x ac (ad (t w (b (m (x t ad c (w k (ab (m (x ac (ad (t w (b (g f d n h y r aa b q))))) i e o y)))) (e d v n s) u b s))))) i e o y)))) (e d v n s) u b s))))) s w)) l))
n l l j (t (ac (u (m (x ac (ad (t w (b (m (x t ad c (w k (ab (m (x ac (ad (t w (b (m (x t ad c (w k (ab (m (x ac (ad (t w (b (o v y r aa b q))))) i e o y)))) (e d v n s) u b s))))) i e o y)))) (e d v n s) u b s))))) s w)) l))


