a ae = d (b k (r (s w ac) r e ae x))
b ae = z r ad (y x y o f)
c af ag ae = x a (z z t x (af a (x l (aa r) (d x) y o k f)))
d = y (q (b (g (e (l r ab s z i ab h o s y w)))))
e af ag ah ae ai = d (x q h v l b)
f ah ai af ag ae = s y ad (ad j w) ad (af (l y s c))
g = u s (j z a) (j (p w z t y j))
h = i (z v v (v (d ab w k aa ab e ab z)))
i af ae = w a p (j b v j y r)
j ae = x u t e
k ae = n (ae ae (f (b (g f a z ac q c r ab h))))
l af ae ag = i j (z j x h af c j v q)
m ae = k c v (ac q h p k s)
n af ae = m (h p (w (l (q i d l f o e m k))))
o af ae = af r
p ae ai ag ah af = l (ad (r l j (i g x (j ai w h r w b af d))))
q ag ah ae af = v k t z aa g k z (t t n d aa (t h ac m ac))
r ae af = d e t i c (v x)
s ah af ag ae = x (r (aa (d t u f u w b o ab r q q)))
t aj af ai ae ag ah = g n f ad (i q (e a (p (ag a v v w b f) ad a)))
u ae = w ab m ac (x (w c ab l x (o p aa o o)))
v ae ag af ah = p (ac s (m (l u (x (t l t)) b g b m j)))
w ae ag ah af = x k (b p c r c m p j u b v)
x ae = e v (b (q c (q h ad s g v) a ad r v ae))
y ae = ae u t s ac ab z p (d (u ab) o r)
z ae af ah ag ai = y (g (h k ah r u (w s f v y s) af u y j y))
aa ag ae af ah ai = e e (p w (d g l (m ad ad z x p w a w)))
ab ae af = ad k i z (w z o r e (i (v d x d a n b)))
ac ag ae aj ah af ai = s ag ad (t o y o (ag (f r g ah f af)))
ad ag af ae = r q a (x (v x t m))
main = n (y (A (B (i w x t (C (p p (D (E z (l h h (F ac (j (w n o (G (p (u (k (i (H (u (I J (q K (L (h (q (M ac) u m s) m j b o N) n ad ad s ac c O h) j aa j i) e) e ac p) ac P i aa Q R c x e m a ab o) b l e ad q l) m y i S l T) v h p h j r ac U k d y e)))))))))))))))
------------------------------------------------------------
n (y (A (B (i w x t (C (p p (D (E z (l h h (F ac (j (w n o (G (p (u (k (i (H (u (I J (q K (L (h (q (M ac) u m s) m j b o N) n ad ad s ac c O h) j aa j i) e) e ac p) ac P i aa Q R c x e m a ab o) b l e ad q l) m y i S l T) v h p h j r ac U k d y e)))))))))))))))
n (A (B (i w x t (C (p p (D (E z (l h h (F ac (j (w n o (G (p (u (k (i (H (u (I J (q K (L (h (q (M ac) u m s) m j b o N) n ad ad s ac c O h) j aa j i) e) e ac p) ac P i aa Q R c x e m a ab o) b l e ad q l) m y i S l T) v h p h j r ac U k d y e))))))))))))) u t s ac ab z p (d (u ab) o r))
n (A (B (w a p (j b v j y r) t (C (p p (D (E z (l h h (F ac (j (w n o (G (p (u (k (i (H (u (I J (q K (L (h (q (M ac) u m s) m j b o N) n ad ad s ac c O h) j aa j i) e) e ac p) ac P i aa Q R c x e m a ab o) b l e ad q l) m y i S l T) v h p h j r ac U k d y e))))))))))))) u t s ac ab z p (d (u ab) o r))
n (A (B (x k (b p c r c m p j u b v) (C (p p (D (E z (l h h (F ac (j (w n o (G (p (u (k (i (H (u (I J (q K (L (h (q (M ac) u m s) m j b o N) n ad ad s ac c O h) j aa j i) e) e ac p) ac P i aa Q R c x e m a ab o) b l e ad q l) m y i S l T) v h p h j r ac U k d y e))))))))))))) u t s ac ab z p (d (u ab) o r))
n (A (B (e v (b (q c (q h ad s g v) a ad r v k)) (b p c r c m p j u b v) (C (p p (D (E z (l h h (F ac (j (w n o (G (p (u (k (i (H (u (I J (q K (L (h (q (M ac) u m s) m j b o N) n ad ad s ac c O h) j aa j i) e) e ac p) ac P i aa Q R c x e m a ab o) b l e ad q l) m y i S l T) v h p h j r ac U k d y e))))))))))))) u t s ac ab z p (d (u ab) o r))
n (A (B (e v (z r ad (y x y o f)) (b p c r c m p j u b v) (C (p p (D (E z (l h h (F ac (j (w n o (G (p (u (k (i (H (u (I J (q K (L (h (q (M ac) u m s) m j b o N) n ad ad s ac c O h) j aa j i) e) e ac p) ac P i aa Q R c x e m a ab o) b l e ad q l) m y i S l T) v h p h j r ac U k d y e))))))))))))) u t s ac ab z p (d (u ab) o r))
n (A (B (e v (z r ad (x u t s ac ab z p (d (u ab) o r) y o f)) (b p c r c m p j u b v) (C (p p (D (E z (l h h (F ac (j (w n o (G (p (u (k (i (H (u (I J (q K (L (h (q (M ac) u m s) m j b o N) n ad ad s ac c O h) j aa j i) e) e ac p) ac P i aa Q R c x e m a ab o) b l e ad q l) m y i S l T) v h p h j r ac U k d y e))))))))))))) u t s ac ab z p (d (u ab) o r))
n (A (B (e v (z r ad (e v (b (q c (q h ad s g v) a ad r v u)) t s ac ab z p (d (u ab) o r) y o f)) (b p c r c m p j u b v) (C (p p (D (E z (l h h (F ac (j (w n o (G (p (u (k (i (H (u (I J (q K (L (h (q (M ac) u m s) m j b o N) n ad ad s ac c O h) j aa j i) e) e ac p) ac P i aa Q R c x e m a ab o) b l e ad q l) m y i S l T) v h p h j r ac U k d y e))))))))))))) u t s ac ab z p (d (u ab) o r))
n (A (B (e v (z r ad (d (x q h v l b) ab z p (d (u ab) o r) y o f)) (b p c r c m p j u b v) (C (p p (D (E z (l h h (F ac (j (w n o (G (p (u (k (i (H (u (I J (q K (L (h (q (M ac) u m s) m j b o N) n ad ad s ac c O h) j aa j i) e) e ac p) ac P i aa Q R c x e m a ab o) b l e ad q l) m y i S l T) v h p h j r ac U k d y e))))))))))))) u t s ac ab z p (d (u ab) o r))
n (A (B (e v (z r ad (y (q (b (g (e (l r ab s z i ab h o s y w))))) (x q h v l b) ab z p (d (u ab) o r) y o f)) (b p c r c m p j u b v) (C (p p (D (E z (l h h (F ac (j (w n o (G (p (u (k (i (H (u (I J (q K (L (h (q (M ac) u m s) m j b o N) n ad ad s ac c O h) j aa j i) e) e ac p) ac P i aa Q R c x e m a ab o) b l e ad q l) m y i S l T) v h p h j r ac U k d y e))))))))))))) u t s ac ab z p (d (u ab) o r))
n (A (B (e v (z r ad (q (b (g (e (l r ab s z i ab h o s y w)))) u t s ac ab z p (d (u ab) o r) (x q h v l b) ab z p (d (u ab) o r) y o f)) (b p c r c m p j u b v) (C (p p (D (E z (l h h (F ac (j (w n o (G (p (u (k (i (H (u (I J (q K (L (h (q (M ac) u m s) m j b o N) n ad ad s ac c O h) j aa j i) e) e ac p) ac P i aa Q R c x e m a ab o) b l e ad q l) m y i S l T) v h p h j r ac U k d y e))))))))))))) u t s ac ab z p (d (u ab) o r))
n (A (B (e v (z r ad (v k t z aa g k z (t t n d aa (t h ac m ac)) ac ab z p (d (u ab) o r) (x q h v l b) ab z p (d (u ab) o r) y o f)) (b p c r c m p j u b v) (C (p p (D (E z (l h h (F ac (j (w n o (G (p (u (k (i (H (u (I J (q K (L (h (q (M ac) u m s) m j b o N) n ad ad s ac c O h) j aa j i) e) e ac p) ac P i aa Q R c x e m a ab o) b l e ad q l) m y i S l T) v h p h j r ac U k d y e))))))))))))) u t s ac ab z p (d (u ab) o r))
n (A (B (e v (z r ad (p (ac s (m (l u (x (t l t)) b g b m j))) g k z (t t n d aa (t h ac m ac)) ac ab z p (d (u ab) o r) (x q h v l b) ab z p (d (u ab) o r) y o f)) (b p c r c m p j u b v) (C (p p (D (E z (l h h (F ac (j (w n o (G (p (u (k (i (H (u (I J (q K (L (h (q (M ac) u m s) m j b o N) n ad ad s ac c O h) j aa j i) e) e ac p) ac P i aa Q R c x e m a ab o) b l e ad q l) m y i S l T) v h p h j r ac U k d y e))))))))))))) u t s ac ab z p (d (u ab) o r))
n (A (B (e v (z r ad (l (ad (r l j (i g x (j g w h r w b (t t n d aa (t h ac m ac)) d)))) ac ab z p (d (u ab) o r) (x q h v l b) ab z p (d (u ab) o r) y o f)) (b p c r c m p j u b v) (C (p p (D (E z (l h h (F ac (j (w n o (G (p (u (k (i (H (u (I J (q K (L (h (q (M ac) u m s) m j b o N) n ad ad s ac c O h) j aa j i) e) e ac p) ac P i aa Q R c x e m a ab o) b l e ad q l) m y i S l T) v h p h j r ac U k d y e))))))))))))) u t s ac ab z p (d (u ab) o r))
n (A (B (e v (z r ad (i j (z j x h (ad (r l j (i g x (j g w h r w b (t t n d aa (t h ac m ac)) d)))) c j v q) z p (d (u ab) o r) (x q h v l b) ab z p (d (u ab) o r) y o f)) (b p c r c m p j u b v) (C (p p (D (E z (l h h (F ac (j (w n o (G (p (u (k (i (H (u (I J (q K (L (h (q (M ac) u m s) m j b o N) n ad ad s ac c O h) j aa j i) e) e ac p) ac P i aa Q R c x e m a ab o) b l e ad q l) m y i S l T) v h p h j r ac U k d y e))))))))))))) u t s ac ab z p (d (u ab) o r))
n (A (B (e v (z r ad (w a p (j b v j y r) z p (d (u ab) o r) (x q h v l b) ab z p (d (u ab) o r) y o f)) (b p c r c m p j u b v) (C (p p (D (E z (l h h (F ac (j (w n o (G (p (u (k (i (H (u (I J (q K (L (h (q (M ac) u m s) m j b o N) n ad ad s ac c O h) j aa j i) e) e ac p) ac P i aa Q R c x e m a ab o) b l e ad q l) m y i S l T) v h p h j r ac U k d y e))))))))))))) u t s ac ab z p (d (u ab) o r))
n (A (B (e v (z r ad (x k (b p c r c m p j u b v) p (d (u ab) o r) (x q h v l b) ab z p (d (u ab) o r) y o f)) (b p c r c m p j u b v) (C (p p (D (E z (l h h (F ac (j (w n o (G (p (u (k (i (H (u (I J (q K (L (h (q (M ac) u m s) m j b o N) n ad ad s ac c O h) j aa j i) e) e ac p) ac P i aa Q R c x e m a ab o) b l e ad q l) m y i S l T) v h p h j r ac U k d y e))))))))))))) u t s ac ab z p (d (u ab) o r))
n (A (B (e v (z r ad (e v (b (q c (q h ad s g v) a ad r v k)) (b p c r c m p j u b v) p (d (u ab) o r) (x q h v l b) ab z p (d (u ab) o r) y o f)) (b p c r c m p j u b v) (C (p p (D (E z (l h h (F ac (j (w n o (G (p (u (k (i (H (u (I J (q K (L (h (q (M ac) u m s) m j b o N) n ad ad s ac c O h) j aa j i) e) e ac p) ac P i aa Q R c x e m a ab o) b l e ad q l) m y i S l T) v h p h j r ac U k d y e))))))))))))) u t s ac ab z p (d (u ab) o r))
n (A (B (e v (z r ad (d (x q h v l b) (x q h v l b) ab z p (d (u ab) o r) y o f)) (b p c r c m p j u b v) (C (p p (D (E z (l h h (F ac (j (w n o (G (p (u (k (i (H (u (I J (q K (L (h (q (M ac) u m s) m j b o N) n ad ad s ac c O h) j aa j i) e) e ac p) ac P i aa Q R c x e m a ab o) b l e ad q l) m y i S l T) v h p h j r ac U k d y e))))))))))))) u t s ac ab z p (d (u ab) o r))
n (A (B (e v (z r ad (y (q (b (g (e (l r ab s z i ab h o s y w))))) (x q h v l b) (x q h v l b) ab z p (d (u ab) o r) y o f)) (b p c r c m p j u b v) (C (p p (D (E z (l h h (F ac (j (w n o (G (p (u (k (i (H (u (I J (q K (L (h (q (M ac) u m s) m j b o N) n ad ad s ac c O h) j aa j i) e) e ac p) ac P i aa Q R c x e m a ab o) b l e ad q l) m y i S l T) v h p h j r ac U k d y e))))))))))))) u t s ac ab z p (d (u ab) o r))
n (A (B (e v (z r ad (q (b (g (e (l r ab s z i ab h o s y w)))) u t s ac ab z p (d (u ab) o r) (x q h v l b) (x q h v l b) ab z p (d (u ab) o r) y o f)) (b p c r c m p j u b v) (C (p p (D (E z (l h h (F ac (j (w n o (G (p (u (k (i (H (u (I J (q K (L (h (q (M ac) u m s) m j b o N) n ad ad s ac c O h) j aa j i) e) e ac p) ac P i aa Q R c x e m a ab o) b l e ad q l) m y i S l T) v h p h j r ac U k d y e))))))))))))) u t s ac ab z p (d (u ab) o r))
n (A (B (e v (z r ad (v k t z aa g k z (t t n d aa (t h ac m ac)) ac ab z p (d (u ab) o r) (x q h v l b) (x q h v l b) ab z p (d (u ab) o r) y o f)) (b p c r c m p j u b v) (C (p p (D (E z (l h h (F ac (j (w n o (G (p (u (k (i (H (u (I J (q K (L (h (q (M ac) u m s) m j b o N) n ad ad s ac c O h) j aa j i) e) e ac p) ac P i aa Q R c x e m a ab o) b l e ad q l) m y i S l T) v h p h j r ac U k d y e))))))))))))) u t s ac ab z p (d (u ab) o r))
n (A (B (e v (z r ad (p (ac s (m (l u (x (t l t)) b g b m j))) g k z (t t n d aa (t h ac m ac)) ac ab z p (d (u ab) o r) (x q h v l b) (x q h v l b) ab z p (d (u ab) o r) y o f)) (b p c r c m p j u b v) (C (p p (D (E z (l h h (F ac (j (w n o (G (p (u (k (i (H (u (I J (q K (L (h (q (M ac) u m s) m j b o N) n ad ad s ac c O h) j aa j i) e) e ac p) ac P i aa Q R c x e m a ab o) b l e ad q l) m y i S l T) v h p h j r ac U k d y e))))))))))))) u t s ac ab z p (d (u ab) o r))
n (A (B (e v (z r ad (l (ad (r l j (i g x (j g w h r w b (t t n d aa (t h ac m ac)) d)))) ac ab z p (d (u ab) o r) (x q h v l b) (x q h v l b) ab z p (d (u ab) o r) y o f)) (b p c r c m p j u b v) (C (p p (D (E z (l h h (F ac (j (w n o (G (p (u (k (i (H (u (I J (q K (L (h (q (M ac) u m s) m j b o N) n ad ad s ac c O h) j aa j i) e) e ac p) ac P i aa Q R c x e m a ab o) b l e ad q l) m y i S l T) v h p h j r ac U k d y e))))))))))))) u t s ac ab z p (d (u ab) o r))
n (A (B (e v (z r ad (i j (z j x h (ad (r l j (i g x (j g w h r w b (t t n d aa (t h ac m ac)) d)))) c j v q) z p (d (u ab) o r) (x q h v l b) (x q h v l b) ab z p (d (u ab) o r) y o f)) (b p c r c m p j u b v) (C (p p (D (E z (l h h (F ac (j (w n o (G (p (u (k (i (H (u (I J (q K (L (h (q (M ac) u m s) m j b o N) n ad ad s ac c O h) j aa j i) e) e ac p) ac P i aa Q R c x e m a ab o) b l e ad q l) m y i S l T) v h p h j r ac U k d y e))))))))))))) u t s ac ab z p (d (u ab) o r))
n (A (B (e v (z r ad (w a p (j b v j y r) z p (d (u ab) o r) (x q h v l b) (x q h v l b) ab z p (d (u ab) o r) y o f)) (b p c r c m p j u b v) (C (p p (D (E z (l h h (F ac (j (w n o (G (p (u (k (i (H (u (I J (q K (L (h (q (M ac) u m s) m j b o N) n ad ad s ac c O h) j aa j i) e) e ac p) ac P i aa Q R c x e m a ab o) b l e ad q l) m y i S l T) v h p h j r ac U k d y e))))))))))))) u t s ac ab z p (d (u ab) o r))
n (A (B (e v (z r ad (x k (b p c r c m p j u b v) p (d (u ab) o r) (x q h v l b) (x q h v l b) ab z p (d (u ab) o r) y o f)) (b p c r c m p j u b v) (C (p p (D (E z (l h h (F ac (j (w n o (G (p (u (k (i (H (u (I J (q K (L (h (q (M ac) u m s) m j b o N) n ad ad s ac c O h) j aa j i) e) e ac p) ac P i aa Q R c x e m a ab o) b l e ad q l) m y i S l T) v h p h j r ac U k d y e))))))))))))) u t s ac ab z p (d (u ab) o r))
n (A (B (e v (z r ad (e v (b (q c (q h ad s g v) a ad r v k)) (b p c r c m p j u b v) p (d (u ab) o r) (x q h v l b) (x q h v l b) ab z p (d (u ab) o r) y o f)) (b p c r c m p j u b v) (C (p p (D (E z (l h h (F ac (j (w n o (G (p (u (k (i (H (u (I J (q K (L (h (q (M ac) u m s) m j b o N) n ad ad s ac c O h) j aa j i) e) e ac p) ac P i aa Q R c x e m a ab o) b l e ad q l) m y i S l T) v h p h j r ac U k d y e))))))))))))) u t s ac ab z p (d (u ab) o r))
n (A (B (e v (z r ad (d (x q h v l b) (x q h v l b) (x q h v l b) ab z p (d (u ab) o r) y o f)) (b p c r c m p j u b v) (C (p p (D (E z (l h h (F ac (j (w n o (G (p (u (k (i (H (u (I J (q K (L (h (q (M ac) u m s) m j b o N) n ad ad s ac c O h) j aa j i) e) e ac p) ac P i aa Q R c x e m a ab o) b l e ad q l) m y i S l T) v h p h j r ac U k d y e))))))))))))) u t s ac ab z p (d (u ab) o r))
n (A (B (e v (z r ad (y (q (b (g (e (l r ab s z i ab h o s y w))))) (x q h v l b) (x q h v l b) (x q h v l b) ab z p (d (u ab) o r) y o f)) (b p c r c m p j u b v) (C (p p (D (E z (l h h (F ac (j (w n o (G (p (u (k (i (H (u (I J (q K (L (h (q (M ac) u m s) m j b o N) n ad ad s ac c O h) j aa j i) e) e ac p) ac P i aa Q R c x e m a ab o) b l e ad q l) m y i S l T) v h p h j r ac U k d y e))))))))))))) u t s ac ab z p (d (u ab) o r))


