a af ae ag = u (af (ac (z (ab t n p z y ab ae x t n f))))
b af ae ag ah = g (d r (j r f (l o z o l k a o)))
c = z t ab
d ah af ag ae ai = i p m (w l x)
e ae = d m k (m (ad (ae y t j) ab v t ab g ad n t))
f ae = ac ab x s r ae (b m (q z ad o m) aa v)
g ae = x (l f d)
h ae = aa n ab (p aa (a a x t))
i = d ac (d a (h (l (z h h aa l) v n s)))
j ag af aj ae ah ai = v z w m
k af ah ae ag = ab (w s s x)
l af ae ah ai ag = r (q d (r aa x j ad h))
m ae = aa (o p ac)
n ae = a (k ae ad (m f ab f aa k))
o ah ae af ag = u r (x (ad d (r j aa z c w) k y))
p af ae = j (w ac h)
q ae af ag = y (i (y ab k (ae l z n k c d n z m aa)))
r ai ah af ag ae = y ab ab q (aa y ac s ab o)
s ae af = c (w (o (g (ac j c a u k z) k z) f))
t ae af = aa (a (o p (ac r (o s k n l ab j ab l n))))
u af ae ah ag = g s n ad (k (d c j j b w x ah g ac))
v aj ah ae af ag ai = p l e (r (s n p))
w af ag ae = aa (z y aa ab) c y l e g
x = w h w g t ac
y ah ai aj ae af ag = a (m q s x ac i (x (j x m t u af ac k) h))
z ag ah ae af = t h
aa af ae = n (c c (e f (a n m o h r x e)))
ab ae af = h (j l (x (aa (q n d ad v p b h h aa j af))))
ac ai ag ah aj ae af = l (f (l e z s ae w z))
ad ae ag af ah aj ai = f aj (v o ac e (w (e p) (b p p s ac)))
main = r (l ac (ac x (z i (ac (A n t (z (f i (B (h g) (w d g (m v k (C k q (d (n z (i d (D (z g u (ac (E h s r (F s (q ab f (G (H (s t n (I z r) x a f q x o a m i) f h n) c J g) o k K c n r y i f) y d q u) a b) z ad v w v c d L aa r e y aa g p c d)))))))))))))))))
------------------------------------------------------------
r (l ac (ac x (z i (ac (A n t (z (f i (B (h g) (w d g (m v k (C k q (d (n z (i d (D (z g u (ac (E h s r (F s (q ab f (G (H (s t n (I z r) x a f q x o a m i) f h n) c J g) o k K c n r y i f) y d q u) a b) z ad v w v c d L aa r e y aa g p c d)))))))))))))))))
r (l ac (ac (w h w g t ac) (z i (ac (A n t (z (f i (B (h g) (w d g (m v k (C k q (d (n z (i d (D (z g u (ac (E h s r (F s (q ab f (G (H (s t n (I z r) x a f q x o a m i) f h n) c J g) o k K c n r y i f) y d q u) a b) z ad v w v c d L aa r e y aa g p c d)))))))))))))))))
r (l ac (ac (aa (z y aa ab) c y l e g t ac) (z i (ac (A n t (z (f i (B (h g) (w d g (m v k (C k q (d (n z (i d (D (z g u (ac (E h s r (F s (q ab f (G (H (s t n (I z r) x a f q x o a m i) f h n) c J g) o k K c n r y i f) y d q u) a b) z ad v w v c d L aa r e y aa g p c d)))))))))))))))))
r (l ac (ac (n (c c (e f (a n m o h r x e))) y l e g t ac) (z i (ac (A n t (z (f i (B (h g) (w d g (m v k (C k q (d (n z (i d (D (z g u (ac (E h s r (F s (q ab f (G (H (s t n (I z r) x a f q x o a m i) f h n) c J g) o k K c n r y i f) y d q u) a b) z ad v w v c d L aa r e y aa g p c d)))))))))))))))))
r (l ac (ac (a (k (c c (e f (a n m o h r x e))) ad (m f ab f aa k)) y l e g t ac) (z i (ac (A n t (z (f i (B (h g) (w d g (m v k (C k q (d (n z (i d (D (z g u (ac (E h s r (F s (q ab f (G (H (s t n (I z r) x a f q x o a m i) f h n) c J g) o k K c n r y i f) y d q u) a b) z ad v w v c d L aa r e y aa g p c d)))))))))))))))))
r (l ac (ac (u (k (c c (e f (a n m o h r x e))) ad (m f ab f aa k) (ac (z (ab t n p z y ab y x t n f)))) e g t ac) (z i (ac (A n t (z (f i (B (h g) (w d g (m v k (C k q (d (n z (i d (D (z g u (ac (E h s r (F s (q ab f (G (H (s t n (I z r) x a f q x o a m i) f h n) c J g) o k K c n r y i f) y d q u) a b) z ad v w v c d L aa r e y aa g p c d)))))))))))))))))
r (l ac (ac (g s n ad (k (d c j j b w x g g ac)) ac) (z i (ac (A n t (z (f i (B (h g) (w d g (m v k (C k q (d (n z (i d (D (z g u (ac (E h s r (F s (q ab f (G (H (s t n (I z r) x a f q x o a m i) f h n) c J g) o k K c n r y i f) y d q u) a b) z ad v w v c d L aa r e y aa g p c d)))))))))))))))))
r (l ac (ac (x (l f d) n ad (k (d c j j b w x g g ac)) ac) (z i (ac (A n t (z (f i (B (h g) (w d g (m v k (C k q (d (n z (i d (D (z g u (ac (E h s r (F s (q ab f (G (H (s t n (I z r) x a f q x o a m i) f h n) c J g) o k K c n r y i f) y d q u) a b) z ad v w v c d L aa r e y aa g p c d)))))))))))))))))
r (l ac (ac (w h w g t ac (l f d) n ad (k (d c j j b w x g g ac)) ac) (z i (ac (A n t (z (f i (B (h g) (w d g (m v k (C k q (d (n z (i d (D (z g u (ac (E h s r (F s (q ab f (G (H (s t n (I z r) x a f q x o a m i) f h n) c J g) o k K c n r y i f) y d q u) a b) z ad v w v c d L aa r e y aa g p c d)))))))))))))))))
r (l ac (ac (aa (z y aa ab) c y l e g t ac (l f d) n ad (k (d c j j b w x g g ac)) ac) (z i (ac (A n t (z (f i (B (h g) (w d g (m v k (C k q (d (n z (i d (D (z g u (ac (E h s r (F s (q ab f (G (H (s t n (I z r) x a f q x o a m i) f h n) c J g) o k K c n r y i f) y d q u) a b) z ad v w v c d L aa r e y aa g p c d)))))))))))))))))
r (l ac (ac (n (c c (e f (a n m o h r x e))) y l e g t ac (l f d) n ad (k (d c j j b w x g g ac)) ac) (z i (ac (A n t (z (f i (B (h g) (w d g (m v k (C k q (d (n z (i d (D (z g u (ac (E h s r (F s (q ab f (G (H (s t n (I z r) x a f q x o a m i) f h n) c J g) o k K c n r y i f) y d q u) a b) z ad v w v c d L aa r e y aa g p c d)))))))))))))))))
r (l ac (ac (a (k (c c (e f (a n m o h r x e))) ad (m f ab f aa k)) y l e g t ac (l f d) n ad (k (d c j j b w x g g ac)) ac) (z i (ac (A n t (z (f i (B (h g) (w d g (m v k (C k q (d (n z (i d (D (z g u (ac (E h s r (F s (q ab f (G (H (s t n (I z r) x a f q x o a m i) f h n) c J g) o k K c n r y i f) y d q u) a b) z ad v w v c d L aa r e y aa g p c d)))))))))))))))))
r (l ac (ac (u (k (c c (e f (a n m o h r x e))) ad (m f ab f aa k) (ac (z (ab t n p z y ab y x t n f)))) e g t ac (l f d) n ad (k (d c j j b w x g g ac)) ac) (z i (ac (A n t (z (f i (B (h g) (w d g (m v k (C k q (d (n z (i d (D (z g u (ac (E h s r (F s (q ab f (G (H (s t n (I z r) x a f q x o a m i) f h n) c J g) o k K c n r y i f) y d q u) a b) z ad v w v c d L aa r e y aa g p c d)))))))))))))))))
r (l ac (ac (g s n ad (k (d c j j b w x g g ac)) ac (l f d) n ad (k (d c j j b w x g g ac)) ac) (z i (ac (A n t (z (f i (B (h g) (w d g (m v k (C k q (d (n z (i d (D (z g u (ac (E h s r (F s (q ab f (G (H (s t n (I z r) x a f q x o a m i) f h n) c J g) o k K c n r y i f) y d q u) a b) z ad v w v c d L aa r e y aa g p c d)))))))))))))))))
r (l ac (ac (x (l f d) n ad (k (d c j j b w x g g ac)) ac (l f d) n ad (k (d c j j b w x g g ac)) ac) (z i (ac (A n t (z (f i (B (h g) (w d g (m v k (C k q (d (n z (i d (D (z g u (ac (E h s r (F s (q ab f (G (H (s t n (I z r) x a f q x o a m i) f h n) c J g) o k K c n r y i f) y d q u) a b) z ad v w v c d L aa r e y aa g p c d)))))))))))))))))
r (l ac (ac (w h w g t ac (l f d) n ad (k (d c j j b w x g g ac)) ac (l f d) n ad (k (d c j j b w x g g ac)) ac) (z i (ac (A n t (z (f i (B (h g) (w d g (m v k (C k q (d (n z (i d (D (z g u (ac (E h s r (F s (q ab f (G (H (s t n (I z r) x a f q x o a m i) f h n) c J g) o k K c n r y i f) y d q u) a b) z ad v w v c d L aa r e y aa g p c d)))))))))))))))))
r (l ac (ac (aa (z y aa ab) c y l e g t ac (l f d) n ad (k (d c j j b w x g g ac)) ac (l f d) n ad (k (d c j j b w x g g ac)) ac) (z i (ac (A n t (z (f i (B (h g) (w d g (m v k (C k q (d (n z (i d (D (z g u (ac (E h s r (F s (q ab f (G (H (s t n (I z r) x a f q x o a m i) f h n) c J g) o k K c n r y i f) y d q u) a b) z ad v w v c d L aa r e y aa g p c d)))))))))))))))))
r (l ac (ac (n (c c (e f (a n m o h r x e))) y l e g t ac (l f d) n ad (k (d c j j b w x g g ac)) ac (l f d) n ad (k (d c j j b w x g g ac)) ac) (z i (ac (A n t (z (f i (B (h g) (w d g (m v k (C k q (d (n z (i d (D (z g u (ac (E h s r (F s (q ab f (G (H (s t n (I z r) x a f q x o a m i) f h n) c J g) o k K c n r y i f) y d q u) a b) z ad v w v c d L aa r e y aa g p c d)))))))))))))))))
r (l ac (ac (a (k (c c (e f (a n m o h r x e))) ad (m f ab f aa k)) y l e g t ac (l f d) n ad (k (d c j j b w x g g ac)) ac (l f d) n ad (k (d c j j b w x g g ac)) ac) (z i (ac (A n t (z (f i (B (h g) (w d g (m v k (C k q (d (n z (i d (D (z g u (ac (E h s r (F s (q ab f (G (H (s t n (I z r) x a f q x o a m i) f h n) c J g) o k K c n r y i f) y d q u) a b) z ad v w v c d L aa r e y aa g p c d)))))))))))))))))
r (l ac (ac (u (k (c c (e f (a n m o h r x e))) ad (m f ab f aa k) (ac (z (ab t n p z y ab y x t n f)))) e g t ac (l f d) n ad (k (d c j j b w x g g ac)) ac (l f d) n ad (k (d c j j b w x g g ac)) ac) (z i (ac (A n t (z (f i (B (h g) (w d g (m v k (C k q (d (n z (i d (D (z g u (ac (E h s r (F s (q ab f (G (H (s t n (I z r) x a f q x o a m i) f h n) c J g) o k K c n r y i f) y d q u) a b) z ad v w v c d L aa r e y aa g p c d)))))))))))))))))
r (l ac (ac (g s n ad (k (d c j j b w x g g ac)) ac (l f d) n ad (k (d c j j b w x g g ac)) ac (l f d) n ad (k (d c j j b w x g g ac)) ac) (z i (ac (A n t (z (f i (B (h g) (w d g (m v k (C k q (d (n z (i d (D (z g u (ac (E h s r (F s (q ab f (G (H (s t n (I z r) x a f q x o a m i) f h n) c J g) o k K c n r y i f) y d q u) a b) z ad v w v c d L aa r e y aa g p c d)))))))))))))))))
r (l ac (ac (x (l f d) n ad (k (d c j j b w x g g ac)) ac (l f d) n ad (k (d c j j b w x g g ac)) ac (l f d) n ad (k (d c j j b w x g g ac)) ac) (z i (ac (A n t (z (f i (B (h g) (w d g (m v k (C k q (d (n z (i d (D (z g u (ac (E h s r (F s (q ab f (G (H (s t n (I z r) x a f q x o a m i) f h n) c J g) o k K c n r y i f) y d q u) a b) z ad v w v c d L aa r e y aa g p c d)))))))))))))))))
r (l ac (ac (w h w g t ac (l f d) n ad (k (d c j j b w x g g ac)) ac (l f d) n ad (k (d c j j b w x g g ac)) ac (l f d) n ad (k (d c j j b w x g g ac)) ac) (z i (ac (A n t (z (f i (B (h g) (w d g (m v k (C k q (d (n z (i d (D (z g u (ac (E h s r (F s (q ab f (G (H (s t n (I z r) x a f q x o a m i) f h n) c J g) o k K c n r y i f) y d q u) a b) z ad v w v c d L aa r e y aa g p c d)))))))))))))))))
r (l ac (ac (aa (z y aa ab) c y l e g t ac (l f d) n ad (k (d c j j b w x g g ac)) ac (l f d) n ad (k (d c j j b w x g g ac)) ac (l f d) n ad (k (d c j j b w x g g ac)) ac) (z i (ac (A n t (z (f i (B (h g) (w d g (m v k (C k q (d (n z (i d (D (z g u (ac (E h s r (F s (q ab f (G (H (s t n (I z r) x a f q x o a m i) f h n) c J g) o k K c n r y i f) y d q u) a b) z ad v w v c d L aa r e y aa g p c d)))))))))))))))))
r (l ac (ac (n (c c (e f (a n m o h r x e))) y l e g t ac (l f d) n ad (k (d c j j b w x g g ac)) ac (l f d) n ad (k (d c j j b w x g g ac)) ac (l f d) n ad (k (d c j j b w x g g ac)) ac) (z i (ac (A n t (z (f i (B (h g) (w d g (m v k (C k q (d (n z (i d (D (z g u (ac (E h s r (F s (q ab f (G (H (s t n (I z r) x a f q x o a m i) f h n) c J g) o k K c n r y i f) y d q u) a b) z ad v w v c d L aa r e y aa g p c d)))))))))))))))))
r (l ac (ac (a (k (c c (e f (a n m o h r x e))) ad (m f ab f aa k)) y l e g t ac (l f d) n ad (k (d c j j b w x g g ac)) ac (l f d) n ad (k (d c j j b w x g g ac)) ac (l f d) n ad (k (d c j j b w x g g ac)) ac) (z i (ac (A n t (z (f i (B (h g) (w d g (m v k (C k q (d (n z (i d (D (z g u (ac (E h s r (F s (q ab f (G (H (s t n (I z r) x a f q x o a m i) f h n) c J g) o k K c n r y i f) y d q u) a b) z ad v w v c d L aa r e y aa g p c d)))))))))))))))))
r (l ac (ac (u (k (c c (e f (a n m o h r x e))) ad (m f ab f aa k) (ac (z (ab t n p z y ab y x t n f)))) e g t ac (l f d) n ad (k (d c j j b w x g g ac)) ac (l f d) n ad (k (d c j j b w x g g ac)) ac (l f d) n ad (k (d c j j b w x g g ac)) ac) (z i (ac (A n t (z (f i (B (h g) (w d g (m v k (C k q (d (n z (i d (D (z g u (ac (E h s r (F s (q ab f (G (H (s t n (I z r) x a f q x o a m i) f h n) c J g) o k K c n r y i f) y d q u) a b) z ad v w v c d L aa r e y aa g p c d)))))))))))))))))
r (l ac (ac (g s n ad (k (d c j j b w x g g ac)) ac (l f d) n ad (k (d c j j b w x g g ac)) ac (l f d) n ad (k (d c j j b w x g g ac)) ac (l f d) n ad (k (d c j j b w x g g ac)) ac) (z i (ac (A n t (z (f i (B (h g) (w d g (m v k (C k q (d (n z (i d (D (z g u (ac (E h s r (F s (q ab f (G (H (s t n (I z r) x a f q x o a m i) f h n) c J g) o k K c n r y i f) y d q u) a b) z ad v w v c d L aa r e y aa g p c d)))))))))))))))))
r (l ac (ac (x (l f d) n ad (k (d c j j b w x g g ac)) ac (l f d) n ad (k (d c j j b w x g g ac)) ac (l f d) n ad (k (d c j j b w x g g ac)) ac (l f d) n ad (k (d c j j b w x g g ac)) ac) (z i (ac (A n t (z (f i (B (h g) (w d g (m v k (C k q (d (n z (i d (D (z g u (ac (E h s r (F s (q ab f (G (H (s t n (I z r) x a f q x o a m i) f h n) c J g) o k K c n r y i f) y d q u) a b) z ad v w v c d L aa r e y aa g p c d)))))))))))))))))
r (l ac (ac (w h w g t ac (l f d) n ad (k (d c j j b w x g g ac)) ac (l f d) n ad (k (d c j j b w x g g ac)) ac (l f d) n ad (k (d c j j b w x g g ac)) ac (l f d) n ad (k (d c j j b w x g g ac)) ac) (z i (ac (A n t (z (f i (B (h g) (w d g (m v k (C k q (d (n z (i d (D (z g u (ac (E h s r (F s (q ab f (G (H (s t n (I z r) x a f q x o a m i) f h n) c J g) o k K c n r y i f) y d q u) a b) z ad v w v c d L aa r e y aa g p c d)))))))))))))))))


