a ag af ae ab (t (aa (u (l (aa h c ab s d l t b q u ac)))))
b ag af ai ae ah f (t e q (p n (d (i (e c z z w z z x)))))
c ai af ae ag ah aj t r (af (b (aa ab (g (b p i aj ac l d s ab d)))))
d i t q k ab (e k (x e p w o))
e y z (i u d (n (j v r m ac s aa f y t)))
f af ag aj ae ai ah l ab (y z aj j w)
g ag ah af ai aj ae p s m ad (e a q o r b)
h ae o u (f (b f (d ae ae (z ab o a j s))))
i af ae o (aa u c (p l b e aa) q)
j ag af ae ah t c (h c (g s y af g af ab s))
k aj ah ag ai af ae y r c b (r (t c (m v v) r h f))
l af ae g o q (q h h)
m ag af ae j (ac t l (y y ac ad o u u ad p s f j))
n aj ah af ai ae ag u o p (q (c (ah x a m y d s m s)))
o af ai ae ah ag ad g y d k v l
p af ah ae ai ag c (h (w a ad c y (t s y v i ah y s)))
q x b
r ae aj ah ag af ai k s b (e ac (l s (s e a t s p s c)))
s ae af k ae aa (y o ad (x f q b j m r h p))
t ae af ag r (m (l (s f i u m q q z)))
u ae af ah ag aj ai v (c ad (l (d a j i) h ac ac))
v aj ai ae ah ag af w z (u (g h u t l)) m ac w f
w ae a (j h f t)
x ae ag af s (b k (ab c (b ad o w s u ad i m g)))
y af ah ai aj ag ae e x aj (j d j l o c r)
z ae o ae f l (r ae d (ae p ae) t aa) u h t p
aa af ae ag k k (b h (w (z u x d u l y y i)))
ab ae z (ad b e g (d aa i) a l b x n)
ac ae af ad (c (c q o aa aa v o))
ad af ae ag ah h (u (q ab (aa y (a z z h l w g z) v t af s)))
main A y (k (k (h (u (p s ac) (y (s y a k (w (ac (B (C D (w m a t (E (s (t ab (F y l u (ac (aa (G H (f x b aa o (I f w (b x (z (g k i ac aa i J q ab K L M b ac ac s c d s o ac j b g u w N O b t i ac o d j p c w P w g w v q u t v n s ac b Q aa aa)))))))))))))))))))))))
------------------------------------------------------------
A y (k (k (h (u (p s ac) (y (s y a k (w (ac (B (C D (w m a t (E (s (t ab (F y l u (ac (aa (G H (f x b aa o (I f w (b x (z (g k i ac aa i J q ab K L M b ac ac s c d s o ac j b g u w N O b t i ac o d j p c w P w g w v q u t v n s ac b Q aa aa)))))))))))))))))))))))
A y (k (k (o u (f (b f (d (u (p s ac) (y (s y a k (w (ac (B (C D (w m a t (E (s (t ab (F y l u (ac (aa (G H (f x b aa o (I f w (b x (z (g k i ac aa i J q ab K L M b ac ac s c d s o ac j b g u w N O b t i ac o d j p c w P w g w v q u t v n s ac b Q aa aa)))))))))))))))))))) (u (p s ac) (y (s y a k (w (ac (B (C D (w m a t (E (s (t ab (F y l u (ac (aa (G H (f x b aa o (I f w (b x (z (g k i ac aa i J q ab K L M b ac ac s c d s o ac j b g u w N O b t i ac o d j p c w P w g w v q u t v n s ac b Q aa aa)))))))))))))))))))) (z ab o a j s)))))))
A y (k (k (o u (f (b f (i t q k ab (e k (x e p w o)) (u (p s ac) (y (s y a k (w (ac (B (C D (w m a t (E (s (t ab (F y l u (ac (aa (G H (f x b aa o (I f w (b x (z (g k i ac aa i J q ab K L M b ac ac s c d s o ac j b g u w N O b t i ac o d j p c w P w g w v q u t v n s ac b Q aa aa)))))))))))))))))))) (u (p s ac) (y (s y a k (w (ac (B (C D (w m a t (E (s (t ab (F y l u (ac (aa (G H (f x b aa o (I f w (b x (z (g k i ac aa i J q ab K L M b ac ac s c d s o ac j b g u w N O b t i ac o d j p c w P w g w v q u t v n s ac b Q aa aa)))))))))))))))))))) (z ab o a j s)))))))
A y (k (k (o u (f (b f (o (aa u c (p l b e aa) q) k ab (e k (x e p w o)) (u (p s ac) (y (s y a k (w (ac (B (C D (w m a t (E (s (t ab (F y l u (ac (aa (G H (f x b aa o (I f w (b x (z (g k i ac aa i J q ab K L M b ac ac s c d s o ac j b g u w N O b t i ac o d j p c w P w g w v q u t v n s ac b Q aa aa)))))))))))))))))))) (u (p s ac) (y (s y a k (w (ac (B (C D (w m a t (E (s (t ab (F y l u (ac (aa (G H (f x b aa o (I f w (b x (z (g k i ac aa i J q ab K L M b ac ac s c d s o ac j b g u w N O b t i ac o d j p c w P w g w v q u t v n s ac b Q aa aa)))))))))))))))))))) (z ab o a j s)))))))
A y (k (k (o u (f (b f (ad g y d k v l (u (p s ac) (y (s y a k (w (ac (B (C D (w m a t (E (s (t ab (F y l u (ac (aa (G H (f x b aa o (I f w (b x (z (g k i ac aa i J q ab K L M b ac ac s c d s o ac j b g u w N O b t i ac o d j p c w P w g w v q u t v n s ac b Q aa aa)))))))))))))))))))) (z ab o a j s)))))))
A y (k (k (o u (f (b f (h (u (q ab (aa y (a z z h l w g z) v t g s))) v l (u (p s ac) (y (s y a k (w (ac (B (C D (w m a t (E (s (t ab (F y l u (ac (aa (G H (f x b aa o (I f w (b x (z (g k i ac aa i J q ab K L M b ac ac s c d s o ac j b g u w N O b t i ac o d j p c w P w g w v q u t v n s ac b Q aa aa)))))))))))))))))))) (z ab o a j s)))))))
A y (k (k (o u (f (b f (o u (f (b f (d (u (q ab (aa y (a z z h l w g z) v t g s))) (u (q ab (aa y (a z z h l w g z) v t g s))) (z ab o a j s)))) v l (u (p s ac) (y (s y a k (w (ac (B (C D (w m a t (E (s (t ab (F y l u (ac (aa (G H (f x b aa o (I f w (b x (z (g k i ac aa i J q ab K L M b ac ac s c d s o ac j b g u w N O b t i ac o d j p c w P w g w v q u t v n s ac b Q aa aa)))))))))))))))))))) (z ab o a j s)))))))
A y (k (k (o u (f (b f (ad g y d k v l (z ab o a j s)))))))
A y (k (k (o u (f (b f (h (u (q ab (aa y (a z z h l w g z) v t g s))) v l (z ab o a j s)))))))
A y (k (k (o u (f (b f (o u (f (b f (d (u (q ab (aa y (a z z h l w g z) v t g s))) (u (q ab (aa y (a z z h l w g z) v t g s))) (z ab o a j s)))) v l (z ab o a j s)))))))
A y (k (k (o u (f (b f (ad g y d k v l))))))
A y (k (k (o u (f (b f (h (u (q ab (aa y (a z z h l w g z) v t g s))) v l))))))
A y (k (k (o u (f (b f (o u (f (b f (d (u (q ab (aa y (a z z h l w g z) v t g s))) (u (q ab (aa y (a z z h l w g z) v t g s))) (z ab o a j s)))) v l))))))
A y (k (k (o u (f (b f (o u (f (b f (i t q k ab (e k (x e p w o)) (u (q ab (aa y (a z z h l w g z) v t g s))) (u (q ab (aa y (a z z h l w g z) v t g s))) (z ab o a j s)))) v l))))))
A y (k (k (o u (f (b f (o u (f (b f (o (aa u c (p l b e aa) q) k ab (e k (x e p w o)) (u (q ab (aa y (a z z h l w g z) v t g s))) (u (q ab (aa y (a z z h l w g z) v t g s))) (z ab o a j s)))) v l))))))
A y (k (k (o u (f (b f (o u (f (b f (ad g y d k v l (u (q ab (aa y (a z z h l w g z) v t g s))) (z ab o a j s)))) v l))))))
A y (k (k (o u (f (b f (o u (f (b f (h (u (q ab (aa y (a z z h l w g z) v t g s))) v l (u (q ab (aa y (a z z h l w g z) v t g s))) (z ab o a j s)))) v l))))))
A y (k (k (o u (f (b f (o u (f (b f (o u (f (b f (d (u (q ab (aa y (a z z h l w g z) v t g s))) (u (q ab (aa y (a z z h l w g z) v t g s))) (z ab o a j s)))) v l (u (q ab (aa y (a z z h l w g z) v t g s))) (z ab o a j s)))) v l))))))
A y (k (k (o u (f (b f (o u (f (b f (ad g y d k v l (z ab o a j s)))) v l))))))
A y (k (k (o u (f (b f (o u (f (b f (h (u (q ab (aa y (a z z h l w g z) v t g s))) v l (z ab o a j s)))) v l))))))
A y (k (k (o u (f (b f (o u (f (b f (o u (f (b f (d (u (q ab (aa y (a z z h l w g z) v t g s))) (u (q ab (aa y (a z z h l w g z) v t g s))) (z ab o a j s)))) v l (z ab o a j s)))) v l))))))
A y (k (k (o u (f (b f (o u (f (b f (ad g y d k v l))) v l))))))
A y (k (k (o u (f (b f (o u (f (b f (h (u (q ab (aa y (a z z h l w g z) v t g s))) v l))) v l))))))
A y (k (k (o u (f (b f (o u (f (b f (o u (f (b f (d (u (q ab (aa y (a z z h l w g z) v t g s))) (u (q ab (aa y (a z z h l w g z) v t g s))) (z ab o a j s)))) v l))) v l))))))
A y (k (k (o u (f (b f (o u (f (b f (o u (f (b f (i t q k ab (e k (x e p w o)) (u (q ab (aa y (a z z h l w g z) v t g s))) (u (q ab (aa y (a z z h l w g z) v t g s))) (z ab o a j s)))) v l))) v l))))))
A y (k (k (o u (f (b f (o u (f (b f (o u (f (b f (o (aa u c (p l b e aa) q) k ab (e k (x e p w o)) (u (q ab (aa y (a z z h l w g z) v t g s))) (u (q ab (aa y (a z z h l w g z) v t g s))) (z ab o a j s)))) v l))) v l))))))
A y (k (k (o u (f (b f (o u (f (b f (o u (f (b f (ad g y d k v l (u (q ab (aa y (a z z h l w g z) v t g s))) (z ab o a j s)))) v l))) v l))))))
A y (k (k (o u (f (b f (o u (f (b f (o u (f (b f (h (u (q ab (aa y (a z z h l w g z) v t g s))) v l (u (q ab (aa y (a z z h l w g z) v t g s))) (z ab o a j s)))) v l))) v l))))))
A y (k (k (o u (f (b f (o u (f (b f (o u (f (b f (o u (f (b f (d (u (q ab (aa y (a z z h l w g z) v t g s))) (u (q ab (aa y (a z z h l w g z) v t g s))) (z ab o a j s)))) v l (u (q ab (aa y (a z z h l w g z) v t g s))) (z ab o a j s)))) v l))) v l))))))
A y (k (k (o u (f (b f (o u (f (b f (o u (f (b f (ad g y d k v l (z ab o a j s)))) v l))) v l))))))


