a ae d ac k r (f (g x ac v q) c)
b ae u r (i w (ae l (t (ac r y k q m))))
c af ae ag j u l (w n y ag (h (p l h) z x v aa))
d af ae ag f (ac (n f ac j l))
e af ag ae ai ah ac r (j ad v)
f af ae j z ae o k (ac (i (s p) (n v b i k x)))
g i n aa d t k (r (ad (z y i q) c n d j s))
h af ae ag y (q u a y (o c y o w m r))
i ah ag ai aj ae af x g f ai (ac (y g p w ad ai j o y ab z))
j af ag ae aj ai ah u p (v (i i p w a ad ac))
k ae ag af v (i (u v i y w ac r e))
l ah ae ag af v k (i c (b ab ac z y e))
m h (p v r j x p j t)
n m (d (z b (z h i) d a i x t o))
o af ae ac aa (l x x z ab p d)
p ae u d r (w (t (n ae e (u w v h o s x c e))))
q ae ah ag aj af ai ab (j (x m ag (w g o p v k f u k p a)))
r ag af ah ae q (ab h (d c n f ab))
s ae af w af (h a ad ab ab a d x)
t ah ag af ae l (d (ac ac c q p o))
u af ai ah ag ae ad t (ai h ab)
v ae ag ah af s (l (t (aa h a r (k e (b q h ad ab r c ac j)))))
w ai ae af ah ag aj y ad q c (f (c b q v s m))
x ae t (d k v v e ab)
y af ag ae ab (r c ad aa j k h o)
z ae h x
aa ag ae ah af ac ac i p f (g p l n ad n s)
ab ae af m (aa (u (a (z i aa z x p h) s m a a y)))
ac ae af t (u (b f a j) o a w)
ad ah af ag ae ab (d k ab u (ah u ac e))
main A (b ab (B C q h l (ad b f c k z v ac (d (c i (D (u (aa s (E s (F (e z (g i (w G o) (H (ac z (o z r ab w e (I J (p (o (t o u (K (p (L (ab M k q o u n j b N r s u i) t b v ab) O ab m t g d y h ac w w g e s x P n Q g) R g y o S n y s ad v T))))))))))))))))))))
------------------------------------------------------------
A (b ab (B C q h l (ad b f c k z v ac (d (c i (D (u (aa s (E s (F (e z (g i (w G o) (H (ac z (o z r ab w e (I J (p (o (t o u (K (p (L (ab M k q o u n j b N r s u i) t b v ab) O ab m t g d y h ac w w g e s x P n Q g) R g y o S n y s ad v T))))))))))))))))))))
A (u r (i w (ab l (t (ac r y k q m)))) (B C q h l (ad b f c k z v ac (d (c i (D (u (aa s (E s (F (e z (g i (w G o) (H (ac z (o z r ab w e (I J (p (o (t o u (K (p (L (ab M k q o u n j b N r s u i) t b v ab) O ab m t g d y h ac w w g e s x P n Q g) R g y o S n y s ad v T))))))))))))))))))))
A (u r (i w (m (aa (u (a (z i aa z x p h) s m a a y))))) (B C q h l (ad b f c k z v ac (d (c i (D (u (aa s (E s (F (e z (g i (w G o) (H (ac z (o z r ab w e (I J (p (o (t o u (K (p (L (ab M k q o u n j b N r s u i) t b v ab) O ab m t g d y h ac w w g e s x P n Q g) R g y o S n y s ad v T))))))))))))))))))))
A (u r (i w (h (p v r j x p j t) (aa (u (a (z i aa z x p h) s m a a y))))) (B C q h l (ad b f c k z v ac (d (c i (D (u (aa s (E s (F (e z (g i (w G o) (H (ac z (o z r ab w e (I J (p (o (t o u (K (p (L (ab M k q o u n j b N r s u i) t b v ab) O ab m t g d y h ac w w g e s x P n Q g) R g y o S n y s ad v T))))))))))))))))))))
A (u r (i w (h (u d r (w (t (n v e (u w v h o s x c e)))) r j x p j t) (aa (u (a (z i aa z x p h) s m a a y))))) (B C q h l (ad b f c k z v ac (d (c i (D (u (aa s (E s (F (e z (g i (w G o) (H (ac z (o z r ab w e (I J (p (o (t o u (K (p (L (ab M k q o u n j b N r s u i) t b v ab) O ab m t g d y h ac w w g e s x P n Q g) R g y o S n y s ad v T))))))))))))))))))))
A (u r (i w (h (ad t (r h ab) x p j t) (aa (u (a (z i aa z x p h) s m a a y))))) (B C q h l (ad b f c k z v ac (d (c i (D (u (aa s (E s (F (e z (g i (w G o) (H (ac z (o z r ab w e (I J (p (o (t o u (K (p (L (ab M k q o u n j b N r s u i) t b v ab) O ab m t g d y h ac w w g e s x P n Q g) R g y o S n y s ad v T))))))))))))))))))))
A (u r (i w (h (ab (d k ab u (t u ac e)) j t) (aa (u (a (z i aa z x p h) s m a a y))))) (B C q h l (ad b f c k z v ac (d (c i (D (u (aa s (E s (F (e z (g i (w G o) (H (ac z (o z r ab w e (I J (p (o (t o u (K (p (L (ab M k q o u n j b N r s u i) t b v ab) O ab m t g d y h ac w w g e s x P n Q g) R g y o S n y s ad v T))))))))))))))))))))
A (u r (i w (h (m (aa (u (a (z i aa z x p h) s m a a y))) t) (aa (u (a (z i aa z x p h) s m a a y))))) (B C q h l (ad b f c k z v ac (d (c i (D (u (aa s (E s (F (e z (g i (w G o) (H (ac z (o z r ab w e (I J (p (o (t o u (K (p (L (ab M k q o u n j b N r s u i) t b v ab) O ab m t g d y h ac w w g e s x P n Q g) R g y o S n y s ad v T))))))))))))))))))))
A (u r (i w (h (h (p v r j x p j t) (aa (u (a (z i aa z x p h) s m a a y))) t) (aa (u (a (z i aa z x p h) s m a a y))))) (B C q h l (ad b f c k z v ac (d (c i (D (u (aa s (E s (F (e z (g i (w G o) (H (ac z (o z r ab w e (I J (p (o (t o u (K (p (L (ab M k q o u n j b N r s u i) t b v ab) O ab m t g d y h ac w w g e s x P n Q g) R g y o S n y s ad v T))))))))))))))))))))
A (u r (i w (h (y (q u a y (o c y o w m r))) (aa (u (a (z i aa z x p h) s m a a y))))) (B C q h l (ad b f c k z v ac (d (c i (D (u (aa s (E s (F (e z (g i (w G o) (H (ac z (o z r ab w e (I J (p (o (t o u (K (p (L (ab M k q o u n j b N r s u i) t b v ab) O ab m t g d y h ac w w g e s x P n Q g) R g y o S n y s ad v T))))))))))))))))))))
A (u r (i w (h (y (q u a y (ac aa (l x x z ab p d) o w m r))) (aa (u (a (z i aa z x p h) s m a a y))))) (B C q h l (ad b f c k z v ac (d (c i (D (u (aa s (E s (F (e z (g i (w G o) (H (ac z (o z r ab w e (I J (p (o (t o u (K (p (L (ab M k q o u n j b N r s u i) t b v ab) O ab m t g d y h ac w w g e s x P n Q g) R g y o S n y s ad v T))))))))))))))))))))
A (u r (i w (h (y (q u a y (t (u (b f a j) o a w) o w m r))) (aa (u (a (z i aa z x p h) s m a a y))))) (B C q h l (ad b f c k z v ac (d (c i (D (u (aa s (E s (F (e z (g i (w G o) (H (ac z (o z r ab w e (I J (p (o (t o u (K (p (L (ab M k q o u n j b N r s u i) t b v ab) O ab m t g d y h ac w w g e s x P n Q g) R g y o S n y s ad v T))))))))))))))))))))
A (u r (i w (h (y (q u a y (l (d (ac ac c q p o)) r))) (aa (u (a (z i aa z x p h) s m a a y))))) (B C q h l (ad b f c k z v ac (d (c i (D (u (aa s (E s (F (e z (g i (w G o) (H (ac z (o z r ab w e (I J (p (o (t o u (K (p (L (ab M k q o u n j b N r s u i) t b v ab) O ab m t g d y h ac w w g e s x P n Q g) R g y o S n y s ad v T))))))))))))))))))))
A (u r (i w (h (y (q u a y (l (d (t (u (b f a j) o a w) q p o)) r))) (aa (u (a (z i aa z x p h) s m a a y))))) (B C q h l (ad b f c k z v ac (d (c i (D (u (aa s (E s (F (e z (g i (w G o) (H (ac z (o z r ab w e (I J (p (o (t o u (K (p (L (ab M k q o u n j b N r s u i) t b v ab) O ab m t g d y h ac w w g e s x P n Q g) R g y o S n y s ad v T))))))))))))))))))))
A (u r (i w (h (y (q u a y (l (d (l (d (ac ac c q p o)))) r))) (aa (u (a (z i aa z x p h) s m a a y))))) (B C q h l (ad b f c k z v ac (d (c i (D (u (aa s (E s (F (e z (g i (w G o) (H (ac z (o z r ab w e (I J (p (o (t o u (K (p (L (ab M k q o u n j b N r s u i) t b v ab) O ab m t g d y h ac w w g e s x P n Q g) R g y o S n y s ad v T))))))))))))))))))))
A (u r (i w (h (y (q u a y (l (d (l (d (t (u (b f a j) o a w) q p o)))) r))) (aa (u (a (z i aa z x p h) s m a a y))))) (B C q h l (ad b f c k z v ac (d (c i (D (u (aa s (E s (F (e z (g i (w G o) (H (ac z (o z r ab w e (I J (p (o (t o u (K (p (L (ab M k q o u n j b N r s u i) t b v ab) O ab m t g d y h ac w w g e s x P n Q g) R g y o S n y s ad v T))))))))))))))))))))
A (u r (i w (h (y (q u a y (l (d (l (d (l (d (ac ac c q p o)))))) r))) (aa (u (a (z i aa z x p h) s m a a y))))) (B C q h l (ad b f c k z v ac (d (c i (D (u (aa s (E s (F (e z (g i (w G o) (H (ac z (o z r ab w e (I J (p (o (t o u (K (p (L (ab M k q o u n j b N r s u i) t b v ab) O ab m t g d y h ac w w g e s x P n Q g) R g y o S n y s ad v T))))))))))))))))))))
A (u r (i w (h (y (q u a y (l (d (l (d (l (d (t (u (b f a j) o a w) q p o)))))) r))) (aa (u (a (z i aa z x p h) s m a a y))))) (B C q h l (ad b f c k z v ac (d (c i (D (u (aa s (E s (F (e z (g i (w G o) (H (ac z (o z r ab w e (I J (p (o (t o u (K (p (L (ab M k q o u n j b N r s u i) t b v ab) O ab m t g d y h ac w w g e s x P n Q g) R g y o S n y s ad v T))))))))))))))))))))
A (u r (i w (h (y (q u a y (l (d (l (d (l (d (l (d (ac ac c q p o)))))))) r))) (aa (u (a (z i aa z x p h) s m a a y))))) (B C q h l (ad b f c k z v ac (d (c i (D (u (aa s (E s (F (e z (g i (w G o) (H (ac z (o z r ab w e (I J (p (o (t o u (K (p (L (ab M k q o u n j b N r s u i) t b v ab) O ab m t g d y h ac w w g e s x P n Q g) R g y o S n y s ad v T))))))))))))))))))))
A (u r (i w (h (y (q u a y (l (d (l (d (l (d (l (d (t (u (b f a j) o a w) q p o)))))))) r))) (aa (u (a (z i aa z x p h) s m a a y))))) (B C q h l (ad b f c k z v ac (d (c i (D (u (aa s (E s (F (e z (g i (w G o) (H (ac z (o z r ab w e (I J (p (o (t o u (K (p (L (ab M k q o u n j b N r s u i) t b v ab) O ab m t g d y h ac w w g e s x P n Q g) R g y o S n y s ad v T))))))))))))))))))))
A (u r (i w (h (y (q u a y (l (d (l (d (l (d (l (d (l (d (ac ac c q p o)))))))))) r))) (aa (u (a (z i aa z x p h) s m a a y))))) (B C q h l (ad b f c k z v ac (d (c i (D (u (aa s (E s (F (e z (g i (w G o) (H (ac z (o z r ab w e (I J (p (o (t o u (K (p (L (ab M k q o u n j b N r s u i) t b v ab) O ab m t g d y h ac w w g e s x P n Q g) R g y o S n y s ad v T))))))))))))))))))))
A (u r (i w (h (y (q u a y (l (d (l (d (l (d (l (d (l (d (t (u (b f a j) o a w) q p o)))))))))) r))) (aa (u (a (z i aa z x p h) s m a a y))))) (B C q h l (ad b f c k z v ac (d (c i (D (u (aa s (E s (F (e z (g i (w G o) (H (ac z (o z r ab w e (I J (p (o (t o u (K (p (L (ab M k q o u n j b N r s u i) t b v ab) O ab m t g d y h ac w w g e s x P n Q g) R g y o S n y s ad v T))))))))))))))))))))
A (u r (i w (h (y (q u a y (l (d (l (d (l (d (l (d (l (d (l (d (ac ac c q p o)))))))))))) r))) (aa (u (a (z i aa z x p h) s m a a y))))) (B C q h l (ad b f c k z v ac (d (c i (D (u (aa s (E s (F (e z (g i (w G o) (H (ac z (o z r ab w e (I J (p (o (t o u (K (p (L (ab M k q o u n j b N r s u i) t b v ab) O ab m t g d y h ac w w g e s x P n Q g) R g y o S n y s ad v T))))))))))))))))))))
A (u r (i w (h (y (q u a y (l (d (l (d (l (d (l (d (l (d (l (d (t (u (b f a j) o a w) q p o)))))))))))) r))) (aa (u (a (z i aa z x p h) s m a a y))))) (B C q h l (ad b f c k z v ac (d (c i (D (u (aa s (E s (F (e z (g i (w G o) (H (ac z (o z r ab w e (I J (p (o (t o u (K (p (L (ab M k q o u n j b N r s u i) t b v ab) O ab m t g d y h ac w w g e s x P n Q g) R g y o S n y s ad v T))))))))))))))))))))
A (u r (i w (h (y (q u a y (l (d (l (d (l (d (l (d (l (d (l (d (l (d (ac ac c q p o)))))))))))))) r))) (aa (u (a (z i aa z x p h) s m a a y))))) (B C q h l (ad b f c k z v ac (d (c i (D (u (aa s (E s (F (e z (g i (w G o) (H (ac z (o z r ab w e (I J (p (o (t o u (K (p (L (ab M k q o u n j b N r s u i) t b v ab) O ab m t g d y h ac w w g e s x P n Q g) R g y o S n y s ad v T))))))))))))))))))))
A (u r (i w (h (y (q u a y (l (d (l (d (l (d (l (d (l (d (l (d (l (d (t (u (b f a j) o a w) q p o)))))))))))))) r))) (aa (u (a (z i aa z x p h) s m a a y))))) (B C q h l (ad b f c k z v ac (d (c i (D (u (aa s (E s (F (e z (g i (w G o) (H (ac z (o z r ab w e (I J (p (o (t o u (K (p (L (ab M k q o u n j b N r s u i) t b v ab) O ab m t g d y h ac w w g e s x P n Q g) R g y o S n y s ad v T))))))))))))))))))))
A (u r (i w (h (y (q u a y (l (d (l (d (l (d (l (d (l (d (l (d (l (d (l (d (ac ac c q p o)))))))))))))))) r))) (aa (u (a (z i aa z x p h) s m a a y))))) (B C q h l (ad b f c k z v ac (d (c i (D (u (aa s (E s (F (e z (g i (w G o) (H (ac z (o z r ab w e (I J (p (o (t o u (K (p (L (ab M k q o u n j b N r s u i) t b v ab) O ab m t g d y h ac w w g e s x P n Q g) R g y o S n y s ad v T))))))))))))))))))))
A (u r (i w (h (y (q u a y (l (d (l (d (l (d (l (d (l (d (l (d (l (d (l (d (t (u (b f a j) o a w) q p o)))))))))))))))) r))) (aa (u (a (z i aa z x p h) s m a a y))))) (B C q h l (ad b f c k z v ac (d (c i (D (u (aa s (E s (F (e z (g i (w G o) (H (ac z (o z r ab w e (I J (p (o (t o u (K (p (L (ab M k q o u n j b N r s u i) t b v ab) O ab m t g d y h ac w w g e s x P n Q g) R g y o S n y s ad v T))))))))))))))))))))
A (u r (i w (h (y (q u a y (l (d (l (d (l (d (l (d (l (d (l (d (l (d (l (d (l (d (ac ac c q p o)))))))))))))))))) r))) (aa (u (a (z i aa z x p h) s m a a y))))) (B C q h l (ad b f c k z v ac (d (c i (D (u (aa s (E s (F (e z (g i (w G o) (H (ac z (o z r ab w e (I J (p (o (t o u (K (p (L (ab M k q o u n j b N r s u i) t b v ab) O ab m t g d y h ac w w g e s x P n Q g) R g y o S n y s ad v T))))))))))))))))))))
A (u r (i w (h (y (q u a y (l (d (l (d (l (d (l (d (l (d (l (d (l (d (l (d (l (d (t (u (b f a j) o a w) q p o)))))))))))))))))) r))) (aa (u (a (z i aa z x p h) s m a a y))))) (B C q h l (ad b f c k z v ac (d (c i (D (u (aa s (E s (F (e z (g i (w G o) (H (ac z (o z r ab w e (I J (p (o (t o u (K (p (L (ab M k q o u n j b N r s u i) t b v ab) O ab m t g d y h ac w w g e s x P n Q g) R g y o S n y s ad v T))))))))))))))))))))


