a ah ai af aj ae ag = g j t (c t) j
b ae af = af m v u (s (v t f (f a)) l e ad n w y)
c ah ai ae af ag = i
d ae = h j n f
e = aa (o z (ac l a g (t g a q c y r)))
f ae ah af ai ag = r (o ab (x (g (r j m (y (u h) d u b p h j) aa))))
g af ae ag ah = j o (s (r q (r p u) e q s h))
h ah ae ai ag aj af = o z j (s b a f)
i ae = c (w m (r q u (c d b ad) f q u g w r ab aa))
j af ag ah ae = f m (f y i u ad o r ab i f d h)
k ag af ae = v (o (aa m d o s o t q f t ac))
l ag ae af = p (s (g (g x (q (v e t ab t j c h e p p)))))
m ag ae af ah = w l (s f aa q u e b x q c)
n ae ag ah af = o u u z y ab p t (e (j (u q p d a)))
o ag af ae = u u (r r (h i (f c g s v l) w))
p = z q (k (b c (r (ac r e a g e y j r w) b r)))
q af ae = m ad (l (ac i e j m j))
r ae af = h ac k (a (ac (m s i d) o d g))
s ae = ad (l y x j (h (m m e o y f ab f i b)))
t ae af = s (s (e (h h y q h c w j b ae)))
u af ae ag ah = k w (aa s k) b w k p g m q
v af ae ag = f (u f (x z (n b g z c ab ab)))
w ae ah ai af aj ag = ai l (l m (l (b p ac r z)))
x af ae = d y ab (s k aa af ac (v (ad p ac z)))
y ag ai ae af ah = i a (h u aa m (v b (p h a h z m d ae o)))
z = m (f o (w (ad r x t)) f)
aa ae = m (m (f e ae d (m ab m r e v s y ad)))
ab ah ag ae af ai = x (o b (n (u s) w w l b x p w z))
ac ae af = s (o (b (v (y (k m m j e b f i p c q o aa)))))
ad ag ai af ae ah = ah (aa (h (s q (y (b a r s m a c l z g p)))))
main = m b (aa r x (w (A (aa (r (i u m (w a (B (ab (C (d (D y (l (E y (o (F l y) w) m (h (z g (G k ad m (v c x H v (t v z I (m aa (d (r (x ac e c l j ac k h u J k l) ac b) d y j aa) l m l a r i m j d w r)) v f e q a v b x g u c p m ac v h u z k b K))))))))))))))))))
------------------------------------------------------------
m b (aa r x (w (A (aa (r (i u m (w a (B (ab (C (d (D y (l (E y (o (F l y) w) m (h (z g (G k ad m (v c x H v (t v z I (m aa (d (r (x ac e c l j ac k h u J k l) ac b) d y j aa) l m l a r i m j d w r)) v f e q a v b x g u c p m ac v h u z k b K))))))))))))))))))
m b (m (m (f e r d (m ab m r e v s y ad))) x (w (A (aa (r (i u m (w a (B (ab (C (d (D y (l (E y (o (F l y) w) m (h (z g (G k ad m (v c x H v (t v z I (m aa (d (r (x ac e c l j ac k h u J k l) ac b) d y j aa) l m l a r i m j d w r)) v f e q a v b x g u c p m ac v h u z k b K))))))))))))))))))
m b (m (m (f e r d (w l (s f aa q u e b x q c) v s y ad))) x (w (A (aa (r (i u m (w a (B (ab (C (d (D y (l (E y (o (F l y) w) m (h (z g (G k ad m (v c x H v (t v z I (m aa (d (r (x ac e c l j ac k h u J k l) ac b) d y j aa) l m l a r i m j d w r)) v f e q a v b x g u c p m ac v h u z k b K))))))))))))))))))
m b (m (m (f e r d (v l (l m (l (b p ac r z)))))) x (w (A (aa (r (i u m (w a (B (ab (C (d (D y (l (E y (o (F l y) w) m (h (z g (G k ad m (v c x H v (t v z I (m aa (d (r (x ac e c l j ac k h u J k l) ac b) d y j aa) l m l a r i m j d w r)) v f e q a v b x g u c p m ac v h u z k b K))))))))))))))))))
m b (m (m (f e r d (v l (l m (l (ac m v u (s (v t f (f a)) l e ad n w y) r z)))))) x (w (A (aa (r (i u m (w a (B (ab (C (d (D y (l (E y (o (F l y) w) m (h (z g (G k ad m (v c x H v (t v z I (m aa (d (r (x ac e c l j ac k h u J k l) ac b) d y j aa) l m l a r i m j d w r)) v f e q a v b x g u c p m ac v h u z k b K))))))))))))))))))
m b (m (m (f e r d (v l (l m (l (s (o (b (v (y (k m m j e b f i p c q o aa))))) u (s (v t f (f a)) l e ad n w y) r z)))))) x (w (A (aa (r (i u m (w a (B (ab (C (d (D y (l (E y (o (F l y) w) m (h (z g (G k ad m (v c x H v (t v z I (m aa (d (r (x ac e c l j ac k h u J k l) ac b) d y j aa) l m l a r i m j d w r)) v f e q a v b x g u c p m ac v h u z k b K))))))))))))))))))
m b (m (m (f e r d (v l (l m (l (ad (l y x j (h (m m e o y f ab f i b))) u (s (v t f (f a)) l e ad n w y) r z)))))) x (w (A (aa (r (i u m (w a (B (ab (C (d (D y (l (E y (o (F l y) w) m (h (z g (G k ad m (v c x H v (t v z I (m aa (d (r (x ac e c l j ac k h u J k l) ac b) d y j aa) l m l a r i m j d w r)) v f e q a v b x g u c p m ac v h u z k b K))))))))))))))))))
m b (m (m (f e r d (v l (l m (l (z (aa (h (s q (y (b a r s m a c l z g p))))))))))) x (w (A (aa (r (i u m (w a (B (ab (C (d (D y (l (E y (o (F l y) w) m (h (z g (G k ad m (v c x H v (t v z I (m aa (d (r (x ac e c l j ac k h u J k l) ac b) d y j aa) l m l a r i m j d w r)) v f e q a v b x g u c p m ac v h u z k b K))))))))))))))))))
m b (m (m (f e r d (v l (l m (l (m (f o (w (ad r x t)) f) (aa (h (s q (y (b a r s m a c l z g p))))))))))) x (w (A (aa (r (i u m (w a (B (ab (C (d (D y (l (E y (o (F l y) w) m (h (z g (G k ad m (v c x H v (t v z I (m aa (d (r (x ac e c l j ac k h u J k l) ac b) d y j aa) l m l a r i m j d w r)) v f e q a v b x g u c p m ac v h u z k b K))))))))))))))))))
m b (m (m (f e r d (v l (l m (l (m (f o (w (ad r x t)) f) (m (m (f e (h (s q (y (b a r s m a c l z g p)))) d (m ab m r e v s y ad)))))))))) x (w (A (aa (r (i u m (w a (B (ab (C (d (D y (l (E y (o (F l y) w) m (h (z g (G k ad m (v c x H v (t v z I (m aa (d (r (x ac e c l j ac k h u J k l) ac b) d y j aa) l m l a r i m j d w r)) v f e q a v b x g u c p m ac v h u z k b K))))))))))))))))))
m b (m (m (f e r d (v l (l m (l (m (f o (w (ad r x t)) f) (m (m (f e (h (ad (l y x j (h (m m e o y f ab f i b))) (y (b a r s m a c l z g p)))) d (m ab m r e v s y ad)))))))))) x (w (A (aa (r (i u m (w a (B (ab (C (d (D y (l (E y (o (F l y) w) m (h (z g (G k ad m (v c x H v (t v z I (m aa (d (r (x ac e c l j ac k h u J k l) ac b) d y j aa) l m l a r i m j d w r)) v f e q a v b x g u c p m ac v h u z k b K))))))))))))))))))
m b (m (m (f e r d (v l (l m (l (m (f o (w (ad r x t)) f) (m (m (f e (h (ad (p (s (g (g x (q (v e t ab t j c h e p p))))) (h (m m e o y f ab f i b))) (y (b a r s m a c l z g p)))) d (m ab m r e v s y ad)))))))))) x (w (A (aa (r (i u m (w a (B (ab (C (d (D y (l (E y (o (F l y) w) m (h (z g (G k ad m (v c x H v (t v z I (m aa (d (r (x ac e c l j ac k h u J k l) ac b) d y j aa) l m l a r i m j d w r)) v f e q a v b x g u c p m ac v h u z k b K))))))))))))))))))
m b (m (m (f e r d (v l (l m (l (m (f o (w (ad r x t)) f) (m (m (f e (h (ad (z q (k (b c (r (ac r e a g e y j r w) b r))) (s (g (g x (q (v e t ab t j c h e p p))))) (h (m m e o y f ab f i b))) (y (b a r s m a c l z g p)))) d (m ab m r e v s y ad)))))))))) x (w (A (aa (r (i u m (w a (B (ab (C (d (D y (l (E y (o (F l y) w) m (h (z g (G k ad m (v c x H v (t v z I (m aa (d (r (x ac e c l j ac k h u J k l) ac b) d y j aa) l m l a r i m j d w r)) v f e q a v b x g u c p m ac v h u z k b K))))))))))))))))))
m b (m (m (f e r d (v l (l m (l (m (f o (w (ad r x t)) f) (m (m (f e (h (ad (m (f o (w (ad r x t)) f) q (k (b c (r (ac r e a g e y j r w) b r))) (s (g (g x (q (v e t ab t j c h e p p))))) (h (m m e o y f ab f i b))) (y (b a r s m a c l z g p)))) d (m ab m r e v s y ad)))))))))) x (w (A (aa (r (i u m (w a (B (ab (C (d (D y (l (E y (o (F l y) w) m (h (z g (G k ad m (v c x H v (t v z I (m aa (d (r (x ac e c l j ac k h u J k l) ac b) d y j aa) l m l a r i m j d w r)) v f e q a v b x g u c p m ac v h u z k b K))))))))))))))))))
m b (m (m (f e r d (v l (l m (l (m (f o (w (ad r x t)) f) (m (m (f e (h (ad (w l (s f aa q u e b x q c) (h (m m e o y f ab f i b))) (y (b a r s m a c l z g p)))) d (m ab m r e v s y ad)))))))))) x (w (A (aa (r (i u m (w a (B (ab (C (d (D y (l (E y (o (F l y) w) m (h (z g (G k ad m (v c x H v (t v z I (m aa (d (r (x ac e c l j ac k h u J k l) ac b) d y j aa) l m l a r i m j d w r)) v f e q a v b x g u c p m ac v h u z k b K))))))))))))))))))
m b (m (m (f e r d (v l (l m (l (m (f o (w (ad r x t)) f) (m (m (f e (h (ad (w l (ad (l y x j (h (m m e o y f ab f i b))) aa q u e b x q c) (h (m m e o y f ab f i b))) (y (b a r s m a c l z g p)))) d (m ab m r e v s y ad)))))))))) x (w (A (aa (r (i u m (w a (B (ab (C (d (D y (l (E y (o (F l y) w) m (h (z g (G k ad m (v c x H v (t v z I (m aa (d (r (x ac e c l j ac k h u J k l) ac b) d y j aa) l m l a r i m j d w r)) v f e q a v b x g u c p m ac v h u z k b K))))))))))))))))))
m b (m (m (f e r d (v l (l m (l (m (f o (w (ad r x t)) f) (m (m (f e (h (ad (w l (e (aa (h (s q (y (b a r s m a c l z g p))))) b x q c) (h (m m e o y f ab f i b))) (y (b a r s m a c l z g p)))) d (m ab m r e v s y ad)))))))))) x (w (A (aa (r (i u m (w a (B (ab (C (d (D y (l (E y (o (F l y) w) m (h (z g (G k ad m (v c x H v (t v z I (m aa (d (r (x ac e c l j ac k h u J k l) ac b) d y j aa) l m l a r i m j d w r)) v f e q a v b x g u c p m ac v h u z k b K))))))))))))))))))
m b (m (m (f e r d (v l (l m (l (m (f o (w (ad r x t)) f) (m (m (f e (h (ad (w l (aa (o z (ac l a g (t g a q c y r))) (aa (h (s q (y (b a r s m a c l z g p))))) b x q c) (h (m m e o y f ab f i b))) (y (b a r s m a c l z g p)))) d (m ab m r e v s y ad)))))))))) x (w (A (aa (r (i u m (w a (B (ab (C (d (D y (l (E y (o (F l y) w) m (h (z g (G k ad m (v c x H v (t v z I (m aa (d (r (x ac e c l j ac k h u J k l) ac b) d y j aa) l m l a r i m j d w r)) v f e q a v b x g u c p m ac v h u z k b K))))))))))))))))))
m b (m (m (f e r d (v l (l m (l (m (f o (w (ad r x t)) f) (m (m (f e (h (ad (w l (m (m (f e (o z (ac l a g (t g a q c y r))) d (m ab m r e v s y ad))) (aa (h (s q (y (b a r s m a c l z g p))))) b x q c) (h (m m e o y f ab f i b))) (y (b a r s m a c l z g p)))) d (m ab m r e v s y ad)))))))))) x (w (A (aa (r (i u m (w a (B (ab (C (d (D y (l (E y (o (F l y) w) m (h (z g (G k ad m (v c x H v (t v z I (m aa (d (r (x ac e c l j ac k h u J k l) ac b) d y j aa) l m l a r i m j d w r)) v f e q a v b x g u c p m ac v h u z k b K))))))))))))))))))
m b (m (m (f e r d (v l (l m (l (m (f o (w (ad r x t)) f) (m (m (f e (h (ad (w l (w l (s f aa q u e b x q c) q c) (h (m m e o y f ab f i b))) (y (b a r s m a c l z g p)))) d (m ab m r e v s y ad)))))))))) x (w (A (aa (r (i u m (w a (B (ab (C (d (D y (l (E y (o (F l y) w) m (h (z g (G k ad m (v c x H v (t v z I (m aa (d (r (x ac e c l j ac k h u J k l) ac b) d y j aa) l m l a r i m j d w r)) v f e q a v b x g u c p m ac v h u z k b K))))))))))))))))))
m b (m (m (f e r d (v l (l m (l (m (f o (w (ad r x t)) f) (m (m (f e (h (ad (w l (w l (ad (l y x j (h (m m e o y f ab f i b))) aa q u e b x q c) q c) (h (m m e o y f ab f i b))) (y (b a r s m a c l z g p)))) d (m ab m r e v s y ad)))))))))) x (w (A (aa (r (i u m (w a (B (ab (C (d (D y (l (E y (o (F l y) w) m (h (z g (G k ad m (v c x H v (t v z I (m aa (d (r (x ac e c l j ac k h u J k l) ac b) d y j aa) l m l a r i m j d w r)) v f e q a v b x g u c p m ac v h u z k b K))))))))))))))))))
m b (m (m (f e r d (v l (l m (l (m (f o (w (ad r x t)) f) (m (m (f e (h (ad (w l (w l (e (aa (h (s q (y (b a r s m a c l z g p))))) b x q c) q c) (h (m m e o y f ab f i b))) (y (b a r s m a c l z g p)))) d (m ab m r e v s y ad)))))))))) x (w (A (aa (r (i u m (w a (B (ab (C (d (D y (l (E y (o (F l y) w) m (h (z g (G k ad m (v c x H v (t v z I (m aa (d (r (x ac e c l j ac k h u J k l) ac b) d y j aa) l m l a r i m j d w r)) v f e q a v b x g u c p m ac v h u z k b K))))))))))))))))))
m b (m (m (f e r d (v l (l m (l (m (f o (w (ad r x t)) f) (m (m (f e (h (ad (w l (w l (aa (o z (ac l a g (t g a q c y r))) (aa (h (s q (y (b a r s m a c l z g p))))) b x q c) q c) (h (m m e o y f ab f i b))) (y (b a r s m a c l z g p)))) d (m ab m r e v s y ad)))))))))) x (w (A (aa (r (i u m (w a (B (ab (C (d (D y (l (E y (o (F l y) w) m (h (z g (G k ad m (v c x H v (t v z I (m aa (d (r (x ac e c l j ac k h u J k l) ac b) d y j aa) l m l a r i m j d w r)) v f e q a v b x g u c p m ac v h u z k b K))))))))))))))))))
m b (m (m (f e r d (v l (l m (l (m (f o (w (ad r x t)) f) (m (m (f e (h (ad (w l (w l (m (m (f e (o z (ac l a g (t g a q c y r))) d (m ab m r e v s y ad))) (aa (h (s q (y (b a r s m a c l z g p))))) b x q c) q c) (h (m m e o y f ab f i b))) (y (b a r s m a c l z g p)))) d (m ab m r e v s y ad)))))))))) x (w (A (aa (r (i u m (w a (B (ab (C (d (D y (l (E y (o (F l y) w) m (h (z g (G k ad m (v c x H v (t v z I (m aa (d (r (x ac e c l j ac k h u J k l) ac b) d y j aa) l m l a r i m j d w r)) v f e q a v b x g u c p m ac v h u z k b K))))))))))))))))))
m b (m (m (f e r d (v l (l m (l (m (f o (w (ad r x t)) f) (m (m (f e (h (ad (w l (w l (w l (s f aa q u e b x q c) q c) q c) (h (m m e o y f ab f i b))) (y (b a r s m a c l z g p)))) d (m ab m r e v s y ad)))))))))) x (w (A (aa (r (i u m (w a (B (ab (C (d (D y (l (E y (o (F l y) w) m (h (z g (G k ad m (v c x H v (t v z I (m aa (d (r (x ac e c l j ac k h u J k l) ac b) d y j aa) l m l a r i m j d w r)) v f e q a v b x g u c p m ac v h u z k b K))))))))))))))))))
m b (m (m (f e r d (v l (l m (l (m (f o (w (ad r x t)) f) (m (m (f e (h (ad (w l (w l (w l (ad (l y x j (h (m m e o y f ab f i b))) aa q u e b x q c) q c) q c) (h (m m e o y f ab f i b))) (y (b a r s m a c l z g p)))) d (m ab m r e v s y ad)))))))))) x (w (A (aa (r (i u m (w a (B (ab (C (d (D y (l (E y (o (F l y) w) m (h (z g (G k ad m (v c x H v (t v z I (m aa (d (r (x ac e c l j ac k h u J k l) ac b) d y j aa) l m l a r i m j d w r)) v f e q a v b x g u c p m ac v h u z k b K))))))))))))))))))
m b (m (m (f e r d (v l (l m (l (m (f o (w (ad r x t)) f) (m (m (f e (h (ad (w l (w l (w l (e (aa (h (s q (y (b a r s m a c l z g p))))) b x q c) q c) q c) (h (m m e o y f ab f i b))) (y (b a r s m a c l z g p)))) d (m ab m r e v s y ad)))))))))) x (w (A (aa (r (i u m (w a (B (ab (C (d (D y (l (E y (o (F l y) w) m (h (z g (G k ad m (v c x H v (t v z I (m aa (d (r (x ac e c l j ac k h u J k l) ac b) d y j aa) l m l a r i m j d w r)) v f e q a v b x g u c p m ac v h u z k b K))))))))))))))))))
m b (m (m (f e r d (v l (l m (l (m (f o (w (ad r x t)) f) (m (m (f e (h (ad (w l (w l (w l (aa (o z (ac l a g (t g a q c y r))) (aa (h (s q (y (b a r s m a c l z g p))))) b x q c) q c) q c) (h (m m e o y f ab f i b))) (y (b a r s m a c l z g p)))) d (m ab m r e v s y ad)))))))))) x (w (A (aa (r (i u m (w a (B (ab (C (d (D y (l (E y (o (F l y) w) m (h (z g (G k ad m (v c x H v (t v z I (m aa (d (r (x ac e c l j ac k h u J k l) ac b) d y j aa) l m l a r i m j d w r)) v f e q a v b x g u c p m ac v h u z k b K))))))))))))))))))
m b (m (m (f e r d (v l (l m (l (m (f o (w (ad r x t)) f) (m (m (f e (h (ad (w l (w l (w l (m (m (f e (o z (ac l a g (t g a q c y r))) d (m ab m r e v s y ad))) (aa (h (s q (y (b a r s m a c l z g p))))) b x q c) q c) q c) (h (m m e o y f ab f i b))) (y (b a r s m a c l z g p)))) d (m ab m r e v s y ad)))))))))) x (w (A (aa (r (i u m (w a (B (ab (C (d (D y (l (E y (o (F l y) w) m (h (z g (G k ad m (v c x H v (t v z I (m aa (d (r (x ac e c l j ac k h u J k l) ac b) d y j aa) l m l a r i m j d w r)) v f e q a v b x g u c p m ac v h u z k b K))))))))))))))))))
m b (m (m (f e r d (v l (l m (l (m (f o (w (ad r x t)) f) (m (m (f e (h (ad (w l (w l (w l (w l (s f aa q u e b x q c) q c) q c) q c) (h (m m e o y f ab f i b))) (y (b a r s m a c l z g p)))) d (m ab m r e v s y ad)))))))))) x (w (A (aa (r (i u m (w a (B (ab (C (d (D y (l (E y (o (F l y) w) m (h (z g (G k ad m (v c x H v (t v z I (m aa (d (r (x ac e c l j ac k h u J k l) ac b) d y j aa) l m l a r i m j d w r)) v f e q a v b x g u c p m ac v h u z k b K))))))))))))))))))


