a ae = l f (f (v j (m m p ae r q)))
b af ah ag ae = w (l (ab ah (g o (ad o o f ae e))))
c af ah ae ag = g q af (a (ae (f u (e (ad u e ad d o z)))))
d = h (t (ac (i f (e p k f k t ac))))
e ae af = m (q l (u (ae q k (d a i))) g ae)
f ae af = c (s k q c)
g aj ah ae ai ag af = r f n (z p q n i (j ab w) ab h ad)
h ag af ae = r g ab v
i = x ad k (o ad ab b l k r ab) r
j ae af ah ag = n (a v (x (a m (t m) ah s g c c s o)))
k af ai ae ah ag = m c h (ah aa (c w h g q))
l ai af ae ag ah = h (ab i s g) (m m)
m ae = q d (o (r u a x e) y)
n ae af = g (j ab d aa u o u k d w a g)
o ae ag af ah = z s j l ad (h s) c (ad r v w a)
p ae ag af ah = o (t (i (ab (n aa l e ag h a v a))))
q af ae ah ag = o (v (t (ab a l j v o i e t o aa z)))
r ae ag af = g (p (n (s (y l (ab d s y h o l u d q o)))))
s ae aj ah af ai ag = u p (v x u)
t af ae = k (x (p v g (j e s w d a b j)))
u ae af ah ag = ab x (y m t)
v ae af = aa (l (l (r (w (d g o r af a c r i e m t)))))
w af ae = v q (o (ab (z ab ad (k z g) z x v ad r)))
x ae af ah aj ai ag = i (d (ag h y m w m f z))
y = t r (n d e j) n v
z ae = o b (d ab (k s r a))
aa ae af = b (z (o n y s x))
ab = ac h (z e ad m (n e (h r o y j v z b c)))
ac af ag ai ah ae = ai (b (ab d n q (n y u t w s n b x)))
ad = ac (s w aa j (a (e g f n)))
main = i (r i (w z u (A j i r h (B o g (f t (x C r (z (D (m n o (ad (k (E (f (u (f (g ac (s y h (j (m (F (b (y (w ab i G w d h g m H x s ad j s n g m j q e I ac h j l h n o e J t l ad t s w ad r l K u ac aa g d o m o ac c h s c g u ab i) ad L))))))))))))))))))))))
------------------------------------------------------------
i (r i (w z u (A j i r h (B o g (f t (x C r (z (D (m n o (ad (k (E (f (u (f (g ac (s y h (j (m (F (b (y (w ab i G w d h g m H x s ad j s n g m j q e I ac h j l h n o e J t l ad t s w ad r l K u ac aa g d o m o ac c h s c g u ab i) ad L))))))))))))))))))))))
x ad k (o ad ab b l k r ab) r (r i (w z u (A j i r h (B o g (f t (x C r (z (D (m n o (ad (k (E (f (u (f (g ac (s y h (j (m (F (b (y (w ab i G w d h g m H x s ad j s n g m j q e I ac h j l h n o e J t l ad t s w ad r l K u ac aa g d o m o ac c h s c g u ab i) ad L))))))))))))))))))))))
x ad k (z s j l ad (h s) c (ad r v w a) k r ab) r (r i (w z u (A j i r h (B o g (f t (x C r (z (D (m n o (ad (k (E (f (u (f (g ac (s y h (j (m (F (b (y (w ab i G w d h g m H x s ad j s n g m j q e I ac h j l h n o e J t l ad t s w ad r l K u ac aa g d o m o ac c h s c g u ab i) ad L))))))))))))))))))))))
x ad k (o b (d ab (k s r a)) j l ad (h s) c (ad r v w a) k r ab) r (r i (w z u (A j i r h (B o g (f t (x C r (z (D (m n o (ad (k (E (f (u (f (g ac (s y h (j (m (F (b (y (w ab i G w d h g m H x s ad j s n g m j q e I ac h j l h n o e J t l ad t s w ad r l K u ac aa g d o m o ac c h s c g u ab i) ad L))))))))))))))))))))))
x ad k (z s j l ad (h s) c (ad r v w a) ad (h s) c (ad r v w a) k r ab) r (r i (w z u (A j i r h (B o g (f t (x C r (z (D (m n o (ad (k (E (f (u (f (g ac (s y h (j (m (F (b (y (w ab i G w d h g m H x s ad j s n g m j q e I ac h j l h n o e J t l ad t s w ad r l K u ac aa g d o m o ac c h s c g u ab i) ad L))))))))))))))))))))))
x ad k (o b (d ab (k s r a)) j l ad (h s) c (ad r v w a) ad (h s) c (ad r v w a) k r ab) r (r i (w z u (A j i r h (B o g (f t (x C r (z (D (m n o (ad (k (E (f (u (f (g ac (s y h (j (m (F (b (y (w ab i G w d h g m H x s ad j s n g m j q e I ac h j l h n o e J t l ad t s w ad r l K u ac aa g d o m o ac c h s c g u ab i) ad L))))))))))))))))))))))
x ad k (z s j l ad (h s) c (ad r v w a) ad (h s) c (ad r v w a) ad (h s) c (ad r v w a) k r ab) r (r i (w z u (A j i r h (B o g (f t (x C r (z (D (m n o (ad (k (E (f (u (f (g ac (s y h (j (m (F (b (y (w ab i G w d h g m H x s ad j s n g m j q e I ac h j l h n o e J t l ad t s w ad r l K u ac aa g d o m o ac c h s c g u ab i) ad L))))))))))))))))))))))
x ad k (o b (d ab (k s r a)) j l ad (h s) c (ad r v w a) ad (h s) c (ad r v w a) ad (h s) c (ad r v w a) k r ab) r (r i (w z u (A j i r h (B o g (f t (x C r (z (D (m n o (ad (k (E (f (u (f (g ac (s y h (j (m (F (b (y (w ab i G w d h g m H x s ad j s n g m j q e I ac h j l h n o e J t l ad t s w ad r l K u ac aa g d o m o ac c h s c g u ab i) ad L))))))))))))))))))))))
x ad k (z s j l ad (h s) c (ad r v w a) ad (h s) c (ad r v w a) ad (h s) c (ad r v w a) ad (h s) c (ad r v w a) k r ab) r (r i (w z u (A j i r h (B o g (f t (x C r (z (D (m n o (ad (k (E (f (u (f (g ac (s y h (j (m (F (b (y (w ab i G w d h g m H x s ad j s n g m j q e I ac h j l h n o e J t l ad t s w ad r l K u ac aa g d o m o ac c h s c g u ab i) ad L))))))))))))))))))))))
x ad k (o b (d ab (k s r a)) j l ad (h s) c (ad r v w a) ad (h s) c (ad r v w a) ad (h s) c (ad r v w a) ad (h s) c (ad r v w a) k r ab) r (r i (w z u (A j i r h (B o g (f t (x C r (z (D (m n o (ad (k (E (f (u (f (g ac (s y h (j (m (F (b (y (w ab i G w d h g m H x s ad j s n g m j q e I ac h j l h n o e J t l ad t s w ad r l K u ac aa g d o m o ac c h s c g u ab i) ad L))))))))))))))))))))))
x ad k (z s j l ad (h s) c (ad r v w a) ad (h s) c (ad r v w a) ad (h s) c (ad r v w a) ad (h s) c (ad r v w a) ad (h s) c (ad r v w a) k r ab) r (r i (w z u (A j i r h (B o g (f t (x C r (z (D (m n o (ad (k (E (f (u (f (g ac (s y h (j (m (F (b (y (w ab i G w d h g m H x s ad j s n g m j q e I ac h j l h n o e J t l ad t s w ad r l K u ac aa g d o m o ac c h s c g u ab i) ad L))))))))))))))))))))))
x ad k (o b (d ab (k s r a)) j l ad (h s) c (ad r v w a) ad (h s) c (ad r v w a) ad (h s) c (ad r v w a) ad (h s) c (ad r v w a) ad (h s) c (ad r v w a) k r ab) r (r i (w z u (A j i r h (B o g (f t (x C r (z (D (m n o (ad (k (E (f (u (f (g ac (s y h (j (m (F (b (y (w ab i G w d h g m H x s ad j s n g m j q e I ac h j l h n o e J t l ad t s w ad r l K u ac aa g d o m o ac c h s c g u ab i) ad L))))))))))))))))))))))
x ad k (z s j l ad (h s) c (ad r v w a) ad (h s) c (ad r v w a) ad (h s) c (ad r v w a) ad (h s) c (ad r v w a) ad (h s) c (ad r v w a) ad (h s) c (ad r v w a) k r ab) r (r i (w z u (A j i r h (B o g (f t (x C r (z (D (m n o (ad (k (E (f (u (f (g ac (s y h (j (m (F (b (y (w ab i G w d h g m H x s ad j s n g m j q e I ac h j l h n o e J t l ad t s w ad r l K u ac aa g d o m o ac c h s c g u ab i) ad L))))))))))))))))))))))
x ad k (o b (d ab (k s r a)) j l ad (h s) c (ad r v w a) ad (h s) c (ad r v w a) ad (h s) c (ad r v w a) ad (h s) c (ad r v w a) ad (h s) c (ad r v w a) ad (h s) c (ad r v w a) k r ab) r (r i (w z u (A j i r h (B o g (f t (x C r (z (D (m n o (ad (k (E (f (u (f (g ac (s y h (j (m (F (b (y (w ab i G w d h g m H x s ad j s n g m j q e I ac h j l h n o e J t l ad t s w ad r l K u ac aa g d o m o ac c h s c g u ab i) ad L))))))))))))))))))))))
x ad k (z s j l ad (h s) c (ad r v w a) ad (h s) c (ad r v w a) ad (h s) c (ad r v w a) ad (h s) c (ad r v w a) ad (h s) c (ad r v w a) ad (h s) c (ad r v w a) ad (h s) c (ad r v w a) k r ab) r (r i (w z u (A j i r h (B o g (f t (x C r (z (D (m n o (ad (k (E (f (u (f (g ac (s y h (j (m (F (b (y (w ab i G w d h g m H x s ad j s n g m j q e I ac h j l h n o e J t l ad t s w ad r l K u ac aa g d o m o ac c h s c g u ab i) ad L))))))))))))))))))))))
x ad k (o b (d ab (k s r a)) j l ad (h s) c (ad r v w a) ad (h s) c (ad r v w a) ad (h s) c (ad r v w a) ad (h s) c (ad r v w a) ad (h s) c (ad r v w a) ad (h s) c (ad r v w a) ad (h s) c (ad r v w a) k r ab) r (r i (w z u (A j i r h (B o g (f t (x C r (z (D (m n o (ad (k (E (f (u (f (g ac (s y h (j (m (F (b (y (w ab i G w d h g m H x s ad j s n g m j q e I ac h j l h n o e J t l ad t s w ad r l K u ac aa g d o m o ac c h s c g u ab i) ad L))))))))))))))))))))))
x ad k (z s j l ad (h s) c (ad r v w a) ad (h s) c (ad r v w a) ad (h s) c (ad r v w a) ad (h s) c (ad r v w a) ad (h s) c (ad r v w a) ad (h s) c (ad r v w a) ad (h s) c (ad r v w a) ad (h s) c (ad r v w a) k r ab) r (r i (w z u (A j i r h (B o g (f t (x C r (z (D (m n o (ad (k (E (f (u (f (g ac (s y h (j (m (F (b (y (w ab i G w d h g m H x s ad j s n g m j q e I ac h j l h n o e J t l ad t s w ad r l K u ac aa g d o m o ac c h s c g u ab i) ad L))))))))))))))))))))))
x ad k (o b (d ab (k s r a)) j l ad (h s) c (ad r v w a) ad (h s) c (ad r v w a) ad (h s) c (ad r v w a) ad (h s) c (ad r v w a) ad (h s) c (ad r v w a) ad (h s) c (ad r v w a) ad (h s) c (ad r v w a) ad (h s) c (ad r v w a) k r ab) r (r i (w z u (A j i r h (B o g (f t (x C r (z (D (m n o (ad (k (E (f (u (f (g ac (s y h (j (m (F (b (y (w ab i G w d h g m H x s ad j s n g m j q e I ac h j l h n o e J t l ad t s w ad r l K u ac aa g d o m o ac c h s c g u ab i) ad L))))))))))))))))))))))
x ad k (z s j l ad (h s) c (ad r v w a) ad (h s) c (ad r v w a) ad (h s) c (ad r v w a) ad (h s) c (ad r v w a) ad (h s) c (ad r v w a) ad (h s) c (ad r v w a) ad (h s) c (ad r v w a) ad (h s) c (ad r v w a) ad (h s) c (ad r v w a) k r ab) r (r i (w z u (A j i r h (B o g (f t (x C r (z (D (m n o (ad (k (E (f (u (f (g ac (s y h (j (m (F (b (y (w ab i G w d h g m H x s ad j s n g m j q e I ac h j l h n o e J t l ad t s w ad r l K u ac aa g d o m o ac c h s c g u ab i) ad L))))))))))))))))))))))
x ad k (o b (d ab (k s r a)) j l ad (h s) c (ad r v w a) ad (h s) c (ad r v w a) ad (h s) c (ad r v w a) ad (h s) c (ad r v w a) ad (h s) c (ad r v w a) ad (h s) c (ad r v w a) ad (h s) c (ad r v w a) ad (h s) c (ad r v w a) ad (h s) c (ad r v w a) k r ab) r (r i (w z u (A j i r h (B o g (f t (x C r (z (D (m n o (ad (k (E (f (u (f (g ac (s y h (j (m (F (b (y (w ab i G w d h g m H x s ad j s n g m j q e I ac h j l h n o e J t l ad t s w ad r l K u ac aa g d o m o ac c h s c g u ab i) ad L))))))))))))))))))))))
x ad k (z s j l ad (h s) c (ad r v w a) ad (h s) c (ad r v w a) ad (h s) c (ad r v w a) ad (h s) c (ad r v w a) ad (h s) c (ad r v w a) ad (h s) c (ad r v w a) ad (h s) c (ad r v w a) ad (h s) c (ad r v w a) ad (h s) c (ad r v w a) ad (h s) c (ad r v w a) k r ab) r (r i (w z u (A j i r h (B o g (f t (x C r (z (D (m n o (ad (k (E (f (u (f (g ac (s y h (j (m (F (b (y (w ab i G w d h g m H x s ad j s n g m j q e I ac h j l h n o e J t l ad t s w ad r l K u ac aa g d o m o ac c h s c g u ab i) ad L))))))))))))))))))))))
x ad k (o b (d ab (k s r a)) j l ad (h s) c (ad r v w a) ad (h s) c (ad r v w a) ad (h s) c (ad r v w a) ad (h s) c (ad r v w a) ad (h s) c (ad r v w a) ad (h s) c (ad r v w a) ad (h s) c (ad r v w a) ad (h s) c (ad r v w a) ad (h s) c (ad r v w a) ad (h s) c (ad r v w a) k r ab) r (r i (w z u (A j i r h (B o g (f t (x C r (z (D (m n o (ad (k (E (f (u (f (g ac (s y h (j (m (F (b (y (w ab i G w d h g m H x s ad j s n g m j q e I ac h j l h n o e J t l ad t s w ad r l K u ac aa g d o m o ac c h s c g u ab i) ad L))))))))))))))))))))))
x ad k (z s j l ad (h s) c (ad r v w a) ad (h s) c (ad r v w a) ad (h s) c (ad r v w a) ad (h s) c (ad r v w a) ad (h s) c (ad r v w a) ad (h s) c (ad r v w a) ad (h s) c (ad r v w a) ad (h s) c (ad r v w a) ad (h s) c (ad r v w a) ad (h s) c (ad r v w a) ad (h s) c (ad r v w a) k r ab) r (r i (w z u (A j i r h (B o g (f t (x C r (z (D (m n o (ad (k (E (f (u (f (g ac (s y h (j (m (F (b (y (w ab i G w d h g m H x s ad j s n g m j q e I ac h j l h n o e J t l ad t s w ad r l K u ac aa g d o m o ac c h s c g u ab i) ad L))))))))))))))))))))))
x ad k (o b (d ab (k s r a)) j l ad (h s) c (ad r v w a) ad (h s) c (ad r v w a) ad (h s) c (ad r v w a) ad (h s) c (ad r v w a) ad (h s) c (ad r v w a) ad (h s) c (ad r v w a) ad (h s) c (ad r v w a) ad (h s) c (ad r v w a) ad (h s) c (ad r v w a) ad (h s) c (ad r v w a) ad (h s) c (ad r v w a) k r ab) r (r i (w z u (A j i r h (B o g (f t (x C r (z (D (m n o (ad (k (E (f (u (f (g ac (s y h (j (m (F (b (y (w ab i G w d h g m H x s ad j s n g m j q e I ac h j l h n o e J t l ad t s w ad r l K u ac aa g d o m o ac c h s c g u ab i) ad L))))))))))))))))))))))
x ad k (z s j l ad (h s) c (ad r v w a) ad (h s) c (ad r v w a) ad (h s) c (ad r v w a) ad (h s) c (ad r v w a) ad (h s) c (ad r v w a) ad (h s) c (ad r v w a) ad (h s) c (ad r v w a) ad (h s) c (ad r v w a) ad (h s) c (ad r v w a) ad (h s) c (ad r v w a) ad (h s) c (ad r v w a) ad (h s) c (ad r v w a) k r ab) r (r i (w z u (A j i r h (B o g (f t (x C r (z (D (m n o (ad (k (E (f (u (f (g ac (s y h (j (m (F (b (y (w ab i G w d h g m H x s ad j s n g m j q e I ac h j l h n o e J t l ad t s w ad r l K u ac aa g d o m o ac c h s c g u ab i) ad L))))))))))))))))))))))
x ad k (o b (d ab (k s r a)) j l ad (h s) c (ad r v w a) ad (h s) c (ad r v w a) ad (h s) c (ad r v w a) ad (h s) c (ad r v w a) ad (h s) c (ad r v w a) ad (h s) c (ad r v w a) ad (h s) c (ad r v w a) ad (h s) c (ad r v w a) ad (h s) c (ad r v w a) ad (h s) c (ad r v w a) ad (h s) c (ad r v w a) ad (h s) c (ad r v w a) k r ab) r (r i (w z u (A j i r h (B o g (f t (x C r (z (D (m n o (ad (k (E (f (u (f (g ac (s y h (j (m (F (b (y (w ab i G w d h g m H x s ad j s n g m j q e I ac h j l h n o e J t l ad t s w ad r l K u ac aa g d o m o ac c h s c g u ab i) ad L))))))))))))))))))))))
x ad k (z s j l ad (h s) c (ad r v w a) ad (h s) c (ad r v w a) ad (h s) c (ad r v w a) ad (h s) c (ad r v w a) ad (h s) c (ad r v w a) ad (h s) c (ad r v w a) ad (h s) c (ad r v w a) ad (h s) c (ad r v w a) ad (h s) c (ad r v w a) ad (h s) c (ad r v w a) ad (h s) c (ad r v w a) ad (h s) c (ad r v w a) ad (h s) c (ad r v w a) k r ab) r (r i (w z u (A j i r h (B o g (f t (x C r (z (D (m n o (ad (k (E (f (u (f (g ac (s y h (j (m (F (b (y (w ab i G w d h g m H x s ad j s n g m j q e I ac h j l h n o e J t l ad t s w ad r l K u ac aa g d o m o ac c h s c g u ab i) ad L))))))))))))))))))))))
x ad k (o b (d ab (k s r a)) j l ad (h s) c (ad r v w a) ad (h s) c (ad r v w a) ad (h s) c (ad r v w a) ad (h s) c (ad r v w a) ad (h s) c (ad r v w a) ad (h s) c (ad r v w a) ad (h s) c (ad r v w a) ad (h s) c (ad r v w a) ad (h s) c (ad r v w a) ad (h s) c (ad r v w a) ad (h s) c (ad r v w a) ad (h s) c (ad r v w a) ad (h s) c (ad r v w a) k r ab) r (r i (w z u (A j i r h (B o g (f t (x C r (z (D (m n o (ad (k (E (f (u (f (g ac (s y h (j (m (F (b (y (w ab i G w d h g m H x s ad j s n g m j q e I ac h j l h n o e J t l ad t s w ad r l K u ac aa g d o m o ac c h s c g u ab i) ad L))))))))))))))))))))))
x ad k (z s j l ad (h s) c (ad r v w a) ad (h s) c (ad r v w a) ad (h s) c (ad r v w a) ad (h s) c (ad r v w a) ad (h s) c (ad r v w a) ad (h s) c (ad r v w a) ad (h s) c (ad r v w a) ad (h s) c (ad r v w a) ad (h s) c (ad r v w a) ad (h s) c (ad r v w a) ad (h s) c (ad r v w a) ad (h s) c (ad r v w a) ad (h s) c (ad r v w a) ad (h s) c (ad r v w a) k r ab) r (r i (w z u (A j i r h (B o g (f t (x C r (z (D (m n o (ad (k (E (f (u (f (g ac (s y h (j (m (F (b (y (w ab i G w d h g m H x s ad j s n g m j q e I ac h j l h n o e J t l ad t s w ad r l K u ac aa g d o m o ac c h s c g u ab i) ad L))))))))))))))))))))))
x ad k (o b (d ab (k s r a)) j l ad (h s) c (ad r v w a) ad (h s) c (ad r v w a) ad (h s) c (ad r v w a) ad (h s) c (ad r v w a) ad (h s) c (ad r v w a) ad (h s) c (ad r v w a) ad (h s) c (ad r v w a) ad (h s) c (ad r v w a) ad (h s) c (ad r v w a) ad (h s) c (ad r v w a) ad (h s) c (ad r v w a) ad (h s) c (ad r v w a) ad (h s) c (ad r v w a) ad (h s) c (ad r v w a) k r ab) r (r i (w z u (A j i r h (B o g (f t (x C r (z (D (m n o (ad (k (E (f (u (f (g ac (s y h (j (m (F (b (y (w ab i G w d h g m H x s ad j s n g m j q e I ac h j l h n o e J t l ad t s w ad r l K u ac aa g d o m o ac c h s c g u ab i) ad L))))))))))))))))))))))


