a af ae ag ah = g (k v (g ac h (h x b o q x e h) t s))
b ai af ae ag ah = f c p (ad (ac (ad d l (x p m w) h ah o)))
c ae = ae e (n (v r d q (d ab (n k) w q a g t)))
d ae = r u n i ab (n q o b ab)
e ag ah ae af = j (x w p ac k aa l)
f ae = q y ab (s i (m (m k q) i h w e z s))
g ag af ae = w (e (v j (r i e v (y i af t n b o k y z))))
h ah ag ai af aj ae = d (l s (ab ac t k z ac y c))
i af ae = x l l f c l
j ae af = c ad af t ac x l m (m u)
k = ac m f (s (aa w (u (ab z ab) p y q m d)))
l = x p x n (x (k (g b f i x u)))
m ag ah af ae = q i (u h v) (q (t aa (c d w e h c a ab)))
n ag ae af = e f a (a (f r t ad g) d a x)
o ae af = a (ab r a f e p)
p = c (x n c ab)
q ai ah aj ag af ae = ab (w (f (ad f b ac m y x)))
r ag af ae = u (k z (af b y a aa k ac))
s ah ae af ag = ah y (ah x ac aa w)
t ae = x aa
u ae ag af ah = s (aa i e z q c p)
v ag af ae = ac (ae (q (ae ac b q b) a o))
w = m s v
x ah ae ag ai af = b (p c (ad ae (q m j t y e t s d) b))
y ae = ab (h a u u l)
z ag ai ae af ah = m (y (h h h (m g (g v l aa) u n y d e f ag)))
aa ae ag af = u m o (k ae (p o) m (ab ag) (y m f m u ac))
ab ag ae af = d l (v m (aa ag l aa q v n))
ac ag ae af = e (v (u d) (d (ad g k ae a t aa j)))
ad ae af = f (j o r m d c (m z (k (j d af y l) t) o))
main = ac h (m (A l v (B c (g u (s C D (z (c ad (r (x (E F (w (x ac (ac (m (G (f b a ad (h f l i (i (t (s (a (H (I n ac ab j h u o j e z a ab d z q e ab ac y u J u a r i x u a) f K L g o u c v x u w l r a M N t g d e t ad b i m) O j p aa c P g)))))))))))))))))))))
------------------------------------------------------------
ac h (m (A l v (B c (g u (s C D (z (c ad (r (x (E F (w (x ac (ac (m (G (f b a ad (h f l i (i (t (s (a (H (I n ac ab j h u o j e z a ab d z q e ab ac y u J u a r i x u a) f K L g o u c v x u w l r a M N t g d e t ad b i m) O j p aa c P g)))))))))))))))))))))
ac h (m (A (x p x n (x (k (g b f i x u)))) v (B c (g u (s C D (z (c ad (r (x (E F (w (x ac (ac (m (G (f b a ad (h f l i (i (t (s (a (H (I n ac ab j h u o j e z a ab d z q e ab ac y u J u a r i x u a) f K L g o u c v x u w l r a M N t g d e t ad b i m) O j p aa c P g)))))))))))))))))))))
ac h (m (A (x (c (x n c ab)) x n (x (k (g b f i x u)))) v (B c (g u (s C D (z (c ad (r (x (E F (w (x ac (ac (m (G (f b a ad (h f l i (i (t (s (a (H (I n ac ab j h u o j e z a ab d z q e ab ac y u J u a r i x u a) f K L g o u c v x u w l r a M N t g d e t ad b i m) O j p aa c P g)))))))))))))))))))))
ac h (m (A (x (x n c ab e (n (v r d q (d ab (n k) w q a g t)))) x n (x (k (g b f i x u)))) v (B c (g u (s C D (z (c ad (r (x (E F (w (x ac (ac (m (G (f b a ad (h f l i (i (t (s (a (H (I n ac ab j h u o j e z a ab d z q e ab ac y u J u a r i x u a) f K L g o u c v x u w l r a M N t g d e t ad b i m) O j p aa c P g)))))))))))))))))))))
ac h (m (A (x (b (p c (ad c (q m j t y e t s d) b))) x n (x (k (g b f i x u)))) v (B c (g u (s C D (z (c ad (r (x (E F (w (x ac (ac (m (G (f b a ad (h f l i (i (t (s (a (H (I n ac ab j h u o j e z a ab d z q e ab ac y u J u a r i x u a) f K L g o u c v x u w l r a M N t g d e t ad b i m) O j p aa c P g)))))))))))))))))))))
ac h (m (A (x (b (c (x n c ab) c (ad c (q m j t y e t s d) b))) x n (x (k (g b f i x u)))) v (B c (g u (s C D (z (c ad (r (x (E F (w (x ac (ac (m (G (f b a ad (h f l i (i (t (s (a (H (I n ac ab j h u o j e z a ab d z q e ab ac y u J u a r i x u a) f K L g o u c v x u w l r a M N t g d e t ad b i m) O j p aa c P g)))))))))))))))))))))
ac h (m (A (x (b (x n c ab e (n (v r d q (d ab (n k) w q a g t))) c (ad c (q m j t y e t s d) b))) x n (x (k (g b f i x u)))) v (B c (g u (s C D (z (c ad (r (x (E F (w (x ac (ac (m (G (f b a ad (h f l i (i (t (s (a (H (I n ac ab j h u o j e z a ab d z q e ab ac y u J u a r i x u a) f K L g o u c v x u w l r a M N t g d e t ad b i m) O j p aa c P g)))))))))))))))))))))
ac h (m (A (x (b (b (p c (ad c (q m j t y e t s d) b)) c (ad c (q m j t y e t s d) b))) x n (x (k (g b f i x u)))) v (B c (g u (s C D (z (c ad (r (x (E F (w (x ac (ac (m (G (f b a ad (h f l i (i (t (s (a (H (I n ac ab j h u o j e z a ab d z q e ab ac y u J u a r i x u a) f K L g o u c v x u w l r a M N t g d e t ad b i m) O j p aa c P g)))))))))))))))))))))
ac h (m (A (x (b (b (c (x n c ab) c (ad c (q m j t y e t s d) b)) c (ad c (q m j t y e t s d) b))) x n (x (k (g b f i x u)))) v (B c (g u (s C D (z (c ad (r (x (E F (w (x ac (ac (m (G (f b a ad (h f l i (i (t (s (a (H (I n ac ab j h u o j e z a ab d z q e ab ac y u J u a r i x u a) f K L g o u c v x u w l r a M N t g d e t ad b i m) O j p aa c P g)))))))))))))))))))))
ac h (m (A (x (b (b (x n c ab e (n (v r d q (d ab (n k) w q a g t))) c (ad c (q m j t y e t s d) b)) c (ad c (q m j t y e t s d) b))) x n (x (k (g b f i x u)))) v (B c (g u (s C D (z (c ad (r (x (E F (w (x ac (ac (m (G (f b a ad (h f l i (i (t (s (a (H (I n ac ab j h u o j e z a ab d z q e ab ac y u J u a r i x u a) f K L g o u c v x u w l r a M N t g d e t ad b i m) O j p aa c P g)))))))))))))))))))))
ac h (m (A (x (b (b (b (p c (ad c (q m j t y e t s d) b)) c (ad c (q m j t y e t s d) b)) c (ad c (q m j t y e t s d) b))) x n (x (k (g b f i x u)))) v (B c (g u (s C D (z (c ad (r (x (E F (w (x ac (ac (m (G (f b a ad (h f l i (i (t (s (a (H (I n ac ab j h u o j e z a ab d z q e ab ac y u J u a r i x u a) f K L g o u c v x u w l r a M N t g d e t ad b i m) O j p aa c P g)))))))))))))))))))))
ac h (m (A (x (b (b (b (c (x n c ab) c (ad c (q m j t y e t s d) b)) c (ad c (q m j t y e t s d) b)) c (ad c (q m j t y e t s d) b))) x n (x (k (g b f i x u)))) v (B c (g u (s C D (z (c ad (r (x (E F (w (x ac (ac (m (G (f b a ad (h f l i (i (t (s (a (H (I n ac ab j h u o j e z a ab d z q e ab ac y u J u a r i x u a) f K L g o u c v x u w l r a M N t g d e t ad b i m) O j p aa c P g)))))))))))))))))))))
ac h (m (A (x (b (b (b (x n c ab e (n (v r d q (d ab (n k) w q a g t))) c (ad c (q m j t y e t s d) b)) c (ad c (q m j t y e t s d) b)) c (ad c (q m j t y e t s d) b))) x n (x (k (g b f i x u)))) v (B c (g u (s C D (z (c ad (r (x (E F (w (x ac (ac (m (G (f b a ad (h f l i (i (t (s (a (H (I n ac ab j h u o j e z a ab d z q e ab ac y u J u a r i x u a) f K L g o u c v x u w l r a M N t g d e t ad b i m) O j p aa c P g)))))))))))))))))))))
ac h (m (A (x (b (b (b (b (p c (ad c (q m j t y e t s d) b)) c (ad c (q m j t y e t s d) b)) c (ad c (q m j t y e t s d) b)) c (ad c (q m j t y e t s d) b))) x n (x (k (g b f i x u)))) v (B c (g u (s C D (z (c ad (r (x (E F (w (x ac (ac (m (G (f b a ad (h f l i (i (t (s (a (H (I n ac ab j h u o j e z a ab d z q e ab ac y u J u a r i x u a) f K L g o u c v x u w l r a M N t g d e t ad b i m) O j p aa c P g)))))))))))))))))))))
ac h (m (A (x (b (b (b (b (c (x n c ab) c (ad c (q m j t y e t s d) b)) c (ad c (q m j t y e t s d) b)) c (ad c (q m j t y e t s d) b)) c (ad c (q m j t y e t s d) b))) x n (x (k (g b f i x u)))) v (B c (g u (s C D (z (c ad (r (x (E F (w (x ac (ac (m (G (f b a ad (h f l i (i (t (s (a (H (I n ac ab j h u o j e z a ab d z q e ab ac y u J u a r i x u a) f K L g o u c v x u w l r a M N t g d e t ad b i m) O j p aa c P g)))))))))))))))))))))
ac h (m (A (x (b (b (b (b (x n c ab e (n (v r d q (d ab (n k) w q a g t))) c (ad c (q m j t y e t s d) b)) c (ad c (q m j t y e t s d) b)) c (ad c (q m j t y e t s d) b)) c (ad c (q m j t y e t s d) b))) x n (x (k (g b f i x u)))) v (B c (g u (s C D (z (c ad (r (x (E F (w (x ac (ac (m (G (f b a ad (h f l i (i (t (s (a (H (I n ac ab j h u o j e z a ab d z q e ab ac y u J u a r i x u a) f K L g o u c v x u w l r a M N t g d e t ad b i m) O j p aa c P g)))))))))))))))))))))
ac h (m (A (x (b (b (b (b (b (p c (ad c (q m j t y e t s d) b)) c (ad c (q m j t y e t s d) b)) c (ad c (q m j t y e t s d) b)) c (ad c (q m j t y e t s d) b)) c (ad c (q m j t y e t s d) b))) x n (x (k (g b f i x u)))) v (B c (g u (s C D (z (c ad (r (x (E F (w (x ac (ac (m (G (f b a ad (h f l i (i (t (s (a (H (I n ac ab j h u o j e z a ab d z q e ab ac y u J u a r i x u a) f K L g o u c v x u w l r a M N t g d e t ad b i m) O j p aa c P g)))))))))))))))))))))
ac h (m (A (x (b (b (b (b (b (c (x n c ab) c (ad c (q m j t y e t s d) b)) c (ad c (q m j t y e t s d) b)) c (ad c (q m j t y e t s d) b)) c (ad c (q m j t y e t s d) b)) c (ad c (q m j t y e t s d) b))) x n (x (k (g b f i x u)))) v (B c (g u (s C D (z (c ad (r (x (E F (w (x ac (ac (m (G (f b a ad (h f l i (i (t (s (a (H (I n ac ab j h u o j e z a ab d z q e ab ac y u J u a r i x u a) f K L g o u c v x u w l r a M N t g d e t ad b i m) O j p aa c P g)))))))))))))))))))))
ac h (m (A (x (b (b (b (b (b (x n c ab e (n (v r d q (d ab (n k) w q a g t))) c (ad c (q m j t y e t s d) b)) c (ad c (q m j t y e t s d) b)) c (ad c (q m j t y e t s d) b)) c (ad c (q m j t y e t s d) b)) c (ad c (q m j t y e t s d) b))) x n (x (k (g b f i x u)))) v (B c (g u (s C D (z (c ad (r (x (E F (w (x ac (ac (m (G (f b a ad (h f l i (i (t (s (a (H (I n ac ab j h u o j e z a ab d z q e ab ac y u J u a r i x u a) f K L g o u c v x u w l r a M N t g d e t ad b i m) O j p aa c P g)))))))))))))))))))))
ac h (m (A (x (b (b (b (b (b (b (p c (ad c (q m j t y e t s d) b)) c (ad c (q m j t y e t s d) b)) c (ad c (q m j t y e t s d) b)) c (ad c (q m j t y e t s d) b)) c (ad c (q m j t y e t s d) b)) c (ad c (q m j t y e t s d) b))) x n (x (k (g b f i x u)))) v (B c (g u (s C D (z (c ad (r (x (E F (w (x ac (ac (m (G (f b a ad (h f l i (i (t (s (a (H (I n ac ab j h u o j e z a ab d z q e ab ac y u J u a r i x u a) f K L g o u c v x u w l r a M N t g d e t ad b i m) O j p aa c P g)))))))))))))))))))))
ac h (m (A (x (b (b (b (b (b (b (c (x n c ab) c (ad c (q m j t y e t s d) b)) c (ad c (q m j t y e t s d) b)) c (ad c (q m j t y e t s d) b)) c (ad c (q m j t y e t s d) b)) c (ad c (q m j t y e t s d) b)) c (ad c (q m j t y e t s d) b))) x n (x (k (g b f i x u)))) v (B c (g u (s C D (z (c ad (r (x (E F (w (x ac (ac (m (G (f b a ad (h f l i (i (t (s (a (H (I n ac ab j h u o j e z a ab d z q e ab ac y u J u a r i x u a) f K L g o u c v x u w l r a M N t g d e t ad b i m) O j p aa c P g)))))))))))))))))))))
ac h (m (A (x (b (b (b (b (b (b (x n c ab e (n (v r d q (d ab (n k) w q a g t))) c (ad c (q m j t y e t s d) b)) c (ad c (q m j t y e t s d) b)) c (ad c (q m j t y e t s d) b)) c (ad c (q m j t y e t s d) b)) c (ad c (q m j t y e t s d) b)) c (ad c (q m j t y e t s d) b))) x n (x (k (g b f i x u)))) v (B c (g u (s C D (z (c ad (r (x (E F (w (x ac (ac (m (G (f b a ad (h f l i (i (t (s (a (H (I n ac ab j h u o j e z a ab d z q e ab ac y u J u a r i x u a) f K L g o u c v x u w l r a M N t g d e t ad b i m) O j p aa c P g)))))))))))))))))))))
ac h (m (A (x (b (b (b (b (b (b (b (p c (ad c (q m j t y e t s d) b)) c (ad c (q m j t y e t s d) b)) c (ad c (q m j t y e t s d) b)) c (ad c (q m j t y e t s d) b)) c (ad c (q m j t y e t s d) b)) c (ad c (q m j t y e t s d) b)) c (ad c (q m j t y e t s d) b))) x n (x (k (g b f i x u)))) v (B c (g u (s C D (z (c ad (r (x (E F (w (x ac (ac (m (G (f b a ad (h f l i (i (t (s (a (H (I n ac ab j h u o j e z a ab d z q e ab ac y u J u a r i x u a) f K L g o u c v x u w l r a M N t g d e t ad b i m) O j p aa c P g)))))))))))))))))))))
ac h (m (A (x (b (b (b (b (b (b (b (c (x n c ab) c (ad c (q m j t y e t s d) b)) c (ad c (q m j t y e t s d) b)) c (ad c (q m j t y e t s d) b)) c (ad c (q m j t y e t s d) b)) c (ad c (q m j t y e t s d) b)) c (ad c (q m j t y e t s d) b)) c (ad c (q m j t y e t s d) b))) x n (x (k (g b f i x u)))) v (B c (g u (s C D (z (c ad (r (x (E F (w (x ac (ac (m (G (f b a ad (h f l i (i (t (s (a (H (I n ac ab j h u o j e z a ab d z q e ab ac y u J u a r i x u a) f K L g o u c v x u w l r a M N t g d e t ad b i m) O j p aa c P g)))))))))))))))))))))
ac h (m (A (x (b (b (b (b (b (b (b (x n c ab e (n (v r d q (d ab (n k) w q a g t))) c (ad c (q m j t y e t s d) b)) c (ad c (q m j t y e t s d) b)) c (ad c (q m j t y e t s d) b)) c (ad c (q m j t y e t s d) b)) c (ad c (q m j t y e t s d) b)) c (ad c (q m j t y e t s d) b)) c (ad c (q m j t y e t s d) b))) x n (x (k (g b f i x u)))) v (B c (g u (s C D (z (c ad (r (x (E F (w (x ac (ac (m (G (f b a ad (h f l i (i (t (s (a (H (I n ac ab j h u o j e z a ab d z q e ab ac y u J u a r i x u a) f K L g o u c v x u w l r a M N t g d e t ad b i m) O j p aa c P g)))))))))))))))))))))
ac h (m (A (x (b (b (b (b (b (b (b (b (p c (ad c (q m j t y e t s d) b)) c (ad c (q m j t y e t s d) b)) c (ad c (q m j t y e t s d) b)) c (ad c (q m j t y e t s d) b)) c (ad c (q m j t y e t s d) b)) c (ad c (q m j t y e t s d) b)) c (ad c (q m j t y e t s d) b)) c (ad c (q m j t y e t s d) b))) x n (x (k (g b f i x u)))) v (B c (g u (s C D (z (c ad (r (x (E F (w (x ac (ac (m (G (f b a ad (h f l i (i (t (s (a (H (I n ac ab j h u o j e z a ab d z q e ab ac y u J u a r i x u a) f K L g o u c v x u w l r a M N t g d e t ad b i m) O j p aa c P g)))))))))))))))))))))
ac h (m (A (x (b (b (b (b (b (b (b (b (c (x n c ab) c (ad c (q m j t y e t s d) b)) c (ad c (q m j t y e t s d) b)) c (ad c (q m j t y e t s d) b)) c (ad c (q m j t y e t s d) b)) c (ad c (q m j t y e t s d) b)) c (ad c (q m j t y e t s d) b)) c (ad c (q m j t y e t s d) b)) c (ad c (q m j t y e t s d) b))) x n (x (k (g b f i x u)))) v (B c (g u (s C D (z (c ad (r (x (E F (w (x ac (ac (m (G (f b a ad (h f l i (i (t (s (a (H (I n ac ab j h u o j e z a ab d z q e ab ac y u J u a r i x u a) f K L g o u c v x u w l r a M N t g d e t ad b i m) O j p aa c P g)))))))))))))))))))))
ac h (m (A (x (b (b (b (b (b (b (b (b (x n c ab e (n (v r d q (d ab (n k) w q a g t))) c (ad c (q m j t y e t s d) b)) c (ad c (q m j t y e t s d) b)) c (ad c (q m j t y e t s d) b)) c (ad c (q m j t y e t s d) b)) c (ad c (q m j t y e t s d) b)) c (ad c (q m j t y e t s d) b)) c (ad c (q m j t y e t s d) b)) c (ad c (q m j t y e t s d) b))) x n (x (k (g b f i x u)))) v (B c (g u (s C D (z (c ad (r (x (E F (w (x ac (ac (m (G (f b a ad (h f l i (i (t (s (a (H (I n ac ab j h u o j e z a ab d z q e ab ac y u J u a r i x u a) f K L g o u c v x u w l r a M N t g d e t ad b i m) O j p aa c P g)))))))))))))))))))))
ac h (m (A (x (b (b (b (b (b (b (b (b (b (p c (ad c (q m j t y e t s d) b)) c (ad c (q m j t y e t s d) b)) c (ad c (q m j t y e t s d) b)) c (ad c (q m j t y e t s d) b)) c (ad c (q m j t y e t s d) b)) c (ad c (q m j t y e t s d) b)) c (ad c (q m j t y e t s d) b)) c (ad c (q m j t y e t s d) b)) c (ad c (q m j t y e t s d) b))) x n (x (k (g b f i x u)))) v (B c (g u (s C D (z (c ad (r (x (E F (w (x ac (ac (m (G (f b a ad (h f l i (i (t (s (a (H (I n ac ab j h u o j e z a ab d z q e ab ac y u J u a r i x u a) f K L g o u c v x u w l r a M N t g d e t ad b i m) O j p aa c P g)))))))))))))))))))))
ac h (m (A (x (b (b (b (b (b (b (b (b (b (c (x n c ab) c (ad c (q m j t y e t s d) b)) c (ad c (q m j t y e t s d) b)) c (ad c (q m j t y e t s d) b)) c (ad c (q m j t y e t s d) b)) c (ad c (q m j t y e t s d) b)) c (ad c (q m j t y e t s d) b)) c (ad c (q m j t y e t s d) b)) c (ad c (q m j t y e t s d) b)) c (ad c (q m j t y e t s d) b))) x n (x (k (g b f i x u)))) v (B c (g u (s C D (z (c ad (r (x (E F (w (x ac (ac (m (G (f b a ad (h f l i (i (t (s (a (H (I n ac ab j h u o j e z a ab d z q e ab ac y u J u a r i x u a) f K L g o u c v x u w l r a M N t g d e t ad b i m) O j p aa c P g)))))))))))))))))))))


