a ah ai ag ae af = c (ai t v ad af (b m b b u) l)
b ae = o o (t d s (d (i y t ab u w q k aa h)))
c ae = t u ae ab (ad ae p (e (s n ab k ad z m ad)))
d af ae = m (l (n l ab) f k b v)
e ae = b ab j (u (t (m (s f ab c c c p ae z t aa))))
f ae af = t t n e (g e (w j l ad r a aa q))
g ae = j o (m (o (r v t z) l q t b))
h ah af ag aj ai ae = u (d r v (p z i ab n (u a w k n ac v) r) ad)
i ae ai aj af ah ag = k z r (u (k b (t ac) k c (b y e d)))
j af ae = x ae t k (ac (v (h (g ad e ad w) ab x e s o)))
k ae ah ai af aj ag = l aj (q (x j u (f b r u l x b i w ac y aa)))
l ae = f ad ad (m (ae i (b (i i k u u x e v s z))))
m ae af = x n (e (n (i k y aa w v u f)))
n ae = g x a v (ae (k (k x z q o e w) x q))
o af ae = k (d (a (h e j ac) (v aa e h s j aa m) v))
p ah ag ae af = r ab a (e (ah (n g j q ab r aa c af x w u)))
q ae ag ah ai af aj = af x (l (t (d s (a (k r p f y) g) g) ae ab))
r ae = d (j x) (n n (s p m q x) j d)
s ae = i (h (x y (j h j ac t d)))
t = ab f o (v y (a (f (r g h z (s c m k o ad) h))))
u ae = ae i h (r f i a d (e z x x h))
v = j ad w l w (m s j) (a x)
w ae = p n (n (ab o (ae i p ad l i y b y n)))
x = aa (b h o (d i (o k h b) ab (m h d ad) u k))
y af ae = aa r (g c) (n (x af p ad u b f))
z ai ah ag ae af = m m (a q l (i ac ai ac b u))
aa ag ah ae ai aj af = d (r n (ae (m (c q ad b v p m f n af) k)))
ab af ag ae = y (h (z s w) c)
ac ag ah af aj ae ai = o c (z f l s)
ad aj ah ag ae af ai = x aa w v x s (l b (y (f l aa) h m b a))
main = n e n (A B C l y (D (E (F h (w r (h (q o s r) a j n (f (p ad k s f w (ac (m (u (G a o (g o (g (H (d (a e (I (ab (g ad J K L M N O v m h n s z a q a n P ac d h m ad Q ac ac y o w i k) u o) f b c R k m v d t) i b y S v w t T) z j a h b))))))))))))))))
------------------------------------------------------------
n e n (A B C l y (D (E (F h (w r (h (q o s r) a j n (f (p ad k s f w (ac (m (u (G a o (g o (g (H (d (a e (I (ab (g ad J K L M N O v m h n s z a q a n P ac d h m ad Q ac ac y o w i k) u o) f b c R k m v d t) i b y S v w t T) z j a h b))))))))))))))))
g x a v (e (k (k x z q o e w) x q)) n (A B C l y (D (E (F h (w r (h (q o s r) a j n (f (p ad k s f w (ac (m (u (G a o (g o (g (H (d (a e (I (ab (g ad J K L M N O v m h n s z a q a n P ac d h m ad Q ac ac y o w i k) u o) f b c R k m v d t) i b y S v w t T) z j a h b))))))))))))))))
j o (m (o (r v t z) l q t b)) a v (e (k (k x z q o e w) x q)) n (A B C l y (D (E (F h (w r (h (q o s r) a j n (f (p ad k s f w (ac (m (u (G a o (g o (g (H (d (a e (I (ab (g ad J K L M N O v m h n s z a q a n P ac d h m ad Q ac ac y o w i k) u o) f b c R k m v d t) i b y S v w t T) z j a h b))))))))))))))))
x (m (o (r v t z) l q t b)) t k (ac (v (h (g ad e ad w) ab x e s o))) a v (e (k (k x z q o e w) x q)) n (A B C l y (D (E (F h (w r (h (q o s r) a j n (f (p ad k s f w (ac (m (u (G a o (g o (g (H (d (a e (I (ab (g ad J K L M N O v m h n s z a q a n P ac d h m ad Q ac ac y o w i k) u o) f b c R k m v d t) i b y S v w t T) z j a h b))))))))))))))))
aa (b h o (d i (o k h b) ab (m h d ad) u k)) (m (o (r v t z) l q t b)) t k (ac (v (h (g ad e ad w) ab x e s o))) a v (e (k (k x z q o e w) x q)) n (A B C l y (D (E (F h (w r (h (q o s r) a j n (f (p ad k s f w (ac (m (u (G a o (g o (g (H (d (a e (I (ab (g ad J K L M N O v m h n s z a q a n P ac d h m ad Q ac ac y o w i k) u o) f b c R k m v d t) i b y S v w t T) z j a h b))))))))))))))))
d (r n (t (m (c q ad b v p m f n a) k))) v (e (k (k x z q o e w) x q)) n (A B C l y (D (E (F h (w r (h (q o s r) a j n (f (p ad k s f w (ac (m (u (G a o (g o (g (H (d (a e (I (ab (g ad J K L M N O v m h n s z a q a n P ac d h m ad Q ac ac y o w i k) u o) f b c R k m v d t) i b y S v w t T) z j a h b))))))))))))))))
m (l (n l ab) f k b v) (e (k (k x z q o e w) x q)) n (A B C l y (D (E (F h (w r (h (q o s r) a j n (f (p ad k s f w (ac (m (u (G a o (g o (g (H (d (a e (I (ab (g ad J K L M N O v m h n s z a q a n P ac d h m ad Q ac ac y o w i k) u o) f b c R k m v d t) i b y S v w t T) z j a h b))))))))))))))))
x n (e (n (i k y aa w v u f))) n (A B C l y (D (E (F h (w r (h (q o s r) a j n (f (p ad k s f w (ac (m (u (G a o (g o (g (H (d (a e (I (ab (g ad J K L M N O v m h n s z a q a n P ac d h m ad Q ac ac y o w i k) u o) f b c R k m v d t) i b y S v w t T) z j a h b))))))))))))))))
aa (b h o (d i (o k h b) ab (m h d ad) u k)) n (e (n (i k y aa w v u f))) n (A B C l y (D (E (F h (w r (h (q o s r) a j n (f (p ad k s f w (ac (m (u (G a o (g o (g (H (d (a e (I (ab (g ad J K L M N O v m h n s z a q a n P ac d h m ad Q ac ac y o w i k) u o) f b c R k m v d t) i b y S v w t T) z j a h b))))))))))))))))
aa (o o (t d s (d (i y t ab u w q k aa h))) o (d i (o k h b) ab (m h d ad) u k)) n (e (n (i k y aa w v u f))) n (A B C l y (D (E (F h (w r (h (q o s r) a j n (f (p ad k s f w (ac (m (u (G a o (g o (g (H (d (a e (I (ab (g ad J K L M N O v m h n s z a q a n P ac d h m ad Q ac ac y o w i k) u o) f b c R k m v d t) i b y S v w t T) z j a h b))))))))))))))))
aa (k (d (a (h e j ac) (v aa e h s j aa m) v)) o (d i (o k h b) ab (m h d ad) u k)) n (e (n (i k y aa w v u f))) n (A B C l y (D (E (F h (w r (h (q o s r) a j n (f (p ad k s f w (ac (m (u (G a o (g o (g (H (d (a e (I (ab (g ad J K L M N O v m h n s z a q a n P ac d h m ad Q ac ac y o w i k) u o) f b c R k m v d t) i b y S v w t T) z j a h b))))))))))))))))
aa (k (d (a (h e j ac) (j ad w l w (m s j) (a x) aa e h s j aa m) v)) o (d i (o k h b) ab (m h d ad) u k)) n (e (n (i k y aa w v u f))) n (A B C l y (D (E (F h (w r (h (q o s r) a j n (f (p ad k s f w (ac (m (u (G a o (g o (g (H (d (a e (I (ab (g ad J K L M N O v m h n s z a q a n P ac d h m ad Q ac ac y o w i k) u o) f b c R k m v d t) i b y S v w t T) z j a h b))))))))))))))))
aa (k (d (a (h e j ac) (x w t k (ac (v (h (g ad e ad w) ab x e s o))) l w (m s j) (a x) aa e h s j aa m) v)) o (d i (o k h b) ab (m h d ad) u k)) n (e (n (i k y aa w v u f))) n (A B C l y (D (E (F h (w r (h (q o s r) a j n (f (p ad k s f w (ac (m (u (G a o (g o (g (H (d (a e (I (ab (g ad J K L M N O v m h n s z a q a n P ac d h m ad Q ac ac y o w i k) u o) f b c R k m v d t) i b y S v w t T) z j a h b))))))))))))))))
aa (k (d (a (h e j ac) (aa (b h o (d i (o k h b) ab (m h d ad) u k)) w t k (ac (v (h (g ad e ad w) ab x e s o))) l w (m s j) (a x) aa e h s j aa m) v)) o (d i (o k h b) ab (m h d ad) u k)) n (e (n (i k y aa w v u f))) n (A B C l y (D (E (F h (w r (h (q o s r) a j n (f (p ad k s f w (ac (m (u (G a o (g o (g (H (d (a e (I (ab (g ad J K L M N O v m h n s z a q a n P ac d h m ad Q ac ac y o w i k) u o) f b c R k m v d t) i b y S v w t T) z j a h b))))))))))))))))
aa (k (d (a (h e j ac) (d (r n (t (m (c q ad b v p m f n l) k))) w (m s j) (a x) aa e h s j aa m) v)) o (d i (o k h b) ab (m h d ad) u k)) n (e (n (i k y aa w v u f))) n (A B C l y (D (E (F h (w r (h (q o s r) a j n (f (p ad k s f w (ac (m (u (G a o (g o (g (H (d (a e (I (ab (g ad J K L M N O v m h n s z a q a n P ac d h m ad Q ac ac y o w i k) u o) f b c R k m v d t) i b y S v w t T) z j a h b))))))))))))))))
aa (k (d (a (h e j ac) (m (l (n l ab) f k b v) (m s j) (a x) aa e h s j aa m) v)) o (d i (o k h b) ab (m h d ad) u k)) n (e (n (i k y aa w v u f))) n (A B C l y (D (E (F h (w r (h (q o s r) a j n (f (p ad k s f w (ac (m (u (G a o (g o (g (H (d (a e (I (ab (g ad J K L M N O v m h n s z a q a n P ac d h m ad Q ac ac y o w i k) u o) f b c R k m v d t) i b y S v w t T) z j a h b))))))))))))))))
aa (k (d (a (h e j ac) (x n (e (n (i k y aa w v u f))) (a x) aa e h s j aa m) v)) o (d i (o k h b) ab (m h d ad) u k)) n (e (n (i k y aa w v u f))) n (A B C l y (D (E (F h (w r (h (q o s r) a j n (f (p ad k s f w (ac (m (u (G a o (g o (g (H (d (a e (I (ab (g ad J K L M N O v m h n s z a q a n P ac d h m ad Q ac ac y o w i k) u o) f b c R k m v d t) i b y S v w t T) z j a h b))))))))))))))))
aa (k (d (a (h e j ac) (aa (b h o (d i (o k h b) ab (m h d ad) u k)) n (e (n (i k y aa w v u f))) (a x) aa e h s j aa m) v)) o (d i (o k h b) ab (m h d ad) u k)) n (e (n (i k y aa w v u f))) n (A B C l y (D (E (F h (w r (h (q o s r) a j n (f (p ad k s f w (ac (m (u (G a o (g o (g (H (d (a e (I (ab (g ad J K L M N O v m h n s z a q a n P ac d h m ad Q ac ac y o w i k) u o) f b c R k m v d t) i b y S v w t T) z j a h b))))))))))))))))
aa (k (d (a (h e j ac) (d (r n (e (n (i k y aa w v u f)) (m (c q ad b v p m f n e) k))) h s j aa m) v)) o (d i (o k h b) ab (m h d ad) u k)) n (e (n (i k y aa w v u f))) n (A B C l y (D (E (F h (w r (h (q o s r) a j n (f (p ad k s f w (ac (m (u (G a o (g o (g (H (d (a e (I (ab (g ad J K L M N O v m h n s z a q a n P ac d h m ad Q ac ac y o w i k) u o) f b c R k m v d t) i b y S v w t T) z j a h b))))))))))))))))
aa (k (d (a (h e j ac) (m (l (n l ab) f k b v) s j aa m) v)) o (d i (o k h b) ab (m h d ad) u k)) n (e (n (i k y aa w v u f))) n (A B C l y (D (E (F h (w r (h (q o s r) a j n (f (p ad k s f w (ac (m (u (G a o (g o (g (H (d (a e (I (ab (g ad J K L M N O v m h n s z a q a n P ac d h m ad Q ac ac y o w i k) u o) f b c R k m v d t) i b y S v w t T) z j a h b))))))))))))))))
aa (k (d (a (h e j ac) (x n (e (n (i k y aa w v u f))) j aa m) v)) o (d i (o k h b) ab (m h d ad) u k)) n (e (n (i k y aa w v u f))) n (A B C l y (D (E (F h (w r (h (q o s r) a j n (f (p ad k s f w (ac (m (u (G a o (g o (g (H (d (a e (I (ab (g ad J K L M N O v m h n s z a q a n P ac d h m ad Q ac ac y o w i k) u o) f b c R k m v d t) i b y S v w t T) z j a h b))))))))))))))))
aa (k (d (a (h e j ac) (aa (b h o (d i (o k h b) ab (m h d ad) u k)) n (e (n (i k y aa w v u f))) j aa m) v)) o (d i (o k h b) ab (m h d ad) u k)) n (e (n (i k y aa w v u f))) n (A B C l y (D (E (F h (w r (h (q o s r) a j n (f (p ad k s f w (ac (m (u (G a o (g o (g (H (d (a e (I (ab (g ad J K L M N O v m h n s z a q a n P ac d h m ad Q ac ac y o w i k) u o) f b c R k m v d t) i b y S v w t T) z j a h b))))))))))))))))
aa (k (d (a (h e j ac) (d (r n (e (n (i k y aa w v u f)) (m (c q ad b v p m f n m) k)))) v)) o (d i (o k h b) ab (m h d ad) u k)) n (e (n (i k y aa w v u f))) n (A B C l y (D (E (F h (w r (h (q o s r) a j n (f (p ad k s f w (ac (m (u (G a o (g o (g (H (d (a e (I (ab (g ad J K L M N O v m h n s z a q a n P ac d h m ad Q ac ac y o w i k) u o) f b c R k m v d t) i b y S v w t T) z j a h b))))))))))))))))
aa (k (d (a (h e j ac) (d (d (j x) (n n (s p m q x) j d) (e (n (i k y aa w v u f)) (m (c q ad b v p m f n m) k)))) v)) o (d i (o k h b) ab (m h d ad) u k)) n (e (n (i k y aa w v u f))) n (A B C l y (D (E (F h (w r (h (q o s r) a j n (f (p ad k s f w (ac (m (u (G a o (g o (g (H (d (a e (I (ab (g ad J K L M N O v m h n s z a q a n P ac d h m ad Q ac ac y o w i k) u o) f b c R k m v d t) i b y S v w t T) z j a h b))))))))))))))))
aa (k (d (a (h e j ac) (d (m (l (n l ab) f k b v) (e (n (i k y aa w v u f)) (m (c q ad b v p m f n m) k)))) v)) o (d i (o k h b) ab (m h d ad) u k)) n (e (n (i k y aa w v u f))) n (A B C l y (D (E (F h (w r (h (q o s r) a j n (f (p ad k s f w (ac (m (u (G a o (g o (g (H (d (a e (I (ab (g ad J K L M N O v m h n s z a q a n P ac d h m ad Q ac ac y o w i k) u o) f b c R k m v d t) i b y S v w t T) z j a h b))))))))))))))))
aa (k (d (a (h e j ac) (d (x n (e (n (i k y aa w v u f))))) v)) o (d i (o k h b) ab (m h d ad) u k)) n (e (n (i k y aa w v u f))) n (A B C l y (D (E (F h (w r (h (q o s r) a j n (f (p ad k s f w (ac (m (u (G a o (g o (g (H (d (a e (I (ab (g ad J K L M N O v m h n s z a q a n P ac d h m ad Q ac ac y o w i k) u o) f b c R k m v d t) i b y S v w t T) z j a h b))))))))))))))))
aa (k (d (a (h e j ac) (d (aa (b h o (d i (o k h b) ab (m h d ad) u k)) n (e (n (i k y aa w v u f))))) v)) o (d i (o k h b) ab (m h d ad) u k)) n (e (n (i k y aa w v u f))) n (A B C l y (D (E (F h (w r (h (q o s r) a j n (f (p ad k s f w (ac (m (u (G a o (g o (g (H (d (a e (I (ab (g ad J K L M N O v m h n s z a q a n P ac d h m ad Q ac ac y o w i k) u o) f b c R k m v d t) i b y S v w t T) z j a h b))))))))))))))))
aa (k (d (a (h e j ac) (d (aa (o o (t d s (d (i y t ab u w q k aa h))) o (d i (o k h b) ab (m h d ad) u k)) n (e (n (i k y aa w v u f))))) v)) o (d i (o k h b) ab (m h d ad) u k)) n (e (n (i k y aa w v u f))) n (A B C l y (D (E (F h (w r (h (q o s r) a j n (f (p ad k s f w (ac (m (u (G a o (g o (g (H (d (a e (I (ab (g ad J K L M N O v m h n s z a q a n P ac d h m ad Q ac ac y o w i k) u o) f b c R k m v d t) i b y S v w t T) z j a h b))))))))))))))))
aa (k (d (a (h e j ac) (d (aa (k (d (a (h e j ac) (v aa e h s j aa m) v)) o (d i (o k h b) ab (m h d ad) u k)) n (e (n (i k y aa w v u f))))) v)) o (d i (o k h b) ab (m h d ad) u k)) n (e (n (i k y aa w v u f))) n (A B C l y (D (E (F h (w r (h (q o s r) a j n (f (p ad k s f w (ac (m (u (G a o (g o (g (H (d (a e (I (ab (g ad J K L M N O v m h n s z a q a n P ac d h m ad Q ac ac y o w i k) u o) f b c R k m v d t) i b y S v w t T) z j a h b))))))))))))))))
aa (k (d (a (h e j ac) (d (aa (k (d (a (h e j ac) (j ad w l w (m s j) (a x) aa e h s j aa m) v)) o (d i (o k h b) ab (m h d ad) u k)) n (e (n (i k y aa w v u f))))) v)) o (d i (o k h b) ab (m h d ad) u k)) n (e (n (i k y aa w v u f))) n (A B C l y (D (E (F h (w r (h (q o s r) a j n (f (p ad k s f w (ac (m (u (G a o (g o (g (H (d (a e (I (ab (g ad J K L M N O v m h n s z a q a n P ac d h m ad Q ac ac y o w i k) u o) f b c R k m v d t) i b y S v w t T) z j a h b))))))))))))))))


