a ae = aa j h l (ae (o q p aa))
b ag af ah ae = k (o q r (u (x r m t v s j j ad aa k z)))
c ae = u (i aa d e (ad k n r x r) a) z m l ac j
d af ae = i ac a m j q q af
e ae ag ah af = aa t n
f ag ae af = m (ad z j u o o)
g aj ai ae ag ah af = x ah a (i (d y v) a)
h = q w d m
i af ae ag = q (j c r (z ab z (w q ae y s z)))
j = h (i u (ac l i s l c))
k ae ag ai ah af = h (p ai (w (s d ai w e i) e u ad s r))
l = o h (q (p (c (v (h h e r t r t) p aa w e m))))
m ae ag af = ad aa n (af p (i a (d o y a h b af b) aa e))
n ah ai ag af ae = ai (a (m (ab (v u (ad af ad q c ad k r v c)))))
o ae ah af ag ai = aa (i v w (a d l) m m c d s)
p ae af = w aa (h (e h f e l d j h))
q ae af = d x d p (k g (ad (k aa aa ae) y j f) r ae)
r ah af ag ae = ad (l ad u i (ac z ab ag ah) s u d w x)
s ag af ae = y (a (f u (j f w d a t)))
t = z (s w h (ad (e n p v k ad e s b) ad))
u ae af = r (o ae (h (ab q o q w f a j ab r)))
v ae = h (b (n (i (q p aa q l d ad s t w c b))))
w ae ag af = g z (k (af p k q ac (f s ad ad c) h i n))
x ae = p u a r v e g k (l (n l o u m ad))
y ae ah af ag = o (i k j (h (ac (n g h e u aa))))
z ae = p t (w t o j)
aa ae = n ae (f ae k i p)
ab ag ae ai af ah = l t (v p x (k (h x o d i ad t ai k x) i z))
ac af ae ag = k ab (y q h)
ad = s (r (y (aa d (w (g (u l m e g v d f ab f b))))))
main = ad d n (A (B (q C k (s (D ab (t f (w (E (ac (b (F s r (ac l (t p aa f (y ad) (x (o (d (j h u ac l (q (G H I h z y l (m (u t (e p (r q) J K (L x h (ad d p (j ad (l l h e k w g ad u g n c x) v y s M f ad m j p)) w aa ad d c a) N u z k O j P) t o j p)))))))))))))))))))))
------------------------------------------------------------
ad d n (A (B (q C k (s (D ab (t f (w (E (ac (b (F s r (ac l (t p aa f (y ad) (x (o (d (j h u ac l (q (G H I h z y l (m (u t (e p (r q) J K (L x h (ad d p (j ad (l l h e k w g ad u g n c x) v y s M f ad m j p)) w aa ad d c a) N u z k O j P) t o j p)))))))))))))))))))))
s (r (y (aa d (w (g (u l m e g v d f ab f b)))))) d n (A (B (q C k (s (D ab (t f (w (E (ac (b (F s r (ac l (t p aa f (y ad) (x (o (d (j h u ac l (q (G H I h z y l (m (u t (e p (r q) J K (L x h (ad d p (j ad (l l h e k w g ad u g n c x) v y s M f ad m j p)) w aa ad d c a) N u z k O j P) t o j p)))))))))))))))))))))
y (a (f u (j f w d a t))) (A (B (q C k (s (D ab (t f (w (E (ac (b (F s r (ac l (t p aa f (y ad) (x (o (d (j h u ac l (q (G H I h z y l (m (u t (e p (r q) J K (L x h (ad d p (j ad (l l h e k w g ad u g n c x) v y s M f ad m j p)) w aa ad d c a) N u z k O j P) t o j p)))))))))))))))))))))
y (aa j h l (f u (j f w d a t) (o q p aa))) (A (B (q C k (s (D ab (t f (w (E (ac (b (F s r (ac l (t p aa f (y ad) (x (o (d (j h u ac l (q (G H I h z y l (m (u t (e p (r q) J K (L x h (ad d p (j ad (l l h e k w g ad u g n c x) v y s M f ad m j p)) w aa ad d c a) N u z k O j P) t o j p)))))))))))))))))))))
y (n j (f j k i p) h l (f u (j f w d a t) (o q p aa))) (A (B (q C k (s (D ab (t f (w (E (ac (b (F s r (ac l (t p aa f (y ad) (x (o (d (j h u ac l (q (G H I h z y l (m (u t (e p (r q) J K (L x h (ad d p (j ad (l l h e k w g ad u g n c x) v y s M f ad m j p)) w aa ad d c a) N u z k O j P) t o j p)))))))))))))))))))))
y (f j k i p (a (m (ab (v u (ad l ad q c ad k r v c)))))) (A (B (q C k (s (D ab (t f (w (E (ac (b (F s r (ac l (t p aa f (y ad) (x (o (d (j h u ac l (q (G H I h z y l (m (u t (e p (r q) J K (L x h (ad d p (j ad (l l h e k w g ad u g n c x) v y s M f ad m j p)) w aa ad d c a) N u z k O j P) t o j p)))))))))))))))))))))
y (m (ad z j u o o) p (a (m (ab (v u (ad l ad q c ad k r v c)))))) (A (B (q C k (s (D ab (t f (w (E (ac (b (F s r (ac l (t p aa f (y ad) (x (o (d (j h u ac l (q (G H I h z y l (m (u t (e p (r q) J K (L x h (ad d p (j ad (l l h e k w g ad u g n c x) v y s M f ad m j p)) w aa ad d c a) N u z k O j P) t o j p)))))))))))))))))))))
y (ad aa n (a (m (ab (v u (ad l ad q c ad k r v c)))) p (i a (d o y a h b (a (m (ab (v u (ad l ad q c ad k r v c))))) b) aa e))) (A (B (q C k (s (D ab (t f (w (E (ac (b (F s r (ac l (t p aa f (y ad) (x (o (d (j h u ac l (q (G H I h z y l (m (u t (e p (r q) J K (L x h (ad d p (j ad (l l h e k w g ad u g n c x) v y s M f ad m j p)) w aa ad d c a) N u z k O j P) t o j p)))))))))))))))))))))
y (s (r (y (aa d (w (g (u l m e g v d f ab f b)))))) aa n (a (m (ab (v u (ad l ad q c ad k r v c)))) p (i a (d o y a h b (a (m (ab (v u (ad l ad q c ad k r v c))))) b) aa e))) (A (B (q C k (s (D ab (t f (w (E (ac (b (F s r (ac l (t p aa f (y ad) (x (o (d (j h u ac l (q (G H I h z y l (m (u t (e p (r q) J K (L x h (ad d p (j ad (l l h e k w g ad u g n c x) v y s M f ad m j p)) w aa ad d c a) N u z k O j P) t o j p)))))))))))))))))))))
y (y (a (f u (j f w d a t))) (a (m (ab (v u (ad l ad q c ad k r v c)))) p (i a (d o y a h b (a (m (ab (v u (ad l ad q c ad k r v c))))) b) aa e))) (A (B (q C k (s (D ab (t f (w (E (ac (b (F s r (ac l (t p aa f (y ad) (x (o (d (j h u ac l (q (G H I h z y l (m (u t (e p (r q) J K (L x h (ad d p (j ad (l l h e k w g ad u g n c x) v y s M f ad m j p)) w aa ad d c a) N u z k O j P) t o j p)))))))))))))))))))))
y (y (aa j h l (f u (j f w d a t) (o q p aa))) (a (m (ab (v u (ad l ad q c ad k r v c)))) p (i a (d o y a h b (a (m (ab (v u (ad l ad q c ad k r v c))))) b) aa e))) (A (B (q C k (s (D ab (t f (w (E (ac (b (F s r (ac l (t p aa f (y ad) (x (o (d (j h u ac l (q (G H I h z y l (m (u t (e p (r q) J K (L x h (ad d p (j ad (l l h e k w g ad u g n c x) v y s M f ad m j p)) w aa ad d c a) N u z k O j P) t o j p)))))))))))))))))))))
y (y (n j (f j k i p) h l (f u (j f w d a t) (o q p aa))) (a (m (ab (v u (ad l ad q c ad k r v c)))) p (i a (d o y a h b (a (m (ab (v u (ad l ad q c ad k r v c))))) b) aa e))) (A (B (q C k (s (D ab (t f (w (E (ac (b (F s r (ac l (t p aa f (y ad) (x (o (d (j h u ac l (q (G H I h z y l (m (u t (e p (r q) J K (L x h (ad d p (j ad (l l h e k w g ad u g n c x) v y s M f ad m j p)) w aa ad d c a) N u z k O j P) t o j p)))))))))))))))))))))
y (y (f j k i p (a (m (ab (v u (ad l ad q c ad k r v c)))))) (a (m (ab (v u (ad l ad q c ad k r v c)))) p (i a (d o y a h b (a (m (ab (v u (ad l ad q c ad k r v c))))) b) aa e))) (A (B (q C k (s (D ab (t f (w (E (ac (b (F s r (ac l (t p aa f (y ad) (x (o (d (j h u ac l (q (G H I h z y l (m (u t (e p (r q) J K (L x h (ad d p (j ad (l l h e k w g ad u g n c x) v y s M f ad m j p)) w aa ad d c a) N u z k O j P) t o j p)))))))))))))))))))))
y (y (m (ad z j u o o) p (a (m (ab (v u (ad l ad q c ad k r v c)))))) (a (m (ab (v u (ad l ad q c ad k r v c)))) p (i a (d o y a h b (a (m (ab (v u (ad l ad q c ad k r v c))))) b) aa e))) (A (B (q C k (s (D ab (t f (w (E (ac (b (F s r (ac l (t p aa f (y ad) (x (o (d (j h u ac l (q (G H I h z y l (m (u t (e p (r q) J K (L x h (ad d p (j ad (l l h e k w g ad u g n c x) v y s M f ad m j p)) w aa ad d c a) N u z k O j P) t o j p)))))))))))))))))))))
y (y (ad aa n (a (m (ab (v u (ad l ad q c ad k r v c)))) p (i a (d o y a h b (a (m (ab (v u (ad l ad q c ad k r v c))))) b) aa e))) (a (m (ab (v u (ad l ad q c ad k r v c)))) p (i a (d o y a h b (a (m (ab (v u (ad l ad q c ad k r v c))))) b) aa e))) (A (B (q C k (s (D ab (t f (w (E (ac (b (F s r (ac l (t p aa f (y ad) (x (o (d (j h u ac l (q (G H I h z y l (m (u t (e p (r q) J K (L x h (ad d p (j ad (l l h e k w g ad u g n c x) v y s M f ad m j p)) w aa ad d c a) N u z k O j P) t o j p)))))))))))))))))))))
y (y (s (r (y (aa d (w (g (u l m e g v d f ab f b)))))) aa n (a (m (ab (v u (ad l ad q c ad k r v c)))) p (i a (d o y a h b (a (m (ab (v u (ad l ad q c ad k r v c))))) b) aa e))) (a (m (ab (v u (ad l ad q c ad k r v c)))) p (i a (d o y a h b (a (m (ab (v u (ad l ad q c ad k r v c))))) b) aa e))) (A (B (q C k (s (D ab (t f (w (E (ac (b (F s r (ac l (t p aa f (y ad) (x (o (d (j h u ac l (q (G H I h z y l (m (u t (e p (r q) J K (L x h (ad d p (j ad (l l h e k w g ad u g n c x) v y s M f ad m j p)) w aa ad d c a) N u z k O j P) t o j p)))))))))))))))))))))
y (y (y (a (f u (j f w d a t))) (a (m (ab (v u (ad l ad q c ad k r v c)))) p (i a (d o y a h b (a (m (ab (v u (ad l ad q c ad k r v c))))) b) aa e))) (a (m (ab (v u (ad l ad q c ad k r v c)))) p (i a (d o y a h b (a (m (ab (v u (ad l ad q c ad k r v c))))) b) aa e))) (A (B (q C k (s (D ab (t f (w (E (ac (b (F s r (ac l (t p aa f (y ad) (x (o (d (j h u ac l (q (G H I h z y l (m (u t (e p (r q) J K (L x h (ad d p (j ad (l l h e k w g ad u g n c x) v y s M f ad m j p)) w aa ad d c a) N u z k O j P) t o j p)))))))))))))))))))))
y (y (y (aa j h l (f u (j f w d a t) (o q p aa))) (a (m (ab (v u (ad l ad q c ad k r v c)))) p (i a (d o y a h b (a (m (ab (v u (ad l ad q c ad k r v c))))) b) aa e))) (a (m (ab (v u (ad l ad q c ad k r v c)))) p (i a (d o y a h b (a (m (ab (v u (ad l ad q c ad k r v c))))) b) aa e))) (A (B (q C k (s (D ab (t f (w (E (ac (b (F s r (ac l (t p aa f (y ad) (x (o (d (j h u ac l (q (G H I h z y l (m (u t (e p (r q) J K (L x h (ad d p (j ad (l l h e k w g ad u g n c x) v y s M f ad m j p)) w aa ad d c a) N u z k O j P) t o j p)))))))))))))))))))))
y (y (y (n j (f j k i p) h l (f u (j f w d a t) (o q p aa))) (a (m (ab (v u (ad l ad q c ad k r v c)))) p (i a (d o y a h b (a (m (ab (v u (ad l ad q c ad k r v c))))) b) aa e))) (a (m (ab (v u (ad l ad q c ad k r v c)))) p (i a (d o y a h b (a (m (ab (v u (ad l ad q c ad k r v c))))) b) aa e))) (A (B (q C k (s (D ab (t f (w (E (ac (b (F s r (ac l (t p aa f (y ad) (x (o (d (j h u ac l (q (G H I h z y l (m (u t (e p (r q) J K (L x h (ad d p (j ad (l l h e k w g ad u g n c x) v y s M f ad m j p)) w aa ad d c a) N u z k O j P) t o j p)))))))))))))))))))))
y (y (y (f j k i p (a (m (ab (v u (ad l ad q c ad k r v c)))))) (a (m (ab (v u (ad l ad q c ad k r v c)))) p (i a (d o y a h b (a (m (ab (v u (ad l ad q c ad k r v c))))) b) aa e))) (a (m (ab (v u (ad l ad q c ad k r v c)))) p (i a (d o y a h b (a (m (ab (v u (ad l ad q c ad k r v c))))) b) aa e))) (A (B (q C k (s (D ab (t f (w (E (ac (b (F s r (ac l (t p aa f (y ad) (x (o (d (j h u ac l (q (G H I h z y l (m (u t (e p (r q) J K (L x h (ad d p (j ad (l l h e k w g ad u g n c x) v y s M f ad m j p)) w aa ad d c a) N u z k O j P) t o j p)))))))))))))))))))))
y (y (y (m (ad z j u o o) p (a (m (ab (v u (ad l ad q c ad k r v c)))))) (a (m (ab (v u (ad l ad q c ad k r v c)))) p (i a (d o y a h b (a (m (ab (v u (ad l ad q c ad k r v c))))) b) aa e))) (a (m (ab (v u (ad l ad q c ad k r v c)))) p (i a (d o y a h b (a (m (ab (v u (ad l ad q c ad k r v c))))) b) aa e))) (A (B (q C k (s (D ab (t f (w (E (ac (b (F s r (ac l (t p aa f (y ad) (x (o (d (j h u ac l (q (G H I h z y l (m (u t (e p (r q) J K (L x h (ad d p (j ad (l l h e k w g ad u g n c x) v y s M f ad m j p)) w aa ad d c a) N u z k O j P) t o j p)))))))))))))))))))))
y (y (y (ad aa n (a (m (ab (v u (ad l ad q c ad k r v c)))) p (i a (d o y a h b (a (m (ab (v u (ad l ad q c ad k r v c))))) b) aa e))) (a (m (ab (v u (ad l ad q c ad k r v c)))) p (i a (d o y a h b (a (m (ab (v u (ad l ad q c ad k r v c))))) b) aa e))) (a (m (ab (v u (ad l ad q c ad k r v c)))) p (i a (d o y a h b (a (m (ab (v u (ad l ad q c ad k r v c))))) b) aa e))) (A (B (q C k (s (D ab (t f (w (E (ac (b (F s r (ac l (t p aa f (y ad) (x (o (d (j h u ac l (q (G H I h z y l (m (u t (e p (r q) J K (L x h (ad d p (j ad (l l h e k w g ad u g n c x) v y s M f ad m j p)) w aa ad d c a) N u z k O j P) t o j p)))))))))))))))))))))
y (y (y (s (r (y (aa d (w (g (u l m e g v d f ab f b)))))) aa n (a (m (ab (v u (ad l ad q c ad k r v c)))) p (i a (d o y a h b (a (m (ab (v u (ad l ad q c ad k r v c))))) b) aa e))) (a (m (ab (v u (ad l ad q c ad k r v c)))) p (i a (d o y a h b (a (m (ab (v u (ad l ad q c ad k r v c))))) b) aa e))) (a (m (ab (v u (ad l ad q c ad k r v c)))) p (i a (d o y a h b (a (m (ab (v u (ad l ad q c ad k r v c))))) b) aa e))) (A (B (q C k (s (D ab (t f (w (E (ac (b (F s r (ac l (t p aa f (y ad) (x (o (d (j h u ac l (q (G H I h z y l (m (u t (e p (r q) J K (L x h (ad d p (j ad (l l h e k w g ad u g n c x) v y s M f ad m j p)) w aa ad d c a) N u z k O j P) t o j p)))))))))))))))))))))
y (y (y (y (a (f u (j f w d a t))) (a (m (ab (v u (ad l ad q c ad k r v c)))) p (i a (d o y a h b (a (m (ab (v u (ad l ad q c ad k r v c))))) b) aa e))) (a (m (ab (v u (ad l ad q c ad k r v c)))) p (i a (d o y a h b (a (m (ab (v u (ad l ad q c ad k r v c))))) b) aa e))) (a (m (ab (v u (ad l ad q c ad k r v c)))) p (i a (d o y a h b (a (m (ab (v u (ad l ad q c ad k r v c))))) b) aa e))) (A (B (q C k (s (D ab (t f (w (E (ac (b (F s r (ac l (t p aa f (y ad) (x (o (d (j h u ac l (q (G H I h z y l (m (u t (e p (r q) J K (L x h (ad d p (j ad (l l h e k w g ad u g n c x) v y s M f ad m j p)) w aa ad d c a) N u z k O j P) t o j p)))))))))))))))))))))
y (y (y (y (aa j h l (f u (j f w d a t) (o q p aa))) (a (m (ab (v u (ad l ad q c ad k r v c)))) p (i a (d o y a h b (a (m (ab (v u (ad l ad q c ad k r v c))))) b) aa e))) (a (m (ab (v u (ad l ad q c ad k r v c)))) p (i a (d o y a h b (a (m (ab (v u (ad l ad q c ad k r v c))))) b) aa e))) (a (m (ab (v u (ad l ad q c ad k r v c)))) p (i a (d o y a h b (a (m (ab (v u (ad l ad q c ad k r v c))))) b) aa e))) (A (B (q C k (s (D ab (t f (w (E (ac (b (F s r (ac l (t p aa f (y ad) (x (o (d (j h u ac l (q (G H I h z y l (m (u t (e p (r q) J K (L x h (ad d p (j ad (l l h e k w g ad u g n c x) v y s M f ad m j p)) w aa ad d c a) N u z k O j P) t o j p)))))))))))))))))))))
y (y (y (y (n j (f j k i p) h l (f u (j f w d a t) (o q p aa))) (a (m (ab (v u (ad l ad q c ad k r v c)))) p (i a (d o y a h b (a (m (ab (v u (ad l ad q c ad k r v c))))) b) aa e))) (a (m (ab (v u (ad l ad q c ad k r v c)))) p (i a (d o y a h b (a (m (ab (v u (ad l ad q c ad k r v c))))) b) aa e))) (a (m (ab (v u (ad l ad q c ad k r v c)))) p (i a (d o y a h b (a (m (ab (v u (ad l ad q c ad k r v c))))) b) aa e))) (A (B (q C k (s (D ab (t f (w (E (ac (b (F s r (ac l (t p aa f (y ad) (x (o (d (j h u ac l (q (G H I h z y l (m (u t (e p (r q) J K (L x h (ad d p (j ad (l l h e k w g ad u g n c x) v y s M f ad m j p)) w aa ad d c a) N u z k O j P) t o j p)))))))))))))))))))))
y (y (y (y (f j k i p (a (m (ab (v u (ad l ad q c ad k r v c)))))) (a (m (ab (v u (ad l ad q c ad k r v c)))) p (i a (d o y a h b (a (m (ab (v u (ad l ad q c ad k r v c))))) b) aa e))) (a (m (ab (v u (ad l ad q c ad k r v c)))) p (i a (d o y a h b (a (m (ab (v u (ad l ad q c ad k r v c))))) b) aa e))) (a (m (ab (v u (ad l ad q c ad k r v c)))) p (i a (d o y a h b (a (m (ab (v u (ad l ad q c ad k r v c))))) b) aa e))) (A (B (q C k (s (D ab (t f (w (E (ac (b (F s r (ac l (t p aa f (y ad) (x (o (d (j h u ac l (q (G H I h z y l (m (u t (e p (r q) J K (L x h (ad d p (j ad (l l h e k w g ad u g n c x) v y s M f ad m j p)) w aa ad d c a) N u z k O j P) t o j p)))))))))))))))))))))
y (y (y (y (m (ad z j u o o) p (a (m (ab (v u (ad l ad q c ad k r v c)))))) (a (m (ab (v u (ad l ad q c ad k r v c)))) p (i a (d o y a h b (a (m (ab (v u (ad l ad q c ad k r v c))))) b) aa e))) (a (m (ab (v u (ad l ad q c ad k r v c)))) p (i a (d o y a h b (a (m (ab (v u (ad l ad q c ad k r v c))))) b) aa e))) (a (m (ab (v u (ad l ad q c ad k r v c)))) p (i a (d o y a h b (a (m (ab (v u (ad l ad q c ad k r v c))))) b) aa e))) (A (B (q C k (s (D ab (t f (w (E (ac (b (F s r (ac l (t p aa f (y ad) (x (o (d (j h u ac l (q (G H I h z y l (m (u t (e p (r q) J K (L x h (ad d p (j ad (l l h e k w g ad u g n c x) v y s M f ad m j p)) w aa ad d c a) N u z k O j P) t o j p)))))))))))))))))))))
y (y (y (y (ad aa n (a (m (ab (v u (ad l ad q c ad k r v c)))) p (i a (d o y a h b (a (m (ab (v u (ad l ad q c ad k r v c))))) b) aa e))) (a (m (ab (v u (ad l ad q c ad k r v c)))) p (i a (d o y a h b (a (m (ab (v u (ad l ad q c ad k r v c))))) b) aa e))) (a (m (ab (v u (ad l ad q c ad k r v c)))) p (i a (d o y a h b (a (m (ab (v u (ad l ad q c ad k r v c))))) b) aa e))) (a (m (ab (v u (ad l ad q c ad k r v c)))) p (i a (d o y a h b (a (m (ab (v u (ad l ad q c ad k r v c))))) b) aa e))) (A (B (q C k (s (D ab (t f (w (E (ac (b (F s r (ac l (t p aa f (y ad) (x (o (d (j h u ac l (q (G H I h z y l (m (u t (e p (r q) J K (L x h (ad d p (j ad (l l h e k w g ad u g n c x) v y s M f ad m j p)) w aa ad d c a) N u z k O j P) t o j p)))))))))))))))))))))
y (y (y (y (s (r (y (aa d (w (g (u l m e g v d f ab f b)))))) aa n (a (m (ab (v u (ad l ad q c ad k r v c)))) p (i a (d o y a h b (a (m (ab (v u (ad l ad q c ad k r v c))))) b) aa e))) (a (m (ab (v u (ad l ad q c ad k r v c)))) p (i a (d o y a h b (a (m (ab (v u (ad l ad q c ad k r v c))))) b) aa e))) (a (m (ab (v u (ad l ad q c ad k r v c)))) p (i a (d o y a h b (a (m (ab (v u (ad l ad q c ad k r v c))))) b) aa e))) (a (m (ab (v u (ad l ad q c ad k r v c)))) p (i a (d o y a h b (a (m (ab (v u (ad l ad q c ad k r v c))))) b) aa e))) (A (B (q C k (s (D ab (t f (w (E (ac (b (F s r (ac l (t p aa f (y ad) (x (o (d (j h u ac l (q (G H I h z y l (m (u t (e p (r q) J K (L x h (ad d p (j ad (l l h e k w g ad u g n c x) v y s M f ad m j p)) w aa ad d c a) N u z k O j P) t o j p)))))))))))))))))))))


