a ae m (c k (b d (r ac aa j p l v)))
b ag ae af x (l (w (h w ab l w q)))
c ah ag af ae b f l b
d w r l (c i (ac (k q h s) t i) i m i ad y)
e ag af ah ae v z u x (aa (i a (ah r u c g) d o))
f ae af s (l w) d b ad p t
g af ah ag ae w (i h (p t ac (ab c v j aa) ac r v))
h af ae p (y (g (r af ab a (v ab y aa ae e z x) j l)))
i s g q a j
j ae t f (z (y x ae aa a ad h a))
k ag ai af ah ae aj t m (w (af (t (b v l) x o q y p o j j)))
l af aj ai ae ag ah aj u e x
m ag af ah ae v g s (v v aa (x (j (a c k t t r l z s g))))
n aj ai ag ae ah af s (m (r (t o (f g ad i (o ah f q o o) v c))))
o af ah ag ai ae j (w n q n)
p ag ae ah af i (t (ab q w (x (w e n m e ad c w q n i))))
q ae af w aa h e (k (ad (h ad i ab ac)))
r af ag ae l (u (d (q o x q x m i)))
s af ae ag o ae ab j (z (a (h x af y c n j)))
t ae ah ag ai af aa c (u (u (l u (n y u z) e i o ac)))
u af ae g v q
v ah af ai ag ae ad (g (g (p ag f)) e ab)
w ag af ae f b (a (l (c (g aa z r z ad e d k r))))
x c (b ab (w (j f q (j z v e a d u n l))))
y af ae ag s (a (p e e o af af))
z n g (o aa f w y) (y p l)
aa ae ai ah ag af h (d (o (y z (s d n j v r ac j n n c s))))
ab ae x (aa v)
ac af ae j o l (d y n q ad p k g w n)
ad af ag ae ah ag g d x e (ab (b u z y aa))
main o (ab c r (ac (p v (q l A r n t (B (f (ab c (ad r i f a C (b v aa (D z (j (E (t u j (j v (F (l (n (G k a w (H k z (m i z ac (h aa I p s t v b J p z c K p v s L l m z y y) s ad b M w) s N O q e e l l y p z P y o) w c t o t ad o l z) t)))))))))))))))))
------------------------------------------------------------
o (ab c r (ac (p v (q l A r n t (B (f (ab c (ad r i f a C (b v aa (D z (j (E (t u j (j v (F (l (n (G k a w (H k z (m i z ac (h aa I p s t v b J p z c K p v s L l m z y y) s ad b M w) s N O q e e l l y p z P y o) w c t o t ad o l z) t)))))))))))))))))
o (x (aa v) r (ac (p v (q l A r n t (B (f (ab c (ad r i f a C (b v aa (D z (j (E (t u j (j v (F (l (n (G k a w (H k z (m i z ac (h aa I p s t v b J p z c K p v s L l m z y y) s ad b M w) s N O q e e l l y p z P y o) w c t o t ad o l z) t)))))))))))))))))
o (c (b ab (w (j f q (j z v e a d u n l)))) (aa v) r (ac (p v (q l A r n t (B (f (ab c (ad r i f a C (b v aa (D z (j (E (t u j (j v (F (l (n (G k a w (H k z (m i z ac (h aa I p s t v b J p z c K p v s L l m z y y) s ad b M w) s N O q e e l l y p z P y o) w c t o t ad o l z) t)))))))))))))))))
o (b f l b)
o (x (l (w (h w ab l w q))))
o (c (b ab (w (j f q (j z v e a d u n l)))) (l (w (h w ab l w q))))
o (c (b ab (w (t f (z (y x f aa a ad h a)) q (j z v e a d u n l)))) (l (w (h w ab l w q))))
o (c (b ab (w (t f (n g (o aa f w y) (y p l) (y x f aa a ad h a)) q (j z v e a d u n l)))) (l (w (h w ab l w q))))
o (c (b ab (w (t f (n g (o aa f w y) (y p l) (s (a (p e e o x x)) a ad h a)) q (j z v e a d u n l)))) (l (w (h w ab l w q))))
o (c (b ab (w (t f (n g (o aa f w y) (y p l) (o a ab j (z (a (h x (a (p e e o x x)) y c n j))) h a)) q (j z v e a d u n l)))) (l (w (h w ab l w q))))
o (c (b ab (w (t f (n g (o aa f w y) (y p l) (j (w n q n) a)) q (j z v e a d u n l)))) (l (w (h w ab l w q))))
o (c (b ab (w (t f (n g (o aa f w y) (y p l) (t f (z (y x (w n q n) aa a ad h a)) a)) q (j z v e a d u n l)))) (l (w (h w ab l w q))))
o (c (b ab (w (t f (n g (o aa f w y) (y p l) (t f (n g (o aa f w y) (y p l) (y x (w n q n) aa a ad h a)) a)) q (j z v e a d u n l)))) (l (w (h w ab l w q))))
o (c (b ab (w (t f (n g (o aa f w y) (y p l) (t f (n g (o aa f w y) (y p l) (s (a (p e e o x x)) a ad h a)) a)) q (j z v e a d u n l)))) (l (w (h w ab l w q))))
o (c (b ab (w (t f (n g (o aa f w y) (y p l) (t f (n g (o aa f w y) (y p l) (o a ab j (z (a (h x (a (p e e o x x)) y c n j))) h a)) a)) q (j z v e a d u n l)))) (l (w (h w ab l w q))))
o (c (b ab (w (t f (n g (o aa f w y) (y p l) (t f (n g (o aa f w y) (y p l) (j (w n q n) a)) a)) q (j z v e a d u n l)))) (l (w (h w ab l w q))))
o (c (b ab (w (t f (n g (o aa f w y) (y p l) (t f (n g (o aa f w y) (y p l) (t f (z (y x (w n q n) aa a ad h a)) a)) a)) q (j z v e a d u n l)))) (l (w (h w ab l w q))))
o (c (b ab (w (t f (n g (o aa f w y) (y p l) (t f (n g (o aa f w y) (y p l) (t f (n g (o aa f w y) (y p l) (y x (w n q n) aa a ad h a)) a)) a)) q (j z v e a d u n l)))) (l (w (h w ab l w q))))
o (c (b ab (w (t f (n g (o aa f w y) (y p l) (t f (n g (o aa f w y) (y p l) (t f (n g (o aa f w y) (y p l) (s (a (p e e o x x)) a ad h a)) a)) a)) q (j z v e a d u n l)))) (l (w (h w ab l w q))))
o (c (b ab (w (t f (n g (o aa f w y) (y p l) (t f (n g (o aa f w y) (y p l) (t f (n g (o aa f w y) (y p l) (o a ab j (z (a (h x (a (p e e o x x)) y c n j))) h a)) a)) a)) q (j z v e a d u n l)))) (l (w (h w ab l w q))))
o (c (b ab (w (t f (n g (o aa f w y) (y p l) (t f (n g (o aa f w y) (y p l) (t f (n g (o aa f w y) (y p l) (j (w n q n) a)) a)) a)) q (j z v e a d u n l)))) (l (w (h w ab l w q))))
o (c (b ab (w (t f (n g (o aa f w y) (y p l) (t f (n g (o aa f w y) (y p l) (t f (n g (o aa f w y) (y p l) (t f (z (y x (w n q n) aa a ad h a)) a)) a)) a)) q (j z v e a d u n l)))) (l (w (h w ab l w q))))
o (c (b ab (w (t f (n g (o aa f w y) (y p l) (t f (n g (o aa f w y) (y p l) (t f (n g (o aa f w y) (y p l) (t f (n g (o aa f w y) (y p l) (y x (w n q n) aa a ad h a)) a)) a)) a)) q (j z v e a d u n l)))) (l (w (h w ab l w q))))
o (c (b ab (w (t f (n g (o aa f w y) (y p l) (t f (n g (o aa f w y) (y p l) (t f (n g (o aa f w y) (y p l) (t f (n g (o aa f w y) (y p l) (s (a (p e e o x x)) a ad h a)) a)) a)) a)) q (j z v e a d u n l)))) (l (w (h w ab l w q))))
o (c (b ab (w (t f (n g (o aa f w y) (y p l) (t f (n g (o aa f w y) (y p l) (t f (n g (o aa f w y) (y p l) (t f (n g (o aa f w y) (y p l) (o a ab j (z (a (h x (a (p e e o x x)) y c n j))) h a)) a)) a)) a)) q (j z v e a d u n l)))) (l (w (h w ab l w q))))
o (c (b ab (w (t f (n g (o aa f w y) (y p l) (t f (n g (o aa f w y) (y p l) (t f (n g (o aa f w y) (y p l) (t f (n g (o aa f w y) (y p l) (j (w n q n) a)) a)) a)) a)) q (j z v e a d u n l)))) (l (w (h w ab l w q))))
o (c (b ab (w (t f (n g (o aa f w y) (y p l) (t f (n g (o aa f w y) (y p l) (t f (n g (o aa f w y) (y p l) (t f (n g (o aa f w y) (y p l) (t f (z (y x (w n q n) aa a ad h a)) a)) a)) a)) a)) q (j z v e a d u n l)))) (l (w (h w ab l w q))))
o (c (b ab (w (t f (n g (o aa f w y) (y p l) (t f (n g (o aa f w y) (y p l) (t f (n g (o aa f w y) (y p l) (t f (n g (o aa f w y) (y p l) (t f (n g (o aa f w y) (y p l) (y x (w n q n) aa a ad h a)) a)) a)) a)) a)) q (j z v e a d u n l)))) (l (w (h w ab l w q))))
o (c (b ab (w (t f (n g (o aa f w y) (y p l) (t f (n g (o aa f w y) (y p l) (t f (n g (o aa f w y) (y p l) (t f (n g (o aa f w y) (y p l) (t f (n g (o aa f w y) (y p l) (s (a (p e e o x x)) a ad h a)) a)) a)) a)) a)) q (j z v e a d u n l)))) (l (w (h w ab l w q))))
o (c (b ab (w (t f (n g (o aa f w y) (y p l) (t f (n g (o aa f w y) (y p l) (t f (n g (o aa f w y) (y p l) (t f (n g (o aa f w y) (y p l) (t f (n g (o aa f w y) (y p l) (o a ab j (z (a (h x (a (p e e o x x)) y c n j))) h a)) a)) a)) a)) a)) q (j z v e a d u n l)))) (l (w (h w ab l w q))))


