a = r z ad p y (t h n q (c h m) h g)
b ae ai af ag ah aj = z (s (t (r x r l r g ad)))
c ai aj ah ag ae af = ad (o (aa w u (ac a aa w z r x p r b ac n)))
d ag ah ae af aj ai = ad (w k g (k (j (ad (ab i m v i s t z t v b)))))
e af ae = h (aa (f (r (t y s x h a m d c) af)))
f ae = q m g (l (z i (z t z u r ab y c ac o)))
g ag af ah ae = u (i y b q j k y k)
h ae = s (ab ad aa i r r)
i af ai ae ah aj ag = o (ad r (c z t n f z h b b ad))
j ai ah ae ag af = g l m z (r a d l aa c x t s k ab u)
k ae ah aj af ag ai = a z m
l = r p u (y f m)
m ah af ae ag ai = b (g (ad h a w a ac h x))
n ag af ae ah = e (aa (r (q c c u (y (ab r w ad d i j ac ad s)))))
o af ae ag = n d g ab (a (z y af) d)
p ae = t m f s (e (ae y (c (c o n ac v f f s h m))))
q ae = n w b (z (e (m n p p c i x t k) m k ab))
r af ag ai ah aj ae = o e s i k i (n ac j n p v z) n
s af ae ai ah ag = t p i e p (ad l) (k z)
t = l (s ad z e (i a v aa x))
u ae = k (e j m i (ae j s (r l g ad k q)))
v ag ah ae af ai = j (b f (m (a y (a y z t z w l d w n g n))))
w = ab d u r (j ab (o k ab a r y))
x = g (m z) (c (v u k d ac))
y ae = o p (h u n n h s)
z af ae = o g (f (n aa (o d q (p b j h m c) f)))
aa ae ah aj af ag ai = f (t (c ac h j s) s r d q v)
ab ae ah ag af = d aa (z n w e (p g (x d b aa ah aa u y)))
ac af ae = b (s g ae d a)
ad af ag ae = i i (x w (k k (c aa t b u y w)))
main = i j A u (B (l q n (y (s t (C k k (D (E (ab (r ac (aa (l p (f (l (k (F p (d (G n H q) (s (x q t I w (J (i (n (aa y (h k r p o i v u K l a f ab h v r L r e r f M q g l d l s g t l f r i u m f) x N O j) ab x i j aa aa v c j s k) n u t z p))))))))))))))))))))
------------------------------------------------------------
i j A u (B (l q n (y (s t (C k k (D (E (ab (r ac (aa (l p (f (l (k (F p (d (G n H q) (s (x q t I w (J (i (n (aa y (h k r p o i v u K l a f ab h v r L r e r f M q g l d l s g t l f r i u m f) x N O j) ab x i j aa aa v c j s k) n u t z p))))))))))))))))))))
i j A u (B (r p u (y f m) q n (y (s t (C k k (D (E (ab (r ac (aa (l p (f (l (k (F p (d (G n H q) (s (x q t I w (J (i (n (aa y (h k r p o i v u K l a f ab h v r L r e r f M q g l d l s g t l f r i u m f) x N O j) ab x i j aa aa v c j s k) n u t z p))))))))))))))))))))
i j A u (B (o e s i k i (n ac j n p v z) n))
i j A u (B (n d g ab (a (z y e) d) k i (n ac j n p v z) n))
i j A u (B (e (aa (r (q c c u (y (ab r w ad d i j ac ad s))))) k i (n ac j n p v z) n))
i j A u (B (h (aa (f (r (t y s x h a m d c) (aa (r (q c c u (y (ab r w ad d i j ac ad s)))))))) i (n ac j n p v z) n))
i j A u (B (s (ab ad aa i r r) i (n ac j n p v z) n))
i j A u (B (s (d aa (z n w e (p g (x d b aa aa aa u y))) r) i (n ac j n p v z) n))
i j A u (B (s (d aa (o g (f (n aa (o d q (p b j h m c) f))) e (p g (x d b aa aa aa u y))) r) i (n ac j n p v z) n))
i j A u (B (s (d aa (n d g ab (a (z y g) d) (p g (x d b aa aa aa u y))) r) i (n ac j n p v z) n))
i j A u (B (s (d aa (e (aa (r (q c c u (y (ab r w ad d i j ac ad s))))) (p g (x d b aa aa aa u y))) r) i (n ac j n p v z) n))
i j A u (B (s (d aa (h (aa (f (r (t y s x h a m d c) (aa (r (q c c u (y (ab r w ad d i j ac ad s))))))))) r) i (n ac j n p v z) n))
i j A u (B (s (d aa (s (ab ad aa i r r)) r) i (n ac j n p v z) n))
i j A u (B (s (d aa (s (d aa (z n w e (p g (x d b aa aa aa u y))) r)) r) i (n ac j n p v z) n))
i j A u (B (s (d aa (s (d aa (o g (f (n aa (o d q (p b j h m c) f))) e (p g (x d b aa aa aa u y))) r)) r) i (n ac j n p v z) n))
i j A u (B (s (d aa (s (d aa (n d g ab (a (z y g) d) (p g (x d b aa aa aa u y))) r)) r) i (n ac j n p v z) n))
i j A u (B (s (d aa (s (d aa (e (aa (r (q c c u (y (ab r w ad d i j ac ad s))))) (p g (x d b aa aa aa u y))) r)) r) i (n ac j n p v z) n))
i j A u (B (s (d aa (s (d aa (h (aa (f (r (t y s x h a m d c) (aa (r (q c c u (y (ab r w ad d i j ac ad s))))))))) r)) r) i (n ac j n p v z) n))
i j A u (B (s (d aa (s (d aa (s (ab ad aa i r r)) r)) r) i (n ac j n p v z) n))
i j A u (B (s (d aa (s (d aa (s (d aa (z n w e (p g (x d b aa aa aa u y))) r)) r)) r) i (n ac j n p v z) n))
i j A u (B (s (d aa (s (d aa (s (d aa (o g (f (n aa (o d q (p b j h m c) f))) e (p g (x d b aa aa aa u y))) r)) r)) r) i (n ac j n p v z) n))
i j A u (B (s (d aa (s (d aa (s (d aa (n d g ab (a (z y g) d) (p g (x d b aa aa aa u y))) r)) r)) r) i (n ac j n p v z) n))
i j A u (B (s (d aa (s (d aa (s (d aa (e (aa (r (q c c u (y (ab r w ad d i j ac ad s))))) (p g (x d b aa aa aa u y))) r)) r)) r) i (n ac j n p v z) n))
i j A u (B (s (d aa (s (d aa (s (d aa (h (aa (f (r (t y s x h a m d c) (aa (r (q c c u (y (ab r w ad d i j ac ad s))))))))) r)) r)) r) i (n ac j n p v z) n))
i j A u (B (s (d aa (s (d aa (s (d aa (s (ab ad aa i r r)) r)) r)) r) i (n ac j n p v z) n))
i j A u (B (s (d aa (s (d aa (s (d aa (s (d aa (z n w e (p g (x d b aa aa aa u y))) r)) r)) r)) r) i (n ac j n p v z) n))
i j A u (B (s (d aa (s (d aa (s (d aa (s (d aa (o g (f (n aa (o d q (p b j h m c) f))) e (p g (x d b aa aa aa u y))) r)) r)) r)) r) i (n ac j n p v z) n))
i j A u (B (s (d aa (s (d aa (s (d aa (s (d aa (n d g ab (a (z y g) d) (p g (x d b aa aa aa u y))) r)) r)) r)) r) i (n ac j n p v z) n))
i j A u (B (s (d aa (s (d aa (s (d aa (s (d aa (e (aa (r (q c c u (y (ab r w ad d i j ac ad s))))) (p g (x d b aa aa aa u y))) r)) r)) r)) r) i (n ac j n p v z) n))
i j A u (B (s (d aa (s (d aa (s (d aa (s (d aa (h (aa (f (r (t y s x h a m d c) (aa (r (q c c u (y (ab r w ad d i j ac ad s))))))))) r)) r)) r)) r) i (n ac j n p v z) n))


