a aj ag ai af ah ae = g (n (aa (l s s (c d k aa ab j af))))
b ai ae ag ah af = s (ag (s g (j w e (o t n h ac g) t l m)))
c ag ae aj ai ah af = v (e (b o (h r u q u n)))
d af ae = af (u k) m (a (i x (n v r ab)) n af)
e ae = w (o (h y s y m (o (a q d f w x aa y z))))
f ah ag af ae = d (p (t (w (e y g m ad y c ab b r) c v m)))
g af ae = z q l t j r
h ag aj ai ae af ah = k (aa (x l q t x a l) af v e o)
i ae aj af ah ag ai = q (t e aa b ad a y aa (t s p p m r))
j ag af ae = ac aa (r aa g ae (u l) b o)
k ag ah ae aj ai af = ac (e ag (m r (n c e a (t a m e m) t)))
l af ag ae ah = f ab (s (f (p c (n f aa) k r e e)))
m af ae = a t (ad (o q aa x))
n ah ae ag af = c u c c (ag i (z (s (ab b a k g r k))))
o af ag ah ae = i r n z h (d (ab v l i f g))
p ah ae af aj ag ai = o (k i v (b (w v o s ab)))
q ag aj ai ae ah af = y (ai (ag (c u (n ab (aa j ad) a j l g g d))))
r = p a (v (p m f g w t (m w s aa v) s y f))
s af ae ag = g u (i (ad (v (m ab n y z ae w ad k) g ac)))
t af ah aj ae ai ag = a (m aa (q p aa (ad (r l x r o h aa p b))))
u af ae = i (v (i i p a r b aa i v))
v af ae = ad n aa c d (o (ac (w (k b s t x k a) f h)))
w ae ag ai ah af = t aa (h k s i (o (g z p l n aa h a b aa)))
x af ae ag ai ah aj = j c s s ah u j (ac w k (v ad i u))
y = ac u (ab (f z b o x))
z ae = v i r ab (d (q h (p x h m ae p x k)))
aa ah ae ag af = f a (q af d a ag d q o)
ab ae = u v (o g (a a (v u i m ac p w w u)))
ac ae af ag = i (g f (y p (l i g s k q p g)))
ad af ae = w i (h (o a (i (o af c w c))))
main = j p (ab x t (v e (s (m b A (j (B u (h i (C D c (y (E o (i v u (t F m v (G (l d) (H q a v s (f (I (J (aa e (q r n u h (K (m aa (ac L (r M x a x w N O) m x n l ac i j w v o v i ad b P e Q x y f e R c t p n f v w S r d) v ad m k q i r ac)))))))))))))))))))))
------------------------------------------------------------
j p (ab x t (v e (s (m b A (j (B u (h i (C D c (y (E o (i v u (t F m v (G (l d) (H q a v s (f (I (J (aa e (q r n u h (K (m aa (ac L (r M x a x w N O) m x n l ac i j w v o v i ad b P e Q x y f e R c t p n f v w S r d) v ad m k q i r ac)))))))))))))))))))))
j p (u v (o g (a a (v u i m ac p w w u))) t (v e (s (m b A (j (B u (h i (C D c (y (E o (i v u (t F m v (G (l d) (H q a v s (f (I (J (aa e (q r n u h (K (m aa (ac L (r M x a x w N O) m x n l ac i j w v o v i ad b P e Q x y f e R c t p n f v w S r d) v ad m k q i r ac)))))))))))))))))))))
j p (i (v (i i p a r b aa i v)) t (v e (s (m b A (j (B u (h i (C D c (y (E o (i v u (t F m v (G (l d) (H q a v s (f (I (J (aa e (q r n u h (K (m aa (ac L (r M x a x w N O) m x n l ac i j w v o v i ad b P e Q x y f e R c t p n f v w S r d) v ad m k q i r ac)))))))))))))))))))))
j p (i (v (q (t e aa b ad a y aa (t s p p m r)) i v)) t (v e (s (m b A (j (B u (h i (C D c (y (E o (i v u (t F m v (G (l d) (H q a v s (f (I (J (aa e (q r n u h (K (m aa (ac L (r M x a x w N O) m x n l ac i j w v o v i ad b P e Q x y f e R c t p n f v w S r d) v ad m k q i r ac)))))))))))))))))))))
j p (i (v (q (a (m aa (q p aa (ad (r l x r o h aa p b)))) aa (t s p p m r)) i v)) t (v e (s (m b A (j (B u (h i (C D c (y (E o (i v u (t F m v (G (l d) (H q a v s (f (I (J (aa e (q r n u h (K (m aa (ac L (r M x a x w N O) m x n l ac i j w v o v i ad b P e Q x y f e R c t p n f v w S r d) v ad m k q i r ac)))))))))))))))))))))
j p (i (v (q (a (a t (ad (o q aa x))) aa (t s p p m r)) i v)) t (v e (s (m b A (j (B u (h i (C D c (y (E o (i v u (t F m v (G (l d) (H q a v s (f (I (J (aa e (q r n u h (K (m aa (ac L (r M x a x w N O) m x n l ac i j w v o v i ad b P e Q x y f e R c t p n f v w S r d) v ad m k q i r ac)))))))))))))))))))))
j p (i (v (q (a (a t (ad (o q aa x))) aa (t s p p m (p a (v (p m f g w t (m w s aa v) s y f))))) i v)) t (v e (s (m b A (j (B u (h i (C D c (y (E o (i v u (t F m v (G (l d) (H q a v s (f (I (J (aa e (q r n u h (K (m aa (ac L (r M x a x w N O) m x n l ac i j w v o v i ad b P e Q x y f e R c t p n f v w S r d) v ad m k q i r ac)))))))))))))))))))))
j p (i (v (q (a (a t (ad (o q aa x))) aa (t s p p m (p a (v (o (k i v (b (w v o s ab))) s y f))))) i v)) t (v e (s (m b A (j (B u (h i (C D c (y (E o (i v u (t F m v (G (l d) (H q a v s (f (I (J (aa e (q r n u h (K (m aa (ac L (r M x a x w N O) m x n l ac i j w v o v i ad b P e Q x y f e R c t p n f v w S r d) v ad m k q i r ac)))))))))))))))))))))
j p (i (v (q (a (a t (ad (o q aa x))) aa (t s p p m (p a (v (i r n z h (d (ab v l i f g))))))) i v)) t (v e (s (m b A (j (B u (h i (C D c (y (E o (i v u (t F m v (G (l d) (H q a v s (f (I (J (aa e (q r n u h (K (m aa (ac L (r M x a x w N O) m x n l ac i j w v o v i ad b P e Q x y f e R c t p n f v w S r d) v ad m k q i r ac)))))))))))))))))))))
j p (i (v (q (a (a t (ad (o q aa x))) aa (t s p p m (p a (v (i (p a (v (p m f g w t (m w s aa v) s y f))) n z h (d (ab v l i f g))))))) i v)) t (v e (s (m b A (j (B u (h i (C D c (y (E o (i v u (t F m v (G (l d) (H q a v s (f (I (J (aa e (q r n u h (K (m aa (ac L (r M x a x w N O) m x n l ac i j w v o v i ad b P e Q x y f e R c t p n f v w S r d) v ad m k q i r ac)))))))))))))))))))))
j p (i (v (q (a (a t (ad (o q aa x))) aa (t s p p m (p a (v (i (p a (v (o (k i v (b (w v o s ab))) s y f))) n z h (d (ab v l i f g))))))) i v)) t (v e (s (m b A (j (B u (h i (C D c (y (E o (i v u (t F m v (G (l d) (H q a v s (f (I (J (aa e (q r n u h (K (m aa (ac L (r M x a x w N O) m x n l ac i j w v o v i ad b P e Q x y f e R c t p n f v w S r d) v ad m k q i r ac)))))))))))))))))))))
j p (i (v (q (a (a t (ad (o q aa x))) aa (t s p p m (p a (v (i (p a (v (i r n z h (d (ab v l i f g))))) n z h (d (ab v l i f g))))))) i v)) t (v e (s (m b A (j (B u (h i (C D c (y (E o (i v u (t F m v (G (l d) (H q a v s (f (I (J (aa e (q r n u h (K (m aa (ac L (r M x a x w N O) m x n l ac i j w v o v i ad b P e Q x y f e R c t p n f v w S r d) v ad m k q i r ac)))))))))))))))))))))
j p (i (v (q (a (a t (ad (o q aa x))) aa (t s p p m (p a (v (i (p a (v (i (p a (v (p m f g w t (m w s aa v) s y f))) n z h (d (ab v l i f g))))) n z h (d (ab v l i f g))))))) i v)) t (v e (s (m b A (j (B u (h i (C D c (y (E o (i v u (t F m v (G (l d) (H q a v s (f (I (J (aa e (q r n u h (K (m aa (ac L (r M x a x w N O) m x n l ac i j w v o v i ad b P e Q x y f e R c t p n f v w S r d) v ad m k q i r ac)))))))))))))))))))))
j p (i (v (q (a (a t (ad (o q aa x))) aa (t s p p m (p a (v (i (p a (v (i (p a (v (o (k i v (b (w v o s ab))) s y f))) n z h (d (ab v l i f g))))) n z h (d (ab v l i f g))))))) i v)) t (v e (s (m b A (j (B u (h i (C D c (y (E o (i v u (t F m v (G (l d) (H q a v s (f (I (J (aa e (q r n u h (K (m aa (ac L (r M x a x w N O) m x n l ac i j w v o v i ad b P e Q x y f e R c t p n f v w S r d) v ad m k q i r ac)))))))))))))))))))))
j p (i (v (q (a (a t (ad (o q aa x))) aa (t s p p m (p a (v (i (p a (v (i (p a (v (i r n z h (d (ab v l i f g))))) n z h (d (ab v l i f g))))) n z h (d (ab v l i f g))))))) i v)) t (v e (s (m b A (j (B u (h i (C D c (y (E o (i v u (t F m v (G (l d) (H q a v s (f (I (J (aa e (q r n u h (K (m aa (ac L (r M x a x w N O) m x n l ac i j w v o v i ad b P e Q x y f e R c t p n f v w S r d) v ad m k q i r ac)))))))))))))))))))))
j p (i (v (q (a (a t (ad (o q aa x))) aa (t s p p m (p a (v (i (p a (v (i (p a (v (i (p a (v (p m f g w t (m w s aa v) s y f))) n z h (d (ab v l i f g))))) n z h (d (ab v l i f g))))) n z h (d (ab v l i f g))))))) i v)) t (v e (s (m b A (j (B u (h i (C D c (y (E o (i v u (t F m v (G (l d) (H q a v s (f (I (J (aa e (q r n u h (K (m aa (ac L (r M x a x w N O) m x n l ac i j w v o v i ad b P e Q x y f e R c t p n f v w S r d) v ad m k q i r ac)))))))))))))))))))))
j p (i (v (q (a (a t (ad (o q aa x))) aa (t s p p m (p a (v (i (p a (v (i (p a (v (i (p a (v (o (k i v (b (w v o s ab))) s y f))) n z h (d (ab v l i f g))))) n z h (d (ab v l i f g))))) n z h (d (ab v l i f g))))))) i v)) t (v e (s (m b A (j (B u (h i (C D c (y (E o (i v u (t F m v (G (l d) (H q a v s (f (I (J (aa e (q r n u h (K (m aa (ac L (r M x a x w N O) m x n l ac i j w v o v i ad b P e Q x y f e R c t p n f v w S r d) v ad m k q i r ac)))))))))))))))))))))
j p (i (v (q (a (a t (ad (o q aa x))) aa (t s p p m (p a (v (i (p a (v (i (p a (v (i (p a (v (i r n z h (d (ab v l i f g))))) n z h (d (ab v l i f g))))) n z h (d (ab v l i f g))))) n z h (d (ab v l i f g))))))) i v)) t (v e (s (m b A (j (B u (h i (C D c (y (E o (i v u (t F m v (G (l d) (H q a v s (f (I (J (aa e (q r n u h (K (m aa (ac L (r M x a x w N O) m x n l ac i j w v o v i ad b P e Q x y f e R c t p n f v w S r d) v ad m k q i r ac)))))))))))))))))))))
j p (i (v (q (a (a t (ad (o q aa x))) aa (t s p p m (p a (v (i (p a (v (i (p a (v (i (p a (v (i (p a (v (p m f g w t (m w s aa v) s y f))) n z h (d (ab v l i f g))))) n z h (d (ab v l i f g))))) n z h (d (ab v l i f g))))) n z h (d (ab v l i f g))))))) i v)) t (v e (s (m b A (j (B u (h i (C D c (y (E o (i v u (t F m v (G (l d) (H q a v s (f (I (J (aa e (q r n u h (K (m aa (ac L (r M x a x w N O) m x n l ac i j w v o v i ad b P e Q x y f e R c t p n f v w S r d) v ad m k q i r ac)))))))))))))))))))))
j p (i (v (q (a (a t (ad (o q aa x))) aa (t s p p m (p a (v (i (p a (v (i (p a (v (i (p a (v (i (p a (v (o (k i v (b (w v o s ab))) s y f))) n z h (d (ab v l i f g))))) n z h (d (ab v l i f g))))) n z h (d (ab v l i f g))))) n z h (d (ab v l i f g))))))) i v)) t (v e (s (m b A (j (B u (h i (C D c (y (E o (i v u (t F m v (G (l d) (H q a v s (f (I (J (aa e (q r n u h (K (m aa (ac L (r M x a x w N O) m x n l ac i j w v o v i ad b P e Q x y f e R c t p n f v w S r d) v ad m k q i r ac)))))))))))))))))))))
j p (i (v (q (a (a t (ad (o q aa x))) aa (t s p p m (p a (v (i (p a (v (i (p a (v (i (p a (v (i (p a (v (i r n z h (d (ab v l i f g))))) n z h (d (ab v l i f g))))) n z h (d (ab v l i f g))))) n z h (d (ab v l i f g))))) n z h (d (ab v l i f g))))))) i v)) t (v e (s (m b A (j (B u (h i (C D c (y (E o (i v u (t F m v (G (l d) (H q a v s (f (I (J (aa e (q r n u h (K (m aa (ac L (r M x a x w N O) m x n l ac i j w v o v i ad b P e Q x y f e R c t p n f v w S r d) v ad m k q i r ac)))))))))))))))))))))
j p (i (v (q (a (a t (ad (o q aa x))) aa (t s p p m (p a (v (i (p a (v (i (p a (v (i (p a (v (i (p a (v (i (p a (v (p m f g w t (m w s aa v) s y f))) n z h (d (ab v l i f g))))) n z h (d (ab v l i f g))))) n z h (d (ab v l i f g))))) n z h (d (ab v l i f g))))) n z h (d (ab v l i f g))))))) i v)) t (v e (s (m b A (j (B u (h i (C D c (y (E o (i v u (t F m v (G (l d) (H q a v s (f (I (J (aa e (q r n u h (K (m aa (ac L (r M x a x w N O) m x n l ac i j w v o v i ad b P e Q x y f e R c t p n f v w S r d) v ad m k q i r ac)))))))))))))))))))))
j p (i (v (q (a (a t (ad (o q aa x))) aa (t s p p m (p a (v (i (p a (v (i (p a (v (i (p a (v (i (p a (v (i (p a (v (o (k i v (b (w v o s ab))) s y f))) n z h (d (ab v l i f g))))) n z h (d (ab v l i f g))))) n z h (d (ab v l i f g))))) n z h (d (ab v l i f g))))) n z h (d (ab v l i f g))))))) i v)) t (v e (s (m b A (j (B u (h i (C D c (y (E o (i v u (t F m v (G (l d) (H q a v s (f (I (J (aa e (q r n u h (K (m aa (ac L (r M x a x w N O) m x n l ac i j w v o v i ad b P e Q x y f e R c t p n f v w S r d) v ad m k q i r ac)))))))))))))))))))))
j p (i (v (q (a (a t (ad (o q aa x))) aa (t s p p m (p a (v (i (p a (v (i (p a (v (i (p a (v (i (p a (v (i (p a (v (i r n z h (d (ab v l i f g))))) n z h (d (ab v l i f g))))) n z h (d (ab v l i f g))))) n z h (d (ab v l i f g))))) n z h (d (ab v l i f g))))) n z h (d (ab v l i f g))))))) i v)) t (v e (s (m b A (j (B u (h i (C D c (y (E o (i v u (t F m v (G (l d) (H q a v s (f (I (J (aa e (q r n u h (K (m aa (ac L (r M x a x w N O) m x n l ac i j w v o v i ad b P e Q x y f e R c t p n f v w S r d) v ad m k q i r ac)))))))))))))))))))))
j p (i (v (q (a (a t (ad (o q aa x))) aa (t s p p m (p a (v (i (p a (v (i (p a (v (i (p a (v (i (p a (v (i (p a (v (i (p a (v (p m f g w t (m w s aa v) s y f))) n z h (d (ab v l i f g))))) n z h (d (ab v l i f g))))) n z h (d (ab v l i f g))))) n z h (d (ab v l i f g))))) n z h (d (ab v l i f g))))) n z h (d (ab v l i f g))))))) i v)) t (v e (s (m b A (j (B u (h i (C D c (y (E o (i v u (t F m v (G (l d) (H q a v s (f (I (J (aa e (q r n u h (K (m aa (ac L (r M x a x w N O) m x n l ac i j w v o v i ad b P e Q x y f e R c t p n f v w S r d) v ad m k q i r ac)))))))))))))))))))))
j p (i (v (q (a (a t (ad (o q aa x))) aa (t s p p m (p a (v (i (p a (v (i (p a (v (i (p a (v (i (p a (v (i (p a (v (i (p a (v (o (k i v (b (w v o s ab))) s y f))) n z h (d (ab v l i f g))))) n z h (d (ab v l i f g))))) n z h (d (ab v l i f g))))) n z h (d (ab v l i f g))))) n z h (d (ab v l i f g))))) n z h (d (ab v l i f g))))))) i v)) t (v e (s (m b A (j (B u (h i (C D c (y (E o (i v u (t F m v (G (l d) (H q a v s (f (I (J (aa e (q r n u h (K (m aa (ac L (r M x a x w N O) m x n l ac i j w v o v i ad b P e Q x y f e R c t p n f v w S r d) v ad m k q i r ac)))))))))))))))))))))
j p (i (v (q (a (a t (ad (o q aa x))) aa (t s p p m (p a (v (i (p a (v (i (p a (v (i (p a (v (i (p a (v (i (p a (v (i (p a (v (i r n z h (d (ab v l i f g))))) n z h (d (ab v l i f g))))) n z h (d (ab v l i f g))))) n z h (d (ab v l i f g))))) n z h (d (ab v l i f g))))) n z h (d (ab v l i f g))))) n z h (d (ab v l i f g))))))) i v)) t (v e (s (m b A (j (B u (h i (C D c (y (E o (i v u (t F m v (G (l d) (H q a v s (f (I (J (aa e (q r n u h (K (m aa (ac L (r M x a x w N O) m x n l ac i j w v o v i ad b P e Q x y f e R c t p n f v w S r d) v ad m k q i r ac)))))))))))))))))))))
j p (i (v (q (a (a t (ad (o q aa x))) aa (t s p p m (p a (v (i (p a (v (i (p a (v (i (p a (v (i (p a (v (i (p a (v (i (p a (v (i (p a (v (p m f g w t (m w s aa v) s y f))) n z h (d (ab v l i f g))))) n z h (d (ab v l i f g))))) n z h (d (ab v l i f g))))) n z h (d (ab v l i f g))))) n z h (d (ab v l i f g))))) n z h (d (ab v l i f g))))) n z h (d (ab v l i f g))))))) i v)) t (v e (s (m b A (j (B u (h i (C D c (y (E o (i v u (t F m v (G (l d) (H q a v s (f (I (J (aa e (q r n u h (K (m aa (ac L (r M x a x w N O) m x n l ac i j w v o v i ad b P e Q x y f e R c t p n f v w S r d) v ad m k q i r ac)))))))))))))))))))))
j p (i (v (q (a (a t (ad (o q aa x))) aa (t s p p m (p a (v (i (p a (v (i (p a (v (i (p a (v (i (p a (v (i (p a (v (i (p a (v (i (p a (v (o (k i v (b (w v o s ab))) s y f))) n z h (d (ab v l i f g))))) n z h (d (ab v l i f g))))) n z h (d (ab v l i f g))))) n z h (d (ab v l i f g))))) n z h (d (ab v l i f g))))) n z h (d (ab v l i f g))))) n z h (d (ab v l i f g))))))) i v)) t (v e (s (m b A (j (B u (h i (C D c (y (E o (i v u (t F m v (G (l d) (H q a v s (f (I (J (aa e (q r n u h (K (m aa (ac L (r M x a x w N O) m x n l ac i j w v o v i ad b P e Q x y f e R c t p n f v w S r d) v ad m k q i r ac)))))))))))))))))))))
j p (i (v (q (a (a t (ad (o q aa x))) aa (t s p p m (p a (v (i (p a (v (i (p a (v (i (p a (v (i (p a (v (i (p a (v (i (p a (v (i (p a (v (i r n z h (d (ab v l i f g))))) n z h (d (ab v l i f g))))) n z h (d (ab v l i f g))))) n z h (d (ab v l i f g))))) n z h (d (ab v l i f g))))) n z h (d (ab v l i f g))))) n z h (d (ab v l i f g))))) n z h (d (ab v l i f g))))))) i v)) t (v e (s (m b A (j (B u (h i (C D c (y (E o (i v u (t F m v (G (l d) (H q a v s (f (I (J (aa e (q r n u h (K (m aa (ac L (r M x a x w N O) m x n l ac i j w v o v i ad b P e Q x y f e R c t p n f v w S r d) v ad m k q i r ac)))))))))))))))))))))


