a ae ag af ah i (g (w (p (ac (ac ac v e k s i f o i r l)))))
b ag ah af aj ai ae o ai (y (x ag ai g z n v t d s t c))
c ag ae ah af j (z t (ag (d aa (z (f v (k ac g d b o) s x y)))))
d af ae ac l o i ad f (af g ab (c (e q b ad q x q)))
e ae af y (g aa g (u (k ac j g m k r b x)))
f ah af ae ai ag aj u (k (i (r b (y n k k g l n ab))))
g af ag ah ae w n (i y af (m (s h t a o u e j)))
h ae d (y (y (q (f e (ac r a k p f s) a i v g aa))))
i ah aj ae af ag ai p p (g (c (j f g q u t e) g ab h ag k))
j ah af ai ag ae d w (o g (h q) (ah y (a aa ab ag c h l q)))
k ah ai af ag ae ac d d v (e (aa a h (z ad g l n h ac l)))
l ag ae af ah s (o (v t ab v a q))
m ah ae ai af ag f i
n ae i (ad (g u (x i (f a ae b m u x u u g))))
o ah ai ag ae af q (d (e c (r l c ag) t r ad u s k))
p aj af ah ai ag ae f (h k o (o (j ac j v) aa w h) n)
q p s h (i (z (i (x ac (u e h l x z ac ab) m))))
r ae l (v (ae o ae ab c x w h j z o q))
s ae ai ah ag af ad n w a (h (g k z x q v (k j k t p)))
t ae ah ag af w p aa (j z v i w ac m)
u ag ah ae af ad h (ac c c m k ac p)
v ae ae aa (r (a y f h s (h a aa ab d t s)))
w ae af ag i (af (l (z (h g (ab (q i) h ac m) d e r o ac j))))
x af ae ag m ag (aa (m g (af aa o ae h h t j f q t)))
y e m (j (m w (u (p r d s e e p k aa d h))))
z ae ag af b (r r r (g m (ac d c y)) (ad ac e a q m))
aa ae af ag t b
ab ag ae af o (s (h (z w ac ad ac) x f))
ac ag af ah ae o m h (a (p (aa (c f)) (r g v y d y y d)))
ad af ai ah ae ag aj ah (f (c (q w (e f ac ah aa o ac))))
main t (x (A (t i f g z (k (a v (B g) (r (j (b (t f) z u (C (ac f (y (d (D y m (ab (f (a s (E (m y x (n (f d) c (s s m l k (ac (F (c (n f (i (a a k l j g aa) s r aa ac l e v q k aa c q j n d h d k p r j b) z G H c u t w r p c I J k e m z v K r ab))))))))))))))))))))))))
------------------------------------------------------------
t (x (A (t i f g z (k (a v (B g) (r (j (b (t f) z u (C (ac f (y (d (D y m (ab (f (a s (E (m y x (n (f d) c (s s m l k (ac (F (c (n f (i (a a k l j g aa) s r aa ac l e v q k aa c q j n d h d k p r j b) z G H c u t w r p c I J k e m z v K r ab))))))))))))))))))))))))
t (x (A (w p aa (j z v i w ac m) (k (a v (B g) (r (j (b (t f) z u (C (ac f (y (d (D y m (ab (f (a s (E (m y x (n (f d) c (s s m l k (ac (F (c (n f (i (a a k l j g aa) s r aa ac l e v q k aa c q j n d h d k p r j b) z G H c u t w r p c I J k e m z v K r ab))))))))))))))))))))))))
t (x (A (i (aa (l (z (h g (ab (q i) h ac m) d e r o ac j)))) (k (a v (B g) (r (j (b (t f) z u (C (ac f (y (d (D y m (ab (f (a s (E (m y x (n (f d) c (s s m l k (ac (F (c (n f (i (a a k l j g aa) s r aa ac l e v q k aa c q j n d h d k p r j b) z G H c u t w r p c I J k e m z v K r ab))))))))))))))))))))))))
t (x (A (i (aa (l (z (d (y (y (q (f e (ac r a k p f s) a i v g aa)))) (ab (q i) h ac m) d e r o ac j)))) (k (a v (B g) (r (j (b (t f) z u (C (ac f (y (d (D y m (ab (f (a s (E (m y x (n (f d) c (s s m l k (ac (F (c (n f (i (a a k l j g aa) s r aa ac l e v q k aa c q j n d h d k p r j b) z G H c u t w r p c I J k e m z v K r ab))))))))))))))))))))))))
t (x (A (i (aa (l (z (ac l o i ad f (y (y (q (f e (ac r a k p f s) a i v g aa))) g ab (c (e q b ad q x q))) d e r o ac j)))) (k (a v (B g) (r (j (b (t f) z u (C (ac f (y (d (D y m (ab (f (a s (E (m y x (n (f d) c (s s m l k (ac (F (c (n f (i (a a k l j g aa) s r aa ac l e v q k aa c q j n d h d k p r j b) z G H c u t w r p c I J k e m z v K r ab))))))))))))))))))))))))
t (x (A (i (aa (l (z (o m h (a (p (aa (c f)) (r g v y d y y d))) f (y (y (q (f e (ac r a k p f s) a i v g aa))) g ab (c (e q b ad q x q))) d e r o ac j)))) (k (a v (B g) (r (j (b (t f) z u (C (ac f (y (d (D y m (ab (f (a s (E (m y x (n (f d) c (s s m l k (ac (F (c (n f (i (a a k l j g aa) s r aa ac l e v q k aa c q j n d h d k p r j b) z G H c u t w r p c I J k e m z v K r ab))))))))))))))))))))))))
t (x (A (i (aa (l (z (q (d (e c (r l c (a (p (aa (c f)) (r g v y d y y d)))) t r ad u s k)) d e r o ac j)))) (k (a v (B g) (r (j (b (t f) z u (C (ac f (y (d (D y m (ab (f (a s (E (m y x (n (f d) c (s s m l k (ac (F (c (n f (i (a a k l j g aa) s r aa ac l e v q k aa c q j n d h d k p r j b) z G H c u t w r p c I J k e m z v K r ab))))))))))))))))))))))))
t (x (A (i (aa (l (z (p s h (i (z (i (x ac (u e h l x z ac ab) m)))) (d (e c (r l c (a (p (aa (c f)) (r g v y d y y d)))) t r ad u s k)) d e r o ac j)))) (k (a v (B g) (r (j (b (t f) z u (C (ac f (y (d (D y m (ab (f (a s (E (m y x (n (f d) c (s s m l k (ac (F (c (n f (i (a a k l j g aa) s r aa ac l e v q k aa c q j n d h d k p r j b) z G H c u t w r p c I J k e m z v K r ab))))))))))))))))))))))))
t (x (A (i (aa (l (z (f (h k o (o (j ac j v) aa w h) n) r o ac j)))) (k (a v (B g) (r (j (b (t f) z u (C (ac f (y (d (D y m (ab (f (a s (E (m y x (n (f d) c (s s m l k (ac (F (c (n f (i (a a k l j g aa) s r aa ac l e v q k aa c q j n d h d k p r j b) z G H c u t w r p c I J k e m z v K r ab))))))))))))))))))))))))
t (x (A (i (aa (l (z (f (d (y (y (q (f e (ac r a k p f s) a i v g aa)))) o (o (j ac j v) aa w h) n) r o ac j)))) (k (a v (B g) (r (j (b (t f) z u (C (ac f (y (d (D y m (ab (f (a s (E (m y x (n (f d) c (s s m l k (ac (F (c (n f (i (a a k l j g aa) s r aa ac l e v q k aa c q j n d h d k p r j b) z G H c u t w r p c I J k e m z v K r ab))))))))))))))))))))))))
t (x (A (i (aa (l (z (f (ac l o i ad f (y (y (q (f e (ac r a k p f s) a i v g aa))) g ab (c (e q b ad q x q))) (o (j ac j v) aa w h) n) r o ac j)))) (k (a v (B g) (r (j (b (t f) z u (C (ac f (y (d (D y m (ab (f (a s (E (m y x (n (f d) c (s s m l k (ac (F (c (n f (i (a a k l j g aa) s r aa ac l e v q k aa c q j n d h d k p r j b) z G H c u t w r p c I J k e m z v K r ab))))))))))))))))))))))))
t (x (A (i (aa (l (z (f (o m h (a (p (aa (c f)) (r g v y d y y d))) f (y (y (q (f e (ac r a k p f s) a i v g aa))) g ab (c (e q b ad q x q))) (o (j ac j v) aa w h) n) r o ac j)))) (k (a v (B g) (r (j (b (t f) z u (C (ac f (y (d (D y m (ab (f (a s (E (m y x (n (f d) c (s s m l k (ac (F (c (n f (i (a a k l j g aa) s r aa ac l e v q k aa c q j n d h d k p r j b) z G H c u t w r p c I J k e m z v K r ab))))))))))))))))))))))))
t (x (A (i (aa (l (z (f (q (d (e c (r l c (a (p (aa (c f)) (r g v y d y y d)))) t r ad u s k)) (o (j ac j v) aa w h) n) r o ac j)))) (k (a v (B g) (r (j (b (t f) z u (C (ac f (y (d (D y m (ab (f (a s (E (m y x (n (f d) c (s s m l k (ac (F (c (n f (i (a a k l j g aa) s r aa ac l e v q k aa c q j n d h d k p r j b) z G H c u t w r p c I J k e m z v K r ab))))))))))))))))))))))))
t (x (A (i (aa (l (z (f (p s h (i (z (i (x ac (u e h l x z ac ab) m)))) (d (e c (r l c (a (p (aa (c f)) (r g v y d y y d)))) t r ad u s k)) (o (j ac j v) aa w h) n) r o ac j)))) (k (a v (B g) (r (j (b (t f) z u (C (ac f (y (d (D y m (ab (f (a s (E (m y x (n (f d) c (s s m l k (ac (F (c (n f (i (a a k l j g aa) s r aa ac l e v q k aa c q j n d h d k p r j b) z G H c u t w r p c I J k e m z v K r ab))))))))))))))))))))))))
t (x (A (i (aa (l (z (f (f (h k o (o (j ac j v) aa w h) n)) r o ac j)))) (k (a v (B g) (r (j (b (t f) z u (C (ac f (y (d (D y m (ab (f (a s (E (m y x (n (f d) c (s s m l k (ac (F (c (n f (i (a a k l j g aa) s r aa ac l e v q k aa c q j n d h d k p r j b) z G H c u t w r p c I J k e m z v K r ab))))))))))))))))))))))))
t (x (A (i (aa (l (z (f (f (d (y (y (q (f e (ac r a k p f s) a i v g aa)))) o (o (j ac j v) aa w h) n)) r o ac j)))) (k (a v (B g) (r (j (b (t f) z u (C (ac f (y (d (D y m (ab (f (a s (E (m y x (n (f d) c (s s m l k (ac (F (c (n f (i (a a k l j g aa) s r aa ac l e v q k aa c q j n d h d k p r j b) z G H c u t w r p c I J k e m z v K r ab))))))))))))))))))))))))
t (x (A (i (aa (l (z (f (f (ac l o i ad f (y (y (q (f e (ac r a k p f s) a i v g aa))) g ab (c (e q b ad q x q))) (o (j ac j v) aa w h) n)) r o ac j)))) (k (a v (B g) (r (j (b (t f) z u (C (ac f (y (d (D y m (ab (f (a s (E (m y x (n (f d) c (s s m l k (ac (F (c (n f (i (a a k l j g aa) s r aa ac l e v q k aa c q j n d h d k p r j b) z G H c u t w r p c I J k e m z v K r ab))))))))))))))))))))))))
t (x (A (i (aa (l (z (f (f (o m h (a (p (aa (c f)) (r g v y d y y d))) f (y (y (q (f e (ac r a k p f s) a i v g aa))) g ab (c (e q b ad q x q))) (o (j ac j v) aa w h) n)) r o ac j)))) (k (a v (B g) (r (j (b (t f) z u (C (ac f (y (d (D y m (ab (f (a s (E (m y x (n (f d) c (s s m l k (ac (F (c (n f (i (a a k l j g aa) s r aa ac l e v q k aa c q j n d h d k p r j b) z G H c u t w r p c I J k e m z v K r ab))))))))))))))))))))))))
t (x (A (i (aa (l (z (f (f (q (d (e c (r l c (a (p (aa (c f)) (r g v y d y y d)))) t r ad u s k)) (o (j ac j v) aa w h) n)) r o ac j)))) (k (a v (B g) (r (j (b (t f) z u (C (ac f (y (d (D y m (ab (f (a s (E (m y x (n (f d) c (s s m l k (ac (F (c (n f (i (a a k l j g aa) s r aa ac l e v q k aa c q j n d h d k p r j b) z G H c u t w r p c I J k e m z v K r ab))))))))))))))))))))))))
t (x (A (i (aa (l (z (f (f (p s h (i (z (i (x ac (u e h l x z ac ab) m)))) (d (e c (r l c (a (p (aa (c f)) (r g v y d y y d)))) t r ad u s k)) (o (j ac j v) aa w h) n)) r o ac j)))) (k (a v (B g) (r (j (b (t f) z u (C (ac f (y (d (D y m (ab (f (a s (E (m y x (n (f d) c (s s m l k (ac (F (c (n f (i (a a k l j g aa) s r aa ac l e v q k aa c q j n d h d k p r j b) z G H c u t w r p c I J k e m z v K r ab))))))))))))))))))))))))
t (x (A (i (aa (l (z (f (f (f (h k o (o (j ac j v) aa w h) n))) r o ac j)))) (k (a v (B g) (r (j (b (t f) z u (C (ac f (y (d (D y m (ab (f (a s (E (m y x (n (f d) c (s s m l k (ac (F (c (n f (i (a a k l j g aa) s r aa ac l e v q k aa c q j n d h d k p r j b) z G H c u t w r p c I J k e m z v K r ab))))))))))))))))))))))))
t (x (A (i (aa (l (z (f (f (f (d (y (y (q (f e (ac r a k p f s) a i v g aa)))) o (o (j ac j v) aa w h) n))) r o ac j)))) (k (a v (B g) (r (j (b (t f) z u (C (ac f (y (d (D y m (ab (f (a s (E (m y x (n (f d) c (s s m l k (ac (F (c (n f (i (a a k l j g aa) s r aa ac l e v q k aa c q j n d h d k p r j b) z G H c u t w r p c I J k e m z v K r ab))))))))))))))))))))))))
t (x (A (i (aa (l (z (f (f (f (ac l o i ad f (y (y (q (f e (ac r a k p f s) a i v g aa))) g ab (c (e q b ad q x q))) (o (j ac j v) aa w h) n))) r o ac j)))) (k (a v (B g) (r (j (b (t f) z u (C (ac f (y (d (D y m (ab (f (a s (E (m y x (n (f d) c (s s m l k (ac (F (c (n f (i (a a k l j g aa) s r aa ac l e v q k aa c q j n d h d k p r j b) z G H c u t w r p c I J k e m z v K r ab))))))))))))))))))))))))
t (x (A (i (aa (l (z (f (f (f (o m h (a (p (aa (c f)) (r g v y d y y d))) f (y (y (q (f e (ac r a k p f s) a i v g aa))) g ab (c (e q b ad q x q))) (o (j ac j v) aa w h) n))) r o ac j)))) (k (a v (B g) (r (j (b (t f) z u (C (ac f (y (d (D y m (ab (f (a s (E (m y x (n (f d) c (s s m l k (ac (F (c (n f (i (a a k l j g aa) s r aa ac l e v q k aa c q j n d h d k p r j b) z G H c u t w r p c I J k e m z v K r ab))))))))))))))))))))))))
t (x (A (i (aa (l (z (f (f (f (q (d (e c (r l c (a (p (aa (c f)) (r g v y d y y d)))) t r ad u s k)) (o (j ac j v) aa w h) n))) r o ac j)))) (k (a v (B g) (r (j (b (t f) z u (C (ac f (y (d (D y m (ab (f (a s (E (m y x (n (f d) c (s s m l k (ac (F (c (n f (i (a a k l j g aa) s r aa ac l e v q k aa c q j n d h d k p r j b) z G H c u t w r p c I J k e m z v K r ab))))))))))))))))))))))))
t (x (A (i (aa (l (z (f (f (f (p s h (i (z (i (x ac (u e h l x z ac ab) m)))) (d (e c (r l c (a (p (aa (c f)) (r g v y d y y d)))) t r ad u s k)) (o (j ac j v) aa w h) n))) r o ac j)))) (k (a v (B g) (r (j (b (t f) z u (C (ac f (y (d (D y m (ab (f (a s (E (m y x (n (f d) c (s s m l k (ac (F (c (n f (i (a a k l j g aa) s r aa ac l e v q k aa c q j n d h d k p r j b) z G H c u t w r p c I J k e m z v K r ab))))))))))))))))))))))))
t (x (A (i (aa (l (z (f (f (f (f (h k o (o (j ac j v) aa w h) n)))) r o ac j)))) (k (a v (B g) (r (j (b (t f) z u (C (ac f (y (d (D y m (ab (f (a s (E (m y x (n (f d) c (s s m l k (ac (F (c (n f (i (a a k l j g aa) s r aa ac l e v q k aa c q j n d h d k p r j b) z G H c u t w r p c I J k e m z v K r ab))))))))))))))))))))))))
t (x (A (i (aa (l (z (f (f (f (f (d (y (y (q (f e (ac r a k p f s) a i v g aa)))) o (o (j ac j v) aa w h) n)))) r o ac j)))) (k (a v (B g) (r (j (b (t f) z u (C (ac f (y (d (D y m (ab (f (a s (E (m y x (n (f d) c (s s m l k (ac (F (c (n f (i (a a k l j g aa) s r aa ac l e v q k aa c q j n d h d k p r j b) z G H c u t w r p c I J k e m z v K r ab))))))))))))))))))))))))
t (x (A (i (aa (l (z (f (f (f (f (ac l o i ad f (y (y (q (f e (ac r a k p f s) a i v g aa))) g ab (c (e q b ad q x q))) (o (j ac j v) aa w h) n)))) r o ac j)))) (k (a v (B g) (r (j (b (t f) z u (C (ac f (y (d (D y m (ab (f (a s (E (m y x (n (f d) c (s s m l k (ac (F (c (n f (i (a a k l j g aa) s r aa ac l e v q k aa c q j n d h d k p r j b) z G H c u t w r p c I J k e m z v K r ab))))))))))))))))))))))))
t (x (A (i (aa (l (z (f (f (f (f (o m h (a (p (aa (c f)) (r g v y d y y d))) f (y (y (q (f e (ac r a k p f s) a i v g aa))) g ab (c (e q b ad q x q))) (o (j ac j v) aa w h) n)))) r o ac j)))) (k (a v (B g) (r (j (b (t f) z u (C (ac f (y (d (D y m (ab (f (a s (E (m y x (n (f d) c (s s m l k (ac (F (c (n f (i (a a k l j g aa) s r aa ac l e v q k aa c q j n d h d k p r j b) z G H c u t w r p c I J k e m z v K r ab))))))))))))))))))))))))


