a ae af ah aj ai ag = aj f (x z k z ad)
b ag ae af = u q y t n r (y h)
c ah ae ag af = j p ah af o w t (u k)
d ae af = ae
e = o (h (a y ad k x))
f ai ae ah af ag aj = ac ab
g ae = u j aa e z e ab ae ae
h ai ag ah af ae = b y y g y i ac ag j
i af ae = r r j af x b (r x)
j ae af = v y ac (m (o k af c))
k ae = ae q j t c
l ah ae ag af ai = e c
m ag ae af ai ah aj = e ac (n (a t ae b y c))
n ae af aj ai ah ag = ad
o ah ae af ai ag aj = ac
p ae = l t m
q af ag ae ah ai = c c n
r af ah ai ag ae = ad
s ag af ae = ad r l f a
t ae = y
u ae = w p
v = p ac r c a
w ae = k
x ae ah ai ag af = j ag y ah a m r r e
y af ae ah ai ag = ag
z af ae = n b
aa af ag ah ae = ac w v
ab ah af ae ag = o ag n
ac ae = m
ad ae af = i ae d k i
main = j (j r A (B m w C d (ad o (i s c (D (E c k (F G (H I (J g ab k K L h M (g (r N) (O P k) q y Q (R v)) e o p ab r z) (b f u S o q n) o T U z ad) d) k (o V ac W u ab X ab) l (Y (y ab b y ad) (g (Z AA (n k (ad (a y AB ac c w g c d v k) ad s u) n AC u t))))))))))
------------------------------------------------------------
j (j r A (B m w C d (ad o (i s c (D (E c k (F G (H I (J g ab k K L h M (g (r N) (O P k) q y Q (R v)) e o p ab r z) (b f u S o q n) o T U z ad) d) k (o V ac W u ab X ab) l (Y (y ab b y ad) (g (Z AA (n k (ad (a y AB ac c w g c d v k) ad s u) n AC u t))))))))))
j (v y ac (m (o k A c)) (B m w C d (ad o (i s c (D (E c k (F G (H I (J g ab k K L h M (g (r N) (O P k) q y Q (R v)) e o p ab r z) (b f u S o q n) o T U z ad) d) k (o V ac W u ab X ab) l (Y (y ab b y ad) (g (Z AA (n k (ad (a y AB ac c w g c d v k) ad s u) n AC u t))))))))))
j (p ac r c a y ac (m (o k A c)) (B m w C d (ad o (i s c (D (E c k (F G (H I (J g ab k K L h M (g (r N) (O P k) q y Q (R v)) e o p ab r z) (b f u S o q n) o T U z ad) d) k (o V ac W u ab X ab) l (Y (y ab b y ad) (g (Z AA (n k (ad (a y AB ac c w g c d v k) ad s u) n AC u t))))))))))
j (l t m r c a y ac (m (o k A c)) (B m w C d (ad o (i s c (D (E c k (F G (H I (J g ab k K L h M (g (r N) (O P k) q y Q (R v)) e o p ab r z) (b f u S o q n) o T U z ad) d) k (o V ac W u ab X ab) l (Y (y ab b y ad) (g (Z AA (n k (ad (a y AB ac c w g c d v k) ad s u) n AC u t))))))))))
j (e c y ac (m (o k A c)) (B m w C d (ad o (i s c (D (E c k (F G (H I (J g ab k K L h M (g (r N) (O P k) q y Q (R v)) e o p ab r z) (b f u S o q n) o T U z ad) d) k (o V ac W u ab X ab) l (Y (y ab b y ad) (g (Z AA (n k (ad (a y AB ac c w g c d v k) ad s u) n AC u t))))))))))
j (o (h (a y ad k x)) c y ac (m (o k A c)) (B m w C d (ad o (i s c (D (E c k (F G (H I (J g ab k K L h M (g (r N) (O P k) q y Q (R v)) e o p ab r z) (b f u S o q n) o T U z ad) d) k (o V ac W u ab X ab) l (Y (y ab b y ad) (g (Z AA (n k (ad (a y AB ac c w g c d v k) ad s u) n AC u t))))))))))
j ac


