a f k b (d (m j e l h (f o (d s) aa k j aa h)))
b ae af g (p (t g (n (j (g g a z r j s aa s af t n)))))
c ag af ah ae o t h h (x d ad u s aa)
d ah af ae ag t l (u ab (w (r t p k aa y v j q) j l l ac))
e ae ah af ag w n
f af ah ag ae h (t o a a h ad z d)
g ae y h x (q (ad v (v (l (c o m a)) aa u ad v p x)))
h f v y m (l q x d r p g e g p)
i ag ai af ae ah aj u x c (j (aj (ae q ad) h n y x y s ae j))
j ag af ai ah ae r (p (d (i (l u z n q c c s n l o))))
k ai ag ah af ae u (n (f (b (s p i o s p aa ah ab) ag d h)))
l x x r (d s z a x ad g t k c e e t a)
m ab (l u q y (f s aa k u))
n ag ae af e j (b w) p (l p (h (a d z l b w y q)))
o ae n x (r (d e e t c))
p ae ag af s (w (w r l f (ad f (ag s q y c k ad))))
q ab (g (y (u (h p (m h l) g k g a ab v g x) c)))
r af ae n (b (e (ad (n m (z c (s u s) l y f s p e o)))))
s ag ae af ah ai k h x (p (c (k (ad c ad ad g ab j h k h) t)))
t ae af s (aa (d af q (m (a (af a k h v c b h)))))
u ae n (d (ac (t o t y d) f c))
v ah ae af ag ai aj j (z (x aa a q i x g h h))
w h (z p (m (l m ab g s k b j aa a s)))
x ae ah ag af aj ai s s (v (h v (o h (aj s g c aa z ab f d a))))
y ae af aj ag ai ah k (f ab v f) n g
z ag ae af ad p (ae (r (y ae c (h ae v o o u aa f i j))))
aa ae ah aj ai af ag v
ab ae af ag s (u u (g aa y n) m j n b f)
ac t (i f (t m (c (r (a h) d e m g))))
ad z (l (i a (o ab aa z h ac h l x)))
main A (r y h (B C (x (i ac o g (D j (h (x l u E F (a (g G (ac (v (t u H (o (ad ab (c I (g ad x (ac (J ac K L d (M (w y (b aa (y r (ab c N w g q v v o v i d k r u) d m q) j v z c r) i O z h z l ad x b n a z j i j n P Q i f ab t y n z R b x n))))))))))))))))))))
------------------------------------------------------------
A (r y h (B C (x (i ac o g (D j (h (x l u E F (a (g G (ac (v (t u H (o (ad ab (c I (g ad x (ac (J ac K L d (M (w y (b aa (y r (ab c N w g q v v o v i d k r u) d m q) j v z c r) i O z h z l ad x b n a z j i j n P Q i f ab t y n z R b x n))))))))))))))))))))
A (n (b (e (ad (n m (z c (s u s) l y f s p e o))))) (B C (x (i ac o g (D j (h (x l u E F (a (g G (ac (v (t u H (o (ad ab (c I (g ad x (ac (J ac K L d (M (w y (b aa (y r (ab c N w g q v v o v i d k r u) d m q) j v z c r) i O z h z l ad x b n a z j i j n P Q i f ab t y n z R b x n))))))))))))))))))))
A (n (b (e (z (l (i a (o ab aa z h ac h l x))) (n m (z c (s u s) l y f s p e o))))) (B C (x (i ac o g (D j (h (x l u E F (a (g G (ac (v (t u H (o (ad ab (c I (g ad x (ac (J ac K L d (M (w y (b aa (y r (ab c N w g q v v o v i d k r u) d m q) j v z c r) i O z h z l ad x b n a z j i j n P Q i f ab t y n z R b x n))))))))))))))))))))
A (n (b (e (z (x x r (d s z a x ad g t k c e e t a) (i a (o ab aa z h ac h l x))) (n m (z c (s u s) l y f s p e o))))) (B C (x (i ac o g (D j (h (x l u E F (a (g G (ac (v (t u H (o (ad ab (c I (g ad x (ac (J ac K L d (M (w y (b aa (y r (ab c N w g q v v o v i d k r u) d m q) j v z c r) i O z h z l ad x b n a z j i j n P Q i f ab t y n z R b x n))))))))))))))))))))
A (n (b (e (z (x x r (t l (u ab (w (r t p k aa y v j q) j l l ac)) ad g t k c e e t a) (i a (o ab aa z h ac h l x))) (n m (z c (s u s) l y f s p e o))))) (B C (x (i ac o g (D j (h (x l u E F (a (g G (ac (v (t u H (o (ad ab (c I (g ad x (ac (J ac K L d (M (w y (b aa (y r (ab c N w g q v v o v i d k r u) d m q) j v z c r) i O z h z l ad x b n a z j i j n P Q i f ab t y n z R b x n))))))))))))))))))))
A (n (b (e (z (x x r (s (aa (d (u ab (w (r t p k aa y v j q) j l l ac)) q (m (a (u ab (w (r t p k aa y v j q) j l l ac) a k h v c b h))))) ad g t k c e e t a) (i a (o ab aa z h ac h l x))) (n m (z c (s u s) l y f s p e o))))) (B C (x (i ac o g (D j (h (x l u E F (a (g G (ac (v (t u H (o (ad ab (c I (g ad x (ac (J ac K L d (M (w y (b aa (y r (ab c N w g q v v o v i d k r u) d m q) j v z c r) i O z h z l ad x b n a z j i j n P Q i f ab t y n z R b x n))))))))))))))))))))
A (n (b (e (z (x x r (k h x (p (c (k (ad c ad ad g ab j h k h) t))) c e e t a) (i a (o ab aa z h ac h l x))) (n m (z c (s u s) l y f s p e o))))) (B C (x (i ac o g (D j (h (x l u E F (a (g G (ac (v (t u H (o (ad ab (c I (g ad x (ac (J ac K L d (M (w y (b aa (y r (ab c N w g q v v o v i d k r u) d m q) j v z c r) i O z h z l ad x b n a z j i j n P Q i f ab t y n z R b x n))))))))))))))))))))
A (n (b (e (z (x x r (u (n (f (b (s p i o s p aa (p (c (k (ad c ad ad g ab j h k h) t))) ab) x d h))) e t a) (i a (o ab aa z h ac h l x))) (n m (z c (s u s) l y f s p e o))))) (B C (x (i ac o g (D j (h (x l u E F (a (g G (ac (v (t u H (o (ad ab (c I (g ad x (ac (J ac K L d (M (w y (b aa (y r (ab c N w g q v v o v i d k r u) d m q) j v z c r) i O z h z l ad x b n a z j i j n P Q i f ab t y n z R b x n))))))))))))))))))))
A (n (b (e (z (x x r (n (d (ac (t o t y d) f c)) e t a) (i a (o ab aa z h ac h l x))) (n m (z c (s u s) l y f s p e o))))) (B C (x (i ac o g (D j (h (x l u E F (a (g G (ac (v (t u H (o (ad ab (c I (g ad x (ac (J ac K L d (M (w y (b aa (y r (ab c N w g q v v o v i d k r u) d m q) j v z c r) i O z h z l ad x b n a z j i j n P Q i f ab t y n z R b x n))))))))))))))))))))
A (n (b (e (z (x x r (e j (b w) p (l p (h (a d z l b w y q))) a) (i a (o ab aa z h ac h l x))) (n m (z c (s u s) l y f s p e o))))) (B C (x (i ac o g (D j (h (x l u E F (a (g G (ac (v (t u H (o (ad ab (c I (g ad x (ac (J ac K L d (M (w y (b aa (y r (ab c N w g q v v o v i d k r u) d m q) j v z c r) i O z h z l ad x b n a z j i j n P Q i f ab t y n z R b x n))))))))))))))))))))
A (n (b (e (z (x x r (w n a) (i a (o ab aa z h ac h l x))) (n m (z c (s u s) l y f s p e o))))) (B C (x (i ac o g (D j (h (x l u E F (a (g G (ac (v (t u H (o (ad ab (c I (g ad x (ac (J ac K L d (M (w y (b aa (y r (ab c N w g q v v o v i d k r u) d m q) j v z c r) i O z h z l ad x b n a z j i j n P Q i f ab t y n z R b x n))))))))))))))))))))
A (n (b (e (z (x x r (h (z p (m (l m ab g s k b j aa a s))) n a) (i a (o ab aa z h ac h l x))) (n m (z c (s u s) l y f s p e o))))) (B C (x (i ac o g (D j (h (x l u E F (a (g G (ac (v (t u H (o (ad ab (c I (g ad x (ac (J ac K L d (M (w y (b aa (y r (ab c N w g q v v o v i d k r u) d m q) j v z c r) i O z h z l ad x b n a z j i j n P Q i f ab t y n z R b x n))))))))))))))))))))
A (n (b (e (z (x x r (f v y m (l q x d r p g e g p) (z p (m (l m ab g s k b j aa a s))) n a) (i a (o ab aa z h ac h l x))) (n m (z c (s u s) l y f s p e o))))) (B C (x (i ac o g (D j (h (x l u E F (a (g G (ac (v (t u H (o (ad ab (c I (g ad x (ac (J ac K L d (M (w y (b aa (y r (ab c N w g q v v o v i d k r u) d m q) j v z c r) i O z h z l ad x b n a z j i j n P Q i f ab t y n z R b x n))))))))))))))))))))
A (n (b (e (z (x x r (h (t o a a h ad z d) (z p (m (l m ab g s k b j aa a s))) n a) (i a (o ab aa z h ac h l x))) (n m (z c (s u s) l y f s p e o))))) (B C (x (i ac o g (D j (h (x l u E F (a (g G (ac (v (t u H (o (ad ab (c I (g ad x (ac (J ac K L d (M (w y (b aa (y r (ab c N w g q v v o v i d k r u) d m q) j v z c r) i O z h z l ad x b n a z j i j n P Q i f ab t y n z R b x n))))))))))))))))))))
A (n (b (e (z (x x r (f v y m (l q x d r p g e g p) (t o a a h ad z d) (z p (m (l m ab g s k b j aa a s))) n a) (i a (o ab aa z h ac h l x))) (n m (z c (s u s) l y f s p e o))))) (B C (x (i ac o g (D j (h (x l u E F (a (g G (ac (v (t u H (o (ad ab (c I (g ad x (ac (J ac K L d (M (w y (b aa (y r (ab c N w g q v v o v i d k r u) d m q) j v z c r) i O z h z l ad x b n a z j i j n P Q i f ab t y n z R b x n))))))))))))))))))))
A (n (b (e (z (x x r (h (t o a a h ad z d) (t o a a h ad z d) (z p (m (l m ab g s k b j aa a s))) n a) (i a (o ab aa z h ac h l x))) (n m (z c (s u s) l y f s p e o))))) (B C (x (i ac o g (D j (h (x l u E F (a (g G (ac (v (t u H (o (ad ab (c I (g ad x (ac (J ac K L d (M (w y (b aa (y r (ab c N w g q v v o v i d k r u) d m q) j v z c r) i O z h z l ad x b n a z j i j n P Q i f ab t y n z R b x n))))))))))))))))))))
A (n (b (e (z (x x r (f v y m (l q x d r p g e g p) (t o a a h ad z d) (t o a a h ad z d) (z p (m (l m ab g s k b j aa a s))) n a) (i a (o ab aa z h ac h l x))) (n m (z c (s u s) l y f s p e o))))) (B C (x (i ac o g (D j (h (x l u E F (a (g G (ac (v (t u H (o (ad ab (c I (g ad x (ac (J ac K L d (M (w y (b aa (y r (ab c N w g q v v o v i d k r u) d m q) j v z c r) i O z h z l ad x b n a z j i j n P Q i f ab t y n z R b x n))))))))))))))))))))
A (n (b (e (z (x x r (h (t o a a h ad z d) (t o a a h ad z d) (t o a a h ad z d) (z p (m (l m ab g s k b j aa a s))) n a) (i a (o ab aa z h ac h l x))) (n m (z c (s u s) l y f s p e o))))) (B C (x (i ac o g (D j (h (x l u E F (a (g G (ac (v (t u H (o (ad ab (c I (g ad x (ac (J ac K L d (M (w y (b aa (y r (ab c N w g q v v o v i d k r u) d m q) j v z c r) i O z h z l ad x b n a z j i j n P Q i f ab t y n z R b x n))))))))))))))))))))
A (n (b (e (z (x x r (f v y m (l q x d r p g e g p) (t o a a h ad z d) (t o a a h ad z d) (t o a a h ad z d) (z p (m (l m ab g s k b j aa a s))) n a) (i a (o ab aa z h ac h l x))) (n m (z c (s u s) l y f s p e o))))) (B C (x (i ac o g (D j (h (x l u E F (a (g G (ac (v (t u H (o (ad ab (c I (g ad x (ac (J ac K L d (M (w y (b aa (y r (ab c N w g q v v o v i d k r u) d m q) j v z c r) i O z h z l ad x b n a z j i j n P Q i f ab t y n z R b x n))))))))))))))))))))
A (n (b (e (z (x x r (h (t o a a h ad z d) (t o a a h ad z d) (t o a a h ad z d) (t o a a h ad z d) (z p (m (l m ab g s k b j aa a s))) n a) (i a (o ab aa z h ac h l x))) (n m (z c (s u s) l y f s p e o))))) (B C (x (i ac o g (D j (h (x l u E F (a (g G (ac (v (t u H (o (ad ab (c I (g ad x (ac (J ac K L d (M (w y (b aa (y r (ab c N w g q v v o v i d k r u) d m q) j v z c r) i O z h z l ad x b n a z j i j n P Q i f ab t y n z R b x n))))))))))))))))))))
A (n (b (e (z (x x r (f v y m (l q x d r p g e g p) (t o a a h ad z d) (t o a a h ad z d) (t o a a h ad z d) (t o a a h ad z d) (z p (m (l m ab g s k b j aa a s))) n a) (i a (o ab aa z h ac h l x))) (n m (z c (s u s) l y f s p e o))))) (B C (x (i ac o g (D j (h (x l u E F (a (g G (ac (v (t u H (o (ad ab (c I (g ad x (ac (J ac K L d (M (w y (b aa (y r (ab c N w g q v v o v i d k r u) d m q) j v z c r) i O z h z l ad x b n a z j i j n P Q i f ab t y n z R b x n))))))))))))))))))))
A (n (b (e (z (x x r (h (t o a a h ad z d) (t o a a h ad z d) (t o a a h ad z d) (t o a a h ad z d) (t o a a h ad z d) (z p (m (l m ab g s k b j aa a s))) n a) (i a (o ab aa z h ac h l x))) (n m (z c (s u s) l y f s p e o))))) (B C (x (i ac o g (D j (h (x l u E F (a (g G (ac (v (t u H (o (ad ab (c I (g ad x (ac (J ac K L d (M (w y (b aa (y r (ab c N w g q v v o v i d k r u) d m q) j v z c r) i O z h z l ad x b n a z j i j n P Q i f ab t y n z R b x n))))))))))))))))))))
A (n (b (e (z (x x r (f v y m (l q x d r p g e g p) (t o a a h ad z d) (t o a a h ad z d) (t o a a h ad z d) (t o a a h ad z d) (t o a a h ad z d) (z p (m (l m ab g s k b j aa a s))) n a) (i a (o ab aa z h ac h l x))) (n m (z c (s u s) l y f s p e o))))) (B C (x (i ac o g (D j (h (x l u E F (a (g G (ac (v (t u H (o (ad ab (c I (g ad x (ac (J ac K L d (M (w y (b aa (y r (ab c N w g q v v o v i d k r u) d m q) j v z c r) i O z h z l ad x b n a z j i j n P Q i f ab t y n z R b x n))))))))))))))))))))
A (n (b (e (z (x x r (h (t o a a h ad z d) (t o a a h ad z d) (t o a a h ad z d) (t o a a h ad z d) (t o a a h ad z d) (t o a a h ad z d) (z p (m (l m ab g s k b j aa a s))) n a) (i a (o ab aa z h ac h l x))) (n m (z c (s u s) l y f s p e o))))) (B C (x (i ac o g (D j (h (x l u E F (a (g G (ac (v (t u H (o (ad ab (c I (g ad x (ac (J ac K L d (M (w y (b aa (y r (ab c N w g q v v o v i d k r u) d m q) j v z c r) i O z h z l ad x b n a z j i j n P Q i f ab t y n z R b x n))))))))))))))))))))
A (n (b (e (z (x x r (f v y m (l q x d r p g e g p) (t o a a h ad z d) (t o a a h ad z d) (t o a a h ad z d) (t o a a h ad z d) (t o a a h ad z d) (t o a a h ad z d) (z p (m (l m ab g s k b j aa a s))) n a) (i a (o ab aa z h ac h l x))) (n m (z c (s u s) l y f s p e o))))) (B C (x (i ac o g (D j (h (x l u E F (a (g G (ac (v (t u H (o (ad ab (c I (g ad x (ac (J ac K L d (M (w y (b aa (y r (ab c N w g q v v o v i d k r u) d m q) j v z c r) i O z h z l ad x b n a z j i j n P Q i f ab t y n z R b x n))))))))))))))))))))
A (n (b (e (z (x x r (h (t o a a h ad z d) (t o a a h ad z d) (t o a a h ad z d) (t o a a h ad z d) (t o a a h ad z d) (t o a a h ad z d) (t o a a h ad z d) (z p (m (l m ab g s k b j aa a s))) n a) (i a (o ab aa z h ac h l x))) (n m (z c (s u s) l y f s p e o))))) (B C (x (i ac o g (D j (h (x l u E F (a (g G (ac (v (t u H (o (ad ab (c I (g ad x (ac (J ac K L d (M (w y (b aa (y r (ab c N w g q v v o v i d k r u) d m q) j v z c r) i O z h z l ad x b n a z j i j n P Q i f ab t y n z R b x n))))))))))))))))))))
A (n (b (e (z (x x r (f v y m (l q x d r p g e g p) (t o a a h ad z d) (t o a a h ad z d) (t o a a h ad z d) (t o a a h ad z d) (t o a a h ad z d) (t o a a h ad z d) (t o a a h ad z d) (z p (m (l m ab g s k b j aa a s))) n a) (i a (o ab aa z h ac h l x))) (n m (z c (s u s) l y f s p e o))))) (B C (x (i ac o g (D j (h (x l u E F (a (g G (ac (v (t u H (o (ad ab (c I (g ad x (ac (J ac K L d (M (w y (b aa (y r (ab c N w g q v v o v i d k r u) d m q) j v z c r) i O z h z l ad x b n a z j i j n P Q i f ab t y n z R b x n))))))))))))))))))))
A (n (b (e (z (x x r (h (t o a a h ad z d) (t o a a h ad z d) (t o a a h ad z d) (t o a a h ad z d) (t o a a h ad z d) (t o a a h ad z d) (t o a a h ad z d) (t o a a h ad z d) (z p (m (l m ab g s k b j aa a s))) n a) (i a (o ab aa z h ac h l x))) (n m (z c (s u s) l y f s p e o))))) (B C (x (i ac o g (D j (h (x l u E F (a (g G (ac (v (t u H (o (ad ab (c I (g ad x (ac (J ac K L d (M (w y (b aa (y r (ab c N w g q v v o v i d k r u) d m q) j v z c r) i O z h z l ad x b n a z j i j n P Q i f ab t y n z R b x n))))))))))))))))))))
A (n (b (e (z (x x r (f v y m (l q x d r p g e g p) (t o a a h ad z d) (t o a a h ad z d) (t o a a h ad z d) (t o a a h ad z d) (t o a a h ad z d) (t o a a h ad z d) (t o a a h ad z d) (t o a a h ad z d) (z p (m (l m ab g s k b j aa a s))) n a) (i a (o ab aa z h ac h l x))) (n m (z c (s u s) l y f s p e o))))) (B C (x (i ac o g (D j (h (x l u E F (a (g G (ac (v (t u H (o (ad ab (c I (g ad x (ac (J ac K L d (M (w y (b aa (y r (ab c N w g q v v o v i d k r u) d m q) j v z c r) i O z h z l ad x b n a z j i j n P Q i f ab t y n z R b x n))))))))))))))))))))
A (n (b (e (z (x x r (h (t o a a h ad z d) (t o a a h ad z d) (t o a a h ad z d) (t o a a h ad z d) (t o a a h ad z d) (t o a a h ad z d) (t o a a h ad z d) (t o a a h ad z d) (t o a a h ad z d) (z p (m (l m ab g s k b j aa a s))) n a) (i a (o ab aa z h ac h l x))) (n m (z c (s u s) l y f s p e o))))) (B C (x (i ac o g (D j (h (x l u E F (a (g G (ac (v (t u H (o (ad ab (c I (g ad x (ac (J ac K L d (M (w y (b aa (y r (ab c N w g q v v o v i d k r u) d m q) j v z c r) i O z h z l ad x b n a z j i j n P Q i f ab t y n z R b x n))))))))))))))))))))


