a = r (c f aa ac aa g x ad s)
b aj ai ah ag af ae = s ab (v (ad q (d (x q f u t) e k i)))
c = n ab b r
d ae af ag ah = g i (a (c n v c ae m x x))
e ae = ab o (m w x k o ab)
f = v (o k c m y w z (ab u ab ab) b)
g ae = y q (s i e (m e ae (u (m a (ae k c)) i h v ae)))
h ai ae ah af ag = b (n (j b (f y ab i)))
i af ae ag = t r (ac ad (t (v t (n (w t g e s ac) a a))))
j ae ag af = t af (a (c a r (i p o w y ac g)))
k ae ag ah af = m (p g (ac n f (j v i j h l s ab u)))
l ae ag af ai ah = r (k t i s n (r k (v x a b ab v d f ae)))
m = p (p (aa ad c (u e u g a i b h)))
n ag ae ah ai af = u ac o (d o)
o ai ae af ag ah = z (w t q g (v s ac (h (e f n g i ac) q c)))
p af ae = y (h (i t t (f (n (ab (q a l c ad g x f) l g)))))
q ag ai af ah ae aj = v (o r x c t t x u)
r ae = a b ad l w g n
s ag af ae = m n (a aa b w)
t ae = u q x a u p (o (ab (p (ab k m h aa) o g f)))
u af ae = z (m h q)
v ag ah aj af ai ae = o (aa l j (z ad j h) (f s k ad i (b aj ab u) e))
w ai ag ah ae af = u (v ag j (j (y (p (h z l) o y ah d ai x))))
x = n e ac (o l j q (z n m) b)
y ah ag af ae = b (ah i ac c a (s (e q h e s aa q af) o x))
z ae af = b (a (f (u v ad l v j aa) p ac r d))
aa ae ai af ag ah = y m ag (g t a (r (ad k (x f (p o d r x y w)))))
ab ag af ae = h (z (a aa (m ad i k w c l n)))
ac af ag ai ae ah = w (d (y e (x r w m aa f aa x e f)))
ad = e a (aa (j (y s (u b e d s w ac r))))
main = g r (s q (i (s (A s (m i (i (p (w (u z (y (u h (v (o w (a (B (k (i (a h i (v h o ac (h (C (D E (o (F (y y (x (x d (p ab G l n H d o o l r) a t r I m d n j aa i ab x g c u j u e u aa v J) v u d b) K d f q) e t z c e t L r ac ac u t ad z b y))))))))))))))))))))))))
------------------------------------------------------------
g r (s q (i (s (A s (m i (i (p (w (u z (y (u h (v (o w (a (B (k (i (a h i (v h o ac (h (C (D E (o (F (y y (x (x d (p ab G l n H d o o l r) a t r I m d n j aa i ab x g c u j u e u aa v J) v u d b) K d f q) e t z c e t L r ac ac u t ad z b y))))))))))))))))))))))))
y q (s i e (m e r (u (m a (r k c)) i h v r))) (s q (i (s (A s (m i (i (p (w (u z (y (u h (v (o w (a (B (k (i (a h i (v h o ac (h (C (D E (o (F (y y (x (x d (p ab G l n H d o o l r) a t r I m d n j aa i ab x g c u j u e u aa v J) v u d b) K d f q) e t z c e t L r ac ac u t ad z b y))))))))))))))))))))))))
y q (m n (a aa b w)) (s q (i (s (A s (m i (i (p (w (u z (y (u h (v (o w (a (B (k (i (a h i (v h o ac (h (C (D E (o (F (y y (x (x d (p ab G l n H d o o l r) a t r I m d n j aa i ab x g c u j u e u aa v J) v u d b) K d f q) e t z c e t L r ac ac u t ad z b y))))))))))))))))))))))))
y q (p (p (aa ad c (u e u g a i b h))) n (a aa b w)) (s q (i (s (A s (m i (i (p (w (u z (y (u h (v (o w (a (B (k (i (a h i (v h o ac (h (C (D E (o (F (y y (x (x d (p ab G l n H d o o l r) a t r I m d n j aa i ab x g c u j u e u aa v J) v u d b) K d f q) e t z c e t L r ac ac u t ad z b y))))))))))))))))))))))))
y q (y (h (i t t (f (n (ab (q a l c ad g x f) l g))))) (a aa b w)) (s q (i (s (A s (m i (i (p (w (u z (y (u h (v (o w (a (B (k (i (a h i (v h o ac (h (C (D E (o (F (y y (x (x d (p ab G l n H d o o l r) a t r I m d n j aa i ab x g c u j u e u aa v J) v u d b) K d f q) e t z c e t L r ac ac u t ad z b y))))))))))))))))))))))))
y q (y (h (t r (ac ad (t (v t (n (w t g e s ac) a a)))))) (a aa b w)) (s q (i (s (A s (m i (i (p (w (u z (y (u h (v (o w (a (B (k (i (a h i (v h o ac (h (C (D E (o (F (y y (x (x d (p ab G l n H d o o l r) a t r I m d n j aa i ab x g c u j u e u aa v J) v u d b) K d f q) e t z c e t L r ac ac u t ad z b y))))))))))))))))))))))))
y q (y (h (u q x a u p (o (ab (p (ab k m h aa) o g f))) (ac ad (t (v t (n (w t g e s ac) a a)))))) (a aa b w)) (s q (i (s (A s (m i (i (p (w (u z (y (u h (v (o w (a (B (k (i (a h i (v h o ac (h (C (D E (o (F (y y (x (x d (p ab G l n H d o o l r) a t r I m d n j aa i ab x g c u j u e u aa v J) v u d b) K d f q) e t z c e t L r ac ac u t ad z b y))))))))))))))))))))))))
y q (y (h (z (m h q) a u p (o (ab (p (ab k m h aa) o g f))) (ac ad (t (v t (n (w t g e s ac) a a)))))) (a aa b w)) (s q (i (s (A s (m i (i (p (w (u z (y (u h (v (o w (a (B (k (i (a h i (v h o ac (h (C (D E (o (F (y y (x (x d (p ab G l n H d o o l r) a t r I m d n j aa i ab x g c u j u e u aa v J) v u d b) K d f q) e t z c e t L r ac ac u t ad z b y))))))))))))))))))))))))
y q (y (h (b (a (f (u v ad l v j aa) p ac r d)) u p (o (ab (p (ab k m h aa) o g f))) (ac ad (t (v t (n (w t g e s ac) a a)))))) (a aa b w)) (s q (i (s (A s (m i (i (p (w (u z (y (u h (v (o w (a (B (k (i (a h i (v h o ac (h (C (D E (o (F (y y (x (x d (p ab G l n H d o o l r) a t r I m d n j aa i ab x g c u j u e u aa v J) v u d b) K d f q) e t z c e t L r ac ac u t ad z b y))))))))))))))))))))))))
y q (y (h (b (r (c f aa ac aa g x ad s) (f (u v ad l v j aa) p ac r d)) u p (o (ab (p (ab k m h aa) o g f))) (ac ad (t (v t (n (w t g e s ac) a a)))))) (a aa b w)) (s q (i (s (A s (m i (i (p (w (u z (y (u h (v (o w (a (B (k (i (a h i (v h o ac (h (C (D E (o (F (y y (x (x d (p ab G l n H d o o l r) a t r I m d n j aa i ab x g c u j u e u aa v J) v u d b) K d f q) e t z c e t L r ac ac u t ad z b y))))))))))))))))))))))))
y q (y (h (b (a b ad l w g n (f (u v ad l v j aa) p ac r d)) u p (o (ab (p (ab k m h aa) o g f))) (ac ad (t (v t (n (w t g e s ac) a a)))))) (a aa b w)) (s q (i (s (A s (m i (i (p (w (u z (y (u h (v (o w (a (B (k (i (a h i (v h o ac (h (C (D E (o (F (y y (x (x d (p ab G l n H d o o l r) a t r I m d n j aa i ab x g c u j u e u aa v J) v u d b) K d f q) e t z c e t L r ac ac u t ad z b y))))))))))))))))))))))))
y q (y (h (b (r (c f aa ac aa g x ad s) b ad l w g n (f (u v ad l v j aa) p ac r d)) u p (o (ab (p (ab k m h aa) o g f))) (ac ad (t (v t (n (w t g e s ac) a a)))))) (a aa b w)) (s q (i (s (A s (m i (i (p (w (u z (y (u h (v (o w (a (B (k (i (a h i (v h o ac (h (C (D E (o (F (y y (x (x d (p ab G l n H d o o l r) a t r I m d n j aa i ab x g c u j u e u aa v J) v u d b) K d f q) e t z c e t L r ac ac u t ad z b y))))))))))))))))))))))))
y q (y (h (b (a b ad l w g n b ad l w g n (f (u v ad l v j aa) p ac r d)) u p (o (ab (p (ab k m h aa) o g f))) (ac ad (t (v t (n (w t g e s ac) a a)))))) (a aa b w)) (s q (i (s (A s (m i (i (p (w (u z (y (u h (v (o w (a (B (k (i (a h i (v h o ac (h (C (D E (o (F (y y (x (x d (p ab G l n H d o o l r) a t r I m d n j aa i ab x g c u j u e u aa v J) v u d b) K d f q) e t z c e t L r ac ac u t ad z b y))))))))))))))))))))))))
y q (y (h (b (r (c f aa ac aa g x ad s) b ad l w g n b ad l w g n (f (u v ad l v j aa) p ac r d)) u p (o (ab (p (ab k m h aa) o g f))) (ac ad (t (v t (n (w t g e s ac) a a)))))) (a aa b w)) (s q (i (s (A s (m i (i (p (w (u z (y (u h (v (o w (a (B (k (i (a h i (v h o ac (h (C (D E (o (F (y y (x (x d (p ab G l n H d o o l r) a t r I m d n j aa i ab x g c u j u e u aa v J) v u d b) K d f q) e t z c e t L r ac ac u t ad z b y))))))))))))))))))))))))
y q (y (h (b (a b ad l w g n b ad l w g n b ad l w g n (f (u v ad l v j aa) p ac r d)) u p (o (ab (p (ab k m h aa) o g f))) (ac ad (t (v t (n (w t g e s ac) a a)))))) (a aa b w)) (s q (i (s (A s (m i (i (p (w (u z (y (u h (v (o w (a (B (k (i (a h i (v h o ac (h (C (D E (o (F (y y (x (x d (p ab G l n H d o o l r) a t r I m d n j aa i ab x g c u j u e u aa v J) v u d b) K d f q) e t z c e t L r ac ac u t ad z b y))))))))))))))))))))))))
y q (y (h (b (r (c f aa ac aa g x ad s) b ad l w g n b ad l w g n b ad l w g n (f (u v ad l v j aa) p ac r d)) u p (o (ab (p (ab k m h aa) o g f))) (ac ad (t (v t (n (w t g e s ac) a a)))))) (a aa b w)) (s q (i (s (A s (m i (i (p (w (u z (y (u h (v (o w (a (B (k (i (a h i (v h o ac (h (C (D E (o (F (y y (x (x d (p ab G l n H d o o l r) a t r I m d n j aa i ab x g c u j u e u aa v J) v u d b) K d f q) e t z c e t L r ac ac u t ad z b y))))))))))))))))))))))))
y q (y (h (b (a b ad l w g n b ad l w g n b ad l w g n b ad l w g n (f (u v ad l v j aa) p ac r d)) u p (o (ab (p (ab k m h aa) o g f))) (ac ad (t (v t (n (w t g e s ac) a a)))))) (a aa b w)) (s q (i (s (A s (m i (i (p (w (u z (y (u h (v (o w (a (B (k (i (a h i (v h o ac (h (C (D E (o (F (y y (x (x d (p ab G l n H d o o l r) a t r I m d n j aa i ab x g c u j u e u aa v J) v u d b) K d f q) e t z c e t L r ac ac u t ad z b y))))))))))))))))))))))))
y q (y (h (b (r (c f aa ac aa g x ad s) b ad l w g n b ad l w g n b ad l w g n b ad l w g n (f (u v ad l v j aa) p ac r d)) u p (o (ab (p (ab k m h aa) o g f))) (ac ad (t (v t (n (w t g e s ac) a a)))))) (a aa b w)) (s q (i (s (A s (m i (i (p (w (u z (y (u h (v (o w (a (B (k (i (a h i (v h o ac (h (C (D E (o (F (y y (x (x d (p ab G l n H d o o l r) a t r I m d n j aa i ab x g c u j u e u aa v J) v u d b) K d f q) e t z c e t L r ac ac u t ad z b y))))))))))))))))))))))))
y q (y (h (b (a b ad l w g n b ad l w g n b ad l w g n b ad l w g n b ad l w g n (f (u v ad l v j aa) p ac r d)) u p (o (ab (p (ab k m h aa) o g f))) (ac ad (t (v t (n (w t g e s ac) a a)))))) (a aa b w)) (s q (i (s (A s (m i (i (p (w (u z (y (u h (v (o w (a (B (k (i (a h i (v h o ac (h (C (D E (o (F (y y (x (x d (p ab G l n H d o o l r) a t r I m d n j aa i ab x g c u j u e u aa v J) v u d b) K d f q) e t z c e t L r ac ac u t ad z b y))))))))))))))))))))))))
y q (y (h (b (r (c f aa ac aa g x ad s) b ad l w g n b ad l w g n b ad l w g n b ad l w g n b ad l w g n (f (u v ad l v j aa) p ac r d)) u p (o (ab (p (ab k m h aa) o g f))) (ac ad (t (v t (n (w t g e s ac) a a)))))) (a aa b w)) (s q (i (s (A s (m i (i (p (w (u z (y (u h (v (o w (a (B (k (i (a h i (v h o ac (h (C (D E (o (F (y y (x (x d (p ab G l n H d o o l r) a t r I m d n j aa i ab x g c u j u e u aa v J) v u d b) K d f q) e t z c e t L r ac ac u t ad z b y))))))))))))))))))))))))
y q (y (h (b (a b ad l w g n b ad l w g n b ad l w g n b ad l w g n b ad l w g n b ad l w g n (f (u v ad l v j aa) p ac r d)) u p (o (ab (p (ab k m h aa) o g f))) (ac ad (t (v t (n (w t g e s ac) a a)))))) (a aa b w)) (s q (i (s (A s (m i (i (p (w (u z (y (u h (v (o w (a (B (k (i (a h i (v h o ac (h (C (D E (o (F (y y (x (x d (p ab G l n H d o o l r) a t r I m d n j aa i ab x g c u j u e u aa v J) v u d b) K d f q) e t z c e t L r ac ac u t ad z b y))))))))))))))))))))))))
y q (y (h (b (r (c f aa ac aa g x ad s) b ad l w g n b ad l w g n b ad l w g n b ad l w g n b ad l w g n b ad l w g n (f (u v ad l v j aa) p ac r d)) u p (o (ab (p (ab k m h aa) o g f))) (ac ad (t (v t (n (w t g e s ac) a a)))))) (a aa b w)) (s q (i (s (A s (m i (i (p (w (u z (y (u h (v (o w (a (B (k (i (a h i (v h o ac (h (C (D E (o (F (y y (x (x d (p ab G l n H d o o l r) a t r I m d n j aa i ab x g c u j u e u aa v J) v u d b) K d f q) e t z c e t L r ac ac u t ad z b y))))))))))))))))))))))))
y q (y (h (b (a b ad l w g n b ad l w g n b ad l w g n b ad l w g n b ad l w g n b ad l w g n b ad l w g n (f (u v ad l v j aa) p ac r d)) u p (o (ab (p (ab k m h aa) o g f))) (ac ad (t (v t (n (w t g e s ac) a a)))))) (a aa b w)) (s q (i (s (A s (m i (i (p (w (u z (y (u h (v (o w (a (B (k (i (a h i (v h o ac (h (C (D E (o (F (y y (x (x d (p ab G l n H d o o l r) a t r I m d n j aa i ab x g c u j u e u aa v J) v u d b) K d f q) e t z c e t L r ac ac u t ad z b y))))))))))))))))))))))))
y q (y (h (b (r (c f aa ac aa g x ad s) b ad l w g n b ad l w g n b ad l w g n b ad l w g n b ad l w g n b ad l w g n b ad l w g n (f (u v ad l v j aa) p ac r d)) u p (o (ab (p (ab k m h aa) o g f))) (ac ad (t (v t (n (w t g e s ac) a a)))))) (a aa b w)) (s q (i (s (A s (m i (i (p (w (u z (y (u h (v (o w (a (B (k (i (a h i (v h o ac (h (C (D E (o (F (y y (x (x d (p ab G l n H d o o l r) a t r I m d n j aa i ab x g c u j u e u aa v J) v u d b) K d f q) e t z c e t L r ac ac u t ad z b y))))))))))))))))))))))))
y q (y (h (b (a b ad l w g n b ad l w g n b ad l w g n b ad l w g n b ad l w g n b ad l w g n b ad l w g n b ad l w g n (f (u v ad l v j aa) p ac r d)) u p (o (ab (p (ab k m h aa) o g f))) (ac ad (t (v t (n (w t g e s ac) a a)))))) (a aa b w)) (s q (i (s (A s (m i (i (p (w (u z (y (u h (v (o w (a (B (k (i (a h i (v h o ac (h (C (D E (o (F (y y (x (x d (p ab G l n H d o o l r) a t r I m d n j aa i ab x g c u j u e u aa v J) v u d b) K d f q) e t z c e t L r ac ac u t ad z b y))))))))))))))))))))))))
y q (y (h (b (r (c f aa ac aa g x ad s) b ad l w g n b ad l w g n b ad l w g n b ad l w g n b ad l w g n b ad l w g n b ad l w g n b ad l w g n (f (u v ad l v j aa) p ac r d)) u p (o (ab (p (ab k m h aa) o g f))) (ac ad (t (v t (n (w t g e s ac) a a)))))) (a aa b w)) (s q (i (s (A s (m i (i (p (w (u z (y (u h (v (o w (a (B (k (i (a h i (v h o ac (h (C (D E (o (F (y y (x (x d (p ab G l n H d o o l r) a t r I m d n j aa i ab x g c u j u e u aa v J) v u d b) K d f q) e t z c e t L r ac ac u t ad z b y))))))))))))))))))))))))
y q (y (h (b (a b ad l w g n b ad l w g n b ad l w g n b ad l w g n b ad l w g n b ad l w g n b ad l w g n b ad l w g n b ad l w g n (f (u v ad l v j aa) p ac r d)) u p (o (ab (p (ab k m h aa) o g f))) (ac ad (t (v t (n (w t g e s ac) a a)))))) (a aa b w)) (s q (i (s (A s (m i (i (p (w (u z (y (u h (v (o w (a (B (k (i (a h i (v h o ac (h (C (D E (o (F (y y (x (x d (p ab G l n H d o o l r) a t r I m d n j aa i ab x g c u j u e u aa v J) v u d b) K d f q) e t z c e t L r ac ac u t ad z b y))))))))))))))))))))))))
y q (y (h (b (r (c f aa ac aa g x ad s) b ad l w g n b ad l w g n b ad l w g n b ad l w g n b ad l w g n b ad l w g n b ad l w g n b ad l w g n b ad l w g n (f (u v ad l v j aa) p ac r d)) u p (o (ab (p (ab k m h aa) o g f))) (ac ad (t (v t (n (w t g e s ac) a a)))))) (a aa b w)) (s q (i (s (A s (m i (i (p (w (u z (y (u h (v (o w (a (B (k (i (a h i (v h o ac (h (C (D E (o (F (y y (x (x d (p ab G l n H d o o l r) a t r I m d n j aa i ab x g c u j u e u aa v J) v u d b) K d f q) e t z c e t L r ac ac u t ad z b y))))))))))))))))))))))))
y q (y (h (b (a b ad l w g n b ad l w g n b ad l w g n b ad l w g n b ad l w g n b ad l w g n b ad l w g n b ad l w g n b ad l w g n b ad l w g n (f (u v ad l v j aa) p ac r d)) u p (o (ab (p (ab k m h aa) o g f))) (ac ad (t (v t (n (w t g e s ac) a a)))))) (a aa b w)) (s q (i (s (A s (m i (i (p (w (u z (y (u h (v (o w (a (B (k (i (a h i (v h o ac (h (C (D E (o (F (y y (x (x d (p ab G l n H d o o l r) a t r I m d n j aa i ab x g c u j u e u aa v J) v u d b) K d f q) e t z c e t L r ac ac u t ad z b y))))))))))))))))))))))))
y q (y (h (b (r (c f aa ac aa g x ad s) b ad l w g n b ad l w g n b ad l w g n b ad l w g n b ad l w g n b ad l w g n b ad l w g n b ad l w g n b ad l w g n b ad l w g n (f (u v ad l v j aa) p ac r d)) u p (o (ab (p (ab k m h aa) o g f))) (ac ad (t (v t (n (w t g e s ac) a a)))))) (a aa b w)) (s q (i (s (A s (m i (i (p (w (u z (y (u h (v (o w (a (B (k (i (a h i (v h o ac (h (C (D E (o (F (y y (x (x d (p ab G l n H d o o l r) a t r I m d n j aa i ab x g c u j u e u aa v J) v u d b) K d f q) e t z c e t L r ac ac u t ad z b y))))))))))))))))))))))))


