a = c (c c b) c
b d e f = c
c d = d a d a
main = A (B a c C (D c b c) E)
------------------------------------------------------------
A (B a c C (D c b c) E)
A (B (c (c c b) c) c C (D c b c) E)
A (B (c c b a (c c b) a c) c C (D c b c) E)
A (B (c a c a b a (c c b) a c) c C (D c b c) E)
A (B (a a a a c a b a (c c b) a c) c C (D c b c) E)
A (B (c (c c b) c a a a c a b a (c c b) a c) c C (D c b c) E)
A (B (c c b a (c c b) a c a a a c a b a (c c b) a c) c C (D c b c) E)
A (B (c a c a b a (c c b) a c a a a c a b a (c c b) a c) c C (D c b c) E)
A (B (a a a a c a b a (c c b) a c a a a c a b a (c c b) a c) c C (D c b c) E)
A (B (c (c c b) c a a a c a b a (c c b) a c a a a c a b a (c c b) a c) c C (D c b c) E)
A (B (c c b a (c c b) a c a a a c a b a (c c b) a c a a a c a b a (c c b) a c) c C (D c b c) E)
A (B (c a c a b a (c c b) a c a a a c a b a (c c b) a c a a a c a b a (c c b) a c) c C (D c b c) E)
A (B (a a a a c a b a (c c b) a c a a a c a b a (c c b) a c a a a c a b a (c c b) a c) c C (D c b c) E)
A (B (c (c c b) c a a a c a b a (c c b) a c a a a c a b a (c c b) a c a a a c a b a (c c b) a c) c C (D c b c) E)
A (B (c c b a (c c b) a c a a a c a b a (c c b) a c a a a c a b a (c c b) a c a a a c a b a (c c b) a c) c C (D c b c) E)
A (B (c a c a b a (c c b) a c a a a c a b a (c c b) a c a a a c a b a (c c b) a c a a a c a b a (c c b) a c) c C (D c b c) E)
A (B (a a a a c a b a (c c b) a c a a a c a b a (c c b) a c a a a c a b a (c c b) a c a a a c a b a (c c b) a c) c C (D c b c) E)
A (B (c (c c b) c a a a c a b a (c c b) a c a a a c a b a (c c b) a c a a a c a b a (c c b) a c a a a c a b a (c c b) a c) c C (D c b c) E)
A (B (c c b a (c c b) a c a a a c a b a (c c b) a c a a a c a b a (c c b) a c a a a c a b a (c c b) a c a a a c a b a (c c b) a c) c C (D c b c) E)
A (B (c a c a b a (c c b) a c a a a c a b a (c c b) a c a a a c a b a (c c b) a c a a a c a b a (c c b) a c a a a c a b a (c c b) a c) c C (D c b c) E)
A (B (a a a a c a b a (c c b) a c a a a c a b a (c c b) a c a a a c a b a (c c b) a c a a a c a b a (c c b) a c a a a c a b a (c c b) a c) c C (D c b c) E)
A (B (c (c c b) c a a a c a b a (c c b) a c a a a c a b a (c c b) a c a a a c a b a (c c b) a c a a a c a b a (c c b) a c a a a c a b a (c c b) a c) c C (D c b c) E)
A (B (c c b a (c c b) a c a a a c a b a (c c b) a c a a a c a b a (c c b) a c a a a c a b a (c c b) a c a a a c a b a (c c b) a c a a a c a b a (c c b) a c) c C (D c b c) E)
A (B (c a c a b a (c c b) a c a a a c a b a (c c b) a c a a a c a b a (c c b) a c a a a c a b a (c c b) a c a a a c a b a (c c b) a c a a a c a b a (c c b) a c) c C (D c b c) E)
A (B (a a a a c a b a (c c b) a c a a a c a b a (c c b) a c a a a c a b a (c c b) a c a a a c a b a (c c b) a c a a a c a b a (c c b) a c a a a c a b a (c c b) a c) c C (D c b c) E)
A (B (c (c c b) c a a a c a b a (c c b) a c a a a c a b a (c c b) a c a a a c a b a (c c b) a c a a a c a b a (c c b) a c a a a c a b a (c c b) a c a a a c a b a (c c b) a c) c C (D c b c) E)
A (B (c c b a (c c b) a c a a a c a b a (c c b) a c a a a c a b a (c c b) a c a a a c a b a (c c b) a c a a a c a b a (c c b) a c a a a c a b a (c c b) a c a a a c a b a (c c b) a c) c C (D c b c) E)
A (B (c a c a b a (c c b) a c a a a c a b a (c c b) a c a a a c a b a (c c b) a c a a a c a b a (c c b) a c a a a c a b a (c c b) a c a a a c a b a (c c b) a c a a a c a b a (c c b) a c) c C (D c b c) E)
A (B (a a a a c a b a (c c b) a c a a a c a b a (c c b) a c a a a c a b a (c c b) a c a a a c a b a (c c b) a c a a a c a b a (c c b) a c a a a c a b a (c c b) a c a a a c a b a (c c b) a c) c C (D c b c) E)
A (B (c (c c b) c a a a c a b a (c c b) a c a a a c a b a (c c b) a c a a a c a b a (c c b) a c a a a c a b a (c c b) a c a a a c a b a (c c b) a c a a a c a b a (c c b) a c a a a c a b a (c c b) a c) c C (D c b c) E)


