a f e d c f c c c
b d f e a a e c c
c b b b b a
main c A c B a c b b a b
------------------------------------------------------------
c A c B a c b b a b
b b b b a A c B a c b b a b
a a b c c a A c B a c b b a b
c a c c c c a A c B a c b b a b
b b b b a a c c c c a A c B a c b b a b
a a b c c a a c c c c a A c B a c b b a b
c a c c c c a a c c c c a A c B a c b b a b
b b b b a a c c c c a a c c c c a A c B a c b b a b
a a b c c a a c c c c a a c c c c a A c B a c b b a b
c a c c c c a a c c c c a a c c c c a A c B a c b b a b
b b b b a a c c c c a a c c c c a a c c c c a A c B a c b b a b
a a b c c a a c c c c a a c c c c a a c c c c a A c B a c b b a b
c a c c c c a a c c c c a a c c c c a a c c c c a A c B a c b b a b
b b b b a a c c c c a a c c c c a a c c c c a a c c c c a A c B a c b b a b
a a b c c a a c c c c a a c c c c a a c c c c a a c c c c a A c B a c b b a b
c a c c c c a a c c c c a a c c c c a a c c c c a a c c c c a A c B a c b b a b
b b b b a a c c c c a a c c c c a a c c c c a a c c c c a a c c c c a A c B a c b b a b
a a b c c a a c c c c a a c c c c a a c c c c a a c c c c a a c c c c a A c B a c b b a b
c a c c c c a a c c c c a a c c c c a a c c c c a a c c c c a a c c c c a A c B a c b b a b
b b b b a a c c c c a a c c c c a a c c c c a a c c c c a a c c c c a a c c c c a A c B a c b b a b
a a b c c a a c c c c a a c c c c a a c c c c a a c c c c a a c c c c a a c c c c a A c B a c b b a b
c a c c c c a a c c c c a a c c c c a a c c c c a a c c c c a a c c c c a a c c c c a A c B a c b b a b
b b b b a a c c c c a a c c c c a a c c c c a a c c c c a a c c c c a a c c c c a a c c c c a A c B a c b b a b
a a b c c a a c c c c a a c c c c a a c c c c a a c c c c a a c c c c a a c c c c a a c c c c a A c B a c b b a b
c a c c c c a a c c c c a a c c c c a a c c c c a a c c c c a a c c c c a a c c c c a a c c c c a A c B a c b b a b
b b b b a a c c c c a a c c c c a a c c c c a a c c c c a a c c c c a a c c c c a a c c c c a a c c c c a A c B a c b b a b
a a b c c a a c c c c a a c c c c a a c c c c a a c c c c a a c c c c a a c c c c a a c c c c a a c c c c a A c B a c b b a b
c a c c c c a a c c c c a a c c c c a a c c c c a a c c c c a a c c c c a a c c c c a a c c c c a a c c c c a A c B a c b b a b
b b b b a a c c c c a a c c c c a a c c c c a a c c c c a a c c c c a a c c c c a a c c c c a a c c c c a a c c c c a A c B a c b b a b
a a b c c a a c c c c a a c c c c a a c c c c a a c c c c a a c c c c a a c c c c a a c c c c a a c c c c a a c c c c a A c B a c b b a b


