a d d c c
b c a a c a
c f d e b (a a b)
main b (A (a b a b a) (c c a))
------------------------------------------------------------
b (A (a b a b a) (c c a))
c a a c a (A (a b a b a) (c c a))
b (a a b) a (A (a b a b a) (c c a))
c a a c a (a a b) a (A (a b a b a) (c c a))
b (a a b) a (a a b) a (A (a b a b a) (c c a))
c a a c a (a a b) a (a a b) a (A (a b a b a) (c c a))
b (a a b) a (a a b) a (a a b) a (A (a b a b a) (c c a))
c a a c a (a a b) a (a a b) a (a a b) a (A (a b a b a) (c c a))
b (a a b) a (a a b) a (a a b) a (a a b) a (A (a b a b a) (c c a))
c a a c a (a a b) a (a a b) a (a a b) a (a a b) a (A (a b a b a) (c c a))
b (a a b) a (a a b) a (a a b) a (a a b) a (a a b) a (A (a b a b a) (c c a))
c a a c a (a a b) a (a a b) a (a a b) a (a a b) a (a a b) a (A (a b a b a) (c c a))
b (a a b) a (a a b) a (a a b) a (a a b) a (a a b) a (a a b) a (A (a b a b a) (c c a))
c a a c a (a a b) a (a a b) a (a a b) a (a a b) a (a a b) a (a a b) a (A (a b a b a) (c c a))
b (a a b) a (a a b) a (a a b) a (a a b) a (a a b) a (a a b) a (a a b) a (A (a b a b a) (c c a))
c a a c a (a a b) a (a a b) a (a a b) a (a a b) a (a a b) a (a a b) a (a a b) a (A (a b a b a) (c c a))
b (a a b) a (a a b) a (a a b) a (a a b) a (a a b) a (a a b) a (a a b) a (a a b) a (A (a b a b a) (c c a))
c a a c a (a a b) a (a a b) a (a a b) a (a a b) a (a a b) a (a a b) a (a a b) a (a a b) a (A (a b a b a) (c c a))
b (a a b) a (a a b) a (a a b) a (a a b) a (a a b) a (a a b) a (a a b) a (a a b) a (a a b) a (A (a b a b a) (c c a))
c a a c a (a a b) a (a a b) a (a a b) a (a a b) a (a a b) a (a a b) a (a a b) a (a a b) a (a a b) a (A (a b a b a) (c c a))
b (a a b) a (a a b) a (a a b) a (a a b) a (a a b) a (a a b) a (a a b) a (a a b) a (a a b) a (a a b) a (A (a b a b a) (c c a))
c a a c a (a a b) a (a a b) a (a a b) a (a a b) a (a a b) a (a a b) a (a a b) a (a a b) a (a a b) a (a a b) a (A (a b a b a) (c c a))
b (a a b) a (a a b) a (a a b) a (a a b) a (a a b) a (a a b) a (a a b) a (a a b) a (a a b) a (a a b) a (a a b) a (A (a b a b a) (c c a))
c a a c a (a a b) a (a a b) a (a a b) a (a a b) a (a a b) a (a a b) a (a a b) a (a a b) a (a a b) a (a a b) a (a a b) a (A (a b a b a) (c c a))
b (a a b) a (a a b) a (a a b) a (a a b) a (a a b) a (a a b) a (a a b) a (a a b) a (a a b) a (a a b) a (a a b) a (a a b) a (A (a b a b a) (c c a))
c a a c a (a a b) a (a a b) a (a a b) a (a a b) a (a a b) a (a a b) a (a a b) a (a a b) a (a a b) a (a a b) a (a a b) a (a a b) a (A (a b a b a) (c c a))
b (a a b) a (a a b) a (a a b) a (a a b) a (a a b) a (a a b) a (a a b) a (a a b) a (a a b) a (a a b) a (a a b) a (a a b) a (a a b) a (A (a b a b a) (c c a))
c a a c a (a a b) a (a a b) a (a a b) a (a a b) a (a a b) a (a a b) a (a a b) a (a a b) a (a a b) a (a a b) a (a a b) a (a a b) a (a a b) a (A (a b a b a) (c c a))
b (a a b) a (a a b) a (a a b) a (a a b) a (a a b) a (a a b) a (a a b) a (a a b) a (a a b) a (a a b) a (a a b) a (a a b) a (a a b) a (a a b) a (A (a b a b a) (c c a))
c a a c a (a a b) a (a a b) a (a a b) a (a a b) a (a a b) a (a a b) a (a a b) a (a a b) a (a a b) a (a a b) a (a a b) a (a a b) a (a a b) a (a a b) a (A (a b a b a) (c c a))


