a d = c (c c c b)
b = a a a a
c d = d a
main = b b (A B c (C b b b) D)
------------------------------------------------------------
b b (A B c (C b b b) D)
a a a a b (A B c (C b b b) D)
c (c c c b) a a b (A B c (C b b b) D)
c c c b a a a b (A B c (C b b b) D)
c a c b a a a b (A B c (C b b b) D)
a a c b a a a b (A B c (C b b b) D)
c (c c c b) c b a a a b (A B c (C b b b) D)
c c c b a c b a a a b (A B c (C b b b) D)
c a c b a c b a a a b (A B c (C b b b) D)
a a c b a c b a a a b (A B c (C b b b) D)
c (c c c b) c b a c b a a a b (A B c (C b b b) D)
c c c b a c b a c b a a a b (A B c (C b b b) D)
c a c b a c b a c b a a a b (A B c (C b b b) D)
a a c b a c b a c b a a a b (A B c (C b b b) D)
c (c c c b) c b a c b a c b a a a b (A B c (C b b b) D)
c c c b a c b a c b a c b a a a b (A B c (C b b b) D)
c a c b a c b a c b a c b a a a b (A B c (C b b b) D)
a a c b a c b a c b a c b a a a b (A B c (C b b b) D)
c (c c c b) c b a c b a c b a c b a a a b (A B c (C b b b) D)
c c c b a c b a c b a c b a c b a a a b (A B c (C b b b) D)
c a c b a c b a c b a c b a c b a a a b (A B c (C b b b) D)
a a c b a c b a c b a c b a c b a a a b (A B c (C b b b) D)
c (c c c b) c b a c b a c b a c b a c b a a a b (A B c (C b b b) D)
c c c b a c b a c b a c b a c b a c b a a a b (A B c (C b b b) D)
c a c b a c b a c b a c b a c b a c b a a a b (A B c (C b b b) D)
a a c b a c b a c b a c b a c b a c b a a a b (A B c (C b b b) D)
c (c c c b) c b a c b a c b a c b a c b a c b a a a b (A B c (C b b b) D)
c c c b a c b a c b a c b a c b a c b a c b a a a b (A B c (C b b b) D)
c a c b a c b a c b a c b a c b a c b a c b a a a b (A B c (C b b b) D)
a a c b a c b a c b a c b a c b a c b a c b a a a b (A B c (C b b b) D)


