a d b b b
b d e c c
c d a a
main A (c B c) c C c (D E a)
------------------------------------------------------------
A (c B c) c C c (D E a)
A (a a c) c C c (D E a)
A (b b b c) c C c (D E a)
A (c c c) c C c (D E a)
A (a a c) c C c (D E a)
A (b b b c) c C c (D E a)
A (c c c) c C c (D E a)
A (a a c) c C c (D E a)
A (b b b c) c C c (D E a)
A (c c c) c C c (D E a)
A (a a c) c C c (D E a)
A (b b b c) c C c (D E a)
A (c c c) c C c (D E a)
A (a a c) c C c (D E a)
A (b b b c) c C c (D E a)
A (c c c) c C c (D E a)
A (a a c) c C c (D E a)
A (b b b c) c C c (D E a)
A (c c c) c C c (D E a)
A (a a c) c C c (D E a)
A (b b b c) c C c (D E a)
A (c c c) c C c (D E a)
A (a a c) c C c (D E a)
A (b b b c) c C c (D E a)
A (c c c) c C c (D E a)
A (a a c) c C c (D E a)
A (b b b c) c C c (D E a)
A (c c c) c C c (D E a)
A (a a c) c C c (D E a)
A (b b b c) c C c (D E a)


