a e d b e c c
b c c a a
c b b a
main A B (C a D (a a b) a E)
------------------------------------------------------------
A B (C a D (a a b) a E)
A B (C a D (b a c c) a E)
A B (C a D (c c a a a c c) a E)
A B (C a D (b b a c a a a c c) a E)
A B (C a D (c c a a b a c a a a c c) a E)
A B (C a D (b b a c a a b a c a a a c c) a E)
A B (C a D (c c a a b a c a a b a c a a a c c) a E)
A B (C a D (b b a c a a b a c a a b a c a a a c c) a E)
A B (C a D (c c a a b a c a a b a c a a b a c a a a c c) a E)
A B (C a D (b b a c a a b a c a a b a c a a b a c a a a c c) a E)
A B (C a D (c c a a b a c a a b a c a a b a c a a b a c a a a c c) a E)
A B (C a D (b b a c a a b a c a a b a c a a b a c a a b a c a a a c c) a E)
A B (C a D (c c a a b a c a a b a c a a b a c a a b a c a a b a c a a a c c) a E)
A B (C a D (b b a c a a b a c a a b a c a a b a c a a b a c a a b a c a a a c c) a E)
A B (C a D (c c a a b a c a a b a c a a b a c a a b a c a a b a c a a b a c a a a c c) a E)
A B (C a D (b b a c a a b a c a a b a c a a b a c a a b a c a a b a c a a b a c a a a c c) a E)
A B (C a D (c c a a b a c a a b a c a a b a c a a b a c a a b a c a a b a c a a b a c a a a c c) a E)
A B (C a D (b b a c a a b a c a a b a c a a b a c a a b a c a a b a c a a b a c a a b a c a a a c c) a E)
A B (C a D (c c a a b a c a a b a c a a b a c a a b a c a a b a c a a b a c a a b a c a a b a c a a a c c) a E)
A B (C a D (b b a c a a b a c a a b a c a a b a c a a b a c a a b a c a a b a c a a b a c a a b a c a a a c c) a E)
A B (C a D (c c a a b a c a a b a c a a b a c a a b a c a a b a c a a b a c a a b a c a a b a c a a b a c a a a c c) a E)
A B (C a D (b b a c a a b a c a a b a c a a b a c a a b a c a a b a c a a b a c a a b a c a a b a c a a b a c a a a c c) a E)
A B (C a D (c c a a b a c a a b a c a a b a c a a b a c a a b a c a a b a c a a b a c a a b a c a a b a c a a b a c a a a c c) a E)
A B (C a D (b b a c a a b a c a a b a c a a b a c a a b a c a a b a c a a b a c a a b a c a a b a c a a b a c a a b a c a a a c c) a E)
A B (C a D (c c a a b a c a a b a c a a b a c a a b a c a a b a c a a b a c a a b a c a a b a c a a b a c a a b a c a a b a c a a a c c) a E)
A B (C a D (b b a c a a b a c a a b a c a a b a c a a b a c a a b a c a a b a c a a b a c a a b a c a a b a c a a b a c a a b a c a a a c c) a E)
A B (C a D (c c a a b a c a a b a c a a b a c a a b a c a a b a c a a b a c a a b a c a a b a c a a b a c a a b a c a a b a c a a b a c a a a c c) a E)
A B (C a D (b b a c a a b a c a a b a c a a b a c a a b a c a a b a c a a b a c a a b a c a a b a c a a b a c a a b a c a a b a c a a b a c a a a c c) a E)
A B (C a D (c c a a b a c a a b a c a a b a c a a b a c a a b a c a a b a c a a b a c a a b a c a a b a c a a b a c a a b a c a a b a c a a b a c a a a c c) a E)
A B (C a D (b b a c a a b a c a a b a c a a b a c a a b a c a a b a c a a b a c a a b a c a a b a c a a b a c a a b a c a a b a c a a b a c a a b a c a a a c c) a E)


