a = b b b c b
b d = d a d
c d e = a
main = c A b (b b a B C D c)
------------------------------------------------------------
c A b (b b a B C D c)
a (b b a B C D c)
b b b c b (b b a B C D c)
b a b b c b (b b a B C D c)
a a a b b c b (b b a B C D c)
b b b c b a a b b c b (b b a B C D c)
b a b b c b a a b b c b (b b a B C D c)
a a a b b c b a a b b c b (b b a B C D c)
b b b c b a a b b c b a a b b c b (b b a B C D c)
b a b b c b a a b b c b a a b b c b (b b a B C D c)
a a a b b c b a a b b c b a a b b c b (b b a B C D c)
b b b c b a a b b c b a a b b c b a a b b c b (b b a B C D c)
b a b b c b a a b b c b a a b b c b a a b b c b (b b a B C D c)
a a a b b c b a a b b c b a a b b c b a a b b c b (b b a B C D c)
b b b c b a a b b c b a a b b c b a a b b c b a a b b c b (b b a B C D c)
b a b b c b a a b b c b a a b b c b a a b b c b a a b b c b (b b a B C D c)
a a a b b c b a a b b c b a a b b c b a a b b c b a a b b c b (b b a B C D c)
b b b c b a a b b c b a a b b c b a a b b c b a a b b c b a a b b c b (b b a B C D c)
b a b b c b a a b b c b a a b b c b a a b b c b a a b b c b a a b b c b (b b a B C D c)
a a a b b c b a a b b c b a a b b c b a a b b c b a a b b c b a a b b c b (b b a B C D c)
b b b c b a a b b c b a a b b c b a a b b c b a a b b c b a a b b c b a a b b c b (b b a B C D c)
b a b b c b a a b b c b a a b b c b a a b b c b a a b b c b a a b b c b a a b b c b (b b a B C D c)
a a a b b c b a a b b c b a a b b c b a a b b c b a a b b c b a a b b c b a a b b c b (b b a B C D c)
b b b c b a a b b c b a a b b c b a a b b c b a a b b c b a a b b c b a a b b c b a a b b c b (b b a B C D c)
b a b b c b a a b b c b a a b b c b a a b b c b a a b b c b a a b b c b a a b b c b a a b b c b (b b a B C D c)
a a a b b c b a a b b c b a a b b c b a a b b c b a a b b c b a a b b c b a a b b c b a a b b c b (b b a B C D c)
b b b c b a a b b c b a a b b c b a a b b c b a a b b c b a a b b c b a a b b c b a a b b c b a a b b c b (b b a B C D c)
b a b b c b a a b b c b a a b b c b a a b b c b a a b b c b a a b b c b a a b b c b a a b b c b a a b b c b (b b a B C D c)
a a a b b c b a a b b c b a a b b c b a a b b c b a a b b c b a a b b c b a a b b c b a a b b c b a a b b c b (b b a B C D c)
b b b c b a a b b c b a a b b c b a a b b c b a a b b c b a a b b c b a a b b c b a a b b c b a a b b c b a a b b c b (b b a B C D c)


