a d c b c c
b c a
c d b a (b d a)
main A (b B C a (D E c a c))
------------------------------------------------------------
A (b B C a (D E c a c))
A (c a B C a (D E c a c))
A (b a (b a a) B C a (D E c a c))
A (c a a (b a a) B C a (D E c a c))
A (b a (b a a) a (b a a) B C a (D E c a c))
A (c a a (b a a) a (b a a) B C a (D E c a c))
A (b a (b a a) a (b a a) a (b a a) B C a (D E c a c))
A (c a a (b a a) a (b a a) a (b a a) B C a (D E c a c))
A (b a (b a a) a (b a a) a (b a a) a (b a a) B C a (D E c a c))
A (c a a (b a a) a (b a a) a (b a a) a (b a a) B C a (D E c a c))
A (b a (b a a) a (b a a) a (b a a) a (b a a) a (b a a) B C a (D E c a c))
A (c a a (b a a) a (b a a) a (b a a) a (b a a) a (b a a) B C a (D E c a c))
A (b a (b a a) a (b a a) a (b a a) a (b a a) a (b a a) a (b a a) B C a (D E c a c))
A (c a a (b a a) a (b a a) a (b a a) a (b a a) a (b a a) a (b a a) B C a (D E c a c))
A (b a (b a a) a (b a a) a (b a a) a (b a a) a (b a a) a (b a a) a (b a a) B C a (D E c a c))
A (c a a (b a a) a (b a a) a (b a a) a (b a a) a (b a a) a (b a a) a (b a a) B C a (D E c a c))
A (b a (b a a) a (b a a) a (b a a) a (b a a) a (b a a) a (b a a) a (b a a) a (b a a) B C a (D E c a c))
A (c a a (b a a) a (b a a) a (b a a) a (b a a) a (b a a) a (b a a) a (b a a) a (b a a) B C a (D E c a c))
A (b a (b a a) a (b a a) a (b a a) a (b a a) a (b a a) a (b a a) a (b a a) a (b a a) a (b a a) B C a (D E c a c))
A (c a a (b a a) a (b a a) a (b a a) a (b a a) a (b a a) a (b a a) a (b a a) a (b a a) a (b a a) B C a (D E c a c))
A (b a (b a a) a (b a a) a (b a a) a (b a a) a (b a a) a (b a a) a (b a a) a (b a a) a (b a a) a (b a a) B C a (D E c a c))
A (c a a (b a a) a (b a a) a (b a a) a (b a a) a (b a a) a (b a a) a (b a a) a (b a a) a (b a a) a (b a a) B C a (D E c a c))
A (b a (b a a) a (b a a) a (b a a) a (b a a) a (b a a) a (b a a) a (b a a) a (b a a) a (b a a) a (b a a) a (b a a) B C a (D E c a c))
A (c a a (b a a) a (b a a) a (b a a) a (b a a) a (b a a) a (b a a) a (b a a) a (b a a) a (b a a) a (b a a) a (b a a) B C a (D E c a c))
A (b a (b a a) a (b a a) a (b a a) a (b a a) a (b a a) a (b a a) a (b a a) a (b a a) a (b a a) a (b a a) a (b a a) a (b a a) B C a (D E c a c))
A (c a a (b a a) a (b a a) a (b a a) a (b a a) a (b a a) a (b a a) a (b a a) a (b a a) a (b a a) a (b a a) a (b a a) a (b a a) B C a (D E c a c))
A (b a (b a a) a (b a a) a (b a a) a (b a a) a (b a a) a (b a a) a (b a a) a (b a a) a (b a a) a (b a a) a (b a a) a (b a a) a (b a a) B C a (D E c a c))
A (c a a (b a a) a (b a a) a (b a a) a (b a a) a (b a a) a (b a a) a (b a a) a (b a a) a (b a a) a (b a a) a (b a a) a (b a a) a (b a a) B C a (D E c a c))
A (b a (b a a) a (b a a) a (b a a) a (b a a) a (b a a) a (b a a) a (b a a) a (b a a) a (b a a) a (b a a) a (b a a) a (b a a) a (b a a) a (b a a) B C a (D E c a c))
A (c a a (b a a) a (b a a) a (b a a) a (b a a) a (b a a) a (b a a) a (b a a) a (b a a) a (b a a) a (b a a) a (b a a) a (b a a) a (b a a) a (b a a) B C a (D E c a c))


