a f e d b d
b e f d d f a f d
c d e f b b b b a
main a c a A b c b a b B
------------------------------------------------------------
a c a A b c b a b B
b A b c b a b B
c b a b c b a b B
b b b b a c b a b B
b b a b b a c b a b B
b a a a b b a c b a b B
a a a a a b b a c b a b B
b a a b b a c b a b B
b a a a b b a c b a b B
a a a a a b b a c b a b B
b a a b b a c b a b B
b a a a b b a c b a b B
a a a a a b b a c b a b B
b a a b b a c b a b B
b a a a b b a c b a b B
a a a a a b b a c b a b B
b a a b b a c b a b B
b a a a b b a c b a b B
a a a a a b b a c b a b B
b a a b b a c b a b B
b a a a b b a c b a b B
a a a a a b b a c b a b B
b a a b b a c b a b B
b a a a b b a c b a b B
a a a a a b b a c b a b B
b a a b b a c b a b B
b a a a b b a c b a b B
a a a a a b b a c b a b B
b a a b b a c b a b B
b a a a b b a c b a b B


