a c c b c
b e f d a a c
c d b d b a
main a A (B (b (b b C c a c)))
------------------------------------------------------------
a A (B (b (b b C c a c)))
c c b c A (B (b (b b C c a c)))
b c b a b c A (B (b (b b C c a c)))
a a c b c A (B (b (b b C c a c)))
c c b c a c b c A (B (b (b b C c a c)))
b c b a b c a c b c A (B (b (b b C c a c)))
a a c b c a c b c A (B (b (b b C c a c)))
c c b c a c b c a c b c A (B (b (b b C c a c)))
b c b a b c a c b c a c b c A (B (b (b b C c a c)))
a a c b c a c b c a c b c A (B (b (b b C c a c)))
c c b c a c b c a c b c a c b c A (B (b (b b C c a c)))
b c b a b c a c b c a c b c a c b c A (B (b (b b C c a c)))
a a c b c a c b c a c b c a c b c A (B (b (b b C c a c)))
c c b c a c b c a c b c a c b c a c b c A (B (b (b b C c a c)))
b c b a b c a c b c a c b c a c b c a c b c A (B (b (b b C c a c)))
a a c b c a c b c a c b c a c b c a c b c A (B (b (b b C c a c)))
c c b c a c b c a c b c a c b c a c b c a c b c A (B (b (b b C c a c)))
b c b a b c a c b c a c b c a c b c a c b c a c b c A (B (b (b b C c a c)))
a a c b c a c b c a c b c a c b c a c b c a c b c A (B (b (b b C c a c)))
c c b c a c b c a c b c a c b c a c b c a c b c a c b c A (B (b (b b C c a c)))
b c b a b c a c b c a c b c a c b c a c b c a c b c a c b c A (B (b (b b C c a c)))
a a c b c a c b c a c b c a c b c a c b c a c b c a c b c A (B (b (b b C c a c)))
c c b c a c b c a c b c a c b c a c b c a c b c a c b c a c b c A (B (b (b b C c a c)))
b c b a b c a c b c a c b c a c b c a c b c a c b c a c b c a c b c A (B (b (b b C c a c)))
a a c b c a c b c a c b c a c b c a c b c a c b c a c b c a c b c A (B (b (b b C c a c)))
c c b c a c b c a c b c a c b c a c b c a c b c a c b c a c b c a c b c A (B (b (b b C c a c)))
b c b a b c a c b c a c b c a c b c a c b c a c b c a c b c a c b c a c b c A (B (b (b b C c a c)))
a a c b c a c b c a c b c a c b c a c b c a c b c a c b c a c b c a c b c A (B (b (b b C c a c)))
c c b c a c b c a c b c a c b c a c b c a c b c a c b c a c b c a c b c a c b c A (B (b (b b C c a c)))
b c b a b c a c b c a c b c a c b c a c b c a c b c a c b c a c b c a c b c a c b c A (B (b (b b C c a c)))


