a b b b
b c a c c
c a
main c c (b (A B c (C b a a)))
------------------------------------------------------------
c c (b (A B c (C b a a)))
a c (b (A B c (C b a a)))
b b b c (b (A B c (C b a a)))
c a c c b b c (b (A B c (C b a a)))
a a c c b b c (b (A B c (C b a a)))
b b b a c c b b c (b (A B c (C b a a)))
c a c c b b a c c b b c (b (A B c (C b a a)))
a a c c b b a c c b b c (b (A B c (C b a a)))
b b b a c c b b a c c b b c (b (A B c (C b a a)))
c a c c b b a c c b b a c c b b c (b (A B c (C b a a)))
a a c c b b a c c b b a c c b b c (b (A B c (C b a a)))
b b b a c c b b a c c b b a c c b b c (b (A B c (C b a a)))
c a c c b b a c c b b a c c b b a c c b b c (b (A B c (C b a a)))
a a c c b b a c c b b a c c b b a c c b b c (b (A B c (C b a a)))
b b b a c c b b a c c b b a c c b b a c c b b c (b (A B c (C b a a)))
c a c c b b a c c b b a c c b b a c c b b a c c b b c (b (A B c (C b a a)))
a a c c b b a c c b b a c c b b a c c b b a c c b b c (b (A B c (C b a a)))
b b b a c c b b a c c b b a c c b b a c c b b a c c b b c (b (A B c (C b a a)))
c a c c b b a c c b b a c c b b a c c b b a c c b b a c c b b c (b (A B c (C b a a)))
a a c c b b a c c b b a c c b b a c c b b a c c b b a c c b b c (b (A B c (C b a a)))
b b b a c c b b a c c b b a c c b b a c c b b a c c b b a c c b b c (b (A B c (C b a a)))
c a c c b b a c c b b a c c b b a c c b b a c c b b a c c b b a c c b b c (b (A B c (C b a a)))
a a c c b b a c c b b a c c b b a c c b b a c c b b a c c b b a c c b b c (b (A B c (C b a a)))
b b b a c c b b a c c b b a c c b b a c c b b a c c b b a c c b b a c c b b c (b (A B c (C b a a)))
c a c c b b a c c b b a c c b b a c c b b a c c b b a c c b b a c c b b a c c b b c (b (A B c (C b a a)))
a a c c b b a c c b b a c c b b a c c b b a c c b b a c c b b a c c b b a c c b b c (b (A B c (C b a a)))
b b b a c c b b a c c b b a c c b b a c c b b a c c b b a c c b b a c c b b a c c b b c (b (A B c (C b a a)))
c a c c b b a c c b b a c c b b a c c b b a c c b b a c c b b a c c b b a c c b b a c c b b c (b (A B c (C b a a)))
a a c c b b a c c b b a c c b b a c c b b a c c b b a c c b b a c c b b a c c b b a c c b b c (b (A B c (C b a a)))
b b b a c c b b a c c b b a c c b b a c c b b a c c b b a c c b b a c c b b a c c b b a c c b b c (b (A B c (C b a a)))


