a e d = b (b b) c
b = c c a c
c = a a a
main = A (B (C D E (a b a c) F))
------------------------------------------------------------
A (B (C D E (a b a c) F))
A (B (C D E (b (b b) c c) F))
A (B (C D E (c c a c (b b) c c) F))
A (B (C D E (a a a c a c (b b) c c) F))
A (B (C D E (b (b b) c c a c (b b) c c) F))
A (B (C D E (c c a c (b b) c c a c (b b) c c) F))
A (B (C D E (a a a c a c (b b) c c a c (b b) c c) F))
A (B (C D E (b (b b) c c a c (b b) c c a c (b b) c c) F))
A (B (C D E (c c a c (b b) c c a c (b b) c c a c (b b) c c) F))
A (B (C D E (a a a c a c (b b) c c a c (b b) c c a c (b b) c c) F))
A (B (C D E (b (b b) c c a c (b b) c c a c (b b) c c a c (b b) c c) F))
A (B (C D E (c c a c (b b) c c a c (b b) c c a c (b b) c c a c (b b) c c) F))
A (B (C D E (a a a c a c (b b) c c a c (b b) c c a c (b b) c c a c (b b) c c) F))
A (B (C D E (b (b b) c c a c (b b) c c a c (b b) c c a c (b b) c c a c (b b) c c) F))
A (B (C D E (c c a c (b b) c c a c (b b) c c a c (b b) c c a c (b b) c c a c (b b) c c) F))
A (B (C D E (a a a c a c (b b) c c a c (b b) c c a c (b b) c c a c (b b) c c a c (b b) c c) F))
A (B (C D E (b (b b) c c a c (b b) c c a c (b b) c c a c (b b) c c a c (b b) c c a c (b b) c c) F))
A (B (C D E (c c a c (b b) c c a c (b b) c c a c (b b) c c a c (b b) c c a c (b b) c c a c (b b) c c) F))
A (B (C D E (a a a c a c (b b) c c a c (b b) c c a c (b b) c c a c (b b) c c a c (b b) c c a c (b b) c c) F))
A (B (C D E (b (b b) c c a c (b b) c c a c (b b) c c a c (b b) c c a c (b b) c c a c (b b) c c a c (b b) c c) F))
A (B (C D E (c c a c (b b) c c a c (b b) c c a c (b b) c c a c (b b) c c a c (b b) c c a c (b b) c c a c (b b) c c) F))
A (B (C D E (a a a c a c (b b) c c a c (b b) c c a c (b b) c c a c (b b) c c a c (b b) c c a c (b b) c c a c (b b) c c) F))
A (B (C D E (b (b b) c c a c (b b) c c a c (b b) c c a c (b b) c c a c (b b) c c a c (b b) c c a c (b b) c c a c (b b) c c) F))
A (B (C D E (c c a c (b b) c c a c (b b) c c a c (b b) c c a c (b b) c c a c (b b) c c a c (b b) c c a c (b b) c c a c (b b) c c) F))
A (B (C D E (a a a c a c (b b) c c a c (b b) c c a c (b b) c c a c (b b) c c a c (b b) c c a c (b b) c c a c (b b) c c a c (b b) c c) F))
A (B (C D E (b (b b) c c a c (b b) c c a c (b b) c c a c (b b) c c a c (b b) c c a c (b b) c c a c (b b) c c a c (b b) c c a c (b b) c c) F))
A (B (C D E (c c a c (b b) c c a c (b b) c c a c (b b) c c a c (b b) c c a c (b b) c c a c (b b) c c a c (b b) c c a c (b b) c c a c (b b) c c) F))
A (B (C D E (a a a c a c (b b) c c a c (b b) c c a c (b b) c c a c (b b) c c a c (b b) c c a c (b b) c c a c (b b) c c a c (b b) c c a c (b b) c c) F))
A (B (C D E (b (b b) c c a c (b b) c c a c (b b) c c a c (b b) c c a c (b b) c c a c (b b) c c a c (b b) c c a c (b b) c c a c (b b) c c a c (b b) c c) F))
A (B (C D E (c c a c (b b) c c a c (b b) c c a c (b b) c c a c (b b) c c a c (b b) c c a c (b b) c c a c (b b) c c a c (b b) c c a c (b b) c c a c (b b) c c) F))


