a d = b b c
b = c c a a
c = b a (b a a)
main = A c c B c b c a b a
------------------------------------------------------------
A c c B c b c a b a
A (b a (b a a)) c B c b c a b a
A (c c a a a (b a a)) c B c b c a b a
A (b a (b a a) c a a a (b a a)) c B c b c a b a
A (c c a a a (b a a) c a a a (b a a)) c B c b c a b a
A (b a (b a a) c a a a (b a a) c a a a (b a a)) c B c b c a b a
A (c c a a a (b a a) c a a a (b a a) c a a a (b a a)) c B c b c a b a
A (b a (b a a) c a a a (b a a) c a a a (b a a) c a a a (b a a)) c B c b c a b a
A (c c a a a (b a a) c a a a (b a a) c a a a (b a a) c a a a (b a a)) c B c b c a b a
A (b a (b a a) c a a a (b a a) c a a a (b a a) c a a a (b a a) c a a a (b a a)) c B c b c a b a
A (c c a a a (b a a) c a a a (b a a) c a a a (b a a) c a a a (b a a) c a a a (b a a)) c B c b c a b a
A (b a (b a a) c a a a (b a a) c a a a (b a a) c a a a (b a a) c a a a (b a a) c a a a (b a a)) c B c b c a b a
A (c c a a a (b a a) c a a a (b a a) c a a a (b a a) c a a a (b a a) c a a a (b a a) c a a a (b a a)) c B c b c a b a
A (b a (b a a) c a a a (b a a) c a a a (b a a) c a a a (b a a) c a a a (b a a) c a a a (b a a) c a a a (b a a)) c B c b c a b a
A (c c a a a (b a a) c a a a (b a a) c a a a (b a a) c a a a (b a a) c a a a (b a a) c a a a (b a a) c a a a (b a a)) c B c b c a b a
A (b a (b a a) c a a a (b a a) c a a a (b a a) c a a a (b a a) c a a a (b a a) c a a a (b a a) c a a a (b a a) c a a a (b a a)) c B c b c a b a
A (c c a a a (b a a) c a a a (b a a) c a a a (b a a) c a a a (b a a) c a a a (b a a) c a a a (b a a) c a a a (b a a) c a a a (b a a)) c B c b c a b a
A (b a (b a a) c a a a (b a a) c a a a (b a a) c a a a (b a a) c a a a (b a a) c a a a (b a a) c a a a (b a a) c a a a (b a a) c a a a (b a a)) c B c b c a b a
A (c c a a a (b a a) c a a a (b a a) c a a a (b a a) c a a a (b a a) c a a a (b a a) c a a a (b a a) c a a a (b a a) c a a a (b a a) c a a a (b a a)) c B c b c a b a
A (b a (b a a) c a a a (b a a) c a a a (b a a) c a a a (b a a) c a a a (b a a) c a a a (b a a) c a a a (b a a) c a a a (b a a) c a a a (b a a) c a a a (b a a)) c B c b c a b a
A (c c a a a (b a a) c a a a (b a a) c a a a (b a a) c a a a (b a a) c a a a (b a a) c a a a (b a a) c a a a (b a a) c a a a (b a a) c a a a (b a a) c a a a (b a a)) c B c b c a b a
A (b a (b a a) c a a a (b a a) c a a a (b a a) c a a a (b a a) c a a a (b a a) c a a a (b a a) c a a a (b a a) c a a a (b a a) c a a a (b a a) c a a a (b a a) c a a a (b a a)) c B c b c a b a
A (c c a a a (b a a) c a a a (b a a) c a a a (b a a) c a a a (b a a) c a a a (b a a) c a a a (b a a) c a a a (b a a) c a a a (b a a) c a a a (b a a) c a a a (b a a) c a a a (b a a)) c B c b c a b a
A (b a (b a a) c a a a (b a a) c a a a (b a a) c a a a (b a a) c a a a (b a a) c a a a (b a a) c a a a (b a a) c a a a (b a a) c a a a (b a a) c a a a (b a a) c a a a (b a a) c a a a (b a a)) c B c b c a b a
A (c c a a a (b a a) c a a a (b a a) c a a a (b a a) c a a a (b a a) c a a a (b a a) c a a a (b a a) c a a a (b a a) c a a a (b a a) c a a a (b a a) c a a a (b a a) c a a a (b a a) c a a a (b a a)) c B c b c a b a
A (b a (b a a) c a a a (b a a) c a a a (b a a) c a a a (b a a) c a a a (b a a) c a a a (b a a) c a a a (b a a) c a a a (b a a) c a a a (b a a) c a a a (b a a) c a a a (b a a) c a a a (b a a) c a a a (b a a)) c B c b c a b a
A (c c a a a (b a a) c a a a (b a a) c a a a (b a a) c a a a (b a a) c a a a (b a a) c a a a (b a a) c a a a (b a a) c a a a (b a a) c a a a (b a a) c a a a (b a a) c a a a (b a a) c a a a (b a a) c a a a (b a a)) c B c b c a b a
A (b a (b a a) c a a a (b a a) c a a a (b a a) c a a a (b a a) c a a a (b a a) c a a a (b a a) c a a a (b a a) c a a a (b a a) c a a a (b a a) c a a a (b a a) c a a a (b a a) c a a a (b a a) c a a a (b a a) c a a a (b a a)) c B c b c a b a
A (c c a a a (b a a) c a a a (b a a) c a a a (b a a) c a a a (b a a) c a a a (b a a) c a a a (b a a) c a a a (b a a) c a a a (b a a) c a a a (b a a) c a a a (b a a) c a a a (b a a) c a a a (b a a) c a a a (b a a) c a a a (b a a)) c B c b c a b a
A (b a (b a a) c a a a (b a a) c a a a (b a a) c a a a (b a a) c a a a (b a a) c a a a (b a a) c a a a (b a a) c a a a (b a a) c a a a (b a a) c a a a (b a a) c a a a (b a a) c a a a (b a a) c a a a (b a a) c a a a (b a a) c a a a (b a a)) c B c b c a b a


