a d = c b b
b e d = a a (c a)
c = a
main = A B c C a a D (a b c)
------------------------------------------------------------
A B c C a a D (a b c)
A B a C a a D (a b c)
A B a C a a D (c b b c)
A B a C a a D (a b b c)
A B a C a a D (c b b b c)
A B a C a a D (a b b b c)
A B a C a a D (c b b b b c)
A B a C a a D (a b b b b c)
A B a C a a D (c b b b b b c)
A B a C a a D (a b b b b b c)
A B a C a a D (c b b b b b b c)
A B a C a a D (a b b b b b b c)
A B a C a a D (c b b b b b b b c)
A B a C a a D (a b b b b b b b c)
A B a C a a D (c b b b b b b b b c)
A B a C a a D (a b b b b b b b b c)
A B a C a a D (c b b b b b b b b b c)
A B a C a a D (a b b b b b b b b b c)
A B a C a a D (c b b b b b b b b b b c)
A B a C a a D (a b b b b b b b b b b c)
A B a C a a D (c b b b b b b b b b b b c)
A B a C a a D (a b b b b b b b b b b b c)
A B a C a a D (c b b b b b b b b b b b b c)
A B a C a a D (a b b b b b b b b b b b b c)
A B a C a a D (c b b b b b b b b b b b b b c)
A B a C a a D (a b b b b b b b b b b b b b c)
A B a C a a D (c b b b b b b b b b b b b b b c)
A B a C a a D (a b b b b b b b b b b b b b b c)
A B a C a a D (c b b b b b b b b b b b b b b b c)
A B a C a a D (a b b b b b b b b b b b b b b b c)


