a e g f = b c d (c b) b
b g f e = a f d a
c g f e = b (e b d g b)
d f e = f (b b)
main = b (a d (c (A (B (c b a b b a c) C b))))
------------------------------------------------------------
b (a d (c (A (B (c b a b b a c) C b))))
b (a d (c (A (B (b (b b d b b) b a c) C b))))
b (a d (c (A (B (a b d a c) C b))))
b (a d (c (A (B (b c d (c b) b c) C b))))
b (a d (c (A (B (a d d a b c) C b))))
b (a d (c (A (B (b c d (c b) b b c) C b))))
b (a d (c (A (B (a d d a b b c) C b))))
b (a d (c (A (B (b c d (c b) b b b c) C b))))
b (a d (c (A (B (a d d a b b b c) C b))))
b (a d (c (A (B (b c d (c b) b b b b c) C b))))
b (a d (c (A (B (a d d a b b b b c) C b))))
b (a d (c (A (B (b c d (c b) b b b b b c) C b))))
b (a d (c (A (B (a d d a b b b b b c) C b))))
b (a d (c (A (B (b c d (c b) b b b b b b c) C b))))
b (a d (c (A (B (a d d a b b b b b b c) C b))))
b (a d (c (A (B (b c d (c b) b b b b b b b c) C b))))
b (a d (c (A (B (a d d a b b b b b b b c) C b))))
b (a d (c (A (B (b c d (c b) b b b b b b b b c) C b))))
b (a d (c (A (B (a d d a b b b b b b b b c) C b))))
b (a d (c (A (B (b c d (c b) b b b b b b b b b c) C b))))
b (a d (c (A (B (a d d a b b b b b b b b b c) C b))))
b (a d (c (A (B (b c d (c b) b b b b b b b b b b c) C b))))
b (a d (c (A (B (a d d a b b b b b b b b b b c) C b))))
b (a d (c (A (B (b c d (c b) b b b b b b b b b b b c) C b))))
b (a d (c (A (B (a d d a b b b b b b b b b b b c) C b))))
b (a d (c (A (B (b c d (c b) b b b b b b b b b b b b c) C b))))
b (a d (c (A (B (a d d a b b b b b b b b b b b b c) C b))))
b (a d (c (A (B (b c d (c b) b b b b b b b b b b b b b c) C b))))
b (a d (c (A (B (a d d a b b b b b b b b b b b b b c) C b))))
b (a d (c (A (B (b c d (c b) b b b b b b b b b b b b b b c) C b))))


