a e = b (c e) d c b
b = c a c (a c d)
c g f e h = b b b d
d e f g h = b
main = b (c c (A d (a (B C D E F G H I b))))
------------------------------------------------------------
b (c c (A d (a (B C D E F G H I b))))
c a c (a c d) (c c (A d (a (B C D E F G H I b))))
b b b d
c a c (a c d) b b d
b b b d b d
c a c (a c d) b b d b d
b b b d b d b d
c a c (a c d) b b d b d b d
b b b d b d b d b d
c a c (a c d) b b d b d b d b d
b b b d b d b d b d b d
c a c (a c d) b b d b d b d b d b d
b b b d b d b d b d b d b d
c a c (a c d) b b d b d b d b d b d b d
b b b d b d b d b d b d b d b d
c a c (a c d) b b d b d b d b d b d b d b d
b b b d b d b d b d b d b d b d b d
c a c (a c d) b b d b d b d b d b d b d b d b d
b b b d b d b d b d b d b d b d b d b d
c a c (a c d) b b d b d b d b d b d b d b d b d b d
b b b d b d b d b d b d b d b d b d b d b d
c a c (a c d) b b d b d b d b d b d b d b d b d b d b d
b b b d b d b d b d b d b d b d b d b d b d b d
c a c (a c d) b b d b d b d b d b d b d b d b d b d b d b d
b b b d b d b d b d b d b d b d b d b d b d b d b d
c a c (a c d) b b d b d b d b d b d b d b d b d b d b d b d b d
b b b d b d b d b d b d b d b d b d b d b d b d b d b d
c a c (a c d) b b d b d b d b d b d b d b d b d b d b d b d b d b d
b b b d b d b d b d b d b d b d b d b d b d b d b d b d b d
c a c (a c d) b b d b d b d b d b d b d b d b d b d b d b d b d b d b d


