a g e f = b d g c b b
b f e = e a e (f e f)
c g e f h = b a f b
d e f g = b f c (c c c)
main = A b B d c C D E F (a d (a a c G))
------------------------------------------------------------
A b B d c C D E F (a d (a a c G))
A b B d c C D E F (a d (b d a c b b))
A b B d c C D E F (a d (a a a (d a d) c b b))
A b B d c C D E F (a d (b d a c b b c b b))
A b B d c C D E F (a d (a a a (d a d) c b b c b b))
A b B d c C D E F (a d (b d a c b b c b b c b b))
A b B d c C D E F (a d (a a a (d a d) c b b c b b c b b))
A b B d c C D E F (a d (b d a c b b c b b c b b c b b))
A b B d c C D E F (a d (a a a (d a d) c b b c b b c b b c b b))
A b B d c C D E F (a d (b d a c b b c b b c b b c b b c b b))
A b B d c C D E F (a d (a a a (d a d) c b b c b b c b b c b b c b b))
A b B d c C D E F (a d (b d a c b b c b b c b b c b b c b b c b b))
A b B d c C D E F (a d (a a a (d a d) c b b c b b c b b c b b c b b c b b))
A b B d c C D E F (a d (b d a c b b c b b c b b c b b c b b c b b c b b))
A b B d c C D E F (a d (a a a (d a d) c b b c b b c b b c b b c b b c b b c b b))
A b B d c C D E F (a d (b d a c b b c b b c b b c b b c b b c b b c b b c b b))
A b B d c C D E F (a d (a a a (d a d) c b b c b b c b b c b b c b b c b b c b b c b b))
A b B d c C D E F (a d (b d a c b b c b b c b b c b b c b b c b b c b b c b b c b b))
A b B d c C D E F (a d (a a a (d a d) c b b c b b c b b c b b c b b c b b c b b c b b c b b))
A b B d c C D E F (a d (b d a c b b c b b c b b c b b c b b c b b c b b c b b c b b c b b))
A b B d c C D E F (a d (a a a (d a d) c b b c b b c b b c b b c b b c b b c b b c b b c b b c b b))
A b B d c C D E F (a d (b d a c b b c b b c b b c b b c b b c b b c b b c b b c b b c b b c b b))
A b B d c C D E F (a d (a a a (d a d) c b b c b b c b b c b b c b b c b b c b b c b b c b b c b b c b b))
A b B d c C D E F (a d (b d a c b b c b b c b b c b b c b b c b b c b b c b b c b b c b b c b b c b b))
A b B d c C D E F (a d (a a a (d a d) c b b c b b c b b c b b c b b c b b c b b c b b c b b c b b c b b c b b))
A b B d c C D E F (a d (b d a c b b c b b c b b c b b c b b c b b c b b c b b c b b c b b c b b c b b c b b))
A b B d c C D E F (a d (a a a (d a d) c b b c b b c b b c b b c b b c b b c b b c b b c b b c b b c b b c b b c b b))
A b B d c C D E F (a d (b d a c b b c b b c b b c b b c b b c b b c b b c b b c b b c b b c b b c b b c b b c b b))
A b B d c C D E F (a d (a a a (d a d) c b b c b b c b b c b b c b b c b b c b b c b b c b b c b b c b b c b b c b b c b b))
A b B d c C D E F (a d (b d a c b b c b b c b b c b b c b b c b b c b b c b b c b b c b b c b b c b b c b b c b b c b b))


