a f e = c b b
b e f g = a
c h f g e = d a a d h d
d g f e = c g b
main = c d a (d (A B C c c b) D (E d)) c c
------------------------------------------------------------
c d a (d (A B C c c b) D (E d)) c c
d a a d d d c
c a b d d c
d a a d a d c
c a b a d c
d a a d a d c
c a b a d c
d a a d a d c
c a b a d c
d a a d a d c
c a b a d c
d a a d a d c
c a b a d c
d a a d a d c
c a b a d c
d a a d a d c
c a b a d c
d a a d a d c
c a b a d c
d a a d a d c
c a b a d c
d a a d a d c
c a b a d c
d a a d a d c
c a b a d c
d a a d a d c
c a b a d c
d a a d a d c
c a b a d c
d a a d a d c


