a f e c (b b b)
b e f a d
c g e f a b d d a d
d h e g f b e f f b
main c A a a B C a D (a c d c E) b d
------------------------------------------------------------
c A a a B C a D (a c d c E) b d
a b d d a d B C a D (a c d c E) b d
c (b b b) d a d B C a D (a c d c E) b d
a b d d a d d B C a D (a c d c E) b d
c (b b b) d a d d B C a D (a c d c E) b d
a b d d a d d d B C a D (a c d c E) b d
c (b b b) d a d d d B C a D (a c d c E) b d
a b d d a d d d d B C a D (a c d c E) b d
c (b b b) d a d d d d B C a D (a c d c E) b d
a b d d a d d d d d B C a D (a c d c E) b d
c (b b b) d a d d d d d B C a D (a c d c E) b d
a b d d a d d d d d d B C a D (a c d c E) b d
c (b b b) d a d d d d d d B C a D (a c d c E) b d
a b d d a d d d d d d d B C a D (a c d c E) b d
c (b b b) d a d d d d d d d B C a D (a c d c E) b d
a b d d a d d d d d d d d B C a D (a c d c E) b d
c (b b b) d a d d d d d d d d B C a D (a c d c E) b d
a b d d a d d d d d d d d d B C a D (a c d c E) b d
c (b b b) d a d d d d d d d d d B C a D (a c d c E) b d
a b d d a d d d d d d d d d d B C a D (a c d c E) b d
c (b b b) d a d d d d d d d d d d B C a D (a c d c E) b d
a b d d a d d d d d d d d d d d B C a D (a c d c E) b d
c (b b b) d a d d d d d d d d d d d B C a D (a c d c E) b d
a b d d a d d d d d d d d d d d d B C a D (a c d c E) b d
c (b b b) d a d d d d d d d d d d d d B C a D (a c d c E) b d
a b d d a d d d d d d d d d d d d d B C a D (a c d c E) b d
c (b b b) d a d d d d d d d d d d d d d B C a D (a c d c E) b d
a b d d a d d d d d d d d d d d d d d B C a D (a c d c E) b d
c (b b b) d a d d d d d d d d d d d d d d B C a D (a c d c E) b d
a b d d a d d d d d d d d d d d d d d d B C a D (a c d c E) b d


