a g f e g d c c e g
b e f g d c c (e d c)
c f e a d
d e f a (a e b f) e
main c A B (c c) C D (b c b c a) E b c
------------------------------------------------------------
c A B (c c) C D (b c b c a) E b c
a d (c c) C D (b c b c a) E b c
d d c c C d D (b c b c a) E b c
a (a d b c) d c C d D (b c b c a) E b c
a d b c d c c c (a d b c) C d D (b c b c a) E b c
d d c c c d d c c c (a d b c) C d D (b c b c a) E b c
a (a d b c) d c c d d c c c (a d b c) C d D (b c b c a) E b c
a d b c d c c c (a d b c) c d d c c c (a d b c) C d D (b c b c a) E b c
d d c c c d d c c c (a d b c) c d d c c c (a d b c) C d D (b c b c a) E b c
a (a d b c) d c c d d c c c (a d b c) c d d c c c (a d b c) C d D (b c b c a) E b c
a d b c d c c c (a d b c) c d d c c c (a d b c) c d d c c c (a d b c) C d D (b c b c a) E b c
d d c c c d d c c c (a d b c) c d d c c c (a d b c) c d d c c c (a d b c) C d D (b c b c a) E b c
a (a d b c) d c c d d c c c (a d b c) c d d c c c (a d b c) c d d c c c (a d b c) C d D (b c b c a) E b c
a d b c d c c c (a d b c) c d d c c c (a d b c) c d d c c c (a d b c) c d d c c c (a d b c) C d D (b c b c a) E b c
d d c c c d d c c c (a d b c) c d d c c c (a d b c) c d d c c c (a d b c) c d d c c c (a d b c) C d D (b c b c a) E b c
a (a d b c) d c c d d c c c (a d b c) c d d c c c (a d b c) c d d c c c (a d b c) c d d c c c (a d b c) C d D (b c b c a) E b c
a d b c d c c c (a d b c) c d d c c c (a d b c) c d d c c c (a d b c) c d d c c c (a d b c) c d d c c c (a d b c) C d D (b c b c a) E b c
d d c c c d d c c c (a d b c) c d d c c c (a d b c) c d d c c c (a d b c) c d d c c c (a d b c) c d d c c c (a d b c) C d D (b c b c a) E b c
a (a d b c) d c c d d c c c (a d b c) c d d c c c (a d b c) c d d c c c (a d b c) c d d c c c (a d b c) c d d c c c (a d b c) C d D (b c b c a) E b c
a d b c d c c c (a d b c) c d d c c c (a d b c) c d d c c c (a d b c) c d d c c c (a d b c) c d d c c c (a d b c) c d d c c c (a d b c) C d D (b c b c a) E b c
d d c c c d d c c c (a d b c) c d d c c c (a d b c) c d d c c c (a d b c) c d d c c c (a d b c) c d d c c c (a d b c) c d d c c c (a d b c) C d D (b c b c a) E b c
a (a d b c) d c c d d c c c (a d b c) c d d c c c (a d b c) c d d c c c (a d b c) c d d c c c (a d b c) c d d c c c (a d b c) c d d c c c (a d b c) C d D (b c b c a) E b c
a d b c d c c c (a d b c) c d d c c c (a d b c) c d d c c c (a d b c) c d d c c c (a d b c) c d d c c c (a d b c) c d d c c c (a d b c) c d d c c c (a d b c) C d D (b c b c a) E b c
d d c c c d d c c c (a d b c) c d d c c c (a d b c) c d d c c c (a d b c) c d d c c c (a d b c) c d d c c c (a d b c) c d d c c c (a d b c) c d d c c c (a d b c) C d D (b c b c a) E b c
a (a d b c) d c c d d c c c (a d b c) c d d c c c (a d b c) c d d c c c (a d b c) c d d c c c (a d b c) c d d c c c (a d b c) c d d c c c (a d b c) c d d c c c (a d b c) C d D (b c b c a) E b c
a d b c d c c c (a d b c) c d d c c c (a d b c) c d d c c c (a d b c) c d d c c c (a d b c) c d d c c c (a d b c) c d d c c c (a d b c) c d d c c c (a d b c) c d d c c c (a d b c) C d D (b c b c a) E b c
d d c c c d d c c c (a d b c) c d d c c c (a d b c) c d d c c c (a d b c) c d d c c c (a d b c) c d d c c c (a d b c) c d d c c c (a d b c) c d d c c c (a d b c) c d d c c c (a d b c) C d D (b c b c a) E b c
a (a d b c) d c c d d c c c (a d b c) c d d c c c (a d b c) c d d c c c (a d b c) c d d c c c (a d b c) c d d c c c (a d b c) c d d c c c (a d b c) c d d c c c (a d b c) c d d c c c (a d b c) C d D (b c b c a) E b c
a d b c d c c c (a d b c) c d d c c c (a d b c) c d d c c c (a d b c) c d d c c c (a d b c) c d d c c c (a d b c) c d d c c c (a d b c) c d d c c c (a d b c) c d d c c c (a d b c) c d d c c c (a d b c) C d D (b c b c a) E b c
d d c c c d d c c c (a d b c) c d d c c c (a d b c) c d d c c c (a d b c) c d d c c c (a d b c) c d d c c c (a d b c) c d d c c c (a d b c) c d d c c c (a d b c) c d d c c c (a d b c) c d d c c c (a d b c) C d D (b c b c a) E b c


