a f e b d b b b
b e f c e d (d f)
c f g e h f (d (a d g b))
d e h f g c g
main a (A (b b a d b b) B C a d b d c)
------------------------------------------------------------
a (A (b b a d b b) B C a d b d c)
a (A (c b d (d a) d b b) B C a d b d c)
a (A (b (d (a d d b)) b b) B C a d b d c)
a (A (c (d (a d d b)) d (d b) b) B C a d b d c)
a (A (d (a d d b) (d (a d d b))) B C a d b d c)
a (A (d (b d b b b b) (d (a d d b))) B C a d b d c)
a (A (d (c d d (d b) b b b) (d (a d d b))) B C a d b d c)
a (A (d (d (d (a d d b)) b b) (d (a d d b))) B C a d b d c)
a (A (d (d (d (b d b b b b)) b b) (d (a d d b))) B C a d b d c)
a (A (d (d (d (c d d (d b) b b b)) b b) (d (a d d b))) B C a d b d c)
a (A (d (d (d (d (d (a d d b)) b b)) b b) (d (a d d b))) B C a d b d c)
a (A (d (d (d (d (d (b d b b b b)) b b)) b b) (d (a d d b))) B C a d b d c)
a (A (d (d (d (d (d (c d d (d b) b b b)) b b)) b b) (d (a d d b))) B C a d b d c)
a (A (d (d (d (d (d (d (d (a d d b)) b b)) b b)) b b) (d (a d d b))) B C a d b d c)
a (A (d (d (d (d (d (d (d (b d b b b b)) b b)) b b)) b b) (d (a d d b))) B C a d b d c)
a (A (d (d (d (d (d (d (d (c d d (d b) b b b)) b b)) b b)) b b) (d (a d d b))) B C a d b d c)
a (A (d (d (d (d (d (d (d (d (d (a d d b)) b b)) b b)) b b)) b b) (d (a d d b))) B C a d b d c)
a (A (d (d (d (d (d (d (d (d (d (b d b b b b)) b b)) b b)) b b)) b b) (d (a d d b))) B C a d b d c)
a (A (d (d (d (d (d (d (d (d (d (c d d (d b) b b b)) b b)) b b)) b b)) b b) (d (a d d b))) B C a d b d c)
a (A (d (d (d (d (d (d (d (d (d (d (d (a d d b)) b b)) b b)) b b)) b b)) b b) (d (a d d b))) B C a d b d c)
a (A (d (d (d (d (d (d (d (d (d (d (d (b d b b b b)) b b)) b b)) b b)) b b)) b b) (d (a d d b))) B C a d b d c)
a (A (d (d (d (d (d (d (d (d (d (d (d (c d d (d b) b b b)) b b)) b b)) b b)) b b)) b b) (d (a d d b))) B C a d b d c)
a (A (d (d (d (d (d (d (d (d (d (d (d (d (d (a d d b)) b b)) b b)) b b)) b b)) b b)) b b) (d (a d d b))) B C a d b d c)
a (A (d (d (d (d (d (d (d (d (d (d (d (d (d (b d b b b b)) b b)) b b)) b b)) b b)) b b)) b b) (d (a d d b))) B C a d b d c)
a (A (d (d (d (d (d (d (d (d (d (d (d (d (d (c d d (d b) b b b)) b b)) b b)) b b)) b b)) b b)) b b) (d (a d d b))) B C a d b d c)
a (A (d (d (d (d (d (d (d (d (d (d (d (d (d (d (d (a d d b)) b b)) b b)) b b)) b b)) b b)) b b)) b b) (d (a d d b))) B C a d b d c)
a (A (d (d (d (d (d (d (d (d (d (d (d (d (d (d (d (b d b b b b)) b b)) b b)) b b)) b b)) b b)) b b)) b b) (d (a d d b))) B C a d b d c)
a (A (d (d (d (d (d (d (d (d (d (d (d (d (d (d (d (c d d (d b) b b b)) b b)) b b)) b b)) b b)) b b)) b b)) b b) (d (a d d b))) B C a d b d c)
a (A (d (d (d (d (d (d (d (d (d (d (d (d (d (d (d (d (d (a d d b)) b b)) b b)) b b)) b b)) b b)) b b)) b b)) b b) (d (a d d b))) B C a d b d c)
a (A (d (d (d (d (d (d (d (d (d (d (d (d (d (d (d (d (d (b d b b b b)) b b)) b b)) b b)) b b)) b b)) b b)) b b)) b b) (d (a d d b))) B C a d b d c)


