a g e h f b (c b) c f c
b e h g f d d a e a
c e f b b a d f
d f g h e e c h c c
main b c A (B d) a b d C (c c b D a) c
------------------------------------------------------------
b c A (B d) a b d C (c c b D a) c
d d a c a b d C (c c b D a) c
a c c c c b d C (c c b D a) c
b (c b) c c c b d C (c c b D a) c
d d a (c b) a b d C (c c b D a) c
a c (c b) c c b d C (c c b D a) c
b (c b) c c c b d C (c c b D a) c
d d a (c b) a b d C (c c b D a) c
a c (c b) c c b d C (c c b D a) c
b (c b) c c c b d C (c c b D a) c
d d a (c b) a b d C (c c b D a) c
a c (c b) c c b d C (c c b D a) c
b (c b) c c c b d C (c c b D a) c
d d a (c b) a b d C (c c b D a) c
a c (c b) c c b d C (c c b D a) c
b (c b) c c c b d C (c c b D a) c
d d a (c b) a b d C (c c b D a) c
a c (c b) c c b d C (c c b D a) c
b (c b) c c c b d C (c c b D a) c
d d a (c b) a b d C (c c b D a) c
a c (c b) c c b d C (c c b D a) c
b (c b) c c c b d C (c c b D a) c
d d a (c b) a b d C (c c b D a) c
a c (c b) c c b d C (c c b D a) c
b (c b) c c c b d C (c c b D a) c
d d a (c b) a b d C (c c b D a) c
a c (c b) c c b d C (c c b D a) c
b (c b) c c c b d C (c c b D a) c
d d a (c b) a b d C (c c b D a) c
a c (c b) c c b d C (c c b D a) c


