a = c
b d = a c a
c d = b a
main = b a A B (C D E F a a)
------------------------------------------------------------
b a A B (C D E F a a)
a c a A B (C D E F a a)
c c a A B (C D E F a a)
b a a A B (C D E F a a)
a c a a A B (C D E F a a)
c c a a A B (C D E F a a)
b a a a A B (C D E F a a)
a c a a a A B (C D E F a a)
c c a a a A B (C D E F a a)
b a a a a A B (C D E F a a)
a c a a a a A B (C D E F a a)
c c a a a a A B (C D E F a a)
b a a a a a A B (C D E F a a)
a c a a a a a A B (C D E F a a)
c c a a a a a A B (C D E F a a)
b a a a a a a A B (C D E F a a)
a c a a a a a a A B (C D E F a a)
c c a a a a a a A B (C D E F a a)
b a a a a a a a A B (C D E F a a)
a c a a a a a a a A B (C D E F a a)
c c a a a a a a a A B (C D E F a a)
b a a a a a a a a A B (C D E F a a)
a c a a a a a a a a A B (C D E F a a)
c c a a a a a a a a A B (C D E F a a)
b a a a a a a a a a A B (C D E F a a)
a c a a a a a a a a a A B (C D E F a a)
c c a a a a a a a a a A B (C D E F a a)
b a a a a a a a a a a A B (C D E F a a)
a c a a a a a a a a a a A B (C D E F a a)
c c a a a a a a a a a a A B (C D E F a a)


