a h e g f f (d c e)
b e g f e f
c e f b d
d h g e f f b a f
main c d (a c A) b a B a d (c b C a b)
------------------------------------------------------------
c d (a c A) b a B a d (c b C a b)
b d b a B a d (c b C a b)
d a B a d (c b C a b)
d b a d (c b C a b)
c b C a b b a (c b C a b)
b d a b b a (c b C a b)
d b b a (c b C a b)
c b C a b b a (c b C a b)
b d a b b a (c b C a b)
d b b a (c b C a b)
c b C a b b a (c b C a b)
b d a b b a (c b C a b)
d b b a (c b C a b)
c b C a b b a (c b C a b)
b d a b b a (c b C a b)
d b b a (c b C a b)
c b C a b b a (c b C a b)
b d a b b a (c b C a b)
d b b a (c b C a b)
c b C a b b a (c b C a b)
b d a b b a (c b C a b)
d b b a (c b C a b)
c b C a b b a (c b C a b)
b d a b b a (c b C a b)
d b b a (c b C a b)
c b C a b b a (c b C a b)
b d a b b a (c b C a b)
d b b a (c b C a b)
c b C a b b a (c b C a b)
b d a b b a (c b C a b)


