a e d b
b e e c a d e
c e f g b d b f b d
d f e g a g (f f)
main c a a (A B a b a (C (D a a) c a c))
------------------------------------------------------------
c a a (A B a b a (C (D a a) c a c))
b d b a b d
d c a d d b a b d
a d (c c) d b a b d
d b (c c) d b a b d
a d (b b) b a b d
d b (b b) b a b d
a b (b b) a b d
d b (b b) a b d
a a (b b) b d
d b (b b) b d
a b (b b) d
d b (b b) d
a d (b b)
d b (b b)
d b (b c a d b)
d b (c c a d c a d b)
d b (b d b a b d c a d b)
d b (d c a d d b a b d c a d b)
d b (a d (c c) d b a b d c a d b)
d b (d b (c c) d b a b d c a d b)
d b (a d (b b) b a b d c a d b)
d b (d b (b b) b a b d c a d b)
d b (a b (b b) a b d c a d b)
d b (d b (b b) a b d c a d b)
d b (a a (b b) b d c a d b)
d b (d b (b b) b d c a d b)
d b (a b (b b) d c a d b)
d b (d b (b b) d c a d b)
d b (a d (b b) c a d b)


