d h g i f a f b e c b
e h g f b d (f h c d g)
b g i f h c e e e
a f c b (b d c c e)
main A B C D E F G b H I d (a b d a)
c g h f d d g b
------------------------------------------------------------
A B C D E F G b H I d (a b d a)
A B C D E F G b H I d (c b (b d c c e) d a)
A B C D E F G b H I d (d d b b a)
A B C D E F G b H I d (a a b e c b)
A B C D E F G b H I d (c b (b d c c e) b e c b)
A B C D E F G b H I d (d d b b e c b)
A B C D E F G b H I d (a e b e c b c b)
A B C D E F G b H I d (c b (b d c c e) b e c b c b)
A B C D E F G b H I d (d d b b e c b c b)
A B C D E F G b H I d (a e b e c b c b c b)
A B C D E F G b H I d (c b (b d c c e) b e c b c b c b)
A B C D E F G b H I d (d d b b e c b c b c b)
A B C D E F G b H I d (a e b e c b c b c b c b)
A B C D E F G b H I d (c b (b d c c e) b e c b c b c b c b)
A B C D E F G b H I d (d d b b e c b c b c b c b)
A B C D E F G b H I d (a e b e c b c b c b c b c b)
A B C D E F G b H I d (c b (b d c c e) b e c b c b c b c b c b)
A B C D E F G b H I d (d d b b e c b c b c b c b c b)
A B C D E F G b H I d (a e b e c b c b c b c b c b c b)
A B C D E F G b H I d (c b (b d c c e) b e c b c b c b c b c b c b)
A B C D E F G b H I d (d d b b e c b c b c b c b c b c b)
A B C D E F G b H I d (a e b e c b c b c b c b c b c b c b)
A B C D E F G b H I d (c b (b d c c e) b e c b c b c b c b c b c b c b)
A B C D E F G b H I d (d d b b e c b c b c b c b c b c b c b)
A B C D E F G b H I d (a e b e c b c b c b c b c b c b c b c b)
A B C D E F G b H I d (c b (b d c c e) b e c b c b c b c b c b c b c b c b)
A B C D E F G b H I d (d d b b e c b c b c b c b c b c b c b c b)
A B C D E F G b H I d (a e b e c b c b c b c b c b c b c b c b c b)
A B C D E F G b H I d (c b (b d c c e) b e c b c b c b c b c b c b c b c b c b)
A B C D E F G b H I d (d d b b e c b c b c b c b c b c b c b c b c b)


