d g h f = a (b g e c) a e
e g f = b f a (g a c)
c g h i f = d (e f) a a a
b f h g = e c c (d c e h)
main = A (e a e c B b a (C D b b b a e))
a h f i g = b d e g c g
------------------------------------------------------------
A (e a e c B b a (C D b b b a e))
A (b e a (a a c) c B b a (C D b b b a e))
A (e c c (d c e a) c B b a (C D b b b a e))
A (b c a (c a c) (d c e a) c B b a (C D b b b a e))
A (e c c (d c e a) (d c e a) c B b a (C D b b b a e))
A (b c a (c a c) (d c e a) (d c e a) c B b a (C D b b b a e))
A (e c c (d c e a) (d c e a) (d c e a) c B b a (C D b b b a e))
A (b c a (c a c) (d c e a) (d c e a) (d c e a) c B b a (C D b b b a e))
A (e c c (d c e a) (d c e a) (d c e a) (d c e a) c B b a (C D b b b a e))
A (b c a (c a c) (d c e a) (d c e a) (d c e a) (d c e a) c B b a (C D b b b a e))
A (e c c (d c e a) (d c e a) (d c e a) (d c e a) (d c e a) c B b a (C D b b b a e))
A (b c a (c a c) (d c e a) (d c e a) (d c e a) (d c e a) (d c e a) c B b a (C D b b b a e))
A (e c c (d c e a) (d c e a) (d c e a) (d c e a) (d c e a) (d c e a) c B b a (C D b b b a e))
A (b c a (c a c) (d c e a) (d c e a) (d c e a) (d c e a) (d c e a) (d c e a) c B b a (C D b b b a e))
A (e c c (d c e a) (d c e a) (d c e a) (d c e a) (d c e a) (d c e a) (d c e a) c B b a (C D b b b a e))
A (b c a (c a c) (d c e a) (d c e a) (d c e a) (d c e a) (d c e a) (d c e a) (d c e a) c B b a (C D b b b a e))
A (e c c (d c e a) (d c e a) (d c e a) (d c e a) (d c e a) (d c e a) (d c e a) (d c e a) c B b a (C D b b b a e))
A (b c a (c a c) (d c e a) (d c e a) (d c e a) (d c e a) (d c e a) (d c e a) (d c e a) (d c e a) c B b a (C D b b b a e))
A (e c c (d c e a) (d c e a) (d c e a) (d c e a) (d c e a) (d c e a) (d c e a) (d c e a) (d c e a) c B b a (C D b b b a e))
A (b c a (c a c) (d c e a) (d c e a) (d c e a) (d c e a) (d c e a) (d c e a) (d c e a) (d c e a) (d c e a) c B b a (C D b b b a e))
A (e c c (d c e a) (d c e a) (d c e a) (d c e a) (d c e a) (d c e a) (d c e a) (d c e a) (d c e a) (d c e a) c B b a (C D b b b a e))
A (b c a (c a c) (d c e a) (d c e a) (d c e a) (d c e a) (d c e a) (d c e a) (d c e a) (d c e a) (d c e a) (d c e a) c B b a (C D b b b a e))
A (e c c (d c e a) (d c e a) (d c e a) (d c e a) (d c e a) (d c e a) (d c e a) (d c e a) (d c e a) (d c e a) (d c e a) c B b a (C D b b b a e))
A (b c a (c a c) (d c e a) (d c e a) (d c e a) (d c e a) (d c e a) (d c e a) (d c e a) (d c e a) (d c e a) (d c e a) (d c e a) c B b a (C D b b b a e))
A (e c c (d c e a) (d c e a) (d c e a) (d c e a) (d c e a) (d c e a) (d c e a) (d c e a) (d c e a) (d c e a) (d c e a) (d c e a) c B b a (C D b b b a e))
A (b c a (c a c) (d c e a) (d c e a) (d c e a) (d c e a) (d c e a) (d c e a) (d c e a) (d c e a) (d c e a) (d c e a) (d c e a) (d c e a) c B b a (C D b b b a e))
A (e c c (d c e a) (d c e a) (d c e a) (d c e a) (d c e a) (d c e a) (d c e a) (d c e a) (d c e a) (d c e a) (d c e a) (d c e a) (d c e a) c B b a (C D b b b a e))
A (b c a (c a c) (d c e a) (d c e a) (d c e a) (d c e a) (d c e a) (d c e a) (d c e a) (d c e a) (d c e a) (d c e a) (d c e a) (d c e a) (d c e a) c B b a (C D b b b a e))
A (e c c (d c e a) (d c e a) (d c e a) (d c e a) (d c e a) (d c e a) (d c e a) (d c e a) (d c e a) (d c e a) (d c e a) (d c e a) (d c e a) (d c e a) c B b a (C D b b b a e))
A (b c a (c a c) (d c e a) (d c e a) (d c e a) (d c e a) (d c e a) (d c e a) (d c e a) (d c e a) (d c e a) (d c e a) (d c e a) (d c e a) (d c e a) (d c e a) c B b a (C D b b b a e))


