e g f i h = f c d
b g f h = a c f c c (a a)
c f = b (f (d e b a d))
d f h i g = c a a c (a c)
a f i g h = f h c b
main = A (b B) d c c (d b e d (a b e a) d)
------------------------------------------------------------
A (b B) d c c (d b e d (a b e a) d)
A (b B) d c c (c a a c (a c) d)
A (b B) d c c (b (a (d e b a d)) a c (a c) d)
A (b B) d c c (a c a c c (a a) (a c) d)
A (b B) d c c (c c c b (a a) (a c) d)
A (b B) d c c (b (c (d e b a d)) c b (a a) (a c) d)
A (b B) d c c (a c c c c (a a) (a a) (a c) d)
A (b B) d c c (c c c b (a a) (a a) (a c) d)
A (b B) d c c (b (c (d e b a d)) c b (a a) (a a) (a c) d)
A (b B) d c c (a c c c c (a a) (a a) (a a) (a c) d)
A (b B) d c c (c c c b (a a) (a a) (a a) (a c) d)
A (b B) d c c (b (c (d e b a d)) c b (a a) (a a) (a a) (a c) d)
A (b B) d c c (a c c c c (a a) (a a) (a a) (a a) (a c) d)
A (b B) d c c (c c c b (a a) (a a) (a a) (a a) (a c) d)
A (b B) d c c (b (c (d e b a d)) c b (a a) (a a) (a a) (a a) (a c) d)
A (b B) d c c (a c c c c (a a) (a a) (a a) (a a) (a a) (a c) d)
A (b B) d c c (c c c b (a a) (a a) (a a) (a a) (a a) (a c) d)
A (b B) d c c (b (c (d e b a d)) c b (a a) (a a) (a a) (a a) (a a) (a c) d)
A (b B) d c c (a c c c c (a a) (a a) (a a) (a a) (a a) (a a) (a c) d)
A (b B) d c c (c c c b (a a) (a a) (a a) (a a) (a a) (a a) (a c) d)
A (b B) d c c (b (c (d e b a d)) c b (a a) (a a) (a a) (a a) (a a) (a a) (a c) d)
A (b B) d c c (a c c c c (a a) (a a) (a a) (a a) (a a) (a a) (a a) (a c) d)
A (b B) d c c (c c c b (a a) (a a) (a a) (a a) (a a) (a a) (a a) (a c) d)
A (b B) d c c (b (c (d e b a d)) c b (a a) (a a) (a a) (a a) (a a) (a a) (a a) (a c) d)
A (b B) d c c (a c c c c (a a) (a a) (a a) (a a) (a a) (a a) (a a) (a a) (a c) d)
A (b B) d c c (c c c b (a a) (a a) (a a) (a a) (a a) (a a) (a a) (a a) (a c) d)
A (b B) d c c (b (c (d e b a d)) c b (a a) (a a) (a a) (a a) (a a) (a a) (a a) (a a) (a c) d)
A (b B) d c c (a c c c c (a a) (a a) (a a) (a a) (a a) (a a) (a a) (a a) (a a) (a c) d)
A (b B) d c c (c c c b (a a) (a a) (a a) (a a) (a a) (a a) (a a) (a a) (a a) (a c) d)
A (b B) d c c (b (c (d e b a d)) c b (a a) (a a) (a a) (a a) (a a) (a a) (a a) (a a) (a a) (a c) d)


