d i f h g c c h i h b h
main c a A a B d e C (D c (a b e d e))
b g h f i h c e (a c)
c f i g h d d h e
e g f h h a c
a g f d e c g
------------------------------------------------------------
c a A a B d e C (D c (a b e d e))
d d B e d e C (D c (a b e d e))
c c e d e b e e C (D c (a b e d e))
d d e e b e e C (D c (a b e d e))
c c e d e b e e e C (D c (a b e d e))
d d e e b e e e C (D c (a b e d e))
c c e d e b e e e e C (D c (a b e d e))
d d e e b e e e e C (D c (a b e d e))
c c e d e b e e e e e C (D c (a b e d e))
d d e e b e e e e e C (D c (a b e d e))
c c e d e b e e e e e e C (D c (a b e d e))
d d e e b e e e e e e C (D c (a b e d e))
c c e d e b e e e e e e e C (D c (a b e d e))
d d e e b e e e e e e e C (D c (a b e d e))
c c e d e b e e e e e e e e C (D c (a b e d e))
d d e e b e e e e e e e e C (D c (a b e d e))
c c e d e b e e e e e e e e e C (D c (a b e d e))
d d e e b e e e e e e e e e C (D c (a b e d e))
c c e d e b e e e e e e e e e e C (D c (a b e d e))
d d e e b e e e e e e e e e e C (D c (a b e d e))
c c e d e b e e e e e e e e e e e C (D c (a b e d e))
d d e e b e e e e e e e e e e e C (D c (a b e d e))
c c e d e b e e e e e e e e e e e e C (D c (a b e d e))
d d e e b e e e e e e e e e e e e C (D c (a b e d e))
c c e d e b e e e e e e e e e e e e e C (D c (a b e d e))
d d e e b e e e e e e e e e e e e e C (D c (a b e d e))
c c e d e b e e e e e e e e e e e e e e C (D c (a b e d e))
d d e e b e e e e e e e e e e e e e e C (D c (a b e d e))
c c e d e b e e e e e e e e e e e e e e e C (D c (a b e d e))
d d e e b e e e e e e e e e e e e e e e C (D c (a b e d e))


