e i h f g = b f a (d c)
main = e A B C c e d D E e a a (F a b)
a h g f i = c (d i c c f)
c h g i f = g a d a a d
b f h g i = e e a g d e
d i g f h = e a c a e
------------------------------------------------------------
e A B C c e d D E e a a (F a b)
b C a (d c) e d D E e a a (F a b)
e e a (d c) d e d D E e a a (F a b)
b (d c) a (d c) e d D E e a a (F a b)
e e a (d c) d e d D E e a a (F a b)
b (d c) a (d c) e d D E e a a (F a b)
e e a (d c) d e d D E e a a (F a b)
b (d c) a (d c) e d D E e a a (F a b)
e e a (d c) d e d D E e a a (F a b)
b (d c) a (d c) e d D E e a a (F a b)
e e a (d c) d e d D E e a a (F a b)
b (d c) a (d c) e d D E e a a (F a b)
e e a (d c) d e d D E e a a (F a b)
b (d c) a (d c) e d D E e a a (F a b)
e e a (d c) d e d D E e a a (F a b)
b (d c) a (d c) e d D E e a a (F a b)
e e a (d c) d e d D E e a a (F a b)
b (d c) a (d c) e d D E e a a (F a b)
e e a (d c) d e d D E e a a (F a b)
b (d c) a (d c) e d D E e a a (F a b)
e e a (d c) d e d D E e a a (F a b)
b (d c) a (d c) e d D E e a a (F a b)
e e a (d c) d e d D E e a a (F a b)
b (d c) a (d c) e d D E e a a (F a b)
e e a (d c) d e d D E e a a (F a b)
b (d c) a (d c) e d D E e a a (F a b)
e e a (d c) d e d D E e a a (F a b)
b (d c) a (d c) e d D E e a a (F a b)
e e a (d c) d e d D E e a a (F a b)
b (d c) a (d c) e d D E e a a (F a b)


