b g f = d c e d d e
a f g = e (d f d d)
d g f h = a h e b c a c
c g f h = b d a a d g d
e f = f (b (b c) f f b)
main = d A (B a d e a) d C b a e e b e
------------------------------------------------------------
d A (B a d e a) d C b a e e b e
a d e b c a c C b a e e b e
e (d d d d) b c a c C b a e e b e
d d d d (b (b c) (d d d d) (d d d d) b) b c a c C b a e e b e
a d e b c a c (b (b c) (d d d d) (d d d d) b) b c a c C b a e e b e
e (d d d d) b c a c (b (b c) (d d d d) (d d d d) b) b c a c C b a e e b e
d d d d (b (b c) (d d d d) (d d d d) b) b c a c (b (b c) (d d d d) (d d d d) b) b c a c C b a e e b e
a d e b c a c (b (b c) (d d d d) (d d d d) b) b c a c (b (b c) (d d d d) (d d d d) b) b c a c C b a e e b e
e (d d d d) b c a c (b (b c) (d d d d) (d d d d) b) b c a c (b (b c) (d d d d) (d d d d) b) b c a c C b a e e b e
d d d d (b (b c) (d d d d) (d d d d) b) b c a c (b (b c) (d d d d) (d d d d) b) b c a c (b (b c) (d d d d) (d d d d) b) b c a c C b a e e b e
a d e b c a c (b (b c) (d d d d) (d d d d) b) b c a c (b (b c) (d d d d) (d d d d) b) b c a c (b (b c) (d d d d) (d d d d) b) b c a c C b a e e b e
e (d d d d) b c a c (b (b c) (d d d d) (d d d d) b) b c a c (b (b c) (d d d d) (d d d d) b) b c a c (b (b c) (d d d d) (d d d d) b) b c a c C b a e e b e
d d d d (b (b c) (d d d d) (d d d d) b) b c a c (b (b c) (d d d d) (d d d d) b) b c a c (b (b c) (d d d d) (d d d d) b) b c a c (b (b c) (d d d d) (d d d d) b) b c a c C b a e e b e
a d e b c a c (b (b c) (d d d d) (d d d d) b) b c a c (b (b c) (d d d d) (d d d d) b) b c a c (b (b c) (d d d d) (d d d d) b) b c a c (b (b c) (d d d d) (d d d d) b) b c a c C b a e e b e
e (d d d d) b c a c (b (b c) (d d d d) (d d d d) b) b c a c (b (b c) (d d d d) (d d d d) b) b c a c (b (b c) (d d d d) (d d d d) b) b c a c (b (b c) (d d d d) (d d d d) b) b c a c C b a e e b e
d d d d (b (b c) (d d d d) (d d d d) b) b c a c (b (b c) (d d d d) (d d d d) b) b c a c (b (b c) (d d d d) (d d d d) b) b c a c (b (b c) (d d d d) (d d d d) b) b c a c (b (b c) (d d d d) (d d d d) b) b c a c C b a e e b e
a d e b c a c (b (b c) (d d d d) (d d d d) b) b c a c (b (b c) (d d d d) (d d d d) b) b c a c (b (b c) (d d d d) (d d d d) b) b c a c (b (b c) (d d d d) (d d d d) b) b c a c (b (b c) (d d d d) (d d d d) b) b c a c C b a e e b e
e (d d d d) b c a c (b (b c) (d d d d) (d d d d) b) b c a c (b (b c) (d d d d) (d d d d) b) b c a c (b (b c) (d d d d) (d d d d) b) b c a c (b (b c) (d d d d) (d d d d) b) b c a c (b (b c) (d d d d) (d d d d) b) b c a c C b a e e b e
d d d d (b (b c) (d d d d) (d d d d) b) b c a c (b (b c) (d d d d) (d d d d) b) b c a c (b (b c) (d d d d) (d d d d) b) b c a c (b (b c) (d d d d) (d d d d) b) b c a c (b (b c) (d d d d) (d d d d) b) b c a c (b (b c) (d d d d) (d d d d) b) b c a c C b a e e b e
a d e b c a c (b (b c) (d d d d) (d d d d) b) b c a c (b (b c) (d d d d) (d d d d) b) b c a c (b (b c) (d d d d) (d d d d) b) b c a c (b (b c) (d d d d) (d d d d) b) b c a c (b (b c) (d d d d) (d d d d) b) b c a c (b (b c) (d d d d) (d d d d) b) b c a c C b a e e b e
e (d d d d) b c a c (b (b c) (d d d d) (d d d d) b) b c a c (b (b c) (d d d d) (d d d d) b) b c a c (b (b c) (d d d d) (d d d d) b) b c a c (b (b c) (d d d d) (d d d d) b) b c a c (b (b c) (d d d d) (d d d d) b) b c a c (b (b c) (d d d d) (d d d d) b) b c a c C b a e e b e
d d d d (b (b c) (d d d d) (d d d d) b) b c a c (b (b c) (d d d d) (d d d d) b) b c a c (b (b c) (d d d d) (d d d d) b) b c a c (b (b c) (d d d d) (d d d d) b) b c a c (b (b c) (d d d d) (d d d d) b) b c a c (b (b c) (d d d d) (d d d d) b) b c a c (b (b c) (d d d d) (d d d d) b) b c a c C b a e e b e
a d e b c a c (b (b c) (d d d d) (d d d d) b) b c a c (b (b c) (d d d d) (d d d d) b) b c a c (b (b c) (d d d d) (d d d d) b) b c a c (b (b c) (d d d d) (d d d d) b) b c a c (b (b c) (d d d d) (d d d d) b) b c a c (b (b c) (d d d d) (d d d d) b) b c a c (b (b c) (d d d d) (d d d d) b) b c a c C b a e e b e
e (d d d d) b c a c (b (b c) (d d d d) (d d d d) b) b c a c (b (b c) (d d d d) (d d d d) b) b c a c (b (b c) (d d d d) (d d d d) b) b c a c (b (b c) (d d d d) (d d d d) b) b c a c (b (b c) (d d d d) (d d d d) b) b c a c (b (b c) (d d d d) (d d d d) b) b c a c (b (b c) (d d d d) (d d d d) b) b c a c C b a e e b e
d d d d (b (b c) (d d d d) (d d d d) b) b c a c (b (b c) (d d d d) (d d d d) b) b c a c (b (b c) (d d d d) (d d d d) b) b c a c (b (b c) (d d d d) (d d d d) b) b c a c (b (b c) (d d d d) (d d d d) b) b c a c (b (b c) (d d d d) (d d d d) b) b c a c (b (b c) (d d d d) (d d d d) b) b c a c (b (b c) (d d d d) (d d d d) b) b c a c C b a e e b e
a d e b c a c (b (b c) (d d d d) (d d d d) b) b c a c (b (b c) (d d d d) (d d d d) b) b c a c (b (b c) (d d d d) (d d d d) b) b c a c (b (b c) (d d d d) (d d d d) b) b c a c (b (b c) (d d d d) (d d d d) b) b c a c (b (b c) (d d d d) (d d d d) b) b c a c (b (b c) (d d d d) (d d d d) b) b c a c (b (b c) (d d d d) (d d d d) b) b c a c C b a e e b e
e (d d d d) b c a c (b (b c) (d d d d) (d d d d) b) b c a c (b (b c) (d d d d) (d d d d) b) b c a c (b (b c) (d d d d) (d d d d) b) b c a c (b (b c) (d d d d) (d d d d) b) b c a c (b (b c) (d d d d) (d d d d) b) b c a c (b (b c) (d d d d) (d d d d) b) b c a c (b (b c) (d d d d) (d d d d) b) b c a c (b (b c) (d d d d) (d d d d) b) b c a c C b a e e b e
d d d d (b (b c) (d d d d) (d d d d) b) b c a c (b (b c) (d d d d) (d d d d) b) b c a c (b (b c) (d d d d) (d d d d) b) b c a c (b (b c) (d d d d) (d d d d) b) b c a c (b (b c) (d d d d) (d d d d) b) b c a c (b (b c) (d d d d) (d d d d) b) b c a c (b (b c) (d d d d) (d d d d) b) b c a c (b (b c) (d d d d) (d d d d) b) b c a c (b (b c) (d d d d) (d d d d) b) b c a c C b a e e b e
a d e b c a c (b (b c) (d d d d) (d d d d) b) b c a c (b (b c) (d d d d) (d d d d) b) b c a c (b (b c) (d d d d) (d d d d) b) b c a c (b (b c) (d d d d) (d d d d) b) b c a c (b (b c) (d d d d) (d d d d) b) b c a c (b (b c) (d d d d) (d d d d) b) b c a c (b (b c) (d d d d) (d d d d) b) b c a c (b (b c) (d d d d) (d d d d) b) b c a c (b (b c) (d d d d) (d d d d) b) b c a c C b a e e b e
e (d d d d) b c a c (b (b c) (d d d d) (d d d d) b) b c a c (b (b c) (d d d d) (d d d d) b) b c a c (b (b c) (d d d d) (d d d d) b) b c a c (b (b c) (d d d d) (d d d d) b) b c a c (b (b c) (d d d d) (d d d d) b) b c a c (b (b c) (d d d d) (d d d d) b) b c a c (b (b c) (d d d d) (d d d d) b) b c a c (b (b c) (d d d d) (d d d d) b) b c a c (b (b c) (d d d d) (d d d d) b) b c a c C b a e e b e


