c f b b f e b b
main e b A c (B e b a b d (a d e b d))
b h g f c a (c (e d h))
e i f h g i d (h d) c c g
a g i f h c (b i e i)
d f g h g g f e
------------------------------------------------------------
e b A c (B e b a b d (a d e b d))
b d (c d) c c (B e b a b d (a d e b d))
c a (c (e d d)) c (B e b a b d (a d e b d))
b b a e b b (c (e d d)) c (B e b a b d (a d e b d))
c a (c (e d b)) b b (c (e d d)) c (B e b a b d (a d e b d))
b b a e b b (c (e d b)) b b (c (e d d)) c (B e b a b d (a d e b d))
c a (c (e d b)) b b (c (e d b)) b b (c (e d d)) c (B e b a b d (a d e b d))
b b a e b b (c (e d b)) b b (c (e d b)) b b (c (e d d)) c (B e b a b d (a d e b d))
c a (c (e d b)) b b (c (e d b)) b b (c (e d b)) b b (c (e d d)) c (B e b a b d (a d e b d))
b b a e b b (c (e d b)) b b (c (e d b)) b b (c (e d b)) b b (c (e d d)) c (B e b a b d (a d e b d))
c a (c (e d b)) b b (c (e d b)) b b (c (e d b)) b b (c (e d b)) b b (c (e d d)) c (B e b a b d (a d e b d))
b b a e b b (c (e d b)) b b (c (e d b)) b b (c (e d b)) b b (c (e d b)) b b (c (e d d)) c (B e b a b d (a d e b d))
c a (c (e d b)) b b (c (e d b)) b b (c (e d b)) b b (c (e d b)) b b (c (e d b)) b b (c (e d d)) c (B e b a b d (a d e b d))
b b a e b b (c (e d b)) b b (c (e d b)) b b (c (e d b)) b b (c (e d b)) b b (c (e d b)) b b (c (e d d)) c (B e b a b d (a d e b d))
c a (c (e d b)) b b (c (e d b)) b b (c (e d b)) b b (c (e d b)) b b (c (e d b)) b b (c (e d b)) b b (c (e d d)) c (B e b a b d (a d e b d))
b b a e b b (c (e d b)) b b (c (e d b)) b b (c (e d b)) b b (c (e d b)) b b (c (e d b)) b b (c (e d b)) b b (c (e d d)) c (B e b a b d (a d e b d))
c a (c (e d b)) b b (c (e d b)) b b (c (e d b)) b b (c (e d b)) b b (c (e d b)) b b (c (e d b)) b b (c (e d b)) b b (c (e d d)) c (B e b a b d (a d e b d))
b b a e b b (c (e d b)) b b (c (e d b)) b b (c (e d b)) b b (c (e d b)) b b (c (e d b)) b b (c (e d b)) b b (c (e d b)) b b (c (e d d)) c (B e b a b d (a d e b d))
c a (c (e d b)) b b (c (e d b)) b b (c (e d b)) b b (c (e d b)) b b (c (e d b)) b b (c (e d b)) b b (c (e d b)) b b (c (e d b)) b b (c (e d d)) c (B e b a b d (a d e b d))
b b a e b b (c (e d b)) b b (c (e d b)) b b (c (e d b)) b b (c (e d b)) b b (c (e d b)) b b (c (e d b)) b b (c (e d b)) b b (c (e d b)) b b (c (e d d)) c (B e b a b d (a d e b d))
c a (c (e d b)) b b (c (e d b)) b b (c (e d b)) b b (c (e d b)) b b (c (e d b)) b b (c (e d b)) b b (c (e d b)) b b (c (e d b)) b b (c (e d b)) b b (c (e d d)) c (B e b a b d (a d e b d))
b b a e b b (c (e d b)) b b (c (e d b)) b b (c (e d b)) b b (c (e d b)) b b (c (e d b)) b b (c (e d b)) b b (c (e d b)) b b (c (e d b)) b b (c (e d b)) b b (c (e d d)) c (B e b a b d (a d e b d))
c a (c (e d b)) b b (c (e d b)) b b (c (e d b)) b b (c (e d b)) b b (c (e d b)) b b (c (e d b)) b b (c (e d b)) b b (c (e d b)) b b (c (e d b)) b b (c (e d b)) b b (c (e d d)) c (B e b a b d (a d e b d))
b b a e b b (c (e d b)) b b (c (e d b)) b b (c (e d b)) b b (c (e d b)) b b (c (e d b)) b b (c (e d b)) b b (c (e d b)) b b (c (e d b)) b b (c (e d b)) b b (c (e d b)) b b (c (e d d)) c (B e b a b d (a d e b d))
c a (c (e d b)) b b (c (e d b)) b b (c (e d b)) b b (c (e d b)) b b (c (e d b)) b b (c (e d b)) b b (c (e d b)) b b (c (e d b)) b b (c (e d b)) b b (c (e d b)) b b (c (e d b)) b b (c (e d d)) c (B e b a b d (a d e b d))
b b a e b b (c (e d b)) b b (c (e d b)) b b (c (e d b)) b b (c (e d b)) b b (c (e d b)) b b (c (e d b)) b b (c (e d b)) b b (c (e d b)) b b (c (e d b)) b b (c (e d b)) b b (c (e d b)) b b (c (e d d)) c (B e b a b d (a d e b d))
c a (c (e d b)) b b (c (e d b)) b b (c (e d b)) b b (c (e d b)) b b (c (e d b)) b b (c (e d b)) b b (c (e d b)) b b (c (e d b)) b b (c (e d b)) b b (c (e d b)) b b (c (e d b)) b b (c (e d b)) b b (c (e d d)) c (B e b a b d (a d e b d))
b b a e b b (c (e d b)) b b (c (e d b)) b b (c (e d b)) b b (c (e d b)) b b (c (e d b)) b b (c (e d b)) b b (c (e d b)) b b (c (e d b)) b b (c (e d b)) b b (c (e d b)) b b (c (e d b)) b b (c (e d b)) b b (c (e d d)) c (B e b a b d (a d e b d))
c a (c (e d b)) b b (c (e d b)) b b (c (e d b)) b b (c (e d b)) b b (c (e d b)) b b (c (e d b)) b b (c (e d b)) b b (c (e d b)) b b (c (e d b)) b b (c (e d b)) b b (c (e d b)) b b (c (e d b)) b b (c (e d b)) b b (c (e d d)) c (B e b a b d (a d e b d))
b b a e b b (c (e d b)) b b (c (e d b)) b b (c (e d b)) b b (c (e d b)) b b (c (e d b)) b b (c (e d b)) b b (c (e d b)) b b (c (e d b)) b b (c (e d b)) b b (c (e d b)) b b (c (e d b)) b b (c (e d b)) b b (c (e d b)) b b (c (e d d)) c (B e b a b d (a d e b d))


