c f a a f a d
d g f g a f b
e g f h b d (f a b d)
a i h f g c c (d (e d) e)
main c a A (B e) (C D b) E F G e a H b
b h i f g e a i (c a d)
------------------------------------------------------------
c a A (B e) (C D b) E F G e a H b
a a a a d A (B e) (C D b) E F G e a H b
c c (d (e d) e) A (B e) (C D b) E F G e a H b
a a c a d (d (e d) e) A (B e) (C D b) E F G e a H b
c c (d (e d) e) (d (e d) e) A (B e) (C D b) E F G e a H b
a a c a d (d (e d) e) (d (e d) e) A (B e) (C D b) E F G e a H b
c c (d (e d) e) (d (e d) e) (d (e d) e) A (B e) (C D b) E F G e a H b
a a c a d (d (e d) e) (d (e d) e) (d (e d) e) A (B e) (C D b) E F G e a H b
c c (d (e d) e) (d (e d) e) (d (e d) e) (d (e d) e) A (B e) (C D b) E F G e a H b
a a c a d (d (e d) e) (d (e d) e) (d (e d) e) (d (e d) e) A (B e) (C D b) E F G e a H b
c c (d (e d) e) (d (e d) e) (d (e d) e) (d (e d) e) (d (e d) e) A (B e) (C D b) E F G e a H b
a a c a d (d (e d) e) (d (e d) e) (d (e d) e) (d (e d) e) (d (e d) e) A (B e) (C D b) E F G e a H b
c c (d (e d) e) (d (e d) e) (d (e d) e) (d (e d) e) (d (e d) e) (d (e d) e) A (B e) (C D b) E F G e a H b
a a c a d (d (e d) e) (d (e d) e) (d (e d) e) (d (e d) e) (d (e d) e) (d (e d) e) A (B e) (C D b) E F G e a H b
c c (d (e d) e) (d (e d) e) (d (e d) e) (d (e d) e) (d (e d) e) (d (e d) e) (d (e d) e) A (B e) (C D b) E F G e a H b
a a c a d (d (e d) e) (d (e d) e) (d (e d) e) (d (e d) e) (d (e d) e) (d (e d) e) (d (e d) e) A (B e) (C D b) E F G e a H b
c c (d (e d) e) (d (e d) e) (d (e d) e) (d (e d) e) (d (e d) e) (d (e d) e) (d (e d) e) (d (e d) e) A (B e) (C D b) E F G e a H b
a a c a d (d (e d) e) (d (e d) e) (d (e d) e) (d (e d) e) (d (e d) e) (d (e d) e) (d (e d) e) (d (e d) e) A (B e) (C D b) E F G e a H b
c c (d (e d) e) (d (e d) e) (d (e d) e) (d (e d) e) (d (e d) e) (d (e d) e) (d (e d) e) (d (e d) e) (d (e d) e) A (B e) (C D b) E F G e a H b
a a c a d (d (e d) e) (d (e d) e) (d (e d) e) (d (e d) e) (d (e d) e) (d (e d) e) (d (e d) e) (d (e d) e) (d (e d) e) A (B e) (C D b) E F G e a H b
c c (d (e d) e) (d (e d) e) (d (e d) e) (d (e d) e) (d (e d) e) (d (e d) e) (d (e d) e) (d (e d) e) (d (e d) e) (d (e d) e) A (B e) (C D b) E F G e a H b
a a c a d (d (e d) e) (d (e d) e) (d (e d) e) (d (e d) e) (d (e d) e) (d (e d) e) (d (e d) e) (d (e d) e) (d (e d) e) (d (e d) e) A (B e) (C D b) E F G e a H b
c c (d (e d) e) (d (e d) e) (d (e d) e) (d (e d) e) (d (e d) e) (d (e d) e) (d (e d) e) (d (e d) e) (d (e d) e) (d (e d) e) (d (e d) e) A (B e) (C D b) E F G e a H b
a a c a d (d (e d) e) (d (e d) e) (d (e d) e) (d (e d) e) (d (e d) e) (d (e d) e) (d (e d) e) (d (e d) e) (d (e d) e) (d (e d) e) (d (e d) e) A (B e) (C D b) E F G e a H b
c c (d (e d) e) (d (e d) e) (d (e d) e) (d (e d) e) (d (e d) e) (d (e d) e) (d (e d) e) (d (e d) e) (d (e d) e) (d (e d) e) (d (e d) e) (d (e d) e) A (B e) (C D b) E F G e a H b
a a c a d (d (e d) e) (d (e d) e) (d (e d) e) (d (e d) e) (d (e d) e) (d (e d) e) (d (e d) e) (d (e d) e) (d (e d) e) (d (e d) e) (d (e d) e) (d (e d) e) A (B e) (C D b) E F G e a H b
c c (d (e d) e) (d (e d) e) (d (e d) e) (d (e d) e) (d (e d) e) (d (e d) e) (d (e d) e) (d (e d) e) (d (e d) e) (d (e d) e) (d (e d) e) (d (e d) e) (d (e d) e) A (B e) (C D b) E F G e a H b
a a c a d (d (e d) e) (d (e d) e) (d (e d) e) (d (e d) e) (d (e d) e) (d (e d) e) (d (e d) e) (d (e d) e) (d (e d) e) (d (e d) e) (d (e d) e) (d (e d) e) (d (e d) e) A (B e) (C D b) E F G e a H b
c c (d (e d) e) (d (e d) e) (d (e d) e) (d (e d) e) (d (e d) e) (d (e d) e) (d (e d) e) (d (e d) e) (d (e d) e) (d (e d) e) (d (e d) e) (d (e d) e) (d (e d) e) (d (e d) e) A (B e) (C D b) E F G e a H b
a a c a d (d (e d) e) (d (e d) e) (d (e d) e) (d (e d) e) (d (e d) e) (d (e d) e) (d (e d) e) (d (e d) e) (d (e d) e) (d (e d) e) (d (e d) e) (d (e d) e) (d (e d) e) (d (e d) e) A (B e) (C D b) E F G e a H b


