b h f g = g c d (h a)
d h i g f = i (e b) a
main = A (e (c a B d d d c e a C d D a))
c g i h f = a d b
a f g = g g e g c d
e g f = b b a
------------------------------------------------------------
A (e (c a B d d d c e a C d D a))
A (e (a d b d c e a C d D a))
A (e (b b e b c d d c e a C d D a))
A (e (b c d (b a) c d d c e a C d D a))
A (e (b a c d (c a) c d d c e a C d D a))
A (e (d c d (a a) (c a) c d d c e a C d D a))
A (e (d (e b) a c d d c e a C d D a))
A (e (a (e b) a d c e a C d D a))
A (e (a a e a c d d c e a C d D a))
A (e (e e e e c d a c d d c e a C d D a))
A (e (b b a e c d a c d d c e a C d D a))
A (e (e c d (b a) c d a c d d c e a C d D a))
A (e (b b a (b a) c d a c d d c e a C d D a))
A (e (b a c d (b a) c d a c d d c e a C d D a))
A (e (d c d (a a) (b a) c d a c d d c e a C d D a))
A (e (d (e b) a c d a c d d c e a C d D a))
A (e (a (e b) a a c d d c e a C d D a))
A (e (a a e a c d a c d d c e a C d D a))
A (e (e e e e c d a c d a c d d c e a C d D a))
A (e (b b a e c d a c d a c d d c e a C d D a))
A (e (e c d (b a) c d a c d a c d d c e a C d D a))
A (e (b b a (b a) c d a c d a c d d c e a C d D a))
A (e (b a c d (b a) c d a c d a c d d c e a C d D a))
A (e (d c d (a a) (b a) c d a c d a c d d c e a C d D a))
A (e (d (e b) a c d a c d a c d d c e a C d D a))
A (e (a (e b) a a c d a c d d c e a C d D a))
A (e (a a e a c d a c d a c d d c e a C d D a))
A (e (e e e e c d a c d a c d a c d d c e a C d D a))
A (e (b b a e c d a c d a c d a c d d c e a C d D a))
A (e (e c d (b a) c d a c d a c d a c d d c e a C d D a))


