a f g h = d (e g) e (f d f)
main = A B a a e e (e b c a b C) D E F
e i g h f = b h i h a a
d f h i g = b b e
c g f h = e g e d d (b d)
b f g h = a e d a e (a c)
------------------------------------------------------------
A B a a e e (e b c a b C) D E F
A B a a e e (b a b a a a C) D E F
A B a a e e (a e d a e (a c) a a C) D E F
A B a a e e (d (e d) e (e d e) e (a c) a a C) D E F
A B a a e e (b b e (a c) a a C) D E F
A B a a e e (a e d a e (a c) a a C) D E F
A B a a e e (d (e d) e (e d e) e (a c) a a C) D E F
A B a a e e (b b e (a c) a a C) D E F
A B a a e e (a e d a e (a c) a a C) D E F
A B a a e e (d (e d) e (e d e) e (a c) a a C) D E F
A B a a e e (b b e (a c) a a C) D E F
A B a a e e (a e d a e (a c) a a C) D E F
A B a a e e (d (e d) e (e d e) e (a c) a a C) D E F
A B a a e e (b b e (a c) a a C) D E F
A B a a e e (a e d a e (a c) a a C) D E F
A B a a e e (d (e d) e (e d e) e (a c) a a C) D E F
A B a a e e (b b e (a c) a a C) D E F
A B a a e e (a e d a e (a c) a a C) D E F
A B a a e e (d (e d) e (e d e) e (a c) a a C) D E F
A B a a e e (b b e (a c) a a C) D E F
A B a a e e (a e d a e (a c) a a C) D E F
A B a a e e (d (e d) e (e d e) e (a c) a a C) D E F
A B a a e e (b b e (a c) a a C) D E F
A B a a e e (a e d a e (a c) a a C) D E F
A B a a e e (d (e d) e (e d e) e (a c) a a C) D E F
A B a a e e (b b e (a c) a a C) D E F
A B a a e e (a e d a e (a c) a a C) D E F
A B a a e e (d (e d) e (e d e) e (a c) a a C) D E F
A B a a e e (b b e (a c) a a C) D E F
A B a a e e (a e d a e (a c) a a C) D E F


