e f i g h = c f (b d a)
main = c a e e a (b c A B c c e C D) e
d g f h = e f g c e b b
a f = c f f
c i h f g = d e h (b e f)
b i g h f = d f e d g f
------------------------------------------------------------
c a e e a (b c A B c c e C D) e
d e e (b e e) (b c A B c c e C D) e
e e e c e b b (b c A B c c e C D) e
c e (b d a) b b (b c A B c c e C D) e
d e (b d a) (b e b) (b c A B c c e C D) e
e (b d a) e c e b b (b c A B c c e C D) e
c (b d a) (b d a) b b (b c A B c c e C D) e
d e (b d a) (b e b) (b c A B c c e C D) e
e (b d a) e c e b b (b c A B c c e C D) e
c (b d a) (b d a) b b (b c A B c c e C D) e
d e (b d a) (b e b) (b c A B c c e C D) e
e (b d a) e c e b b (b c A B c c e C D) e
c (b d a) (b d a) b b (b c A B c c e C D) e
d e (b d a) (b e b) (b c A B c c e C D) e
e (b d a) e c e b b (b c A B c c e C D) e
c (b d a) (b d a) b b (b c A B c c e C D) e
d e (b d a) (b e b) (b c A B c c e C D) e
e (b d a) e c e b b (b c A B c c e C D) e
c (b d a) (b d a) b b (b c A B c c e C D) e
d e (b d a) (b e b) (b c A B c c e C D) e
e (b d a) e c e b b (b c A B c c e C D) e
c (b d a) (b d a) b b (b c A B c c e C D) e
d e (b d a) (b e b) (b c A B c c e C D) e
e (b d a) e c e b b (b c A B c c e C D) e
c (b d a) (b d a) b b (b c A B c c e C D) e
d e (b d a) (b e b) (b c A B c c e C D) e
e (b d a) e c e b b (b c A B c c e C D) e
c (b d a) (b d a) b b (b c A B c c e C D) e
d e (b d a) (b e b) (b c A B c c e C D) e
e (b d a) e c e b b (b c A B c c e C D) e


