b g h f = a a (d e g c)
c f g h = a b e f (b e a)
d f g h = b c e h a
main = b c A e (e (B (e (d C b c D b) E F)))
e h i f g = a b (d a a c)
a i h f g = c e g
------------------------------------------------------------
b c A e (e (B (e (d C b c D b) E F)))
a a (d e c c) (e (B (e (d C b c D b) E F)))
a a (b c e c a) (e (B (e (d C b c D b) E F)))
a a (a a (d e c c) a) (e (B (e (d C b c D b) E F)))
a a (a a (b c e c a) a) (e (B (e (d C b c D b) E F)))
a a (a a (a a (d e c c) a) a) (e (B (e (d C b c D b) E F)))
a a (a a (a a (b c e c a) a) a) (e (B (e (d C b c D b) E F)))
a a (a a (a a (a a (d e c c) a) a) a) (e (B (e (d C b c D b) E F)))
a a (a a (a a (a a (b c e c a) a) a) a) (e (B (e (d C b c D b) E F)))
a a (a a (a a (a a (a a (d e c c) a) a) a) a) (e (B (e (d C b c D b) E F)))
a a (a a (a a (a a (a a (b c e c a) a) a) a) a) (e (B (e (d C b c D b) E F)))
a a (a a (a a (a a (a a (a a (d e c c) a) a) a) a) a) (e (B (e (d C b c D b) E F)))
a a (a a (a a (a a (a a (a a (b c e c a) a) a) a) a) a) (e (B (e (d C b c D b) E F)))
a a (a a (a a (a a (a a (a a (a a (d e c c) a) a) a) a) a) a) (e (B (e (d C b c D b) E F)))
a a (a a (a a (a a (a a (a a (a a (b c e c a) a) a) a) a) a) a) (e (B (e (d C b c D b) E F)))
a a (a a (a a (a a (a a (a a (a a (a a (d e c c) a) a) a) a) a) a) a) (e (B (e (d C b c D b) E F)))
a a (a a (a a (a a (a a (a a (a a (a a (b c e c a) a) a) a) a) a) a) a) (e (B (e (d C b c D b) E F)))
a a (a a (a a (a a (a a (a a (a a (a a (a a (d e c c) a) a) a) a) a) a) a) a) (e (B (e (d C b c D b) E F)))
a a (a a (a a (a a (a a (a a (a a (a a (a a (b c e c a) a) a) a) a) a) a) a) a) (e (B (e (d C b c D b) E F)))
a a (a a (a a (a a (a a (a a (a a (a a (a a (a a (d e c c) a) a) a) a) a) a) a) a) a) (e (B (e (d C b c D b) E F)))
a a (a a (a a (a a (a a (a a (a a (a a (a a (a a (b c e c a) a) a) a) a) a) a) a) a) a) (e (B (e (d C b c D b) E F)))
a a (a a (a a (a a (a a (a a (a a (a a (a a (a a (a a (d e c c) a) a) a) a) a) a) a) a) a) a) (e (B (e (d C b c D b) E F)))
a a (a a (a a (a a (a a (a a (a a (a a (a a (a a (a a (b c e c a) a) a) a) a) a) a) a) a) a) a) (e (B (e (d C b c D b) E F)))
a a (a a (a a (a a (a a (a a (a a (a a (a a (a a (a a (a a (d e c c) a) a) a) a) a) a) a) a) a) a) a) (e (B (e (d C b c D b) E F)))
a a (a a (a a (a a (a a (a a (a a (a a (a a (a a (a a (a a (b c e c a) a) a) a) a) a) a) a) a) a) a) a) (e (B (e (d C b c D b) E F)))
a a (a a (a a (a a (a a (a a (a a (a a (a a (a a (a a (a a (a a (d e c c) a) a) a) a) a) a) a) a) a) a) a) a) (e (B (e (d C b c D b) E F)))
a a (a a (a a (a a (a a (a a (a a (a a (a a (a a (a a (a a (a a (b c e c a) a) a) a) a) a) a) a) a) a) a) a) a) (e (B (e (d C b c D b) E F)))
a a (a a (a a (a a (a a (a a (a a (a a (a a (a a (a a (a a (a a (a a (d e c c) a) a) a) a) a) a) a) a) a) a) a) a) a) (e (B (e (d C b c D b) E F)))
a a (a a (a a (a a (a a (a a (a a (a a (a a (a a (a a (a a (a a (a a (b c e c a) a) a) a) a) a) a) a) a) a) a) a) a) a) (e (B (e (d C b c D b) E F)))
a a (a a (a a (a a (a a (a a (a a (a a (a a (a a (a a (a a (a a (a a (a a (d e c c) a) a) a) a) a) a) a) a) a) a) a) a) a) a) (e (B (e (d C b c D b) E F)))


