d h f g = e f a e f (a b)
e g h f = c a a f a d c
main = A B a (d b e a e (e b c C d d) a)
a g h i f = c (b e i)
c h i g f = d e (d (e b d))
b g h f i = h c c h c d a
------------------------------------------------------------
A B a (d b e a e (e b c C d d) a)
A B a (e e a e e (a b) e (e b c C d d) a)
A B a (c a a e a d c e (a b) e (e b c C d d) a)
A B a (d e (d (e b d)) d c e (a b) e (e b c C d d) a)
A B a (e (d (e b d)) a e (d (e b d)) (a b) c e (a b) e (e b c C d d) a)
A B a (c a a e a d c (d (e b d)) (a b) c e (a b) e (e b c C d d) a)
A B a (d e (d (e b d)) d c (d (e b d)) (a b) c e (a b) e (e b c C d d) a)
A B a (e (d (e b d)) a e (d (e b d)) (a b) c (d (e b d)) (a b) c e (a b) e (e b c C d d) a)
A B a (c a a e a d c (d (e b d)) (a b) c (d (e b d)) (a b) c e (a b) e (e b c C d d) a)
A B a (d e (d (e b d)) d c (d (e b d)) (a b) c (d (e b d)) (a b) c e (a b) e (e b c C d d) a)
A B a (e (d (e b d)) a e (d (e b d)) (a b) c (d (e b d)) (a b) c (d (e b d)) (a b) c e (a b) e (e b c C d d) a)
A B a (c a a e a d c (d (e b d)) (a b) c (d (e b d)) (a b) c (d (e b d)) (a b) c e (a b) e (e b c C d d) a)
A B a (d e (d (e b d)) d c (d (e b d)) (a b) c (d (e b d)) (a b) c (d (e b d)) (a b) c e (a b) e (e b c C d d) a)
A B a (e (d (e b d)) a e (d (e b d)) (a b) c (d (e b d)) (a b) c (d (e b d)) (a b) c (d (e b d)) (a b) c e (a b) e (e b c C d d) a)
A B a (c a a e a d c (d (e b d)) (a b) c (d (e b d)) (a b) c (d (e b d)) (a b) c (d (e b d)) (a b) c e (a b) e (e b c C d d) a)
A B a (d e (d (e b d)) d c (d (e b d)) (a b) c (d (e b d)) (a b) c (d (e b d)) (a b) c (d (e b d)) (a b) c e (a b) e (e b c C d d) a)
A B a (e (d (e b d)) a e (d (e b d)) (a b) c (d (e b d)) (a b) c (d (e b d)) (a b) c (d (e b d)) (a b) c (d (e b d)) (a b) c e (a b) e (e b c C d d) a)
A B a (c a a e a d c (d (e b d)) (a b) c (d (e b d)) (a b) c (d (e b d)) (a b) c (d (e b d)) (a b) c (d (e b d)) (a b) c e (a b) e (e b c C d d) a)
A B a (d e (d (e b d)) d c (d (e b d)) (a b) c (d (e b d)) (a b) c (d (e b d)) (a b) c (d (e b d)) (a b) c (d (e b d)) (a b) c e (a b) e (e b c C d d) a)
A B a (e (d (e b d)) a e (d (e b d)) (a b) c (d (e b d)) (a b) c (d (e b d)) (a b) c (d (e b d)) (a b) c (d (e b d)) (a b) c (d (e b d)) (a b) c e (a b) e (e b c C d d) a)
A B a (c a a e a d c (d (e b d)) (a b) c (d (e b d)) (a b) c (d (e b d)) (a b) c (d (e b d)) (a b) c (d (e b d)) (a b) c (d (e b d)) (a b) c e (a b) e (e b c C d d) a)
A B a (d e (d (e b d)) d c (d (e b d)) (a b) c (d (e b d)) (a b) c (d (e b d)) (a b) c (d (e b d)) (a b) c (d (e b d)) (a b) c (d (e b d)) (a b) c e (a b) e (e b c C d d) a)
A B a (e (d (e b d)) a e (d (e b d)) (a b) c (d (e b d)) (a b) c (d (e b d)) (a b) c (d (e b d)) (a b) c (d (e b d)) (a b) c (d (e b d)) (a b) c (d (e b d)) (a b) c e (a b) e (e b c C d d) a)
A B a (c a a e a d c (d (e b d)) (a b) c (d (e b d)) (a b) c (d (e b d)) (a b) c (d (e b d)) (a b) c (d (e b d)) (a b) c (d (e b d)) (a b) c (d (e b d)) (a b) c e (a b) e (e b c C d d) a)
A B a (d e (d (e b d)) d c (d (e b d)) (a b) c (d (e b d)) (a b) c (d (e b d)) (a b) c (d (e b d)) (a b) c (d (e b d)) (a b) c (d (e b d)) (a b) c (d (e b d)) (a b) c e (a b) e (e b c C d d) a)
A B a (e (d (e b d)) a e (d (e b d)) (a b) c (d (e b d)) (a b) c (d (e b d)) (a b) c (d (e b d)) (a b) c (d (e b d)) (a b) c (d (e b d)) (a b) c (d (e b d)) (a b) c (d (e b d)) (a b) c e (a b) e (e b c C d d) a)
A B a (c a a e a d c (d (e b d)) (a b) c (d (e b d)) (a b) c (d (e b d)) (a b) c (d (e b d)) (a b) c (d (e b d)) (a b) c (d (e b d)) (a b) c (d (e b d)) (a b) c (d (e b d)) (a b) c e (a b) e (e b c C d d) a)
A B a (d e (d (e b d)) d c (d (e b d)) (a b) c (d (e b d)) (a b) c (d (e b d)) (a b) c (d (e b d)) (a b) c (d (e b d)) (a b) c (d (e b d)) (a b) c (d (e b d)) (a b) c (d (e b d)) (a b) c e (a b) e (e b c C d d) a)
A B a (e (d (e b d)) a e (d (e b d)) (a b) c (d (e b d)) (a b) c (d (e b d)) (a b) c (d (e b d)) (a b) c (d (e b d)) (a b) c (d (e b d)) (a b) c (d (e b d)) (a b) c (d (e b d)) (a b) c (d (e b d)) (a b) c e (a b) e (e b c C d d) a)
A B a (c a a e a d c (d (e b d)) (a b) c (d (e b d)) (a b) c (d (e b d)) (a b) c (d (e b d)) (a b) c (d (e b d)) (a b) c (d (e b d)) (a b) c (d (e b d)) (a b) c (d (e b d)) (a b) c (d (e b d)) (a b) c e (a b) e (e b c C d d) a)


