d h g f i = b e b e
main = a e a c a d A c (B (e e a c) b) C
e f h g = c g (g c a f d)
c h f i g = i e
b g f = f g d c a f
a g h i f = h c b e d e
------------------------------------------------------------
a e a c a d A c (B (e e a c) b) C
a c b e d e d A c (B (e e a c) b) C
b c b e d e e d A c (B (e e a c) b) C
b c d c a b e d e e d A c (B (e e a c) b) C
d c d c a d c a b e d e e d A c (B (e e a c) b) C
b e b e d c a b e d e e d A c (B (e e a c) b) C
b e d c a b e d c a b e d e e d A c (B (e e a c) b) C
d e d c a d c a b e d c a b e d e e d A c (B (e e a c) b) C
b e b e d c a b e d c a b e d e e d A c (B (e e a c) b) C
b e d c a b e d c a b e d c a b e d e e d A c (B (e e a c) b) C
d e d c a d c a b e d c a b e d c a b e d e e d A c (B (e e a c) b) C
b e b e d c a b e d c a b e d c a b e d e e d A c (B (e e a c) b) C
b e d c a b e d c a b e d c a b e d c a b e d e e d A c (B (e e a c) b) C
d e d c a d c a b e d c a b e d c a b e d c a b e d e e d A c (B (e e a c) b) C
b e b e d c a b e d c a b e d c a b e d c a b e d e e d A c (B (e e a c) b) C
b e d c a b e d c a b e d c a b e d c a b e d c a b e d e e d A c (B (e e a c) b) C
d e d c a d c a b e d c a b e d c a b e d c a b e d c a b e d e e d A c (B (e e a c) b) C
b e b e d c a b e d c a b e d c a b e d c a b e d c a b e d e e d A c (B (e e a c) b) C
b e d c a b e d c a b e d c a b e d c a b e d c a b e d c a b e d e e d A c (B (e e a c) b) C
d e d c a d c a b e d c a b e d c a b e d c a b e d c a b e d c a b e d e e d A c (B (e e a c) b) C
b e b e d c a b e d c a b e d c a b e d c a b e d c a b e d c a b e d e e d A c (B (e e a c) b) C
b e d c a b e d c a b e d c a b e d c a b e d c a b e d c a b e d c a b e d e e d A c (B (e e a c) b) C
d e d c a d c a b e d c a b e d c a b e d c a b e d c a b e d c a b e d c a b e d e e d A c (B (e e a c) b) C
b e b e d c a b e d c a b e d c a b e d c a b e d c a b e d c a b e d c a b e d e e d A c (B (e e a c) b) C
b e d c a b e d c a b e d c a b e d c a b e d c a b e d c a b e d c a b e d c a b e d e e d A c (B (e e a c) b) C
d e d c a d c a b e d c a b e d c a b e d c a b e d c a b e d c a b e d c a b e d c a b e d e e d A c (B (e e a c) b) C
b e b e d c a b e d c a b e d c a b e d c a b e d c a b e d c a b e d c a b e d c a b e d e e d A c (B (e e a c) b) C
b e d c a b e d c a b e d c a b e d c a b e d c a b e d c a b e d c a b e d c a b e d c a b e d e e d A c (B (e e a c) b) C
d e d c a d c a b e d c a b e d c a b e d c a b e d c a b e d c a b e d c a b e d c a b e d c a b e d e e d A c (B (e e a c) b) C
b e b e d c a b e d c a b e d c a b e d c a b e d c a b e d c a b e d c a b e d c a b e d c a b e d e e d A c (B (e e a c) b) C


