main = e A d (c c a a c e b b b d e e)
e g i f h = b i d b i b a
c g f h i = i (e d h g)
a i g f h = d (c g b b b e)
b h f g = c d h a h h e
d h f g = c (e e b c a)
------------------------------------------------------------
e A d (c c a a c e b b b d e e)
e A d (c (e d a c) e b b b d e e)
e A d (b (e d b (e d a c)) b d e e)
e A d (c d (e d b (e d a c)) a (e d b (e d a c)) (e d b (e d a c)) e e e)
e A d (e d b (e d a c) (e d a d) (e d b (e d a c)) e e e)
e A d (b b d b b b a (e d b (e d a c)) e e e)
e A d (c d b a b b e b b a (e d b (e d a c)) e e e)
e A d (b (e d a d) b e b b a (e d b (e d a c)) e e e)
e A d (c d (e d a d) a (e d a d) (e d a d) e b b a (e d b (e d a c)) e e e)
e A d (e d a d (e d a d) (e d a d) e b b a (e d b (e d a c)) e e e)
e A d (b a d b a b a (e d a d) e b b a (e d b (e d a c)) e e e)
e A d (c d a a a a e a b a (e d a d) e b b a (e d b (e d a c)) e e e)
e A d (a (e d a d) a e a b a (e d a d) e b b a (e d b (e d a c)) e e e)
e A d (d (c a b b b e) b a (e d a d) e b b a (e d b (e d a c)) e e e)
e A d (c (e e b c a) (e d a d) e b b a (e d b (e d a c)) e e e)
e A d (b (e d e (e e b c a)) b a (e d b (e d a c)) e e e)
e A d (c d (e d e (e e b c a)) a (e d e (e e b c a)) (e d e (e e b c a)) e (e d b (e d a c)) e e e)
e A d (e d e (e e b c a) (e d a d) (e d e (e e b c a)) e (e d b (e d a c)) e e e)
e A d (b e d b e b a (e d e (e e b c a)) e (e d b (e d a c)) e e e)
e A d (c d e a e e e e b a (e d e (e e b c a)) e (e d b (e d a c)) e e e)
e A d (e (e d a d) e e e b a (e d e (e e b c a)) e (e d b (e d a c)) e e e)
e A d (b e d b e b a b a (e d e (e e b c a)) e (e d b (e d a c)) e e e)
e A d (c d e a e e e e b a b a (e d e (e e b c a)) e (e d b (e d a c)) e e e)
e A d (e (e d a d) e e e b a b a (e d e (e e b c a)) e (e d b (e d a c)) e e e)
e A d (b e d b e b a b a b a (e d e (e e b c a)) e (e d b (e d a c)) e e e)
e A d (c d e a e e e e b a b a b a (e d e (e e b c a)) e (e d b (e d a c)) e e e)
e A d (e (e d a d) e e e b a b a b a (e d e (e e b c a)) e (e d b (e d a c)) e e e)
e A d (b e d b e b a b a b a b a (e d e (e e b c a)) e (e d b (e d a c)) e e e)
e A d (c d e a e e e e b a b a b a b a (e d e (e e b c a)) e (e d b (e d a c)) e e e)
e A d (e (e d a d) e e e b a b a b a b a (e d e (e e b c a)) e (e d b (e d a c)) e e e)


