e f g = g f a g
a f h g = g d (f f d c e)
main = a A B d (C (e b (b a e) d) D e e c)
c f = f b a b d
b h f g = c a c d f
d f i h g = b i b c f a f
------------------------------------------------------------
a A B d (C (e b (b a e) d) D e e c)
d d (A A d c e) (C (e b (b a e) d) D e e c)
d d (A A d c e) (C (b a e b a (b a e) d) D e e c)
d d (A A d c e) (C (c a c d e a (b a e) d) D e e c)
d d (A A d c e) (C (a b a b d c d e a (b a e) d) D e e c)
d d (A A d c e) (C (b d (b b d c e) d c d e a (b a e) d) D e e c)
d d (A A d c e) (C (c a c d (b b d c e) c d e a (b a e) d) D e e c)
d d (A A d c e) (C (a b a b d c d (b b d c e) c d e a (b a e) d) D e e c)
d d (A A d c e) (C (b d (b b d c e) d c d (b b d c e) c d e a (b a e) d) D e e c)
d d (A A d c e) (C (c a c d (b b d c e) c d (b b d c e) c d e a (b a e) d) D e e c)
d d (A A d c e) (C (a b a b d c d (b b d c e) c d (b b d c e) c d e a (b a e) d) D e e c)
d d (A A d c e) (C (b d (b b d c e) d c d (b b d c e) c d (b b d c e) c d e a (b a e) d) D e e c)
d d (A A d c e) (C (c a c d (b b d c e) c d (b b d c e) c d (b b d c e) c d e a (b a e) d) D e e c)
d d (A A d c e) (C (a b a b d c d (b b d c e) c d (b b d c e) c d (b b d c e) c d e a (b a e) d) D e e c)
d d (A A d c e) (C (b d (b b d c e) d c d (b b d c e) c d (b b d c e) c d (b b d c e) c d e a (b a e) d) D e e c)
d d (A A d c e) (C (c a c d (b b d c e) c d (b b d c e) c d (b b d c e) c d (b b d c e) c d e a (b a e) d) D e e c)
d d (A A d c e) (C (a b a b d c d (b b d c e) c d (b b d c e) c d (b b d c e) c d (b b d c e) c d e a (b a e) d) D e e c)
d d (A A d c e) (C (b d (b b d c e) d c d (b b d c e) c d (b b d c e) c d (b b d c e) c d (b b d c e) c d e a (b a e) d) D e e c)
d d (A A d c e) (C (c a c d (b b d c e) c d (b b d c e) c d (b b d c e) c d (b b d c e) c d (b b d c e) c d e a (b a e) d) D e e c)
d d (A A d c e) (C (a b a b d c d (b b d c e) c d (b b d c e) c d (b b d c e) c d (b b d c e) c d (b b d c e) c d e a (b a e) d) D e e c)
d d (A A d c e) (C (b d (b b d c e) d c d (b b d c e) c d (b b d c e) c d (b b d c e) c d (b b d c e) c d (b b d c e) c d e a (b a e) d) D e e c)
d d (A A d c e) (C (c a c d (b b d c e) c d (b b d c e) c d (b b d c e) c d (b b d c e) c d (b b d c e) c d (b b d c e) c d e a (b a e) d) D e e c)
d d (A A d c e) (C (a b a b d c d (b b d c e) c d (b b d c e) c d (b b d c e) c d (b b d c e) c d (b b d c e) c d (b b d c e) c d e a (b a e) d) D e e c)
d d (A A d c e) (C (b d (b b d c e) d c d (b b d c e) c d (b b d c e) c d (b b d c e) c d (b b d c e) c d (b b d c e) c d (b b d c e) c d e a (b a e) d) D e e c)
d d (A A d c e) (C (c a c d (b b d c e) c d (b b d c e) c d (b b d c e) c d (b b d c e) c d (b b d c e) c d (b b d c e) c d (b b d c e) c d e a (b a e) d) D e e c)
d d (A A d c e) (C (a b a b d c d (b b d c e) c d (b b d c e) c d (b b d c e) c d (b b d c e) c d (b b d c e) c d (b b d c e) c d (b b d c e) c d e a (b a e) d) D e e c)
d d (A A d c e) (C (b d (b b d c e) d c d (b b d c e) c d (b b d c e) c d (b b d c e) c d (b b d c e) c d (b b d c e) c d (b b d c e) c d (b b d c e) c d e a (b a e) d) D e e c)
d d (A A d c e) (C (c a c d (b b d c e) c d (b b d c e) c d (b b d c e) c d (b b d c e) c d (b b d c e) c d (b b d c e) c d (b b d c e) c d (b b d c e) c d e a (b a e) d) D e e c)
d d (A A d c e) (C (a b a b d c d (b b d c e) c d (b b d c e) c d (b b d c e) c d (b b d c e) c d (b b d c e) c d (b b d c e) c d (b b d c e) c d (b b d c e) c d e a (b a e) d) D e e c)
d d (A A d c e) (C (b d (b b d c e) d c d (b b d c e) c d (b b d c e) c d (b b d c e) c d (b b d c e) c d (b b d c e) c d (b b d c e) c d (b b d c e) c d (b b d c e) c d e a (b a e) d) D e e c)


