main = d b A d b c B C D c e d (E c F)
d f h g = c (a (f a e a))
e f i g h = a (d c) a b f h
c f h g = a e a b b
b h g f = c e e c c d f
a f h g = b (b d e c d f)
------------------------------------------------------------
d b A d b c B C D c e d (E c F)
c (a (b a e a)) b c B C D c e d (E c F)
a e a b b B C D c e d (E c F)
b (b d e c d e) b B C D c e d (E c F)
c e e c c d B C D c e d (E c F)
a e a b b c d B C D c e d (E c F)
b (b d e c d e) b c d B C D c e d (E c F)
c e e c c d c d B C D c e d (E c F)
a e a b b c d c d B C D c e d (E c F)
b (b d e c d e) b c d c d B C D c e d (E c F)
c e e c c d c d c d B C D c e d (E c F)
a e a b b c d c d c d B C D c e d (E c F)
b (b d e c d e) b c d c d c d B C D c e d (E c F)
c e e c c d c d c d c d B C D c e d (E c F)
a e a b b c d c d c d c d B C D c e d (E c F)
b (b d e c d e) b c d c d c d c d B C D c e d (E c F)
c e e c c d c d c d c d c d B C D c e d (E c F)
a e a b b c d c d c d c d c d B C D c e d (E c F)
b (b d e c d e) b c d c d c d c d c d B C D c e d (E c F)
c e e c c d c d c d c d c d c d B C D c e d (E c F)
a e a b b c d c d c d c d c d c d B C D c e d (E c F)
b (b d e c d e) b c d c d c d c d c d c d B C D c e d (E c F)
c e e c c d c d c d c d c d c d c d B C D c e d (E c F)
a e a b b c d c d c d c d c d c d c d B C D c e d (E c F)
b (b d e c d e) b c d c d c d c d c d c d c d B C D c e d (E c F)
c e e c c d c d c d c d c d c d c d c d B C D c e d (E c F)
a e a b b c d c d c d c d c d c d c d c d B C D c e d (E c F)
b (b d e c d e) b c d c d c d c d c d c d c d c d B C D c e d (E c F)
c e e c c d c d c d c d c d c d c d c d c d B C D c e d (E c F)
a e a b b c d c d c d c d c d c d c d c d c d B C D c e d (E c F)


