e f h i g b f g f a a
a g f g c d
main b b b a b A (c c a c (B d) (c d) C)
c g i f h h b i (d g)
b g f d a c a g (d a)
d g h f b h b e c b a
------------------------------------------------------------
b b b a b A (c c a c (B d) (c d) C)
d a c a b (d a) a b A (c c a c (B d) (c d) C)
b c b e c b a b (d a) a b A (c c a c (B d) (c d) C)
d a c a c (d a) e c b a b (d a) a b A (c c a c (B d) (c d) C)
b c b e c b a c (d a) e c b a b (d a) a b A (c c a c (B d) (c d) C)
d a c a c (d a) e c b a c (d a) e c b a b (d a) a b A (c c a c (B d) (c d) C)
b c b e c b a c (d a) e c b a c (d a) e c b a b (d a) a b A (c c a c (B d) (c d) C)
d a c a c (d a) e c b a c (d a) e c b a c (d a) e c b a b (d a) a b A (c c a c (B d) (c d) C)
b c b e c b a c (d a) e c b a c (d a) e c b a c (d a) e c b a b (d a) a b A (c c a c (B d) (c d) C)
d a c a c (d a) e c b a c (d a) e c b a c (d a) e c b a c (d a) e c b a b (d a) a b A (c c a c (B d) (c d) C)
b c b e c b a c (d a) e c b a c (d a) e c b a c (d a) e c b a c (d a) e c b a b (d a) a b A (c c a c (B d) (c d) C)
d a c a c (d a) e c b a c (d a) e c b a c (d a) e c b a c (d a) e c b a c (d a) e c b a b (d a) a b A (c c a c (B d) (c d) C)
b c b e c b a c (d a) e c b a c (d a) e c b a c (d a) e c b a c (d a) e c b a c (d a) e c b a b (d a) a b A (c c a c (B d) (c d) C)
d a c a c (d a) e c b a c (d a) e c b a c (d a) e c b a c (d a) e c b a c (d a) e c b a c (d a) e c b a b (d a) a b A (c c a c (B d) (c d) C)
b c b e c b a c (d a) e c b a c (d a) e c b a c (d a) e c b a c (d a) e c b a c (d a) e c b a c (d a) e c b a b (d a) a b A (c c a c (B d) (c d) C)
d a c a c (d a) e c b a c (d a) e c b a c (d a) e c b a c (d a) e c b a c (d a) e c b a c (d a) e c b a c (d a) e c b a b (d a) a b A (c c a c (B d) (c d) C)
b c b e c b a c (d a) e c b a c (d a) e c b a c (d a) e c b a c (d a) e c b a c (d a) e c b a c (d a) e c b a c (d a) e c b a b (d a) a b A (c c a c (B d) (c d) C)
d a c a c (d a) e c b a c (d a) e c b a c (d a) e c b a c (d a) e c b a c (d a) e c b a c (d a) e c b a c (d a) e c b a c (d a) e c b a b (d a) a b A (c c a c (B d) (c d) C)
b c b e c b a c (d a) e c b a c (d a) e c b a c (d a) e c b a c (d a) e c b a c (d a) e c b a c (d a) e c b a c (d a) e c b a c (d a) e c b a b (d a) a b A (c c a c (B d) (c d) C)
d a c a c (d a) e c b a c (d a) e c b a c (d a) e c b a c (d a) e c b a c (d a) e c b a c (d a) e c b a c (d a) e c b a c (d a) e c b a c (d a) e c b a b (d a) a b A (c c a c (B d) (c d) C)
b c b e c b a c (d a) e c b a c (d a) e c b a c (d a) e c b a c (d a) e c b a c (d a) e c b a c (d a) e c b a c (d a) e c b a c (d a) e c b a c (d a) e c b a b (d a) a b A (c c a c (B d) (c d) C)
d a c a c (d a) e c b a c (d a) e c b a c (d a) e c b a c (d a) e c b a c (d a) e c b a c (d a) e c b a c (d a) e c b a c (d a) e c b a c (d a) e c b a c (d a) e c b a b (d a) a b A (c c a c (B d) (c d) C)
b c b e c b a c (d a) e c b a c (d a) e c b a c (d a) e c b a c (d a) e c b a c (d a) e c b a c (d a) e c b a c (d a) e c b a c (d a) e c b a c (d a) e c b a c (d a) e c b a b (d a) a b A (c c a c (B d) (c d) C)
d a c a c (d a) e c b a c (d a) e c b a c (d a) e c b a c (d a) e c b a c (d a) e c b a c (d a) e c b a c (d a) e c b a c (d a) e c b a c (d a) e c b a c (d a) e c b a c (d a) e c b a b (d a) a b A (c c a c (B d) (c d) C)
b c b e c b a c (d a) e c b a c (d a) e c b a c (d a) e c b a c (d a) e c b a c (d a) e c b a c (d a) e c b a c (d a) e c b a c (d a) e c b a c (d a) e c b a c (d a) e c b a c (d a) e c b a b (d a) a b A (c c a c (B d) (c d) C)
d a c a c (d a) e c b a c (d a) e c b a c (d a) e c b a c (d a) e c b a c (d a) e c b a c (d a) e c b a c (d a) e c b a c (d a) e c b a c (d a) e c b a c (d a) e c b a c (d a) e c b a c (d a) e c b a b (d a) a b A (c c a c (B d) (c d) C)
b c b e c b a c (d a) e c b a c (d a) e c b a c (d a) e c b a c (d a) e c b a c (d a) e c b a c (d a) e c b a c (d a) e c b a c (d a) e c b a c (d a) e c b a c (d a) e c b a c (d a) e c b a c (d a) e c b a b (d a) a b A (c c a c (B d) (c d) C)
d a c a c (d a) e c b a c (d a) e c b a c (d a) e c b a c (d a) e c b a c (d a) e c b a c (d a) e c b a c (d a) e c b a c (d a) e c b a c (d a) e c b a c (d a) e c b a c (d a) e c b a c (d a) e c b a c (d a) e c b a b (d a) a b A (c c a c (B d) (c d) C)
b c b e c b a c (d a) e c b a c (d a) e c b a c (d a) e c b a c (d a) e c b a c (d a) e c b a c (d a) e c b a c (d a) e c b a c (d a) e c b a c (d a) e c b a c (d a) e c b a c (d a) e c b a c (d a) e c b a c (d a) e c b a b (d a) a b A (c c a c (B d) (c d) C)
d a c a c (d a) e c b a c (d a) e c b a c (d a) e c b a c (d a) e c b a c (d a) e c b a c (d a) e c b a c (d a) e c b a c (d a) e c b a c (d a) e c b a c (d a) e c b a c (d a) e c b a c (d a) e c b a c (d a) e c b a c (d a) e c b a b (d a) a b A (c c a c (B d) (c d) C)


