a d = c
b = c a a a
c = b b a
main = A (B a c c C a b) (D b)
------------------------------------------------------------
A (B a c c C a b) (D b)
A (B a (b b a) c C a b) (D b)
A (B a (c a a a b a) c C a b) (D b)
A (B a (b b a a a a b a) c C a b) (D b)
A (B a (c a a a b a a a a b a) c C a b) (D b)
A (B a (b b a a a a b a a a a b a) c C a b) (D b)
A (B a (c a a a b a a a a b a a a a b a) c C a b) (D b)
A (B a (b b a a a a b a a a a b a a a a b a) c C a b) (D b)
A (B a (c a a a b a a a a b a a a a b a a a a b a) c C a b) (D b)
A (B a (b b a a a a b a a a a b a a a a b a a a a b a) c C a b) (D b)
A (B a (c a a a b a a a a b a a a a b a a a a b a a a a b a) c C a b) (D b)
A (B a (b b a a a a b a a a a b a a a a b a a a a b a a a a b a) c C a b) (D b)
A (B a (c a a a b a a a a b a a a a b a a a a b a a a a b a a a a b a) c C a b) (D b)
A (B a (b b a a a a b a a a a b a a a a b a a a a b a a a a b a a a a b a) c C a b) (D b)
A (B a (c a a a b a a a a b a a a a b a a a a b a a a a b a a a a b a a a a b a) c C a b) (D b)
A (B a (b b a a a a b a a a a b a a a a b a a a a b a a a a b a a a a b a a a a b a) c C a b) (D b)
A (B a (c a a a b a a a a b a a a a b a a a a b a a a a b a a a a b a a a a b a a a a b a) c C a b) (D b)
A (B a (b b a a a a b a a a a b a a a a b a a a a b a a a a b a a a a b a a a a b a a a a b a) c C a b) (D b)
A (B a (c a a a b a a a a b a a a a b a a a a b a a a a b a a a a b a a a a b a a a a b a a a a b a) c C a b) (D b)
A (B a (b b a a a a b a a a a b a a a a b a a a a b a a a a b a a a a b a a a a b a a a a b a a a a b a) c C a b) (D b)
A (B a (c a a a b a a a a b a a a a b a a a a b a a a a b a a a a b a a a a b a a a a b a a a a b a a a a b a) c C a b) (D b)
A (B a (b b a a a a b a a a a b a a a a b a a a a b a a a a b a a a a b a a a a b a a a a b a a a a b a a a a b a) c C a b) (D b)
A (B a (c a a a b a a a a b a a a a b a a a a b a a a a b a a a a b a a a a b a a a a b a a a a b a a a a b a a a a b a) c C a b) (D b)
A (B a (b b a a a a b a a a a b a a a a b a a a a b a a a a b a a a a b a a a a b a a a a b a a a a b a a a a b a a a a b a) c C a b) (D b)
A (B a (c a a a b a a a a b a a a a b a a a a b a a a a b a a a a b a a a a b a a a a b a a a a b a a a a b a a a a b a a a a b a) c C a b) (D b)
A (B a (b b a a a a b a a a a b a a a a b a a a a b a a a a b a a a a b a a a a b a a a a b a a a a b a a a a b a a a a b a a a a b a) c C a b) (D b)
A (B a (c a a a b a a a a b a a a a b a a a a b a a a a b a a a a b a a a a b a a a a b a a a a b a a a a b a a a a b a a a a b a a a a b a) c C a b) (D b)
A (B a (b b a a a a b a a a a b a a a a b a a a a b a a a a b a a a a b a a a a b a a a a b a a a a b a a a a b a a a a b a a a a b a a a a b a) c C a b) (D b)
A (B a (c a a a b a a a a b a a a a b a a a a b a a a a b a a a a b a a a a b a a a a b a a a a b a a a a b a a a a b a a a a b a a a a b a a a a b a) c C a b) (D b)
A (B a (b b a a a a b a a a a b a a a a b a a a a b a a a a b a a a a b a a a a b a a a a b a a a a b a a a a b a a a a b a a a a b a a a a b a a a a b a) c C a b) (D b)


