a = c b b b
b e d = a
c = b a
main = A B (C D E (F G H I c))
------------------------------------------------------------
A B (C D E (F G H I c))
A B (C D E (F G H I (b a)))
A B (C D E (F G H I (b (c b b b))))
A B (C D E (F G H I (b (b a b b b))))
A B (C D E (F G H I (b (a b b))))
A B (C D E (F G H I (b (c b b b b b))))
A B (C D E (F G H I (b (b a b b b b b))))
A B (C D E (F G H I (b (a b b b b))))
A B (C D E (F G H I (b (c b b b b b b b))))
A B (C D E (F G H I (b (b a b b b b b b b))))
A B (C D E (F G H I (b (a b b b b b b))))
A B (C D E (F G H I (b (c b b b b b b b b b))))
A B (C D E (F G H I (b (b a b b b b b b b b b))))
A B (C D E (F G H I (b (a b b b b b b b b))))
A B (C D E (F G H I (b (c b b b b b b b b b b b))))
A B (C D E (F G H I (b (b a b b b b b b b b b b b))))
A B (C D E (F G H I (b (a b b b b b b b b b b))))
A B (C D E (F G H I (b (c b b b b b b b b b b b b b))))
A B (C D E (F G H I (b (b a b b b b b b b b b b b b b))))
A B (C D E (F G H I (b (a b b b b b b b b b b b b))))
A B (C D E (F G H I (b (c b b b b b b b b b b b b b b b))))
A B (C D E (F G H I (b (b a b b b b b b b b b b b b b b b))))
A B (C D E (F G H I (b (a b b b b b b b b b b b b b b))))
A B (C D E (F G H I (b (c b b b b b b b b b b b b b b b b b))))
A B (C D E (F G H I (b (b a b b b b b b b b b b b b b b b b b))))
A B (C D E (F G H I (b (a b b b b b b b b b b b b b b b b))))
A B (C D E (F G H I (b (c b b b b b b b b b b b b b b b b b b b))))
A B (C D E (F G H I (b (b a b b b b b b b b b b b b b b b b b b b))))
A B (C D E (F G H I (b (a b b b b b b b b b b b b b b b b b b))))
A B (C D E (F G H I (b (c b b b b b b b b b b b b b b b b b b b b b))))


