a d = b b
b = c c (c a c)
c = a a a
main = b a A a a b (B C D b)
------------------------------------------------------------
b a A a a b (B C D b)
c c (c a c) a A a a b (B C D b)
a a a c (c a c) a A a a b (B C D b)
b b a c (c a c) a A a a b (B C D b)
c c (c a c) b a c (c a c) a A a a b (B C D b)
a a a c (c a c) b a c (c a c) a A a a b (B C D b)
b b a c (c a c) b a c (c a c) a A a a b (B C D b)
c c (c a c) b a c (c a c) b a c (c a c) a A a a b (B C D b)
a a a c (c a c) b a c (c a c) b a c (c a c) a A a a b (B C D b)
b b a c (c a c) b a c (c a c) b a c (c a c) a A a a b (B C D b)
c c (c a c) b a c (c a c) b a c (c a c) b a c (c a c) a A a a b (B C D b)
a a a c (c a c) b a c (c a c) b a c (c a c) b a c (c a c) a A a a b (B C D b)
b b a c (c a c) b a c (c a c) b a c (c a c) b a c (c a c) a A a a b (B C D b)
c c (c a c) b a c (c a c) b a c (c a c) b a c (c a c) b a c (c a c) a A a a b (B C D b)
a a a c (c a c) b a c (c a c) b a c (c a c) b a c (c a c) b a c (c a c) a A a a b (B C D b)
b b a c (c a c) b a c (c a c) b a c (c a c) b a c (c a c) b a c (c a c) a A a a b (B C D b)
c c (c a c) b a c (c a c) b a c (c a c) b a c (c a c) b a c (c a c) b a c (c a c) a A a a b (B C D b)
a a a c (c a c) b a c (c a c) b a c (c a c) b a c (c a c) b a c (c a c) b a c (c a c) a A a a b (B C D b)
b b a c (c a c) b a c (c a c) b a c (c a c) b a c (c a c) b a c (c a c) b a c (c a c) a A a a b (B C D b)
c c (c a c) b a c (c a c) b a c (c a c) b a c (c a c) b a c (c a c) b a c (c a c) b a c (c a c) a A a a b (B C D b)
a a a c (c a c) b a c (c a c) b a c (c a c) b a c (c a c) b a c (c a c) b a c (c a c) b a c (c a c) a A a a b (B C D b)
b b a c (c a c) b a c (c a c) b a c (c a c) b a c (c a c) b a c (c a c) b a c (c a c) b a c (c a c) a A a a b (B C D b)
c c (c a c) b a c (c a c) b a c (c a c) b a c (c a c) b a c (c a c) b a c (c a c) b a c (c a c) b a c (c a c) a A a a b (B C D b)
a a a c (c a c) b a c (c a c) b a c (c a c) b a c (c a c) b a c (c a c) b a c (c a c) b a c (c a c) b a c (c a c) a A a a b (B C D b)
b b a c (c a c) b a c (c a c) b a c (c a c) b a c (c a c) b a c (c a c) b a c (c a c) b a c (c a c) b a c (c a c) a A a a b (B C D b)
c c (c a c) b a c (c a c) b a c (c a c) b a c (c a c) b a c (c a c) b a c (c a c) b a c (c a c) b a c (c a c) b a c (c a c) a A a a b (B C D b)
a a a c (c a c) b a c (c a c) b a c (c a c) b a c (c a c) b a c (c a c) b a c (c a c) b a c (c a c) b a c (c a c) b a c (c a c) a A a a b (B C D b)
b b a c (c a c) b a c (c a c) b a c (c a c) b a c (c a c) b a c (c a c) b a c (c a c) b a c (c a c) b a c (c a c) b a c (c a c) a A a a b (B C D b)
c c (c a c) b a c (c a c) b a c (c a c) b a c (c a c) b a c (c a c) b a c (c a c) b a c (c a c) b a c (c a c) b a c (c a c) b a c (c a c) a A a a b (B C D b)
a a a c (c a c) b a c (c a c) b a c (c a c) b a c (c a c) b a c (c a c) b a c (c a c) b a c (c a c) b a c (c a c) b a c (c a c) b a c (c a c) a A a a b (B C D b)


