a d = c (b b b b)
b d = a c c c
c = b
main = A B C (c D (E b b b F))
------------------------------------------------------------
A B C (c D (E b b b F))
A B C (b D (E b b b F))
A B C (a c c c (E b b b F))
A B C (c (b b b b) c c (E b b b F))
A B C (b (b b b b) c c (E b b b F))
A B C (a c c c c c (E b b b F))
A B C (c (b b b b) c c c c (E b b b F))
A B C (b (b b b b) c c c c (E b b b F))
A B C (a c c c c c c c (E b b b F))
A B C (c (b b b b) c c c c c c (E b b b F))
A B C (b (b b b b) c c c c c c (E b b b F))
A B C (a c c c c c c c c c (E b b b F))
A B C (c (b b b b) c c c c c c c c (E b b b F))
A B C (b (b b b b) c c c c c c c c (E b b b F))
A B C (a c c c c c c c c c c c (E b b b F))
A B C (c (b b b b) c c c c c c c c c c (E b b b F))
A B C (b (b b b b) c c c c c c c c c c (E b b b F))
A B C (a c c c c c c c c c c c c c (E b b b F))
A B C (c (b b b b) c c c c c c c c c c c c (E b b b F))
A B C (b (b b b b) c c c c c c c c c c c c (E b b b F))
A B C (a c c c c c c c c c c c c c c c (E b b b F))
A B C (c (b b b b) c c c c c c c c c c c c c c (E b b b F))
A B C (b (b b b b) c c c c c c c c c c c c c c (E b b b F))
A B C (a c c c c c c c c c c c c c c c c c (E b b b F))
A B C (c (b b b b) c c c c c c c c c c c c c c c c (E b b b F))
A B C (b (b b b b) c c c c c c c c c c c c c c c c (E b b b F))
A B C (a c c c c c c c c c c c c c c c c c c c (E b b b F))
A B C (c (b b b b) c c c c c c c c c c c c c c c c c c (E b b b F))
A B C (b (b b b b) c c c c c c c c c c c c c c c c c c (E b b b F))
A B C (a c c c c c c c c c c c c c c c c c c c c c (E b b b F))


