a d d d b
b d d c a a c
c d f e b (a b b b)
main b a A b b c (B (C b) D)
------------------------------------------------------------
b a A b b c (B (C b) D)
a c a a c A b b c (B (C b) D)
c c b a a c A b b c (B (C b) D)
b (a b b b) a c A b b c (B (C b) D)
a b b b c a a c a c A b b c (B (C b) D)
b b b b b c a a c a c A b b c (B (C b) D)
b c a a c b b b c a a c a c A b b c (B (C b) D)
c c a a c a a c b b b c a a c a c A b b c (B (C b) D)
b (a b b b) c a a c b b b c a a c a c A b b c (B (C b) D)
a b b b c a a c c a a c b b b c a a c a c A b b c (B (C b) D)
b b b b b c a a c c a a c b b b c a a c a c A b b c (B (C b) D)
b c a a c b b b c a a c c a a c b b b c a a c a c A b b c (B (C b) D)
c c a a c a a c b b b c a a c c a a c b b b c a a c a c A b b c (B (C b) D)
b (a b b b) c a a c b b b c a a c c a a c b b b c a a c a c A b b c (B (C b) D)
a b b b c a a c c a a c b b b c a a c c a a c b b b c a a c a c A b b c (B (C b) D)
b b b b b c a a c c a a c b b b c a a c c a a c b b b c a a c a c A b b c (B (C b) D)
b c a a c b b b c a a c c a a c b b b c a a c c a a c b b b c a a c a c A b b c (B (C b) D)
c c a a c a a c b b b c a a c c a a c b b b c a a c c a a c b b b c a a c a c A b b c (B (C b) D)
b (a b b b) c a a c b b b c a a c c a a c b b b c a a c c a a c b b b c a a c a c A b b c (B (C b) D)
a b b b c a a c c a a c b b b c a a c c a a c b b b c a a c c a a c b b b c a a c a c A b b c (B (C b) D)
b b b b b c a a c c a a c b b b c a a c c a a c b b b c a a c c a a c b b b c a a c a c A b b c (B (C b) D)
b c a a c b b b c a a c c a a c b b b c a a c c a a c b b b c a a c c a a c b b b c a a c a c A b b c (B (C b) D)
c c a a c a a c b b b c a a c c a a c b b b c a a c c a a c b b b c a a c c a a c b b b c a a c a c A b b c (B (C b) D)
b (a b b b) c a a c b b b c a a c c a a c b b b c a a c c a a c b b b c a a c c a a c b b b c a a c a c A b b c (B (C b) D)
a b b b c a a c c a a c b b b c a a c c a a c b b b c a a c c a a c b b b c a a c c a a c b b b c a a c a c A b b c (B (C b) D)
b b b b b c a a c c a a c b b b c a a c c a a c b b b c a a c c a a c b b b c a a c c a a c b b b c a a c a c A b b c (B (C b) D)
b c a a c b b b c a a c c a a c b b b c a a c c a a c b b b c a a c c a a c b b b c a a c c a a c b b b c a a c a c A b b c (B (C b) D)
c c a a c a a c b b b c a a c c a a c b b b c a a c c a a c b b b c a a c c a a c b b b c a a c c a a c b b b c a a c a c A b b c (B (C b) D)
b (a b b b) c a a c b b b c a a c c a a c b b b c a a c c a a c b b b c a a c c a a c b b b c a a c c a a c b b b c a a c a c A b b c (B (C b) D)
a b b b c a a c c a a c b b b c a a c c a a c b b b c a a c c a a c b b b c a a c c a a c b b b c a a c c a a c b b b c a a c a c A b b c (B (C b) D)


